# date=2026-08-27T20:50:42Z
# host=ip-172-31-11-58
# model=Neoverse-N1
# reps=200 processes=9 pinned_cpu=3
# SELFCHECK OK: 1..256 blocks, 3 variants
RES,1,16,dec-basic,18.803,19.004
RES,1,16,dec-fasttail,19.013,19.024
RES,1,16,dec-mem2,25.449,25.602
RES,1,32,dec-basic,29.978,30.405
RES,1,32,dec-fasttail,27.827,27.829
RES,1,32,dec-mem2,42.868,43.141
RES,1,48,dec-basic,40.387,41.606
RES,1,48,dec-fasttail,36.361,36.368
RES,1,48,dec-mem2,61.094,61.430
RES,1,64,dec-basic,40.804,40.806
RES,1,64,dec-fasttail,45.605,45.607
RES,1,64,dec-mem2,79.806,80.165
RES,1,80,dec-basic,51.605,51.608
RES,1,80,dec-fasttail,56.428,56.825
RES,1,80,dec-mem2,94.407,95.493
RES,1,96,dec-basic,62.769,62.771
RES,1,96,dec-fasttail,64.523,64.959
RES,1,96,dec-mem2,112.606,113.047
RES,1,112,dec-basic,74.292,74.769
RES,1,112,dec-fasttail,72.008,72.485
RES,1,112,dec-mem2,129.705,130.621
RES,1,128,dec-basic,69.008,69.013
RES,1,128,dec-fasttail,82.686,83.223
RES,1,128,dec-mem2,73.304,73.801
# SELFCHECK OK: 1..256 blocks, 3 variants
RES,2,16,dec-basic,18.803,19.003
RES,2,16,dec-fasttail,19.013,19.024
RES,2,16,dec-mem2,25.467,25.603
RES,2,32,dec-basic,29.994,30.410
RES,2,32,dec-fasttail,27.827,27.831
RES,2,32,dec-mem2,42.867,43.143
RES,2,48,dec-basic,41.046,41.606
RES,2,48,dec-fasttail,36.365,36.368
RES,2,48,dec-mem2,61.099,61.434
RES,2,64,dec-basic,40.804,40.806
RES,2,64,dec-fasttail,45.605,45.607
RES,2,64,dec-mem2,79.806,80.166
RES,2,80,dec-basic,51.606,51.611
RES,2,80,dec-fasttail,56.428,56.828
RES,2,80,dec-mem2,94.407,95.491
RES,2,96,dec-basic,62.769,62.782
RES,2,96,dec-fasttail,64.523,64.960
RES,2,96,dec-mem2,112.608,113.049
RES,2,112,dec-basic,74.292,74.750
RES,2,112,dec-fasttail,72.008,72.463
RES,2,112,dec-mem2,129.229,130.672
RES,2,128,dec-basic,69.009,69.499
RES,2,128,dec-fasttail,82.701,83.201
RES,2,128,dec-mem2,73.304,73.775
# SELFCHECK OK: 1..256 blocks, 3 variants
RES,3,16,dec-basic,18.803,19.004
RES,3,16,dec-fasttail,19.013,19.024
RES,3,16,dec-mem2,25.455,25.602
RES,3,32,dec-basic,30.161,30.405
RES,3,32,dec-fasttail,27.827,27.829
RES,3,32,dec-mem2,42.864,43.128
RES,3,48,dec-basic,41.205,41.606
RES,3,48,dec-fasttail,36.363,36.368
RES,3,48,dec-mem2,61.113,61.416
RES,3,64,dec-basic,40.804,40.806
RES,3,64,dec-fasttail,45.606,45.607
RES,3,64,dec-mem2,79.807,80.146
RES,3,80,dec-basic,51.606,51.607
RES,3,80,dec-fasttail,56.428,56.800
RES,3,80,dec-mem2,94.407,95.521
RES,3,96,dec-basic,62.769,63.180
RES,3,96,dec-fasttail,64.523,64.785
RES,3,96,dec-mem2,112.608,113.029
RES,3,112,dec-basic,74.291,74.739
RES,3,112,dec-fasttail,72.008,72.457
RES,3,112,dec-mem2,129.685,130.700
RES,3,128,dec-basic,69.008,69.012
RES,3,128,dec-fasttail,82.706,83.194
RES,3,128,dec-mem2,73.303,73.768
# SELFCHECK OK: 1..256 blocks, 3 variants
RES,4,16,dec-basic,18.803,19.004
RES,4,16,dec-fasttail,19.013,19.024
RES,4,16,dec-mem2,25.485,25.602
RES,4,32,dec-basic,29.888,30.405
RES,4,32,dec-fasttail,27.827,27.829
RES,4,32,dec-mem2,42.867,43.127
RES,4,48,dec-basic,41.205,41.606
RES,4,48,dec-fasttail,36.354,36.368
RES,4,48,dec-mem2,61.115,61.430
RES,4,64,dec-basic,40.804,40.806
RES,4,64,dec-fasttail,45.306,45.607
RES,4,64,dec-mem2,79.805,80.159
RES,4,80,dec-basic,51.606,51.607
RES,4,80,dec-fasttail,56.428,56.801
RES,4,80,dec-mem2,94.407,95.400
RES,4,96,dec-basic,62.769,63.178
RES,4,96,dec-fasttail,64.523,64.786
RES,4,96,dec-mem2,112.609,113.046
RES,4,112,dec-basic,74.291,74.743
RES,4,112,dec-fasttail,72.007,72.458
RES,4,112,dec-mem2,129.700,130.646
RES,4,128,dec-basic,69.008,69.010
RES,4,128,dec-fasttail,82.704,83.194
RES,4,128,dec-mem2,73.303,73.757
# SELFCHECK OK: 1..256 blocks, 3 variants
RES,5,16,dec-basic,18.803,19.004
RES,5,16,dec-fasttail,19.013,19.024
RES,5,16,dec-mem2,25.475,25.601
RES,5,32,dec-basic,29.902,30.405
RES,5,32,dec-fasttail,27.827,27.829
RES,5,32,dec-mem2,42.868,43.124
RES,5,48,dec-basic,40.807,41.606
RES,5,48,dec-fasttail,36.367,36.368
RES,5,48,dec-mem2,61.098,61.434
RES,5,64,dec-basic,40.804,40.806
RES,5,64,dec-fasttail,45.605,45.607
RES,5,64,dec-mem2,79.806,80.163
RES,5,80,dec-basic,51.606,51.607
RES,5,80,dec-fasttail,56.428,56.800
RES,5,80,dec-mem2,94.407,95.499
RES,5,96,dec-basic,62.769,62.774
RES,5,96,dec-fasttail,64.523,64.785
RES,5,96,dec-mem2,112.608,113.047
RES,5,112,dec-basic,74.291,74.742
RES,5,112,dec-fasttail,72.007,72.459
RES,5,112,dec-mem2,129.709,130.760
RES,5,128,dec-basic,69.008,69.019
RES,5,128,dec-fasttail,82.699,83.201
RES,5,128,dec-mem2,73.303,73.794
# SELFCHECK OK: 1..256 blocks, 3 variants
RES,6,16,dec-basic,18.803,19.004
RES,6,16,dec-fasttail,19.013,19.024
RES,6,16,dec-mem2,25.480,25.601
RES,6,32,dec-basic,30.404,30.405
RES,6,32,dec-fasttail,27.827,27.829
RES,6,32,dec-mem2,42.869,43.125
RES,6,48,dec-basic,41.172,41.606
RES,6,48,dec-fasttail,36.359,36.368
RES,6,48,dec-mem2,61.095,61.421
RES,6,64,dec-basic,40.804,40.806
RES,6,64,dec-fasttail,45.605,45.607
RES,6,64,dec-mem2,79.807,80.161
RES,6,80,dec-basic,51.606,51.607
RES,6,80,dec-fasttail,56.428,56.438
RES,6,80,dec-mem2,94.807,95.206
RES,6,96,dec-basic,62.769,62.786
RES,6,96,dec-fasttail,64.523,64.786
RES,6,96,dec-mem2,112.309,112.750
RES,6,112,dec-basic,74.292,74.297
RES,6,112,dec-fasttail,72.008,72.013
RES,6,112,dec-mem2,129.860,131.028
RES,6,128,dec-basic,69.008,69.010
RES,6,128,dec-fasttail,82.705,83.193
RES,6,128,dec-mem2,73.508,73.512
# SELFCHECK OK: 1..256 blocks, 3 variants
RES,7,16,dec-basic,18.803,19.004
RES,7,16,dec-fasttail,19.013,19.024
RES,7,16,dec-mem2,25.504,25.602
RES,7,32,dec-basic,30.045,30.405
RES,7,32,dec-fasttail,27.827,27.829
RES,7,32,dec-mem2,42.827,43.123
RES,7,48,dec-basic,40.807,41.606
RES,7,48,dec-fasttail,36.355,36.368
RES,7,48,dec-mem2,61.110,61.418
RES,7,64,dec-basic,40.804,40.806
RES,7,64,dec-fasttail,45.605,45.606
RES,7,64,dec-mem2,79.793,80.169
RES,7,80,dec-basic,51.606,51.607
RES,7,80,dec-fasttail,56.428,56.439
RES,7,80,dec-mem2,94.407,95.606
RES,7,96,dec-basic,62.769,63.183
RES,7,96,dec-fasttail,64.523,64.934
RES,7,96,dec-mem2,112.608,113.055
RES,7,112,dec-basic,74.291,74.741
RES,7,112,dec-fasttail,72.007,72.393
RES,7,112,dec-mem2,129.696,130.759
RES,7,128,dec-basic,69.009,69.010
RES,7,128,dec-fasttail,82.701,83.202
RES,7,128,dec-mem2,73.303,73.311
# SELFCHECK OK: 1..256 blocks, 3 variants
RES,8,16,dec-basic,18.803,19.004
RES,8,16,dec-fasttail,19.013,19.024
RES,8,16,dec-mem2,25.479,25.601
RES,8,32,dec-basic,29.932,30.405
RES,8,32,dec-fasttail,27.827,27.829
RES,8,32,dec-mem2,42.869,43.130
RES,8,48,dec-basic,40.831,41.610
RES,8,48,dec-fasttail,36.362,36.368
RES,8,48,dec-mem2,61.091,61.414
RES,8,64,dec-basic,40.804,40.806
RES,8,64,dec-fasttail,45.605,45.607
RES,8,64,dec-mem2,79.806,80.161
RES,8,80,dec-basic,51.605,51.607
RES,8,80,dec-fasttail,56.428,56.439
RES,8,80,dec-mem2,94.807,95.189
RES,8,96,dec-basic,62.769,62.771
RES,8,96,dec-fasttail,64.523,64.785
RES,8,96,dec-mem2,112.308,112.756
RES,8,112,dec-basic,74.291,74.300
RES,8,112,dec-fasttail,72.008,72.012
RES,8,112,dec-mem2,129.887,130.983
RES,8,128,dec-basic,69.008,69.010
RES,8,128,dec-fasttail,82.701,83.224
RES,8,128,dec-mem2,73.508,73.516
# SELFCHECK OK: 1..256 blocks, 3 variants
RES,9,16,dec-basic,18.803,19.004
RES,9,16,dec-fasttail,19.013,19.024
RES,9,16,dec-mem2,25.447,25.601
RES,9,32,dec-basic,30.404,30.405
RES,9,32,dec-fasttail,27.827,27.829
RES,9,32,dec-mem2,42.867,43.116
RES,9,48,dec-basic,41.205,41.606
RES,9,48,dec-fasttail,36.366,36.368
RES,9,48,dec-mem2,61.106,61.417
RES,9,64,dec-basic,40.804,40.806
RES,9,64,dec-fasttail,45.605,45.607
RES,9,64,dec-mem2,79.806,80.149
RES,9,80,dec-basic,51.605,51.611
RES,9,80,dec-fasttail,56.428,56.442
RES,9,80,dec-mem2,94.407,95.314
RES,9,96,dec-basic,62.769,63.157
RES,9,96,dec-fasttail,64.523,64.912
RES,9,96,dec-mem2,112.607,113.034
RES,9,112,dec-basic,74.291,74.735
RES,9,112,dec-fasttail,72.007,72.431
RES,9,112,dec-mem2,129.634,130.684
RES,9,128,dec-basic,69.008,69.010
RES,9,128,dec-fasttail,82.686,83.201
RES,9,128,dec-mem2,73.303,73.311
DONE: 9 correctness gates
