# date=2026-08-27T19:17:19Z
# host=ip-172-31-44-56
# model=Neoverse-V2
# reps=160 processes=7 pinned_cpu=3
file,sha256,text_bytes
x8-enc.o,78605a647e192cc843d63e5ce89ba72ccd1788acc748f900edc54a9aad6b15d3,8624
x8-dec.o,67b973958a85e2d22bc580de78338726033a6ca014de682cf1ad0b96eb44dc94,5960
jenc-basic.o,6bf67814c5bd307443fa4243487852774007a03a27bd5c3045c9c9a5f9f349a8,3416
jenc-dual_acc.o,966d7c853822aacf9850734f4777833380b119946732302d0be165263f62fb99,1940
jenc-fast_tail.o,2a2cbd57b79bd274c698b2c26a08bc5500b7794338f3e9a428229d48ab0ad59b,4380
jenc-reload_round_keys_partial.o,d6151bb5d4314ed7a6f2cf632f70cca95a11978fcd78281feeae1b674a7c9938,3544
jenc-scalar_iv_mem2_late_tag.o,ba582625f86619e917388158c25dd44c365caa7dd7da6bbb8bc568ed79e41126,4252
jenc-scalar_iv_mem2_late_tag_fast_tail.o,091e8947381102005a4e16b1bebaae140b9f87be55908858d97748a20156e0fd,4596
jenc-scalar_iv_mem_late_tag_scalar_rk.o,8417a714dad9e7dabe037f849f510400c9ae693a2fe1821bbcf8f39b730dc36c,3864
jdec-basic.o,613a41fe0c8dab5873b66e97ad0258853bb6d225aa41416ba902f0f239f221a7,1944
jdec-scalar_iv_mem2_late_tag.o,558e532ee85b1f10590f4d6aa1ca98163830a3727cfd6a44043549d2b665971f,3584
# SELFCHECK OK: 1..256 blocks, 8 variants
RES,1,16,enc-x8,12.853,12.879
RES,1,16,enc-basic,11.125,11.139
RES,1,16,enc-dual,11.114,11.118
RES,1,16,enc-fasttail,10.930,10.949
RES,1,16,enc-reload,11.065,11.069
RES,1,16,enc-mem2,28.650,29.046
RES,1,16,enc-mem2tail,28.021,30.259
RES,1,16,enc-scalarrk,26.892,27.187
RES,1,32,enc-x8,13.969,14.005
RES,1,32,enc-basic,18.554,18.622
RES,1,32,enc-dual,18.601,18.608
RES,1,32,enc-fasttail,13.786,13.825
RES,1,32,enc-reload,18.613,18.620
RES,1,32,enc-mem2,36.232,36.624
RES,1,32,enc-mem2tail,29.169,29.369
RES,1,32,enc-scalarrk,34.613,34.916
RES,1,48,enc-x8,17.573,17.585
RES,1,48,enc-basic,26.041,26.175
RES,1,48,enc-dual,26.038,26.141
RES,1,48,enc-fasttail,17.652,17.940
RES,1,48,enc-reload,25.763,26.172
RES,1,48,enc-mem2,43.557,44.539
RES,1,48,enc-mem2tail,31.018,31.478
RES,1,48,enc-scalarrk,41.890,42.276
RES,1,64,enc-x8,18.702,19.128
RES,1,64,enc-basic,24.148,24.243
RES,1,64,enc-dual,20.183,20.494
RES,1,64,enc-fasttail,20.745,20.785
RES,1,64,enc-reload,24.158,24.833
RES,1,64,enc-mem2,34.013,36.060
RES,1,64,enc-mem2tail,35.028,35.305
RES,1,64,enc-scalarrk,36.315,36.924
RES,1,80,enc-x8,26.524,26.649
RES,1,80,enc-basic,31.176,31.463
RES,1,80,enc-dual,27.417,27.824
RES,1,80,enc-fasttail,27.865,27.893
RES,1,80,enc-reload,31.109,31.466
RES,1,80,enc-mem2,48.931,49.239
RES,1,80,enc-mem2tail,49.564,49.931
RES,1,80,enc-scalarrk,43.721,44.117
RES,1,96,enc-x8,27.570,27.663
RES,1,96,enc-basic,38.601,38.855
RES,1,96,enc-dual,34.488,34.752
RES,1,96,enc-fasttail,30.581,30.615
RES,1,96,enc-reload,38.556,38.954
RES,1,96,enc-mem2,54.295,56.032
RES,1,96,enc-mem2tail,50.714,50.930
RES,1,96,enc-scalarrk,51.248,51.665
RES,1,112,enc-x8,28.384,28.443
RES,1,112,enc-basic,45.787,45.962
RES,1,112,enc-dual,42.053,42.140
RES,1,112,enc-fasttail,34.696,34.748
RES,1,112,enc-reload,45.723,45.995
RES,1,112,enc-mem2,63.883,64.250
RES,1,112,enc-mem2tail,51.487,51.612
RES,1,112,enc-scalarrk,58.684,59.171
RES,1,128,enc-x8,26.809,26.855
RES,1,128,enc-basic,34.755,34.804
RES,1,128,enc-dual,35.424,36.167
RES,1,128,enc-fasttail,35.865,36.298
RES,1,128,enc-reload,35.673,35.813
RES,1,128,enc-mem2,51.835,51.898
RES,1,128,enc-mem2tail,51.466,51.800
RES,1,128,enc-scalarrk,45.418,45.749
# SELFCHECK OK: 1..256 blocks, 3 variants
RES,1,16,dec-x8,12.524,12.560
RES,1,16,dec-basic,11.122,11.128
RES,1,16,dec-mem2,20.313,20.383
RES,1,32,dec-x8,13.193,13.200
RES,1,32,dec-basic,18.569,18.631
RES,1,32,dec-mem2,35.190,35.441
RES,1,48,dec-x8,15.101,15.188
RES,1,48,dec-basic,26.055,26.158
RES,1,48,dec-mem2,49.723,50.097
RES,1,64,dec-x8,18.292,18.342
RES,1,64,dec-basic,18.481,18.801
RES,1,64,dec-mem2,62.762,64.558
RES,1,80,dec-x8,26.013,26.049
RES,1,80,dec-basic,24.003,24.029
RES,1,80,dec-mem2,77.704,81.992
RES,1,96,dec-x8,26.915,26.960
RES,1,96,dec-basic,30.265,30.393
RES,1,96,dec-mem2,92.674,95.916
RES,1,112,dec-x8,27.492,27.544
RES,1,112,dec-basic,37.307,37.378
RES,1,112,dec-mem2,108.090,109.813
RES,1,128,dec-x8,25.615,25.644
RES,1,128,dec-basic,32.645,33.009
RES,1,128,dec-mem2,48.004,49.593
# SELFCHECK OK: 1..256 blocks, 8 variants
RES,2,16,enc-x8,12.843,12.877
RES,2,16,enc-basic,11.125,11.142
RES,2,16,enc-dual,11.112,11.118
RES,2,16,enc-fasttail,10.939,10.950
RES,2,16,enc-reload,11.065,11.069
RES,2,16,enc-mem2,28.242,28.657
RES,2,16,enc-mem2tail,28.440,30.477
RES,2,16,enc-scalarrk,26.888,27.149
RES,2,32,enc-x8,13.977,14.005
RES,2,32,enc-basic,18.555,18.621
RES,2,32,enc-dual,18.602,18.609
RES,2,32,enc-fasttail,13.785,13.812
RES,2,32,enc-reload,18.612,18.656
RES,2,32,enc-mem2,36.018,36.588
RES,2,32,enc-mem2tail,29.645,30.240
RES,2,32,enc-scalarrk,34.641,35.172
RES,2,48,enc-x8,17.566,17.586
RES,2,48,enc-basic,26.036,26.254
RES,2,48,enc-dual,26.039,26.140
RES,2,48,enc-fasttail,17.635,17.888
RES,2,48,enc-reload,25.723,26.189
RES,2,48,enc-mem2,43.922,44.446
RES,2,48,enc-mem2tail,30.009,32.209
RES,2,48,enc-scalarrk,41.993,42.564
RES,2,64,enc-x8,18.704,19.129
RES,2,64,enc-basic,24.150,24.241
RES,2,64,enc-dual,20.184,20.465
RES,2,64,enc-fasttail,20.752,20.785
RES,2,64,enc-reload,24.156,24.835
RES,2,64,enc-mem2,35.167,35.432
RES,2,64,enc-mem2tail,35.033,35.965
RES,2,64,enc-scalarrk,36.290,36.925
RES,2,80,enc-x8,26.603,26.649
RES,2,80,enc-basic,31.174,31.216
RES,2,80,enc-dual,27.413,27.830
RES,2,80,enc-fasttail,27.869,27.893
RES,2,80,enc-reload,31.159,31.904
RES,2,80,enc-mem2,49.767,49.897
RES,2,80,enc-mem2tail,49.263,50.553
RES,2,80,enc-scalarrk,43.739,44.279
RES,2,96,enc-x8,27.593,27.663
RES,2,96,enc-basic,38.621,38.859
RES,2,96,enc-dual,34.483,34.751
RES,2,96,enc-fasttail,30.582,30.618
RES,2,96,enc-reload,38.622,39.183
RES,2,96,enc-mem2,56.052,56.958
RES,2,96,enc-mem2tail,50.263,50.320
RES,2,96,enc-scalarrk,50.997,51.473
RES,2,112,enc-x8,28.377,28.439
RES,2,112,enc-basic,45.794,45.835
RES,2,112,enc-dual,42.051,42.120
RES,2,112,enc-fasttail,34.696,35.060
RES,2,112,enc-reload,45.723,46.322
RES,2,112,enc-mem2,64.804,65.117
RES,2,112,enc-mem2tail,51.506,51.816
RES,2,112,enc-scalarrk,58.589,58.890
RES,2,128,enc-x8,26.804,26.986
RES,2,128,enc-basic,34.760,34.805
RES,2,128,enc-dual,35.397,35.576
RES,2,128,enc-fasttail,35.863,36.182
RES,2,128,enc-reload,35.679,35.813
RES,2,128,enc-mem2,52.144,52.583
RES,2,128,enc-mem2tail,49.790,50.316
RES,2,128,enc-scalarrk,45.464,45.719
# SELFCHECK OK: 1..256 blocks, 3 variants
RES,2,16,dec-x8,12.547,12.559
RES,2,16,dec-basic,11.123,11.128
RES,2,16,dec-mem2,20.313,20.391
RES,2,32,dec-x8,13.195,13.201
RES,2,32,dec-basic,18.589,18.630
RES,2,32,dec-mem2,35.229,35.712
RES,2,48,dec-x8,15.133,15.198
RES,2,48,dec-basic,26.055,26.158
RES,2,48,dec-mem2,49.856,50.757
RES,2,64,dec-x8,18.285,18.340
RES,2,64,dec-basic,18.479,18.687
RES,2,64,dec-mem2,62.776,64.455
RES,2,80,dec-x8,26.019,26.145
RES,2,80,dec-basic,23.993,24.017
RES,2,80,dec-mem2,78.037,79.759
RES,2,96,dec-x8,26.920,26.959
RES,2,96,dec-basic,30.271,30.427
RES,2,96,dec-mem2,92.794,95.493
RES,2,112,dec-x8,27.506,27.543
RES,2,112,dec-basic,37.291,37.328
RES,2,112,dec-mem2,108.361,110.832
RES,2,128,dec-x8,25.547,25.709
RES,2,128,dec-basic,32.636,32.730
RES,2,128,dec-mem2,48.016,48.559
# SELFCHECK OK: 1..256 blocks, 8 variants
RES,3,16,enc-x8,12.834,12.877
RES,3,16,enc-basic,11.125,11.142
RES,3,16,enc-dual,11.113,11.118
RES,3,16,enc-fasttail,10.932,10.949
RES,3,16,enc-reload,11.066,11.069
RES,3,16,enc-mem2,28.716,29.085
RES,3,16,enc-mem2tail,28.936,30.960
RES,3,16,enc-scalarrk,26.893,27.160
RES,3,32,enc-x8,13.960,14.005
RES,3,32,enc-basic,18.553,18.622
RES,3,32,enc-dual,18.603,18.608
RES,3,32,enc-fasttail,13.784,13.817
RES,3,32,enc-reload,18.614,18.656
RES,3,32,enc-mem2,36.377,36.617
RES,3,32,enc-mem2tail,28.994,30.044
RES,3,32,enc-scalarrk,34.649,35.032
RES,3,48,enc-x8,17.574,17.783
RES,3,48,enc-basic,26.040,26.141
RES,3,48,enc-dual,26.038,26.139
RES,3,48,enc-fasttail,17.611,17.736
RES,3,48,enc-reload,25.735,26.169
RES,3,48,enc-mem2,43.560,44.762
RES,3,48,enc-mem2tail,30.591,31.999
RES,3,48,enc-scalarrk,41.943,42.553
RES,3,64,enc-x8,18.691,19.132
RES,3,64,enc-basic,24.141,24.244
RES,3,64,enc-dual,20.263,20.738
RES,3,64,enc-fasttail,20.748,20.789
RES,3,64,enc-reload,24.155,24.858
RES,3,64,enc-mem2,34.825,35.398
RES,3,64,enc-mem2tail,35.671,36.054
RES,3,64,enc-scalarrk,36.251,36.611
RES,3,80,enc-x8,26.602,26.642
RES,3,80,enc-basic,31.172,31.213
RES,3,80,enc-dual,27.412,27.824
RES,3,80,enc-fasttail,27.872,27.896
RES,3,80,enc-reload,31.126,31.895
RES,3,80,enc-mem2,49.253,49.655
RES,3,80,enc-mem2tail,49.484,50.871
RES,3,80,enc-scalarrk,43.650,44.256
RES,3,96,enc-x8,27.591,27.660
RES,3,96,enc-basic,38.636,38.862
RES,3,96,enc-dual,34.490,34.753
RES,3,96,enc-fasttail,30.580,30.617
RES,3,96,enc-reload,38.614,39.197
RES,3,96,enc-mem2,55.814,56.607
RES,3,96,enc-mem2tail,50.377,50.428
RES,3,96,enc-scalarrk,51.118,51.751
RES,3,112,enc-x8,28.373,28.438
RES,3,112,enc-basic,45.792,45.920
RES,3,112,enc-dual,42.074,42.119
RES,3,112,enc-fasttail,34.692,34.747
RES,3,112,enc-reload,45.740,46.324
RES,3,112,enc-mem2,64.073,64.423
RES,3,112,enc-mem2tail,51.634,52.009
RES,3,112,enc-scalarrk,58.364,59.172
RES,3,128,enc-x8,26.809,26.847
RES,3,128,enc-basic,34.751,34.803
RES,3,128,enc-dual,35.403,35.861
RES,3,128,enc-fasttail,35.860,36.190
RES,3,128,enc-reload,35.660,35.805
RES,3,128,enc-mem2,52.722,53.198
RES,3,128,enc-mem2tail,50.087,50.357
RES,3,128,enc-scalarrk,45.432,45.748
# SELFCHECK OK: 1..256 blocks, 3 variants
RES,3,16,dec-x8,12.527,12.560
RES,3,16,dec-basic,11.123,11.128
RES,3,16,dec-mem2,20.324,20.428
RES,3,32,dec-x8,13.195,13.201
RES,3,32,dec-basic,18.574,18.630
RES,3,32,dec-mem2,35.204,35.592
RES,3,48,dec-x8,15.146,15.199
RES,3,48,dec-basic,26.057,26.158
RES,3,48,dec-mem2,49.832,50.301
RES,3,64,dec-x8,18.285,18.346
RES,3,64,dec-basic,18.469,18.531
RES,3,64,dec-mem2,62.820,64.526
RES,3,80,dec-x8,26.013,26.055
RES,3,80,dec-basic,24.003,24.342
RES,3,80,dec-mem2,77.832,79.995
RES,3,96,dec-x8,26.937,27.031
RES,3,96,dec-basic,30.274,30.701
RES,3,96,dec-mem2,92.753,94.730
RES,3,112,dec-x8,27.470,27.546
RES,3,112,dec-basic,37.310,37.349
RES,3,112,dec-mem2,108.154,109.951
RES,3,128,dec-x8,25.621,25.646
RES,3,128,dec-basic,32.649,33.081
RES,3,128,dec-mem2,48.001,48.494
# SELFCHECK OK: 1..256 blocks, 8 variants
RES,4,16,enc-x8,12.860,12.878
RES,4,16,enc-basic,11.125,11.139
RES,4,16,enc-dual,11.113,11.118
RES,4,16,enc-fasttail,10.929,10.949
RES,4,16,enc-reload,11.064,11.069
RES,4,16,enc-mem2,28.525,28.901
RES,4,16,enc-mem2tail,28.579,30.392
RES,4,16,enc-scalarrk,26.891,27.158
RES,4,32,enc-x8,13.979,14.234
RES,4,32,enc-basic,18.556,18.624
RES,4,32,enc-dual,18.603,18.608
RES,4,32,enc-fasttail,13.786,13.813
RES,4,32,enc-reload,18.612,18.653
RES,4,32,enc-mem2,36.151,36.400
RES,4,32,enc-mem2tail,28.995,30.154
RES,4,32,enc-scalarrk,34.675,35.218
RES,4,48,enc-x8,17.575,17.786
RES,4,48,enc-basic,26.034,26.138
RES,4,48,enc-dual,26.042,26.175
RES,4,48,enc-fasttail,17.637,17.738
RES,4,48,enc-reload,25.720,26.192
RES,4,48,enc-mem2,43.835,44.548
RES,4,48,enc-mem2tail,31.073,32.231
RES,4,48,enc-scalarrk,41.537,42.184
RES,4,64,enc-x8,18.700,18.716
RES,4,64,enc-basic,24.142,24.241
RES,4,64,enc-dual,20.209,20.511
RES,4,64,enc-fasttail,20.749,20.788
RES,4,64,enc-reload,24.152,24.395
RES,4,64,enc-mem2,34.794,35.542
RES,4,64,enc-mem2tail,35.035,35.168
RES,4,64,enc-scalarrk,36.245,36.908
RES,4,80,enc-x8,26.587,26.643
RES,4,80,enc-basic,31.178,31.451
RES,4,80,enc-dual,27.408,27.828
RES,4,80,enc-fasttail,27.865,27.895
RES,4,80,enc-reload,31.111,31.440
RES,4,80,enc-mem2,50.040,50.229
RES,4,80,enc-mem2tail,49.269,50.803
RES,4,80,enc-scalarrk,43.699,44.227
RES,4,96,enc-x8,27.565,27.658
RES,4,96,enc-basic,38.631,38.861
RES,4,96,enc-dual,34.490,34.759
RES,4,96,enc-fasttail,30.577,30.620
RES,4,96,enc-reload,38.618,38.746
RES,4,96,enc-mem2,57.256,57.571
RES,4,96,enc-mem2tail,50.175,50.244
RES,4,96,enc-scalarrk,51.179,51.525
RES,4,112,enc-x8,28.362,28.524
RES,4,112,enc-basic,45.795,45.951
RES,4,112,enc-dual,42.056,42.139
RES,4,112,enc-fasttail,34.700,34.767
RES,4,112,enc-reload,45.724,45.937
RES,4,112,enc-mem2,64.681,65.315
RES,4,112,enc-mem2tail,51.494,51.802
RES,4,112,enc-scalarrk,58.409,59.193
RES,4,128,enc-x8,26.805,26.857
RES,4,128,enc-basic,34.744,34.811
RES,4,128,enc-dual,35.393,35.525
RES,4,128,enc-fasttail,35.843,35.904
RES,4,128,enc-reload,35.704,35.808
RES,4,128,enc-mem2,51.664,52.214
RES,4,128,enc-mem2tail,50.215,51.027
RES,4,128,enc-scalarrk,45.418,45.651
# SELFCHECK OK: 1..256 blocks, 3 variants
RES,4,16,dec-x8,12.525,12.560
RES,4,16,dec-basic,11.123,11.128
RES,4,16,dec-mem2,21.375,21.820
RES,4,32,dec-x8,13.192,13.201
RES,4,32,dec-basic,18.575,18.631
RES,4,32,dec-mem2,36.024,36.684
RES,4,48,dec-x8,15.142,15.200
RES,4,48,dec-basic,26.055,26.158
RES,4,48,dec-mem2,50.511,51.626
RES,4,64,dec-x8,18.286,18.345
RES,4,64,dec-basic,18.473,18.802
RES,4,64,dec-mem2,62.763,64.339
RES,4,80,dec-x8,26.016,26.053
RES,4,80,dec-basic,23.993,24.334
RES,4,80,dec-mem2,77.886,79.355
RES,4,96,dec-x8,26.922,26.960
RES,4,96,dec-basic,30.274,30.448
RES,4,96,dec-mem2,92.817,94.637
RES,4,112,dec-x8,27.491,27.542
RES,4,112,dec-basic,37.293,37.455
RES,4,112,dec-mem2,108.230,109.733
RES,4,128,dec-x8,25.559,25.643
RES,4,128,dec-basic,32.641,32.744
RES,4,128,dec-mem2,46.550,47.310
# SELFCHECK OK: 1..256 blocks, 8 variants
RES,5,16,enc-x8,12.849,12.876
RES,5,16,enc-basic,11.124,11.140
RES,5,16,enc-dual,11.114,11.118
RES,5,16,enc-fasttail,10.934,10.950
RES,5,16,enc-reload,11.065,11.068
RES,5,16,enc-mem2,28.344,28.658
RES,5,16,enc-mem2tail,28.885,29.392
RES,5,16,enc-scalarrk,26.889,27.053
RES,5,32,enc-x8,13.983,14.007
RES,5,32,enc-basic,18.556,18.622
RES,5,32,enc-dual,18.603,18.608
RES,5,32,enc-fasttail,13.782,13.810
RES,5,32,enc-reload,18.611,18.621
RES,5,32,enc-mem2,36.126,36.596
RES,5,32,enc-mem2tail,29.645,30.191
RES,5,32,enc-scalarrk,34.623,34.903
RES,5,48,enc-x8,17.573,17.586
RES,5,48,enc-basic,26.043,26.144
RES,5,48,enc-dual,26.105,26.139
RES,5,48,enc-fasttail,17.635,17.968
RES,5,48,enc-reload,25.763,26.172
RES,5,48,enc-mem2,44.129,44.481
RES,5,48,enc-mem2tail,31.105,32.210
RES,5,48,enc-scalarrk,41.992,42.524
RES,5,64,enc-x8,18.702,19.132
RES,5,64,enc-basic,24.150,24.244
RES,5,64,enc-dual,20.183,20.527
RES,5,64,enc-fasttail,20.736,20.785
RES,5,64,enc-reload,24.156,24.456
RES,5,64,enc-mem2,35.240,35.542
RES,5,64,enc-mem2tail,35.037,35.956
RES,5,64,enc-scalarrk,36.275,36.846
RES,5,80,enc-x8,26.604,26.659
RES,5,80,enc-basic,31.179,31.468
RES,5,80,enc-dual,27.398,27.738
RES,5,80,enc-fasttail,27.861,27.894
RES,5,80,enc-reload,31.105,31.879
RES,5,80,enc-mem2,49.813,50.089
RES,5,80,enc-mem2tail,49.259,50.761
RES,5,80,enc-scalarrk,43.288,44.064
RES,5,96,enc-x8,27.573,27.657
RES,5,96,enc-basic,38.629,38.858
RES,5,96,enc-dual,34.490,34.762
RES,5,96,enc-fasttail,30.582,30.623
RES,5,96,enc-reload,38.538,39.140
RES,5,96,enc-mem2,56.022,57.012
RES,5,96,enc-mem2tail,50.250,50.535
RES,5,96,enc-scalarrk,51.212,51.711
RES,5,112,enc-x8,28.357,28.439
RES,5,112,enc-basic,45.791,45.843
RES,5,112,enc-dual,42.082,42.118
RES,5,112,enc-fasttail,34.703,34.742
RES,5,112,enc-reload,45.737,46.339
RES,5,112,enc-mem2,64.806,65.109
RES,5,112,enc-mem2tail,51.512,51.780
RES,5,112,enc-scalarrk,58.372,59.183
RES,5,128,enc-x8,26.811,27.057
RES,5,128,enc-basic,34.764,34.805
RES,5,128,enc-dual,35.396,35.578
RES,5,128,enc-fasttail,35.861,36.241
RES,5,128,enc-reload,35.716,35.802
RES,5,128,enc-mem2,52.186,52.590
RES,5,128,enc-mem2tail,49.778,50.316
RES,5,128,enc-scalarrk,45.439,45.649
# SELFCHECK OK: 1..256 blocks, 3 variants
RES,5,16,dec-x8,12.527,12.560
RES,5,16,dec-basic,11.124,11.128
RES,5,16,dec-mem2,20.303,20.968
RES,5,32,dec-x8,13.192,13.199
RES,5,32,dec-basic,18.588,18.631
RES,5,32,dec-mem2,35.210,36.112
RES,5,48,dec-x8,15.141,15.201
RES,5,48,dec-basic,26.060,26.160
RES,5,48,dec-mem2,49.787,50.415
RES,5,64,dec-x8,18.291,18.335
RES,5,64,dec-basic,18.479,18.706
RES,5,64,dec-mem2,62.628,64.725
RES,5,80,dec-x8,26.018,26.056
RES,5,80,dec-basic,23.993,24.021
RES,5,80,dec-mem2,77.925,79.840
RES,5,96,dec-x8,26.934,26.959
RES,5,96,dec-basic,30.269,30.323
RES,5,96,dec-mem2,92.683,94.690
RES,5,112,dec-x8,27.512,27.549
RES,5,112,dec-basic,37.303,37.344
RES,5,112,dec-mem2,108.092,110.200
RES,5,128,dec-x8,25.623,25.643
RES,5,128,dec-basic,32.574,33.017
RES,5,128,dec-mem2,48.047,48.608
# SELFCHECK OK: 1..256 blocks, 8 variants
RES,6,16,enc-x8,12.859,12.876
RES,6,16,enc-basic,11.125,11.133
RES,6,16,enc-dual,11.112,11.118
RES,6,16,enc-fasttail,10.931,10.949
RES,6,16,enc-reload,11.066,11.070
RES,6,16,enc-mem2,28.683,29.372
RES,6,16,enc-mem2tail,28.671,30.181
RES,6,16,enc-scalarrk,26.891,27.068
RES,6,32,enc-x8,13.960,14.172
RES,6,32,enc-basic,18.555,18.621
RES,6,32,enc-dual,18.603,18.608
RES,6,32,enc-fasttail,13.787,13.813
RES,6,32,enc-reload,18.614,18.657
RES,6,32,enc-mem2,36.254,36.541
RES,6,32,enc-mem2tail,28.995,30.044
RES,6,32,enc-scalarrk,34.654,35.088
RES,6,48,enc-x8,17.573,17.789
RES,6,48,enc-basic,26.040,26.255
RES,6,48,enc-dual,26.037,26.140
RES,6,48,enc-fasttail,17.635,17.730
RES,6,48,enc-reload,25.793,26.185
RES,6,48,enc-mem2,43.809,44.730
RES,6,48,enc-mem2tail,30.465,32.001
RES,6,48,enc-scalarrk,42.003,42.482
RES,6,64,enc-x8,18.701,19.129
RES,6,64,enc-basic,24.141,24.245
RES,6,64,enc-dual,20.212,20.520
RES,6,64,enc-fasttail,20.734,20.787
RES,6,64,enc-reload,24.147,24.859
RES,6,64,enc-mem2,34.816,35.401
RES,6,64,enc-mem2tail,35.702,35.958
RES,6,64,enc-scalarrk,36.238,36.846
RES,6,80,enc-x8,26.486,26.645
RES,6,80,enc-basic,31.164,31.206
RES,6,80,enc-dual,27.411,27.784
RES,6,80,enc-fasttail,27.871,27.896
RES,6,80,enc-reload,31.107,31.491
RES,6,80,enc-mem2,49.292,49.843
RES,6,80,enc-mem2tail,49.876,50.157
RES,6,80,enc-scalarrk,43.966,44.303
RES,6,96,enc-x8,27.596,27.663
RES,6,96,enc-basic,38.630,38.855
RES,6,96,enc-dual,34.495,34.763
RES,6,96,enc-fasttail,30.590,30.617
RES,6,96,enc-reload,38.563,38.753
RES,6,96,enc-mem2,56.268,56.717
RES,6,96,enc-mem2tail,50.299,50.345
RES,6,96,enc-scalarrk,50.973,51.656
RES,6,112,enc-x8,28.382,28.664
RES,6,112,enc-basic,45.805,45.968
RES,6,112,enc-dual,42.072,42.117
RES,6,112,enc-fasttail,34.705,34.755
RES,6,112,enc-reload,45.718,45.925
RES,6,112,enc-mem2,64.391,64.745
RES,6,112,enc-mem2tail,51.718,52.079
RES,6,112,enc-scalarrk,58.369,59.080
RES,6,128,enc-x8,26.808,26.863
RES,6,128,enc-basic,34.761,34.983
RES,6,128,enc-dual,35.417,35.859
RES,6,128,enc-fasttail,35.866,36.232
RES,6,128,enc-reload,35.676,35.834
RES,6,128,enc-mem2,52.900,53.133
RES,6,128,enc-mem2tail,50.056,50.307
RES,6,128,enc-scalarrk,45.447,45.738
# SELFCHECK OK: 1..256 blocks, 3 variants
RES,6,16,dec-x8,12.525,12.560
RES,6,16,dec-basic,11.122,11.128
RES,6,16,dec-mem2,20.313,20.380
RES,6,32,dec-x8,13.196,13.201
RES,6,32,dec-basic,18.588,18.630
RES,6,32,dec-mem2,35.188,35.430
RES,6,48,dec-x8,15.109,15.197
RES,6,48,dec-basic,26.059,26.157
RES,6,48,dec-mem2,49.718,50.062
RES,6,64,dec-x8,18.287,18.339
RES,6,64,dec-basic,18.480,18.805
RES,6,64,dec-mem2,62.760,64.413
RES,6,80,dec-x8,26.017,26.051
RES,6,80,dec-basic,23.998,24.028
RES,6,80,dec-mem2,77.673,79.282
RES,6,96,dec-x8,26.916,26.963
RES,6,96,dec-basic,30.261,30.328
RES,6,96,dec-mem2,92.671,94.879
RES,6,112,dec-x8,27.485,27.546
RES,6,112,dec-basic,37.288,37.322
RES,6,112,dec-mem2,108.104,110.875
RES,6,128,dec-x8,25.620,25.646
RES,6,128,dec-basic,32.652,32.735
RES,6,128,dec-mem2,48.025,48.178
# SELFCHECK OK: 1..256 blocks, 8 variants
RES,7,16,enc-x8,12.862,12.876
RES,7,16,enc-basic,11.125,11.141
RES,7,16,enc-dual,11.113,11.118
RES,7,16,enc-fasttail,10.944,10.949
RES,7,16,enc-reload,11.065,11.069
RES,7,16,enc-mem2,28.537,28.950
RES,7,16,enc-mem2tail,27.581,29.978
RES,7,16,enc-scalarrk,26.899,27.063
RES,7,32,enc-x8,13.964,14.041
RES,7,32,enc-basic,18.557,18.622
RES,7,32,enc-dual,18.602,18.657
RES,7,32,enc-fasttail,13.783,13.812
RES,7,32,enc-reload,18.612,18.657
RES,7,32,enc-mem2,36.022,36.597
RES,7,32,enc-mem2tail,29.182,29.450
RES,7,32,enc-scalarrk,34.733,35.105
RES,7,48,enc-x8,17.573,17.590
RES,7,48,enc-basic,26.037,26.141
RES,7,48,enc-dual,26.040,26.136
RES,7,48,enc-fasttail,17.631,17.946
RES,7,48,enc-reload,25.767,26.185
RES,7,48,enc-mem2,42.597,44.460
RES,7,48,enc-mem2tail,30.758,31.542
RES,7,48,enc-scalarrk,41.894,42.452
RES,7,64,enc-x8,18.700,19.127
RES,7,64,enc-basic,24.149,24.245
RES,7,64,enc-dual,20.252,20.701
RES,7,64,enc-fasttail,20.742,20.785
RES,7,64,enc-reload,24.158,24.637
RES,7,64,enc-mem2,35.022,35.845
RES,7,64,enc-mem2tail,35.383,36.030
RES,7,64,enc-scalarrk,36.172,36.849
RES,7,80,enc-x8,26.601,26.644
RES,7,80,enc-basic,31.180,31.469
RES,7,80,enc-dual,27.412,27.823
RES,7,80,enc-fasttail,27.870,27.894
RES,7,80,enc-reload,31.109,31.525
RES,7,80,enc-mem2,48.296,49.126
RES,7,80,enc-mem2tail,49.672,50.792
RES,7,80,enc-scalarrk,43.714,44.245
RES,7,96,enc-x8,27.574,27.656
RES,7,96,enc-basic,38.638,38.850
RES,7,96,enc-dual,34.489,34.746
RES,7,96,enc-fasttail,30.582,30.621
RES,7,96,enc-reload,38.539,38.741
RES,7,96,enc-mem2,54.290,56.024
RES,7,96,enc-mem2tail,50.379,50.688
RES,7,96,enc-scalarrk,51.027,51.705
RES,7,112,enc-x8,28.380,28.460
RES,7,112,enc-basic,45.779,45.969
RES,7,112,enc-dual,42.066,42.137
RES,7,112,enc-fasttail,34.697,34.746
RES,7,112,enc-reload,45.733,45.946
RES,7,112,enc-mem2,63.797,64.214
RES,7,112,enc-mem2tail,51.571,51.670
RES,7,112,enc-scalarrk,58.384,59.128
RES,7,128,enc-x8,26.812,26.873
RES,7,128,enc-basic,34.757,34.808
RES,7,128,enc-dual,35.413,36.164
RES,7,128,enc-fasttail,35.855,35.939
RES,7,128,enc-reload,35.703,35.805
RES,7,128,enc-mem2,51.822,51.914
RES,7,128,enc-mem2tail,51.426,51.507
RES,7,128,enc-scalarrk,45.472,45.666
# SELFCHECK OK: 1..256 blocks, 3 variants
RES,7,16,dec-x8,12.547,12.560
RES,7,16,dec-basic,11.123,11.128
RES,7,16,dec-mem2,20.314,20.393
RES,7,32,dec-x8,13.190,13.199
RES,7,32,dec-basic,18.584,18.631
RES,7,32,dec-mem2,35.210,35.579
RES,7,48,dec-x8,15.149,15.203
RES,7,48,dec-basic,26.055,26.159
RES,7,48,dec-mem2,49.857,50.496
RES,7,64,dec-x8,18.289,18.336
RES,7,64,dec-basic,18.475,18.517
RES,7,64,dec-mem2,62.784,64.056
RES,7,80,dec-x8,26.019,26.047
RES,7,80,dec-basic,23.997,24.348
RES,7,80,dec-mem2,78.020,79.678
RES,7,96,dec-x8,26.927,26.963
RES,7,96,dec-basic,30.264,30.531
RES,7,96,dec-mem2,92.755,94.579
RES,7,112,dec-x8,27.487,27.547
RES,7,112,dec-basic,37.309,37.346
RES,7,112,dec-mem2,108.351,110.587
RES,7,128,dec-x8,25.621,25.645
RES,7,128,dec-basic,32.646,33.232
RES,7,128,dec-mem2,48.118,48.598
DONE: 14 correctness gates
