# date=2026-08-27T19:17:20Z
# host=ip-172-31-4-159
# model=Neoverse-V1
# reps=160 processes=7 pinned_cpu=3
file,sha256,text_bytes
x8-enc.o,78605a647e192cc843d63e5ce89ba72ccd1788acc748f900edc54a9aad6b15d3,8624
x8-dec.o,67b973958a85e2d22bc580de78338726033a6ca014de682cf1ad0b96eb44dc94,5960
jenc-basic.o,6bf67814c5bd307443fa4243487852774007a03a27bd5c3045c9c9a5f9f349a8,3416
jenc-dual_acc.o,966d7c853822aacf9850734f4777833380b119946732302d0be165263f62fb99,1940
jenc-fast_tail.o,2a2cbd57b79bd274c698b2c26a08bc5500b7794338f3e9a428229d48ab0ad59b,4380
jenc-reload_round_keys_partial.o,d6151bb5d4314ed7a6f2cf632f70cca95a11978fcd78281feeae1b674a7c9938,3544
jenc-scalar_iv_mem2_late_tag.o,ba582625f86619e917388158c25dd44c365caa7dd7da6bbb8bc568ed79e41126,4252
jenc-scalar_iv_mem2_late_tag_fast_tail.o,091e8947381102005a4e16b1bebaae140b9f87be55908858d97748a20156e0fd,4596
jenc-scalar_iv_mem_late_tag_scalar_rk.o,8417a714dad9e7dabe037f849f510400c9ae693a2fe1821bbcf8f39b730dc36c,3864
jdec-basic.o,613a41fe0c8dab5873b66e97ad0258853bb6d225aa41416ba902f0f239f221a7,1944
jdec-scalar_iv_mem2_late_tag.o,558e532ee85b1f10590f4d6aa1ca98163830a3727cfd6a44043549d2b665971f,3584
# SELFCHECK OK: 1..256 blocks, 8 variants
RES,1,16,enc-x8,15.152,15.162
RES,1,16,enc-basic,13.727,14.054
RES,1,16,enc-dual,13.723,13.735
RES,1,16,enc-fasttail,13.278,13.891
RES,1,16,enc-reload,13.301,13.556
RES,1,16,enc-mem2,30.066,31.625
RES,1,16,enc-mem2tail,29.617,30.771
RES,1,16,enc-scalarrk,28.848,29.375
RES,1,32,enc-x8,16.527,16.989
RES,1,32,enc-basic,22.994,23.654
RES,1,32,enc-dual,22.791,22.842
RES,1,32,enc-fasttail,17.891,17.922
RES,1,32,enc-reload,22.305,22.593
RES,1,32,enc-mem2,37.694,39.149
RES,1,32,enc-mem2tail,32.141,33.341
RES,1,32,enc-scalarrk,36.647,37.602
RES,1,48,enc-x8,20.993,21.016
RES,1,48,enc-basic,31.786,32.620
RES,1,48,enc-dual,31.915,32.093
RES,1,48,enc-fasttail,22.203,22.489
RES,1,48,enc-reload,30.997,32.303
RES,1,48,enc-mem2,46.593,47.473
RES,1,48,enc-mem2tail,33.848,34.291
RES,1,48,enc-scalarrk,44.601,44.921
RES,1,64,enc-x8,21.835,22.002
RES,1,64,enc-basic,31.277,31.631
RES,1,64,enc-dual,24.869,25.450
RES,1,64,enc-fasttail,24.877,25.543
RES,1,64,enc-reload,30.207,31.288
RES,1,64,enc-mem2,37.640,38.352
RES,1,64,enc-mem2tail,39.196,39.823
RES,1,64,enc-scalarrk,42.639,43.084
RES,1,80,enc-x8,31.395,31.993
RES,1,80,enc-basic,40.650,41.117
RES,1,80,enc-dual,33.170,33.516
RES,1,80,enc-fasttail,33.299,33.707
RES,1,80,enc-reload,39.538,40.386
RES,1,80,enc-mem2,52.984,53.789
RES,1,80,enc-mem2tail,54.391,55.324
RES,1,80,enc-scalarrk,50.975,51.507
RES,1,96,enc-x8,32.450,32.895
RES,1,96,enc-basic,49.155,49.838
RES,1,96,enc-dual,41.969,42.322
RES,1,96,enc-fasttail,37.169,37.692
RES,1,96,enc-reload,48.308,49.544
RES,1,96,enc-mem2,61.619,62.649
RES,1,96,enc-mem2tail,54.460,55.065
RES,1,96,enc-scalarrk,59.412,60.414
RES,1,112,enc-x8,33.489,34.106
RES,1,112,enc-basic,58.410,59.018
RES,1,112,enc-dual,50.952,51.354
RES,1,112,enc-fasttail,41.557,41.998
RES,1,112,enc-reload,57.788,58.435
RES,1,112,enc-mem2,68.953,69.908
RES,1,112,enc-mem2tail,56.679,57.287
RES,1,112,enc-scalarrk,68.161,69.167
RES,1,128,enc-x8,31.525,31.686
RES,1,128,enc-basic,42.240,43.248
RES,1,128,enc-dual,42.849,43.277
RES,1,128,enc-fasttail,43.281,43.971
RES,1,128,enc-reload,41.469,42.398
RES,1,128,enc-mem2,57.500,58.029
RES,1,128,enc-mem2tail,55.725,56.331
RES,1,128,enc-scalarrk,49.074,49.499
# SELFCHECK OK: 1..256 blocks, 3 variants
RES,1,16,dec-x8,13.929,14.094
RES,1,16,dec-basic,12.558,12.580
RES,1,16,dec-mem2,23.844,24.199
RES,1,32,dec-x8,15.251,15.315
RES,1,32,dec-basic,20.886,21.110
RES,1,32,dec-mem2,39.879,40.855
RES,1,48,dec-x8,18.608,18.870
RES,1,48,dec-basic,29.085,29.122
RES,1,48,dec-mem2,55.874,56.634
RES,1,64,dec-x8,22.651,22.680
RES,1,64,dec-basic,22.731,24.585
RES,1,64,dec-mem2,70.795,72.056
RES,1,80,dec-x8,30.114,30.312
RES,1,80,dec-basic,29.124,30.071
RES,1,80,dec-mem2,86.850,88.645
RES,1,96,dec-x8,30.869,31.190
RES,1,96,dec-basic,36.289,37.138
RES,1,96,dec-mem2,102.618,105.746
RES,1,112,dec-x8,33.933,34.465
RES,1,112,dec-basic,44.986,45.563
RES,1,112,dec-mem2,120.080,121.982
RES,1,128,dec-x8,30.207,30.549
RES,1,128,dec-basic,38.699,39.340
RES,1,128,dec-mem2,50.968,53.717
# SELFCHECK OK: 1..256 blocks, 8 variants
RES,2,16,enc-x8,15.152,15.162
RES,2,16,enc-basic,13.718,14.018
RES,2,16,enc-dual,13.711,13.735
RES,2,16,enc-fasttail,13.279,13.897
RES,2,16,enc-reload,13.298,13.509
RES,2,16,enc-mem2,30.066,31.539
RES,2,16,enc-mem2tail,29.617,30.946
RES,2,16,enc-scalarrk,28.776,29.320
RES,2,32,enc-x8,16.533,16.985
RES,2,32,enc-basic,22.619,23.543
RES,2,32,enc-dual,22.791,22.837
RES,2,32,enc-fasttail,17.869,17.989
RES,2,32,enc-reload,22.301,23.169
RES,2,32,enc-mem2,38.225,39.168
RES,2,32,enc-mem2tail,32.431,33.341
RES,2,32,enc-scalarrk,36.777,37.614
RES,2,48,enc-x8,20.996,21.217
RES,2,48,enc-basic,31.704,32.491
RES,2,48,enc-dual,31.849,32.111
RES,2,48,enc-fasttail,22.228,22.487
RES,2,48,enc-reload,31.225,32.340
RES,2,48,enc-mem2,47.010,47.475
RES,2,48,enc-mem2tail,34.015,34.234
RES,2,48,enc-scalarrk,44.437,44.902
RES,2,64,enc-x8,21.833,22.002
RES,2,64,enc-basic,31.298,31.589
RES,2,64,enc-dual,24.898,25.457
RES,2,64,enc-fasttail,24.876,25.499
RES,2,64,enc-reload,30.208,31.286
RES,2,64,enc-mem2,37.582,38.350
RES,2,64,enc-mem2tail,38.829,39.636
RES,2,64,enc-scalarrk,42.428,43.094
RES,2,80,enc-x8,31.425,32.036
RES,2,80,enc-basic,40.648,41.124
RES,2,80,enc-dual,33.166,33.319
RES,2,80,enc-fasttail,33.299,33.615
RES,2,80,enc-reload,39.227,40.384
RES,2,80,enc-mem2,52.901,53.758
RES,2,80,enc-mem2tail,54.362,55.285
RES,2,80,enc-scalarrk,50.963,51.579
RES,2,96,enc-x8,32.443,32.901
RES,2,96,enc-basic,49.181,49.904
RES,2,96,enc-dual,41.959,42.173
RES,2,96,enc-fasttail,37.166,37.685
RES,2,96,enc-reload,48.310,49.536
RES,2,96,enc-mem2,61.615,62.651
RES,2,96,enc-mem2tail,54.463,55.109
RES,2,96,enc-scalarrk,59.230,60.338
RES,2,112,enc-x8,33.237,34.125
RES,2,112,enc-basic,58.180,59.027
RES,2,112,enc-dual,50.956,51.328
RES,2,112,enc-fasttail,41.536,41.998
RES,2,112,enc-reload,57.555,58.407
RES,2,112,enc-mem2,68.826,69.883
RES,2,112,enc-mem2tail,56.346,57.269
RES,2,112,enc-scalarrk,68.033,69.217
RES,2,128,enc-x8,31.514,31.701
RES,2,128,enc-basic,42.203,43.251
RES,2,128,enc-dual,42.710,43.317
RES,2,128,enc-fasttail,43.332,43.887
RES,2,128,enc-reload,41.580,42.419
RES,2,128,enc-mem2,56.530,58.027
RES,2,128,enc-mem2tail,55.548,56.352
RES,2,128,enc-scalarrk,48.964,49.516
# SELFCHECK OK: 1..256 blocks, 3 variants
RES,2,16,dec-x8,13.941,14.098
RES,2,16,dec-basic,12.563,12.580
RES,2,16,dec-mem2,22.564,23.200
RES,2,32,dec-x8,15.255,15.315
RES,2,32,dec-basic,20.886,21.145
RES,2,32,dec-mem2,38.619,40.625
RES,2,48,dec-x8,18.616,18.868
RES,2,48,dec-basic,29.030,29.150
RES,2,48,dec-mem2,54.881,55.975
RES,2,64,dec-x8,22.658,22.688
RES,2,64,dec-basic,22.312,24.177
RES,2,64,dec-mem2,70.810,73.278
RES,2,80,dec-x8,30.128,30.357
RES,2,80,dec-basic,29.127,30.017
RES,2,80,dec-mem2,86.835,90.690
RES,2,96,dec-x8,30.869,31.337
RES,2,96,dec-basic,36.268,37.177
RES,2,96,dec-mem2,102.260,106.895
RES,2,112,dec-x8,33.043,34.284
RES,2,112,dec-basic,44.955,45.542
RES,2,112,dec-mem2,120.128,123.235
RES,2,128,dec-x8,30.224,30.738
RES,2,128,dec-basic,38.760,39.485
RES,2,128,dec-mem2,52.270,53.379
# SELFCHECK OK: 1..256 blocks, 8 variants
RES,3,16,enc-x8,15.151,15.161
RES,3,16,enc-basic,13.723,14.268
RES,3,16,enc-dual,13.719,13.734
RES,3,16,enc-fasttail,13.283,14.027
RES,3,16,enc-reload,13.300,13.643
RES,3,16,enc-mem2,30.066,31.415
RES,3,16,enc-mem2tail,29.617,30.861
RES,3,16,enc-scalarrk,28.848,29.284
RES,3,32,enc-x8,16.536,16.989
RES,3,32,enc-basic,22.653,23.528
RES,3,32,enc-dual,22.790,22.843
RES,3,32,enc-fasttail,17.890,17.996
RES,3,32,enc-reload,22.294,23.164
RES,3,32,enc-mem2,37.697,39.232
RES,3,32,enc-mem2tail,32.281,33.341
RES,3,32,enc-scalarrk,36.653,37.634
RES,3,48,enc-x8,20.996,21.014
RES,3,48,enc-basic,31.794,32.625
RES,3,48,enc-dual,31.849,32.104
RES,3,48,enc-fasttail,22.419,22.489
RES,3,48,enc-reload,30.980,32.087
RES,3,48,enc-mem2,46.997,47.541
RES,3,48,enc-mem2tail,34.011,34.096
RES,3,48,enc-scalarrk,44.581,44.893
RES,3,64,enc-x8,21.833,21.998
RES,3,64,enc-basic,31.392,31.649
RES,3,64,enc-dual,24.857,25.457
RES,3,64,enc-fasttail,24.877,25.494
RES,3,64,enc-reload,30.206,31.305
RES,3,64,enc-mem2,37.600,38.334
RES,3,64,enc-mem2tail,38.924,39.670
RES,3,64,enc-scalarrk,42.632,43.062
RES,3,80,enc-x8,31.422,32.016
RES,3,80,enc-basic,40.641,41.059
RES,3,80,enc-dual,33.165,33.461
RES,3,80,enc-fasttail,33.304,33.639
RES,3,80,enc-reload,39.175,40.433
RES,3,80,enc-mem2,52.885,53.734
RES,3,80,enc-mem2tail,54.363,55.350
RES,3,80,enc-scalarrk,51.029,51.488
RES,3,96,enc-x8,32.427,32.975
RES,3,96,enc-basic,49.115,49.905
RES,3,96,enc-dual,41.964,42.141
RES,3,96,enc-fasttail,37.168,37.712
RES,3,96,enc-reload,48.454,49.524
RES,3,96,enc-mem2,61.117,62.570
RES,3,96,enc-mem2tail,54.464,55.190
RES,3,96,enc-scalarrk,59.531,60.428
RES,3,112,enc-x8,33.446,34.167
RES,3,112,enc-basic,58.072,58.899
RES,3,112,enc-dual,50.951,51.355
RES,3,112,enc-fasttail,41.625,42.140
RES,3,112,enc-reload,57.815,58.403
RES,3,112,enc-mem2,68.324,69.798
RES,3,112,enc-mem2tail,56.650,57.282
RES,3,112,enc-scalarrk,67.945,69.252
RES,3,128,enc-x8,31.548,31.723
RES,3,128,enc-basic,41.595,43.283
RES,3,128,enc-dual,42.837,43.249
RES,3,128,enc-fasttail,43.214,44.003
RES,3,128,enc-reload,41.595,42.413
RES,3,128,enc-mem2,55.746,58.022
RES,3,128,enc-mem2tail,54.533,56.334
RES,3,128,enc-scalarrk,48.860,49.413
# SELFCHECK OK: 1..256 blocks, 3 variants
RES,3,16,dec-x8,13.761,14.092
RES,3,16,dec-basic,12.558,12.575
RES,3,16,dec-mem2,22.564,23.338
RES,3,32,dec-x8,15.255,15.315
RES,3,32,dec-basic,20.889,21.105
RES,3,32,dec-mem2,38.901,40.406
RES,3,48,dec-x8,18.612,18.873
RES,3,48,dec-basic,29.075,29.129
RES,3,48,dec-mem2,54.824,55.571
RES,3,64,dec-x8,22.651,22.747
RES,3,64,dec-basic,22.807,24.256
RES,3,64,dec-mem2,70.619,73.271
RES,3,80,dec-x8,30.133,30.294
RES,3,80,dec-basic,29.116,29.964
RES,3,80,dec-mem2,86.735,90.232
RES,3,96,dec-x8,30.901,31.673
RES,3,96,dec-basic,36.281,37.042
RES,3,96,dec-mem2,103.472,107.013
RES,3,112,dec-x8,33.892,34.241
RES,3,112,dec-basic,44.977,45.566
RES,3,112,dec-mem2,119.729,123.705
RES,3,128,dec-x8,30.249,31.223
RES,3,128,dec-basic,38.755,39.279
RES,3,128,dec-mem2,51.910,53.443
# SELFCHECK OK: 1..256 blocks, 8 variants
RES,4,16,enc-x8,15.151,15.163
RES,4,16,enc-basic,13.714,14.025
RES,4,16,enc-dual,13.722,13.734
RES,4,16,enc-fasttail,13.060,13.677
RES,4,16,enc-reload,13.281,13.562
RES,4,16,enc-mem2,30.388,32.418
RES,4,16,enc-mem2tail,31.060,32.401
RES,4,16,enc-scalarrk,28.848,29.342
RES,4,32,enc-x8,16.523,16.697
RES,4,32,enc-basic,22.577,23.678
RES,4,32,enc-dual,22.789,22.850
RES,4,32,enc-fasttail,17.838,17.920
RES,4,32,enc-reload,22.304,23.172
RES,4,32,enc-mem2,39.617,40.215
RES,4,32,enc-mem2tail,32.172,33.079
RES,4,32,enc-scalarrk,36.507,37.511
RES,4,48,enc-x8,20.996,21.016
RES,4,48,enc-basic,31.785,32.620
RES,4,48,enc-dual,31.916,32.110
RES,4,48,enc-fasttail,22.370,22.490
RES,4,48,enc-reload,30.999,32.510
RES,4,48,enc-mem2,47.080,47.818
RES,4,48,enc-mem2tail,33.016,33.781
RES,4,48,enc-scalarrk,44.233,44.919
RES,4,64,enc-x8,21.844,22.004
RES,4,64,enc-basic,31.414,31.651
RES,4,64,enc-dual,24.846,25.360
RES,4,64,enc-fasttail,25.000,25.418
RES,4,64,enc-reload,30.198,31.392
RES,4,64,enc-mem2,39.388,39.978
RES,4,64,enc-mem2tail,39.437,40.735
RES,4,64,enc-scalarrk,41.166,43.119
RES,4,80,enc-x8,31.414,31.903
RES,4,80,enc-basic,40.646,41.106
RES,4,80,enc-dual,33.069,33.489
RES,4,80,enc-fasttail,33.307,33.646
RES,4,80,enc-reload,39.214,40.396
RES,4,80,enc-mem2,53.525,55.236
RES,4,80,enc-mem2tail,53.849,55.060
RES,4,80,enc-scalarrk,50.813,51.509
RES,4,96,enc-x8,32.437,32.865
RES,4,96,enc-basic,49.048,49.758
RES,4,96,enc-dual,41.967,42.337
RES,4,96,enc-fasttail,37.168,37.695
RES,4,96,enc-reload,49.044,49.534
RES,4,96,enc-mem2,62.190,63.040
RES,4,96,enc-mem2tail,56.367,56.949
RES,4,96,enc-scalarrk,58.688,60.400
RES,4,112,enc-x8,33.516,34.114
RES,4,112,enc-basic,58.214,59.007
RES,4,112,enc-dual,50.956,51.371
RES,4,112,enc-fasttail,41.537,42.101
RES,4,112,enc-reload,57.808,58.361
RES,4,112,enc-mem2,70.280,71.070
RES,4,112,enc-mem2tail,57.314,57.896
RES,4,112,enc-scalarrk,66.716,69.216
RES,4,128,enc-x8,31.558,31.726
RES,4,128,enc-basic,41.637,43.479
RES,4,128,enc-dual,42.808,43.258
RES,4,128,enc-fasttail,43.338,43.972
RES,4,128,enc-reload,41.546,42.385
RES,4,128,enc-mem2,56.189,58.887
RES,4,128,enc-mem2tail,54.876,55.716
RES,4,128,enc-scalarrk,47.952,49.518
# SELFCHECK OK: 1..256 blocks, 3 variants
RES,4,16,dec-x8,13.787,14.094
RES,4,16,dec-basic,12.558,12.576
RES,4,16,dec-mem2,24.042,24.095
RES,4,32,dec-x8,15.256,15.312
RES,4,32,dec-basic,20.885,21.096
RES,4,32,dec-mem2,40.416,41.140
RES,4,48,dec-x8,18.613,18.872
RES,4,48,dec-basic,29.095,29.274
RES,4,48,dec-mem2,55.875,57.085
RES,4,64,dec-x8,22.653,22.734
RES,4,64,dec-basic,22.725,24.777
RES,4,64,dec-mem2,70.802,72.077
RES,4,80,dec-x8,30.130,30.309
RES,4,80,dec-basic,29.125,29.768
RES,4,80,dec-mem2,86.739,88.758
RES,4,96,dec-x8,30.861,31.196
RES,4,96,dec-basic,36.448,37.066
RES,4,96,dec-mem2,103.661,106.019
RES,4,112,dec-x8,33.511,34.406
RES,4,112,dec-basic,44.953,45.572
RES,4,112,dec-mem2,120.219,122.203
RES,4,128,dec-x8,30.212,30.620
RES,4,128,dec-basic,38.759,39.122
RES,4,128,dec-mem2,52.385,53.170
# SELFCHECK OK: 1..256 blocks, 8 variants
RES,5,16,enc-x8,15.150,15.162
RES,5,16,enc-basic,13.621,14.016
RES,5,16,enc-dual,13.716,13.728
RES,5,16,enc-fasttail,13.658,14.053
RES,5,16,enc-reload,13.277,13.301
RES,5,16,enc-mem2,30.387,31.612
RES,5,16,enc-mem2tail,29.617,31.149
RES,5,16,enc-scalarrk,28.776,29.262
RES,5,32,enc-x8,16.519,16.696
RES,5,32,enc-basic,22.526,23.591
RES,5,32,enc-dual,22.604,22.842
RES,5,32,enc-fasttail,17.870,17.993
RES,5,32,enc-reload,22.305,23.168
RES,5,32,enc-mem2,37.934,39.250
RES,5,32,enc-mem2tail,31.928,33.195
RES,5,32,enc-scalarrk,36.492,37.510
RES,5,48,enc-x8,20.996,21.020
RES,5,48,enc-basic,31.786,32.683
RES,5,48,enc-dual,31.910,32.112
RES,5,48,enc-fasttail,22.379,22.487
RES,5,48,enc-reload,30.986,32.330
RES,5,48,enc-mem2,46.444,47.718
RES,5,48,enc-mem2tail,33.856,34.233
RES,5,48,enc-scalarrk,44.589,44.946
RES,5,64,enc-x8,21.842,21.993
RES,5,64,enc-basic,31.286,31.703
RES,5,64,enc-dual,24.847,25.413
RES,5,64,enc-fasttail,24.876,25.543
RES,5,64,enc-reload,30.242,31.283
RES,5,64,enc-mem2,37.694,38.233
RES,5,64,enc-mem2tail,38.944,39.543
RES,5,64,enc-scalarrk,42.626,43.047
RES,5,80,enc-x8,31.668,32.247
RES,5,80,enc-basic,40.646,41.040
RES,5,80,enc-dual,33.168,33.530
RES,5,80,enc-fasttail,33.303,33.699
RES,5,80,enc-reload,39.740,40.369
RES,5,80,enc-mem2,53.238,53.855
RES,5,80,enc-mem2tail,54.790,55.372
RES,5,80,enc-scalarrk,50.983,51.423
RES,5,96,enc-x8,32.491,32.970
RES,5,96,enc-basic,48.950,49.813
RES,5,96,enc-dual,41.965,42.233
RES,5,96,enc-fasttail,37.278,37.721
RES,5,96,enc-reload,48.438,49.529
RES,5,96,enc-mem2,61.699,62.444
RES,5,96,enc-mem2tail,54.598,55.232
RES,5,96,enc-scalarrk,59.538,60.396
RES,5,112,enc-x8,33.475,34.183
RES,5,112,enc-basic,58.002,58.929
RES,5,112,enc-dual,50.953,51.361
RES,5,112,enc-fasttail,41.700,42.047
RES,5,112,enc-reload,57.755,58.404
RES,5,112,enc-mem2,68.828,70.437
RES,5,112,enc-mem2tail,56.544,57.239
RES,5,112,enc-scalarrk,68.209,69.217
RES,5,128,enc-x8,31.520,31.695
RES,5,128,enc-basic,41.600,43.251
RES,5,128,enc-dual,42.708,43.424
RES,5,128,enc-fasttail,43.325,43.915
RES,5,128,enc-reload,41.715,42.321
RES,5,128,enc-mem2,57.243,58.067
RES,5,128,enc-mem2tail,55.732,56.169
RES,5,128,enc-scalarrk,49.199,49.732
# SELFCHECK OK: 1..256 blocks, 3 variants
RES,5,16,dec-x8,13.931,14.095
RES,5,16,dec-basic,12.563,12.714
RES,5,16,dec-mem2,22.558,23.198
RES,5,32,dec-x8,15.254,15.314
RES,5,32,dec-basic,20.889,21.080
RES,5,32,dec-mem2,38.616,41.331
RES,5,48,dec-x8,18.609,18.867
RES,5,48,dec-basic,29.037,29.119
RES,5,48,dec-mem2,54.882,55.873
RES,5,64,dec-x8,22.651,22.681
RES,5,64,dec-basic,23.129,24.595
RES,5,64,dec-mem2,70.803,73.275
RES,5,80,dec-x8,30.154,30.363
RES,5,80,dec-basic,29.142,30.024
RES,5,80,dec-mem2,86.796,89.624
RES,5,96,dec-x8,30.870,31.306
RES,5,96,dec-basic,36.283,37.217
RES,5,96,dec-mem2,102.339,107.001
RES,5,112,dec-x8,33.298,34.262
RES,5,112,dec-basic,44.958,45.612
RES,5,112,dec-mem2,119.841,123.623
RES,5,128,dec-x8,30.215,30.682
RES,5,128,dec-basic,38.725,39.341
RES,5,128,dec-mem2,52.493,53.407
# SELFCHECK OK: 1..256 blocks, 8 variants
RES,6,16,enc-x8,15.152,15.162
RES,6,16,enc-basic,13.622,14.012
RES,6,16,enc-dual,13.719,13.728
RES,6,16,enc-fasttail,13.654,14.014
RES,6,16,enc-reload,13.283,13.623
RES,6,16,enc-mem2,30.387,31.174
RES,6,16,enc-mem2tail,29.617,31.094
RES,6,16,enc-scalarrk,28.777,29.232
RES,6,32,enc-x8,16.676,16.981
RES,6,32,enc-basic,22.756,23.520
RES,6,32,enc-dual,22.796,22.842
RES,6,32,enc-fasttail,17.884,17.993
RES,6,32,enc-reload,22.295,23.172
RES,6,32,enc-mem2,37.889,39.304
RES,6,32,enc-mem2tail,31.927,33.195
RES,6,32,enc-scalarrk,36.517,37.692
RES,6,48,enc-x8,20.999,21.018
RES,6,48,enc-basic,31.786,32.667
RES,6,48,enc-dual,31.911,32.021
RES,6,48,enc-fasttail,22.410,22.489
RES,6,48,enc-reload,31.035,32.360
RES,6,48,enc-mem2,47.269,47.757
RES,6,48,enc-mem2tail,33.856,34.221
RES,6,48,enc-scalarrk,44.598,45.111
RES,6,64,enc-x8,21.833,22.006
RES,6,64,enc-basic,31.348,31.626
RES,6,64,enc-dual,24.898,25.450
RES,6,64,enc-fasttail,24.876,25.545
RES,6,64,enc-reload,30.214,31.269
RES,6,64,enc-mem2,37.356,38.320
RES,6,64,enc-mem2tail,38.676,39.567
RES,6,64,enc-scalarrk,42.384,43.063
RES,6,80,enc-x8,31.396,31.965
RES,6,80,enc-basic,40.649,41.047
RES,6,80,enc-dual,33.173,33.526
RES,6,80,enc-fasttail,33.304,33.761
RES,6,80,enc-reload,39.447,40.360
RES,6,80,enc-mem2,53.282,54.082
RES,6,80,enc-mem2tail,54.789,55.319
RES,6,80,enc-scalarrk,50.948,51.511
RES,6,96,enc-x8,32.357,32.753
RES,6,96,enc-basic,48.921,49.628
RES,6,96,enc-dual,41.967,42.256
RES,6,96,enc-fasttail,37.165,37.691
RES,6,96,enc-reload,48.366,49.504
RES,6,96,enc-mem2,61.689,62.687
RES,6,96,enc-mem2tail,54.359,55.257
RES,6,96,enc-scalarrk,59.534,60.433
RES,6,112,enc-x8,33.117,34.175
RES,6,112,enc-basic,58.189,58.925
RES,6,112,enc-dual,50.942,51.333
RES,6,112,enc-fasttail,41.716,42.169
RES,6,112,enc-reload,57.823,58.432
RES,6,112,enc-mem2,68.882,70.387
RES,6,112,enc-mem2tail,56.546,57.193
RES,6,112,enc-scalarrk,66.892,69.200
RES,6,128,enc-x8,31.550,31.690
RES,6,128,enc-basic,41.596,43.394
RES,6,128,enc-dual,42.831,43.348
RES,6,128,enc-fasttail,43.320,43.776
RES,6,128,enc-reload,41.717,42.340
RES,6,128,enc-mem2,57.445,58.033
RES,6,128,enc-mem2tail,55.736,56.303
RES,6,128,enc-scalarrk,49.236,49.563
# SELFCHECK OK: 1..256 blocks, 3 variants
RES,6,16,dec-x8,13.927,14.093
RES,6,16,dec-basic,12.560,12.692
RES,6,16,dec-mem2,23.965,24.206
RES,6,32,dec-x8,15.246,15.312
RES,6,32,dec-basic,20.885,21.105
RES,6,32,dec-mem2,40.658,41.212
RES,6,48,dec-x8,18.617,18.875
RES,6,48,dec-basic,29.072,29.124
RES,6,48,dec-mem2,55.978,56.923
RES,6,64,dec-x8,22.653,22.901
RES,6,64,dec-basic,22.732,24.255
RES,6,64,dec-mem2,70.759,72.096
RES,6,80,dec-x8,30.136,30.328
RES,6,80,dec-basic,29.134,30.025
RES,6,80,dec-mem2,86.779,88.767
RES,6,96,dec-x8,30.818,31.174
RES,6,96,dec-basic,36.279,37.150
RES,6,96,dec-mem2,103.426,106.045
RES,6,112,dec-x8,33.050,34.447
RES,6,112,dec-basic,44.950,45.571
RES,6,112,dec-mem2,119.491,122.339
RES,6,128,dec-x8,30.215,30.652
RES,6,128,dec-basic,38.747,39.016
RES,6,128,dec-mem2,52.443,53.251
# SELFCHECK OK: 1..256 blocks, 8 variants
RES,7,16,enc-x8,15.151,15.164
RES,7,16,enc-basic,13.607,14.068
RES,7,16,enc-dual,13.715,13.733
RES,7,16,enc-fasttail,13.654,14.046
RES,7,16,enc-reload,13.276,13.616
RES,7,16,enc-mem2,30.964,31.899
RES,7,16,enc-mem2tail,30.963,32.116
RES,7,16,enc-scalarrk,28.848,29.231
RES,7,32,enc-x8,16.525,16.973
RES,7,32,enc-basic,23.007,23.524
RES,7,32,enc-dual,22.711,22.844
RES,7,32,enc-fasttail,17.897,17.994
RES,7,32,enc-reload,22.309,23.063
RES,7,32,enc-mem2,39.713,40.348
RES,7,32,enc-mem2tail,32.694,33.099
RES,7,32,enc-scalarrk,36.837,37.524
RES,7,48,enc-x8,20.993,21.013
RES,7,48,enc-basic,31.787,32.651
RES,7,48,enc-dual,31.841,31.988
RES,7,48,enc-fasttail,22.358,22.489
RES,7,48,enc-reload,31.003,32.334
RES,7,48,enc-mem2,47.191,47.666
RES,7,48,enc-mem2tail,33.688,33.871
RES,7,48,enc-scalarrk,44.407,44.925
RES,7,64,enc-x8,21.839,22.007
RES,7,64,enc-basic,31.294,31.669
RES,7,64,enc-dual,24.847,25.448
RES,7,64,enc-fasttail,24.875,25.489
RES,7,64,enc-reload,30.243,31.322
RES,7,64,enc-mem2,39.360,39.832
RES,7,64,enc-mem2tail,39.233,40.647
RES,7,64,enc-scalarrk,41.795,43.091
RES,7,80,enc-x8,31.660,32.058
RES,7,80,enc-basic,40.661,41.083
RES,7,80,enc-dual,33.070,33.507
RES,7,80,enc-fasttail,33.301,33.659
RES,7,80,enc-reload,39.740,40.611
RES,7,80,enc-mem2,54.234,55.145
RES,7,80,enc-mem2tail,53.468,54.972
RES,7,80,enc-scalarrk,50.954,51.459
RES,7,96,enc-x8,32.475,32.888
RES,7,96,enc-basic,49.119,49.867
RES,7,96,enc-dual,41.961,42.335
RES,7,96,enc-fasttail,37.184,37.690
RES,7,96,enc-reload,48.324,49.479
RES,7,96,enc-mem2,61.765,62.785
RES,7,96,enc-mem2tail,55.523,56.409
RES,7,96,enc-scalarrk,59.464,60.313
RES,7,112,enc-x8,33.554,34.129
RES,7,112,enc-basic,58.342,59.064
RES,7,112,enc-dual,50.959,51.343
RES,7,112,enc-fasttail,41.517,42.012
RES,7,112,enc-reload,57.782,58.369
RES,7,112,enc-mem2,70.327,71.173
RES,7,112,enc-mem2tail,56.672,57.674
RES,7,112,enc-scalarrk,68.123,69.179
RES,7,128,enc-x8,31.484,31.690
RES,7,128,enc-basic,41.774,43.441
RES,7,128,enc-dual,42.819,43.332
RES,7,128,enc-fasttail,43.281,43.968
RES,7,128,enc-reload,41.724,42.413
RES,7,128,enc-mem2,57.965,58.872
RES,7,128,enc-mem2tail,54.306,55.347
RES,7,128,enc-scalarrk,49.181,49.476
# SELFCHECK OK: 1..256 blocks, 3 variants
RES,7,16,dec-x8,13.925,14.094
RES,7,16,dec-basic,12.555,12.573
RES,7,16,dec-mem2,22.563,23.284
RES,7,32,dec-x8,15.252,15.315
RES,7,32,dec-basic,20.884,21.085
RES,7,32,dec-mem2,38.568,40.212
RES,7,48,dec-x8,18.615,18.879
RES,7,48,dec-basic,29.036,29.124
RES,7,48,dec-mem2,54.827,55.607
RES,7,64,dec-x8,22.649,22.684
RES,7,64,dec-basic,22.916,24.185
RES,7,64,dec-mem2,70.592,72.679
RES,7,80,dec-x8,30.125,30.317
RES,7,80,dec-basic,29.113,29.822
RES,7,80,dec-mem2,86.725,90.062
RES,7,96,dec-x8,30.879,31.658
RES,7,96,dec-basic,36.293,37.129
RES,7,96,dec-mem2,101.815,106.847
RES,7,112,dec-x8,33.067,34.258
RES,7,112,dec-basic,44.950,45.552
RES,7,112,dec-mem2,119.779,123.534
RES,7,128,dec-x8,30.228,31.408
RES,7,128,dec-basic,38.763,39.324
RES,7,128,dec-mem2,52.808,53.470
DONE: 14 correctness gates
