### AA-base : base base base base
mix  |   base_0 |   base_1 |   base_2 |   base_3 ||  base_1%  base_2%  base_3%
A    |   33.251 |   33.128 |   33.142 |   33.178 ||   -0.37   -0.33   -0.22
B    |   70.498 |   70.614 |   70.382 |   70.658 ||   +0.17   -0.16   +0.23
C    |   46.881 |   46.702 |   46.873 |   46.853 ||   -0.38   -0.02   -0.06
D    |   28.233 |   28.226 |   28.260 |   28.274 ||   -0.03   +0.09   +0.14
E    |   30.396 |   30.393 |   30.423 |   30.421 ||   -0.01   +0.09   +0.08
F    |   32.422 |   32.426 |   32.381 |   32.424 ||   +0.01   -0.13   +0.00
R1   |   32.695 |   32.667 |   32.685 |   32.789 ||   -0.08   -0.03   +0.29
R2   |   32.769 |   32.286 |   32.409 |   32.566 ||   -1.47   -1.10   -0.62
R3   |   32.861 |   32.250 |   32.870 |   33.067 ||   -1.86   +0.03   +0.63
R4   |   31.498 |   32.171 |   31.116 |   31.375 ||   +2.14   -1.21   -0.39
R6   |   30.737 |   30.757 |   30.816 |   30.831 ||   +0.06   +0.26   +0.30
mix  |   base_0 |   base_1 |   base_2 |   base_3 ||  base_1%  base_2%  base_3%
A    |   33.234 |   33.117 |   33.101 |   33.124 ||   -0.35   -0.40   -0.33
B    |   70.475 |   70.597 |   70.416 |   70.732 ||   +0.17   -0.08   +0.37
C    |   46.950 |   46.683 |   46.924 |   46.792 ||   -0.57   -0.05   -0.34
D    |   28.219 |   28.210 |   28.242 |   28.244 ||   -0.03   +0.08   +0.09
E    |   30.416 |   30.387 |   30.364 |   30.432 ||   -0.09   -0.17   +0.05
F    |   32.405 |   32.447 |   32.371 |   32.422 ||   +0.13   -0.10   +0.06
R1   |   32.679 |   32.731 |   32.684 |   32.834 ||   +0.16   +0.01   +0.47
R2   |   32.761 |   32.255 |   32.553 |   32.967 ||   -1.55   -0.64   +0.63
R3   |   32.903 |   32.714 |   32.768 |   33.130 ||   -0.58   -0.41   +0.69
R4   |   31.097 |   31.322 |   31.124 |   31.481 ||   +0.73   +0.09   +1.23
R6   |   30.736 |   30.709 |   30.751 |   30.724 ||   -0.09   +0.05   -0.04
### AA-m4s4 : m4s4 m4s4 m4s4 m4s4
mix  |   m4s4_0 |   m4s4_1 |   m4s4_2 |   m4s4_3 ||  m4s4_1%  m4s4_2%  m4s4_3%
A    |   31.680 |   31.912 |   31.641 |   31.857 ||   +0.73   -0.12   +0.56
B    |   69.489 |   69.748 |   69.583 |   69.673 ||   +0.37   +0.14   +0.27
C    |   45.311 |   45.446 |   45.338 |   45.479 ||   +0.30   +0.06   +0.37
D    |   15.253 |   15.123 |   15.277 |   15.115 ||   -0.85   +0.16   -0.90
E    |   21.624 |   21.840 |   21.675 |   21.614 ||   +1.00   +0.24   -0.05
F    |   34.528 |   34.776 |   34.512 |   34.851 ||   +0.72   -0.05   +0.93
R1   |   37.353 |   36.983 |   37.407 |   37.026 ||   -0.99   +0.14   -0.88
R2   |   38.334 |   38.043 |   38.317 |   38.027 ||   -0.76   -0.04   -0.80
R3   |   38.495 |   38.241 |   38.550 |   38.243 ||   -0.66   +0.14   -0.65
R4   |   38.599 |   38.355 |   38.628 |   38.351 ||   -0.63   +0.07   -0.64
R6   |   38.603 |   38.403 |   38.629 |   38.386 ||   -0.52   +0.07   -0.56
mix  |   m4s4_0 |   m4s4_1 |   m4s4_2 |   m4s4_3 ||  m4s4_1%  m4s4_2%  m4s4_3%
A    |   31.675 |   31.945 |   31.805 |   31.837 ||   +0.85   +0.41   +0.51
B    |   69.473 |   69.733 |   69.548 |   69.676 ||   +0.38   +0.11   +0.29
C    |   45.376 |   45.480 |   45.353 |   45.492 ||   +0.23   -0.05   +0.26
D    |   15.264 |   15.115 |   15.293 |   15.108 ||   -0.98   +0.19   -1.02
E    |   21.623 |   21.844 |   21.739 |   21.612 ||   +1.02   +0.54   -0.05
F    |   34.559 |   34.843 |   34.544 |   34.790 ||   +0.82   -0.04   +0.67
R1   |   37.354 |   36.966 |   37.399 |   37.042 ||   -1.04   +0.12   -0.83
R2   |   38.307 |   38.033 |   38.344 |   38.044 ||   -0.72   +0.10   -0.68
R3   |   38.498 |   38.242 |   38.554 |   38.218 ||   -0.66   +0.14   -0.73
R4   |   38.585 |   38.337 |   38.617 |   38.359 ||   -0.64   +0.08   -0.58
R6   |   38.603 |   38.394 |   38.619 |   38.385 ||   -0.54   +0.04   -0.56
### AA-m4s4h : m4s4h m4s4h m4s4h m4s4h
mix  |  m4s4h_0 |  m4s4h_1 |  m4s4h_2 |  m4s4h_3 || m4s4h_1% m4s4h_2% m4s4h_3%
A    |   30.865 |   30.962 |   30.818 |   30.801 ||   +0.31   -0.15   -0.21
B    |   68.779 |   68.996 |   69.067 |   68.990 ||   +0.32   +0.42   +0.31
C    |   45.064 |   45.137 |   45.040 |   45.011 ||   +0.16   -0.05   -0.12
D    |   15.026 |   15.024 |   15.034 |   15.037 ||   -0.01   +0.06   +0.07
E    |   20.657 |   20.631 |   20.608 |   20.639 ||   -0.13   -0.24   -0.09
F    |   32.646 |   32.614 |   32.574 |   32.547 ||   -0.10   -0.22   -0.31
R1   |   35.643 |   35.559 |   35.792 |   35.708 ||   -0.23   +0.42   +0.18
R2   |   36.370 |   36.239 |   36.502 |   36.387 ||   -0.36   +0.36   +0.05
R3   |   36.453 |   36.345 |   36.515 |   36.411 ||   -0.30   +0.17   -0.11
R4   |   36.490 |   36.409 |   36.496 |   36.400 ||   -0.22   +0.02   -0.25
R6   |   36.440 |   36.439 |   36.495 |   36.474 ||   -0.00   +0.15   +0.09
mix  |  m4s4h_0 |  m4s4h_1 |  m4s4h_2 |  m4s4h_3 || m4s4h_1% m4s4h_2% m4s4h_3%
A    |   30.929 |   30.939 |   30.850 |   30.776 ||   +0.03   -0.26   -0.49
B    |   69.047 |   69.112 |   69.091 |   68.910 ||   +0.09   +0.06   -0.20
C    |   45.046 |   45.097 |   45.049 |   45.002 ||   +0.11   +0.01   -0.10
D    |   15.035 |   15.016 |   15.014 |   15.037 ||   -0.13   -0.14   +0.01
E    |   20.616 |   20.629 |   20.578 |   20.546 ||   +0.06   -0.19   -0.34
F    |   32.674 |   32.576 |   32.617 |   32.574 ||   -0.30   -0.18   -0.31
R1   |   35.589 |   35.484 |   35.709 |   35.725 ||   -0.29   +0.34   +0.38
R2   |   36.381 |   36.253 |   36.276 |   36.430 ||   -0.35   -0.29   +0.13
R3   |   36.367 |   36.443 |   36.366 |   36.439 ||   +0.21   -0.00   +0.20
R4   |   36.474 |   36.393 |   36.418 |   36.481 ||   -0.22   -0.15   +0.02
R6   |   36.464 |   36.460 |   36.443 |   36.477 ||   -0.01   -0.06   +0.03
### AA-t4p8 : t4p8 t4p8 t4p8 t4p8
mix  |   t4p8_0 |   t4p8_1 |   t4p8_2 |   t4p8_3 ||  t4p8_1%  t4p8_2%  t4p8_3%
A    |   28.983 |   28.811 |   29.204 |   29.433 ||   -0.60   +0.76   +1.55
B    |   67.646 |   67.549 |   67.839 |   67.773 ||   -0.14   +0.29   +0.19
C    |   44.289 |   44.256 |   44.326 |   44.353 ||   -0.07   +0.08   +0.14
D    |   14.574 |   14.535 |   14.533 |   14.550 ||   -0.27   -0.29   -0.16
E    |   18.490 |   18.523 |   18.500 |   18.493 ||   +0.18   +0.05   +0.02
F    |   27.554 |   27.206 |   27.588 |   27.593 ||   -1.27   +0.12   +0.14
R1   |   33.091 |   33.186 |   33.126 |   33.062 ||   +0.29   +0.11   -0.09
R2   |   30.543 |   30.604 |   31.130 |   31.066 ||   +0.20   +1.92   +1.71
R3   |   29.806 |   29.797 |   30.158 |   29.995 ||   -0.03   +1.18   +0.63
R4   |   29.376 |   29.397 |   29.806 |   29.632 ||   +0.07   +1.46   +0.87
R6   |   28.571 |   28.586 |   28.870 |   28.835 ||   +0.05   +1.05   +0.93
mix  |   t4p8_0 |   t4p8_1 |   t4p8_2 |   t4p8_3 ||  t4p8_1%  t4p8_2%  t4p8_3%
A    |   28.966 |   28.748 |   29.230 |   29.395 ||   -0.75   +0.91   +1.48
B    |   67.597 |   67.588 |   68.006 |   67.662 ||   -0.01   +0.60   +0.10
C    |   44.294 |   44.208 |   44.235 |   44.204 ||   -0.19   -0.13   -0.20
D    |   14.557 |   14.532 |   14.516 |   14.539 ||   -0.17   -0.28   -0.12
E    |   18.483 |   18.508 |   18.502 |   18.458 ||   +0.14   +0.11   -0.13
F    |   27.505 |   27.490 |   27.541 |   27.570 ||   -0.05   +0.13   +0.24
R1   |   33.046 |   33.034 |   33.146 |   32.958 ||   -0.04   +0.31   -0.27
R2   |   30.557 |   30.541 |   31.171 |   30.912 ||   -0.05   +2.01   +1.16
R3   |   29.827 |   29.813 |   30.161 |   29.953 ||   -0.05   +1.12   +0.42
R4   |   29.368 |   29.389 |   29.618 |   29.526 ||   +0.07   +0.85   +0.54
R6   |   28.584 |   28.624 |   28.881 |   28.799 ||   +0.14   +1.04   +0.75
### AA-s4h : s4h s4h s4h s4h
mix  |    s4h_0 |    s4h_1 |    s4h_2 |    s4h_3 ||   s4h_1%   s4h_2%   s4h_3%
A    |   30.037 |   30.148 |   30.118 |   30.064 ||   +0.37   +0.27   +0.09
B    |   68.263 |   68.087 |   68.026 |   68.135 ||   -0.26   -0.35   -0.19
C    |   45.012 |   45.078 |   44.919 |   44.894 ||   +0.15   -0.21   -0.26
D    |   15.059 |   15.106 |   15.090 |   15.061 ||   +0.31   +0.21   +0.01
E    |   20.721 |   20.868 |   20.902 |   20.871 ||   +0.71   +0.88   +0.73
F    |   28.905 |   28.790 |   28.791 |   28.728 ||   -0.40   -0.40   -0.61
R1   |   32.755 |   32.859 |   32.839 |   32.677 ||   +0.32   +0.26   -0.24
R2   |   32.944 |   32.990 |   32.972 |   32.968 ||   +0.14   +0.08   +0.07
R3   |   32.987 |   33.012 |   32.488 |   32.988 ||   +0.08   -1.51   +0.00
R4   |   31.246 |   31.348 |   31.233 |   31.235 ||   +0.32   -0.04   -0.04
R6   |   30.853 |   30.839 |   30.838 |   30.727 ||   -0.05   -0.05   -0.41
mix  |    s4h_0 |    s4h_1 |    s4h_2 |    s4h_3 ||   s4h_1%   s4h_2%   s4h_3%
A    |   30.084 |   30.150 |   30.094 |   30.048 ||   +0.22   +0.03   -0.12
B    |   67.997 |   68.198 |   67.976 |   68.158 ||   +0.30   -0.03   +0.24
C    |   45.000 |   45.035 |   44.953 |   45.008 ||   +0.08   -0.10   +0.02
D    |   15.109 |   15.048 |   15.083 |   15.093 ||   -0.40   -0.17   -0.11
E    |   20.927 |   20.770 |   20.951 |   20.834 ||   -0.75   +0.12   -0.44
F    |   28.921 |   28.770 |   28.787 |   28.761 ||   -0.52   -0.46   -0.55
R1   |   32.821 |   32.865 |   32.790 |   32.734 ||   +0.13   -0.10   -0.27
R2   |   32.728 |   32.993 |   32.976 |   32.821 ||   +0.81   +0.76   +0.28
R3   |   32.715 |   33.026 |   32.659 |   32.994 ||   +0.95   -0.17   +0.85
R4   |   31.216 |   31.219 |   31.235 |   31.218 ||   +0.01   +0.06   +0.01
R6   |   30.875 |   30.860 |   30.848 |   30.868 ||   -0.05   -0.09   -0.03
### p-t4p8-m4s4h : t4p8 m4s4h t4p8 m4s4h
mix  |   t4p8_0 |  m4s4h_1 |   t4p8_2 |  m4s4h_3 || m4s4h_1%  t4p8_2% m4s4h_3%
A    |   28.972 |   30.879 |   28.823 |   30.880 ||   +6.58   -0.51   +6.59
B    |   67.666 |   68.793 |   67.706 |   68.948 ||   +1.67   +0.06   +1.90
C    |   44.176 |   45.080 |   44.294 |   45.069 ||   +2.05   +0.27   +2.02
D    |   14.557 |   15.028 |   14.536 |   15.042 ||   +3.24   -0.14   +3.33
E    |   18.502 |   20.591 |   18.458 |   20.588 ||  +11.29   -0.24  +11.28
F    |   27.575 |   32.526 |   27.568 |   32.432 ||  +17.95   -0.03  +17.61
R1   |   33.096 |   35.546 |   33.061 |   35.647 ||   +7.40   -0.10   +7.71
R2   |   30.514 |   36.327 |   30.499 |   36.298 ||  +19.05   -0.05  +18.96
R3   |   29.774 |   36.374 |   29.781 |   36.368 ||  +22.17   +0.03  +22.15
R4   |   29.329 |   36.439 |   29.363 |   36.419 ||  +24.24   +0.11  +24.17
R6   |   28.562 |   36.462 |   28.568 |   36.425 ||  +27.66   +0.02  +27.53
mix  |   t4p8_0 |  m4s4h_1 |   t4p8_2 |  m4s4h_3 || m4s4h_1%  t4p8_2% m4s4h_3%
A    |   28.904 |   30.826 |   28.785 |   30.808 ||   +6.65   -0.41   +6.59
B    |   67.572 |   68.835 |   67.653 |   68.953 ||   +1.87   +0.12   +2.04
C    |   44.239 |   45.081 |   44.328 |   45.036 ||   +1.90   +0.20   +1.80
D    |   14.549 |   15.045 |   14.537 |   15.050 ||   +3.40   -0.09   +3.44
E    |   18.430 |   20.580 |   18.456 |   20.604 ||  +11.67   +0.14  +11.80
F    |   27.518 |   32.503 |   27.524 |   32.496 ||  +18.11   +0.02  +18.09
R1   |   33.063 |   35.614 |   33.118 |   35.620 ||   +7.72   +0.17   +7.74
R2   |   30.505 |   36.247 |   30.510 |   36.281 ||  +18.82   +0.02  +18.94
R3   |   29.793 |   36.370 |   29.783 |   36.372 ||  +22.07   -0.04  +22.08
R4   |   29.354 |   36.422 |   29.353 |   36.400 ||  +24.08   -0.00  +24.00
R6   |   28.576 |   36.470 |   28.585 |   36.468 ||  +27.63   +0.03  +27.62
### p-m4s4h-t4p8 : m4s4h t4p8 m4s4h t4p8
mix  |  m4s4h_0 |   t4p8_1 |  m4s4h_2 |   t4p8_3 ||  t4p8_1% m4s4h_2%  t4p8_3%
A    |   30.838 |   28.993 |   30.744 |   29.285 ||   -5.98   -0.30   -5.03
B    |   68.916 |   67.873 |   68.876 |   67.760 ||   -1.51   -0.06   -1.68
C    |   44.960 |   44.182 |   45.022 |   44.304 ||   -1.73   +0.14   -1.46
D    |   15.028 |   14.562 |   15.027 |   14.547 ||   -3.10   -0.01   -3.21
E    |   20.635 |   18.512 |   20.604 |   18.528 ||  -10.29   -0.15  -10.21
F    |   32.553 |   27.525 |   32.513 |   27.593 ||  -15.44   -0.12  -15.24
R1   |   35.538 |   33.008 |   35.548 |   33.158 ||   -7.12   +0.03   -6.70
R2   |   36.232 |   30.536 |   36.236 |   31.259 ||  -15.72   +0.01  -13.73
R3   |   36.327 |   29.811 |   36.365 |   30.305 ||  -17.94   +0.11  -16.58
R4   |   36.413 |   29.364 |   36.396 |   29.735 ||  -19.36   -0.05  -18.34
R6   |   36.444 |   28.601 |   36.423 |   28.917 ||  -21.52   -0.06  -20.66
mix  |  m4s4h_0 |   t4p8_1 |  m4s4h_2 |   t4p8_3 ||  t4p8_1% m4s4h_2%  t4p8_3%
A    |   30.900 |   29.035 |   30.804 |   29.246 ||   -6.04   -0.31   -5.35
B    |   68.943 |   67.514 |   68.965 |   67.842 ||   -2.07   +0.03   -1.60
C    |   44.885 |   44.250 |   44.995 |   44.197 ||   -1.41   +0.24   -1.53
D    |   15.035 |   14.554 |   15.012 |   14.525 ||   -3.20   -0.15   -3.39
E    |   20.592 |   18.488 |   20.595 |   18.480 ||  -10.22   +0.01  -10.26
F    |   32.573 |   27.527 |   32.511 |   27.506 ||  -15.49   -0.19  -15.56
R1   |   35.650 |   33.035 |   35.613 |   33.084 ||   -7.33   -0.10   -7.20
R2   |   36.356 |   30.605 |   36.342 |   32.267 ||  -15.82   -0.04  -11.25
R3   |   36.460 |   29.822 |   36.407 |   30.200 ||  -18.21   -0.15  -17.17
R4   |   36.452 |   29.370 |   36.430 |   29.682 ||  -19.43   -0.06  -18.57
R6   |   36.443 |   28.609 |   36.450 |   28.733 ||  -21.50   +0.02  -21.16
### p-t4p8-m4s4 : t4p8 m4s4 t4p8 m4s4
mix  |   t4p8_0 |   m4s4_1 |   t4p8_2 |   m4s4_3 ||  m4s4_1%  t4p8_2%  m4s4_3%
A    |   28.962 |   31.699 |   29.195 |   31.836 ||   +9.45   +0.80   +9.92
B    |   67.498 |   69.335 |   67.371 |   69.383 ||   +2.72   -0.19   +2.79
C    |   44.288 |   45.343 |   44.390 |   45.509 ||   +2.38   +0.23   +2.76
D    |   14.542 |   15.236 |   14.514 |   15.110 ||   +4.78   -0.19   +3.91
E    |   18.519 |   21.537 |   18.197 |   21.713 ||  +16.30   -1.73  +17.25
F    |   27.584 |   34.444 |   27.635 |   34.847 ||  +24.87   +0.18  +26.33
R1   |   33.076 |   37.330 |   33.202 |   37.046 ||  +12.86   +0.38  +12.00
R2   |   30.511 |   38.349 |   31.024 |   38.069 ||  +25.69   +1.68  +24.77
R3   |   29.774 |   38.509 |   30.267 |   38.234 ||  +29.34   +1.66  +28.41
R4   |   29.325 |   38.614 |   29.753 |   38.360 ||  +31.67   +1.46  +30.81
R6   |   28.550 |   38.618 |   28.897 |   38.385 ||  +35.26   +1.21  +34.45
mix  |   t4p8_0 |   m4s4_1 |   t4p8_2 |   m4s4_3 ||  m4s4_1%  t4p8_2%  m4s4_3%
A    |   28.958 |   31.802 |   29.209 |   31.785 ||   +9.82   +0.87   +9.76
B    |   67.589 |   69.421 |   67.430 |   69.611 ||   +2.71   -0.24   +2.99
C    |   44.200 |   45.341 |   44.253 |   45.457 ||   +2.58   +0.12   +2.84
D    |   14.551 |   15.259 |   14.520 |   15.106 ||   +4.86   -0.21   +3.81
E    |   18.464 |   21.556 |   18.181 |   21.769 ||  +16.75   -1.53  +17.90
F    |   27.504 |   34.480 |   27.598 |   34.826 ||  +25.36   +0.34  +26.62
R1   |   33.033 |   37.427 |   33.087 |   36.990 ||  +13.30   +0.16  +11.98
R2   |   30.535 |   38.351 |   31.095 |   38.020 ||  +25.60   +1.83  +24.51
R3   |   29.792 |   38.502 |   30.086 |   38.247 ||  +29.24   +0.99  +28.38
R4   |   29.349 |   38.592 |   29.803 |   38.353 ||  +31.49   +1.55  +30.68
R6   |   28.563 |   38.608 |   28.913 |   38.401 ||  +35.16   +1.23  +34.44
### p-m4s4-t4p8 : m4s4 t4p8 m4s4 t4p8
mix  |   m4s4_0 |   t4p8_1 |   m4s4_2 |   t4p8_3 ||  t4p8_1%  m4s4_2%  t4p8_3%
A    |   31.724 |   28.857 |   31.892 |   28.923 ||   -9.04   +0.53   -8.83
B    |   69.490 |   67.732 |   69.467 |   67.701 ||   -2.53   -0.03   -2.57
C    |   45.405 |   44.448 |   45.571 |   44.217 ||   -2.11   +0.37   -2.62
D    |   15.260 |   14.518 |   15.111 |   14.530 ||   -4.86   -0.97   -4.78
E    |   21.639 |   18.132 |   21.662 |   18.652 ||  -16.21   +0.11  -13.80
F    |   34.517 |   27.673 |   34.825 |   27.477 ||  -19.83   +0.89  -20.39
R1   |   37.279 |   32.939 |   37.141 |   33.022 ||  -11.64   -0.37  -11.42
R2   |   38.330 |   30.855 |   38.066 |   30.525 ||  -19.50   -0.69  -20.36
R3   |   38.481 |   30.038 |   38.229 |   29.777 ||  -21.94   -0.65  -22.62
R4   |   38.587 |   29.588 |   38.339 |   29.335 ||  -23.32   -0.64  -23.98
R6   |   38.614 |   28.851 |   38.379 |   28.586 ||  -25.28   -0.61  -25.97
mix  |   m4s4_0 |   t4p8_1 |   m4s4_2 |   t4p8_3 ||  t4p8_1%  m4s4_2%  t4p8_3%
A    |   31.678 |   28.818 |   31.858 |   28.984 ||   -9.03   +0.57   -8.50
B    |   69.667 |   67.349 |   69.490 |   67.548 ||   -3.33   -0.25   -3.04
C    |   45.340 |   44.412 |   45.493 |   44.189 ||   -2.05   +0.34   -2.54
D    |   15.256 |   14.522 |   15.115 |   14.531 ||   -4.81   -0.92   -4.75
E    |   21.599 |   18.158 |   21.691 |   18.617 ||  -15.93   +0.42  -13.81
F    |   34.542 |   27.571 |   34.862 |   27.453 ||  -20.18   +0.93  -20.52
R1   |   37.284 |   33.084 |   37.047 |   32.980 ||  -11.26   -0.64  -11.54
R2   |   38.329 |   30.938 |   38.064 |   30.529 ||  -19.28   -0.69  -20.35
R3   |   38.498 |   30.027 |   38.250 |   29.794 ||  -22.00   -0.64  -22.61
R4   |   38.584 |   29.640 |   38.370 |   29.350 ||  -23.18   -0.56  -23.93
R6   |   38.607 |   28.839 |   38.379 |   28.561 ||  -25.30   -0.59  -26.02
### p-m4s4-m4s4h : m4s4 m4s4h m4s4 m4s4h
mix  |   m4s4_0 |  m4s4h_1 |   m4s4_2 |  m4s4h_3 || m4s4h_1%  m4s4_2% m4s4h_3%
A    |   31.731 |   31.238 |   31.795 |   30.725 ||   -1.55   +0.20   -3.17
B    |   69.507 |   69.225 |   69.422 |   68.772 ||   -0.41   -0.12   -1.06
C    |   45.293 |   45.203 |   45.420 |   45.005 ||   -0.20   +0.28   -0.64
D    |   15.267 |   15.102 |   15.114 |   15.032 ||   -1.08   -1.01   -1.54
E    |   21.614 |   21.226 |   21.716 |   20.451 ||   -1.79   +0.47   -5.38
F    |   34.577 |   33.165 |   34.809 |   32.468 ||   -4.08   +0.67   -6.10
R1   |   37.379 |   35.469 |   37.003 |   35.553 ||   -5.11   -1.01   -4.89
R2   |   38.328 |   36.178 |   38.038 |   36.260 ||   -5.61   -0.76   -5.39
R3   |   38.498 |   36.297 |   38.250 |   36.344 ||   -5.72   -0.64   -5.60
R4   |   38.576 |   36.372 |   38.381 |   36.404 ||   -5.71   -0.51   -5.63
R6   |   38.624 |   36.440 |   38.395 |   36.430 ||   -5.66   -0.59   -5.68
mix  |   m4s4_0 |  m4s4h_1 |   m4s4_2 |  m4s4h_3 || m4s4h_1%  m4s4_2% m4s4h_3%
A    |   31.697 |   31.198 |   31.782 |   30.785 ||   -1.58   +0.27   -2.88
B    |   69.614 |   68.966 |   69.417 |   68.841 ||   -0.93   -0.28   -1.11
C    |   45.207 |   45.260 |   45.365 |   45.041 ||   +0.12   +0.35   -0.37
D    |   15.268 |   15.124 |   15.131 |   15.041 ||   -0.94   -0.90   -1.49
E    |   21.655 |   21.152 |   21.724 |   20.467 ||   -2.32   +0.32   -5.49
F    |   34.556 |   33.083 |   34.882 |   32.527 ||   -4.26   +0.94   -5.87
R1   |   37.315 |   35.497 |   36.960 |   35.538 ||   -4.87   -0.95   -4.76
R2   |   38.323 |   36.160 |   38.073 |   36.250 ||   -5.64   -0.65   -5.41
R3   |   38.492 |   36.314 |   38.265 |   36.418 ||   -5.66   -0.59   -5.39
R4   |   38.580 |   36.375 |   38.355 |   36.393 ||   -5.72   -0.59   -5.67
R6   |   38.605 |   36.439 |   38.380 |   36.449 ||   -5.61   -0.58   -5.59
### p-m4s4h-m4s4 : m4s4h m4s4 m4s4h m4s4
mix  |  m4s4h_0 |   m4s4_1 |  m4s4h_2 |   m4s4_3 ||  m4s4_1% m4s4h_2%  m4s4_3%
A    |   30.693 |   31.862 |   31.175 |   31.950 ||   +3.81   +1.57   +4.10
B    |   68.836 |   69.681 |   68.951 |   69.722 ||   +1.23   +0.17   +1.29
C    |   44.869 |   45.247 |   44.990 |   45.396 ||   +0.84   +0.27   +1.17
D    |   15.063 |   15.273 |   15.117 |   15.105 ||   +1.40   +0.36   +0.28
E    |   20.628 |   21.564 |   21.163 |   21.771 ||   +4.54   +2.59   +5.54
F    |   32.601 |   34.705 |   32.989 |   34.906 ||   +6.45   +1.19   +7.07
R1   |   35.662 |   37.434 |   35.445 |   37.063 ||   +4.97   -0.61   +3.93
R2   |   36.238 |   38.381 |   36.169 |   38.031 ||   +5.91   -0.19   +4.95
R3   |   36.388 |   38.568 |   36.317 |   38.220 ||   +5.99   -0.19   +5.03
R4   |   36.393 |   38.623 |   36.378 |   38.362 ||   +6.13   -0.04   +5.41
R6   |   36.467 |   38.628 |   36.455 |   38.379 ||   +5.92   -0.03   +5.24
mix  |  m4s4h_0 |   m4s4_1 |  m4s4h_2 |   m4s4_3 ||  m4s4_1% m4s4h_2%  m4s4_3%
A    |   30.880 |   31.814 |   31.114 |   31.937 ||   +3.03   +0.76   +3.42
B    |   68.866 |   69.684 |   68.673 |   69.668 ||   +1.19   -0.28   +1.16
C    |   45.008 |   45.365 |   45.105 |   45.558 ||   +0.79   +0.22   +1.22
D    |   15.015 |   15.255 |   15.192 |   15.131 ||   +1.60   +1.18   +0.77
E    |   20.686 |   21.572 |   21.268 |   21.816 ||   +4.29   +2.81   +5.46
F    |   32.596 |   34.765 |   32.939 |   34.886 ||   +6.65   +1.05   +7.03
R1   |   35.648 |   37.536 |   35.435 |   36.984 ||   +5.30   -0.60   +3.75
R2   |   36.372 |   38.417 |   36.159 |   38.038 ||   +5.62   -0.59   +4.58
R3   |   36.444 |   38.554 |   36.300 |   38.233 ||   +5.79   -0.39   +4.91
R4   |   36.477 |   38.609 |   36.373 |   38.380 ||   +5.84   -0.29   +5.22
R6   |   36.442 |   38.617 |   36.458 |   38.389 ||   +5.97   +0.04   +5.34
### p-t4-s4h : t4 s4h t4 s4h
mix  |     t4_0 |    s4h_1 |     t4_2 |    s4h_3 ||   s4h_1%    t4_2%   s4h_3%
A    |   28.672 |   30.029 |   28.721 |   30.135 ||   +4.73   +0.17   +5.10
B    |   67.050 |   68.089 |   66.991 |   67.969 ||   +1.55   -0.09   +1.37
C    |   44.289 |   44.966 |   44.197 |   45.062 ||   +1.53   -0.21   +1.74
D    |   14.507 |   15.126 |   14.533 |   15.099 ||   +4.27   +0.18   +4.08
E    |   18.177 |   20.490 |   18.141 |   20.984 ||  +12.72   -0.20  +15.44
F    |   27.685 |   28.657 |   27.786 |   28.726 ||   +3.51   +0.36   +3.76
R1   |   32.813 |   33.108 |   33.172 |   32.760 ||   +0.90   +1.09   -0.16
R2   |   32.840 |   33.226 |   33.259 |   32.942 ||   +1.17   +1.28   +0.31
R3   |   33.101 |   31.432 |   31.248 |   31.498 ||   -5.04   -5.60   -4.84
R4   |   31.209 |   31.024 |   31.009 |   31.222 ||   -0.60   -0.64   +0.04
R6   |   30.861 |   30.657 |   30.660 |   30.830 ||   -0.66   -0.65   -0.10
mix  |     t4_0 |    s4h_1 |     t4_2 |    s4h_3 ||   s4h_1%    t4_2%   s4h_3%
A    |   28.667 |   30.125 |   28.805 |   30.181 ||   +5.08   +0.48   +5.28
B    |   67.069 |   68.194 |   66.970 |   68.248 ||   +1.68   -0.15   +1.76
C    |   44.236 |   44.859 |   44.184 |   44.939 ||   +1.41   -0.12   +1.59
D    |   14.487 |   15.080 |   14.532 |   15.122 ||   +4.10   +0.32   +4.39
E    |   18.173 |   20.546 |   18.088 |   20.844 ||  +13.06   -0.46  +14.70
F    |   27.632 |   28.691 |   27.729 |   28.783 ||   +3.83   +0.35   +4.17
R1   |   32.629 |   32.995 |   33.016 |   32.655 ||   +1.12   +1.19   +0.08
R2   |   32.607 |   33.133 |   33.129 |   32.767 ||   +1.61   +1.60   +0.49
R3   |   32.795 |   33.270 |   33.327 |   32.790 ||   +1.45   +1.62   -0.02
R4   |   31.242 |   31.085 |   31.041 |   31.188 ||   -0.50   -0.64   -0.17
R6   |   30.861 |   30.656 |   30.672 |   30.843 ||   -0.66   -0.61   -0.06
### p-s4h-t4 : s4h t4 s4h t4
mix  |    s4h_0 |     t4_1 |    s4h_2 |     t4_3 ||    t4_1%   s4h_2%    t4_3%
A    |   30.166 |   28.667 |   29.922 |   28.936 ||   -4.97   -0.81   -4.08
B    |   68.017 |   67.114 |   68.021 |   67.397 ||   -1.33   +0.01   -0.91
C    |   45.130 |   44.454 |   45.013 |   44.200 ||   -1.50   -0.26   -2.06
D    |   15.046 |   14.513 |   15.056 |   14.539 ||   -3.54   +0.06   -3.37
E    |   20.872 |   18.355 |   20.655 |   18.275 ||  -12.06   -1.04  -12.44
F    |   28.873 |   27.752 |   28.735 |   27.864 ||   -3.88   -0.48   -3.50
R1   |   32.835 |   32.886 |   33.205 |   33.105 ||   +0.15   +1.13   +0.82
R2   |   33.041 |   32.963 |   33.489 |   33.377 ||   -0.24   +1.36   +1.02
R3   |   31.664 |   31.490 |   31.405 |   31.667 ||   -0.55   -0.82   +0.01
R4   |   31.190 |   31.241 |   31.041 |   31.022 ||   +0.16   -0.48   -0.54
R6   |   30.862 |   30.849 |   30.679 |   30.646 ||   -0.04   -0.59   -0.70
mix  |    s4h_0 |     t4_1 |    s4h_2 |     t4_3 ||    t4_1%   s4h_2%    t4_3%
A    |   30.120 |   28.729 |   29.991 |   28.885 ||   -4.62   -0.43   -4.10
B    |   68.197 |   67.154 |   67.966 |   67.251 ||   -1.53   -0.34   -1.39
C    |   45.004 |   44.331 |   44.823 |   44.262 ||   -1.50   -0.40   -1.65
D    |   15.089 |   14.478 |   15.055 |   14.540 ||   -4.05   -0.22   -3.64
E    |   20.957 |   18.348 |   20.564 |   18.220 ||  -12.45   -1.88  -13.06
F    |   28.790 |   27.694 |   28.639 |   27.762 ||   -3.81   -0.52   -3.57
R1   |   32.654 |   32.707 |   32.959 |   32.901 ||   +0.16   +0.93   +0.76
R2   |   32.732 |   32.658 |   33.051 |   32.961 ||   -0.22   +0.98   +0.70
R3   |   32.706 |   32.684 |   33.241 |   33.105 ||   -0.07   +1.63   +1.22
R4   |   31.264 |   31.447 |   31.107 |   31.046 ||   +0.59   -0.50   -0.70
R6   |   30.862 |   30.836 |   30.659 |   30.634 ||   -0.08   -0.66   -0.74
### p-m4s4h-s4h : m4s4h s4h m4s4h s4h
mix  |  m4s4h_0 |    s4h_1 |  m4s4h_2 |    s4h_3 ||   s4h_1% m4s4h_2%   s4h_3%
A    |   30.846 |   30.187 |   30.786 |   30.100 ||   -2.14   -0.20   -2.42
B    |   68.775 |   68.228 |   68.883 |   68.172 ||   -0.79   +0.16   -0.88
C    |   44.972 |   45.127 |   45.033 |   45.049 ||   +0.34   +0.14   +0.17
D    |   15.039 |   15.072 |   15.048 |   15.083 ||   +0.22   +0.06   +0.29
E    |   20.594 |   20.750 |   20.422 |   20.958 ||   +0.76   -0.83   +1.77
F    |   32.626 |   28.755 |   32.584 |   28.672 ||  -11.86   -0.13  -12.12
R1   |   35.604 |   32.807 |   35.640 |   32.801 ||   -7.86   +0.10   -7.87
R2   |   36.373 |   32.536 |   36.238 |   32.929 ||  -10.55   -0.37   -9.47
R3   |   36.444 |   32.694 |   36.418 |   33.048 ||  -10.29   -0.07   -9.32
R4   |   36.474 |   31.346 |   36.480 |   32.018 ||  -14.06   +0.02  -12.22
R6   |   36.469 |   30.862 |   36.458 |   30.837 ||  -15.37   -0.03  -15.44
mix  |  m4s4h_0 |    s4h_1 |  m4s4h_2 |    s4h_3 ||   s4h_1% m4s4h_2%   s4h_3%
A    |   30.685 |   30.197 |   30.827 |   30.152 ||   -1.59   +0.46   -1.74
B    |   68.894 |   68.178 |   68.822 |   68.131 ||   -1.04   -0.10   -1.11
C    |   45.007 |   45.224 |   44.996 |   45.052 ||   +0.48   -0.03   +0.10
D    |   15.050 |   15.071 |   15.070 |   15.056 ||   +0.14   +0.13   +0.04
E    |   20.604 |   20.901 |   20.448 |   20.979 ||   +1.44   -0.76   +1.82
F    |   32.604 |   28.754 |   32.583 |   28.746 ||  -11.81   -0.06  -11.83
R1   |   35.648 |   32.735 |   35.685 |   32.831 ||   -8.17   +0.10   -7.90
R2   |   36.350 |   32.539 |   36.397 |   32.980 ||  -10.48   +0.13   -9.27
R3   |   36.366 |   32.587 |   36.448 |   33.084 ||  -10.39   +0.23   -9.02
R4   |   36.475 |   31.228 |   36.468 |   31.292 ||  -14.39   -0.02  -14.21
R6   |   36.469 |   30.878 |   36.443 |   30.874 ||  -15.33   -0.07  -15.34
### p-s4h-m4s4h : s4h m4s4h s4h m4s4h
mix  |    s4h_0 |  m4s4h_1 |    s4h_2 |  m4s4h_3 || m4s4h_1%   s4h_2% m4s4h_3%
A    |   30.066 |   30.856 |   30.066 |   30.764 ||   +2.63   +0.00   +2.32
B    |   68.245 |   68.894 |   68.180 |   68.877 ||   +0.95   -0.09   +0.93
C    |   45.059 |   45.071 |   44.965 |   44.995 ||   +0.03   -0.21   -0.14
D    |   15.119 |   15.016 |   15.072 |   15.037 ||   -0.68   -0.31   -0.54
E    |   21.006 |   20.494 |   20.892 |   20.648 ||   -2.43   -0.54   -1.70
F    |   28.844 |   32.548 |   28.775 |   32.505 ||  +12.84   -0.24  +12.69
R1   |   32.787 |   35.530 |   32.840 |   35.593 ||   +8.36   +0.16   +8.56
R2   |   32.935 |   36.248 |   32.982 |   36.287 ||  +10.06   +0.14  +10.18
R3   |   32.995 |   36.327 |   32.988 |   36.340 ||  +10.10   -0.02  +10.14
R4   |   31.287 |   36.376 |   31.353 |   36.412 ||  +16.27   +0.21  +16.38
R6   |   30.865 |   36.453 |   30.921 |   36.452 ||  +18.11   +0.18  +18.10
mix  |    s4h_0 |  m4s4h_1 |    s4h_2 |  m4s4h_3 || m4s4h_1%   s4h_2% m4s4h_3%
A    |   30.152 |   30.901 |   30.151 |   30.861 ||   +2.49   -0.00   +2.35
B    |   68.238 |   68.911 |   68.095 |   68.799 ||   +0.99   -0.21   +0.82
C    |   44.981 |   45.022 |   44.879 |   44.961 ||   +0.09   -0.23   -0.05
D    |   15.136 |   15.027 |   15.050 |   15.043 ||   -0.72   -0.57   -0.62
E    |   20.876 |   20.499 |   20.811 |   20.600 ||   -1.81   -0.31   -1.32
F    |   28.953 |   32.516 |   28.692 |   32.478 ||  +12.31   -0.90  +12.18
R1   |   32.668 |   35.562 |   32.667 |   35.647 ||   +8.86   -0.00   +9.12
R2   |   32.952 |   36.237 |   32.724 |   36.246 ||   +9.97   -0.69  +10.00
R3   |   31.805 |   36.336 |   33.014 |   36.348 ||  +14.25   +3.80  +14.28
R4   |   31.268 |   36.392 |   31.705 |   36.392 ||  +16.39   +1.40  +16.39
R6   |   30.884 |   36.407 |   30.827 |   36.450 ||  +17.89   -0.18  +18.02
