### AA-base : base base base base
mix  |   base_0 |   base_1 |   base_2 |   base_3 ||  base_1%  base_2%  base_3%
A    |   22.564 |   22.539 |   22.544 |   22.520 ||   -0.11   -0.09   -0.19
B    |   51.697 |   51.729 |   51.754 |   51.718 ||   +0.06   +0.11   +0.04
C    |   31.408 |   31.539 |   31.463 |   31.438 ||   +0.42   +0.17   +0.10
D    |   19.958 |   19.958 |   19.955 |   19.955 ||   +0.00   -0.02   -0.01
E    |   21.001 |   20.988 |   20.977 |   21.044 ||   -0.06   -0.12   +0.21
F    |   21.965 |   21.934 |   21.962 |   21.974 ||   -0.14   -0.02   +0.04
R1   |   22.025 |   22.034 |   22.037 |   22.020 ||   +0.04   +0.05   -0.02
R2   |   21.821 |   21.818 |   21.834 |   21.824 ||   -0.01   +0.06   +0.02
R3   |   21.733 |   21.722 |   21.727 |   21.732 ||   -0.05   -0.03   -0.00
R4   |   21.673 |   21.673 |   21.670 |   21.672 ||   +0.00   -0.01   -0.01
R6   |   21.604 |   21.600 |   21.598 |   21.601 ||   -0.02   -0.03   -0.01
mix  |   base_0 |   base_1 |   base_2 |   base_3 ||  base_1%  base_2%  base_3%
A    |   22.564 |   22.541 |   22.510 |   22.511 ||   -0.10   -0.24   -0.23
B    |   51.682 |   51.703 |   51.748 |   51.693 ||   +0.04   +0.13   +0.02
C    |   31.474 |   31.527 |   31.441 |   31.515 ||   +0.17   -0.10   +0.13
D    |   19.958 |   19.965 |   19.964 |   19.963 ||   +0.03   +0.03   +0.03
E    |   21.005 |   21.005 |   21.000 |   21.057 ||   +0.00   -0.02   +0.25
F    |   21.967 |   21.961 |   21.977 |   21.970 ||   -0.03   +0.05   +0.01
R1   |   22.034 |   22.024 |   22.029 |   22.016 ||   -0.05   -0.02   -0.08
R2   |   21.829 |   21.819 |   21.838 |   21.825 ||   -0.05   +0.04   -0.02
R3   |   21.728 |   21.724 |   21.731 |   21.722 ||   -0.02   +0.01   -0.03
R4   |   21.678 |   21.655 |   21.675 |   21.678 ||   -0.11   -0.02   -0.00
R6   |   21.603 |   21.602 |   21.604 |   21.596 ||   -0.00   +0.01   -0.03
### AA-m4s4 : m4s4 m4s4 m4s4 m4s4
mix  |   m4s4_0 |   m4s4_1 |   m4s4_2 |   m4s4_3 ||  m4s4_1%  m4s4_2%  m4s4_3%
A    |   20.324 |   20.422 |   20.368 |   20.402 ||   +0.48   +0.22   +0.38
B    |   50.126 |   50.156 |   50.150 |   50.210 ||   +0.06   +0.05   +0.17
C    |   30.021 |   30.132 |   29.958 |   30.074 ||   +0.37   -0.21   +0.18
D    |   10.986 |   10.988 |   10.988 |   10.988 ||   +0.02   +0.02   +0.02
E    |   13.422 |   13.460 |   13.387 |   13.458 ||   +0.28   -0.26   +0.27
F    |   21.391 |   21.458 |   21.434 |   21.445 ||   +0.31   +0.20   +0.25
R1   |   24.540 |   24.551 |   24.531 |   24.566 ||   +0.05   -0.03   +0.11
R2   |   24.964 |   24.943 |   24.920 |   24.977 ||   -0.08   -0.17   +0.05
R3   |   24.993 |   24.995 |   24.975 |   24.995 ||   +0.01   -0.07   +0.01
R4   |   25.004 |   25.007 |   25.006 |   25.013 ||   +0.01   +0.01   +0.04
R6   |   24.995 |   24.979 |   24.979 |   24.994 ||   -0.07   -0.06   -0.01
mix  |   m4s4_0 |   m4s4_1 |   m4s4_2 |   m4s4_3 ||  m4s4_1%  m4s4_2%  m4s4_3%
A    |   20.352 |   20.371 |   20.299 |   20.384 ||   +0.09   -0.26   +0.16
B    |   50.125 |   50.183 |   50.156 |   50.185 ||   +0.12   +0.06   +0.12
C    |   30.048 |   30.096 |   29.867 |   30.058 ||   +0.16   -0.60   +0.03
D    |   10.987 |   10.988 |   10.988 |   10.988 ||   +0.01   +0.02   +0.01
E    |   13.413 |   13.472 |   13.387 |   13.457 ||   +0.44   -0.20   +0.33
F    |   21.383 |   21.461 |   21.423 |   21.459 ||   +0.36   +0.19   +0.35
R1   |   24.563 |   24.551 |   24.535 |   24.578 ||   -0.05   -0.11   +0.06
R2   |   24.961 |   24.948 |   24.938 |   24.970 ||   -0.05   -0.09   +0.03
R3   |   24.977 |   24.992 |   24.981 |   24.998 ||   +0.06   +0.02   +0.08
R4   |   25.010 |   25.009 |   25.009 |   25.012 ||   -0.01   -0.01   +0.01
R6   |   24.994 |   24.979 |   24.986 |   24.991 ||   -0.06   -0.03   -0.01
### AA-m4s4h : m4s4h m4s4h m4s4h m4s4h
mix  |  m4s4h_0 |  m4s4h_1 |  m4s4h_2 |  m4s4h_3 || m4s4h_1% m4s4h_2% m4s4h_3%
A    |   19.855 |   19.868 |   19.855 |   19.835 ||   +0.07   -0.00   -0.10
B    |   49.774 |   49.698 |   49.723 |   49.721 ||   -0.15   -0.10   -0.11
C    |   29.738 |   29.856 |   29.621 |   29.764 ||   +0.40   -0.39   +0.09
D    |   10.965 |   10.963 |   10.964 |   10.965 ||   -0.02   -0.01   +0.00
E    |   12.630 |   12.644 |   12.606 |   12.632 ||   +0.11   -0.19   +0.02
F    |   20.672 |   20.638 |   20.620 |   20.689 ||   -0.17   -0.25   +0.08
R1   |   23.818 |   23.796 |   23.814 |   23.830 ||   -0.09   -0.02   +0.05
R2   |   24.054 |   24.036 |   24.055 |   24.060 ||   -0.07   +0.00   +0.02
R3   |   24.105 |   24.096 |   24.115 |   24.094 ||   -0.04   +0.04   -0.05
R4   |   24.142 |   24.143 |   24.144 |   24.149 ||   +0.01   +0.01   +0.03
R6   |   24.209 |   24.196 |   24.196 |   24.212 ||   -0.05   -0.05   +0.01
mix  |  m4s4h_0 |  m4s4h_1 |  m4s4h_2 |  m4s4h_3 || m4s4h_1% m4s4h_2% m4s4h_3%
A    |   19.817 |   19.812 |   19.796 |   19.857 ||   -0.02   -0.10   +0.21
B    |   49.762 |   49.727 |   49.715 |   49.721 ||   -0.07   -0.10   -0.08
C    |   29.734 |   29.882 |   29.620 |   29.712 ||   +0.50   -0.38   -0.07
D    |   10.965 |   10.965 |   10.965 |   10.966 ||   -0.00   +0.00   +0.01
E    |   12.608 |   12.639 |   12.599 |   12.619 ||   +0.25   -0.07   +0.09
F    |   20.687 |   20.637 |   20.618 |   20.670 ||   -0.24   -0.33   -0.08
R1   |   23.821 |   23.806 |   23.803 |   23.844 ||   -0.06   -0.08   +0.10
R2   |   24.055 |   24.031 |   24.046 |   24.051 ||   -0.10   -0.04   -0.02
R3   |   24.107 |   24.101 |   24.110 |   24.103 ||   -0.03   +0.01   -0.02
R4   |   24.143 |   24.139 |   24.142 |   24.151 ||   -0.02   -0.00   +0.03
R6   |   24.196 |   24.199 |   24.198 |   24.209 ||   +0.02   +0.01   +0.05
### AA-t4p8 : t4p8 t4p8 t4p8 t4p8
mix  |   t4p8_0 |   t4p8_1 |   t4p8_2 |   t4p8_3 ||  t4p8_1%  t4p8_2%  t4p8_3%
A    |   19.058 |   19.164 |   19.189 |   19.051 ||   +0.56   +0.69   -0.04
B    |   49.123 |   49.217 |   49.160 |   49.080 ||   +0.19   +0.07   -0.09
C    |   29.246 |   29.473 |   29.124 |   29.276 ||   +0.78   -0.42   +0.10
D    |   10.925 |   10.921 |   10.925 |   10.923 ||   -0.03   -0.00   -0.02
E    |   11.935 |   12.076 |   12.062 |   12.061 ||   +1.18   +1.06   +1.06
F    |   17.813 |   17.976 |   17.990 |   17.871 ||   +0.91   +0.99   +0.32
R1   |   22.222 |   22.253 |   22.239 |   22.235 ||   +0.14   +0.08   +0.06
R2   |   21.643 |   21.656 |   21.651 |   21.633 ||   +0.06   +0.04   -0.05
R3   |   21.208 |   21.205 |   21.203 |   21.181 ||   -0.01   -0.02   -0.13
R4   |   20.961 |   20.956 |   20.969 |   20.962 ||   -0.02   +0.04   +0.01
R6   |   20.513 |   20.510 |   20.497 |   20.512 ||   -0.01   -0.08   -0.01
mix  |   t4p8_0 |   t4p8_1 |   t4p8_2 |   t4p8_3 ||  t4p8_1%  t4p8_2%  t4p8_3%
A    |   18.996 |   19.188 |   19.199 |   19.041 ||   +1.01   +1.07   +0.24
B    |   49.125 |   49.204 |   49.176 |   49.088 ||   +0.16   +0.10   -0.08
C    |   29.245 |   29.452 |   29.161 |   29.275 ||   +0.71   -0.29   +0.10
D    |   10.920 |   10.924 |   10.919 |   10.924 ||   +0.03   -0.01   +0.03
E    |   11.933 |   12.086 |   12.039 |   12.071 ||   +1.29   +0.89   +1.16
F    |   17.835 |   17.987 |   17.974 |   17.846 ||   +0.85   +0.78   +0.07
R1   |   22.241 |   22.240 |   22.223 |   22.245 ||   -0.00   -0.08   +0.02
R2   |   21.645 |   21.658 |   21.640 |   21.626 ||   +0.06   -0.02   -0.09
R3   |   21.202 |   21.202 |   21.204 |   21.188 ||   -0.00   +0.01   -0.06
R4   |   20.964 |   20.965 |   20.964 |   20.952 ||   +0.01   +0.00   -0.06
R6   |   20.508 |   20.508 |   20.508 |   20.512 ||   +0.00   +0.00   +0.02
### AA-s4h : s4h s4h s4h s4h
mix  |    s4h_0 |    s4h_1 |    s4h_2 |    s4h_3 ||   s4h_1%   s4h_2%   s4h_3%
A    |   19.558 |   19.593 |   19.560 |   19.655 ||   +0.18   +0.01   +0.50
B    |   49.616 |   49.607 |   49.605 |   49.641 ||   -0.02   -0.02   +0.05
C    |   29.659 |   29.678 |   29.589 |   29.807 ||   +0.06   -0.24   +0.50
D    |   10.967 |   10.966 |   10.967 |   10.965 ||   -0.01   +0.00   -0.01
E    |   12.706 |   12.721 |   12.722 |   12.703 ||   +0.12   +0.12   -0.03
F    |   19.206 |   19.230 |   19.211 |   19.203 ||   +0.12   +0.03   -0.02
R1   |   22.108 |   22.123 |   22.120 |   22.114 ||   +0.07   +0.05   +0.03
R2   |   21.911 |   21.900 |   21.909 |   21.904 ||   -0.05   -0.01   -0.03
R3   |   21.782 |   21.797 |   21.787 |   21.789 ||   +0.07   +0.02   +0.03
R4   |   21.720 |   21.724 |   21.720 |   21.731 ||   +0.02   -0.00   +0.05
R6   |   21.626 |   21.622 |   21.636 |   21.629 ||   -0.02   +0.04   +0.01
mix  |    s4h_0 |    s4h_1 |    s4h_2 |    s4h_3 ||   s4h_1%   s4h_2%   s4h_3%
A    |   19.558 |   19.568 |   19.599 |   19.651 ||   +0.05   +0.21   +0.47
B    |   49.625 |   49.630 |   49.615 |   49.639 ||   +0.01   -0.02   +0.03
C    |   29.617 |   29.659 |   29.668 |   29.798 ||   +0.14   +0.17   +0.61
D    |   10.967 |   10.966 |   10.966 |   10.966 ||   -0.01   -0.01   -0.01
E    |   12.747 |   12.727 |   12.723 |   12.730 ||   -0.16   -0.19   -0.13
F    |   19.206 |   19.211 |   19.204 |   19.194 ||   +0.03   -0.01   -0.06
R1   |   22.110 |   22.124 |   22.116 |   22.104 ||   +0.06   +0.02   -0.03
R2   |   21.909 |   21.906 |   21.904 |   21.910 ||   -0.01   -0.02   +0.01
R3   |   21.788 |   21.792 |   21.777 |   21.777 ||   +0.02   -0.05   -0.05
R4   |   21.721 |   21.726 |   21.724 |   21.723 ||   +0.02   +0.01   +0.01
R6   |   21.628 |   21.621 |   21.635 |   21.631 ||   -0.03   +0.03   +0.02
### p-t4p8-m4s4h : t4p8 m4s4h t4p8 m4s4h
mix  |   t4p8_0 |  m4s4h_1 |   t4p8_2 |  m4s4h_3 || m4s4h_1%  t4p8_2% m4s4h_3%
A    |   19.067 |   19.832 |   19.153 |   19.880 ||   +4.01   +0.45   +4.27
B    |   49.080 |   49.685 |   49.133 |   49.714 ||   +1.23   +0.11   +1.29
C    |   29.281 |   29.838 |   29.210 |   29.827 ||   +1.90   -0.24   +1.86
D    |   10.925 |   10.966 |   10.919 |   10.962 ||   +0.38   -0.06   +0.34
E    |   12.037 |   12.610 |   12.024 |   12.625 ||   +4.76   -0.10   +4.88
F    |   17.850 |   20.625 |   17.960 |   20.668 ||  +15.55   +0.62  +15.79
R1   |   22.228 |   23.802 |   22.221 |   23.817 ||   +7.08   -0.03   +7.15
R2   |   21.632 |   24.054 |   21.647 |   24.056 ||  +11.20   +0.07  +11.20
R3   |   21.204 |   24.104 |   21.177 |   24.112 ||  +13.68   -0.13  +13.71
R4   |   20.973 |   24.137 |   20.944 |   24.146 ||  +15.09   -0.14  +15.13
R6   |   20.504 |   24.209 |   20.510 |   24.210 ||  +18.07   +0.03  +18.07
mix  |   t4p8_0 |  m4s4h_1 |   t4p8_2 |  m4s4h_3 || m4s4h_1%  t4p8_2% m4s4h_3%
A    |   19.092 |   19.812 |   19.197 |   19.886 ||   +3.77   +0.55   +4.16
B    |   49.079 |   49.680 |   49.119 |   49.705 ||   +1.22   +0.08   +1.28
C    |   29.232 |   29.844 |   29.211 |   29.805 ||   +2.09   -0.07   +1.96
D    |   10.922 |   10.965 |   10.917 |   10.965 ||   +0.39   -0.04   +0.40
E    |   12.038 |   12.598 |   12.022 |   12.602 ||   +4.65   -0.13   +4.69
F    |   17.853 |   20.628 |   17.937 |   20.685 ||  +15.54   +0.47  +15.86
R1   |   22.236 |   23.810 |   22.206 |   23.818 ||   +7.08   -0.14   +7.12
R2   |   21.637 |   24.050 |   21.637 |   24.056 ||  +11.15   -0.00  +11.18
R3   |   21.199 |   24.098 |   21.192 |   24.109 ||  +13.68   -0.04  +13.73
R4   |   20.975 |   24.139 |   20.950 |   24.141 ||  +15.08   -0.12  +15.09
R6   |   20.513 |   24.206 |   20.506 |   24.200 ||  +18.00   -0.04  +17.97
### p-m4s4h-t4p8 : m4s4h t4p8 m4s4h t4p8
mix  |  m4s4h_0 |   t4p8_1 |  m4s4h_2 |   t4p8_3 ||  t4p8_1% m4s4h_2%  t4p8_3%
A    |   19.806 |   19.149 |   19.846 |   19.075 ||   -3.32   +0.20   -3.69
B    |   49.765 |   49.146 |   49.750 |   49.095 ||   -1.24   -0.03   -1.35
C    |   29.803 |   29.495 |   29.670 |   29.301 ||   -1.03   -0.45   -1.68
D    |   10.965 |   10.919 |   10.964 |   10.920 ||   -0.42   -0.01   -0.41
E    |   12.630 |   12.059 |   12.617 |   11.994 ||   -4.52   -0.11   -5.04
F    |   20.703 |   17.993 |   20.619 |   17.820 ||  -13.09   -0.41  -13.92
R1   |   23.791 |   22.250 |   23.796 |   22.233 ||   -6.48   +0.02   -6.55
R2   |   24.040 |   21.626 |   24.051 |   21.658 ||  -10.04   +0.05   -9.91
R3   |   24.103 |   21.193 |   24.086 |   21.216 ||  -12.07   -0.07  -11.98
R4   |   24.133 |   20.984 |   24.130 |   20.961 ||  -13.05   -0.01  -13.14
R6   |   24.198 |   20.522 |   24.199 |   20.507 ||  -15.19   +0.01  -15.25
mix  |  m4s4h_0 |   t4p8_1 |  m4s4h_2 |   t4p8_3 ||  t4p8_1% m4s4h_2%  t4p8_3%
A    |   19.792 |   19.177 |   19.834 |   19.059 ||   -3.11   +0.21   -3.70
B    |   49.779 |   49.171 |   49.741 |   49.080 ||   -1.22   -0.08   -1.40
C    |   29.751 |   29.503 |   29.662 |   29.321 ||   -0.83   -0.30   -1.45
D    |   10.965 |   10.917 |   10.965 |   10.917 ||   -0.44   -0.00   -0.44
E    |   12.609 |   12.046 |   12.615 |   11.993 ||   -4.47   +0.04   -4.89
F    |   20.689 |   17.975 |   20.615 |   17.821 ||  -13.12   -0.36  -13.86
R1   |   23.794 |   22.255 |   23.802 |   22.226 ||   -6.46   +0.03   -6.59
R2   |   24.039 |   21.643 |   24.057 |   21.653 ||   -9.97   +0.08   -9.93
R3   |   24.104 |   21.187 |   24.099 |   21.205 ||  -12.10   -0.02  -12.02
R4   |   24.125 |   20.977 |   24.145 |   20.956 ||  -13.05   +0.09  -13.14
R6   |   24.192 |   20.525 |   24.197 |   20.515 ||  -15.16   +0.02  -15.20
### p-t4p8-m4s4 : t4p8 m4s4 t4p8 m4s4
mix  |   t4p8_0 |   m4s4_1 |   t4p8_2 |   m4s4_3 ||  m4s4_1%  t4p8_2%  m4s4_3%
A    |   19.100 |   20.323 |   19.145 |   20.350 ||   +6.41   +0.23   +6.55
B    |   49.093 |   50.127 |   49.135 |   50.157 ||   +2.10   +0.09   +2.17
C    |   29.271 |   30.144 |   29.107 |   30.057 ||   +2.98   -0.56   +2.68
D    |   10.924 |   10.987 |   10.917 |   10.989 ||   +0.58   -0.06   +0.60
E    |   12.056 |   13.385 |   12.001 |   13.469 ||  +11.03   -0.46  +11.72
F    |   17.866 |   21.393 |   17.937 |   21.436 ||  +19.74   +0.40  +19.98
R1   |   22.245 |   24.516 |   22.232 |   24.556 ||  +10.21   -0.06  +10.39
R2   |   21.658 |   24.937 |   21.642 |   24.937 ||  +15.14   -0.07  +15.14
R3   |   21.203 |   24.984 |   21.188 |   24.995 ||  +17.84   -0.07  +17.88
R4   |   20.967 |   25.009 |   20.962 |   25.003 ||  +19.28   -0.02  +19.25
R6   |   20.509 |   24.988 |   20.523 |   24.991 ||  +21.84   +0.07  +21.85
mix  |   t4p8_0 |   m4s4_1 |   t4p8_2 |   m4s4_3 ||  m4s4_1%  t4p8_2%  m4s4_3%
A    |   19.126 |   20.393 |   19.137 |   20.368 ||   +6.62   +0.05   +6.49
B    |   49.097 |   50.141 |   49.156 |   50.192 ||   +2.13   +0.12   +2.23
C    |   29.223 |   30.096 |   29.108 |   30.046 ||   +2.98   -0.40   +2.82
D    |   10.923 |   10.987 |   10.919 |   10.990 ||   +0.58   -0.04   +0.61
E    |   12.063 |   13.400 |   11.978 |   13.454 ||  +11.09   -0.70  +11.54
F    |   17.874 |   21.397 |   17.973 |   21.444 ||  +19.71   +0.55  +19.97
R1   |   22.250 |   24.525 |   22.235 |   24.552 ||  +10.23   -0.07  +10.35
R2   |   21.662 |   24.944 |   21.639 |   24.957 ||  +15.15   -0.11  +15.21
R3   |   21.204 |   24.984 |   21.199 |   24.992 ||  +17.83   -0.02  +17.87
R4   |   20.960 |   25.004 |   20.953 |   25.004 ||  +19.30   -0.03  +19.30
R6   |   20.509 |   24.982 |   20.526 |   24.992 ||  +21.81   +0.08  +21.86
### p-m4s4-t4p8 : m4s4 t4p8 m4s4 t4p8
mix  |   m4s4_0 |   t4p8_1 |   m4s4_2 |   t4p8_3 ||  t4p8_1%  m4s4_2%  t4p8_3%
A    |   20.282 |   19.134 |   20.384 |   19.015 ||   -5.66   +0.50   -6.25
B    |   50.128 |   49.109 |   50.214 |   49.139 ||   -2.03   +0.17   -1.97
C    |   30.010 |   29.400 |   29.878 |   29.273 ||   -2.03   -0.44   -2.45
D    |   10.984 |   10.919 |   10.989 |   10.922 ||   -0.59   +0.04   -0.56
E    |   13.406 |   12.054 |   13.472 |   11.974 ||  -10.09   +0.49  -10.69
F    |   21.379 |   17.952 |   21.486 |   17.849 ||  -16.03   +0.50  -16.51
R1   |   24.546 |   22.232 |   24.566 |   22.256 ||   -9.43   +0.08   -9.33
R2   |   24.937 |   21.659 |   24.974 |   21.661 ||  -13.15   +0.15  -13.14
R3   |   24.988 |   21.211 |   24.998 |   21.235 ||  -15.12   +0.04  -15.02
R4   |   24.995 |   20.978 |   25.013 |   20.977 ||  -16.07   +0.07  -16.08
R6   |   24.974 |   20.515 |   24.990 |   20.525 ||  -17.85   +0.07  -17.81
mix  |   m4s4_0 |   t4p8_1 |   m4s4_2 |   t4p8_3 ||  t4p8_1%  m4s4_2%  t4p8_3%
A    |   20.278 |   19.113 |   20.410 |   19.072 ||   -5.74   +0.65   -5.95
B    |   50.145 |   49.105 |   50.213 |   49.128 ||   -2.07   +0.14   -2.03
C    |   29.968 |   29.412 |   29.892 |   29.301 ||   -1.86   -0.25   -2.22
D    |   10.983 |   10.921 |   10.988 |   10.920 ||   -0.56   +0.04   -0.57
E    |   13.412 |   12.045 |   13.464 |   11.961 ||  -10.19   +0.39  -10.82
F    |   21.386 |   17.964 |   21.471 |   17.851 ||  -16.00   +0.40  -16.53
R1   |   24.545 |   22.233 |   24.563 |   22.256 ||   -9.42   +0.08   -9.32
R2   |   24.942 |   21.664 |   24.966 |   21.660 ||  -13.14   +0.10  -13.16
R3   |   24.978 |   21.211 |   24.999 |   21.208 ||  -15.08   +0.09  -15.09
R4   |   24.994 |   20.970 |   25.015 |   20.990 ||  -16.10   +0.08  -16.02
R6   |   24.969 |   20.515 |   24.993 |   20.527 ||  -17.84   +0.09  -17.79
### p-m4s4-m4s4h : m4s4 m4s4h m4s4 m4s4h
mix  |   m4s4_0 |  m4s4h_1 |   m4s4_2 |  m4s4h_3 || m4s4h_1%  m4s4_2% m4s4h_3%
A    |   20.318 |   19.963 |   20.402 |   19.883 ||   -1.74   +0.42   -2.14
B    |   50.151 |   49.785 |   50.199 |   49.644 ||   -0.73   +0.10   -1.01
C    |   29.946 |   29.805 |   29.891 |   29.729 ||   -0.47   -0.18   -0.72
D    |   10.984 |   10.965 |   10.987 |   10.965 ||   -0.18   +0.03   -0.17
E    |   13.403 |   12.753 |   13.448 |   12.606 ||   -4.86   +0.33   -5.95
F    |   21.386 |   20.765 |   21.457 |   20.695 ||   -2.90   +0.33   -3.23
R1   |   24.546 |   23.788 |   24.548 |   23.825 ||   -3.09   +0.01   -2.94
R2   |   24.953 |   24.018 |   24.966 |   24.044 ||   -3.74   +0.05   -3.64
R3   |   24.989 |   24.085 |   24.994 |   24.093 ||   -3.62   +0.02   -3.59
R4   |   25.004 |   24.117 |   24.998 |   24.146 ||   -3.55   -0.02   -3.43
R6   |   24.988 |   24.203 |   24.980 |   24.205 ||   -3.14   -0.03   -3.13
mix  |   m4s4_0 |  m4s4h_1 |   m4s4_2 |  m4s4h_3 || m4s4h_1%  m4s4_2% m4s4h_3%
A    |   20.300 |   19.954 |   20.405 |   19.930 ||   -1.70   +0.52   -1.82
B    |   50.137 |   49.800 |   50.222 |   49.746 ||   -0.67   +0.17   -0.78
C    |   30.011 |   29.755 |   29.896 |   29.759 ||   -0.85   -0.38   -0.84
D    |   10.985 |   10.963 |   10.988 |   10.965 ||   -0.20   +0.03   -0.18
E    |   13.406 |   12.755 |   13.432 |   12.611 ||   -4.86   +0.19   -5.94
F    |   21.401 |   20.766 |   21.447 |   20.680 ||   -2.97   +0.21   -3.37
R1   |   24.563 |   23.799 |   24.546 |   23.827 ||   -3.11   -0.07   -3.00
R2   |   24.954 |   24.029 |   24.959 |   24.053 ||   -3.70   +0.02   -3.61
R3   |   24.991 |   24.082 |   24.991 |   24.103 ||   -3.64   +0.00   -3.55
R4   |   25.005 |   24.115 |   24.999 |   24.140 ||   -3.56   -0.03   -3.46
R6   |   24.990 |   24.194 |   24.984 |   24.203 ||   -3.18   -0.02   -3.15
### p-m4s4h-m4s4 : m4s4h m4s4 m4s4h m4s4
mix  |  m4s4h_0 |   m4s4_1 |  m4s4h_2 |   m4s4_3 ||  m4s4_1% m4s4h_2%  m4s4_3%
A    |   19.817 |   20.367 |   19.903 |   20.352 ||   +2.78   +0.43   +2.70
B    |   49.729 |   50.161 |   49.833 |   50.205 ||   +0.87   +0.21   +0.96
C    |   29.712 |   30.148 |   29.601 |   30.053 ||   +1.47   -0.37   +1.15
D    |   10.965 |   10.986 |   10.960 |   10.987 ||   +0.19   -0.04   +0.20
E    |   12.616 |   13.384 |   12.737 |   13.439 ||   +6.09   +0.95   +6.52
F    |   20.671 |   21.417 |   20.758 |   21.443 ||   +3.61   +0.42   +3.73
R1   |   23.815 |   24.548 |   23.782 |   24.561 ||   +3.08   -0.14   +3.13
R2   |   24.041 |   24.957 |   24.042 |   24.959 ||   +3.81   +0.00   +3.82
R3   |   24.107 |   25.003 |   24.089 |   24.990 ||   +3.71   -0.08   +3.66
R4   |   24.139 |   25.009 |   24.113 |   25.001 ||   +3.61   -0.11   +3.57
R6   |   24.207 |   24.978 |   24.193 |   24.981 ||   +3.19   -0.06   +3.20
mix  |  m4s4h_0 |   m4s4_1 |  m4s4h_2 |   m4s4_3 ||  m4s4_1% m4s4h_2%  m4s4_3%
A    |   19.874 |   20.370 |   19.917 |   20.348 ||   +2.50   +0.22   +2.39
B    |   49.760 |   50.140 |   49.786 |   50.192 ||   +0.76   +0.05   +0.87
C    |   29.746 |   30.136 |   29.618 |   30.045 ||   +1.31   -0.43   +1.01
D    |   10.964 |   10.985 |   10.965 |   10.988 ||   +0.19   +0.00   +0.21
E    |   12.624 |   13.402 |   12.737 |   13.459 ||   +6.16   +0.90   +6.61
F    |   20.686 |   21.422 |   20.758 |   21.439 ||   +3.56   +0.35   +3.64
R1   |   23.826 |   24.551 |   23.798 |   24.572 ||   +3.04   -0.11   +3.13
R2   |   24.056 |   24.962 |   24.029 |   24.946 ||   +3.77   -0.11   +3.70
R3   |   24.107 |   25.003 |   24.071 |   24.989 ||   +3.72   -0.15   +3.66
R4   |   24.143 |   25.002 |   24.123 |   24.991 ||   +3.56   -0.08   +3.51
R6   |   24.195 |   24.981 |   24.188 |   24.988 ||   +3.25   -0.03   +3.28
### p-t4-s4h : t4 s4h t4 s4h
mix  |     t4_0 |    s4h_1 |     t4_2 |    s4h_3 ||   s4h_1%    t4_2%   s4h_3%
A    |   19.035 |   19.561 |   19.165 |   19.594 ||   +2.77   +0.68   +2.94
B    |   49.243 |   49.537 |   49.215 |   49.592 ||   +0.60   -0.06   +0.71
C    |   29.312 |   29.523 |   29.203 |   29.685 ||   +0.72   -0.37   +1.27
D    |   10.924 |   10.964 |   10.917 |   10.966 ||   +0.37   -0.06   +0.39
E    |   12.043 |   12.594 |   12.031 |   12.712 ||   +4.57   -0.10   +5.56
F    |   18.707 |   19.203 |   18.860 |   19.216 ||   +2.65   +0.81   +2.72
R1   |   22.119 |   22.095 |   22.085 |   22.142 ||   -0.11   -0.15   +0.11
R2   |   21.906 |   21.862 |   21.857 |   21.911 ||   -0.20   -0.22   +0.02
R3   |   21.786 |   21.768 |   21.769 |   21.802 ||   -0.08   -0.08   +0.07
R4   |   21.717 |   21.700 |   21.709 |   21.726 ||   -0.08   -0.04   +0.04
R6   |   21.626 |   21.621 |   21.630 |   21.635 ||   -0.03   +0.02   +0.04
mix  |     t4_0 |    s4h_1 |     t4_2 |    s4h_3 ||   s4h_1%    t4_2%   s4h_3%
A    |   19.060 |   19.554 |   19.119 |   19.559 ||   +2.59   +0.31   +2.62
B    |   49.233 |   49.531 |   49.224 |   49.607 ||   +0.61   -0.02   +0.76
C    |   29.334 |   29.513 |   29.266 |   29.693 ||   +0.61   -0.23   +1.23
D    |   10.924 |   10.965 |   10.917 |   10.967 ||   +0.38   -0.06   +0.39
E    |   12.013 |   12.594 |   12.029 |   12.722 ||   +4.83   +0.13   +5.90
F    |   18.717 |   19.176 |   18.851 |   19.213 ||   +2.45   +0.71   +2.65
R1   |   22.123 |   22.095 |   22.089 |   22.144 ||   -0.13   -0.15   +0.10
R2   |   21.905 |   21.867 |   21.861 |   21.914 ||   -0.17   -0.20   +0.04
R3   |   21.783 |   21.768 |   21.769 |   21.799 ||   -0.07   -0.07   +0.08
R4   |   21.720 |   21.700 |   21.710 |   21.723 ||   -0.09   -0.05   +0.02
R6   |   21.632 |   21.621 |   21.631 |   21.644 ||   -0.05   -0.01   +0.06
### p-s4h-t4 : s4h t4 s4h t4
mix  |    s4h_0 |     t4_1 |    s4h_2 |     t4_3 ||    t4_1%   s4h_2%    t4_3%
A    |   19.594 |   19.110 |   19.573 |   19.138 ||   -2.47   -0.11   -2.32
B    |   49.644 |   49.159 |   49.565 |   49.213 ||   -0.98   -0.16   -0.87
C    |   29.681 |   29.280 |   29.461 |   29.497 ||   -1.35   -0.74   -0.62
D    |   10.967 |   10.922 |   10.964 |   10.919 ||   -0.41   -0.03   -0.44
E    |   12.720 |   12.025 |   12.600 |   12.063 ||   -5.47   -0.95   -5.16
F    |   19.223 |   18.731 |   19.220 |   18.829 ||   -2.56   -0.01   -2.05
R1   |   22.119 |   22.124 |   22.086 |   22.100 ||   +0.02   -0.15   -0.09
R2   |   21.903 |   21.904 |   21.864 |   21.863 ||   +0.01   -0.18   -0.18
R3   |   21.796 |   21.797 |   21.777 |   21.770 ||   +0.01   -0.09   -0.12
R4   |   21.715 |   21.723 |   21.708 |   21.703 ||   +0.04   -0.03   -0.06
R6   |   21.628 |   21.635 |   21.618 |   21.616 ||   +0.03   -0.05   -0.06
mix  |    s4h_0 |     t4_1 |    s4h_2 |     t4_3 ||    t4_1%   s4h_2%    t4_3%
A    |   19.577 |   19.077 |   19.640 |   19.092 ||   -2.55   +0.32   -2.48
B    |   49.661 |   49.159 |   49.573 |   49.246 ||   -1.01   -0.18   -0.83
C    |   29.636 |   29.332 |   29.500 |   29.517 ||   -1.03   -0.46   -0.40
D    |   10.968 |   10.918 |   10.963 |   10.920 ||   -0.46   -0.05   -0.44
E    |   12.742 |   11.998 |   12.597 |   12.059 ||   -5.84   -1.14   -5.36
F    |   19.203 |   18.733 |   19.222 |   18.829 ||   -2.45   +0.10   -1.95
R1   |   22.120 |   22.112 |   22.089 |   22.099 ||   -0.04   -0.14   -0.10
R2   |   21.905 |   21.900 |   21.866 |   21.859 ||   -0.02   -0.18   -0.21
R3   |   21.783 |   21.791 |   21.766 |   21.769 ||   +0.04   -0.08   -0.06
R4   |   21.710 |   21.715 |   21.711 |   21.701 ||   +0.02   +0.01   -0.04
R6   |   21.625 |   21.629 |   21.620 |   21.619 ||   +0.02   -0.02   -0.03
### p-m4s4h-s4h : m4s4h s4h m4s4h s4h
mix  |  m4s4h_0 |    s4h_1 |  m4s4h_2 |    s4h_3 ||   s4h_1% m4s4h_2%   s4h_3%
A    |   19.842 |   19.620 |   19.843 |   19.593 ||   -1.11   +0.01   -1.25
B    |   49.785 |   49.623 |   49.732 |   49.699 ||   -0.32   -0.10   -0.17
C    |   29.715 |   29.791 |   29.748 |   29.549 ||   +0.26   +0.11   -0.56
D    |   10.964 |   10.968 |   10.965 |   10.966 ||   +0.03   +0.01   +0.02
E    |   12.613 |   12.692 |   12.675 |   12.711 ||   +0.63   +0.50   +0.78
F    |   20.708 |   19.281 |   20.676 |   19.259 ||   -6.89   -0.15   -7.00
R1   |   23.831 |   22.126 |   23.819 |   22.119 ||   -7.15   -0.05   -7.18
R2   |   24.056 |   21.902 |   24.067 |   21.908 ||   -8.95   +0.05   -8.93
R3   |   24.107 |   21.800 |   24.104 |   21.787 ||   -9.57   -0.01   -9.62
R4   |   24.137 |   21.728 |   24.150 |   21.725 ||   -9.98   +0.06   -9.99
R6   |   24.202 |   21.629 |   24.218 |   21.635 ||  -10.63   +0.07  -10.61
mix  |  m4s4h_0 |    s4h_1 |  m4s4h_2 |    s4h_3 ||   s4h_1% m4s4h_2%   s4h_3%
A    |   19.787 |   19.640 |   19.872 |   19.642 ||   -0.74   +0.43   -0.73
B    |   49.740 |   49.645 |   49.748 |   49.651 ||   -0.19   +0.02   -0.18
C    |   29.765 |   29.800 |   29.719 |   29.587 ||   +0.12   -0.16   -0.60
D    |   10.964 |   10.966 |   10.966 |   10.966 ||   +0.02   +0.02   +0.02
E    |   12.611 |   12.733 |   12.681 |   12.729 ||   +0.97   +0.55   +0.93
F    |   20.701 |   19.280 |   20.690 |   19.265 ||   -6.86   -0.05   -6.93
R1   |   23.832 |   22.124 |   23.840 |   22.127 ||   -7.16   +0.04   -7.15
R2   |   24.051 |   21.910 |   24.057 |   21.905 ||   -8.90   +0.02   -8.92
R3   |   24.109 |   21.802 |   24.108 |   21.784 ||   -9.57   -0.00   -9.64
R4   |   24.134 |   21.726 |   24.139 |   21.724 ||   -9.98   +0.02   -9.99
R6   |   24.205 |   21.633 |   24.211 |   21.631 ||  -10.63   +0.03  -10.64
### p-s4h-m4s4h : s4h m4s4h s4h m4s4h
mix  |    s4h_0 |  m4s4h_1 |    s4h_2 |  m4s4h_3 || m4s4h_1%   s4h_2% m4s4h_3%
A    |   19.573 |   19.773 |   19.514 |   19.836 ||   +1.02   -0.30   +1.34
B    |   49.648 |   49.743 |   49.601 |   49.742 ||   +0.19   -0.10   +0.19
C    |   29.695 |   29.792 |   29.644 |   29.739 ||   +0.33   -0.17   +0.15
D    |   10.966 |   10.965 |   10.967 |   10.965 ||   -0.01   +0.01   -0.01
E    |   12.723 |   12.628 |   12.731 |   12.615 ||   -0.75   +0.06   -0.85
F    |   19.219 |   20.685 |   19.229 |   20.681 ||   +7.63   +0.05   +7.61
R1   |   22.135 |   23.834 |   22.130 |   23.823 ||   +7.68   -0.02   +7.62
R2   |   21.913 |   24.060 |   21.904 |   24.057 ||   +9.80   -0.04   +9.78
R3   |   21.780 |   24.108 |   21.794 |   24.094 ||  +10.69   +0.07  +10.63
R4   |   21.714 |   24.137 |   21.725 |   24.142 ||  +11.16   +0.05  +11.18
R6   |   21.630 |   24.204 |   21.637 |   24.205 ||  +11.90   +0.03  +11.90
mix  |    s4h_0 |  m4s4h_1 |    s4h_2 |  m4s4h_3 || m4s4h_1%   s4h_2% m4s4h_3%
A    |   19.582 |   19.805 |   19.573 |   19.817 ||   +1.14   -0.04   +1.20
B    |   49.644 |   49.778 |   49.613 |   49.748 ||   +0.27   -0.06   +0.21
C    |   29.688 |   29.836 |   29.635 |   29.812 ||   +0.50   -0.18   +0.42
D    |   10.968 |   10.964 |   10.965 |   10.965 ||   -0.03   -0.03   -0.02
E    |   12.723 |   12.615 |   12.746 |   12.586 ||   -0.85   +0.18   -1.08
F    |   19.220 |   20.671 |   19.205 |   20.700 ||   +7.55   -0.08   +7.70
R1   |   22.128 |   23.834 |   22.124 |   23.821 ||   +7.71   -0.02   +7.65
R2   |   21.908 |   24.061 |   21.909 |   24.054 ||   +9.82   +0.00   +9.79
R3   |   21.784 |   24.104 |   21.795 |   24.101 ||  +10.65   +0.05  +10.63
R4   |   21.717 |   24.135 |   21.713 |   24.134 ||  +11.13   -0.02  +11.13
R6   |   21.629 |   24.211 |   21.633 |   24.206 ||  +11.93   +0.02  +11.91
