### AA-base : base base base base
mix  |   base_0 |   base_1 |   base_2 |   base_3 ||  base_1%  base_2%  base_3%
A    |   28.580 |   28.312 |   28.409 |   28.299 ||   -0.94   -0.60   -0.99
B    |   61.867 |   61.912 |   61.948 |   61.777 ||   +0.07   +0.13   -0.15
C    |   37.972 |   37.834 |   37.747 |   38.030 ||   -0.36   -0.59   +0.15
D    |   23.945 |   23.954 |   23.909 |   23.904 ||   +0.04   -0.15   -0.17
E    |   25.873 |   25.789 |   25.807 |   25.767 ||   -0.33   -0.25   -0.41
F    |   27.147 |   27.141 |   27.126 |   27.117 ||   -0.02   -0.08   -0.11
R1   |   27.245 |   27.229 |   27.203 |   27.282 ||   -0.06   -0.16   +0.13
R2   |   26.815 |   26.796 |   26.825 |   26.793 ||   -0.07   +0.04   -0.08
R3   |   26.552 |   26.510 |   26.553 |   26.525 ||   -0.16   +0.00   -0.10
R4   |   26.396 |   26.362 |   26.370 |   26.361 ||   -0.13   -0.10   -0.13
R6   |   26.132 |   26.102 |   26.118 |   26.116 ||   -0.11   -0.05   -0.06
mix  |   base_0 |   base_1 |   base_2 |   base_3 ||  base_1%  base_2%  base_3%
A    |   28.414 |   28.361 |   28.345 |   28.292 ||   -0.19   -0.24   -0.43
B    |   61.898 |   61.803 |   61.957 |   61.793 ||   -0.15   +0.10   -0.17
C    |   37.953 |   38.006 |   37.856 |   37.968 ||   +0.14   -0.26   +0.04
D    |   23.931 |   23.965 |   23.915 |   23.914 ||   +0.14   -0.07   -0.07
E    |   25.840 |   25.799 |   25.799 |   25.766 ||   -0.16   -0.16   -0.29
F    |   27.154 |   27.140 |   27.130 |   27.115 ||   -0.05   -0.09   -0.15
R1   |   27.207 |   27.219 |   27.199 |   27.267 ||   +0.04   -0.03   +0.22
R2   |   26.809 |   26.806 |   26.814 |   26.789 ||   -0.01   +0.02   -0.07
R3   |   26.561 |   26.508 |   26.546 |   26.528 ||   -0.20   -0.06   -0.13
R4   |   26.397 |   26.364 |   26.372 |   26.365 ||   -0.12   -0.09   -0.12
R6   |   26.115 |   26.106 |   26.127 |   26.117 ||   -0.03   +0.05   +0.01
### AA-m4s4 : m4s4 m4s4 m4s4 m4s4
mix  |   m4s4_0 |   m4s4_1 |   m4s4_2 |   m4s4_3 ||  m4s4_1%  m4s4_2%  m4s4_3%
A    |   26.074 |   26.082 |   26.039 |   26.045 ||   +0.03   -0.13   -0.11
B    |   60.117 |   59.854 |   60.248 |   60.103 ||   -0.44   +0.22   -0.02
C    |   36.281 |   36.488 |   36.424 |   36.450 ||   +0.57   +0.39   +0.47
D    |   12.975 |   12.941 |   12.969 |   12.945 ||   -0.26   -0.05   -0.23
E    |   17.131 |   17.169 |   17.140 |   17.145 ||   +0.22   +0.05   +0.08
F    |   26.565 |   26.677 |   26.612 |   26.606 ||   +0.42   +0.18   +0.15
R1   |   29.859 |   29.780 |   29.807 |   29.838 ||   -0.26   -0.17   -0.07
R2   |   30.474 |   30.447 |   30.492 |   30.438 ||   -0.09   +0.06   -0.12
R3   |   30.696 |   30.643 |   30.694 |   30.650 ||   -0.17   -0.01   -0.15
R4   |   30.795 |   30.765 |   30.790 |   30.768 ||   -0.10   -0.01   -0.08
R6   |   30.863 |   30.846 |   30.870 |   30.840 ||   -0.05   +0.02   -0.07
mix  |   m4s4_0 |   m4s4_1 |   m4s4_2 |   m4s4_3 ||  m4s4_1%  m4s4_2%  m4s4_3%
A    |   25.936 |   26.087 |   26.061 |   26.063 ||   +0.58   +0.48   +0.49
B    |   60.091 |   59.855 |   60.230 |   60.088 ||   -0.39   +0.23   -0.01
C    |   36.242 |   36.524 |   36.413 |   36.471 ||   +0.78   +0.47   +0.63
D    |   12.971 |   12.938 |   12.975 |   12.942 ||   -0.26   +0.03   -0.23
E    |   17.129 |   17.172 |   17.141 |   17.153 ||   +0.25   +0.07   +0.14
F    |   26.597 |   26.713 |   26.642 |   26.627 ||   +0.44   +0.17   +0.11
R1   |   29.839 |   29.760 |   29.803 |   29.802 ||   -0.26   -0.12   -0.12
R2   |   30.487 |   30.451 |   30.487 |   30.434 ||   -0.12   +0.00   -0.17
R3   |   30.693 |   30.652 |   30.694 |   30.668 ||   -0.13   +0.01   -0.08
R4   |   30.799 |   30.757 |   30.786 |   30.759 ||   -0.14   -0.04   -0.13
R6   |   30.868 |   30.855 |   30.868 |   30.839 ||   -0.04   -0.00   -0.09
### AA-m4s4h : m4s4h m4s4h m4s4h m4s4h
mix  |  m4s4h_0 |  m4s4h_1 |  m4s4h_2 |  m4s4h_3 || m4s4h_1% m4s4h_2% m4s4h_3%
A    |   24.469 |   24.525 |   24.555 |   24.512 ||   +0.23   +0.35   +0.18
B    |   59.336 |   59.348 |   59.304 |   59.135 ||   +0.02   -0.05   -0.34
C    |   35.925 |   36.078 |   36.057 |   36.113 ||   +0.43   +0.37   +0.52
D    |   12.929 |   12.933 |   12.931 |   12.932 ||   +0.03   +0.02   +0.02
E    |   15.409 |   15.394 |   15.409 |   15.412 ||   -0.10   -0.00   +0.02
F    |   25.279 |   25.295 |   25.303 |   25.228 ||   +0.07   +0.10   -0.20
R1   |   28.830 |   28.804 |   28.848 |   28.855 ||   -0.09   +0.07   +0.09
R2   |   29.281 |   29.268 |   29.287 |   29.294 ||   -0.04   +0.02   +0.04
R3   |   29.464 |   29.446 |   29.446 |   29.454 ||   -0.06   -0.06   -0.03
R4   |   29.564 |   29.543 |   29.532 |   29.546 ||   -0.07   -0.11   -0.06
R6   |   30.927 |   30.883 |   30.867 |   30.877 ||   -0.14   -0.19   -0.16
mix  |  m4s4h_0 |  m4s4h_1 |  m4s4h_2 |  m4s4h_3 || m4s4h_1% m4s4h_2% m4s4h_3%
A    |   24.506 |   24.546 |   24.543 |   24.517 ||   +0.16   +0.15   +0.05
B    |   59.277 |   59.332 |   59.292 |   59.124 ||   +0.09   +0.03   -0.26
C    |   35.893 |   36.060 |   36.051 |   36.086 ||   +0.47   +0.44   +0.54
D    |   12.933 |   12.931 |   12.933 |   12.931 ||   -0.01   +0.00   -0.01
E    |   15.398 |   15.406 |   15.410 |   15.410 ||   +0.05   +0.08   +0.08
F    |   25.308 |   25.322 |   25.286 |   25.310 ||   +0.05   -0.09   +0.01
R1   |   28.823 |   28.823 |   28.836 |   28.859 ||   +0.00   +0.05   +0.13
R2   |   29.301 |   29.277 |   29.288 |   29.289 ||   -0.08   -0.04   -0.04
R3   |   29.467 |   29.437 |   29.441 |   29.455 ||   -0.10   -0.09   -0.04
R4   |   29.584 |   29.533 |   29.547 |   29.554 ||   -0.17   -0.13   -0.10
R6   |   30.927 |   30.824 |   30.357 |   30.947 ||   -0.34   -1.84   +0.06
### AA-t4p8 : t4p8 t4p8 t4p8 t4p8
mix  |   t4p8_0 |   t4p8_1 |   t4p8_2 |   t4p8_3 ||  t4p8_1%  t4p8_2%  t4p8_3%
A    |   22.984 |   24.190 |   24.258 |   23.066 ||   +5.25   +5.54   +0.36
B    |   59.158 |   59.215 |   59.187 |   59.188 ||   +0.10   +0.05   +0.05
C    |   35.753 |   35.836 |   35.810 |   35.624 ||   +0.23   +0.16   -0.36
D    |   12.904 |   12.901 |   12.901 |   12.906 ||   -0.02   -0.03   +0.01
E    |   14.733 |   14.742 |   14.738 |   14.737 ||   +0.06   +0.04   +0.02
F    |   20.853 |   21.028 |   21.030 |   20.886 ||   +0.84   +0.85   +0.16
R1   |   26.126 |   26.124 |   26.151 |   26.152 ||   -0.01   +0.09   +0.10
R2   |   25.340 |   25.279 |   25.276 |   25.343 ||   -0.24   -0.25   +0.01
R3   |   24.834 |   24.806 |   24.831 |   24.844 ||   -0.11   -0.01   +0.04
R4   |   24.535 |   24.521 |   24.526 |   24.531 ||   -0.06   -0.04   -0.01
R6   |   23.960 |   23.958 |   23.962 |   23.971 ||   -0.01   +0.01   +0.05
mix  |   t4p8_0 |   t4p8_1 |   t4p8_2 |   t4p8_3 ||  t4p8_1%  t4p8_2%  t4p8_3%
A    |   23.339 |   23.943 |   24.267 |   23.085 ||   +2.59   +3.98   -1.09
B    |   59.211 |   59.168 |   59.240 |   59.184 ||   -0.07   +0.05   -0.05
C    |   35.786 |   35.854 |   35.755 |   35.632 ||   +0.19   -0.09   -0.43
D    |   12.903 |   12.901 |   12.903 |   12.904 ||   -0.02   +0.00   +0.01
E    |   14.731 |   14.730 |   14.721 |   14.756 ||   -0.01   -0.07   +0.17
F    |   20.914 |   20.976 |   20.976 |   20.879 ||   +0.30   +0.30   -0.17
R1   |   26.152 |   26.123 |   26.141 |   26.138 ||   -0.11   -0.04   -0.05
R2   |   25.323 |   25.286 |   25.290 |   25.342 ||   -0.15   -0.13   +0.07
R3   |   24.822 |   24.795 |   24.812 |   24.839 ||   -0.11   -0.04   +0.07
R4   |   24.542 |   24.506 |   24.518 |   24.540 ||   -0.15   -0.10   -0.01
R6   |   23.965 |   23.943 |   23.958 |   23.977 ||   -0.09   -0.03   +0.05
### AA-s4h : s4h s4h s4h s4h
mix  |    s4h_0 |    s4h_1 |    s4h_2 |    s4h_3 ||   s4h_1%   s4h_2%   s4h_3%
A    |   24.330 |   24.317 |   24.364 |   24.334 ||   -0.06   +0.14   +0.01
B    |   58.977 |   58.997 |   58.927 |   58.816 ||   +0.03   -0.09   -0.27
C    |   35.865 |   35.806 |   35.847 |   35.886 ||   -0.17   -0.05   +0.06
D    |   12.929 |   12.928 |   12.931 |   12.928 ||   -0.01   +0.02   -0.01
E    |   15.448 |   15.421 |   15.423 |   15.418 ||   -0.18   -0.16   -0.20
F    |   22.865 |   22.865 |   22.885 |   22.904 ||   +0.00   +0.09   +0.17
R1   |   27.189 |   27.150 |   27.133 |   27.182 ||   -0.14   -0.21   -0.03
R2   |   26.771 |   26.778 |   26.760 |   26.710 ||   +0.02   -0.04   -0.23
R3   |   26.476 |   26.498 |   26.505 |   26.469 ||   +0.08   +0.11   -0.03
R4   |   26.319 |   26.354 |   26.343 |   26.316 ||   +0.13   +0.09   -0.01
R6   |   26.082 |   26.087 |   26.090 |   26.090 ||   +0.02   +0.03   +0.03
mix  |    s4h_0 |    s4h_1 |    s4h_2 |    s4h_3 ||   s4h_1%   s4h_2%   s4h_3%
A    |   24.354 |   24.360 |   24.328 |   24.331 ||   +0.03   -0.10   -0.09
B    |   58.917 |   58.916 |   58.872 |   58.801 ||   -0.00   -0.08   -0.20
C    |   35.810 |   35.806 |   35.842 |   35.870 ||   -0.01   +0.09   +0.17
D    |   12.928 |   12.929 |   12.930 |   12.928 ||   +0.01   +0.01   +0.00
E    |   15.441 |   15.430 |   15.417 |   15.419 ||   -0.07   -0.15   -0.14
F    |   22.880 |   22.866 |   22.853 |   22.880 ||   -0.06   -0.12   +0.00
R1   |   27.218 |   27.173 |   27.119 |   27.171 ||   -0.17   -0.37   -0.17
R2   |   26.755 |   26.742 |   26.714 |   26.703 ||   -0.05   -0.15   -0.20
R3   |   26.484 |   26.489 |   26.479 |   26.454 ||   +0.02   -0.02   -0.11
R4   |   26.317 |   26.334 |   26.328 |   26.308 ||   +0.07   +0.04   -0.04
R6   |   26.085 |   26.104 |   26.095 |   26.092 ||   +0.07   +0.04   +0.03
### p-t4p8-m4s4h : t4p8 m4s4h t4p8 m4s4h
mix  |   t4p8_0 |  m4s4h_1 |   t4p8_2 |  m4s4h_3 || m4s4h_1%  t4p8_2% m4s4h_3%
A    |   23.060 |   24.668 |   23.952 |   24.465 ||   +6.97   +3.87   +6.09
B    |   59.255 |   59.252 |   59.071 |   59.105 ||   -0.00   -0.31   -0.25
C    |   35.838 |   36.096 |   35.726 |   36.047 ||   +0.72   -0.31   +0.58
D    |   12.906 |   12.933 |   12.898 |   12.931 ||   +0.21   -0.06   +0.19
E    |   14.758 |   15.420 |   14.719 |   15.414 ||   +4.49   -0.26   +4.44
F    |   20.908 |   25.260 |   20.938 |   25.243 ||  +20.82   +0.14  +20.73
R1   |   26.129 |   29.003 |   26.082 |   28.851 ||  +11.00   -0.18  +10.42
R2   |   25.324 |   29.405 |   25.275 |   29.316 ||  +16.11   -0.19  +15.77
R3   |   24.855 |   29.525 |   24.794 |   29.466 ||  +18.79   -0.25  +18.55
R4   |   24.558 |   29.608 |   24.500 |   29.552 ||  +20.56   -0.24  +20.33
R6   |   23.970 |   29.730 |   23.952 |   29.832 ||  +24.03   -0.08  +24.46
mix  |   t4p8_0 |  m4s4h_1 |   t4p8_2 |  m4s4h_3 || m4s4h_1%  t4p8_2% m4s4h_3%
A    |   23.689 |   24.675 |   22.952 |   24.491 ||   +4.16   -3.11   +3.39
B    |   59.230 |   59.220 |   59.092 |   59.109 ||   -0.02   -0.23   -0.20
C    |   35.749 |   36.139 |   35.753 |   35.998 ||   +1.09   +0.01   +0.70
D    |   12.905 |   12.932 |   12.901 |   12.931 ||   +0.21   -0.03   +0.20
E    |   14.752 |   15.413 |   14.727 |   15.416 ||   +4.48   -0.17   +4.50
F    |   20.908 |   25.286 |   20.947 |   25.240 ||  +20.94   +0.19  +20.72
R1   |   26.144 |   29.032 |   26.114 |   28.873 ||  +11.05   -0.12  +10.44
R2   |   25.305 |   29.333 |   25.273 |   29.311 ||  +15.92   -0.13  +15.83
R3   |   24.854 |   29.523 |   24.798 |   29.483 ||  +18.79   -0.23  +18.63
R4   |   24.563 |   29.620 |   24.491 |   29.560 ||  +20.58   -0.29  +20.34
R6   |   23.960 |   29.731 |   23.949 |   30.140 ||  +24.09   -0.05  +25.79
### p-m4s4h-t4p8 : m4s4h t4p8 m4s4h t4p8
mix  |  m4s4h_0 |   t4p8_1 |  m4s4h_2 |   t4p8_3 ||  t4p8_1% m4s4h_2%  t4p8_3%
A    |   24.473 |   24.251 |   24.549 |   24.078 ||   -0.91   +0.31   -1.61
B    |   59.216 |   59.146 |   59.229 |   58.961 ||   -0.12   +0.02   -0.43
C    |   36.001 |   35.903 |   36.020 |   35.705 ||   -0.27   +0.05   -0.82
D    |   12.933 |   12.899 |   12.879 |   12.902 ||   -0.27   -0.42   -0.24
E    |   15.416 |   14.742 |   15.427 |   14.744 ||   -4.37   +0.07   -4.36
F    |   25.248 |   21.119 |   25.305 |   20.830 ||  -16.36   +0.23  -17.50
R1   |   28.854 |   26.118 |   28.825 |   26.078 ||   -9.48   -0.10   -9.62
R2   |   29.296 |   25.277 |   29.296 |   25.280 ||  -13.72   -0.00  -13.71
R3   |   29.454 |   24.803 |   29.456 |   24.802 ||  -15.79   +0.01  -15.79
R4   |   29.548 |   24.516 |   29.539 |   24.521 ||  -17.03   -0.03  -17.01
R6   |   29.729 |   23.962 |   29.814 |   23.944 ||  -19.40   +0.29  -19.46
mix  |  m4s4h_0 |   t4p8_1 |  m4s4h_2 |   t4p8_3 ||  t4p8_1% m4s4h_2%  t4p8_3%
A    |   24.453 |   24.238 |   24.521 |   24.127 ||   -0.88   +0.28   -1.33
B    |   59.259 |   59.180 |   59.293 |   58.976 ||   -0.13   +0.06   -0.48
C    |   35.991 |   35.881 |   36.000 |   35.703 ||   -0.31   +0.02   -0.80
D    |   12.881 |   12.902 |   12.931 |   12.904 ||   +0.16   +0.39   +0.18
E    |   15.423 |   14.755 |   15.416 |   14.748 ||   -4.33   -0.04   -4.38
F    |   25.245 |   21.084 |   25.289 |   20.852 ||  -16.48   +0.18  -17.40
R1   |   28.831 |   26.072 |   28.821 |   26.100 ||   -9.57   -0.04   -9.47
R2   |   29.295 |   25.312 |   29.301 |   25.284 ||  -13.59   +0.02  -13.69
R3   |   29.454 |   24.797 |   29.456 |   24.806 ||  -15.81   +0.01  -15.78
R4   |   29.552 |   24.522 |   29.548 |   24.514 ||  -17.02   -0.02  -17.05
R6   |   29.858 |   23.967 |   29.689 |   23.952 ||  -19.73   -0.57  -19.78
### p-t4p8-m4s4 : t4p8 m4s4 t4p8 m4s4
mix  |   t4p8_0 |   m4s4_1 |   t4p8_2 |   m4s4_3 ||  m4s4_1%  t4p8_2%  m4s4_3%
A    |   24.039 |   26.084 |   22.986 |   26.033 ||   +8.51   -4.38   +8.29
B    |   59.223 |   60.021 |   59.034 |   60.151 ||   +1.35   -0.32   +1.57
C    |   35.760 |   36.509 |   35.663 |   36.455 ||   +2.09   -0.27   +1.94
D    |   12.895 |   12.968 |   12.885 |   12.940 ||   +0.57   -0.07   +0.35
E    |   14.737 |   17.105 |   14.744 |   17.135 ||  +16.07   +0.04  +16.27
F    |   20.866 |   26.644 |   20.936 |   26.623 ||  +27.69   +0.34  +27.59
R1   |   26.135 |   29.978 |   26.130 |   29.792 ||  +14.71   -0.02  +13.99
R2   |   25.306 |   30.554 |   25.341 |   30.475 ||  +20.74   +0.14  +20.43
R3   |   24.835 |   30.741 |   24.841 |   30.666 ||  +23.78   +0.02  +23.48
R4   |   24.558 |   30.851 |   24.556 |   30.776 ||  +25.62   -0.01  +25.32
R6   |   23.974 |   30.906 |   24.025 |   30.865 ||  +28.91   +0.21  +28.74
mix  |   t4p8_0 |   m4s4_1 |   t4p8_2 |   m4s4_3 ||  m4s4_1%  t4p8_2%  m4s4_3%
A    |   23.091 |   26.084 |   22.973 |   26.022 ||  +12.96   -0.51  +12.69
B    |   59.188 |   60.042 |   59.077 |   60.056 ||   +1.44   -0.19   +1.47
C    |   35.773 |   36.515 |   35.656 |   36.427 ||   +2.07   -0.33   +1.83
D    |   12.905 |   12.966 |   12.886 |   12.938 ||   +0.47   -0.15   +0.26
E    |   14.738 |   17.119 |   14.753 |   17.151 ||  +16.15   +0.10  +16.37
F    |   20.928 |   26.659 |   20.927 |   26.630 ||  +27.38   -0.01  +27.24
R1   |   26.143 |   29.991 |   26.117 |   29.802 ||  +14.72   -0.10  +14.00
R2   |   25.329 |   30.574 |   25.340 |   30.477 ||  +20.71   +0.04  +20.32
R3   |   24.848 |   30.731 |   24.857 |   30.663 ||  +23.68   +0.04  +23.40
R4   |   24.561 |   30.853 |   24.566 |   30.780 ||  +25.62   +0.02  +25.32
R6   |   23.983 |   30.898 |   24.037 |   30.853 ||  +28.83   +0.22  +28.65
### p-m4s4-t4p8 : m4s4 t4p8 m4s4 t4p8
mix  |   m4s4_0 |   t4p8_1 |   m4s4_2 |   t4p8_3 ||  t4p8_1%  m4s4_2%  t4p8_3%
A    |   25.846 |   23.008 |   26.094 |   24.109 ||  -10.98   +0.96   -6.72
B    |   60.094 |   58.909 |   60.203 |   59.252 ||   -1.97   +0.18   -1.40
C    |   36.274 |   35.751 |   36.515 |   35.698 ||   -1.44   +0.66   -1.59
D    |   12.976 |   12.884 |   12.951 |   12.897 ||   -0.70   -0.19   -0.60
E    |   17.126 |   14.790 |   17.153 |   14.761 ||  -13.64   +0.15  -13.81
F    |   26.608 |   20.947 |   26.684 |   20.840 ||  -21.27   +0.28  -21.68
R1   |   29.841 |   26.171 |   29.834 |   26.128 ||  -12.30   -0.02  -12.44
R2   |   30.491 |   25.398 |   30.481 |   25.309 ||  -16.70   -0.03  -16.99
R3   |   30.678 |   24.895 |   30.672 |   24.820 ||  -18.85   -0.02  -19.10
R4   |   30.788 |   24.624 |   30.778 |   24.539 ||  -20.02   -0.03  -20.30
R6   |   30.867 |   24.056 |   30.845 |   23.970 ||  -22.07   -0.07  -22.34
mix  |   m4s4_0 |   t4p8_1 |   m4s4_2 |   t4p8_3 ||  t4p8_1%  m4s4_2%  t4p8_3%
A    |   25.921 |   23.027 |   26.088 |   23.036 ||  -11.16   +0.64  -11.13
B    |   60.081 |   58.903 |   60.227 |   59.245 ||   -1.96   +0.24   -1.39
C    |   36.297 |   35.766 |   36.509 |   35.633 ||   -1.46   +0.58   -1.83
D    |   12.974 |   12.884 |   12.936 |   12.900 ||   -0.69   -0.29   -0.57
E    |   17.146 |   14.744 |   17.101 |   14.758 ||  -14.01   -0.26  -13.93
F    |   26.640 |   20.962 |   26.694 |   20.844 ||  -21.31   +0.20  -21.76
R1   |   29.826 |   26.184 |   29.834 |   26.123 ||  -12.21   +0.03  -12.42
R2   |   30.488 |   25.420 |   30.501 |   25.308 ||  -16.62   +0.04  -16.99
R3   |   30.674 |   24.909 |   30.667 |   24.819 ||  -18.79   -0.02  -19.09
R4   |   30.790 |   24.648 |   30.767 |   24.533 ||  -19.95   -0.07  -20.32
R6   |   30.873 |   24.067 |   30.844 |   23.963 ||  -22.05   -0.10  -22.38
### p-m4s4-m4s4h : m4s4 m4s4h m4s4 m4s4h
mix  |   m4s4_0 |  m4s4h_1 |   m4s4_2 |  m4s4h_3 || m4s4h_1%  m4s4_2% m4s4h_3%
A    |   25.762 |   24.620 |   26.077 |   24.538 ||   -4.43   +1.22   -4.75
B    |   60.113 |   59.111 |   60.247 |   59.343 ||   -1.67   +0.22   -1.28
C    |   36.273 |   36.096 |   36.565 |   36.097 ||   -0.49   +0.80   -0.49
D    |   12.973 |   12.921 |   12.938 |   12.932 ||   -0.40   -0.27   -0.31
E    |   17.123 |   15.402 |   17.145 |   15.396 ||  -10.05   +0.13  -10.09
F    |   26.618 |   25.426 |   26.674 |   25.215 ||   -4.48   +0.21   -5.27
R1   |   29.868 |   28.839 |   29.817 |   28.825 ||   -3.45   -0.17   -3.49
R2   |   30.475 |   29.313 |   30.486 |   29.298 ||   -3.81   +0.03   -3.86
R3   |   30.683 |   29.462 |   30.688 |   29.447 ||   -3.98   +0.01   -4.03
R4   |   30.796 |   29.583 |   30.798 |   29.551 ||   -3.94   +0.01   -4.04
R6   |   30.868 |   29.798 |   30.860 |   29.685 ||   -3.46   -0.02   -3.83
mix  |   m4s4_0 |  m4s4h_1 |   m4s4_2 |  m4s4h_3 || m4s4h_1%  m4s4_2% m4s4h_3%
A    |   25.841 |   24.652 |   26.074 |   24.539 ||   -4.60   +0.90   -5.04
B    |   60.097 |   59.104 |   60.190 |   59.323 ||   -1.65   +0.16   -1.29
C    |   36.326 |   36.061 |   36.588 |   36.011 ||   -0.73   +0.72   -0.87
D    |   12.972 |   12.923 |   12.938 |   12.933 ||   -0.38   -0.26   -0.30
E    |   17.116 |   15.400 |   17.139 |   15.394 ||  -10.03   +0.13  -10.06
F    |   26.584 |   25.397 |   26.683 |   25.254 ||   -4.47   +0.37   -5.00
R1   |   29.864 |   28.834 |   29.788 |   28.846 ||   -3.45   -0.25   -3.41
R2   |   30.489 |   29.301 |   30.488 |   29.291 ||   -3.90   -0.00   -3.93
R3   |   30.695 |   29.468 |   30.694 |   29.445 ||   -4.00   -0.00   -4.07
R4   |   30.805 |   29.568 |   30.812 |   29.547 ||   -4.02   +0.02   -4.08
R6   |   30.874 |   30.446 |   30.861 |   30.228 ||   -1.39   -0.04   -2.09
### p-m4s4h-m4s4 : m4s4h m4s4 m4s4h m4s4
mix  |  m4s4h_0 |   m4s4_1 |  m4s4h_2 |   m4s4_3 ||  m4s4_1% m4s4h_2%  m4s4_3%
A    |   24.489 |   25.989 |   24.646 |   26.093 ||   +6.12   +0.64   +6.55
B    |   59.276 |   60.042 |   59.384 |   60.120 ||   +1.29   +0.18   +1.42
C    |   35.970 |   36.433 |   36.161 |   36.525 ||   +1.29   +0.53   +1.54
D    |   12.929 |   12.954 |   12.918 |   12.941 ||   +0.19   -0.08   +0.09
E    |   15.402 |   17.075 |   15.428 |   17.124 ||  +10.86   +0.17  +11.18
F    |   25.266 |   26.654 |   25.425 |   26.604 ||   +5.49   +0.63   +5.30
R1   |   28.830 |   29.844 |   28.852 |   29.841 ||   +3.52   +0.08   +3.51
R2   |   29.299 |   30.507 |   29.325 |   30.456 ||   +4.12   +0.09   +3.95
R3   |   29.467 |   30.694 |   29.481 |   30.669 ||   +4.17   +0.05   +4.08
R4   |   29.563 |   30.828 |   29.582 |   30.771 ||   +4.28   +0.06   +4.09
R6   |   30.407 |   30.894 |   30.451 |   30.842 ||   +1.60   +0.14   +1.43
mix  |  m4s4h_0 |   m4s4_1 |  m4s4h_2 |   m4s4_3 ||  m4s4_1% m4s4h_2%  m4s4_3%
A    |   24.483 |   26.007 |   24.609 |   26.053 ||   +6.23   +0.52   +6.41
B    |   59.260 |   60.045 |   59.433 |   60.120 ||   +1.32   +0.29   +1.45
C    |   36.006 |   36.411 |   36.183 |   36.541 ||   +1.13   +0.49   +1.49
D    |   12.932 |   12.957 |   12.920 |   12.940 ||   +0.20   -0.09   +0.07
E    |   15.398 |   17.093 |   15.390 |   17.156 ||  +11.01   -0.05  +11.42
F    |   25.269 |   26.679 |   25.399 |   26.632 ||   +5.58   +0.52   +5.39
R1   |   28.895 |   29.849 |   28.843 |   29.868 ||   +3.30   -0.18   +3.37
R2   |   29.292 |   30.498 |   29.316 |   30.450 ||   +4.11   +0.08   +3.95
R3   |   29.465 |   30.716 |   29.472 |   30.672 ||   +4.25   +0.02   +4.10
R4   |   29.569 |   30.842 |   29.583 |   30.776 ||   +4.31   +0.05   +4.08
R6   |   30.853 |   30.902 |   30.475 |   30.841 ||   +0.16   -1.23   -0.04
### p-t4-s4h : t4 s4h t4 s4h
mix  |     t4_0 |    s4h_1 |     t4_2 |    s4h_3 ||   s4h_1%    t4_2%   s4h_3%
A    |   23.910 |   24.360 |   23.930 |   24.343 ||   +1.88   +0.08   +1.81
B    |   58.856 |   58.885 |   58.868 |   58.869 ||   +0.05   +0.02   +0.02
C    |   35.617 |   35.739 |   35.681 |   35.957 ||   +0.34   +0.18   +0.96
D    |   12.901 |   12.922 |   12.884 |   12.930 ||   +0.17   -0.13   +0.22
E    |   14.792 |   15.331 |   14.823 |   15.444 ||   +3.64   +0.21   +4.41
F    |   22.281 |   22.890 |   22.362 |   22.900 ||   +2.73   +0.36   +2.78
R1   |   27.180 |   27.229 |   27.219 |   27.190 ||   +0.18   +0.14   +0.04
R2   |   26.749 |   26.854 |   26.772 |   26.739 ||   +0.39   +0.09   -0.04
R3   |   26.467 |   26.552 |   26.509 |   26.460 ||   +0.32   +0.16   -0.03
R4   |   26.298 |   26.323 |   26.342 |   26.313 ||   +0.10   +0.17   +0.06
R6   |   26.103 |   26.070 |   26.096 |   26.076 ||   -0.12   -0.03   -0.10
mix  |     t4_0 |    s4h_1 |     t4_2 |    s4h_3 ||   s4h_1%    t4_2%   s4h_3%
A    |   23.925 |   24.397 |   23.918 |   24.372 ||   +1.97   -0.03   +1.87
B    |   58.887 |   58.735 |   58.888 |   58.874 ||   -0.26   +0.00   -0.02
C    |   35.669 |   35.744 |   35.640 |   36.009 ||   +0.21   -0.08   +0.95
D    |   12.898 |   12.920 |   12.893 |   12.882 ||   +0.17   -0.04   -0.12
E    |   14.809 |   15.325 |   14.809 |   15.443 ||   +3.48   -0.00   +4.28
F    |   22.291 |   22.922 |   22.367 |   22.906 ||   +2.83   +0.34   +2.76
R1   |   27.187 |   27.240 |   27.259 |   27.203 ||   +0.20   +0.27   +0.06
R2   |   26.749 |   26.816 |   26.781 |   26.753 ||   +0.25   +0.12   +0.02
R3   |   26.481 |   26.455 |   26.519 |   26.477 ||   -0.10   +0.14   -0.02
R4   |   26.313 |   26.383 |   26.343 |   26.292 ||   +0.26   +0.11   -0.08
R6   |   26.105 |   26.069 |   26.040 |   26.074 ||   -0.14   -0.25   -0.12
### p-s4h-t4 : s4h t4 s4h t4
mix  |    s4h_0 |     t4_1 |    s4h_2 |     t4_3 ||    t4_1%   s4h_2%    t4_3%
A    |   24.347 |   23.885 |   24.368 |   24.093 ||   -1.90   +0.08   -1.04
B    |   58.979 |   58.769 |   58.857 |   58.853 ||   -0.36   -0.21   -0.21
C    |   35.951 |   35.597 |   35.646 |   35.760 ||   -0.99   -0.85   -0.53
D    |   12.926 |   12.900 |   12.916 |   12.900 ||   -0.20   -0.07   -0.20
E    |   15.453 |   14.820 |   15.311 |   14.795 ||   -4.10   -0.92   -4.26
F    |   22.896 |   22.281 |   22.899 |   22.493 ||   -2.69   +0.01   -1.76
R1   |   27.199 |   27.188 |   27.221 |   27.319 ||   -0.04   +0.08   +0.44
R2   |   26.748 |   26.765 |   26.783 |   26.803 ||   +0.06   +0.13   +0.20
R3   |   26.483 |   26.491 |   26.527 |   26.599 ||   +0.03   +0.16   +0.44
R4   |   26.318 |   26.348 |   26.354 |   26.409 ||   +0.11   +0.14   +0.35
R6   |   26.100 |   26.101 |   26.118 |   26.104 ||   +0.00   +0.07   +0.01
mix  |    s4h_0 |     t4_1 |    s4h_2 |     t4_3 ||    t4_1%   s4h_2%    t4_3%
A    |   24.310 |   23.868 |   24.327 |   24.062 ||   -1.82   +0.07   -1.02
B    |   58.921 |   58.771 |   58.773 |   58.820 ||   -0.25   -0.25   -0.17
C    |   35.926 |   35.632 |   35.631 |   35.805 ||   -0.82   -0.82   -0.34
D    |   12.930 |   12.897 |   12.921 |   12.901 ||   -0.25   -0.07   -0.23
E    |   15.462 |   14.792 |   15.323 |   14.782 ||   -4.33   -0.89   -4.40
F    |   22.893 |   22.222 |   22.890 |   22.527 ||   -2.93   -0.02   -1.60
R1   |   27.191 |   27.174 |   27.237 |   27.317 ||   -0.06   +0.17   +0.46
R2   |   26.747 |   26.749 |   26.789 |   26.780 ||   +0.01   +0.16   +0.12
R3   |   26.481 |   26.494 |   26.512 |   26.575 ||   +0.05   +0.12   +0.35
R4   |   26.322 |   26.348 |   26.350 |   26.365 ||   +0.10   +0.11   +0.16
R6   |   26.085 |   26.113 |   26.107 |   26.146 ||   +0.11   +0.08   +0.24
### p-m4s4h-s4h : m4s4h s4h m4s4h s4h
mix  |  m4s4h_0 |    s4h_1 |  m4s4h_2 |    s4h_3 ||   s4h_1% m4s4h_2%   s4h_3%
A    |   24.449 |   24.422 |   24.525 |   24.403 ||   -0.11   +0.31   -0.19
B    |   59.319 |   58.840 |   59.336 |   58.817 ||   -0.81   +0.03   -0.85
C    |   35.993 |   35.850 |   36.128 |   35.707 ||   -0.40   +0.38   -0.80
D    |   12.929 |   12.926 |   12.932 |   12.929 ||   -0.02   +0.02   +0.00
E    |   15.411 |   15.431 |   15.509 |   15.435 ||   +0.13   +0.63   +0.16
F    |   25.309 |   22.918 |   25.258 |   22.951 ||   -9.45   -0.20   -9.32
R1   |   28.850 |   27.180 |   28.857 |   27.275 ||   -5.79   +0.02   -5.46
R2   |   29.290 |   26.731 |   29.301 |   26.792 ||   -8.74   +0.04   -8.53
R3   |   29.454 |   26.470 |   29.467 |   26.517 ||  -10.13   +0.04   -9.97
R4   |   29.561 |   26.320 |   29.565 |   26.345 ||  -10.96   +0.02  -10.88
R6   |   30.476 |   26.090 |   29.731 |   26.087 ||  -14.39   -2.44  -14.40
mix  |  m4s4h_0 |    s4h_1 |  m4s4h_2 |    s4h_3 ||   s4h_1% m4s4h_2%   s4h_3%
A    |   24.473 |   24.381 |   24.501 |   24.375 ||   -0.38   +0.11   -0.40
B    |   59.308 |   58.781 |   59.390 |   58.912 ||   -0.89   +0.14   -0.67
C    |   35.968 |   35.857 |   36.127 |   35.713 ||   -0.31   +0.44   -0.71
D    |   12.929 |   12.928 |   12.929 |   12.929 ||   -0.01   -0.01   -0.00
E    |   15.408 |   15.438 |   15.506 |   15.425 ||   +0.19   +0.64   +0.11
F    |   25.319 |   22.947 |   25.243 |   22.965 ||   -9.37   -0.30   -9.30
R1   |   28.843 |   27.205 |   28.848 |   27.260 ||   -5.68   +0.02   -5.49
R2   |   29.300 |   26.717 |   29.295 |   26.783 ||   -8.81   -0.02   -8.59
R3   |   29.480 |   26.454 |   29.472 |   26.515 ||  -10.26   -0.03  -10.06
R4   |   29.561 |   26.310 |   29.566 |   26.332 ||  -11.00   +0.02  -10.92
R6   |   30.556 |   26.085 |   29.689 |   26.083 ||  -14.63   -2.84  -14.64
### p-s4h-m4s4h : s4h m4s4h s4h m4s4h
mix  |    s4h_0 |  m4s4h_1 |    s4h_2 |  m4s4h_3 || m4s4h_1%   s4h_2% m4s4h_3%
A    |   24.360 |   24.459 |   24.357 |   24.515 ||   +0.41   -0.01   +0.63
B    |   58.888 |   59.310 |   58.943 |   59.326 ||   +0.72   +0.09   +0.74
C    |   35.860 |   35.864 |   35.923 |   36.305 ||   +0.01   +0.18   +1.24
D    |   12.929 |   12.933 |   12.926 |   12.932 ||   +0.03   -0.02   +0.03
E    |   15.444 |   15.408 |   15.448 |   15.408 ||   -0.23   +0.02   -0.23
F    |   22.854 |   25.244 |   22.881 |   25.233 ||  +10.46   +0.12  +10.41
R1   |   27.179 |   28.832 |   27.175 |   28.824 ||   +6.08   -0.02   +6.05
R2   |   26.761 |   29.277 |   26.742 |   29.272 ||   +9.40   -0.07   +9.39
R3   |   26.487 |   29.443 |   26.469 |   29.433 ||  +11.16   -0.06  +11.13
R4   |   26.323 |   29.545 |   26.313 |   29.531 ||  +12.24   -0.04  +12.19
R6   |   26.088 |   29.794 |   26.091 |   29.786 ||  +14.21   +0.01  +14.17
mix  |    s4h_0 |  m4s4h_1 |    s4h_2 |  m4s4h_3 || m4s4h_1%   s4h_2% m4s4h_3%
A    |   24.338 |   24.503 |   24.356 |   24.490 ||   +0.68   +0.08   +0.63
B    |   58.885 |   59.325 |   58.899 |   59.389 ||   +0.75   +0.02   +0.86
C    |   35.791 |   35.852 |   35.896 |   36.300 ||   +0.17   +0.29   +1.42
D    |   12.930 |   12.931 |   12.930 |   12.935 ||   +0.01   +0.00   +0.04
E    |   15.436 |   15.423 |   15.452 |   15.416 ||   -0.09   +0.11   -0.13
F    |   22.872 |   25.240 |   22.878 |   25.215 ||  +10.36   +0.03  +10.24
R1   |   27.199 |   28.823 |   27.161 |   28.817 ||   +5.97   -0.14   +5.95
R2   |   26.763 |   29.288 |   26.745 |   29.270 ||   +9.44   -0.07   +9.37
R3   |   26.477 |   29.436 |   26.484 |   29.431 ||  +11.17   +0.02  +11.16
R4   |   26.361 |   29.542 |   26.296 |   29.530 ||  +12.07   -0.25  +12.02
R6   |   26.109 |   29.837 |   26.086 |   29.678 ||  +14.28   -0.09  +13.67
