=== process order1.1
mix  |     base |   baseAA |     dsp0 |   dsp0AA |     m4s4 |   m4s4AA |    m4s4h |       s4 |      s4h |     t4p8 |       t4 |      cw4 ||  baseAA%    dsp0%  dsp0AA%    m4s4%  m4s4AA%   m4s4h%      s4%     s4h%    t4p8%      t4%     cw4%
A    |   28.544 |   28.487 |   28.418 |   28.462 |   25.998 |   26.152 |   24.516 |   25.262 |   24.366 |   24.348 |   23.940 |   22.825 ||   -0.20   -0.44   -0.29   -8.92   -8.38  -14.11  -11.50  -14.63  -14.70  -16.13  -20.04
B    |   61.929 |   61.883 |   61.970 |   61.962 |   60.088 |   60.460 |   59.373 |   59.254 |   58.757 |   59.293 |   58.661 |   58.974 ||   -0.07   +0.07   +0.05   -2.97   -2.37   -4.13   -4.32   -5.12   -4.26   -5.28   -4.77
C    |   37.981 |   38.187 |   37.991 |   38.091 |   36.843 |   36.913 |   35.920 |   36.283 |   35.975 |   35.729 |   35.738 |   36.884 ||   +0.54   +0.03   +0.29   -3.00   -2.81   -5.43   -4.47   -5.28   -5.93   -5.91   -2.89
D    |   23.934 |   23.999 |   23.915 |   23.999 |   12.987 |   12.939 |   12.930 |   12.934 |   12.929 |   12.901 |   12.905 |   12.950 ||   +0.27   -0.08   +0.27  -45.74  -45.94  -45.97  -45.96  -45.98  -46.10  -46.08  -45.89
E    |   25.817 |   25.736 |   25.772 |   25.766 |   17.131 |   17.186 |   15.439 |   17.121 |   15.433 |   14.720 |   14.809 |   15.449 ||   -0.32   -0.18   -0.20  -33.65  -33.43  -40.20  -33.68  -40.22  -42.98  -42.64  -40.16
F    |   27.107 |   27.155 |   27.092 |   27.123 |   26.665 |   26.773 |   25.293 |   23.361 |   22.908 |   21.090 |   22.294 |   23.260 ||   +0.18   -0.06   +0.06   -1.63   -1.23   -6.69  -13.82  -15.49  -22.20  -17.76  -14.19
R1   |   27.425 |   27.283 |   27.188 |   27.260 |   29.885 |   29.836 |   28.818 |   27.220 |   27.177 |   26.147 |   27.203 |   24.328 ||   -0.52   -0.87   -0.60   +8.97   +8.79   +5.08   -0.75   -0.91   -4.66   -0.81  -11.30
R2   |   26.902 |   26.801 |   26.744 |   26.825 |   30.528 |   30.484 |   29.272 |   26.746 |   26.725 |   25.305 |   26.780 |   25.254 ||   -0.38   -0.59   -0.29  +13.48  +13.31   +8.81   -0.58   -0.66   -5.94   -0.45   -6.13
R3   |   26.605 |   26.525 |   26.485 |   26.501 |   30.701 |   30.663 |   29.434 |   26.501 |   26.473 |   24.805 |   26.515 |   25.683 ||   -0.30   -0.45   -0.39  +15.40  +15.25  +10.63   -0.39   -0.50   -6.77   -0.34   -3.47
R4   |   26.465 |   26.375 |   26.327 |   26.374 |   30.788 |   30.785 |   29.522 |   26.362 |   26.301 |   24.524 |   26.370 |   25.963 ||   -0.34   -0.52   -0.34  +16.34  +16.32  +11.55   -0.39   -0.62   -7.33   -0.36   -1.90
R6   |   26.104 |   26.122 |   26.101 |   26.127 |   30.871 |   30.846 |   29.781 |   26.119 |   26.081 |   23.958 |   26.101 |   26.450 ||   +0.07   -0.01   +0.09  +18.26  +18.17  +14.09   +0.06   -0.09   -8.22   -0.01   +1.33
=== process order1.2
mix  |     base |   baseAA |     dsp0 |   dsp0AA |     m4s4 |   m4s4AA |    m4s4h |       s4 |      s4h |     t4p8 |       t4 |      cw4 ||  baseAA%    dsp0%  dsp0AA%    m4s4%  m4s4AA%   m4s4h%      s4%     s4h%    t4p8%      t4%     cw4%
A    |   28.547 |   28.650 |   28.875 |   28.700 |   25.995 |   26.136 |   24.512 |   25.256 |   24.375 |   24.308 |   23.934 |   22.848 ||   +0.36   +1.15   +0.53   -8.94   -8.45  -14.14  -11.53  -14.62  -14.85  -16.16  -19.96
B    |   61.888 |   61.943 |   61.975 |   61.861 |   60.091 |   60.572 |   59.366 |   59.281 |   58.836 |   59.297 |   58.645 |   58.897 ||   +0.09   +0.14   -0.04   -2.90   -2.13   -4.08   -4.21   -4.93   -4.19   -5.24   -4.83
C    |   37.944 |   38.188 |   38.007 |   38.072 |   36.757 |   36.864 |   35.939 |   36.236 |   36.007 |   35.739 |   35.753 |   36.870 ||   +0.64   +0.17   +0.34   -3.13   -2.85   -5.28   -4.50   -5.11   -5.81   -5.78   -2.83
D    |   23.929 |   24.005 |   23.918 |   24.023 |   12.978 |   12.942 |   12.931 |   12.939 |   12.929 |   12.898 |   12.901 |   12.947 ||   +0.32   -0.05   +0.39  -45.77  -45.92  -45.96  -45.93  -45.97  -46.10  -46.09  -45.89
E    |   25.849 |   25.758 |   25.771 |   25.771 |   17.122 |   17.204 |   15.430 |   17.106 |   15.467 |   14.749 |   14.840 |   15.417 ||   -0.35   -0.30   -0.30  -33.76  -33.44  -40.31  -33.82  -40.16  -42.94  -42.59  -40.35
F    |   27.107 |   27.109 |   27.057 |   27.112 |   26.630 |   26.851 |   25.293 |   23.376 |   22.895 |   21.095 |   22.299 |   23.292 ||   +0.01   -0.18   +0.02   -1.76   -0.94   -6.69  -13.76  -15.54  -22.18  -17.74  -14.08
R1   |   27.437 |   27.272 |   27.170 |   27.302 |   29.864 |   29.822 |   28.810 |   27.215 |   27.171 |   26.119 |   27.228 |   24.332 ||   -0.60   -0.97   -0.49   +8.85   +8.69   +5.00   -0.81   -0.97   -4.80   -0.76  -11.32
R2   |   26.954 |   26.781 |   26.748 |   26.856 |   30.521 |   30.483 |   29.270 |   26.745 |   26.742 |   25.292 |   26.801 |   25.271 ||   -0.64   -0.76   -0.36  +13.23  +13.09   +8.59   -0.77   -0.79   -6.17   -0.57   -6.24
R3   |   26.601 |   26.517 |   26.479 |   26.536 |   30.690 |   30.666 |   29.442 |   26.511 |   26.446 |   24.815 |   26.515 |   25.692 ||   -0.32   -0.46   -0.24  +15.37  +15.28  +10.68   -0.34   -0.58   -6.72   -0.33   -3.42
R4   |   26.465 |   26.370 |   26.330 |   26.383 |   30.793 |   30.785 |   29.542 |   26.370 |   26.336 |   24.522 |   26.331 |   25.964 ||   -0.36   -0.51   -0.31  +16.35  +16.32  +11.62   -0.36   -0.49   -7.34   -0.51   -1.90
R6   |   26.169 |   26.113 |   26.104 |   26.133 |   30.857 |   30.844 |   29.735 |   26.127 |   26.101 |   23.962 |   26.114 |   26.451 ||   -0.21   -0.25   -0.14  +17.91  +17.86  +13.63   -0.16   -0.26   -8.44   -0.21   +1.08
=== process order1.3
mix  |     base |   baseAA |     dsp0 |   dsp0AA |     m4s4 |   m4s4AA |    m4s4h |       s4 |      s4h |     t4p8 |       t4 |      cw4 ||  baseAA%    dsp0%  dsp0AA%    m4s4%  m4s4AA%   m4s4h%      s4%     s4h%    t4p8%      t4%     cw4%
A    |   28.477 |   28.364 |   28.707 |   29.712 |   25.981 |   26.129 |   24.531 |   25.301 |   24.384 |   24.348 |   23.962 |   22.856 ||   -0.40   +0.81   +4.34   -8.77   -8.25  -13.86  -11.15  -14.37  -14.50  -15.86  -19.74
B    |   61.981 |   61.856 |   62.000 |   61.939 |   60.055 |   60.493 |   59.342 |   59.270 |   58.926 |   59.265 |   58.639 |   58.958 ||   -0.20   +0.03   -0.07   -3.11   -2.40   -4.26   -4.37   -4.93   -4.38   -5.39   -4.88
C    |   37.920 |   38.146 |   37.993 |   38.177 |   36.832 |   36.884 |   35.998 |   36.286 |   35.968 |   35.740 |   35.780 |   36.920 ||   +0.60   +0.19   +0.68   -2.87   -2.73   -5.07   -4.31   -5.15   -5.75   -5.64   -2.64
D    |   23.958 |   23.990 |   23.928 |   24.009 |   12.975 |   12.945 |   12.931 |   12.936 |   12.927 |   12.898 |   12.898 |   12.944 ||   +0.14   -0.13   +0.21  -45.84  -45.97  -46.03  -46.00  -46.04  -46.16  -46.16  -45.97
E    |   25.902 |   25.726 |   25.769 |   25.726 |   17.127 |   17.206 |   15.427 |   17.117 |   15.468 |   14.749 |   14.843 |   15.434 ||   -0.68   -0.52   -0.68  -33.88  -33.57  -40.44  -33.92  -40.28  -43.06  -42.69  -40.41
F    |   27.130 |   27.120 |   27.091 |   27.120 |   26.650 |   26.801 |   25.292 |   23.352 |   22.902 |   21.109 |   22.307 |   23.284 ||   -0.04   -0.14   -0.04   -1.77   -1.21   -6.78  -13.93  -15.58  -22.19  -17.78  -14.18
R1   |   27.414 |   27.281 |   27.172 |   27.282 |   29.861 |   29.838 |   28.836 |   27.222 |   27.177 |   26.158 |   27.240 |   24.359 ||   -0.48   -0.88   -0.48   +8.93   +8.84   +5.19   -0.70   -0.86   -4.58   -0.64  -11.14
R2   |   26.939 |   26.802 |   26.750 |   26.810 |   30.513 |   30.477 |   29.273 |   26.726 |   26.720 |   25.318 |   26.793 |   25.260 ||   -0.51   -0.70   -0.48  +13.27  +13.13   +8.66   -0.79   -0.81   -6.02   -0.54   -6.23
R3   |   26.612 |   26.540 |   26.490 |   26.525 |   30.692 |   30.669 |   29.438 |   26.502 |   26.493 |   24.808 |   26.509 |   25.688 ||   -0.27   -0.46   -0.33  +15.33  +15.25  +10.62   -0.41   -0.45   -6.78   -0.39   -3.47
R4   |   26.463 |   26.359 |   26.335 |   26.374 |   30.799 |   30.784 |   29.539 |   26.370 |   26.340 |   24.522 |   26.353 |   25.958 ||   -0.39   -0.48   -0.34  +16.38  +16.33  +11.62   -0.35   -0.46   -7.33   -0.41   -1.91
R6   |   26.172 |   26.102 |   26.099 |   26.130 |   30.869 |   30.835 |   29.795 |   26.123 |   26.088 |   23.953 |   26.085 |   26.452 ||   -0.27   -0.28   -0.16  +17.95  +17.82  +13.84   -0.19   -0.32   -8.48   -0.33   +1.07
=== process order2.1
mix  |     base |      cw4 |       t4 |     t4p8 |      s4h |       s4 |    m4s4h |   m4s4AA |     m4s4 |   dsp0AA |     dsp0 |   baseAA ||     cw4%      t4%    t4p8%     s4h%      s4%   m4s4h%  m4s4AA%    m4s4%  dsp0AA%    dsp0%  baseAA%
A    |   28.394 |   22.853 |   23.985 |   24.294 |   24.336 |   25.157 |   24.437 |   25.788 |   26.088 |   28.643 |   28.747 |   28.516 ||  -19.51  -15.53  -14.44  -14.29  -11.40  -13.93   -9.18   -8.12   +0.88   +1.24   +0.43
B    |   61.934 |   59.002 |   58.811 |   59.202 |   58.851 |   59.211 |   59.095 |   60.270 |   60.104 |   61.931 |   62.039 |   61.896 ||   -4.73   -5.04   -4.41   -4.98   -4.40   -4.58   -2.69   -2.95   -0.00   +0.17   -0.06
C    |   37.944 |   36.972 |   35.832 |   35.710 |   35.972 |   36.235 |   36.038 |   36.749 |   36.488 |   38.241 |   38.117 |   38.171 ||   -2.56   -5.56   -5.89   -5.20   -4.50   -5.02   -3.15   -3.84   +0.78   +0.46   +0.60
D    |   23.937 |   12.918 |   12.875 |   12.903 |   12.928 |   12.942 |   12.929 |   12.989 |   12.951 |   23.982 |   23.944 |   23.972 ||  -46.03  -46.21  -46.09  -45.99  -45.93  -45.99  -45.74  -45.89   +0.19   +0.03   +0.15
E    |   25.774 |   14.644 |   14.327 |   14.758 |   15.457 |   17.103 |   15.442 |   17.123 |   17.148 |   25.836 |   25.729 |   25.773 ||  -43.19  -44.41  -42.74  -40.03  -33.64  -40.09  -33.57  -33.47   +0.24   -0.18   -0.00
F    |   27.120 |   23.269 |   22.391 |   21.001 |   22.918 |   23.365 |   25.243 |   26.672 |   26.720 |   27.081 |   27.087 |   27.112 ||  -14.20  -17.44  -22.56  -15.50  -13.85   -6.92   -1.65   -1.48   -0.14   -0.12   -0.03
R1   |   27.434 |   24.293 |   27.276 |   26.106 |   27.224 |   27.216 |   28.837 |   29.825 |   29.787 |   27.192 |   27.267 |   27.224 ||  -11.45   -0.58   -4.84   -0.77   -0.80   +5.11   +8.71   +8.57   -0.88   -0.61   -0.77
R2   |   26.951 |   25.213 |   26.826 |   25.311 |   26.754 |   26.735 |   29.277 |   30.490 |   30.438 |   26.739 |   26.782 |   26.815 ||   -6.45   -0.46   -6.09   -0.73   -0.80   +8.63  +13.13  +12.94   -0.79   -0.63   -0.50
R3   |   26.644 |   25.660 |   26.449 |   24.798 |   26.528 |   26.488 |   29.446 |   30.694 |   30.642 |   26.495 |   26.600 |   26.544 ||   -3.69   -0.73   -6.93   -0.43   -0.58  +10.52  +15.20  +15.01   -0.56   -0.16   -0.37
R4   |   26.442 |   25.952 |   26.361 |   24.513 |   26.344 |   26.345 |   29.551 |   30.800 |   30.750 |   26.335 |   26.399 |   26.398 ||   -1.85   -0.31   -7.30   -0.37   -0.37  +11.76  +16.48  +16.29   -0.41   -0.16   -0.17
R6   |   26.094 |   26.449 |   26.142 |   23.958 |   26.106 |   26.107 |   30.929 |   30.865 |   30.824 |   26.077 |   26.142 |   26.120 ||   +1.36   +0.18   -8.19   +0.04   +0.05  +18.53  +18.28  +18.13   -0.07   +0.18   +0.10
=== process order2.2
mix  |     base |      cw4 |       t4 |     t4p8 |      s4h |       s4 |    m4s4h |   m4s4AA |     m4s4 |   dsp0AA |     dsp0 |   baseAA ||     cw4%      t4%    t4p8%     s4h%      s4%   m4s4h%  m4s4AA%    m4s4%  dsp0AA%    dsp0%  baseAA%
A    |   28.427 |   22.836 |   24.002 |   24.308 |   24.391 |   25.178 |   24.434 |   25.759 |   26.074 |   28.665 |   28.713 |   28.324 ||  -19.67  -15.57  -14.49  -14.20  -11.43  -14.05   -9.39   -8.28   +0.83   +1.01   -0.36
B    |   61.925 |   59.030 |   58.871 |   59.144 |   58.852 |   59.186 |   59.081 |   60.303 |   60.091 |   61.933 |   62.042 |   61.869 ||   -4.68   -4.93   -4.49   -4.96   -4.42   -4.59   -2.62   -2.96   +0.01   +0.19   -0.09
C    |   37.966 |   36.926 |   35.774 |   35.694 |   36.025 |   36.269 |   36.101 |   36.729 |   36.451 |   38.266 |   38.266 |   38.245 ||   -2.74   -5.77   -5.98   -5.11   -4.47   -4.91   -3.26   -3.99   +0.79   +0.79   +0.74
D    |   23.939 |   12.899 |   12.873 |   12.903 |   12.929 |   12.936 |   12.932 |   12.988 |   12.955 |   23.957 |   23.957 |   23.969 ||  -46.12  -46.23  -46.10  -45.99  -45.96  -45.98  -45.74  -45.88   +0.08   +0.08   +0.13
E    |   25.776 |   14.634 |   14.314 |   14.761 |   15.487 |   17.116 |   15.434 |   17.160 |   17.176 |   25.799 |   25.779 |   25.777 ||  -43.23  -44.47  -42.73  -39.92  -33.60  -40.12  -33.42  -33.36   +0.09   +0.01   +0.00
F    |   27.108 |   23.293 |   22.383 |   20.986 |   22.921 |   23.351 |   25.259 |   26.637 |   26.713 |   27.076 |   27.087 |   27.121 ||  -14.07  -17.43  -22.58  -15.45  -13.86   -6.82   -1.74   -1.46   -0.12   -0.08   +0.05
R1   |   27.423 |   24.308 |   27.255 |   26.153 |   27.200 |   27.232 |   28.834 |   29.855 |   29.774 |   27.203 |   27.282 |   27.245 ||  -11.36   -0.62   -4.63   -0.81   -0.70   +5.14   +8.87   +8.57   -0.80   -0.52   -0.65
R2   |   26.948 |   25.197 |   26.813 |   25.300 |   26.846 |   26.758 |   29.271 |   30.487 |   30.434 |   26.739 |   26.844 |   26.869 ||   -6.50   -0.50   -6.12   -0.38   -0.71   +8.62  +13.13  +12.94   -0.78   -0.38   -0.29
R3   |   26.620 |   25.650 |   26.544 |   24.811 |   26.499 |   26.497 |   29.434 |   30.683 |   30.639 |   26.458 |   26.558 |   26.541 ||   -3.65   -0.29   -6.80   -0.46   -0.46  +10.57  +15.26  +15.10   -0.61   -0.23   -0.30
R4   |   26.426 |   25.957 |   26.367 |   24.509 |   26.356 |   26.341 |   29.535 |   30.805 |   30.759 |   26.314 |   26.395 |   26.399 ||   -1.78   -0.22   -7.26   -0.27   -0.32  +11.76  +16.57  +16.39   -0.43   -0.12   -0.10
R6   |   26.119 |   26.422 |   26.125 |   23.949 |   26.080 |   26.105 |   30.365 |   30.858 |   30.833 |   26.091 |   26.130 |   26.145 ||   +1.16   +0.03   -8.31   -0.15   -0.05  +16.25  +18.14  +18.05   -0.11   +0.04   +0.10
=== process order2.3
mix  |     base |      cw4 |       t4 |     t4p8 |      s4h |       s4 |    m4s4h |   m4s4AA |     m4s4 |   dsp0AA |     dsp0 |   baseAA ||     cw4%      t4%    t4p8%     s4h%      s4%   m4s4h%  m4s4AA%    m4s4%  dsp0AA%    dsp0%  baseAA%
A    |   28.504 |   22.822 |   24.003 |   24.309 |   24.345 |   25.314 |   24.460 |   26.034 |   26.037 |   28.698 |   28.552 |   28.525 ||  -19.93  -15.79  -14.72  -14.59  -11.19  -14.19   -8.66   -8.65   +0.68   +0.17   +0.07
B    |   61.916 |   59.014 |   58.864 |   59.194 |   58.865 |   59.175 |   59.114 |   60.283 |   60.109 |   61.945 |   62.075 |   61.896 ||   -4.69   -4.93   -4.40   -4.93   -4.43   -4.53   -2.64   -2.92   +0.05   +0.26   -0.03
C    |   37.967 |   37.028 |   35.811 |   35.697 |   35.976 |   36.259 |   36.147 |   36.769 |   36.414 |   38.399 |   38.367 |   38.214 ||   -2.47   -5.68   -5.98   -5.24   -4.50   -4.79   -3.16   -4.09   +1.14   +1.05   +0.65
D    |   23.959 |   12.919 |   12.872 |   12.903 |   12.930 |   12.942 |   12.930 |   12.987 |   12.951 |   23.955 |   23.953 |   23.940 ||  -46.08  -46.27  -46.15  -46.04  -45.98  -46.03  -45.80  -45.94   -0.02   -0.03   -0.08
E    |   25.771 |   14.647 |   14.279 |   14.745 |   15.493 |   17.143 |   15.434 |   17.152 |   17.156 |   25.804 |   25.740 |   25.794 ||  -43.16  -44.59  -42.78  -39.88  -33.48  -40.11  -33.45  -33.43   +0.13   -0.12   +0.09
F    |   27.099 |   23.294 |   22.415 |   21.013 |   22.910 |   23.336 |   25.248 |   26.692 |   26.726 |   27.084 |   27.093 |   27.130 ||  -14.04  -17.29  -22.46  -15.46  -13.89   -6.83   -1.50   -1.38   -0.05   -0.02   +0.11
R1   |   27.414 |   24.229 |   27.276 |   26.116 |   27.194 |   27.219 |   28.848 |   29.831 |   29.739 |   27.218 |   27.468 |   27.192 ||  -11.62   -0.50   -4.74   -0.80   -0.71   +5.23   +8.81   +8.48   -0.72   +0.20   -0.81
R2   |   26.951 |   25.211 |   26.840 |   25.298 |   26.828 |   26.765 |   29.278 |   30.492 |   30.465 |   26.769 |   26.935 |   26.835 ||   -6.46   -0.41   -6.13   -0.46   -0.69   +8.63  +13.14  +13.04   -0.68   -0.06   -0.43
R3   |   26.610 |   25.657 |   26.477 |   24.815 |   26.530 |   26.484 |   29.442 |   30.673 |   30.634 |   26.514 |   26.619 |   26.554 ||   -3.58   -0.50   -6.74   -0.30   -0.47  +10.64  +15.27  +15.13   -0.36   +0.03   -0.21
R4   |   26.449 |   25.928 |   26.366 |   24.508 |   26.375 |   26.328 |   29.553 |   30.806 |   30.759 |   26.345 |   26.453 |   26.390 ||   -1.97   -0.31   -7.34   -0.28   -0.46  +11.74  +16.47  +16.30   -0.39   +0.02   -0.22
R6   |   26.092 |   26.468 |   26.142 |   23.958 |   26.073 |   26.098 |   30.669 |   30.850 |   30.828 |   26.105 |   26.169 |   26.135 ||   +1.44   +0.19   -8.18   -0.07   +0.02  +17.54  +18.24  +18.15   +0.05   +0.30   +0.17
=== process order3.1
mix  |     base |    m4s4h |       s4 |   baseAA |     t4p8 |     dsp0 |      cw4 |     m4s4 |   dsp0AA |       t4 |      s4h |   m4s4AA ||   m4s4h%      s4%  baseAA%    t4p8%    dsp0%     cw4%    m4s4%  dsp0AA%      t4%     s4h%  m4s4AA%
A    |   28.396 |   24.637 |   25.266 |   29.851 |   24.231 |   29.759 |   22.813 |   26.097 |   28.705 |   24.067 |   24.399 |   26.043 ||  -13.24  -11.03   +5.12  -14.67   +4.80  -19.66   -8.10   +1.09  -15.25  -14.08   -8.29
B    |   61.922 |   59.361 |   59.432 |   61.884 |   59.115 |   62.102 |   59.053 |   60.130 |   61.854 |   58.884 |   58.828 |   60.181 ||   -4.13   -4.02   -0.06   -4.53   +0.29   -4.63   -2.89   -0.11   -4.91   -5.00   -2.81
C    |   37.885 |   36.167 |   36.272 |   38.363 |   35.864 |   38.135 |   37.019 |   36.552 |   38.112 |   35.974 |   35.981 |   36.653 ||   -4.54   -4.26   +1.26   -5.34   +0.66   -2.29   -3.52   +0.60   -5.04   -5.03   -3.25
D    |   23.982 |   12.921 |   12.955 |   23.934 |   12.893 |   23.935 |   12.957 |   12.954 |   23.923 |   12.874 |   12.880 |   12.992 ||  -46.12  -45.98   -0.20  -46.24   -0.20  -45.97  -45.98   -0.24  -46.32  -46.29  -45.83
E    |   25.915 |   15.442 |   17.116 |   25.795 |   14.768 |   25.859 |   14.628 |   17.146 |   25.807 |   14.268 |   15.475 |   17.121 ||  -40.41  -33.95   -0.46  -43.01   -0.22  -43.55  -33.84   -0.42  -44.94  -40.29  -33.93
F    |   27.114 |   25.407 |   23.286 |   27.094 |   20.811 |   27.099 |   23.278 |   26.751 |   27.094 |   22.401 |   22.923 |   26.626 ||   -6.30  -14.12   -0.07  -23.24   -0.06  -14.15   -1.34   -0.07  -17.38  -15.46   -1.80
R1   |   27.429 |   28.839 |   27.317 |   27.302 |   26.094 |   27.176 |   24.366 |   29.826 |   27.254 |   27.276 |   27.195 |   29.873 ||   +5.14   -0.41   -0.46   -4.87   -0.92  -11.17   +8.74   -0.64   -0.56   -0.85   +8.91
R2   |   26.939 |   29.319 |   26.887 |   26.847 |   25.283 |   26.736 |   25.259 |   30.472 |   26.776 |   26.848 |   26.785 |   30.509 ||   +8.83   -0.19   -0.34   -6.15   -0.75   -6.24  +13.11   -0.60   -0.34   -0.57  +13.25
R3   |   26.605 |   29.472 |   26.560 |   26.549 |   24.807 |   26.489 |   25.689 |   30.680 |   26.546 |   26.552 |   26.500 |   30.669 ||  +10.78   -0.17   -0.21   -6.76   -0.43   -3.44  +15.32   -0.22   -0.20   -0.39  +15.27
R4   |   26.436 |   29.592 |   26.394 |   26.410 |   24.532 |   26.327 |   25.956 |   30.801 |   26.379 |   26.398 |   26.348 |   30.784 ||  +11.94   -0.16   -0.10   -7.20   -0.41   -1.82  +16.51   -0.21   -0.14   -0.33  +16.45
R6   |   26.175 |   30.889 |   26.139 |   26.123 |   23.968 |   26.089 |   26.447 |   30.850 |   26.123 |   26.128 |   26.120 |   30.869 ||  +18.01   -0.14   -0.20   -8.43   -0.33   +1.04  +17.86   -0.20   -0.18   -0.21  +17.94
=== process order3.2
mix  |     base |    m4s4h |       s4 |   baseAA |     t4p8 |     dsp0 |      cw4 |     m4s4 |   dsp0AA |       t4 |      s4h |   m4s4AA ||   m4s4h%      s4%  baseAA%    t4p8%    dsp0%     cw4%    m4s4%  dsp0AA%      t4%     s4h%  m4s4AA%
A    |   28.362 |   24.603 |   25.224 |   29.826 |   24.260 |   28.823 |   22.824 |   26.118 |   28.733 |   24.017 |   24.401 |   26.054 ||  -13.25  -11.06   +5.16  -14.46   +1.63  -19.52   -7.91   +1.31  -15.32  -13.96   -8.14
B    |   61.956 |   59.406 |   59.363 |   61.878 |   59.159 |   62.170 |   59.013 |   60.146 |   61.849 |   58.857 |   58.877 |   60.125 ||   -4.12   -4.19   -0.13   -4.51   +0.35   -4.75   -2.92   -0.17   -5.00   -4.97   -2.96
C    |   38.018 |   36.194 |   36.241 |   38.374 |   35.916 |   38.119 |   37.030 |   36.607 |   38.182 |   35.958 |   35.842 |   36.681 ||   -4.80   -4.67   +0.94   -5.53   +0.27   -2.60   -3.71   +0.43   -5.42   -5.72   -3.52
D    |   23.958 |   12.923 |   12.943 |   23.933 |   12.899 |   23.922 |   12.948 |   12.942 |   23.945 |   12.873 |   12.932 |   12.978 ||  -46.06  -45.98   -0.11  -46.16   -0.15  -45.96  -45.98   -0.06  -46.27  -46.02  -45.83
E    |   25.802 |   15.427 |   17.099 |   25.753 |   14.768 |   25.925 |   14.646 |   17.138 |   25.776 |   14.294 |   15.460 |   17.141 ||  -40.21  -33.73   -0.19  -42.77   +0.48  -43.24  -33.58   -0.10  -44.60  -40.08  -33.57
F    |   27.099 |   25.426 |   23.292 |   27.077 |   20.822 |   27.094 |   23.284 |   26.748 |   27.071 |   22.402 |   22.927 |   26.599 ||   -6.18  -14.05   -0.08  -23.16   -0.02  -14.08   -1.30   -0.11  -17.33  -15.40   -1.85
R1   |   27.425 |   28.844 |   27.269 |   27.311 |   26.094 |   27.165 |   24.353 |   29.825 |   27.217 |   27.285 |   27.241 |   29.897 ||   +5.18   -0.57   -0.41   -4.85   -0.95  -11.20   +8.75   -0.76   -0.51   -0.67   +9.01
R2   |   26.898 |   29.314 |   26.835 |   26.871 |   25.304 |   26.739 |   25.263 |   30.479 |   26.775 |   26.799 |   26.796 |   30.503 ||   +8.98   -0.23   -0.10   -5.93   -0.59   -6.08  +13.31   -0.46   -0.37   -0.38  +13.40
R3   |   26.636 |   29.481 |   26.535 |   26.567 |   24.810 |   26.490 |   25.690 |   30.684 |   26.529 |   26.532 |   26.533 |   30.705 ||  +10.68   -0.38   -0.26   -6.86   -0.55   -3.55  +15.20   -0.40   -0.39   -0.39  +15.28
R4   |   26.439 |   29.606 |   26.394 |   26.411 |   24.524 |   26.323 |   25.967 |   30.793 |   26.357 |   26.389 |   26.380 |   30.827 ||  +11.98   -0.17   -0.11   -7.24   -0.44   -1.79  +16.47   -0.31   -0.19   -0.22  +16.60
R6   |   26.112 |   30.898 |   26.166 |   26.099 |   23.975 |   26.099 |   26.451 |   30.852 |   26.133 |   26.126 |   26.125 |   30.884 ||  +18.33   +0.21   -0.05   -8.18   -0.05   +1.30  +18.15   +0.08   +0.06   +0.05  +18.27
=== process order3.3
mix  |     base |    m4s4h |       s4 |   baseAA |     t4p8 |     dsp0 |      cw4 |     m4s4 |   dsp0AA |       t4 |      s4h |   m4s4AA ||   m4s4h%      s4%  baseAA%    t4p8%    dsp0%     cw4%    m4s4%  dsp0AA%      t4%     s4h%  m4s4AA%
A    |   28.466 |   24.619 |   25.208 |   29.836 |   24.241 |   29.721 |   22.827 |   26.100 |   28.715 |   24.035 |   24.372 |   26.077 ||  -13.51  -11.45   +4.81  -14.84   +4.41  -19.81   -8.31   +0.87  -15.56  -14.38   -8.39
B    |   61.948 |   59.384 |   59.318 |   61.837 |   59.112 |   62.150 |   59.011 |   60.111 |   61.855 |   58.895 |   58.839 |   60.149 ||   -4.14   -4.25   -0.18   -4.58   +0.33   -4.74   -2.97   -0.15   -4.93   -5.02   -2.91
C    |   37.952 |   36.156 |   36.319 |   38.345 |   35.840 |   38.179 |   37.048 |   36.577 |   38.020 |   35.998 |   35.938 |   36.682 ||   -4.73   -4.30   +1.04   -5.56   +0.60   -2.38   -3.62   +0.18   -5.15   -5.31   -3.35
D    |   23.950 |   12.921 |   12.951 |   23.935 |   12.891 |   23.936 |   12.954 |   12.946 |   23.938 |   12.875 |   12.932 |   12.969 ||  -46.05  -45.92   -0.06  -46.18   -0.06  -45.91  -45.95   -0.05  -46.24  -46.01  -45.85
E    |   25.832 |   15.464 |   17.114 |   25.822 |   14.771 |   25.862 |   14.651 |   17.158 |   25.912 |   14.263 |   15.478 |   17.152 ||  -40.14  -33.75   -0.04  -42.82   +0.12  -43.28  -33.58   +0.31  -44.79  -40.08  -33.60
F    |   27.107 |   25.452 |   23.260 |   27.110 |   20.817 |   27.112 |   23.272 |   26.748 |   27.095 |   22.393 |   22.879 |   26.594 ||   -6.11  -14.19   +0.01  -23.20   +0.02  -14.14   -1.32   -0.04  -17.39  -15.60   -1.89
R1   |   27.426 |   28.838 |   27.306 |   27.305 |   26.126 |   27.189 |   24.356 |   29.846 |   27.225 |   27.285 |   27.222 |   29.876 ||   +5.15   -0.44   -0.44   -4.74   -0.86  -11.19   +8.82   -0.73   -0.51   -0.74   +8.93
R2   |   26.938 |   29.311 |   26.891 |   26.822 |   25.291 |   26.774 |   25.255 |   30.479 |   26.789 |   26.814 |   26.810 |   30.526 ||   +8.81   -0.17   -0.43   -6.12   -0.61   -6.25  +13.14   -0.55   -0.46   -0.48  +13.32
R3   |   26.592 |   29.468 |   26.560 |   26.534 |   24.815 |   26.494 |   25.695 |   30.683 |   26.547 |   26.562 |   26.520 |   30.708 ||  +10.81   -0.12   -0.22   -6.68   -0.37   -3.37  +15.38   -0.17   -0.11   -0.27  +15.48
R4   |   26.468 |   29.632 |   26.386 |   26.438 |   24.527 |   26.335 |   25.952 |   30.791 |   26.383 |   26.387 |   26.370 |   30.834 ||  +11.95   -0.31   -0.11   -7.33   -0.50   -1.95  +16.33   -0.32   -0.31   -0.37  +16.49
R6   |   26.125 |   30.899 |   26.156 |   26.153 |   23.973 |   26.092 |   26.450 |   30.842 |   26.118 |   26.144 |   26.119 |   30.892 ||  +18.27   +0.12   +0.10   -8.24   -0.13   +1.24  +18.05   -0.03   +0.07   -0.03  +18.24
