=== process order1.1
SELFCHECK OK (256 whole-block lengths 1..256 blk x 12 variants; out/Xi/ivec/ret byte-identical)
bytes  blks  |     base |   baseAA |     dsp0 |   dsp0AA |     m4s4 |   m4s4AA |    m4s4h |       s4 |      s4h |     t4p8 |       t4 |      cw4 ||  baseAA%    dsp0%  dsp0AA%    m4s4%  m4s4AA%   m4s4h%      s4%     s4h%    t4p8%      t4%     cw4%
16     1     |   26.171 |   26.137 |   26.373 |   26.612 |   13.587 |   13.580 |   13.925 |   13.632 |   13.920 |   13.936 |   13.934 |   13.630 ||   -0.13   +0.77   +1.69  -48.08  -48.11  -46.79  -47.91  -46.81  -46.75  -46.76  -47.92
       med   |   26.418 |   26.417 |   26.826 |   26.872 |   13.658 |   13.653 |   14.105 |   13.672 |   14.086 |   14.002 |   13.950 |   13.648
32     2     |   26.449 |   26.485 |   26.429 |   26.423 |   15.284 |   15.336 |   15.313 |   15.325 |   15.305 |   14.853 |   14.834 |   14.669 ||   +0.13   -0.08   -0.10  -42.21  -42.02  -42.10  -42.06  -42.13  -43.84  -43.91  -44.54
       med   |   26.790 |   26.652 |   26.682 |   26.634 |   15.297 |   15.350 |   15.393 |   15.551 |   15.317 |   14.881 |   14.881 |   15.138
48     3     |   27.729 |   27.712 |   27.710 |   27.726 |   19.378 |   19.417 |   18.880 |   19.419 |   18.879 |   15.495 |   15.512 |   16.099 ||   -0.06   -0.07   -0.01  -30.12  -29.97  -31.91  -29.97  -31.92  -44.12  -44.06  -41.94
       med   |   28.179 |   27.938 |   27.986 |   27.908 |   19.397 |   19.439 |   19.109 |   19.717 |   19.081 |   15.562 |   15.584 |   16.158
64     4     |   28.919 |   28.880 |   28.906 |   28.869 |   25.209 |   25.386 |   23.132 |   25.212 |   23.133 |   17.005 |   16.964 |   18.300 ||   -0.14   -0.04   -0.17  -12.83  -12.22  -20.01  -12.82  -20.01  -41.20  -41.34  -36.72
       med   |   29.059 |   29.121 |   29.085 |   29.072 |   25.501 |   25.522 |   23.741 |   25.241 |   23.164 |   17.405 |   16.979 |   18.320
80     5     |   29.958 |   29.984 |   30.053 |   30.129 |   30.110 |   29.982 |   30.109 |   30.056 |   30.032 |   30.091 |   30.034 |   24.838 ||   +0.09   +0.32   +0.57   +0.51   +0.08   +0.50   +0.33   +0.25   +0.44   +0.25  -17.09
       med   |   30.681 |   30.216 |   30.287 |   30.326 |   30.203 |   30.240 |   30.185 |   30.314 |   30.221 |   30.230 |   30.334 |   25.615
96     6     |   30.909 |   30.856 |   30.879 |   30.837 |   30.940 |   31.009 |   30.941 |   30.885 |   30.868 |   30.907 |   30.866 |   26.521 ||   -0.17   -0.10   -0.23   +0.10   +0.32   +0.10   -0.08   -0.13   -0.01   -0.14  -14.20
       med   |   31.552 |   31.026 |   31.116 |   31.089 |   31.149 |   31.198 |   31.063 |   31.047 |   31.007 |   31.127 |   31.075 |   27.026
112    7     |   33.683 |   31.964 |   31.988 |   31.965 |   31.816 |   32.059 |   31.805 |   31.775 |   31.756 |   31.797 |   31.769 |   29.283 ||   -5.11   -5.03   -5.10   -5.54   -4.82   -5.58   -5.67   -5.72   -5.60   -5.68  -13.07
       med   |   34.697 |   34.964 |   34.296 |   34.830 |   35.037 |   34.923 |   35.035 |   34.273 |   34.387 |   35.032 |   34.325 |   29.551
128    8     |   30.104 |   30.037 |   30.108 |   29.941 |   38.480 |   38.258 |   36.349 |   30.137 |   30.104 |   27.259 |   30.045 |   31.576 ||   -0.22   +0.01   -0.54  +27.82  +27.09  +20.74   +0.11   -0.00   -9.45   -0.20   +4.89
       med   |   30.222 |   30.177 |   30.365 |   30.371 |   38.621 |   38.561 |   36.499 |   30.657 |   30.189 |   27.533 |   30.420 |   31.640
256    16    |   52.231 |   52.366 |   52.199 |   52.237 |   52.243 |   52.326 |   52.365 |   52.185 |   52.170 |   52.302 |   52.167 |   52.079 ||   +0.26   -0.06   +0.01   +0.02   +0.18   +0.25   -0.09   -0.12   +0.13   -0.12   -0.29
       med   |   52.697 |   52.969 |   52.663 |   52.690 |   52.931 |   52.755 |   52.812 |   52.667 |   52.547 |   52.837 |   52.646 |   52.622
512    32    |   93.968 |   94.749 |   94.637 |   94.751 |   95.015 |   95.102 |   95.485 |   94.717 |   94.267 |   95.179 |   94.117 |   94.687 ||   +0.83   +0.71   +0.83   +1.11   +1.21   +1.61   +0.80   +0.32   +1.29   +0.16   +0.76
       med   |   95.942 |   96.273 |   95.483 |   95.760 |   96.292 |   95.982 |   96.156 |   95.463 |   95.450 |   96.216 |   95.598 |   95.722
1024   64    |  179.889 |  180.423 |  179.264 |  179.933 |  180.224 |  180.322 |  180.331 |  179.351 |  179.044 |  180.446 |  178.910 |  179.942 ||   +0.30   -0.35   +0.02   +0.19   +0.24   +0.25   -0.30   -0.47   +0.31   -0.54   +0.03
       med   |  182.451 |  182.866 |  181.373 |  181.306 |  183.056 |  182.536 |  182.750 |  181.117 |  181.262 |  182.996 |  181.567 |  181.589
4096   256   |  693.928 |  693.525 |  691.361 |  691.990 |  692.534 |  693.737 |  694.870 |  690.822 |  691.113 |  692.096 |  691.198 |  692.247 ||   -0.06   -0.37   -0.28   -0.20   -0.03   +0.14   -0.45   -0.41   -0.26   -0.39   -0.24
       med   |  699.589 |  700.305 |  695.684 |  694.864 |  701.572 |  700.221 |  699.850 |  694.569 |  694.979 |  701.564 |  694.183 |  695.909
=== process order1.2
SELFCHECK OK (256 whole-block lengths 1..256 blk x 12 variants; out/Xi/ivec/ret byte-identical)
bytes  blks  |     base |   baseAA |     dsp0 |   dsp0AA |     m4s4 |   m4s4AA |    m4s4h |       s4 |      s4h |     t4p8 |       t4 |      cw4 ||  baseAA%    dsp0%  dsp0AA%    m4s4%  m4s4AA%   m4s4h%      s4%     s4h%    t4p8%      t4%     cw4%
16     1     |   26.165 |   26.198 |   26.373 |   26.578 |   13.584 |   13.582 |   13.934 |   13.634 |   13.937 |   13.933 |   13.938 |   13.629 ||   +0.13   +0.80   +1.58  -48.08  -48.09  -46.75  -47.89  -46.73  -46.75  -46.73  -47.91
       med   |   26.420 |   26.412 |   26.899 |   26.849 |   13.633 |   13.658 |   14.100 |   13.673 |   14.089 |   14.001 |   13.948 |   13.648
32     2     |   26.461 |   26.493 |   26.451 |   26.418 |   15.285 |   15.340 |   15.312 |   15.329 |   15.305 |   14.860 |   14.844 |   15.051 ||   +0.12   -0.04   -0.16  -42.24  -42.03  -42.13  -42.07  -42.16  -43.84  -43.90  -43.12
       med   |   26.761 |   26.662 |   26.663 |   26.719 |   15.300 |   15.355 |   15.394 |   15.555 |   15.316 |   14.883 |   14.881 |   15.130
48     3     |   27.478 |   27.707 |   27.583 |   27.730 |   19.375 |   19.420 |   18.879 |   19.423 |   18.867 |   15.492 |   15.514 |   16.097 ||   +0.83   +0.38   +0.92  -29.49  -29.33  -31.30  -29.32  -31.34  -43.62  -43.54  -41.42
       med   |   28.306 |   27.916 |   27.972 |   27.977 |   19.395 |   19.438 |   19.103 |   19.719 |   19.074 |   15.512 |   15.583 |   16.133
64     4     |   28.912 |   28.884 |   28.917 |   28.868 |   25.208 |   25.381 |   23.139 |   25.218 |   23.136 |   17.024 |   16.964 |   18.294 ||   -0.10   +0.02   -0.16  -12.81  -12.21  -19.97  -12.78  -19.98  -41.12  -41.33  -36.73
       med   |   29.041 |   29.102 |   29.114 |   29.172 |   25.480 |   25.482 |   23.737 |   25.237 |   23.163 |   17.431 |   16.979 |   18.321
80     5     |   29.965 |   29.976 |   30.047 |   30.111 |   30.113 |   29.979 |   30.104 |   30.053 |   30.048 |   30.030 |   30.051 |   24.898 ||   +0.04   +0.27   +0.49   +0.49   +0.05   +0.46   +0.29   +0.28   +0.22   +0.29  -16.91
       med   |   30.631 |   30.202 |   30.349 |   30.351 |   30.197 |   30.231 |   30.174 |   30.321 |   30.128 |   30.212 |   30.322 |   25.601
96     6     |   30.909 |   30.853 |   30.887 |   30.834 |   30.936 |   31.014 |   30.934 |   30.876 |   30.881 |   30.944 |   30.880 |   26.536 ||   -0.18   -0.07   -0.24   +0.09   +0.34   +0.08   -0.11   -0.09   +0.11   -0.09  -14.15
       med   |   31.660 |   31.028 |   31.086 |   31.114 |   31.127 |   31.206 |   31.050 |   31.050 |   30.965 |   31.137 |   31.104 |   27.067
112    7     |   31.982 |   31.748 |   31.994 |   31.962 |   31.801 |   31.925 |   31.782 |   31.775 |   31.755 |   31.814 |   31.779 |   29.308 ||   -0.73   +0.04   -0.06   -0.57   -0.18   -0.62   -0.65   -0.71   -0.53   -0.64   -8.36
       med   |   34.696 |   34.964 |   34.277 |   34.808 |   35.048 |   34.901 |   35.045 |   34.309 |   34.505 |   35.049 |   34.390 |   29.580
128    8     |   30.105 |   29.915 |   30.107 |   29.942 |   38.479 |   38.274 |   36.361 |   30.133 |   30.099 |   27.208 |   30.013 |   31.598 ||   -0.63   +0.01   -0.54  +27.82  +27.14  +20.78   +0.09   -0.02   -9.62   -0.30   +4.96
       med   |   30.235 |   30.185 |   30.346 |   30.283 |   38.633 |   38.639 |   36.504 |   30.569 |   30.146 |   27.529 |   30.407 |   31.643
256    16    |   52.223 |   52.335 |   52.188 |   52.001 |   52.449 |   52.313 |   52.327 |   52.134 |   52.165 |   52.390 |   51.779 |   52.250 ||   +0.21   -0.07   -0.43   +0.43   +0.17   +0.20   -0.17   -0.11   +0.32   -0.85   +0.05
       med   |   52.704 |   52.948 |   52.679 |   52.701 |   52.971 |   52.751 |   52.827 |   52.656 |   52.536 |   52.871 |   52.640 |   52.649
512    32    |   94.998 |   95.153 |   94.023 |   94.552 |   95.478 |   94.864 |   95.223 |   94.638 |   94.015 |   95.390 |   94.927 |   94.810 ||   +0.16   -1.03   -0.47   +0.51   -0.14   +0.24   -0.38   -1.03   +0.41   -0.07   -0.20
       med   |   95.917 |   96.185 |   95.594 |   95.755 |   96.297 |   96.065 |   96.144 |   95.382 |   95.328 |   96.260 |   95.633 |   95.630
1024   64    |  180.107 |  180.283 |  179.830 |  179.767 |  180.095 |  180.117 |  180.776 |  179.841 |  179.397 |  180.488 |  179.261 |  179.497 ||   +0.10   -0.15   -0.19   -0.01   +0.00   +0.37   -0.15   -0.39   +0.21   -0.47   -0.34
       med   |  182.263 |  182.999 |  181.393 |  181.246 |  182.957 |  182.630 |  182.714 |  180.994 |  181.204 |  183.196 |  181.482 |  181.537
4096   256   |  692.961 |  693.926 |  691.346 |  691.802 |  693.468 |  692.972 |  692.605 |  690.874 |  691.177 |  694.397 |  690.216 |  692.315 ||   +0.14   -0.23   -0.17   +0.07   +0.00   -0.05   -0.30   -0.26   +0.21   -0.40   -0.09
       med   |  699.784 |  700.312 |  695.832 |  695.277 |  702.323 |  700.533 |  699.744 |  694.477 |  695.139 |  703.018 |  693.886 |  696.413
=== process order1.3
SELFCHECK OK (256 whole-block lengths 1..256 blk x 12 variants; out/Xi/ivec/ret byte-identical)
bytes  blks  |     base |   baseAA |     dsp0 |   dsp0AA |     m4s4 |   m4s4AA |    m4s4h |       s4 |      s4h |     t4p8 |       t4 |      cw4 ||  baseAA%    dsp0%  dsp0AA%    m4s4%  m4s4AA%   m4s4h%      s4%     s4h%    t4p8%      t4%     cw4%
16     1     |   26.215 |   26.357 |   26.566 |   26.659 |   13.581 |   13.580 |   13.941 |   13.651 |   14.025 |   13.932 |   13.935 |   13.629 ||   +0.54   +1.34   +1.70  -48.19  -48.20  -46.82  -47.93  -46.50  -46.85  -46.84  -48.01
       med   |   26.766 |   27.066 |   27.527 |   27.649 |   13.631 |   13.658 |   14.095 |   13.673 |   14.091 |   14.002 |   13.949 |   13.649
32     2     |   26.467 |   26.364 |   26.455 |   26.405 |   15.285 |   15.342 |   15.306 |   15.330 |   15.304 |   14.861 |   14.843 |   14.834 ||   -0.39   -0.04   -0.23  -42.25  -42.03  -42.17  -42.08  -42.18  -43.85  -43.92  -43.95
       med   |   26.740 |   26.693 |   26.715 |   26.624 |   15.298 |   15.358 |   15.393 |   15.483 |   15.316 |   14.885 |   14.882 |   15.141
48     3     |   27.486 |   27.709 |   27.713 |   27.724 |   19.371 |   19.421 |   18.907 |   19.419 |   18.927 |   15.496 |   15.513 |   16.100 ||   +0.81   +0.83   +0.86  -29.52  -29.34  -31.21  -29.35  -31.14  -43.62  -43.56  -41.42
       med   |   28.089 |   27.924 |   27.985 |   27.896 |   19.399 |   19.441 |   19.099 |   19.720 |   19.086 |   15.562 |   15.573 |   16.163
64     4     |   28.908 |   28.881 |   28.895 |   28.858 |   25.214 |   25.387 |   23.140 |   25.215 |   23.131 |   17.016 |   16.966 |   18.294 ||   -0.09   -0.04   -0.17  -12.78  -12.18  -19.95  -12.77  -19.98  -41.14  -41.31  -36.72
       med   |   29.120 |   29.022 |   29.092 |   29.039 |   25.507 |   25.419 |   23.744 |   25.346 |   23.161 |   17.394 |   17.021 |   18.369
80     5     |   29.956 |   29.988 |   29.865 |   30.106 |   30.105 |   29.995 |   30.108 |   30.057 |   30.047 |   29.279 |   30.048 |   25.006 ||   +0.11   -0.30   +0.50   +0.50   +0.13   +0.51   +0.34   +0.30   -2.26   +0.31  -16.52
       med   |   30.361 |   30.151 |   30.360 |   30.323 |   30.229 |   30.245 |   30.219 |   30.330 |   30.224 |   30.233 |   30.341 |   25.704
96     6     |   30.901 |   30.861 |   30.878 |   30.822 |   30.947 |   31.004 |   30.940 |   30.880 |   30.862 |   30.947 |   30.870 |   26.538 ||   -0.13   -0.08   -0.26   +0.15   +0.33   +0.13   -0.07   -0.13   +0.15   -0.10  -14.12
       med   |   31.329 |   31.003 |   31.072 |   31.061 |   31.135 |   31.196 |   31.057 |   31.045 |   31.012 |   31.160 |   31.115 |   27.048
112    7     |   31.816 |   31.727 |   31.763 |   31.875 |   31.788 |   31.886 |   31.778 |   31.755 |   31.732 |   31.782 |   31.756 |   29.226 ||   -0.28   -0.17   +0.19   -0.09   +0.22   -0.12   -0.19   -0.26   -0.11   -0.19   -8.14
       med   |   35.090 |   35.045 |   34.582 |   32.794 |   32.287 |   32.335 |   32.058 |   32.113 |   32.118 |   32.173 |   32.146 |   29.779
128    8     |   30.110 |   29.954 |   30.098 |   29.938 |   38.462 |   38.264 |   36.357 |   30.130 |   30.104 |   27.254 |   30.016 |   31.586 ||   -0.52   -0.04   -0.57  +27.74  +27.08  +20.75   +0.07   -0.02   -9.48   -0.31   +4.90
       med   |   30.257 |   30.187 |   30.329 |   30.395 |   38.530 |   38.636 |   36.510 |   30.415 |   30.222 |   27.520 |   30.359 |   31.778
256    16    |   52.224 |   52.391 |   52.141 |   52.247 |   52.424 |   51.144 |   52.341 |   52.165 |   52.137 |   52.341 |   51.904 |   52.228 ||   +0.32   -0.16   +0.05   +0.38   -2.07   +0.23   -0.11   -0.17   +0.22   -0.61   +0.01
       med   |   52.700 |   53.004 |   52.664 |   52.750 |   52.960 |   52.749 |   52.865 |   52.675 |   52.622 |   52.875 |   52.669 |   52.689
512    32    |   95.036 |   95.375 |   94.523 |   93.924 |   95.393 |   94.972 |   95.412 |   93.522 |   94.179 |   95.439 |   94.570 |   94.663 ||   +0.36   -0.54   -1.17   +0.38   -0.07   +0.40   -1.59   -0.90   +0.42   -0.49   -0.39
       med   |   95.967 |   96.276 |   95.539 |   95.543 |   96.357 |   95.924 |   96.116 |   95.433 |   95.428 |   96.491 |   95.662 |   95.569
1024   64    |  180.073 |  180.882 |  179.727 |  179.834 |  180.566 |  179.878 |  180.520 |  178.961 |  179.814 |  180.390 |  179.107 |  179.331 ||   +0.45   -0.19   -0.13   +0.27   -0.11   +0.25   -0.62   -0.14   +0.18   -0.54   -0.41
       med   |  182.523 |  182.913 |  181.480 |  181.499 |  182.971 |  182.666 |  182.831 |  181.313 |  181.338 |  183.097 |  181.488 |  181.538
4096   256   |  691.636 |  694.096 |  691.163 |  691.834 |  694.259 |  693.972 |  693.278 |  691.021 |  691.238 |  694.444 |  691.121 |  692.194 ||   +0.36   -0.07   +0.03   +0.38   +0.34   +0.24   -0.09   -0.06   +0.41   -0.07   +0.08
       med   |  699.741 |  700.905 |  695.828 |  694.725 |  701.699 |  700.278 |  699.919 |  694.527 |  695.245 |  702.037 |  693.746 |  696.455
=== process order1.4
SELFCHECK OK (256 whole-block lengths 1..256 blk x 12 variants; out/Xi/ivec/ret byte-identical)
bytes  blks  |     base |   baseAA |     dsp0 |   dsp0AA |     m4s4 |   m4s4AA |    m4s4h |       s4 |      s4h |     t4p8 |       t4 |      cw4 ||  baseAA%    dsp0%  dsp0AA%    m4s4%  m4s4AA%   m4s4h%      s4%     s4h%    t4p8%      t4%     cw4%
16     1     |   26.246 |   26.175 |   26.501 |   26.659 |   13.586 |   13.584 |   13.936 |   13.655 |   13.924 |   13.957 |   13.937 |   13.625 ||   -0.27   +0.97   +1.58  -48.23  -48.24  -46.90  -47.97  -46.95  -46.82  -46.90  -48.09
       med   |   26.839 |   27.016 |   27.449 |   27.633 |   13.661 |   13.656 |   14.095 |   13.673 |   14.092 |   14.003 |   13.949 |   13.648
32     2     |   26.522 |   26.489 |   26.482 |   26.417 |   15.281 |   15.338 |   15.308 |   15.329 |   15.305 |   14.857 |   14.845 |   15.056 ||   -0.12   -0.15   -0.39  -42.38  -42.17  -42.28  -42.20  -42.29  -43.98  -44.03  -43.23
       med   |   26.773 |   26.672 |   26.686 |   26.650 |   15.296 |   15.355 |   15.393 |   15.553 |   15.317 |   14.882 |   14.881 |   15.170
48     3     |   27.624 |   27.716 |   27.720 |   27.729 |   19.379 |   19.418 |   18.908 |   19.415 |   18.901 |   15.496 |   15.513 |   16.095 ||   +0.33   +0.35   +0.38  -29.85  -29.71  -31.55  -29.72  -31.58  -43.90  -43.84  -41.73
       med   |   28.114 |   27.936 |   28.012 |   27.978 |   19.397 |   19.440 |   19.109 |   19.715 |   19.034 |   15.559 |   15.567 |   16.171
64     4     |   28.916 |   28.881 |   28.935 |   28.869 |   25.208 |   25.386 |   23.125 |   25.215 |   23.127 |   17.021 |   16.962 |   18.298 ||   -0.12   +0.06   -0.16  -12.82  -12.21  -20.03  -12.80  -20.02  -41.14  -41.34  -36.72
       med   |   29.083 |   29.114 |   29.133 |   29.042 |   25.349 |   25.494 |   23.737 |   25.278 |   23.161 |   17.469 |   16.984 |   18.380
80     5     |   29.968 |   29.990 |   30.055 |   30.128 |   29.801 |   29.989 |   29.354 |   30.054 |   30.034 |   30.109 |   30.038 |   24.921 ||   +0.07   +0.29   +0.53   -0.56   +0.07   -2.05   +0.29   +0.22   +0.47   +0.23  -16.84
       med   |   30.330 |   30.174 |   30.347 |   30.345 |   30.216 |   30.256 |   30.205 |   30.312 |   30.206 |   30.216 |   30.365 |   25.655
96     6     |   30.917 |   30.855 |   30.881 |   30.814 |   30.938 |   31.009 |   30.936 |   30.863 |   30.877 |   30.947 |   30.874 |   26.526 ||   -0.20   -0.11   -0.33   +0.07   +0.30   +0.06   -0.17   -0.13   +0.10   -0.14  -14.20
       med   |   31.409 |   31.002 |   31.108 |   31.106 |   31.128 |   31.186 |   31.068 |   31.043 |   30.947 |   31.172 |   31.102 |   27.060
112    7     |   31.814 |   31.735 |   31.769 |   31.874 |   31.787 |   31.873 |   31.775 |   31.750 |   31.748 |   31.794 |   31.746 |   29.510 ||   -0.25   -0.14   +0.19   -0.09   +0.18   -0.12   -0.20   -0.21   -0.06   -0.22   -7.24
       med   |   35.060 |   35.142 |   34.599 |   33.361 |   32.461 |   32.288 |   32.204 |   32.097 |   32.118 |   32.159 |   32.170 |   29.702
128    8     |   30.107 |   30.034 |   30.109 |   29.930 |   38.474 |   38.244 |   36.378 |   30.111 |   30.041 |   27.152 |   30.022 |   31.595 ||   -0.24   +0.01   -0.59  +27.79  +27.03  +20.83   +0.01   -0.22   -9.82   -0.28   +4.94
       med   |   30.247 |   30.188 |   30.371 |   30.421 |   38.632 |   38.449 |   36.506 |   30.413 |   30.154 |   27.528 |   30.393 |   31.639
256    16    |   52.263 |   52.339 |   52.209 |   52.220 |   51.806 |   51.081 |   52.356 |   52.171 |   51.954 |   52.352 |   52.141 |   52.177 ||   +0.14   -0.10   -0.08   -0.88   -2.26   +0.18   -0.18   -0.59   +0.17   -0.23   -0.17
       med   |   52.657 |   52.935 |   52.655 |   52.629 |   52.952 |   52.716 |   52.817 |   52.673 |   52.530 |   52.881 |   52.627 |   52.661
512    32    |   94.760 |   95.106 |   94.688 |   94.698 |   95.405 |   95.023 |   95.443 |   94.654 |   94.118 |   95.418 |   94.493 |   94.185 ||   +0.37   -0.08   -0.07   +0.68   +0.28   +0.72   -0.11   -0.68   +0.69   -0.28   -0.61
       med   |   95.829 |   96.203 |   95.521 |   95.581 |   96.302 |   96.136 |   96.129 |   95.491 |   95.454 |   96.277 |   95.721 |   95.520
1024   64    |  180.092 |  179.981 |  178.114 |  179.655 |  180.603 |  180.181 |  180.084 |  179.583 |  179.584 |  180.459 |  179.373 |  179.842 ||   -0.06   -1.10   -0.24   +0.28   +0.05   -0.00   -0.28   -0.28   +0.20   -0.40   -0.14
       med   |  182.513 |  183.051 |  181.480 |  181.433 |  182.999 |  182.565 |  182.743 |  181.298 |  181.298 |  183.120 |  181.494 |  181.393
4096   256   |  694.136 |  693.610 |  691.293 |  691.778 |  692.500 |  693.438 |  694.303 |  691.459 |  690.862 |  694.623 |  690.697 |  692.090 ||   -0.08   -0.41   -0.34   -0.24   -0.10   +0.02   -0.39   -0.47   +0.07   -0.50   -0.29
       med   |  699.294 |  700.356 |  695.533 |  694.811 |  701.601 |  699.966 |  699.237 |  694.658 |  695.098 |  702.174 |  693.778 |  696.009
=== process order1.5
SELFCHECK OK (256 whole-block lengths 1..256 blk x 12 variants; out/Xi/ivec/ret byte-identical)
bytes  blks  |     base |   baseAA |     dsp0 |   dsp0AA |     m4s4 |   m4s4AA |    m4s4h |       s4 |      s4h |     t4p8 |       t4 |      cw4 ||  baseAA%    dsp0%  dsp0AA%    m4s4%  m4s4AA%   m4s4h%      s4%     s4h%    t4p8%      t4%     cw4%
16     1     |   26.244 |   26.201 |   26.586 |   26.725 |   13.586 |   13.581 |   13.845 |   13.652 |   13.924 |   13.939 |   13.933 |   13.629 ||   -0.17   +1.30   +1.83  -48.23  -48.25  -47.25  -47.98  -46.94  -46.89  -46.91  -48.07
       med   |   26.836 |   27.076 |   27.501 |   27.661 |   13.637 |   13.660 |   14.092 |   13.674 |   14.090 |   14.002 |   13.950 |   13.647
32     2     |   26.445 |   26.489 |   26.440 |   26.423 |   15.282 |   15.334 |   15.313 |   15.330 |   15.301 |   14.859 |   14.836 |   14.643 ||   +0.17   -0.02   -0.08  -42.21  -42.01  -42.10  -42.03  -42.14  -43.81  -43.90  -44.63
       med   |   26.769 |   26.692 |   26.673 |   26.692 |   15.301 |   15.485 |   15.394 |   15.555 |   15.317 |   14.885 |   14.882 |   15.146
48     3     |   27.746 |   27.719 |   27.705 |   27.728 |   19.375 |   19.417 |   18.907 |   19.414 |   18.912 |   15.495 |   15.511 |   16.097 ||   -0.10   -0.15   -0.07  -30.17  -30.02  -31.86  -30.03  -31.84  -44.15  -44.09  -41.99
       med   |   28.136 |   27.859 |   28.019 |   27.965 |   19.394 |   19.437 |   19.109 |   19.715 |   19.091 |   15.562 |   15.567 |   16.155
64     4     |   28.917 |   28.887 |   28.899 |   28.869 |   25.206 |   25.385 |   23.137 |   25.213 |   23.127 |   17.041 |   16.961 |   18.297 ||   -0.10   -0.07   -0.17  -12.84  -12.22  -19.99  -12.81  -20.02  -41.07  -41.34  -36.73
       med   |   29.080 |   29.032 |   29.124 |   29.046 |   25.503 |   25.521 |   23.733 |   25.239 |   23.159 |   17.447 |   16.980 |   18.322
80     5     |   29.978 |   29.986 |   30.043 |   30.123 |   30.109 |   29.976 |   30.110 |   30.054 |   30.050 |   30.110 |   30.044 |   25.067 ||   +0.03   +0.22   +0.48   +0.44   -0.01   +0.44   +0.25   +0.24   +0.44   +0.22  -16.38
       med   |   30.330 |   30.190 |   30.305 |   30.326 |   30.220 |   30.226 |   30.197 |   30.336 |   30.228 |   30.233 |   30.347 |   25.623
96     6     |   30.918 |   30.871 |   30.872 |   30.826 |   30.942 |   31.006 |   30.921 |   30.862 |   30.862 |   30.940 |   30.867 |   26.525 ||   -0.15   -0.15   -0.30   +0.08   +0.28   +0.01   -0.18   -0.18   +0.07   -0.16  -14.21
       med   |   31.433 |   31.008 |   31.055 |   31.078 |   31.146 |   31.189 |   31.063 |   31.053 |   31.020 |   31.151 |   31.097 |   27.073
112    7     |   31.850 |   31.703 |   31.766 |   31.863 |   31.798 |   31.852 |   31.777 |   31.751 |   31.747 |   31.781 |   31.759 |   29.151 ||   -0.46   -0.26   +0.04   -0.16   +0.01   -0.23   -0.31   -0.32   -0.22   -0.28   -8.47
       med   |   35.067 |   35.099 |   34.525 |   34.839 |   32.590 |   32.351 |   32.201 |   32.149 |   32.171 |   32.205 |   32.161 |   29.679
128    8     |   30.104 |   30.033 |   30.085 |   29.944 |   38.479 |   38.258 |   36.351 |   30.168 |   30.092 |   27.253 |   30.087 |   31.586 ||   -0.24   -0.06   -0.53  +27.82  +27.09  +20.75   +0.21   -0.04   -9.47   -0.06   +4.92
       med   |   30.246 |   30.177 |   30.359 |   30.395 |   38.629 |   38.451 |   36.501 |   30.491 |   30.266 |   27.516 |   30.361 |   31.653
256    16    |   52.181 |   52.367 |   52.001 |   52.214 |   52.342 |   51.035 |   52.034 |   52.216 |   52.144 |   52.368 |   51.798 |   52.229 ||   +0.36   -0.35   +0.06   +0.31   -2.20   -0.28   +0.07   -0.07   +0.36   -0.73   +0.09
       med   |   52.692 |   52.965 |   52.675 |   52.718 |   52.923 |   52.794 |   52.821 |   52.642 |   52.652 |   52.876 |   52.642 |   52.684
512    32    |   94.986 |   95.250 |   93.997 |   94.430 |   95.077 |   95.074 |   95.347 |   94.124 |   93.873 |   94.738 |   93.960 |   94.758 ||   +0.28   -1.04   -0.59   +0.10   +0.09   +0.38   -0.91   -1.17   -0.26   -1.08   -0.24
       med   |   96.078 |   96.265 |   95.558 |   95.538 |   96.266 |   96.219 |   96.094 |   95.418 |   95.486 |   96.372 |   95.558 |   95.558
1024   64    |  179.661 |  180.137 |  179.799 |  179.862 |  180.839 |  180.020 |  180.925 |  179.744 |  179.006 |  180.713 |  179.834 |  179.903 ||   +0.27   +0.08   +0.11   +0.66   +0.20   +0.70   +0.05   -0.36   +0.59   +0.10   +0.13
       med   |  182.440 |  182.910 |  181.520 |  181.413 |  183.001 |  182.686 |  182.818 |  181.273 |  181.279 |  183.083 |  181.555 |  181.467
4096   256   |  693.538 |  692.821 |  691.140 |  691.989 |  694.757 |  694.336 |  694.566 |  691.314 |  691.150 |  694.345 |  690.986 |  692.417 ||   -0.10   -0.35   -0.22   +0.18   +0.11   +0.15   -0.32   -0.34   +0.12   -0.37   -0.16
       med   |  699.547 |  699.689 |  695.836 |  694.678 |  701.577 |  700.105 |  699.505 |  694.809 |  694.779 |  701.895 |  693.958 |  696.181
=== process order2.1
SELFCHECK OK (256 whole-block lengths 1..256 blk x 12 variants; out/Xi/ivec/ret byte-identical)
bytes  blks  |     base |      cw4 |       t4 |     t4p8 |      s4h |       s4 |    m4s4h |   m4s4AA |     m4s4 |   dsp0AA |     dsp0 |   baseAA ||     cw4%      t4%    t4p8%     s4h%      s4%   m4s4h%  m4s4AA%    m4s4%  dsp0AA%    dsp0%  baseAA%
16     1     |   26.127 |   13.626 |   13.944 |   13.936 |   13.858 |   13.622 |   13.944 |   13.589 |   13.590 |   26.264 |   26.359 |   26.133 ||  -47.85  -46.63  -46.66  -46.96  -47.86  -46.63  -47.99  -47.98   +0.53   +0.89   +0.02
       med   |   26.357 |   13.646 |   13.994 |   14.002 |   14.095 |   13.673 |   14.093 |   13.637 |   13.661 |   26.619 |   26.785 |   26.425
32     2     |   26.459 |   15.100 |   14.827 |   14.856 |   15.303 |   15.325 |   15.306 |   15.286 |   15.334 |   26.427 |   26.417 |   26.511 ||  -42.93  -43.96  -43.85  -42.16  -42.08  -42.15  -42.23  -42.05   -0.12   -0.16   +0.20
       med   |   26.710 |   15.118 |   14.892 |   14.872 |   15.388 |   15.384 |   15.332 |   15.338 |   15.391 |   26.660 |   26.658 |   26.727
48     3     |   27.743 |   16.097 |   15.524 |   15.492 |   18.938 |   19.415 |   18.882 |   19.376 |   19.418 |   27.763 |   27.724 |   27.602 ||  -41.98  -44.04  -44.16  -31.74  -30.02  -31.94  -30.16  -30.01   +0.07   -0.07   -0.51
       med   |   27.989 |   16.149 |   15.583 |   15.521 |   19.245 |   19.479 |   19.070 |   19.438 |   19.706 |   28.007 |   27.951 |   28.018
64     4     |   28.932 |   18.306 |   17.051 |   16.978 |   23.139 |   25.215 |   23.128 |   25.213 |   25.382 |   28.937 |   28.864 |   28.916 ||  -36.73  -41.06  -41.32  -20.02  -12.85  -20.06  -12.86  -12.27   +0.02   -0.23   -0.05
       med   |   29.068 |   18.338 |   17.189 |   17.135 |   23.249 |   25.281 |   23.156 |   25.237 |   25.449 |   29.107 |   29.165 |   29.143
80     5     |   29.966 |   24.813 |   30.135 |   30.098 |   30.054 |   30.034 |   30.116 |   30.111 |   29.987 |   30.053 |   30.109 |   29.951 ||  -17.19   +0.56   +0.44   +0.29   +0.23   +0.50   +0.48   +0.07   +0.29   +0.48   -0.05
       med   |   30.160 |   25.621 |   30.680 |   30.218 |   30.303 |   30.298 |   30.391 |   30.235 |   30.198 |   30.349 |   30.260 |   30.157
96     6     |   30.896 |   26.544 |   30.850 |   30.940 |   30.909 |   30.874 |   30.955 |   30.948 |   31.005 |   30.854 |   30.827 |   30.895 ||  -14.08   -0.15   +0.14   +0.04   -0.07   +0.19   +0.17   +0.35   -0.13   -0.22   -0.00
       med   |   31.043 |   27.396 |   31.364 |   31.073 |   31.271 |   31.058 |   31.313 |   31.215 |   31.172 |   31.065 |   31.074 |   31.067
112    7     |   31.911 |   29.414 |   31.890 |   31.964 |   31.785 |   31.787 |   31.973 |   31.953 |   32.079 |   32.103 |   31.894 |   31.848 ||   -7.83   -0.06   +0.17   -0.39   -0.39   +0.20   +0.13   +0.53   +0.60   -0.05   -0.20
       med   |   34.567 |   29.713 |   35.133 |   34.940 |   34.429 |   34.139 |   34.950 |   34.879 |   34.722 |   34.476 |   34.610 |   34.365
128    8     |   30.105 |   31.586 |   29.941 |   27.314 |   30.116 |   30.104 |   36.347 |   38.484 |   38.253 |   30.150 |   29.936 |   30.101 ||   +4.92   -0.54   -9.27   +0.04   -0.00  +20.74  +27.83  +27.07   +0.15   -0.56   -0.01
       med   |   30.232 |   31.843 |   30.311 |   27.507 |   30.593 |   30.322 |   36.580 |   38.789 |   38.689 |   30.570 |   30.164 |   30.251
256    16    |   52.274 |   52.234 |   52.250 |   52.348 |   52.188 |   52.189 |   52.440 |   52.373 |   51.576 |   51.933 |   52.246 |   52.236 ||   -0.08   -0.05   +0.14   -0.16   -0.16   +0.32   +0.19   -1.34   -0.65   -0.05   -0.07
       med   |   52.833 |   52.827 |   52.667 |   52.845 |   52.779 |   52.672 |   52.926 |   52.847 |   52.747 |   52.647 |   52.646 |   52.819
512    32    |   95.075 |   94.200 |   94.816 |   95.306 |   94.944 |   93.896 |   95.535 |   95.270 |   95.300 |   94.566 |   94.746 |   94.648 ||   -0.92   -0.27   +0.24   -0.14   -1.24   +0.48   +0.21   +0.24   -0.54   -0.35   -0.45
       med   |   95.952 |   95.931 |   95.837 |   96.290 |   95.917 |   95.536 |   96.341 |   96.146 |   95.991 |   95.681 |   95.904 |   95.835
1024   64    |  179.871 |  179.462 |  179.696 |  180.571 |  179.097 |  178.891 |  180.804 |  180.970 |  180.214 |  179.703 |  179.290 |  179.935 ||   -0.23   -0.10   +0.39   -0.43   -0.55   +0.52   +0.61   +0.19   -0.09   -0.32   +0.04
       med   |  182.481 |  181.877 |  181.561 |  183.161 |  181.619 |  181.429 |  183.034 |  182.708 |  182.199 |  181.502 |  181.877 |  182.125
4096   256   |  693.524 |  692.369 |  691.923 |  692.674 |  691.027 |  690.597 |  694.481 |  693.951 |  693.244 |  691.040 |  692.378 |  693.039 ||   -0.17   -0.23   -0.12   -0.36   -0.42   +0.14   +0.06   -0.04   -0.36   -0.17   -0.07
       med   |  699.438 |  696.258 |  695.197 |  701.696 |  694.029 |  694.860 |  701.809 |  700.051 |  698.925 |  695.373 |  696.244 |  698.930
=== process order2.2
SELFCHECK OK (256 whole-block lengths 1..256 blk x 12 variants; out/Xi/ivec/ret byte-identical)
bytes  blks  |     base |      cw4 |       t4 |     t4p8 |      s4h |       s4 |    m4s4h |   m4s4AA |     m4s4 |   dsp0AA |     dsp0 |   baseAA ||     cw4%      t4%    t4p8%     s4h%      s4%   m4s4h%  m4s4AA%    m4s4%  dsp0AA%    dsp0%  baseAA%
16     1     |   26.135 |   13.631 |   13.941 |   13.938 |   13.960 |   13.624 |   13.937 |   13.585 |   13.643 |   26.268 |   26.332 |   26.135 ||  -47.84  -46.66  -46.67  -46.58  -47.87  -46.67  -48.02  -47.80   +0.51   +0.75   +0.00
       med   |   26.391 |   13.641 |   13.958 |   14.004 |   14.098 |   13.673 |   14.107 |   13.638 |   13.661 |   26.604 |   26.781 |   26.403
32     2     |   26.464 |   15.104 |   14.830 |   14.851 |   15.306 |   15.328 |   15.304 |   15.280 |   15.342 |   26.427 |   26.414 |   26.527 ||  -42.93  -43.96  -43.88  -42.16  -42.08  -42.17  -42.26  -42.03   -0.14   -0.19   +0.24
       med   |   26.707 |   15.115 |   14.893 |   14.875 |   15.318 |   15.342 |   15.316 |   15.296 |   15.358 |   26.632 |   26.660 |   26.723
48     3     |   27.734 |   16.097 |   15.522 |   15.495 |   18.869 |   19.419 |   18.882 |   19.369 |   19.426 |   27.706 |   27.724 |   27.463 ||  -41.96  -44.03  -44.13  -31.96  -29.98  -31.92  -30.16  -29.96   -0.10   -0.04   -0.98
       med   |   27.961 |   16.119 |   15.572 |   15.512 |   19.239 |   19.439 |   19.022 |   19.395 |   19.711 |   27.981 |   27.946 |   28.000
64     4     |   28.914 |   18.299 |   17.056 |   16.977 |   23.135 |   25.216 |   23.129 |   25.212 |   25.386 |   28.906 |   28.863 |   28.917 ||  -36.71  -41.01  -41.29  -19.99  -12.79  -20.01  -12.80  -12.20   -0.03   -0.18   +0.01
       med   |   29.059 |   18.363 |   17.188 |   17.075 |   23.173 |   25.240 |   23.162 |   25.231 |   25.410 |   29.105 |   29.117 |   29.103
80     5     |   29.957 |   24.817 |   30.136 |   30.106 |   30.053 |   30.055 |   30.112 |   30.110 |   30.010 |   30.055 |   30.102 |   29.898 ||  -17.16   +0.60   +0.50   +0.32   +0.33   +0.52   +0.51   +0.18   +0.33   +0.49   -0.20
       med   |   30.183 |   25.624 |   30.708 |   30.196 |   30.349 |   30.296 |   30.388 |   30.220 |   30.192 |   30.318 |   30.244 |   30.160
96     6     |   30.903 |   26.574 |   30.895 |   30.942 |   30.880 |   30.877 |   30.947 |   30.946 |   30.993 |   30.876 |   30.831 |   30.896 ||  -14.01   -0.02   +0.13   -0.08   -0.08   +0.14   +0.14   +0.29   -0.09   -0.23   -0.02
       med   |   31.074 |   27.409 |   31.353 |   31.109 |   31.124 |   31.051 |   31.336 |   31.194 |   31.200 |   31.081 |   31.073 |   31.060
112    7     |   31.991 |   29.355 |   32.443 |   31.818 |   31.775 |   32.024 |   31.976 |   31.802 |   31.939 |   31.994 |   31.890 |   32.108 ||   -8.24   +1.41   -0.54   -0.68   +0.10   -0.05   -0.59   -0.16   +0.01   -0.32   +0.36
       med   |   34.545 |   29.705 |   35.149 |   34.922 |   34.181 |   34.137 |   34.964 |   34.863 |   34.623 |   34.400 |   34.608 |   34.421
128    8     |   30.105 |   31.601 |   29.923 |   27.264 |   30.132 |   30.101 |   36.364 |   38.486 |   38.047 |   30.118 |   29.943 |   30.109 ||   +4.97   -0.61   -9.44   +0.09   -0.01  +20.79  +27.84  +26.38   +0.04   -0.54   +0.01
       med   |   30.221 |   31.829 |   30.234 |   27.512 |   30.484 |   30.335 |   36.576 |   38.794 |   38.689 |   30.526 |   30.154 |   30.233
256    16    |   52.203 |   52.245 |   52.246 |   52.347 |   52.208 |   52.184 |   52.373 |   52.251 |   51.990 |   52.133 |   52.241 |   52.271 ||   +0.08   +0.08   +0.28   +0.01   -0.04   +0.32   +0.09   -0.41   -0.13   +0.07   +0.13
       med   |   52.800 |   52.749 |   52.708 |   52.858 |   52.889 |   52.631 |   52.984 |   52.870 |   52.785 |   52.624 |   52.678 |   52.809
512    32    |   94.705 |   94.919 |   94.231 |   95.261 |   94.901 |   93.890 |   95.408 |   95.217 |   95.239 |   94.842 |   94.287 |   94.323 ||   +0.23   -0.50   +0.59   +0.21   -0.86   +0.74   +0.54   +0.56   +0.14   -0.44   -0.40
       med   |   96.066 |   95.821 |   95.660 |   96.254 |   95.885 |   95.439 |   96.311 |   96.162 |   96.012 |   95.641 |   95.924 |   95.858
1024   64    |  179.634 |  179.969 |  179.932 |  180.685 |  179.231 |  179.792 |  180.719 |  180.557 |  179.197 |  179.066 |  179.999 |  179.924 ||   +0.19   +0.17   +0.59   -0.22   +0.09   +0.60   +0.51   -0.24   -0.32   +0.20   +0.16
       med   |  182.470 |  181.861 |  181.575 |  183.220 |  181.518 |  181.344 |  183.052 |  182.878 |  182.352 |  181.525 |  181.886 |  182.075
4096   256   |  694.231 |  692.170 |  691.677 |  692.453 |  691.184 |  690.599 |  693.636 |  694.819 |  693.113 |  691.332 |  692.114 |  691.808 ||   -0.30   -0.37   -0.26   -0.44   -0.52   -0.09   +0.08   -0.16   -0.42   -0.31   -0.35
       med   |  699.487 |  696.527 |  694.968 |  702.385 |  694.521 |  695.011 |  701.739 |  699.983 |  699.018 |  695.718 |  696.311 |  699.014
=== process order2.3
SELFCHECK OK (256 whole-block lengths 1..256 blk x 12 variants; out/Xi/ivec/ret byte-identical)
bytes  blks  |     base |      cw4 |       t4 |     t4p8 |      s4h |       s4 |    m4s4h |   m4s4AA |     m4s4 |   dsp0AA |     dsp0 |   baseAA ||     cw4%      t4%    t4p8%     s4h%      s4%   m4s4h%  m4s4AA%    m4s4%  dsp0AA%    dsp0%  baseAA%
16     1     |   26.136 |   13.632 |   13.945 |   13.938 |   13.962 |   13.622 |   13.937 |   13.591 |   13.630 |   26.278 |   26.349 |   26.131 ||  -47.84  -46.65  -46.67  -46.58  -47.88  -46.68  -48.00  -47.85   +0.54   +0.81   -0.02
       med   |   26.355 |   13.643 |   13.959 |   14.004 |   14.087 |   13.674 |   14.097 |   13.637 |   13.660 |   26.825 |   26.777 |   26.441
32     2     |   26.450 |   15.101 |   14.828 |   14.852 |   15.304 |   15.329 |   15.302 |   15.283 |   15.334 |   26.427 |   26.426 |   26.523 ||  -42.91  -43.94  -43.85  -42.14  -42.05  -42.15  -42.22  -42.03   -0.09   -0.09   +0.28
       med   |   26.705 |   15.117 |   14.894 |   14.873 |   15.384 |   15.343 |   15.318 |   15.297 |   15.350 |   26.661 |   26.665 |   26.724
48     3     |   27.550 |   16.101 |   15.517 |   15.494 |   18.927 |   19.419 |   18.884 |   19.378 |   19.426 |   27.702 |   27.725 |   27.756 ||  -41.56  -43.68  -43.76  -31.30  -29.51  -31.45  -29.66  -29.49   +0.55   +0.64   +0.75
       med   |   27.887 |   16.117 |   15.565 |   15.509 |   19.277 |   19.438 |   19.023 |   19.395 |   19.735 |   27.957 |   27.956 |   27.995
64     4     |   28.914 |   18.297 |   17.050 |   16.974 |   23.136 |   25.218 |   23.126 |   25.214 |   25.386 |   28.908 |   28.863 |   28.913 ||  -36.72  -41.03  -41.30  -19.98  -12.78  -20.02  -12.80  -12.20   -0.02   -0.18   -0.00
       med   |   29.069 |   18.387 |   17.120 |   17.086 |   23.163 |   25.277 |   23.245 |   25.505 |   25.412 |   29.101 |   29.145 |   29.092
80     5     |   29.960 |   24.650 |   30.119 |   30.102 |   30.046 |   30.054 |   30.073 |   30.098 |   29.982 |   30.059 |   30.117 |   29.859 ||  -17.73   +0.53   +0.47   +0.29   +0.31   +0.38   +0.46   +0.07   +0.33   +0.52   -0.34
       med   |   30.224 |   25.607 |   30.706 |   30.228 |   30.348 |   30.301 |   30.236 |   30.227 |   30.210 |   30.361 |   30.258 |   30.204
96     6     |   30.899 |   26.552 |   30.837 |   30.945 |   30.865 |   30.875 |   30.946 |   30.939 |   31.004 |   30.878 |   30.826 |   30.898 ||  -14.07   -0.20   +0.15   -0.11   -0.08   +0.15   +0.13   +0.34   -0.07   -0.24   -0.00
       med   |   31.064 |   27.488 |   31.392 |   31.137 |   31.242 |   31.044 |   31.335 |   31.204 |   31.168 |   31.060 |   31.066 |   31.077
112    7     |   32.186 |   29.391 |   32.594 |   31.958 |   32.325 |   32.039 |   31.994 |   31.945 |   31.931 |   32.358 |   31.985 |   31.871 ||   -8.68   +1.27   -0.71   +0.43   -0.46   -0.60   -0.75   -0.79   +0.54   -0.62   -0.98
       med   |   34.518 |   29.696 |   35.034 |   34.911 |   34.255 |   34.223 |   34.975 |   34.726 |   34.729 |   34.511 |   34.590 |   34.585
128    8     |   30.068 |   31.580 |   29.933 |   27.264 |   30.011 |   30.112 |   36.348 |   38.494 |   38.254 |   30.134 |   29.942 |   30.108 ||   +5.03   -0.45   -9.32   -0.19   +0.15  +20.89  +28.03  +27.23   +0.22   -0.42   +0.13
       med   |   30.225 |   31.838 |   30.336 |   27.510 |   30.527 |   30.385 |   36.579 |   38.792 |   38.693 |   30.588 |   30.154 |   30.227
256    16    |   52.256 |   52.244 |   52.247 |   52.349 |   52.186 |   52.085 |   52.413 |   52.378 |   52.298 |   52.163 |   52.229 |   52.216 ||   -0.02   -0.02   +0.18   -0.13   -0.33   +0.30   +0.23   +0.08   -0.18   -0.05   -0.08
       med   |   52.862 |   52.798 |   52.685 |   52.887 |   52.639 |   52.678 |   52.985 |   52.893 |   52.778 |   52.611 |   52.777 |   52.797
512    32    |   94.732 |   94.748 |   94.746 |   95.399 |   94.178 |   94.653 |   95.523 |   95.428 |   94.741 |   94.863 |   94.645 |   94.750 ||   +0.02   +0.01   +0.70   -0.59   -0.08   +0.84   +0.73   +0.01   +0.14   -0.09   +0.02
       med   |   95.942 |   95.802 |   95.809 |   96.377 |   96.035 |   95.559 |   96.422 |   96.130 |   95.906 |   95.605 |   95.750 |   95.861
1024   64    |  179.827 |  179.987 |  179.757 |  180.532 |  178.967 |  179.385 |  180.388 |  180.030 |  180.100 |  179.727 |  178.725 |  179.826 ||   +0.09   -0.04   +0.39   -0.48   -0.25   +0.31   +0.11   +0.15   -0.06   -0.61   -0.00
       med   |  182.603 |  181.936 |  181.519 |  183.050 |  181.793 |  181.347 |  183.156 |  182.859 |  182.298 |  181.544 |  181.744 |  182.082
4096   256   |  694.530 |  691.843 |  692.113 |  693.935 |  691.134 |  691.072 |  692.673 |  693.057 |  694.308 |  691.396 |  692.032 |  691.760 ||   -0.39   -0.35   -0.09   -0.49   -0.50   -0.27   -0.21   -0.03   -0.45   -0.36   -0.40
       med   |  699.831 |  696.592 |  695.154 |  701.782 |  694.871 |  695.053 |  701.611 |  700.019 |  699.127 |  695.630 |  696.044 |  699.004
=== process order2.4
SELFCHECK OK (256 whole-block lengths 1..256 blk x 12 variants; out/Xi/ivec/ret byte-identical)
bytes  blks  |     base |      cw4 |       t4 |     t4p8 |      s4h |       s4 |    m4s4h |   m4s4AA |     m4s4 |   dsp0AA |     dsp0 |   baseAA ||     cw4%      t4%    t4p8%     s4h%      s4%   m4s4h%  m4s4AA%    m4s4%  dsp0AA%    dsp0%  baseAA%
16     1     |   26.126 |   13.596 |   13.923 |   13.935 |   13.849 |   13.624 |   13.942 |   13.590 |   13.624 |   26.328 |   26.481 |   26.141 ||  -47.96  -46.71  -46.66  -46.99  -47.85  -46.63  -47.98  -47.86   +0.77   +1.36   +0.06
       med   |   26.762 |   13.641 |   13.957 |   14.004 |   14.089 |   13.673 |   14.094 |   13.639 |   13.660 |   27.470 |   27.646 |   26.802
32     2     |   26.451 |   15.106 |   14.838 |   14.851 |   15.307 |   15.332 |   15.306 |   15.284 |   15.341 |   26.421 |   26.419 |   26.520 ||  -42.89  -43.90  -43.85  -42.13  -42.04  -42.13  -42.22  -42.00   -0.11   -0.12   +0.26
       med   |   26.678 |   15.121 |   14.896 |   14.872 |   15.336 |   15.390 |   15.333 |   15.332 |   15.408 |   26.641 |   26.687 |   26.725
48     3     |   27.752 |   16.095 |   15.521 |   15.494 |   18.903 |   19.427 |   18.908 |   19.378 |   19.434 |   27.707 |   27.712 |   27.454 ||  -42.00  -44.07  -44.17  -31.89  -30.00  -31.87  -30.17  -29.97   -0.16   -0.14   -1.07
       med   |   27.897 |   16.146 |   15.580 |   15.512 |   19.188 |   19.447 |   19.021 |   19.402 |   19.767 |   27.964 |   28.003 |   27.982
64     4     |   28.914 |   18.302 |   17.058 |   16.979 |   23.131 |   25.218 |   23.128 |   25.214 |   25.389 |   28.900 |   28.861 |   28.916 ||  -36.70  -41.00  -41.28  -20.00  -12.78  -20.01  -12.80  -12.19   -0.05   -0.18   +0.01
       med   |   29.078 |   18.410 |   17.191 |   17.169 |   23.176 |   25.281 |   23.157 |   25.272 |   25.491 |   29.101 |   29.130 |   29.067
80     5     |   29.955 |   24.626 |   30.100 |   30.098 |   30.053 |   30.049 |   29.278 |   29.245 |   29.977 |   30.046 |   30.111 |   29.973 ||  -17.79   +0.48   +0.48   +0.33   +0.31   -2.26   -2.37   +0.07   +0.30   +0.52   +0.06
       med   |   30.155 |   25.613 |   30.445 |   30.202 |   30.481 |   30.312 |   30.411 |   30.223 |   30.227 |   30.349 |   30.255 |   30.158
96     6     |   30.896 |   26.503 |   30.833 |   30.940 |   30.903 |   30.871 |   30.962 |   30.941 |   31.005 |   30.869 |   30.827 |   30.893 ||  -14.22   -0.20   +0.14   +0.02   -0.08   +0.21   +0.15   +0.35   -0.09   -0.22   -0.01
       med   |   31.043 |   27.383 |   31.198 |   31.091 |   31.237 |   31.060 |   31.336 |   31.213 |   31.191 |   31.057 |   31.089 |   31.049
112    7     |   31.829 |   29.033 |   31.911 |   31.792 |   31.759 |   31.755 |   31.793 |   31.788 |   31.886 |   31.758 |   31.866 |   31.800 ||   -8.78   +0.26   -0.12   -0.22   -0.23   -0.12   -0.13   +0.18   -0.22   +0.12   -0.09
       med   |   32.241 |   29.824 |   35.044 |   33.978 |   32.735 |   32.473 |   32.544 |   32.263 |   32.336 |   32.194 |   32.157 |   32.250
128    8     |   30.101 |   31.592 |   29.939 |   27.218 |   30.008 |   30.028 |   36.364 |   38.486 |   38.275 |   29.978 |   29.937 |   30.110 ||   +4.95   -0.54   -9.58   -0.31   -0.24  +20.80  +27.86  +27.16   -0.41   -0.54   +0.03
       med   |   30.223 |   31.822 |   30.330 |   27.509 |   30.545 |   30.358 |   36.596 |   38.789 |   38.701 |   30.376 |   30.149 |   30.229
256    16    |   52.261 |   52.237 |   52.237 |   52.262 |   51.550 |   52.115 |   52.390 |   52.261 |   52.016 |   52.147 |   52.247 |   52.289 ||   -0.05   -0.05   +0.00   -1.36   -0.28   +0.25   +0.00   -0.47   -0.22   -0.03   +0.05
       med   |   52.809 |   52.802 |   52.707 |   52.868 |   52.790 |   52.673 |   52.998 |   52.892 |   52.785 |   52.622 |   52.744 |   52.704
512    32    |   94.579 |   94.299 |   94.246 |   95.316 |   94.863 |   93.965 |   95.363 |   95.210 |   94.843 |   94.548 |   94.803 |   94.539 ||   -0.30   -0.35   +0.78   +0.30   -0.65   +0.83   +0.67   +0.28   -0.03   +0.24   -0.04
       med   |   95.889 |   95.965 |   95.535 |   96.347 |   95.816 |   95.531 |   96.335 |   96.145 |   95.859 |   95.610 |   95.839 |   95.932
1024   64    |  179.816 |  179.595 |  179.782 |  180.669 |  178.250 |  179.128 |  181.058 |  179.483 |  179.936 |  179.544 |  179.859 |  179.879 ||   -0.12   -0.02   +0.47   -0.87   -0.38   +0.69   -0.19   +0.07   -0.15   +0.02   +0.03
       med   |  182.598 |  181.955 |  181.663 |  183.228 |  181.459 |  181.449 |  183.014 |  182.830 |  182.231 |  181.561 |  181.855 |  182.043
4096   256   |  693.521 |  692.117 |  691.927 |  694.457 |  690.736 |  690.851 |  694.554 |  694.098 |  694.643 |  691.106 |  692.365 |  693.196 ||   -0.20   -0.23   +0.13   -0.40   -0.38   +0.15   +0.08   +0.16   -0.35   -0.17   -0.05
       med   |  699.522 |  696.336 |  695.204 |  701.580 |  694.223 |  695.148 |  701.861 |  699.967 |  698.928 |  695.284 |  696.042 |  698.912
=== process order2.5
SELFCHECK OK (256 whole-block lengths 1..256 blk x 12 variants; out/Xi/ivec/ret byte-identical)
bytes  blks  |     base |      cw4 |       t4 |     t4p8 |      s4h |       s4 |    m4s4h |   m4s4AA |     m4s4 |   dsp0AA |     dsp0 |   baseAA ||     cw4%      t4%    t4p8%     s4h%      s4%   m4s4h%  m4s4AA%    m4s4%  dsp0AA%    dsp0%  baseAA%
16     1     |   26.139 |   13.632 |   13.926 |   13.941 |   13.877 |   13.624 |   13.876 |   13.587 |   13.584 |   26.289 |   26.341 |   26.131 ||  -47.85  -46.73  -46.67  -46.91  -47.88  -46.92  -48.02  -48.03   +0.57   +0.77   -0.03
       med   |   26.400 |   13.642 |   13.957 |   14.004 |   14.094 |   13.674 |   14.093 |   13.637 |   13.661 |   26.593 |   26.780 |   26.419
32     2     |   26.460 |   15.103 |   14.830 |   14.851 |   15.309 |   15.325 |   15.303 |   15.284 |   15.333 |   26.433 |   26.417 |   26.528 ||  -42.92  -43.96  -43.87  -42.14  -42.08  -42.17  -42.24  -42.05   -0.10   -0.16   +0.26
       med   |   26.715 |   15.135 |   14.895 |   14.875 |   15.393 |   15.383 |   15.329 |   15.335 |   15.352 |   26.632 |   26.665 |   26.737
48     3     |   27.745 |   16.098 |   15.523 |   15.493 |   18.881 |   19.419 |   18.883 |   19.375 |   19.426 |   27.715 |   27.723 |   27.757 ||  -41.98  -44.05  -44.16  -31.95  -30.01  -31.94  -30.17  -29.98   -0.11   -0.08   +0.04
       med   |   27.984 |   16.151 |   15.604 |   15.507 |   19.237 |   19.440 |   19.027 |   19.396 |   19.724 |   27.988 |   27.932 |   27.989
64     4     |   28.926 |   18.296 |   17.055 |   16.977 |   23.131 |   25.210 |   23.129 |   25.214 |   25.385 |   28.905 |   28.864 |   28.908 ||  -36.75  -41.04  -41.31  -20.03  -12.85  -20.04  -12.83  -12.24   -0.07   -0.21   -0.06
       med   |   29.077 |   18.372 |   17.188 |   17.095 |   23.169 |   25.277 |   23.158 |   25.233 |   25.436 |   29.101 |   29.139 |   29.117
80     5     |   29.956 |   24.622 |   30.131 |   30.101 |   30.059 |   30.058 |   30.117 |   30.106 |   30.010 |   30.048 |   30.123 |   29.949 ||  -17.80   +0.59   +0.49   +0.34   +0.34   +0.54   +0.50   +0.18   +0.31   +0.56   -0.02
       med   |   30.169 |   25.617 |   30.637 |   30.210 |   30.378 |   30.312 |   30.398 |   30.223 |   30.223 |   30.338 |   30.257 |   30.229
96     6     |   30.895 |   26.531 |   30.844 |   30.941 |   30.883 |   30.867 |   30.958 |   30.944 |   31.003 |   30.885 |   30.828 |   30.899 ||  -14.12   -0.17   +0.15   -0.04   -0.09   +0.20   +0.16   +0.35   -0.03   -0.22   +0.01
       med   |   31.040 |   27.077 |   31.336 |   31.107 |   31.211 |   31.045 |   31.305 |   31.221 |   31.173 |   31.052 |   31.072 |   31.067
112    7     |   32.274 |   29.404 |   32.709 |   34.173 |   32.133 |   31.787 |   33.727 |   32.158 |   32.184 |   32.149 |   31.905 |   31.928 ||   -8.89   +1.35   +5.88   -0.44   -1.51   +4.50   -0.36   -0.28   -0.39   -1.14   -1.07
       med   |   34.541 |   29.719 |   34.760 |   34.929 |   34.307 |   34.158 |   34.978 |   34.850 |   34.639 |   34.406 |   34.582 |   34.569
128    8     |   30.047 |   31.598 |   29.935 |   27.264 |   30.029 |   30.052 |   36.342 |   38.485 |   38.259 |   30.116 |   29.939 |   30.042 ||   +5.16   -0.37   -9.26   -0.06   +0.01  +20.95  +28.08  +27.33   +0.23   -0.36   -0.02
       med   |   30.246 |   31.779 |   30.208 |   27.516 |   30.481 |   30.340 |   36.606 |   38.776 |   38.691 |   30.543 |   30.150 |   30.232
256    16    |   52.246 |   52.241 |   52.231 |   52.374 |   52.146 |   51.856 |   52.374 |   52.350 |   51.954 |   52.029 |   52.222 |   52.223 ||   -0.01   -0.03   +0.24   -0.19   -0.75   +0.24   +0.20   -0.56   -0.42   -0.05   -0.04
       med   |   52.788 |   52.833 |   52.621 |   52.851 |   52.683 |   52.627 |   52.967 |   52.899 |   52.750 |   52.566 |   52.720 |   52.794
512    32    |   95.089 |   94.723 |   94.436 |   95.428 |   94.254 |   93.971 |   95.075 |   95.206 |   94.163 |   94.014 |   94.734 |   94.799 ||   -0.38   -0.69   +0.36   -0.88   -1.18   -0.01   +0.12   -0.97   -1.13   -0.37   -0.31
       med   |   95.985 |   95.773 |   95.797 |   96.260 |   95.931 |   95.605 |   96.349 |   96.181 |   95.775 |   95.616 |   95.884 |   95.827
1024   64    |  179.700 |  179.952 |  179.284 |  180.752 |  179.082 |  179.627 |  180.671 |  180.764 |  180.417 |  179.459 |  179.183 |  179.294 ||   +0.14   -0.23   +0.59   -0.34   -0.04   +0.54   +0.59   +0.40   -0.13   -0.29   -0.23
       med   |  182.282 |  181.808 |  181.660 |  183.009 |  181.750 |  181.373 |  183.064 |  182.792 |  182.317 |  181.536 |  181.838 |  181.910
4096   256   |  694.081 |  692.245 |  691.694 |  695.183 |  691.105 |  690.869 |  695.081 |  694.133 |  694.909 |  691.150 |  692.023 |  692.414 ||   -0.26   -0.34   +0.16   -0.43   -0.46   +0.14   +0.01   +0.12   -0.42   -0.30   -0.24
       med   |  699.717 |  696.534 |  695.260 |  701.772 |  694.173 |  695.355 |  701.788 |  700.152 |  698.922 |  695.492 |  696.064 |  699.274
=== process order3.1
SELFCHECK OK (256 whole-block lengths 1..256 blk x 12 variants; out/Xi/ivec/ret byte-identical)
bytes  blks  |     base |    m4s4h |       s4 |   baseAA |     t4p8 |     dsp0 |      cw4 |     m4s4 |   dsp0AA |       t4 |      s4h |   m4s4AA ||   m4s4h%      s4%  baseAA%    t4p8%    dsp0%     cw4%    m4s4%  dsp0AA%      t4%     s4h%  m4s4AA%
16     1     |   26.224 |   13.906 |   13.648 |   26.323 |   13.887 |   26.474 |   13.629 |   13.580 |   26.454 |   13.946 |   13.832 |   13.587 ||  -46.97  -47.96   +0.38  -47.04   +0.95  -48.03  -48.22   +0.88  -46.82  -47.25  -48.19
       med   |   26.777 |   14.103 |   13.659 |   27.298 |   13.944 |   27.416 |   13.648 |   13.649 |   27.598 |   13.957 |   14.092 |   13.668
32     2     |   26.464 |   15.280 |   15.287 |   26.520 |   14.845 |   26.418 |   15.082 |   15.336 |   26.423 |   14.845 |   15.302 |   15.284 ||  -42.26  -42.23   +0.22  -43.90   -0.17  -43.01  -42.05   -0.15  -43.90  -42.18  -42.25
       med   |   26.764 |   15.383 |   15.301 |   26.900 |   14.872 |   26.702 |   15.116 |   15.349 |   26.689 |   14.896 |   15.392 |   15.302
48     3     |   27.802 |   18.941 |   19.381 |   27.790 |   15.492 |   27.746 |   16.103 |   19.415 |   27.405 |   15.519 |   18.909 |   19.377 ||  -31.87  -30.29   -0.04  -44.28   -0.20  -42.08  -30.17   -1.43  -44.18  -31.99  -30.30
       med   |   28.125 |   19.051 |   19.403 |   28.214 |   15.556 |   27.988 |   16.168 |   19.436 |   28.016 |   15.531 |   19.146 |   19.398
64     4     |   28.918 |   23.206 |   25.244 |   28.913 |   16.976 |   28.903 |   18.301 |   25.385 |   28.950 |   17.050 |   23.136 |   25.212 ||  -19.75  -12.70   -0.02  -41.30   -0.05  -36.71  -12.22   +0.11  -41.04  -19.99  -12.82
       med   |   29.186 |   23.495 |   25.825 |   29.262 |   16.990 |   29.051 |   18.433 |   25.410 |   29.146 |   17.207 |   23.240 |   25.244
80     5     |   29.870 |   29.969 |   30.125 |   30.001 |   30.102 |   29.881 |   24.913 |   29.974 |   30.044 |   30.128 |   30.043 |   30.096 ||   +0.33   +0.86   +0.44   +0.78   +0.04  -16.59   +0.35   +0.58   +0.86   +0.58   +0.76
       med   |   30.161 |   30.174 |   30.336 |   30.354 |   30.224 |   30.330 |   25.607 |   30.365 |   30.343 |   30.261 |   30.284 |   30.185
96     6     |   30.881 |   31.011 |   30.838 |   30.870 |   30.944 |   30.895 |   26.532 |   31.002 |   30.918 |   30.820 |   30.868 |   30.943 ||   +0.42   -0.14   -0.04   +0.20   +0.05  -14.08   +0.39   +0.12   -0.20   -0.04   +0.20
       med   |   31.073 |   31.174 |   31.093 |   31.117 |   31.230 |   31.063 |   27.067 |   32.787 |   31.195 |   31.099 |   31.048 |   31.074
112    7     |   31.822 |   31.863 |   31.876 |   31.719 |   31.792 |   31.748 |   29.026 |   31.887 |   31.755 |   31.875 |   31.755 |   31.775 ||   +0.13   +0.17   -0.32   -0.10   -0.23   -8.79   +0.20   -0.21   +0.17   -0.21   -0.15
       med   |   32.433 |   32.491 |   32.376 |   32.278 |   32.244 |   32.119 |   29.761 |   34.887 |   34.729 |   35.047 |   34.680 |   33.718
128    8     |   30.118 |   36.472 |   29.678 |   30.039 |   27.294 |   30.081 |   31.602 |   38.259 |   30.110 |   29.865 |   30.050 |   38.474 ||  +21.10   -1.46   -0.26   -9.38   -0.12   +4.93  +27.03   -0.02   -0.84   -0.22  +27.75
       med   |   30.557 |   36.650 |   30.274 |   30.318 |   27.514 |   30.393 |   31.835 |   38.639 |   30.416 |   30.144 |   30.369 |   38.809
256    16    |   52.180 |   52.254 |   52.231 |   52.358 |   52.335 |   52.213 |   52.229 |   52.279 |   51.954 |   52.225 |   51.899 |   52.406 ||   +0.14   +0.10   +0.34   +0.30   +0.06   +0.09   +0.19   -0.43   +0.09   -0.54   +0.43
       med   |   52.740 |   52.795 |   52.659 |   52.981 |   52.897 |   52.717 |   52.808 |   52.659 |   52.723 |   52.631 |   52.607 |   52.902
512    32    |   94.769 |   95.122 |   94.717 |   95.046 |   95.234 |   94.610 |   94.782 |   94.833 |   94.209 |   94.371 |   94.409 |   95.404 ||   +0.37   -0.05   +0.29   +0.49   -0.17   +0.01   +0.07   -0.59   -0.42   -0.38   +0.67
       med   |   95.948 |   96.104 |   95.582 |   96.283 |   96.338 |   95.538 |   95.679 |   95.597 |   95.701 |   96.054 |   95.624 |   96.347
1024   64    |  180.008 |  180.172 |  179.845 |  180.005 |  180.410 |  179.948 |  179.866 |  179.911 |  179.825 |  179.981 |  179.756 |  180.710 ||   +0.09   -0.09   -0.00   +0.22   -0.03   -0.08   -0.05   -0.10   -0.01   -0.14   +0.39
       med   |  182.472 |  182.637 |  181.535 |  182.679 |  182.983 |  181.552 |  181.559 |  181.886 |  181.692 |  182.071 |  181.498 |  183.020
4096   256   |  693.675 |  694.896 |  691.362 |  693.465 |  692.982 |  691.467 |  691.885 |  694.571 |  691.470 |  692.180 |  691.437 |  694.074 ||   +0.18   -0.33   -0.03   -0.10   -0.32   -0.26   +0.13   -0.32   -0.22   -0.32   +0.06
       med   |  700.201 |  700.405 |  694.784 |  699.199 |  701.212 |  695.168 |  695.680 |  700.229 |  696.476 |  697.105 |  694.702 |  701.692
=== process order3.2
SELFCHECK OK (256 whole-block lengths 1..256 blk x 12 variants; out/Xi/ivec/ret byte-identical)
bytes  blks  |     base |    m4s4h |       s4 |   baseAA |     t4p8 |     dsp0 |      cw4 |     m4s4 |   dsp0AA |       t4 |      s4h |   m4s4AA ||   m4s4h%      s4%  baseAA%    t4p8%    dsp0%     cw4%    m4s4%  dsp0AA%      t4%     s4h%  m4s4AA%
16     1     |   26.134 |   13.824 |   13.648 |   26.153 |   13.888 |   26.251 |   13.630 |   13.580 |   26.266 |   13.945 |   13.837 |   13.587 ||  -47.10  -47.78   +0.07  -46.86   +0.45  -47.85  -48.04   +0.51  -46.64  -47.05  -48.01
       med   |   26.749 |   14.105 |   13.660 |   27.254 |   13.942 |   27.327 |   13.647 |   13.654 |   27.507 |   13.957 |   14.093 |   13.699
32     2     |   26.472 |   15.280 |   15.291 |   26.518 |   14.850 |   26.419 |   15.081 |   15.335 |   26.435 |   14.871 |   15.307 |   15.280 ||  -42.28  -42.24   +0.18  -43.90   -0.20  -43.03  -42.07   -0.14  -43.82  -42.18  -42.28
       med   |   26.763 |   15.382 |   15.302 |   26.843 |   14.872 |   26.654 |   15.116 |   15.354 |   26.711 |   14.896 |   15.393 |   15.300
48     3     |   27.766 |   18.916 |   19.386 |   27.734 |   15.495 |   27.687 |   16.097 |   19.425 |   27.732 |   15.518 |   18.900 |   19.379 ||  -31.87  -30.18   -0.11  -44.19   -0.28  -42.02  -30.04   -0.12  -44.11  -31.93  -30.21
       med   |   28.140 |   19.048 |   19.413 |   28.217 |   15.561 |   27.938 |   16.169 |   19.449 |   28.060 |   15.530 |   19.039 |   19.402
64     4     |   28.932 |   23.194 |   25.240 |   28.902 |   16.973 |   28.897 |   18.293 |   25.384 |   28.909 |   17.054 |   23.128 |   25.216 ||  -19.83  -12.76   -0.10  -41.33   -0.12  -36.77  -12.26   -0.08  -41.05  -20.06  -12.84
       med   |   29.196 |   23.483 |   25.839 |   29.345 |   16.991 |   29.040 |   18.406 |   25.411 |   29.169 |   17.324 |   23.231 |   25.328
80     5     |   29.957 |   29.976 |   30.125 |   29.987 |   30.099 |   30.049 |   24.909 |   29.999 |   30.051 |   30.124 |   30.062 |   30.096 ||   +0.06   +0.56   +0.10   +0.47   +0.31  -16.85   +0.14   +0.31   +0.56   +0.35   +0.46
       med   |   30.162 |   30.194 |   30.327 |   30.364 |   30.234 |   30.277 |   25.549 |   30.387 |   30.310 |   30.285 |   30.313 |   30.184
96     6     |   30.898 |   31.002 |   30.876 |   30.859 |   30.942 |   30.866 |   26.609 |   31.003 |   30.887 |   30.855 |   30.803 |   30.934 ||   +0.34   -0.07   -0.12   +0.14   -0.10  -13.88   +0.34   -0.04   -0.14   -0.31   +0.12
       med   |   31.031 |   31.190 |   31.104 |   31.119 |   31.223 |   31.012 |   27.055 |   32.660 |   31.226 |   31.103 |   31.051 |   31.064
112    7     |   31.824 |   31.886 |   31.869 |   31.728 |   31.785 |   31.756 |   29.030 |   31.907 |   31.759 |   31.883 |   31.762 |   31.794 ||   +0.20   +0.14   -0.30   -0.12   -0.21   -8.78   +0.26   -0.20   +0.19   -0.19   -0.09
       med   |   34.098 |   34.654 |   32.561 |   32.462 |   32.294 |   32.121 |   29.899 |   34.847 |   34.652 |   35.008 |   34.658 |   34.810
128    8     |   30.116 |   36.428 |   29.940 |   30.035 |   27.268 |   30.018 |   31.596 |   38.265 |   30.117 |   29.783 |   30.111 |   38.482 ||  +20.96   -0.58   -0.27   -9.46   -0.33   +4.91  +27.06   +0.00   -1.11   -0.02  +27.78
       med   |   30.571 |   36.668 |   30.248 |   30.356 |   27.596 |   30.259 |   31.804 |   38.555 |   30.380 |   30.083 |   30.367 |   38.647
256    16    |   52.220 |   52.279 |   52.243 |   52.383 |   52.427 |   52.101 |   52.240 |   52.282 |   52.218 |   52.238 |   52.139 |   52.344 ||   +0.11   +0.04   +0.31   +0.40   -0.23   +0.04   +0.12   -0.00   +0.03   -0.16   +0.24
       med   |   52.662 |   52.785 |   52.665 |   53.005 |   52.908 |   52.678 |   52.860 |   52.692 |   52.683 |   52.763 |   52.600 |   52.930
512    32    |   95.018 |   95.106 |   94.346 |   95.041 |   95.402 |   94.002 |   94.771 |   94.838 |   94.452 |   94.824 |   94.462 |   95.413 ||   +0.09   -0.71   +0.02   +0.40   -1.07   -0.26   -0.19   -0.60   -0.20   -0.59   +0.42
       med   |   96.056 |   95.997 |   95.600 |   96.179 |   96.306 |   95.504 |   95.891 |   95.544 |   95.702 |   96.154 |   95.628 |   96.289
1024   64    |  180.215 |  179.573 |  179.458 |  180.785 |  180.345 |  179.260 |  179.765 |  179.903 |  179.519 |  179.990 |  179.405 |  180.947 ||   -0.36   -0.42   +0.32   +0.07   -0.53   -0.25   -0.17   -0.39   -0.12   -0.45   +0.41
       med   |  182.508 |  182.585 |  181.404 |  182.733 |  182.990 |  181.407 |  181.458 |  182.041 |  181.657 |  182.282 |  181.555 |  183.123
4096   256   |  693.105 |  694.146 |  691.992 |  693.687 |  694.240 |  691.074 |  691.893 |  693.694 |  691.188 |  692.056 |  691.290 |  693.224 ||   +0.15   -0.16   +0.08   +0.16   -0.29   -0.17   +0.09   -0.28   -0.15   -0.26   +0.02
       med   |  699.583 |  700.206 |  694.452 |  699.159 |  700.642 |  695.067 |  695.236 |  699.201 |  696.133 |  697.011 |  694.554 |  700.750
=== process order3.3
SELFCHECK OK (256 whole-block lengths 1..256 blk x 12 variants; out/Xi/ivec/ret byte-identical)
bytes  blks  |     base |    m4s4h |       s4 |   baseAA |     t4p8 |     dsp0 |      cw4 |     m4s4 |   dsp0AA |       t4 |      s4h |   m4s4AA ||   m4s4h%      s4%  baseAA%    t4p8%    dsp0%     cw4%    m4s4%  dsp0AA%      t4%     s4h%  m4s4AA%
16     1     |   26.307 |   13.910 |   13.648 |   26.391 |   13.886 |   26.636 |   13.631 |   13.583 |   26.678 |   13.946 |   13.942 |   13.609 ||  -47.13  -48.12   +0.32  -47.21   +1.25  -48.19  -48.37   +1.41  -46.99  -47.00  -48.27
       med   |   26.541 |   14.105 |   13.660 |   26.957 |   13.940 |   26.975 |   13.645 |   13.643 |   27.313 |   13.956 |   14.091 |   13.701
32     2     |   26.553 |   15.280 |   15.289 |   26.519 |   14.849 |   26.422 |   15.077 |   15.334 |   26.404 |   14.833 |   15.307 |   15.287 ||  -42.46  -42.42   -0.13  -44.08   -0.49  -43.22  -42.25   -0.56  -44.14  -42.35  -42.43
       med   |   26.764 |   15.368 |   15.301 |   26.883 |   14.872 |   26.636 |   15.116 |   15.349 |   26.713 |   14.899 |   15.393 |   15.302
48     3     |   27.726 |   18.869 |   19.389 |   27.742 |   15.495 |   27.714 |   16.103 |   19.420 |   27.719 |   15.518 |   18.878 |   19.378 ||  -31.94  -30.07   +0.06  -44.11   -0.04  -41.92  -29.96   -0.02  -44.03  -31.91  -30.11
       med   |   28.103 |   19.045 |   19.404 |   28.177 |   15.560 |   27.906 |   16.169 |   19.445 |   28.007 |   15.531 |   19.150 |   19.397
64     4     |   28.964 |   23.195 |   25.251 |   28.899 |   16.974 |   28.894 |   18.302 |   25.383 |   28.913 |   17.049 |   23.137 |   25.214 ||  -19.92  -12.82   -0.23  -41.40   -0.24  -36.81  -12.37   -0.18  -41.14  -20.12  -12.95
       med   |   29.173 |   23.490 |   25.831 |   29.311 |   16.990 |   29.077 |   18.440 |   25.409 |   29.198 |   17.184 |   23.176 |   25.357
80     5     |   29.965 |   29.979 |   30.110 |   29.987 |   30.108 |   30.050 |   24.813 |   29.996 |   30.057 |   30.119 |   30.049 |   30.100 ||   +0.05   +0.48   +0.07   +0.48   +0.28  -17.19   +0.10   +0.31   +0.51   +0.28   +0.45
       med   |   30.153 |   30.169 |   30.322 |   30.356 |   30.230 |   30.276 |   25.592 |   30.478 |   30.325 |   30.242 |   30.308 |   30.190
96     6     |   30.898 |   31.002 |   30.837 |   30.858 |   30.943 |   30.868 |   26.476 |   31.008 |   30.878 |   30.832 |   30.875 |   30.934 ||   +0.34   -0.20   -0.13   +0.15   -0.10  -14.31   +0.36   -0.06   -0.21   -0.07   +0.12
       med   |   31.014 |   31.183 |   31.104 |   31.117 |   31.231 |   31.037 |   27.026 |   31.854 |   31.070 |   31.073 |   31.055 |   31.089
112    7     |   31.820 |   31.892 |   31.889 |   31.721 |   31.788 |   31.739 |   29.227 |   31.883 |   31.982 |   31.899 |   31.765 |   31.789 ||   +0.23   +0.22   -0.31   -0.10   -0.25   -8.15   +0.20   +0.51   +0.25   -0.17   -0.10
       med   |   34.650 |   34.952 |   34.940 |   34.180 |   33.037 |   32.346 |   29.693 |   34.797 |   34.570 |   34.977 |   34.564 |   35.202
128    8     |   30.115 |   36.459 |   29.736 |   30.035 |   27.314 |   30.010 |   31.603 |   38.258 |   30.121 |   29.934 |   30.071 |   38.470 ||  +21.07   -1.26   -0.27   -9.30   -0.35   +4.94  +27.04   +0.02   -0.60   -0.15  +27.74
       med   |   30.393 |   36.668 |   30.311 |   30.182 |   27.506 |   30.249 |   31.663 |   38.649 |   30.414 |   30.138 |   30.344 |   38.663
256    16    |   52.244 |   51.563 |   51.727 |   52.343 |   52.367 |   52.121 |   52.230 |   52.284 |   52.140 |   52.229 |   52.184 |   52.371 ||   -1.30   -0.99   +0.19   +0.23   -0.24   -0.03   +0.08   -0.20   -0.03   -0.11   +0.24
       med   |   52.695 |   52.820 |   52.679 |   52.956 |   52.947 |   52.642 |   52.745 |   52.686 |   52.692 |   52.704 |   52.638 |   52.901
512    32    |   95.051 |   95.156 |   94.746 |   95.264 |   95.066 |   94.272 |   94.712 |   94.676 |   94.266 |   94.268 |   94.480 |   95.434 ||   +0.11   -0.32   +0.22   +0.02   -0.82   -0.36   -0.39   -0.83   -0.82   -0.60   +0.40
       med   |   95.995 |   96.088 |   95.837 |   96.138 |   96.303 |   95.558 |   95.715 |   95.785 |   95.591 |   95.899 |   95.578 |   96.301
1024   64    |  179.807 |  179.813 |  179.450 |  180.470 |  180.764 |  179.762 |  179.910 |  179.987 |  179.553 |  179.896 |  179.212 |  180.744 ||   +0.00   -0.20   +0.37   +0.53   -0.03   +0.06   +0.10   -0.14   +0.05   -0.33   +0.52
       med   |  182.468 |  182.548 |  181.656 |  182.697 |  183.003 |  181.471 |  181.482 |  181.933 |  181.710 |  182.034 |  181.591 |  182.919
4096   256   |  693.572 |  694.516 |  691.915 |  692.746 |  692.385 |  690.770 |  691.357 |  695.493 |  691.015 |  692.342 |  691.217 |  693.461 ||   +0.14   -0.24   -0.12   -0.17   -0.40   -0.32   +0.28   -0.37   -0.18   -0.34   -0.02
       med   |  699.507 |  699.967 |  694.542 |  698.462 |  701.483 |  694.678 |  695.173 |  699.230 |  696.091 |  697.044 |  694.376 |  701.941
=== process order3.4
SELFCHECK OK (256 whole-block lengths 1..256 blk x 12 variants; out/Xi/ivec/ret byte-identical)
bytes  blks  |     base |    m4s4h |       s4 |   baseAA |     t4p8 |     dsp0 |      cw4 |     m4s4 |   dsp0AA |       t4 |      s4h |   m4s4AA ||   m4s4h%      s4%  baseAA%    t4p8%    dsp0%     cw4%    m4s4%  dsp0AA%      t4%     s4h%  m4s4AA%
16     1     |   26.233 |   13.912 |   13.648 |   26.289 |   13.892 |   26.423 |   13.630 |   13.579 |   26.416 |   13.945 |   13.865 |   13.609 ||  -46.97  -47.97   +0.21  -47.04   +0.73  -48.04  -48.24   +0.70  -46.84  -47.15  -48.12
       med   |   26.770 |   14.104 |   13.660 |   27.312 |   13.944 |   27.344 |   13.647 |   13.647 |   27.564 |   13.956 |   14.093 |   13.661
32     2     |   26.532 |   15.279 |   15.291 |   26.489 |   14.848 |   26.427 |   15.062 |   15.341 |   26.430 |   14.878 |   15.306 |   15.285 ||  -42.41  -42.37   -0.16  -44.04   -0.40  -43.23  -42.18   -0.38  -43.93  -42.31  -42.39
       med   |   26.726 |   15.382 |   15.301 |   26.858 |   14.872 |   26.642 |   15.115 |   15.357 |   26.678 |   14.896 |   15.393 |   15.295
48     3     |   27.452 |   18.933 |   19.386 |   27.727 |   15.495 |   27.704 |   16.100 |   19.419 |   27.722 |   15.519 |   18.913 |   19.377 ||  -31.04  -29.38   +1.00  -43.56   +0.92  -41.35  -29.26   +0.98  -43.47  -31.11  -29.41
       med   |   28.015 |   19.046 |   19.405 |   28.158 |   15.560 |   27.911 |   16.171 |   19.443 |   28.001 |   15.531 |   19.147 |   19.398
64     4     |   28.915 |   23.204 |   25.236 |   28.889 |   16.973 |   28.891 |   18.294 |   25.383 |   28.904 |   17.053 |   23.128 |   25.212 ||  -19.75  -12.72   -0.09  -41.30   -0.08  -36.73  -12.22   -0.04  -41.02  -20.02  -12.81
       med   |   29.137 |   23.488 |   25.835 |   29.315 |   16.991 |   29.022 |   18.419 |   25.412 |   29.121 |   17.316 |   23.247 |   25.374
80     5     |   29.959 |   29.982 |   30.108 |   29.988 |   30.101 |   30.052 |   24.960 |   29.988 |   30.054 |   30.123 |   30.032 |   30.098 ||   +0.08   +0.50   +0.10   +0.47   +0.31  -16.69   +0.10   +0.32   +0.55   +0.25   +0.47
       med   |   30.157 |   30.178 |   30.331 |   30.347 |   30.228 |   30.282 |   25.707 |   30.366 |   30.298 |   30.260 |   30.292 |   30.172
96     6     |   30.898 |   30.989 |   30.839 |   30.866 |   30.933 |   30.857 |   26.466 |   30.998 |   30.880 |   30.844 |   30.851 |   30.935 ||   +0.29   -0.19   -0.10   +0.11   -0.13  -14.34   +0.33   -0.06   -0.18   -0.15   +0.12
       med   |   31.062 |   31.187 |   31.093 |   31.232 |   31.201 |   31.021 |   27.024 |   31.982 |   31.087 |   31.068 |   31.045 |   31.075
112    7     |   31.815 |   31.889 |   31.878 |   31.716 |   31.793 |   31.751 |   29.338 |   31.883 |   31.780 |   31.715 |   31.753 |   31.788 ||   +0.23   +0.20   -0.31   -0.07   -0.20   -7.79   +0.22   -0.11   -0.31   -0.19   -0.08
       med   |   32.260 |   32.363 |   32.284 |   32.190 |   32.161 |   32.087 |   29.834 |   34.901 |   34.755 |   35.081 |   34.700 |   33.075
128    8     |   30.117 |   36.469 |   29.947 |   30.035 |   27.316 |   30.102 |   31.582 |   38.344 |   30.118 |   29.940 |   30.080 |   38.485 ||  +21.09   -0.57   -0.27   -9.30   -0.05   +4.86  +27.32   +0.00   -0.59   -0.13  +27.78
       med   |   30.420 |   36.651 |   30.282 |   30.318 |   27.497 |   30.295 |   31.706 |   38.495 |   30.384 |   30.135 |   30.352 |   38.626
256    16    |   52.217 |   51.150 |   52.235 |   52.191 |   52.375 |   51.955 |   52.245 |   52.285 |   52.186 |   52.227 |   52.038 |   52.155 ||   -2.04   +0.03   -0.05   +0.30   -0.50   +0.05   +0.13   -0.06   +0.02   -0.34   -0.12
       med   |   52.562 |   52.780 |   52.626 |   53.035 |   52.911 |   52.615 |   52.774 |   52.652 |   52.670 |   52.614 |   52.571 |   52.900
512    32    |   94.826 |   95.148 |   94.702 |   95.246 |   95.448 |   94.643 |   93.379 |   94.659 |   95.078 |   94.921 |   94.426 |   95.399 ||   +0.34   -0.13   +0.44   +0.66   -0.19   -1.53   -0.18   +0.27   +0.10   -0.42   +0.60
       med   |   95.961 |   95.995 |   95.745 |   96.265 |   96.288 |   95.382 |   95.577 |   95.578 |   95.718 |   96.092 |   95.593 |   96.263
1024   64    |  180.425 |  180.231 |  179.153 |  180.948 |  180.637 |  179.535 |  179.951 |  179.367 |  179.598 |  179.933 |  179.732 |  180.744 ||   -0.11   -0.71   +0.29   +0.12   -0.49   -0.26   -0.59   -0.46   -0.27   -0.38   +0.18
       med   |  182.400 |  182.336 |  181.213 |  182.802 |  183.034 |  181.339 |  181.429 |  181.788 |  181.598 |  182.075 |  181.470 |  182.899
4096   256   |  693.501 |  693.779 |  691.970 |  693.527 |  694.892 |  690.503 |  692.168 |  693.923 |  690.337 |  692.684 |  691.135 |  695.583 ||   +0.04   -0.22   +0.00   +0.20   -0.43   -0.19   +0.06   -0.46   -0.12   -0.34   +0.30
       med   |  699.628 |  700.089 |  694.829 |  698.673 |  700.854 |  694.931 |  695.703 |  699.268 |  696.086 |  697.220 |  694.229 |  701.487
=== process order3.5
SELFCHECK OK (256 whole-block lengths 1..256 blk x 12 variants; out/Xi/ivec/ret byte-identical)
bytes  blks  |     base |    m4s4h |       s4 |   baseAA |     t4p8 |     dsp0 |      cw4 |     m4s4 |   dsp0AA |       t4 |      s4h |   m4s4AA ||   m4s4h%      s4%  baseAA%    t4p8%    dsp0%     cw4%    m4s4%  dsp0AA%      t4%     s4h%  m4s4AA%
16     1     |   26.234 |   13.833 |   13.648 |   26.196 |   13.887 |   26.430 |   13.570 |   13.579 |   26.401 |   13.945 |   13.842 |   13.608 ||  -47.27  -47.97   -0.14  -47.06   +0.75  -48.27  -48.24   +0.64  -46.84  -47.24  -48.13
       med   |   26.778 |   14.101 |   13.659 |   27.312 |   13.942 |   27.303 |   13.648 |   13.652 |   27.481 |   13.956 |   14.091 |   13.699
32     2     |   26.529 |   15.278 |   15.290 |   26.495 |   14.851 |   26.429 |   15.080 |   15.335 |   26.429 |   14.880 |   15.304 |   15.286 ||  -42.41  -42.36   -0.13  -44.02   -0.38  -43.16  -42.20   -0.38  -43.91  -42.31  -42.38
       med   |   26.680 |   15.371 |   15.303 |   26.875 |   14.869 |   26.636 |   15.115 |   15.349 |   26.670 |   14.896 |   15.391 |   15.327
48     3     |   27.688 |   18.929 |   19.385 |   27.746 |   15.496 |   27.712 |   16.104 |   19.422 |   27.716 |   15.520 |   18.918 |   19.381 ||  -31.64  -29.99   +0.21  -44.03   +0.09  -41.84  -29.85   +0.10  -43.95  -31.67  -30.00
       med   |   28.072 |   19.043 |   19.405 |   28.193 |   15.512 |   27.877 |   16.169 |   19.441 |   27.978 |   15.531 |   19.083 |   19.400
64     4     |   28.928 |   23.193 |   25.238 |   28.894 |   16.975 |   28.896 |   18.293 |   25.382 |   28.918 |   17.052 |   23.131 |   25.213 ||  -19.83  -12.76   -0.12  -41.32   -0.11  -36.76  -12.26   -0.04  -41.05  -20.04  -12.84
       med   |   29.150 |   23.395 |   25.833 |   29.330 |   16.990 |   29.038 |   18.418 |   25.408 |   29.118 |   17.290 |   23.169 |   25.347
80     5     |   29.962 |   29.989 |   30.126 |   29.994 |   30.111 |   30.051 |   24.858 |   29.998 |   30.018 |   30.121 |   30.053 |   30.105 ||   +0.09   +0.55   +0.10   +0.50   +0.30  -17.04   +0.12   +0.19   +0.53   +0.30   +0.48
       med   |   30.155 |   30.175 |   30.317 |   30.297 |   30.205 |   30.272 |   25.607 |   30.311 |   30.299 |   30.263 |   30.293 |   30.178
96     6     |   30.813 |   31.008 |   30.825 |   30.854 |   30.945 |   30.856 |   26.525 |   31.006 |   30.922 |   30.834 |   30.864 |   30.937 ||   +0.63   +0.04   +0.13   +0.43   +0.14  -13.92   +0.62   +0.35   +0.07   +0.16   +0.40
       med   |   31.027 |   31.179 |   31.074 |   31.136 |   31.205 |   31.015 |   27.034 |   32.012 |   31.093 |   31.055 |   31.048 |   31.074
112    7     |   31.803 |   31.580 |   31.874 |   31.703 |   31.784 |   31.728 |   29.108 |   31.889 |   31.764 |   31.868 |   31.766 |   31.795 ||   -0.70   +0.22   -0.31   -0.06   -0.24   -8.48   +0.27   -0.12   +0.20   -0.12   -0.03
       med   |   32.145 |   32.318 |   32.169 |   32.184 |   32.194 |   32.061 |   29.804 |   34.897 |   34.739 |   35.072 |   34.688 |   33.473
128    8     |   30.106 |   36.461 |   29.656 |   30.039 |   27.274 |   30.011 |   31.571 |   38.285 |   30.124 |   29.937 |   30.048 |   38.475 ||  +21.11   -1.49   -0.22   -9.41   -0.31   +4.87  +27.17   +0.06   -0.56   -0.19  +27.80
       med   |   30.391 |   36.649 |   30.265 |   30.311 |   27.514 |   30.242 |   31.737 |   38.538 |   30.380 |   30.073 |   30.306 |   38.660
256    16    |   52.032 |   52.087 |   52.183 |   52.292 |   52.360 |   52.022 |   52.231 |   52.021 |   52.035 |   52.169 |   52.192 |   52.342 ||   +0.11   +0.29   +0.50   +0.63   -0.02   +0.38   -0.02   +0.01   +0.26   +0.31   +0.60
       med   |   52.601 |   52.822 |   52.678 |   53.022 |   52.848 |   52.688 |   52.778 |   52.651 |   52.707 |   52.703 |   52.595 |   52.860
512    32    |   93.907 |   94.638 |   94.684 |   95.116 |   95.256 |   94.210 |   94.121 |   94.854 |   94.790 |   94.844 |   94.720 |   95.272 ||   +0.78   +0.83   +1.29   +1.44   +0.32   +0.23   +1.01   +0.94   +1.00   +0.87   +1.45
       med   |   95.852 |   95.945 |   95.844 |   96.070 |   96.295 |   95.528 |   95.647 |   95.615 |   95.676 |   95.882 |   95.546 |   96.124
1024   64    |  179.558 |  179.987 |  179.894 |  180.310 |  179.950 |  178.560 |  179.757 |  179.798 |  179.478 |  179.898 |  179.963 |  180.111 ||   +0.24   +0.19   +0.42   +0.22   -0.56   +0.11   +0.13   -0.04   +0.19   +0.23   +0.31
       med   |  182.316 |  182.319 |  181.241 |  182.815 |  182.897 |  181.268 |  181.458 |  181.698 |  181.539 |  182.059 |  181.514 |  182.989
4096   256   |  693.333 |  693.721 |  691.694 |  694.139 |  693.670 |  690.999 |  691.386 |  694.014 |  690.541 |  692.334 |  691.433 |  694.827 ||   +0.06   -0.24   +0.12   +0.05   -0.34   -0.28   +0.10   -0.40   -0.14   -0.27   +0.22
       med   |  699.445 |  700.397 |  694.592 |  698.678 |  700.242 |  694.621 |  695.263 |  699.488 |  695.867 |  696.884 |  694.536 |  701.747
