=== process order1.1
SELFCHECK OK (256 whole-block lengths 1..256 blk x 12 variants; out/Xi/ivec/ret byte-identical)
bytes  blks  |     base |   baseAA |     dsp0 |   dsp0AA |     m4s4 |   m4s4AA |    m4s4h |       s4 |      s4h |     t4p8 |       t4 |      cw4 ||  baseAA%    dsp0%  dsp0AA%    m4s4%  m4s4AA%   m4s4h%      s4%     s4h%    t4p8%      t4%     cw4%
16     1     |   19.621 |   19.620 |   19.624 |   19.624 |   10.607 |   10.607 |   10.593 |   10.608 |   10.605 |   10.542 |   10.532 |   10.607 ||   -0.01   +0.01   +0.01  -45.94  -45.94  -46.01  -45.93  -45.95  -46.28  -46.32  -45.94
       med   |   19.643 |   19.642 |   19.644 |   19.644 |   10.608 |   10.609 |   10.596 |   10.610 |   10.607 |   10.556 |   10.542 |   10.610
32     2     |   19.643 |   19.647 |   19.652 |   19.654 |   11.322 |   11.315 |   11.283 |   11.315 |   11.278 |   11.313 |   11.355 |   11.564 ||   +0.02   +0.05   +0.06  -42.36  -42.40  -42.56  -42.40  -42.59  -42.41  -42.19  -41.13
       med   |   19.662 |   19.662 |   19.672 |   19.672 |   11.330 |   11.330 |   11.289 |   11.334 |   11.288 |   11.321 |   11.379 |   11.575
48     3     |   20.357 |   20.359 |   20.361 |   20.361 |   12.740 |   12.751 |   12.276 |   12.804 |   12.278 |   11.216 |   11.230 |   11.852 ||   +0.01   +0.02   +0.02  -37.41  -37.36  -39.70  -37.10  -39.69  -44.90  -44.83  -41.78
       med   |   20.378 |   20.378 |   20.383 |   20.383 |   12.754 |   12.839 |   12.287 |   12.817 |   12.290 |   11.238 |   11.238 |   11.861
64     4     |   20.952 |   20.951 |   20.954 |   20.958 |   15.700 |   15.584 |   14.796 |   15.579 |   14.763 |   12.153 |   12.151 |   12.943 ||   -0.00   +0.01   +0.03  -25.07  -25.62  -29.38  -25.64  -29.54  -42.00  -42.01  -38.22
       med   |   20.975 |   20.973 |   20.982 |   20.981 |   15.720 |   15.602 |   14.815 |   15.593 |   14.788 |   12.161 |   12.162 |   12.955
80     5     |   21.602 |   21.604 |   21.607 |   21.603 |   21.603 |   21.603 |   21.604 |   21.609 |   21.607 |   21.608 |   21.609 |   15.957 ||   +0.01   +0.02   +0.00   +0.00   +0.00   +0.01   +0.03   +0.02   +0.03   +0.03  -26.13
       med   |   21.627 |   21.627 |   21.633 |   21.634 |   21.630 |   21.629 |   21.631 |   21.635 |   21.634 |   21.630 |   21.635 |   15.980
96     6     |   22.372 |   22.373 |   22.394 |   22.394 |   22.370 |   22.357 |   22.366 |   22.393 |   22.394 |   22.366 |   22.392 |   18.050 ||   +0.00   +0.10   +0.10   -0.01   -0.07   -0.03   +0.09   +0.10   -0.03   +0.09  -19.32
       med   |   22.407 |   22.409 |   22.430 |   22.429 |   22.403 |   22.399 |   22.404 |   22.428 |   22.427 |   22.404 |   22.429 |   18.072
112    7     |   22.835 |   22.850 |   22.857 |   22.746 |   22.834 |   22.848 |   22.840 |   22.868 |   22.864 |   22.843 |   22.854 |   20.438 ||   +0.06   +0.10   -0.39   -0.01   +0.06   +0.02   +0.14   +0.13   +0.04   +0.08  -10.50
       med   |   22.873 |   22.883 |   22.899 |   22.782 |   22.873 |   22.886 |   22.872 |   22.900 |   22.898 |   22.871 |   22.897 |   20.462
128    8     |   21.456 |   21.449 |   21.458 |   21.458 |   24.920 |   24.961 |   24.300 |   21.454 |   21.459 |   19.609 |   21.455 |   22.444 ||   -0.03   +0.01   +0.01  +16.15  +16.34  +13.26   -0.01   +0.01   -8.61   -0.01   +4.60
       med   |   21.480 |   21.480 |   21.483 |   21.482 |   24.952 |   24.986 |   24.335 |   21.483 |   21.483 |   19.622 |   21.484 |   22.471
256    16    |   38.157 |   38.178 |   38.165 |   38.164 |   38.180 |   38.176 |   38.181 |   38.173 |   38.175 |   38.182 |   38.177 |   38.173 ||   +0.06   +0.02   +0.02   +0.06   +0.05   +0.06   +0.04   +0.05   +0.07   +0.05   +0.04
       med   |   38.209 |   38.209 |   38.211 |   38.210 |   38.215 |   38.217 |   38.215 |   38.212 |   38.209 |   38.216 |   38.209 |   38.210
512    32    |   71.107 |   71.106 |   71.123 |   71.116 |   71.147 |   71.138 |   71.139 |   71.118 |   71.121 |   71.140 |   71.116 |   71.123 ||   -0.00   +0.02   +0.01   +0.06   +0.04   +0.05   +0.02   +0.02   +0.05   +0.01   +0.02
       med   |   71.146 |   71.156 |   71.164 |   71.165 |   71.184 |   71.179 |   71.188 |   71.166 |   71.165 |   71.186 |   71.164 |   71.166
1024   64    |  138.499 |  138.492 |  138.529 |  138.506 |  138.542 |  138.510 |  138.548 |  138.530 |  138.514 |  138.524 |  138.529 |  138.507 ||   -0.01   +0.02   +0.01   +0.03   +0.01   +0.04   +0.02   +0.01   +0.02   +0.02   +0.01
       med   |  138.549 |  138.548 |  138.558 |  138.561 |  138.604 |  138.597 |  138.603 |  138.558 |  138.559 |  138.625 |  138.557 |  138.559
4096   256   |  546.819 |  546.861 |  546.826 |  546.863 |  546.844 |  546.870 |  546.840 |  546.857 |  546.879 |  546.868 |  546.886 |  546.860 ||   +0.01   +0.00   +0.01   +0.00   +0.01   +0.00   +0.01   +0.01   +0.01   +0.01   +0.01
       med   |  547.119 |  547.089 |  547.153 |  547.159 |  547.176 |  547.175 |  547.157 |  547.144 |  547.136 |  547.177 |  547.181 |  547.152
=== process order1.2
SELFCHECK OK (256 whole-block lengths 1..256 blk x 12 variants; out/Xi/ivec/ret byte-identical)
bytes  blks  |     base |   baseAA |     dsp0 |   dsp0AA |     m4s4 |   m4s4AA |    m4s4h |       s4 |      s4h |     t4p8 |       t4 |      cw4 ||  baseAA%    dsp0%  dsp0AA%    m4s4%  m4s4AA%   m4s4h%      s4%     s4h%    t4p8%      t4%     cw4%
16     1     |   19.619 |   19.616 |   19.623 |   19.618 |   10.607 |   10.607 |   10.593 |   10.609 |   10.605 |   10.543 |   10.531 |   10.607 ||   -0.02   +0.02   -0.00  -45.94  -45.94  -46.01  -45.93  -45.95  -46.26  -46.32  -45.94
       med   |   19.642 |   19.642 |   19.645 |   19.645 |   10.608 |   10.608 |   10.596 |   10.610 |   10.606 |   10.556 |   10.543 |   10.610
32     2     |   19.640 |   19.645 |   19.649 |   19.652 |   11.321 |   11.317 |   11.282 |   11.314 |   11.278 |   11.312 |   11.354 |   11.566 ||   +0.03   +0.05   +0.06  -42.35  -42.37  -42.56  -42.39  -42.58  -42.40  -42.19  -41.11
       med   |   19.662 |   19.663 |   19.672 |   19.673 |   11.330 |   11.331 |   11.289 |   11.333 |   11.288 |   11.322 |   11.380 |   11.574
48     3     |   20.353 |   20.361 |   20.357 |   20.362 |   12.740 |   12.744 |   12.274 |   12.803 |   12.279 |   11.216 |   11.231 |   11.852 ||   +0.04   +0.02   +0.05  -37.40  -37.38  -39.69  -37.09  -39.67  -44.89  -44.82  -41.77
       med   |   20.377 |   20.379 |   20.383 |   20.383 |   12.754 |   12.817 |   12.287 |   12.818 |   12.291 |   11.237 |   11.238 |   11.860
64     4     |   20.947 |   20.950 |   20.958 |   20.951 |   15.702 |   15.573 |   14.800 |   15.576 |   14.770 |   12.151 |   12.152 |   12.940 ||   +0.01   +0.05   +0.02  -25.04  -25.66  -29.35  -25.64  -29.49  -41.99  -41.99  -38.22
       med   |   20.976 |   20.974 |   20.982 |   20.983 |   15.720 |   15.591 |   14.816 |   15.594 |   14.788 |   12.162 |   12.162 |   12.955
80     5     |   21.603 |   21.597 |   21.608 |   21.611 |   21.608 |   21.599 |   21.607 |   21.605 |   21.603 |   21.601 |   21.606 |   15.954 ||   -0.03   +0.02   +0.03   +0.02   -0.02   +0.02   +0.01   -0.00   -0.01   +0.01  -26.15
       med   |   21.626 |   21.627 |   21.632 |   21.633 |   21.632 |   21.628 |   21.630 |   21.634 |   21.633 |   21.631 |   21.633 |   15.977
96     6     |   22.369 |   22.377 |   22.394 |   22.387 |   22.364 |   22.367 |   22.373 |   22.396 |   22.397 |   22.362 |   22.389 |   18.046 ||   +0.03   +0.11   +0.08   -0.02   -0.01   +0.02   +0.12   +0.13   -0.03   +0.09  -19.33
       med   |   22.407 |   22.407 |   22.429 |   22.428 |   22.403 |   22.397 |   22.403 |   22.429 |   22.429 |   22.404 |   22.428 |   18.071
112    7     |   22.839 |   22.841 |   22.861 |   22.756 |   22.839 |   22.843 |   22.834 |   22.851 |   22.862 |   22.840 |   22.856 |   20.431 ||   +0.01   +0.10   -0.36   +0.00   +0.02   -0.02   +0.05   +0.10   +0.00   +0.08  -10.54
       med   |   22.874 |   22.881 |   22.903 |   22.782 |   22.871 |   22.887 |   22.870 |   22.899 |   22.901 |   22.871 |   22.899 |   20.461
128    8     |   21.446 |   21.454 |   21.461 |   21.462 |   24.929 |   24.929 |   24.290 |   21.462 |   21.460 |   19.607 |   21.457 |   22.441 ||   +0.04   +0.07   +0.08  +16.24  +16.24  +13.26   +0.08   +0.07   -8.58   +0.05   +4.64
       med   |   21.479 |   21.478 |   21.486 |   21.485 |   24.953 |   24.955 |   24.335 |   21.486 |   21.485 |   19.624 |   21.486 |   22.471
256    16    |   38.167 |   38.167 |   38.166 |   38.172 |   38.182 |   38.185 |   38.167 |   38.171 |   38.177 |   38.174 |   38.179 |   38.173 ||   -0.00   -0.00   +0.01   +0.04   +0.04   -0.00   +0.01   +0.02   +0.02   +0.03   +0.01
       med   |   38.208 |   38.209 |   38.209 |   38.211 |   38.215 |   38.216 |   38.214 |   38.208 |   38.211 |   38.216 |   38.209 |   38.209
512    32    |   70.647 |   70.983 |   71.115 |   71.115 |   71.133 |   71.142 |   71.123 |   71.113 |   71.112 |   71.040 |   71.121 |   71.122 ||   +0.48   +0.66   +0.66   +0.69   +0.70   +0.67   +0.66   +0.66   +0.56   +0.67   +0.67
       med   |   71.142 |   71.149 |   71.162 |   71.160 |   71.182 |   71.179 |   71.185 |   71.162 |   71.162 |   71.183 |   71.163 |   71.160
1024   64    |  138.498 |  138.495 |  138.511 |  138.499 |  138.505 |  138.524 |  138.495 |  138.508 |  138.509 |  138.509 |  138.495 |  138.497 ||   -0.00   +0.01   +0.00   +0.01   +0.02   -0.00   +0.01   +0.01   +0.01   -0.00   -0.00
       med   |  138.536 |  138.536 |  138.552 |  138.556 |  138.599 |  138.590 |  138.602 |  138.548 |  138.549 |  138.609 |  138.550 |  138.552
4096   256   |  546.855 |  546.855 |  546.823 |  546.846 |  546.835 |  546.850 |  546.868 |  546.851 |  546.861 |  546.864 |  546.830 |  546.859 ||   -0.00   -0.01   -0.00   -0.00   -0.00   +0.00   -0.00   +0.00   +0.00   -0.00   +0.00
       med   |  547.119 |  547.097 |  547.131 |  547.129 |  547.178 |  547.160 |  547.141 |  547.098 |  547.115 |  547.150 |  547.162 |  547.134
=== process order1.3
SELFCHECK OK (256 whole-block lengths 1..256 blk x 12 variants; out/Xi/ivec/ret byte-identical)
bytes  blks  |     base |   baseAA |     dsp0 |   dsp0AA |     m4s4 |   m4s4AA |    m4s4h |       s4 |      s4h |     t4p8 |       t4 |      cw4 ||  baseAA%    dsp0%  dsp0AA%    m4s4%  m4s4AA%   m4s4h%      s4%     s4h%    t4p8%      t4%     cw4%
16     1     |   19.620 |   19.618 |   19.620 |   19.624 |   10.607 |   10.607 |   10.592 |   10.609 |   10.605 |   10.543 |   10.533 |   10.607 ||   -0.01   +0.00   +0.02  -45.94  -45.94  -46.01  -45.93  -45.95  -46.26  -46.32  -45.94
       med   |   19.642 |   19.641 |   19.645 |   19.643 |   10.609 |   10.609 |   10.597 |   10.610 |   10.607 |   10.556 |   10.543 |   10.611
32     2     |   19.645 |   19.646 |   19.654 |   19.650 |   11.322 |   11.315 |   11.284 |   11.314 |   11.279 |   11.311 |   11.354 |   11.565 ||   +0.01   +0.05   +0.03  -42.37  -42.40  -42.56  -42.41  -42.58  -42.42  -42.20  -41.13
       med   |   19.661 |   19.662 |   19.673 |   19.671 |   11.330 |   11.331 |   11.289 |   11.334 |   11.288 |   11.323 |   11.380 |   11.575
48     3     |   20.356 |   20.358 |   20.350 |   20.362 |   12.741 |   12.745 |   12.273 |   12.807 |   12.280 |   11.217 |   11.229 |   11.852 ||   +0.01   -0.03   +0.03  -37.41  -37.39  -39.71  -37.08  -39.67  -44.90  -44.84  -41.78
       med   |   20.377 |   20.379 |   20.382 |   20.383 |   12.756 |   12.817 |   12.287 |   12.818 |   12.291 |   11.238 |   11.238 |   11.861
64     4     |   20.951 |   20.947 |   20.956 |   20.958 |   15.699 |   15.577 |   14.798 |   15.580 |   14.771 |   12.152 |   12.152 |   12.942 ||   -0.02   +0.02   +0.03  -25.07  -25.65  -29.37  -25.64  -29.50  -42.00  -42.00  -38.23
       med   |   20.975 |   20.973 |   20.980 |   20.982 |   15.720 |   15.592 |   14.816 |   15.593 |   14.787 |   12.161 |   12.161 |   12.955
80     5     |   21.598 |   21.602 |   21.608 |   21.609 |   21.608 |   21.604 |   21.608 |   21.612 |   21.607 |   21.606 |   21.613 |   15.956 ||   +0.02   +0.05   +0.05   +0.05   +0.03   +0.05   +0.06   +0.04   +0.04   +0.07  -26.12
       med   |   21.627 |   21.625 |   21.633 |   21.634 |   21.632 |   21.628 |   21.630 |   21.633 |   21.634 |   21.630 |   21.635 |   15.979
96     6     |   22.371 |   22.375 |   22.396 |   22.401 |   22.357 |   22.363 |   22.367 |   22.394 |   22.395 |   22.364 |   22.398 |   18.051 ||   +0.02   +0.11   +0.13   -0.07   -0.04   -0.02   +0.10   +0.11   -0.03   +0.12  -19.31
       med   |   22.407 |   22.407 |   22.429 |   22.429 |   22.405 |   22.396 |   22.402 |   22.428 |   22.428 |   22.402 |   22.429 |   18.071
112    7     |   22.841 |   22.840 |   22.864 |   22.756 |   22.831 |   22.850 |   22.820 |   22.862 |   22.853 |   22.828 |   22.857 |   20.432 ||   -0.00   +0.10   -0.37   -0.04   +0.04   -0.09   +0.09   +0.05   -0.06   +0.07  -10.54
       med   |   22.874 |   22.879 |   22.898 |   22.781 |   22.871 |   22.887 |   22.872 |   22.898 |   22.899 |   22.870 |   22.897 |   20.461
128    8     |   21.453 |   21.458 |   21.462 |   21.459 |   24.930 |   24.929 |   24.297 |   21.452 |   21.458 |   19.609 |   21.458 |   22.442 ||   +0.02   +0.04   +0.03  +16.21  +16.20  +13.26   -0.01   +0.02   -8.59   +0.02   +4.61
       med   |   21.480 |   21.480 |   21.483 |   21.485 |   24.952 |   24.956 |   24.337 |   21.483 |   21.483 |   19.622 |   21.483 |   22.472
256    16    |   38.178 |   38.174 |   38.172 |   38.173 |   38.173 |   38.176 |   38.179 |   38.169 |   38.161 |   38.178 |   38.174 |   38.157 ||   -0.01   -0.02   -0.01   -0.01   -0.01   +0.00   -0.02   -0.04   -0.00   -0.01   -0.05
       med   |   38.206 |   38.208 |   38.207 |   38.211 |   38.216 |   38.215 |   38.215 |   38.210 |   38.209 |   38.215 |   38.208 |   38.210
512    32    |   71.098 |   71.110 |   71.122 |   71.116 |   71.142 |   71.127 |   71.130 |   71.110 |   71.123 |   71.140 |   71.121 |   71.115 ||   +0.02   +0.03   +0.03   +0.06   +0.04   +0.05   +0.02   +0.03   +0.06   +0.03   +0.02
       med   |   71.143 |   71.155 |   71.162 |   71.166 |   71.186 |   71.180 |   71.186 |   71.162 |   71.166 |   71.185 |   71.165 |   71.171
1024   64    |  138.508 |  138.494 |  138.523 |  138.498 |  138.509 |  138.537 |  138.525 |  138.525 |  138.518 |  138.514 |  138.517 |  138.504 ||   -0.01   +0.01   -0.01   +0.00   +0.02   +0.01   +0.01   +0.01   +0.00   +0.01   -0.00
       med   |  138.530 |  138.540 |  138.549 |  138.543 |  138.596 |  138.593 |  138.601 |  138.548 |  138.547 |  138.599 |  138.544 |  138.552
4096   256   |  546.844 |  546.837 |  546.847 |  546.841 |  546.853 |  546.856 |  546.858 |  546.842 |  546.810 |  546.841 |  546.848 |  546.840 ||   -0.00   +0.00   -0.00   +0.00   +0.00   +0.00   -0.00   -0.01   -0.00   +0.00   -0.00
       med   |  547.138 |  547.134 |  547.150 |  547.150 |  547.150 |  547.144 |  547.166 |  547.159 |  547.153 |  547.170 |  547.141 |  547.146
=== process order1.4
SELFCHECK OK (256 whole-block lengths 1..256 blk x 12 variants; out/Xi/ivec/ret byte-identical)
bytes  blks  |     base |   baseAA |     dsp0 |   dsp0AA |     m4s4 |   m4s4AA |    m4s4h |       s4 |      s4h |     t4p8 |       t4 |      cw4 ||  baseAA%    dsp0%  dsp0AA%    m4s4%  m4s4AA%   m4s4h%      s4%     s4h%    t4p8%      t4%     cw4%
16     1     |   19.621 |   19.617 |   19.625 |   19.623 |   10.607 |   10.607 |   10.591 |   10.608 |   10.605 |   10.545 |   10.530 |   10.607 ||   -0.02   +0.02   +0.01  -45.94  -45.94  -46.02  -45.94  -45.95  -46.26  -46.33  -45.94
       med   |   19.642 |   19.641 |   19.643 |   19.645 |   10.608 |   10.608 |   10.596 |   10.610 |   10.606 |   10.560 |   10.542 |   10.610
32     2     |   19.644 |   19.646 |   19.656 |   19.652 |   11.321 |   11.316 |   11.283 |   11.313 |   11.277 |   11.312 |   11.353 |   11.565 ||   +0.01   +0.06   +0.04  -42.37  -42.39  -42.56  -42.41  -42.59  -42.41  -42.20  -41.13
       med   |   19.661 |   19.662 |   19.672 |   19.671 |   11.330 |   11.330 |   11.289 |   11.333 |   11.288 |   11.322 |   11.379 |   11.574
48     3     |   20.360 |   20.357 |   20.364 |   20.361 |   12.741 |   12.749 |   12.270 |   12.803 |   12.273 |   11.217 |   11.230 |   11.850 ||   -0.01   +0.02   +0.01  -37.42  -37.38  -39.74  -37.12  -39.72  -44.90  -44.84  -41.80
       med   |   20.377 |   20.379 |   20.383 |   20.383 |   12.755 |   12.819 |   12.287 |   12.817 |   12.290 |   11.237 |   11.238 |   11.861
64     4     |   20.948 |   20.950 |   20.960 |   20.958 |   15.703 |   15.576 |   14.795 |   15.577 |   14.769 |   12.152 |   12.152 |   12.943 ||   +0.01   +0.06   +0.05  -25.04  -25.64  -29.37  -25.64  -29.50  -41.99  -41.99  -38.21
       med   |   20.975 |   20.972 |   20.983 |   20.981 |   15.721 |   15.591 |   14.816 |   15.593 |   14.787 |   12.162 |   12.162 |   12.955
80     5     |   21.604 |   21.602 |   21.609 |   21.604 |   21.603 |   21.602 |   21.605 |   21.609 |   21.613 |   21.606 |   21.608 |   15.956 ||   -0.01   +0.02   -0.00   -0.01   -0.01   +0.00   +0.02   +0.04   +0.01   +0.02  -26.15
       med   |   21.627 |   21.627 |   21.635 |   21.633 |   21.629 |   21.629 |   21.631 |   21.634 |   21.634 |   21.631 |   21.634 |   15.978
96     6     |   22.374 |   22.382 |   22.397 |   22.390 |   22.371 |   22.363 |   22.359 |   22.393 |   22.397 |   22.365 |   22.402 |   18.050 ||   +0.03   +0.10   +0.07   -0.01   -0.05   -0.07   +0.09   +0.10   -0.04   +0.12  -19.33
       med   |   22.405 |   22.407 |   22.427 |   22.428 |   22.403 |   22.395 |   22.403 |   22.429 |   22.428 |   22.403 |   22.428 |   18.071
112    7     |   22.835 |   22.847 |   22.857 |   22.753 |   22.840 |   22.844 |   22.837 |   22.860 |   22.857 |   22.838 |   22.846 |   20.436 ||   +0.05   +0.09   -0.36   +0.02   +0.04   +0.01   +0.11   +0.09   +0.01   +0.05  -10.51
       med   |   22.872 |   22.880 |   22.897 |   22.783 |   22.871 |   22.887 |   22.871 |   22.898 |   22.898 |   22.871 |   22.897 |   20.462
128    8     |   21.449 |   21.453 |   21.453 |   21.458 |   24.927 |   24.931 |   24.302 |   21.459 |   21.462 |   19.610 |   21.459 |   22.444 ||   +0.02   +0.02   +0.04  +16.21  +16.23  +13.30   +0.05   +0.06   -8.57   +0.05   +4.64
       med   |   21.480 |   21.480 |   21.487 |   21.486 |   24.951 |   24.956 |   24.336 |   21.486 |   21.486 |   19.624 |   21.486 |   22.472
256    16    |   38.168 |   38.170 |   38.177 |   38.174 |   38.157 |   38.184 |   38.179 |   38.177 |   38.178 |   38.174 |   38.171 |   38.176 ||   +0.00   +0.02   +0.02   -0.03   +0.04   +0.03   +0.02   +0.02   +0.01   +0.01   +0.02
       med   |   38.204 |   38.206 |   38.209 |   38.210 |   38.215 |   38.213 |   38.215 |   38.209 |   38.210 |   38.217 |   38.211 |   38.209
512    32    |   71.100 |   71.101 |   71.120 |   71.120 |   71.142 |   71.133 |   71.151 |   71.118 |   71.124 |   71.146 |   71.116 |   71.017 ||   +0.00   +0.03   +0.03   +0.06   +0.05   +0.07   +0.03   +0.03   +0.07   +0.02   -0.12
       med   |   71.146 |   71.151 |   71.164 |   71.165 |   71.187 |   71.182 |   71.185 |   71.164 |   71.163 |   71.190 |   71.165 |   71.165
1024   64    |  138.496 |  138.494 |  138.524 |  138.498 |  138.539 |  138.509 |  138.540 |  138.523 |  138.514 |  138.530 |  138.532 |  138.506 ||   -0.00   +0.02   +0.00   +0.03   +0.01   +0.03   +0.02   +0.01   +0.02   +0.03   +0.01
       med   |  138.551 |  138.549 |  138.558 |  138.559 |  138.602 |  138.595 |  138.601 |  138.558 |  138.558 |  138.612 |  138.556 |  138.568
4096   256   |  546.823 |  546.865 |  546.836 |  546.823 |  546.845 |  546.851 |  546.856 |  546.841 |  546.870 |  546.817 |  546.869 |  546.860 ||   +0.01   +0.00   -0.00   +0.00   +0.01   +0.01   +0.00   +0.01   -0.00   +0.01   +0.01
       med   |  547.129 |  547.158 |  547.168 |  547.169 |  547.193 |  547.163 |  547.165 |  547.177 |  547.183 |  547.183 |  547.175 |  547.170
=== process order1.5
SELFCHECK OK (256 whole-block lengths 1..256 blk x 12 variants; out/Xi/ivec/ret byte-identical)
bytes  blks  |     base |   baseAA |     dsp0 |   dsp0AA |     m4s4 |   m4s4AA |    m4s4h |       s4 |      s4h |     t4p8 |       t4 |      cw4 ||  baseAA%    dsp0%  dsp0AA%    m4s4%  m4s4AA%   m4s4h%      s4%     s4h%    t4p8%      t4%     cw4%
16     1     |   19.615 |   19.620 |   19.627 |   19.626 |   10.607 |   10.607 |   10.592 |   10.608 |   10.605 |   10.543 |   10.532 |   10.607 ||   +0.03   +0.06   +0.05  -45.92  -45.93  -46.00  -45.92  -45.94  -46.25  -46.31  -45.93
       med   |   19.642 |   19.641 |   19.643 |   19.644 |   10.608 |   10.608 |   10.596 |   10.610 |   10.607 |   10.556 |   10.542 |   10.610
32     2     |   19.645 |   19.646 |   19.654 |   19.655 |   11.320 |   11.315 |   11.284 |   11.313 |   11.277 |   11.311 |   11.355 |   11.564 ||   +0.00   +0.05   +0.05  -42.38  -42.40  -42.56  -42.41  -42.60  -42.42  -42.20  -41.13
       med   |   19.660 |   19.662 |   19.672 |   19.670 |   11.330 |   11.330 |   11.289 |   11.333 |   11.288 |   11.322 |   11.379 |   11.574
48     3     |   20.349 |   20.359 |   20.363 |   20.362 |   12.741 |   12.743 |   12.274 |   12.804 |   12.280 |   11.214 |   11.229 |   11.852 ||   +0.05   +0.07   +0.06  -37.39  -37.38  -39.68  -37.08  -39.66  -44.89  -44.82  -41.76
       med   |   20.377 |   20.377 |   20.382 |   20.382 |   12.754 |   12.818 |   12.287 |   12.817 |   12.290 |   11.237 |   11.238 |   11.861
64     4     |   20.952 |   20.952 |   20.960 |   20.950 |   15.694 |   15.574 |   14.796 |   15.576 |   14.768 |   12.150 |   12.152 |   12.942 ||   +0.00   +0.04   -0.01  -25.09  -25.67  -29.38  -25.66  -29.52  -42.01  -42.00  -38.23
       med   |   20.974 |   20.972 |   20.982 |   20.981 |   15.721 |   15.590 |   14.816 |   15.593 |   14.786 |   12.161 |   12.161 |   12.955
80     5     |   21.602 |   21.607 |   21.605 |   21.603 |   21.602 |   21.605 |   21.607 |   21.613 |   21.606 |   21.606 |   21.605 |   15.953 ||   +0.02   +0.01   +0.00   +0.00   +0.01   +0.02   +0.05   +0.02   +0.02   +0.01  -26.15
       med   |   21.626 |   21.627 |   21.633 |   21.633 |   21.629 |   21.629 |   21.631 |   21.633 |   21.632 |   21.629 |   21.634 |   15.979
96     6     |   22.378 |   22.381 |   22.394 |   22.397 |   22.370 |   22.356 |   22.365 |   22.395 |   22.388 |   22.364 |   22.395 |   18.050 ||   +0.01   +0.07   +0.08   -0.04   -0.10   -0.06   +0.07   +0.05   -0.06   +0.08  -19.34
       med   |   22.406 |   22.407 |   22.428 |   22.429 |   22.402 |   22.395 |   22.404 |   22.428 |   22.426 |   22.404 |   22.425 |   18.070
112    7     |   22.840 |   22.839 |   22.861 |   22.749 |   22.837 |   22.845 |   22.844 |   22.856 |   22.847 |   22.839 |   22.858 |   20.434 ||   -0.01   +0.09   -0.40   -0.01   +0.02   +0.01   +0.07   +0.03   -0.01   +0.08  -10.54
       med   |   22.870 |   22.880 |   22.898 |   22.782 |   22.870 |   22.889 |   22.872 |   22.896 |   22.897 |   22.872 |   22.899 |   20.462
128    8     |   21.447 |   21.453 |   21.457 |   21.459 |   24.921 |   24.930 |   24.292 |   21.456 |   21.461 |   19.607 |   21.454 |   22.444 ||   +0.03   +0.05   +0.05  +16.20  +16.24  +13.27   +0.04   +0.06   -8.58   +0.03   +4.65
       med   |   21.479 |   21.479 |   21.482 |   21.483 |   24.951 |   24.954 |   24.337 |   21.482 |   21.484 |   19.622 |   21.483 |   22.471
256    16    |   38.167 |   38.179 |   38.172 |   38.172 |   38.178 |   38.181 |   38.179 |   38.173 |   38.176 |   38.187 |   38.172 |   38.174 ||   +0.03   +0.01   +0.01   +0.03   +0.04   +0.03   +0.01   +0.02   +0.05   +0.01   +0.02
       med   |   38.207 |   38.209 |   38.210 |   38.210 |   38.217 |   38.212 |   38.217 |   38.208 |   38.208 |   38.218 |   38.210 |   38.210
512    32    |   71.093 |   71.112 |   71.126 |   71.113 |   71.146 |   71.131 |   71.141 |   71.114 |   71.108 |   71.141 |   71.113 |   71.120 ||   +0.03   +0.05   +0.03   +0.07   +0.05   +0.07   +0.03   +0.02   +0.07   +0.03   +0.04
       med   |   71.145 |   71.149 |   71.167 |   71.164 |   71.181 |   71.181 |   71.185 |   71.163 |   71.161 |   71.189 |   71.160 |   71.164
1024   64    |  138.494 |  138.494 |  138.517 |  138.497 |  138.541 |  138.518 |  138.519 |  138.496 |  138.523 |  138.542 |  138.502 |  138.516 ||   +0.00   +0.02   +0.00   +0.03   +0.02   +0.02   +0.00   +0.02   +0.04   +0.01   +0.02
       med   |  138.536 |  138.543 |  138.556 |  138.550 |  138.595 |  138.589 |  138.597 |  138.554 |  138.553 |  138.609 |  138.553 |  138.569
4096   256   |  546.817 |  546.835 |  546.861 |  546.832 |  546.889 |  546.871 |  546.880 |  546.880 |  546.856 |  546.876 |  546.888 |  546.854 ||   +0.00   +0.01   +0.00   +0.01   +0.01   +0.01   +0.01   +0.01   +0.01   +0.01   +0.01
       med   |  547.159 |  547.154 |  547.188 |  547.159 |  547.225 |  547.194 |  547.201 |  547.191 |  547.173 |  547.217 |  547.183 |  547.156
=== process order2.1
SELFCHECK OK (256 whole-block lengths 1..256 blk x 12 variants; out/Xi/ivec/ret byte-identical)
bytes  blks  |     base |      cw4 |       t4 |     t4p8 |      s4h |       s4 |    m4s4h |   m4s4AA |     m4s4 |   dsp0AA |     dsp0 |   baseAA ||     cw4%      t4%    t4p8%     s4h%      s4%   m4s4h%  m4s4AA%    m4s4%  dsp0AA%    dsp0%  baseAA%
16     1     |   19.619 |   10.607 |   10.535 |   10.543 |   10.605 |   10.608 |   10.592 |   10.607 |   10.607 |   19.624 |   19.622 |   19.619 ||  -45.94  -46.30  -46.26  -45.94  -45.93  -46.01  -45.94  -45.94   +0.02   +0.01   -0.00
       med   |   19.642 |   10.610 |   10.545 |   10.556 |   10.606 |   10.610 |   10.596 |   10.608 |   10.608 |   19.644 |   19.644 |   19.641
32     2     |   19.641 |   11.565 |   11.309 |   11.312 |   11.277 |   11.312 |   11.282 |   11.323 |   11.315 |   19.652 |   19.655 |   19.642 ||  -41.12  -42.42  -42.41  -42.59  -42.41  -42.56  -42.35  -42.39   +0.05   +0.07   +0.01
       med   |   19.660 |   11.574 |   11.316 |   11.320 |   11.287 |   11.333 |   11.289 |   11.330 |   11.330 |   19.671 |   19.671 |   19.660
48     3     |   20.358 |   11.849 |   11.246 |   11.213 |   12.278 |   12.804 |   12.275 |   12.741 |   12.744 |   20.360 |   20.363 |   20.351 ||  -41.79  -44.76  -44.92  -39.69  -37.10  -39.70  -37.41  -37.40   +0.01   +0.03   -0.03
       med   |   20.377 |   11.861 |   11.258 |   11.237 |   12.289 |   12.820 |   12.287 |   12.754 |   12.819 |   20.382 |   20.382 |   20.375
64     4     |   20.948 |   12.943 |   12.156 |   12.153 |   14.765 |   15.577 |   14.799 |   15.703 |   15.565 |   20.953 |   20.959 |   20.945 ||  -38.21  -41.97  -41.99  -29.52  -25.64  -29.35  -25.04  -25.69   +0.02   +0.05   -0.01
       med   |   20.974 |   12.955 |   12.163 |   12.161 |   14.788 |   15.598 |   14.814 |   15.717 |   15.588 |   20.981 |   20.981 |   20.973
80     5     |   21.593 |   15.953 |   21.611 |   21.599 |   21.609 |   21.608 |   21.610 |   21.608 |   21.608 |   21.613 |   21.610 |   21.605 ||  -26.12   +0.08   +0.03   +0.07   +0.07   +0.08   +0.07   +0.07   +0.09   +0.08   +0.06
       med   |   21.627 |   15.978 |   21.634 |   21.631 |   21.634 |   21.633 |   21.630 |   21.630 |   21.628 |   21.634 |   21.634 |   21.625
96     6     |   22.374 |   18.049 |   22.401 |   22.365 |   22.395 |   22.396 |   22.359 |   22.360 |   22.361 |   22.391 |   22.397 |   22.370 ||  -19.33   +0.12   -0.04   +0.09   +0.10   -0.07   -0.07   -0.06   +0.07   +0.10   -0.02
       med   |   22.406 |   18.070 |   22.428 |   22.403 |   22.428 |   22.428 |   22.404 |   22.402 |   22.398 |   22.426 |   22.428 |   22.405
112    7     |   22.841 |   20.436 |   22.745 |   22.836 |   22.852 |   22.855 |   22.837 |   22.841 |   22.845 |   22.866 |   22.753 |   22.837 ||  -10.53   -0.42   -0.02   +0.05   +0.06   -0.02   +0.00   +0.02   +0.11   -0.38   -0.02
       med   |   22.872 |   20.462 |   22.781 |   22.869 |   22.896 |   22.897 |   22.870 |   22.873 |   22.882 |   22.897 |   22.782 |   22.871
128    8     |   21.453 |   22.446 |   21.453 |   19.608 |   21.458 |   21.458 |   24.300 |   24.927 |   24.927 |   21.461 |   21.461 |   21.452 ||   +4.63   +0.00   -8.60   +0.02   +0.02  +13.27  +16.19  +16.19   +0.04   +0.04   -0.00
       med   |   21.479 |   22.470 |   21.485 |   19.623 |   21.484 |   21.485 |   24.336 |   24.950 |   24.954 |   21.484 |   21.484 |   21.479
256    16    |   38.174 |   38.172 |   38.171 |   38.185 |   38.172 |   38.177 |   38.171 |   38.168 |   38.176 |   38.178 |   38.180 |   38.180 ||   -0.01   -0.01   +0.03   -0.01   +0.01   -0.01   -0.01   +0.00   +0.01   +0.01   +0.01
       med   |   38.206 |   38.210 |   38.211 |   38.216 |   38.210 |   38.209 |   38.217 |   38.214 |   38.217 |   38.210 |   38.212 |   38.211
512    32    |   71.099 |   71.122 |   71.127 |   71.133 |   71.119 |   71.122 |   71.131 |   71.147 |   71.143 |   71.116 |   71.118 |   71.100 ||   +0.03   +0.04   +0.05   +0.03   +0.03   +0.04   +0.07   +0.06   +0.02   +0.03   +0.00
       med   |   71.146 |   71.180 |   71.170 |   71.191 |   71.163 |   71.164 |   71.184 |   71.183 |   71.182 |   71.166 |   71.170 |   71.145
1024   64    |  138.490 |  138.508 |  138.503 |  138.529 |  138.540 |  138.525 |  138.525 |  138.544 |  138.514 |  138.536 |  138.502 |  138.519 ||   +0.01   +0.01   +0.03   +0.04   +0.03   +0.03   +0.04   +0.02   +0.03   +0.01   +0.02
       med   |  138.550 |  138.583 |  138.588 |  138.612 |  138.573 |  138.558 |  138.607 |  138.608 |  138.600 |  138.563 |  138.589 |  138.595
4096   256   |  546.812 |  546.836 |  546.798 |  546.833 |  546.846 |  546.856 |  546.826 |  546.824 |  546.831 |  546.851 |  546.827 |  546.814 ||   +0.00   -0.00   +0.00   +0.01   +0.01   +0.00   +0.00   +0.00   +0.01   +0.00   +0.00
       med   |  546.958 |  546.980 |  546.965 |  546.987 |  546.956 |  546.972 |  547.009 |  546.986 |  546.990 |  546.959 |  546.989 |  546.955
=== process order2.2
SELFCHECK OK (256 whole-block lengths 1..256 blk x 12 variants; out/Xi/ivec/ret byte-identical)
bytes  blks  |     base |      cw4 |       t4 |     t4p8 |      s4h |       s4 |    m4s4h |   m4s4AA |     m4s4 |   dsp0AA |     dsp0 |   baseAA ||     cw4%      t4%    t4p8%     s4h%      s4%   m4s4h%  m4s4AA%    m4s4%  dsp0AA%    dsp0%  baseAA%
16     1     |   19.621 |   10.607 |   10.535 |   10.540 |   10.605 |   10.608 |   10.592 |   10.607 |   10.607 |   19.626 |   19.624 |   19.623 ||  -45.94  -46.31  -46.28  -45.95  -45.93  -46.02  -45.94  -45.94   +0.02   +0.02   +0.01
       med   |   19.641 |   10.610 |   10.545 |   10.556 |   10.606 |   10.610 |   10.596 |   10.608 |   10.608 |   19.644 |   19.644 |   19.641
32     2     |   19.644 |   11.564 |   11.310 |   11.309 |   11.279 |   11.313 |   11.284 |   11.319 |   11.315 |   19.654 |   19.651 |   19.641 ||  -41.13  -42.42  -42.43  -42.58  -42.41  -42.56  -42.38  -42.40   +0.05   +0.04   -0.01
       med   |   19.660 |   11.574 |   11.317 |   11.321 |   11.287 |   11.333 |   11.289 |   11.329 |   11.330 |   19.672 |   19.671 |   19.660
48     3     |   20.350 |   11.852 |   11.248 |   11.215 |   12.278 |   12.805 |   12.276 |   12.740 |   12.746 |   20.362 |   20.356 |   20.354 ||  -41.76  -44.73  -44.89  -39.67  -37.08  -39.68  -37.40  -37.37   +0.06   +0.03   +0.02
       med   |   20.376 |   11.861 |   11.257 |   11.237 |   12.291 |   12.820 |   12.288 |   12.754 |   12.818 |   20.383 |   20.383 |   20.376
64     4     |   20.951 |   12.943 |   12.150 |   12.150 |   14.767 |   15.581 |   14.798 |   15.701 |   15.575 |   20.960 |   20.956 |   20.957 ||  -38.22  -42.01  -42.01  -29.52  -25.63  -29.37  -25.06  -25.66   +0.04   +0.02   +0.02
       med   |   20.974 |   12.956 |   12.164 |   12.161 |   14.788 |   15.599 |   14.814 |   15.718 |   15.589 |   20.980 |   20.982 |   20.974
80     5     |   21.605 |   15.956 |   21.611 |   21.603 |   21.604 |   21.609 |   21.607 |   21.608 |   21.605 |   21.607 |   21.604 |   21.597 ||  -26.14   +0.03   -0.01   -0.01   +0.02   +0.01   +0.01   +0.00   +0.01   -0.00   -0.04
       med   |   21.626 |   15.977 |   21.634 |   21.630 |   21.633 |   21.635 |   21.631 |   21.630 |   21.629 |   21.634 |   21.634 |   21.626
96     6     |   22.377 |   18.048 |   22.394 |   22.362 |   22.398 |   22.388 |   22.367 |   22.361 |   22.361 |   22.390 |   22.399 |   22.376 ||  -19.35   +0.08   -0.07   +0.09   +0.05   -0.05   -0.07   -0.07   +0.06   +0.10   -0.00
       med   |   22.405 |   18.070 |   22.428 |   22.403 |   22.428 |   22.430 |   22.405 |   22.403 |   22.398 |   22.429 |   22.428 |   22.406
112    7     |   22.834 |   20.440 |   22.752 |   22.836 |   22.861 |   22.855 |   22.839 |   22.829 |   22.842 |   22.859 |   22.749 |   22.837 ||  -10.48   -0.36   +0.01   +0.12   +0.09   +0.02   -0.02   +0.03   +0.11   -0.37   +0.01
       med   |   22.872 |   20.461 |   22.781 |   22.869 |   22.900 |   22.897 |   22.871 |   22.872 |   22.884 |   22.897 |   22.782 |   22.872
128    8     |   21.453 |   22.439 |   21.462 |   19.611 |   21.455 |   21.461 |   24.305 |   24.929 |   24.927 |   21.462 |   21.462 |   21.455 ||   +4.59   +0.04   -8.59   +0.01   +0.04  +13.29  +16.20  +16.19   +0.04   +0.04   +0.01
       med   |   21.480 |   22.471 |   21.484 |   19.623 |   21.485 |   21.486 |   24.337 |   24.951 |   24.954 |   21.485 |   21.485 |   21.480
256    16    |   38.170 |   38.169 |   38.177 |   38.183 |   38.173 |   38.167 |   38.181 |   38.182 |   38.183 |   38.178 |   38.175 |   38.171 ||   -0.00   +0.02   +0.03   +0.01   -0.01   +0.03   +0.03   +0.03   +0.02   +0.01   +0.00
       med   |   38.206 |   38.210 |   38.211 |   38.216 |   38.210 |   38.210 |   38.216 |   38.215 |   38.215 |   38.210 |   38.212 |   38.206
512    32    |   71.073 |   71.114 |   71.122 |   71.006 |   71.109 |   71.117 |   71.123 |   70.972 |   70.985 |   71.122 |   71.060 |   70.968 ||   +0.06   +0.07   -0.09   +0.05   +0.06   +0.07   -0.14   -0.12   +0.07   -0.02   -0.15
       med   |   71.144 |   71.168 |   71.175 |   71.185 |   71.163 |   71.158 |   71.183 |   71.186 |   71.181 |   71.162 |   71.177 |   71.144
1024   64    |  138.497 |  138.504 |  138.500 |  138.518 |  138.543 |  138.518 |  138.534 |  138.531 |  138.530 |  138.526 |  138.500 |  138.496 ||   +0.00   +0.00   +0.01   +0.03   +0.01   +0.03   +0.02   +0.02   +0.02   +0.00   -0.00
       med   |  138.548 |  138.578 |  138.584 |  138.618 |  138.613 |  138.559 |  138.605 |  138.613 |  138.603 |  138.560 |  138.581 |  138.549
4096   256   |  546.813 |  546.851 |  546.838 |  546.833 |  546.850 |  546.847 |  546.856 |  546.836 |  546.838 |  546.852 |  546.855 |  546.826 ||   +0.01   +0.00   +0.00   +0.01   +0.01   +0.01   +0.00   +0.00   +0.01   +0.01   +0.00
       med   |  546.947 |  546.980 |  546.993 |  546.992 |  546.987 |  546.995 |  546.997 |  547.008 |  547.009 |  546.973 |  546.996 |  546.945
=== process order2.3
SELFCHECK OK (256 whole-block lengths 1..256 blk x 12 variants; out/Xi/ivec/ret byte-identical)
bytes  blks  |     base |      cw4 |       t4 |     t4p8 |      s4h |       s4 |    m4s4h |   m4s4AA |     m4s4 |   dsp0AA |     dsp0 |   baseAA ||     cw4%      t4%    t4p8%     s4h%      s4%   m4s4h%  m4s4AA%    m4s4%  dsp0AA%    dsp0%  baseAA%
16     1     |   19.621 |   10.607 |   10.535 |   10.545 |   10.605 |   10.608 |   10.592 |   10.607 |   10.607 |   19.621 |   19.622 |   19.622 ||  -45.94  -46.31  -46.26  -45.95  -45.93  -46.02  -45.94  -45.94   +0.00   +0.01   +0.01
       med   |   19.642 |   10.610 |   10.545 |   10.557 |   10.607 |   10.610 |   10.596 |   10.608 |   10.608 |   19.644 |   19.643 |   19.641
32     2     |   19.643 |   11.565 |   11.310 |   11.311 |   11.277 |   11.313 |   11.284 |   11.321 |   11.314 |   19.652 |   19.653 |   19.643 ||  -41.13  -42.42  -42.42  -42.59  -42.41  -42.55  -42.37  -42.40   +0.04   +0.05   -0.00
       med   |   19.661 |   11.575 |   11.318 |   11.321 |   11.288 |   11.334 |   11.289 |   11.329 |   11.330 |   19.672 |   19.671 |   19.661
48     3     |   20.358 |   11.851 |   11.247 |   11.216 |   12.280 |   12.808 |   12.272 |   12.739 |   12.746 |   20.364 |   20.364 |   20.358 ||  -41.79  -44.75  -44.91  -39.68  -37.09  -39.72  -37.43  -37.39   +0.03   +0.03   -0.00
       med   |   20.377 |   11.861 |   11.257 |   11.237 |   12.290 |   12.820 |   12.287 |   12.753 |   12.819 |   20.384 |   20.383 |   20.376
64     4     |   20.950 |   12.943 |   12.151 |   12.152 |   14.771 |   15.581 |   14.798 |   15.703 |   15.576 |   20.952 |   20.955 |   20.951 ||  -38.22  -42.00  -42.00  -29.49  -25.63  -29.36  -25.04  -25.65   +0.01   +0.02   +0.00
       med   |   20.975 |   12.955 |   12.164 |   12.161 |   14.787 |   15.599 |   14.815 |   15.718 |   15.589 |   20.981 |   20.981 |   20.974
80     5     |   21.605 |   15.953 |   21.614 |   21.608 |   21.610 |   21.611 |   21.603 |   21.606 |   21.602 |   21.610 |   21.607 |   21.592 ||  -26.16   +0.04   +0.01   +0.02   +0.03   -0.01   +0.01   -0.01   +0.02   +0.01   -0.06
       med   |   21.626 |   15.978 |   21.633 |   21.629 |   21.633 |   21.633 |   21.630 |   21.631 |   21.628 |   21.634 |   21.633 |   21.627
96     6     |   22.380 |   18.044 |   22.397 |   22.363 |   22.384 |   22.398 |   22.364 |   22.369 |   22.366 |   22.388 |   22.402 |   22.375 ||  -19.38   +0.08   -0.08   +0.02   +0.08   -0.07   -0.05   -0.06   +0.03   +0.10   -0.02
       med   |   22.407 |   18.071 |   22.428 |   22.402 |   22.428 |   22.428 |   22.405 |   22.404 |   22.396 |   22.427 |   22.427 |   22.407
112    7     |   22.838 |   20.435 |   22.748 |   22.830 |   22.864 |   22.854 |   22.828 |   22.840 |   22.845 |   22.862 |   22.750 |   22.834 ||  -10.52   -0.39   -0.03   +0.11   +0.07   -0.04   +0.01   +0.03   +0.11   -0.38   -0.01
       med   |   22.874 |   20.461 |   22.784 |   22.871 |   22.897 |   22.900 |   22.872 |   22.871 |   22.885 |   22.899 |   22.782 |   22.874
128    8     |   21.461 |   22.446 |   21.457 |   19.611 |   21.462 |   21.460 |   24.302 |   24.925 |   24.927 |   21.463 |   21.461 |   21.455 ||   +4.59   -0.02   -8.62   +0.00   -0.00  +13.24  +16.14  +16.15   +0.01   +0.00   -0.03
       med   |   21.481 |   22.472 |   21.485 |   19.624 |   21.486 |   21.485 |   24.335 |   24.950 |   24.954 |   21.486 |   21.486 |   21.480
256    16    |   38.167 |   38.176 |   38.172 |   38.178 |   38.113 |   38.168 |   38.179 |   38.182 |   38.181 |   38.173 |   38.178 |   38.161 ||   +0.02   +0.01   +0.03   -0.14   +0.00   +0.03   +0.04   +0.04   +0.02   +0.03   -0.01
       med   |   38.206 |   38.210 |   38.210 |   38.216 |   38.207 |   38.211 |   38.215 |   38.216 |   38.215 |   38.210 |   38.210 |   38.205
512    32    |   71.103 |   71.114 |   71.116 |   71.140 |   71.119 |   71.121 |   71.145 |   71.140 |   71.142 |   71.118 |   71.124 |   71.107 ||   +0.02   +0.02   +0.05   +0.02   +0.03   +0.06   +0.05   +0.05   +0.02   +0.03   +0.01
       med   |   71.146 |   71.173 |   71.177 |   71.187 |   71.162 |   71.166 |   71.186 |   71.185 |   71.183 |   71.165 |   71.175 |   71.145
1024   64    |  138.495 |  138.504 |  138.505 |  138.577 |  138.530 |  138.524 |  138.540 |  138.532 |  138.524 |  138.531 |  138.500 |  138.502 ||   +0.01   +0.01   +0.06   +0.03   +0.02   +0.03   +0.03   +0.02   +0.03   +0.00   +0.01
       med   |  138.550 |  138.570 |  138.590 |  138.655 |  138.558 |  138.559 |  138.603 |  138.606 |  138.597 |  138.556 |  138.602 |  138.550
4096   256   |  546.830 |  546.844 |  546.851 |  546.812 |  546.841 |  546.863 |  546.852 |  546.795 |  546.817 |  546.832 |  546.837 |  546.819 ||   +0.00   +0.00   -0.00   +0.00   +0.01   +0.00   -0.01   -0.00   +0.00   +0.00   -0.00
       med   |  546.968 |  547.018 |  547.005 |  546.980 |  546.962 |  546.987 |  547.034 |  547.024 |  547.044 |  546.970 |  546.975 |  546.949
=== process order2.4
SELFCHECK OK (256 whole-block lengths 1..256 blk x 12 variants; out/Xi/ivec/ret byte-identical)
bytes  blks  |     base |      cw4 |       t4 |     t4p8 |      s4h |       s4 |    m4s4h |   m4s4AA |     m4s4 |   dsp0AA |     dsp0 |   baseAA ||     cw4%      t4%    t4p8%     s4h%      s4%   m4s4h%  m4s4AA%    m4s4%  dsp0AA%    dsp0%  baseAA%
16     1     |   19.622 |   10.607 |   10.536 |   10.544 |   10.605 |   10.608 |   10.593 |   10.607 |   10.607 |   19.626 |   19.625 |   19.620 ||  -45.94  -46.31  -46.26  -45.95  -45.94  -46.02  -45.94  -45.94   +0.02   +0.01   -0.01
       med   |   19.643 |   10.610 |   10.545 |   10.556 |   10.607 |   10.610 |   10.596 |   10.608 |   10.608 |   19.644 |   19.646 |   19.644
32     2     |   19.645 |   11.563 |   11.310 |   11.313 |   11.277 |   11.313 |   11.283 |   11.321 |   11.315 |   19.654 |   19.654 |   19.643 ||  -41.14  -42.43  -42.41  -42.60  -42.41  -42.57  -42.37  -42.40   +0.05   +0.05   -0.01
       med   |   19.661 |   11.574 |   11.318 |   11.322 |   11.288 |   11.333 |   11.289 |   11.330 |   11.330 |   19.671 |   19.671 |   19.662
48     3     |   20.356 |   11.848 |   11.246 |   11.219 |   12.278 |   12.809 |   12.275 |   12.742 |   12.746 |   20.361 |   20.361 |   20.355 ||  -41.80  -44.75  -44.89  -39.68  -37.08  -39.70  -37.40  -37.39   +0.02   +0.02   -0.01
       med   |   20.378 |   11.861 |   11.259 |   11.235 |   12.290 |   12.820 |   12.287 |   12.754 |   12.818 |   20.383 |   20.384 |   20.377
64     4     |   20.953 |   12.943 |   12.153 |   12.152 |   14.765 |   15.578 |   14.791 |   15.701 |   15.573 |   20.961 |   20.961 |   20.948 ||  -38.23  -42.00  -42.00  -29.53  -25.65  -29.41  -25.06  -25.67   +0.04   +0.04   -0.02
       med   |   20.975 |   12.956 |   12.164 |   12.162 |   14.788 |   15.599 |   14.815 |   15.718 |   15.589 |   20.982 |   20.982 |   20.975
80     5     |   21.598 |   15.954 |   21.605 |   21.608 |   21.613 |   21.612 |   21.604 |   21.609 |   21.607 |   21.608 |   21.607 |   21.605 ||  -26.13   +0.03   +0.05   +0.07   +0.07   +0.03   +0.05   +0.04   +0.05   +0.04   +0.03
       med   |   21.627 |   15.979 |   21.634 |   21.631 |   21.634 |   21.636 |   21.631 |   21.632 |   21.630 |   21.633 |   21.635 |   21.627
96     6     |   22.383 |   18.048 |   22.398 |   22.363 |   22.400 |   22.399 |   22.368 |   22.371 |   22.368 |   22.393 |   22.395 |   22.379 ||  -19.37   +0.07   -0.09   +0.08   +0.07   -0.07   -0.05   -0.07   +0.04   +0.05   -0.02
       med   |   22.407 |   18.071 |   22.429 |   22.405 |   22.430 |   22.431 |   22.405 |   22.404 |   22.398 |   22.430 |   22.428 |   22.407
112    7     |   22.834 |   20.442 |   22.752 |   22.822 |   22.857 |   22.854 |   22.833 |   22.830 |   22.845 |   22.860 |   22.754 |   22.833 ||  -10.48   -0.36   -0.05   +0.10   +0.09   -0.00   -0.02   +0.05   +0.12   -0.35   -0.00
       med   |   22.874 |   20.461 |   22.784 |   22.872 |   22.899 |   22.899 |   22.874 |   22.870 |   22.881 |   22.900 |   22.783 |   22.873
128    8     |   21.453 |   22.450 |   21.461 |   19.606 |   21.462 |   21.459 |   24.299 |   24.931 |   24.932 |   21.460 |   21.460 |   21.456 ||   +4.64   +0.04   -8.61   +0.04   +0.03  +13.27  +16.21  +16.21   +0.03   +0.03   +0.01
       med   |   21.480 |   22.470 |   21.487 |   19.623 |   21.486 |   21.485 |   24.336 |   24.951 |   24.956 |   21.486 |   21.486 |   21.481
256    16    |   38.174 |   38.176 |   38.177 |   38.183 |   38.177 |   38.183 |   38.168 |   38.180 |   38.181 |   38.178 |   38.173 |   38.163 ||   +0.00   +0.01   +0.02   +0.01   +0.02   -0.02   +0.02   +0.02   +0.01   -0.00   -0.03
       med   |   38.208 |   38.212 |   38.211 |   38.215 |   38.211 |   38.210 |   38.215 |   38.217 |   38.216 |   38.210 |   38.211 |   38.207
512    32    |   71.098 |   71.122 |   71.113 |   71.132 |   71.121 |   71.000 |   71.152 |   71.144 |   71.142 |   71.108 |   71.127 |   71.096 ||   +0.03   +0.02   +0.05   +0.03   -0.14   +0.08   +0.06   +0.06   +0.01   +0.04   -0.00
       med   |   71.148 |   71.174 |   71.175 |   71.185 |   71.168 |   71.165 |   71.187 |   71.189 |   71.181 |   71.165 |   71.174 |   71.146
1024   64    |  138.507 |  138.501 |  138.500 |  138.541 |  138.526 |  138.522 |  138.541 |  138.531 |  138.546 |  138.524 |  138.540 |  138.511 ||   -0.00   -0.00   +0.02   +0.01   +0.01   +0.02   +0.02   +0.03   +0.01   +0.02   +0.00
       med   |  138.535 |  138.567 |  138.564 |  138.606 |  138.551 |  138.550 |  138.609 |  138.605 |  138.593 |  138.551 |  138.621 |  138.535
4096   256   |  546.826 |  546.840 |  546.845 |  546.863 |  546.827 |  546.836 |  546.819 |  546.864 |  546.827 |  546.835 |  546.834 |  546.813 ||   +0.00   +0.00   +0.01   +0.00   +0.00   -0.00   +0.01   +0.00   +0.00   +0.00   -0.00
       med   |  546.970 |  547.001 |  546.976 |  547.011 |  546.951 |  546.976 |  547.020 |  547.012 |  546.990 |  546.962 |  546.997 |  546.956
=== process order2.5
SELFCHECK OK (256 whole-block lengths 1..256 blk x 12 variants; out/Xi/ivec/ret byte-identical)
bytes  blks  |     base |      cw4 |       t4 |     t4p8 |      s4h |       s4 |    m4s4h |   m4s4AA |     m4s4 |   dsp0AA |     dsp0 |   baseAA ||     cw4%      t4%    t4p8%     s4h%      s4%   m4s4h%  m4s4AA%    m4s4%  dsp0AA%    dsp0%  baseAA%
16     1     |   19.615 |   10.607 |   10.534 |   10.542 |   10.604 |   10.608 |   10.592 |   10.607 |   10.607 |   19.625 |   19.626 |   19.620 ||  -45.92  -46.30  -46.25  -45.94  -45.92  -46.00  -45.92  -45.92   +0.05   +0.05   +0.03
       med   |   19.642 |   10.610 |   10.545 |   10.556 |   10.607 |   10.610 |   10.596 |   10.608 |   10.608 |   19.645 |   19.644 |   19.642
32     2     |   19.645 |   11.565 |   11.310 |   11.310 |   11.278 |   11.313 |   11.283 |   11.320 |   11.316 |   19.653 |   19.657 |   19.641 ||  -41.13  -42.43  -42.43  -42.59  -42.41  -42.56  -42.38  -42.40   +0.04   +0.06   -0.02
       med   |   19.661 |   11.574 |   11.317 |   11.324 |   11.288 |   11.334 |   11.289 |   11.330 |   11.330 |   19.673 |   19.672 |   19.661
48     3     |   20.349 |   11.851 |   11.249 |   11.217 |   12.278 |   12.807 |   12.274 |   12.738 |   12.744 |   20.361 |   20.363 |   20.358 ||  -41.76  -44.72  -44.88  -39.66  -37.06  -39.68  -37.40  -37.37   +0.06   +0.07   +0.04
       med   |   20.376 |   11.861 |   11.257 |   11.237 |   12.290 |   12.820 |   12.287 |   12.753 |   12.817 |   20.383 |   20.382 |   20.377
64     4     |   20.951 |   12.940 |   12.154 |   12.150 |   14.768 |   15.580 |   14.796 |   15.699 |   15.575 |   20.959 |   20.960 |   20.952 ||  -38.23  -41.99  -42.01  -29.51  -25.64  -29.38  -25.07  -25.66   +0.04   +0.04   +0.00
       med   |   20.975 |   12.955 |   12.164 |   12.162 |   14.788 |   15.598 |   14.816 |   15.718 |   15.590 |   20.981 |   20.980 |   20.975
80     5     |   21.606 |   15.954 |   21.606 |   21.608 |   21.607 |   21.608 |   21.606 |   21.606 |   21.600 |   21.607 |   21.608 |   21.601 ||  -26.16   -0.00   +0.01   +0.01   +0.01   -0.00   -0.00   -0.03   +0.00   +0.01   -0.02
       med   |   21.627 |   15.978 |   21.635 |   21.630 |   21.634 |   21.633 |   21.631 |   21.632 |   21.628 |   21.633 |   21.634 |   21.627
96     6     |   22.378 |   18.053 |   22.392 |   22.372 |   22.400 |   22.404 |   22.368 |   22.367 |   22.358 |   22.399 |   22.388 |   22.368 ||  -19.33   +0.06   -0.03   +0.10   +0.12   -0.05   -0.05   -0.09   +0.09   +0.04   -0.05
       med   |   22.407 |   18.072 |   22.429 |   22.404 |   22.430 |   22.428 |   22.403 |   22.405 |   22.398 |   22.428 |   22.430 |   22.407
112    7     |   22.841 |   20.437 |   22.751 |   22.837 |   22.860 |   22.860 |   22.840 |   22.846 |   22.837 |   22.858 |   22.747 |   22.838 ||  -10.52   -0.39   -0.02   +0.09   +0.09   -0.00   +0.02   -0.01   +0.07   -0.41   -0.01
       med   |   22.873 |   20.460 |   22.783 |   22.872 |   22.899 |   22.898 |   22.870 |   22.873 |   22.882 |   22.895 |   22.781 |   22.875
128    8     |   21.454 |   22.437 |   21.460 |   19.610 |   21.460 |   21.463 |   24.289 |   24.931 |   24.931 |   21.463 |   21.461 |   21.458 ||   +4.58   +0.03   -8.59   +0.03   +0.04  +13.21  +16.21  +16.21   +0.04   +0.03   +0.02
       med   |   21.480 |   22.472 |   21.486 |   19.624 |   21.487 |   21.485 |   24.336 |   24.950 |   24.955 |   21.485 |   21.486 |   21.480
256    16    |   38.174 |   38.184 |   38.175 |   38.186 |   38.175 |   38.160 |   38.181 |   38.174 |   38.179 |   38.177 |   38.176 |   38.165 ||   +0.03   +0.00   +0.03   +0.00   -0.04   +0.02   -0.00   +0.01   +0.01   +0.00   -0.03
       med   |   38.210 |   38.215 |   38.211 |   38.215 |   38.211 |   38.213 |   38.219 |   38.217 |   38.216 |   38.214 |   38.210 |   38.206
512    32    |   71.102 |   71.121 |   71.126 |   71.144 |   71.117 |   71.123 |   71.143 |   71.140 |   71.143 |   71.121 |   71.127 |   71.106 ||   +0.03   +0.03   +0.06   +0.02   +0.03   +0.06   +0.05   +0.06   +0.03   +0.04   +0.01
       med   |   71.143 |   71.178 |   71.174 |   71.187 |   71.168 |   71.166 |   71.184 |   71.191 |   71.182 |   71.165 |   71.171 |   71.150
1024   64    |  138.495 |  138.504 |  138.502 |  138.530 |  138.561 |  138.525 |  138.524 |  138.521 |  138.514 |  138.536 |  138.507 |  138.496 ||   +0.01   +0.00   +0.02   +0.05   +0.02   +0.02   +0.02   +0.01   +0.03   +0.01   +0.00
       med   |  138.549 |  138.588 |  138.597 |  138.601 |  138.609 |  138.559 |  138.606 |  138.612 |  138.595 |  138.564 |  138.600 |  138.550
4096   256   |  546.856 |  546.864 |  546.846 |  546.833 |  546.834 |  546.865 |  546.828 |  546.845 |  546.858 |  546.869 |  546.841 |  546.822 ||   +0.00   -0.00   -0.00   -0.00   +0.00   -0.01   -0.00   +0.00   +0.00   -0.00   -0.01
       med   |  546.985 |  547.014 |  547.007 |  547.013 |  546.978 |  547.007 |  547.012 |  547.031 |  547.043 |  547.003 |  547.021 |  546.963
=== process order3.1
SELFCHECK OK (256 whole-block lengths 1..256 blk x 12 variants; out/Xi/ivec/ret byte-identical)
bytes  blks  |     base |    m4s4h |       s4 |   baseAA |     t4p8 |     dsp0 |      cw4 |     m4s4 |   dsp0AA |       t4 |      s4h |   m4s4AA ||   m4s4h%      s4%  baseAA%    t4p8%    dsp0%     cw4%    m4s4%  dsp0AA%      t4%     s4h%  m4s4AA%
16     1     |   19.617 |   10.590 |   10.609 |   19.617 |   10.541 |   19.623 |   10.607 |   10.607 |   19.622 |   10.535 |   10.605 |   10.607 ||  -46.02  -45.92   +0.00  -46.27   +0.03  -45.93  -45.93   +0.02  -46.30  -45.94  -45.93
       med   |   19.642 |   10.593 |   10.610 |   19.641 |   10.555 |   19.645 |   10.610 |   10.608 |   19.644 |   10.546 |   10.607 |   10.608
32     2     |   19.641 |   11.278 |   11.309 |   19.646 |   11.313 |   19.654 |   11.564 |   11.315 |   19.652 |   11.309 |   11.279 |   11.322 ||  -42.58  -42.42   +0.03  -42.40   +0.06  -41.13  -42.39   +0.05  -42.42  -42.58  -42.35
       med   |   19.661 |   11.290 |   11.315 |   19.663 |   11.320 |   19.672 |   11.574 |   11.330 |   19.672 |   11.318 |   11.288 |   11.330
48     3     |   20.355 |   12.276 |   12.741 |   20.354 |   11.219 |   20.367 |   11.851 |   12.745 |   20.362 |   11.247 |   12.276 |   12.742 ||  -39.69  -37.41   -0.01  -44.89   +0.06  -41.78  -37.39   +0.03  -44.75  -39.69  -37.40
       med   |   20.377 |   12.288 |   12.756 |   20.379 |   11.237 |   20.383 |   11.861 |   12.818 |   20.384 |   11.258 |   12.290 |   12.757
64     4     |   20.955 |   14.765 |   15.626 |   20.952 |   12.153 |   20.955 |   12.959 |   15.570 |   20.956 |   12.152 |   14.769 |   15.700 ||  -29.54  -25.43   -0.01  -42.00   +0.00  -38.16  -25.69   +0.00  -42.01  -29.52  -25.08
       med   |   20.974 |   14.788 |   15.647 |   20.972 |   12.161 |   20.981 |   12.972 |   15.591 |   20.981 |   12.163 |   14.788 |   15.723
80     5     |   21.601 |   21.602 |   21.611 |   21.602 |   21.603 |   21.611 |   15.981 |   21.607 |   21.604 |   21.604 |   21.607 |   21.606 ||   +0.01   +0.05   +0.01   +0.01   +0.05  -26.01   +0.03   +0.02   +0.01   +0.03   +0.03
       med   |   21.629 |   21.628 |   21.635 |   21.631 |   21.631 |   21.635 |   16.002 |   21.628 |   21.633 |   21.633 |   21.634 |   21.630
96     6     |   22.370 |   22.361 |   22.393 |   22.382 |   22.366 |   22.395 |   18.068 |   22.362 |   22.395 |   22.380 |   22.392 |   22.365 ||   -0.04   +0.11   +0.06   -0.02   +0.12  -19.23   -0.04   +0.11   +0.04   +0.10   -0.02
       med   |   22.407 |   22.395 |   22.427 |   22.406 |   22.403 |   22.428 |   18.089 |   22.399 |   22.429 |   22.427 |   22.428 |   22.404
112    7     |   22.836 |   22.835 |   22.749 |   22.840 |   22.839 |   22.857 |   20.465 |   22.844 |   22.857 |   22.747 |   22.851 |   22.841 ||   -0.00   -0.38   +0.02   +0.01   +0.09  -10.38   +0.04   +0.09   -0.39   +0.07   +0.02
       med   |   22.873 |   22.886 |   22.783 |   22.882 |   22.871 |   22.899 |   20.494 |   22.882 |   22.897 |   22.783 |   22.899 |   22.873
128    8     |   21.456 |   24.297 |   21.460 |   21.455 |   19.610 |   21.460 |   22.485 |   24.931 |   21.456 |   21.458 |   21.458 |   24.925 ||  +13.24   +0.02   -0.01   -8.61   +0.02   +4.80  +16.20   +0.00   +0.01   +0.01  +16.17
       med   |   21.479 |   24.332 |   21.483 |   21.479 |   19.623 |   21.484 |   22.509 |   24.955 |   21.485 |   21.484 |   21.484 |   24.952
256    16    |   38.171 |   38.180 |   38.174 |   38.170 |   38.179 |   38.175 |   38.169 |   38.181 |   38.173 |   38.163 |   38.171 |   38.176 ||   +0.02   +0.01   -0.00   +0.02   +0.01   -0.01   +0.03   +0.01   -0.02   +0.00   +0.01
       med   |   38.208 |   38.218 |   38.211 |   38.209 |   38.214 |   38.211 |   38.211 |   38.215 |   38.210 |   38.211 |   38.211 |   38.215
512    32    |   71.105 |   71.138 |   71.125 |   71.099 |   71.145 |   71.110 |   71.121 |   71.135 |   71.119 |   71.122 |   71.118 |   71.131 ||   +0.05   +0.03   -0.01   +0.06   +0.01   +0.02   +0.04   +0.02   +0.02   +0.02   +0.04
       med   |   71.145 |   71.182 |   71.176 |   71.152 |   71.187 |   71.162 |   71.164 |   71.181 |   71.168 |   71.173 |   71.164 |   71.185
1024   64    |  138.511 |  138.496 |  138.501 |  138.495 |  138.537 |  138.516 |  138.502 |  138.533 |  138.498 |  138.501 |  138.504 |  138.554 ||   -0.01   -0.01   -0.01   +0.02   +0.00   -0.01   +0.02   -0.01   -0.01   -0.01   +0.03
       med   |  138.531 |  138.597 |  138.593 |  138.544 |  138.601 |  138.548 |  138.549 |  138.598 |  138.549 |  138.570 |  138.549 |  138.608
4096   256   |  546.812 |  546.820 |  546.856 |  546.812 |  546.854 |  546.842 |  546.822 |  546.818 |  546.838 |  546.801 |  546.832 |  546.832 ||   +0.00   +0.01   +0.00   +0.01   +0.01   +0.00   +0.00   +0.00   -0.00   +0.00   +0.00
       med   |  546.997 |  547.026 |  546.990 |  546.960 |  547.008 |  546.982 |  546.995 |  547.040 |  546.978 |  546.983 |  546.967 |  547.034
=== process order3.2
SELFCHECK OK (256 whole-block lengths 1..256 blk x 12 variants; out/Xi/ivec/ret byte-identical)
bytes  blks  |     base |    m4s4h |       s4 |   baseAA |     t4p8 |     dsp0 |      cw4 |     m4s4 |   dsp0AA |       t4 |      s4h |   m4s4AA ||   m4s4h%      s4%  baseAA%    t4p8%    dsp0%     cw4%    m4s4%  dsp0AA%      t4%     s4h%  m4s4AA%
16     1     |   19.621 |   10.589 |   10.608 |   19.618 |   10.543 |   19.621 |   10.607 |   10.607 |   19.623 |   10.536 |   10.605 |   10.607 ||  -46.03  -45.93   -0.01  -46.27   +0.00  -45.94  -45.94   +0.01  -46.30  -45.95  -45.94
       med   |   19.643 |   10.593 |   10.610 |   19.643 |   10.555 |   19.644 |   10.610 |   10.608 |   19.645 |   10.546 |   10.607 |   10.608
32     2     |   19.647 |   11.278 |   11.309 |   19.644 |   11.312 |   19.653 |   11.565 |   11.315 |   19.657 |   11.308 |   11.279 |   11.320 ||  -42.60  -42.44   -0.02  -42.42   +0.03  -41.14  -42.41   +0.05  -42.44  -42.59  -42.38
       med   |   19.662 |   11.289 |   11.314 |   19.661 |   11.320 |   19.672 |   11.574 |   11.330 |   19.672 |   11.316 |   11.288 |   11.330
48     3     |   20.355 |   12.276 |   12.742 |   20.362 |   11.218 |   20.364 |   11.848 |   12.745 |   20.359 |   11.248 |   12.277 |   12.741 ||  -39.69  -37.40   +0.03  -44.89   +0.04  -41.79  -37.38   +0.02  -44.74  -39.69  -37.41
       med   |   20.377 |   12.288 |   12.755 |   20.378 |   11.237 |   20.383 |   11.860 |   12.816 |   20.384 |   11.258 |   12.290 |   12.758
64     4     |   20.953 |   14.770 |   15.614 |   20.945 |   12.151 |   20.960 |   12.962 |   15.571 |   20.956 |   12.153 |   14.768 |   15.704 ||  -29.51  -25.48   -0.04  -42.01   +0.03  -38.14  -25.69   +0.01  -42.00  -29.52  -25.05
       med   |   20.974 |   14.789 |   15.646 |   20.972 |   12.161 |   20.982 |   12.972 |   15.590 |   20.981 |   12.164 |   14.788 |   15.723
80     5     |   21.604 |   21.605 |   21.604 |   21.604 |   21.604 |   21.609 |   15.981 |   21.591 |   21.607 |   21.606 |   21.611 |   21.606 ||   +0.01   +0.00   +0.00   +0.00   +0.03  -26.03   -0.06   +0.01   +0.01   +0.04   +0.01
       med   |   21.630 |   21.630 |   21.636 |   21.630 |   21.631 |   21.635 |   16.003 |   21.630 |   21.634 |   21.634 |   21.634 |   21.630
96     6     |   22.372 |   22.363 |   22.398 |   22.378 |   22.370 |   22.394 |   18.071 |   22.372 |   22.395 |   22.391 |   22.402 |   22.370 ||   -0.04   +0.12   +0.03   -0.01   +0.10  -19.22   -0.00   +0.10   +0.09   +0.13   -0.01
       med   |   22.406 |   22.397 |   22.429 |   22.407 |   22.403 |   22.428 |   18.089 |   22.398 |   22.428 |   22.427 |   22.429 |   22.404
112    7     |   22.837 |   22.849 |   22.755 |   22.845 |   22.837 |   22.861 |   20.438 |   22.843 |   22.859 |   22.751 |   22.854 |   22.836 ||   +0.05   -0.36   +0.04   +0.00   +0.11  -10.50   +0.03   +0.10   -0.38   +0.08   -0.00
       med   |   22.873 |   22.887 |   22.782 |   22.881 |   22.873 |   22.899 |   20.462 |   22.886 |   22.898 |   22.784 |   22.900 |   22.871
128    8     |   21.455 |   24.300 |   21.460 |   21.451 |   19.608 |   21.459 |   22.449 |   24.924 |   21.465 |   21.458 |   21.466 |   24.925 ||  +13.26   +0.03   -0.02   -8.61   +0.02   +4.64  +16.17   +0.05   +0.02   +0.06  +16.17
       med   |   21.480 |   24.331 |   21.486 |   21.480 |   19.623 |   21.485 |   22.471 |   24.953 |   21.487 |   21.486 |   21.486 |   24.951
256    16    |   38.171 |   38.181 |   38.170 |   38.172 |   38.177 |   38.180 |   38.173 |   38.178 |   38.174 |   38.176 |   38.171 |   38.178 ||   +0.03   -0.00   +0.00   +0.02   +0.02   +0.00   +0.02   +0.01   +0.01   +0.00   +0.02
       med   |   38.205 |   38.216 |   38.211 |   38.208 |   38.217 |   38.213 |   38.211 |   38.217 |   38.210 |   38.213 |   38.212 |   38.216
512    32    |   71.090 |   71.137 |   71.116 |   71.109 |   71.135 |   71.113 |   71.126 |   71.143 |   71.121 |   71.118 |   71.121 |   71.140 ||   +0.07   +0.04   +0.03   +0.06   +0.03   +0.05   +0.07   +0.04   +0.04   +0.04   +0.07
       med   |   71.145 |   71.183 |   71.175 |   71.150 |   71.185 |   71.162 |   71.164 |   71.183 |   71.163 |   71.180 |   71.163 |   71.186
1024   64    |  138.494 |  138.523 |  138.507 |  138.493 |  138.528 |  138.534 |  138.506 |  138.530 |  138.523 |  138.505 |  138.522 |  138.537 ||   +0.02   +0.01   -0.00   +0.02   +0.03   +0.01   +0.03   +0.02   +0.01   +0.02   +0.03
       med   |  138.554 |  138.601 |  138.594 |  138.555 |  138.612 |  138.572 |  138.570 |  138.610 |  138.562 |  138.613 |  138.566 |  138.612
4096   256   |  546.811 |  546.855 |  546.851 |  546.851 |  546.837 |  546.833 |  546.857 |  546.836 |  546.878 |  546.842 |  546.858 |  546.828 ||   +0.01   +0.01   +0.01   +0.00   +0.00   +0.01   +0.00   +0.01   +0.01   +0.01   +0.00
       med   |  546.951 |  547.042 |  547.090 |  547.033 |  547.021 |  546.973 |  547.003 |  547.012 |  547.038 |  547.077 |  547.000 |  546.998
=== process order3.3
SELFCHECK OK (256 whole-block lengths 1..256 blk x 12 variants; out/Xi/ivec/ret byte-identical)
bytes  blks  |     base |    m4s4h |       s4 |   baseAA |     t4p8 |     dsp0 |      cw4 |     m4s4 |   dsp0AA |       t4 |      s4h |   m4s4AA ||   m4s4h%      s4%  baseAA%    t4p8%    dsp0%     cw4%    m4s4%  dsp0AA%      t4%     s4h%  m4s4AA%
16     1     |   19.620 |   10.590 |   10.608 |   19.621 |   10.544 |   19.625 |   10.607 |   10.607 |   19.617 |   10.535 |   10.605 |   10.607 ||  -46.03  -45.93   +0.01  -46.26   +0.03  -45.94  -45.94   -0.02  -46.30  -45.95  -45.94
       med   |   19.642 |   10.593 |   10.610 |   19.642 |   10.556 |   19.645 |   10.610 |   10.608 |   19.645 |   10.545 |   10.606 |   10.608
32     2     |   19.643 |   11.279 |   11.308 |   19.645 |   11.309 |   19.654 |   11.565 |   11.316 |   19.654 |   11.308 |   11.277 |   11.322 ||  -42.58  -42.43   +0.01  -42.43   +0.06  -41.12  -42.39   +0.06  -42.43  -42.59  -42.36
       med   |   19.661 |   11.289 |   11.314 |   19.662 |   11.320 |   19.672 |   11.574 |   11.330 |   19.673 |   11.317 |   11.288 |   11.330
48     3     |   20.355 |   12.273 |   12.740 |   20.347 |   11.213 |   20.358 |   11.849 |   12.745 |   20.361 |   11.249 |   12.276 |   12.741 ||  -39.70  -37.41   -0.04  -44.91   +0.01  -41.79  -37.39   +0.03  -44.74  -39.69  -37.40
       med   |   20.376 |   12.288 |   12.754 |   20.378 |   11.237 |   20.384 |   11.861 |   12.816 |   20.382 |   11.258 |   12.290 |   12.757
64     4     |   20.951 |   14.767 |   15.588 |   20.950 |   12.151 |   20.954 |   12.943 |   15.574 |   20.954 |   12.152 |   14.766 |   15.702 ||  -29.52  -25.60   -0.00  -42.00   +0.02  -38.22  -25.66   +0.01  -42.00  -29.52  -25.05
       med   |   20.975 |   14.789 |   15.648 |   20.973 |   12.161 |   20.982 |   12.955 |   15.590 |   20.983 |   12.164 |   14.788 |   15.723
80     5     |   21.605 |   21.601 |   21.598 |   21.607 |   21.610 |   21.607 |   15.951 |   21.603 |   21.611 |   21.608 |   21.605 |   21.607 ||   -0.02   -0.03   +0.01   +0.02   +0.01  -26.17   -0.01   +0.03   +0.02   +0.00   +0.01
       med   |   21.627 |   21.628 |   21.635 |   21.629 |   21.629 |   21.633 |   15.975 |   21.629 |   21.632 |   21.633 |   21.633 |   21.632
96     6     |   22.378 |   22.362 |   22.399 |   22.377 |   22.365 |   22.398 |   18.041 |   22.362 |   22.385 |   22.398 |   22.391 |   22.368 ||   -0.07   +0.09   -0.00   -0.06   +0.09  -19.38   -0.07   +0.03   +0.09   +0.06   -0.04
       med   |   22.405 |   22.396 |   22.429 |   22.406 |   22.402 |   22.428 |   18.070 |   22.396 |   22.428 |   22.429 |   22.428 |   22.405
112    7     |   22.832 |   22.844 |   22.749 |   22.831 |   22.842 |   22.863 |   20.439 |   22.841 |   22.859 |   22.753 |   22.862 |   22.843 ||   +0.05   -0.37   -0.01   +0.04   +0.13  -10.48   +0.04   +0.12   -0.35   +0.13   +0.05
       med   |   22.872 |   22.887 |   22.783 |   22.880 |   22.873 |   22.899 |   20.461 |   22.887 |   22.898 |   22.782 |   22.900 |   22.872
128    8     |   21.457 |   24.300 |   21.463 |   21.456 |   19.608 |   21.461 |   22.444 |   24.933 |   21.460 |   21.462 |   21.463 |   24.926 ||  +13.25   +0.03   -0.01   -8.62   +0.02   +4.60  +16.20   +0.01   +0.02   +0.03  +16.17
       med   |   21.481 |   24.332 |   21.486 |   21.478 |   19.624 |   21.487 |   22.471 |   24.954 |   21.485 |   21.485 |   21.486 |   24.951
256    16    |   38.172 |   38.177 |   38.172 |   38.174 |   38.174 |   38.177 |   38.180 |   38.174 |   38.173 |   38.176 |   38.175 |   38.172 ||   +0.01   +0.00   +0.01   +0.01   +0.01   +0.02   +0.01   +0.00   +0.01   +0.01   +0.00
       med   |   38.206 |   38.214 |   38.213 |   38.210 |   38.216 |   38.212 |   38.213 |   38.217 |   38.211 |   38.211 |   38.211 |   38.216
512    32    |   70.979 |   71.136 |   71.110 |   70.690 |   71.143 |   71.117 |   71.111 |   71.077 |   71.118 |   71.116 |   71.116 |   71.141 ||   +0.22   +0.18   -0.41   +0.23   +0.19   +0.19   +0.14   +0.20   +0.19   +0.19   +0.23
       med   |   71.141 |   71.179 |   71.174 |   71.149 |   71.183 |   71.159 |   71.160 |   71.179 |   71.159 |   71.170 |   71.161 |   71.187
1024   64    |  138.496 |  138.504 |  138.490 |  138.493 |  138.500 |  138.493 |  138.500 |  138.512 |  138.507 |  138.495 |  138.519 |  138.512 ||   +0.01   -0.00   -0.00   +0.00   -0.00   +0.00   +0.01   +0.01   -0.00   +0.02   +0.01
       med   |  138.538 |  138.601 |  138.589 |  138.546 |  138.601 |  138.550 |  138.560 |  138.605 |  138.553 |  138.606 |  138.555 |  138.613
4096   256   |  546.807 |  546.852 |  546.827 |  546.845 |  546.846 |  546.847 |  546.835 |  546.830 |  546.841 |  546.829 |  546.807 |  546.814 ||   +0.01   +0.00   +0.01   +0.01   +0.01   +0.01   +0.00   +0.01   +0.00   +0.00   +0.00
       med   |  547.030 |  547.053 |  547.003 |  546.969 |  546.991 |  546.962 |  546.994 |  547.036 |  547.001 |  546.980 |  546.938 |  546.996
=== process order3.4
SELFCHECK OK (256 whole-block lengths 1..256 blk x 12 variants; out/Xi/ivec/ret byte-identical)
bytes  blks  |     base |    m4s4h |       s4 |   baseAA |     t4p8 |     dsp0 |      cw4 |     m4s4 |   dsp0AA |       t4 |      s4h |   m4s4AA ||   m4s4h%      s4%  baseAA%    t4p8%    dsp0%     cw4%    m4s4%  dsp0AA%      t4%     s4h%  m4s4AA%
16     1     |   19.617 |   10.588 |   10.608 |   19.621 |   10.540 |   19.625 |   10.607 |   10.607 |   19.623 |   10.534 |   10.605 |   10.607 ||  -46.03  -45.92   +0.02  -46.27   +0.04  -45.93  -45.93   +0.03  -46.30  -45.94  -45.93
       med   |   19.643 |   10.593 |   10.610 |   19.642 |   10.555 |   19.644 |   10.610 |   10.608 |   19.644 |   10.546 |   10.607 |   10.608
32     2     |   19.645 |   11.278 |   11.310 |   19.644 |   11.312 |   19.656 |   11.563 |   11.316 |   19.657 |   11.310 |   11.277 |   11.320 ||  -42.59  -42.43   -0.01  -42.42   +0.06  -41.14  -42.40   +0.06  -42.43  -42.60  -42.38
       med   |   19.661 |   11.289 |   11.315 |   19.661 |   11.320 |   19.672 |   11.574 |   11.330 |   19.671 |   11.318 |   11.288 |   11.330
48     3     |   20.353 |   12.276 |   12.740 |   20.361 |   11.218 |   20.356 |   11.853 |   12.739 |   20.361 |   11.248 |   12.281 |   12.743 ||  -39.68  -37.40   +0.04  -44.88   +0.02  -41.76  -37.41   +0.04  -44.73  -39.66  -37.39
       med   |   20.377 |   12.288 |   12.755 |   20.379 |   11.237 |   20.385 |   11.861 |   12.818 |   20.384 |   11.258 |   12.290 |   12.757
64     4     |   20.955 |   14.771 |   15.600 |   20.948 |   12.150 |   20.954 |   12.940 |   15.572 |   20.960 |   12.153 |   14.764 |   15.700 ||  -29.51  -25.55   -0.03  -42.02   -0.00  -38.25  -25.69   +0.02  -42.00  -29.54  -25.08
       med   |   20.974 |   14.787 |   15.646 |   20.973 |   12.162 |   20.981 |   12.956 |   15.592 |   20.982 |   12.163 |   14.786 |   15.722
80     5     |   21.605 |   21.608 |   21.610 |   21.610 |   21.605 |   21.609 |   15.955 |   21.606 |   21.611 |   21.607 |   21.612 |   21.606 ||   +0.02   +0.03   +0.03   +0.00   +0.02  -26.15   +0.01   +0.03   +0.01   +0.04   +0.01
       med   |   21.630 |   21.629 |   21.634 |   21.631 |   21.630 |   21.634 |   15.979 |   21.630 |   21.633 |   21.633 |   21.634 |   21.630
96     6     |   22.370 |   22.359 |   22.394 |   22.377 |   22.365 |   22.391 |   18.047 |   22.364 |   22.399 |   22.392 |   22.402 |   22.368 ||   -0.05   +0.11   +0.03   -0.02   +0.09  -19.33   -0.03   +0.13   +0.10   +0.14   -0.01
       med   |   22.406 |   22.397 |   22.428 |   22.407 |   22.403 |   22.428 |   18.070 |   22.398 |   22.429 |   22.428 |   22.427 |   22.404
112    7     |   22.836 |   22.852 |   22.752 |   22.838 |   22.835 |   22.864 |   20.435 |   22.842 |   22.858 |   22.751 |   22.861 |   22.830 ||   +0.07   -0.37   +0.01   -0.00   +0.12  -10.52   +0.03   +0.10   -0.37   +0.11   -0.03
       med   |   22.873 |   22.889 |   22.781 |   22.882 |   22.871 |   22.896 |   20.462 |   22.884 |   22.897 |   22.781 |   22.899 |   22.871
128    8     |   21.453 |   24.297 |   21.456 |   21.458 |   19.609 |   21.458 |   22.442 |   24.923 |   21.457 |   21.461 |   21.453 |   24.925 ||  +13.25   +0.01   +0.02   -8.60   +0.02   +4.61  +16.18   +0.02   +0.04   -0.00  +16.18
       med   |   21.480 |   24.334 |   21.486 |   21.479 |   19.623 |   21.487 |   22.470 |   24.954 |   21.485 |   21.485 |   21.485 |   24.951
256    16    |   38.171 |   38.178 |   38.179 |   38.159 |   38.177 |   38.169 |   38.176 |   38.179 |   38.178 |   38.174 |   38.179 |   38.178 ||   +0.02   +0.02   -0.03   +0.02   -0.00   +0.01   +0.02   +0.02   +0.01   +0.02   +0.02
       med   |   38.208 |   38.215 |   38.212 |   38.208 |   38.216 |   38.210 |   38.212 |   38.216 |   38.210 |   38.213 |   38.210 |   38.217
512    32    |   71.104 |   71.145 |   71.122 |   71.113 |   71.133 |   71.114 |   71.120 |   71.141 |   71.112 |   71.122 |   71.125 |   71.141 ||   +0.06   +0.03   +0.01   +0.04   +0.01   +0.02   +0.05   +0.01   +0.03   +0.03   +0.05
       med   |   71.149 |   71.186 |   71.173 |   71.151 |   71.188 |   71.163 |   71.165 |   71.181 |   71.163 |   71.176 |   71.163 |   71.185
1024   64    |  138.493 |  138.520 |  138.496 |  138.494 |  138.548 |  138.524 |  138.501 |  138.519 |  138.528 |  138.504 |  138.528 |  138.542 ||   +0.02   +0.00   +0.00   +0.04   +0.02   +0.01   +0.02   +0.03   +0.01   +0.03   +0.04
       med   |  138.553 |  138.602 |  138.595 |  138.555 |  138.606 |  138.561 |  138.565 |  138.601 |  138.559 |  138.581 |  138.562 |  138.606
4096   256   |  546.860 |  546.851 |  546.861 |  546.866 |  546.823 |  546.856 |  546.857 |  546.835 |  546.880 |  546.828 |  546.851 |  546.856 ||   -0.00   +0.00   +0.00   -0.01   -0.00   -0.00   -0.00   +0.00   -0.01   -0.00   -0.00
       med   |  546.973 |  547.054 |  547.044 |  546.989 |  547.029 |  547.025 |  547.034 |  547.024 |  547.031 |  547.024 |  547.015 |  547.051
=== process order3.5
SELFCHECK OK (256 whole-block lengths 1..256 blk x 12 variants; out/Xi/ivec/ret byte-identical)
bytes  blks  |     base |    m4s4h |       s4 |   baseAA |     t4p8 |     dsp0 |      cw4 |     m4s4 |   dsp0AA |       t4 |      s4h |   m4s4AA ||   m4s4h%      s4%  baseAA%    t4p8%    dsp0%     cw4%    m4s4%  dsp0AA%      t4%     s4h%  m4s4AA%
16     1     |   19.622 |   10.590 |   10.609 |   19.617 |   10.545 |   19.631 |   10.607 |   10.607 |   19.624 |   10.535 |   10.604 |   10.607 ||  -46.03  -45.93   -0.02  -46.26   +0.05  -45.94  -45.94   +0.01  -46.31  -45.96  -45.94
       med   |   19.643 |   10.593 |   10.610 |   19.644 |   10.556 |   19.644 |   10.610 |   10.608 |   19.645 |   10.545 |   10.607 |   10.608
32     2     |   19.645 |   11.279 |   11.308 |   19.645 |   11.312 |   19.652 |   11.565 |   11.316 |   19.650 |   11.310 |   11.278 |   11.321 ||  -42.59  -42.44   -0.00  -42.42   +0.04  -41.13  -42.40   +0.03  -42.43  -42.59  -42.37
       med   |   19.661 |   11.289 |   11.315 |   19.663 |   11.320 |   19.672 |   11.574 |   11.330 |   19.673 |   11.318 |   11.288 |   11.330
48     3     |   20.357 |   12.275 |   12.740 |   20.358 |   11.218 |   20.364 |   11.849 |   12.743 |   20.359 |   11.249 |   12.280 |   12.740 ||  -39.70  -37.41   +0.01  -44.90   +0.03  -41.79  -37.40   +0.01  -44.74  -39.68  -37.42
       med   |   20.377 |   12.288 |   12.755 |   20.378 |   11.237 |   20.382 |   11.861 |   12.817 |   20.383 |   11.258 |   12.291 |   12.756
64     4     |   20.955 |   14.772 |   15.578 |   20.946 |   12.151 |   20.955 |   12.943 |   15.574 |   20.958 |   12.155 |   14.770 |   15.702 ||  -29.51  -25.66   -0.05  -42.02   -0.00  -38.23  -25.68   +0.01  -42.00  -29.52  -25.07
       med   |   20.975 |   14.788 |   15.647 |   20.974 |   12.162 |   20.982 |   12.955 |   15.592 |   20.982 |   12.164 |   14.788 |   15.723
80     5     |   21.602 |   21.605 |   21.607 |   21.599 |   21.602 |   21.608 |   15.957 |   21.605 |   21.611 |   21.612 |   21.611 |   21.605 ||   +0.01   +0.02   -0.01   +0.00   +0.03  -26.13   +0.01   +0.04   +0.05   +0.04   +0.01
       med   |   21.629 |   21.630 |   21.635 |   21.630 |   21.631 |   21.633 |   15.979 |   21.628 |   21.634 |   21.634 |   21.633 |   21.630
96     6     |   22.372 |   22.368 |   22.398 |   22.381 |   22.367 |   22.394 |   18.045 |   22.365 |   22.397 |   22.392 |   22.394 |   22.363 ||   -0.02   +0.11   +0.04   -0.02   +0.10  -19.34   -0.03   +0.11   +0.09   +0.10   -0.04
       med   |   22.407 |   22.399 |   22.429 |   22.407 |   22.403 |   22.429 |   18.071 |   22.398 |   22.427 |   22.428 |   22.429 |   22.403
112    7     |   22.832 |   22.848 |   22.751 |   22.844 |   22.843 |   22.860 |   20.438 |   22.842 |   22.865 |   22.751 |   22.863 |   22.841 ||   +0.07   -0.36   +0.05   +0.05   +0.12  -10.49   +0.04   +0.15   -0.35   +0.13   +0.04
       med   |   22.875 |   22.887 |   22.784 |   22.882 |   22.872 |   22.900 |   20.463 |   22.883 |   22.898 |   22.781 |   22.897 |   22.871
128    8     |   21.454 |   24.299 |   21.464 |   21.456 |   19.608 |   21.462 |   22.446 |   24.927 |   21.465 |   21.462 |   21.462 |   24.928 ||  +13.26   +0.05   +0.01   -8.61   +0.04   +4.62  +16.19   +0.05   +0.04   +0.04  +16.19
       med   |   21.482 |   24.331 |   21.487 |   21.480 |   19.623 |   21.485 |   22.472 |   24.954 |   21.485 |   21.486 |   21.487 |   24.953
256    16    |   38.167 |   38.180 |   38.169 |   38.173 |   38.188 |   38.174 |   38.177 |   38.180 |   38.178 |   38.176 |   38.175 |   38.183 ||   +0.03   +0.00   +0.02   +0.05   +0.02   +0.03   +0.03   +0.03   +0.02   +0.02   +0.04
       med   |   38.209 |   38.216 |   38.210 |   38.209 |   38.216 |   38.210 |   38.210 |   38.215 |   38.209 |   38.211 |   38.209 |   38.215
512    32    |   71.102 |   71.138 |   71.121 |   71.103 |   71.153 |   71.128 |   71.121 |   71.142 |   71.119 |   71.112 |   71.119 |   71.139 ||   +0.05   +0.03   +0.00   +0.07   +0.04   +0.03   +0.06   +0.02   +0.01   +0.02   +0.05
       med   |   71.145 |   71.179 |   71.168 |   71.150 |   71.186 |   71.162 |   71.166 |   71.184 |   71.164 |   71.173 |   71.162 |   71.188
1024   64    |  138.514 |  138.513 |  138.495 |  138.495 |  138.554 |  138.521 |  138.498 |  138.506 |  138.520 |  138.496 |  138.523 |  138.508 ||   -0.00   -0.01   -0.01   +0.03   +0.01   -0.01   -0.01   +0.00   -0.01   +0.01   -0.00
       med   |  138.535 |  138.601 |  138.606 |  138.543 |  138.604 |  138.548 |  138.546 |  138.605 |  138.547 |  138.597 |  138.547 |  138.612
4096   256   |  546.817 |  546.862 |  546.856 |  546.840 |  546.855 |  546.832 |  546.809 |  546.842 |  546.837 |  546.863 |  546.841 |  546.830 ||   +0.01   +0.01   +0.00   +0.01   +0.00   -0.00   +0.00   +0.00   +0.01   +0.00   +0.00
       med   |  547.006 |  547.140 |  547.115 |  547.120 |  547.128 |  547.132 |  547.106 |  547.071 |  547.120 |  547.131 |  547.103 |  547.117
