=== process order1.1
SELFCHECK OK (256 whole-block lengths 1..256 blk x 12 variants; out/Xi/ivec/ret byte-identical)
bytes  blks  |     base |   baseAA |     dsp0 |   dsp0AA |     m4s4 |   m4s4AA |    m4s4h |       s4 |      s4h |     t4p8 |       t4 |      cw4 ||  baseAA%    dsp0%  dsp0AA%    m4s4%  m4s4AA%   m4s4h%      s4%     s4h%    t4p8%      t4%     cw4%
16     1     |   25.327 |   25.436 |   25.484 |   25.391 |   12.555 |   12.545 |   12.574 |   12.546 |   12.576 |   12.308 |   12.370 |   12.563 ||   +0.43   +0.62   +0.25  -50.43  -50.47  -50.35  -50.46  -50.34  -51.40  -51.16  -50.40
       med   |   25.636 |   25.924 |   25.820 |   25.759 |   12.585 |   12.550 |   12.615 |   12.551 |   12.611 |   12.368 |   12.388 |   12.595
32     2     |   23.412 |   23.416 |   23.377 |   23.357 |   13.312 |   13.291 |   13.242 |   13.292 |   13.241 |   13.413 |   13.386 |   13.359 ||   +0.02   -0.15   -0.23  -43.14  -43.23  -43.44  -43.22  -43.44  -42.71  -42.82  -42.94
       med   |   23.618 |   24.356 |   23.579 |   23.584 |   13.322 |   13.299 |   13.246 |   13.299 |   13.279 |   13.442 |   13.444 |   13.423
48     3     |   24.275 |   24.277 |   24.214 |   24.195 |   16.199 |   16.188 |   15.196 |   16.175 |   15.194 |   13.735 |   13.753 |   14.100 ||   +0.01   -0.25   -0.33  -33.27  -33.31  -37.40  -33.37  -37.41  -43.42  -43.34  -41.91
       med   |   24.578 |   25.259 |   24.434 |   24.497 |   16.368 |   16.331 |   15.232 |   16.227 |   15.394 |   14.611 |   14.917 |   14.140
64     4     |   25.120 |   25.144 |   25.134 |   25.119 |   19.870 |   19.844 |   18.622 |   19.833 |   18.631 |   14.860 |   14.848 |   15.561 ||   +0.10   +0.06   -0.00  -20.90  -21.00  -25.87  -21.05  -25.83  -40.84  -40.89  -38.05
       med   |   25.339 |   25.942 |   25.348 |   25.456 |   19.894 |   20.094 |   18.648 |   20.078 |   19.035 |   14.919 |   14.916 |   15.688
80     5     |   25.986 |   25.995 |   25.999 |   25.986 |   26.012 |   26.007 |   26.001 |   25.986 |   25.993 |   26.010 |   26.007 |   19.589 ||   +0.03   +0.05   -0.00   +0.10   +0.08   +0.06   +0.00   +0.03   +0.09   +0.08  -24.62
       med   |   26.015 |   26.645 |   26.325 |   26.507 |   26.675 |   26.037 |   26.088 |   26.328 |   26.077 |   26.468 |   26.319 |   19.624
96     6     |   26.890 |   26.935 |   26.942 |   26.919 |   26.938 |   26.925 |   26.903 |   26.921 |   26.934 |   26.792 |   26.931 |   22.065 ||   +0.17   +0.19   +0.11   +0.18   +0.13   +0.05   +0.12   +0.17   -0.36   +0.15  -17.94
       med   |   26.969 |   27.481 |   27.229 |   27.302 |   27.525 |   26.978 |   26.989 |   26.962 |   26.965 |   27.674 |   27.220 |   22.089
112    7     |   27.456 |   27.444 |   27.518 |   27.489 |   27.515 |   27.404 |   27.508 |   27.465 |   27.515 |   27.514 |   27.533 |   24.813 ||   -0.05   +0.22   +0.12   +0.21   -0.19   +0.19   +0.03   +0.21   +0.21   +0.28   -9.63
       med   |   27.570 |   28.088 |   27.757 |   27.892 |   27.791 |   27.565 |   27.563 |   27.552 |   27.608 |   28.202 |   27.799 |   25.167
128    8     |   25.363 |   25.588 |   25.590 |   25.568 |   30.880 |   30.865 |   29.955 |   25.591 |   25.581 |   22.901 |   25.406 |   27.287 ||   +0.89   +0.89   +0.81  +21.75  +21.69  +18.10   +0.90   +0.86   -9.71   +0.17   +7.58
       med   |   25.994 |   26.235 |   26.018 |   25.768 |   30.915 |   30.894 |   30.145 |   25.890 |   25.644 |   22.930 |   25.863 |   27.324
256    16    |   45.663 |   45.399 |   45.358 |   45.344 |   45.339 |   45.234 |   45.320 |   45.477 |   45.360 |   45.332 |   45.451 |   45.403 ||   -0.58   -0.67   -0.70   -0.71   -0.94   -0.75   -0.41   -0.67   -0.72   -0.47   -0.57
       med   |   46.352 |   46.414 |   45.705 |   46.197 |   46.015 |   45.462 |   45.883 |   46.020 |   46.078 |   46.231 |   45.867 |   46.096
512    32    |   84.513 |   83.762 |   84.535 |   84.478 |   84.447 |   84.473 |   83.985 |   84.329 |   84.382 |   84.370 |   84.413 |   84.387 ||   -0.89   +0.03   -0.04   -0.08   -0.05   -0.62   -0.22   -0.15   -0.17   -0.12   -0.15
       med   |   84.820 |   85.243 |   85.219 |   86.063 |   85.466 |   84.642 |   85.451 |   84.822 |   85.417 |   85.434 |   84.892 |   85.556
1024   64    |  162.137 |  161.886 |  162.053 |  161.897 |  161.931 |  162.125 |  162.108 |  161.453 |  161.589 |  161.986 |  161.957 |  161.912 ||   -0.16   -0.05   -0.15   -0.13   -0.01   -0.02   -0.42   -0.34   -0.09   -0.11   -0.14
       med   |  163.336 |  163.437 |  163.357 |  165.680 |  163.890 |  163.374 |  164.484 |  163.118 |  163.751 |  163.209 |  163.003 |  162.975
4096   256   |  628.935 |  628.657 |  628.887 |  628.668 |  628.563 |  628.788 |  628.816 |  627.995 |  628.512 |  628.712 |  628.766 |  628.188 ||   -0.04   -0.01   -0.04   -0.06   -0.02   -0.02   -0.15   -0.07   -0.04   -0.03   -0.12
       med   |  630.742 |  630.611 |  630.894 |  630.246 |  630.499 |  630.149 |  632.138 |  629.837 |  630.846 |  630.085 |  629.794 |  631.086
=== process order1.2
SELFCHECK OK (256 whole-block lengths 1..256 blk x 12 variants; out/Xi/ivec/ret byte-identical)
bytes  blks  |     base |   baseAA |     dsp0 |   dsp0AA |     m4s4 |   m4s4AA |    m4s4h |       s4 |      s4h |     t4p8 |       t4 |      cw4 ||  baseAA%    dsp0%  dsp0AA%    m4s4%  m4s4AA%   m4s4h%      s4%     s4h%    t4p8%      t4%     cw4%
16     1     |   25.302 |   24.635 |   23.524 |   23.296 |   12.556 |   12.545 |   12.574 |   12.545 |   12.574 |   12.305 |   12.352 |   12.562 ||   -2.64   -7.03   -7.93  -50.37  -50.42  -50.30  -50.42  -50.31  -51.37  -51.18  -50.35
       med   |   25.667 |   25.916 |   25.816 |   25.764 |   12.586 |   12.550 |   12.616 |   12.551 |   12.610 |   12.372 |   12.387 |   12.595
32     2     |   23.415 |   23.388 |   23.385 |   23.372 |   13.314 |   13.293 |   13.241 |   13.292 |   13.241 |   13.413 |   13.389 |   13.324 ||   -0.12   -0.13   -0.19  -43.14  -43.23  -43.45  -43.23  -43.45  -42.72  -42.82  -43.10
       med   |   23.629 |   24.361 |   23.580 |   23.677 |   13.322 |   13.299 |   13.245 |   13.299 |   13.279 |   13.425 |   13.445 |   13.423
48     3     |   24.254 |   24.283 |   24.216 |   24.190 |   16.199 |   16.187 |   15.191 |   16.173 |   15.203 |   13.735 |   13.748 |   14.111 ||   +0.12   -0.16   -0.26  -33.21  -33.26  -37.37  -33.32  -37.32  -43.37  -43.32  -41.82
       med   |   24.560 |   25.258 |   24.431 |   24.499 |   16.370 |   16.209 |   15.232 |   16.231 |   15.398 |   14.609 |   14.928 |   14.148
64     4     |   25.124 |   25.144 |   25.117 |   25.104 |   19.872 |   19.838 |   18.627 |   19.832 |   18.634 |   14.859 |   14.848 |   15.560 ||   +0.08   -0.03   -0.08  -20.90  -21.04  -25.86  -21.06  -25.83  -40.86  -40.90  -38.07
       med   |   25.382 |   26.004 |   25.441 |   25.441 |   19.990 |   19.867 |   18.646 |   20.061 |   18.851 |   14.919 |   14.917 |   15.578
80     5     |   25.987 |   26.008 |   25.992 |   25.991 |   26.009 |   26.007 |   26.003 |   25.990 |   25.988 |   26.001 |   26.002 |   19.600 ||   +0.08   +0.02   +0.02   +0.09   +0.08   +0.06   +0.01   +0.01   +0.05   +0.06  -24.58
       med   |   26.026 |   26.642 |   26.348 |   26.435 |   26.583 |   26.036 |   26.084 |   26.020 |   26.055 |   26.488 |   26.330 |   19.627
96     6     |   26.896 |   26.867 |   26.937 |   26.932 |   26.942 |   26.946 |   26.894 |   26.927 |   26.922 |   26.802 |   26.912 |   22.068 ||   -0.11   +0.15   +0.13   +0.17   +0.18   -0.01   +0.12   +0.10   -0.35   +0.06  -17.95
       med   |   26.967 |   26.980 |   27.237 |   27.302 |   26.992 |   26.980 |   27.001 |   27.022 |   27.104 |   27.508 |   27.228 |   22.091
112    7     |   27.458 |   27.435 |   27.530 |   27.489 |   27.505 |   27.414 |   27.500 |   27.471 |   27.517 |   27.487 |   27.511 |   24.813 ||   -0.08   +0.26   +0.11   +0.17   -0.16   +0.15   +0.05   +0.21   +0.10   +0.19   -9.63
       med   |   27.517 |   27.473 |   27.758 |   27.841 |   27.546 |   27.565 |   27.565 |   27.558 |   27.739 |   27.989 |   27.760 |   25.157
128    8     |   25.380 |   25.587 |   25.596 |   25.599 |   30.878 |   30.855 |   29.940 |   25.596 |   25.588 |   22.851 |   25.423 |   27.293 ||   +0.82   +0.85   +0.87  +21.67  +21.57  +17.97   +0.85   +0.82   -9.96   +0.17   +7.54
       med   |   25.984 |   26.239 |   25.978 |   25.976 |   30.913 |   30.894 |   30.123 |   25.904 |   25.616 |   23.028 |   25.798 |   27.324
256    16    |   45.565 |   45.351 |   45.339 |   45.331 |   45.330 |   45.237 |   45.325 |   45.442 |   45.335 |   45.359 |   45.467 |   45.390 ||   -0.47   -0.50   -0.51   -0.52   -0.72   -0.53   -0.27   -0.51   -0.45   -0.22   -0.38
       med   |   46.310 |   46.194 |   45.686 |   46.136 |   45.793 |   45.486 |   45.598 |   45.918 |   45.985 |   46.561 |   45.828 |   46.062
512    32    |   84.441 |   84.325 |   84.424 |   84.496 |   84.515 |   84.443 |   84.063 |   83.632 |   84.391 |   84.426 |   84.401 |   84.423 ||   -0.14   -0.02   +0.06   +0.09   +0.00   -0.45   -0.96   -0.06   -0.02   -0.05   -0.02
       med   |   84.818 |   84.666 |   85.100 |   85.851 |   85.686 |   85.591 |   85.360 |   85.185 |   85.515 |   85.515 |   84.803 |   85.416
1024   64    |  161.922 |  161.874 |  162.001 |  162.019 |  161.930 |  161.793 |  162.107 |  161.866 |  161.888 |  161.935 |  161.905 |  161.959 ||   -0.03   +0.05   +0.06   +0.01   -0.08   +0.11   -0.03   -0.02   +0.01   -0.01   +0.02
       med   |  162.836 |  163.474 |  162.328 |  165.642 |  163.372 |  162.844 |  164.613 |  162.801 |  163.679 |  164.251 |  162.596 |  163.001
4096   256   |  628.053 |  628.659 |  628.958 |  628.307 |  628.914 |  628.885 |  628.942 |  627.875 |  628.686 |  628.434 |  628.734 |  628.651 ||   +0.10   +0.14   +0.04   +0.14   +0.13   +0.14   -0.03   +0.10   +0.06   +0.11   +0.10
       med   |  630.898 |  630.837 |  631.300 |  631.333 |  630.357 |  630.415 |  632.695 |  629.843 |  631.833 |  630.177 |  629.727 |  631.261
=== process order1.3
SELFCHECK OK (256 whole-block lengths 1..256 blk x 12 variants; out/Xi/ivec/ret byte-identical)
bytes  blks  |     base |   baseAA |     dsp0 |   dsp0AA |     m4s4 |   m4s4AA |    m4s4h |       s4 |      s4h |     t4p8 |       t4 |      cw4 ||  baseAA%    dsp0%  dsp0AA%    m4s4%  m4s4AA%   m4s4h%      s4%     s4h%    t4p8%      t4%     cw4%
16     1     |   25.316 |   25.376 |   25.481 |   25.381 |   12.556 |   12.546 |   12.575 |   12.545 |   12.574 |   12.308 |   12.368 |   12.563 ||   +0.23   +0.65   +0.25  -50.40  -50.44  -50.33  -50.45  -50.33  -51.38  -51.15  -50.38
       med   |   25.620 |   25.923 |   25.822 |   25.788 |   12.584 |   12.550 |   12.616 |   12.550 |   12.610 |   12.371 |   12.388 |   12.595
32     2     |   23.412 |   23.409 |   23.380 |   23.352 |   13.313 |   13.292 |   13.243 |   13.294 |   13.242 |   13.413 |   13.385 |   13.357 ||   -0.02   -0.14   -0.26  -43.14  -43.23  -43.44  -43.22  -43.44  -42.71  -42.83  -42.95
       med   |   23.594 |   24.362 |   23.577 |   23.795 |   13.322 |   13.299 |   13.306 |   13.299 |   13.279 |   13.425 |   13.443 |   13.423
48     3     |   24.263 |   24.239 |   24.208 |   24.207 |   16.198 |   16.184 |   15.195 |   16.174 |   15.193 |   13.737 |   13.738 |   14.104 ||   -0.10   -0.23   -0.23  -33.24  -33.30  -37.37  -33.34  -37.38  -43.39  -43.38  -41.87
       med   |   24.408 |   25.258 |   24.356 |   24.428 |   16.363 |   16.208 |   15.232 |   16.225 |   15.399 |   14.606 |   14.917 |   14.142
64     4     |   25.121 |   25.123 |   25.129 |   25.112 |   19.870 |   19.846 |   18.626 |   19.834 |   18.634 |   14.860 |   14.850 |   15.564 ||   +0.01   +0.03   -0.04  -20.90  -21.00  -25.86  -21.05  -25.82  -40.85  -40.89  -38.05
       med   |   25.434 |   26.047 |   25.241 |   25.456 |   19.991 |   19.866 |   18.648 |   20.126 |   19.050 |   14.910 |   14.916 |   15.579
80     5     |   25.984 |   25.997 |   25.991 |   25.995 |   26.012 |   26.000 |   25.999 |   25.990 |   25.992 |   26.015 |   26.003 |   19.601 ||   +0.05   +0.03   +0.04   +0.11   +0.06   +0.06   +0.02   +0.03   +0.12   +0.07  -24.56
       med   |   26.020 |   26.677 |   26.123 |   26.450 |   26.640 |   26.034 |   26.034 |   26.021 |   26.114 |   26.782 |   26.338 |   19.625
96     6     |   26.904 |   26.923 |   26.918 |   26.934 |   26.899 |   26.938 |   26.899 |   26.915 |   26.928 |   26.808 |   26.951 |   22.063 ||   +0.07   +0.05   +0.11   -0.02   +0.13   -0.02   +0.04   +0.09   -0.36   +0.18  -17.99
       med   |   26.963 |   27.441 |   27.063 |   27.308 |   27.104 |   26.980 |   27.138 |   26.954 |   26.961 |   27.364 |   27.246 |   22.090
112    7     |   27.442 |   27.447 |   27.518 |   27.482 |   27.519 |   27.401 |   27.505 |   27.501 |   27.510 |   27.503 |   27.511 |   24.809 ||   +0.02   +0.27   +0.15   +0.28   -0.15   +0.23   +0.22   +0.25   +0.22   +0.25   -9.60
       med   |   27.525 |   28.077 |   27.616 |   27.951 |   28.013 |   27.561 |   27.541 |   27.549 |   27.556 |   27.895 |   27.760 |   25.174
128    8     |   25.372 |   25.581 |   25.593 |   25.602 |   30.881 |   30.863 |   29.951 |   25.590 |   25.591 |   22.850 |   25.411 |   27.295 ||   +0.82   +0.87   +0.91  +21.71  +21.64  +18.04   +0.86   +0.86   -9.94   +0.15   +7.58
       med   |   25.971 |   26.237 |   25.778 |   25.963 |   30.913 |   30.892 |   30.124 |   25.614 |   25.618 |   22.922 |   25.776 |   27.324
256    16    |   45.093 |   45.363 |   45.362 |   45.307 |   45.336 |   45.250 |   45.320 |   45.548 |   45.365 |   45.353 |   45.372 |   45.395 ||   +0.60   +0.60   +0.48   +0.54   +0.35   +0.50   +1.01   +0.60   +0.58   +0.62   +0.67
       med   |   45.893 |   46.261 |   46.067 |   46.263 |   45.916 |   45.466 |   45.438 |   45.999 |   46.074 |   46.540 |   45.815 |   46.111
512    32    |   84.501 |   84.344 |   84.379 |   84.418 |   84.457 |   84.447 |   84.457 |   84.388 |   84.416 |   84.162 |   84.402 |   84.413 ||   -0.19   -0.14   -0.10   -0.05   -0.06   -0.05   -0.13   -0.10   -0.40   -0.12   -0.10
       med   |   85.035 |   85.430 |   84.750 |   85.886 |   85.545 |   85.491 |   85.326 |   84.838 |   85.578 |   85.582 |   84.696 |   85.874
1024   64    |  162.155 |  161.898 |  161.948 |  162.058 |  162.030 |  162.216 |  162.031 |  161.706 |  161.992 |  161.964 |  161.962 |  161.982 ||   -0.16   -0.13   -0.06   -0.08   +0.04   -0.08   -0.28   -0.10   -0.12   -0.12   -0.11
       med   |  163.752 |  163.603 |  162.720 |  165.657 |  163.335 |  165.900 |  164.471 |  162.569 |  163.876 |  163.517 |  163.109 |  162.974
4096   256   |  628.100 |  628.684 |  628.841 |  628.274 |  628.152 |  628.977 |  628.903 |  628.602 |  628.614 |  628.667 |  628.832 |  628.487 ||   +0.09   +0.12   +0.03   +0.01   +0.14   +0.13   +0.08   +0.08   +0.09   +0.12   +0.06
       med   |  631.328 |  631.613 |  631.124 |  630.833 |  630.221 |  633.975 |  633.337 |  629.690 |  631.330 |  630.840 |  630.851 |  630.119
=== process order1.4
SELFCHECK OK (256 whole-block lengths 1..256 blk x 12 variants; out/Xi/ivec/ret byte-identical)
bytes  blks  |     base |   baseAA |     dsp0 |   dsp0AA |     m4s4 |   m4s4AA |    m4s4h |       s4 |      s4h |     t4p8 |       t4 |      cw4 ||  baseAA%    dsp0%  dsp0AA%    m4s4%  m4s4AA%   m4s4h%      s4%     s4h%    t4p8%      t4%     cw4%
16     1     |   25.308 |   25.386 |   25.418 |   25.382 |   12.558 |   12.545 |   12.574 |   12.546 |   12.573 |   12.310 |   12.371 |   12.560 ||   +0.31   +0.43   +0.29  -50.38  -50.43  -50.32  -50.43  -50.32  -51.36  -51.12  -50.37
       med   |   25.525 |   25.790 |   25.705 |   25.756 |   12.585 |   12.550 |   12.615 |   12.551 |   12.610 |   12.371 |   12.388 |   12.595
32     2     |   23.403 |   23.401 |   23.385 |   23.358 |   13.315 |   13.294 |   13.242 |   13.292 |   13.242 |   13.412 |   13.386 |   13.302 ||   -0.01   -0.08   -0.19  -43.11  -43.20  -43.42  -43.21  -43.42  -42.69  -42.80  -43.16
       med   |   23.531 |   23.965 |   23.577 |   23.813 |   13.323 |   13.300 |   13.246 |   13.299 |   13.279 |   13.426 |   13.440 |   13.423
48     3     |   24.255 |   24.264 |   24.213 |   24.203 |   16.202 |   16.184 |   15.189 |   16.178 |   15.195 |   13.734 |   13.756 |   14.106 ||   +0.04   -0.17   -0.21  -33.20  -33.28  -37.38  -33.30  -37.35  -43.37  -43.29  -41.84
       med   |   24.466 |   25.257 |   24.355 |   24.442 |   16.366 |   16.212 |   15.227 |   16.223 |   15.397 |   14.514 |   14.857 |   14.157
64     4     |   25.123 |   25.152 |   25.134 |   25.127 |   19.873 |   19.842 |   18.620 |   19.828 |   18.626 |   14.856 |   14.850 |   15.562 ||   +0.12   +0.05   +0.01  -20.90  -21.02  -25.88  -21.08  -25.86  -40.87  -40.89  -38.06
       med   |   25.413 |   25.661 |   25.245 |   25.305 |   19.988 |   19.866 |   18.648 |   20.099 |   18.786 |   14.915 |   14.917 |   15.580
80     5     |   25.985 |   25.991 |   25.997 |   25.996 |   26.000 |   26.005 |   25.995 |   25.989 |   25.986 |   25.999 |   25.995 |   19.599 ||   +0.02   +0.05   +0.04   +0.06   +0.08   +0.04   +0.02   +0.01   +0.06   +0.04  -24.57
       med   |   26.016 |   26.026 |   26.230 |   26.421 |   26.117 |   26.037 |   26.118 |   26.024 |   26.257 |   26.794 |   26.321 |   19.639
96     6     |   26.898 |   26.884 |   26.924 |   26.892 |   26.894 |   26.928 |   26.957 |   26.920 |   26.926 |   26.806 |   26.933 |   22.061 ||   -0.05   +0.10   -0.02   -0.01   +0.11   +0.22   +0.08   +0.10   -0.34   +0.13  -17.98
       med   |   26.965 |   26.975 |   27.231 |   27.248 |   26.985 |   26.979 |   27.183 |   26.962 |   27.183 |   27.015 |   27.227 |   22.092
112    7     |   27.458 |   27.433 |   27.522 |   27.495 |   27.508 |   27.401 |   27.509 |   27.450 |   27.515 |   27.446 |   27.516 |   24.816 ||   -0.09   +0.23   +0.13   +0.18   -0.21   +0.18   -0.03   +0.21   -0.05   +0.21   -9.62
       med   |   27.572 |   27.471 |   27.748 |   27.791 |   27.543 |   27.561 |   27.586 |   27.562 |   27.610 |   28.186 |   27.808 |   25.176
128    8     |   25.379 |   25.576 |   25.594 |   25.602 |   30.882 |   30.864 |   29.948 |   25.589 |   25.588 |   22.903 |   25.416 |   27.294 ||   +0.77   +0.84   +0.88  +21.68  +21.61  +18.00   +0.83   +0.82   -9.76   +0.14   +7.54
       med   |   25.777 |   25.617 |   26.024 |   26.097 |   30.920 |   30.893 |   30.263 |   25.928 |   25.620 |   22.927 |   25.870 |   27.328
256    16    |   45.541 |   45.377 |   45.388 |   45.336 |   45.329 |   45.252 |   45.318 |   45.460 |   45.330 |   45.346 |   45.387 |   45.407 ||   -0.36   -0.34   -0.45   -0.46   -0.63   -0.49   -0.18   -0.46   -0.43   -0.34   -0.29
       med   |   45.875 |   45.976 |   45.837 |   46.320 |   45.755 |   45.476 |   45.915 |   46.148 |   45.914 |   45.970 |   46.038 |   45.850
512    32    |   84.457 |   84.363 |   84.415 |   84.486 |   84.444 |   84.498 |   84.315 |   84.322 |   84.403 |   84.372 |   84.437 |   84.438 ||   -0.11   -0.05   +0.03   -0.02   +0.05   -0.17   -0.16   -0.06   -0.10   -0.02   -0.02
       med   |   84.804 |   84.778 |   84.932 |   85.464 |   85.428 |   84.663 |   85.798 |   84.771 |   85.045 |   85.430 |   85.019 |   85.939
1024   64    |  161.914 |  161.906 |  162.019 |  162.046 |  161.492 |  162.159 |  162.112 |  161.817 |  161.869 |  161.871 |  161.997 |  162.021 ||   -0.00   +0.06   +0.08   -0.26   +0.15   +0.12   -0.06   -0.03   -0.03   +0.05   +0.07
       med   |  163.300 |  163.013 |  163.036 |  165.850 |  163.387 |  164.984 |  163.123 |  162.845 |  163.000 |  162.335 |  163.085 |  162.996
4096   256   |  628.981 |  628.628 |  628.905 |  628.554 |  628.759 |  628.707 |  628.942 |  628.640 |  628.539 |  628.728 |  628.654 |  628.673 ||   -0.06   -0.01   -0.07   -0.04   -0.04   -0.01   -0.05   -0.07   -0.04   -0.05   -0.05
       med   |  631.178 |  631.749 |  630.989 |  630.534 |  630.596 |  630.239 |  631.941 |  629.915 |  630.840 |  630.145 |  630.116 |  631.060
=== process order1.5
SELFCHECK OK (256 whole-block lengths 1..256 blk x 12 variants; out/Xi/ivec/ret byte-identical)
bytes  blks  |     base |   baseAA |     dsp0 |   dsp0AA |     m4s4 |   m4s4AA |    m4s4h |       s4 |      s4h |     t4p8 |       t4 |      cw4 ||  baseAA%    dsp0%  dsp0AA%    m4s4%  m4s4AA%   m4s4h%      s4%     s4h%    t4p8%      t4%     cw4%
16     1     |   24.244 |   24.316 |   23.624 |   23.467 |   12.556 |   12.545 |   12.574 |   12.546 |   12.585 |   12.307 |   12.354 |   12.564 ||   +0.30   -2.56   -3.20  -48.21  -48.26  -48.13  -48.25  -48.09  -49.24  -49.04  -48.18
       med   |   25.631 |   25.921 |   25.820 |   25.834 |   12.584 |   12.550 |   12.615 |   12.551 |   12.610 |   12.372 |   12.388 |   12.595
32     2     |   23.394 |   23.358 |   23.382 |   23.364 |   13.313 |   13.293 |   13.241 |   13.294 |   13.241 |   13.413 |   13.391 |   13.364 ||   -0.15   -0.05   -0.13  -43.09  -43.18  -43.40  -43.18  -43.40  -42.66  -42.76  -42.87
       med   |   23.537 |   23.961 |   23.576 |   23.748 |   13.322 |   13.299 |   13.246 |   13.299 |   13.280 |   13.428 |   13.445 |   13.423
48     3     |   24.265 |   24.251 |   24.209 |   24.207 |   16.202 |   16.185 |   15.189 |   16.174 |   15.199 |   13.733 |   13.757 |   14.106 ||   -0.06   -0.23   -0.24  -33.23  -33.30  -37.40  -33.34  -37.36  -43.40  -43.31  -41.87
       med   |   24.556 |   25.254 |   24.362 |   24.417 |   16.370 |   16.207 |   15.229 |   16.225 |   15.397 |   14.580 |   14.908 |   14.154
64     4     |   25.125 |   25.117 |   25.136 |   25.120 |   19.880 |   19.851 |   18.628 |   19.841 |   18.635 |   14.860 |   14.844 |   15.557 ||   -0.03   +0.04   -0.02  -20.87  -20.99  -25.86  -21.03  -25.83  -40.86  -40.92  -38.08
       med   |   25.388 |   26.040 |   25.415 |   25.507 |   19.999 |   19.879 |   18.647 |   20.106 |   18.866 |   14.916 |   14.865 |   15.580
80     5     |   25.981 |   25.992 |   26.010 |   25.994 |   26.010 |   26.005 |   26.008 |   25.986 |   25.991 |   26.000 |   26.001 |   19.546 ||   +0.04   +0.11   +0.05   +0.12   +0.09   +0.11   +0.02   +0.04   +0.07   +0.08  -24.77
       med   |   26.050 |   26.632 |   26.321 |   26.353 |   26.359 |   26.036 |   26.083 |   26.022 |   26.241 |   26.518 |   26.315 |   19.626
96     6     |   26.895 |   26.930 |   26.928 |   26.896 |   26.979 |   26.947 |   26.912 |   26.914 |   26.927 |   26.948 |   26.927 |   22.062 ||   +0.13   +0.12   +0.01   +0.31   +0.20   +0.06   +0.07   +0.12   +0.20   +0.12  -17.97
       med   |   26.969 |   27.440 |   27.208 |   27.222 |   27.492 |   26.980 |   26.989 |   26.957 |   26.969 |   27.632 |   27.222 |   22.091
112    7     |   27.453 |   27.440 |   27.520 |   27.489 |   27.526 |   27.407 |   27.509 |   27.456 |   27.515 |   27.454 |   27.520 |   24.857 ||   -0.05   +0.25   +0.13   +0.27   -0.16   +0.20   +0.01   +0.23   +0.00   +0.25   -9.46
       med   |   27.532 |   27.843 |   27.761 |   27.607 |   28.137 |   27.565 |   27.552 |   27.549 |   27.560 |   28.193 |   27.806 |   25.180
128    8     |   25.373 |   25.588 |   25.590 |   25.593 |   30.878 |   30.861 |   29.961 |   25.586 |   25.589 |   22.907 |   25.415 |   27.290 ||   +0.85   +0.85   +0.87  +21.69  +21.63  +18.08   +0.84   +0.85   -9.72   +0.16   +7.55
       med   |   25.943 |   26.224 |   25.992 |   26.070 |   30.916 |   30.894 |   30.238 |   25.617 |   25.619 |   22.937 |   25.876 |   27.326
256    16    |   45.554 |   45.340 |   45.373 |   45.372 |   45.341 |   45.259 |   45.315 |   45.467 |   45.376 |   45.348 |   45.377 |   45.399 ||   -0.47   -0.40   -0.40   -0.47   -0.65   -0.52   -0.19   -0.39   -0.45   -0.39   -0.34
       med   |   46.392 |   46.210 |   45.922 |   46.017 |   45.985 |   45.497 |   45.863 |   46.060 |   46.177 |   46.126 |   45.711 |   46.044
512    32    |   84.567 |   83.590 |   84.478 |   84.475 |   84.454 |   84.435 |   84.571 |   84.285 |   84.419 |   84.302 |   84.485 |   84.428 ||   -1.16   -0.11   -0.11   -0.13   -0.16   +0.00   -0.33   -0.18   -0.31   -0.10   -0.16
       med   |   84.960 |   85.330 |   85.079 |   85.980 |   85.827 |   85.313 |   85.396 |   85.031 |   85.513 |   85.439 |   84.981 |   85.695
1024   64    |  162.175 |  161.297 |  161.984 |  162.009 |  161.863 |  162.135 |  162.038 |  161.835 |  161.694 |  161.927 |  161.993 |  162.008 ||   -0.54   -0.12   -0.10   -0.19   -0.02   -0.08   -0.21   -0.30   -0.15   -0.11   -0.10
       med   |  163.257 |  163.399 |  162.970 |  165.508 |  163.525 |  163.747 |  164.320 |  163.048 |  163.678 |  163.256 |  163.114 |  163.002
4096   256   |  628.947 |  628.573 |  628.946 |  628.719 |  628.659 |  628.750 |  628.896 |  626.721 |  628.423 |  628.481 |  628.737 |  628.625 ||   -0.06   -0.00   -0.04   -0.05   -0.03   -0.01   -0.35   -0.08   -0.07   -0.03   -0.05
       med   |  630.809 |  631.024 |  630.901 |  631.184 |  630.367 |  631.664 |  631.820 |  629.949 |  630.739 |  630.516 |  630.018 |  630.202
=== process order2.1
SELFCHECK OK (256 whole-block lengths 1..256 blk x 12 variants; out/Xi/ivec/ret byte-identical)
bytes  blks  |     base |      cw4 |       t4 |     t4p8 |      s4h |       s4 |    m4s4h |   m4s4AA |     m4s4 |   dsp0AA |     dsp0 |   baseAA ||     cw4%      t4%    t4p8%     s4h%      s4%   m4s4h%  m4s4AA%    m4s4%  dsp0AA%    dsp0%  baseAA%
16     1     |   23.418 |   12.501 |   12.326 |   12.334 |   12.533 |   12.546 |   12.574 |   12.555 |   12.546 |   23.678 |   23.545 |   23.329 ||  -46.62  -47.36  -47.33  -46.48  -46.43  -46.31  -46.38  -46.43   +1.11   +0.55   -0.38
       med   |   25.558 |   12.570 |   12.395 |   12.368 |   12.591 |   12.550 |   12.616 |   12.560 |   12.550 |   25.714 |   25.687 |   25.595
32     2     |   23.406 |   13.357 |   13.362 |   13.413 |   13.243 |   13.294 |   13.242 |   13.311 |   13.293 |   23.377 |   23.372 |   23.407 ||  -42.93  -42.91  -42.69  -43.42  -43.20  -43.42  -43.13  -43.21   -0.12   -0.14   +0.00
       med   |   23.436 |   13.423 |   13.430 |   13.428 |   13.306 |   13.300 |   13.306 |   13.318 |   13.300 |   23.521 |   23.600 |   23.508
48     3     |   24.248 |   14.113 |   13.696 |   13.730 |   15.187 |   16.176 |   15.194 |   16.203 |   16.187 |   24.208 |   24.205 |   24.245 ||  -41.80  -43.52  -43.38  -37.37  -33.29  -37.34  -33.18  -33.24   -0.16   -0.17   -0.01
       med   |   24.344 |   14.125 |   13.739 |   13.774 |   15.226 |   16.230 |   15.402 |   16.259 |   16.287 |   24.350 |   24.535 |   24.367
64     4     |   25.122 |   15.567 |   14.863 |   14.857 |   18.627 |   19.833 |   18.627 |   19.875 |   19.786 |   25.131 |   25.116 |   25.128 ||  -38.03  -40.84  -40.86  -25.85  -21.05  -25.85  -20.89  -21.24   +0.04   -0.02   +0.02
       med   |   25.193 |   15.805 |   14.876 |   14.868 |   18.693 |   19.888 |   18.649 |   20.111 |   19.863 |   25.256 |   25.383 |   25.206
80     5     |   25.990 |   19.605 |   25.985 |   26.003 |   25.988 |   25.997 |   25.997 |   25.999 |   26.010 |   25.998 |   25.993 |   25.993 ||  -24.57   -0.02   +0.05   -0.01   +0.03   +0.03   +0.04   +0.08   +0.03   +0.01   +0.01
       med   |   26.216 |   19.631 |   26.561 |   26.539 |   26.474 |   26.659 |   26.276 |   26.078 |   26.036 |   26.339 |   26.125 |   26.304
96     6     |   26.940 |   22.071 |   26.927 |   26.795 |   26.742 |   26.934 |   26.965 |   26.923 |   26.935 |   26.938 |   26.896 |   26.913 ||  -18.07   -0.05   -0.54   -0.73   -0.02   +0.09   -0.07   -0.02   -0.01   -0.16   -0.10
       med   |   27.148 |   22.430 |   27.452 |   27.389 |   27.240 |   27.405 |   27.058 |   27.028 |   26.978 |   27.239 |   27.043 |   26.970
112    7     |   27.456 |   24.813 |   27.491 |   27.489 |   27.420 |   27.531 |   27.443 |   27.505 |   27.511 |   27.525 |   27.419 |   27.457 ||   -9.62   +0.13   +0.12   -0.13   +0.28   -0.05   +0.18   +0.20   +0.25   -0.13   +0.00
       med   |   27.778 |   24.840 |   28.012 |   28.007 |   27.926 |   28.152 |   27.774 |   27.558 |   27.561 |   27.791 |   27.600 |   27.493
128    8     |   25.368 |   27.287 |   25.564 |   22.897 |   25.589 |   25.596 |   29.953 |   30.880 |   30.863 |   25.594 |   25.378 |   25.518 ||   +7.57   +0.77   -9.74   +0.87   +0.90  +18.08  +21.73  +21.66   +0.89   +0.04   +0.59
       med   |   25.745 |   27.332 |   25.989 |   22.923 |   25.893 |   25.895 |   30.147 |   30.911 |   30.893 |   25.870 |   25.629 |   25.690
256    16    |   45.546 |   45.364 |   45.360 |   45.358 |   45.532 |   45.473 |   45.341 |   45.344 |   45.264 |   45.400 |   45.394 |   45.400 ||   -0.40   -0.41   -0.41   -0.03   -0.16   -0.45   -0.44   -0.62   -0.32   -0.33   -0.32
       med   |   46.381 |   46.068 |   46.165 |   46.123 |   46.700 |   46.315 |   45.742 |   46.238 |   45.661 |   46.500 |   46.474 |   45.928
512    32    |   84.455 |   84.031 |   84.511 |   84.510 |   84.472 |   84.417 |   84.428 |   84.442 |   84.343 |   84.383 |   84.466 |   84.355 ||   -0.50   +0.07   +0.07   +0.02   -0.04   -0.03   -0.02   -0.13   -0.09   +0.01   -0.12
       med   |   85.222 |   85.544 |   85.659 |   85.756 |   86.317 |   85.259 |   84.557 |   85.907 |   85.393 |   84.968 |   85.773 |   85.431
1024   64    |  162.194 |  162.002 |  162.111 |  161.929 |  162.006 |  162.014 |  162.010 |  161.858 |  161.958 |  161.879 |  161.839 |  161.820 ||   -0.12   -0.05   -0.16   -0.12   -0.11   -0.11   -0.21   -0.15   -0.19   -0.22   -0.23
       med   |  163.595 |  164.764 |  163.434 |  163.466 |  165.831 |  163.379 |  163.123 |  163.440 |  163.184 |  163.610 |  163.124 |  163.172
4096   256   |  628.886 |  628.732 |  627.952 |  628.772 |  628.258 |  628.920 |  628.827 |  628.769 |  628.446 |  628.116 |  628.160 |  628.338 ||   -0.02   -0.15   -0.02   -0.10   +0.01   -0.01   -0.02   -0.07   -0.12   -0.12   -0.09
       med   |  630.899 |  631.386 |  630.582 |  630.300 |  630.988 |  631.192 |  631.222 |  632.622 |  629.738 |  630.262 |  630.393 |  629.995
=== process order2.2
SELFCHECK OK (256 whole-block lengths 1..256 blk x 12 variants; out/Xi/ivec/ret byte-identical)
bytes  blks  |     base |      cw4 |       t4 |     t4p8 |      s4h |       s4 |    m4s4h |   m4s4AA |     m4s4 |   dsp0AA |     dsp0 |   baseAA ||     cw4%      t4%    t4p8%     s4h%      s4%   m4s4h%  m4s4AA%    m4s4%  dsp0AA%    dsp0%  baseAA%
16     1     |   25.298 |   12.531 |   12.323 |   12.310 |   12.570 |   12.546 |   12.573 |   12.555 |   12.546 |   25.432 |   25.407 |   25.334 ||  -50.47  -51.29  -51.34  -50.31  -50.41  -50.30  -50.37  -50.41   +0.53   +0.43   +0.15
       med   |   25.440 |   12.570 |   12.395 |   12.343 |   12.592 |   12.551 |   12.616 |   12.560 |   12.550 |   25.678 |   25.714 |   25.659
32     2     |   23.404 |   13.357 |   13.365 |   13.413 |   13.244 |   13.293 |   13.242 |   13.311 |   13.292 |   23.371 |   23.366 |   23.404 ||  -42.93  -42.90  -42.69  -43.41  -43.20  -43.42  -43.13  -43.21   -0.14   -0.16   -0.00
       med   |   23.433 |   13.423 |   13.431 |   13.440 |   13.306 |   13.299 |   13.306 |   13.317 |   13.299 |   23.531 |   23.605 |   23.740
48     3     |   24.259 |   14.078 |   13.697 |   13.728 |   15.190 |   16.171 |   15.189 |   16.199 |   16.184 |   24.211 |   24.207 |   24.262 ||  -41.97  -43.54  -43.41  -37.39  -33.34  -37.39  -33.23  -33.29   -0.20   -0.22   +0.01
       med   |   24.353 |   14.124 |   13.736 |   13.762 |   15.381 |   16.227 |   15.478 |   16.257 |   16.243 |   24.363 |   24.555 |   24.597
64     4     |   25.117 |   15.565 |   14.861 |   14.855 |   18.623 |   19.831 |   18.629 |   19.874 |   19.788 |   25.121 |   25.143 |   25.143 ||  -38.03  -40.83  -40.85  -25.86  -21.05  -25.83  -20.87  -21.22   +0.02   +0.10   +0.10
       med   |   25.180 |   15.800 |   14.875 |   14.868 |   18.877 |   19.872 |   18.649 |   19.920 |   19.864 |   25.257 |   25.677 |   25.452
80     5     |   25.987 |   19.596 |   25.996 |   26.004 |   25.996 |   25.999 |   26.002 |   26.004 |   26.007 |   25.999 |   25.991 |   25.987 ||  -24.59   +0.04   +0.07   +0.04   +0.05   +0.06   +0.07   +0.08   +0.05   +0.02   +0.00
       med   |   26.336 |   19.630 |   26.266 |   26.664 |   26.477 |   26.650 |   26.119 |   26.053 |   26.036 |   26.337 |   26.106 |   26.108
96     6     |   26.883 |   22.066 |   26.886 |   26.800 |   26.768 |   26.930 |   26.932 |   26.907 |   26.936 |   26.934 |   26.907 |   26.914 ||  -17.92   +0.01   -0.31   -0.43   +0.18   +0.18   +0.09   +0.20   +0.19   +0.09   +0.12
       med   |   27.020 |   22.424 |   27.232 |   27.476 |   27.367 |   27.397 |   27.183 |   27.068 |   26.980 |   27.234 |   27.247 |   26.976
112    7     |   27.453 |   24.799 |   27.488 |   27.514 |   27.529 |   27.526 |   27.450 |   27.506 |   27.519 |   27.517 |   27.391 |   27.453 ||   -9.67   +0.13   +0.22   +0.28   +0.27   -0.01   +0.19   +0.24   +0.23   -0.22   +0.00
       med   |   27.766 |   24.844 |   28.015 |   28.137 |   27.961 |   28.147 |   27.776 |   27.563 |   27.560 |   27.787 |   27.570 |   27.801
128    8     |   25.366 |   27.287 |   25.482 |   22.902 |   25.580 |   25.595 |   29.957 |   30.881 |   30.861 |   25.584 |   25.376 |   25.512 ||   +7.57   +0.46   -9.71   +0.84   +0.90  +18.10  +21.74  +21.66   +0.86   +0.04   +0.57
       med   |   25.757 |   27.345 |   26.005 |   22.924 |   26.128 |   25.915 |   30.145 |   30.991 |   30.894 |   25.935 |   25.760 |   25.996
256    16    |   45.681 |   45.363 |   45.330 |   45.350 |   45.567 |   45.464 |   45.323 |   45.327 |   45.296 |   45.369 |   45.348 |   45.410 ||   -0.70   -0.77   -0.73   -0.25   -0.48   -0.78   -0.78   -0.84   -0.68   -0.73   -0.59
       med   |   46.884 |   46.280 |   46.275 |   46.202 |   46.742 |   46.233 |   45.771 |   46.167 |   45.652 |   46.377 |   46.559 |   45.941
512    32    |   84.452 |   84.423 |   84.509 |   84.537 |   84.426 |   84.529 |   84.200 |   84.450 |   84.092 |   84.365 |   84.479 |   84.405 ||   -0.03   +0.07   +0.10   -0.03   +0.09   -0.30   -0.00   -0.43   -0.10   +0.03   -0.06
       med   |   85.274 |   85.692 |   84.746 |   85.838 |   85.636 |   86.069 |   84.718 |   85.793 |   85.299 |   85.353 |   85.862 |   85.545
1024   64    |  161.938 |  162.023 |  162.125 |  161.465 |  162.036 |  162.069 |  161.690 |  161.994 |  161.587 |  161.710 |  162.001 |  161.809 ||   +0.05   +0.12   -0.29   +0.06   +0.08   -0.15   +0.03   -0.22   -0.14   +0.04   -0.08
       med   |  163.316 |  163.806 |  165.432 |  163.596 |  165.228 |  164.607 |  162.875 |  164.030 |  163.176 |  163.093 |  164.882 |  163.502
4096   256   |  628.968 |  628.805 |  628.047 |  628.639 |  628.645 |  628.946 |  628.508 |  628.760 |  628.636 |  628.139 |  628.629 |  628.497 ||   -0.03   -0.15   -0.05   -0.05   -0.00   -0.07   -0.03   -0.05   -0.13   -0.05   -0.07
       med   |  631.448 |  632.047 |  630.500 |  630.370 |  631.515 |  631.241 |  631.418 |  633.456 |  630.438 |  631.691 |  630.636 |  630.612
=== process order2.3
SELFCHECK OK (256 whole-block lengths 1..256 blk x 12 variants; out/Xi/ivec/ret byte-identical)
bytes  blks  |     base |      cw4 |       t4 |     t4p8 |      s4h |       s4 |    m4s4h |   m4s4AA |     m4s4 |   dsp0AA |     dsp0 |   baseAA ||     cw4%      t4%    t4p8%     s4h%      s4%   m4s4h%  m4s4AA%    m4s4%  dsp0AA%    dsp0%  baseAA%
16     1     |   25.301 |   12.527 |   12.324 |   12.311 |   12.570 |   12.546 |   12.573 |   12.554 |   12.546 |   25.454 |   25.389 |   25.291 ||  -50.49  -51.29  -51.34  -50.32  -50.41  -50.31  -50.38  -50.41   +0.61   +0.35   -0.04
       med   |   25.516 |   12.569 |   12.394 |   12.343 |   12.612 |   12.551 |   12.615 |   12.560 |   12.550 |   25.658 |   25.713 |   25.505
32     2     |   23.407 |   13.358 |   13.362 |   13.414 |   13.241 |   13.293 |   13.240 |   13.312 |   13.290 |   23.375 |   23.371 |   23.408 ||  -42.93  -42.92  -42.69  -43.43  -43.21  -43.43  -43.13  -43.22   -0.14   -0.16   +0.00
       med   |   23.432 |   13.423 |   13.430 |   13.427 |   13.305 |   13.299 |   13.306 |   13.318 |   13.299 |   23.516 |   23.596 |   23.613
48     3     |   24.236 |   14.081 |   13.694 |   13.729 |   15.190 |   16.170 |   15.190 |   16.206 |   16.184 |   24.208 |   24.209 |   24.247 ||  -41.90  -43.50  -43.35  -37.33  -33.28  -37.33  -33.13  -33.22   -0.12   -0.11   +0.04
       med   |   24.375 |   14.124 |   13.721 |   13.769 |   15.356 |   16.221 |   15.415 |   16.274 |   16.248 |   24.369 |   24.449 |   24.374
64     4     |   25.131 |   15.563 |   14.863 |   14.857 |   18.624 |   19.834 |   18.626 |   19.877 |   19.777 |   25.126 |   25.142 |   25.114 ||  -38.07  -40.86  -40.88  -25.89  -21.08  -25.89  -20.91  -21.30   -0.02   +0.04   -0.07
       med   |   25.179 |   15.800 |   14.875 |   14.868 |   18.849 |   19.878 |   18.655 |   20.111 |   19.862 |   25.252 |   25.379 |   25.210
80     5     |   25.983 |   19.608 |   25.991 |   26.006 |   25.998 |   25.996 |   26.004 |   26.003 |   26.006 |   25.994 |   25.993 |   25.978 ||  -24.54   +0.03   +0.09   +0.06   +0.05   +0.08   +0.08   +0.09   +0.04   +0.04   -0.02
       med   |   26.022 |   19.652 |   26.275 |   26.444 |   26.342 |   26.260 |   26.111 |   26.041 |   26.041 |   26.327 |   26.079 |   26.468
96     6     |   26.921 |   22.071 |   26.926 |   26.798 |   26.762 |   26.923 |   26.928 |   26.956 |   26.929 |   26.927 |   26.916 |   26.889 ||  -18.02   +0.02   -0.46   -0.59   +0.01   +0.02   +0.13   +0.03   +0.02   -0.02   -0.12
       med   |   26.969 |   22.417 |   27.442 |   27.485 |   27.362 |   27.196 |   27.181 |   26.994 |   27.052 |   27.234 |   27.028 |   27.550
112    7     |   27.453 |   24.804 |   27.499 |   27.495 |   27.519 |   27.498 |   27.448 |   27.502 |   27.497 |   27.526 |   27.426 |   27.460 ||   -9.65   +0.17   +0.15   +0.24   +0.16   -0.02   +0.18   +0.16   +0.26   -0.10   +0.02
       med   |   27.603 |   24.840 |   28.020 |   28.048 |   27.963 |   28.137 |   27.774 |   27.546 |   27.561 |   27.783 |   27.602 |   28.043
128    8     |   25.380 |   27.290 |   25.572 |   22.899 |   25.584 |   25.590 |   29.951 |   30.882 |   30.861 |   25.577 |   25.376 |   25.524 ||   +7.53   +0.76   -9.78   +0.80   +0.83  +18.01  +21.68  +21.60   +0.78   -0.02   +0.57
       med   |   25.728 |   27.326 |   25.824 |   22.924 |   25.773 |   25.614 |   30.299 |   30.912 |   30.895 |   25.855 |   25.681 |   25.868
256    16    |   45.507 |   45.394 |   45.347 |   45.366 |   45.407 |   45.415 |   45.319 |   45.339 |   45.363 |   45.366 |   45.389 |   45.410 ||   -0.25   -0.35   -0.31   -0.22   -0.20   -0.41   -0.37   -0.32   -0.31   -0.26   -0.21
       med   |   46.219 |   46.142 |   46.475 |   46.281 |   46.743 |   46.211 |   45.498 |   46.759 |   45.704 |   46.503 |   46.489 |   46.161
512    32    |   84.518 |   84.410 |   84.419 |   84.450 |   84.489 |   84.419 |   84.419 |   84.456 |   84.338 |   84.386 |   84.416 |   84.375 ||   -0.13   -0.12   -0.08   -0.03   -0.12   -0.12   -0.07   -0.21   -0.16   -0.12   -0.17
       med   |   85.879 |   85.538 |   84.780 |   85.691 |   86.685 |   85.170 |   84.491 |   85.364 |   85.388 |   85.921 |   86.122 |   85.490
1024   64    |  161.964 |  162.041 |  162.107 |  161.970 |  162.154 |  162.006 |  161.649 |  161.863 |  161.943 |  161.933 |  162.060 |  161.464 ||   +0.05   +0.09   +0.00   +0.12   +0.03   -0.19   -0.06   -0.01   -0.02   +0.06   -0.31
       med   |  163.204 |  164.085 |  163.053 |  163.613 |  166.111 |  163.415 |  162.850 |  164.748 |  163.355 |  165.075 |  165.754 |  163.135
4096   256   |  628.920 |  628.813 |  627.485 |  628.615 |  628.659 |  628.937 |  628.720 |  628.817 |  628.385 |  628.606 |  628.673 |  628.304 ||   -0.02   -0.23   -0.05   -0.04   +0.00   -0.03   -0.02   -0.09   -0.05   -0.04   -0.10
       med   |  631.269 |  631.494 |  632.189 |  630.418 |  631.423 |  631.233 |  630.215 |  632.137 |  629.813 |  631.840 |  630.610 |  630.299
=== process order2.4
SELFCHECK OK (256 whole-block lengths 1..256 blk x 12 variants; out/Xi/ivec/ret byte-identical)
bytes  blks  |     base |      cw4 |       t4 |     t4p8 |      s4h |       s4 |    m4s4h |   m4s4AA |     m4s4 |   dsp0AA |     dsp0 |   baseAA ||     cw4%      t4%    t4p8%     s4h%      s4%   m4s4h%  m4s4AA%    m4s4%  dsp0AA%    dsp0%  baseAA%
16     1     |   25.327 |   12.526 |   12.325 |   12.234 |   12.573 |   12.546 |   12.574 |   12.555 |   12.546 |   25.441 |   25.428 |   25.343 ||  -50.54  -51.34  -51.70  -50.36  -50.46  -50.35  -50.43  -50.46   +0.45   +0.40   +0.06
       med   |   25.599 |   12.569 |   12.395 |   12.343 |   12.611 |   12.551 |   12.616 |   12.560 |   12.550 |   25.703 |   25.800 |   25.583
32     2     |   23.407 |   13.357 |   13.364 |   13.391 |   13.243 |   13.294 |   13.242 |   13.312 |   13.294 |   23.368 |   23.362 |   23.404 ||  -42.94  -42.91  -42.79  -43.42  -43.21  -43.43  -43.13  -43.21   -0.16   -0.19   -0.01
       med   |   23.435 |   13.423 |   13.431 |   13.440 |   13.306 |   13.300 |   13.305 |   13.318 |   13.300 |   23.515 |   23.555 |   23.505
48     3     |   24.260 |   14.114 |   13.697 |   13.729 |   15.188 |   16.175 |   15.190 |   16.200 |   16.189 |   24.200 |   24.212 |   24.244 ||  -41.82  -43.54  -43.41  -37.39  -33.32  -37.39  -33.22  -33.27   -0.24   -0.20   -0.06
       med   |   24.384 |   14.125 |   13.726 |   13.775 |   15.358 |   16.224 |   15.425 |   16.261 |   16.245 |   24.361 |   24.606 |   24.364
64     4     |   25.126 |   15.565 |   14.863 |   14.857 |   18.625 |   19.831 |   18.627 |   19.873 |   19.777 |   25.116 |   25.187 |   25.145 ||  -38.05  -40.85  -40.87  -25.87  -21.07  -25.86  -20.91  -21.29   -0.04   +0.24   +0.08
       med   |   25.179 |   15.805 |   14.875 |   14.868 |   18.886 |   19.873 |   18.656 |   20.121 |   19.862 |   25.256 |   25.672 |   25.201
80     5     |   25.984 |   19.606 |   25.990 |   26.002 |   26.003 |   25.995 |   26.001 |   26.005 |   26.008 |   25.993 |   25.995 |   25.984 ||  -24.55   +0.02   +0.07   +0.07   +0.04   +0.06   +0.08   +0.09   +0.03   +0.04   -0.00
       med   |   26.275 |   19.633 |   26.561 |   26.533 |   26.481 |   26.663 |   26.279 |   26.052 |   26.039 |   26.337 |   26.166 |   26.308
96     6     |   26.940 |   22.068 |   26.948 |   26.895 |   26.765 |   26.930 |   26.922 |   26.901 |   26.930 |   26.930 |   26.921 |   26.917 ||  -18.09   +0.03   -0.17   -0.65   -0.04   -0.07   -0.14   -0.04   -0.04   -0.07   -0.09
       med   |   27.216 |   22.398 |   27.447 |   27.396 |   27.359 |   27.401 |   27.186 |   27.127 |   26.980 |   27.236 |   26.982 |   26.971
112    7     |   27.462 |   24.811 |   27.494 |   27.493 |   27.528 |   27.502 |   27.512 |   27.510 |   27.519 |   27.520 |   27.483 |   27.449 ||   -9.65   +0.12   +0.11   +0.24   +0.15   +0.18   +0.18   +0.21   +0.21   +0.08   -0.04
       med   |   27.679 |   24.838 |   28.016 |   27.997 |   27.943 |   28.153 |   27.778 |   27.623 |   27.560 |   27.790 |   27.607 |   27.491
128    8     |   25.376 |   27.294 |   25.572 |   22.879 |   25.588 |   25.589 |   29.935 |   30.875 |   30.860 |   25.593 |   25.383 |   25.516 ||   +7.56   +0.77   -9.84   +0.83   +0.84  +17.96  +21.67  +21.61   +0.85   +0.03   +0.55
       med   |   25.740 |   27.332 |   25.979 |   22.922 |   25.960 |   25.943 |   30.346 |   30.911 |   30.892 |   25.877 |   25.704 |   25.707
256    16    |   45.673 |   45.385 |   45.385 |   45.362 |   45.574 |   45.452 |   45.338 |   45.318 |   45.291 |   45.399 |   45.426 |   45.383 ||   -0.63   -0.63   -0.68   -0.22   -0.48   -0.73   -0.78   -0.84   -0.60   -0.54   -0.63
       med   |   46.655 |   46.304 |   46.556 |   46.204 |   46.626 |   46.195 |   45.707 |   46.201 |   45.708 |   46.539 |   46.520 |   45.998
512    32    |   84.398 |   84.450 |   84.507 |   84.495 |   84.361 |   84.478 |   84.445 |   84.462 |   84.346 |   84.209 |   84.458 |   84.370 ||   +0.06   +0.13   +0.12   -0.04   +0.09   +0.06   +0.08   -0.06   -0.22   +0.07   -0.03
       med   |   85.466 |   85.435 |   85.717 |   85.549 |   85.665 |   85.272 |   84.705 |   85.799 |   85.112 |   85.000 |   85.126 |   85.317
1024   64    |  162.002 |  162.017 |  162.065 |  162.077 |  162.110 |  162.072 |  162.035 |  162.130 |  161.989 |  161.882 |  162.067 |  161.514 ||   +0.01   +0.04   +0.05   +0.07   +0.04   +0.02   +0.08   -0.01   -0.07   +0.04   -0.30
       med   |  163.192 |  164.282 |  163.589 |  163.094 |  166.533 |  163.113 |  162.271 |  166.104 |  163.230 |  165.190 |  165.958 |  163.084
4096   256   |  628.894 |  628.704 |  628.798 |  628.372 |  628.595 |  628.999 |  628.597 |  628.295 |  628.490 |  628.449 |  628.744 |  628.324 ||   -0.03   -0.02   -0.08   -0.05   +0.02   -0.05   -0.10   -0.06   -0.07   -0.02   -0.09
       med   |  630.926 |  630.696 |  633.640 |  630.058 |  633.706 |  631.115 |  631.872 |  632.756 |  631.032 |  630.472 |  630.754 |  630.028
=== process order2.5
SELFCHECK OK (256 whole-block lengths 1..256 blk x 12 variants; out/Xi/ivec/ret byte-identical)
bytes  blks  |     base |      cw4 |       t4 |     t4p8 |      s4h |       s4 |    m4s4h |   m4s4AA |     m4s4 |   dsp0AA |     dsp0 |   baseAA ||     cw4%      t4%    t4p8%     s4h%      s4%   m4s4h%  m4s4AA%    m4s4%  dsp0AA%    dsp0%  baseAA%
16     1     |   23.526 |   12.537 |   12.325 |   12.336 |   12.573 |   12.546 |   12.574 |   12.556 |   12.546 |   23.911 |   23.883 |   23.324 ||  -46.71  -47.61  -47.57  -46.56  -46.67  -46.55  -46.63  -46.67   +1.64   +1.52   -0.86
       med   |   25.525 |   12.570 |   12.394 |   12.344 |   12.612 |   12.551 |   12.615 |   12.560 |   12.550 |   25.692 |   25.801 |   25.528
32     2     |   23.412 |   13.357 |   13.364 |   13.412 |   13.244 |   13.294 |   13.241 |   13.312 |   13.294 |   23.374 |   23.366 |   23.406 ||  -42.95  -42.92  -42.71  -43.43  -43.22  -43.44  -43.14  -43.22   -0.16   -0.19   -0.02
       med   |   23.476 |   13.423 |   13.431 |   13.426 |   13.306 |   13.299 |   13.305 |   13.317 |   13.300 |   23.525 |   23.601 |   23.437
48     3     |   24.248 |   14.114 |   13.696 |   13.730 |   15.188 |   16.174 |   15.192 |   16.202 |   16.188 |   24.207 |   24.224 |   24.245 ||  -41.80  -43.52  -43.38  -37.36  -33.30  -37.35  -33.18  -33.24   -0.17   -0.10   -0.01
       med   |   24.394 |   14.127 |   13.725 |   13.775 |   15.230 |   16.224 |   15.438 |   16.260 |   16.262 |   24.356 |   24.793 |   24.301
64     4     |   25.099 |   15.565 |   14.858 |   14.854 |   18.627 |   19.833 |   18.627 |   19.870 |   19.787 |   25.120 |   25.138 |   25.120 ||  -37.99  -40.80  -40.82  -25.79  -20.98  -25.79  -20.83  -21.16   +0.08   +0.16   +0.08
       med   |   25.178 |   15.797 |   14.876 |   14.868 |   18.916 |   19.884 |   18.648 |   19.936 |   19.864 |   25.224 |   25.670 |   25.205
80     5     |   25.980 |   19.604 |   25.988 |   26.001 |   25.998 |   25.993 |   26.002 |   25.998 |   26.005 |   25.982 |   25.998 |   25.985 ||  -24.54   +0.03   +0.08   +0.07   +0.05   +0.09   +0.07   +0.10   +0.01   +0.07   +0.02
       med   |   26.062 |   19.641 |   26.485 |   26.280 |   26.357 |   26.651 |   26.274 |   26.083 |   26.037 |   26.253 |   26.198 |   26.465
96     6     |   26.893 |   22.067 |   26.902 |   26.805 |   26.771 |   26.934 |   26.960 |   26.897 |   26.935 |   26.918 |   26.922 |   26.923 ||  -17.94   +0.03   -0.33   -0.45   +0.15   +0.25   +0.02   +0.16   +0.09   +0.11   +0.11
       med   |   26.969 |   22.510 |   27.453 |   27.043 |   27.355 |   27.393 |   27.188 |   26.985 |   26.978 |   27.034 |   27.070 |   27.368
112    7     |   27.455 |   24.810 |   27.496 |   27.487 |   27.464 |   27.489 |   27.502 |   27.506 |   27.512 |   27.513 |   27.401 |   27.463 ||   -9.63   +0.15   +0.12   +0.03   +0.13   +0.17   +0.19   +0.21   +0.21   -0.20   +0.03
       med   |   27.617 |   24.839 |   28.010 |   27.570 |   27.832 |   28.137 |   27.775 |   27.548 |   27.560 |   27.741 |   27.632 |   28.067
128    8     |   25.373 |   27.297 |   25.400 |   22.907 |   25.592 |   25.586 |   29.945 |   30.880 |   30.863 |   25.581 |   25.382 |   25.516 ||   +7.58   +0.11   -9.72   +0.86   +0.84  +18.02  +21.70  +21.64   +0.82   +0.04   +0.57
       med   |   25.734 |   27.328 |   25.788 |   23.149 |   25.777 |   25.624 |   30.342 |   30.910 |   30.894 |   25.869 |   25.695 |   25.556
256    16    |   45.439 |   45.353 |   45.346 |   45.353 |   45.596 |   45.450 |   45.329 |   45.323 |   45.300 |   45.377 |   45.440 |   45.393 ||   -0.19   -0.20   -0.19   +0.35   +0.02   -0.24   -0.26   -0.31   -0.14   +0.00   -0.10
       med   |   46.150 |   46.339 |   46.441 |   46.303 |   46.626 |   45.933 |   45.707 |   46.074 |   45.591 |   46.454 |   46.518 |   45.733
512    32    |   84.518 |   84.477 |   84.550 |   84.520 |   84.430 |   84.456 |   84.422 |   84.453 |   84.266 |   84.375 |   84.470 |   84.375 ||   -0.05   +0.04   +0.00   -0.10   -0.07   -0.11   -0.08   -0.30   -0.17   -0.06   -0.17
       med   |   85.357 |   85.724 |   85.272 |   85.759 |   86.718 |   85.659 |   84.557 |   85.834 |   85.650 |   85.929 |   85.707 |   85.045
1024   64    |  162.023 |  162.016 |  161.643 |  161.875 |  162.115 |  162.048 |  161.958 |  162.078 |  161.844 |  161.833 |  162.088 |  161.625 ||   -0.00   -0.23   -0.09   +0.06   +0.02   -0.04   +0.03   -0.11   -0.12   +0.04   -0.25
       med   |  162.586 |  165.963 |  162.233 |  163.478 |  165.065 |  164.071 |  162.114 |  164.643 |  163.555 |  165.458 |  165.669 |  163.053
4096   256   |  628.813 |  628.720 |  628.803 |  628.658 |  628.903 |  628.890 |  628.821 |  628.811 |  628.153 |  628.497 |  628.371 |  628.384 ||   -0.01   -0.00   -0.02   +0.01   +0.01   +0.00   -0.00   -0.10   -0.05   -0.07   -0.07
       med   |  631.561 |  632.275 |  629.920 |  631.092 |  634.340 |  631.738 |  631.322 |  632.509 |  630.231 |  630.369 |  631.788 |  630.338
=== process order3.1
SELFCHECK OK (256 whole-block lengths 1..256 blk x 12 variants; out/Xi/ivec/ret byte-identical)
bytes  blks  |     base |    m4s4h |       s4 |   baseAA |     t4p8 |     dsp0 |      cw4 |     m4s4 |   dsp0AA |       t4 |      s4h |   m4s4AA ||   m4s4h%      s4%  baseAA%    t4p8%    dsp0%     cw4%    m4s4%  dsp0AA%      t4%     s4h%  m4s4AA%
16     1     |   25.357 |   12.572 |   12.576 |   25.462 |   12.335 |   25.484 |   12.558 |   12.545 |   23.611 |   12.333 |   12.570 |   12.556 ||  -50.42  -50.41   +0.41  -51.35   +0.50  -50.48  -50.53   -6.89  -51.36  -50.43  -50.48
       med   |   25.539 |   12.578 |   12.582 |   25.660 |   12.368 |   25.592 |   12.570 |   12.550 |   25.766 |   12.391 |   12.591 |   12.560
32     2     |   23.400 |   13.234 |   13.313 |   23.370 |   13.388 |   23.366 |   13.281 |   13.294 |   23.382 |   13.417 |   13.244 |   13.311 ||  -43.45  -43.11   -0.13  -42.79   -0.15  -43.24  -43.19   -0.08  -42.66  -43.40  -43.12
       med   |   23.451 |   13.318 |   13.319 |   24.060 |   13.423 |   23.410 |   13.422 |   13.302 |   24.012 |   13.432 |   13.385 |   13.318
48     3     |   24.242 |   15.217 |   16.175 |   24.265 |   13.698 |   24.206 |   14.082 |   16.189 |   24.211 |   13.695 |   15.181 |   16.203 ||  -37.23  -33.28   +0.09  -43.50   -0.15  -41.91  -33.22   -0.13  -43.51  -37.38  -33.16
       med   |   24.455 |   15.576 |   16.227 |   25.017 |   13.741 |   24.247 |   14.122 |   16.213 |   24.980 |   13.702 |   15.222 |   16.255
64     4     |   25.121 |   18.604 |   19.867 |   25.107 |   14.858 |   25.119 |   15.566 |   19.847 |   25.140 |   14.861 |   18.632 |   19.875 ||  -25.94  -20.91   -0.05  -40.85   -0.01  -38.03  -20.99   +0.08  -40.84  -25.83  -20.88
       med   |   25.219 |   18.841 |   20.140 |   25.654 |   14.915 |   25.358 |   15.807 |   19.866 |   25.715 |   14.874 |   18.759 |   19.917
80     5     |   25.987 |   26.009 |   25.998 |   25.998 |   26.004 |   25.994 |   19.603 |   26.005 |   26.005 |   25.987 |   26.000 |   26.028 ||   +0.08   +0.05   +0.04   +0.07   +0.03  -24.57   +0.07   +0.07   +0.00   +0.05   +0.16
       med   |   26.251 |   26.907 |   26.537 |   26.450 |   26.041 |   26.113 |   19.709 |   26.035 |   26.542 |   26.024 |   26.446 |   26.895
96     6     |   26.924 |   26.961 |   26.950 |   26.874 |   26.927 |   26.922 |   22.062 |   26.933 |   26.943 |   26.896 |   26.928 |   26.955 ||   +0.14   +0.10   -0.19   +0.01   -0.01  -18.06   +0.03   +0.07   -0.11   +0.01   +0.12
       med   |   27.174 |   27.903 |   27.246 |   27.547 |   26.986 |   26.969 |   22.174 |   26.977 |   27.390 |   27.050 |   27.362 |   27.669
112    7     |   27.457 |   27.545 |   27.498 |   27.439 |   27.504 |   27.507 |   24.806 |   27.508 |   27.507 |   27.480 |   27.523 |   27.514 ||   +0.32   +0.15   -0.06   +0.17   +0.18   -9.66   +0.19   +0.18   +0.08   +0.24   +0.21
       med   |   27.766 |   28.600 |   27.775 |   28.209 |   27.539 |   27.554 |   24.837 |   27.558 |   27.918 |   27.520 |   27.769 |   28.256
128    8     |   25.381 |   30.000 |   25.580 |   25.555 |   22.902 |   25.590 |   27.298 |   30.863 |   25.591 |   25.575 |   25.599 |   30.882 ||  +18.20   +0.78   +0.69   -9.77   +0.82   +7.55  +21.60   +0.83   +0.76   +0.86  +21.67
       med   |   25.782 |   30.066 |   26.005 |   25.960 |   22.922 |   25.935 |   27.323 |   31.215 |   25.851 |   25.622 |   26.123 |   30.908
256    16    |   45.579 |   45.342 |   45.361 |   45.577 |   45.317 |   45.349 |   45.355 |   45.304 |   45.352 |   45.359 |   45.439 |   45.340 ||   -0.52   -0.48   -0.00   -0.57   -0.50   -0.49   -0.60   -0.50   -0.48   -0.31   -0.52
       med   |   46.332 |   46.163 |   45.885 |   46.638 |   45.935 |   46.087 |   46.211 |   45.593 |   46.664 |   46.075 |   46.180 |   46.436
512    32    |   84.543 |   84.497 |   84.410 |   84.392 |   84.450 |   83.254 |   84.450 |   83.652 |   84.389 |   84.404 |   84.409 |   84.452 ||   -0.05   -0.16   -0.18   -0.11   -1.52   -0.11   -1.05   -0.18   -0.16   -0.16   -0.11
       med   |   85.842 |   86.122 |   84.828 |   85.976 |   84.988 |   85.167 |   86.070 |   85.183 |   85.766 |   84.660 |   85.827 |   85.855
1024   64    |  162.135 |  161.909 |  161.906 |  161.998 |  161.706 |  161.823 |  161.975 |  161.546 |  161.990 |  162.030 |  161.903 |  162.091 ||   -0.14   -0.14   -0.08   -0.26   -0.19   -0.10   -0.36   -0.09   -0.06   -0.14   -0.03
       med   |  163.268 |  164.250 |  162.857 |  163.910 |  163.206 |  162.297 |  166.446 |  163.483 |  165.528 |  163.677 |  163.246 |  165.556
4096   256   |  628.648 |  628.072 |  628.638 |  628.785 |  628.666 |  628.633 |  627.923 |  628.560 |  628.762 |  628.609 |  628.434 |  628.607 ||   -0.09   -0.00   +0.02   +0.00   -0.00   -0.12   -0.01   +0.02   -0.01   -0.03   -0.01
       med   |  630.711 |  632.010 |  629.740 |  632.940 |  630.319 |  629.848 |  632.048 |  630.855 |  630.936 |  631.475 |  630.269 |  632.346
=== process order3.2
SELFCHECK OK (256 whole-block lengths 1..256 blk x 12 variants; out/Xi/ivec/ret byte-identical)
bytes  blks  |     base |    m4s4h |       s4 |   baseAA |     t4p8 |     dsp0 |      cw4 |     m4s4 |   dsp0AA |       t4 |      s4h |   m4s4AA ||   m4s4h%      s4%  baseAA%    t4p8%    dsp0%     cw4%    m4s4%  dsp0AA%      t4%     s4h%  m4s4AA%
16     1     |   25.320 |   12.572 |   12.575 |   25.358 |   12.355 |   25.433 |   12.557 |   12.545 |   23.738 |   12.342 |   12.572 |   12.555 ||  -50.35  -50.34   +0.15  -51.20   +0.44  -50.41  -50.45   -6.25  -51.26  -50.35  -50.41
       med   |   25.488 |   12.577 |   12.582 |   25.565 |   12.368 |   25.624 |   12.570 |   12.550 |   25.863 |   12.396 |   12.612 |   12.560
32     2     |   23.409 |   13.235 |   13.314 |   23.367 |   13.396 |   23.374 |   13.281 |   13.292 |   23.367 |   13.420 |   13.243 |   13.312 ||  -43.46  -43.13   -0.18  -42.78   -0.15  -43.27  -43.22   -0.18  -42.67  -43.43  -43.13
       med   |   23.448 |   13.318 |   13.319 |   24.043 |   13.424 |   23.411 |   13.422 |   13.338 |   23.661 |   13.433 |   13.349 |   13.317
48     3     |   24.248 |   15.207 |   16.181 |   24.273 |   13.733 |   24.206 |   14.077 |   16.195 |   24.210 |   13.682 |   15.182 |   16.201 ||  -37.29  -33.27   +0.10  -43.36   -0.17  -41.94  -33.21   -0.16  -43.58  -37.39  -33.19
       med   |   24.407 |   15.624 |   16.246 |   25.023 |   13.740 |   24.253 |   14.123 |   16.403 |   24.847 |   13.702 |   15.226 |   16.251
64     4     |   25.119 |   18.603 |   19.874 |   25.160 |   14.855 |   25.104 |   15.564 |   19.846 |   25.134 |   14.864 |   18.623 |   19.873 ||  -25.94  -20.88   +0.16  -40.86   -0.06  -38.04  -20.99   +0.06  -40.83  -25.86  -20.88
       med   |   25.317 |   18.833 |   20.156 |   25.721 |   14.915 |   25.168 |   15.656 |   19.864 |   25.623 |   14.874 |   18.652 |   20.120
80     5     |   25.990 |   26.016 |   25.999 |   25.986 |   26.005 |   25.994 |   19.602 |   26.010 |   25.997 |   25.996 |   26.006 |   26.020 ||   +0.10   +0.04   -0.02   +0.06   +0.02  -24.58   +0.08   +0.03   +0.02   +0.06   +0.12
       med   |   26.268 |   26.802 |   26.633 |   26.321 |   26.068 |   26.314 |   19.631 |   26.037 |   26.627 |   26.068 |   26.501 |   26.868
96     6     |   26.887 |   26.956 |   26.933 |   26.881 |   26.946 |   26.920 |   22.066 |   26.938 |   26.935 |   26.912 |   26.906 |   26.947 ||   +0.26   +0.17   -0.02   +0.22   +0.12  -17.93   +0.19   +0.18   +0.09   +0.07   +0.22
       med   |   27.016 |   27.899 |   27.223 |   27.552 |   26.990 |   27.170 |   22.094 |   26.980 |   27.478 |   26.987 |   27.217 |   27.456
112    7     |   27.460 |   27.537 |   27.498 |   27.369 |   27.503 |   27.522 |   24.805 |   27.518 |   27.517 |   27.419 |   27.493 |   27.529 ||   +0.28   +0.14   -0.33   +0.16   +0.23   -9.67   +0.21   +0.21   -0.15   +0.12   +0.25
       med   |   27.625 |   28.601 |   27.776 |   28.180 |   27.564 |   27.795 |   24.837 |   27.560 |   27.838 |   27.522 |   27.890 |   28.208
128    8     |   25.383 |   29.994 |   25.594 |   25.591 |   22.900 |   25.592 |   27.289 |   30.869 |   25.589 |   25.598 |   25.592 |   30.873 ||  +18.17   +0.83   +0.82   -9.78   +0.82   +7.51  +21.61   +0.81   +0.85   +0.82  +21.63
       med   |   25.782 |   30.108 |   26.186 |   26.079 |   22.923 |   25.988 |   27.323 |   31.324 |   25.862 |   25.622 |   26.002 |   30.909
256    16    |   45.486 |   45.390 |   45.371 |   45.423 |   45.325 |   45.361 |   45.338 |   45.425 |   45.332 |   45.354 |   45.419 |   45.406 ||   -0.21   -0.25   -0.14   -0.35   -0.27   -0.32   -0.13   -0.34   -0.29   -0.15   -0.18
       med   |   45.867 |   46.203 |   46.002 |   46.569 |   45.768 |   46.179 |   45.994 |   45.595 |   46.748 |   45.723 |   46.271 |   46.698
512    32    |   84.514 |   84.312 |   84.520 |   84.376 |   84.523 |   84.335 |   84.332 |   84.307 |   84.409 |   84.446 |   84.365 |   84.542 ||   -0.24   +0.01   -0.16   +0.01   -0.21   -0.22   -0.24   -0.12   -0.08   -0.18   +0.03
       med   |   85.118 |   86.137 |   84.745 |   85.299 |   85.292 |   84.543 |   86.017 |   85.403 |   85.534 |   84.848 |   85.696 |   86.195
1024   64    |  161.955 |  161.959 |  161.948 |  161.957 |  161.026 |  161.827 |  161.959 |  161.857 |  161.990 |  162.025 |  161.841 |  162.147 ||   +0.00   -0.00   +0.00   -0.57   -0.08   +0.00   -0.06   +0.02   +0.04   -0.07   +0.12
       med   |  163.202 |  164.208 |  162.788 |  162.917 |  163.121 |  162.768 |  163.417 |  163.362 |  165.619 |  163.123 |  164.037 |  164.410
4096   256   |  628.942 |  628.210 |  628.737 |  628.854 |  628.711 |  628.538 |  628.717 |  628.294 |  628.720 |  628.211 |  628.654 |  628.832 ||   -0.12   -0.03   -0.01   -0.04   -0.06   -0.04   -0.10   -0.04   -0.12   -0.05   -0.02
       med   |  630.559 |  631.224 |  629.886 |  631.903 |  630.374 |  630.028 |  632.462 |  630.439 |  631.121 |  631.565 |  630.038 |  631.593
=== process order3.3
SELFCHECK OK (256 whole-block lengths 1..256 blk x 12 variants; out/Xi/ivec/ret byte-identical)
bytes  blks  |     base |    m4s4h |       s4 |   baseAA |     t4p8 |     dsp0 |      cw4 |     m4s4 |   dsp0AA |       t4 |      s4h |   m4s4AA ||   m4s4h%      s4%  baseAA%    t4p8%    dsp0%     cw4%    m4s4%  dsp0AA%      t4%     s4h%  m4s4AA%
16     1     |   25.315 |   12.572 |   12.577 |   25.377 |   12.359 |   25.023 |   12.558 |   12.545 |   25.136 |   12.338 |   12.577 |   12.555 ||  -50.34  -50.32   +0.24  -51.18   -1.15  -50.40  -50.44   -0.71  -51.26  -50.32  -50.40
       med   |   25.502 |   12.578 |   12.582 |   25.603 |   12.368 |   25.620 |   12.570 |   12.550 |   25.836 |   12.393 |   12.591 |   12.560
32     2     |   23.412 |   13.234 |   13.313 |   23.377 |   13.397 |   23.375 |   13.280 |   13.293 |   23.374 |   13.397 |   13.242 |   13.312 ||  -43.47  -43.13   -0.15  -42.78   -0.16  -43.28  -43.22   -0.16  -42.78  -43.44  -43.14
       med   |   23.461 |   13.315 |   13.319 |   24.005 |   13.426 |   23.455 |   13.421 |   13.303 |   23.751 |   13.433 |   13.382 |   13.318
48     3     |   24.255 |   15.207 |   16.181 |   24.238 |   13.701 |   24.207 |   14.078 |   16.194 |   24.204 |   13.696 |   15.186 |   16.203 ||  -37.30  -33.29   -0.07  -43.51   -0.19  -41.96  -33.23   -0.21  -43.53  -37.39  -33.20
       med   |   24.416 |   15.538 |   16.243 |   24.950 |   13.741 |   24.255 |   14.122 |   16.401 |   24.474 |   13.702 |   15.225 |   16.399
64     4     |   25.117 |   18.602 |   19.878 |   25.104 |   14.858 |   25.127 |   15.561 |   19.846 |   25.140 |   14.863 |   18.627 |   19.875 ||  -25.94  -20.86   -0.05  -40.85   +0.04  -38.05  -20.99   +0.09  -40.83  -25.84  -20.87
       med   |   25.331 |   18.827 |   20.160 |   25.674 |   14.877 |   25.253 |   15.650 |   19.864 |   25.625 |   14.875 |   18.669 |   19.917
80     5     |   25.989 |   26.013 |   26.001 |   25.989 |   26.003 |   25.991 |   19.603 |   26.002 |   26.013 |   25.992 |   25.997 |   26.007 ||   +0.09   +0.04   -0.00   +0.05   +0.01  -24.57   +0.05   +0.09   +0.01   +0.03   +0.07
       med   |   26.268 |   26.757 |   26.521 |   26.317 |   26.055 |   26.293 |   19.634 |   26.036 |   26.540 |   26.091 |   26.472 |   26.698
96     6     |   26.929 |   26.954 |   26.934 |   26.874 |   26.943 |   26.930 |   22.065 |   26.942 |   26.915 |   26.932 |   26.928 |   26.968 ||   +0.09   +0.02   -0.20   +0.05   +0.01  -18.06   +0.05   -0.05   +0.01   -0.00   +0.14
       med   |   27.177 |   27.900 |   27.215 |   27.396 |   26.989 |   27.221 |   22.118 |   26.981 |   27.231 |   27.210 |   27.374 |   27.649
112    7     |   27.458 |   27.546 |   27.491 |   27.444 |   27.501 |   27.516 |   24.804 |   27.510 |   27.489 |   27.421 |   27.530 |   27.529 ||   +0.32   +0.12   -0.05   +0.16   +0.21   -9.67   +0.19   +0.11   -0.14   +0.26   +0.26
       med   |   27.757 |   28.598 |   27.805 |   27.998 |   27.549 |   27.794 |   24.839 |   27.560 |   28.225 |   27.633 |   27.910 |   28.185
128    8     |   25.384 |   29.987 |   25.560 |   25.585 |   22.855 |   25.589 |   27.287 |   30.863 |   25.569 |   25.531 |   25.588 |   30.884 ||  +18.13   +0.69   +0.79   -9.97   +0.80   +7.49  +21.58   +0.73   +0.58   +0.80  +21.66
       med   |   25.979 |   30.365 |   25.808 |   25.919 |   23.192 |   25.925 |   27.324 |   31.138 |   25.857 |   25.623 |   26.003 |   30.911
256    16    |   45.583 |   45.446 |   45.371 |   45.475 |   45.314 |   45.358 |   45.326 |   45.280 |   45.296 |   45.328 |   45.447 |   45.332 ||   -0.30   -0.47   -0.24   -0.59   -0.50   -0.56   -0.67   -0.63   -0.56   -0.30   -0.55
       med   |   46.217 |   46.216 |   46.233 |   46.549 |   46.008 |   46.177 |   45.982 |   45.962 |   46.165 |   46.036 |   46.352 |   46.311
512    32    |   84.548 |   84.378 |   84.413 |   83.748 |   84.495 |   84.398 |   84.464 |   84.391 |   84.393 |   84.441 |   84.364 |   84.556 ||   -0.20   -0.16   -0.95   -0.06   -0.18   -0.10   -0.19   -0.18   -0.13   -0.22   +0.01
       med   |   85.256 |   85.545 |   84.992 |   85.888 |   84.952 |   84.753 |   86.172 |   85.417 |   86.004 |   85.275 |   85.637 |   85.825
1024   64    |  161.989 |  161.648 |  161.893 |  161.994 |  160.877 |  161.833 |  161.990 |  161.476 |  162.055 |  162.023 |  161.821 |  161.928 ||   -0.21   -0.06   +0.00   -0.69   -0.10   +0.00   -0.32   +0.04   +0.02   -0.10   -0.04
       med   |  165.049 |  165.309 |  163.130 |  165.202 |  162.489 |  163.175 |  163.492 |  163.054 |  164.598 |  163.458 |  163.581 |  164.296
4096   256   |  628.336 |  628.500 |  628.672 |  628.864 |  628.659 |  627.015 |  628.653 |  628.410 |  628.793 |  628.564 |  628.494 |  628.029 ||   +0.03   +0.05   +0.08   +0.05   -0.21   +0.05   +0.01   +0.07   +0.04   +0.03   -0.05
       med   |  630.635 |  630.879 |  629.954 |  633.332 |  630.202 |  630.025 |  632.082 |  630.490 |  632.898 |  631.367 |  630.158 |  632.172
=== process order3.4
SELFCHECK OK (256 whole-block lengths 1..256 blk x 12 variants; out/Xi/ivec/ret byte-identical)
bytes  blks  |     base |    m4s4h |       s4 |   baseAA |     t4p8 |     dsp0 |      cw4 |     m4s4 |   dsp0AA |       t4 |      s4h |   m4s4AA ||   m4s4h%      s4%  baseAA%    t4p8%    dsp0%     cw4%    m4s4%  dsp0AA%      t4%     s4h%  m4s4AA%
16     1     |   25.324 |   12.572 |   12.576 |   25.392 |   12.338 |   24.252 |   12.558 |   12.545 |   23.826 |   12.328 |   12.574 |   12.555 ||  -50.36  -50.34   +0.27  -51.28   -4.23  -50.41  -50.46   -5.92  -51.32  -50.35  -50.42
       med   |   25.609 |   12.577 |   12.582 |   25.704 |   12.368 |   25.721 |   12.570 |   12.550 |   25.941 |   12.395 |   12.591 |   12.560
32     2     |   23.403 |   13.232 |   13.314 |   23.408 |   13.397 |   23.366 |   13.281 |   13.294 |   23.379 |   13.336 |   13.243 |   13.312 ||  -43.46  -43.11   +0.02  -42.76   -0.16  -43.25  -43.20   -0.11  -43.02  -43.41  -43.12
       med   |   23.506 |   13.317 |   13.319 |   23.998 |   13.423 |   23.533 |   13.422 |   13.339 |   23.711 |   13.433 |   13.305 |   13.318
48     3     |   24.264 |   15.211 |   16.171 |   24.236 |   13.701 |   24.205 |   14.078 |   16.188 |   24.208 |   13.695 |   15.188 |   16.193 ||  -37.31  -33.35   -0.11  -43.53   -0.24  -41.98  -33.28   -0.23  -43.56  -37.40  -33.26
       med   |   24.424 |   15.532 |   16.222 |   24.922 |   13.740 |   24.361 |   14.122 |   16.401 |   24.463 |   13.702 |   15.341 |   16.258
64     4     |   25.123 |   18.597 |   19.864 |   25.157 |   14.858 |   25.124 |   15.568 |   19.847 |   25.136 |   14.861 |   18.627 |   19.876 ||  -25.97  -20.93   +0.14  -40.86   +0.01  -38.03  -21.00   +0.05  -40.84  -25.86  -20.89
       med   |   25.354 |   18.846 |   19.996 |   25.760 |   14.895 |   25.361 |   15.655 |   19.865 |   25.639 |   14.875 |   18.653 |   19.922
80     5     |   25.991 |   26.011 |   25.994 |   25.990 |   26.004 |   25.994 |   19.606 |   26.009 |   26.002 |   25.986 |   25.998 |   26.012 ||   +0.08   +0.01   -0.00   +0.05   +0.01  -24.57   +0.07   +0.04   -0.02   +0.03   +0.08
       med   |   26.297 |   26.954 |   26.408 |   26.361 |   26.058 |   26.298 |   19.627 |   26.038 |   26.506 |   26.127 |   26.322 |   26.703
96     6     |   26.924 |   26.961 |   26.914 |   26.877 |   26.914 |   26.930 |   22.062 |   26.939 |   26.932 |   26.938 |   26.940 |   26.907 ||   +0.14   -0.03   -0.17   -0.04   +0.02  -18.06   +0.06   +0.03   +0.05   +0.06   -0.06
       med   |   27.209 |   27.903 |   27.205 |   27.428 |   26.987 |   27.261 |   22.104 |   26.978 |   27.374 |   27.188 |   27.387 |   27.564
112    7     |   27.449 |   27.513 |   27.475 |   27.448 |   27.501 |   27.517 |   24.809 |   27.510 |   27.466 |   27.420 |   27.516 |   27.534 ||   +0.23   +0.10   -0.00   +0.19   +0.25   -9.62   +0.22   +0.06   -0.11   +0.24   +0.31
       med   |   27.753 |   28.095 |   27.869 |   27.991 |   27.546 |   27.837 |   24.837 |   27.559 |   27.915 |   27.573 |   27.899 |   28.159
128    8     |   25.362 |   29.992 |   25.571 |   25.588 |   22.901 |   25.596 |   27.292 |   30.862 |   25.591 |   25.601 |   25.598 |   30.874 ||  +18.25   +0.82   +0.89   -9.70   +0.92   +7.61  +21.68   +0.90   +0.94   +0.93  +21.73
       med   |   25.935 |   30.105 |   25.801 |   25.950 |   22.937 |   26.081 |   27.324 |   30.908 |   25.761 |   25.625 |   26.247 |   30.910
256    16    |   45.528 |   45.297 |   45.381 |   45.391 |   45.343 |   45.374 |   45.332 |   45.304 |   45.317 |   45.331 |   45.492 |   45.363 ||   -0.51   -0.32   -0.30   -0.41   -0.34   -0.43   -0.49   -0.46   -0.43   -0.08   -0.36
       med   |   46.212 |   46.171 |   46.221 |   46.460 |   45.907 |   46.142 |   46.202 |   45.598 |   46.350 |   45.959 |   46.335 |   46.588
512    32    |   84.451 |   84.370 |   84.454 |   84.387 |   84.460 |   84.389 |   84.506 |   84.379 |   84.385 |   84.262 |   84.404 |   84.558 ||   -0.10   +0.00   -0.08   +0.01   -0.07   +0.07   -0.09   -0.08   -0.22   -0.06   +0.13
       med   |   85.313 |   85.983 |   84.926 |   85.680 |   85.159 |   84.626 |   86.301 |   85.440 |   85.660 |   84.733 |   85.671 |   85.682
1024   64    |  162.110 |  161.950 |  161.933 |  161.911 |  161.175 |  161.930 |  161.982 |  161.601 |  161.859 |  161.697 |  161.839 |  162.113 ||   -0.10   -0.11   -0.12   -0.58   -0.11   -0.08   -0.31   -0.15   -0.25   -0.17   +0.00
       med   |  162.398 |  166.095 |  162.755 |  164.893 |  163.296 |  163.208 |  165.791 |  163.204 |  163.499 |  163.372 |  163.602 |  164.660
4096   256   |  628.959 |  628.519 |  628.731 |  628.802 |  628.784 |  626.870 |  628.380 |  628.414 |  628.663 |  628.806 |  628.301 |  628.750 ||   -0.07   -0.04   -0.03   -0.03   -0.33   -0.09   -0.09   -0.05   -0.02   -0.10   -0.03
       med   |  630.340 |  631.718 |  629.790 |  632.486 |  631.569 |  630.133 |  634.288 |  630.080 |  630.347 |  631.456 |  629.807 |  631.839
=== process order3.5
SELFCHECK OK (256 whole-block lengths 1..256 blk x 12 variants; out/Xi/ivec/ret byte-identical)
bytes  blks  |     base |    m4s4h |       s4 |   baseAA |     t4p8 |     dsp0 |      cw4 |     m4s4 |   dsp0AA |       t4 |      s4h |   m4s4AA ||   m4s4h%      s4%  baseAA%    t4p8%    dsp0%     cw4%    m4s4%  dsp0AA%      t4%     s4h%  m4s4AA%
16     1     |   23.695 |   12.572 |   12.575 |   24.857 |   12.341 |   23.685 |   12.558 |   12.545 |   23.588 |   12.326 |   12.574 |   12.554 ||  -46.94  -46.93   +4.90  -47.92   -0.04  -47.00  -47.06   -0.45  -47.98  -46.94  -47.02
       med   |   25.670 |   12.578 |   12.583 |   25.827 |   12.368 |   25.764 |   12.570 |   12.550 |   25.932 |   12.395 |   12.591 |   12.560
32     2     |   23.399 |   13.234 |   13.313 |   23.375 |   13.396 |   23.370 |   13.277 |   13.292 |   23.379 |   13.420 |   13.242 |   13.313 ||  -43.44  -43.10   -0.10  -42.75   -0.12  -43.26  -43.19   -0.09  -42.65  -43.41  -43.11
       med   |   23.472 |   13.318 |   13.319 |   23.995 |   13.422 |   23.531 |   13.421 |   13.306 |   23.917 |   13.433 |   13.306 |   13.319
48     3     |   24.257 |   15.219 |   16.168 |   24.283 |   13.733 |   24.204 |   14.075 |   16.190 |   24.223 |   13.694 |   15.190 |   16.201 ||  -37.26  -33.34   +0.11  -43.39   -0.22  -41.97  -33.26   -0.14  -43.54  -37.38  -33.21
       med   |   24.357 |   15.683 |   16.225 |   25.031 |   13.740 |   24.250 |   14.120 |   16.398 |   24.764 |   13.702 |   15.231 |   16.266
64     4     |   25.119 |   18.599 |   19.882 |   25.118 |   14.858 |   25.120 |   15.563 |   19.851 |   25.137 |   14.861 |   18.627 |   19.880 ||  -25.95  -20.85   -0.00  -40.85   +0.00  -38.04  -20.97   +0.07  -40.84  -25.84  -20.86
       med   |   25.280 |   18.835 |   20.161 |   25.767 |   14.920 |   25.159 |   15.650 |   19.872 |   25.660 |   14.875 |   18.769 |   19.929
80     5     |   25.992 |   26.013 |   26.005 |   25.995 |   26.007 |   25.992 |   19.603 |   26.011 |   25.993 |   25.997 |   26.000 |   26.009 ||   +0.08   +0.05   +0.01   +0.06   +0.00  -24.58   +0.07   +0.00   +0.02   +0.03   +0.07
       med   |   26.270 |   26.327 |   26.457 |   26.301 |   26.061 |   26.030 |   19.640 |   26.040 |   26.454 |   26.114 |   26.514 |   26.312
96     6     |   26.891 |   26.949 |   26.952 |   26.878 |   26.907 |   26.927 |   22.064 |   26.950 |   26.928 |   26.913 |   26.930 |   26.905 ||   +0.22   +0.23   -0.05   +0.06   +0.13  -17.95   +0.22   +0.14   +0.08   +0.14   +0.05
       med   |   27.193 |   27.316 |   27.233 |   27.547 |   26.988 |   27.181 |   22.100 |   26.979 |   27.229 |   27.177 |   27.205 |   27.274
112    7     |   27.466 |   27.529 |   27.496 |   27.371 |   27.507 |   27.521 |   24.807 |   27.521 |   27.502 |   27.392 |   27.510 |   27.512 ||   +0.23   +0.11   -0.35   +0.15   +0.20   -9.68   +0.20   +0.13   -0.27   +0.16   +0.17
       med   |   27.626 |   28.589 |   27.777 |   28.181 |   27.545 |   27.789 |   24.841 |   27.561 |   27.983 |   27.522 |   28.063 |   28.162
128    8     |   25.372 |   30.009 |   25.593 |   25.589 |   22.906 |   25.590 |   27.291 |   30.850 |   25.572 |   25.595 |   25.596 |   30.881 ||  +18.28   +0.87   +0.86   -9.72   +0.86   +7.56  +21.59   +0.79   +0.88   +0.88  +21.72
       med   |   25.772 |   30.348 |   25.996 |   26.060 |   22.922 |   26.082 |   27.324 |   31.317 |   25.887 |   25.625 |   26.132 |   30.912
256    16    |   45.534 |   45.324 |   45.348 |   45.380 |   45.320 |   45.364 |   45.350 |   45.299 |   45.405 |   45.364 |   45.482 |   45.340 ||   -0.46   -0.41   -0.34   -0.47   -0.37   -0.40   -0.51   -0.28   -0.37   -0.11   -0.42
       med   |   45.899 |   46.118 |   46.320 |   46.503 |   46.173 |   46.139 |   46.182 |   45.592 |   46.780 |   45.943 |   46.168 |   46.437
512    32    |   84.547 |   84.413 |   84.360 |   84.393 |   84.476 |   84.339 |   84.444 |   84.381 |   84.430 |   84.479 |   84.296 |   84.215 ||   -0.16   -0.22   -0.18   -0.08   -0.25   -0.12   -0.20   -0.14   -0.08   -0.30   -0.39
       med   |   85.601 |   85.905 |   85.313 |   86.091 |   84.723 |   84.891 |   85.910 |   85.444 |   85.591 |   85.097 |   85.534 |   85.676
1024   64    |  161.927 |  162.015 |  161.853 |  161.937 |  162.038 |  161.978 |  161.932 |  161.921 |  161.874 |  162.035 |  161.823 |  161.943 ||   +0.05   -0.05   +0.01   +0.07   +0.03   +0.00   -0.00   -0.03   +0.07   -0.06   +0.01
       med   |  162.744 |  166.143 |  163.174 |  164.596 |  163.321 |  163.579 |  165.403 |  165.835 |  163.747 |  163.108 |  163.173 |  163.790
4096   256   |  628.270 |  628.360 |  628.611 |  628.846 |  628.563 |  628.734 |  628.625 |  628.436 |  628.736 |  628.686 |  628.248 |  628.644 ||   +0.01   +0.05   +0.09   +0.05   +0.07   +0.06   +0.03   +0.07   +0.07   -0.00   +0.06
       med   |  631.367 |  631.992 |  629.711 |  631.834 |  630.306 |  630.157 |  633.447 |  631.010 |  630.885 |  631.457 |  631.405 |  631.576
