=== process order1.1
SELFCHECK OK (256 whole-block lengths 1..256 blk x 12 variants; out/Xi/ivec/ret byte-identical)
bytes  blks  |     base |   baseAA |     dsp0 |   dsp0AA |     m4s4 |   m4s4AA |    m4s4h |       s4 |      s4h |     t4p8 |       t4 |      cw4 ||  baseAA%    dsp0%  dsp0AA%    m4s4%  m4s4AA%   m4s4h%      s4%     s4h%    t4p8%      t4%     cw4%
16     1     |   25.346 |   24.662 |   24.145 |   23.457 |   12.556 |   12.545 |   12.573 |   12.545 |   12.570 |   12.309 |   12.371 |   12.558 ||   -2.70   -4.74   -7.45  -50.46  -50.51  -50.39  -50.50  -50.41  -51.43  -51.19  -50.45
       med   |   25.753 |   25.550 |   26.016 |   25.594 |   12.582 |   12.549 |   12.615 |   12.551 |   12.611 |   12.343 |   12.388 |   12.570
32     2     |   23.423 |   23.373 |   23.378 |   23.370 |   13.311 |   13.293 |   13.242 |   13.293 |   13.242 |   13.395 |   13.418 |   13.360 ||   -0.21   -0.19   -0.23  -43.17  -43.25  -43.46  -43.25  -43.47  -42.81  -42.71  -42.96
       med   |   24.052 |   23.426 |   23.971 |   23.561 |   13.318 |   13.300 |   13.306 |   13.299 |   13.277 |   13.426 |   13.453 |   13.423
48     3     |   24.252 |   24.232 |   24.206 |   24.189 |   16.201 |   16.185 |   15.203 |   16.174 |   15.184 |   13.734 |   13.756 |   14.076 ||   -0.08   -0.19   -0.26  -33.20  -33.26  -37.31  -33.31  -37.39  -43.37  -43.28  -41.96
       med   |   24.929 |   24.290 |   24.885 |   24.393 |   16.225 |   16.205 |   15.559 |   16.229 |   15.379 |   14.705 |   14.901 |   14.153
64     4     |   25.107 |   25.103 |   25.141 |   25.098 |   19.886 |   19.852 |   18.631 |   19.835 |   18.632 |   14.857 |   14.850 |   15.565 ||   -0.02   +0.13   -0.04  -20.80  -20.93  -25.80  -21.00  -25.79  -40.83  -40.85  -38.01
       med   |   25.400 |   25.169 |   25.644 |   25.343 |   20.417 |   20.444 |   18.972 |   20.379 |   18.905 |   14.906 |   14.919 |   15.807
80     5     |   25.987 |   25.980 |   26.000 |   25.998 |   26.001 |   26.019 |   26.003 |   25.993 |   25.992 |   26.006 |   26.017 |   19.555 ||   -0.03   +0.05   +0.04   +0.05   +0.12   +0.06   +0.02   +0.02   +0.07   +0.11  -24.75
       med   |   26.344 |   26.023 |   26.680 |   26.288 |   26.286 |   26.828 |   26.109 |   26.023 |   26.136 |   26.347 |   26.510 |   19.644
96     6     |   26.918 |   26.921 |   26.940 |   26.889 |   26.902 |   26.974 |   26.958 |   26.911 |   26.926 |   26.891 |   26.931 |   22.060 ||   +0.01   +0.08   -0.11   -0.06   +0.21   +0.15   -0.03   +0.03   -0.10   +0.05  -18.05
       med   |   27.297 |   26.974 |   27.641 |   27.058 |   27.249 |   27.674 |   27.073 |   26.955 |   27.227 |   27.304 |   27.385 |   22.093
112    7     |   27.456 |   27.432 |   27.520 |   27.490 |   27.512 |   27.540 |   27.511 |   27.495 |   27.509 |   27.510 |   27.532 |   24.803 ||   -0.09   +0.24   +0.12   +0.20   +0.31   +0.20   +0.14   +0.19   +0.20   +0.28   -9.66
       med   |   27.778 |   27.466 |   28.156 |   27.666 |   27.948 |   28.139 |   27.554 |   27.546 |   27.758 |   27.858 |   28.084 |   24.840
128    8     |   25.381 |   25.576 |   25.608 |   25.548 |   30.876 |   30.863 |   29.942 |   25.591 |   25.590 |   22.851 |   25.571 |   27.289 ||   +0.77   +0.89   +0.66  +21.65  +21.60  +17.97   +0.82   +0.82   -9.97   +0.75   +7.51
       med   |   25.765 |   25.601 |   26.178 |   25.631 |   30.913 |   30.893 |   30.016 |   25.804 |   25.690 |   22.923 |   26.059 |   27.327
256    16    |   45.826 |   45.367 |   45.310 |   45.354 |   45.346 |   45.367 |   45.378 |   45.531 |   45.400 |   45.312 |   45.446 |   45.402 ||   -1.00   -1.13   -1.03   -1.05   -1.00   -0.98   -0.65   -0.93   -1.12   -0.83   -0.93
       med   |   47.010 |   46.017 |   47.051 |   46.449 |   46.637 |   46.031 |   45.964 |   46.028 |   46.423 |   45.887 |   46.181 |   45.757
512    32    |   84.473 |   84.119 |   84.400 |   84.486 |   84.005 |   84.489 |   84.620 |   84.394 |   84.380 |   84.373 |   84.436 |   84.394 ||   -0.42   -0.09   +0.01   -0.55   +0.02   +0.17   -0.09   -0.11   -0.12   -0.04   -0.09
       med   |   85.454 |   85.270 |   85.386 |   85.881 |   85.401 |   85.510 |   85.832 |   85.447 |   85.085 |   85.446 |   85.573 |   85.345
1024   64    |  162.160 |  161.909 |  161.955 |  162.010 |  161.878 |  162.223 |  162.125 |  161.874 |  161.834 |  161.960 |  161.969 |  161.902 ||   -0.15   -0.13   -0.09   -0.17   +0.04   -0.02   -0.18   -0.20   -0.12   -0.12   -0.16
       med   |  163.776 |  163.190 |  163.641 |  166.324 |  163.471 |  164.292 |  166.495 |  163.444 |  163.066 |  163.285 |  164.559 |  162.935
4096   256   |  628.966 |  628.758 |  628.924 |  627.857 |  628.614 |  628.879 |  628.949 |  628.718 |  628.668 |  628.844 |  628.846 |  627.832 ||   -0.03   -0.01   -0.18   -0.06   -0.01   -0.00   -0.04   -0.05   -0.02   -0.02   -0.18
       med   |  630.530 |  631.271 |  631.578 |  633.198 |  630.602 |  630.722 |  635.098 |  629.908 |  630.924 |  630.427 |  631.420 |  630.357
=== process order1.2
SELFCHECK OK (256 whole-block lengths 1..256 blk x 12 variants; out/Xi/ivec/ret byte-identical)
bytes  blks  |     base |   baseAA |     dsp0 |   dsp0AA |     m4s4 |   m4s4AA |    m4s4h |       s4 |      s4h |     t4p8 |       t4 |      cw4 ||  baseAA%    dsp0%  dsp0AA%    m4s4%  m4s4AA%   m4s4h%      s4%     s4h%    t4p8%      t4%     cw4%
16     1     |   25.383 |   25.384 |   24.898 |   23.461 |   12.556 |   12.546 |   12.573 |   12.546 |   12.572 |   12.325 |   12.373 |   12.558 ||   +0.01   -1.91   -7.57  -50.53  -50.57  -50.46  -50.57  -50.47  -51.44  -51.25  -50.52
       med   |   25.662 |   25.503 |   25.958 |   25.804 |   12.583 |   12.550 |   12.616 |   12.550 |   12.612 |   12.345 |   12.387 |   12.571
32     2     |   23.418 |   23.347 |   23.385 |   23.366 |   13.312 |   13.291 |   13.244 |   13.293 |   13.242 |   13.411 |   13.409 |   13.360 ||   -0.30   -0.14   -0.22  -43.16  -43.24  -43.45  -43.24  -43.46  -42.73  -42.74  -42.95
       med   |   23.904 |   23.422 |   23.971 |   23.392 |   13.318 |   13.300 |   13.343 |   13.300 |   13.247 |   13.425 |   13.451 |   13.424
48     3     |   24.249 |   24.232 |   24.216 |   24.208 |   16.197 |   16.183 |   15.199 |   16.173 |   15.185 |   13.738 |   13.756 |   14.074 ||   -0.07   -0.13   -0.17  -33.21  -33.26  -37.32  -33.30  -37.38  -43.34  -43.27  -41.96
       med   |   24.434 |   24.339 |   24.843 |   24.506 |   16.227 |   16.206 |   15.559 |   16.227 |   15.234 |   14.800 |   14.898 |   14.149
64     4     |   25.121 |   25.111 |   25.109 |   25.112 |   20.086 |   19.848 |   18.636 |   19.841 |   18.633 |   14.854 |   14.846 |   15.568 ||   -0.04   -0.05   -0.03  -20.04  -20.99  -25.81  -21.02  -25.82  -40.87  -40.90  -38.03
       med   |   25.721 |   25.169 |   25.660 |   25.160 |   20.438 |   19.875 |   19.164 |   20.109 |   18.871 |   14.902 |   14.865 |   15.747
80     5     |   25.985 |   25.989 |   25.997 |   25.987 |   26.005 |   26.012 |   26.000 |   25.990 |   25.989 |   26.007 |   25.996 |   19.606 ||   +0.02   +0.05   +0.01   +0.08   +0.11   +0.06   +0.02   +0.02   +0.09   +0.04  -24.55
       med   |   26.220 |   26.019 |   26.449 |   26.097 |   26.663 |   26.409 |   26.042 |   26.017 |   26.027 |   26.451 |   26.418 |   19.631
96     6     |   26.902 |   26.926 |   26.925 |   26.912 |   26.895 |   26.969 |   26.931 |   26.914 |   26.925 |   26.910 |   26.903 |   22.060 ||   +0.09   +0.08   +0.04   -0.03   +0.25   +0.11   +0.04   +0.09   +0.03   +0.00  -18.00
       med   |   27.214 |   26.974 |   27.535 |   27.178 |   27.322 |   27.656 |   27.164 |   26.959 |   27.221 |   27.498 |   27.356 |   22.093
112    7     |   27.460 |   27.428 |   27.514 |   27.484 |   27.507 |   27.457 |   27.513 |   27.412 |   27.509 |   27.483 |   27.518 |   24.810 ||   -0.12   +0.20   +0.09   +0.17   -0.01   +0.19   -0.18   +0.18   +0.08   +0.21   -9.65
       med   |   27.796 |   27.465 |   27.764 |   27.523 |   28.134 |   28.133 |   27.572 |   27.549 |   27.757 |   27.952 |   27.572 |   24.840
128    8     |   25.369 |   25.557 |   25.600 |   25.545 |   30.880 |   30.858 |   29.949 |   25.580 |   25.589 |   22.906 |   25.424 |   27.292 ||   +0.74   +0.91   +0.69  +21.72  +21.63  +18.05   +0.83   +0.87   -9.71   +0.21   +7.58
       med   |   25.949 |   25.600 |   26.064 |   25.627 |   30.913 |   30.894 |   30.021 |   25.773 |   25.743 |   23.252 |   25.769 |   27.324
256    16    |   45.509 |   45.355 |   45.348 |   45.342 |   45.360 |   45.278 |   45.347 |   45.480 |   45.348 |   45.319 |   45.420 |   45.408 ||   -0.34   -0.35   -0.37   -0.33   -0.51   -0.36   -0.06   -0.35   -0.42   -0.20   -0.22
       med   |   46.869 |   45.805 |   46.297 |   46.295 |   46.784 |   46.022 |   45.782 |   45.989 |   46.502 |   45.885 |   46.024 |   45.507
512    32    |   84.538 |   84.355 |   84.435 |   84.386 |   84.457 |   84.549 |   84.530 |   83.650 |   84.406 |   84.372 |   84.445 |   84.403 ||   -0.22   -0.12   -0.18   -0.10   +0.01   -0.01   -1.05   -0.16   -0.20   -0.11   -0.16
       med   |   85.364 |   84.430 |   85.422 |   85.763 |   85.527 |   85.827 |   85.687 |   85.379 |   84.997 |   85.651 |   85.838 |   85.540
1024   64    |  162.194 |  161.749 |  162.016 |  161.967 |  161.780 |  162.190 |  162.297 |  161.856 |  162.203 |  161.976 |  161.949 |  161.994 ||   -0.27   -0.11   -0.14   -0.25   -0.00   +0.06   -0.21   +0.01   -0.13   -0.15   -0.12
       med   |  163.811 |  162.067 |  164.721 |  165.618 |  163.137 |  164.845 |  166.089 |  162.933 |  163.831 |  163.350 |  163.805 |  162.940
4096   256   |  628.961 |  628.737 |  628.893 |  627.905 |  628.709 |  628.960 |  628.942 |  628.664 |  628.550 |  628.780 |  628.763 |  628.500 ||   -0.04   -0.01   -0.17   -0.04   -0.00   -0.00   -0.05   -0.07   -0.03   -0.03   -0.07
       med   |  630.505 |  632.525 |  631.803 |  630.805 |  629.990 |  630.694 |  635.120 |  629.943 |  630.691 |  630.283 |  631.134 |  630.418
=== process order1.3
SELFCHECK OK (256 whole-block lengths 1..256 blk x 12 variants; out/Xi/ivec/ret byte-identical)
bytes  blks  |     base |   baseAA |     dsp0 |   dsp0AA |     m4s4 |   m4s4AA |    m4s4h |       s4 |      s4h |     t4p8 |       t4 |      cw4 ||  baseAA%    dsp0%  dsp0AA%    m4s4%  m4s4AA%   m4s4h%      s4%     s4h%    t4p8%      t4%     cw4%
16     1     |   25.368 |   25.379 |   25.532 |   25.425 |   12.555 |   12.545 |   12.574 |   12.546 |   12.572 |   12.336 |   12.372 |   12.558 ||   +0.05   +0.65   +0.22  -50.51  -50.55  -50.43  -50.54  -50.44  -51.37  -51.23  -50.50
       med   |   25.697 |   25.501 |   25.958 |   25.564 |   12.583 |   12.550 |   12.615 |   12.550 |   12.612 |   12.343 |   12.388 |   12.571
32     2     |   23.406 |   23.369 |   23.376 |   23.355 |   13.313 |   13.293 |   13.242 |   13.293 |   13.241 |   13.381 |   13.395 |   13.415 ||   -0.16   -0.13   -0.22  -43.12  -43.21  -43.42  -43.20  -43.43  -42.83  -42.77  -42.68
       med   |   24.113 |   23.426 |   23.954 |   23.388 |   13.320 |   13.299 |   13.312 |   13.299 |   13.247 |   13.426 |   13.451 |   13.423
48     3     |   24.272 |   24.246 |   24.204 |   24.193 |   16.200 |   16.184 |   15.209 |   16.177 |   15.189 |   13.770 |   13.722 |   14.095 ||   -0.11   -0.28   -0.33  -33.26  -33.32  -37.34  -33.35  -37.42  -43.27  -43.47  -41.93
       med   |   24.910 |   24.349 |   24.883 |   24.246 |   16.235 |   16.204 |   15.564 |   16.228 |   15.393 |   14.815 |   14.903 |   14.152
64     4     |   25.120 |   25.114 |   25.144 |   25.116 |   19.871 |   19.855 |   18.670 |   19.834 |   18.630 |   14.856 |   14.847 |   15.565 ||   -0.02   +0.10   -0.02  -20.89  -20.96  -25.68  -21.04  -25.84  -40.86  -40.90  -38.04
       med   |   25.413 |   25.168 |   25.664 |   25.150 |   20.421 |   20.444 |   19.198 |   20.094 |   19.000 |   14.915 |   14.905 |   15.664
80     5     |   25.988 |   25.988 |   26.000 |   25.987 |   26.005 |   26.093 |   26.003 |   25.988 |   25.991 |   26.012 |   26.092 |   19.543 ||   +0.00   +0.05   -0.00   +0.07   +0.41   +0.06   +0.00   +0.01   +0.09   +0.40  -24.80
       med   |   26.561 |   26.068 |   26.708 |   26.024 |   26.580 |   26.812 |   26.213 |   26.145 |   26.204 |   26.470 |   26.456 |   19.627
96     6     |   26.914 |   26.915 |   26.936 |   26.876 |   26.967 |   26.942 |   26.907 |   26.915 |   26.918 |   26.797 |   26.949 |   22.066 ||   +0.00   +0.08   -0.14   +0.19   +0.10   -0.03   +0.00   +0.01   -0.43   +0.13  -18.01
       med   |   27.197 |   26.972 |   27.388 |   26.973 |   27.459 |   27.373 |   27.055 |   26.958 |   27.218 |   27.234 |   27.395 |   22.090
112    7     |   27.456 |   27.430 |   27.526 |   27.493 |   27.521 |   27.403 |   27.510 |   27.451 |   27.508 |   27.498 |   27.520 |   24.807 ||   -0.10   +0.26   +0.14   +0.24   -0.19   +0.20   -0.02   +0.19   +0.16   +0.23   -9.65
       med   |   28.016 |   27.467 |   28.170 |   27.521 |   27.995 |   28.167 |   27.559 |   27.548 |   27.782 |   27.888 |   28.059 |   24.842
128    8     |   25.380 |   25.578 |   25.594 |   25.540 |   30.874 |   30.860 |   29.943 |   25.589 |   25.588 |   22.906 |   25.413 |   27.292 ||   +0.78   +0.84   +0.63  +21.65  +21.59  +17.98   +0.82   +0.82   -9.75   +0.13   +7.54
       med   |   26.267 |   25.601 |   26.171 |   25.623 |   30.914 |   30.893 |   30.021 |   25.780 |   25.728 |   22.927 |   25.897 |   27.325
256    16    |   45.835 |   45.354 |   45.476 |   45.356 |   45.351 |   45.249 |   45.342 |   45.503 |   45.383 |   45.349 |   45.422 |   45.396 ||   -1.05   -0.78   -1.05   -1.06   -1.28   -1.07   -0.72   -0.99   -1.06   -0.90   -0.96
       med   |   47.225 |   45.950 |   46.676 |   46.348 |   46.772 |   45.821 |   46.071 |   45.823 |   46.427 |   46.316 |   45.999 |   45.533
512    32    |   84.545 |   83.843 |   84.457 |   84.479 |   83.250 |   84.446 |   84.523 |   83.848 |   84.369 |   84.381 |   84.391 |   84.397 ||   -0.83   -0.10   -0.08   -1.53   -0.12   -0.03   -0.83   -0.21   -0.19   -0.18   -0.18
       med   |   85.480 |   84.642 |   85.524 |   86.645 |   85.505 |   84.648 |   85.822 |   85.319 |   85.220 |   85.585 |   86.366 |   85.347
1024   64    |  162.173 |  162.734 |  161.979 |  162.064 |  161.622 |  162.208 |  162.159 |  161.862 |  161.875 |  161.979 |  161.987 |  161.981 ||   +0.35   -0.12   -0.07   -0.34   +0.02   -0.01   -0.19   -0.18   -0.12   -0.11   -0.12
       med   |  164.262 |  163.103 |  163.667 |  166.178 |  163.341 |  166.184 |  164.849 |  163.065 |  163.168 |  163.841 |  164.294 |  162.923
4096   256   |  628.955 |  628.737 |  628.896 |  628.398 |  628.269 |  628.795 |  629.101 |  628.654 |  628.736 |  628.388 |  628.749 |  628.304 ||   -0.03   -0.01   -0.09   -0.11   -0.03   +0.02   -0.05   -0.03   -0.09   -0.03   -0.10
       med   |  630.771 |  631.553 |  631.000 |  631.463 |  629.957 |  631.010 |  635.131 |  629.915 |  630.912 |  631.053 |  631.322 |  630.238
=== process order1.4
SELFCHECK OK (256 whole-block lengths 1..256 blk x 12 variants; out/Xi/ivec/ret byte-identical)
bytes  blks  |     base |   baseAA |     dsp0 |   dsp0AA |     m4s4 |   m4s4AA |    m4s4h |       s4 |      s4h |     t4p8 |       t4 |      cw4 ||  baseAA%    dsp0%  dsp0AA%    m4s4%  m4s4AA%   m4s4h%      s4%     s4h%    t4p8%      t4%     cw4%
16     1     |   25.363 |   25.364 |   25.580 |   25.393 |   12.556 |   12.546 |   12.576 |   12.545 |   12.571 |   12.310 |   12.375 |   12.559 ||   +0.01   +0.86   +0.12  -50.49  -50.54  -50.42  -50.54  -50.44  -51.46  -51.21  -50.48
       med   |   25.718 |   25.555 |   26.019 |   25.613 |   12.583 |   12.550 |   12.616 |   12.550 |   12.612 |   12.343 |   12.388 |   12.593
32     2     |   23.411 |   23.344 |   23.382 |   23.366 |   13.311 |   13.293 |   13.243 |   13.292 |   13.242 |   13.413 |   13.397 |   13.354 ||   -0.29   -0.13   -0.19  -43.14  -43.22  -43.43  -43.23  -43.44  -42.71  -42.78  -42.96
       med   |   23.671 |   23.423 |   23.937 |   23.560 |   13.318 |   13.299 |   13.306 |   13.299 |   13.246 |   13.428 |   13.450 |   13.423
48     3     |   24.268 |   24.235 |   24.206 |   24.198 |   16.199 |   16.186 |   15.209 |   16.177 |   15.188 |   13.733 |   13.758 |   14.077 ||   -0.14   -0.26   -0.29  -33.25  -33.30  -37.33  -33.34  -37.41  -43.41  -43.31  -42.00
       med   |   24.733 |   24.341 |   24.806 |   24.419 |   16.229 |   16.204 |   15.556 |   16.352 |   15.364 |   14.808 |   14.915 |   14.149
64     4     |   25.120 |   25.107 |   25.129 |   25.116 |   19.895 |   19.847 |   18.629 |   19.840 |   18.634 |   14.859 |   14.847 |   15.561 ||   -0.05   +0.04   -0.02  -20.80  -20.99  -25.84  -21.02  -25.82  -40.85  -40.90  -38.05
       med   |   25.857 |   25.168 |   25.641 |   25.229 |   20.417 |   19.885 |   18.969 |   20.293 |   18.988 |   14.915 |   14.919 |   15.582
80     5     |   25.987 |   25.991 |   25.983 |   25.988 |   26.008 |   26.015 |   26.001 |   25.993 |   25.998 |   26.000 |   26.003 |   19.547 ||   +0.01   -0.01   +0.00   +0.08   +0.11   +0.05   +0.02   +0.04   +0.05   +0.06  -24.78
       med   |   26.274 |   26.022 |   26.391 |   26.020 |   26.528 |   26.687 |   26.193 |   26.019 |   26.224 |   26.304 |   26.496 |   19.637
96     6     |   26.915 |   26.916 |   26.946 |   26.904 |   26.905 |   26.962 |   26.932 |   26.920 |   26.922 |   26.907 |   26.926 |   22.063 ||   +0.00   +0.11   -0.04   -0.04   +0.17   +0.06   +0.02   +0.02   -0.03   +0.04  -18.03
       med   |   27.209 |   26.973 |   27.695 |   26.997 |   27.252 |   27.666 |   27.044 |   26.963 |   27.225 |   27.282 |   27.383 |   22.091
112    7     |   27.459 |   27.428 |   27.524 |   27.492 |   27.506 |   27.516 |   27.510 |   27.508 |   27.521 |   27.495 |   27.523 |   24.808 ||   -0.11   +0.24   +0.12   +0.17   +0.21   +0.18   +0.18   +0.23   +0.13   +0.23   -9.65
       med   |   27.648 |   27.465 |   28.030 |   27.535 |   27.982 |   28.140 |   27.550 |   27.598 |   27.754 |   27.846 |   28.055 |   24.842
128    8     |   25.380 |   25.559 |   25.601 |   25.544 |   30.879 |   30.860 |   29.951 |   25.592 |   25.572 |   22.904 |   25.406 |   27.296 ||   +0.71   +0.87   +0.65  +21.66  +21.59  +18.01   +0.84   +0.76   -9.75   +0.10   +7.55
       med   |   25.914 |   25.600 |   26.134 |   25.629 |   30.914 |   30.892 |   30.007 |   25.792 |   25.752 |   23.449 |   25.885 |   27.324
256    16    |   45.706 |   45.344 |   45.370 |   45.349 |   45.353 |   45.253 |   45.318 |   45.504 |   45.380 |   45.346 |   45.431 |   45.410 ||   -0.79   -0.74   -0.78   -0.77   -0.99   -0.85   -0.44   -0.71   -0.79   -0.60   -0.65
       med   |   47.069 |   45.989 |   46.618 |   46.295 |   46.341 |   46.016 |   45.955 |   45.876 |   46.508 |   46.361 |   46.106 |   45.581
512    32    |   84.516 |   83.753 |   84.431 |   84.410 |   84.506 |   84.499 |   84.520 |   84.397 |   84.415 |   84.124 |   84.445 |   84.432 ||   -0.90   -0.10   -0.12   -0.01   -0.02   +0.00   -0.14   -0.12   -0.46   -0.08   -0.10
       med   |   85.348 |   84.704 |   85.347 |   85.665 |   86.383 |   86.121 |   85.619 |   85.332 |   85.078 |   85.439 |   86.325 |   85.355
1024   64    |  161.969 |  161.553 |  161.917 |  162.022 |  161.868 |  162.112 |  162.282 |  161.928 |  161.929 |  162.084 |  161.931 |  161.951 ||   -0.26   -0.03   +0.03   -0.06   +0.09   +0.19   -0.03   -0.02   +0.07   -0.02   -0.01
       med   |  164.444 |  162.262 |  162.466 |  165.863 |  163.226 |  166.179 |  166.005 |  163.150 |  163.660 |  164.044 |  164.570 |  162.116
4096   256   |  628.976 |  628.708 |  628.818 |  627.918 |  628.336 |  628.907 |  628.764 |  628.706 |  628.732 |  628.766 |  628.817 |  628.618 ||   -0.04   -0.03   -0.17   -0.10   -0.01   -0.03   -0.04   -0.04   -0.03   -0.03   -0.06
       med   |  630.611 |  632.249 |  631.832 |  633.323 |  630.054 |  631.540 |  635.827 |  629.808 |  630.710 |  630.511 |  631.340 |  630.085
=== process order1.5
SELFCHECK OK (256 whole-block lengths 1..256 blk x 12 variants; out/Xi/ivec/ret byte-identical)
bytes  blks  |     base |   baseAA |     dsp0 |   dsp0AA |     m4s4 |   m4s4AA |    m4s4h |       s4 |      s4h |     t4p8 |       t4 |      cw4 ||  baseAA%    dsp0%  dsp0AA%    m4s4%  m4s4AA%   m4s4h%      s4%     s4h%    t4p8%      t4%     cw4%
16     1     |   25.336 |   25.352 |   24.754 |   23.505 |   12.555 |   12.545 |   12.573 |   12.546 |   12.571 |   12.334 |   12.373 |   12.558 ||   +0.06   -2.30   -7.23  -50.44  -50.49  -50.37  -50.48  -50.38  -51.32  -51.16  -50.43
       med   |   25.681 |   25.551 |   26.017 |   25.818 |   12.582 |   12.549 |   12.616 |   12.550 |   12.612 |   12.343 |   12.388 |   12.570
32     2     |   23.409 |   23.364 |   23.385 |   23.353 |   13.312 |   13.291 |   13.243 |   13.293 |   13.242 |   13.407 |   13.394 |   13.356 ||   -0.19   -0.10   -0.24  -43.13  -43.22  -43.43  -43.21  -43.43  -42.73  -42.78  -42.94
       med   |   24.071 |   23.426 |   23.955 |   23.565 |   13.320 |   13.299 |   13.306 |   13.299 |   13.277 |   13.425 |   13.447 |   13.423
48     3     |   24.251 |   24.246 |   24.211 |   24.202 |   16.199 |   16.186 |   15.207 |   16.175 |   15.195 |   13.735 |   13.737 |   14.079 ||   -0.02   -0.16   -0.20  -33.20  -33.26  -37.29  -33.30  -37.34  -43.36  -43.35  -41.94
       med   |   24.815 |   24.292 |   24.842 |   24.648 |   16.224 |   16.206 |   15.559 |   16.230 |   15.400 |   14.773 |   14.898 |   14.150
64     4     |   25.158 |   25.105 |   25.138 |   25.117 |   19.990 |   19.843 |   18.630 |   19.833 |   18.631 |   14.860 |   14.852 |   15.558 ||   -0.21   -0.08   -0.16  -20.54  -21.12  -25.95  -21.16  -25.94  -40.93  -40.96  -38.16
       med   |   25.575 |   25.170 |   25.652 |   25.299 |   20.211 |   19.871 |   18.977 |   20.596 |   18.761 |   14.917 |   14.920 |   15.746
80     5     |   25.987 |   25.988 |   26.000 |   25.988 |   26.010 |   26.010 |   26.005 |   25.987 |   25.990 |   26.011 |   25.982 |   19.604 ||   +0.00   +0.05   +0.01   +0.09   +0.09   +0.07   +0.00   +0.01   +0.09   -0.02  -24.56
       med   |   26.067 |   26.018 |   26.666 |   26.219 |   26.664 |   26.291 |   26.206 |   26.020 |   26.126 |   26.624 |   26.337 |   19.638
96     6     |   26.924 |   26.916 |   26.928 |   26.885 |   26.901 |   26.966 |   26.911 |   26.926 |   26.930 |   26.875 |   26.911 |   22.065 ||   -0.03   +0.01   -0.15   -0.09   +0.15   -0.05   +0.01   +0.02   -0.18   -0.05  -18.05
       med   |   26.997 |   26.974 |   27.641 |   27.032 |   27.272 |   27.500 |   27.063 |   26.970 |   27.224 |   27.419 |   27.239 |   22.092
112    7     |   27.458 |   27.434 |   27.514 |   27.491 |   27.498 |   27.546 |   27.516 |   27.477 |   27.425 |   27.520 |   27.526 |   24.807 ||   -0.09   +0.20   +0.12   +0.14   +0.32   +0.21   +0.07   -0.12   +0.22   +0.24   -9.66
       med   |   27.757 |   27.463 |   28.166 |   27.532 |   27.977 |   28.197 |   27.563 |   27.548 |   27.736 |   28.054 |   28.079 |   24.840
128    8     |   25.388 |   25.552 |   25.591 |   25.549 |   30.879 |   30.864 |   29.955 |   25.572 |   25.588 |   22.840 |   25.411 |   27.294 ||   +0.65   +0.80   +0.64  +21.63  +21.57  +17.99   +0.72   +0.79  -10.04   +0.09   +7.51
       med   |   25.753 |   25.600 |   26.124 |   25.626 |   30.993 |   30.890 |   30.021 |   25.782 |   25.762 |   22.926 |   26.016 |   27.324
256    16    |   45.679 |   45.338 |   45.363 |   45.363 |   45.347 |   45.289 |   45.323 |   45.536 |   45.340 |   45.332 |   45.423 |   45.403 ||   -0.75   -0.69   -0.69   -0.73   -0.85   -0.78   -0.31   -0.74   -0.76   -0.56   -0.60
       med   |   46.758 |   45.830 |   46.646 |   46.401 |   46.934 |   46.017 |   45.935 |   46.112 |   46.197 |   46.452 |   46.003 |   45.587
512    32    |   84.377 |   83.918 |   84.505 |   84.453 |   84.462 |   84.440 |   84.559 |   83.241 |   84.393 |   84.394 |   84.446 |   84.237 ||   -0.54   +0.15   +0.09   +0.10   +0.08   +0.22   -1.35   +0.02   +0.02   +0.08   -0.17
       med   |   84.819 |   84.433 |   85.358 |   85.633 |   85.636 |   85.522 |   85.705 |   85.541 |   85.069 |   85.453 |   85.653 |   85.540
1024   64    |  161.974 |  161.700 |  161.874 |  161.918 |  161.895 |  162.226 |  162.437 |  161.890 |  162.000 |  161.948 |  161.971 |  161.989 ||   -0.17   -0.06   -0.03   -0.05   +0.16   +0.29   -0.05   +0.02   -0.02   -0.00   +0.01
       med   |  163.091 |  163.193 |  164.970 |  163.495 |  163.450 |  164.339 |  165.970 |  163.018 |  163.677 |  163.113 |  163.275 |  162.977
4096   256   |  628.845 |  628.601 |  628.888 |  628.520 |  628.263 |  628.399 |  628.654 |  627.458 |  628.696 |  628.660 |  628.809 |  628.697 ||   -0.04   +0.01   -0.05   -0.09   -0.07   -0.03   -0.22   -0.02   -0.03   -0.01   -0.02
       med   |  630.437 |  631.264 |  632.159 |  631.730 |  629.926 |  630.990 |  635.227 |  629.917 |  631.158 |  630.314 |  632.972 |  630.751
=== process order2.1
SELFCHECK OK (256 whole-block lengths 1..256 blk x 12 variants; out/Xi/ivec/ret byte-identical)
bytes  blks  |     base |      cw4 |       t4 |     t4p8 |      s4h |       s4 |    m4s4h |   m4s4AA |     m4s4 |   dsp0AA |     dsp0 |   baseAA ||     cw4%      t4%    t4p8%     s4h%      s4%   m4s4h%  m4s4AA%    m4s4%  dsp0AA%    dsp0%  baseAA%
16     1     |   23.579 |   12.534 |   12.328 |   12.312 |   12.572 |   12.545 |   12.576 |   12.556 |   12.545 |   23.584 |   23.642 |   23.317 ||  -46.84  -47.72  -47.79  -46.68  -46.80  -46.66  -46.75  -46.80   +0.02   +0.26   -1.11
       med   |   25.700 |   12.569 |   12.396 |   12.343 |   12.591 |   12.550 |   12.615 |   12.571 |   12.549 |   25.727 |   25.881 |   25.549
32     2     |   23.404 |   13.355 |   13.373 |   13.404 |   13.241 |   13.293 |   13.241 |   13.312 |   13.292 |   23.373 |   23.378 |   23.397 ||  -42.94  -42.86  -42.73  -43.42  -43.20  -43.42  -43.12  -43.21   -0.13   -0.11   -0.03
       med   |   23.584 |   13.365 |   13.432 |   13.427 |   13.305 |   13.356 |   13.246 |   13.317 |   13.299 |   23.518 |   23.806 |   23.436
48     3     |   24.248 |   14.119 |   13.695 |   13.726 |   15.190 |   16.175 |   15.192 |   16.200 |   16.191 |   24.210 |   24.225 |   24.251 ||  -41.77  -43.52  -43.39  -37.36  -33.29  -37.35  -33.19  -33.23   -0.16   -0.09   +0.01
       med   |   24.575 |   14.252 |   13.739 |   13.773 |   15.225 |   16.223 |   15.227 |   16.252 |   16.498 |   24.379 |   24.554 |   24.355
64     4     |   25.118 |   15.565 |   14.863 |   14.855 |   18.640 |   19.832 |   18.627 |   19.870 |   19.788 |   25.127 |   25.143 |   25.126 ||  -38.03  -40.83  -40.86  -25.79  -21.05  -25.84  -20.89  -21.22   +0.03   +0.10   +0.03
       med   |   25.402 |   15.877 |   14.876 |   14.868 |   19.086 |   19.880 |   18.800 |   19.911 |   19.864 |   25.253 |   25.440 |   25.171
80     5     |   25.995 |   19.598 |   25.985 |   26.000 |   25.993 |   25.991 |   25.999 |   26.000 |   26.006 |   25.991 |   26.009 |   25.990 ||  -24.61   -0.04   +0.02   -0.01   -0.02   +0.02   +0.02   +0.04   -0.01   +0.05   -0.02
       med   |   26.605 |   19.967 |   26.139 |   26.050 |   26.249 |   26.262 |   26.159 |   26.040 |   26.033 |   26.464 |   26.334 |   26.247
96     6     |   26.891 |   22.085 |   26.949 |   26.795 |   26.759 |   26.922 |   26.898 |   26.944 |   26.920 |   26.924 |   26.943 |   26.945 ||  -17.87   +0.22   -0.36   -0.49   +0.11   +0.03   +0.20   +0.11   +0.12   +0.19   +0.20
       med   |   27.447 |   22.699 |   27.227 |   26.984 |   27.072 |   27.019 |   26.987 |   26.984 |   27.050 |   27.374 |   27.231 |   27.274
112    7     |   27.458 |   24.812 |   27.487 |   27.479 |   27.520 |   27.490 |   27.510 |   27.495 |   27.521 |   27.522 |   27.391 |   27.459 ||   -9.64   +0.11   +0.08   +0.23   +0.12   +0.19   +0.14   +0.23   +0.23   -0.24   +0.01
       med   |   28.026 |   24.838 |   27.743 |   27.542 |   27.716 |   27.618 |   27.565 |   27.539 |   27.564 |   27.915 |   27.603 |   27.836
128    8     |   25.379 |   27.300 |   25.611 |   22.902 |   25.589 |   25.591 |   29.957 |   30.879 |   30.859 |   25.583 |   25.378 |   25.519 ||   +7.57   +0.91   -9.76   +0.83   +0.84  +18.04  +21.67  +21.59   +0.80   -0.01   +0.55
       med   |   25.910 |   27.887 |   26.007 |   23.132 |   25.886 |   25.939 |   30.263 |   30.909 |   30.891 |   25.873 |   25.630 |   25.540
256    16    |   45.521 |   45.366 |   45.370 |   45.335 |   45.393 |   45.463 |   45.355 |   45.349 |   45.282 |   45.343 |   45.375 |   45.529 ||   -0.34   -0.33   -0.41   -0.28   -0.13   -0.36   -0.38   -0.52   -0.39   -0.32   +0.02
       med   |   46.279 |   45.802 |   46.393 |   45.736 |   46.275 |   46.249 |   46.183 |   46.440 |   45.864 |   46.559 |   46.068 |   46.394
512    32    |   84.506 |   84.423 |   84.528 |   84.506 |   84.479 |   84.494 |   84.441 |   84.471 |   84.382 |   84.375 |   84.439 |   84.368 ||   -0.10   +0.03   +0.00   -0.03   -0.01   -0.08   -0.04   -0.15   -0.15   -0.08   -0.16
       med   |   84.937 |   85.508 |   85.420 |   85.478 |   85.971 |   85.651 |   85.614 |   85.897 |   85.770 |   85.293 |   85.106 |   85.664
1024   64    |  162.075 |  162.031 |  162.102 |  161.461 |  161.964 |  162.084 |  162.043 |  160.815 |  160.868 |  161.679 |  161.930 |  161.472 ||   -0.03   +0.02   -0.38   -0.07   +0.01   -0.02   -0.78   -0.74   -0.24   -0.09   -0.37
       med   |  163.167 |  164.445 |  163.624 |  162.691 |  163.703 |  163.589 |  165.475 |  166.449 |  163.344 |  165.085 |  163.176 |  164.489
4096   256   |  628.964 |  628.723 |  628.501 |  628.396 |  628.867 |  628.933 |  628.581 |  628.530 |  628.701 |  628.786 |  628.679 |  628.224 ||   -0.04   -0.07   -0.09   -0.02   -0.01   -0.06   -0.07   -0.04   -0.03   -0.05   -0.12
       med   |  630.419 |  632.026 |  630.732 |  630.306 |  631.037 |  630.831 |  634.337 |  633.203 |  630.137 |  633.381 |  633.081 |  634.130
=== process order2.2
SELFCHECK OK (256 whole-block lengths 1..256 blk x 12 variants; out/Xi/ivec/ret byte-identical)
bytes  blks  |     base |      cw4 |       t4 |     t4p8 |      s4h |       s4 |    m4s4h |   m4s4AA |     m4s4 |   dsp0AA |     dsp0 |   baseAA ||     cw4%      t4%    t4p8%     s4h%      s4%   m4s4h%  m4s4AA%    m4s4%  dsp0AA%    dsp0%  baseAA%
16     1     |   23.334 |   12.505 |   12.327 |   12.308 |   12.573 |   12.546 |   12.574 |   12.555 |   12.544 |   24.780 |   23.737 |   23.327 ||  -46.41  -47.17  -47.25  -46.11  -46.23  -46.11  -46.20  -46.24   +6.20   +1.73   -0.03
       med   |   25.712 |   12.569 |   12.395 |   12.343 |   12.591 |   12.550 |   12.615 |   12.572 |   12.549 |   25.722 |   25.889 |   25.578
32     2     |   23.395 |   13.356 |   13.364 |   13.387 |   13.241 |   13.294 |   13.241 |   13.311 |   13.293 |   23.376 |   23.373 |   23.392 ||  -42.91  -42.88  -42.78  -43.40  -43.18  -43.40  -43.10  -43.18   -0.08   -0.09   -0.01
       med   |   23.692 |   13.364 |   13.432 |   13.426 |   13.305 |   13.356 |   13.245 |   13.318 |   13.299 |   23.540 |   23.806 |   23.437
48     3     |   24.243 |   14.117 |   13.694 |   13.727 |   15.189 |   16.169 |   15.193 |   16.205 |   16.185 |   24.202 |   24.212 |   24.249 ||  -41.77  -43.51  -43.38  -37.35  -33.30  -37.33  -33.16  -33.24   -0.17   -0.13   +0.03
       med   |   24.570 |   14.250 |   13.703 |   13.773 |   15.224 |   16.363 |   15.229 |   16.256 |   16.378 |   24.358 |   24.444 |   24.348
64     4     |   25.140 |   15.562 |   14.861 |   14.856 |   18.632 |   19.830 |   18.628 |   19.869 |   19.784 |   25.124 |   25.131 |   25.111 ||  -38.10  -40.89  -40.91  -25.89  -21.12  -25.91  -20.97  -21.31   -0.06   -0.04   -0.12
       med   |   25.247 |   15.885 |   14.875 |   14.868 |   18.803 |   19.881 |   18.805 |   19.907 |   19.862 |   25.255 |   25.443 |   25.172
80     5     |   25.991 |   19.612 |   25.990 |   25.996 |   25.991 |   25.992 |   26.002 |   26.001 |   26.013 |   25.995 |   25.990 |   25.988 ||  -24.54   -0.01   +0.02   +0.00   +0.00   +0.04   +0.04   +0.08   +0.02   -0.00   -0.01
       med   |   26.588 |   19.972 |   26.252 |   26.036 |   26.254 |   26.036 |   26.262 |   26.038 |   26.284 |   26.468 |   26.224 |   26.516
96     6     |   26.919 |   22.074 |   26.942 |   26.781 |   26.756 |   26.920 |   26.903 |   26.948 |   26.929 |   26.918 |   26.952 |   26.937 ||  -18.00   +0.09   -0.51   -0.61   +0.00   -0.06   +0.11   +0.04   -0.00   +0.12   +0.07
       med   |   27.379 |   22.665 |   27.149 |   26.983 |   27.125 |   26.960 |   26.996 |   26.983 |   26.983 |   27.180 |   27.230 |   27.410
112    7     |   27.458 |   24.806 |   27.479 |   27.483 |   27.511 |   27.496 |   27.513 |   27.514 |   27.509 |   27.514 |   27.484 |   27.461 ||   -9.66   +0.08   +0.09   +0.19   +0.14   +0.20   +0.20   +0.18   +0.20   +0.09   +0.01
       med   |   27.807 |   24.838 |   27.731 |   27.543 |   27.682 |   27.554 |   27.609 |   27.805 |   27.567 |   27.905 |   27.764 |   28.044
128    8     |   25.384 |   27.304 |   25.609 |   22.903 |   25.592 |   25.587 |   29.989 |   30.877 |   30.857 |   25.590 |   25.379 |   25.514 ||   +7.56   +0.89   -9.77   +0.82   +0.80  +18.14  +21.64  +21.56   +0.81   -0.02   +0.51
       med   |   25.936 |   27.876 |   26.045 |   23.134 |   25.875 |   25.616 |   30.276 |   30.911 |   30.892 |   25.893 |   26.003 |   25.540
256    16    |   45.528 |   45.358 |   45.459 |   45.346 |   45.151 |   45.377 |   45.338 |   45.347 |   45.271 |   45.350 |   45.372 |   45.497 ||   -0.37   -0.15   -0.40   -0.83   -0.33   -0.42   -0.40   -0.56   -0.39   -0.34   -0.07
       med   |   46.721 |   45.859 |   46.379 |   45.744 |   46.239 |   46.019 |   46.499 |   46.422 |   45.671 |   46.181 |   45.748 |   45.963
512    32    |   84.507 |   84.431 |   83.394 |   84.496 |   84.439 |   84.466 |   84.443 |   83.603 |   84.385 |   84.419 |   84.416 |   84.361 ||   -0.09   -1.32   -0.01   -0.08   -0.05   -0.08   -1.07   -0.14   -0.10   -0.11   -0.17
       med   |   85.687 |   85.178 |   85.833 |   84.947 |   85.929 |   85.676 |   85.760 |   85.273 |   85.665 |   85.950 |   84.746 |   86.335
1024   64    |  161.827 |  162.031 |  162.024 |  161.460 |  162.008 |  162.083 |  162.435 |  162.080 |  160.794 |  161.172 |  162.018 |  161.911 ||   +0.13   +0.12   -0.23   +0.11   +0.16   +0.38   +0.16   -0.64   -0.40   +0.12   +0.05
       med   |  163.309 |  163.932 |  163.451 |  162.972 |  164.450 |  163.594 |  165.365 |  164.470 |  162.972 |  164.816 |  163.352 |  166.505
4096   256   |  629.130 |  628.741 |  628.711 |  628.640 |  628.362 |  629.057 |  628.773 |  628.486 |  628.679 |  629.008 |  628.500 |  628.354 ||   -0.06   -0.07   -0.08   -0.12   -0.01   -0.06   -0.10   -0.07   -0.02   -0.10   -0.12
       med   |  630.953 |  631.352 |  631.936 |  630.117 |  632.952 |  631.064 |  634.899 |  633.836 |  629.968 |  633.062 |  629.882 |  633.860
=== process order2.3
SELFCHECK OK (256 whole-block lengths 1..256 blk x 12 variants; out/Xi/ivec/ret byte-identical)
bytes  blks  |     base |      cw4 |       t4 |     t4p8 |      s4h |       s4 |    m4s4h |   m4s4AA |     m4s4 |   dsp0AA |     dsp0 |   baseAA ||     cw4%      t4%    t4p8%     s4h%      s4%   m4s4h%  m4s4AA%    m4s4%  dsp0AA%    dsp0%  baseAA%
16     1     |   25.394 |   12.557 |   12.323 |   12.335 |   12.572 |   12.546 |   12.571 |   12.556 |   12.544 |   25.501 |   25.476 |   25.361 ||  -50.55  -51.47  -51.43  -50.49  -50.60  -50.50  -50.56  -50.60   +0.42   +0.32   -0.13
       med   |   25.684 |   12.569 |   12.394 |   12.343 |   12.591 |   12.550 |   12.615 |   12.561 |   12.550 |   25.690 |   25.846 |   25.530
32     2     |   23.408 |   13.355 |   13.370 |   13.414 |   13.242 |   13.294 |   13.241 |   13.312 |   13.293 |   23.379 |   23.389 |   23.403 ||  -42.95  -42.88  -42.70  -43.43  -43.21  -43.43  -43.13  -43.21   -0.12   -0.08   -0.02
       med   |   23.577 |   13.364 |   13.431 |   13.427 |   13.305 |   13.356 |   13.247 |   13.320 |   13.299 |   23.578 |   23.812 |   23.506
48     3     |   24.262 |   14.113 |   13.694 |   13.733 |   15.185 |   16.171 |   15.195 |   16.202 |   16.189 |   24.204 |   24.211 |   24.246 ||  -41.83  -43.56  -43.40  -37.41  -33.35  -37.37  -33.22  -33.27   -0.24   -0.21   -0.07
       med   |   24.607 |   14.254 |   13.740 |   13.740 |   15.222 |   16.224 |   15.224 |   16.257 |   16.484 |   24.361 |   24.645 |   24.302
64     4     |   25.116 |   15.554 |   14.860 |   14.856 |   18.634 |   19.834 |   18.621 |   19.875 |   19.785 |   25.114 |   25.139 |   25.116 ||  -38.07  -40.83  -40.85  -25.81  -21.03  -25.86  -20.87  -21.22   -0.01   +0.09   +0.00
       med   |   25.476 |   15.885 |   14.875 |   14.868 |   18.807 |   20.093 |   18.804 |   19.915 |   19.864 |   25.253 |   25.505 |   25.171
80     5     |   25.981 |   19.605 |   26.003 |   25.997 |   25.988 |   25.991 |   25.996 |   26.002 |   26.007 |   25.991 |   26.003 |   25.994 ||  -24.54   +0.08   +0.06   +0.03   +0.04   +0.06   +0.08   +0.10   +0.04   +0.08   +0.05
       med   |   26.269 |   19.969 |   26.302 |   26.043 |   26.238 |   26.177 |   26.147 |   26.043 |   26.035 |   26.467 |   26.331 |   26.252
96     6     |   26.931 |   22.080 |   26.922 |   26.786 |   26.757 |   26.928 |   26.885 |   26.913 |   26.929 |   26.922 |   26.900 |   26.896 ||  -18.01   -0.03   -0.54   -0.65   -0.01   -0.17   -0.07   -0.01   -0.03   -0.12   -0.13
       med   |   27.463 |   22.694 |   27.247 |   26.984 |   27.109 |   27.206 |   26.986 |   26.983 |   26.984 |   27.178 |   27.230 |   27.407
112    7     |   27.471 |   24.811 |   27.495 |   27.443 |   27.517 |   27.405 |   27.514 |   27.504 |   27.517 |   27.512 |   27.394 |   27.450 ||   -9.68   +0.09   -0.10   +0.17   -0.24   +0.16   +0.12   +0.17   +0.15   -0.28   -0.07
       med   |   28.030 |   24.836 |   27.742 |   27.539 |   27.635 |   27.628 |   27.565 |   27.540 |   27.565 |   27.800 |   27.616 |   27.777
128    8     |   25.383 |   27.296 |   25.401 |   22.906 |   25.595 |   25.587 |   29.956 |   30.877 |   30.856 |   25.588 |   25.377 |   25.515 ||   +7.54   +0.07   -9.76   +0.84   +0.80  +18.02  +21.64  +21.56   +0.81   -0.03   +0.52
       med   |   25.792 |   27.898 |   25.781 |   22.930 |   25.971 |   25.622 |   30.172 |   30.909 |   31.008 |   25.889 |   25.998 |   25.540
256    16    |   45.854 |   45.355 |   45.431 |   45.346 |   45.383 |   45.403 |   45.362 |   45.363 |   45.294 |   45.408 |   45.404 |   45.548 ||   -1.09   -0.92   -1.11   -1.03   -0.98   -1.07   -1.07   -1.22   -0.97   -0.98   -0.67
       med   |   47.064 |   45.722 |   46.367 |   45.836 |   46.239 |   46.034 |   46.352 |   46.777 |   45.596 |   46.537 |   46.179 |   45.978
512    32    |   84.547 |   84.059 |   84.175 |   84.438 |   84.460 |   84.394 |   84.437 |   84.474 |   84.325 |   84.388 |   84.324 |   84.358 ||   -0.58   -0.44   -0.13   -0.10   -0.18   -0.13   -0.09   -0.26   -0.19   -0.26   -0.22
       med   |   85.493 |   85.295 |   85.654 |   85.541 |   86.489 |   85.902 |   85.590 |   85.483 |   85.377 |   85.683 |   84.973 |   86.188
1024   64    |  161.819 |  162.077 |  162.026 |  161.577 |  162.056 |  161.989 |  162.002 |  160.767 |  161.083 |  161.864 |  161.916 |  161.793 ||   +0.16   +0.13   -0.15   +0.15   +0.11   +0.11   -0.65   -0.45   +0.03   +0.06   -0.02
       med   |  163.750 |  164.845 |  164.444 |  162.958 |  164.035 |  164.365 |  164.580 |  163.282 |  163.586 |  165.022 |  163.010 |  163.635
4096   256   |  628.995 |  628.786 |  628.735 |  628.699 |  628.770 |  628.908 |  628.850 |  628.772 |  628.562 |  628.669 |  628.362 |  628.109 ||   -0.03   -0.04   -0.05   -0.04   -0.01   -0.02   -0.04   -0.07   -0.05   -0.10   -0.14
       med   |  630.495 |  631.723 |  630.429 |  630.396 |  633.250 |  631.547 |  634.528 |  632.817 |  630.784 |  633.141 |  629.904 |  633.410
=== process order2.4
SELFCHECK OK (256 whole-block lengths 1..256 blk x 12 variants; out/Xi/ivec/ret byte-identical)
bytes  blks  |     base |      cw4 |       t4 |     t4p8 |      s4h |       s4 |    m4s4h |   m4s4AA |     m4s4 |   dsp0AA |     dsp0 |   baseAA ||     cw4%      t4%    t4p8%     s4h%      s4%   m4s4h%  m4s4AA%    m4s4%  dsp0AA%    dsp0%  baseAA%
16     1     |   23.785 |   12.555 |   12.329 |   12.337 |   12.573 |   12.545 |   12.574 |   12.556 |   12.546 |   25.442 |   25.534 |   23.326 ||  -47.22  -48.17  -48.13  -47.14  -47.26  -47.14  -47.21  -47.25   +6.96   +7.35   -1.93
       med   |   25.711 |   12.569 |   12.395 |   12.368 |   12.592 |   12.550 |   12.615 |   12.572 |   12.550 |   25.717 |   25.906 |   25.597
32     2     |   23.409 |   13.355 |   13.368 |   13.414 |   13.242 |   13.294 |   13.241 |   13.312 |   13.293 |   23.376 |   23.377 |   23.403 ||  -42.95  -42.89  -42.70  -43.43  -43.21  -43.44  -43.13  -43.22   -0.14   -0.14   -0.03
       med   |   23.798 |   13.365 |   13.431 |   13.426 |   13.305 |   13.356 |   13.246 |   13.317 |   13.300 |   23.535 |   23.811 |   23.509
48     3     |   24.252 |   14.117 |   13.695 |   13.729 |   15.187 |   16.177 |   15.195 |   16.201 |   16.188 |   24.208 |   24.362 |   24.253 ||  -41.79  -43.53  -43.39  -37.38  -33.30  -37.35  -33.20  -33.25   -0.18   +0.45   +0.00
       med   |   24.629 |   14.249 |   13.739 |   13.766 |   15.225 |   16.223 |   15.229 |   16.254 |   16.288 |   24.369 |   24.642 |   24.345
64     4     |   25.124 |   15.564 |   14.861 |   14.854 |   18.629 |   19.828 |   18.625 |   19.871 |   19.783 |   25.122 |   25.132 |   25.129 ||  -38.05  -40.85  -40.87  -25.85  -21.08  -25.87  -20.91  -21.26   -0.00   +0.03   +0.02
       med   |   25.423 |   15.917 |   14.875 |   14.868 |   18.803 |   19.884 |   18.651 |   19.914 |   19.862 |   25.256 |   25.520 |   25.171
80     5     |   25.990 |   19.606 |   25.999 |   25.998 |   25.985 |   25.989 |   25.993 |   26.003 |   26.006 |   25.990 |   25.993 |   25.990 ||  -24.56   +0.04   +0.03   -0.02   -0.00   +0.01   +0.05   +0.06   +0.00   +0.01   +0.00
       med   |   26.695 |   19.965 |   26.260 |   26.035 |   26.257 |   26.112 |   26.156 |   26.036 |   26.301 |   26.479 |   26.237 |   26.452
96     6     |   26.935 |   22.064 |   26.952 |   26.799 |   26.765 |   26.908 |   26.901 |   26.911 |   26.932 |   26.933 |   26.924 |   26.935 ||  -18.08   +0.06   -0.50   -0.63   -0.10   -0.13   -0.09   -0.01   -0.00   -0.04   +0.00
       med   |   27.233 |   22.699 |   27.047 |   26.983 |   27.035 |   26.973 |   26.995 |   26.983 |   26.982 |   27.398 |   27.119 |   27.392
112    7     |   27.465 |   24.804 |   27.490 |   27.491 |   27.415 |   27.483 |   27.511 |   27.502 |   27.522 |   27.533 |   27.514 |   27.453 ||   -9.69   +0.09   +0.10   -0.18   +0.07   +0.17   +0.14   +0.21   +0.25   +0.18   -0.04
       med   |   28.139 |   24.837 |   27.611 |   27.548 |   27.728 |   27.553 |   27.611 |   27.539 |   27.813 |   27.940 |   27.765 |   27.816
128    8     |   25.354 |   27.297 |   25.614 |   22.870 |   25.588 |   25.592 |   29.969 |   30.881 |   30.865 |   25.585 |   25.371 |   25.515 ||   +7.67   +1.03   -9.79   +0.92   +0.94  +18.20  +21.80  +21.74   +0.91   +0.07   +0.63
       med   |   25.899 |   27.891 |   26.033 |   23.136 |   25.887 |   25.762 |   30.162 |   30.908 |   30.891 |   25.766 |   25.762 |   25.540
256    16    |   45.680 |   45.364 |   45.467 |   45.332 |   45.356 |   45.470 |   45.386 |   45.354 |   45.293 |   45.583 |   45.321 |   45.548 ||   -0.69   -0.47   -0.76   -0.71   -0.46   -0.64   -0.71   -0.85   -0.21   -0.79   -0.29
       med   |   47.035 |   45.829 |   46.362 |   45.738 |   46.154 |   45.920 |   46.530 |   46.805 |   45.929 |   46.550 |   45.818 |   46.325
512    32    |   84.340 |   84.402 |   84.527 |   84.228 |   84.406 |   84.526 |   84.431 |   84.283 |   84.394 |   84.388 |   84.434 |   84.361 ||   +0.07   +0.22   -0.13   +0.08   +0.22   +0.11   -0.07   +0.06   +0.06   +0.11   +0.03
       med   |   85.562 |   85.169 |   85.652 |   84.942 |   85.899 |   85.610 |   85.601 |   84.730 |   85.907 |   85.833 |   85.027 |   86.657
1024   64    |  162.064 |  162.020 |  162.065 |  161.482 |  162.050 |  162.102 |  161.975 |  160.744 |  161.786 |  161.926 |  161.752 |  161.460 ||   -0.03   +0.00   -0.36   -0.01   +0.02   -0.06   -0.81   -0.17   -0.09   -0.19   -0.37
       med   |  163.412 |  165.442 |  164.848 |  163.095 |  165.081 |  164.997 |  164.383 |  162.440 |  163.179 |  164.014 |  162.196 |  164.172
4096   256   |  628.835 |  628.684 |  628.718 |  628.441 |  628.859 |  628.963 |  628.648 |  628.842 |  628.639 |  628.801 |  628.545 |  628.524 ||   -0.02   -0.02   -0.06   +0.00   +0.02   -0.03   +0.00   -0.03   -0.01   -0.05   -0.05
       med   |  630.614 |  631.910 |  630.768 |  630.137 |  632.057 |  631.109 |  634.297 |  633.734 |  631.365 |  632.718 |  629.946 |  634.787
=== process order2.5
SELFCHECK OK (256 whole-block lengths 1..256 blk x 12 variants; out/Xi/ivec/ret byte-identical)
bytes  blks  |     base |      cw4 |       t4 |     t4p8 |      s4h |       s4 |    m4s4h |   m4s4AA |     m4s4 |   dsp0AA |     dsp0 |   baseAA ||     cw4%      t4%    t4p8%     s4h%      s4%   m4s4h%  m4s4AA%    m4s4%  dsp0AA%    dsp0%  baseAA%
16     1     |   23.333 |   12.558 |   12.387 |   12.335 |   12.570 |   12.546 |   12.574 |   12.556 |   12.546 |   24.828 |   23.297 |   23.325 ||  -46.18  -46.91  -47.13  -46.12  -46.23  -46.11  -46.19  -46.23   +6.41   -0.15   -0.03
       med   |   25.682 |   12.569 |   12.395 |   12.343 |   12.612 |   12.550 |   12.614 |   12.570 |   12.549 |   25.719 |   25.897 |   25.514
32     2     |   23.402 |   13.356 |   13.373 |   13.412 |   13.242 |   13.295 |   13.242 |   13.312 |   13.292 |   23.377 |   23.373 |   23.402 ||  -42.93  -42.85  -42.69  -43.41  -43.19  -43.41  -43.12  -43.20   -0.11   -0.12   -0.00
       med   |   23.590 |   13.366 |   13.432 |   13.425 |   13.305 |   13.356 |   13.248 |   13.317 |   13.300 |   23.562 |   23.670 |   23.507
48     3     |   24.247 |   14.119 |   13.695 |   13.729 |   15.184 |   16.176 |   15.189 |   16.202 |   16.186 |   24.210 |   24.208 |   24.248 ||  -41.77  -43.52  -43.38  -37.38  -33.29  -37.36  -33.18  -33.25   -0.15   -0.16   +0.00
       med   |   24.473 |   14.245 |   13.703 |   13.765 |   15.220 |   16.367 |   15.228 |   16.246 |   16.211 |   24.350 |   24.471 |   24.298
64     4     |   25.119 |   15.567 |   14.864 |   14.857 |   18.629 |   19.832 |   18.625 |   19.873 |   19.785 |   25.114 |   25.142 |   25.122 ||  -38.03  -40.82  -40.85  -25.83  -21.05  -25.85  -20.88  -21.23   -0.02   +0.09   +0.01
       med   |   25.260 |   15.905 |   14.875 |   14.868 |   18.806 |   19.882 |   18.805 |   19.911 |   19.861 |   25.250 |   25.474 |   25.171
80     5     |   25.980 |   19.607 |   25.992 |   26.006 |   25.987 |   25.990 |   25.998 |   26.009 |   26.007 |   25.996 |   25.998 |   25.988 ||  -24.53   +0.05   +0.10   +0.03   +0.04   +0.07   +0.11   +0.10   +0.06   +0.07   +0.03
       med   |   26.726 |   19.971 |   26.261 |   26.043 |   26.231 |   26.580 |   26.168 |   26.346 |   26.300 |   26.532 |   26.332 |   26.254
96     6     |   26.890 |   22.079 |   26.939 |   26.791 |   26.763 |   26.922 |   26.902 |   26.892 |   26.923 |   26.914 |   26.921 |   26.924 ||  -17.89   +0.18   -0.37   -0.47   +0.12   +0.05   +0.01   +0.12   +0.09   +0.12   +0.13
       med   |   27.482 |   22.518 |   27.038 |   26.980 |   27.221 |   27.613 |   26.986 |   26.984 |   26.980 |   27.260 |   27.230 |   26.974
112    7     |   27.461 |   24.813 |   27.481 |   27.481 |   27.521 |   27.418 |   27.509 |   27.504 |   27.518 |   27.522 |   27.426 |   27.459 ||   -9.64   +0.08   +0.08   +0.22   -0.15   +0.18   +0.16   +0.21   +0.22   -0.13   -0.01
       med   |   28.137 |   24.836 |   27.738 |   27.550 |   27.648 |   28.031 |   27.638 |   27.540 |   27.562 |   27.797 |   27.617 |   27.738
128    8     |   25.380 |   27.298 |   25.615 |   22.903 |   25.595 |   25.589 |   29.940 |   30.876 |   30.859 |   25.590 |   25.394 |   25.512 ||   +7.56   +0.93   -9.76   +0.85   +0.82  +17.97  +21.66  +21.59   +0.83   +0.06   +0.52
       med   |   26.012 |   27.872 |   26.028 |   22.928 |   25.942 |   25.877 |   30.155 |   30.909 |   30.892 |   25.922 |   26.002 |   25.540
256    16    |   45.692 |   45.386 |   45.303 |   45.314 |   45.338 |   45.503 |   45.327 |   45.365 |   45.298 |   45.368 |   45.360 |   45.460 ||   -0.67   -0.85   -0.83   -0.77   -0.41   -0.80   -0.72   -0.86   -0.71   -0.73   -0.51
       med   |   46.967 |   45.831 |   46.070 |   45.728 |   46.303 |   46.049 |   46.345 |   46.758 |   45.934 |   46.603 |   45.764 |   45.984
512    32    |   84.525 |   84.398 |   84.581 |   84.499 |   84.434 |   84.492 |   84.464 |   84.468 |   84.281 |   84.383 |   84.434 |   84.382 ||   -0.15   +0.07   -0.03   -0.11   -0.04   -0.07   -0.07   -0.29   -0.17   -0.11   -0.17
       med   |   85.753 |   85.392 |   85.690 |   85.540 |   85.479 |   85.960 |   85.637 |   85.512 |   85.416 |   85.552 |   85.270 |   85.952
1024   64    |  162.237 |  162.047 |  161.997 |  161.511 |  162.095 |  162.044 |  161.992 |  162.120 |  161.469 |  162.086 |  162.060 |  161.448 ||   -0.12   -0.15   -0.45   -0.09   -0.12   -0.15   -0.07   -0.47   -0.09   -0.11   -0.49
       med   |  163.764 |  164.082 |  162.532 |  162.941 |  165.019 |  163.421 |  165.304 |  165.465 |  162.947 |  165.379 |  164.275 |  163.337
4096   256   |  628.346 |  628.730 |  628.799 |  628.416 |  628.413 |  628.962 |  628.806 |  628.784 |  628.481 |  628.819 |  628.427 |  628.126 ||   +0.06   +0.07   +0.01   +0.01   +0.10   +0.07   +0.07   +0.02   +0.08   +0.01   -0.04
       med   |  631.574 |  631.410 |  632.403 |  630.005 |  631.998 |  631.184 |  634.532 |  632.841 |  629.841 |  631.373 |  630.636 |  631.201
=== process order3.1
SELFCHECK OK (256 whole-block lengths 1..256 blk x 12 variants; out/Xi/ivec/ret byte-identical)
bytes  blks  |     base |    m4s4h |       s4 |   baseAA |     t4p8 |     dsp0 |      cw4 |     m4s4 |   dsp0AA |       t4 |      s4h |   m4s4AA ||   m4s4h%      s4%  baseAA%    t4p8%    dsp0%     cw4%    m4s4%  dsp0AA%      t4%     s4h%  m4s4AA%
16     1     |   25.351 |   12.571 |   12.576 |   25.391 |   12.358 |   25.408 |   12.561 |   12.545 |   23.816 |   12.312 |   12.572 |   12.555 ||  -50.41  -50.39   +0.16  -51.25   +0.23  -50.45  -50.51   -6.05  -51.43  -50.41  -50.47
       med   |   25.600 |   12.577 |   12.582 |   25.650 |   12.368 |   25.517 |   12.595 |   12.549 |   25.879 |   12.394 |   12.592 |   12.559
32     2     |   23.414 |   13.235 |   13.312 |   23.497 |   13.398 |   23.367 |   13.274 |   13.291 |   23.380 |   13.371 |   13.242 |   13.311 ||  -43.48  -43.14   +0.35  -42.78   -0.20  -43.31  -43.23   -0.15  -42.89  -43.44  -43.15
       med   |   23.671 |   13.316 |   13.319 |   24.198 |   13.424 |   23.521 |   13.361 |   13.299 |   23.700 |   13.432 |   13.306 |   13.317
48     3     |   24.273 |   15.206 |   16.170 |   24.272 |   13.701 |   24.205 |   14.101 |   16.188 |   24.198 |   13.693 |   15.183 |   16.199 ||  -37.36  -33.38   -0.00  -43.56   -0.28  -41.91  -33.31   -0.31  -43.59  -37.45  -33.27
       med   |   24.872 |   15.526 |   16.219 |   25.032 |   13.741 |   24.247 |   14.123 |   16.472 |   24.781 |   13.702 |   15.223 |   16.255
64     4     |   25.115 |   18.601 |   19.867 |   25.151 |   14.859 |   25.129 |   15.565 |   19.840 |   25.129 |   14.860 |   18.631 |   19.871 ||  -25.94  -20.90   +0.14  -40.84   +0.06  -38.03  -21.00   +0.05  -40.83  -25.82  -20.88
       med   |   25.668 |   18.627 |   20.145 |   25.814 |   14.935 |   25.201 |   15.594 |   19.864 |   25.352 |   14.875 |   18.806 |   19.932
80     5     |   25.982 |   26.006 |   25.984 |   25.980 |   26.001 |   25.989 |   19.605 |   26.010 |   26.001 |   25.992 |   26.001 |   26.010 ||   +0.09   +0.01   -0.00   +0.08   +0.03  -24.54   +0.11   +0.07   +0.04   +0.08   +0.11
       med   |   26.530 |   26.059 |   26.026 |   26.342 |   26.045 |   26.015 |   19.624 |   26.264 |   26.608 |   26.475 |   26.644 |   26.245
96     6     |   26.918 |   26.949 |   26.928 |   26.910 |   26.914 |   26.916 |   22.058 |   26.945 |   26.940 |   26.924 |   26.931 |   26.955 ||   +0.12   +0.04   -0.03   -0.01   -0.00  -18.05   +0.10   +0.08   +0.02   +0.05   +0.14
       med   |   27.386 |   26.979 |   26.976 |   27.554 |   26.985 |   26.957 |   22.090 |   26.986 |   27.546 |   27.399 |   27.362 |   27.091
112    7     |   27.462 |   27.522 |   27.481 |   27.364 |   27.497 |   27.507 |   24.822 |   27.526 |   27.499 |   27.471 |   27.520 |   27.518 ||   +0.22   +0.07   -0.36   +0.13   +0.16   -9.61   +0.23   +0.13   +0.03   +0.21   +0.20
       med   |   27.968 |   27.565 |   27.530 |   28.209 |   27.542 |   27.545 |   25.183 |   27.605 |   28.047 |   27.963 |   28.056 |   27.754
128    8     |   25.378 |   29.994 |   25.565 |   25.585 |   22.908 |   25.587 |   27.288 |   30.866 |   25.556 |   25.571 |   25.604 |   30.881 ||  +18.19   +0.74   +0.82   -9.73   +0.82   +7.53  +21.63   +0.70   +0.76   +0.89  +21.69
       med   |   25.916 |   30.384 |   25.651 |   26.007 |   23.191 |   25.880 |   27.325 |   30.897 |   25.693 |   25.776 |   26.252 |   31.113
256    16    |   45.507 |   45.369 |   45.375 |   45.436 |   45.329 |   45.348 |   45.340 |   45.301 |   45.532 |   45.366 |   45.283 |   45.366 ||   -0.30   -0.29   -0.15   -0.39   -0.35   -0.37   -0.45   +0.06   -0.31   -0.49   -0.31
       med   |   46.040 |   45.584 |   45.504 |   46.804 |   46.616 |   45.919 |   46.091 |   45.575 |   46.804 |   46.134 |   46.533 |   46.472
512    32    |   84.452 |   84.422 |   83.969 |   84.352 |   84.484 |   84.420 |   84.529 |   84.094 |   84.354 |   84.391 |   84.464 |   84.546 ||   -0.03   -0.57   -0.12   +0.04   -0.04   +0.09   -0.42   -0.12   -0.07   +0.01   +0.11
       med   |   85.497 |   85.867 |   84.714 |   85.124 |   86.148 |   85.301 |   85.680 |   85.358 |   85.417 |   84.977 |   86.291 |   85.614
1024   64    |  161.942 |  163.502 |  162.016 |  161.887 |  161.907 |  161.971 |  161.968 |  161.946 |  161.831 |  162.006 |  161.937 |  162.065 ||   +0.96   +0.05   -0.03   -0.02   +0.02   +0.02   +0.00   -0.07   +0.04   -0.00   +0.08
       med   |  163.094 |  164.964 |  163.358 |  162.903 |  164.161 |  163.148 |  162.994 |  163.367 |  163.458 |  163.669 |  164.811 |  165.598
4096   256   |  629.013 |  628.375 |  628.797 |  628.862 |  628.761 |  628.819 |  628.391 |  627.970 |  628.262 |  628.322 |  628.531 |  628.630 ||   -0.10   -0.03   -0.02   -0.04   -0.03   -0.10   -0.17   -0.12   -0.11   -0.08   -0.06
       med   |  630.732 |  632.613 |  630.831 |  633.128 |  630.496 |  630.557 |  632.403 |  631.094 |  630.845 |  630.462 |  630.928 |  633.609
=== process order3.2
SELFCHECK OK (256 whole-block lengths 1..256 blk x 12 variants; out/Xi/ivec/ret byte-identical)
bytes  blks  |     base |    m4s4h |       s4 |   baseAA |     t4p8 |     dsp0 |      cw4 |     m4s4 |   dsp0AA |       t4 |      s4h |   m4s4AA ||   m4s4h%      s4%  baseAA%    t4p8%    dsp0%     cw4%    m4s4%  dsp0AA%      t4%     s4h%  m4s4AA%
16     1     |   25.339 |   12.571 |   12.574 |   25.409 |   12.323 |   23.619 |   12.558 |   12.545 |   24.587 |   12.320 |   12.573 |   12.556 ||  -50.39  -50.38   +0.27  -51.37   -6.79  -50.44  -50.49   -2.97  -51.38  -50.38  -50.45
       med   |   25.694 |   12.577 |   12.582 |   25.735 |   12.367 |   25.615 |   12.595 |   12.550 |   26.044 |   12.395 |   12.591 |   12.560
32     2     |   23.411 |   13.235 |   13.313 |   23.411 |   13.396 |   23.374 |   13.289 |   13.292 |   23.372 |   13.374 |   13.242 |   13.312 ||  -43.47  -43.13   +0.00  -42.78   -0.16  -43.24  -43.22   -0.17  -42.87  -43.44  -43.14
       med   |   23.885 |   13.317 |   13.319 |   24.126 |   13.424 |   23.524 |   13.363 |   13.299 |   23.999 |   13.432 |   13.305 |   13.317
48     3     |   24.267 |   15.209 |   16.168 |   24.274 |   13.731 |   24.207 |   14.078 |   16.186 |   24.221 |   13.695 |   15.185 |   16.204 ||  -37.33  -33.38   +0.03  -43.42   -0.25  -41.99  -33.30   -0.19  -43.57  -37.42  -33.23
       med   |   24.943 |   15.534 |   16.227 |   24.875 |   13.739 |   24.349 |   14.122 |   16.475 |   24.944 |   13.701 |   15.229 |   16.268
64     4     |   25.113 |   18.608 |   19.871 |   25.143 |   14.859 |   25.119 |   15.564 |   19.844 |   25.115 |   14.862 |   18.633 |   19.871 ||  -25.90  -20.87   +0.12  -40.83   +0.02  -38.03  -20.98   +0.01  -40.82  -25.81  -20.88
       med   |   25.449 |   18.624 |   20.145 |   25.667 |   15.105 |   25.204 |   15.581 |   19.864 |   25.378 |   14.874 |   18.805 |   20.115
80     5     |   25.995 |   26.004 |   25.994 |   25.992 |   25.988 |   25.992 |   19.603 |   26.010 |   25.995 |   25.997 |   26.003 |   26.000 ||   +0.04   -0.00   -0.01   -0.02   -0.01  -24.59   +0.06   +0.00   +0.01   +0.03   +0.02
       med   |   26.669 |   26.040 |   26.227 |   26.356 |   26.051 |   26.029 |   19.623 |   26.124 |   26.517 |   26.556 |   26.643 |   26.035
96     6     |   26.940 |   26.950 |   26.918 |   26.895 |   26.934 |   26.918 |   22.065 |   26.957 |   26.937 |   26.903 |   26.922 |   26.918 ||   +0.04   -0.08   -0.17   -0.02   -0.08  -18.10   +0.06   -0.01   -0.14   -0.07   -0.08
       med   |   26.972 |   26.979 |   27.024 |   27.555 |   26.985 |   26.961 |   22.090 |   27.213 |   27.521 |   27.221 |   27.444 |   27.066
112    7     |   27.454 |   27.515 |   27.486 |   27.358 |   27.504 |   27.514 |   24.840 |   27.529 |   27.500 |   27.490 |   27.524 |   27.514 ||   +0.22   +0.12   -0.35   +0.18   +0.22   -9.52   +0.27   +0.17   +0.13   +0.26   +0.22
       med   |   27.905 |   27.561 |   27.526 |   28.041 |   27.543 |   27.547 |   25.183 |   27.563 |   27.908 |   27.579 |   28.033 |   27.744
128    8     |   25.361 |   30.012 |   25.582 |   25.519 |   22.900 |   25.578 |   27.292 |   30.862 |   25.558 |   25.563 |   25.590 |   30.885 ||  +18.34   +0.87   +0.62   -9.70   +0.86   +7.61  +21.69   +0.78   +0.79   +0.90  +21.78
       med   |   25.739 |   30.653 |   25.642 |   25.918 |   23.196 |   25.868 |   27.328 |   30.900 |   25.622 |   25.708 |   26.256 |   31.185
256    16    |   45.488 |   45.311 |   45.353 |   45.557 |   45.339 |   45.346 |   45.340 |   45.283 |   45.367 |   45.329 |   45.452 |   45.366 ||   -0.39   -0.30   +0.15   -0.33   -0.31   -0.32   -0.45   -0.26   -0.35   -0.08   -0.27
       med   |   46.106 |   45.582 |   45.575 |   46.776 |   46.233 |   45.925 |   45.952 |   45.583 |   46.555 |   46.338 |   46.867 |   46.200
512    32    |   84.555 |   84.297 |   84.473 |   84.257 |   84.492 |   84.382 |   84.506 |   84.212 |   84.429 |   84.098 |   84.384 |   84.055 ||   -0.31   -0.10   -0.35   -0.07   -0.20   -0.06   -0.41   -0.15   -0.54   -0.20   -0.59
       med   |   86.085 |   86.144 |   85.585 |   85.895 |   85.595 |   85.347 |   85.798 |   85.407 |   86.411 |   85.104 |   86.090 |   85.667
1024   64    |  162.142 |  161.989 |  161.851 |  161.977 |  161.437 |  161.910 |  161.980 |  161.786 |  162.045 |  161.839 |  161.980 |  161.494 ||   -0.09   -0.18   -0.10   -0.43   -0.14   -0.10   -0.22   -0.06   -0.19   -0.10   -0.40
       med   |  164.803 |  165.730 |  163.551 |  164.633 |  164.110 |  162.595 |  164.087 |  163.312 |  165.480 |  163.927 |  165.424 |  164.446
4096   256   |  628.920 |  626.789 |  628.785 |  628.706 |  628.740 |  628.531 |  628.399 |  627.727 |  628.692 |  628.590 |  628.542 |  628.672 ||   -0.34   -0.02   -0.03   -0.03   -0.06   -0.08   -0.19   -0.04   -0.05   -0.06   -0.04
       med   |  630.587 |  632.846 |  631.497 |  633.509 |  631.208 |  630.006 |  632.244 |  630.466 |  630.337 |  631.109 |  631.382 |  633.948
=== process order3.3
SELFCHECK OK (256 whole-block lengths 1..256 blk x 12 variants; out/Xi/ivec/ret byte-identical)
bytes  blks  |     base |    m4s4h |       s4 |   baseAA |     t4p8 |     dsp0 |      cw4 |     m4s4 |   dsp0AA |       t4 |      s4h |   m4s4AA ||   m4s4h%      s4%  baseAA%    t4p8%    dsp0%     cw4%    m4s4%  dsp0AA%      t4%     s4h%  m4s4AA%
16     1     |   23.581 |   12.572 |   12.574 |   25.408 |   12.360 |   24.847 |   12.560 |   12.545 |   24.267 |   12.325 |   12.572 |   12.554 ||  -46.69  -46.68   +7.74  -47.58   +5.37  -46.74  -46.80   +2.91  -47.73  -46.69  -46.76
       med   |   25.695 |   12.577 |   12.582 |   25.692 |   12.368 |   25.666 |   12.595 |   12.549 |   25.805 |   12.394 |   12.592 |   12.559
32     2     |   23.404 |   13.233 |   13.313 |   23.425 |   13.395 |   23.371 |   13.285 |   13.291 |   23.369 |   13.338 |   13.242 |   13.313 ||  -43.46  -43.12   +0.09  -42.77   -0.14  -43.24  -43.21   -0.15  -43.01  -43.42  -43.12
       med   |   23.688 |   13.318 |   13.318 |   24.197 |   13.421 |   23.531 |   13.362 |   13.299 |   23.890 |   13.432 |   13.305 |   13.318
48     3     |   24.256 |   15.204 |   16.171 |   24.277 |   13.700 |   24.207 |   14.080 |   16.191 |   24.216 |   13.696 |   15.186 |   16.205 ||  -37.32  -33.33   +0.09  -43.52   -0.20  -41.95  -33.25   -0.17  -43.53  -37.39  -33.19
       med   |   24.783 |   15.534 |   16.224 |   24.886 |   13.761 |   24.447 |   14.122 |   16.472 |   24.851 |   13.702 |   15.221 |   16.261
64     4     |   25.122 |   18.600 |   19.872 |   25.125 |   14.857 |   25.109 |   15.564 |   19.846 |   25.124 |   14.864 |   18.635 |   19.872 ||  -25.96  -20.90   +0.01  -40.86   -0.05  -38.05  -21.00   +0.01  -40.83  -25.82  -20.90
       med   |   25.353 |   18.627 |   20.130 |   25.838 |   14.943 |   25.207 |   15.581 |   19.865 |   25.703 |   14.947 |   18.805 |   19.918
80     5     |   25.988 |   26.010 |   25.990 |   25.997 |   26.004 |   25.992 |   19.606 |   26.009 |   26.000 |   25.996 |   26.001 |   26.002 ||   +0.09   +0.01   +0.03   +0.06   +0.02  -24.56   +0.08   +0.05   +0.03   +0.05   +0.05
       med   |   26.016 |   26.064 |   26.045 |   26.513 |   26.050 |   26.017 |   19.623 |   26.136 |   26.629 |   26.557 |   26.701 |   26.129
96     6     |   26.918 |   26.942 |   26.926 |   26.940 |   26.923 |   26.921 |   22.057 |   26.935 |   27.037 |   26.951 |   26.930 |   26.957 ||   +0.09   +0.03   +0.08   +0.02   +0.01  -18.06   +0.06   +0.44   +0.12   +0.05   +0.15
       med   |   26.970 |   26.980 |   26.977 |   27.552 |   26.985 |   26.958 |   22.088 |   27.043 |   27.549 |   27.463 |   27.594 |   27.022
112    7     |   27.462 |   27.523 |   27.479 |   27.374 |   27.497 |   27.516 |   24.840 |   27.530 |   27.542 |   27.401 |   27.525 |   27.504 ||   +0.22   +0.06   -0.32   +0.12   +0.19   -9.55   +0.25   +0.29   -0.22   +0.23   +0.15
       med   |   28.057 |   27.562 |   27.524 |   28.202 |   27.543 |   27.546 |   25.184 |   27.578 |   28.178 |   28.007 |   28.202 |   27.582
128    8     |   25.365 |   30.040 |   25.582 |   25.550 |   22.900 |   25.591 |   27.282 |   30.878 |   25.586 |   25.593 |   25.602 |   30.883 ||  +18.43   +0.85   +0.73   -9.72   +0.89   +7.56  +21.73   +0.87   +0.90   +0.94  +21.75
       med   |   26.011 |   30.588 |   25.629 |   26.045 |   23.160 |   25.964 |   27.323 |   31.463 |   26.008 |   25.824 |   26.260 |   31.006
256    16    |   45.488 |   45.269 |   45.365 |   45.583 |   45.362 |   45.345 |   45.337 |   45.268 |   45.635 |   45.324 |   45.565 |   45.395 ||   -0.48   -0.27   +0.21   -0.28   -0.31   -0.33   -0.48   +0.32   -0.36   +0.17   -0.20
       med   |   46.355 |   45.581 |   45.456 |   46.849 |   46.588 |   45.945 |   46.206 |   45.581 |   46.874 |   45.932 |   46.552 |   46.454
512    32    |   84.496 |   84.109 |   84.545 |   84.395 |   84.000 |   83.674 |   84.237 |   84.355 |   84.381 |   84.462 |   84.401 |   84.510 ||   -0.46   +0.06   -0.12   -0.59   -0.97   -0.31   -0.17   -0.14   -0.04   -0.11   +0.02
       med   |   85.400 |   86.087 |   85.684 |   85.746 |   85.462 |   84.584 |   85.355 |   85.438 |   85.776 |   85.199 |   85.848 |   85.669
1024   64    |  161.957 |  162.014 |  161.928 |  161.952 |  161.815 |  161.856 |  162.084 |  161.578 |  161.994 |  161.038 |  161.839 |  162.120 ||   +0.04   -0.02   -0.00   -0.09   -0.06   +0.08   -0.23   +0.02   -0.57   -0.07   +0.10
       med   |  164.627 |  165.768 |  163.255 |  165.203 |  164.561 |  162.827 |  163.887 |  163.117 |  165.338 |  163.310 |  163.851 |  165.208
4096   256   |  628.701 |  626.664 |  628.761 |  628.756 |  628.464 |  628.139 |  628.662 |  627.396 |  628.778 |  628.413 |  628.519 |  628.847 ||   -0.32   +0.01   +0.01   -0.04   -0.09   -0.01   -0.21   +0.01   -0.05   -0.03   +0.02
       med   |  630.856 |  633.000 |  630.615 |  632.997 |  630.279 |  630.530 |  632.656 |  630.840 |  632.918 |  630.437 |  630.664 |  633.096
=== process order3.4
SELFCHECK OK (256 whole-block lengths 1..256 blk x 12 variants; out/Xi/ivec/ret byte-identical)
bytes  blks  |     base |    m4s4h |       s4 |   baseAA |     t4p8 |     dsp0 |      cw4 |     m4s4 |   dsp0AA |       t4 |      s4h |   m4s4AA ||   m4s4h%      s4%  baseAA%    t4p8%    dsp0%     cw4%    m4s4%  dsp0AA%      t4%     s4h%  m4s4AA%
16     1     |   25.359 |   12.571 |   12.576 |   24.498 |   12.351 |   23.333 |   12.567 |   12.545 |   24.850 |   12.324 |   12.574 |   12.556 ||  -50.43  -50.41   -3.40  -51.30   -7.99  -50.44  -50.53   -2.01  -51.40  -50.42  -50.49
       med   |   25.735 |   12.577 |   12.582 |   25.765 |   12.368 |   25.625 |   12.595 |   12.549 |   25.801 |   12.394 |   12.592 |   12.559
32     2     |   23.393 |   13.235 |   13.313 |   23.408 |   13.393 |   23.370 |   13.354 |   13.293 |   23.380 |   13.337 |   13.242 |   13.312 ||  -43.42  -43.09   +0.06  -42.75   -0.10  -42.92  -43.18   -0.06  -42.99  -43.40  -43.09
       med   |   23.756 |   13.317 |   13.319 |   24.051 |   13.423 |   23.408 |   13.361 |   13.299 |   23.941 |   13.431 |   13.302 |   13.317
48     3     |   24.242 |   15.203 |   16.170 |   24.268 |   13.706 |   24.206 |   14.079 |   16.184 |   24.205 |   13.695 |   15.187 |   16.204 ||  -37.29  -33.30   +0.11  -43.46   -0.15  -41.92  -33.24   -0.15  -43.51  -37.35  -33.16
       med   |   24.456 |   15.532 |   16.226 |   24.880 |   13.741 |   24.450 |   14.122 |   16.403 |   24.461 |   13.702 |   15.228 |   16.257
64     4     |   25.117 |   18.602 |   19.879 |   25.143 |   14.857 |   25.117 |   15.563 |   19.851 |   25.124 |   14.863 |   18.631 |   19.882 ||  -25.94  -20.86   +0.10  -40.85   -0.00  -38.04  -20.97   +0.02  -40.83  -25.82  -20.84
       med   |   25.537 |   18.628 |   20.142 |   25.726 |   15.100 |   25.205 |   15.595 |   19.870 |   25.387 |   14.875 |   18.806 |   20.126
80     5     |   25.987 |   26.008 |   25.986 |   25.994 |   26.004 |   25.995 |   19.601 |   26.013 |   26.013 |   25.993 |   25.996 |   26.003 ||   +0.08   -0.00   +0.03   +0.07   +0.03  -24.57   +0.10   +0.10   +0.02   +0.03   +0.06
       med   |   26.365 |   26.077 |   26.102 |   26.437 |   26.160 |   26.016 |   19.624 |   26.329 |   26.618 |   26.472 |   26.631 |   26.317
96     6     |   26.912 |   26.943 |   26.919 |   26.871 |   26.931 |   26.924 |   22.061 |   26.951 |   26.942 |   26.920 |   26.919 |   26.961 ||   +0.12   +0.03   -0.15   +0.07   +0.05  -18.02   +0.15   +0.11   +0.03   +0.03   +0.18
       med   |   27.191 |   26.981 |   26.981 |   27.436 |   26.986 |   26.955 |   22.091 |   27.189 |   27.573 |   27.232 |   27.277 |   27.065
112    7     |   27.443 |   27.517 |   27.474 |   27.443 |   27.510 |   27.511 |   24.810 |   27.519 |   27.510 |   27.418 |   27.512 |   27.505 ||   +0.27   +0.11   -0.00   +0.24   +0.25   -9.60   +0.28   +0.24   -0.09   +0.25   +0.22
       med   |   27.891 |   27.566 |   27.529 |   28.207 |   27.712 |   27.741 |   25.180 |   27.565 |   28.224 |   27.795 |   28.184 |   27.596
128    8     |   25.366 |   30.007 |   25.579 |   25.544 |   22.908 |   25.583 |   27.291 |   30.866 |   25.552 |   25.558 |   25.594 |   30.886 ||  +18.30   +0.84   +0.70   -9.69   +0.86   +7.59  +21.69   +0.73   +0.76   +0.90  +21.76
       med   |   25.748 |   30.541 |   25.792 |   26.025 |   23.194 |   25.893 |   27.324 |   31.343 |   25.921 |   25.720 |   26.125 |   31.172
256    16    |   45.543 |   45.290 |   45.366 |   45.602 |   45.333 |   45.352 |   45.347 |   45.278 |   45.380 |   45.361 |   45.480 |   45.355 ||   -0.55   -0.39   +0.13   -0.46   -0.42   -0.43   -0.58   -0.36   -0.40   -0.14   -0.41
       med   |   45.969 |   45.582 |   45.519 |   46.746 |   46.853 |   46.092 |   46.077 |   45.576 |   46.614 |   46.206 |   46.553 |   46.512
512    32    |   84.496 |   84.345 |   84.485 |   84.414 |   84.042 |   84.215 |   84.491 |   84.322 |   84.423 |   84.152 |   84.402 |   84.509 ||   -0.18   -0.01   -0.10   -0.54   -0.33   -0.01   -0.21   -0.09   -0.41   -0.11   +0.02
       med   |   85.545 |   86.124 |   85.544 |   85.832 |   85.489 |   85.417 |   85.472 |   85.387 |   85.804 |   84.670 |   86.247 |   85.794
1024   64    |  161.972 |  161.986 |  161.881 |  161.868 |  161.873 |  161.881 |  162.111 |  161.867 |  161.963 |  161.995 |  161.709 |  162.123 ||   +0.01   -0.06   -0.06   -0.06   -0.06   +0.09   -0.07   -0.01   +0.01   -0.16   +0.09
       med   |  163.327 |  166.113 |  163.384 |  165.162 |  164.344 |  163.038 |  166.050 |  163.279 |  163.674 |  163.145 |  164.020 |  165.394
4096   256   |  628.909 |  626.688 |  628.779 |  628.796 |  628.698 |  628.668 |  628.195 |  628.144 |  628.691 |  628.340 |  628.571 |  628.764 ||   -0.35   -0.02   -0.02   -0.03   -0.04   -0.11   -0.12   -0.03   -0.09   -0.05   -0.02
       med   |  630.833 |  632.402 |  631.540 |  633.874 |  631.449 |  630.241 |  631.131 |  630.269 |  631.691 |  630.798 |  633.043 |  632.582
=== process order3.5
SELFCHECK OK (256 whole-block lengths 1..256 blk x 12 variants; out/Xi/ivec/ret byte-identical)
bytes  blks  |     base |    m4s4h |       s4 |   baseAA |     t4p8 |     dsp0 |      cw4 |     m4s4 |   dsp0AA |       t4 |      s4h |   m4s4AA ||   m4s4h%      s4%  baseAA%    t4p8%    dsp0%     cw4%    m4s4%  dsp0AA%      t4%     s4h%  m4s4AA%
16     1     |   25.325 |   12.569 |   12.574 |   25.368 |   12.340 |   25.421 |   12.559 |   12.545 |   25.137 |   12.326 |   12.573 |   12.555 ||  -50.37  -50.35   +0.17  -51.27   +0.38  -50.41  -50.46   -0.74  -51.33  -50.35  -50.42
       med   |   25.631 |   12.577 |   12.582 |   25.615 |   12.368 |   25.502 |   12.594 |   12.549 |   25.832 |   12.393 |   12.591 |   12.559
32     2     |   23.402 |   13.233 |   13.313 |   23.418 |   13.394 |   23.371 |   13.280 |   13.291 |   23.375 |   13.376 |   13.242 |   13.311 ||  -43.45  -43.11   +0.07  -42.77   -0.13  -43.26  -43.20   -0.12  -42.84  -43.42  -43.12
       med   |   23.695 |   13.317 |   13.318 |   24.051 |   13.422 |   23.509 |   13.362 |   13.299 |   23.749 |   13.432 |   13.305 |   13.318
48     3     |   24.243 |   15.203 |   16.185 |   24.282 |   13.700 |   24.205 |   14.100 |   16.190 |   24.211 |   13.693 |   15.178 |   16.202 ||  -37.29  -33.24   +0.16  -43.49   -0.16  -41.84  -33.22   -0.13  -43.52  -37.39  -33.17
       med   |   24.942 |   15.556 |   16.241 |   24.885 |   13.740 |   24.244 |   14.122 |   16.479 |   24.787 |   13.702 |   15.226 |   16.273
64     4     |   25.126 |   18.604 |   19.873 |   25.157 |   14.857 |   25.118 |   15.563 |   19.843 |   25.130 |   14.862 |   18.640 |   19.878 ||  -25.96  -20.90   +0.12  -40.87   -0.03  -38.06  -21.03   +0.02  -40.85  -25.81  -20.88
       med   |   25.853 |   18.629 |   20.148 |   25.668 |   15.102 |   25.151 |   15.580 |   19.872 |   25.382 |   14.875 |   18.807 |   20.123
80     5     |   25.992 |   26.008 |   25.980 |   25.997 |   26.001 |   25.995 |   19.602 |   26.004 |   25.994 |   25.985 |   25.998 |   26.005 ||   +0.06   -0.05   +0.02   +0.03   +0.01  -24.58   +0.05   +0.01   -0.03   +0.02   +0.05
       med   |   26.662 |   26.041 |   26.140 |   26.350 |   26.043 |   26.236 |   19.624 |   26.068 |   26.477 |   26.399 |   26.636 |   26.138
96     6     |   26.925 |   26.950 |   26.934 |   26.875 |   26.946 |   26.920 |   22.063 |   26.951 |   26.949 |   26.916 |   26.905 |   26.959 ||   +0.09   +0.03   -0.19   +0.08   -0.02  -18.06   +0.10   +0.09   -0.03   -0.08   +0.12
       med   |   27.214 |   26.979 |   26.990 |   27.381 |   26.984 |   26.956 |   22.092 |   27.222 |   27.550 |   27.358 |   27.245 |   27.057
112    7     |   27.453 |   27.523 |   27.485 |   27.451 |   27.505 |   27.511 |   24.813 |   27.529 |   27.511 |   27.488 |   27.527 |   27.501 ||   +0.26   +0.12   -0.01   +0.19   +0.21   -9.62   +0.28   +0.21   +0.13   +0.27   +0.18
       med   |   28.016 |   27.561 |   27.525 |   28.179 |   27.746 |   27.545 |   25.183 |   27.565 |   28.144 |   27.749 |   28.062 |   27.549
128    8     |   25.385 |   30.011 |   25.577 |   25.584 |   22.907 |   25.581 |   27.290 |   30.874 |   25.562 |   25.405 |   25.580 |   30.880 ||  +18.22   +0.75   +0.78   -9.76   +0.77   +7.51  +21.62   +0.70   +0.08   +0.77  +21.65
       med   |   25.921 |   30.533 |   25.707 |   26.044 |   23.196 |   25.996 |   27.323 |   31.348 |   25.949 |   25.733 |   26.057 |   31.006
256    16    |   45.442 |   45.313 |   45.373 |   45.485 |   45.346 |   45.353 |   45.361 |   45.298 |   45.549 |   45.359 |   45.452 |   45.369 ||   -0.28   -0.15   +0.09   -0.21   -0.20   -0.18   -0.32   +0.23   -0.18   +0.02   -0.16
       med   |   46.282 |   45.577 |   45.748 |   46.885 |   46.410 |   46.384 |   46.243 |   45.579 |   46.614 |   46.297 |   46.509 |   46.339
512    32    |   84.652 |   84.364 |   84.397 |   84.510 |   83.970 |   84.361 |   84.458 |   84.305 |   84.395 |   84.495 |   84.320 |   84.473 ||   -0.34   -0.30   -0.17   -0.81   -0.34   -0.23   -0.41   -0.30   -0.18   -0.39   -0.21
       med   |   85.711 |   85.786 |   85.057 |   85.790 |   85.532 |   85.437 |   85.364 |   85.369 |   85.889 |   84.844 |   85.460 |   85.670
1024   64    |  162.119 |  161.694 |  161.922 |  162.067 |  161.555 |  161.971 |  161.940 |  161.529 |  162.024 |  161.594 |  161.951 |  162.041 ||   -0.26   -0.12   -0.03   -0.35   -0.09   -0.11   -0.36   -0.06   -0.32   -0.10   -0.05
       med   |  163.215 |  165.488 |  163.380 |  164.766 |  162.821 |  163.296 |  163.129 |  162.375 |  165.385 |  163.108 |  164.915 |  165.263
4096   256   |  628.852 |  626.947 |  628.816 |  628.767 |  628.378 |  628.005 |  628.801 |  628.297 |  628.742 |  628.521 |  628.578 |  628.841 ||   -0.30   -0.01   -0.01   -0.08   -0.13   -0.01   -0.09   -0.02   -0.05   -0.04   -0.00
       med   |  631.009 |  633.043 |  634.823 |  634.114 |  630.938 |  630.378 |  632.479 |  630.457 |  631.574 |  630.592 |  630.744 |  633.849
