### AA-t8 : t8 t8 t8 t8
mix  |     t8_0 |     t8_1 |     t8_2 |     t8_3 ||    t8_1%    t8_2%    t8_3%
A    |   22.685 |   22.643 |   22.652 |   22.714 ||   -0.19   -0.15   +0.13
B    |   59.626 |   59.579 |   59.557 |   59.439 ||   -0.08   -0.12   -0.31
C    |   37.026 |   37.171 |   37.201 |   37.256 ||   +0.39   +0.47   +0.62
D    |   12.873 |   12.877 |   12.883 |   12.877 ||   +0.03   +0.08   +0.04
E    |   15.051 |   15.068 |   15.070 |   15.054 ||   +0.12   +0.13   +0.02
mix  |     t8_0 |     t8_1 |     t8_2 |     t8_3 ||    t8_1%    t8_2%    t8_3%
A    |   22.668 |   22.631 |   22.651 |   22.702 ||   -0.17   -0.07   +0.15
B    |   59.606 |   59.604 |   59.602 |   59.510 ||   -0.00   -0.01   -0.16
C    |   37.113 |   37.222 |   37.109 |   37.251 ||   +0.29   -0.01   +0.37
D    |   12.881 |   12.876 |   12.885 |   12.881 ||   -0.04   +0.03   -0.00
E    |   15.026 |   15.062 |   15.099 |   15.056 ||   +0.24   +0.49   +0.20
### AA-t5 : t5 t5 t5 t5
mix  |     t5_0 |     t5_1 |     t5_2 |     t5_3 ||    t5_1%    t5_2%    t5_3%
A    |   22.589 |   22.870 |   22.684 |   22.812 ||   +1.24   +0.42   +0.99
B    |   58.609 |   58.568 |   58.676 |   58.612 ||   -0.07   +0.11   +0.00
C    |   35.450 |   35.367 |   35.628 |   35.492 ||   -0.23   +0.50   +0.12
D    |   12.885 |   12.884 |   12.885 |   12.886 ||   -0.01   +0.00   +0.01
E    |   14.182 |   14.296 |   14.722 |   14.237 ||   +0.80   +3.81   +0.39
mix  |     t5_0 |     t5_1 |     t5_2 |     t5_3 ||    t5_1%    t5_2%    t5_3%
A    |   22.824 |   22.973 |   22.687 |   23.000 ||   +0.65   -0.60   +0.77
B    |   58.533 |   58.577 |   58.680 |   58.568 ||   +0.08   +0.25   +0.06
C    |   35.451 |   35.332 |   35.666 |   35.431 ||   -0.34   +0.61   -0.06
D    |   12.885 |   12.888 |   12.887 |   12.889 ||   +0.02   +0.02   +0.03
E    |   14.137 |   14.206 |   14.238 |   14.736 ||   +0.49   +0.71   +4.24
### AA-base : base base base base
mix  |   base_0 |   base_1 |   base_2 |   base_3 ||  base_1%  base_2%  base_3%
A    |   28.161 |   28.144 |   28.105 |   28.057 ||   -0.06   -0.20   -0.37
B    |   61.881 |   61.792 |   61.787 |   61.699 ||   -0.14   -0.15   -0.29
C    |   37.710 |   37.704 |   38.012 |   37.848 ||   -0.02   +0.80   +0.37
D    |   23.871 |   23.907 |   23.887 |   23.959 ||   +0.15   +0.07   +0.37
E    |   25.777 |   25.724 |   25.773 |   25.701 ||   -0.21   -0.01   -0.30
mix  |   base_0 |   base_1 |   base_2 |   base_3 ||  base_1%  base_2%  base_3%
A    |   28.192 |   28.135 |   28.147 |   28.070 ||   -0.20   -0.16   -0.43
B    |   61.858 |   61.804 |   61.832 |   61.732 ||   -0.09   -0.04   -0.20
C    |   37.636 |   37.727 |   38.026 |   37.857 ||   +0.24   +1.04   +0.59
D    |   23.891 |   23.916 |   23.890 |   23.970 ||   +0.11   -0.00   +0.33
E    |   25.782 |   25.720 |   25.786 |   25.700 ||   -0.24   +0.01   -0.32
### t5t8 : t5 t8 t5 t8
mix  |     t5_0 |     t8_1 |     t5_2 |     t8_3 ||    t8_1%    t5_2%    t8_3%
A    |   22.594 |   22.539 |   22.678 |   22.636 ||   -0.24   +0.37   +0.18
B    |   58.608 |   59.472 |   58.592 |   59.578 ||   +1.47   -0.03   +1.66
C    |   35.495 |   36.874 |   35.367 |   37.349 ||   +3.89   -0.36   +5.22
D    |   12.885 |   12.875 |   12.888 |   12.880 ||   -0.08   +0.02   -0.04
E    |   15.069 |   15.078 |   14.722 |   15.101 ||   +0.06   -2.30   +0.21
mix  |     t5_0 |     t8_1 |     t5_2 |     t8_3 ||    t8_1%    t5_2%    t8_3%
A    |   22.620 |   22.557 |   22.959 |   22.643 ||   -0.28   +1.50   +0.10
B    |   58.640 |   59.531 |   58.596 |   59.593 ||   +1.52   -0.08   +1.62
C    |   35.388 |   36.908 |   35.337 |   37.381 ||   +4.29   -0.14   +5.63
D    |   12.881 |   12.871 |   12.885 |   12.877 ||   -0.07   +0.03   -0.03
E    |   14.744 |   15.102 |   14.219 |   15.079 ||   +2.43   -3.57   +2.27
### t8t5 : t8 t5 t8 t5
mix  |     t8_0 |     t5_1 |     t8_2 |     t5_3 ||    t5_1%    t8_2%    t5_3%
A    |   22.652 |   23.077 |   22.562 |   22.965 ||   +1.87   -0.40   +1.38
B    |   59.542 |   58.747 |   59.500 |   58.544 ||   -1.34   -0.07   -1.68
C    |   37.108 |   35.527 |   36.875 |   35.423 ||   -4.26   -0.63   -4.54
D    |   12.880 |   12.890 |   12.879 |   12.886 ||   +0.08   -0.01   +0.05
E    |   15.071 |   14.763 |   15.093 |   15.123 ||   -2.04   +0.14   +0.35
mix  |     t8_0 |     t5_1 |     t8_2 |     t5_3 ||    t5_1%    t8_2%    t5_3%
A    |   22.630 |   23.114 |   22.547 |   22.812 ||   +2.14   -0.37   +0.81
B    |   59.575 |   58.741 |   59.508 |   58.635 ||   -1.40   -0.11   -1.58
C    |   37.062 |   35.475 |   36.809 |   35.406 ||   -4.28   -0.68   -4.47
D    |   12.883 |   12.889 |   12.880 |   12.887 ||   +0.05   -0.02   +0.04
E    |   15.074 |   14.689 |   14.495 |   14.183 ||   -2.55   -3.84   -5.91
### t6t8 : t6 t8 t6 t8
mix  |     t6_0 |     t8_1 |     t6_2 |     t8_3 ||    t8_1%    t6_2%    t8_3%
A    |   21.980 |   22.560 |   22.433 |   22.668 ||   +2.64   +2.06   +3.13
B    |   58.512 |   59.660 |   58.743 |   59.592 ||   +1.96   +0.39   +1.85
C    |   35.646 |   36.989 |   35.627 |   37.162 ||   +3.77   -0.05   +4.25
D    |   12.872 |   12.870 |   12.876 |   12.881 ||   -0.01   +0.03   +0.07
E    |   14.593 |   14.797 |   14.261 |   15.096 ||   +1.39   -2.28   +3.44
mix  |     t6_0 |     t8_1 |     t6_2 |     t8_3 ||    t8_1%    t6_2%    t8_3%
A    |   22.169 |   22.550 |   22.451 |   22.702 ||   +1.72   +1.27   +2.41
B    |   58.550 |   59.591 |   58.832 |   59.575 ||   +1.78   +0.48   +1.75
C    |   35.599 |   37.030 |   35.650 |   37.156 ||   +4.02   +0.14   +4.37
D    |   12.872 |   12.875 |   12.876 |   12.881 ||   +0.02   +0.03   +0.07
E    |   14.426 |   15.063 |   14.428 |   15.111 ||   +4.42   +0.01   +4.75
### t7t8 : t7 t8 t7 t8
mix  |     t7_0 |     t8_1 |     t7_2 |     t8_3 ||    t8_1%    t7_2%    t8_3%
A    |   22.061 |   22.582 |   22.013 |   22.653 ||   +2.36   -0.22   +2.68
B    |   58.651 |   59.529 |   58.885 |   59.735 ||   +1.50   +0.40   +1.85
C    |   36.208 |   36.928 |   36.210 |   37.354 ||   +1.99   +0.00   +3.16
D    |   12.890 |   12.861 |   12.874 |   12.877 ||   -0.23   -0.12   -0.10
E    |   15.071 |   15.082 |   15.134 |   15.045 ||   +0.08   +0.42   -0.17
mix  |     t7_0 |     t8_1 |     t7_2 |     t8_3 ||    t8_1%    t7_2%    t8_3%
A    |   22.064 |   22.581 |   22.015 |   22.616 ||   +2.34   -0.22   +2.50
B    |   58.685 |   59.523 |   58.808 |   59.714 ||   +1.43   +0.21   +1.75
C    |   36.164 |   36.945 |   36.186 |   37.350 ||   +2.16   +0.06   +3.28
D    |   12.885 |   12.868 |   12.865 |   12.879 ||   -0.14   -0.16   -0.05
E    |   15.069 |   15.071 |   15.129 |   15.029 ||   +0.01   +0.40   -0.27
