=== process order1.1
SELFCHECK OK (256 whole-block lengths 1..256 blk x 12 variants; out/Xi/ivec/ret byte-identical)
bytes  blks  |     base |   baseAA |   baseAB |     dsp0 |       t2 |       t3 |       t4 |       t5 |       t6 |       t7 |       t8 |     cw4t ||  baseAA%  baseAB%    dsp0%      t2%      t3%      t4%      t5%      t6%      t7%      t8%    cw4t%
16     1     |   25.355 |   23.781 |   23.671 |   23.365 |   12.320 |   12.336 |   12.380 |   12.344 |   12.340 |   12.375 |   12.319 |   12.567 ||   -6.21   -6.64   -7.85  -51.41  -51.35  -51.17  -51.32  -51.33  -51.19  -51.41  -50.44
       med   |   25.718 |   25.588 |   25.825 |   25.630 |   12.331 |   12.369 |   12.388 |   12.353 |   12.420 |   12.383 |   12.326 |   12.572
32     2     |   23.411 |   23.369 |   23.396 |   23.357 |   13.391 |   13.394 |   13.394 |   13.318 |   13.379 |   13.314 |   13.308 |   13.225 ||   -0.18   -0.06   -0.23  -42.80  -42.79  -42.79  -43.11  -42.85  -43.13  -43.15  -43.51
       med   |   23.713 |   23.422 |   23.978 |   23.716 |   13.404 |   13.424 |   13.453 |   13.357 |   13.443 |   13.324 |   13.342 |   13.459
48     3     |   24.251 |   24.236 |   24.270 |   24.210 |   24.206 |   13.733 |   13.754 |   13.742 |   13.684 |   13.695 |   13.678 |   14.125 ||   -0.06   +0.08   -0.17   -0.19  -43.37  -43.28  -43.33  -43.58  -43.53  -43.60  -41.76
       med   |   24.618 |   24.290 |   24.827 |   24.617 |   24.923 |   13.764 |   13.762 |   13.772 |   13.769 |   13.703 |   13.685 |   14.154
64     4     |   25.134 |   25.095 |   25.131 |   25.113 |   25.118 |   25.131 |   14.848 |   14.835 |   14.836 |   14.875 |   14.867 |   15.526 ||   -0.15   -0.01   -0.09   -0.06   -0.01  -40.92  -40.98  -40.97  -40.82  -40.85  -38.23
       med   |   25.397 |   25.167 |   25.646 |   25.637 |   25.809 |   25.376 |   14.860 |   14.851 |   14.850 |   15.144 |   14.884 |   15.547
80     5     |   25.982 |   25.990 |   25.986 |   25.992 |   26.001 |   25.996 |   25.997 |   16.580 |   16.714 |   16.646 |   16.635 |   19.486 ||   +0.03   +0.02   +0.04   +0.07   +0.05   +0.06  -36.19  -35.67  -35.93  -35.98  -25.00
       med   |   26.400 |   26.020 |   26.749 |   26.444 |   26.740 |   26.278 |   26.399 |   16.597 |   16.732 |   17.050 |   16.895 |   19.555
96     6     |   26.880 |   26.913 |   26.888 |   26.873 |   26.939 |   26.885 |   26.918 |   26.933 |   18.763 |   18.784 |   18.777 |   22.055 ||   +0.12   +0.03   -0.03   +0.22   +0.02   +0.14   +0.20  -30.20  -30.12  -30.15  -17.95
       med   |   27.536 |   26.970 |   27.493 |   26.974 |   27.622 |   27.030 |   27.393 |   26.973 |   18.796 |   18.806 |   18.804 |   22.081
112    7     |   27.458 |   27.434 |   27.471 |   27.485 |   27.530 |   27.489 |   27.484 |   27.486 |   27.507 |   20.827 |   20.851 |   24.778 ||   -0.09   +0.05   +0.10   +0.26   +0.11   +0.09   +0.10   +0.18  -24.15  -24.06   -9.76
       med   |   27.840 |   27.467 |   28.132 |   27.521 |   28.284 |   27.603 |   27.833 |   27.518 |   27.546 |   21.045 |   20.867 |   24.836
128    8     |   25.370 |   25.577 |   25.534 |   25.602 |   25.590 |   25.559 |   25.572 |   25.599 |   25.579 |   25.377 |   22.938 |   25.595 ||   +0.82   +0.65   +0.91   +0.87   +0.75   +0.80   +0.90   +0.82   +0.03   -9.59   +0.89
       med   |   25.761 |   25.600 |   26.108 |   26.159 |   25.998 |   25.737 |   25.805 |   25.626 |   25.610 |   25.623 |   22.956 |   26.199
256    16    |   45.455 |   45.349 |   45.415 |   45.375 |   45.365 |   45.430 |   45.675 |   45.343 |   45.378 |   45.279 |   45.322 |   45.352 ||   -0.23   -0.09   -0.18   -0.20   -0.05   +0.48   -0.25   -0.17   -0.39   -0.29   -0.23
       med   |   46.769 |   45.686 |   45.776 |   46.089 |   46.204 |   46.066 |   47.191 |   45.737 |   46.239 |   45.462 |   45.950 |   45.892
512    32    |   83.871 |   83.742 |   84.475 |   84.423 |   84.344 |   84.431 |   84.324 |   84.390 |   84.382 |   84.510 |   84.433 |   84.413 ||   -0.15   +0.72   +0.66   +0.56   +0.67   +0.54   +0.62   +0.61   +0.76   +0.67   +0.65
       med   |   85.370 |   84.860 |   86.320 |   86.422 |   85.902 |   85.641 |   85.822 |   85.387 |   84.924 |   85.821 |   86.147 |   84.740
1024   64    |  162.165 |  161.871 |  162.073 |  161.901 |  161.502 |  162.042 |  161.977 |  161.816 |  161.841 |  161.746 |  161.958 |  161.892 ||   -0.18   -0.06   -0.16   -0.41   -0.08   -0.12   -0.21   -0.20   -0.26   -0.13   -0.17
       med   |  163.746 |  163.923 |  166.323 |  163.754 |  163.210 |  165.762 |  164.565 |  163.127 |  162.708 |  164.536 |  163.351 |  163.609
4096   256   |  628.986 |  628.511 |  628.314 |  628.391 |  627.727 |  628.807 |  628.668 |  628.702 |  628.744 |  628.697 |  628.637 |  628.764 ||   -0.08   -0.11   -0.09   -0.20   -0.03   -0.05   -0.05   -0.04   -0.05   -0.06   -0.04
       med   |  630.439 |  631.427 |  632.508 |  630.569 |  629.980 |  635.033 |  632.528 |  630.177 |  630.356 |  631.197 |  630.369 |  630.604
=== process order1.2
SELFCHECK OK (256 whole-block lengths 1..256 blk x 12 variants; out/Xi/ivec/ret byte-identical)
bytes  blks  |     base |   baseAA |   baseAB |     dsp0 |       t2 |       t3 |       t4 |       t5 |       t6 |       t7 |       t8 |     cw4t ||  baseAA%  baseAB%    dsp0%      t2%      t3%      t4%      t5%      t6%      t7%      t8%    cw4t%
16     1     |   25.358 |   24.456 |   23.867 |   23.636 |   12.322 |   12.335 |   12.360 |   12.344 |   12.340 |   12.332 |   12.318 |   12.567 ||   -3.55   -5.88   -6.79  -51.41  -51.36  -51.26  -51.32  -51.34  -51.37  -51.42  -50.44
       med   |   25.721 |   25.553 |   25.805 |   25.717 |   12.332 |   12.369 |   12.388 |   12.353 |   12.419 |   12.383 |   12.327 |   12.572
32     2     |   23.414 |   23.367 |   23.413 |   23.356 |   13.393 |   13.396 |   13.393 |   13.317 |   13.375 |   13.310 |   13.303 |   13.226 ||   -0.20   -0.01   -0.25  -42.80  -42.79  -42.80  -43.13  -42.88  -43.15  -43.18  -43.51
       med   |   23.695 |   23.424 |   23.736 |   23.626 |   13.405 |   13.425 |   13.452 |   13.357 |   13.390 |   13.323 |   13.341 |   13.461
48     3     |   24.254 |   24.249 |   24.266 |   24.208 |   24.209 |   13.733 |   13.753 |   13.746 |   13.690 |   13.696 |   13.680 |   14.123 ||   -0.02   +0.05   -0.19   -0.19  -43.38  -43.30  -43.33  -43.56  -43.53  -43.60  -41.77
       med   |   24.614 |   24.293 |   24.825 |   24.409 |   24.469 |   13.765 |   13.762 |   13.773 |   13.770 |   13.704 |   13.686 |   14.135
64     4     |   25.126 |   25.111 |   25.137 |   25.120 |   25.127 |   25.106 |   14.849 |   14.832 |   14.840 |   14.877 |   14.869 |   15.529 ||   -0.06   +0.04   -0.02   +0.00   -0.08  -40.90  -40.97  -40.94  -40.79  -40.82  -38.20
       med   |   25.430 |   25.169 |   25.425 |   25.539 |   25.857 |   25.383 |   14.860 |   14.846 |   14.851 |   15.140 |   14.883 |   15.548
80     5     |   25.986 |   25.981 |   25.995 |   25.985 |   25.999 |   25.991 |   25.997 |   16.581 |   16.709 |   16.643 |   16.632 |   19.484 ||   -0.02   +0.03   -0.00   +0.05   +0.02   +0.04  -36.19  -35.70  -35.96  -36.00  -25.02
       med   |   26.121 |   26.017 |   26.716 |   26.295 |   26.740 |   26.270 |   26.443 |   16.598 |   16.731 |   16.858 |   16.828 |   19.555
96     6     |   26.913 |   26.926 |   26.933 |   26.901 |   26.912 |   26.881 |   26.935 |   26.904 |   18.752 |   18.785 |   18.780 |   22.048 ||   +0.05   +0.07   -0.05   -0.00   -0.12   +0.08   -0.04  -30.33  -30.20  -30.22  -18.08
       med   |   27.600 |   26.974 |   27.485 |   26.978 |   27.625 |   27.044 |   27.395 |   26.975 |   18.798 |   18.805 |   18.803 |   22.080
112    7     |   27.452 |   27.434 |   27.458 |   27.487 |   27.521 |   27.489 |   27.512 |   27.495 |   27.514 |   20.829 |   20.854 |   24.784 ||   -0.07   +0.02   +0.13   +0.25   +0.13   +0.22   +0.15   +0.22  -24.13  -24.04   -9.72
       med   |   27.634 |   27.467 |   27.819 |   27.528 |   28.295 |   27.611 |   28.000 |   27.584 |   27.555 |   21.352 |   20.872 |   24.831
128    8     |   25.372 |   25.573 |   25.522 |   25.591 |   25.594 |   25.553 |   25.588 |   25.599 |   25.590 |   25.381 |   22.938 |   25.578 ||   +0.80   +0.59   +0.86   +0.88   +0.72   +0.85   +0.90   +0.86   +0.04   -9.59   +0.81
       med   |   25.744 |   25.601 |   26.109 |   26.137 |   25.903 |   25.619 |   25.943 |   25.624 |   25.613 |   25.627 |   22.955 |   25.776
256    16    |   45.734 |   45.353 |   45.450 |   45.353 |   45.391 |   45.472 |   45.583 |   45.350 |   45.345 |   45.277 |   45.291 |   45.354 ||   -0.83   -0.62   -0.83   -0.75   -0.57   -0.33   -0.84   -0.85   -1.00   -0.97   -0.83
       med   |   46.888 |   45.613 |   46.264 |   45.965 |   46.304 |   45.871 |   47.126 |   45.637 |   45.925 |   45.469 |   45.769 |   45.865
512    32    |   84.598 |   83.719 |   84.402 |   84.451 |   84.363 |   84.479 |   84.429 |   84.462 |   84.340 |   84.468 |   84.399 |   84.424 ||   -1.04   -0.23   -0.17   -0.28   -0.14   -0.20   -0.16   -0.31   -0.15   -0.23   -0.21
       med   |   85.591 |   84.653 |   85.769 |   86.383 |   85.594 |   85.659 |   85.988 |   84.650 |   84.832 |   85.578 |   85.809 |   85.010
1024   64    |  162.131 |  161.645 |  162.031 |  161.928 |  161.904 |  162.012 |  161.843 |  161.837 |  161.821 |  161.790 |  161.936 |  161.817 ||   -0.30   -0.06   -0.13   -0.14   -0.07   -0.18   -0.18   -0.19   -0.21   -0.12   -0.19
       med   |  163.315 |  164.316 |  166.019 |  163.796 |  163.860 |  165.714 |  163.629 |  162.931 |  162.774 |  163.805 |  163.444 |  163.315
4096   256   |  629.017 |  628.667 |  628.244 |  628.191 |  627.758 |  628.885 |  628.829 |  628.420 |  628.664 |  628.722 |  628.812 |  628.583 ||   -0.06   -0.12   -0.13   -0.20   -0.02   -0.03   -0.09   -0.06   -0.05   -0.03   -0.07
       med   |  631.722 |  630.083 |  631.990 |  630.939 |  630.021 |  635.787 |  631.024 |  630.262 |  630.230 |  630.835 |  630.592 |  630.302
=== process order1.3
SELFCHECK OK (256 whole-block lengths 1..256 blk x 12 variants; out/Xi/ivec/ret byte-identical)
bytes  blks  |     base |   baseAA |   baseAB |     dsp0 |       t2 |       t3 |       t4 |       t5 |       t6 |       t7 |       t8 |     cw4t ||  baseAA%  baseAB%    dsp0%      t2%      t3%      t4%      t5%      t6%      t7%      t8%    cw4t%
16     1     |   25.329 |   25.356 |   25.336 |   24.265 |   12.321 |   12.332 |   12.380 |   12.344 |   12.339 |   12.328 |   12.319 |   12.567 ||   +0.11   +0.03   -4.20  -51.36  -51.31  -51.12  -51.26  -51.28  -51.33  -51.36  -50.38
       med   |   25.749 |   25.603 |   25.822 |   25.777 |   12.331 |   12.368 |   12.388 |   12.353 |   12.420 |   12.383 |   12.327 |   12.573
32     2     |   23.416 |   23.363 |   23.415 |   23.344 |   13.392 |   13.394 |   13.390 |   13.317 |   13.376 |   13.312 |   13.301 |   13.230 ||   -0.23   -0.01   -0.31  -42.81  -42.80  -42.82  -43.13  -42.88  -43.15  -43.20  -43.50
       med   |   23.801 |   23.424 |   23.977 |   23.510 |   13.405 |   13.425 |   13.445 |   13.357 |   13.389 |   13.323 |   13.341 |   13.463
48     3     |   24.248 |   24.248 |   24.284 |   24.207 |   24.223 |   13.734 |   13.755 |   13.742 |   13.681 |   13.695 |   13.678 |   14.085 ||   +0.00   +0.15   -0.17   -0.10  -43.36  -43.27  -43.33  -43.58  -43.52  -43.59  -41.91
       med   |   24.649 |   24.291 |   24.823 |   24.449 |   25.005 |   13.766 |   13.762 |   13.773 |   13.770 |   13.703 |   13.686 |   14.135
64     4     |   25.117 |   25.100 |   25.150 |   25.134 |   25.120 |   25.101 |   14.850 |   14.831 |   14.840 |   14.877 |   14.874 |   15.528 ||   -0.07   +0.13   +0.07   +0.02   -0.06  -40.88  -40.95  -40.92  -40.77  -40.78  -38.18
       med   |   25.476 |   25.172 |   25.645 |   25.536 |   25.823 |   25.368 |   14.859 |   14.845 |   14.853 |   15.144 |   15.157 |   15.546
80     5     |   25.983 |   25.985 |   26.001 |   25.989 |   25.992 |   25.987 |   25.995 |   16.580 |   16.713 |   16.643 |   16.631 |   19.484 ||   +0.01   +0.07   +0.02   +0.03   +0.01   +0.05  -36.19  -35.68  -35.95  -35.99  -25.01
       med   |   26.258 |   26.022 |   26.728 |   26.106 |   26.379 |   26.129 |   26.447 |   16.597 |   16.736 |   16.771 |   16.783 |   19.554
96     6     |   26.907 |   26.922 |   26.878 |   26.897 |   26.934 |   26.893 |   26.924 |   26.941 |   18.777 |   18.780 |   18.791 |   22.049 ||   +0.05   -0.11   -0.04   +0.10   -0.05   +0.06   +0.13  -30.21  -30.21  -30.16  -18.06
       med   |   27.251 |   26.973 |   27.492 |   26.978 |   27.600 |   27.048 |   27.399 |   26.976 |   18.798 |   18.807 |   18.935 |   22.081
112    7     |   27.457 |   27.430 |   27.467 |   27.489 |   27.519 |   27.489 |   27.483 |   27.487 |   27.513 |   20.829 |   20.850 |   24.773 ||   -0.10   +0.04   +0.12   +0.23   +0.12   +0.09   +0.11   +0.21  -24.14  -24.06   -9.77
       med   |   27.637 |   27.465 |   28.127 |   27.721 |   27.559 |   27.582 |   27.820 |   27.521 |   28.028 |   21.156 |   20.869 |   24.836
128    8     |   25.373 |   25.546 |   25.531 |   25.547 |   25.574 |   25.554 |   25.587 |   25.596 |   25.590 |   25.377 |   22.939 |   25.591 ||   +0.68   +0.62   +0.68   +0.79   +0.71   +0.84   +0.88   +0.85   +0.02   -9.59   +0.86
       med   |   25.745 |   25.599 |   26.142 |   25.761 |   26.039 |   25.627 |   25.953 |   25.622 |   25.611 |   25.625 |   22.956 |   26.167
256    16    |   45.679 |   45.346 |   45.523 |   45.337 |   45.352 |   45.406 |   45.693 |   45.318 |   45.337 |   45.276 |   45.284 |   45.343 ||   -0.73   -0.34   -0.75   -0.72   -0.60   +0.03   -0.79   -0.75   -0.88   -0.86   -0.73
       med   |   46.834 |   45.747 |   46.298 |   46.301 |   46.208 |   46.105 |   46.940 |   45.657 |   45.914 |   45.443 |   46.007 |   45.929
512    32    |   84.643 |   83.858 |   84.399 |   84.495 |   84.360 |   84.447 |   84.451 |   84.391 |   84.412 |   84.457 |   84.377 |   84.394 ||   -0.93   -0.29   -0.18   -0.33   -0.23   -0.23   -0.30   -0.27   -0.22   -0.31   -0.29
       med   |   85.949 |   84.616 |   85.983 |   85.650 |   86.096 |   85.642 |   85.867 |   85.453 |   84.737 |   85.799 |   85.879 |   84.752
1024   64    |  162.204 |  161.563 |  162.041 |  162.049 |  161.340 |  161.822 |  162.182 |  161.942 |  161.906 |  161.941 |  161.746 |  161.806 ||   -0.40   -0.10   -0.10   -0.53   -0.24   -0.01   -0.16   -0.18   -0.16   -0.28   -0.25
       med   |  163.781 |  163.012 |  166.399 |  163.639 |  164.457 |  165.713 |  165.702 |  163.208 |  163.306 |  164.063 |  163.397 |  162.369
4096   256   |  628.989 |  628.472 |  628.764 |  627.835 |  627.764 |  628.653 |  628.883 |  628.398 |  628.723 |  628.730 |  628.813 |  628.649 ||   -0.08   -0.04   -0.18   -0.19   -0.05   -0.02   -0.09   -0.04   -0.04   -0.03   -0.05
       med   |  630.503 |  630.321 |  634.607 |  632.495 |  629.974 |  634.856 |  632.713 |  630.234 |  630.104 |  630.961 |  630.994 |  630.543
=== process order1.4
SELFCHECK OK (256 whole-block lengths 1..256 blk x 12 variants; out/Xi/ivec/ret byte-identical)
bytes  blks  |     base |   baseAA |   baseAB |     dsp0 |       t2 |       t3 |       t4 |       t5 |       t6 |       t7 |       t8 |     cw4t ||  baseAA%  baseAB%    dsp0%      t2%      t3%      t4%      t5%      t6%      t7%      t8%    cw4t%
16     1     |   25.365 |   25.376 |   25.463 |   25.410 |   12.322 |   12.337 |   12.356 |   12.345 |   12.339 |   12.375 |   12.317 |   12.565 ||   +0.04   +0.38   +0.18  -51.42  -51.36  -51.29  -51.33  -51.36  -51.21  -51.44  -50.46
       med   |   25.738 |   25.572 |   25.823 |   25.746 |   12.331 |   12.369 |   12.388 |   12.353 |   12.361 |   12.383 |   12.327 |   12.572
32     2     |   23.396 |   23.363 |   23.402 |   23.366 |   13.357 |   13.396 |   13.394 |   13.317 |   13.378 |   13.313 |   13.301 |   13.225 ||   -0.14   +0.03   -0.13  -42.91  -42.74  -42.75  -43.08  -42.82  -43.10  -43.15  -43.47
       med   |   23.771 |   23.423 |   23.776 |   23.705 |   13.405 |   13.424 |   13.445 |   13.356 |   13.443 |   13.322 |   13.340 |   13.459
48     3     |   24.239 |   24.258 |   24.255 |   24.194 |   24.211 |   13.734 |   13.749 |   13.738 |   13.687 |   13.695 |   13.676 |   14.124 ||   +0.08   +0.07   -0.19   -0.11  -43.34  -43.28  -43.32  -43.53  -43.50  -43.58  -41.73
       med   |   24.602 |   24.291 |   24.822 |   24.425 |   24.977 |   13.766 |   13.762 |   13.773 |   13.770 |   13.703 |   13.685 |   14.135
64     4     |   25.125 |   25.119 |   25.121 |   25.122 |   25.133 |   25.112 |   14.844 |   14.833 |   14.837 |   14.878 |   14.867 |   15.528 ||   -0.02   -0.01   -0.01   +0.03   -0.05  -40.92  -40.96  -40.95  -40.78  -40.83  -38.20
       med   |   25.409 |   25.170 |   25.635 |   25.553 |   25.664 |   25.257 |   14.860 |   14.844 |   14.850 |   15.140 |   14.882 |   15.675
80     5     |   25.989 |   25.990 |   26.014 |   25.994 |   25.992 |   25.997 |   25.988 |   16.582 |   16.714 |   16.649 |   16.633 |   19.488 ||   +0.00   +0.10   +0.02   +0.01   +0.03   -0.00  -36.20  -35.69  -35.94  -36.00  -25.01
       med   |   26.229 |   26.024 |   26.728 |   26.300 |   26.152 |   26.266 |   26.020 |   16.599 |   16.738 |   17.070 |   16.822 |   19.553
96     6     |   26.929 |   26.913 |   26.878 |   26.874 |   26.923 |   26.881 |   26.935 |   26.933 |   18.766 |   18.785 |   18.774 |   22.049 ||   -0.06   -0.19   -0.20   -0.02   -0.18   +0.03   +0.02  -30.31  -30.24  -30.28  -18.12
       med   |   27.466 |   26.974 |   27.449 |   26.977 |   27.203 |   27.039 |   27.393 |   26.974 |   18.798 |   18.806 |   18.935 |   22.079
112    7     |   27.453 |   27.428 |   27.454 |   27.488 |   27.524 |   27.489 |   27.409 |   27.490 |   27.513 |   20.830 |   20.853 |   24.782 ||   -0.09   +0.00   +0.13   +0.26   +0.13   -0.16   +0.13   +0.22  -24.12  -24.04   -9.73
       med   |   28.000 |   27.467 |   27.938 |   27.520 |   27.897 |   27.708 |   27.862 |   27.594 |   27.780 |   21.051 |   20.869 |   24.832
128    8     |   25.364 |   25.562 |   25.528 |   25.558 |   25.590 |   25.552 |   25.589 |   25.575 |   25.588 |   25.380 |   22.935 |   25.591 ||   +0.78   +0.65   +0.77   +0.89   +0.74   +0.89   +0.83   +0.88   +0.06   -9.58   +0.90
       med   |   25.915 |   25.601 |   26.110 |   25.920 |   26.012 |   25.626 |   25.883 |   25.625 |   25.941 |   25.624 |   22.954 |   25.984
256    16    |   45.563 |   45.340 |   45.536 |   45.341 |   45.366 |   45.424 |   45.561 |   45.337 |   45.374 |   45.278 |   45.352 |   45.372 ||   -0.49   -0.06   -0.49   -0.43   -0.31   -0.00   -0.50   -0.41   -0.63   -0.46   -0.42
       med   |   46.804 |   45.615 |   46.233 |   45.850 |   46.133 |   46.108 |   46.762 |   45.537 |   45.915 |   45.469 |   45.966 |   46.080
512    32    |   84.470 |   83.843 |   84.395 |   84.492 |   84.349 |   84.367 |   84.369 |   84.411 |   84.381 |   84.417 |   84.356 |   84.445 ||   -0.74   -0.09   +0.03   -0.14   -0.12   -0.12   -0.07   -0.11   -0.06   -0.14   -0.03
       med   |   85.603 |   84.635 |   85.935 |   85.836 |   86.071 |   85.488 |   85.853 |   85.419 |   85.182 |   85.738 |   85.531 |   85.001
1024   64    |  162.071 |  161.725 |  161.879 |  161.633 |  161.608 |  161.915 |  161.941 |  161.827 |  162.012 |  161.774 |  161.903 |  162.000 ||   -0.21   -0.12   -0.27   -0.29   -0.10   -0.08   -0.15   -0.04   -0.18   -0.10   -0.04
       med   |  163.493 |  163.143 |  165.458 |  165.330 |  165.136 |  163.088 |  165.143 |  163.091 |  163.159 |  164.172 |  163.201 |  163.138
4096   256   |  629.025 |  628.745 |  628.681 |  628.399 |  627.850 |  628.822 |  628.775 |  628.404 |  628.170 |  628.553 |  628.784 |  628.790 ||   -0.04   -0.05   -0.10   -0.19   -0.03   -0.04   -0.10   -0.14   -0.08   -0.04   -0.04
       med   |  630.371 |  631.622 |  635.182 |  633.183 |  630.091 |  635.695 |  631.661 |  630.131 |  630.313 |  631.174 |  630.671 |  630.331
=== process order1.5
SELFCHECK OK (256 whole-block lengths 1..256 blk x 12 variants; out/Xi/ivec/ret byte-identical)
bytes  blks  |     base |   baseAA |   baseAB |     dsp0 |       t2 |       t3 |       t4 |       t5 |       t6 |       t7 |       t8 |     cw4t ||  baseAA%  baseAB%    dsp0%      t2%      t3%      t4%      t5%      t6%      t7%      t8%    cw4t%
16     1     |   25.296 |   25.338 |   25.349 |   25.385 |   12.321 |   12.334 |   12.380 |   12.344 |   12.339 |   12.329 |   12.318 |   12.566 ||   +0.17   +0.21   +0.35  -51.29  -51.24  -51.06  -51.20  -51.22  -51.26  -51.31  -50.32
       med   |   25.654 |   25.517 |   25.687 |   25.705 |   12.332 |   12.368 |   12.389 |   12.354 |   12.361 |   12.383 |   12.327 |   12.572
32     2     |   23.401 |   23.356 |   23.400 |   23.365 |   13.387 |   13.401 |   13.394 |   13.315 |   13.419 |   13.313 |   13.302 |   13.224 ||   -0.19   -0.00   -0.16  -42.79  -42.73  -42.76  -43.10  -42.66  -43.11  -43.16  -43.49
       med   |   23.606 |   23.430 |   23.978 |   23.532 |   13.405 |   13.425 |   13.445 |   13.357 |   13.442 |   13.325 |   13.342 |   13.461
48     3     |   24.260 |   24.227 |   24.272 |   24.213 |   24.205 |   13.733 |   13.750 |   13.746 |   13.690 |   13.697 |   13.677 |   14.124 ||   -0.13   +0.05   -0.19   -0.22  -43.39  -43.32  -43.34  -43.57  -43.54  -43.62  -41.78
       med   |   24.588 |   24.291 |   24.816 |   24.616 |   24.651 |   13.765 |   13.762 |   13.774 |   13.771 |   13.703 |   13.686 |   14.136
64     4     |   25.114 |   25.105 |   25.114 |   25.105 |   25.116 |   25.113 |   14.845 |   14.832 |   14.839 |   14.877 |   14.871 |   15.529 ||   -0.03   +0.00   -0.04   +0.01   -0.00  -40.89  -40.94  -40.91  -40.76  -40.78  -38.17
       med   |   25.407 |   25.170 |   25.637 |   25.343 |   25.871 |   25.356 |   14.859 |   14.961 |   14.852 |   15.141 |   14.947 |   15.729
80     5     |   25.995 |   25.991 |   26.001 |   25.992 |   25.996 |   25.999 |   25.996 |   16.581 |   16.712 |   16.640 |   16.631 |   19.490 ||   -0.02   +0.02   -0.01   +0.00   +0.01   +0.00  -36.22  -35.71  -35.99  -36.02  -25.02
       med   |   26.473 |   26.017 |   26.750 |   26.023 |   26.738 |   26.300 |   26.476 |   16.598 |   16.827 |   17.051 |   16.823 |   19.555
96     6     |   26.933 |   26.918 |   26.895 |   26.924 |   26.922 |   26.889 |   26.935 |   26.918 |   18.779 |   18.784 |   18.784 |   22.054 ||   -0.06   -0.14   -0.03   -0.04   -0.17   +0.00   -0.06  -30.27  -30.26  -30.26  -18.12
       med   |   27.601 |   26.975 |   27.490 |   26.977 |   27.356 |   27.169 |   27.209 |   26.975 |   18.799 |   18.804 |   18.804 |   22.082
112    7     |   27.455 |   27.432 |   27.463 |   27.489 |   27.523 |   27.494 |   27.506 |   27.482 |   27.509 |   20.829 |   20.852 |   24.777 ||   -0.08   +0.03   +0.12   +0.25   +0.14   +0.19   +0.10   +0.20  -24.13  -24.05   -9.76
       med   |   27.833 |   27.466 |   28.119 |   27.521 |   27.987 |   27.630 |   27.809 |   27.519 |   27.547 |   21.116 |   20.869 |   24.832
128    8     |   25.384 |   25.569 |   25.390 |   25.552 |   25.597 |   25.555 |   25.576 |   25.602 |   25.587 |   25.379 |   22.936 |   25.592 ||   +0.73   +0.03   +0.67   +0.84   +0.68   +0.76   +0.86   +0.80   -0.02   -9.64   +0.82
       med   |   25.895 |   25.602 |   26.124 |   25.748 |   26.129 |   25.746 |   25.860 |   25.625 |   25.611 |   25.624 |   22.955 |   25.856
256    16    |   45.539 |   45.353 |   45.507 |   45.351 |   45.384 |   45.501 |   45.561 |   45.340 |   45.346 |   45.284 |   45.420 |   45.340 ||   -0.41   -0.07   -0.41   -0.34   -0.08   +0.05   -0.44   -0.42   -0.56   -0.26   -0.44
       med   |   46.643 |   45.626 |   46.264 |   45.837 |   46.022 |   46.169 |   46.808 |   45.516 |   45.754 |   45.463 |   46.157 |   45.866
512    32    |   84.517 |   83.716 |   84.404 |   84.395 |   84.353 |   84.417 |   84.396 |   84.422 |   84.400 |   84.488 |   84.329 |   84.412 ||   -0.95   -0.13   -0.14   -0.19   -0.12   -0.14   -0.11   -0.14   -0.03   -0.22   -0.12
       med   |   85.745 |   84.618 |   85.863 |   86.198 |   86.130 |   85.655 |   85.907 |   85.409 |   84.732 |   85.773 |   85.450 |   84.804
1024   64    |  161.611 |  161.561 |  161.272 |  161.778 |  161.346 |  161.966 |  161.682 |  161.994 |  161.810 |  161.933 |  161.737 |  161.835 ||   -0.03   -0.21   +0.10   -0.16   +0.22   +0.04   +0.24   +0.12   +0.20   +0.08   +0.14
       med   |  163.285 |  163.118 |  165.340 |  163.666 |  164.136 |  165.364 |  163.462 |  162.992 |  162.750 |  163.923 |  163.166 |  163.043
4096   256   |  628.935 |  628.751 |  628.773 |  627.529 |  627.585 |  628.799 |  628.944 |  628.415 |  628.849 |  628.612 |  628.794 |  628.390 ||   -0.03   -0.03   -0.22   -0.21   -0.02   +0.00   -0.08   -0.01   -0.05   -0.02   -0.09
       med   |  632.440 |  632.857 |  634.250 |  631.143 |  629.939 |  636.178 |  633.090 |  631.194 |  630.275 |  630.967 |  632.139 |  630.710
=== process order2.1
SELFCHECK OK (256 whole-block lengths 1..256 blk x 12 variants; out/Xi/ivec/ret byte-identical)
bytes  blks  |     base |     cw4t |       t8 |       t7 |       t6 |       t5 |       t4 |       t3 |       t2 |     dsp0 |   baseAB |   baseAA ||    cw4t%      t8%      t7%      t6%      t5%      t4%      t3%      t2%    dsp0%  baseAB%  baseAA%
16     1     |   23.553 |   12.547 |   12.316 |   12.335 |   12.319 |   12.266 |   12.340 |   12.343 |   12.329 |   25.429 |   25.356 |   25.380 ||  -46.73  -47.71  -47.63  -47.69  -47.92  -47.61  -47.59  -47.66   +7.96   +7.66   +7.76
       med   |   25.742 |   12.551 |   12.327 |   12.344 |   12.326 |   12.342 |   12.395 |   12.355 |   12.337 |   25.757 |   25.587 |   25.812
32     2     |   23.401 |   13.346 |   13.308 |   13.373 |   13.304 |   13.266 |   13.391 |   13.411 |   13.390 |   23.377 |   23.353 |   23.425 ||  -42.97  -43.13  -42.85  -43.15  -43.31  -42.78  -42.69  -42.78   -0.10   -0.21   +0.10
       med   |   23.703 |   13.424 |   13.345 |   13.405 |   13.344 |   13.409 |   13.426 |   13.434 |   13.405 |   23.937 |   23.425 |   24.199
48     3     |   24.249 |   14.110 |   13.679 |   13.702 |   13.765 |   13.726 |   13.695 |   13.715 |   24.207 |   24.207 |   24.251 |   24.260 ||  -41.81  -43.59  -43.50  -43.23  -43.40  -43.52  -43.44   -0.17   -0.17   +0.01   +0.05
       med   |   24.545 |   14.120 |   13.684 |   13.710 |   13.772 |   13.734 |   13.703 |   13.743 |   24.684 |   24.432 |   24.293 |   24.991
64     4     |   25.151 |   15.529 |   14.872 |   14.871 |   14.853 |   14.854 |   14.864 |   25.110 |   25.114 |   25.136 |   25.107 |   25.163 ||  -38.26  -40.87  -40.87  -40.95  -40.94  -40.90   -0.16   -0.15   -0.06   -0.18   +0.04
       med   |   25.679 |   15.641 |   15.278 |   14.884 |   15.383 |   15.057 |   14.876 |   25.443 |   25.602 |   25.404 |   25.199 |   25.691
80     5     |   25.990 |   19.490 |   16.630 |   16.655 |   16.750 |   16.580 |   25.992 |   25.990 |   25.992 |   26.001 |   25.990 |   25.984 ||  -25.01  -36.01  -35.92  -35.55  -36.21   +0.01   -0.00   +0.01   +0.04   +0.00   -0.02
       med   |   26.555 |   19.520 |   16.882 |   17.013 |   17.108 |   16.601 |   26.026 |   26.104 |   26.115 |   26.468 |   26.018 |   26.553
96     6     |   26.927 |   22.029 |   18.779 |   18.792 |   18.783 |   26.933 |   26.888 |   26.923 |   26.899 |   26.912 |   26.913 |   26.920 ||  -18.19  -30.26  -30.21  -30.25   +0.02   -0.15   -0.02   -0.10   -0.06   -0.05   -0.03
       med   |   27.404 |   22.059 |   18.803 |   19.158 |   18.805 |   27.187 |   26.973 |   26.957 |   26.979 |   27.217 |   27.061 |   27.219
112    7     |   27.464 |   24.769 |   20.852 |   20.826 |   27.479 |   27.520 |   27.479 |   27.493 |   27.502 |   27.516 |   27.442 |   27.331 ||   -9.81  -24.07  -24.17   +0.05   +0.21   +0.06   +0.11   +0.14   +0.19   -0.08   -0.48
       med   |   28.019 |   25.123 |   20.868 |   21.052 |   27.524 |   27.749 |   27.519 |   27.551 |   28.229 |   28.049 |   27.580 |   28.056
128    8     |   25.386 |   25.560 |   22.902 |   25.592 |   25.387 |   25.590 |   25.577 |   25.575 |   25.556 |   25.582 |   25.553 |   25.376 ||   +0.68   -9.78   +0.81   +0.01   +0.80   +0.75   +0.74   +0.67   +0.77   +0.66   -0.04
       med   |   25.826 |   25.621 |   22.967 |   25.777 |   25.624 |   25.873 |   25.699 |   25.628 |   25.625 |   26.060 |   25.868 |   26.018
256    16    |   45.512 |   45.385 |   45.666 |   45.337 |   45.349 |   45.357 |   45.459 |   45.358 |   45.411 |   45.545 |   45.369 |   45.434 ||   -0.28   +0.34   -0.39   -0.36   -0.34   -0.12   -0.34   -0.22   +0.07   -0.31   -0.17
       med   |   46.717 |   46.108 |   46.731 |   45.722 |   45.632 |   46.514 |   45.964 |   46.159 |   46.263 |   45.698 |   46.518 |   46.112
512    32    |   84.523 |   84.376 |   84.469 |   84.366 |   84.460 |   84.522 |   84.417 |   84.393 |   84.400 |   84.291 |   84.308 |   84.406 ||   -0.17   -0.06   -0.19   -0.07   -0.00   -0.13   -0.15   -0.15   -0.27   -0.25   -0.14
       med   |   85.416 |   85.358 |   86.430 |   84.913 |   85.419 |   86.232 |   85.931 |   85.449 |   86.315 |   85.473 |   85.405 |   85.720
1024   64    |  161.960 |  161.806 |  162.125 |  161.504 |  161.835 |  161.963 |  161.901 |  161.879 |  161.982 |  161.702 |  161.935 |  162.031 ||   -0.10   +0.10   -0.28   -0.08   +0.00   -0.04   -0.05   +0.01   -0.16   -0.02   +0.04
       med   |  163.301 |  162.739 |  166.098 |  163.371 |  162.839 |  164.225 |  165.441 |  164.032 |  165.156 |  163.170 |  163.722 |  164.049
4096   256   |  628.566 |  628.749 |  628.950 |  628.827 |  628.513 |  628.927 |  628.706 |  628.413 |  628.713 |  628.289 |  628.737 |  628.899 ||   +0.03   +0.06   +0.04   -0.01   +0.06   +0.02   -0.02   +0.02   -0.04   +0.03   +0.05
       med   |  630.511 |  632.211 |  633.779 |  631.824 |  630.031 |  632.964 |  633.562 |  630.779 |  632.816 |  630.832 |  632.029 |  630.995
=== process order2.2
SELFCHECK OK (256 whole-block lengths 1..256 blk x 12 variants; out/Xi/ivec/ret byte-identical)
bytes  blks  |     base |     cw4t |       t8 |       t7 |       t6 |       t5 |       t4 |       t3 |       t2 |     dsp0 |   baseAB |   baseAA ||    cw4t%      t8%      t7%      t6%      t5%      t4%      t3%      t2%    dsp0%  baseAB%  baseAA%
16     1     |   24.036 |   12.548 |   12.318 |   12.314 |   12.317 |   12.270 |   12.339 |   12.347 |   12.324 |   25.442 |   23.455 |   23.790 ||  -47.80  -48.75  -48.77  -48.76  -48.95  -48.67  -48.63  -48.73   +5.85   -2.42   -1.02
       med   |   25.664 |   12.552 |   12.355 |   12.344 |   12.326 |   12.348 |   12.395 |   12.355 |   12.336 |   25.755 |   25.557 |   25.788
32     2     |   23.413 |   13.307 |   13.307 |   13.369 |   13.304 |   13.305 |   13.399 |   13.412 |   13.390 |   23.381 |   23.359 |   23.432 ||  -43.16  -43.16  -42.90  -43.17  -43.17  -42.77  -42.72  -42.81   -0.13   -0.23   +0.08
       med   |   23.479 |   13.423 |   13.402 |   13.401 |   13.401 |   13.413 |   13.431 |   13.435 |   13.405 |   23.891 |   23.425 |   24.118
48     3     |   24.261 |   14.083 |   13.677 |   13.700 |   13.765 |   13.726 |   13.696 |   13.717 |   24.221 |   24.210 |   24.242 |   24.263 ||  -41.95  -43.63  -43.53  -43.26  -43.42  -43.55  -43.46   -0.16   -0.21   -0.08   +0.01
       med   |   24.448 |   14.121 |   13.685 |   13.711 |   13.773 |   13.736 |   13.703 |   13.725 |   24.588 |   24.361 |   24.356 |   25.006
64     4     |   25.156 |   15.531 |   14.876 |   14.868 |   14.885 |   14.852 |   14.865 |   25.130 |   25.119 |   25.134 |   25.108 |   25.153 ||  -38.26  -40.87  -40.90  -40.83  -40.96  -40.91   -0.10   -0.15   -0.09   -0.19   -0.01
       med   |   25.704 |   15.798 |   15.287 |   14.883 |   15.305 |   14.870 |   14.905 |   25.371 |   25.172 |   25.251 |   25.172 |   25.528
80     5     |   25.987 |   19.493 |   16.631 |   16.658 |   16.753 |   16.578 |   25.985 |   25.984 |   25.993 |   25.998 |   25.990 |   26.004 ||  -24.99  -36.00  -35.90  -35.53  -36.20   -0.01   -0.01   +0.02   +0.04   +0.01   +0.07
       med   |   26.537 |   19.630 |   16.650 |   17.018 |   17.069 |   16.765 |   26.039 |   26.063 |   26.114 |   26.338 |   26.022 |   26.599
96     6     |   26.929 |   22.033 |   18.784 |   18.794 |   18.784 |   26.920 |   26.886 |   26.925 |   26.880 |   26.940 |   26.877 |   26.923 ||  -18.18  -30.24  -30.21  -30.24   -0.03   -0.16   -0.02   -0.18   +0.04   -0.19   -0.02
       med   |   27.573 |   22.064 |   18.805 |   19.157 |   19.270 |   26.965 |   26.975 |   26.957 |   26.974 |   27.346 |   27.000 |   27.453
112    7     |   27.463 |   24.783 |   20.854 |   20.833 |   27.486 |   27.531 |   27.484 |   27.496 |   27.498 |   27.510 |   27.436 |   27.350 ||   -9.76  -24.07  -24.14   +0.08   +0.25   +0.08   +0.12   +0.13   +0.17   -0.10   -0.41
       med   |   27.646 |   25.109 |   20.872 |   21.329 |   27.818 |   27.772 |   27.522 |   27.554 |   27.958 |   27.898 |   27.691 |   28.260
128    8     |   25.381 |   25.566 |   22.937 |   25.587 |   25.381 |   25.602 |   25.554 |   25.581 |   25.580 |   25.576 |   25.554 |   25.392 ||   +0.73   -9.63   +0.81   +0.00   +0.87   +0.68   +0.79   +0.79   +0.77   +0.68   +0.04
       med   |   25.910 |   25.625 |   23.279 |   25.781 |   25.630 |   26.010 |   25.627 |   25.616 |   25.624 |   25.627 |   25.612 |   26.032
256    16    |   45.493 |   45.403 |   45.454 |   45.359 |   45.363 |   45.467 |   45.375 |   45.125 |   45.410 |   45.453 |   45.571 |   45.401 ||   -0.20   -0.09   -0.30   -0.29   -0.06   -0.26   -0.81   -0.18   -0.09   +0.17   -0.20
       med   |   46.595 |   46.161 |   46.798 |   45.697 |   45.502 |   46.790 |   45.950 |   46.254 |   46.299 |   46.651 |   46.816 |   46.069
512    32    |   84.239 |   84.403 |   84.436 |   84.381 |   84.516 |   84.445 |   84.509 |   84.362 |   84.422 |   84.393 |   84.371 |   84.392 ||   +0.20   +0.23   +0.17   +0.33   +0.24   +0.32   +0.15   +0.22   +0.18   +0.16   +0.18
       med   |   85.367 |   85.533 |   85.926 |   85.036 |   85.339 |   85.980 |   86.087 |   85.261 |   86.161 |   85.827 |   85.684 |   84.769
1024   64    |  161.982 |  162.007 |  162.019 |  161.654 |  162.019 |  162.109 |  162.044 |  161.500 |  163.290 |  161.942 |  161.938 |  162.008 ||   +0.02   +0.02   -0.20   +0.02   +0.08   +0.04   -0.30   +0.81   -0.02   -0.03   +0.02
       med   |  163.381 |  165.517 |  165.058 |  163.232 |  162.941 |  165.118 |  164.427 |  162.964 |  166.091 |  163.561 |  164.435 |  163.558
4096   256   |  629.011 |  628.581 |  628.581 |  627.181 |  628.650 |  628.882 |  628.679 |  628.493 |  628.701 |  627.936 |  628.280 |  628.809 ||   -0.07   -0.07   -0.29   -0.06   -0.02   -0.05   -0.08   -0.05   -0.17   -0.12   -0.03
       med   |  630.391 |  631.525 |  632.351 |  630.978 |  629.843 |  632.286 |  633.167 |  630.398 |  632.799 |  630.827 |  631.897 |  630.861
=== process order2.3
SELFCHECK OK (256 whole-block lengths 1..256 blk x 12 variants; out/Xi/ivec/ret byte-identical)
bytes  blks  |     base |     cw4t |       t8 |       t7 |       t6 |       t5 |       t4 |       t3 |       t2 |     dsp0 |   baseAB |   baseAA ||    cw4t%      t8%      t7%      t6%      t5%      t4%      t3%      t2%    dsp0%  baseAB%  baseAA%
16     1     |   23.705 |   12.547 |   12.318 |   12.322 |   12.317 |   12.267 |   12.344 |   12.347 |   12.329 |   23.841 |   23.309 |   24.291 ||  -47.07  -48.04  -48.02  -48.04  -48.25  -47.92  -47.91  -47.99   +0.58   -1.67   +2.47
       med   |   25.718 |   12.551 |   12.327 |   12.344 |   12.326 |   12.347 |   12.396 |   12.355 |   12.336 |   25.798 |   25.598 |   25.789
32     2     |   23.412 |   13.307 |   13.303 |   13.371 |   13.300 |   13.305 |   13.393 |   13.408 |   13.396 |   23.384 |   23.353 |   23.417 ||  -43.16  -43.18  -42.89  -43.19  -43.17  -42.80  -42.73  -42.78   -0.12   -0.25   +0.02
       med   |   23.599 |   13.419 |   13.402 |   13.403 |   13.402 |   13.427 |   13.429 |   13.420 |   13.405 |   23.706 |   23.427 |   23.931
48     3     |   24.269 |   14.083 |   13.677 |   13.700 |   13.765 |   13.728 |   13.696 |   13.716 |   24.212 |   24.210 |   24.240 |   24.260 ||  -41.97  -43.64  -43.55  -43.28  -43.43  -43.57  -43.48   -0.23   -0.24   -0.12   -0.04
       med   |   24.605 |   14.120 |   13.685 |   13.710 |   13.772 |   13.772 |   13.706 |   13.741 |   24.602 |   24.459 |   24.355 |   25.073
64     4     |   25.117 |   15.530 |   14.868 |   14.871 |   14.859 |   14.852 |   14.864 |   25.127 |   25.103 |   25.118 |   25.146 |   25.155 ||  -38.17  -40.80  -40.80  -40.84  -40.87  -40.82   +0.04   -0.05   +0.01   +0.12   +0.15
       med   |   25.736 |   15.633 |   15.163 |   14.883 |   15.276 |   15.094 |   14.910 |   25.336 |   25.224 |   25.336 |   25.197 |   25.678
80     5     |   25.999 |   19.482 |   16.634 |   16.656 |   16.751 |   16.583 |   25.992 |   25.989 |   25.987 |   25.995 |   25.990 |   25.990 ||  -25.07  -36.02  -35.94  -35.57  -36.22   -0.03   -0.04   -0.05   -0.02   -0.03   -0.04
       med   |   26.715 |   19.518 |   16.650 |   17.020 |   16.984 |   16.760 |   26.080 |   26.065 |   26.023 |   26.311 |   26.072 |   26.316
96     6     |   26.938 |   22.029 |   18.787 |   18.792 |   18.785 |   26.926 |   26.945 |   26.920 |   26.891 |   26.926 |   26.862 |   26.945 ||  -18.22  -30.26  -30.24  -30.27   -0.05   +0.02   -0.07   -0.17   -0.05   -0.28   +0.03
       med   |   27.446 |   22.059 |   18.804 |   19.158 |   18.802 |   27.189 |   26.977 |   26.962 |   26.977 |   27.196 |   26.974 |   27.324
112    7     |   27.457 |   24.772 |   20.847 |   20.823 |   27.493 |   27.529 |   27.484 |   27.452 |   27.487 |   27.520 |   27.441 |   27.633 ||   -9.78  -24.07  -24.16   +0.13   +0.26   +0.10   -0.02   +0.11   +0.23   -0.06   +0.64
       med   |   27.991 |   25.051 |   20.866 |   21.157 |   27.837 |   27.755 |   27.522 |   27.549 |   27.907 |   27.938 |   27.701 |   28.266
128    8     |   25.371 |   25.580 |   22.912 |   25.586 |   25.380 |   25.584 |   25.583 |   25.584 |   25.602 |   25.584 |   25.534 |   25.373 ||   +0.82   -9.69   +0.85   +0.04   +0.84   +0.84   +0.84   +0.91   +0.84   +0.64   +0.01
       med   |   25.790 |   25.622 |   23.362 |   25.781 |   25.630 |   26.013 |   25.624 |   26.028 |   25.628 |   26.081 |   25.602 |   26.020
256    16    |   45.534 |   45.412 |   45.477 |   45.356 |   45.360 |   45.546 |   45.454 |   45.363 |   45.416 |   45.450 |   45.367 |   45.497 ||   -0.27   -0.12   -0.39   -0.38   +0.03   -0.18   -0.38   -0.26   -0.19   -0.37   -0.08
       med   |   46.710 |   46.158 |   46.725 |   45.704 |   45.522 |   46.835 |   46.037 |   46.398 |   46.267 |   46.125 |   46.848 |   46.082
512    32    |   84.501 |   84.396 |   84.433 |   84.383 |   84.384 |   84.472 |   84.447 |   84.396 |   84.439 |   84.358 |   84.392 |   84.329 ||   -0.12   -0.08   -0.14   -0.14   -0.03   -0.06   -0.12   -0.07   -0.17   -0.13   -0.20
       med   |   85.329 |   85.695 |   86.442 |   85.182 |   85.734 |   86.371 |   85.592 |   85.482 |   85.527 |   85.590 |   86.263 |   85.134
1024   64    |  162.151 |  162.058 |  162.041 |  161.873 |  161.788 |  162.023 |  161.946 |  161.476 |  162.059 |  161.954 |  161.929 |  161.995 ||   -0.06   -0.07   -0.17   -0.22   -0.08   -0.13   -0.42   -0.06   -0.12   -0.14   -0.10
       med   |  163.389 |  165.243 |  165.541 |  163.935 |  162.917 |  164.952 |  165.221 |  162.696 |  166.001 |  163.100 |  163.806 |  163.661
4096   256   |  628.976 |  628.457 |  628.856 |  628.906 |  628.741 |  628.936 |  628.700 |  628.423 |  628.704 |  628.620 |  628.264 |  628.631 ||   -0.08   -0.02   -0.01   -0.04   -0.01   -0.04   -0.09   -0.04   -0.06   -0.11   -0.05
       med   |  630.326 |  631.435 |  632.704 |  631.676 |  630.870 |  632.828 |  633.324 |  630.574 |  632.926 |  630.941 |  632.432 |  630.727
=== process order2.4
SELFCHECK OK (256 whole-block lengths 1..256 blk x 12 variants; out/Xi/ivec/ret byte-identical)
bytes  blks  |     base |     cw4t |       t8 |       t7 |       t6 |       t5 |       t4 |       t3 |       t2 |     dsp0 |   baseAB |   baseAA ||    cw4t%      t8%      t7%      t6%      t5%      t4%      t3%      t2%    dsp0%  baseAB%  baseAA%
16     1     |   23.323 |   12.547 |   12.320 |   12.336 |   12.318 |   12.309 |   12.331 |   12.347 |   12.330 |   25.439 |   23.844 |   23.327 ||  -46.20  -47.18  -47.11  -47.19  -47.22  -47.13  -47.06  -47.14   +9.07   +2.23   +0.02
       med   |   25.642 |   12.552 |   12.328 |   12.344 |   12.326 |   12.348 |   12.396 |   12.355 |   12.337 |   25.722 |   25.521 |   25.682
32     2     |   23.403 |   13.309 |   13.304 |   13.348 |   13.303 |   13.264 |   13.400 |   13.411 |   13.391 |   23.381 |   23.365 |   23.583 ||  -43.13  -43.15  -42.96  -43.16  -43.32  -42.74  -42.70  -42.78   -0.09   -0.16   +0.77
       med   |   23.602 |   13.355 |   13.402 |   13.423 |   13.345 |   13.409 |   13.431 |   13.436 |   13.405 |   23.643 |   23.470 |   24.130
48     3     |   24.258 |   14.085 |   13.679 |   13.702 |   13.729 |   13.727 |   13.695 |   13.716 |   24.214 |   24.211 |   24.255 |   24.273 ||  -41.94  -43.61  -43.52  -43.40  -43.41  -43.54  -43.46   -0.18   -0.19   -0.01   +0.06
       med   |   24.592 |   14.122 |   13.685 |   13.714 |   13.773 |   13.735 |   13.728 |   13.726 |   24.984 |   24.365 |   24.296 |   25.084
64     4     |   25.155 |   15.529 |   14.873 |   14.870 |   14.863 |   14.855 |   14.865 |   25.113 |   25.127 |   25.130 |   25.108 |   25.125 ||  -38.27  -40.87  -40.89  -40.91  -40.94  -40.91   -0.17   -0.11   -0.10   -0.19   -0.12
       med   |   25.678 |   15.721 |   15.285 |   14.883 |   15.337 |   14.872 |   14.878 |   25.359 |   25.603 |   25.327 |   25.198 |   25.472
80     5     |   25.988 |   19.486 |   16.629 |   16.646 |   16.748 |   16.582 |   25.990 |   25.994 |   25.986 |   25.988 |   25.991 |   25.997 ||  -25.02  -36.01  -35.95  -35.56  -36.20   +0.00   +0.02   -0.01   -0.00   +0.01   +0.03
       med   |   26.663 |   19.636 |   16.654 |   16.844 |   16.991 |   16.763 |   26.241 |   26.075 |   26.096 |   26.107 |   26.021 |   26.541
96     6     |   26.938 |   22.030 |   18.785 |   18.787 |   18.784 |   26.935 |   26.892 |   26.919 |   26.934 |   26.925 |   26.866 |   26.948 ||  -18.22  -30.26  -30.26  -30.27   -0.01   -0.17   -0.07   -0.01   -0.05   -0.27   +0.04
       med   |   27.369 |   22.060 |   18.804 |   19.161 |   18.974 |   27.196 |   26.976 |   26.959 |   26.992 |   27.231 |   26.982 |   27.439
112    7     |   27.463 |   24.768 |   20.850 |   20.839 |   27.475 |   27.528 |   27.491 |   27.457 |   27.506 |   27.435 |   27.441 |   27.470 ||   -9.81  -24.08  -24.12   +0.04   +0.24   +0.10   -0.02   +0.16   -0.10   -0.08   +0.03
       med   |   27.989 |   24.802 |   20.867 |   21.651 |   27.755 |   27.764 |   27.521 |   27.550 |   28.187 |   27.634 |   27.698 |   28.242
128    8     |   25.370 |   25.568 |   22.937 |   25.589 |   25.379 |   25.589 |   25.598 |   25.583 |   25.557 |   25.589 |   25.533 |   25.357 ||   +0.78   -9.59   +0.86   +0.03   +0.86   +0.90   +0.84   +0.74   +0.86   +0.64   -0.05
       med   |   25.862 |   25.622 |   23.315 |   25.782 |   25.625 |   25.864 |   25.624 |   26.022 |   25.624 |   26.214 |   25.612 |   26.004
256    16    |   45.556 |   45.360 |   45.449 |   45.365 |   45.352 |   45.570 |   45.458 |   45.319 |   45.462 |   45.477 |   45.825 |   45.491 ||   -0.43   -0.24   -0.42   -0.45   +0.03   -0.22   -0.52   -0.21   -0.17   +0.59   -0.14
       med   |   46.392 |   45.782 |   46.801 |   45.927 |   45.726 |   46.767 |   45.984 |   46.131 |   46.386 |   46.411 |   46.901 |   46.057
512    32    |   84.622 |   84.394 |   84.430 |   84.386 |   84.369 |   84.470 |   84.476 |   84.359 |   84.474 |   84.392 |   84.388 |   84.391 ||   -0.27   -0.23   -0.28   -0.30   -0.18   -0.17   -0.31   -0.18   -0.27   -0.28   -0.27
       med   |   85.356 |   85.575 |   86.402 |   85.039 |   85.389 |   85.923 |   85.902 |   85.998 |   86.031 |   85.646 |   86.092 |   85.330
1024   64    |  162.172 |  161.923 |  161.892 |  161.487 |  161.828 |  162.034 |  162.041 |  161.821 |  162.042 |  161.506 |  161.876 |  161.930 ||   -0.15   -0.17   -0.42   -0.21   -0.09   -0.08   -0.22   -0.08   -0.41   -0.18   -0.15
       med   |  163.489 |  164.369 |  165.481 |  163.027 |  163.637 |  165.609 |  165.564 |  164.023 |  164.620 |  163.617 |  164.137 |  163.723
4096   256   |  628.912 |  628.593 |  628.824 |  628.766 |  628.366 |  628.836 |  627.564 |  628.083 |  628.796 |  628.324 |  628.569 |  628.771 ||   -0.05   -0.01   -0.02   -0.09   -0.01   -0.21   -0.13   -0.02   -0.09   -0.05   -0.02
       med   |  631.108 |  631.423 |  632.712 |  630.855 |  629.981 |  633.054 |  633.164 |  630.785 |  633.033 |  631.010 |  631.524 |  631.221
=== process order2.5
SELFCHECK OK (256 whole-block lengths 1..256 blk x 12 variants; out/Xi/ivec/ret byte-identical)
bytes  blks  |     base |     cw4t |       t8 |       t7 |       t6 |       t5 |       t4 |       t3 |       t2 |     dsp0 |   baseAB |   baseAA ||    cw4t%      t8%      t7%      t6%      t5%      t4%      t3%      t2%    dsp0%  baseAB%  baseAA%
16     1     |   23.336 |   12.547 |   12.318 |   12.334 |   12.318 |   12.265 |   12.386 |   12.344 |   12.328 |   24.032 |   23.303 |   23.408 ||  -46.23  -47.21  -47.15  -47.21  -47.44  -46.92  -47.10  -47.17   +2.98   -0.14   +0.31
       med   |   25.723 |   12.551 |   12.330 |   12.344 |   12.326 |   12.348 |   12.396 |   12.355 |   12.336 |   25.884 |   25.595 |   25.758
32     2     |   23.419 |   13.345 |   13.301 |   13.371 |   13.303 |   13.266 |   13.395 |   13.413 |   13.389 |   23.367 |   23.360 |   23.403 ||  -43.02  -43.20  -42.91  -43.19  -43.35  -42.80  -42.72  -42.83   -0.22   -0.25   -0.07
       med   |   23.657 |   13.424 |   13.401 |   13.408 |   13.401 |   13.407 |   13.429 |   13.435 |   13.405 |   23.712 |   23.587 |   23.898
48     3     |   24.263 |   14.107 |   13.677 |   13.704 |   13.766 |   13.728 |   13.694 |   13.714 |   24.221 |   24.232 |   24.240 |   24.244 ||  -41.86  -43.63  -43.52  -43.26  -43.42  -43.56  -43.48   -0.17   -0.13   -0.10   -0.08
       med   |   24.480 |   14.122 |   13.685 |   13.710 |   13.773 |   13.770 |   13.703 |   13.726 |   24.675 |   24.462 |   24.301 |   24.916
64     4     |   25.119 |   15.529 |   14.876 |   14.871 |   14.854 |   14.855 |   14.864 |   25.128 |   25.104 |   25.132 |   25.107 |   25.132 ||  -38.18  -40.78  -40.80  -40.87  -40.86  -40.82   +0.04   -0.06   +0.05   -0.05   +0.05
       med   |   25.441 |   15.626 |   15.280 |   14.883 |   15.189 |   15.065 |   14.901 |   25.375 |   25.166 |   25.240 |   25.195 |   25.688
80     5     |   25.988 |   19.490 |   16.634 |   16.660 |   16.750 |   16.576 |   25.989 |   25.991 |   25.990 |   26.000 |   25.994 |   25.990 ||  -25.01  -35.99  -35.89  -35.55  -36.22   +0.00   +0.01   +0.01   +0.05   +0.02   +0.01
       med   |   26.454 |   19.627 |   16.881 |   16.973 |   16.983 |   16.766 |   26.028 |   26.090 |   26.027 |   26.241 |   26.120 |   26.559
96     6     |   26.934 |   22.029 |   18.786 |   18.795 |   18.787 |   26.919 |   26.891 |   26.922 |   26.896 |   26.921 |   26.889 |   26.906 ||  -18.21  -30.25  -30.22  -30.25   -0.06   -0.16   -0.04   -0.14   -0.05   -0.17   -0.10
       med   |   27.398 |   22.072 |   18.805 |   19.161 |   19.278 |   27.185 |   26.978 |   26.960 |   26.973 |   27.248 |   26.978 |   26.999
112    7     |   27.462 |   24.775 |   20.848 |   20.830 |   27.481 |   27.512 |   27.485 |   27.467 |   27.483 |   27.516 |   27.441 |   27.340 ||   -9.78  -24.09  -24.15   +0.07   +0.18   +0.08   +0.02   +0.07   +0.20   -0.08   -0.45
       med   |   27.661 |   25.083 |   20.870 |   21.314 |   27.526 |   27.731 |   27.718 |   27.555 |   27.519 |   27.847 |   27.685 |   27.656
128    8     |   25.372 |   25.570 |   22.902 |   25.584 |   25.377 |   25.595 |   25.577 |   25.583 |   25.571 |   25.599 |   25.532 |   25.381 ||   +0.78   -9.73   +0.83   +0.02   +0.88   +0.81   +0.83   +0.78   +0.89   +0.63   +0.04
       med   |   25.810 |   25.624 |   23.383 |   25.758 |   25.627 |   25.920 |   25.627 |   25.961 |   25.626 |   26.183 |   25.870 |   25.902
256    16    |   45.583 |   45.393 |   45.359 |   45.351 |   45.359 |   45.359 |   45.453 |   45.468 |   45.382 |   45.470 |   45.550 |   45.474 ||   -0.42   -0.49   -0.51   -0.49   -0.49   -0.29   -0.25   -0.44   -0.25   -0.07   -0.24
       med   |   46.658 |   46.164 |   46.542 |   45.754 |   45.540 |   46.657 |   45.950 |   46.430 |   46.470 |   46.545 |   46.494 |   46.028
512    32    |   84.476 |   84.384 |   84.472 |   83.919 |   84.372 |   84.503 |   84.437 |   84.398 |   84.461 |   84.393 |   84.403 |   84.355 ||   -0.11   -0.00   -0.66   -0.12   +0.03   -0.05   -0.09   -0.02   -0.10   -0.09   -0.14
       med   |   85.435 |   85.497 |   86.428 |   85.231 |   85.342 |   86.353 |   86.239 |   85.438 |   85.601 |   85.658 |   85.960 |   85.195
1024   64    |  161.927 |  161.916 |  162.017 |  161.641 |  161.827 |  162.012 |  162.025 |  161.897 |  161.975 |  161.724 |  161.837 |  161.894 ||   -0.01   +0.06   -0.18   -0.06   +0.05   +0.06   -0.02   +0.03   -0.13   -0.06   -0.02
       med   |  163.305 |  164.494 |  165.448 |  162.738 |  163.867 |  165.314 |  165.612 |  163.174 |  165.783 |  163.314 |  164.547 |  163.384
4096   256   |  628.811 |  628.683 |  628.964 |  628.854 |  628.705 |  628.976 |  628.682 |  627.277 |  628.684 |  628.543 |  627.630 |  628.861 ||   -0.02   +0.02   +0.01   -0.02   +0.03   -0.02   -0.24   -0.02   -0.04   -0.19   +0.01
       med   |  630.519 |  631.193 |  632.917 |  631.730 |  630.685 |  632.771 |  633.371 |  630.614 |  632.653 |  630.948 |  631.501 |  630.964
=== process order3.1
SELFCHECK OK (256 whole-block lengths 1..256 blk x 12 variants; out/Xi/ivec/ret byte-identical)
bytes  blks  |     base |       t5 |       t8 |   baseAA |       t3 |     cw4t |       t7 |     dsp0 |       t2 |   baseAB |       t6 |       t4 ||      t5%      t8%  baseAA%      t3%    cw4t%      t7%    dsp0%      t2%  baseAB%      t6%      t4%
16     1     |   25.382 |   12.345 |   12.318 |   25.365 |   12.307 |   12.568 |   12.374 |   25.481 |   12.325 |   25.426 |   12.317 |   12.332 ||  -51.36  -51.47   -0.07  -51.51  -50.49  -51.25   +0.39  -51.44   +0.17  -51.47  -51.41
       med   |   25.589 |   12.353 |   12.359 |   25.463 |   12.344 |   12.586 |   12.382 |   25.582 |   12.336 |   25.703 |   12.354 |   12.387
32     2     |   23.408 |   13.314 |   13.307 |   23.404 |   13.378 |   13.221 |   13.361 |   23.365 |   13.369 |   23.415 |   13.331 |   13.393 ||  -43.12  -43.15   -0.02  -42.85  -43.52  -42.92   -0.19  -42.89   +0.03  -43.05  -42.79
       med   |   23.530 |   13.356 |   13.402 |   23.451 |   13.425 |   13.370 |   13.371 |   23.563 |   13.405 |   24.140 |   13.342 |   13.444
48     3     |   24.263 |   13.698 |   13.679 |   24.257 |   13.699 |   14.080 |   13.692 |   24.206 |   24.208 |   24.266 |   13.765 |   13.727 ||  -43.54  -43.62   -0.02  -43.54  -41.97  -43.57   -0.24   -0.23   +0.01  -43.27  -43.42
       med   |   24.470 |   13.773 |   13.769 |   24.408 |   13.767 |   14.149 |   13.741 |   24.275 |   24.785 |   25.069 |   13.810 |   13.762
64     4     |   25.155 |   14.831 |   14.871 |   25.123 |   25.101 |   15.528 |   14.869 |   25.121 |   25.117 |   25.169 |   14.853 |   14.849 ||  -41.04  -40.88   -0.13   -0.22  -38.27  -40.89   -0.14   -0.15   +0.05  -40.95  -40.97
       med   |   25.336 |   14.848 |   15.153 |   25.197 |   25.150 |   15.672 |   14.885 |   25.161 |   25.226 |   26.030 |   14.865 |   14.923
80     5     |   25.984 |   16.584 |   16.637 |   25.983 |   25.965 |   19.535 |   16.641 |   25.990 |   25.996 |   25.986 |   16.743 |   25.997 ||  -36.18  -35.97   -0.00   -0.07  -24.82  -35.96   +0.02   +0.05   +0.01  -35.56   +0.05
       med   |   26.339 |   16.752 |   17.216 |   26.012 |   26.126 |   19.795 |   16.659 |   26.073 |   26.624 |   26.710 |   16.764 |   26.330
96     6     |   26.918 |   26.892 |   18.785 |   26.919 |   26.925 |   22.062 |   18.782 |   26.916 |   26.898 |   26.932 |   18.757 |   26.930 ||   -0.10  -30.21   +0.01   +0.03  -18.04  -30.22   -0.01   -0.07   +0.05  -30.32   +0.05
       med   |   27.567 |   26.977 |   18.803 |   27.003 |   26.975 |   22.437 |   18.935 |   26.958 |   27.026 |   27.581 |   18.982 |   27.379
112    7     |   27.458 |   27.481 |   20.850 |   27.449 |   27.487 |   24.778 |   20.828 |   27.502 |   27.427 |   27.465 |   27.492 |   27.508 ||   +0.08  -24.07   -0.04   +0.10   -9.76  -24.15   +0.16   -0.11   +0.02   +0.12   +0.18
       med   |   27.613 |   27.518 |   20.867 |   27.772 |   27.522 |   24.958 |   21.113 |   27.756 |   27.851 |   28.273 |   27.583 |   27.826
128    8     |   25.376 |   25.546 |   22.937 |   25.516 |   25.383 |   25.595 |   25.527 |   25.577 |   25.386 |   25.529 |   25.605 |   25.545 ||   +0.67   -9.61   +0.55   +0.03   +0.87   +0.60   +0.79   +0.04   +0.60   +0.90   +0.67
       med   |   25.764 |   25.624 |   22.954 |   25.913 |   25.623 |   26.039 |   26.001 |   25.620 |   25.988 |   26.356 |   25.981 |   25.691
256    16    |   45.480 |   45.379 |   45.412 |   45.505 |   45.478 |   45.498 |   45.442 |   45.477 |   45.543 |   45.479 |   45.379 |   45.376 ||   -0.22   -0.15   +0.05   -0.01   +0.04   -0.08   -0.01   +0.14   -0.00   -0.22   -0.23
       med   |   46.119 |   45.708 |   46.515 |   45.904 |   45.882 |   47.118 |   46.233 |   46.125 |   46.151 |   46.167 |   46.004 |   46.345
512    32    |   84.503 |   84.342 |   84.392 |   84.399 |   84.555 |   84.105 |   84.315 |   83.326 |   84.650 |   84.405 |   84.352 |   84.503 ||   -0.19   -0.13   -0.12   +0.06   -0.47   -0.22   -1.39   +0.17   -0.12   -0.18   +0.00
       med   |   85.987 |   84.743 |   86.393 |   85.554 |   86.545 |   84.832 |   85.155 |   85.242 |   85.809 |   85.690 |   84.774 |   84.906
1024   64    |  162.105 |  162.019 |  161.912 |  161.907 |  162.046 |  161.626 |  162.165 |  161.825 |  162.172 |  161.688 |  161.732 |  162.079 ||   -0.05   -0.12   -0.12   -0.04   -0.30   +0.04   -0.17   +0.04   -0.26   -0.23   -0.02
       med   |  163.190 |  163.020 |  164.906 |  165.393 |  163.540 |  162.684 |  165.544 |  163.165 |  165.890 |  163.439 |  163.095 |  162.686
4096   256   |  628.750 |  628.578 |  628.651 |  628.532 |  628.710 |  628.498 |  628.827 |  628.729 |  628.910 |  628.739 |  628.731 |  628.966 ||   -0.03   -0.02   -0.03   -0.01   -0.04   +0.01   -0.00   +0.03   -0.00   -0.00   +0.03
       med   |  630.192 |  630.018 |  631.227 |  634.702 |  631.101 |  630.289 |  632.366 |  631.275 |  631.623 |  631.063 |  629.874 |  631.069
=== process order3.2
SELFCHECK OK (256 whole-block lengths 1..256 blk x 12 variants; out/Xi/ivec/ret byte-identical)
bytes  blks  |     base |       t5 |       t8 |   baseAA |       t3 |     cw4t |       t7 |     dsp0 |       t2 |   baseAB |       t6 |       t4 ||      t5%      t8%  baseAA%      t3%    cw4t%      t7%    dsp0%      t2%  baseAB%      t6%      t4%
16     1     |   24.771 |   12.309 |   12.316 |   25.289 |   12.308 |   12.565 |   12.296 |   25.432 |   12.328 |   25.460 |   12.317 |   12.334 ||  -50.31  -50.28   +2.09  -50.31  -49.27  -50.36   +2.67  -50.23   +2.78  -50.28  -50.21
       med   |   25.552 |   12.353 |   12.326 |   25.382 |   12.343 |   12.586 |   12.382 |   25.554 |   12.337 |   25.626 |   12.327 |   12.387
32     2     |   23.410 |   13.311 |   13.307 |   23.411 |   13.412 |   13.221 |   13.361 |   23.366 |   13.367 |   23.408 |   13.333 |   13.400 ||  -43.14  -43.16   +0.01  -42.71  -43.52  -42.93   -0.19  -42.90   -0.01  -43.05  -42.76
       med   |   23.666 |   13.356 |   13.348 |   23.437 |   13.424 |   13.338 |   13.371 |   23.418 |   13.405 |   24.345 |   13.342 |   13.444
48     3     |   24.259 |   13.746 |   13.679 |   24.251 |   13.700 |   14.125 |   13.701 |   24.205 |   24.217 |   24.276 |   13.768 |   13.729 ||  -43.34  -43.61   -0.03  -43.53  -41.77  -43.52   -0.22   -0.17   +0.07  -43.25  -43.41
       med   |   24.468 |   13.773 |   13.768 |   24.347 |   13.766 |   14.157 |   13.762 |   24.249 |   24.948 |   25.241 |   13.809 |   13.762
64     4     |   25.131 |   14.831 |   14.872 |   25.124 |   25.103 |   15.530 |   14.871 |   25.117 |   25.109 |   25.170 |   14.855 |   14.849 ||  -40.99  -40.82   -0.03   -0.11  -38.20  -40.83   -0.06   -0.09   +0.15  -40.89  -40.91
       med   |   25.422 |   14.846 |   15.150 |   25.182 |   25.150 |   15.666 |   14.885 |   25.151 |   25.791 |   26.059 |   14.865 |   14.924
80     5     |   25.985 |   16.581 |   16.633 |   25.981 |   25.970 |   19.535 |   16.639 |   25.988 |   25.999 |   26.005 |   16.748 |   25.989 ||  -36.19  -35.99   -0.02   -0.06  -24.82  -35.97   +0.01   +0.05   +0.08  -35.55   +0.02
       med   |   26.029 |   16.600 |   16.652 |   26.014 |   26.202 |   19.597 |   16.661 |   26.025 |   26.443 |   26.767 |   16.773 |   26.268
96     6     |   26.925 |   26.931 |   18.782 |   26.925 |   26.940 |   22.054 |   18.786 |   26.918 |   26.888 |   26.927 |   18.786 |   26.921 ||   +0.02  -30.25   +0.00   +0.05  -18.09  -30.23   -0.03   -0.14   +0.01  -30.23   -0.02
       med   |   27.588 |   26.979 |   18.803 |   27.223 |   26.972 |   22.437 |   18.804 |   26.960 |   27.035 |   27.838 |   18.980 |   27.190
112    7     |   27.458 |   27.478 |   20.850 |   27.454 |   27.490 |   24.777 |   20.827 |   27.511 |   27.421 |   27.460 |   27.499 |   27.516 ||   +0.07  -24.07   -0.02   +0.12   -9.77  -24.15   +0.19   -0.14   +0.00   +0.15   +0.21
       med   |   28.128 |   27.520 |   20.869 |   27.782 |   27.520 |   24.970 |   20.845 |   27.552 |   28.183 |   28.099 |   28.240 |   27.691
128    8     |   25.397 |   25.598 |   22.935 |   25.513 |   25.378 |   25.593 |   25.386 |   25.589 |   25.382 |   25.534 |   25.611 |   25.538 ||   +0.79   -9.69   +0.46   -0.07   +0.77   -0.04   +0.76   -0.06   +0.54   +0.84   +0.56
       med   |   26.143 |   25.624 |   22.954 |   25.699 |   25.622 |   26.040 |   25.827 |   25.618 |   26.153 |   26.355 |   26.013 |   25.628
256    16    |   45.427 |   45.366 |   45.364 |   45.457 |   45.441 |   45.529 |   45.355 |   45.498 |   45.523 |   45.574 |   45.390 |   45.468 ||   -0.13   -0.14   +0.07   +0.03   +0.23   -0.16   +0.16   +0.21   +0.32   -0.08   +0.09
       med   |   46.149 |   45.802 |   46.761 |   45.616 |   45.869 |   46.709 |   46.408 |   45.622 |   46.111 |   46.142 |   46.118 |   46.093
512    32    |   84.098 |   84.283 |   84.004 |   84.393 |   84.508 |   83.925 |   84.432 |   82.881 |   84.672 |   84.420 |   84.379 |   84.500 ||   +0.22   -0.11   +0.35   +0.49   -0.21   +0.40   -1.45   +0.68   +0.38   +0.33   +0.48
       med   |   85.423 |   84.545 |   86.220 |   85.457 |   86.755 |   84.981 |   85.043 |   85.336 |   85.887 |   85.639 |   84.685 |   85.175
1024   64    |  162.099 |  161.971 |  161.780 |  161.810 |  162.063 |  161.838 |  162.179 |  161.882 |  162.238 |  162.097 |  160.792 |  161.966 ||   -0.08   -0.20   -0.18   -0.02   -0.16   +0.05   -0.13   +0.09   -0.00   -0.81   -0.08
       med   |  163.208 |  163.173 |  165.965 |  163.645 |  164.269 |  162.165 |  165.922 |  163.257 |  165.455 |  165.885 |  163.181 |  163.038
4096   256   |  628.834 |  628.738 |  628.001 |  628.760 |  628.659 |  628.572 |  628.782 |  628.789 |  626.992 |  628.846 |  628.544 |  628.918 ||   -0.02   -0.13   -0.01   -0.03   -0.04   -0.01   -0.01   -0.29   +0.00   -0.05   +0.01
       med   |  630.564 |  631.373 |  631.726 |  633.957 |  634.279 |  630.259 |  633.255 |  630.393 |  632.076 |  632.346 |  629.777 |  630.632
=== process order3.3
SELFCHECK OK (256 whole-block lengths 1..256 blk x 12 variants; out/Xi/ivec/ret byte-identical)
bytes  blks  |     base |       t5 |       t8 |   baseAA |       t3 |     cw4t |       t7 |     dsp0 |       t2 |   baseAB |       t6 |       t4 ||      t5%      t8%  baseAA%      t3%    cw4t%      t7%    dsp0%      t2%  baseAB%      t6%      t4%
16     1     |   25.378 |   12.344 |   12.318 |   25.368 |   12.308 |   12.567 |   12.373 |   25.071 |   12.328 |   25.371 |   12.316 |   12.333 ||  -51.36  -51.46   -0.04  -51.50  -50.48  -51.24   -1.21  -51.42   -0.03  -51.47  -51.40
       med   |   25.592 |   12.353 |   12.325 |   25.453 |   12.343 |   12.585 |   12.382 |   25.635 |   12.336 |   25.711 |   12.326 |   12.387
32     2     |   23.409 |   13.312 |   13.306 |   23.402 |   13.412 |   13.221 |   13.363 |   23.374 |   13.372 |   23.423 |   13.333 |   13.413 ||  -43.13  -43.16   -0.03  -42.71  -43.52  -42.91   -0.15  -42.88   +0.06  -43.04  -42.70
       med   |   23.513 |   13.357 |   13.402 |   23.438 |   13.425 |   13.328 |   13.385 |   23.516 |   13.405 |   24.350 |   13.342 |   13.444
48     3     |   24.255 |   13.765 |   13.678 |   24.245 |   13.733 |   14.123 |   13.698 |   24.199 |   24.210 |   24.274 |   13.762 |   13.732 ||  -43.25  -43.61   -0.04  -43.38  -41.77  -43.53   -0.23   -0.18   +0.08  -43.26  -43.39
       med   |   24.464 |   13.773 |   13.770 |   24.299 |   13.770 |   14.157 |   13.761 |   24.241 |   24.865 |   25.228 |   13.809 |   13.762
64     4     |   25.116 |   14.838 |   14.874 |   25.116 |   25.091 |   15.527 |   14.871 |   25.128 |   25.117 |   25.129 |   14.851 |   14.849 ||  -40.92  -40.78   -0.00   -0.10  -38.18  -40.79   +0.05   +0.00   +0.05  -40.87  -40.88
       med   |   25.220 |   15.229 |   15.202 |   25.168 |   25.150 |   15.546 |   14.888 |   25.152 |   25.607 |   25.675 |   14.865 |   14.918
80     5     |   25.989 |   16.577 |   16.635 |   25.979 |   25.973 |   19.536 |   16.638 |   25.994 |   26.003 |   25.996 |   16.743 |   25.990 ||  -36.22  -35.99   -0.04   -0.06  -24.83  -35.98   +0.02   +0.05   +0.03  -35.57   +0.00
       med   |   26.686 |   16.752 |   17.096 |   26.014 |   26.119 |   19.900 |   16.657 |   26.026 |   26.659 |   26.945 |   16.765 |   26.101
96     6     |   26.921 |   26.932 |   18.786 |   26.932 |   26.925 |   22.054 |   18.785 |   26.921 |   26.916 |   26.931 |   18.783 |   26.930 ||   +0.04  -30.22   +0.04   +0.01  -18.08  -30.22   +0.00   -0.02   +0.04  -30.23   +0.03
       med   |   27.488 |   26.974 |   18.803 |   27.229 |   26.974 |   22.164 |   19.104 |   26.955 |   27.399 |   27.844 |   19.049 |   27.360
112    7     |   27.471 |   27.488 |   20.852 |   27.463 |   27.489 |   24.777 |   20.827 |   27.499 |   27.405 |   27.475 |   27.505 |   27.519 ||   +0.06  -24.09   -0.03   +0.07   -9.81  -24.18   +0.10   -0.24   +0.02   +0.13   +0.18
       med   |   28.141 |   27.518 |   20.868 |   27.798 |   27.518 |   24.841 |   21.190 |   27.548 |   28.010 |   28.600 |   28.237 |   27.565
128    8     |   25.518 |   25.602 |   22.937 |   25.517 |   25.375 |   25.594 |   25.405 |   25.585 |   25.379 |   25.519 |   25.571 |   25.527 ||   +0.33  -10.11   -0.00   -0.56   +0.30   -0.44   +0.26   -0.54   +0.01   +0.21   +0.04
       med   |   26.205 |   25.625 |   22.953 |   25.897 |   25.620 |   26.047 |   25.997 |   25.611 |   25.703 |   26.128 |   25.990 |   25.622
256    16    |   45.553 |   45.357 |   45.382 |   45.453 |   45.459 |   45.536 |   45.370 |   45.535 |   45.520 |   45.389 |   45.392 |   45.465 ||   -0.43   -0.38   -0.22   -0.21   -0.04   -0.40   -0.04   -0.07   -0.36   -0.36   -0.19
       med   |   46.322 |   45.655 |   46.826 |   45.622 |   45.873 |   46.741 |   46.336 |   45.616 |   45.923 |   46.133 |   46.076 |   46.298
512    32    |   84.566 |   84.400 |   84.440 |   84.376 |   84.491 |   84.382 |   84.536 |   84.363 |   84.562 |   84.439 |   84.395 |   84.538 ||   -0.20   -0.15   -0.22   -0.09   -0.22   -0.04   -0.24   -0.00   -0.15   -0.20   -0.03
       med   |   85.928 |   84.590 |   86.576 |   85.434 |   85.454 |   85.637 |   85.298 |   85.405 |   85.677 |   85.658 |   85.018 |   85.409
1024   64    |  161.959 |  162.019 |  161.841 |  161.779 |  162.085 |  161.438 |  162.190 |  161.880 |  162.179 |  162.421 |  160.820 |  161.689 ||   +0.04   -0.07   -0.11   +0.08   -0.32   +0.14   -0.05   +0.14   +0.28   -0.70   -0.17
       med   |  163.168 |  163.278 |  164.552 |  163.256 |  163.330 |  162.516 |  165.760 |  163.072 |  165.338 |  165.230 |  163.150 |  163.012
4096   256   |  628.942 |  628.733 |  628.801 |  628.484 |  628.812 |  628.777 |  628.840 |  628.751 |  628.890 |  628.807 |  628.506 |  628.975 ||   -0.03   -0.02   -0.07   -0.02   -0.03   -0.02   -0.03   -0.01   -0.02   -0.07   +0.01
       med   |  631.150 |  631.081 |  632.065 |  633.162 |  630.859 |  630.459 |  633.303 |  630.178 |  631.911 |  631.368 |  629.777 |  630.562
=== process order3.4
SELFCHECK OK (256 whole-block lengths 1..256 blk x 12 variants; out/Xi/ivec/ret byte-identical)
bytes  blks  |     base |       t5 |       t8 |   baseAA |       t3 |     cw4t |       t7 |     dsp0 |       t2 |   baseAB |       t6 |       t4 ||      t5%      t8%  baseAA%      t3%    cw4t%      t7%    dsp0%      t2%  baseAB%      t6%      t4%
16     1     |   25.355 |   12.344 |   12.317 |   25.296 |   12.308 |   12.567 |   12.356 |   25.415 |   12.326 |   25.371 |   12.316 |   12.333 ||  -51.32  -51.42   -0.23  -51.46  -50.44  -51.27   +0.24  -51.39   +0.06  -51.43  -51.36
       med   |   25.674 |   12.352 |   12.328 |   25.508 |   12.344 |   12.586 |   12.383 |   25.636 |   12.336 |   25.728 |   12.361 |   12.388
32     2     |   23.412 |   13.315 |   13.303 |   23.400 |   13.384 |   13.223 |   13.363 |   23.375 |   13.375 |   23.419 |   13.333 |   13.432 ||  -43.13  -43.18   -0.05  -42.83  -43.52  -42.92   -0.16  -42.87   +0.03  -43.05  -42.63
       med   |   23.607 |   13.356 |   13.402 |   23.448 |   13.424 |   13.334 |   13.371 |   23.532 |   13.405 |   24.344 |   13.342 |   13.445
48     3     |   24.250 |   13.724 |   13.678 |   24.248 |   13.701 |   14.080 |   13.695 |   24.199 |   24.212 |   24.292 |   13.759 |   13.730 ||  -43.41  -43.60   -0.01  -43.50  -41.94  -43.52   -0.21   -0.16   +0.17  -43.26  -43.38
       med   |   24.484 |   13.773 |   13.768 |   24.299 |   13.766 |   14.153 |   13.758 |   24.263 |   24.831 |   25.072 |   13.809 |   13.762
64     4     |   25.120 |   14.841 |   14.873 |   25.118 |   25.102 |   15.529 |   14.869 |   25.118 |   25.108 |   25.151 |   14.851 |   14.850 ||  -40.92  -40.79   -0.01   -0.07  -38.18  -40.81   -0.01   -0.05   +0.13  -40.88  -40.89
       med   |   25.293 |   15.156 |   15.161 |   25.173 |   25.150 |   15.666 |   14.886 |   25.155 |   25.155 |   26.048 |   14.866 |   14.924
80     5     |   25.973 |   16.579 |   16.633 |   25.989 |   25.975 |   19.532 |   16.639 |   25.990 |   25.994 |   25.985 |   16.746 |   25.994 ||  -36.17  -35.96   +0.06   +0.01  -24.80  -35.94   +0.06   +0.08   +0.05  -35.53   +0.08
       med   |   26.262 |   16.606 |   16.945 |   26.011 |   26.181 |   19.570 |   16.659 |   26.028 |   26.548 |   26.681 |   16.765 |   26.266
96     6     |   26.910 |   26.908 |   18.786 |   26.935 |   26.827 |   22.051 |   18.784 |   26.918 |   26.918 |   26.913 |   18.792 |   26.934 ||   -0.01  -30.19   +0.09   -0.31  -18.06  -30.20   +0.03   +0.03   +0.01  -30.17   +0.09
       med   |   27.210 |   26.981 |   18.803 |   27.224 |   26.978 |   22.440 |   19.065 |   26.957 |   26.977 |   27.568 |   18.984 |   27.372
112    7     |   27.451 |   27.489 |   20.851 |   27.448 |   27.478 |   24.774 |   20.827 |   27.517 |   27.407 |   27.568 |   27.491 |   27.516 ||   +0.14  -24.04   -0.01   +0.10   -9.75  -24.13   +0.24   -0.16   +0.43   +0.15   +0.24
       med   |   27.884 |   27.519 |   20.868 |   27.556 |   27.523 |   24.896 |   21.151 |   27.751 |   27.922 |   28.286 |   28.060 |   27.561
128    8     |   25.378 |   25.607 |   22.935 |   25.524 |   25.381 |   25.595 |   25.386 |   25.582 |   25.372 |   25.516 |   25.608 |   25.413 ||   +0.90   -9.62   +0.58   +0.01   +0.86   +0.03   +0.80   -0.02   +0.54   +0.91   +0.14
       med   |   25.905 |   25.623 |   22.954 |   25.885 |   25.624 |   26.035 |   25.991 |   25.612 |   25.634 |   26.168 |   26.273 |   25.662
256    16    |   45.451 |   45.373 |   45.485 |   45.474 |   45.438 |   45.530 |   45.350 |   45.465 |   45.502 |   45.517 |   45.407 |   45.347 ||   -0.17   +0.07   +0.05   -0.03   +0.17   -0.22   +0.03   +0.11   +0.15   -0.10   -0.23
       med   |   46.509 |   45.791 |   46.643 |   45.615 |   45.633 |   46.739 |   46.145 |   45.603 |   46.057 |   46.183 |   46.161 |   45.731
512    32    |   84.654 |   84.395 |   84.262 |   84.387 |   84.504 |   84.376 |   84.499 |   84.386 |   84.623 |   84.407 |   84.233 |   84.679 ||   -0.31   -0.46   -0.32   -0.18   -0.33   -0.18   -0.32   -0.04   -0.29   -0.50   +0.03
       med   |   85.758 |   84.558 |   86.214 |   84.640 |   85.362 |   84.699 |   85.990 |   85.228 |   86.664 |   85.647 |   84.590 |   85.876
1024   64    |  162.171 |  162.030 |  161.963 |  161.868 |  162.081 |  161.909 |  162.193 |  161.708 |  162.163 |  161.963 |  160.968 |  162.067 ||   -0.09   -0.13   -0.19   -0.06   -0.16   +0.01   -0.29   -0.00   -0.13   -0.74   -0.06
       med   |  163.427 |  163.278 |  164.245 |  163.017 |  162.999 |  162.694 |  166.139 |  162.763 |  166.631 |  165.100 |  162.986 |  162.657
4096   256   |  629.011 |  628.699 |  628.572 |  628.771 |  628.681 |  628.506 |  628.771 |  628.659 |  628.826 |  628.749 |  628.754 |  628.876 ||   -0.05   -0.07   -0.04   -0.05   -0.08   -0.04   -0.06   -0.03   -0.04   -0.04   -0.02
       med   |  630.230 |  631.064 |  630.667 |  631.378 |  630.327 |  630.457 |  632.960 |  630.876 |  631.987 |  631.732 |  629.910 |  631.000
=== process order3.5
SELFCHECK OK (256 whole-block lengths 1..256 blk x 12 variants; out/Xi/ivec/ret byte-identical)
bytes  blks  |     base |       t5 |       t8 |   baseAA |       t3 |     cw4t |       t7 |     dsp0 |       t2 |   baseAB |       t6 |       t4 ||      t5%      t8%  baseAA%      t3%    cw4t%      t7%    dsp0%      t2%  baseAB%      t6%      t4%
16     1     |   24.826 |   12.345 |   12.318 |   25.320 |   12.310 |   12.566 |   12.327 |   23.547 |   12.328 |   24.602 |   12.309 |   12.332 ||  -50.27  -50.38   +1.99  -50.41  -49.38  -50.35   -5.15  -50.34   -0.90  -50.42  -50.32
       med   |   25.653 |   12.354 |   12.326 |   25.519 |   12.344 |   12.582 |   12.384 |   25.628 |   12.336 |   25.754 |   12.327 |   12.389
32     2     |   23.406 |   13.314 |   13.306 |   23.402 |   13.412 |   13.218 |   13.361 |   23.375 |   13.370 |   23.398 |   13.333 |   13.434 ||  -43.11  -43.15   -0.01  -42.70  -43.53  -42.92   -0.13  -42.88   -0.03  -43.04  -42.60
       med   |   23.668 |   13.357 |   13.404 |   23.453 |   13.425 |   13.456 |   13.385 |   23.424 |   13.405 |   23.935 |   13.342 |   13.445
48     3     |   24.249 |   13.721 |   13.678 |   24.246 |   13.733 |   14.125 |   13.697 |   24.206 |   24.219 |   24.493 |   13.728 |   13.729 ||  -43.42  -43.59   -0.01  -43.37  -41.75  -43.52   -0.18   -0.12   +1.01  -43.39  -43.38
       med   |   24.512 |   13.773 |   13.769 |   24.303 |   13.776 |   14.165 |   13.761 |   24.248 |   24.884 |   25.238 |   13.810 |   13.762
64     4     |   25.124 |   14.841 |   14.868 |   25.115 |   25.104 |   15.531 |   14.871 |   25.106 |   25.135 |   25.145 |   14.853 |   14.847 ||  -40.93  -40.82   -0.04   -0.08  -38.18  -40.81   -0.07   +0.04   +0.08  -40.88  -40.91
       med   |   25.340 |   15.161 |   15.151 |   25.171 |   25.152 |   15.673 |   14.886 |   25.157 |   25.788 |   25.651 |   14.865 |   14.899
80     5     |   25.986 |   16.580 |   16.634 |   25.991 |   25.963 |   19.534 |   16.640 |   25.979 |   25.991 |   26.002 |   16.748 |   25.991 ||  -36.20  -35.99   +0.02   -0.09  -24.83  -35.96   -0.03   +0.02   +0.06  -35.55   +0.02
       med   |   26.663 |   16.757 |   17.071 |   26.019 |   26.222 |   19.598 |   16.657 |   26.028 |   26.686 |   26.764 |   16.764 |   26.277
96     6     |   26.908 |   26.907 |   18.783 |   26.884 |   26.912 |   22.057 |   18.783 |   26.918 |   26.864 |   26.935 |   18.789 |   26.932 ||   -0.01  -30.20   -0.09   +0.01  -18.03  -30.20   +0.04   -0.17   +0.10  -30.17   +0.09
       med   |   27.385 |   26.977 |   18.803 |   27.001 |   26.973 |   22.429 |   18.807 |   26.957 |   27.002 |   27.607 |   18.982 |   27.220
112    7     |   27.458 |   27.494 |   20.850 |   27.451 |   27.491 |   24.782 |   20.827 |   27.491 |   27.429 |   27.478 |   27.504 |   27.515 ||   +0.13  -24.06   -0.02   +0.12   -9.74  -24.15   +0.12   -0.10   +0.07   +0.17   +0.21
       med   |   28.002 |   27.519 |   20.866 |   27.564 |   27.521 |   24.908 |   21.105 |   27.552 |   28.146 |   28.288 |   28.237 |   27.740
128    8     |   25.378 |   25.584 |   22.936 |   25.516 |   25.384 |   25.593 |   25.396 |   25.587 |   25.375 |   25.541 |   25.570 |   25.549 ||   +0.81   -9.62   +0.54   +0.02   +0.84   +0.07   +0.82   -0.01   +0.64   +0.76   +0.67
       med   |   26.076 |   25.624 |   22.954 |   25.951 |   25.623 |   25.908 |   25.990 |   25.615 |   25.634 |   26.351 |   25.807 |   25.818
256    16    |   45.453 |   45.368 |   45.317 |   45.492 |   45.445 |   45.542 |   45.339 |   45.462 |   45.511 |   45.588 |   45.383 |   45.362 ||   -0.19   -0.30   +0.08   -0.02   +0.19   -0.25   +0.02   +0.13   +0.30   -0.15   -0.20
       med   |   46.147 |   45.756 |   46.727 |   45.859 |   45.824 |   47.088 |   46.271 |   45.851 |   46.137 |   46.173 |   46.363 |   46.082
512    32    |   84.458 |   84.415 |   84.415 |   84.419 |   84.383 |   84.322 |   84.437 |   84.353 |   84.677 |   84.376 |   84.283 |   84.484 ||   -0.05   -0.05   -0.05   -0.09   -0.16   -0.02   -0.12   +0.26   -0.10   -0.21   +0.03
       med   |   85.401 |   84.868 |   85.859 |   85.540 |   85.769 |   84.863 |   85.701 |   85.358 |   86.412 |   84.613 |   85.276 |   85.163
1024   64    |  162.084 |  162.053 |  161.902 |  161.920 |  162.119 |  160.373 |  162.070 |  161.946 |  162.375 |  161.817 |  160.817 |  162.171 ||   -0.02   -0.11   -0.10   +0.02   -1.06   -0.01   -0.09   +0.18   -0.17   -0.78   +0.05
       med   |  163.055 |  163.330 |  164.690 |  165.571 |  166.554 |  162.869 |  165.819 |  163.107 |  164.553 |  162.718 |  163.498 |  163.917
4096   256   |  629.030 |  628.725 |  628.750 |  628.723 |  628.820 |  628.486 |  628.734 |  628.734 |  628.936 |  628.726 |  628.635 |  628.962 ||   -0.05   -0.04   -0.05   -0.03   -0.09   -0.05   -0.05   -0.02   -0.05   -0.06   -0.01
       med   |  630.611 |  631.452 |  631.870 |  633.866 |  631.543 |  630.349 |  632.369 |  630.168 |  631.481 |  630.827 |  629.874 |  630.605
