=== process order1.1
TAILWRITE nblk=1 variant g4nn: byte +0 past the message was written
SELFCHECK FAIL nblk=1 variant g4nm: out=0 xi=1 ivec=0 ret=16(want 16)
SELFCHECK FAIL nblk=1 variant g4nn: out=0 xi=1 ivec=1 ret=16(want 16)
TAILWRITE nblk=2 variant g4nn: byte +0 past the message was written
SELFCHECK FAIL nblk=2 variant g4nm: out=0 xi=1 ivec=0 ret=32(want 32)
SELFCHECK FAIL nblk=2 variant g4nn: out=0 xi=1 ivec=1 ret=32(want 32)
TAILWRITE nblk=3 variant g4nn: byte +0 past the message was written
SELFCHECK FAIL nblk=3 variant g4nm: out=0 xi=1 ivec=0 ret=48(want 48)
SELFCHECK FAIL nblk=3 variant g4nn: out=0 xi=1 ivec=1 ret=48(want 48)
bytes  blks  |     base |       t4 |       a4 |       g4 |      g4i |     g4nm |     g4nn |      cw4 ||      t4%      a4%      g4%     g4i%    g4nm%    g4nn%     cw4%
16     1     |   23.316 |   12.328 |   13.709 |   17.819 |   17.897 |   15.453 |   15.064 |   12.545 ||  -47.13  -41.20  -23.58  -23.24  -33.72  -35.39  -46.19
       med   |   25.608 |   12.396 |   13.798 |   17.898 |   17.948 |   15.660 |   15.470 |   12.549
32     2     |   23.411 |   13.357 |   13.538 |   17.823 |   17.900 |   15.453 |   15.068 |   13.391 ||  -42.95  -42.17  -23.87  -23.54  -33.99  -35.64  -42.80
       med   |   23.535 |   13.427 |   13.723 |   17.874 |   17.946 |   15.648 |   15.472 |   13.432
48     3     |   24.266 |   13.695 |   13.998 |   17.815 |   17.897 |   15.441 |   15.066 |   14.091 ||  -43.56  -42.31  -26.59  -26.25  -36.37  -37.91  -41.93
       med   |   24.478 |   13.703 |   14.223 |   17.844 |   17.937 |   15.651 |   15.471 |   14.135
64     4     |   25.109 |   14.866 |   14.863 |   17.817 |   17.896 |   15.444 |   15.061 |   15.522 ||  -40.79  -40.81  -29.04  -28.73  -38.49  -40.02  -38.18
       med   |   25.194 |   14.877 |   14.890 |   17.841 |   17.935 |   15.646 |   15.476 |   15.540
80     5     |   25.987 |   25.991 |   25.992 |   25.993 |   25.997 |   25.996 |   25.994 |   19.530 ||   +0.02   +0.02   +0.02   +0.04   +0.04   +0.03  -24.85
       med   |   26.082 |   26.022 |   26.322 |   26.069 |   26.327 |   26.427 |   26.127 |   19.553
96     6     |   26.923 |   26.919 |   26.922 |   26.905 |   26.925 |   26.936 |   26.924 |   22.068 ||   -0.01   -0.00   -0.07   +0.01   +0.05   +0.00  -18.03
       med   |   27.183 |   26.970 |   27.220 |   26.960 |   27.383 |   27.231 |   27.044 |   22.100
112    7     |   27.473 |   27.503 |   27.538 |   27.523 |   27.533 |   27.542 |   27.526 |   24.785 ||   +0.11   +0.24   +0.18   +0.22   +0.25   +0.19   -9.78
       med   |   27.760 |   27.532 |   27.957 |   27.562 |   27.769 |   28.030 |   27.618 |   24.886
128    8     |   25.527 |   25.560 |   25.608 |   25.595 |   25.600 |   25.600 |   25.591 |   27.299 ||   +0.13   +0.32   +0.26   +0.29   +0.28   +0.25   +6.94
       med   |   26.216 |   25.625 |   26.035 |   25.771 |   25.975 |   25.907 |   25.790 |   27.335
256    16    |   45.409 |   45.344 |   45.528 |   45.332 |   45.363 |   45.351 |   45.356 |   45.343 ||   -0.14   +0.26   -0.17   -0.10   -0.13   -0.12   -0.14
       med   |   46.095 |   45.520 |   46.154 |   45.913 |   46.182 |   46.084 |   45.903 |   45.595
512    32    |   84.377 |   84.395 |   84.490 |   84.399 |   84.418 |   84.410 |   84.469 |   83.362 ||   +0.02   +0.13   +0.03   +0.05   +0.04   +0.11   -1.20
       med   |   84.707 |   85.096 |   85.705 |   85.426 |   85.652 |   85.640 |   85.590 |   85.403
1024   64    |  161.424 |  162.024 |  161.946 |  161.768 |  162.149 |  161.948 |  161.948 |  161.927 ||   +0.37   +0.32   +0.21   +0.45   +0.32   +0.32   +0.31
       med   |  163.147 |  163.275 |  162.595 |  163.202 |  163.940 |  163.204 |  163.620 |  163.084
4096   256   |  628.312 |  628.646 |  628.388 |  628.823 |  628.771 |  628.914 |  628.485 |  627.830 ||   +0.05   +0.01   +0.08   +0.07   +0.10   +0.03   -0.08
       med   |  630.283 |  630.527 |  630.077 |  630.455 |  630.102 |  630.371 |  630.976 |  630.229
=== process order1.2
TAILWRITE nblk=1 variant g4nn: byte +0 past the message was written
SELFCHECK FAIL nblk=1 variant g4nm: out=0 xi=1 ivec=0 ret=16(want 16)
SELFCHECK FAIL nblk=1 variant g4nn: out=0 xi=1 ivec=1 ret=16(want 16)
TAILWRITE nblk=2 variant g4nn: byte +0 past the message was written
SELFCHECK FAIL nblk=2 variant g4nm: out=0 xi=1 ivec=0 ret=32(want 32)
SELFCHECK FAIL nblk=2 variant g4nn: out=0 xi=1 ivec=1 ret=32(want 32)
TAILWRITE nblk=3 variant g4nn: byte +0 past the message was written
SELFCHECK FAIL nblk=3 variant g4nm: out=0 xi=1 ivec=0 ret=48(want 48)
SELFCHECK FAIL nblk=3 variant g4nn: out=0 xi=1 ivec=1 ret=48(want 48)
bytes  blks  |     base |       t4 |       a4 |       g4 |      g4i |     g4nm |     g4nn |      cw4 ||      t4%      a4%      g4%     g4i%    g4nm%    g4nn%     cw4%
16     1     |   23.326 |   12.340 |   13.707 |   17.817 |   17.903 |   15.456 |   15.056 |   12.545 ||  -47.10  -41.24  -23.62  -23.25  -33.74  -35.45  -46.22
       med   |   25.657 |   12.396 |   13.832 |   17.892 |   18.003 |   15.651 |   15.335 |   12.548
32     2     |   23.394 |   13.358 |   13.543 |   17.823 |   17.900 |   15.450 |   15.056 |   13.423 ||  -42.90  -42.11  -23.82  -23.49  -33.96  -35.64  -42.62
       med   |   23.513 |   13.430 |   13.771 |   17.893 |   18.000 |   15.649 |   15.307 |   13.432
48     3     |   24.266 |   13.695 |   14.000 |   17.827 |   17.900 |   15.457 |   15.055 |   14.089 ||  -43.56  -42.30  -26.53  -26.23  -36.30  -37.96  -41.94
       med   |   24.438 |   13.703 |   14.228 |   17.897 |   17.999 |   15.650 |   15.344 |   14.134
64     4     |   25.120 |   14.866 |   14.863 |   17.816 |   17.900 |   15.456 |   15.055 |   15.524 ||  -40.82  -40.83  -29.08  -28.74  -38.47  -40.07  -38.20
       med   |   25.334 |   14.877 |   14.873 |   17.890 |   17.999 |   15.647 |   15.252 |   15.540
80     5     |   25.987 |   25.992 |   25.996 |   25.988 |   26.000 |   25.985 |   25.990 |   19.530 ||   +0.02   +0.03   +0.00   +0.05   -0.01   +0.01  -24.85
       med   |   26.280 |   26.021 |   26.287 |   26.075 |   26.278 |   26.566 |   26.121 |   19.553
96     6     |   26.900 |   26.920 |   26.921 |   26.922 |   26.916 |   26.938 |   26.918 |   22.070 ||   +0.07   +0.08   +0.08   +0.06   +0.14   +0.06  -17.96
       med   |   26.979 |   26.969 |   27.287 |   26.955 |   27.230 |   27.325 |   27.042 |   22.097
112    7     |   27.476 |   27.495 |   27.434 |   27.532 |   27.527 |   27.525 |   27.537 |   24.779 ||   +0.07   -0.15   +0.20   +0.19   +0.18   +0.22   -9.81
       med   |   27.767 |   27.529 |   27.750 |   27.564 |   27.987 |   27.955 |   27.615 |   24.834
128    8     |   25.526 |   25.603 |   25.595 |   25.595 |   25.597 |   25.599 |   25.594 |   27.299 ||   +0.30   +0.27   +0.27   +0.28   +0.28   +0.26   +6.94
       med   |   26.163 |   25.627 |   25.915 |   25.620 |   25.951 |   25.964 |   25.781 |   27.334
256    16    |   45.445 |   45.348 |   45.543 |   45.347 |   45.388 |   45.346 |   45.351 |   45.348 ||   -0.21   +0.22   -0.22   -0.13   -0.22   -0.21   -0.21
       med   |   45.810 |   45.503 |   46.392 |   45.688 |   46.109 |   46.076 |   45.717 |   45.589
512    32    |   84.388 |   84.242 |   84.392 |   84.382 |   84.438 |   84.392 |   84.319 |   84.380 ||   -0.17   +0.00   -0.01   +0.06   +0.00   -0.08   -0.01
       med   |   84.921 |   84.788 |   85.665 |   84.876 |   85.771 |   85.382 |   85.687 |   84.809
1024   64    |  161.861 |  162.007 |  161.515 |  161.948 |  161.864 |  161.935 |  161.707 |  161.940 ||   +0.09   -0.21   +0.05   +0.00   +0.05   -0.10   +0.05
       med   |  163.048 |  162.292 |  163.363 |  163.315 |  163.827 |  163.541 |  163.565 |  163.365
4096   256   |  628.352 |  628.410 |  628.645 |  628.641 |  628.860 |  628.602 |  628.457 |  628.644 ||   +0.01   +0.05   +0.05   +0.08   +0.04   +0.02   +0.05
       med   |  631.106 |  630.724 |  630.088 |  630.141 |  630.106 |  631.398 |  631.077 |  630.400
=== process order2.1
TAILWRITE nblk=1 variant g4nn: byte +0 past the message was written
SELFCHECK FAIL nblk=1 variant g4nn: out=0 xi=1 ivec=1 ret=16(want 16)
SELFCHECK FAIL nblk=1 variant g4nm: out=0 xi=1 ivec=0 ret=16(want 16)
TAILWRITE nblk=2 variant g4nn: byte +0 past the message was written
SELFCHECK FAIL nblk=2 variant g4nn: out=0 xi=1 ivec=1 ret=32(want 32)
SELFCHECK FAIL nblk=2 variant g4nm: out=0 xi=1 ivec=0 ret=32(want 32)
TAILWRITE nblk=3 variant g4nn: byte +0 past the message was written
SELFCHECK FAIL nblk=3 variant g4nn: out=0 xi=1 ivec=1 ret=48(want 48)
SELFCHECK FAIL nblk=3 variant g4nm: out=0 xi=1 ivec=0 ret=48(want 48)
bytes  blks  |     base |      cw4 |     g4nn |     g4nm |      g4i |       g4 |       a4 |       t4 ||     cw4%    g4nn%    g4nm%     g4i%      g4%      a4%      t4%
16     1     |   23.388 |   12.559 |   15.059 |   15.459 |   17.883 |   17.801 |   12.764 |   12.388 ||  -46.30  -35.61  -33.90  -23.54  -23.89  -45.43  -47.03
       med   |   25.548 |   12.569 |   15.108 |   15.492 |   17.927 |   17.822 |   13.023 |   12.394
32     2     |   23.420 |   13.356 |   15.059 |   15.460 |   17.906 |   17.802 |   13.542 |   13.415 ||  -42.97  -35.70  -33.99  -23.54  -23.99  -42.18  -42.72
       med   |   23.646 |   13.422 |   15.109 |   15.491 |   17.925 |   17.822 |   13.563 |   13.433
48     3     |   24.234 |   14.114 |   15.053 |   15.461 |   17.902 |   17.802 |   14.003 |   13.697 ||  -41.76  -37.89  -36.20  -26.13  -26.54  -42.22  -43.48
       med   |   24.494 |   14.221 |   15.065 |   15.490 |   17.925 |   17.821 |   14.051 |   13.778
64     4     |   25.111 |   15.564 |   15.056 |   15.458 |   17.905 |   17.804 |   14.867 |   14.864 ||  -38.02  -40.04  -38.44  -28.70  -29.10  -40.79  -40.81
       med   |   25.348 |   15.698 |   15.095 |   15.488 |   17.923 |   17.823 |   14.880 |   14.877
80     5     |   25.984 |   19.609 |   25.993 |   26.000 |   25.990 |   25.994 |   25.995 |   25.995 ||  -24.54   +0.03   +0.06   +0.02   +0.04   +0.04   +0.04
       med   |   26.150 |   19.636 |   26.020 |   26.501 |   26.260 |   26.237 |   26.127 |   26.096
96     6     |   26.914 |   22.085 |   26.937 |   26.951 |   26.942 |   26.882 |   26.944 |   26.884 ||  -17.94   +0.09   +0.14   +0.11   -0.12   +0.11   -0.11
       med   |   27.177 |   22.291 |   26.972 |   27.401 |   27.082 |   27.049 |   27.045 |   27.020
112    7     |   27.469 |   24.806 |   27.412 |   27.500 |   27.505 |   27.442 |   27.441 |   27.433 ||   -9.70   -0.21   +0.11   +0.13   -0.10   -0.10   -0.13
       med   |   27.520 |   24.838 |   27.529 |   27.933 |   27.736 |   27.614 |   27.613 |   27.601
128    8     |   25.527 |   27.294 |   25.575 |   25.384 |   25.573 |   25.560 |   25.382 |   25.557 ||   +6.92   +0.19   -0.56   +0.18   +0.13   -0.57   +0.12
       med   |   25.862 |   27.745 |   25.630 |   26.024 |   25.732 |   25.628 |   25.689 |   25.774
256    16    |   45.449 |   45.343 |   45.397 |   45.450 |   45.351 |   45.367 |   45.475 |   45.334 ||   -0.23   -0.11   +0.00   -0.21   -0.18   +0.06   -0.25
       med   |   46.048 |   45.527 |   45.528 |   46.088 |   46.018 |   46.427 |   46.111 |   45.568
512    32    |   84.376 |   84.491 |   84.406 |   83.976 |   84.500 |   84.508 |   84.404 |   84.466 ||   +0.14   +0.04   -0.47   +0.15   +0.16   +0.03   +0.11
       med   |   85.011 |   84.686 |   85.069 |   84.731 |   85.502 |   85.517 |   85.153 |   85.426
1024   64    |  161.917 |  162.002 |  162.006 |  161.988 |  161.917 |  161.827 |  161.939 |  162.050 ||   +0.05   +0.06   +0.04   +0.00   -0.06   +0.01   +0.08
       med   |  163.143 |  162.774 |  163.769 |  163.016 |  164.078 |  163.322 |  163.365 |  163.158
4096   256   |  628.198 |  628.573 |  628.591 |  628.803 |  628.759 |  628.788 |  628.689 |  628.601 ||   +0.06   +0.06   +0.10   +0.09   +0.09   +0.08   +0.06
       med   |  630.879 |  630.599 |  630.747 |  630.096 |  632.266 |  630.729 |  630.874 |  630.053
=== process order2.2
TAILWRITE nblk=1 variant g4nn: byte +0 past the message was written
SELFCHECK FAIL nblk=1 variant g4nn: out=0 xi=1 ivec=1 ret=16(want 16)
SELFCHECK FAIL nblk=1 variant g4nm: out=0 xi=1 ivec=0 ret=16(want 16)
TAILWRITE nblk=2 variant g4nn: byte +0 past the message was written
SELFCHECK FAIL nblk=2 variant g4nn: out=0 xi=1 ivec=1 ret=32(want 32)
SELFCHECK FAIL nblk=2 variant g4nm: out=0 xi=1 ivec=0 ret=32(want 32)
TAILWRITE nblk=3 variant g4nn: byte +0 past the message was written
SELFCHECK FAIL nblk=3 variant g4nn: out=0 xi=1 ivec=1 ret=48(want 48)
SELFCHECK FAIL nblk=3 variant g4nm: out=0 xi=1 ivec=0 ret=48(want 48)
bytes  blks  |     base |      cw4 |     g4nn |     g4nm |      g4i |       g4 |       a4 |       t4 ||     cw4%    g4nn%    g4nm%     g4i%      g4%      a4%      t4%
16     1     |   23.321 |   12.559 |   15.059 |   15.455 |   17.862 |   17.802 |   12.761 |   12.385 ||  -46.15  -35.42  -33.73  -23.41  -23.66  -45.28  -46.89
       med   |   25.546 |   12.569 |   15.095 |   15.494 |   17.926 |   17.821 |   13.027 |   12.395
32     2     |   23.402 |   13.358 |   15.052 |   15.457 |   17.907 |   17.803 |   13.543 |   13.399 ||  -42.92  -35.68  -33.95  -23.48  -23.93  -42.13  -42.75
       med   |   23.591 |   13.422 |   15.099 |   15.494 |   17.926 |   17.820 |   13.569 |   13.433
48     3     |   24.262 |   14.084 |   15.052 |   15.456 |   17.905 |   17.800 |   14.006 |   13.696 ||  -41.95  -37.96  -36.30  -26.20  -26.63  -42.27  -43.55
       med   |   24.460 |   14.220 |   15.065 |   15.492 |   17.926 |   17.821 |   14.052 |   13.780
64     4     |   25.116 |   15.561 |   15.052 |   15.464 |   17.857 |   17.799 |   14.867 |   14.862 ||  -38.04  -40.07  -38.43  -28.90  -29.13  -40.81  -40.82
       med   |   25.161 |   15.695 |   15.065 |   15.493 |   17.925 |   17.819 |   14.879 |   14.879
80     5     |   25.990 |   19.607 |   25.989 |   25.995 |   25.995 |   25.996 |   25.993 |   25.991 ||  -24.56   -0.00   +0.02   +0.02   +0.02   +0.01   +0.01
       med   |   26.091 |   19.640 |   26.017 |   26.271 |   26.231 |   26.071 |   26.129 |   26.104
96     6     |   26.915 |   22.082 |   26.892 |   26.944 |   26.911 |   26.916 |   26.930 |   26.879 ||  -17.96   -0.09   +0.11   -0.01   +0.01   +0.06   -0.13
       med   |   27.171 |   22.285 |   26.969 |   27.403 |   27.071 |   26.971 |   27.046 |   27.018
112    7     |   27.469 |   24.810 |   27.399 |   27.505 |   27.502 |   27.439 |   27.495 |   27.430 ||   -9.68   -0.25   +0.13   +0.12   -0.11   +0.10   -0.14
       med   |   27.760 |   24.836 |   27.531 |   27.947 |   27.747 |   27.534 |   27.617 |   27.604
128    8     |   25.521 |   27.290 |   25.602 |   25.390 |   25.567 |   25.606 |   25.382 |   25.563 ||   +6.93   +0.32   -0.51   +0.18   +0.33   -0.54   +0.16
       med   |   25.811 |   27.676 |   25.633 |   26.028 |   25.731 |   25.628 |   25.681 |   25.778
256    16    |   45.439 |   45.335 |   45.304 |   45.486 |   45.358 |   45.324 |   45.475 |   45.320 ||   -0.23   -0.30   +0.10   -0.18   -0.25   +0.08   -0.26
       med   |   46.183 |   45.600 |   45.579 |   46.278 |   45.955 |   46.126 |   46.080 |   45.858
512    32    |   84.382 |   84.441 |   84.477 |   84.483 |   84.447 |   84.165 |   84.470 |   84.462 ||   +0.07   +0.11   +0.12   +0.08   -0.26   +0.10   +0.10
       med   |   84.884 |   84.852 |   84.858 |   85.200 |   84.819 |   85.603 |   85.346 |   85.533
1024   64    |  161.958 |  161.048 |  162.018 |  161.969 |  161.994 |  162.029 |  161.939 |  162.014 ||   -0.56   +0.04   +0.01   +0.02   +0.04   -0.01   +0.04
       med   |  163.166 |  163.248 |  163.812 |  162.478 |  163.447 |  163.427 |  163.650 |  163.109
4096   256   |  628.375 |  628.696 |  628.726 |  628.768 |  628.393 |  628.571 |  628.612 |  628.204 ||   +0.05   +0.06   +0.06   +0.00   +0.03   +0.04   -0.03
       med   |  630.539 |  630.374 |  630.009 |  629.968 |  631.471 |  630.398 |  630.990 |  630.032
