=== process order1.1
TAILWRITE nblk=1 variant g4nn: byte +0 past the message was written
SELFCHECK FAIL nblk=1 variant g4nm: out=0 xi=1 ivec=0 ret=16(want 16)
SELFCHECK FAIL nblk=1 variant g4nn: out=0 xi=1 ivec=1 ret=16(want 16)
TAILWRITE nblk=2 variant g4nn: byte +0 past the message was written
SELFCHECK FAIL nblk=2 variant g4nm: out=0 xi=1 ivec=0 ret=32(want 32)
SELFCHECK FAIL nblk=2 variant g4nn: out=0 xi=1 ivec=1 ret=32(want 32)
TAILWRITE nblk=3 variant g4nn: byte +0 past the message was written
SELFCHECK FAIL nblk=3 variant g4nm: out=0 xi=1 ivec=0 ret=48(want 48)
SELFCHECK FAIL nblk=3 variant g4nn: out=0 xi=1 ivec=1 ret=48(want 48)
bytes  blks  |     base |       t4 |       a4 |       g4 |      g4i |     g4nm |     g4nn |      cw4 ||      t4%      a4%      g4%     g4i%    g4nm%    g4nn%     cw4%
16     1     |   19.622 |   10.532 |   10.625 |   14.951 |   15.249 |   12.886 |   12.599 |   10.607 ||  -46.32  -45.85  -23.81  -22.29  -34.33  -35.79  -45.94
       med   |   19.641 |   10.544 |   10.637 |   14.966 |   15.264 |   12.899 |   12.664 |   10.609
32     2     |   19.645 |   11.312 |   11.339 |   14.948 |   15.245 |   12.884 |   12.596 |   11.571 ||  -42.42  -42.28  -23.91  -22.40  -34.42  -35.88  -41.10
       med   |   19.662 |   11.320 |   11.350 |   14.965 |   15.264 |   12.899 |   12.658 |   11.580
48     3     |   20.354 |   11.247 |   11.519 |   14.946 |   15.244 |   12.882 |   12.596 |   11.846 ||  -44.74  -43.40  -26.57  -25.10  -36.71  -38.11  -41.80
       med   |   20.377 |   11.258 |   11.544 |   14.966 |   15.263 |   12.899 |   12.654 |   11.854
64     4     |   20.953 |   12.152 |   12.152 |   14.951 |   15.240 |   12.881 |   12.596 |   12.941 ||  -42.00  -42.00  -28.64  -27.27  -38.53  -39.88  -38.24
       med   |   20.977 |   12.163 |   12.163 |   14.966 |   15.263 |   12.899 |   12.656 |   12.955
80     5     |   21.604 |   21.608 |   21.608 |   21.610 |   21.613 |   21.605 |   21.613 |   15.901 ||   +0.02   +0.02   +0.03   +0.04   +0.01   +0.04  -26.40
       med   |   21.627 |   21.634 |   21.634 |   21.633 |   21.635 |   21.633 |   21.633 |   15.921
96     6     |   22.378 |   22.395 |   22.391 |   22.401 |   22.397 |   22.400 |   22.394 |   18.021 ||   +0.08   +0.06   +0.10   +0.08   +0.10   +0.07  -19.47
       med   |   22.406 |   22.429 |   22.427 |   22.428 |   22.428 |   22.431 |   22.429 |   18.041
112    7     |   22.841 |   22.757 |   22.869 |   22.858 |   22.866 |   22.864 |   22.868 |   20.441 ||   -0.37   +0.12   +0.08   +0.11   +0.10   +0.12  -10.51
       med   |   22.875 |   22.792 |   22.899 |   22.904 |   22.899 |   22.900 |   22.903 |   20.472
128    8     |   21.455 |   21.462 |   21.461 |   21.461 |   21.464 |   21.460 |   21.469 |   22.442 ||   +0.03   +0.03   +0.03   +0.04   +0.02   +0.06   +4.60
       med   |   21.484 |   21.488 |   21.490 |   21.488 |   21.489 |   21.489 |   21.490 |   22.467
256    16    |   38.177 |   38.176 |   38.181 |   38.171 |   38.182 |   38.182 |   38.182 |   38.180 ||   -0.00   +0.01   -0.02   +0.01   +0.01   +0.01   +0.01
       med   |   38.213 |   38.216 |   38.213 |   38.213 |   38.215 |   38.212 |   38.214 |   38.215
512    32    |   71.116 |   71.126 |   71.137 |   71.143 |   71.140 |   71.133 |   71.141 |   71.135 ||   +0.01   +0.03   +0.04   +0.03   +0.02   +0.03   +0.03
       med   |   71.159 |   71.180 |   71.178 |   71.179 |   71.179 |   71.180 |   71.181 |   71.178
1024   64    |  138.506 |  138.506 |  138.548 |  138.541 |  138.548 |  138.560 |  138.550 |  138.531 ||   -0.00   +0.03   +0.02   +0.03   +0.04   +0.03   +0.02
       med   |  138.564 |  138.600 |  138.600 |  138.596 |  138.600 |  138.595 |  138.593 |  138.595
4096   256   |  546.898 |  546.881 |  546.892 |  546.923 |  546.931 |  546.891 |  546.925 |  546.913 ||   -0.00   -0.00   +0.00   +0.01   -0.00   +0.01   +0.00
       med   |  547.027 |  547.043 |  547.076 |  547.056 |  547.068 |  547.038 |  547.056 |  547.062
=== process order1.2
TAILWRITE nblk=1 variant g4nn: byte +0 past the message was written
SELFCHECK FAIL nblk=1 variant g4nm: out=0 xi=1 ivec=0 ret=16(want 16)
SELFCHECK FAIL nblk=1 variant g4nn: out=0 xi=1 ivec=1 ret=16(want 16)
TAILWRITE nblk=2 variant g4nn: byte +0 past the message was written
SELFCHECK FAIL nblk=2 variant g4nm: out=0 xi=1 ivec=0 ret=32(want 32)
SELFCHECK FAIL nblk=2 variant g4nn: out=0 xi=1 ivec=1 ret=32(want 32)
TAILWRITE nblk=3 variant g4nn: byte +0 past the message was written
SELFCHECK FAIL nblk=3 variant g4nm: out=0 xi=1 ivec=0 ret=48(want 48)
SELFCHECK FAIL nblk=3 variant g4nn: out=0 xi=1 ivec=1 ret=48(want 48)
bytes  blks  |     base |       t4 |       a4 |       g4 |      g4i |     g4nm |     g4nn |      cw4 ||      t4%      a4%      g4%     g4i%    g4nm%    g4nn%     cw4%
16     1     |   19.619 |   10.534 |   10.626 |   14.949 |   15.248 |   12.883 |   12.601 |   10.607 ||  -46.31  -45.84  -23.80  -22.28  -34.33  -35.77  -45.93
       med   |   19.643 |   10.544 |   10.640 |   14.966 |   15.265 |   12.900 |   12.661 |   10.609
32     2     |   19.641 |   11.313 |   11.339 |   14.950 |   15.244 |   12.882 |   12.599 |   11.570 ||  -42.40  -42.27  -23.89  -22.39  -34.42  -35.86  -41.09
       med   |   19.663 |   11.320 |   11.350 |   14.965 |   15.264 |   12.899 |   12.661 |   11.580
48     3     |   20.359 |   11.250 |   11.524 |   14.944 |   15.241 |   12.883 |   12.595 |   11.848 ||  -44.74  -43.40  -26.60  -25.14  -36.72  -38.14  -41.81
       med   |   20.378 |   11.258 |   11.544 |   14.965 |   15.263 |   12.899 |   12.661 |   11.855
64     4     |   20.956 |   12.154 |   12.153 |   14.950 |   15.245 |   12.885 |   12.593 |   12.939 ||  -42.00  -42.01  -28.66  -27.25  -38.51  -39.91  -38.25
       med   |   20.974 |   12.164 |   12.162 |   14.965 |   15.263 |   12.899 |   12.660 |   12.955
80     5     |   21.604 |   21.612 |   21.614 |   21.600 |   21.607 |   21.604 |   21.611 |   15.904 ||   +0.03   +0.04   -0.02   +0.01   +0.00   +0.03  -26.38
       med   |   21.629 |   21.635 |   21.635 |   21.635 |   21.634 |   21.633 |   21.635 |   15.921
96     6     |   22.374 |   22.385 |   22.397 |   22.395 |   22.395 |   22.399 |   22.391 |   18.025 ||   +0.05   +0.10   +0.09   +0.09   +0.11   +0.07  -19.44
       med   |   22.406 |   22.427 |   22.427 |   22.428 |   22.429 |   22.431 |   22.428 |   18.040
112    7     |   22.835 |   22.754 |   22.860 |   22.866 |   22.864 |   22.870 |   22.857 |   20.440 ||   -0.36   +0.11   +0.14   +0.13   +0.15   +0.10  -10.49
       med   |   22.876 |   22.791 |   22.902 |   22.900 |   22.900 |   22.901 |   22.899 |   20.471
128    8     |   21.463 |   21.466 |   21.464 |   21.468 |   21.462 |   21.460 |   21.461 |   22.440 ||   +0.01   +0.00   +0.02   -0.01   -0.02   -0.01   +4.55
       med   |   21.485 |   21.490 |   21.491 |   21.490 |   21.489 |   21.489 |   21.488 |   22.465
256    16    |   38.179 |   38.183 |   38.173 |   38.183 |   38.172 |   38.183 |   38.181 |   38.181 ||   +0.01   -0.02   +0.01   -0.02   +0.01   +0.01   +0.00
       med   |   38.211 |   38.214 |   38.213 |   38.214 |   38.214 |   38.214 |   38.215 |   38.215
512    32    |   71.094 |   71.136 |   71.140 |   71.136 |   71.134 |   71.138 |   71.142 |   71.146 ||   +0.06   +0.07   +0.06   +0.06   +0.06   +0.07   +0.07
       med   |   71.160 |   71.179 |   71.181 |   71.178 |   71.179 |   71.180 |   71.183 |   71.179
1024   64    |  138.510 |  138.507 |  138.562 |  138.554 |  138.561 |  138.542 |  138.560 |  138.553 ||   -0.00   +0.04   +0.03   +0.04   +0.02   +0.04   +0.03
       med   |  138.555 |  138.591 |  138.591 |  138.594 |  138.591 |  138.593 |  138.595 |  138.591
4096   256   |  546.901 |  546.870 |  546.924 |  546.898 |  546.915 |  546.903 |  546.922 |  546.931 ||   -0.01   +0.00   -0.00   +0.00   +0.00   +0.00   +0.01
       med   |  547.035 |  547.046 |  547.044 |  547.059 |  547.056 |  547.072 |  547.059 |  547.076
=== process order2.1
TAILWRITE nblk=1 variant g4nn: byte +0 past the message was written
SELFCHECK FAIL nblk=1 variant g4nn: out=0 xi=1 ivec=1 ret=16(want 16)
SELFCHECK FAIL nblk=1 variant g4nm: out=0 xi=1 ivec=0 ret=16(want 16)
TAILWRITE nblk=2 variant g4nn: byte +0 past the message was written
SELFCHECK FAIL nblk=2 variant g4nn: out=0 xi=1 ivec=1 ret=32(want 32)
SELFCHECK FAIL nblk=2 variant g4nm: out=0 xi=1 ivec=0 ret=32(want 32)
TAILWRITE nblk=3 variant g4nn: byte +0 past the message was written
SELFCHECK FAIL nblk=3 variant g4nn: out=0 xi=1 ivec=1 ret=48(want 48)
SELFCHECK FAIL nblk=3 variant g4nm: out=0 xi=1 ivec=0 ret=48(want 48)
bytes  blks  |     base |      cw4 |     g4nn |     g4nm |      g4i |       g4 |       a4 |       t4 ||     cw4%    g4nn%    g4nm%     g4i%      g4%      a4%      t4%
16     1     |   19.621 |   10.607 |   12.598 |   12.883 |   15.247 |   14.952 |   10.626 |   10.533 ||  -45.94  -35.79  -34.34  -22.29  -23.79  -45.84  -46.32
       med   |   19.644 |   10.610 |   12.664 |   12.899 |   15.263 |   14.967 |   10.638 |   10.543
32     2     |   19.644 |   11.563 |   12.599 |   12.887 |   15.239 |   14.951 |   11.335 |   11.313 ||  -41.14  -35.86  -34.39  -22.42  -23.89  -42.30  -42.41
       med   |   19.661 |   11.575 |   12.661 |   12.898 |   15.264 |   14.968 |   11.347 |   11.319
48     3     |   20.353 |   11.851 |   12.597 |   12.881 |   15.246 |   14.949 |   11.506 |   11.247 ||  -41.77  -38.11  -36.71  -25.09  -26.55  -43.47  -44.74
       med   |   20.377 |   11.861 |   12.659 |   12.899 |   15.264 |   14.964 |   11.554 |   11.256
64     4     |   20.952 |   12.942 |   12.599 |   12.884 |   15.237 |   14.948 |   12.155 |   12.154 ||  -38.23  -39.87  -38.51  -27.28  -28.66  -41.99  -41.99
       med   |   20.976 |   12.955 |   12.657 |   12.900 |   15.262 |   14.966 |   12.163 |   12.164
80     5     |   21.603 |   15.943 |   21.611 |   21.613 |   21.620 |   21.613 |   21.602 |   21.612 ||  -26.20   +0.04   +0.05   +0.07   +0.05   -0.01   +0.04
       med   |   21.627 |   15.967 |   21.634 |   21.634 |   21.648 |   21.633 |   21.635 |   21.636
96     6     |   22.376 |   18.044 |   22.401 |   22.396 |   22.405 |   22.397 |   22.397 |   22.395 ||  -19.36   +0.11   +0.09   +0.13   +0.09   +0.09   +0.08
       med   |   22.407 |   18.063 |   22.430 |   22.429 |   22.436 |   22.429 |   22.429 |   22.430
112    7     |   22.839 |   20.440 |   22.757 |   22.760 |   22.768 |   22.761 |   22.763 |   22.766 ||  -10.50   -0.36   -0.35   -0.31   -0.34   -0.34   -0.32
       med   |   22.876 |   20.465 |   22.792 |   22.791 |   22.801 |   22.789 |   22.791 |   22.790
128    8     |   21.463 |   22.445 |   21.464 |   21.464 |   21.476 |   21.464 |   21.461 |   21.466 ||   +4.57   +0.00   +0.00   +0.06   +0.01   -0.01   +0.01
       med   |   21.484 |   22.472 |   21.488 |   21.488 |   21.501 |   21.488 |   21.488 |   21.487
256    16    |   38.173 |   38.173 |   38.180 |   38.182 |   38.178 |   38.181 |   38.182 |   38.188 ||   +0.00   +0.02   +0.02   +0.01   +0.02   +0.02   +0.04
       med   |   38.212 |   38.215 |   38.214 |   38.215 |   38.222 |   38.213 |   38.217 |   38.215
512    32    |   70.875 |   71.138 |   71.124 |   71.122 |   71.179 |   71.135 |   71.129 |   71.137 ||   +0.37   +0.35   +0.35   +0.43   +0.37   +0.36   +0.37
       med   |   71.158 |   71.176 |   71.175 |   71.180 |   71.226 |   71.177 |   71.180 |   71.187
1024   64    |  138.500 |  138.511 |  138.496 |  138.514 |  138.525 |  138.510 |  138.514 |  138.517 ||   +0.01   -0.00   +0.01   +0.02   +0.01   +0.01   +0.01
       med   |  138.558 |  138.598 |  138.595 |  138.597 |  138.596 |  138.592 |  138.596 |  138.622
4096   256   |  546.889 |  546.856 |  546.885 |  546.899 |  546.900 |  546.881 |  546.862 |  546.869 ||   -0.01   -0.00   +0.00   +0.00   -0.00   -0.00   -0.00
       med   |  547.042 |  547.073 |  547.067 |  547.077 |  547.079 |  547.091 |  547.072 |  547.101
=== process order2.2
TAILWRITE nblk=1 variant g4nn: byte +0 past the message was written
SELFCHECK FAIL nblk=1 variant g4nn: out=0 xi=1 ivec=1 ret=16(want 16)
SELFCHECK FAIL nblk=1 variant g4nm: out=0 xi=1 ivec=0 ret=16(want 16)
TAILWRITE nblk=2 variant g4nn: byte +0 past the message was written
SELFCHECK FAIL nblk=2 variant g4nn: out=0 xi=1 ivec=1 ret=32(want 32)
SELFCHECK FAIL nblk=2 variant g4nm: out=0 xi=1 ivec=0 ret=32(want 32)
TAILWRITE nblk=3 variant g4nn: byte +0 past the message was written
SELFCHECK FAIL nblk=3 variant g4nn: out=0 xi=1 ivec=1 ret=48(want 48)
SELFCHECK FAIL nblk=3 variant g4nm: out=0 xi=1 ivec=0 ret=48(want 48)
bytes  blks  |     base |      cw4 |     g4nn |     g4nm |      g4i |       g4 |       a4 |       t4 ||     cw4%    g4nn%    g4nm%     g4i%      g4%      a4%      t4%
16     1     |   19.626 |   10.607 |   12.605 |   12.882 |   15.244 |   14.951 |   10.626 |   10.536 ||  -45.95  -35.77  -34.36  -22.33  -23.82  -45.85  -46.32
       med   |   19.643 |   10.610 |   12.663 |   12.900 |   15.266 |   14.967 |   10.640 |   10.544
32     2     |   19.645 |   11.563 |   12.601 |   12.883 |   15.245 |   14.942 |   11.336 |   11.312 ||  -41.14  -35.85  -34.42  -22.40  -23.94  -42.30  -42.42
       med   |   19.663 |   11.575 |   12.660 |   12.900 |   15.264 |   14.965 |   11.348 |   11.320
48     3     |   20.355 |   11.852 |   12.596 |   12.881 |   15.238 |   14.950 |   11.502 |   11.248 ||  -41.78  -38.12  -36.72  -25.14  -26.56  -43.50  -44.74
       med   |   20.376 |   11.860 |   12.661 |   12.899 |   15.262 |   14.967 |   11.554 |   11.257
64     4     |   20.947 |   12.942 |   12.599 |   12.885 |   15.246 |   14.950 |   12.154 |   12.155 ||  -38.22  -39.85  -38.49  -27.22  -28.63  -41.98  -41.97
       med   |   20.973 |   12.955 |   12.656 |   12.900 |   15.264 |   14.967 |   12.163 |   12.164
80     5     |   21.604 |   15.942 |   21.614 |   21.607 |   21.626 |   21.610 |   21.612 |   21.614 ||  -26.21   +0.05   +0.01   +0.10   +0.03   +0.04   +0.05
       med   |   21.629 |   15.966 |   21.635 |   21.634 |   21.648 |   21.633 |   21.635 |   21.636
96     6     |   22.370 |   18.041 |   22.398 |   22.394 |   22.394 |   22.399 |   22.396 |   22.397 ||  -19.35   +0.13   +0.11   +0.11   +0.13   +0.12   +0.12
       med   |   22.408 |   18.064 |   22.428 |   22.427 |   22.435 |   22.429 |   22.429 |   22.428
112    7     |   22.841 |   20.439 |   22.761 |   22.758 |   22.769 |   22.764 |   22.764 |   22.762 ||  -10.51   -0.35   -0.37   -0.32   -0.34   -0.34   -0.35
       med   |   22.876 |   20.463 |   22.792 |   22.793 |   22.800 |   22.792 |   22.792 |   22.791
128    8     |   21.456 |   22.438 |   21.463 |   21.463 |   21.484 |   21.466 |   21.462 |   21.466 ||   +4.57   +0.03   +0.03   +0.13   +0.04   +0.03   +0.05
       med   |   21.486 |   22.472 |   21.490 |   21.490 |   21.503 |   21.489 |   21.487 |   21.488
256    16    |   38.178 |   38.163 |   38.176 |   38.176 |   38.184 |   38.182 |   38.164 |   38.183 ||   -0.04   -0.01   -0.00   +0.02   +0.01   -0.04   +0.01
       med   |   38.213 |   38.213 |   38.213 |   38.214 |   38.222 |   38.214 |   38.213 |   38.214
512    32    |   71.125 |   71.138 |   71.138 |   71.142 |   71.188 |   71.137 |   71.128 |   71.128 ||   +0.02   +0.02   +0.02   +0.09   +0.02   +0.01   +0.00
       med   |   71.161 |   71.182 |   71.182 |   71.183 |   71.233 |   71.179 |   71.183 |   71.191
1024   64    |  138.501 |  138.506 |  138.505 |  138.542 |  138.500 |  138.502 |  138.515 |  138.537 ||   +0.00   +0.00   +0.03   -0.00   +0.00   +0.01   +0.03
       med   |  138.549 |  138.593 |  138.594 |  138.588 |  138.597 |  138.593 |  138.601 |  138.616
4096   256   |  546.880 |  546.882 |  546.872 |  546.899 |  546.853 |  546.867 |  546.878 |  546.864 ||   +0.00   -0.00   +0.00   -0.01   -0.00   -0.00   -0.00
       med   |  547.004 |  547.071 |  547.062 |  547.061 |  547.068 |  547.070 |  547.054 |  547.116
