=== process order1.1
TAILWRITE nblk=1 variant g4nn: byte +0 past the message was written
SELFCHECK FAIL nblk=1 variant g4nm: out=0 xi=1 ivec=0 ret=16(want 16)
SELFCHECK FAIL nblk=1 variant g4nn: out=0 xi=1 ivec=1 ret=16(want 16)
TAILWRITE nblk=2 variant g4nn: byte +0 past the message was written
SELFCHECK FAIL nblk=2 variant g4nm: out=0 xi=1 ivec=0 ret=32(want 32)
SELFCHECK FAIL nblk=2 variant g4nn: out=0 xi=1 ivec=1 ret=32(want 32)
TAILWRITE nblk=3 variant g4nn: byte +0 past the message was written
SELFCHECK FAIL nblk=3 variant g4nm: out=0 xi=1 ivec=0 ret=48(want 48)
SELFCHECK FAIL nblk=3 variant g4nn: out=0 xi=1 ivec=1 ret=48(want 48)
bytes  blks  |     base |       t4 |       a4 |       g4 |      g4i |     g4nm |     g4nn |      cw4 ||      t4%      a4%      g4%     g4i%    g4nm%    g4nn%     cw4%
16     1     |   23.320 |   12.326 |   13.643 |   17.824 |   17.897 |   15.449 |   15.059 |   12.545 ||  -47.15  -41.50  -23.57  -23.25  -33.75  -35.42  -46.20
       med   |   25.574 |   12.395 |   13.752 |   17.858 |   18.064 |   15.484 |   15.101 |   12.549
32     2     |   23.415 |   13.371 |   13.536 |   17.819 |   17.896 |   15.449 |   15.055 |   13.336 ||  -42.89  -42.19  -23.90  -23.57  -34.02  -35.70  -43.05
       med   |   23.603 |   13.449 |   13.745 |   17.838 |   18.014 |   15.648 |   15.099 |   13.426
48     3     |   24.258 |   13.696 |   14.007 |   17.821 |   17.898 |   15.450 |   15.053 |   14.084 ||  -43.54  -42.26  -26.54  -26.22  -36.31  -37.95  -41.94
       med   |   24.473 |   13.702 |   14.030 |   17.837 |   17.940 |   15.652 |   15.099 |   14.231
64     4     |   25.100 |   14.865 |   14.862 |   17.813 |   17.887 |   15.449 |   15.053 |   15.523 ||  -40.78  -40.79  -29.03  -28.74  -38.45  -40.03  -38.15
       med   |   25.305 |   14.878 |   14.876 |   17.837 |   17.939 |   15.648 |   15.077 |   15.540
80     5     |   25.992 |   26.004 |   25.995 |   25.992 |   26.005 |   26.006 |   26.012 |   19.530 ||   +0.04   +0.01   -0.00   +0.05   +0.05   +0.08  -24.86
       med   |   26.101 |   26.655 |   26.028 |   26.146 |   26.195 |   26.451 |   26.626 |   19.553
96     6     |   26.939 |   26.936 |   26.919 |   26.927 |   26.921 |   26.908 |   26.912 |   22.071 ||   -0.01   -0.07   -0.05   -0.07   -0.11   -0.10  -18.07
       med   |   27.039 |   27.655 |   26.962 |   27.034 |   27.022 |   27.214 |   27.034 |   22.097
112    7     |   27.471 |   27.508 |   27.433 |   27.537 |   27.529 |   27.532 |   27.540 |   24.784 ||   +0.14   -0.14   +0.24   +0.21   +0.22   +0.25   -9.78
       med   |   27.759 |   27.970 |   27.571 |   27.790 |   27.659 |   27.640 |   27.965 |   24.818
128    8     |   25.522 |   25.568 |   25.597 |   25.594 |   25.611 |   25.591 |   25.599 |   27.298 ||   +0.18   +0.29   +0.28   +0.35   +0.27   +0.30   +6.96
       med   |   25.854 |   25.838 |   25.623 |   25.623 |   25.790 |   25.621 |   26.171 |   27.331
256    16    |   45.451 |   45.330 |   45.509 |   45.356 |   45.354 |   45.342 |   45.341 |   45.339 ||   -0.27   +0.13   -0.21   -0.21   -0.24   -0.24   -0.25
       med   |   45.733 |   46.235 |   45.945 |   45.684 |   45.943 |   45.893 |   46.118 |   45.609
512    32    |   84.007 |   83.971 |   84.330 |   84.412 |   84.454 |   84.148 |   84.322 |   84.402 ||   -0.04   +0.38   +0.48   +0.53   +0.17   +0.37   +0.47
       med   |   85.661 |   85.468 |   85.419 |   85.458 |   85.480 |   85.262 |   85.487 |   85.199
1024   64    |  161.895 |  161.973 |  161.786 |  161.587 |  162.011 |  161.905 |  161.950 |  161.268 ||   +0.05   -0.07   -0.19   +0.07   +0.01   +0.03   -0.39
       med   |  163.173 |  163.293 |  163.244 |  163.570 |  163.043 |  163.352 |  163.947 |  163.107
4096   256   |  628.553 |  628.863 |  628.657 |  628.808 |  628.827 |  628.892 |  628.789 |  628.147 ||   +0.05   +0.02   +0.04   +0.04   +0.05   +0.04   -0.06
       med   |  631.745 |  632.039 |  629.980 |  632.213 |  630.471 |  630.626 |  630.997 |  630.539
=== process order1.2
TAILWRITE nblk=1 variant g4nn: byte +0 past the message was written
SELFCHECK FAIL nblk=1 variant g4nm: out=0 xi=1 ivec=0 ret=16(want 16)
SELFCHECK FAIL nblk=1 variant g4nn: out=0 xi=1 ivec=1 ret=16(want 16)
TAILWRITE nblk=2 variant g4nn: byte +0 past the message was written
SELFCHECK FAIL nblk=2 variant g4nm: out=0 xi=1 ivec=0 ret=32(want 32)
SELFCHECK FAIL nblk=2 variant g4nn: out=0 xi=1 ivec=1 ret=32(want 32)
TAILWRITE nblk=3 variant g4nn: byte +0 past the message was written
SELFCHECK FAIL nblk=3 variant g4nm: out=0 xi=1 ivec=0 ret=48(want 48)
SELFCHECK FAIL nblk=3 variant g4nn: out=0 xi=1 ivec=1 ret=48(want 48)
bytes  blks  |     base |       t4 |       a4 |       g4 |      g4i |     g4nm |     g4nn |      cw4 ||      t4%      a4%      g4%     g4i%    g4nm%    g4nn%     cw4%
16     1     |   23.321 |   12.325 |   13.712 |   17.823 |   17.901 |   15.448 |   15.052 |   12.546 ||  -47.15  -41.20  -23.57  -23.24  -33.76  -35.46  -46.20
       med   |   25.600 |   12.396 |   13.798 |   17.860 |   18.085 |   15.485 |   15.099 |   12.550
32     2     |   23.395 |   13.365 |   13.552 |   17.817 |   17.897 |   15.448 |   15.051 |   13.341 ||  -42.87  -42.07  -23.84  -23.50  -33.97  -35.67  -42.98
       med   |   23.603 |   13.446 |   13.757 |   17.839 |   18.006 |   15.484 |   15.097 |   13.432
48     3     |   24.247 |   13.696 |   14.017 |   17.817 |   17.896 |   15.443 |   15.051 |   14.093 ||  -43.52  -42.19  -26.52  -26.19  -36.31  -37.93  -41.88
       med   |   24.309 |   13.702 |   14.025 |   17.836 |   18.019 |   15.483 |   15.096 |   14.140
64     4     |   25.110 |   14.866 |   14.862 |   17.815 |   17.897 |   15.451 |   15.053 |   15.525 ||  -40.79  -40.81  -29.05  -28.72  -38.47  -40.05  -38.17
       med   |   25.318 |   14.877 |   14.873 |   17.836 |   18.005 |   15.483 |   15.096 |   15.540
80     5     |   25.992 |   25.992 |   25.992 |   25.994 |   25.999 |   25.993 |   26.008 |   19.525 ||   +0.00   +0.00   +0.01   +0.03   +0.01   +0.07  -24.88
       med   |   26.241 |   26.346 |   26.019 |   26.079 |   26.215 |   26.372 |   26.575 |   19.552
96     6     |   26.941 |   26.960 |   26.927 |   26.925 |   26.922 |   26.918 |   26.934 |   22.074 ||   +0.07   -0.05   -0.06   -0.07   -0.08   -0.03  -18.06
       med   |   27.170 |   27.672 |   27.014 |   26.958 |   26.961 |   27.204 |   27.471 |   22.097
112    7     |   27.480 |   27.518 |   27.469 |   27.533 |   27.532 |   27.534 |   27.538 |   24.784 ||   +0.14   -0.04   +0.20   +0.19   +0.20   +0.21   -9.81
       med   |   27.760 |   28.252 |   27.626 |   27.561 |   27.565 |   27.777 |   28.070 |   24.817
128    8     |   25.526 |   25.585 |   25.595 |   25.593 |   25.597 |   25.590 |   25.594 |   27.298 ||   +0.23   +0.27   +0.26   +0.28   +0.25   +0.27   +6.94
       med   |   25.873 |   26.277 |   25.629 |   25.620 |   25.790 |   25.621 |   25.853 |   27.332
256    16    |   45.435 |   45.378 |   45.498 |   45.327 |   45.380 |   45.345 |   45.358 |   45.403 ||   -0.13   +0.14   -0.24   -0.12   -0.20   -0.17   -0.07
       med   |   45.754 |   46.304 |   45.827 |   45.680 |   45.875 |   45.750 |   46.686 |   45.991
512    32    |   84.241 |   84.477 |   84.374 |   84.408 |   84.442 |   84.395 |   84.438 |   84.395 ||   +0.28   +0.16   +0.20   +0.24   +0.18   +0.23   +0.18
       med   |   84.688 |   85.780 |   85.416 |   85.372 |   85.582 |   85.376 |   85.726 |   85.106
1024   64    |  161.861 |  162.045 |  162.060 |  161.915 |  161.829 |  162.002 |  161.918 |  161.347 ||   +0.11   +0.12   +0.03   -0.02   +0.09   +0.04   -0.32
       med   |  163.472 |  163.882 |  163.135 |  163.094 |  162.501 |  162.570 |  163.697 |  163.278
4096   256   |  628.541 |  628.848 |  628.492 |  628.686 |  628.787 |  628.783 |  628.957 |  628.816 ||   +0.05   -0.01   +0.02   +0.04   +0.04   +0.07   +0.04
       med   |  631.979 |  632.170 |  629.875 |  631.485 |  630.389 |  630.406 |  631.263 |  630.346
=== process order2.1
TAILWRITE nblk=1 variant g4nn: byte +0 past the message was written
SELFCHECK FAIL nblk=1 variant g4nn: out=0 xi=1 ivec=1 ret=16(want 16)
SELFCHECK FAIL nblk=1 variant g4nm: out=0 xi=1 ivec=0 ret=16(want 16)
TAILWRITE nblk=2 variant g4nn: byte +0 past the message was written
SELFCHECK FAIL nblk=2 variant g4nn: out=0 xi=1 ivec=1 ret=32(want 32)
SELFCHECK FAIL nblk=2 variant g4nm: out=0 xi=1 ivec=0 ret=32(want 32)
TAILWRITE nblk=3 variant g4nn: byte +0 past the message was written
SELFCHECK FAIL nblk=3 variant g4nn: out=0 xi=1 ivec=1 ret=48(want 48)
SELFCHECK FAIL nblk=3 variant g4nm: out=0 xi=1 ivec=0 ret=48(want 48)
bytes  blks  |     base |      cw4 |     g4nn |     g4nm |      g4i |       g4 |       a4 |       t4 ||     cw4%    g4nn%    g4nm%     g4i%      g4%      a4%      t4%
16     1     |   23.315 |   12.528 |   15.057 |   15.475 |   17.870 |   17.802 |   12.758 |   12.387 ||  -46.27  -35.42  -33.63  -23.35  -23.64  -45.28  -46.87
       med   |   25.649 |   12.569 |   15.093 |   15.495 |   17.928 |   17.819 |   12.803 |   12.396
32     2     |   23.407 |   13.362 |   15.056 |   15.470 |   17.862 |   17.804 |   13.543 |   13.421 ||  -42.91  -35.68  -33.91  -23.69  -23.94  -42.14  -42.66
       med   |   23.614 |   13.423 |   15.120 |   15.495 |   17.924 |   17.819 |   13.565 |   13.434
48     3     |   24.238 |   14.111 |   15.054 |   15.462 |   17.867 |   17.800 |   14.025 |   13.695 ||  -41.78  -37.89  -36.21  -26.28  -26.56  -42.14  -43.50
       med   |   24.310 |   14.123 |   15.064 |   15.495 |   17.927 |   17.819 |   14.052 |   13.703
64     4     |   25.115 |   15.571 |   15.053 |   15.462 |   17.856 |   17.798 |   14.865 |   14.871 ||  -38.00  -40.07  -38.44  -28.90  -29.13  -40.81  -40.79
       med   |   25.161 |   15.804 |   15.066 |   15.494 |   17.927 |   17.819 |   14.879 |   15.218
80     5     |   25.985 |   19.611 |   25.991 |   25.994 |   25.997 |   25.994 |   26.003 |   25.995 ||  -24.53   +0.02   +0.03   +0.05   +0.03   +0.07   +0.04
       med   |   26.206 |   19.720 |   26.258 |   26.110 |   26.235 |   26.126 |   26.598 |   26.080
96     6     |   26.913 |   22.079 |   26.894 |   26.912 |   26.954 |   26.922 |   26.929 |   26.871 ||  -17.96   -0.07   -0.00   +0.16   +0.04   +0.06   -0.15
       med   |   27.161 |   22.326 |   27.230 |   27.060 |   27.206 |   26.971 |   26.980 |   26.971
112    7     |   27.465 |   24.807 |   27.399 |   27.496 |   27.508 |   27.439 |   27.500 |   27.405 ||   -9.68   -0.24   +0.11   +0.16   -0.09   +0.13   -0.22
       med   |   27.615 |   24.840 |   27.533 |   27.547 |   27.601 |   27.535 |   27.981 |   27.536
128    8     |   25.524 |   27.295 |   25.578 |   25.376 |   25.577 |   25.579 |   25.375 |   25.559 ||   +6.94   +0.21   -0.58   +0.21   +0.22   -0.58   +0.14
       med   |   25.781 |   27.324 |   25.687 |   25.627 |   25.639 |   25.628 |   26.150 |   25.626
256    16    |   45.525 |   45.330 |   45.398 |   45.452 |   45.346 |   45.352 |   45.479 |   45.348 ||   -0.43   -0.28   -0.16   -0.39   -0.38   -0.10   -0.39
       med   |   45.914 |   46.212 |   45.590 |   45.647 |   45.595 |   45.594 |   46.263 |   45.516
512    32    |   84.371 |   84.501 |   84.419 |   84.212 |   84.396 |   84.480 |   84.518 |   84.476 ||   +0.15   +0.06   -0.19   +0.03   +0.13   +0.17   +0.12
       med   |   84.613 |   85.933 |   85.123 |   85.481 |   84.586 |   85.103 |   85.755 |   85.335
1024   64    |  161.815 |  162.037 |  162.005 |  162.025 |  161.931 |  162.042 |  161.973 |  162.011 ||   +0.14   +0.12   +0.13   +0.07   +0.14   +0.10   +0.12
       med   |  163.205 |  164.944 |  163.141 |  164.315 |  162.209 |  162.340 |  165.178 |  163.528
4096   256   |  628.465 |  628.913 |  628.731 |  628.802 |  628.384 |  628.367 |  628.719 |  628.739 ||   +0.07   +0.04   +0.05   -0.01   -0.02   +0.04   +0.04
       med   |  631.205 |  632.310 |  631.814 |  632.412 |  631.467 |  630.655 |  632.270 |  632.269
=== process order2.2
TAILWRITE nblk=1 variant g4nn: byte +0 past the message was written
SELFCHECK FAIL nblk=1 variant g4nn: out=0 xi=1 ivec=1 ret=16(want 16)
SELFCHECK FAIL nblk=1 variant g4nm: out=0 xi=1 ivec=0 ret=16(want 16)
TAILWRITE nblk=2 variant g4nn: byte +0 past the message was written
SELFCHECK FAIL nblk=2 variant g4nn: out=0 xi=1 ivec=1 ret=32(want 32)
SELFCHECK FAIL nblk=2 variant g4nm: out=0 xi=1 ivec=0 ret=32(want 32)
TAILWRITE nblk=3 variant g4nn: byte +0 past the message was written
SELFCHECK FAIL nblk=3 variant g4nn: out=0 xi=1 ivec=1 ret=48(want 48)
SELFCHECK FAIL nblk=3 variant g4nm: out=0 xi=1 ivec=0 ret=48(want 48)
bytes  blks  |     base |      cw4 |     g4nn |     g4nm |      g4i |       g4 |       a4 |       t4 ||     cw4%    g4nn%    g4nm%     g4i%      g4%      a4%      t4%
16     1     |   23.314 |   12.559 |   15.055 |   15.475 |   17.865 |   17.800 |   12.752 |   12.388 ||  -46.13  -35.43  -33.62  -23.38  -23.65  -45.30  -46.86
       med   |   25.597 |   12.570 |   15.215 |   15.495 |   18.068 |   17.861 |   12.800 |   12.397
32     2     |   23.404 |   13.359 |   15.057 |   15.473 |   17.908 |   17.806 |   13.544 |   13.414 ||  -42.92  -35.67  -33.89  -23.48  -23.92  -42.13  -42.69
       med   |   23.545 |   13.423 |   15.107 |   15.495 |   17.935 |   17.859 |   13.564 |   13.434
48     3     |   24.266 |   14.114 |   15.055 |   15.474 |   17.867 |   17.804 |   14.003 |   13.696 ||  -41.83  -37.96  -36.23  -26.37  -26.63  -42.29  -43.56
       med   |   24.426 |   14.123 |   15.167 |   15.495 |   18.132 |   17.835 |   14.052 |   13.702
64     4     |   25.106 |   15.572 |   15.055 |   15.473 |   17.860 |   17.801 |   14.865 |   14.865 ||  -37.97  -40.03  -38.37  -28.86  -29.10  -40.79  -40.79
       med   |   25.240 |   15.948 |   15.331 |   15.495 |   18.054 |   17.858 |   14.879 |   14.879
80     5     |   25.986 |   19.612 |   25.990 |   25.985 |   25.986 |   25.993 |   25.995 |   25.990 ||  -24.53   +0.02   -0.01   -0.00   +0.02   +0.03   +0.02
       med   |   26.173 |   19.730 |   26.072 |   26.033 |   26.124 |   26.025 |   26.449 |   26.081
96     6     |   26.902 |   22.079 |   26.934 |   26.886 |   26.911 |   26.935 |   26.925 |   26.886 ||  -17.93   +0.12   -0.06   +0.03   +0.12   +0.09   -0.06
       med   |   27.010 |   22.326 |   26.985 |   26.973 |   27.204 |   26.974 |   27.398 |   26.974
112    7     |   27.473 |   24.798 |   27.408 |   27.500 |   27.499 |   27.442 |   27.468 |   27.415 ||   -9.74   -0.23   +0.10   +0.10   -0.11   -0.02   -0.21
       med   |   27.512 |   24.836 |   27.539 |   27.535 |   27.534 |   27.536 |   27.978 |   27.536
128    8     |   25.526 |   27.292 |   25.602 |   25.381 |   25.597 |   25.605 |   25.382 |   25.555 ||   +6.92   +0.30   -0.57   +0.28   +0.31   -0.57   +0.11
       med   |   25.640 |   27.322 |   25.681 |   25.625 |   25.784 |   25.628 |   25.883 |   25.628
256    16    |   45.492 |   45.337 |   45.397 |   45.429 |   45.350 |   45.339 |   45.451 |   45.335 ||   -0.34   -0.21   -0.14   -0.31   -0.34   -0.09   -0.35
       med   |   45.707 |   46.120 |   45.580 |   45.594 |   45.613 |   45.742 |   46.035 |   45.479
512    32    |   84.207 |   84.444 |   84.408 |   84.398 |   84.331 |   84.109 |   84.363 |   84.298 ||   +0.28   +0.24   +0.23   +0.15   -0.12   +0.18   +0.11
       med   |   85.341 |   84.694 |   85.229 |   84.769 |   84.628 |   84.661 |   84.639 |   85.383
1024   64    |  161.964 |  162.025 |  161.548 |  162.019 |  161.921 |  162.053 |  162.001 |  162.026 ||   +0.04   -0.26   +0.03   -0.03   +0.05   +0.02   +0.04
       med   |  163.698 |  163.995 |  163.352 |  163.222 |  162.172 |  162.721 |  163.083 |  163.596
4096   256   |  628.432 |  628.437 |  628.760 |  628.730 |  628.730 |  628.050 |  628.540 |  628.689 ||   +0.00   +0.05   +0.05   +0.05   -0.06   +0.02   +0.04
       med   |  631.975 |  630.869 |  632.060 |  631.831 |  630.965 |  630.739 |  631.222 |  630.990
