=== process order1.1
TAILWRITE nblk=1 variant g4nn: byte +0 past the message was written
SELFCHECK FAIL nblk=1 variant g4nm: out=0 xi=1 ivec=0 ret=16(want 16)
SELFCHECK FAIL nblk=1 variant g4nn: out=0 xi=1 ivec=1 ret=16(want 16)
TAILWRITE nblk=2 variant g4nn: byte +0 past the message was written
SELFCHECK FAIL nblk=2 variant g4nm: out=0 xi=1 ivec=0 ret=32(want 32)
SELFCHECK FAIL nblk=2 variant g4nn: out=0 xi=1 ivec=1 ret=32(want 32)
TAILWRITE nblk=3 variant g4nn: byte +0 past the message was written
SELFCHECK FAIL nblk=3 variant g4nm: out=0 xi=1 ivec=0 ret=48(want 48)
SELFCHECK FAIL nblk=3 variant g4nn: out=0 xi=1 ivec=1 ret=48(want 48)
bytes  blks  |     base |       t4 |       a4 |       g4 |      g4i |     g4nm |     g4nn |      cw4 ||      t4%      a4%      g4%     g4i%    g4nm%    g4nn%     cw4%
16     1     |   26.316 |   13.944 |   14.728 |   20.646 |   20.772 |   18.383 |   17.700 |   13.615 ||  -47.01  -44.03  -21.55  -21.07  -30.15  -32.74  -48.26
       med   |   26.533 |   13.955 |   14.851 |   20.966 |   20.920 |   18.603 |   18.147 |   13.651
32     2     |   26.534 |   14.846 |   15.464 |   20.755 |   20.782 |   18.519 |   17.695 |   15.104 ||  -44.05  -41.72  -21.78  -21.68  -30.20  -33.31  -43.08
       med   |   26.793 |   14.903 |   15.582 |   20.934 |   20.879 |   18.694 |   18.158 |   15.116
48     3     |   27.761 |   15.519 |   16.238 |   20.834 |   20.821 |   18.504 |   17.696 |   16.137 ||  -44.10  -41.51  -24.95  -25.00  -33.34  -36.26  -41.87
       med   |   28.122 |   15.554 |   16.754 |   20.884 |   20.884 |   18.899 |   18.174 |   16.194
64     4     |   28.858 |   17.083 |   17.041 |   20.728 |   20.567 |   18.500 |   17.696 |   19.824 ||  -40.80  -40.95  -28.17  -28.73  -35.89  -38.68  -31.30
       med   |   29.081 |   17.191 |   17.183 |   20.911 |   20.859 |   19.048 |   18.156 |   19.886
80     5     |   29.991 |   30.116 |   30.069 |   30.069 |   29.355 |   30.066 |   29.534 |   24.716 ||   +0.42   +0.26   +0.26   -2.12   +0.25   -1.52  -17.59
       med   |   30.424 |   30.376 |   30.295 |   30.303 |   30.390 |   30.306 |   30.265 |   25.488
96     6     |   30.891 |   30.810 |   30.853 |   30.849 |   30.861 |   30.846 |   30.859 |   27.340 ||   -0.26   -0.12   -0.14   -0.10   -0.14   -0.10  -11.50
       med   |   31.350 |   31.092 |   31.037 |   31.016 |   31.083 |   31.029 |   31.009 |   27.841
112    7     |   31.936 |   32.021 |   31.865 |   31.836 |   31.866 |   31.844 |   31.861 |   29.038 ||   +0.27   -0.22   -0.31   -0.22   -0.29   -0.23   -9.07
       med   |   34.452 |   35.169 |   34.413 |   34.392 |   34.409 |   34.561 |   34.385 |   29.941
128    8     |   30.112 |   29.976 |   30.193 |   30.167 |   30.168 |   30.145 |   30.084 |   31.315 ||   -0.45   +0.27   +0.18   +0.18   +0.11   -0.10   +4.00
       med   |   30.353 |   30.280 |   30.405 |   30.395 |   30.420 |   30.404 |   30.358 |   31.533
256    16    |   52.312 |   52.217 |   52.263 |   51.987 |   52.281 |   52.034 |   52.113 |   52.261 ||   -0.18   -0.09   -0.62   -0.06   -0.53   -0.38   -0.10
       med   |   52.705 |   52.685 |   52.696 |   52.642 |   52.711 |   52.591 |   52.672 |   52.607
512    32    |   95.108 |   94.618 |   94.675 |   94.378 |   94.817 |   94.308 |   94.273 |   94.445 ||   -0.52   -0.46   -0.77   -0.31   -0.84   -0.88   -0.70
       med   |   95.993 |   95.819 |   95.363 |   95.409 |   95.593 |   95.355 |   95.506 |   95.456
1024   64    |  180.102 |  179.725 |  179.573 |  179.990 |  179.775 |  179.950 |  179.736 |  179.720 ||   -0.21   -0.29   -0.06   -0.18   -0.08   -0.20   -0.21
       med   |  182.462 |  181.898 |  181.006 |  181.499 |  181.529 |  181.377 |  181.596 |  181.425
4096   256   |  694.454 |  691.995 |  690.495 |  691.228 |  691.296 |  691.121 |  691.342 |  690.595 ||   -0.35   -0.57   -0.46   -0.45   -0.48   -0.45   -0.56
       med   |  699.683 |  696.574 |  693.241 |  694.400 |  695.111 |  693.920 |  696.045 |  694.146
=== process order1.2
TAILWRITE nblk=1 variant g4nn: byte +0 past the message was written
SELFCHECK FAIL nblk=1 variant g4nm: out=0 xi=1 ivec=0 ret=16(want 16)
SELFCHECK FAIL nblk=1 variant g4nn: out=0 xi=1 ivec=1 ret=16(want 16)
TAILWRITE nblk=2 variant g4nn: byte +0 past the message was written
SELFCHECK FAIL nblk=2 variant g4nm: out=0 xi=1 ivec=0 ret=32(want 32)
SELFCHECK FAIL nblk=2 variant g4nn: out=0 xi=1 ivec=1 ret=32(want 32)
TAILWRITE nblk=3 variant g4nn: byte +0 past the message was written
SELFCHECK FAIL nblk=3 variant g4nm: out=0 xi=1 ivec=0 ret=48(want 48)
SELFCHECK FAIL nblk=3 variant g4nn: out=0 xi=1 ivec=1 ret=48(want 48)
bytes  blks  |     base |       t4 |       a4 |       g4 |      g4i |     g4nm |     g4nn |      cw4 ||      t4%      a4%      g4%     g4i%    g4nm%    g4nn%     cw4%
16     1     |   26.211 |   13.946 |   14.689 |   20.779 |   20.400 |   18.383 |   17.694 |   13.611 ||  -46.79  -43.96  -20.73  -22.17  -29.87  -32.50  -48.07
       med   |   26.495 |   13.959 |   14.775 |   21.067 |   20.935 |   18.572 |   17.943 |   13.652
32     2     |   26.582 |   14.837 |   15.461 |   20.487 |   20.823 |   18.222 |   17.698 |   15.108 ||  -44.18  -41.84  -22.93  -21.66  -31.45  -33.42  -43.17
       med   |   26.845 |   14.903 |   15.581 |   20.915 |   20.906 |   18.587 |   17.945 |   15.117
48     3     |   27.784 |   15.522 |   16.420 |   20.795 |   20.766 |   18.469 |   17.698 |   16.138 ||  -44.14  -40.90  -25.15  -25.26  -33.53  -36.30  -41.92
       med   |   28.240 |   15.563 |   16.481 |   20.887 |   20.851 |   18.675 |   17.993 |   16.194
64     4     |   28.848 |   17.083 |   17.039 |   20.793 |   20.783 |   18.658 |   17.696 |   19.644 ||  -40.78  -40.94  -27.92  -27.96  -35.32  -38.66  -31.91
       med   |   29.107 |   17.228 |   17.185 |   20.886 |   20.867 |   18.802 |   17.922 |   19.741
80     5     |   29.998 |   30.122 |   30.064 |   30.067 |   30.075 |   30.067 |   30.064 |   24.716 ||   +0.41   +0.22   +0.23   +0.26   +0.23   +0.22  -17.61
       med   |   30.772 |   30.445 |   30.278 |   30.282 |   30.408 |   30.281 |   30.249 |   25.438
96     6     |   30.896 |   30.811 |   30.866 |   30.848 |   30.907 |   30.855 |   30.863 |   26.708 ||   -0.27   -0.10   -0.16   +0.04   -0.13   -0.11  -13.55
       med   |   31.681 |   31.125 |   31.013 |   31.022 |   31.079 |   31.030 |   31.007 |   27.783
112    7     |   33.334 |   32.138 |   31.866 |   32.102 |   32.063 |   32.494 |   31.857 |   29.484 ||   -3.59   -4.40   -3.69   -3.81   -2.52   -4.43  -11.55
       med   |   34.391 |   34.967 |   34.137 |   34.100 |   34.130 |   34.164 |   34.134 |   29.981
128    8     |   30.118 |   29.983 |   29.711 |   30.154 |   30.232 |   30.090 |   30.173 |   31.326 ||   -0.45   -1.35   +0.12   +0.38   -0.09   +0.18   +4.01
       med   |   30.337 |   30.299 |   30.375 |   30.365 |   30.465 |   30.341 |   30.409 |   31.533
256    16    |   52.319 |   52.306 |   52.108 |   52.185 |   52.211 |   52.197 |   52.130 |   52.264 ||   -0.02   -0.40   -0.26   -0.21   -0.23   -0.36   -0.11
       med   |   52.708 |   52.733 |   52.588 |   52.724 |   52.638 |   52.628 |   52.601 |   52.568
512    32    |   94.916 |   94.721 |   94.272 |   94.913 |   94.572 |   94.873 |   94.634 |   94.513 ||   -0.21   -0.68   -0.00   -0.36   -0.05   -0.30   -0.42
       med   |   95.921 |   95.794 |   95.386 |   95.422 |   95.609 |   95.332 |   95.593 |   95.492
1024   64    |  179.831 |  180.100 |  179.632 |  179.797 |  179.851 |  179.595 |  179.061 |  179.759 ||   +0.15   -0.11   -0.02   +0.01   -0.13   -0.43   -0.04
       med   |  182.561 |  181.810 |  181.052 |  181.452 |  181.460 |  181.356 |  181.570 |  181.391
4096   256   |  691.746 |  690.545 |  691.111 |  691.051 |  691.270 |  690.649 |  691.059 |  691.069 ||   -0.17   -0.09   -0.10   -0.07   -0.16   -0.10   -0.10
       med   |  699.643 |  696.506 |  693.254 |  694.375 |  694.835 |  693.794 |  695.903 |  694.006
=== process order2.1
TAILWRITE nblk=1 variant g4nn: byte +0 past the message was written
SELFCHECK FAIL nblk=1 variant g4nn: out=0 xi=1 ivec=1 ret=16(want 16)
SELFCHECK FAIL nblk=1 variant g4nm: out=0 xi=1 ivec=0 ret=16(want 16)
TAILWRITE nblk=2 variant g4nn: byte +0 past the message was written
SELFCHECK FAIL nblk=2 variant g4nn: out=0 xi=1 ivec=1 ret=32(want 32)
SELFCHECK FAIL nblk=2 variant g4nm: out=0 xi=1 ivec=0 ret=32(want 32)
TAILWRITE nblk=3 variant g4nn: byte +0 past the message was written
SELFCHECK FAIL nblk=3 variant g4nn: out=0 xi=1 ivec=1 ret=48(want 48)
SELFCHECK FAIL nblk=3 variant g4nm: out=0 xi=1 ivec=0 ret=48(want 48)
bytes  blks  |     base |      cw4 |     g4nn |     g4nm |      g4i |       g4 |       a4 |       t4 ||     cw4%    g4nn%    g4nm%     g4i%      g4%      a4%      t4%
16     1     |   26.140 |   13.630 |   17.764 |   18.476 |   20.681 |   20.479 |   14.679 |   13.942 ||  -47.86  -32.04  -29.32  -20.88  -21.66  -43.85  -46.66
       med   |   26.379 |   13.644 |   17.925 |   18.632 |   20.853 |   20.923 |   14.918 |   13.954
32     2     |   26.596 |   15.103 |   17.768 |   18.436 |   20.761 |   20.714 |   15.492 |   14.840 ||  -43.21  -33.19  -30.68  -21.94  -22.12  -41.75  -44.20
       med   |   26.899 |   15.115 |   17.888 |   18.736 |   20.831 |   20.898 |   15.523 |   14.903
48     3     |   27.805 |   16.104 |   17.762 |   18.348 |   20.781 |   20.793 |   16.338 |   15.523 ||  -42.08  -36.12  -34.01  -25.26  -25.22  -41.24  -44.17
       med   |   30.065 |   16.125 |   17.907 |   19.128 |   20.848 |   20.870 |   16.469 |   15.560
64     4     |   28.844 |   18.293 |   17.747 |   18.209 |   20.776 |   20.639 |   17.098 |   17.082 ||  -36.58  -38.47  -36.87  -27.97  -28.44  -40.72  -40.78
       med   |   29.005 |   18.368 |   17.821 |   19.301 |   20.824 |   20.873 |   17.195 |   17.242
80     5     |   29.995 |   24.944 |   30.132 |   30.118 |   30.147 |   30.123 |   30.115 |   30.106 ||  -16.84   +0.46   +0.41   +0.51   +0.43   +0.40   +0.37
       med   |   30.170 |   25.579 |   30.680 |   30.265 |   30.462 |   30.245 |   30.235 |   30.180
96     6     |   30.898 |   26.617 |   30.824 |   30.820 |   30.828 |   30.820 |   30.818 |   30.818 ||  -13.86   -0.24   -0.25   -0.23   -0.25   -0.26   -0.26
       med   |   30.999 |   27.175 |   31.260 |   31.079 |   31.151 |   31.035 |   31.018 |   31.038
112    7     |   31.979 |   29.449 |   33.940 |   33.531 |   33.244 |   32.399 |   32.027 |   32.067 ||   -7.91   +6.13   +4.85   +3.96   +1.31   +0.15   +0.27
       med   |   34.474 |   29.685 |   34.512 |   34.511 |   35.040 |   34.447 |   34.459 |   34.481
128    8     |   30.106 |   31.579 |   29.974 |   29.979 |   29.993 |   29.968 |   29.973 |   29.970 ||   +4.89   -0.44   -0.42   -0.37   -0.46   -0.44   -0.45
       med   |   30.273 |   31.647 |   30.166 |   30.124 |   30.390 |   30.154 |   30.114 |   30.003
256    16    |   52.314 |   52.284 |   52.275 |   52.243 |   52.278 |   52.201 |   52.267 |   52.157 ||   -0.06   -0.07   -0.14   -0.07   -0.22   -0.09   -0.30
       med   |   52.722 |   52.702 |   52.651 |   52.575 |   52.800 |   52.597 |   52.621 |   52.507
512    32    |   95.030 |   94.703 |   94.769 |   94.776 |   94.767 |   94.766 |   94.742 |   94.744 ||   -0.34   -0.27   -0.27   -0.28   -0.28   -0.30   -0.30
       med   |   96.090 |   95.774 |   95.738 |   95.708 |   95.636 |   95.606 |   95.743 |   95.229
1024   64    |  179.887 |  180.076 |  179.561 |  179.996 |  179.903 |  180.031 |  179.948 |  179.460 ||   +0.11   -0.18   +0.06   +0.01   +0.08   +0.03   -0.24
       med   |  182.668 |  181.885 |  181.758 |  181.583 |  181.790 |  181.716 |  181.888 |  181.362
4096   256   |  693.505 |  691.360 |  692.011 |  691.806 |  691.774 |  691.708 |  691.452 |  691.189 ||   -0.31   -0.22   -0.24   -0.25   -0.26   -0.30   -0.33
       med   |  699.404 |  696.067 |  695.106 |  695.218 |  695.521 |  694.961 |  696.169 |  694.434
=== process order2.2
TAILWRITE nblk=1 variant g4nn: byte +0 past the message was written
SELFCHECK FAIL nblk=1 variant g4nn: out=0 xi=1 ivec=1 ret=16(want 16)
SELFCHECK FAIL nblk=1 variant g4nm: out=0 xi=1 ivec=0 ret=16(want 16)
TAILWRITE nblk=2 variant g4nn: byte +0 past the message was written
SELFCHECK FAIL nblk=2 variant g4nn: out=0 xi=1 ivec=1 ret=32(want 32)
SELFCHECK FAIL nblk=2 variant g4nm: out=0 xi=1 ivec=0 ret=32(want 32)
TAILWRITE nblk=3 variant g4nn: byte +0 past the message was written
SELFCHECK FAIL nblk=3 variant g4nn: out=0 xi=1 ivec=1 ret=48(want 48)
SELFCHECK FAIL nblk=3 variant g4nm: out=0 xi=1 ivec=0 ret=48(want 48)
bytes  blks  |     base |      cw4 |     g4nn |     g4nm |      g4i |       g4 |       a4 |       t4 ||     cw4%    g4nn%    g4nm%     g4i%      g4%      a4%      t4%
16     1     |   26.205 |   13.631 |   17.698 |   18.456 |   20.794 |   20.790 |   14.689 |   13.946 ||  -47.98  -32.46  -29.57  -20.65  -20.66  -43.95  -46.78
       med   |   26.528 |   13.641 |   17.916 |   18.587 |   20.895 |   20.964 |   14.923 |   13.953
32     2     |   26.623 |   15.106 |   17.625 |   18.535 |   20.771 |   20.714 |   15.487 |   14.838 ||  -43.26  -33.80  -30.38  -21.98  -22.19  -41.83  -44.27
       med   |   26.923 |   15.114 |   17.885 |   18.715 |   20.836 |   20.891 |   15.566 |   14.899
48     3     |   27.858 |   16.100 |   17.732 |   18.336 |   20.786 |   20.632 |   16.358 |   15.522 ||  -42.21  -36.35  -34.18  -25.39  -25.94  -41.28  -44.28
       med   |   28.375 |   16.120 |   17.877 |   19.069 |   20.832 |   20.856 |   16.490 |   15.559
64     4     |   28.860 |   18.298 |   17.725 |   17.913 |   20.800 |   20.655 |   17.112 |   17.084 ||  -36.60  -38.58  -37.93  -27.93  -28.43  -40.71  -40.80
       med   |   29.026 |   18.380 |   17.798 |   19.269 |   20.889 |   20.863 |   17.214 |   17.232
80     5     |   29.993 |   24.908 |   30.135 |   30.117 |   30.133 |   30.101 |   30.108 |   30.118 ||  -16.95   +0.47   +0.41   +0.47   +0.36   +0.38   +0.42
       med   |   30.144 |   25.585 |   30.564 |   30.261 |   30.384 |   30.245 |   30.253 |   30.167
96     6     |   30.888 |   26.777 |   30.816 |   30.818 |   30.843 |   30.811 |   30.826 |   30.827 ||  -13.31   -0.23   -0.23   -0.14   -0.25   -0.20   -0.20
       med   |   31.027 |   27.474 |   31.173 |   31.064 |   31.126 |   31.044 |   31.000 |   31.014
112    7     |   31.949 |   29.399 |   33.496 |   32.029 |   32.053 |   31.958 |   31.931 |   31.960 ||   -7.98   +4.84   +0.25   +0.32   +0.03   -0.06   +0.03
       med   |   34.349 |   29.599 |   34.759 |   34.596 |   35.201 |   34.598 |   34.598 |   34.645
128    8     |   30.112 |   31.591 |   29.977 |   29.983 |   29.989 |   29.979 |   29.975 |   29.980 ||   +4.91   -0.45   -0.43   -0.41   -0.44   -0.46   -0.44
       med   |   30.241 |   31.656 |   30.359 |   30.173 |   30.276 |   30.109 |   30.125 |   30.005
256    16    |   52.329 |   52.307 |   52.284 |   52.158 |   52.303 |   52.161 |   52.288 |   52.209 ||   -0.04   -0.09   -0.33   -0.05   -0.32   -0.08   -0.23
       med   |   52.756 |   52.670 |   52.875 |   52.586 |   52.715 |   52.557 |   52.688 |   52.522
512    32    |   94.882 |   94.768 |   94.788 |   94.780 |   94.792 |   94.735 |   94.798 |   94.679 ||   -0.12   -0.10   -0.11   -0.09   -0.16   -0.09   -0.21
       med   |   95.906 |   95.750 |   95.812 |   95.736 |   95.648 |   95.549 |   95.705 |   95.273
1024   64    |  179.804 |  179.541 |  179.966 |  179.835 |  179.853 |  179.733 |  179.904 |  179.792 ||   -0.15   +0.09   +0.02   +0.03   -0.04   +0.06   -0.01
       med   |  182.343 |  181.793 |  181.662 |  181.605 |  181.785 |  181.640 |  181.821 |  180.950
4096   256   |  693.954 |  691.811 |  689.152 |  690.355 |  691.348 |  691.692 |  692.171 |  690.342 ||   -0.31   -0.69   -0.52   -0.38   -0.33   -0.26   -0.52
       med   |  699.217 |  696.283 |  694.659 |  695.537 |  696.216 |  695.232 |  696.686 |  694.408
