=== process order1.1
SELFCHECK OK (256 whole-block lengths 1..256 blk x 12 variants; out/Xi/ivec/ret byte-identical, nothing written past 16*nblk)
bytes  blks  |     base |   baseAA |     dsp0 |   dsp0AA |       g4 |     g4AA |      g4h |       a4 |     g4p8 |     t4p8 |       t4 |    m4s4h ||  baseAA%    dsp0%  dsp0AA%      g4%    g4AA%     g4h%      a4%    g4p8%    t4p8%      t4%   m4s4h%
16     1     |   19.623 |   19.620 |   19.629 |   19.627 |   14.952 |   14.950 |   15.215 |   10.625 |   14.948 |   10.544 |   10.531 |   10.590 ||   -0.01   +0.03   +0.02  -23.80  -23.81  -22.46  -45.85  -23.82  -46.27  -46.33  -46.03
       med   |   19.643 |   19.642 |   19.647 |   19.646 |   14.967 |   14.968 |   15.243 |   10.639 |   14.967 |   10.556 |   10.542 |   10.593
32     2     |   19.646 |   19.645 |   19.655 |   19.655 |   14.951 |   14.952 |   15.220 |   11.335 |   14.950 |   11.311 |   11.372 |   11.284 ||   -0.01   +0.04   +0.05  -23.90  -23.90  -22.53  -42.30  -23.90  -42.43  -42.12  -42.57
       med   |   19.662 |   19.664 |   19.673 |   19.674 |   14.967 |   14.967 |   15.241 |   11.348 |   14.966 |   11.320 |   11.381 |   11.290
48     3     |   20.357 |   20.359 |   20.362 |   20.364 |   14.945 |   14.949 |   15.220 |   11.502 |   14.950 |   11.217 |   11.230 |   12.276 ||   +0.01   +0.02   +0.03  -26.59  -26.57  -25.24  -43.50  -26.56  -44.90  -44.84  -39.70
       med   |   20.378 |   20.379 |   20.383 |   20.383 |   14.966 |   14.967 |   15.240 |   11.524 |   14.966 |   11.238 |   11.238 |   12.287
64     4     |   20.952 |   20.948 |   20.954 |   20.958 |   14.949 |   14.948 |   15.218 |   12.153 |   14.950 |   12.150 |   12.151 |   14.767 ||   -0.02   +0.01   +0.03  -28.65  -28.66  -27.37  -42.00  -28.65  -42.01  -42.00  -29.52
       med   |   20.975 |   20.974 |   20.982 |   20.982 |   14.965 |   14.966 |   15.238 |   12.162 |   14.967 |   12.161 |   12.162 |   14.784
80     5     |   21.606 |   21.604 |   21.611 |   21.596 |   21.610 |   21.612 |   21.613 |   21.591 |   21.602 |   21.602 |   21.611 |   21.610 ||   -0.01   +0.02   -0.04   +0.02   +0.03   +0.04   -0.07   -0.02   -0.02   +0.02   +0.02
       med   |   21.628 |   21.627 |   21.634 |   21.622 |   21.636 |   21.636 |   21.636 |   21.623 |   21.630 |   21.630 |   21.636 |   21.632
96     6     |   22.379 |   22.380 |   22.385 |   22.343 |   22.395 |   22.396 |   22.394 |   22.332 |   22.368 |   22.362 |   22.395 |   22.370 ||   +0.00   +0.03   -0.16   +0.07   +0.07   +0.07   -0.21   -0.05   -0.08   +0.07   -0.04
       med   |   22.407 |   22.408 |   22.429 |   22.370 |   22.430 |   22.429 |   22.429 |   22.370 |   22.402 |   22.403 |   22.429 |   22.401
112    7     |   22.829 |   22.836 |   22.857 |   22.755 |   22.862 |   22.860 |   22.860 |   22.752 |   22.843 |   22.841 |   22.858 |   22.852 ||   +0.03   +0.12   -0.32   +0.14   +0.14   +0.14   -0.34   +0.06   +0.05   +0.13   +0.10
       med   |   22.873 |   22.880 |   22.901 |   22.781 |   22.899 |   22.901 |   22.900 |   22.781 |   22.883 |   22.872 |   22.898 |   22.887
128    8     |   21.456 |   21.455 |   21.456 |   21.453 |   21.460 |   21.460 |   21.461 |   21.456 |   19.613 |   19.608 |   21.459 |   24.301 ||   -0.01   -0.00   -0.02   +0.02   +0.01   +0.02   -0.00   -8.59   -8.62   +0.01  +13.26
       med   |   21.481 |   21.480 |   21.484 |   21.484 |   21.482 |   21.484 |   21.483 |   21.484 |   19.628 |   19.622 |   21.484 |   24.336
256    16    |   38.175 |   38.171 |   38.180 |   38.180 |   38.174 |   38.178 |   38.178 |   38.178 |   38.173 |   38.174 |   38.165 |   38.183 ||   -0.01   +0.01   +0.01   -0.00   +0.01   +0.01   +0.01   -0.00   -0.00   -0.02   +0.02
       med   |   38.207 |   38.210 |   38.212 |   38.210 |   38.210 |   38.210 |   38.211 |   38.213 |   38.218 |   38.216 |   38.211 |   38.217
512    32    |   71.095 |   71.098 |   71.120 |   71.123 |   71.119 |   71.126 |   71.112 |   71.125 |   71.140 |   71.149 |   71.122 |   71.144 ||   +0.00   +0.03   +0.04   +0.03   +0.04   +0.02   +0.04   +0.06   +0.08   +0.04   +0.07
       med   |   71.149 |   71.150 |   71.168 |   71.167 |   71.164 |   71.166 |   71.166 |   71.168 |   71.191 |   71.190 |   71.164 |   71.194
1024   64    |  138.498 |  138.500 |  138.528 |  138.499 |  138.534 |  138.526 |  138.525 |  138.500 |  138.543 |  138.518 |  138.534 |  138.518 ||   +0.00   +0.02   +0.00   +0.03   +0.02   +0.02   +0.00   +0.03   +0.01   +0.03   +0.01
       med   |  138.555 |  138.558 |  138.563 |  138.565 |  138.563 |  138.560 |  138.566 |  138.561 |  138.627 |  138.608 |  138.568 |  138.656
4096   256   |  546.861 |  546.880 |  546.907 |  546.826 |  546.883 |  546.894 |  546.880 |  546.862 |  546.881 |  546.876 |  546.885 |  546.891 ||   +0.00   +0.01   -0.01   +0.00   +0.01   +0.00   +0.00   +0.00   +0.00   +0.00   +0.01
       med   |  547.071 |  547.135 |  547.186 |  547.120 |  547.087 |  547.065 |  547.110 |  547.160 |  547.253 |  547.149 |  547.074 |  547.181
=== process order1.2
SELFCHECK OK (256 whole-block lengths 1..256 blk x 12 variants; out/Xi/ivec/ret byte-identical, nothing written past 16*nblk)
bytes  blks  |     base |   baseAA |     dsp0 |   dsp0AA |       g4 |     g4AA |      g4h |       a4 |     g4p8 |     t4p8 |       t4 |    m4s4h ||  baseAA%    dsp0%  dsp0AA%      g4%    g4AA%     g4h%      a4%    g4p8%    t4p8%      t4%   m4s4h%
16     1     |   19.618 |   19.622 |   19.626 |   19.621 |   14.949 |   14.950 |   15.223 |   10.626 |   14.950 |   10.542 |   10.531 |   10.590 ||   +0.02   +0.04   +0.02  -23.80  -23.79  -22.40  -45.83  -23.79  -46.26  -46.32  -46.02
       med   |   19.644 |   19.642 |   19.645 |   19.644 |   14.967 |   14.966 |   15.242 |   10.639 |   14.966 |   10.555 |   10.542 |   10.593
32     2     |   19.641 |   19.645 |   19.655 |   19.654 |   14.950 |   14.947 |   15.217 |   11.331 |   14.950 |   11.312 |   11.373 |   11.285 ||   +0.02   +0.07   +0.07  -23.88  -23.90  -22.53  -42.31  -23.88  -42.40  -42.10  -42.54
       med   |   19.662 |   19.664 |   19.673 |   19.672 |   14.967 |   14.966 |   15.240 |   11.348 |   14.967 |   11.322 |   11.380 |   11.290
48     3     |   20.361 |   20.358 |   20.365 |   20.363 |   14.950 |   14.944 |   15.218 |   11.503 |   14.949 |   11.216 |   11.230 |   12.275 ||   -0.01   +0.02   +0.01  -26.57  -26.60  -25.26  -43.51  -26.58  -44.91  -44.85  -39.71
       med   |   20.378 |   20.380 |   20.385 |   20.383 |   14.966 |   14.965 |   15.240 |   11.523 |   14.967 |   11.236 |   11.237 |   12.289
64     4     |   20.951 |   20.945 |   20.959 |   20.960 |   14.949 |   14.949 |   15.221 |   12.150 |   14.947 |   12.151 |   12.150 |   14.765 ||   -0.03   +0.04   +0.04  -28.65  -28.65  -27.35  -42.01  -28.66  -42.01  -42.01  -29.53
       med   |   20.975 |   20.974 |   20.982 |   20.981 |   14.966 |   14.967 |   15.239 |   12.162 |   14.967 |   12.162 |   12.162 |   14.785
80     5     |   21.600 |   21.601 |   21.613 |   21.591 |   21.610 |   21.611 |   21.610 |   21.585 |   21.606 |   21.606 |   21.607 |   21.599 ||   +0.00   +0.06   -0.04   +0.04   +0.05   +0.05   -0.07   +0.03   +0.03   +0.03   -0.00
       med   |   21.626 |   21.627 |   21.635 |   21.625 |   21.635 |   21.633 |   21.634 |   21.621 |   21.628 |   21.631 |   21.635 |   21.630
96     6     |   22.366 |   22.380 |   22.395 |   22.341 |   22.397 |   22.390 |   22.392 |   22.344 |   22.362 |   22.367 |   22.392 |   22.367 ||   +0.06   +0.13   -0.11   +0.13   +0.11   +0.11   -0.10   -0.02   +0.00   +0.12   +0.00
       med   |   22.406 |   22.409 |   22.430 |   22.370 |   22.430 |   22.429 |   22.429 |   22.371 |   22.401 |   22.405 |   22.430 |   22.401
112    7     |   22.835 |   22.844 |   22.850 |   22.755 |   22.855 |   22.865 |   22.860 |   22.757 |   22.852 |   22.839 |   22.861 |   22.848 ||   +0.04   +0.07   -0.35   +0.09   +0.13   +0.11   -0.34   +0.07   +0.02   +0.11   +0.05
       med   |   22.873 |   22.881 |   22.899 |   22.782 |   22.900 |   22.898 |   22.898 |   22.782 |   22.889 |   22.871 |   22.900 |   22.889
128    8     |   21.454 |   21.447 |   21.462 |   21.456 |   21.463 |   21.458 |   21.461 |   21.466 |   19.613 |   19.607 |   21.460 |   24.299 ||   -0.03   +0.04   +0.01   +0.04   +0.02   +0.04   +0.06   -8.58   -8.61   +0.03  +13.26
       med   |   21.480 |   21.479 |   21.485 |   21.486 |   21.486 |   21.486 |   21.488 |   21.486 |   19.629 |   19.623 |   21.485 |   24.336
256    16    |   38.171 |   38.169 |   38.180 |   38.167 |   38.175 |   38.180 |   38.174 |   38.172 |   38.180 |   38.181 |   38.176 |   38.177 ||   -0.01   +0.02   -0.01   +0.01   +0.02   +0.01   +0.00   +0.02   +0.03   +0.01   +0.01
       med   |   38.207 |   38.210 |   38.212 |   38.211 |   38.210 |   38.211 |   38.208 |   38.212 |   38.218 |   38.218 |   38.212 |   38.220
512    32    |   71.101 |   71.099 |   71.127 |   71.125 |   71.112 |   71.123 |   71.130 |   71.122 |   71.148 |   71.147 |   71.118 |   71.136 ||   -0.00   +0.04   +0.03   +0.02   +0.03   +0.04   +0.03   +0.07   +0.06   +0.02   +0.05
       med   |   71.148 |   71.154 |   71.164 |   71.168 |   71.168 |   71.164 |   71.166 |   71.168 |   71.193 |   71.188 |   71.163 |   71.198
1024   64    |  138.498 |  138.499 |  138.516 |  138.501 |  138.520 |  138.517 |  138.527 |  138.507 |  138.553 |  138.511 |  138.519 |  138.555 ||   +0.00   +0.01   +0.00   +0.02   +0.01   +0.02   +0.01   +0.04   +0.01   +0.02   +0.04
       med   |  138.554 |  138.559 |  138.560 |  138.565 |  138.566 |  138.562 |  138.562 |  138.567 |  138.803 |  138.609 |  138.563 |  138.818
4096   256   |  546.861 |  546.879 |  546.884 |  546.835 |  546.872 |  546.870 |  546.882 |  546.857 |  546.859 |  546.836 |  546.872 |  546.893 ||   +0.00   +0.00   -0.00   +0.00   +0.00   +0.00   -0.00   -0.00   -0.00   +0.00   +0.01
       med   |  547.048 |  547.034 |  547.062 |  547.063 |  547.168 |  547.113 |  547.067 |  547.072 |  547.183 |  547.088 |  547.178 |  547.225
=== process order1.3
SELFCHECK OK (256 whole-block lengths 1..256 blk x 12 variants; out/Xi/ivec/ret byte-identical, nothing written past 16*nblk)
bytes  blks  |     base |   baseAA |     dsp0 |   dsp0AA |       g4 |     g4AA |      g4h |       a4 |     g4p8 |     t4p8 |       t4 |    m4s4h ||  baseAA%    dsp0%  dsp0AA%      g4%    g4AA%     g4h%      a4%    g4p8%    t4p8%      t4%   m4s4h%
16     1     |   19.619 |   19.622 |   19.624 |   19.625 |   14.940 |   14.952 |   15.218 |   10.623 |   14.948 |   10.543 |   10.533 |   10.589 ||   +0.02   +0.03   +0.03  -23.85  -23.79  -22.43  -45.85  -23.81  -46.26  -46.31  -46.02
       med   |   19.643 |   19.645 |   19.645 |   19.645 |   14.966 |   14.965 |   15.239 |   10.638 |   14.967 |   10.556 |   10.542 |   10.593
32     2     |   19.644 |   19.644 |   19.654 |   19.653 |   14.948 |   14.945 |   15.219 |   11.337 |   14.951 |   11.310 |   11.373 |   11.284 ||   +0.00   +0.05   +0.05  -23.90  -23.92  -22.52  -42.29  -23.89  -42.42  -42.10  -42.56
       med   |   19.662 |   19.664 |   19.672 |   19.672 |   14.966 |   14.966 |   15.240 |   11.348 |   14.966 |   11.320 |   11.381 |   11.290
48     3     |   20.360 |   20.359 |   20.362 |   20.360 |   14.950 |   14.949 |   15.219 |   11.505 |   14.951 |   11.214 |   11.231 |   12.276 ||   -0.00   +0.01   -0.00  -26.57  -26.58  -25.25  -43.50  -26.57  -44.92  -44.84  -39.70
       med   |   20.378 |   20.379 |   20.383 |   20.384 |   14.966 |   14.967 |   15.239 |   11.525 |   14.966 |   11.237 |   11.238 |   12.288
64     4     |   20.955 |   20.953 |   20.961 |   20.963 |   14.948 |   14.945 |   15.217 |   12.152 |   14.944 |   12.153 |   12.153 |   14.765 ||   -0.01   +0.03   +0.04  -28.67  -28.68  -27.38  -42.01  -28.68  -42.01  -42.00  -29.54
       med   |   20.976 |   20.973 |   20.983 |   20.980 |   14.966 |   14.966 |   15.240 |   12.162 |   14.967 |   12.161 |   12.162 |   14.785
80     5     |   21.600 |   21.595 |   21.608 |   21.590 |   21.613 |   21.609 |   21.611 |   21.596 |   21.603 |   21.600 |   21.613 |   21.606 ||   -0.02   +0.04   -0.04   +0.06   +0.04   +0.05   -0.02   +0.02   +0.00   +0.06   +0.03
       med   |   21.627 |   21.628 |   21.636 |   21.621 |   21.634 |   21.636 |   21.635 |   21.621 |   21.630 |   21.631 |   21.634 |   21.630
96     6     |   22.367 |   22.373 |   22.397 |   22.337 |   22.397 |   22.401 |   22.400 |   22.338 |   22.363 |   22.367 |   22.393 |   22.366 ||   +0.03   +0.13   -0.13   +0.13   +0.15   +0.15   -0.13   -0.02   +0.00   +0.12   -0.00
       med   |   22.407 |   22.407 |   22.430 |   22.371 |   22.429 |   22.429 |   22.428 |   22.370 |   22.401 |   22.403 |   22.428 |   22.401
112    7     |   22.838 |   22.842 |   22.855 |   22.746 |   22.858 |   22.863 |   22.861 |   22.753 |   22.852 |   22.836 |   22.857 |   22.846 ||   +0.02   +0.07   -0.40   +0.09   +0.11   +0.10   -0.37   +0.06   -0.01   +0.08   +0.04
       med   |   22.874 |   22.882 |   22.901 |   22.783 |   22.898 |   22.900 |   22.898 |   22.780 |   22.891 |   22.872 |   22.898 |   22.890
128    8     |   21.456 |   21.453 |   21.462 |   21.464 |   21.462 |   21.458 |   21.459 |   21.459 |   19.614 |   19.611 |   21.459 |   24.301 ||   -0.01   +0.03   +0.03   +0.02   +0.01   +0.01   +0.01   -8.59   -8.60   +0.01  +13.26
       med   |   21.481 |   21.479 |   21.486 |   21.486 |   21.485 |   21.487 |   21.486 |   21.486 |   19.628 |   19.623 |   21.486 |   24.336
256    16    |   38.171 |   38.168 |   38.174 |   38.168 |   38.178 |   38.171 |   38.085 |   38.176 |   38.179 |   38.181 |   38.160 |   38.181 ||   -0.01   +0.01   -0.01   +0.02   +0.00   -0.22   +0.01   +0.02   +0.03   -0.03   +0.03
       med   |   38.207 |   38.212 |   38.210 |   38.213 |   38.212 |   38.209 |   38.210 |   38.211 |   38.220 |   38.215 |   38.212 |   38.219
512    32    |   70.951 |   71.058 |   71.114 |   71.123 |   71.122 |   71.123 |   71.119 |   71.112 |   71.138 |   71.139 |   71.115 |   71.129 ||   +0.15   +0.23   +0.24   +0.24   +0.24   +0.24   +0.23   +0.26   +0.27   +0.23   +0.25
       med   |   71.145 |   71.147 |   71.162 |   71.166 |   71.161 |   71.165 |   71.164 |   71.161 |   71.190 |   71.188 |   71.162 |   71.189
1024   64    |  138.497 |  138.500 |  138.507 |  138.505 |  138.516 |  138.511 |  138.502 |  138.493 |  138.507 |  138.514 |  138.523 |  138.523 ||   +0.00   +0.01   +0.01   +0.01   +0.01   +0.00   -0.00   +0.01   +0.01   +0.02   +0.02
       med   |  138.537 |  138.550 |  138.576 |  138.577 |  138.575 |  138.575 |  138.571 |  138.570 |  138.803 |  138.606 |  138.571 |  138.662
4096   256   |  546.871 |  546.879 |  546.892 |  546.860 |  546.867 |  546.879 |  546.890 |  546.870 |  546.877 |  546.899 |  546.893 |  546.910 ||   +0.00   +0.00   -0.00   -0.00   +0.00   +0.00   -0.00   +0.00   +0.01   +0.00   +0.01
       med   |  547.045 |  547.097 |  547.129 |  547.059 |  547.039 |  547.062 |  547.109 |  547.140 |  547.256 |  547.130 |  547.055 |  547.189
=== process order1.4
SELFCHECK OK (256 whole-block lengths 1..256 blk x 12 variants; out/Xi/ivec/ret byte-identical, nothing written past 16*nblk)
bytes  blks  |     base |   baseAA |     dsp0 |   dsp0AA |       g4 |     g4AA |      g4h |       a4 |     g4p8 |     t4p8 |       t4 |    m4s4h ||  baseAA%    dsp0%  dsp0AA%      g4%    g4AA%     g4h%      a4%    g4p8%    t4p8%      t4%   m4s4h%
16     1     |   19.621 |   19.623 |   19.628 |   19.626 |   14.946 |   14.948 |   15.222 |   10.627 |   14.946 |   10.542 |   10.534 |   10.589 ||   +0.01   +0.04   +0.03  -23.82  -23.81  -22.42  -45.84  -23.82  -46.27  -46.31  -46.03
       med   |   19.643 |   19.644 |   19.645 |   19.646 |   14.967 |   14.967 |   15.240 |   10.639 |   14.967 |   10.556 |   10.542 |   10.594
32     2     |   19.641 |   19.643 |   19.656 |   19.653 |   14.946 |   14.949 |   15.222 |   11.337 |   14.951 |   11.311 |   11.374 |   11.284 ||   +0.01   +0.07   +0.06  -23.91  -23.89  -22.50  -42.28  -23.88  -42.41  -42.09  -42.55
       med   |   19.663 |   19.662 |   19.672 |   19.672 |   14.966 |   14.966 |   15.241 |   11.347 |   14.965 |   11.321 |   11.380 |   11.290
48     3     |   20.359 |   20.355 |   20.361 |   20.363 |   14.949 |   14.947 |   15.219 |   11.503 |   14.949 |   11.220 |   11.229 |   12.273 ||   -0.02   +0.01   +0.02  -26.57  -26.59  -25.25  -43.50  -26.57  -44.89  -44.84  -39.72
       med   |   20.378 |   20.379 |   20.384 |   20.384 |   14.967 |   14.966 |   15.241 |   11.522 |   14.967 |   11.237 |   11.237 |   12.288
64     4     |   20.949 |   20.944 |   20.954 |   20.961 |   14.951 |   14.947 |   15.216 |   12.149 |   14.944 |   12.150 |   12.152 |   14.766 ||   -0.02   +0.02   +0.05  -28.63  -28.65  -27.37  -42.01  -28.67  -42.01  -41.99  -29.52
       med   |   20.976 |   20.974 |   20.981 |   20.981 |   14.966 |   14.967 |   15.238 |   12.162 |   14.966 |   12.162 |   12.162 |   14.786
80     5     |   21.604 |   21.601 |   21.610 |   21.596 |   21.608 |   21.604 |   21.612 |   21.598 |   21.609 |   21.608 |   21.611 |   21.609 ||   -0.01   +0.03   -0.04   +0.02   +0.00   +0.04   -0.03   +0.02   +0.02   +0.03   +0.03
       med   |   21.629 |   21.629 |   21.634 |   21.620 |   21.636 |   21.634 |   21.636 |   21.620 |   21.631 |   21.633 |   21.635 |   21.629
96     6     |   22.377 |   22.378 |   22.391 |   22.340 |   22.399 |   22.397 |   22.393 |   22.333 |   22.364 |   22.360 |   22.396 |   22.367 ||   +0.00   +0.06   -0.17   +0.09   +0.09   +0.07   -0.20   -0.06   -0.08   +0.08   -0.05
       med   |   22.407 |   22.407 |   22.431 |   22.369 |   22.430 |   22.429 |   22.429 |   22.371 |   22.402 |   22.401 |   22.428 |   22.401
112    7     |   22.830 |   22.841 |   22.862 |   22.757 |   22.863 |   22.854 |   22.867 |   22.753 |   22.854 |   22.842 |   22.859 |   22.844 ||   +0.05   +0.14   -0.32   +0.15   +0.11   +0.17   -0.33   +0.11   +0.06   +0.13   +0.06
       med   |   22.874 |   22.881 |   22.899 |   22.784 |   22.900 |   22.899 |   22.898 |   22.783 |   22.891 |   22.871 |   22.899 |   22.888
128    8     |   21.453 |   21.452 |   21.462 |   21.461 |   21.451 |   21.463 |   21.460 |   21.460 |   19.614 |   19.608 |   21.453 |   24.305 ||   -0.00   +0.04   +0.04   -0.01   +0.05   +0.03   +0.03   -8.57   -8.60   -0.00  +13.29
       med   |   21.482 |   21.479 |   21.486 |   21.487 |   21.486 |   21.485 |   21.486 |   21.486 |   19.628 |   19.623 |   21.486 |   24.337
256    16    |   38.169 |   38.168 |   38.179 |   38.170 |   38.171 |   38.169 |   38.177 |   38.174 |   38.177 |   38.180 |   38.169 |   38.181 ||   -0.00   +0.03   +0.00   +0.00   +0.00   +0.02   +0.01   +0.02   +0.03   +0.00   +0.03
       med   |   38.207 |   38.209 |   38.211 |   38.211 |   38.209 |   38.212 |   38.211 |   38.211 |   38.221 |   38.217 |   38.210 |   38.219
512    32    |   71.107 |   71.111 |   71.121 |   71.121 |   71.121 |   71.115 |   71.118 |   71.118 |   71.028 |   71.136 |   71.117 |   71.146 ||   +0.01   +0.02   +0.02   +0.02   +0.01   +0.02   +0.02   -0.11   +0.04   +0.01   +0.06
       med   |   71.147 |   71.151 |   71.167 |   71.168 |   71.166 |   71.164 |   71.164 |   71.169 |   71.198 |   71.193 |   71.165 |   71.200
1024   64    |  138.496 |  138.500 |  138.530 |  138.505 |  138.518 |  138.518 |  138.517 |  138.514 |  138.508 |  138.505 |  138.522 |  138.506 ||   +0.00   +0.02   +0.01   +0.02   +0.02   +0.01   +0.01   +0.01   +0.01   +0.02   +0.01
       med   |  138.542 |  138.550 |  138.571 |  138.577 |  138.565 |  138.569 |  138.571 |  138.575 |  138.665 |  138.607 |  138.571 |  138.800
4096   256   |  546.852 |  546.861 |  546.896 |  546.894 |  546.875 |  546.902 |  546.874 |  546.880 |  546.862 |  546.866 |  546.872 |  546.889 ||   +0.00   +0.01   +0.01   +0.00   +0.01   +0.00   +0.01   +0.00   +0.00   +0.00   +0.01
       med   |  547.020 |  547.020 |  547.058 |  547.090 |  547.101 |  547.077 |  547.050 |  547.065 |  547.180 |  547.106 |  547.065 |  547.162
=== process order1.5
SELFCHECK OK (256 whole-block lengths 1..256 blk x 12 variants; out/Xi/ivec/ret byte-identical, nothing written past 16*nblk)
bytes  blks  |     base |   baseAA |     dsp0 |   dsp0AA |       g4 |     g4AA |      g4h |       a4 |     g4p8 |     t4p8 |       t4 |    m4s4h ||  baseAA%    dsp0%  dsp0AA%      g4%    g4AA%     g4h%      a4%    g4p8%    t4p8%      t4%   m4s4h%
16     1     |   19.619 |   19.624 |   19.624 |   19.622 |   14.948 |   14.950 |   15.218 |   10.626 |   14.949 |   10.543 |   10.531 |   10.590 ||   +0.02   +0.02   +0.01  -23.81  -23.80  -22.43  -45.84  -23.81  -46.26  -46.32  -46.02
       med   |   19.643 |   19.644 |   19.645 |   19.645 |   14.966 |   14.966 |   15.239 |   10.640 |   14.967 |   10.556 |   10.542 |   10.593
32     2     |   19.646 |   19.643 |   19.655 |   19.654 |   14.945 |   14.947 |   15.215 |   11.338 |   14.951 |   11.310 |   11.373 |   11.282 ||   -0.01   +0.05   +0.04  -23.93  -23.92  -22.55  -42.29  -23.90  -42.43  -42.11  -42.57
       med   |   19.661 |   19.664 |   19.673 |   19.672 |   14.967 |   14.966 |   15.238 |   11.348 |   14.966 |   11.320 |   11.381 |   11.290
48     3     |   20.357 |   20.357 |   20.363 |   20.365 |   14.950 |   14.945 |   15.216 |   11.503 |   14.952 |   11.217 |   11.230 |   12.274 ||   -0.00   +0.03   +0.04  -26.56  -26.59  -25.26  -43.49  -26.55  -44.90  -44.83  -39.71
       med   |   20.378 |   20.380 |   20.383 |   20.385 |   14.968 |   14.967 |   15.241 |   11.524 |   14.967 |   11.237 |   11.238 |   12.289
64     4     |   20.949 |   20.949 |   20.951 |   20.960 |   14.945 |   14.949 |   15.218 |   12.151 |   14.945 |   12.151 |   12.151 |   14.763 ||   -0.00   +0.01   +0.05  -28.66  -28.64  -27.36  -42.00  -28.66  -42.00  -42.00  -29.53
       med   |   20.975 |   20.974 |   20.982 |   20.982 |   14.966 |   14.965 |   15.239 |   12.162 |   14.967 |   12.162 |   12.162 |   14.786
80     5     |   21.602 |   21.607 |   21.609 |   21.592 |   21.609 |   21.607 |   21.611 |   21.592 |   21.604 |   21.602 |   21.604 |   21.607 ||   +0.02   +0.03   -0.05   +0.03   +0.02   +0.04   -0.05   +0.01   -0.00   +0.01   +0.03
       med   |   21.627 |   21.627 |   21.635 |   21.623 |   21.635 |   21.635 |   21.634 |   21.621 |   21.630 |   21.631 |   21.635 |   21.630
96     6     |   22.374 |   22.374 |   22.399 |   22.336 |   22.396 |   22.395 |   22.392 |   22.340 |   22.362 |   22.363 |   22.399 |   22.360 ||   +0.00   +0.11   -0.17   +0.10   +0.10   +0.08   -0.15   -0.05   -0.05   +0.11   -0.06
       med   |   22.406 |   22.409 |   22.428 |   22.369 |   22.428 |   22.428 |   22.428 |   22.370 |   22.401 |   22.405 |   22.428 |   22.404
112    7     |   22.835 |   22.847 |   22.861 |   22.750 |   22.854 |   22.858 |   22.866 |   22.752 |   22.840 |   22.839 |   22.862 |   22.851 ||   +0.05   +0.11   -0.37   +0.09   +0.10   +0.14   -0.36   +0.02   +0.02   +0.12   +0.07
       med   |   22.873 |   22.881 |   22.900 |   22.784 |   22.902 |   22.901 |   22.900 |   22.782 |   22.887 |   22.871 |   22.897 |   22.889
128    8     |   21.448 |   21.456 |   21.460 |   21.456 |   21.459 |   21.459 |   21.461 |   21.461 |   19.613 |   19.610 |   21.462 |   24.293 ||   +0.04   +0.06   +0.03   +0.05   +0.05   +0.06   +0.06   -8.56   -8.57   +0.06  +13.26
       med   |   21.481 |   21.480 |   21.487 |   21.486 |   21.487 |   21.487 |   21.486 |   21.485 |   19.628 |   19.624 |   21.486 |   24.337
256    16    |   38.170 |   38.177 |   38.172 |   38.173 |   38.170 |   38.173 |   38.178 |   38.176 |   38.171 |   38.174 |   38.169 |   38.183 ||   +0.02   +0.00   +0.01   -0.00   +0.01   +0.02   +0.02   +0.00   +0.01   -0.00   +0.03
       med   |   38.209 |   38.211 |   38.210 |   38.210 |   38.211 |   38.211 |   38.210 |   38.212 |   38.220 |   38.217 |   38.210 |   38.219
512    32    |   70.997 |   71.095 |   71.121 |   71.071 |   71.113 |   71.118 |   71.121 |   71.114 |   71.140 |   70.963 |   71.126 |   71.138 ||   +0.14   +0.18   +0.11   +0.16   +0.17   +0.17   +0.17   +0.20   -0.05   +0.18   +0.20
       med   |   71.145 |   71.149 |   71.162 |   71.161 |   71.162 |   71.163 |   71.166 |   71.162 |   71.190 |   71.187 |   71.166 |   71.197
1024   64    |  138.499 |  138.500 |  138.534 |  138.515 |  138.541 |  138.520 |  138.529 |  138.507 |  138.506 |  138.512 |  138.542 |  138.514 ||   +0.00   +0.03   +0.01   +0.03   +0.02   +0.02   +0.01   +0.01   +0.01   +0.03   +0.01
       med   |  138.544 |  138.552 |  138.571 |  138.573 |  138.582 |  138.577 |  138.578 |  138.576 |  138.800 |  138.604 |  138.573 |  138.804
4096   256   |  546.870 |  546.861 |  546.870 |  546.854 |  546.884 |  546.912 |  546.903 |  546.877 |  546.884 |  546.880 |  546.893 |  546.889 ||   -0.00   +0.00   -0.00   +0.00   +0.01   +0.01   +0.00   +0.00   +0.00   +0.00   +0.00
       med   |  547.016 |  547.027 |  547.098 |  547.045 |  547.046 |  547.025 |  547.078 |  547.068 |  547.183 |  547.096 |  547.044 |  547.184
=== process order2.1
SELFCHECK OK (256 whole-block lengths 1..256 blk x 12 variants; out/Xi/ivec/ret byte-identical, nothing written past 16*nblk)
bytes  blks  |     base |    m4s4h |       t4 |     t4p8 |     g4p8 |       a4 |      g4h |     g4AA |       g4 |   dsp0AA |     dsp0 |   baseAA ||   m4s4h%      t4%    t4p8%    g4p8%      a4%     g4h%    g4AA%      g4%  dsp0AA%    dsp0%  baseAA%
16     1     |   19.620 |   10.589 |   10.561 |   10.540 |   14.938 |   10.625 |   15.216 |   14.949 |   14.949 |   19.623 |   19.627 |   19.619 ||  -46.03  -46.17  -46.28  -23.86  -45.85  -22.45  -23.81  -23.81   +0.02   +0.03   -0.01
       med   |   19.644 |   10.593 |   10.598 |   10.556 |   14.955 |   10.641 |   15.239 |   14.967 |   14.967 |   19.644 |   19.647 |   19.643
32     2     |   19.643 |   11.283 |   11.308 |   11.309 |   14.930 |   11.334 |   15.218 |   14.950 |   14.948 |   19.656 |   19.658 |   19.647 ||  -42.56  -42.43  -42.43  -23.99  -42.30  -22.53  -23.89  -23.90   +0.06   +0.08   +0.02
       med   |   19.661 |   11.290 |   11.317 |   11.322 |   14.955 |   11.348 |   15.239 |   14.967 |   14.967 |   19.673 |   19.673 |   19.663
48     3     |   20.360 |   12.277 |   11.260 |   11.217 |   14.934 |   11.503 |   15.217 |   14.949 |   14.940 |   20.364 |   20.360 |   20.360 ||  -39.70  -44.69  -44.91  -26.65  -43.50  -25.26  -26.58  -26.62   +0.02   +0.00   +0.00
       med   |   20.378 |   12.288 |   11.275 |   11.238 |   14.954 |   11.532 |   15.239 |   14.967 |   14.968 |   20.385 |   20.384 |   20.378
64     4     |   20.953 |   14.760 |   12.154 |   12.152 |   14.934 |   12.155 |   15.220 |   14.943 |   14.943 |   20.960 |   20.958 |   20.957 ||  -29.55  -42.00  -42.01  -28.73  -41.99  -27.36  -28.68  -28.68   +0.03   +0.02   +0.02
       med   |   20.976 |   14.785 |   12.163 |   12.162 |   14.955 |   12.163 |   15.240 |   14.967 |   14.967 |   20.982 |   20.984 |   20.977
80     5     |   21.605 |   21.609 |   21.589 |   21.603 |   21.604 |   21.595 |   21.597 |   21.612 |   21.613 |   21.607 |   21.599 |   21.598 ||   +0.02   -0.07   -0.01   -0.00   -0.05   -0.04   +0.03   +0.04   +0.01   -0.03   -0.03
       med   |   21.629 |   21.629 |   21.620 |   21.631 |   21.631 |   21.622 |   21.624 |   21.635 |   21.635 |   21.635 |   21.623 |   21.627
96     6     |   22.377 |   22.369 |   22.316 |   22.366 |   22.360 |   22.317 |   22.337 |   22.392 |   22.393 |   22.400 |   22.339 |   22.375 ||   -0.04   -0.27   -0.05   -0.08   -0.27   -0.18   +0.06   +0.07   +0.10   -0.17   -0.01
       med   |   22.407 |   22.402 |   22.369 |   22.405 |   22.404 |   22.366 |   22.371 |   22.428 |   22.429 |   22.429 |   22.370 |   22.407
112    7     |   22.836 |   22.846 |   22.753 |   22.835 |   22.835 |   22.749 |   22.750 |   22.852 |   22.864 |   22.861 |   22.752 |   22.834 ||   +0.04   -0.37   -0.01   -0.01   -0.38   -0.38   +0.07   +0.12   +0.11   -0.37   -0.01
       med   |   22.875 |   22.888 |   22.782 |   22.872 |   22.871 |   22.783 |   22.783 |   22.901 |   22.901 |   22.899 |   22.785 |   22.872
128    8     |   21.455 |   24.303 |   21.465 |   19.610 |   19.609 |   21.459 |   21.463 |   21.461 |   21.461 |   21.462 |   21.462 |   21.453 ||  +13.28   +0.05   -8.60   -8.60   +0.02   +0.04   +0.03   +0.03   +0.03   +0.03   -0.01
       med   |   21.480 |   24.336 |   21.488 |   19.624 |   19.625 |   21.488 |   21.486 |   21.486 |   21.486 |   21.486 |   21.485 |   21.481
256    16    |   38.176 |   38.178 |   38.178 |   38.175 |   38.183 |   38.181 |   38.184 |   38.176 |   38.165 |   38.181 |   38.175 |   38.178 ||   +0.01   +0.00   -0.00   +0.02   +0.01   +0.02   +0.00   -0.03   +0.01   -0.00   +0.00
       med   |   38.210 |   38.219 |   38.217 |   38.218 |   38.219 |   38.216 |   38.216 |   38.213 |   38.212 |   38.214 |   38.215 |   38.211
512    32    |   71.107 |   71.145 |   71.128 |   71.135 |   71.152 |   71.130 |   71.126 |   71.110 |   71.116 |   71.121 |   71.123 |   71.100 ||   +0.05   +0.03   +0.04   +0.06   +0.03   +0.03   +0.01   +0.01   +0.02   +0.02   -0.01
       med   |   71.149 |   71.196 |   71.183 |   71.187 |   71.195 |   71.179 |   71.172 |   71.166 |   71.167 |   71.165 |   71.167 |   71.147
1024   64    |  138.494 |  138.539 |  138.498 |  138.541 |  138.530 |  138.502 |  138.504 |  138.505 |  138.507 |  138.536 |  138.501 |  138.511 ||   +0.03   +0.00   +0.03   +0.03   +0.01   +0.01   +0.01   +0.01   +0.03   +0.01   +0.01
       med   |  138.543 |  138.634 |  138.613 |  138.604 |  138.603 |  138.585 |  138.564 |  138.561 |  138.562 |  138.568 |  138.565 |  138.558
4096   256   |  546.867 |  546.883 |  546.888 |  546.875 |  546.865 |  546.867 |  546.844 |  546.878 |  546.888 |  546.888 |  546.866 |  546.865 ||   +0.00   +0.00   +0.00   -0.00   +0.00   -0.00   +0.00   +0.00   +0.00   -0.00   -0.00
       med   |  547.074 |  547.429 |  547.099 |  547.099 |  547.067 |  547.054 |  547.082 |  547.121 |  547.055 |  547.029 |  547.016 |  546.998
=== process order2.2
SELFCHECK OK (256 whole-block lengths 1..256 blk x 12 variants; out/Xi/ivec/ret byte-identical, nothing written past 16*nblk)
bytes  blks  |     base |    m4s4h |       t4 |     t4p8 |     g4p8 |       a4 |      g4h |     g4AA |       g4 |   dsp0AA |     dsp0 |   baseAA ||   m4s4h%      t4%    t4p8%    g4p8%      a4%     g4h%    g4AA%      g4%  dsp0AA%    dsp0%  baseAA%
16     1     |   19.622 |   10.590 |   10.563 |   10.544 |   14.938 |   10.624 |   15.218 |   14.950 |   14.950 |   19.624 |   19.625 |   19.620 ||  -46.03  -46.17  -46.26  -23.88  -45.86  -22.45  -23.81  -23.81   +0.01   +0.01   -0.01
       med   |   19.645 |   10.593 |   10.603 |   10.556 |   14.956 |   10.638 |   15.240 |   14.966 |   14.966 |   19.647 |   19.646 |   19.643
32     2     |   19.641 |   11.284 |   11.310 |   11.313 |   14.936 |   11.336 |   15.217 |   14.947 |   14.950 |   19.654 |   19.656 |   19.647 ||  -42.55  -42.41  -42.40  -23.95  -42.28  -22.52  -23.90  -23.88   +0.07   +0.08   +0.03
       med   |   19.663 |   11.290 |   11.318 |   11.324 |   14.955 |   11.348 |   15.240 |   14.968 |   14.967 |   19.674 |   19.673 |   19.663
48     3     |   20.359 |   12.276 |   11.260 |   11.217 |   14.933 |   11.504 |   15.216 |   14.947 |   14.946 |   20.360 |   20.363 |   20.357 ||  -39.70  -44.69  -44.90  -26.65  -43.49  -25.26  -26.58  -26.58   +0.01   +0.02   -0.01
       med   |   20.379 |   12.288 |   11.276 |   11.237 |   14.955 |   11.542 |   15.241 |   14.967 |   14.967 |   20.384 |   20.384 |   20.379
64     4     |   20.947 |   14.768 |   12.151 |   12.152 |   14.930 |   12.153 |   15.214 |   14.946 |   14.951 |   20.959 |   20.953 |   20.955 ||  -29.50  -41.99  -41.98  -28.73  -41.98  -27.37  -28.65  -28.62   +0.06   +0.03   +0.04
       med   |   20.976 |   14.785 |   12.163 |   12.161 |   14.954 |   12.163 |   15.239 |   14.966 |   14.966 |   20.984 |   20.982 |   20.976
80     5     |   21.599 |   21.606 |   21.588 |   21.606 |   21.608 |   21.591 |   21.589 |   21.610 |   21.613 |   21.610 |   21.597 |   21.601 ||   +0.03   -0.05   +0.03   +0.04   -0.04   -0.05   +0.05   +0.06   +0.05   -0.01   +0.01
       med   |   21.628 |   21.630 |   21.618 |   21.631 |   21.631 |   21.622 |   21.628 |   21.635 |   21.635 |   21.634 |   21.622 |   21.628
96     6     |   22.380 |   22.365 |   22.314 |   22.360 |   22.365 |   22.316 |   22.343 |   22.394 |   22.392 |   22.398 |   22.338 |   22.377 ||   -0.07   -0.29   -0.09   -0.07   -0.29   -0.16   +0.06   +0.05   +0.08   -0.19   -0.01
       med   |   22.407 |   22.403 |   22.370 |   22.405 |   22.404 |   22.369 |   22.373 |   22.429 |   22.431 |   22.430 |   22.371 |   22.408
112    7     |   22.838 |   22.849 |   22.758 |   22.823 |   22.838 |   22.756 |   22.759 |   22.855 |   22.864 |   22.861 |   22.750 |   22.838 ||   +0.05   -0.35   -0.06   +0.00   -0.36   -0.35   +0.08   +0.12   +0.10   -0.39   +0.00
       med   |   22.874 |   22.889 |   22.784 |   22.873 |   22.873 |   22.785 |   22.784 |   22.899 |   22.900 |   22.900 |   22.784 |   22.874
128    8     |   21.455 |   24.303 |   21.460 |   19.610 |   19.609 |   21.465 |   21.454 |   21.459 |   21.467 |   21.455 |   21.461 |   21.445 ||  +13.28   +0.03   -8.60   -8.60   +0.05   -0.00   +0.02   +0.06   +0.00   +0.03   -0.05
       med   |   21.481 |   24.336 |   21.489 |   19.623 |   19.624 |   21.488 |   21.487 |   21.487 |   21.487 |   21.488 |   21.486 |   21.482
256    16    |   38.175 |   38.185 |   38.170 |   38.183 |   38.175 |   38.181 |   38.178 |   38.173 |   38.175 |   38.171 |   38.179 |   38.176 ||   +0.03   -0.01   +0.02   -0.00   +0.02   +0.01   -0.01   -0.00   -0.01   +0.01   +0.00
       med   |   38.207 |   38.220 |   38.216 |   38.215 |   38.219 |   38.217 |   38.213 |   38.213 |   38.211 |   38.211 |   38.212 |   38.210
512    32    |   71.109 |   71.124 |   71.118 |   70.809 |   71.141 |   71.121 |   71.110 |   71.114 |   71.111 |   71.121 |   71.109 |   71.034 ||   +0.02   +0.01   -0.42   +0.05   +0.02   +0.00   +0.01   +0.00   +0.02   +0.00   -0.11
       med   |   71.150 |   71.195 |   71.170 |   71.188 |   71.190 |   71.179 |   71.166 |   71.166 |   71.162 |   71.166 |   71.165 |   71.150
1024   64    |  138.502 |  138.512 |  138.507 |  138.518 |  138.542 |  138.499 |  138.497 |  138.525 |  138.523 |  138.524 |  138.498 |  138.499 ||   +0.01   +0.00   +0.01   +0.03   -0.00   -0.00   +0.02   +0.01   +0.02   -0.00   -0.00
       med   |  138.542 |  138.636 |  138.601 |  138.613 |  138.665 |  138.602 |  138.559 |  138.554 |  138.563 |  138.561 |  138.560 |  138.543
4096   256   |  546.870 |  546.896 |  546.852 |  546.889 |  546.891 |  546.876 |  546.872 |  546.880 |  546.866 |  546.865 |  546.859 |  546.858 ||   +0.00   -0.00   +0.00   +0.00   +0.00   +0.00   +0.00   -0.00   -0.00   -0.00   -0.00
       med   |  546.994 |  547.139 |  547.012 |  547.044 |  547.090 |  547.048 |  546.992 |  546.981 |  546.987 |  547.015 |  547.024 |  547.007
=== process order2.3
SELFCHECK OK (256 whole-block lengths 1..256 blk x 12 variants; out/Xi/ivec/ret byte-identical, nothing written past 16*nblk)
bytes  blks  |     base |    m4s4h |       t4 |     t4p8 |     g4p8 |       a4 |      g4h |     g4AA |       g4 |   dsp0AA |     dsp0 |   baseAA ||   m4s4h%      t4%    t4p8%    g4p8%      a4%     g4h%    g4AA%      g4%  dsp0AA%    dsp0%  baseAA%
16     1     |   19.619 |   10.589 |   10.562 |   10.540 |   14.933 |   10.624 |   15.218 |   14.943 |   14.944 |   19.624 |   19.624 |   19.621 ||  -46.02  -46.16  -46.27  -23.88  -45.85  -22.43  -23.83  -23.83   +0.03   +0.03   +0.01
       med   |   19.643 |   10.593 |   10.597 |   10.556 |   14.954 |   10.638 |   15.238 |   14.966 |   14.967 |   19.645 |   19.646 |   19.642
32     2     |   19.644 |   11.283 |   11.310 |   11.313 |   14.937 |   11.337 |   15.221 |   14.943 |   14.943 |   19.654 |   19.653 |   19.644 ||  -42.56  -42.42  -42.41  -23.96  -42.29  -22.52  -23.93  -23.93   +0.05   +0.05   +0.00
       med   |   19.661 |   11.290 |   11.318 |   11.322 |   14.956 |   11.348 |   15.238 |   14.966 |   14.966 |   19.673 |   19.672 |   19.661
48     3     |   20.356 |   12.271 |   11.259 |   11.214 |   14.934 |   11.500 |   15.221 |   14.953 |   14.950 |   20.364 |   20.364 |   20.357 ||  -39.72  -44.69  -44.91  -26.64  -43.51  -25.23  -26.54  -26.56   +0.04   +0.04   +0.01
       med   |   20.379 |   12.289 |   11.276 |   11.237 |   14.955 |   11.541 |   15.240 |   14.967 |   14.966 |   20.384 |   20.384 |   20.377
64     4     |   20.948 |   14.764 |   12.152 |   12.153 |   14.929 |   12.151 |   15.213 |   14.949 |   14.940 |   20.957 |   20.955 |   20.948 ||  -29.52  -41.99  -41.99  -28.73  -42.00  -27.37  -28.64  -28.68   +0.05   +0.03   +0.00
       med   |   20.976 |   14.785 |   12.162 |   12.162 |   14.954 |   12.163 |   15.239 |   14.966 |   14.965 |   20.982 |   20.982 |   20.975
80     5     |   21.602 |   21.606 |   21.594 |   21.605 |   21.606 |   21.589 |   21.594 |   21.610 |   21.609 |   21.604 |   21.599 |   21.603 ||   +0.02   -0.04   +0.01   +0.02   -0.06   -0.04   +0.04   +0.03   +0.01   -0.01   +0.01
       med   |   21.628 |   21.628 |   21.621 |   21.630 |   21.630 |   21.620 |   21.620 |   21.633 |   21.634 |   21.635 |   21.622 |   21.629
96     6     |   22.368 |   22.369 |   22.308 |   22.368 |   22.365 |   22.310 |   22.333 |   22.395 |   22.393 |   22.386 |   22.341 |   22.376 ||   +0.00   -0.27   +0.00   -0.01   -0.26   -0.16   +0.12   +0.11   +0.08   -0.12   +0.04
       med   |   22.407 |   22.402 |   22.365 |   22.403 |   22.404 |   22.365 |   22.369 |   22.428 |   22.427 |   22.428 |   22.371 |   22.407
112    7     |   22.837 |   22.850 |   22.753 |   22.834 |   22.844 |   22.754 |   22.753 |   22.850 |   22.860 |   22.854 |   22.757 |   22.840 ||   +0.06   -0.36   -0.01   +0.03   -0.36   -0.37   +0.06   +0.10   +0.08   -0.35   +0.02
       med   |   22.874 |   22.888 |   22.783 |   22.872 |   22.873 |   22.784 |   22.783 |   22.901 |   22.902 |   22.902 |   22.783 |   22.874
128    8     |   21.458 |   24.307 |   21.461 |   19.607 |   19.611 |   21.457 |   21.455 |   21.460 |   21.456 |   21.464 |   21.455 |   21.451 ||  +13.28   +0.02   -8.63   -8.61   -0.00   -0.01   +0.01   -0.01   +0.03   -0.01   -0.03
       med   |   21.480 |   24.334 |   21.488 |   19.624 |   19.624 |   21.488 |   21.486 |   21.486 |   21.485 |   21.484 |   21.487 |   21.480
256    16    |   38.164 |   38.177 |   38.184 |   38.176 |   38.172 |   38.171 |   38.180 |   38.175 |   38.180 |   38.177 |   38.179 |   38.172 ||   +0.03   +0.05   +0.03   +0.02   +0.02   +0.04   +0.03   +0.04   +0.04   +0.04   +0.02
       med   |   38.209 |   38.218 |   38.217 |   38.218 |   38.219 |   38.216 |   38.212 |   38.212 |   38.212 |   38.213 |   38.211 |   38.208
512    32    |   71.098 |   70.837 |   71.118 |   71.139 |   71.050 |   71.121 |   71.115 |   71.111 |   71.120 |   71.111 |   71.119 |   71.031 ||   -0.37   +0.03   +0.06   -0.07   +0.03   +0.02   +0.02   +0.03   +0.02   +0.03   -0.10
       med   |   71.150 |   71.190 |   71.173 |   71.186 |   71.187 |   71.174 |   71.165 |   71.166 |   71.165 |   71.162 |   71.165 |   71.146
1024   64    |  138.497 |  138.530 |  138.507 |  138.524 |  138.567 |  138.505 |  138.501 |  138.530 |  138.533 |  138.525 |  138.506 |  138.500 ||   +0.02   +0.01   +0.02   +0.05   +0.01   +0.00   +0.02   +0.03   +0.02   +0.01   +0.00
       med   |  138.554 |  138.806 |  138.575 |  138.607 |  138.659 |  138.595 |  138.566 |  138.560 |  138.563 |  138.564 |  138.560 |  138.553
4096   256   |  546.850 |  546.864 |  546.863 |  546.819 |  546.876 |  546.828 |  546.843 |  546.894 |  546.878 |  546.883 |  546.881 |  546.857 ||   +0.00   +0.00   -0.01   +0.00   -0.00   -0.00   +0.01   +0.01   +0.01   +0.01   +0.00
       med   |  546.981 |  547.131 |  547.025 |  547.064 |  547.068 |  547.015 |  547.005 |  547.010 |  547.014 |  547.037 |  547.039 |  546.975
=== process order2.4
SELFCHECK OK (256 whole-block lengths 1..256 blk x 12 variants; out/Xi/ivec/ret byte-identical, nothing written past 16*nblk)
bytes  blks  |     base |    m4s4h |       t4 |     t4p8 |     g4p8 |       a4 |      g4h |     g4AA |       g4 |   dsp0AA |     dsp0 |   baseAA ||   m4s4h%      t4%    t4p8%    g4p8%      a4%     g4h%    g4AA%      g4%  dsp0AA%    dsp0%  baseAA%
16     1     |   19.619 |   10.590 |   10.565 |   10.539 |   14.936 |   10.627 |   15.220 |   14.948 |   14.944 |   19.625 |   19.623 |   19.623 ||  -46.02  -46.15  -46.28  -23.87  -45.83  -22.42  -23.81  -23.83   +0.03   +0.02   +0.02
       med   |   19.642 |   10.593 |   10.598 |   10.556 |   14.954 |   10.639 |   15.239 |   14.967 |   14.966 |   19.644 |   19.644 |   19.643
32     2     |   19.645 |   11.284 |   11.310 |   11.312 |   14.934 |   11.336 |   15.211 |   14.938 |   14.946 |   19.655 |   19.651 |   19.643 ||  -42.56  -42.43  -42.42  -23.98  -42.30  -22.57  -23.96  -23.92   +0.05   +0.03   -0.01
       med   |   19.661 |   11.290 |   11.318 |   11.322 |   14.955 |   11.347 |   15.238 |   14.965 |   14.967 |   19.672 |   19.672 |   19.662
48     3     |   20.355 |   12.274 |   11.255 |   11.217 |   14.937 |   11.503 |   15.217 |   14.945 |   14.952 |   20.362 |   20.362 |   20.358 ||  -39.70  -44.70  -44.89  -26.62  -43.49  -25.24  -26.58  -26.54   +0.03   +0.03   +0.01
       med   |   20.378 |   12.288 |   11.275 |   11.237 |   14.954 |   11.537 |   15.240 |   14.967 |   14.966 |   20.383 |   20.383 |   20.376
64     4     |   20.951 |   14.763 |   12.153 |   12.152 |   14.932 |   12.150 |   15.218 |   14.949 |   14.948 |   20.957 |   20.956 |   20.950 ||  -29.53  -41.99  -42.00  -28.73  -42.01  -27.36  -28.65  -28.65   +0.03   +0.02   -0.01
       med   |   20.976 |   14.784 |   12.162 |   12.162 |   14.954 |   12.162 |   15.238 |   14.966 |   14.965 |   20.982 |   20.981 |   20.975
80     5     |   21.604 |   21.600 |   21.591 |   21.607 |   21.609 |   21.592 |   21.599 |   21.610 |   21.610 |   21.609 |   21.593 |   21.603 ||   -0.02   -0.06   +0.01   +0.02   -0.06   -0.02   +0.03   +0.03   +0.02   -0.05   -0.01
       med   |   21.628 |   21.629 |   21.619 |   21.631 |   21.631 |   21.620 |   21.620 |   21.633 |   21.634 |   21.633 |   21.623 |   21.629
96     6     |   22.377 |   22.364 |   22.312 |   22.369 |   22.358 |   22.314 |   22.331 |   22.397 |   22.392 |   22.395 |   22.334 |   22.379 ||   -0.06   -0.29   -0.04   -0.09   -0.28   -0.21   +0.09   +0.07   +0.08   -0.19   +0.01
       med   |   22.407 |   22.401 |   22.369 |   22.403 |   22.405 |   22.366 |   22.369 |   22.428 |   22.428 |   22.428 |   22.370 |   22.406
112    7     |   22.836 |   22.847 |   22.752 |   22.843 |   22.836 |   22.751 |   22.747 |   22.857 |   22.852 |   22.857 |   22.751 |   22.840 ||   +0.05   -0.37   +0.03   +0.00   -0.37   -0.39   +0.09   +0.07   +0.09   -0.37   +0.02
       med   |   22.872 |   22.889 |   22.783 |   22.870 |   22.872 |   22.784 |   22.783 |   22.899 |   22.898 |   22.900 |   22.782 |   22.872
128    8     |   21.450 |   24.306 |   21.458 |   19.611 |   19.608 |   21.459 |   21.466 |   21.457 |   21.458 |   21.462 |   21.461 |   21.456 ||  +13.31   +0.04   -8.58   -8.59   +0.04   +0.07   +0.03   +0.04   +0.05   +0.05   +0.02
       med   |   21.480 |   24.337 |   21.487 |   19.623 |   19.625 |   21.488 |   21.485 |   21.486 |   21.485 |   21.485 |   21.485 |   21.480
256    16    |   38.179 |   38.176 |   38.179 |   38.174 |   38.182 |   38.174 |   38.168 |   38.171 |   38.172 |   38.180 |   38.173 |   38.178 ||   -0.01   +0.00   -0.01   +0.01   -0.01   -0.03   -0.02   -0.02   +0.00   -0.02   -0.00
       med   |   38.210 |   38.218 |   38.215 |   38.216 |   38.216 |   38.216 |   38.210 |   38.209 |   38.211 |   38.211 |   38.211 |   38.209
512    32    |   71.098 |   71.133 |   71.126 |   71.143 |   71.150 |   71.117 |   71.127 |   71.123 |   71.119 |   71.118 |   71.127 |   71.109 ||   +0.05   +0.04   +0.06   +0.07   +0.03   +0.04   +0.04   +0.03   +0.03   +0.04   +0.02
       med   |   71.145 |   71.191 |   71.175 |   71.186 |   71.188 |   71.171 |   71.167 |   71.163 |   71.164 |   71.162 |   71.164 |   71.148
1024   64    |  138.497 |  138.547 |  138.511 |  138.536 |  138.559 |  138.507 |  138.501 |  138.532 |  138.529 |  138.529 |  138.502 |  138.496 ||   +0.04   +0.01   +0.03   +0.04   +0.01   +0.00   +0.03   +0.02   +0.02   +0.00   -0.00
       med   |  138.550 |  138.620 |  138.580 |  138.604 |  138.655 |  138.594 |  138.559 |  138.559 |  138.560 |  138.560 |  138.564 |  138.555
4096   256   |  546.848 |  546.871 |  546.861 |  546.867 |  546.880 |  546.866 |  546.809 |  546.870 |  546.890 |  546.888 |  546.857 |  546.848 ||   +0.00   +0.00   +0.00   +0.01   +0.00   -0.01   +0.00   +0.01   +0.01   +0.00   +0.00
       med   |  546.978 |  547.126 |  547.043 |  547.043 |  547.050 |  547.014 |  547.027 |  547.025 |  547.012 |  547.005 |  547.005 |  546.964
=== process order2.5
SELFCHECK OK (256 whole-block lengths 1..256 blk x 12 variants; out/Xi/ivec/ret byte-identical, nothing written past 16*nblk)
bytes  blks  |     base |    m4s4h |       t4 |     t4p8 |     g4p8 |       a4 |      g4h |     g4AA |       g4 |   dsp0AA |     dsp0 |   baseAA ||   m4s4h%      t4%    t4p8%    g4p8%      a4%     g4h%    g4AA%      g4%  dsp0AA%    dsp0%  baseAA%
16     1     |   19.624 |   10.589 |   10.563 |   10.543 |   14.934 |   10.625 |   15.221 |   14.943 |   14.948 |   19.627 |   19.626 |   19.620 ||  -46.04  -46.17  -46.27  -23.90  -45.86  -22.43  -23.85  -23.83   +0.02   +0.01   -0.02
       med   |   19.641 |   10.593 |   10.597 |   10.556 |   14.955 |   10.638 |   15.239 |   14.966 |   14.965 |   19.644 |   19.643 |   19.643
32     2     |   19.647 |   11.283 |   11.309 |   11.312 |   14.933 |   11.334 |   15.222 |   14.947 |   14.943 |   19.654 |   19.647 |   19.640 ||  -42.57  -42.44  -42.42  -23.99  -42.31  -22.52  -23.92  -23.94   +0.04   +0.00   -0.03
       med   |   19.661 |   11.290 |   11.316 |   11.322 |   14.958 |   11.347 |   15.241 |   14.967 |   14.967 |   19.672 |   19.673 |   19.661
48     3     |   20.352 |   12.278 |   11.257 |   11.216 |   14.933 |   11.505 |   15.218 |   14.950 |   14.948 |   20.364 |   20.362 |   20.354 ||  -39.67  -44.69  -44.89  -26.63  -43.47  -25.23  -26.54  -26.55   +0.06   +0.05   +0.01
       med   |   20.378 |   12.289 |   11.276 |   11.237 |   14.953 |   11.529 |   15.239 |   14.966 |   14.966 |   20.383 |   20.382 |   20.378
64     4     |   20.951 |   14.764 |   12.153 |   12.153 |   14.931 |   12.148 |   15.216 |   14.950 |   14.938 |   20.962 |   20.951 |   20.952 ||  -29.53  -41.99  -41.99  -28.73  -42.02  -27.37  -28.64  -28.70   +0.05   +0.00   +0.00
       med   |   20.975 |   14.785 |   12.162 |   12.162 |   14.953 |   12.162 |   15.239 |   14.966 |   14.966 |   20.980 |   20.981 |   20.975
80     5     |   21.595 |   21.607 |   21.589 |   21.608 |   21.607 |   21.590 |   21.593 |   21.611 |   21.608 |   21.607 |   21.593 |   21.596 ||   +0.06   -0.03   +0.06   +0.06   -0.02   -0.01   +0.08   +0.06   +0.06   -0.01   +0.01
       med   |   21.626 |   21.628 |   21.619 |   21.631 |   21.631 |   21.616 |   21.620 |   21.633 |   21.633 |   21.633 |   21.620 |   21.627
96     6     |   22.371 |   22.354 |   22.317 |   22.358 |   22.362 |   22.318 |   22.337 |   22.398 |   22.396 |   22.389 |   22.336 |   22.369 ||   -0.08   -0.24   -0.06   -0.04   -0.24   -0.15   +0.12   +0.11   +0.08   -0.16   -0.01
       med   |   22.407 |   22.400 |   22.367 |   22.402 |   22.402 |   22.368 |   22.371 |   22.429 |   22.429 |   22.428 |   22.370 |   22.406
112    7     |   22.833 |   22.849 |   22.753 |   22.836 |   22.829 |   22.746 |   22.757 |   22.849 |   22.858 |   22.852 |   22.751 |   22.831 ||   +0.07   -0.35   +0.01   -0.02   -0.38   -0.33   +0.07   +0.11   +0.08   -0.36   -0.01
       med   |   22.871 |   22.888 |   22.782 |   22.870 |   22.870 |   22.782 |   22.781 |   22.899 |   22.898 |   22.897 |   22.783 |   22.873
128    8     |   21.453 |   24.304 |   21.460 |   19.610 |   19.612 |   21.461 |   21.465 |   21.456 |   21.458 |   21.461 |   21.461 |   21.455 ||  +13.29   +0.03   -8.59   -8.58   +0.04   +0.06   +0.01   +0.02   +0.04   +0.04   +0.01
       med   |   21.479 |   24.335 |   21.486 |   19.623 |   19.624 |   21.487 |   21.485 |   21.486 |   21.485 |   21.484 |   21.486 |   21.480
256    16    |   38.173 |   38.185 |   38.176 |   38.174 |   38.174 |   38.180 |   38.173 |   38.170 |   38.182 |   38.167 |   38.179 |   38.174 ||   +0.03   +0.01   +0.00   +0.00   +0.02   +0.00   -0.01   +0.03   -0.01   +0.02   +0.00
       med   |   38.206 |   38.217 |   38.213 |   38.217 |   38.216 |   38.215 |   38.210 |   38.210 |   38.211 |   38.210 |   38.213 |   38.206
512    32    |   71.109 |   71.147 |   71.123 |   71.136 |   71.140 |   71.131 |   71.117 |   71.123 |   71.123 |   71.126 |   71.126 |   71.101 ||   +0.05   +0.02   +0.04   +0.04   +0.03   +0.01   +0.02   +0.02   +0.02   +0.02   -0.01
       med   |   71.147 |   71.193 |   71.174 |   71.184 |   71.190 |   71.178 |   71.167 |   71.163 |   71.162 |   71.166 |   71.167 |   71.145
1024   64    |  138.502 |  138.521 |  138.502 |  138.526 |  138.531 |  138.511 |  138.505 |  138.531 |  138.523 |  138.524 |  138.506 |  138.499 ||   +0.01   -0.00   +0.02   +0.02   +0.01   +0.00   +0.02   +0.01   +0.02   +0.00   -0.00
       med   |  138.556 |  138.624 |  138.581 |  138.606 |  138.601 |  138.590 |  138.563 |  138.563 |  138.561 |  138.558 |  138.563 |  138.558
4096   256   |  546.840 |  546.884 |  546.902 |  546.859 |  546.870 |  546.893 |  546.867 |  546.885 |  546.869 |  546.890 |  546.860 |  546.871 ||   +0.01   +0.01   +0.00   +0.01   +0.01   +0.00   +0.01   +0.01   +0.01   +0.00   +0.01
       med   |  547.098 |  547.220 |  547.129 |  547.153 |  547.139 |  547.110 |  547.116 |  547.131 |  547.109 |  547.119 |  547.113 |  547.067
=== process order3.1
SELFCHECK OK (256 whole-block lengths 1..256 blk x 12 variants; out/Xi/ivec/ret byte-identical, nothing written past 16*nblk)
bytes  blks  |     base |      g4h |       a4 |   baseAA |     t4p8 |     dsp0 |    m4s4h |       g4 |   dsp0AA |       t4 |     g4p8 |     g4AA ||     g4h%      a4%  baseAA%    t4p8%    dsp0%   m4s4h%      g4%  dsp0AA%      t4%    g4p8%    g4AA%
16     1     |   19.622 |   15.217 |   10.625 |   19.621 |   10.534 |   19.625 |   10.591 |   14.948 |   19.623 |   10.560 |   14.936 |   14.946 ||  -22.45  -45.85   -0.00  -46.32   +0.02  -46.02  -23.82   +0.01  -46.18  -23.88  -23.83
       med   |   19.642 |   15.240 |   10.639 |   19.643 |   10.546 |   19.644 |   10.596 |   14.966 |   19.646 |   10.597 |   14.954 |   14.966
32     2     |   19.639 |   15.215 |   11.338 |   19.643 |   11.317 |   19.651 |   11.282 |   14.946 |   19.656 |   11.308 |   14.935 |   14.950 ||  -22.53  -42.27   +0.02  -42.37   +0.07  -42.55  -23.89   +0.09  -42.42  -23.95  -23.88
       med   |   19.662 |   15.240 |   11.349 |   19.661 |   11.326 |   19.672 |   11.289 |   14.967 |   19.672 |   11.317 |   14.956 |   14.966
48     3     |   20.358 |   15.219 |   11.523 |   20.352 |   11.228 |   20.364 |   12.272 |   14.946 |   20.361 |   11.259 |   14.934 |   14.944 ||  -25.24  -43.40   -0.03  -44.85   +0.03  -39.72  -26.59   +0.02  -44.70  -26.64  -26.60
       med   |   20.376 |   15.239 |   11.545 |   20.378 |   11.238 |   20.383 |   12.288 |   14.967 |   20.383 |   11.276 |   14.955 |   14.966
64     4     |   20.951 |   15.220 |   12.150 |   20.953 |   12.152 |   20.960 |   14.777 |   14.950 |   20.960 |   12.154 |   14.931 |   14.945 ||  -27.36  -42.01   +0.01  -42.00   +0.04  -29.47  -28.65   +0.04  -41.99  -28.73  -28.67
       med   |   20.976 |   15.240 |   12.163 |   20.976 |   12.164 |   20.982 |   14.813 |   14.967 |   20.981 |   12.163 |   14.955 |   14.967
80     5     |   21.605 |   21.589 |   21.603 |   21.596 |   21.602 |   21.594 |   21.608 |   21.608 |   21.611 |   21.589 |   21.602 |   21.591 ||   -0.07   -0.01   -0.04   -0.01   -0.05   +0.01   +0.02   +0.03   -0.07   -0.02   -0.07
       med   |   21.626 |   21.620 |   21.633 |   21.627 |   21.628 |   21.622 |   21.631 |   21.634 |   21.637 |   21.622 |   21.632 |   21.617
96     6     |   22.374 |   22.318 |   22.392 |   22.368 |   22.364 |   22.344 |   22.359 |   22.395 |   22.392 |   22.315 |   22.360 |   22.312 ||   -0.25   +0.08   -0.03   -0.04   -0.13   -0.07   +0.09   +0.08   -0.26   -0.06   -0.28
       med   |   22.405 |   22.367 |   22.431 |   22.407 |   22.404 |   22.370 |   22.403 |   22.428 |   22.429 |   22.364 |   22.402 |   22.367
112    7     |   22.838 |   22.749 |   22.864 |   22.830 |   22.846 |   22.757 |   22.840 |   22.856 |   22.857 |   22.755 |   22.836 |   22.754 ||   -0.39   +0.12   -0.04   +0.03   -0.36   +0.01   +0.08   +0.08   -0.36   -0.01   -0.37
       med   |   22.870 |   22.783 |   22.900 |   22.873 |   22.884 |   22.783 |   22.871 |   22.899 |   22.900 |   22.782 |   22.873 |   22.783
128    8     |   21.456 |   21.457 |   21.467 |   21.454 |   19.613 |   21.458 |   24.302 |   21.456 |   21.460 |   21.459 |   19.610 |   21.456 ||   +0.00   +0.05   -0.01   -8.59   +0.01  +13.26   +0.00   +0.01   +0.01   -8.61   +0.00
       med   |   21.481 |   21.489 |   21.487 |   21.480 |   19.626 |   21.486 |   24.338 |   21.487 |   21.487 |   21.487 |   19.625 |   21.489
256    16    |   38.167 |   38.176 |   38.180 |   38.155 |   38.175 |   38.179 |   38.182 |   38.174 |   38.170 |   38.173 |   38.177 |   38.169 ||   +0.02   +0.03   -0.03   +0.02   +0.03   +0.04   +0.02   +0.01   +0.02   +0.03   +0.01
       med   |   38.210 |   38.217 |   38.214 |   38.204 |   38.217 |   38.215 |   38.217 |   38.211 |   38.211 |   38.217 |   38.216 |   38.213
512    32    |   71.098 |   71.118 |   71.127 |   71.096 |   71.125 |   71.116 |   71.139 |   71.112 |   71.122 |   71.131 |   71.137 |   71.128 ||   +0.03   +0.04   -0.00   +0.04   +0.03   +0.06   +0.02   +0.03   +0.05   +0.06   +0.04
       med   |   71.147 |   71.171 |   71.165 |   71.147 |   71.187 |   71.166 |   71.186 |   71.166 |   71.164 |   71.179 |   71.185 |   71.188
1024   64    |  138.501 |  138.504 |  138.526 |  138.496 |  138.517 |  138.508 |  138.534 |  138.512 |  138.531 |  138.502 |  138.537 |  138.510 ||   +0.00   +0.02   -0.00   +0.01   +0.01   +0.02   +0.01   +0.02   +0.00   +0.03   +0.01
       med   |  138.552 |  138.578 |  138.561 |  138.552 |  138.601 |  138.566 |  138.612 |  138.559 |  138.561 |  138.584 |  138.613 |  138.584
4096   256   |  546.825 |  546.826 |  546.884 |  546.837 |  546.828 |  546.854 |  546.891 |  546.852 |  546.889 |  546.873 |  546.879 |  546.862 ||   +0.00   +0.01   +0.00   +0.00   +0.01   +0.01   +0.01   +0.01   +0.01   +0.01   +0.01
       med   |  547.112 |  547.141 |  547.146 |  547.107 |  547.120 |  547.129 |  547.159 |  547.144 |  547.131 |  547.144 |  547.131 |  547.126
=== process order3.2
SELFCHECK OK (256 whole-block lengths 1..256 blk x 12 variants; out/Xi/ivec/ret byte-identical, nothing written past 16*nblk)
bytes  blks  |     base |      g4h |       a4 |   baseAA |     t4p8 |     dsp0 |    m4s4h |       g4 |   dsp0AA |       t4 |     g4p8 |     g4AA ||     g4h%      a4%  baseAA%    t4p8%    dsp0%   m4s4h%      g4%  dsp0AA%      t4%    g4p8%    g4AA%
16     1     |   19.619 |   15.217 |   10.626 |   19.622 |   10.532 |   19.625 |   10.590 |   14.951 |   19.623 |   10.564 |   14.936 |   14.945 ||  -22.44  -45.84   +0.02  -46.32   +0.03  -46.02  -23.79   +0.02  -46.15  -23.87  -23.82
       med   |   19.642 |   15.239 |   10.639 |   19.642 |   10.545 |   19.645 |   10.596 |   14.966 |   19.644 |   10.596 |   14.956 |   14.966
32     2     |   19.645 |   15.220 |   11.338 |   19.646 |   11.318 |   19.654 |   11.283 |   14.949 |   19.650 |   11.310 |   14.935 |   14.945 ||  -22.52  -42.29   +0.01  -42.39   +0.04  -42.57  -23.91   +0.03  -42.43  -23.98  -23.92
       med   |   19.662 |   15.240 |   11.350 |   19.662 |   11.327 |   19.673 |   11.289 |   14.967 |   19.672 |   11.317 |   14.955 |   14.967
48     3     |   20.355 |   15.217 |   11.522 |   20.356 |   11.228 |   20.364 |   12.274 |   14.945 |   20.363 |   11.258 |   14.930 |   14.946 ||  -25.24  -43.39   +0.00  -44.84   +0.05  -39.70  -26.58   +0.04  -44.69  -26.65  -26.57
       med   |   20.379 |   15.240 |   11.545 |   20.378 |   11.238 |   20.384 |   12.288 |   14.966 |   20.384 |   11.276 |   14.955 |   14.966
64     4     |   20.953 |   15.215 |   12.150 |   20.945 |   12.152 |   20.961 |   14.776 |   14.946 |   20.958 |   12.154 |   14.931 |   14.946 ||  -27.38  -42.01   -0.04  -42.00   +0.04  -29.48  -28.67   +0.03  -41.99  -28.74  -28.67
       med   |   20.974 |   15.241 |   12.162 |   20.975 |   12.163 |   20.982 |   14.814 |   14.966 |   20.983 |   12.162 |   14.955 |   14.966
80     5     |   21.599 |   21.592 |   21.607 |   21.600 |   21.607 |   21.596 |   21.607 |   21.609 |   21.609 |   21.589 |   21.608 |   21.586 ||   -0.03   +0.04   +0.01   +0.03   -0.01   +0.04   +0.05   +0.05   -0.05   +0.04   -0.06
       med   |   21.627 |   21.623 |   21.635 |   21.626 |   21.630 |   21.627 |   21.632 |   21.635 |   21.636 |   21.621 |   21.633 |   21.619
96     6     |   22.369 |   22.312 |   22.402 |   22.373 |   22.360 |   22.343 |   22.365 |   22.398 |   22.396 |   22.313 |   22.364 |   22.303 ||   -0.26   +0.15   +0.02   -0.04   -0.12   -0.02   +0.13   +0.12   -0.25   -0.02   -0.29
       med   |   22.409 |   22.367 |   22.430 |   22.405 |   22.402 |   22.370 |   22.402 |   22.430 |   22.428 |   22.367 |   22.403 |   22.366
112    7     |   22.832 |   22.748 |   22.861 |   22.840 |   22.829 |   22.751 |   22.841 |   22.861 |   22.861 |   22.752 |   22.839 |   22.752 ||   -0.37   +0.13   +0.03   -0.01   -0.35   +0.04   +0.13   +0.13   -0.35   +0.03   -0.35
       med   |   22.875 |   22.782 |   22.900 |   22.874 |   22.883 |   22.782 |   22.872 |   22.900 |   22.899 |   22.782 |   22.872 |   22.781
128    8     |   21.457 |   21.460 |   21.453 |   21.454 |   19.614 |   21.456 |   24.304 |   21.452 |   21.463 |   21.459 |   19.609 |   21.459 ||   +0.01   -0.02   -0.01   -8.59   -0.00  +13.27   -0.02   +0.03   +0.01   -8.61   +0.01
       med   |   21.480 |   21.487 |   21.483 |   21.480 |   19.626 |   21.485 |   24.336 |   21.483 |   21.484 |   21.486 |   19.623 |   21.485
256    16    |   38.171 |   38.172 |   38.176 |   38.168 |   38.173 |   38.173 |   38.183 |   38.168 |   38.176 |   38.175 |   38.178 |   38.177 ||   +0.00   +0.01   -0.01   +0.01   +0.01   +0.03   -0.01   +0.01   +0.01   +0.02   +0.02
       med   |   38.206 |   38.214 |   38.210 |   38.208 |   38.216 |   38.212 |   38.215 |   38.209 |   38.210 |   38.215 |   38.217 |   38.215
512    32    |   71.103 |   71.121 |   71.122 |   71.092 |   71.128 |   71.131 |   71.151 |   71.119 |   71.112 |   71.131 |   71.141 |   71.122 ||   +0.03   +0.03   -0.01   +0.04   +0.04   +0.07   +0.02   +0.01   +0.04   +0.05   +0.03
       med   |   71.148 |   71.179 |   71.164 |   71.149 |   71.189 |   71.169 |   71.191 |   71.165 |   71.166 |   71.180 |   71.189 |   71.175
1024   64    |  138.498 |  138.515 |  138.528 |  138.496 |  138.542 |  138.499 |  138.538 |  138.531 |  138.532 |  138.505 |  138.523 |  138.502 ||   +0.01   +0.02   -0.00   +0.03   +0.00   +0.03   +0.02   +0.02   +0.01   +0.02   +0.00
       med   |  138.552 |  138.614 |  138.565 |  138.553 |  138.602 |  138.566 |  138.608 |  138.565 |  138.565 |  138.619 |  138.606 |  138.601
4096   256   |  546.807 |  546.882 |  546.875 |  546.821 |  546.874 |  546.872 |  546.877 |  546.884 |  546.865 |  546.878 |  546.852 |  546.877 ||   +0.01   +0.01   +0.00   +0.01   +0.01   +0.01   +0.01   +0.01   +0.01   +0.01   +0.01
       med   |  547.093 |  547.182 |  547.165 |  547.105 |  547.136 |  547.119 |  547.153 |  547.141 |  547.152 |  547.130 |  547.117 |  547.110
=== process order3.3
SELFCHECK OK (256 whole-block lengths 1..256 blk x 12 variants; out/Xi/ivec/ret byte-identical, nothing written past 16*nblk)
bytes  blks  |     base |      g4h |       a4 |   baseAA |     t4p8 |     dsp0 |    m4s4h |       g4 |   dsp0AA |       t4 |     g4p8 |     g4AA ||     g4h%      a4%  baseAA%    t4p8%    dsp0%   m4s4h%      g4%  dsp0AA%      t4%    g4p8%    g4AA%
16     1     |   19.615 |   15.218 |   10.626 |   19.619 |   10.533 |   19.624 |   10.590 |   14.944 |   19.625 |   10.556 |   14.936 |   14.951 ||  -22.42  -45.83   +0.02  -46.30   +0.04  -46.01  -23.81   +0.05  -46.18  -23.86  -23.78
       med   |   19.642 |   15.240 |   10.638 |   19.642 |   10.545 |   19.645 |   10.596 |   14.966 |   19.645 |   10.597 |   14.957 |   14.967
32     2     |   19.645 |   15.219 |   11.337 |   19.643 |   11.318 |   19.651 |   11.283 |   14.945 |   19.653 |   11.310 |   14.932 |   14.944 ||  -22.53  -42.29   -0.01  -42.39   +0.03  -42.57  -23.93   +0.04  -42.43  -23.99  -23.93
       med   |   19.661 |   15.239 |   11.350 |   19.661 |   11.328 |   19.671 |   11.288 |   14.966 |   19.671 |   11.318 |   14.953 |   14.966
48     3     |   20.357 |   15.219 |   11.522 |   20.355 |   11.228 |   20.366 |   12.277 |   14.940 |   20.360 |   11.259 |   14.935 |   14.949 ||  -25.24  -43.40   -0.01  -44.84   +0.04  -39.69  -26.61   +0.01  -44.69  -26.63  -26.56
       med   |   20.378 |   15.239 |   11.544 |   20.377 |   11.238 |   20.383 |   12.289 |   14.966 |   20.383 |   11.275 |   14.955 |   14.966
64     4     |   20.949 |   15.218 |   12.152 |   20.950 |   12.151 |   20.951 |   14.776 |   14.948 |   20.964 |   12.152 |   14.932 |   14.946 ||  -27.36  -41.99   +0.01  -42.00   +0.01  -29.47  -28.64   +0.07  -41.99  -28.72  -28.66
       med   |   20.974 |   15.239 |   12.161 |   20.975 |   12.162 |   20.982 |   14.813 |   14.966 |   20.982 |   12.162 |   14.955 |   14.965
80     5     |   21.604 |   21.586 |   21.605 |   21.600 |   21.601 |   21.596 |   21.607 |   21.613 |   21.608 |   21.591 |   21.606 |   21.591 ||   -0.08   +0.01   -0.02   -0.01   -0.04   +0.02   +0.04   +0.02   -0.06   +0.01   -0.06
       med   |   21.628 |   21.618 |   21.634 |   21.627 |   21.629 |   21.620 |   21.630 |   21.634 |   21.634 |   21.618 |   21.630 |   21.617
96     6     |   22.370 |   22.312 |   22.400 |   22.376 |   22.361 |   22.343 |   22.360 |   22.392 |   22.401 |   22.314 |   22.365 |   22.307 ||   -0.26   +0.14   +0.03   -0.04   -0.12   -0.04   +0.10   +0.14   -0.25   -0.02   -0.28
       med   |   22.407 |   22.367 |   22.429 |   22.406 |   22.404 |   22.371 |   22.402 |   22.428 |   22.430 |   22.365 |   22.404 |   22.366
112    7     |   22.826 |   22.759 |   22.865 |   22.839 |   22.846 |   22.754 |   22.837 |   22.861 |   22.860 |   22.753 |   22.824 |   22.746 ||   -0.29   +0.17   +0.05   +0.09   -0.32   +0.05   +0.15   +0.15   -0.32   -0.01   -0.35
       med   |   22.874 |   22.781 |   22.901 |   22.872 |   22.883 |   22.784 |   22.872 |   22.899 |   22.900 |   22.784 |   22.870 |   22.782
128    8     |   21.448 |   21.463 |   21.453 |   21.455 |   19.614 |   21.462 |   24.300 |   21.460 |   21.460 |   21.464 |   19.610 |   21.461 ||   +0.07   +0.03   +0.03   -8.55   +0.07  +13.30   +0.06   +0.06   +0.08   -8.57   +0.06
       med   |   21.481 |   21.487 |   21.487 |   21.480 |   19.626 |   21.485 |   24.336 |   21.485 |   21.485 |   21.487 |   19.624 |   21.487
256    16    |   38.162 |   38.170 |   38.178 |   38.162 |   38.187 |   38.176 |   38.184 |   38.176 |   38.180 |   38.167 |   38.180 |   38.172 ||   +0.02   +0.04   +0.00   +0.07   +0.04   +0.06   +0.04   +0.05   +0.01   +0.05   +0.03
       med   |   38.206 |   38.215 |   38.210 |   38.206 |   38.216 |   38.211 |   38.216 |   38.210 |   38.211 |   38.214 |   38.215 |   38.212
512    32    |   71.101 |   71.128 |   71.124 |   71.096 |   71.139 |   71.122 |   71.139 |   71.111 |   71.125 |   71.125 |   71.135 |   71.117 ||   +0.04   +0.03   -0.01   +0.05   +0.03   +0.05   +0.01   +0.03   +0.03   +0.05   +0.02
       med   |   71.144 |   71.173 |   71.166 |   71.148 |   71.182 |   71.166 |   71.184 |   71.165 |   71.165 |   71.182 |   71.184 |   71.172
1024   64    |  138.496 |  138.505 |  138.531 |  138.494 |  138.530 |  138.508 |  138.540 |  138.523 |  138.531 |  138.500 |  138.521 |  138.500 ||   +0.01   +0.02   -0.00   +0.02   +0.01   +0.03   +0.02   +0.02   +0.00   +0.02   +0.00
       med   |  138.552 |  138.589 |  138.560 |  138.548 |  138.612 |  138.567 |  138.610 |  138.562 |  138.565 |  138.587 |  138.608 |  138.582
4096   256   |  546.827 |  546.867 |  546.870 |  546.852 |  546.880 |  546.836 |  546.864 |  546.839 |  546.879 |  546.878 |  546.880 |  546.872 ||   +0.01   +0.01   +0.00   +0.01   +0.00   +0.01   +0.00   +0.01   +0.01   +0.01   +0.01
       med   |  547.095 |  547.126 |  547.137 |  547.115 |  547.167 |  547.144 |  547.145 |  547.124 |  547.143 |  547.152 |  547.181 |  547.148
=== process order3.4
SELFCHECK OK (256 whole-block lengths 1..256 blk x 12 variants; out/Xi/ivec/ret byte-identical, nothing written past 16*nblk)
bytes  blks  |     base |      g4h |       a4 |   baseAA |     t4p8 |     dsp0 |    m4s4h |       g4 |   dsp0AA |       t4 |     g4p8 |     g4AA ||     g4h%      a4%  baseAA%    t4p8%    dsp0%   m4s4h%      g4%  dsp0AA%      t4%    g4p8%    g4AA%
16     1     |   19.621 |   15.223 |   10.623 |   19.625 |   10.535 |   19.623 |   10.591 |   14.946 |   19.627 |   10.557 |   14.936 |   14.950 ||  -22.42  -45.86   +0.02  -46.31   +0.01  -46.02  -23.83   +0.03  -46.20  -23.88  -23.81
       med   |   19.642 |   15.241 |   10.639 |   19.644 |   10.545 |   19.645 |   10.596 |   14.966 |   19.645 |   10.597 |   14.956 |   14.967
32     2     |   19.643 |   15.217 |   11.338 |   19.645 |   11.318 |   19.656 |   11.283 |   14.950 |   19.650 |   11.311 |   14.936 |   14.948 ||  -22.53  -42.28   +0.01  -42.38   +0.07  -42.56  -23.89   +0.04  -42.42  -23.96  -23.90
       med   |   19.662 |   15.241 |   11.350 |   19.660 |   11.327 |   19.671 |   11.289 |   14.967 |   19.672 |   11.317 |   14.955 |   14.966
48     3     |   20.359 |   15.216 |   11.523 |   20.357 |   11.230 |   20.362 |   12.274 |   14.949 |   20.363 |   11.255 |   14.935 |   14.951 ||  -25.26  -43.40   -0.01  -44.84   +0.01  -39.71  -26.57   +0.02  -44.72  -26.64  -26.56
       med   |   20.377 |   15.238 |   11.544 |   20.378 |   11.237 |   20.383 |   12.288 |   14.966 |   20.383 |   11.276 |   14.954 |   14.967
64     4     |   20.952 |   15.214 |   12.153 |   20.954 |   12.151 |   20.954 |   14.769 |   14.944 |   20.954 |   12.150 |   14.935 |   14.946 ||  -27.39  -42.00   +0.01  -42.00   +0.01  -29.51  -28.67   +0.01  -42.01  -28.72  -28.66
       med   |   20.975 |   15.240 |   12.162 |   20.975 |   12.163 |   20.981 |   14.814 |   14.967 |   20.982 |   12.163 |   14.955 |   14.967
80     5     |   21.604 |   21.588 |   21.611 |   21.601 |   21.608 |   21.597 |   21.612 |   21.602 |   21.609 |   21.587 |   21.609 |   21.586 ||   -0.08   +0.03   -0.01   +0.02   -0.03   +0.03   -0.01   +0.02   -0.08   +0.02   -0.08
       med   |   21.628 |   21.620 |   21.634 |   21.627 |   21.630 |   21.623 |   21.632 |   21.635 |   21.635 |   21.620 |   21.631 |   21.619
96     6     |   22.381 |   22.310 |   22.393 |   22.375 |   22.370 |   22.337 |   22.369 |   22.399 |   22.393 |   22.316 |   22.368 |   22.320 ||   -0.31   +0.06   -0.03   -0.05   -0.19   -0.05   +0.08   +0.05   -0.29   -0.06   -0.27
       med   |   22.406 |   22.367 |   22.428 |   22.405 |   22.403 |   22.370 |   22.403 |   22.429 |   22.429 |   22.367 |   22.404 |   22.366
112    7     |   22.839 |   22.752 |   22.862 |   22.843 |   22.839 |   22.751 |   22.832 |   22.867 |   22.855 |   22.750 |   22.843 |   22.757 ||   -0.38   +0.10   +0.02   -0.00   -0.38   -0.03   +0.12   +0.07   -0.39   +0.02   -0.36
       med   |   22.872 |   22.783 |   22.897 |   22.872 |   22.881 |   22.783 |   22.872 |   22.900 |   22.898 |   22.782 |   22.871 |   22.782
128    8     |   21.454 |   21.461 |   21.448 |   21.455 |   19.613 |   21.460 |   24.296 |   21.456 |   21.460 |   21.463 |   19.609 |   21.457 ||   +0.03   -0.03   +0.01   -8.58   +0.03  +13.25   +0.01   +0.03   +0.04   -8.60   +0.01
       med   |   21.481 |   21.487 |   21.487 |   21.480 |   19.626 |   21.487 |   24.337 |   21.486 |   21.486 |   21.489 |   19.624 |   21.488
256    16    |   38.167 |   38.174 |   38.177 |   38.178 |   38.178 |   38.174 |   38.176 |   38.173 |   38.180 |   38.179 |   38.184 |   38.184 ||   +0.02   +0.03   +0.03   +0.03   +0.02   +0.02   +0.02   +0.04   +0.03   +0.04   +0.04
       med   |   38.208 |   38.215 |   38.212 |   38.208 |   38.218 |   38.213 |   38.216 |   38.212 |   38.212 |   38.215 |   38.219 |   38.215
512    32    |   71.103 |   71.127 |   71.118 |   71.099 |   71.144 |   71.123 |   71.147 |   71.127 |   71.127 |   71.122 |   71.146 |   71.123 ||   +0.03   +0.02   -0.01   +0.06   +0.03   +0.06   +0.03   +0.03   +0.03   +0.06   +0.03
       med   |   71.148 |   71.175 |   71.167 |   71.147 |   71.187 |   71.168 |   71.189 |   71.167 |   71.166 |   71.176 |   71.189 |   71.173
1024   64    |  138.500 |  138.496 |  138.521 |  138.498 |  138.502 |  138.502 |  138.512 |  138.515 |  138.499 |  138.494 |  138.504 |  138.502 ||   -0.00   +0.02   -0.00   +0.00   +0.00   +0.01   +0.01   -0.00   -0.00   +0.00   +0.00
       med   |  138.532 |  138.578 |  138.548 |  138.535 |  138.590 |  138.554 |  138.611 |  138.548 |  138.548 |  138.571 |  138.601 |  138.569
4096   256   |  546.826 |  546.853 |  546.893 |  546.818 |  546.853 |  546.833 |  546.840 |  546.857 |  546.856 |  546.843 |  546.818 |  546.849 ||   +0.00   +0.01   -0.00   +0.00   +0.00   +0.00   +0.01   +0.01   +0.00   -0.00   +0.00
       med   |  546.967 |  547.009 |  546.987 |  546.949 |  547.010 |  546.987 |  547.019 |  546.991 |  546.977 |  546.997 |  546.995 |  546.994
=== process order3.5
SELFCHECK OK (256 whole-block lengths 1..256 blk x 12 variants; out/Xi/ivec/ret byte-identical, nothing written past 16*nblk)
bytes  blks  |     base |      g4h |       a4 |   baseAA |     t4p8 |     dsp0 |    m4s4h |       g4 |   dsp0AA |       t4 |     g4p8 |     g4AA ||     g4h%      a4%  baseAA%    t4p8%    dsp0%   m4s4h%      g4%  dsp0AA%      t4%    g4p8%    g4AA%
16     1     |   19.619 |   15.223 |   10.627 |   19.620 |   10.528 |   19.622 |   10.589 |   14.951 |   19.626 |   10.558 |   14.932 |   14.948 ||  -22.41  -45.83   +0.01  -46.34   +0.01  -46.03  -23.79   +0.03  -46.19  -23.89  -23.81
       med   |   19.640 |   15.239 |   10.638 |   19.641 |   10.545 |   19.643 |   10.596 |   14.966 |   19.642 |   10.597 |   14.955 |   14.965
32     2     |   19.644 |   15.221 |   11.338 |   19.647 |   11.317 |   19.647 |   11.281 |   14.943 |   19.653 |   11.310 |   14.937 |   14.946 ||  -22.52  -42.29   +0.01  -42.39   +0.01  -42.57  -23.93   +0.05  -42.43  -23.97  -23.92
       med   |   19.662 |   15.238 |   11.350 |   19.661 |   11.327 |   19.673 |   11.289 |   14.966 |   19.672 |   11.317 |   14.953 |   14.965
48     3     |   20.359 |   15.216 |   11.523 |   20.355 |   11.229 |   20.361 |   12.274 |   14.947 |   20.359 |   11.258 |   14.932 |   14.947 ||  -25.26  -43.40   -0.01  -44.85   +0.01  -39.71  -26.58   +0.00  -44.70  -26.65  -26.58
       med   |   20.377 |   15.239 |   11.544 |   20.377 |   11.237 |   20.383 |   12.287 |   14.966 |   20.382 |   11.277 |   14.953 |   14.966
64     4     |   20.952 |   15.214 |   12.152 |   20.952 |   12.153 |   20.958 |   14.777 |   14.948 |   20.960 |   12.150 |   14.934 |   14.949 ||  -27.39  -42.00   -0.00  -42.00   +0.02  -29.47  -28.66   +0.04  -42.01  -28.73  -28.65
       med   |   20.974 |   15.240 |   12.162 |   20.974 |   12.162 |   20.981 |   14.812 |   14.966 |   20.979 |   12.162 |   14.954 |   14.966
80     5     |   21.604 |   21.593 |   21.605 |   21.604 |   21.598 |   21.595 |   21.603 |   21.609 |   21.609 |   21.589 |   21.605 |   21.591 ||   -0.05   +0.00   +0.00   -0.03   -0.04   -0.00   +0.03   +0.02   -0.07   +0.00   -0.06
       med   |   21.626 |   21.620 |   21.635 |   21.627 |   21.629 |   21.621 |   21.630 |   21.633 |   21.634 |   21.619 |   21.631 |   21.617
96     6     |   22.376 |   22.307 |   22.389 |   22.376 |   22.362 |   22.342 |   22.365 |   22.392 |   22.394 |   22.310 |   22.369 |   22.314 ||   -0.31   +0.06   +0.00   -0.06   -0.15   -0.05   +0.07   +0.08   -0.30   -0.03   -0.28
       med   |   22.406 |   22.365 |   22.429 |   22.406 |   22.402 |   22.370 |   22.402 |   22.428 |   22.427 |   22.366 |   22.400 |   22.365
112    7     |   22.830 |   22.748 |   22.851 |   22.825 |   22.847 |   22.751 |   22.834 |   22.856 |   22.856 |   22.754 |   22.838 |   22.752 ||   -0.36   +0.09   -0.02   +0.07   -0.35   +0.01   +0.12   +0.11   -0.34   +0.03   -0.34
       med   |   22.873 |   22.783 |   22.899 |   22.872 |   22.881 |   22.783 |   22.870 |   22.897 |   22.897 |   22.782 |   22.871 |   22.780
128    8     |   21.448 |   21.453 |   21.459 |   21.457 |   19.610 |   21.456 |   24.299 |   21.462 |   21.462 |   21.462 |   19.611 |   21.462 ||   +0.02   +0.05   +0.04   -8.57   +0.03  +13.29   +0.06   +0.06   +0.06   -8.57   +0.06
       med   |   21.480 |   21.486 |   21.486 |   21.480 |   19.626 |   21.485 |   24.337 |   21.486 |   21.485 |   21.487 |   19.624 |   21.488
256    16    |   38.165 |   38.176 |   38.166 |   38.168 |   38.169 |   38.167 |   38.180 |   38.180 |   38.173 |   38.168 |   38.178 |   38.176 ||   +0.03   +0.00   +0.01   +0.01   +0.01   +0.04   +0.04   +0.02   +0.01   +0.03   +0.03
       med   |   38.206 |   38.214 |   38.209 |   38.206 |   38.217 |   38.211 |   38.215 |   38.208 |   38.209 |   38.213 |   38.216 |   38.213
512    32    |   71.099 |   71.124 |   71.127 |   71.108 |   71.143 |   71.124 |   71.141 |   71.123 |   71.120 |   71.124 |   71.143 |   71.126 ||   +0.03   +0.04   +0.01   +0.06   +0.03   +0.06   +0.03   +0.03   +0.03   +0.06   +0.04
       med   |   71.145 |   71.175 |   71.166 |   71.144 |   71.184 |   71.163 |   71.185 |   71.161 |   71.163 |   71.175 |   71.184 |   71.175
1024   64    |  138.495 |  138.505 |  138.521 |  138.498 |  138.527 |  138.500 |  138.541 |  138.516 |  138.512 |  138.504 |  138.531 |  138.506 ||   +0.01   +0.02   +0.00   +0.02   +0.00   +0.03   +0.01   +0.01   +0.01   +0.03   +0.01
       med   |  138.550 |  138.590 |  138.559 |  138.550 |  138.604 |  138.556 |  138.601 |  138.560 |  138.558 |  138.591 |  138.612 |  138.580
4096   256   |  546.828 |  546.827 |  546.872 |  546.860 |  546.856 |  546.861 |  546.870 |  546.878 |  546.874 |  546.866 |  546.856 |  546.862 ||   -0.00   +0.01   +0.01   +0.01   +0.01   +0.01   +0.01   +0.01   +0.01   +0.00   +0.01
       med   |  547.002 |  547.036 |  547.004 |  547.003 |  547.039 |  547.008 |  547.042 |  547.023 |  547.019 |  547.035 |  547.034 |  547.040
