=== process order1.1
SELFCHECK OK (256 whole-block lengths 1..256 blk x 12 variants; out/Xi/ivec/ret byte-identical, nothing written past 16*nblk)
bytes  blks  |     base |   baseAA |     dsp0 |   dsp0AA |       g4 |     g4AA |      g4h |       a4 |     g4p8 |     t4p8 |       t4 |    m4s4h ||  baseAA%    dsp0%  dsp0AA%      g4%    g4AA%     g4h%      a4%    g4p8%    t4p8%      t4%   m4s4h%
16     1     |   26.237 |   26.214 |   26.570 |   26.718 |   19.630 |   20.771 |   20.896 |   14.645 |   20.430 |   13.897 |   13.932 |   13.861 ||   -0.09   +1.27   +1.83  -25.18  -20.83  -20.36  -44.18  -22.13  -47.03  -46.90  -47.17
       med   |   26.729 |   27.072 |   27.406 |   27.667 |   20.886 |   20.923 |   21.039 |   15.050 |   20.873 |   13.943 |   13.948 |   14.109
32     2     |   26.460 |   26.488 |   26.425 |   26.416 |   19.637 |   20.768 |   20.764 |   15.486 |   20.655 |   14.849 |   14.842 |   15.286 ||   +0.11   -0.13   -0.17  -25.78  -21.51  -21.53  -41.47  -21.94  -43.88  -43.91  -42.23
       med   |   26.691 |   26.696 |   26.645 |   26.642 |   20.894 |   20.916 |   21.031 |   15.598 |   20.866 |   14.869 |   14.891 |   15.378
48     3     |   27.608 |   27.715 |   27.695 |   27.716 |   20.702 |   20.701 |   20.740 |   16.418 |   20.449 |   15.491 |   15.512 |   18.929 ||   +0.39   +0.32   +0.39  -25.01  -25.02  -24.88  -40.53  -25.93  -43.89  -43.81  -31.44
       med   |   28.063 |   27.949 |   27.869 |   27.900 |   20.889 |   20.909 |   21.026 |   16.734 |   20.883 |   15.589 |   15.527 |   19.359
64     4     |   28.934 |   28.890 |   28.895 |   28.864 |   20.645 |   20.644 |   20.816 |   17.096 |   20.456 |   16.976 |   16.958 |   23.189 ||   -0.15   -0.13   -0.24  -28.65  -28.65  -28.05  -40.91  -29.30  -41.33  -41.39  -19.86
       med   |   29.188 |   29.121 |   29.041 |   29.027 |   20.897 |   20.913 |   21.039 |   17.334 |   20.879 |   17.082 |   16.994 |   23.518
80     5     |   29.961 |   29.995 |   30.039 |   30.113 |   30.037 |   30.062 |   30.031 |   30.101 |   29.981 |   30.114 |   30.053 |   29.976 ||   +0.11   +0.26   +0.51   +0.25   +0.34   +0.23   +0.47   +0.07   +0.51   +0.31   +0.05
       med   |   30.250 |   30.271 |   30.262 |   30.252 |   30.307 |   30.362 |   30.257 |   30.267 |   30.173 |   30.231 |   30.285 |   30.225
96     6     |   30.918 |   30.795 |   30.854 |   30.814 |   30.857 |   30.856 |   30.850 |   30.796 |   30.999 |   30.949 |   30.856 |   30.993 ||   -0.40   -0.21   -0.34   -0.20   -0.20   -0.22   -0.39   +0.26   +0.10   -0.20   +0.24
       med   |   31.093 |   31.209 |   31.024 |   31.070 |   31.059 |   31.123 |   31.036 |   31.104 |   31.100 |   31.159 |   31.031 |   31.183
112    7     |   31.828 |   31.717 |   31.747 |   31.873 |   31.759 |   31.760 |   31.762 |   31.868 |   31.832 |   31.789 |   31.759 |   31.888 ||   -0.35   -0.25   +0.14   -0.22   -0.21   -0.21   +0.13   +0.01   -0.12   -0.22   +0.19
       med   |   32.140 |   32.145 |   32.088 |   32.020 |   32.119 |   32.199 |   32.105 |   32.165 |   32.076 |   32.212 |   32.128 |   32.228
128    8     |   30.121 |   30.038 |   30.029 |   29.676 |   30.011 |   30.101 |   30.027 |   29.941 |   27.324 |   26.994 |   30.105 |   36.476 ||   -0.27   -0.30   -1.48   -0.36   -0.07   -0.31   -0.60   -9.28  -10.38   -0.05  +21.10
       med   |   30.667 |   30.290 |   30.247 |   30.213 |   30.387 |   30.388 |   30.262 |   30.360 |   27.670 |   27.520 |   30.220 |   36.788
256    16    |   52.251 |   52.335 |   52.009 |   52.239 |   52.167 |   52.070 |   51.999 |   52.049 |   51.277 |   51.812 |   52.142 |   52.227 ||   +0.16   -0.46   -0.02   -0.16   -0.35   -0.48   -0.39   -1.86   -0.84   -0.21   -0.05
       med   |   52.806 |   52.948 |   52.572 |   52.868 |   52.578 |   52.708 |   52.579 |   52.859 |   52.689 |   52.871 |   52.671 |   52.759
512    32    |   95.266 |   95.389 |   94.028 |   94.460 |   94.763 |   93.925 |   94.061 |   94.811 |   94.204 |   95.369 |   94.010 |   94.854 ||   +0.13   -1.30   -0.85   -0.53   -1.41   -1.26   -0.48   -1.11   +0.11   -1.32   -0.43
       med   |   96.069 |   96.341 |   95.432 |   95.762 |   95.604 |   95.670 |   95.795 |   95.938 |   95.787 |   96.237 |   95.386 |   96.016
1024   64    |  180.108 |  180.707 |  179.663 |  179.800 |  179.457 |  179.839 |  179.790 |  179.732 |  180.001 |  180.429 |  179.861 |  179.758 ||   +0.33   -0.25   -0.17   -0.36   -0.15   -0.18   -0.21   -0.06   +0.18   -0.14   -0.19
       med   |  182.707 |  182.876 |  181.280 |  181.346 |  181.567 |  181.525 |  181.411 |  181.861 |  182.036 |  182.797 |  181.139 |  182.386
4096   256   |  693.975 |  692.981 |  690.828 |  692.231 |  690.983 |  691.452 |  691.207 |  692.381 |  692.432 |  693.505 |  690.660 |  693.814 ||   -0.14   -0.45   -0.25   -0.43   -0.36   -0.40   -0.23   -0.22   -0.07   -0.48   -0.02
       med   |  699.992 |  700.190 |  694.264 |  695.215 |  695.096 |  695.404 |  694.484 |  695.645 |  699.052 |  698.817 |  694.663 |  699.352
=== process order1.2
SELFCHECK OK (256 whole-block lengths 1..256 blk x 12 variants; out/Xi/ivec/ret byte-identical, nothing written past 16*nblk)
bytes  blks  |     base |   baseAA |     dsp0 |   dsp0AA |       g4 |     g4AA |      g4h |       a4 |     g4p8 |     t4p8 |       t4 |    m4s4h ||  baseAA%    dsp0%  dsp0AA%      g4%    g4AA%     g4h%      a4%    g4p8%    t4p8%      t4%   m4s4h%
16     1     |   26.230 |   26.189 |   26.442 |   26.542 |   19.630 |   20.770 |   20.952 |   14.645 |   20.771 |   13.933 |   13.939 |   13.920 ||   -0.16   +0.81   +1.19  -25.16  -20.82  -20.12  -44.17  -20.81  -46.88  -46.86  -46.93
       med   |   26.684 |   27.151 |   27.445 |   27.707 |   20.891 |   21.023 |   21.039 |   15.014 |   20.890 |   13.943 |   13.948 |   14.110
32     2     |   26.524 |   26.475 |   26.429 |   26.421 |   19.648 |   20.771 |   20.868 |   15.488 |   20.686 |   14.849 |   14.840 |   15.279 ||   -0.18   -0.36   -0.39  -25.93  -21.69  -21.32  -41.61  -22.01  -44.02  -44.05  -42.40
       med   |   26.713 |   26.694 |   26.634 |   26.697 |   20.890 |   20.904 |   21.027 |   15.516 |   20.897 |   14.869 |   14.892 |   15.371
48     3     |   27.558 |   27.719 |   27.729 |   27.715 |   20.709 |   20.730 |   20.899 |   16.443 |   20.525 |   15.490 |   15.512 |   18.964 ||   +0.58   +0.62   +0.57  -24.85  -24.78  -24.16  -40.33  -25.52  -43.79  -43.71  -31.18
       med   |   28.193 |   27.942 |   27.953 |   27.971 |   20.888 |   20.898 |   21.039 |   16.727 |   20.894 |   15.588 |   15.527 |   19.372
64     4     |   28.923 |   28.891 |   28.903 |   28.864 |   20.378 |   20.813 |   20.938 |   17.096 |   20.442 |   16.978 |   16.962 |   23.194 ||   -0.11   -0.07   -0.20  -29.54  -28.04  -27.61  -40.89  -29.32  -41.30  -41.35  -19.81
       med   |   29.112 |   29.113 |   29.026 |   29.048 |   20.878 |   20.920 |   21.034 |   17.329 |   20.879 |   17.104 |   16.979 |   23.574
80     5     |   29.949 |   29.988 |   30.045 |   30.117 |   30.040 |   30.054 |   30.052 |   30.097 |   29.970 |   30.025 |   30.048 |   30.000 ||   +0.13   +0.32   +0.56   +0.30   +0.35   +0.34   +0.49   +0.07   +0.25   +0.33   +0.17
       med   |   30.215 |   30.247 |   30.256 |   30.266 |   30.295 |   30.362 |   30.259 |   30.372 |   30.177 |   30.230 |   30.294 |   30.235
96     6     |   30.908 |   30.777 |   30.842 |   30.814 |   30.860 |   30.855 |   30.877 |   30.819 |   31.000 |   30.947 |   30.862 |   30.999 ||   -0.43   -0.22   -0.31   -0.16   -0.17   -0.10   -0.29   +0.30   +0.12   -0.15   +0.29
       med   |   31.085 |   31.093 |   31.029 |   31.071 |   31.064 |   31.134 |   31.046 |   31.102 |   31.112 |   31.211 |   31.036 |   31.175
112    7     |   31.828 |   31.709 |   31.711 |   31.874 |   31.757 |   31.760 |   31.748 |   31.869 |   31.888 |   31.793 |   31.763 |   31.890 ||   -0.37   -0.37   +0.15   -0.22   -0.21   -0.25   +0.13   +0.19   -0.11   -0.20   +0.20
       med   |   32.171 |   32.133 |   32.099 |   32.015 |   32.166 |   32.228 |   32.107 |   32.232 |   32.170 |   32.176 |   32.098 |   32.216
128    8     |   30.212 |   30.035 |   30.007 |   29.636 |   30.054 |   30.116 |   29.774 |   29.931 |   27.319 |   27.123 |   30.103 |   36.459 ||   -0.59   -0.68   -1.90   -0.52   -0.32   -1.45   -0.93   -9.58  -10.22   -0.36  +20.68
       med   |   30.668 |   30.286 |   30.310 |   30.118 |   30.376 |   30.426 |   30.246 |   30.276 |   27.673 |   27.516 |   30.237 |   36.754
256    16    |   52.151 |   52.363 |   51.541 |   51.811 |   52.120 |   52.176 |   52.145 |   52.157 |   52.264 |   52.346 |   51.923 |   51.944 ||   +0.41   -1.17   -0.65   -0.06   +0.05   -0.01   +0.01   +0.22   +0.37   -0.44   -0.40
       med   |   52.702 |   52.983 |   52.516 |   52.791 |   52.549 |   52.699 |   52.615 |   52.797 |   52.651 |   52.822 |   52.691 |   52.811
512    32    |   94.898 |   95.264 |   93.667 |   94.104 |   94.486 |   93.624 |   94.636 |   94.464 |   94.826 |   95.396 |   94.543 |   94.940 ||   +0.39   -1.30   -0.84   -0.43   -1.34   -0.28   -0.46   -0.08   +0.52   -0.37   +0.04
       med   |   96.097 |   96.266 |   95.468 |   95.573 |   95.730 |   95.642 |   95.531 |   95.694 |   95.768 |   96.216 |   95.409 |   95.942
1024   64    |  180.144 |  179.917 |  179.299 |  179.702 |  179.938 |  179.873 |  179.812 |  179.917 |  179.831 |  180.440 |  179.777 |  179.696 ||   -0.13   -0.47   -0.25   -0.11   -0.15   -0.18   -0.13   -0.17   +0.16   -0.20   -0.25
       med   |  182.553 |  182.793 |  181.259 |  181.340 |  181.486 |  181.584 |  181.685 |  181.771 |  181.981 |  182.788 |  181.107 |  182.399
4096   256   |  691.881 |  693.102 |  691.087 |  692.071 |  691.015 |  691.399 |  690.529 |  691.841 |  694.042 |  692.999 |  690.251 |  693.683 ||   +0.18   -0.11   +0.03   -0.13   -0.07   -0.20   -0.01   +0.31   +0.16   -0.24   +0.26
       med   |  700.259 |  700.035 |  694.557 |  694.918 |  694.745 |  695.920 |  694.124 |  695.857 |  699.006 |  698.868 |  694.199 |  699.150
=== process order1.3
SELFCHECK OK (256 whole-block lengths 1..256 blk x 12 variants; out/Xi/ivec/ret byte-identical, nothing written past 16*nblk)
bytes  blks  |     base |   baseAA |     dsp0 |   dsp0AA |       g4 |     g4AA |      g4h |       a4 |     g4p8 |     t4p8 |       t4 |    m4s4h ||  baseAA%    dsp0%  dsp0AA%      g4%    g4AA%     g4h%      a4%    g4p8%    t4p8%      t4%   m4s4h%
16     1     |   26.126 |   26.140 |   26.240 |   26.416 |   20.512 |   20.789 |   20.892 |   14.646 |   20.752 |   13.891 |   13.936 |   13.926 ||   +0.05   +0.44   +1.11  -21.49  -20.43  -20.03  -43.94  -20.57  -46.83  -46.66  -46.70
       med   |   26.728 |   27.061 |   27.376 |   27.613 |   20.982 |   20.924 |   21.043 |   15.256 |   20.942 |   13.942 |   13.948 |   14.108
32     2     |   26.532 |   26.495 |   26.360 |   26.420 |   20.778 |   20.764 |   20.883 |   15.488 |   20.673 |   14.825 |   14.841 |   15.280 ||   -0.14   -0.65   -0.42  -21.69  -21.74  -21.29  -41.62  -22.08  -44.12  -44.06  -42.41
       med   |   26.731 |   26.695 |   26.638 |   26.721 |   20.892 |   20.924 |   21.032 |   15.554 |   20.879 |   14.871 |   14.891 |   15.374
48     3     |   27.762 |   27.739 |   27.691 |   27.710 |   20.690 |   20.795 |   20.898 |   16.371 |   20.585 |   15.496 |   15.511 |   18.930 ||   -0.08   -0.26   -0.19  -25.47  -25.10  -24.72  -41.03  -25.85  -44.18  -44.13  -31.81
       med   |   28.179 |   27.964 |   27.883 |   27.891 |   20.896 |   20.924 |   21.033 |   16.747 |   20.872 |   15.590 |   15.527 |   19.373
64     4     |   28.916 |   28.892 |   28.912 |   28.858 |   20.715 |   20.569 |   20.938 |   17.084 |   20.560 |   16.981 |   16.960 |   23.193 ||   -0.08   -0.01   -0.20  -28.36  -28.87  -27.59  -40.92  -28.90  -41.28  -41.35  -19.79
       med   |   29.141 |   29.106 |   29.032 |   29.032 |   20.892 |   20.889 |   21.070 |   17.317 |   20.872 |   17.089 |   16.981 |   23.518
80     5     |   29.948 |   29.992 |   30.051 |   30.119 |   30.045 |   30.030 |   30.050 |   30.116 |   29.985 |   30.108 |   30.029 |   29.976 ||   +0.15   +0.34   +0.57   +0.32   +0.27   +0.34   +0.56   +0.12   +0.54   +0.27   +0.09
       med   |   30.177 |   30.249 |   30.271 |   30.269 |   30.326 |   30.408 |   30.265 |   30.380 |   30.180 |   30.245 |   30.279 |   30.223
96     6     |   30.900 |   30.866 |   30.850 |   30.834 |   30.864 |   30.877 |   30.869 |   30.830 |   31.004 |   30.945 |   30.869 |   30.986 ||   -0.11   -0.16   -0.21   -0.12   -0.07   -0.10   -0.23   +0.34   +0.15   -0.10   +0.28
       med   |   31.080 |   31.081 |   31.034 |   31.088 |   31.061 |   31.107 |   31.036 |   31.104 |   31.113 |   31.219 |   31.024 |   31.124
112    7     |   31.819 |   31.699 |   31.753 |   31.869 |   31.752 |   31.754 |   31.758 |   31.872 |   31.796 |   31.793 |   31.754 |   31.879 ||   -0.38   -0.21   +0.16   -0.21   -0.21   -0.19   +0.17   -0.07   -0.08   -0.21   +0.19
       med   |   32.154 |   32.167 |   32.100 |   32.057 |   32.124 |   32.324 |   32.102 |   32.240 |   32.176 |   32.182 |   32.130 |   32.206
128    8     |   30.152 |   30.037 |   30.100 |   29.669 |   30.013 |   30.098 |   30.045 |   29.932 |   27.122 |   27.172 |   30.098 |   36.471 ||   -0.38   -0.17   -1.60   -0.46   -0.18   -0.35   -0.73  -10.05   -9.88   -0.18  +20.96
       med   |   30.711 |   30.274 |   30.309 |   30.201 |   30.328 |   30.383 |   30.236 |   30.356 |   27.669 |   27.504 |   30.236 |   36.744
256    16    |   52.240 |   52.350 |   51.939 |   52.024 |   52.053 |   52.059 |   52.134 |   52.054 |   51.298 |   52.435 |   52.182 |   51.906 ||   +0.21   -0.58   -0.41   -0.36   -0.35   -0.20   -0.35   -1.80   +0.37   -0.11   -0.64
       med   |   52.783 |   52.964 |   52.558 |   52.823 |   52.638 |   52.633 |   52.610 |   52.779 |   52.663 |   52.860 |   52.679 |   52.799
512    32    |   94.959 |   95.099 |   94.248 |   94.701 |   94.660 |   94.298 |   94.835 |   94.441 |   94.832 |   95.360 |   93.517 |   94.826 ||   +0.15   -0.75   -0.27   -0.32   -0.70   -0.13   -0.55   -0.13   +0.42   -1.52   -0.14
       med   |   96.009 |   96.257 |   95.439 |   95.594 |   95.659 |   95.902 |   95.498 |   95.731 |   95.830 |   96.199 |   95.350 |   95.965
1024   64    |  179.791 |  179.992 |  179.760 |  179.644 |  179.860 |  179.513 |  179.703 |  179.744 |  180.002 |  180.457 |  179.469 |  179.712 ||   +0.11   -0.02   -0.08   +0.04   -0.15   -0.05   -0.03   +0.12   +0.37   -0.18   -0.04
       med   |  182.494 |  182.575 |  181.312 |  181.329 |  181.488 |  181.611 |  181.615 |  181.579 |  182.206 |  182.767 |  181.113 |  182.299
4096   256   |  692.342 |  693.904 |  691.066 |  692.357 |  691.027 |  691.622 |  690.465 |  691.875 |  693.086 |  694.134 |  690.327 |  694.599 ||   +0.23   -0.18   +0.00   -0.19   -0.10   -0.27   -0.07   +0.11   +0.26   -0.29   +0.33
       med   |  700.047 |  700.462 |  694.394 |  694.830 |  695.034 |  695.902 |  694.494 |  696.062 |  699.078 |  698.744 |  694.674 |  699.178
=== process order1.4
SELFCHECK OK (256 whole-block lengths 1..256 blk x 12 variants; out/Xi/ivec/ret byte-identical, nothing written past 16*nblk)
bytes  blks  |     base |   baseAA |     dsp0 |   dsp0AA |       g4 |     g4AA |      g4h |       a4 |     g4p8 |     t4p8 |       t4 |    m4s4h ||  baseAA%    dsp0%  dsp0AA%      g4%    g4AA%     g4h%      a4%    g4p8%    t4p8%      t4%   m4s4h%
16     1     |   26.317 |   26.395 |   26.658 |   26.527 |   19.650 |   19.707 |   20.952 |   14.837 |   20.756 |   13.932 |   13.931 |   13.913 ||   +0.30   +1.30   +0.80  -25.33  -25.12  -20.39  -43.62  -21.13  -47.06  -47.06  -47.13
       med   |   26.524 |   26.804 |   27.100 |   27.258 |   20.914 |   20.931 |   21.033 |   15.249 |   20.875 |   13.942 |   13.948 |   14.108
32     2     |   26.522 |   26.463 |   26.350 |   26.414 |   20.150 |   20.600 |   20.905 |   15.494 |   20.776 |   14.818 |   14.840 |   15.280 ||   -0.22   -0.65   -0.41  -24.02  -22.33  -21.18  -41.58  -21.67  -44.13  -44.05  -42.39
       med   |   26.698 |   26.690 |   26.637 |   26.656 |   20.887 |   20.914 |   21.019 |   15.600 |   20.870 |   14.869 |   14.891 |   15.371
48     3     |   27.508 |   27.730 |   27.710 |   27.716 |   20.776 |   20.698 |   20.909 |   16.415 |   20.455 |   15.492 |   15.510 |   18.874 ||   +0.81   +0.73   +0.76  -24.47  -24.76  -23.99  -40.33  -25.64  -43.68  -43.62  -31.39
       med   |   28.076 |   27.952 |   27.895 |   27.901 |   20.878 |   20.926 |   21.028 |   16.761 |   20.878 |   15.591 |   15.528 |   19.305
64     4     |   28.923 |   28.886 |   28.853 |   28.859 |   20.735 |   20.825 |   20.962 |   17.082 |   20.677 |   16.976 |   16.958 |   23.186 ||   -0.13   -0.24   -0.22  -28.31  -28.00  -27.53  -40.94  -28.51  -41.31  -41.37  -19.83
       med   |   29.077 |   29.039 |   29.049 |   29.033 |   20.888 |   20.922 |   21.030 |   17.297 |   20.885 |   17.084 |   16.981 |   23.587
80     5     |   29.945 |   29.994 |   30.045 |   30.128 |   30.045 |   30.038 |   30.053 |   30.118 |   29.997 |   30.106 |   30.041 |   29.985 ||   +0.16   +0.33   +0.61   +0.33   +0.31   +0.36   +0.58   +0.17   +0.54   +0.32   +0.13
       med   |   30.169 |   30.250 |   30.232 |   30.269 |   30.338 |   30.355 |   30.261 |   30.334 |   30.180 |   30.223 |   30.242 |   30.233
96     6     |   30.912 |   30.875 |   30.858 |   30.833 |   30.881 |   30.875 |   30.873 |   30.829 |   30.996 |   30.951 |   30.869 |   30.994 ||   -0.12   -0.17   -0.26   -0.10   -0.12   -0.13   -0.27   +0.27   +0.13   -0.14   +0.27
       med   |   31.089 |   31.134 |   31.022 |   31.061 |   31.058 |   31.176 |   31.040 |   31.105 |   31.124 |   31.199 |   31.028 |   31.198
112    7     |   31.807 |   31.723 |   31.643 |   31.879 |   31.752 |   31.763 |   31.758 |   31.867 |   31.811 |   31.787 |   31.758 |   31.774 ||   -0.27   -0.52   +0.22   -0.17   -0.14   -0.15   +0.19   +0.01   -0.07   -0.16   -0.10
       med   |   32.363 |   32.496 |   32.476 |   32.610 |   32.449 |   32.514 |   32.502 |   32.462 |   32.330 |   32.477 |   32.276 |   32.404
128    8     |   30.123 |   30.044 |   30.104 |   29.759 |   30.021 |   30.108 |   30.042 |   29.940 |   27.231 |   27.134 |   30.103 |   36.471 ||   -0.26   -0.06   -1.21   -0.34   -0.05   -0.27   -0.61   -9.60   -9.92   -0.07  +21.07
       med   |   30.532 |   30.283 |   30.311 |   30.220 |   30.345 |   30.385 |   30.252 |   30.350 |   27.660 |   27.505 |   30.173 |   36.764
256    16    |   52.141 |   52.349 |   52.052 |   52.177 |   51.958 |   51.563 |   52.115 |   52.115 |   52.279 |   52.401 |   52.201 |   52.266 ||   +0.40   -0.17   +0.07   -0.35   -1.11   -0.05   -0.05   +0.27   +0.50   +0.12   +0.24
       med   |   52.806 |   52.971 |   52.572 |   52.805 |   52.610 |   52.648 |   52.570 |   52.784 |   52.695 |   52.892 |   52.674 |   52.765
512    32    |   95.278 |   95.075 |   94.062 |   94.937 |   94.659 |   94.746 |   94.017 |   94.524 |   94.728 |   93.896 |   93.990 |   94.793 ||   -0.21   -1.28   -0.36   -0.65   -0.56   -1.32   -0.79   -0.58   -1.45   -1.35   -0.51
       med   |   96.116 |   96.336 |   95.456 |   95.774 |   95.710 |   95.722 |   95.819 |   95.756 |   95.813 |   96.139 |   95.323 |   96.021
1024   64    |  179.763 |  180.738 |  179.609 |  178.912 |  179.876 |  179.260 |  178.984 |  179.760 |  179.789 |  180.448 |  178.883 |  179.857 ||   +0.54   -0.09   -0.47   +0.06   -0.28   -0.43   -0.00   +0.01   +0.38   -0.49   +0.05
       med   |  182.484 |  183.590 |  181.317 |  181.353 |  181.439 |  181.475 |  181.356 |  181.386 |  181.971 |  182.819 |  180.893 |  182.314
4096   256   |  695.294 |  694.504 |  690.159 |  692.098 |  691.211 |  690.627 |  691.298 |  692.407 |  693.909 |  692.783 |  690.460 |  693.877 ||   -0.11   -0.74   -0.46   -0.59   -0.67   -0.57   -0.42   -0.20   -0.36   -0.70   -0.20
       med   |  700.327 |  700.352 |  694.528 |  694.916 |  694.933 |  696.114 |  694.125 |  695.766 |  699.100 |  698.770 |  694.904 |  699.053
=== process order1.5
SELFCHECK OK (256 whole-block lengths 1..256 blk x 12 variants; out/Xi/ivec/ret byte-identical, nothing written past 16*nblk)
bytes  blks  |     base |   baseAA |     dsp0 |   dsp0AA |       g4 |     g4AA |      g4h |       a4 |     g4p8 |     t4p8 |       t4 |    m4s4h ||  baseAA%    dsp0%  dsp0AA%      g4%    g4AA%     g4h%      a4%    g4p8%    t4p8%      t4%   m4s4h%
16     1     |   26.143 |   26.158 |   26.321 |   26.335 |   19.637 |   19.692 |   20.738 |   14.686 |   20.693 |   13.892 |   13.936 |   13.932 ||   +0.06   +0.68   +0.74  -24.89  -24.68  -20.67  -43.82  -20.85  -46.86  -46.69  -46.71
       med   |   26.629 |   27.072 |   27.424 |   27.651 |   20.901 |   21.017 |   21.049 |   15.112 |   20.865 |   13.943 |   13.948 |   14.109
32     2     |   26.539 |   26.469 |   26.424 |   26.416 |   20.580 |   20.659 |   20.675 |   15.498 |   20.759 |   14.825 |   14.836 |   15.280 ||   -0.27   -0.44   -0.47  -22.45  -22.16  -22.10  -41.61  -21.78  -44.14  -44.10  -42.43
       med   |   26.724 |   26.692 |   26.638 |   26.626 |   20.904 |   20.923 |   21.038 |   15.555 |   20.903 |   14.870 |   14.891 |   15.383
48     3     |   27.764 |   27.721 |   27.708 |   27.704 |   20.682 |   20.810 |   20.777 |   16.384 |   20.564 |   15.492 |   15.514 |   18.919 ||   -0.15   -0.20   -0.22  -25.51  -25.05  -25.17  -40.99  -25.93  -44.20  -44.12  -31.86
       med   |   28.121 |   27.962 |   27.949 |   27.898 |   20.894 |   20.924 |   21.084 |   16.836 |   20.881 |   15.591 |   15.536 |   19.301
64     4     |   28.918 |   28.886 |   28.879 |   28.865 |   20.297 |   20.810 |   20.783 |   17.077 |   20.709 |   16.977 |   16.959 |   23.208 ||   -0.11   -0.13   -0.18  -29.81  -28.04  -28.13  -40.95  -28.39  -41.29  -41.36  -19.75
       med   |   29.113 |   29.103 |   29.066 |   29.032 |   20.900 |   20.919 |   21.037 |   17.338 |   20.906 |   17.124 |   17.033 |   23.642
80     5     |   29.954 |   29.994 |   30.040 |   30.120 |   30.025 |   29.622 |   30.049 |   30.114 |   29.961 |   30.111 |   30.049 |   29.982 ||   +0.13   +0.29   +0.56   +0.24   -1.11   +0.32   +0.53   +0.02   +0.52   +0.32   +0.09
       med   |   30.164 |   30.236 |   30.265 |   30.261 |   30.310 |   30.368 |   30.277 |   30.354 |   30.175 |   30.218 |   30.281 |   30.229
96     6     |   30.906 |   30.868 |   30.865 |   30.830 |   30.860 |   30.847 |   30.798 |   30.786 |   31.004 |   30.946 |   30.855 |   31.000 ||   -0.12   -0.13   -0.25   -0.15   -0.19   -0.35   -0.39   +0.32   +0.13   -0.16   +0.30
       med   |   31.096 |   31.104 |   31.023 |   31.053 |   31.074 |   31.136 |   31.033 |   31.069 |   31.115 |   31.151 |   31.038 |   31.189
112    7     |   31.688 |   31.654 |   31.763 |   31.873 |   31.776 |   31.766 |   31.762 |   31.871 |   31.421 |   31.785 |   31.758 |   31.879 ||   -0.11   +0.23   +0.58   +0.28   +0.25   +0.23   +0.58   -0.84   +0.31   +0.22   +0.60
       med   |   32.124 |   32.103 |   32.100 |   32.019 |   32.129 |   32.206 |   32.096 |   32.153 |   32.065 |   32.158 |   32.101 |   32.197
128    8     |   30.123 |   30.042 |   30.021 |   29.950 |   30.005 |   30.098 |   30.049 |   29.944 |   27.121 |   27.133 |   30.043 |   36.465 ||   -0.27   -0.34   -0.57   -0.39   -0.08   -0.24   -0.59   -9.96   -9.93   -0.27  +21.05
       med   |   30.579 |   30.292 |   30.300 |   30.190 |   30.361 |   30.381 |   30.253 |   30.309 |   27.659 |   27.504 |   30.237 |   36.722
256    16    |   52.165 |   52.362 |   51.806 |   52.262 |   52.039 |   52.147 |   52.100 |   52.213 |   52.283 |   52.367 |   52.100 |   52.014 ||   +0.38   -0.69   +0.19   -0.24   -0.03   -0.12   +0.09   +0.23   +0.39   -0.12   -0.29
       med   |   52.731 |   52.963 |   52.561 |   52.800 |   52.575 |   52.639 |   52.559 |   52.835 |   52.702 |   52.887 |   52.602 |   52.767
512    32    |   95.139 |   95.088 |   93.577 |   94.512 |   94.125 |   94.732 |   93.514 |   94.529 |   94.686 |   95.226 |   93.881 |   95.311 ||   -0.05   -1.64   -0.66   -1.07   -0.43   -1.71   -0.64   -0.48   +0.09   -1.32   +0.18
       med   |   96.098 |   96.191 |   95.401 |   95.613 |   95.700 |   95.705 |   95.552 |   95.764 |   95.833 |   96.245 |   95.216 |   96.094
1024   64    |  179.791 |  180.595 |  179.267 |  179.802 |  179.684 |  179.095 |  179.650 |  179.720 |  179.681 |  180.262 |  179.839 |  180.171 ||   +0.45   -0.29   +0.01   -0.06   -0.39   -0.08   -0.04   -0.06   +0.26   +0.03   +0.21
       med   |  182.536 |  182.897 |  181.320 |  181.487 |  181.429 |  181.635 |  181.347 |  181.616 |  181.994 |  182.844 |  180.952 |  182.482
4096   256   |  694.283 |  692.399 |  691.120 |  692.044 |  691.163 |  691.122 |  690.251 |  692.179 |  694.130 |  693.621 |  689.981 |  693.421 ||   -0.27   -0.46   -0.32   -0.45   -0.46   -0.58   -0.30   -0.02   -0.10   -0.62   -0.12
       med   |  700.178 |  699.951 |  694.554 |  694.722 |  695.116 |  695.640 |  694.145 |  695.537 |  698.891 |  698.503 |  694.096 |  699.077
=== process order2.1
SELFCHECK OK (256 whole-block lengths 1..256 blk x 12 variants; out/Xi/ivec/ret byte-identical, nothing written past 16*nblk)
bytes  blks  |     base |    m4s4h |       t4 |     t4p8 |     g4p8 |       a4 |      g4h |     g4AA |       g4 |   dsp0AA |     dsp0 |   baseAA ||   m4s4h%      t4%    t4p8%    g4p8%      a4%     g4h%    g4AA%      g4%  dsp0AA%    dsp0%  baseAA%
16     1     |   26.309 |   13.909 |   13.945 |   13.937 |   20.807 |   14.731 |   20.888 |   20.692 |   19.720 |   26.491 |   26.474 |   26.311 ||  -47.13  -47.00  -47.03  -20.91  -44.01  -20.60  -21.35  -25.04   +0.69   +0.63   +0.01
       med   |   26.573 |   14.106 |   13.999 |   14.004 |   20.998 |   15.156 |   21.165 |   20.963 |   20.935 |   27.074 |   27.200 |   26.666
32     2     |   26.516 |   15.279 |   14.843 |   14.855 |   20.805 |   15.490 |   20.813 |   20.809 |   20.689 |   26.423 |   26.415 |   26.439 ||  -42.38  -44.02  -43.98  -21.54  -41.58  -21.51  -21.52  -21.98   -0.35   -0.38   -0.29
       med   |   26.719 |   15.291 |   14.906 |   14.872 |   20.952 |   15.514 |   21.085 |   20.923 |   20.913 |   26.694 |   26.730 |   26.723
48     3     |   27.752 |   18.878 |   15.521 |   15.494 |   20.810 |   16.395 |   20.946 |   20.711 |   20.696 |   27.719 |   27.696 |   27.119 ||  -31.98  -44.07  -44.17  -25.02  -40.92  -24.52  -25.37  -25.43   -0.12   -0.20   -2.28
       med   |   28.023 |   19.123 |   15.565 |   15.506 |   20.948 |   16.471 |   21.205 |   20.921 |   20.900 |   27.997 |   27.926 |   27.970
64     4     |   28.918 |   23.192 |   17.050 |   16.973 |   20.810 |   17.065 |   20.919 |   20.804 |   20.739 |   28.897 |   28.865 |   28.920 ||  -19.80  -41.04  -41.31  -28.04  -40.99  -27.66  -28.06  -28.28   -0.07   -0.18   +0.01
       med   |   29.148 |   23.416 |   17.232 |   16.990 |   20.936 |   17.308 |   21.065 |   20.916 |   20.909 |   29.103 |   29.030 |   29.120
80     5     |   29.957 |   30.006 |   30.126 |   30.113 |   30.107 |   30.014 |   30.123 |   30.051 |   30.040 |   30.053 |   30.087 |   29.965 ||   +0.16   +0.57   +0.52   +0.50   +0.19   +0.55   +0.31   +0.28   +0.32   +0.43   +0.03
       med   |   30.242 |   30.266 |   30.306 |   30.226 |   30.211 |   30.340 |   30.391 |   30.286 |   30.325 |   30.316 |   30.264 |   30.216
96     6     |   30.904 |   30.995 |   30.821 |   30.942 |   30.947 |   30.822 |   30.841 |   30.857 |   30.877 |   30.871 |   30.820 |   30.903 ||   +0.29   -0.27   +0.12   +0.14   -0.27   -0.21   -0.15   -0.09   -0.11   -0.27   -0.00
       med   |   31.081 |   31.179 |   31.083 |   31.135 |   31.171 |   31.104 |   31.252 |   31.027 |   31.057 |   31.050 |   31.094 |   31.082
112    7     |   31.809 |   31.772 |   31.871 |   31.786 |   31.794 |   31.871 |   31.882 |   31.756 |   31.756 |   31.755 |   31.877 |   31.822 ||   -0.12   +0.19   -0.07   -0.05   +0.19   +0.23   -0.17   -0.17   -0.17   +0.21   +0.04
       med   |   32.184 |   32.228 |   32.055 |   32.191 |   32.176 |   32.053 |   32.247 |   32.118 |   32.185 |   32.119 |   32.049 |   32.145
128    8     |   30.115 |   36.468 |   29.682 |   27.122 |   27.374 |   29.936 |   30.209 |   30.106 |   30.104 |   30.108 |   29.934 |   30.106 ||  +21.10   -1.44   -9.94   -9.10   -0.60   +0.31   -0.03   -0.04   -0.02   -0.60   -0.03
       med   |   30.345 |   36.787 |   30.279 |   27.526 |   28.040 |   30.161 |   30.550 |   30.370 |   30.283 |   30.313 |   30.132 |   30.223
256    16    |   52.242 |   52.280 |   52.229 |   52.413 |   52.131 |   52.127 |   52.495 |   52.160 |   52.017 |   52.174 |   52.217 |   52.243 ||   +0.07   -0.02   +0.33   -0.21   -0.22   +0.48   -0.16   -0.43   -0.13   -0.05   +0.00
       med   |   52.780 |   52.765 |   52.729 |   52.894 |   52.851 |   52.769 |   52.812 |   52.694 |   52.582 |   52.652 |   52.579 |   52.624
512    32    |   95.150 |   95.018 |   94.519 |   95.383 |   95.398 |   94.676 |   95.028 |   94.852 |   93.873 |   94.693 |   94.344 |   95.032 ||   -0.14   -0.66   +0.25   +0.26   -0.50   -0.13   -0.31   -1.34   -0.48   -0.85   -0.12
       med   |   96.092 |   95.906 |   95.700 |   96.231 |   96.173 |   95.768 |   95.917 |   95.521 |   95.420 |   95.469 |   95.662 |   95.793
1024   64    |  180.329 |  179.579 |  179.226 |  180.247 |  180.365 |  179.666 |  180.166 |  178.297 |  179.339 |  179.327 |  179.669 |  179.551 ||   -0.42   -0.61   -0.05   +0.02   -0.37   -0.09   -1.13   -0.55   -0.56   -0.37   -0.43
       med   |  182.468 |  182.210 |  181.722 |  182.839 |  182.854 |  181.651 |  181.468 |  181.261 |  181.342 |  181.197 |  181.340 |  182.201
4096   256   |  695.356 |  693.795 |  692.241 |  693.445 |  694.215 |  692.104 |  692.271 |  690.779 |  691.153 |  690.097 |  691.983 |  692.946 ||   -0.22   -0.45   -0.27   -0.16   -0.47   -0.44   -0.66   -0.60   -0.76   -0.49   -0.35
       med   |  700.095 |  699.894 |  694.571 |  700.022 |  699.621 |  694.994 |  695.385 |  694.212 |  695.019 |  693.760 |  695.431 |  700.072
=== process order2.2
SELFCHECK OK (256 whole-block lengths 1..256 blk x 12 variants; out/Xi/ivec/ret byte-identical, nothing written past 16*nblk)
bytes  blks  |     base |    m4s4h |       t4 |     t4p8 |     g4p8 |       a4 |      g4h |     g4AA |       g4 |   dsp0AA |     dsp0 |   baseAA ||   m4s4h%      t4%    t4p8%    g4p8%      a4%     g4h%    g4AA%      g4%  dsp0AA%    dsp0%  baseAA%
16     1     |   26.166 |   13.872 |   13.943 |   13.935 |   20.792 |   14.733 |   20.874 |   19.647 |   19.676 |   26.388 |   26.387 |   26.166 ||  -46.99  -46.71  -46.74  -20.54  -43.69  -20.22  -24.92  -24.80   +0.85   +0.84   +0.00
       med   |   26.500 |   14.106 |   13.997 |   14.003 |   20.977 |   15.167 |   21.150 |   20.974 |   20.940 |   26.833 |   26.866 |   26.451
32     2     |   26.527 |   15.279 |   14.837 |   14.862 |   20.781 |   15.491 |   20.876 |   20.741 |   20.704 |   26.423 |   26.412 |   26.438 ||  -42.40  -44.07  -43.97  -21.66  -41.60  -21.30  -21.81  -21.95   -0.39   -0.43   -0.34
       med   |   26.729 |   15.371 |   14.904 |   14.872 |   20.955 |   15.511 |   21.065 |   20.918 |   20.919 |   26.697 |   26.734 |   26.725
48     3     |   27.734 |   18.863 |   15.518 |   15.491 |   20.826 |   16.334 |   20.968 |   20.772 |   20.776 |   27.709 |   27.701 |   27.738 ||  -31.98  -44.05  -44.14  -24.91  -41.11  -24.39  -25.10  -25.09   -0.09   -0.12   +0.02
       med   |   27.996 |   19.061 |   15.593 |   15.504 |   20.940 |   16.380 |   21.198 |   20.910 |   20.900 |   27.978 |   27.944 |   27.988
64     4     |   28.911 |   23.191 |   17.057 |   16.971 |   20.775 |   17.068 |   20.917 |   20.742 |   20.772 |   28.904 |   28.806 |   28.917 ||  -19.78  -41.00  -41.30  -28.14  -40.96  -27.65  -28.26  -28.15   -0.03   -0.36   +0.02
       med   |   29.144 |   23.249 |   17.257 |   16.990 |   20.936 |   17.318 |   21.055 |   20.915 |   20.912 |   29.122 |   29.028 |   29.156
80     5     |   29.951 |   29.995 |   30.121 |   30.107 |   30.115 |   29.995 |   30.127 |   30.036 |   30.046 |   30.049 |   30.113 |   29.952 ||   +0.15   +0.57   +0.52   +0.55   +0.15   +0.59   +0.28   +0.32   +0.33   +0.54   +0.00
       med   |   30.217 |   30.244 |   30.311 |   30.239 |   30.225 |   30.269 |   30.355 |   30.285 |   30.306 |   30.308 |   30.264 |   30.218
96     6     |   30.942 |   31.000 |   30.798 |   30.941 |   30.941 |   30.807 |   30.828 |   30.837 |   30.860 |   30.867 |   30.824 |   30.903 ||   +0.19   -0.47   -0.00   -0.01   -0.44   -0.37   -0.34   -0.27   -0.24   -0.38   -0.13
       med   |   31.082 |   31.183 |   31.088 |   31.126 |   31.176 |   31.100 |   31.301 |   31.036 |   31.083 |   31.058 |   31.086 |   31.080
112    7     |   31.833 |   31.888 |   31.880 |   31.806 |   31.786 |   31.878 |   31.874 |   31.773 |   31.800 |   31.779 |   31.870 |   31.772 ||   +0.17   +0.15   -0.09   -0.15   +0.14   +0.13   -0.19   -0.11   -0.17   +0.12   -0.19
       med   |   34.573 |   34.722 |   34.812 |   34.606 |   35.032 |   34.719 |   34.355 |   34.292 |   34.261 |   34.240 |   34.711 |   34.749
128    8     |   30.119 |   36.468 |   29.628 |   27.195 |   27.278 |   29.937 |   30.206 |   30.105 |   30.111 |   30.101 |   29.934 |   30.111 ||  +21.08   -1.63   -9.71   -9.43   -0.60   +0.29   -0.05   -0.03   -0.06   -0.61   -0.02
       med   |   30.354 |   36.716 |   30.266 |   27.516 |   28.056 |   30.218 |   30.552 |   30.313 |   30.295 |   30.306 |   30.147 |   30.226
256    16    |   52.217 |   51.459 |   52.252 |   52.349 |   52.348 |   52.227 |   52.487 |   52.174 |   51.937 |   52.184 |   52.228 |   52.252 ||   -1.45   +0.07   +0.25   +0.25   +0.02   +0.52   -0.08   -0.54   -0.06   +0.02   +0.07
       med   |   52.801 |   52.708 |   52.749 |   52.879 |   52.881 |   52.798 |   52.811 |   52.698 |   52.550 |   52.651 |   52.614 |   52.630
512    32    |   94.524 |   94.849 |   94.740 |   95.405 |   95.382 |   94.746 |   95.009 |   93.911 |   94.779 |   93.576 |   94.654 |   94.704 ||   +0.34   +0.23   +0.93   +0.91   +0.23   +0.51   -0.65   +0.27   -1.00   +0.14   +0.19
       med   |   96.000 |   95.864 |   95.833 |   96.191 |   96.183 |   95.825 |   95.847 |   95.485 |   95.446 |   95.441 |   95.656 |   95.894
1024   64    |  180.668 |  179.570 |  179.271 |  180.604 |  180.662 |  179.922 |  180.181 |  179.767 |  179.706 |  179.364 |  178.979 |  179.743 ||   -0.61   -0.77   -0.04   -0.00   -0.41   -0.27   -0.50   -0.53   -0.72   -0.93   -0.51
       med   |  182.520 |  182.131 |  181.671 |  182.784 |  182.785 |  181.705 |  181.576 |  181.297 |  181.195 |  181.383 |  181.209 |  182.209
4096   256   |  694.516 |  693.253 |  690.906 |  693.525 |  693.551 |  691.530 |  692.384 |  689.826 |  690.548 |  691.258 |  690.997 |  694.071 ||   -0.18   -0.52   -0.14   -0.14   -0.43   -0.31   -0.68   -0.57   -0.47   -0.51   -0.06
       med   |  700.008 |  699.721 |  694.600 |  699.576 |  699.938 |  695.168 |  695.491 |  694.216 |  694.785 |  693.768 |  694.846 |  699.788
=== process order2.3
SELFCHECK OK (256 whole-block lengths 1..256 blk x 12 variants; out/Xi/ivec/ret byte-identical, nothing written past 16*nblk)
bytes  blks  |     base |    m4s4h |       t4 |     t4p8 |     g4p8 |       a4 |      g4h |     g4AA |       g4 |   dsp0AA |     dsp0 |   baseAA ||   m4s4h%      t4%    t4p8%    g4p8%      a4%     g4h%    g4AA%      g4%  dsp0AA%    dsp0%  baseAA%
16     1     |   26.144 |   13.876 |   13.940 |   13.939 |   20.795 |   14.715 |   20.277 |   19.775 |   19.644 |   26.284 |   26.536 |   26.134 ||  -46.92  -46.68  -46.68  -20.46  -43.72  -22.44  -24.36  -24.86   +0.54   +1.50   -0.04
       med   |   26.697 |   14.109 |   13.999 |   14.005 |   20.972 |   15.168 |   21.165 |   20.932 |   20.928 |   27.457 |   27.632 |   26.844
32     2     |   26.459 |   15.279 |   14.845 |   14.860 |   20.777 |   15.492 |   20.877 |   20.467 |   20.704 |   26.434 |   26.411 |   26.440 ||  -42.25  -43.89  -43.84  -21.47  -41.45  -21.10  -22.65  -21.75   -0.10   -0.18   -0.07
       med   |   26.755 |   15.291 |   14.906 |   14.872 |   20.960 |   15.521 |   21.109 |   20.918 |   20.896 |   26.691 |   26.677 |   26.721
48     3     |   27.757 |   18.928 |   15.522 |   15.496 |   20.673 |   16.371 |   20.872 |   20.704 |   20.740 |   27.699 |   27.725 |   27.705 ||  -31.81  -44.08  -44.17  -25.52  -41.02  -24.81  -25.41  -25.28   -0.21   -0.12   -0.19
       med   |   27.997 |   19.122 |   15.585 |   15.516 |   20.959 |   16.565 |   21.180 |   20.941 |   20.925 |   27.973 |   27.883 |   27.964
64     4     |   28.914 |   23.192 |   17.050 |   16.972 |   20.809 |   17.054 |   20.890 |   20.591 |   20.715 |   28.909 |   28.873 |   28.918 ||  -19.79  -41.03  -41.30  -28.03  -41.02  -27.75  -28.78  -28.36   -0.02   -0.14   +0.01
       med   |   29.139 |   23.417 |   17.257 |   16.991 |   20.935 |   17.324 |   21.051 |   20.920 |   20.914 |   29.090 |   29.030 |   29.106
80     5     |   29.951 |   30.007 |   30.097 |   30.114 |   30.094 |   30.012 |   30.117 |   30.042 |   30.046 |   30.027 |   30.103 |   29.970 ||   +0.19   +0.49   +0.55   +0.48   +0.21   +0.56   +0.30   +0.32   +0.25   +0.51   +0.06
       med   |   30.213 |   30.262 |   30.297 |   30.233 |   30.185 |   30.302 |   30.375 |   30.293 |   30.318 |   30.302 |   30.255 |   30.218
96     6     |   30.908 |   30.994 |   30.810 |   30.951 |   30.943 |   30.783 |   30.782 |   30.849 |   30.844 |   30.845 |   30.813 |   30.898 ||   +0.28   -0.32   +0.14   +0.11   -0.41   -0.41   -0.19   -0.21   -0.20   -0.31   -0.03
       med   |   31.089 |   31.191 |   31.086 |   31.126 |   31.178 |   31.103 |   31.322 |   31.038 |   31.076 |   31.049 |   31.053 |   31.075
112    7     |   31.652 |   31.890 |   31.856 |   31.792 |   31.790 |   31.860 |   31.885 |   31.761 |   31.764 |   31.760 |   31.871 |   31.815 ||   +0.75   +0.65   +0.44   +0.44   +0.66   +0.74   +0.35   +0.35   +0.34   +0.69   +0.51
       med   |   32.102 |   32.227 |   32.005 |   32.171 |   32.038 |   32.023 |   32.160 |   32.088 |   32.115 |   32.117 |   32.008 |   32.114
128    8     |   30.077 |   36.480 |   29.942 |   27.185 |   27.284 |   29.859 |   30.197 |   30.100 |   30.100 |   30.099 |   29.941 |   30.104 ||  +21.29   -0.45   -9.62   -9.28   -0.73   +0.40   +0.08   +0.08   +0.07   -0.45   +0.09
       med   |   30.334 |   36.780 |   30.263 |   27.494 |   28.046 |   30.212 |   30.532 |   30.303 |   30.257 |   30.331 |   30.148 |   30.224
256    16    |   52.217 |   52.240 |   52.250 |   52.360 |   52.367 |   52.227 |   52.482 |   52.098 |   52.150 |   52.141 |   52.219 |   52.282 ||   +0.04   +0.06   +0.27   +0.29   +0.02   +0.51   -0.23   -0.13   -0.15   +0.00   +0.12
       med   |   52.760 |   52.727 |   52.719 |   52.884 |   52.825 |   52.781 |   52.825 |   52.728 |   52.581 |   52.631 |   52.585 |   52.623
512    32    |   95.044 |   94.867 |   94.467 |   95.386 |   95.302 |   94.687 |   94.994 |   93.503 |   93.776 |   93.893 |   94.454 |   94.920 ||   -0.19   -0.61   +0.36   +0.27   -0.38   -0.05   -1.62   -1.33   -1.21   -0.62   -0.13
       med   |   96.071 |   95.898 |   95.889 |   96.279 |   96.156 |   95.838 |   95.821 |   95.415 |   95.384 |   95.456 |   95.547 |   95.802
1024   64    |  179.691 |  178.929 |  179.879 |  180.778 |  181.000 |  179.976 |  180.079 |  179.637 |  179.742 |  179.643 |  179.716 |  179.537 ||   -0.42   +0.10   +0.60   +0.73   +0.16   +0.22   -0.03   +0.03   -0.03   +0.01   -0.09
       med   |  182.361 |  182.252 |  181.726 |  182.917 |  182.855 |  181.650 |  181.461 |  181.374 |  181.004 |  181.391 |  181.425 |  182.254
4096   256   |  693.669 |  693.773 |  691.942 |  693.168 |  693.535 |  692.000 |  692.265 |  690.511 |  691.310 |  690.663 |  692.047 |  693.780 ||   +0.01   -0.25   -0.07   -0.02   -0.24   -0.20   -0.46   -0.34   -0.43   -0.23   +0.02
       med   |  699.937 |  699.755 |  694.707 |  699.738 |  699.738 |  694.933 |  695.468 |  694.052 |  694.939 |  693.640 |  695.042 |  699.883
=== process order2.4
SELFCHECK OK (256 whole-block lengths 1..256 blk x 12 variants; out/Xi/ivec/ret byte-identical, nothing written past 16*nblk)
bytes  blks  |     base |    m4s4h |       t4 |     t4p8 |     g4p8 |       a4 |      g4h |     g4AA |       g4 |   dsp0AA |     dsp0 |   baseAA ||   m4s4h%      t4%    t4p8%    g4p8%      a4%     g4h%    g4AA%      g4%  dsp0AA%    dsp0%  baseAA%
16     1     |   26.315 |   13.921 |   13.944 |   13.896 |   20.807 |   14.711 |   20.801 |   20.594 |   19.774 |   26.470 |   26.619 |   26.289 ||  -47.10  -47.01  -47.19  -20.93  -44.10  -20.95  -21.74  -24.86   +0.59   +1.15   -0.10
       med   |   26.568 |   14.107 |   13.999 |   14.004 |   20.972 |   15.123 |   21.075 |   20.921 |   20.916 |   27.241 |   27.201 |   26.623
32     2     |   26.522 |   15.277 |   14.842 |   14.858 |   20.780 |   15.489 |   20.956 |   20.806 |   20.737 |   26.417 |   26.421 |   26.477 ||  -42.40  -44.04  -43.98  -21.65  -41.60  -20.98  -21.55  -21.81   -0.39   -0.38   -0.17
       med   |   26.729 |   15.291 |   14.905 |   14.874 |   20.963 |   15.517 |   21.077 |   20.922 |   20.924 |   26.685 |   26.731 |   26.715
48     3     |   27.742 |   18.869 |   15.519 |   15.494 |   20.778 |   16.380 |   20.967 |   20.696 |   20.803 |   27.704 |   27.733 |   27.733 ||  -31.99  -44.06  -44.15  -25.10  -40.96  -24.42  -25.40  -25.01   -0.14   -0.03   -0.03
       med   |   28.014 |   19.049 |   15.562 |   15.507 |   20.942 |   16.501 |   21.121 |   20.910 |   20.894 |   27.970 |   27.967 |   27.910
64     4     |   28.923 |   23.189 |   17.058 |   16.973 |   20.789 |   17.056 |   20.927 |   20.825 |   20.772 |   28.899 |   28.864 |   28.918 ||  -19.82  -41.03  -41.32  -28.12  -41.03  -27.65  -28.00  -28.18   -0.08   -0.21   -0.02
       med   |   29.154 |   23.410 |   17.242 |   16.990 |   20.940 |   17.323 |   21.055 |   20.907 |   20.916 |   29.103 |   29.035 |   29.049
80     5     |   29.950 |   29.983 |   30.120 |   29.931 |   30.116 |   30.004 |   30.128 |   30.046 |   30.053 |   30.050 |   30.096 |   29.960 ||   +0.11   +0.57   -0.07   +0.55   +0.18   +0.59   +0.32   +0.34   +0.33   +0.49   +0.03
       med   |   30.215 |   30.234 |   30.302 |   30.232 |   30.199 |   30.313 |   30.334 |   30.286 |   30.346 |   30.314 |   30.187 |   30.207
96     6     |   30.907 |   31.001 |   30.831 |   30.950 |   30.941 |   30.829 |   30.828 |   30.870 |   30.873 |   30.874 |   30.827 |   30.907 ||   +0.31   -0.24   +0.14   +0.11   -0.25   -0.25   -0.12   -0.11   -0.11   -0.26   +0.00
       med   |   31.093 |   31.194 |   31.093 |   31.257 |   31.138 |   31.098 |   31.256 |   31.039 |   31.080 |   31.060 |   31.013 |   31.087
112    7     |   31.667 |   31.877 |   31.879 |   31.803 |   31.787 |   31.872 |   31.632 |   31.756 |   31.646 |   31.754 |   31.854 |   31.821 ||   +0.66   +0.67   +0.43   +0.38   +0.65   -0.11   +0.28   -0.07   +0.28   +0.59   +0.49
       med   |   32.235 |   32.320 |   32.194 |   32.303 |   32.190 |   32.091 |   32.146 |   32.137 |   32.194 |   32.198 |   32.022 |   32.176
128    8     |   30.104 |   36.466 |   29.839 |   27.264 |   27.303 |   29.941 |   30.173 |   30.106 |   30.107 |   30.109 |   29.933 |   30.108 ||  +21.13   -0.88   -9.43   -9.31   -0.54   +0.23   +0.00   +0.01   +0.01   -0.57   +0.01
       med   |   30.340 |   36.798 |   30.238 |   27.523 |   28.082 |   30.162 |   30.384 |   30.306 |   30.346 |   30.318 |   30.135 |   30.223
256    16    |   52.250 |   52.307 |   52.244 |   52.346 |   52.395 |   52.092 |   52.507 |   52.137 |   52.155 |   52.128 |   52.007 |   52.230 ||   +0.11   -0.01   +0.18   +0.28   -0.30   +0.49   -0.22   -0.18   -0.23   -0.46   -0.04
       med   |   52.849 |   52.754 |   52.729 |   52.883 |   52.861 |   52.836 |   52.801 |   52.674 |   52.621 |   52.668 |   52.630 |   52.624
512    32    |   95.295 |   94.835 |   94.700 |   95.430 |   95.427 |   94.542 |   94.985 |   94.121 |   94.825 |   94.060 |   93.922 |   94.639 ||   -0.48   -0.62   +0.14   +0.14   -0.79   -0.33   -1.23   -0.49   -1.30   -1.44   -0.69
       med   |   96.006 |   95.916 |   95.878 |   96.207 |   96.074 |   95.779 |   95.695 |   95.443 |   95.452 |   95.510 |   95.447 |   95.749
1024   64    |  179.702 |  179.827 |  179.676 |  180.287 |  180.479 |  178.990 |  180.148 |  179.272 |  179.415 |  179.888 |  179.786 |  179.665 ||   +0.07   -0.01   +0.33   +0.43   -0.40   +0.25   -0.24   -0.16   +0.10   +0.05   -0.02
       med   |  182.400 |  182.376 |  181.758 |  182.970 |  182.904 |  181.641 |  181.601 |  181.376 |  181.246 |  181.327 |  181.095 |  181.927
4096   256   |  694.284 |  691.558 |  691.884 |  693.781 |  694.543 |  692.420 |  692.268 |  690.375 |  690.960 |  690.769 |  690.939 |  692.165 ||   -0.39   -0.35   -0.07   +0.04   -0.27   -0.29   -0.56   -0.48   -0.51   -0.48   -0.31
       med   |  699.952 |  699.436 |  694.891 |  699.585 |  699.479 |  694.992 |  695.213 |  694.061 |  694.357 |  693.958 |  694.764 |  699.559
=== process order2.5
SELFCHECK OK (256 whole-block lengths 1..256 blk x 12 variants; out/Xi/ivec/ret byte-identical, nothing written past 16*nblk)
bytes  blks  |     base |    m4s4h |       t4 |     t4p8 |     g4p8 |       a4 |      g4h |     g4AA |       g4 |   dsp0AA |     dsp0 |   baseAA ||   m4s4h%      t4%    t4p8%    g4p8%      a4%     g4h%    g4AA%      g4%  dsp0AA%    dsp0%  baseAA%
16     1     |   26.145 |   13.917 |   13.945 |   13.937 |   20.793 |   14.796 |   20.680 |   19.668 |   20.181 |   26.311 |   26.446 |   26.146 ||  -46.77  -46.66  -46.69  -20.47  -43.41  -20.90  -24.78  -22.81   +0.63   +1.15   +0.00
       med   |   26.703 |   14.108 |   13.999 |   14.006 |   20.954 |   15.129 |   21.049 |   20.949 |   20.904 |   27.512 |   27.620 |   26.846
32     2     |   26.531 |   15.279 |   14.851 |   14.855 |   20.799 |   15.490 |   20.323 |   20.798 |   20.725 |   26.430 |   26.415 |   26.518 ||  -42.41  -44.02  -44.01  -21.61  -41.61  -23.40  -21.61  -21.88   -0.38   -0.44   -0.05
       med   |   26.734 |   15.292 |   14.905 |   14.874 |   20.961 |   15.512 |   21.071 |   20.921 |   20.903 |   26.674 |   26.638 |   26.711
48     3     |   27.763 |   18.927 |   15.519 |   15.495 |   20.657 |   16.367 |   20.892 |   20.776 |   20.802 |   27.713 |   27.672 |   27.744 ||  -31.83  -44.10  -44.19  -25.59  -41.05  -24.75  -25.17  -25.07   -0.18   -0.33   -0.07
       med   |   27.897 |   19.172 |   15.564 |   15.515 |   20.961 |   16.546 |   21.107 |   20.918 |   20.917 |   27.988 |   27.966 |   27.972
64     4     |   28.922 |   23.189 |   17.053 |   16.973 |   20.630 |   17.064 |   20.894 |   20.739 |   20.738 |   28.908 |   28.861 |   28.913 ||  -19.82  -41.04  -41.32  -28.67  -41.00  -27.76  -28.29  -28.30   -0.05   -0.21   -0.03
       med   |   29.125 |   23.351 |   17.261 |   16.990 |   20.940 |   17.331 |   21.085 |   20.912 |   20.909 |   29.104 |   29.042 |   29.079
80     5     |   29.953 |   29.952 |   30.123 |   30.105 |   30.110 |   30.112 |   30.131 |   30.049 |   30.051 |   30.051 |   30.108 |   29.960 ||   -0.00   +0.57   +0.51   +0.52   +0.53   +0.59   +0.32   +0.33   +0.33   +0.52   +0.02
       med   |   30.222 |   30.232 |   30.305 |   30.233 |   30.216 |   30.307 |   30.379 |   30.278 |   30.334 |   30.304 |   30.286 |   30.208
96     6     |   30.905 |   31.004 |   30.825 |   30.946 |   30.948 |   30.832 |   30.794 |   30.866 |   30.851 |   30.867 |   30.775 |   30.900 ||   +0.32   -0.26   +0.13   +0.14   -0.24   -0.36   -0.12   -0.17   -0.12   -0.42   -0.02
       med   |   31.079 |   31.162 |   31.081 |   31.206 |   31.139 |   31.089 |   31.322 |   31.047 |   31.048 |   31.053 |   31.058 |   31.080
112    7     |   31.823 |   31.884 |   31.872 |   31.783 |   31.785 |   31.868 |   31.881 |   31.760 |   31.769 |   31.768 |   31.876 |   31.820 ||   +0.19   +0.16   -0.12   -0.12   +0.14   +0.18   -0.20   -0.17   -0.17   +0.17   -0.01
       med   |   32.148 |   32.224 |   32.014 |   32.187 |   32.065 |   32.024 |   32.148 |   32.033 |   32.124 |   32.109 |   32.022 |   32.095
128    8     |   30.000 |   36.472 |   29.688 |   27.336 |   27.298 |   29.860 |   30.199 |   30.091 |   30.100 |   30.108 |   29.934 |   30.104 ||  +21.57   -1.04   -8.88   -9.01   -0.47   +0.66   +0.30   +0.33   +0.36   -0.22   +0.35
       med   |   30.334 |   36.756 |   30.199 |   27.501 |   28.038 |   30.177 |   30.539 |   30.318 |   30.281 |   30.349 |   30.148 |   30.232
256    16    |   52.190 |   52.284 |   52.209 |   52.320 |   52.403 |   52.233 |   52.509 |   52.105 |   52.136 |   52.199 |   52.105 |   52.046 ||   +0.18   +0.03   +0.25   +0.41   +0.08   +0.61   -0.16   -0.10   +0.02   -0.16   -0.28
       med   |   52.832 |   52.743 |   52.761 |   52.871 |   52.877 |   52.801 |   52.813 |   52.713 |   52.609 |   52.661 |   52.590 |   52.608
512    32    |   94.855 |   94.992 |   94.500 |   95.012 |   95.354 |   94.445 |   94.872 |   94.504 |   93.972 |   93.929 |   94.292 |   94.803 ||   +0.15   -0.37   +0.17   +0.53   -0.43   +0.02   -0.37   -0.93   -0.98   -0.59   -0.05
       med   |   96.048 |   95.815 |   95.825 |   96.250 |   96.181 |   95.922 |   95.780 |   95.451 |   95.461 |   95.428 |   95.452 |   95.838
1024   64    |  179.782 |  179.921 |  179.907 |  180.627 |  180.382 |  179.750 |  180.127 |  179.882 |  179.031 |  179.136 |  179.326 |  179.716 ||   +0.08   +0.07   +0.47   +0.33   -0.02   +0.19   +0.06   -0.42   -0.36   -0.25   -0.04
       med   |  182.143 |  182.230 |  181.692 |  182.892 |  182.798 |  181.637 |  181.728 |  181.327 |  181.298 |  181.249 |  181.607 |  181.995
4096   256   |  692.762 |  694.472 |  692.019 |  693.673 |  694.228 |  691.995 |  692.403 |  691.109 |  690.928 |  690.804 |  691.995 |  693.769 ||   +0.25   -0.11   +0.13   +0.21   -0.11   -0.05   -0.24   -0.26   -0.28   -0.11   +0.15
       med   |  699.336 |  699.405 |  694.800 |  699.677 |  699.433 |  694.764 |  695.327 |  693.875 |  694.558 |  693.482 |  695.032 |  699.619
=== process order3.1
SELFCHECK OK (256 whole-block lengths 1..256 blk x 12 variants; out/Xi/ivec/ret byte-identical, nothing written past 16*nblk)
bytes  blks  |     base |      g4h |       a4 |   baseAA |     t4p8 |     dsp0 |    m4s4h |       g4 |   dsp0AA |       t4 |     g4p8 |     g4AA ||     g4h%      a4%  baseAA%    t4p8%    dsp0%   m4s4h%      g4%  dsp0AA%      t4%    g4p8%    g4AA%
16     1     |   26.244 |   20.950 |   14.692 |   26.245 |   13.906 |   26.574 |   13.950 |   19.637 |   26.438 |   13.944 |   20.786 |   20.679 ||  -20.17  -44.02   +0.00  -47.01   +1.26  -46.85  -25.18   +0.74  -46.87  -20.80  -21.20
       med   |   26.785 |   21.167 |   14.798 |   26.875 |   13.917 |   27.634 |   14.114 |   20.948 |   27.474 |   13.975 |   21.007 |   20.963
32     2     |   26.516 |   20.051 |   15.465 |   26.520 |   14.878 |   26.416 |   15.305 |   20.461 |   26.429 |   14.864 |   20.784 |   20.725 ||  -24.38  -41.68   +0.01  -43.89   -0.38  -42.28  -22.84   -0.33  -43.94  -21.62  -21.84
       med   |   26.800 |   21.198 |   15.562 |   26.728 |   14.890 |   26.765 |   15.386 |   20.919 |   26.730 |   14.907 |   20.980 |   20.988
48     3     |   27.799 |   20.844 |   16.222 |   27.664 |   15.489 |   27.732 |   18.914 |   20.225 |   27.672 |   15.522 |   20.789 |   20.646 ||  -25.02  -41.65   -0.48  -44.28   -0.24  -31.96  -27.25   -0.46  -44.16  -25.22  -25.73
       med   |   28.153 |   21.188 |   17.036 |   28.056 |   15.501 |   28.044 |   19.025 |   20.922 |   28.092 |   15.619 |   20.975 |   20.974
64     4     |   28.950 |   20.888 |   17.026 |   28.928 |   16.951 |   28.864 |   23.121 |   20.656 |   28.908 |   17.045 |   20.779 |   20.739 ||  -27.85  -41.19   -0.08  -41.45   -0.30  -20.14  -28.65   -0.15  -41.12  -28.23  -28.36
       med   |   29.236 |   21.182 |   17.357 |   29.152 |   16.967 |   29.033 |   23.154 |   20.897 |   29.228 |   17.068 |   20.988 |   20.954
80     5     |   29.952 |   30.109 |   30.046 |   29.952 |   29.979 |   30.106 |   30.107 |   29.436 |   30.029 |   30.134 |   30.114 |   30.115 ||   +0.52   +0.31   -0.00   +0.09   +0.51   +0.52   -1.72   +0.25   +0.61   +0.54   +0.54
       med   |   30.243 |   30.301 |   30.317 |   30.146 |   30.169 |   30.338 |   30.231 |   30.311 |   30.347 |   30.352 |   30.209 |   30.320
96     6     |   30.900 |   30.839 |   30.787 |   30.901 |   31.002 |   30.831 |   30.955 |   30.853 |   30.872 |   30.822 |   30.947 |   30.835 ||   -0.20   -0.37   +0.00   +0.33   -0.22   +0.18   -0.15   -0.09   -0.25   +0.15   -0.21
       med   |   31.095 |   31.099 |   31.096 |   31.064 |   31.095 |   31.160 |   31.188 |   31.092 |   31.198 |   31.109 |   31.100 |   31.102
112    7     |   31.824 |   31.876 |   31.743 |   31.822 |   31.875 |   31.878 |   31.798 |   31.700 |   31.762 |   31.878 |   31.743 |   31.877 ||   +0.16   -0.26   -0.01   +0.16   +0.17   -0.08   -0.39   -0.20   +0.17   -0.25   +0.17
       med   |   32.096 |   32.099 |   32.186 |   32.161 |   32.064 |   32.043 |   32.188 |   32.022 |   32.182 |   32.086 |   32.040 |   32.022
128    8     |   30.094 |   29.939 |   30.009 |   30.036 |   27.251 |   29.940 |   36.354 |   30.124 |   30.105 |   29.903 |   26.956 |   29.938 ||   -0.52   -0.28   -0.19   -9.45   -0.51  +20.80   +0.10   +0.04   -0.63  -10.43   -0.52
       med   |   30.260 |   30.205 |   30.388 |   30.221 |   27.936 |   30.301 |   36.508 |   30.448 |   30.380 |   30.216 |   28.019 |   30.139
256    16    |   52.184 |   52.228 |   51.935 |   52.260 |   52.287 |   52.235 |   52.360 |   52.064 |   52.130 |   52.232 |   52.369 |   52.244 ||   +0.08   -0.48   +0.14   +0.20   +0.10   +0.34   -0.23   -0.10   +0.09   +0.35   +0.12
       med   |   52.773 |   52.762 |   52.573 |   52.731 |   52.793 |   52.717 |   52.961 |   52.609 |   52.629 |   52.837 |   52.802 |   52.795
512    32    |   94.854 |   94.757 |   93.946 |   94.860 |   94.446 |   94.448 |   95.324 |   94.833 |   94.316 |   94.718 |   95.280 |   94.466 ||   -0.10   -0.96   +0.01   -0.43   -0.43   +0.50   -0.02   -0.57   -0.14   +0.45   -0.41
       med   |   96.063 |   95.868 |   95.612 |   95.871 |   95.835 |   95.619 |   96.295 |   95.578 |   95.688 |   95.892 |   96.312 |   95.678
1024   64    |  179.797 |  179.511 |  179.930 |  179.756 |  179.900 |  179.757 |  180.851 |  179.788 |  179.913 |  179.688 |  180.292 |  179.773 ||   -0.16   +0.07   -0.02   +0.06   -0.02   +0.59   -0.01   +0.06   -0.06   +0.28   -0.01
       med   |  182.526 |  181.668 |  181.401 |  181.834 |  182.118 |  181.642 |  182.936 |  181.352 |  181.537 |  181.665 |  182.686 |  181.547
4096   256   |  694.479 |  692.155 |  691.193 |  693.832 |  693.710 |  691.987 |  693.171 |  691.385 |  690.510 |  691.819 |  692.652 |  691.946 ||   -0.33   -0.47   -0.09   -0.11   -0.36   -0.19   -0.45   -0.57   -0.38   -0.26   -0.36
       med   |  699.929 |  695.693 |  694.037 |  699.008 |  699.143 |  695.648 |  700.572 |  693.637 |  694.803 |  695.396 |  699.578 |  695.631
=== process order3.2
SELFCHECK OK (256 whole-block lengths 1..256 blk x 12 variants; out/Xi/ivec/ret byte-identical, nothing written past 16*nblk)
bytes  blks  |     base |      g4h |       a4 |   baseAA |     t4p8 |     dsp0 |    m4s4h |       g4 |   dsp0AA |       t4 |     g4p8 |     g4AA ||     g4h%      a4%  baseAA%    t4p8%    dsp0%   m4s4h%      g4%  dsp0AA%      t4%    g4p8%    g4AA%
16     1     |   26.244 |   20.684 |   14.617 |   26.245 |   13.908 |   26.551 |   13.965 |   19.662 |   26.374 |   13.941 |   20.784 |   20.619 ||  -21.19  -44.30   +0.00  -47.00   +1.17  -46.79  -25.08   +0.50  -46.88  -20.81  -21.43
       med   |   26.806 |   21.208 |   14.786 |   26.805 |   13.917 |   27.612 |   14.113 |   20.952 |   27.496 |   13.960 |   21.035 |   20.987
32     2     |   26.535 |   20.934 |   15.461 |   26.538 |   14.876 |   26.435 |   15.305 |   20.767 |   26.444 |   14.834 |   20.804 |   20.716 ||  -21.11  -41.73   +0.01  -43.94   -0.38  -42.32  -21.74   -0.34  -44.09  -21.60  -21.93
       med   |   26.805 |   21.221 |   15.561 |   26.728 |   14.890 |   26.777 |   15.386 |   20.901 |   26.771 |   14.905 |   20.981 |   20.974
48     3     |   27.615 |   20.909 |   16.227 |   27.756 |   15.486 |   27.737 |   18.896 |   20.715 |   27.705 |   15.519 |   20.658 |   20.679 ||  -24.28  -41.24   +0.51  -43.92   +0.44  -31.57  -24.99   +0.33  -43.80  -25.19  -25.12
       med   |   28.216 |   21.191 |   17.150 |   28.067 |   15.503 |   28.048 |   19.067 |   20.930 |   28.097 |   15.618 |   20.966 |   20.977
64     4     |   28.919 |   20.957 |   17.004 |   28.915 |   16.951 |   28.867 |   23.123 |   20.529 |   28.940 |   17.049 |   20.709 |   20.716 ||  -27.53  -41.20   -0.01  -41.38   -0.18  -20.04  -29.01   +0.07  -41.05  -28.39  -28.36
       med   |   29.255 |   21.058 |   17.365 |   29.122 |   16.968 |   29.190 |   23.153 |   20.901 |   29.255 |   17.069 |   20.936 |   20.968
80     5     |   29.947 |   30.107 |   30.041 |   29.984 |   29.957 |   30.092 |   30.070 |   30.055 |   30.025 |   30.116 |   30.111 |   30.121 ||   +0.54   +0.31   +0.12   +0.04   +0.49   +0.41   +0.36   +0.26   +0.57   +0.55   +0.58
       med   |   30.197 |   30.270 |   30.303 |   30.169 |   30.171 |   30.397 |   30.233 |   30.312 |   30.317 |   30.357 |   30.146 |   30.308
96     6     |   30.903 |   30.841 |   30.862 |   30.900 |   30.994 |   30.831 |   30.941 |   30.846 |   30.854 |   30.838 |   30.944 |   30.781 ||   -0.20   -0.13   -0.01   +0.30   -0.23   +0.12   -0.18   -0.16   -0.21   +0.13   -0.40
       med   |   31.098 |   31.115 |   31.062 |   31.038 |   31.106 |   31.120 |   31.174 |   31.101 |   31.208 |   31.194 |   31.068 |   31.109
112    7     |   31.688 |   31.875 |   31.767 |   31.825 |   31.890 |   31.544 |   31.792 |   31.764 |   31.764 |   31.875 |   31.784 |   31.871 ||   +0.59   +0.25   +0.43   +0.64   -0.45   +0.33   +0.24   +0.24   +0.59   +0.30   +0.58
       med   |   32.103 |   32.052 |   32.254 |   32.137 |   32.298 |   32.234 |   32.195 |   32.114 |   32.210 |   32.192 |   31.990 |   32.040
128    8     |   30.087 |   29.731 |   30.110 |   30.054 |   27.233 |   29.640 |   36.348 |   30.005 |   30.102 |   29.935 |   27.127 |   29.792 ||   -1.19   +0.07   -0.11   -9.49   -1.49  +20.81   -0.27   +0.05   -0.51   -9.84   -0.98
       med   |   30.255 |   30.212 |   30.355 |   30.223 |   27.952 |   30.266 |   36.551 |   30.470 |   30.379 |   30.222 |   28.003 |   30.072
256    16    |   52.286 |   52.236 |   52.096 |   52.221 |   52.336 |   52.231 |   52.501 |   52.090 |   51.930 |   52.229 |   52.385 |   52.252 ||   -0.10   -0.36   -0.12   +0.10   -0.10   +0.41   -0.37   -0.68   -0.11   +0.19   -0.07
       med   |   52.811 |   52.719 |   52.601 |   52.715 |   52.747 |   52.798 |   52.924 |   52.630 |   52.668 |   52.843 |   52.798 |   52.785
512    32    |   95.180 |   94.445 |   94.867 |   94.965 |   94.839 |   94.077 |   95.173 |   94.312 |   94.461 |   94.776 |   95.410 |   94.518 ||   -0.77   -0.33   -0.23   -0.36   -1.16   -0.01   -0.91   -0.76   -0.42   +0.24   -0.70
       med   |   96.092 |   95.734 |   95.601 |   95.804 |   95.919 |   95.633 |   96.295 |   95.678 |   95.699 |   95.916 |   96.022 |   95.837
1024   64    |  179.852 |  179.453 |  179.873 |  179.764 |  180.639 |  179.735 |  180.421 |  179.881 |  179.706 |  179.770 |  180.720 |  179.940 ||   -0.22   +0.01   -0.05   +0.44   -0.07   +0.32   +0.02   -0.08   -0.05   +0.48   +0.05
       med   |  182.642 |  181.791 |  181.369 |  182.078 |  182.414 |  181.556 |  183.014 |  181.421 |  181.496 |  181.814 |  182.744 |  181.902
4096   256   |  693.582 |  692.295 |  691.006 |  693.830 |  693.404 |  692.249 |  693.957 |  690.150 |  690.081 |  692.259 |  693.407 |  691.989 ||   -0.19   -0.37   +0.04   -0.03   -0.19   +0.05   -0.49   -0.50   -0.19   -0.03   -0.23
       med   |  699.838 |  695.727 |  693.920 |  698.980 |  699.181 |  695.848 |  700.242 |  693.611 |  694.708 |  695.578 |  699.958 |  695.384
=== process order3.3
SELFCHECK OK (256 whole-block lengths 1..256 blk x 12 variants; out/Xi/ivec/ret byte-identical, nothing written past 16*nblk)
bytes  blks  |     base |      g4h |       a4 |   baseAA |     t4p8 |     dsp0 |    m4s4h |       g4 |   dsp0AA |       t4 |     g4p8 |     g4AA ||     g4h%      a4%  baseAA%    t4p8%    dsp0%   m4s4h%      g4%  dsp0AA%      t4%    g4p8%    g4AA%
16     1     |   26.238 |   20.798 |   14.618 |   26.252 |   13.909 |   26.702 |   13.944 |   19.688 |   26.418 |   13.944 |   20.783 |   20.716 ||  -20.73  -44.29   +0.05  -46.99   +1.77  -46.86  -24.96   +0.68  -46.86  -20.79  -21.05
       med   |   26.800 |   21.169 |   14.787 |   26.827 |   13.917 |   27.627 |   14.114 |   20.960 |   27.563 |   13.959 |   21.045 |   20.993
32     2     |   26.564 |   20.546 |   15.456 |   26.541 |   14.876 |   26.426 |   15.305 |   19.632 |   26.432 |   14.842 |   20.784 |   20.717 ||  -22.65  -41.82   -0.09  -44.00   -0.52  -42.38  -26.10   -0.49  -44.13  -21.76  -22.01
       med   |   26.820 |   21.046 |   15.564 |   26.749 |   14.892 |   26.765 |   15.349 |   20.938 |   26.707 |   14.905 |   20.987 |   20.989
48     3     |   27.769 |   20.903 |   16.203 |   27.755 |   15.488 |   27.726 |   18.907 |   20.716 |   27.711 |   15.518 |   20.805 |   20.484 ||  -24.73  -41.65   -0.05  -44.23   -0.16  -31.91  -25.40   -0.21  -44.12  -25.08  -26.24
       med   |   28.280 |   21.027 |   16.933 |   28.151 |   15.513 |   28.030 |   19.029 |   20.914 |   28.111 |   15.620 |   20.985 |   20.972
64     4     |   28.939 |   20.914 |   17.018 |   28.918 |   16.955 |   28.868 |   23.124 |   20.731 |   28.906 |   17.052 |   20.814 |   20.562 ||  -27.73  -41.19   -0.07  -41.41   -0.25  -20.09  -28.36   -0.12  -41.08  -28.08  -28.95
       med   |   29.244 |   21.026 |   17.331 |   29.083 |   17.032 |   29.193 |   23.153 |   20.909 |   29.258 |   17.070 |   20.983 |   20.969
80     5     |   29.948 |   30.099 |   30.040 |   29.957 |   29.975 |   30.104 |   30.092 |   30.058 |   30.031 |   30.115 |   30.110 |   30.127 ||   +0.51   +0.31   +0.03   +0.09   +0.52   +0.48   +0.37   +0.28   +0.56   +0.54   +0.60
       med   |   30.260 |   30.257 |   30.327 |   30.218 |   30.170 |   30.400 |   30.218 |   30.334 |   30.367 |   30.344 |   30.189 |   30.334
96     6     |   30.905 |   30.831 |   30.862 |   30.906 |   31.000 |   30.884 |   30.945 |   30.865 |   30.900 |   30.829 |   30.936 |   30.833 ||   -0.24   -0.14   +0.00   +0.31   -0.07   +0.13   -0.13   -0.02   -0.24   +0.10   -0.23
       med   |   31.111 |   31.129 |   31.090 |   31.058 |   31.101 |   31.205 |   31.181 |   31.087 |   31.218 |   31.213 |   31.133 |   31.095
112    7     |   31.822 |   31.868 |   31.760 |   31.813 |   31.877 |   31.867 |   31.792 |   31.769 |   31.768 |   31.881 |   31.783 |   31.869 ||   +0.14   -0.20   -0.03   +0.17   +0.14   -0.09   -0.17   -0.17   +0.19   -0.12   +0.15
       med   |   32.087 |   32.222 |   32.239 |   32.303 |   32.071 |   32.267 |   32.197 |   32.135 |   32.199 |   32.266 |   32.111 |   32.012
128    8     |   30.093 |   29.943 |   30.101 |   30.101 |   27.235 |   29.936 |   36.338 |   30.112 |   30.112 |   29.821 |   27.134 |   29.916 ||   -0.50   +0.02   +0.02   -9.50   -0.52  +20.75   +0.06   +0.06   -0.91   -9.83   -0.59
       med   |   30.249 |   30.261 |   30.368 |   30.224 |   27.937 |   30.148 |   36.549 |   30.496 |   30.373 |   30.275 |   28.004 |   30.157
256    16    |   52.256 |   52.224 |   52.111 |   52.181 |   51.257 |   52.239 |   52.395 |   52.059 |   52.147 |   52.185 |   52.354 |   52.237 ||   -0.06   -0.28   -0.14   -1.91   -0.03   +0.27   -0.38   -0.21   -0.14   +0.19   -0.04
       med   |   52.791 |   52.704 |   52.559 |   52.726 |   52.757 |   52.745 |   52.918 |   52.618 |   52.647 |   52.818 |   52.798 |   52.803
512    32    |   94.956 |   94.491 |   94.352 |   94.838 |   94.914 |   94.297 |   94.680 |   94.875 |   93.973 |   94.578 |   95.134 |   94.505 ||   -0.49   -0.64   -0.12   -0.04   -0.69   -0.29   -0.08   -1.04   -0.40   +0.19   -0.47
       med   |   95.994 |   95.823 |   95.636 |   95.815 |   95.865 |   95.658 |   96.187 |   95.592 |   95.729 |   95.798 |   96.050 |   95.751
1024   64    |  180.774 |  179.669 |  179.795 |  179.845 |  179.840 |  179.432 |  180.292 |  179.964 |  179.931 |  179.280 |  180.495 |  179.913 ||   -0.61   -0.54   -0.51   -0.52   -0.74   -0.27   -0.45   -0.47   -0.83   -0.15   -0.48
       med   |  182.619 |  181.791 |  181.489 |  182.012 |  182.304 |  181.424 |  182.929 |  181.451 |  181.571 |  181.648 |  182.640 |  181.851
4096   256   |  694.287 |  691.628 |  690.078 |  693.237 |  693.204 |  692.146 |  693.318 |  690.255 |  690.676 |  692.473 |  693.255 |  691.746 ||   -0.38   -0.61   -0.15   -0.16   -0.31   -0.14   -0.58   -0.52   -0.26   -0.15   -0.37
       med   |  699.764 |  695.388 |  694.120 |  698.846 |  698.948 |  695.205 |  700.004 |  693.593 |  694.736 |  695.564 |  699.417 |  695.327
=== process order3.4
SELFCHECK OK (256 whole-block lengths 1..256 blk x 12 variants; out/Xi/ivec/ret byte-identical, nothing written past 16*nblk)
bytes  blks  |     base |      g4h |       a4 |   baseAA |     t4p8 |     dsp0 |    m4s4h |       g4 |   dsp0AA |       t4 |     g4p8 |     g4AA ||     g4h%      a4%  baseAA%    t4p8%    dsp0%   m4s4h%      g4%  dsp0AA%      t4%    g4p8%    g4AA%
16     1     |   26.253 |   20.944 |   14.621 |   26.251 |   13.908 |   26.643 |   13.960 |   19.675 |   26.402 |   13.926 |   20.772 |   20.661 ||  -20.22  -44.31   -0.01  -47.02   +1.49  -46.82  -25.06   +0.57  -46.96  -20.88  -21.30
       med   |   26.764 |   21.204 |   14.792 |   26.809 |   13.917 |   27.632 |   14.116 |   20.929 |   27.523 |   13.956 |   21.032 |   20.988
32     2     |   26.475 |   20.877 |   15.457 |   26.529 |   14.874 |   26.415 |   15.301 |   19.823 |   26.430 |   14.842 |   20.782 |   20.778 ||  -21.14  -41.62   +0.20  -43.82   -0.23  -42.21  -25.13   -0.17  -43.94  -21.51  -21.52
       med   |   26.804 |   21.086 |   15.559 |   26.744 |   14.891 |   26.767 |   15.387 |   20.906 |   26.751 |   14.906 |   20.974 |   20.971
48     3     |   27.435 |   20.956 |   16.228 |   27.765 |   15.489 |   27.749 |   18.913 |   20.801 |   27.707 |   15.520 |   20.798 |   20.617 ||  -23.62  -40.85   +1.20  -43.54   +1.14  -31.06  -24.18   +0.99  -43.43  -24.19  -24.85
       med   |   28.245 |   21.043 |   16.907 |   28.148 |   15.502 |   28.041 |   19.195 |   20.930 |   28.132 |   15.679 |   20.987 |   20.965
64     4     |   28.934 |   20.978 |   17.026 |   28.905 |   16.952 |   28.865 |   23.132 |   20.792 |   28.902 |   17.049 |   20.631 |   20.631 ||  -27.50  -41.16   -0.10  -41.41   -0.24  -20.05  -28.14   -0.11  -41.08  -28.70  -28.70
       med   |   29.234 |   21.063 |   17.357 |   29.140 |   16.970 |   29.201 |   23.291 |   20.920 |   29.221 |   17.069 |   20.982 |   20.962
80     5     |   29.956 |   30.101 |   29.054 |   29.980 |   29.981 |   30.065 |   30.103 |   29.652 |   30.014 |   30.127 |   30.056 |   30.117 ||   +0.48   -3.01   +0.08   +0.08   +0.36   +0.49   -1.01   +0.19   +0.57   +0.33   +0.54
       med   |   30.236 |   30.250 |   30.330 |   30.225 |   30.172 |   30.411 |   30.220 |   30.315 |   30.346 |   30.365 |   30.162 |   30.329
96     6     |   30.905 |   30.838 |   30.863 |   30.904 |   31.009 |   30.836 |   30.940 |   30.844 |   30.888 |   30.842 |   30.940 |   30.829 ||   -0.22   -0.14   -0.00   +0.34   -0.22   +0.11   -0.20   -0.05   -0.20   +0.11   -0.24
       med   |   31.189 |   31.106 |   31.051 |   31.034 |   31.123 |   31.121 |   31.184 |   31.061 |   31.212 |   31.212 |   31.062 |   31.091
112    7     |   31.819 |   31.883 |   31.770 |   31.804 |   31.881 |   31.869 |   31.782 |   31.767 |   31.763 |   31.878 |   31.777 |   31.870 ||   +0.20   -0.15   -0.05   +0.19   +0.15   -0.12   -0.16   -0.18   +0.18   -0.13   +0.16
       med   |   32.159 |   32.053 |   32.206 |   32.192 |   32.064 |   32.253 |   32.212 |   32.100 |   32.200 |   32.124 |   32.039 |   32.016
128    8     |   30.009 |   29.672 |   30.109 |   30.072 |   27.216 |   29.946 |   36.349 |   30.015 |   30.105 |   29.715 |   27.124 |   29.940 ||   -1.12   +0.33   +0.21   -9.31   -0.21  +21.12   +0.02   +0.32   -0.98   -9.61   -0.23
       med   |   30.244 |   30.253 |   30.386 |   30.238 |   27.941 |   30.338 |   36.525 |   30.487 |   30.406 |   30.296 |   27.971 |   30.204
256    16    |   52.218 |   52.133 |   51.996 |   52.239 |   52.309 |   52.239 |   52.337 |   52.110 |   52.132 |   52.195 |   52.062 |   52.237 ||   -0.16   -0.43   +0.04   +0.17   +0.04   +0.23   -0.21   -0.16   -0.04   -0.30   +0.04
       med   |   52.822 |   52.717 |   52.586 |   52.718 |   52.783 |   52.941 |   52.976 |   52.575 |   52.710 |   52.703 |   52.767 |   52.719
512    32    |   95.077 |   94.355 |   94.543 |   94.874 |   94.839 |   94.778 |   95.264 |   94.451 |   93.880 |   94.662 |   95.428 |   94.714 ||   -0.76   -0.56   -0.21   -0.25   -0.31   +0.20   -0.66   -1.26   -0.44   +0.37   -0.38
       med   |   96.024 |   95.665 |   95.562 |   95.766 |   95.900 |   95.889 |   96.308 |   95.598 |   95.652 |   95.845 |   96.066 |   95.792
1024   64    |  179.746 |  179.844 |  179.811 |  179.702 |  179.792 |  179.422 |  180.895 |  179.919 |  180.006 |  179.911 |  180.223 |  179.825 ||   +0.05   +0.04   -0.02   +0.03   -0.18   +0.64   +0.10   +0.14   +0.09   +0.27   +0.04
       med   |  182.559 |  181.733 |  181.405 |  182.138 |  182.468 |  181.734 |  182.893 |  181.480 |  181.591 |  181.802 |  182.664 |  181.711
4096   256   |  694.720 |  692.109 |  690.625 |  693.893 |  693.904 |  692.199 |  692.927 |  690.264 |  691.214 |  692.090 |  694.206 |  692.152 ||   -0.38   -0.59   -0.12   -0.12   -0.36   -0.26   -0.64   -0.50   -0.38   -0.07   -0.37
       med   |  700.236 |  695.989 |  694.058 |  698.921 |  699.242 |  696.466 |  700.513 |  693.442 |  694.845 |  695.812 |  699.893 |  695.886
=== process order3.5
SELFCHECK OK (256 whole-block lengths 1..256 blk x 12 variants; out/Xi/ivec/ret byte-identical, nothing written past 16*nblk)
bytes  blks  |     base |      g4h |       a4 |   baseAA |     t4p8 |     dsp0 |    m4s4h |       g4 |   dsp0AA |       t4 |     g4p8 |     g4AA ||     g4h%      a4%  baseAA%    t4p8%    dsp0%   m4s4h%      g4%  dsp0AA%      t4%    g4p8%    g4AA%
16     1     |   26.136 |   20.815 |   14.672 |   26.135 |   13.907 |   26.539 |   13.953 |   19.781 |   26.269 |   13.943 |   20.783 |   20.777 ||  -20.36  -43.86   -0.00  -46.79   +1.55  -46.61  -24.31   +0.51  -46.65  -20.48  -20.50
       med   |   26.408 |   21.204 |   14.869 |   26.396 |   13.917 |   26.810 |   14.113 |   20.977 |   26.873 |   13.998 |   21.034 |   20.987
32     2     |   26.540 |   20.964 |   15.458 |   26.526 |   14.878 |   26.425 |   15.302 |   19.773 |   26.430 |   14.842 |   20.774 |   20.725 ||  -21.01  -41.76   -0.05  -43.94   -0.43  -42.34  -25.49   -0.41  -44.08  -21.72  -21.91
       med   |   26.849 |   21.226 |   15.557 |   26.801 |   14.890 |   26.771 |   15.387 |   20.898 |   26.781 |   14.906 |   20.984 |   20.998
48     3     |   27.477 |   20.959 |   16.219 |   27.514 |   15.488 |   27.724 |   18.872 |   19.825 |   27.723 |   15.522 |   20.777 |   20.785 ||  -23.72  -40.97   +0.13  -43.63   +0.90  -31.32  -27.85   +0.89  -43.51  -24.39  -24.36
       med   |   28.709 |   21.252 |   16.695 |   28.214 |   15.502 |   28.070 |   19.118 |   20.890 |   28.111 |   15.624 |   20.985 |   20.976
64     4     |   28.953 |   20.914 |   17.019 |   28.917 |   16.951 |   28.868 |   23.129 |   20.523 |   28.905 |   17.053 |   20.788 |   20.664 ||  -27.76  -41.22   -0.12  -41.45   -0.29  -20.11  -29.12   -0.17  -41.10  -28.20  -28.63
       med   |   29.307 |   21.207 |   17.357 |   29.145 |   16.968 |   29.189 |   23.301 |   20.897 |   29.241 |   17.071 |   20.997 |   20.950
80     5     |   29.951 |   30.107 |   30.027 |   29.958 |   29.965 |   30.110 |   30.033 |   30.055 |   30.001 |   30.119 |   30.113 |   30.123 ||   +0.52   +0.26   +0.03   +0.05   +0.53   +0.28   +0.35   +0.17   +0.56   +0.54   +0.57
       med   |   30.160 |   30.333 |   30.341 |   30.217 |   30.173 |   30.401 |   30.221 |   30.309 |   30.341 |   30.350 |   30.155 |   30.332
96     6     |   30.914 |   30.827 |   30.868 |   30.909 |   31.007 |   30.830 |   30.956 |   30.915 |   30.881 |   30.826 |   30.942 |   30.836 ||   -0.28   -0.15   -0.02   +0.30   -0.27   +0.14   +0.00   -0.11   -0.29   +0.09   -0.25
       med   |   31.087 |   31.112 |   31.095 |   31.048 |   31.132 |   31.175 |   31.192 |   31.105 |   31.256 |   31.127 |   31.108 |   31.105
112    7     |   31.683 |   31.922 |   31.786 |   31.818 |   31.873 |   31.890 |   31.820 |   31.788 |   31.964 |   31.896 |   31.807 |   31.885 ||   +0.75   +0.32   +0.43   +0.60   +0.65   +0.43   +0.33   +0.89   +0.67   +0.39   +0.64
       med   |   34.689 |   34.920 |   34.100 |   34.588 |   34.496 |   35.006 |   34.938 |   34.220 |   34.751 |   34.609 |   34.901 |   34.775
128    8     |   30.090 |   29.936 |   30.099 |   30.105 |   27.228 |   29.664 |   36.347 |   30.130 |   30.106 |   29.644 |   26.954 |   29.621 ||   -0.51   +0.03   +0.05   -9.51   -1.41  +20.79   +0.13   +0.05   -1.48  -10.42   -1.56
       med   |   30.312 |   30.248 |   30.388 |   30.224 |   27.953 |   30.315 |   36.566 |   30.866 |   30.376 |   30.280 |   27.972 |   30.212
256    16    |   51.765 |   52.210 |   52.000 |   52.224 |   52.187 |   52.233 |   51.951 |   51.711 |   52.043 |   52.051 |   51.357 |   52.242 ||   +0.86   +0.45   +0.89   +0.82   +0.90   +0.36   -0.10   +0.54   +0.55   -0.79   +0.92
       med   |   52.748 |   52.752 |   52.596 |   52.740 |   52.779 |   52.854 |   52.950 |   52.637 |   52.656 |   52.819 |   52.758 |   52.792
512    32    |   94.821 |   94.686 |   94.520 |   94.884 |   95.319 |   94.338 |   95.274 |   93.843 |   93.903 |   94.646 |   95.315 |   94.721 ||   -0.14   -0.32   +0.07   +0.52   -0.51   +0.48   -1.03   -0.97   -0.18   +0.52   -0.11
       med   |   96.088 |   95.743 |   95.613 |   95.999 |   95.931 |   95.665 |   96.351 |   95.558 |   95.696 |   95.891 |   95.988 |   95.851
1024   64    |  180.232 |  179.917 |  179.891 |  179.803 |  180.073 |  179.838 |  180.730 |  179.657 |  180.008 |  179.710 |  180.626 |  179.722 ||   -0.17   -0.19   -0.24   -0.09   -0.22   +0.28   -0.32   -0.12   -0.29   +0.22   -0.28
       med   |  182.590 |  181.650 |  181.401 |  182.393 |  182.309 |  181.532 |  182.948 |  181.406 |  181.639 |  181.817 |  182.705 |  181.736
4096   256   |  693.184 |  692.100 |  690.576 |  693.086 |  693.664 |  691.673 |  695.172 |  691.172 |  691.253 |  692.365 |  694.279 |  692.066 ||   -0.16   -0.38   -0.01   +0.07   -0.22   +0.29   -0.29   -0.28   -0.12   +0.16   -0.16
       med   |  700.304 |  696.280 |  694.356 |  699.074 |  699.118 |  696.418 |  701.359 |  693.773 |  695.486 |  695.743 |  700.424 |  695.914
