=== process order1.1
SELFCHECK OK (256 whole-block lengths 1..256 blk x 12 variants; out/Xi/ivec/ret byte-identical, nothing written past 16*nblk)
bytes  blks  |     base |   baseAA |     dsp0 |   dsp0AA |       g4 |     g4AA |      g4h |       a4 |     g4p8 |     t4p8 |       t4 |    m4s4h ||  baseAA%    dsp0%  dsp0AA%      g4%    g4AA%     g4h%      a4%    g4p8%    t4p8%      t4%   m4s4h%
16     1     |   25.351 |   24.008 |   23.414 |   23.302 |   17.825 |   17.826 |   17.908 |   12.756 |   17.798 |   12.304 |   12.335 |   12.571 ||   -5.29   -7.64   -8.08  -29.69  -29.68  -29.36  -49.68  -29.79  -51.47  -51.34  -50.41
       med   |   25.678 |   25.761 |   25.732 |   25.788 |   17.860 |   17.843 |   17.931 |   12.974 |   18.007 |   12.368 |   12.388 |   12.578
32     2     |   23.367 |   23.394 |   23.378 |   23.359 |   17.823 |   17.819 |   17.910 |   13.542 |   17.807 |   13.395 |   13.411 |   13.235 ||   +0.11   +0.05   -0.04  -23.73  -23.74  -23.36  -42.05  -23.80  -42.68  -42.61  -43.36
       med   |   23.604 |   24.122 |   23.581 |   23.811 |   17.841 |   17.841 |   17.930 |   13.563 |   18.108 |   13.423 |   13.443 |   13.270
48     3     |   24.244 |   24.265 |   24.216 |   24.215 |   17.811 |   17.818 |   17.907 |   14.018 |   17.808 |   13.703 |   13.710 |   15.206 ||   +0.09   -0.12   -0.12  -26.53  -26.51  -26.14  -42.18  -26.55  -43.48  -43.45  -37.28
       med   |   24.476 |   24.998 |   24.442 |   24.619 |   17.841 |   17.838 |   17.930 |   14.056 |   18.112 |   13.740 |   13.762 |   15.587
64     4     |   25.129 |   25.141 |   25.128 |   25.114 |   17.816 |   17.820 |   17.907 |   14.865 |   17.800 |   14.859 |   14.846 |   18.605 ||   +0.05   -0.00   -0.06  -29.10  -29.08  -28.74  -40.85  -29.17  -40.87  -40.92  -25.96
       med   |   25.315 |   25.472 |   25.245 |   25.247 |   17.844 |   17.843 |   17.928 |   14.877 |   18.110 |   14.905 |   14.860 |   18.855
80     5     |   25.980 |   25.996 |   25.994 |   25.994 |   25.997 |   25.994 |   26.012 |   26.001 |   25.998 |   26.003 |   25.995 |   26.009 ||   +0.06   +0.05   +0.06   +0.07   +0.06   +0.12   +0.08   +0.07   +0.09   +0.06   +0.11
       med   |   26.106 |   26.473 |   26.110 |   26.262 |   26.711 |   26.277 |   26.541 |   26.770 |   26.072 |   26.273 |   26.021 |   26.270
96     6     |   26.915 |   26.891 |   26.930 |   26.892 |   26.926 |   26.945 |   26.928 |   26.911 |   26.951 |   26.783 |   26.931 |   26.943 ||   -0.09   +0.05   -0.09   +0.04   +0.11   +0.05   -0.01   +0.13   -0.49   +0.06   +0.10
       med   |   27.330 |   27.220 |   27.041 |   26.986 |   27.611 |   27.453 |   27.213 |   27.190 |   26.985 |   27.041 |   26.960 |   27.433
112    7     |   27.462 |   27.377 |   27.521 |   27.490 |   27.408 |   27.534 |   27.499 |   27.419 |   27.514 |   27.459 |   27.513 |   27.522 ||   -0.31   +0.22   +0.10   -0.19   +0.26   +0.14   -0.15   +0.19   -0.01   +0.19   +0.22
       med   |   27.788 |   28.398 |   27.580 |   28.004 |   27.783 |   28.021 |   27.744 |   28.211 |   27.568 |   27.795 |   27.558 |   28.111
128    8     |   25.512 |   25.530 |   25.408 |   25.563 |   25.595 |   25.589 |   25.591 |   25.361 |   22.905 |   22.902 |   25.588 |   29.999 ||   +0.07   -0.41   +0.20   +0.32   +0.30   +0.31   -0.59  -10.22  -10.23   +0.29  +17.58
       med   |   25.783 |   26.147 |   25.773 |   25.946 |   25.959 |   25.883 |   25.956 |   25.810 |   23.281 |   22.925 |   25.613 |   30.588
256    16    |   45.382 |   45.401 |   45.345 |   45.375 |   45.424 |   45.480 |   45.358 |   45.410 |   45.296 |   45.335 |   45.405 |   45.289 ||   +0.04   -0.08   -0.02   +0.09   +0.21   -0.05   +0.06   -0.19   -0.10   +0.05   -0.21
       med   |   46.166 |   46.386 |   45.948 |   45.893 |   46.278 |   46.167 |   45.948 |   46.752 |   45.703 |   45.899 |   45.778 |   46.211
512    32    |   84.398 |   84.353 |   84.379 |   84.496 |   84.220 |   84.399 |   84.308 |   84.508 |   84.326 |   84.514 |   84.368 |   84.387 ||   -0.05   -0.02   +0.12   -0.21   +0.00   -0.11   +0.13   -0.08   +0.14   -0.04   -0.01
       med   |   86.090 |   85.692 |   84.931 |   86.313 |   84.630 |   84.876 |   85.258 |   86.982 |   85.353 |   85.393 |   84.721 |   85.416
1024   64    |  161.946 |  161.903 |  161.806 |  162.052 |  161.963 |  161.880 |  161.792 |  162.174 |  161.524 |  161.986 |  161.894 |  162.015 ||   -0.03   -0.09   +0.07   +0.01   -0.04   -0.10   +0.14   -0.26   +0.03   -0.03   +0.04
       med   |  164.295 |  165.501 |  163.344 |  163.324 |  162.956 |  163.250 |  162.804 |  167.356 |  164.382 |  164.414 |  163.635 |  163.535
4096   256   |  628.245 |  628.586 |  628.765 |  629.015 |  628.835 |  628.663 |  628.706 |  628.702 |  628.360 |  629.001 |  628.382 |  628.089 ||   +0.05   +0.08   +0.12   +0.09   +0.07   +0.07   +0.07   +0.02   +0.12   +0.02   -0.02
       med   |  632.859 |  631.737 |  630.754 |  631.338 |  632.611 |  631.117 |  630.715 |  633.869 |  630.900 |  631.913 |  630.207 |  632.306
=== process order1.2
SELFCHECK OK (256 whole-block lengths 1..256 blk x 12 variants; out/Xi/ivec/ret byte-identical, nothing written past 16*nblk)
bytes  blks  |     base |   baseAA |     dsp0 |   dsp0AA |       g4 |     g4AA |      g4h |       a4 |     g4p8 |     t4p8 |       t4 |    m4s4h ||  baseAA%    dsp0%  dsp0AA%      g4%    g4AA%     g4h%      a4%    g4p8%    t4p8%      t4%   m4s4h%
16     1     |   25.317 |   25.359 |   25.451 |   25.377 |   17.824 |   17.817 |   17.910 |   12.759 |   17.798 |   12.342 |   12.333 |   12.572 ||   +0.17   +0.53   +0.24  -29.60  -29.62  -29.26  -49.60  -29.70  -51.25  -51.29  -50.34
       med   |   25.523 |   25.840 |   25.757 |   25.641 |   17.863 |   17.846 |   17.929 |   12.973 |   18.105 |   12.368 |   12.388 |   12.578
32     2     |   23.361 |   23.366 |   23.373 |   23.365 |   17.821 |   17.821 |   17.911 |   13.543 |   17.803 |   13.392 |   13.408 |   13.234 ||   +0.02   +0.05   +0.02  -23.71  -23.71  -23.33  -42.03  -23.79  -42.68  -42.61  -43.35
       med   |   23.476 |   23.891 |   23.566 |   23.711 |   17.841 |   17.841 |   17.930 |   13.565 |   18.105 |   13.423 |   13.424 |   13.300
48     3     |   24.249 |   24.248 |   24.211 |   24.209 |   17.819 |   17.822 |   17.906 |   14.016 |   17.799 |   13.697 |   13.743 |   15.197 ||   -0.00   -0.16   -0.16  -26.51  -26.50  -26.16  -42.20  -26.60  -43.51  -43.32  -37.33
       med   |   24.359 |   24.628 |   24.530 |   24.359 |   17.847 |   17.844 |   17.929 |   14.060 |   18.110 |   13.740 |   13.762 |   15.439
64     4     |   25.121 |   25.144 |   25.114 |   25.113 |   17.820 |   17.815 |   17.907 |   14.863 |   17.797 |   14.858 |   14.845 |   18.607 ||   +0.09   -0.03   -0.03  -29.07  -29.08  -28.72  -40.83  -29.16  -40.86  -40.91  -25.93
       med   |   25.177 |   25.792 |   25.258 |   25.174 |   17.842 |   17.843 |   17.928 |   14.877 |   18.060 |   14.875 |   14.860 |   18.634
80     5     |   25.984 |   26.007 |   25.988 |   25.986 |   25.993 |   25.992 |   25.989 |   25.996 |   26.006 |   26.004 |   25.990 |   26.016 ||   +0.09   +0.01   +0.01   +0.03   +0.03   +0.02   +0.04   +0.08   +0.08   +0.02   +0.12
       med   |   26.325 |   26.958 |   26.107 |   26.467 |   26.662 |   26.550 |   26.262 |   26.423 |   26.068 |   26.282 |   26.019 |   26.537
96     6     |   26.854 |   26.958 |   26.913 |   26.929 |   26.921 |   26.930 |   26.928 |   26.944 |   26.952 |   26.795 |   26.917 |   26.944 ||   +0.39   +0.22   +0.28   +0.25   +0.28   +0.27   +0.33   +0.36   -0.22   +0.23   +0.34
       med   |   27.157 |   27.744 |   26.968 |   27.343 |   27.608 |   27.242 |   27.222 |   27.547 |   26.985 |   27.230 |   26.958 |   27.425
112    7     |   27.456 |   27.451 |   27.524 |   27.487 |   27.524 |   27.520 |   27.467 |   27.492 |   27.514 |   27.510 |   27.514 |   27.556 ||   -0.02   +0.25   +0.11   +0.25   +0.23   +0.04   +0.13   +0.21   +0.20   +0.21   +0.36
       med   |   27.868 |   28.399 |   27.644 |   27.900 |   27.884 |   27.786 |   27.626 |   27.934 |   27.571 |   27.758 |   27.552 |   28.085
128    8     |   25.516 |   25.579 |   25.589 |   25.549 |   25.594 |   25.590 |   25.584 |   25.383 |   22.895 |   22.907 |   25.590 |   29.990 ||   +0.25   +0.29   +0.13   +0.31   +0.29   +0.27   -0.52  -10.27  -10.23   +0.29  +17.54
       med   |   25.556 |   26.237 |   25.954 |   25.807 |   26.127 |   25.972 |   26.025 |   26.158 |   23.353 |   23.307 |   25.614 |   30.598
256    16    |   45.467 |   45.334 |   45.337 |   45.339 |   45.466 |   45.363 |   45.375 |   45.377 |   45.295 |   45.342 |   45.376 |   45.262 ||   -0.29   -0.29   -0.28   -0.00   -0.23   -0.20   -0.20   -0.38   -0.28   -0.20   -0.45
       med   |   46.045 |   46.399 |   45.804 |   46.253 |   46.219 |   46.139 |   46.322 |   46.508 |   45.716 |   45.751 |   46.043 |   46.192
512    32    |   84.352 |   84.381 |   84.416 |   84.429 |   84.428 |   83.319 |   84.354 |   84.489 |   84.350 |   84.555 |   84.376 |   84.306 ||   +0.03   +0.08   +0.09   +0.09   -1.22   +0.00   +0.16   -0.00   +0.24   +0.03   -0.05
       med   |   85.274 |   85.838 |   85.465 |   85.468 |   85.658 |   84.893 |   85.017 |   86.641 |   85.695 |   85.006 |   84.730 |   85.190
1024   64    |  161.853 |  161.915 |  161.870 |  162.072 |  161.918 |  161.868 |  161.811 |  162.093 |  161.995 |  162.034 |  161.825 |  161.976 ||   +0.04   +0.01   +0.13   +0.04   +0.01   -0.03   +0.15   +0.09   +0.11   -0.02   +0.08
       med   |  163.161 |  165.451 |  163.336 |  165.652 |  163.315 |  163.382 |  162.841 |  167.185 |  164.012 |  162.852 |  162.108 |  165.343
4096   256   |  628.183 |  628.643 |  628.754 |  628.779 |  628.787 |  628.682 |  628.802 |  628.696 |  628.112 |  628.832 |  628.804 |  628.396 ||   +0.07   +0.09   +0.09   +0.10   +0.08   +0.10   +0.08   -0.01   +0.10   +0.10   +0.03
       med   |  635.247 |  633.324 |  630.713 |  631.102 |  632.376 |  631.280 |  630.650 |  634.553 |  631.163 |  632.060 |  630.120 |  632.817
=== process order1.3
SELFCHECK OK (256 whole-block lengths 1..256 blk x 12 variants; out/Xi/ivec/ret byte-identical, nothing written past 16*nblk)
bytes  blks  |     base |   baseAA |     dsp0 |   dsp0AA |       g4 |     g4AA |      g4h |       a4 |     g4p8 |     t4p8 |       t4 |    m4s4h ||  baseAA%    dsp0%  dsp0AA%      g4%    g4AA%     g4h%      a4%    g4p8%    t4p8%      t4%   m4s4h%
16     1     |   25.370 |   25.441 |   25.480 |   25.459 |   17.824 |   17.818 |   17.913 |   12.755 |   17.814 |   12.306 |   12.335 |   12.572 ||   +0.28   +0.43   +0.35  -29.74  -29.77  -29.39  -49.72  -29.78  -51.49  -51.38  -50.45
       med   |   25.596 |   25.907 |   25.822 |   25.717 |   17.860 |   17.910 |   17.934 |   12.979 |   18.105 |   12.369 |   12.388 |   12.578
32     2     |   23.365 |   23.381 |   23.378 |   23.371 |   17.817 |   17.816 |   17.901 |   13.543 |   17.796 |   13.411 |   13.410 |   13.234 ||   +0.07   +0.06   +0.02  -23.74  -23.75  -23.38  -42.04  -23.83  -42.60  -42.61  -43.36
       med   |   23.549 |   24.117 |   23.570 |   23.810 |   17.846 |   17.885 |   17.931 |   13.564 |   18.064 |   13.423 |   13.439 |   13.299
48     3     |   24.247 |   24.239 |   24.203 |   24.201 |   17.820 |   17.821 |   17.909 |   14.012 |   17.806 |   13.714 |   13.711 |   15.207 ||   -0.03   -0.18   -0.19  -26.51  -26.50  -26.14  -42.21  -26.56  -43.44  -43.45  -37.28
       med   |   24.416 |   24.673 |   24.382 |   24.599 |   17.842 |   18.003 |   17.932 |   14.058 |   18.121 |   13.741 |   13.763 |   15.492
64     4     |   25.128 |   25.140 |   25.113 |   25.126 |   17.820 |   17.819 |   17.909 |   14.863 |   17.802 |   14.855 |   14.847 |   18.604 ||   +0.05   -0.06   -0.01  -29.08  -29.09  -28.73  -40.85  -29.16  -40.88  -40.92  -25.96
       med   |   25.177 |   25.642 |   25.176 |   25.392 |   17.844 |   17.913 |   17.930 |   14.878 |   18.110 |   14.894 |   14.860 |   18.630
80     5     |   25.988 |   25.989 |   25.990 |   25.982 |   25.990 |   26.000 |   25.994 |   25.992 |   26.011 |   25.999 |   25.993 |   26.020 ||   +0.00   +0.01   -0.03   +0.01   +0.05   +0.02   +0.01   +0.09   +0.04   +0.02   +0.12
       med   |   26.292 |   26.586 |   26.074 |   26.020 |   26.032 |   26.242 |   26.569 |   26.668 |   26.067 |   26.369 |   26.021 |   26.517
96     6     |   26.898 |   26.912 |   26.920 |   26.941 |   26.923 |   26.932 |   26.932 |   26.942 |   26.950 |   26.776 |   26.916 |   26.943 ||   +0.05   +0.08   +0.16   +0.09   +0.12   +0.13   +0.17   +0.19   -0.45   +0.07   +0.17
       med   |   27.158 |   27.186 |   26.956 |   27.341 |   27.593 |   27.406 |   27.445 |   27.509 |   26.982 |   26.990 |   26.960 |   27.421
112    7     |   27.452 |   27.368 |   27.514 |   27.495 |   27.500 |   27.491 |   27.489 |   27.435 |   27.510 |   27.489 |   27.517 |   27.518 ||   -0.31   +0.23   +0.16   +0.18   +0.14   +0.14   -0.06   +0.21   +0.13   +0.24   +0.24
       med   |   27.489 |   28.369 |   27.548 |   27.908 |   27.582 |   27.736 |   28.021 |   28.214 |   27.568 |   27.575 |   27.550 |   28.095
128    8     |   25.520 |   25.580 |   25.414 |   25.566 |   25.582 |   25.594 |   25.571 |   25.382 |   22.896 |   22.911 |   25.582 |   30.013 ||   +0.24   -0.42   +0.18   +0.24   +0.29   +0.20   -0.54  -10.28  -10.22   +0.24  +17.61
       med   |   25.706 |   26.206 |   25.613 |   25.872 |   25.859 |   25.998 |   25.753 |   26.127 |   22.920 |   23.300 |   25.615 |   30.658
256    16    |   45.475 |   45.443 |   45.341 |   45.382 |   45.464 |   45.344 |   45.356 |   45.362 |   45.306 |   45.339 |   45.374 |   45.260 ||   -0.07   -0.30   -0.20   -0.02   -0.29   -0.26   -0.25   -0.37   -0.30   -0.22   -0.47
       med   |   46.401 |   46.359 |   45.661 |   46.663 |   46.192 |   45.887 |   46.359 |   46.661 |   45.853 |   45.880 |   46.304 |   46.143
512    32    |   84.376 |   84.364 |   84.374 |   84.478 |   84.214 |   84.118 |   84.402 |   84.560 |   84.384 |   84.507 |   84.410 |   84.370 ||   -0.01   -0.00   +0.12   -0.19   -0.31   +0.03   +0.22   +0.01   +0.16   +0.04   -0.01
       med   |   85.394 |   85.506 |   85.283 |   86.726 |   85.550 |   84.982 |   85.122 |   86.922 |   85.633 |   85.033 |   85.397 |   86.019
1024   64    |  161.870 |  161.877 |  161.930 |  161.975 |  161.702 |  161.841 |  161.901 |  162.056 |  161.583 |  162.196 |  161.838 |  161.870 ||   +0.00   +0.04   +0.06   -0.10   -0.02   +0.02   +0.11   -0.18   +0.20   -0.02   +0.00
       med   |  165.820 |  164.457 |  163.171 |  164.945 |  163.348 |  163.142 |  163.163 |  167.233 |  163.204 |  163.326 |  162.175 |  163.147
4096   256   |  627.983 |  628.668 |  628.722 |  628.947 |  628.297 |  628.770 |  628.727 |  628.778 |  628.409 |  628.779 |  628.758 |  628.402 ||   +0.11   +0.12   +0.15   +0.05   +0.13   +0.12   +0.13   +0.07   +0.13   +0.12   +0.07
       med   |  633.707 |  631.542 |  630.901 |  631.277 |  634.851 |  631.199 |  630.766 |  633.173 |  632.317 |  631.555 |  630.349 |  632.478
=== process order1.4
SELFCHECK OK (256 whole-block lengths 1..256 blk x 12 variants; out/Xi/ivec/ret byte-identical, nothing written past 16*nblk)
bytes  blks  |     base |   baseAA |     dsp0 |   dsp0AA |       g4 |     g4AA |      g4h |       a4 |     g4p8 |     t4p8 |       t4 |    m4s4h ||  baseAA%    dsp0%  dsp0AA%      g4%    g4AA%     g4h%      a4%    g4p8%    t4p8%      t4%   m4s4h%
16     1     |   25.209 |   24.250 |   23.413 |   23.807 |   17.823 |   17.820 |   17.909 |   12.759 |   17.804 |   12.306 |   12.336 |   12.571 ||   -3.80   -7.12   -5.56  -29.30  -29.31  -28.96  -49.39  -29.38  -51.18  -51.07  -50.13
       med   |   25.677 |   25.788 |   25.726 |   25.743 |   17.858 |   17.977 |   17.930 |   12.978 |   18.107 |   12.368 |   12.389 |   12.578
32     2     |   23.365 |   23.369 |   23.380 |   23.369 |   17.813 |   17.820 |   17.907 |   13.543 |   17.803 |   13.394 |   13.410 |   13.233 ||   +0.02   +0.06   +0.01  -23.76  -23.74  -23.36  -42.04  -23.81  -42.68  -42.61  -43.36
       med   |   23.608 |   24.118 |   23.571 |   23.515 |   17.838 |   17.911 |   17.934 |   13.563 |   18.007 |   13.423 |   13.423 |   13.239
48     3     |   24.265 |   24.264 |   24.215 |   24.207 |   17.819 |   17.816 |   17.904 |   14.013 |   17.797 |   13.732 |   13.743 |   15.205 ||   -0.01   -0.21   -0.24  -26.57  -26.58  -26.21  -42.25  -26.66  -43.41  -43.36  -37.34
       med   |   24.484 |   24.988 |   24.485 |   24.585 |   17.840 |   17.845 |   17.932 |   14.189 |   18.033 |   13.740 |   13.762 |   15.633
64     4     |   25.127 |   25.113 |   25.125 |   25.118 |   17.821 |   17.820 |   17.901 |   14.867 |   17.796 |   14.859 |   14.848 |   18.608 ||   -0.06   -0.01   -0.04  -29.08  -29.08  -28.76  -40.83  -29.18  -40.87  -40.91  -25.94
       med   |   25.179 |   25.789 |   25.245 |   25.390 |   17.843 |   17.850 |   17.929 |   14.878 |   18.040 |   14.870 |   14.862 |   18.931
80     5     |   25.991 |   25.998 |   25.995 |   25.998 |   26.001 |   25.994 |   26.005 |   25.997 |   26.007 |   26.009 |   25.991 |   26.003 ||   +0.03   +0.01   +0.03   +0.04   +0.01   +0.05   +0.02   +0.06   +0.07   -0.00   +0.04
       med   |   26.329 |   26.949 |   26.178 |   26.478 |   26.707 |   26.295 |   26.552 |   26.876 |   26.075 |   26.229 |   26.022 |   26.227
96     6     |   26.904 |   26.931 |   26.899 |   26.924 |   26.930 |   26.936 |   26.925 |   26.951 |   26.940 |   26.796 |   26.920 |   26.946 ||   +0.10   -0.02   +0.07   +0.10   +0.12   +0.08   +0.18   +0.13   -0.40   +0.06   +0.16
       med   |   27.221 |   27.731 |   26.967 |   27.345 |   27.606 |   27.452 |   27.209 |   27.614 |   26.984 |   27.063 |   26.959 |   27.416
112    7     |   27.455 |   27.358 |   27.527 |   27.488 |   27.429 |   27.533 |   27.494 |   27.411 |   27.526 |   27.490 |   27.522 |   27.528 ||   -0.35   +0.26   +0.12   -0.09   +0.28   +0.14   -0.16   +0.26   +0.13   +0.24   +0.26
       med   |   27.788 |   28.398 |   27.647 |   27.953 |   27.730 |   28.017 |   28.012 |   28.376 |   27.568 |   27.810 |   27.549 |   27.574
128    8     |   25.514 |   25.578 |   25.416 |   25.598 |   25.596 |   25.590 |   25.596 |   25.393 |   22.878 |   22.908 |   25.582 |   29.992 ||   +0.25   -0.38   +0.33   +0.32   +0.30   +0.32   -0.48  -10.33  -10.21   +0.27  +17.55
       med   |   25.780 |   26.146 |   25.620 |   25.808 |   25.957 |   26.149 |   26.017 |   26.134 |   23.242 |   23.296 |   25.613 |   30.576
256    16    |   45.517 |   45.362 |   45.379 |   45.377 |   45.470 |   45.363 |   45.420 |   45.350 |   45.295 |   45.331 |   45.370 |   45.296 ||   -0.34   -0.30   -0.31   -0.10   -0.34   -0.21   -0.37   -0.49   -0.41   -0.32   -0.48
       med   |   46.189 |   46.296 |   45.935 |   45.945 |   45.963 |   45.771 |   46.381 |   46.803 |   45.670 |   45.854 |   46.305 |   46.180
512    32    |   84.060 |   84.350 |   84.411 |   84.448 |   84.429 |   84.306 |   84.372 |   84.531 |   84.393 |   84.584 |   84.385 |   84.082 ||   +0.34   +0.42   +0.46   +0.44   +0.29   +0.37   +0.56   +0.40   +0.62   +0.39   +0.03
       med   |   85.277 |   85.721 |   85.440 |   85.428 |   86.210 |   84.982 |   85.069 |   86.201 |   85.472 |   85.913 |   84.700 |   85.450
1024   64    |  161.899 |  161.885 |  161.736 |  162.099 |  161.813 |  161.840 |  161.839 |  162.065 |  161.954 |  162.101 |  161.861 |  161.954 ||   -0.01   -0.10   +0.12   -0.05   -0.04   -0.04   +0.10   +0.03   +0.12   -0.02   +0.03
       med   |  165.959 |  163.606 |  162.821 |  164.761 |  163.244 |  162.528 |  163.866 |  166.402 |  163.788 |  164.277 |  163.226 |  162.583
4096   256   |  628.325 |  628.681 |  628.785 |  628.901 |  628.828 |  628.836 |  628.727 |  628.838 |  627.952 |  628.923 |  628.696 |  628.523 ||   +0.06   +0.07   +0.09   +0.08   +0.08   +0.06   +0.08   -0.06   +0.10   +0.06   +0.03
       med   |  633.732 |  631.844 |  630.838 |  633.056 |  632.119 |  631.040 |  630.589 |  634.104 |  631.104 |  632.077 |  630.307 |  632.708
=== process order1.5
SELFCHECK OK (256 whole-block lengths 1..256 blk x 12 variants; out/Xi/ivec/ret byte-identical, nothing written past 16*nblk)
bytes  blks  |     base |   baseAA |     dsp0 |   dsp0AA |       g4 |     g4AA |      g4h |       a4 |     g4p8 |     t4p8 |       t4 |    m4s4h ||  baseAA%    dsp0%  dsp0AA%      g4%    g4AA%     g4h%      a4%    g4p8%    t4p8%      t4%   m4s4h%
16     1     |   25.312 |   25.392 |   25.524 |   24.427 |   17.823 |   17.822 |   17.911 |   12.758 |   17.809 |   12.306 |   12.336 |   12.572 ||   +0.31   +0.84   -3.50  -29.59  -29.59  -29.24  -49.60  -29.64  -51.38  -51.27  -50.33
       med   |   25.679 |   25.943 |   25.829 |   25.785 |   17.857 |   17.841 |   17.932 |   12.929 |   18.106 |   12.369 |   12.388 |   12.578
32     2     |   23.369 |   23.362 |   23.377 |   23.373 |   17.816 |   17.813 |   17.907 |   13.545 |   17.802 |   13.366 |   13.411 |   13.233 ||   -0.03   +0.03   +0.02  -23.76  -23.77  -23.37  -42.04  -23.82  -42.81  -42.61  -43.37
       med   |   23.606 |   24.110 |   23.572 |   23.806 |   17.844 |   17.843 |   17.929 |   13.566 |   18.108 |   13.424 |   13.426 |   13.239
48     3     |   24.252 |   24.248 |   24.211 |   24.202 |   17.821 |   17.818 |   17.903 |   14.007 |   17.796 |   13.702 |   13.741 |   15.211 ||   -0.02   -0.17   -0.21  -26.52  -26.53  -26.18  -42.24  -26.62  -43.50  -43.34  -37.28
       med   |   24.479 |   24.771 |   24.522 |   24.594 |   17.842 |   17.840 |   17.927 |   14.056 |   18.107 |   13.740 |   13.762 |   15.415
64     4     |   25.126 |   25.141 |   25.132 |   25.121 |   17.816 |   17.815 |   17.908 |   14.864 |   17.805 |   14.856 |   14.848 |   18.604 ||   +0.06   +0.03   -0.02  -29.09  -29.10  -28.73  -40.84  -29.14  -40.87  -40.91  -25.96
       med   |   25.318 |   25.796 |   25.248 |   25.434 |   17.841 |   17.839 |   17.930 |   14.878 |   18.106 |   14.871 |   14.860 |   18.820
80     5     |   25.991 |   25.994 |   26.006 |   25.991 |   25.999 |   26.003 |   25.999 |   25.998 |   26.009 |   26.000 |   25.990 |   26.016 ||   +0.01   +0.06   -0.00   +0.03   +0.05   +0.03   +0.03   +0.07   +0.03   -0.00   +0.09
       med   |   26.088 |   26.957 |   26.266 |   26.384 |   26.712 |   26.545 |   26.283 |   26.429 |   26.067 |   26.137 |   26.023 |   26.524
96     6     |   26.874 |   26.883 |   26.931 |   26.941 |   26.924 |   26.931 |   26.925 |   26.950 |   26.943 |   26.784 |   26.911 |   26.931 ||   +0.04   +0.21   +0.25   +0.19   +0.21   +0.19   +0.28   +0.26   -0.33   +0.14   +0.21
       med   |   27.226 |   27.213 |   27.041 |   27.253 |   27.243 |   27.214 |   27.032 |   27.500 |   26.985 |   26.994 |   26.951 |   26.979
112    7     |   27.457 |   27.373 |   27.520 |   27.492 |   27.468 |   27.490 |   27.499 |   27.498 |   27.515 |   27.480 |   27.514 |   27.521 ||   -0.31   +0.23   +0.13   +0.04   +0.12   +0.16   +0.15   +0.21   +0.08   +0.21   +0.24
       med   |   27.547 |   28.394 |   27.647 |   27.925 |   27.612 |   27.871 |   27.915 |   28.207 |   27.567 |   27.573 |   27.550 |   27.922
128    8     |   25.510 |   25.552 |   25.423 |   25.599 |   25.589 |   25.595 |   25.571 |   25.393 |   22.899 |   22.901 |   25.587 |   29.994 ||   +0.16   -0.34   +0.35   +0.31   +0.34   +0.24   -0.46  -10.23  -10.22   +0.30  +17.58
       med   |   25.550 |   26.226 |   25.798 |   25.878 |   25.637 |   26.086 |   25.859 |   26.124 |   23.213 |   23.294 |   25.615 |   30.577
256    16    |   45.459 |   45.344 |   45.352 |   45.360 |   45.464 |   45.365 |   45.360 |   45.378 |   45.262 |   45.327 |   45.370 |   45.264 ||   -0.25   -0.24   -0.22   +0.01   -0.21   -0.22   -0.18   -0.43   -0.29   -0.20   -0.43
       med   |   45.889 |   46.126 |   46.027 |   46.579 |   45.918 |   45.968 |   45.832 |   46.397 |   45.691 |   45.746 |   46.180 |   46.080
512    32    |   84.376 |   84.283 |   84.410 |   84.480 |   84.409 |   84.315 |   84.387 |   84.544 |   84.370 |   84.382 |   84.380 |   84.392 ||   -0.11   +0.04   +0.12   +0.04   -0.07   +0.01   +0.20   -0.01   +0.01   +0.00   +0.02
       med   |   85.573 |   85.497 |   85.363 |   86.499 |   85.814 |   84.793 |   85.828 |   86.919 |   85.564 |   85.327 |   84.746 |   85.992
1024   64    |  161.864 |  161.327 |  161.811 |  162.060 |  161.125 |  161.679 |  161.637 |  162.070 |  161.560 |  162.059 |  161.824 |  161.571 ||   -0.33   -0.03   +0.12   -0.46   -0.11   -0.14   +0.13   -0.19   +0.12   -0.02   -0.18
       med   |  163.857 |  165.593 |  162.683 |  164.206 |  164.632 |  162.453 |  163.530 |  165.593 |  164.051 |  165.302 |  162.815 |  163.282
4096   256   |  628.645 |  628.578 |  628.681 |  628.688 |  628.838 |  628.269 |  628.602 |  628.777 |  627.587 |  628.919 |  628.668 |  626.891 ||   -0.01   +0.01   +0.01   +0.03   -0.06   -0.01   +0.02   -0.17   +0.04   +0.00   -0.28
       med   |  634.463 |  631.635 |  630.514 |  631.419 |  631.626 |  631.223 |  630.742 |  632.759 |  630.923 |  632.098 |  630.342 |  632.707
=== process order2.1
SELFCHECK OK (256 whole-block lengths 1..256 blk x 12 variants; out/Xi/ivec/ret byte-identical, nothing written past 16*nblk)
bytes  blks  |     base |    m4s4h |       t4 |     t4p8 |     g4p8 |       a4 |      g4h |     g4AA |       g4 |   dsp0AA |     dsp0 |   baseAA ||   m4s4h%      t4%    t4p8%    g4p8%      a4%     g4h%    g4AA%      g4%  dsp0AA%    dsp0%  baseAA%
16     1     |   23.320 |   12.573 |   12.326 |   12.309 |   17.826 |   12.753 |   17.926 |   17.822 |   17.828 |   23.310 |   23.295 |   23.316 ||  -46.09  -47.14  -47.22  -23.56  -45.31  -23.13  -23.58  -23.55   -0.04   -0.11   -0.02
       med   |   23.822 |   12.578 |   12.395 |   12.367 |   18.168 |   12.802 |   18.023 |   17.874 |   18.079 |   23.409 |   23.451 |   23.645
32     2     |   23.368 |   13.234 |   13.359 |   13.398 |   17.826 |   13.550 |   17.916 |   17.825 |   17.832 |   23.368 |   23.352 |   23.408 ||  -43.37  -42.83  -42.67  -23.72  -42.02  -23.33  -23.72  -23.69   +0.00   -0.07   +0.17
       med   |   23.625 |   13.239 |   13.433 |   13.426 |   18.118 |   13.640 |   18.014 |   17.870 |   18.075 |   23.501 |   23.566 |   23.702
48     3     |   24.266 |   15.202 |   13.697 |   13.733 |   17.811 |   14.032 |   17.922 |   17.824 |   17.817 |   24.209 |   24.193 |   24.253 ||  -37.35  -43.55  -43.41  -26.60  -42.17  -26.14  -26.55  -26.58   -0.24   -0.30   -0.05
       med   |   24.666 |   15.474 |   15.023 |   14.484 |   18.084 |   14.054 |   18.004 |   17.872 |   18.076 |   24.322 |   24.410 |   24.359
64     4     |   25.119 |   18.609 |   14.867 |   14.858 |   17.813 |   14.865 |   17.916 |   17.821 |   17.824 |   25.126 |   25.112 |   25.124 ||  -25.92  -40.81  -40.85  -29.09  -40.82  -28.68  -29.06  -29.04   +0.03   -0.03   +0.02
       med   |   25.474 |   18.926 |   15.152 |   14.870 |   18.058 |   14.878 |   17.999 |   17.872 |   18.076 |   25.158 |   25.150 |   25.185
80     5     |   25.993 |   26.013 |   26.001 |   26.013 |   25.997 |   26.009 |   25.996 |   25.994 |   25.996 |   26.001 |   25.992 |   25.986 ||   +0.08   +0.03   +0.08   +0.02   +0.06   +0.01   +0.01   +0.01   +0.03   -0.00   -0.02
       med   |   26.409 |   26.709 |   26.521 |   26.852 |   26.298 |   26.753 |   26.334 |   26.343 |   26.136 |   26.301 |   26.116 |   26.650
96     6     |   26.919 |   26.942 |   26.963 |   26.904 |   26.897 |   26.952 |   26.919 |   26.920 |   26.928 |   26.926 |   26.908 |   26.883 ||   +0.09   +0.17   -0.06   -0.08   +0.12   +0.00   +0.00   +0.03   +0.03   -0.04   -0.13
       med   |   27.370 |   27.643 |   27.389 |   27.356 |   27.377 |   27.673 |   26.975 |   26.973 |   26.965 |   27.191 |   26.979 |   27.226
112    7     |   27.460 |   27.538 |   27.497 |   27.437 |   27.506 |   27.458 |   27.477 |   27.509 |   27.514 |   27.517 |   27.490 |   27.472 ||   +0.28   +0.13   -0.08   +0.17   -0.01   +0.06   +0.18   +0.20   +0.21   +0.11   +0.04
       med   |   27.836 |   28.160 |   27.919 |   28.291 |   27.931 |   28.168 |   27.760 |   27.587 |   27.558 |   27.631 |   27.523 |   28.159
128    8     |   25.517 |   29.990 |   25.363 |   22.902 |   22.994 |   25.380 |   25.659 |   25.572 |   25.549 |   25.593 |   25.388 |   25.515 ||  +17.53   -0.61  -10.25   -9.89   -0.54   +0.56   +0.21   +0.12   +0.29   -0.51   -0.01
       med   |   25.558 |   30.243 |   25.697 |   23.360 |   23.873 |   25.768 |   25.686 |   25.936 |   25.612 |   25.775 |   25.630 |   25.879
256    16    |   45.444 |   45.291 |   45.355 |   45.376 |   45.356 |   45.394 |   45.329 |   45.470 |   45.264 |   45.361 |   45.346 |   45.434 ||   -0.34   -0.20   -0.15   -0.19   -0.11   -0.25   +0.06   -0.40   -0.18   -0.22   -0.02
       med   |   46.469 |   46.103 |   46.284 |   46.661 |   46.498 |   46.485 |   45.772 |   45.976 |   45.697 |   46.203 |   45.690 |   45.938
512    32    |   84.365 |   84.367 |   84.407 |   84.568 |   84.142 |   84.409 |   84.417 |   84.400 |   84.359 |   83.346 |   84.458 |   84.373 ||   +0.00   +0.05   +0.24   -0.26   +0.05   +0.06   +0.04   -0.01   -1.21   +0.11   +0.01
       med   |   85.725 |   86.247 |   84.595 |   86.014 |   85.711 |   84.839 |   85.367 |   85.449 |   85.371 |   85.161 |   85.694 |   85.131
1024   64    |  161.826 |  162.013 |  162.014 |  162.097 |  162.101 |  161.970 |  161.862 |  161.941 |  161.665 |  161.305 |  162.118 |  161.916 ||   +0.12   +0.12   +0.17   +0.17   +0.09   +0.02   +0.07   -0.10   -0.32   +0.18   +0.06
       med   |  163.225 |  165.821 |  163.162 |  164.292 |  163.330 |  164.385 |  163.522 |  163.968 |  162.861 |  162.975 |  163.018 |  165.768
4096   256   |  628.487 |  626.711 |  628.577 |  628.659 |  628.637 |  628.722 |  627.426 |  628.778 |  628.757 |  628.215 |  627.762 |  628.298 ||   -0.28   +0.01   +0.03   +0.02   +0.04   -0.17   +0.05   +0.04   -0.04   -0.12   -0.03
       med   |  633.718 |  631.122 |  629.984 |  632.346 |  629.996 |  631.230 |  629.920 |  630.606 |  630.050 |  630.451 |  632.744 |  632.029
=== process order2.2
SELFCHECK OK (256 whole-block lengths 1..256 blk x 12 variants; out/Xi/ivec/ret byte-identical, nothing written past 16*nblk)
bytes  blks  |     base |    m4s4h |       t4 |     t4p8 |     g4p8 |       a4 |      g4h |     g4AA |       g4 |   dsp0AA |     dsp0 |   baseAA ||   m4s4h%      t4%    t4p8%    g4p8%      a4%     g4h%    g4AA%      g4%  dsp0AA%    dsp0%  baseAA%
16     1     |   23.262 |   12.572 |   12.327 |   12.311 |   17.823 |   12.758 |   17.915 |   17.820 |   17.826 |   23.314 |   23.295 |   23.315 ||  -45.96  -47.01  -47.08  -23.38  -45.16  -22.99  -23.39  -23.37   +0.22   +0.14   +0.22
       med   |   23.778 |   12.579 |   12.396 |   12.369 |   18.114 |   12.803 |   18.013 |   17.878 |   18.062 |   23.696 |   23.422 |   23.770
32     2     |   23.367 |   13.234 |   13.347 |   13.410 |   17.819 |   13.552 |   17.918 |   17.824 |   17.820 |   23.370 |   23.351 |   23.410 ||  -43.37  -42.88  -42.61  -23.74  -42.01  -23.32  -23.72  -23.74   +0.01   -0.07   +0.18
       med   |   23.760 |   13.239 |   13.433 |   13.425 |   18.164 |   13.638 |   18.015 |   17.871 |   18.074 |   23.802 |   23.568 |   23.729
48     3     |   24.268 |   15.190 |   13.698 |   13.733 |   17.817 |   13.996 |   17.918 |   17.821 |   17.821 |   24.211 |   24.209 |   24.258 ||  -37.41  -43.56  -43.41  -26.58  -42.33  -26.17  -26.57  -26.57   -0.24   -0.24   -0.04
       med   |   24.689 |   15.534 |   15.042 |   14.455 |   18.091 |   14.054 |   18.011 |   17.871 |   18.074 |   24.482 |   24.414 |   24.483
64     4     |   25.148 |   18.607 |   14.867 |   14.856 |   17.815 |   14.869 |   17.913 |   17.827 |   17.818 |   25.121 |   25.125 |   25.149 ||  -26.01  -40.88  -40.92  -29.16  -40.87  -28.77  -29.11  -29.15   -0.11   -0.09   +0.00
       med   |   25.441 |   19.019 |   14.940 |   14.868 |   17.944 |   14.935 |   17.997 |   17.870 |   18.076 |   25.365 |   25.232 |   25.423
80     5     |   25.988 |   26.030 |   26.001 |   26.004 |   26.022 |   26.002 |   25.991 |   25.995 |   25.999 |   25.998 |   25.994 |   26.001 ||   +0.16   +0.05   +0.06   +0.13   +0.06   +0.01   +0.03   +0.04   +0.04   +0.02   +0.05
       med   |   26.120 |   26.704 |   26.567 |   26.724 |   26.649 |   26.570 |   26.072 |   26.149 |   26.153 |   26.410 |   26.021 |   26.668
96     6     |   26.922 |   26.961 |   26.938 |   26.903 |   26.947 |   26.967 |   26.881 |   26.930 |   26.919 |   26.908 |   26.932 |   26.938 ||   +0.14   +0.06   -0.07   +0.09   +0.17   -0.15   +0.03   -0.01   -0.05   +0.04   +0.06
       med   |   27.238 |   27.645 |   27.250 |   27.353 |   27.392 |   27.523 |   26.982 |   27.232 |   27.033 |   27.261 |   27.043 |   27.436
112    7     |   27.452 |   27.407 |   27.438 |   27.509 |   27.515 |   27.441 |   27.493 |   27.528 |   27.517 |   27.520 |   27.491 |   27.466 ||   -0.16   -0.05   +0.21   +0.23   -0.04   +0.15   +0.28   +0.24   +0.25   +0.14   +0.05
       med   |   27.776 |   27.761 |   27.935 |   28.159 |   27.825 |   28.009 |   27.597 |   27.859 |   27.598 |   27.553 |   27.523 |   28.181
128    8     |   25.513 |   29.984 |   25.387 |   22.907 |   22.993 |   25.393 |   25.664 |   25.590 |   25.544 |   25.587 |   25.380 |   25.386 ||  +17.53   -0.49  -10.21   -9.87   -0.47   +0.59   +0.30   +0.12   +0.29   -0.52   -0.50
       med   |   25.761 |   30.100 |   25.867 |   23.412 |   23.881 |   25.807 |   25.687 |   25.616 |   25.613 |   25.858 |   25.705 |   25.973
256    16    |   45.474 |   45.274 |   45.331 |   45.354 |   45.345 |   45.405 |   45.342 |   45.464 |   45.323 |   45.358 |   45.330 |   45.373 ||   -0.44   -0.31   -0.26   -0.28   -0.15   -0.29   -0.02   -0.33   -0.25   -0.32   -0.22
       med   |   46.322 |   46.137 |   46.061 |   46.277 |   46.739 |   46.506 |   45.638 |   46.644 |   45.681 |   46.389 |   45.644 |   45.767
512    32    |   84.415 |   84.424 |   84.456 |   84.507 |   84.360 |   84.452 |   84.348 |   84.368 |   84.029 |   84.370 |   84.493 |   84.394 ||   +0.01   +0.05   +0.11   -0.06   +0.04   -0.08   -0.06   -0.46   -0.05   +0.09   -0.02
       med   |   85.796 |   85.994 |   84.602 |   85.991 |   85.466 |   85.318 |   85.387 |   85.431 |   85.355 |   85.261 |   85.467 |   85.985
1024   64    |  161.758 |  161.970 |  161.957 |  161.927 |  162.083 |  161.995 |  161.988 |  161.941 |  161.806 |  161.840 |  162.061 |  161.877 ||   +0.13   +0.12   +0.10   +0.20   +0.15   +0.14   +0.11   +0.03   +0.05   +0.19   +0.07
       med   |  165.548 |  165.146 |  162.190 |  163.217 |  163.803 |  163.718 |  164.012 |  163.957 |  162.412 |  164.012 |  165.183 |  165.160
4096   256   |  628.160 |  627.015 |  628.619 |  628.918 |  628.667 |  628.225 |  628.472 |  628.601 |  628.319 |  628.310 |  628.635 |  628.239 ||   -0.18   +0.07   +0.12   +0.08   +0.01   +0.05   +0.07   +0.03   +0.02   +0.08   +0.01
       med   |  634.355 |  632.597 |  632.114 |  632.006 |  631.910 |  633.774 |  630.352 |  630.952 |  630.130 |  631.028 |  634.419 |  632.769
=== process order2.3
SELFCHECK OK (256 whole-block lengths 1..256 blk x 12 variants; out/Xi/ivec/ret byte-identical, nothing written past 16*nblk)
bytes  blks  |     base |    m4s4h |       t4 |     t4p8 |     g4p8 |       a4 |      g4h |     g4AA |       g4 |   dsp0AA |     dsp0 |   baseAA ||   m4s4h%      t4%    t4p8%    g4p8%      a4%     g4h%    g4AA%      g4%  dsp0AA%    dsp0%  baseAA%
16     1     |   23.317 |   12.572 |   12.326 |   12.331 |   17.821 |   12.754 |   17.920 |   17.820 |   17.826 |   23.310 |   23.294 |   23.323 ||  -46.08  -47.14  -47.12  -23.57  -45.30  -23.15  -23.58  -23.55   -0.03   -0.10   +0.03
       med   |   23.824 |   12.580 |   12.396 |   12.368 |   18.137 |   12.796 |   18.082 |   17.877 |   18.067 |   23.529 |   23.434 |   23.725
32     2     |   23.352 |   13.234 |   13.360 |   13.409 |   17.815 |   13.544 |   17.915 |   17.828 |   17.827 |   23.372 |   23.364 |   23.412 ||  -43.33  -42.79  -42.58  -23.71  -42.00  -23.28  -23.65  -23.66   +0.09   +0.05   +0.26
       med   |   23.834 |   13.239 |   13.434 |   13.425 |   18.219 |   13.638 |   18.010 |   17.875 |   18.071 |   23.583 |   23.566 |   23.752
48     3     |   24.261 |   15.206 |   13.695 |   13.707 |   17.816 |   14.039 |   17.917 |   17.825 |   17.821 |   24.217 |   24.208 |   24.251 ||  -37.32  -43.55  -43.50  -26.57  -42.14  -26.15  -26.53  -26.55   -0.18   -0.22   -0.04
       med   |   24.659 |   15.502 |   15.053 |   14.505 |   18.084 |   14.055 |   18.010 |   17.872 |   18.067 |   24.471 |   24.386 |   24.601
64     4     |   25.124 |   18.610 |   14.868 |   14.853 |   17.816 |   14.865 |   17.914 |   17.823 |   17.821 |   25.115 |   25.104 |   25.136 ||  -25.93  -40.82  -40.88  -29.09  -40.83  -28.70  -29.06  -29.07   -0.04   -0.08   +0.05
       med   |   25.419 |   19.024 |   15.143 |   14.869 |   18.061 |   14.931 |   18.019 |   17.871 |   18.066 |   25.331 |   25.152 |   25.364
80     5     |   25.990 |   26.024 |   25.999 |   26.009 |   26.008 |   25.999 |   25.995 |   25.994 |   25.991 |   25.990 |   25.992 |   25.993 ||   +0.13   +0.03   +0.07   +0.07   +0.03   +0.02   +0.02   +0.01   -0.00   +0.01   +0.01
       med   |   26.074 |   26.708 |   26.524 |   26.602 |   26.290 |   26.481 |   26.071 |   26.247 |   26.130 |   26.288 |   26.018 |   26.651
96     6     |   26.932 |   26.963 |   26.927 |   26.890 |   26.961 |   26.939 |   26.903 |   26.909 |   26.916 |   26.939 |   26.932 |   26.899 ||   +0.11   -0.02   -0.16   +0.11   +0.03   -0.11   -0.09   -0.06   +0.03   +0.00   -0.12
       med   |   27.382 |   27.643 |   27.387 |   27.429 |   27.382 |   27.407 |   26.977 |   27.276 |   26.967 |   27.087 |   27.037 |   27.489
112    7     |   27.463 |   27.546 |   27.396 |   27.526 |   27.507 |   27.409 |   27.482 |   27.421 |   27.520 |   27.529 |   27.493 |   27.469 ||   +0.30   -0.24   +0.23   +0.16   -0.20   +0.07   -0.16   +0.20   +0.24   +0.11   +0.02
       med   |   27.907 |   28.159 |   27.756 |   28.150 |   27.671 |   27.962 |   27.733 |   27.836 |   27.561 |   27.635 |   27.520 |   28.164
128    8     |   25.524 |   29.997 |   25.393 |   22.912 |   22.987 |   25.393 |   25.653 |   25.593 |   25.551 |   25.592 |   25.378 |   25.525 ||  +17.52   -0.52  -10.24   -9.94   -0.52   +0.50   +0.27   +0.10   +0.27   -0.57   +0.00
       med   |   25.866 |   30.279 |   25.849 |   23.313 |   23.323 |   25.785 |   25.691 |   25.944 |   25.616 |   25.773 |   25.624 |   26.021
256    16    |   45.458 |   45.262 |   45.327 |   45.351 |   45.340 |   45.469 |   45.332 |   45.418 |   45.265 |   45.356 |   45.323 |   45.420 ||   -0.43   -0.29   -0.24   -0.26   +0.02   -0.28   -0.09   -0.42   -0.22   -0.30   -0.08
       med   |   45.872 |   46.101 |   46.237 |   46.503 |   46.651 |   46.428 |   45.452 |   45.985 |   45.694 |   46.545 |   45.697 |   45.810
512    32    |   84.364 |   84.354 |   84.412 |   84.478 |   84.094 |   84.468 |   84.347 |   84.401 |   84.374 |   84.373 |   84.456 |   84.378 ||   -0.01   +0.06   +0.14   -0.32   +0.12   -0.02   +0.04   +0.01   +0.01   +0.11   +0.02
       med   |   85.646 |   85.497 |   84.722 |   85.963 |   85.425 |   85.532 |   84.730 |   85.573 |   85.154 |   85.028 |   85.355 |   85.523
1024   64    |  161.905 |  162.008 |  162.094 |  161.357 |  161.933 |  162.081 |  161.923 |  161.910 |  161.656 |  161.833 |  162.037 |  161.970 ||   +0.06   +0.12   -0.34   +0.02   +0.11   +0.01   +0.00   -0.15   -0.04   +0.08   +0.04
       med   |  164.464 |  165.767 |  163.465 |  164.429 |  162.518 |  164.989 |  162.978 |  164.080 |  162.852 |  163.179 |  163.399 |  163.837
4096   256   |  628.194 |  628.562 |  628.153 |  628.701 |  628.676 |  628.782 |  628.479 |  628.182 |  628.423 |  628.245 |  628.284 |  628.633 ||   +0.06   -0.01   +0.08   +0.08   +0.09   +0.05   -0.00   +0.04   +0.01   +0.01   +0.07
       med   |  633.553 |  631.778 |  630.014 |  630.859 |  630.264 |  631.725 |  630.538 |  631.008 |  630.287 |  630.298 |  634.181 |  632.371
=== process order2.4
SELFCHECK OK (256 whole-block lengths 1..256 blk x 12 variants; out/Xi/ivec/ret byte-identical, nothing written past 16*nblk)
bytes  blks  |     base |    m4s4h |       t4 |     t4p8 |     g4p8 |       a4 |      g4h |     g4AA |       g4 |   dsp0AA |     dsp0 |   baseAA ||   m4s4h%      t4%    t4p8%    g4p8%      a4%     g4h%    g4AA%      g4%  dsp0AA%    dsp0%  baseAA%
16     1     |   23.319 |   12.572 |   12.326 |   12.331 |   17.828 |   12.757 |   17.923 |   17.830 |   17.824 |   23.306 |   23.293 |   23.321 ||  -46.09  -47.14  -47.12  -23.55  -45.29  -23.14  -23.54  -23.57   -0.06   -0.11   +0.01
       med   |   23.884 |   12.579 |   12.396 |   12.367 |   18.237 |   12.805 |   18.013 |   17.870 |   18.055 |   23.472 |   23.423 |   23.626
32     2     |   23.414 |   13.234 |   13.365 |   13.411 |   17.822 |   13.550 |   17.920 |   17.822 |   17.827 |   23.372 |   23.360 |   23.415 ||  -43.48  -42.92  -42.72  -23.89  -42.13  -23.46  -23.89  -23.86   -0.18   -0.23   +0.00
       med   |   23.901 |   13.239 |   13.434 |   13.426 |   18.190 |   13.641 |   18.011 |   17.870 |   18.055 |   23.542 |   23.555 |   23.715
48     3     |   24.257 |   15.207 |   13.698 |   13.733 |   17.812 |   14.006 |   17.917 |   17.825 |   17.821 |   24.210 |   24.206 |   24.260 ||  -37.31  -43.53  -43.38  -26.57  -42.26  -26.14  -26.52  -26.53   -0.19   -0.21   +0.01
       med   |   24.675 |   15.495 |   14.846 |   13.946 |   18.087 |   14.055 |   18.009 |   17.869 |   18.059 |   24.358 |   24.350 |   24.504
64     4     |   25.137 |   18.610 |   14.866 |   14.856 |   17.814 |   14.868 |   17.916 |   17.828 |   17.655 |   25.125 |   25.115 |   25.156 ||  -25.97  -40.86  -40.90  -29.13  -40.85  -28.73  -29.08  -29.76   -0.05   -0.09   +0.08
       med   |   25.537 |   19.020 |   15.145 |   14.868 |   18.080 |   14.930 |   17.959 |   17.872 |   18.055 |   25.163 |   25.230 |   25.522
80     5     |   25.992 |   26.017 |   26.007 |   26.017 |   26.009 |   25.997 |   25.991 |   25.991 |   25.991 |   25.996 |   25.991 |   25.992 ||   +0.09   +0.06   +0.10   +0.06   +0.02   -0.01   -0.01   -0.00   +0.02   -0.00   +0.00
       med   |   26.367 |   26.706 |   26.530 |   26.628 |   26.638 |   26.366 |   26.075 |   26.153 |   26.089 |   26.100 |   26.116 |   26.578
96     6     |   26.850 |   26.955 |   26.937 |   26.912 |   26.899 |   26.936 |   26.908 |   26.922 |   26.912 |   26.916 |   26.896 |   26.925 ||   +0.39   +0.32   +0.23   +0.18   +0.32   +0.21   +0.27   +0.23   +0.24   +0.17   +0.28
       med   |   26.976 |   27.649 |   27.385 |   27.328 |   27.183 |   27.305 |   26.977 |   27.131 |   26.978 |   27.018 |   27.038 |   27.235
112    7     |   27.455 |   27.447 |   27.418 |   27.531 |   27.516 |   27.411 |   27.491 |   27.403 |   27.521 |   27.519 |   27.494 |   27.466 ||   -0.03   -0.13   +0.28   +0.22   -0.16   +0.13   -0.19   +0.24   +0.23   +0.14   +0.04
       med   |   27.579 |   27.578 |   27.759 |   28.149 |   27.940 |   27.974 |   27.760 |   27.852 |   27.553 |   27.618 |   27.526 |   28.188
128    8     |   25.509 |   29.998 |   25.378 |   22.902 |   22.991 |   25.387 |   25.657 |   25.594 |   25.550 |   25.595 |   25.379 |   25.376 ||  +17.59   -0.52  -10.22   -9.87   -0.48   +0.58   +0.33   +0.16   +0.34   -0.51   -0.52
       med   |   25.786 |   30.113 |   25.689 |   23.036 |   23.327 |   25.714 |   25.687 |   25.615 |   25.614 |   25.774 |   25.628 |   26.020
256    16    |   45.479 |   45.267 |   45.401 |   45.369 |   45.336 |   45.416 |   45.322 |   45.502 |   45.275 |   45.373 |   45.381 |   45.451 ||   -0.47   -0.17   -0.24   -0.31   -0.14   -0.35   +0.05   -0.45   -0.23   -0.22   -0.06
       med   |   46.484 |   45.918 |   46.311 |   47.035 |   46.074 |   46.478 |   45.450 |   46.534 |   45.702 |   46.249 |   45.720 |   45.918
512    32    |   84.392 |   84.378 |   84.499 |   84.505 |   84.039 |   84.437 |   84.386 |   84.396 |   84.186 |   84.188 |   84.325 |   84.320 ||   -0.02   +0.13   +0.13   -0.42   +0.05   -0.01   +0.01   -0.24   -0.24   -0.08   -0.08
       med   |   85.821 |   85.424 |   85.121 |   85.958 |   85.452 |   85.388 |   85.274 |   85.410 |   84.628 |   85.075 |   85.387 |   84.555
1024   64    |  161.880 |  161.970 |  162.081 |  162.102 |  162.079 |  162.059 |  161.894 |  161.969 |  161.749 |  160.113 |  162.141 |  161.897 ||   +0.06   +0.12   +0.14   +0.12   +0.11   +0.01   +0.05   -0.08   -1.09   +0.16   +0.01
       med   |  164.286 |  165.246 |  163.375 |  164.994 |  163.814 |  163.987 |  162.948 |  163.526 |  163.023 |  164.109 |  164.821 |  163.402
4096   256   |  628.178 |  628.082 |  628.723 |  628.957 |  628.669 |  628.798 |  628.143 |  628.699 |  628.676 |  628.700 |  628.766 |  628.467 ||   -0.02   +0.09   +0.12   +0.08   +0.10   -0.01   +0.08   +0.08   +0.08   +0.09   +0.05
       med   |  633.551 |  630.968 |  630.033 |  631.393 |  630.390 |  631.847 |  630.516 |  630.496 |  630.442 |  630.772 |  632.992 |  634.335
=== process order2.5
SELFCHECK OK (256 whole-block lengths 1..256 blk x 12 variants; out/Xi/ivec/ret byte-identical, nothing written past 16*nblk)
bytes  blks  |     base |    m4s4h |       t4 |     t4p8 |     g4p8 |       a4 |      g4h |     g4AA |       g4 |   dsp0AA |     dsp0 |   baseAA ||   m4s4h%      t4%    t4p8%    g4p8%      a4%     g4h%    g4AA%      g4%  dsp0AA%    dsp0%  baseAA%
16     1     |   23.258 |   12.573 |   12.322 |   12.310 |   17.821 |   12.753 |   17.920 |   17.820 |   17.828 |   23.307 |   23.293 |   23.313 ||  -45.94  -47.02  -47.07  -23.38  -45.17  -22.95  -23.38  -23.35   +0.21   +0.15   +0.24
       med   |   23.866 |   12.580 |   12.396 |   12.368 |   18.218 |   12.801 |   18.016 |   18.015 |   18.078 |   23.474 |   23.450 |   23.724
32     2     |   23.360 |   13.234 |   13.361 |   13.336 |   17.817 |   13.544 |   17.918 |   17.824 |   17.827 |   23.366 |   23.366 |   23.414 ||  -43.35  -42.80  -42.91  -23.73  -42.02  -23.29  -23.70  -23.68   +0.03   +0.03   +0.23
       med   |   23.957 |   13.239 |   13.433 |   13.425 |   18.233 |   13.639 |   18.010 |   17.876 |   18.066 |   23.524 |   23.562 |   23.687
48     3     |   24.264 |   15.201 |   13.695 |   13.733 |   17.815 |   14.003 |   17.915 |   17.823 |   17.821 |   24.209 |   24.202 |   24.253 ||  -37.35  -43.56  -43.40  -26.58  -42.29  -26.17  -26.54  -26.55   -0.23   -0.25   -0.04
       med   |   24.741 |   15.485 |   15.056 |   14.511 |   18.047 |   14.055 |   18.003 |   17.871 |   18.073 |   24.293 |   24.419 |   24.417
64     4     |   25.151 |   18.606 |   14.863 |   14.857 |   17.814 |   14.863 |   17.918 |   17.824 |   17.832 |   25.124 |   25.105 |   25.114 ||  -26.02  -40.90  -40.93  -29.17  -40.90  -28.76  -29.13  -29.10   -0.11   -0.19   -0.15
       med   |   25.553 |   18.903 |   15.139 |   14.871 |   18.096 |   14.877 |   18.030 |   17.870 |   18.065 |   25.157 |   25.241 |   25.339
80     5     |   25.990 |   26.014 |   25.993 |   26.004 |   26.008 |   26.003 |   25.991 |   25.996 |   25.989 |   25.989 |   25.993 |   25.994 ||   +0.09   +0.01   +0.06   +0.07   +0.05   +0.00   +0.02   -0.00   -0.00   +0.01   +0.01
       med   |   26.465 |   26.726 |   26.303 |   26.840 |   26.430 |   26.756 |   26.325 |   26.425 |   26.261 |   26.098 |   26.027 |   26.734
96     6     |   26.915 |   26.936 |   26.928 |   26.930 |   26.958 |   26.955 |   26.881 |   26.930 |   26.922 |   26.926 |   26.926 |   26.920 ||   +0.08   +0.05   +0.06   +0.16   +0.15   -0.13   +0.05   +0.02   +0.04   +0.04   +0.02
       med   |   26.978 |   27.654 |   27.389 |   27.628 |   27.369 |   27.672 |   27.076 |   27.011 |   26.969 |   27.239 |   26.975 |   27.240
112    7     |   27.452 |   27.545 |   27.490 |   27.516 |   27.514 |   27.396 |   27.479 |   27.490 |   27.514 |   27.522 |   27.493 |   27.455 ||   +0.34   +0.14   +0.23   +0.23   -0.21   +0.10   +0.14   +0.23   +0.25   +0.15   +0.01
       med   |   27.955 |   28.165 |   27.923 |   28.381 |   27.932 |   28.179 |   27.738 |   27.689 |   27.555 |   27.644 |   27.522 |   28.180
128    8     |   25.524 |   30.006 |   25.397 |   22.905 |   23.001 |   25.384 |   25.656 |   25.586 |   25.548 |   25.598 |   25.377 |   25.513 ||  +17.56   -0.50  -10.26   -9.88   -0.55   +0.52   +0.24   +0.09   +0.29   -0.58   -0.04
       med   |   26.020 |   30.290 |   25.852 |   23.368 |   23.887 |   25.819 |   25.686 |   25.616 |   25.613 |   25.777 |   25.630 |   25.992
256    16    |   45.433 |   45.279 |   45.373 |   45.373 |   45.335 |   45.429 |   45.358 |   45.503 |   45.331 |   45.349 |   45.335 |   45.427 ||   -0.34   -0.13   -0.13   -0.22   -0.01   -0.17   +0.15   -0.22   -0.18   -0.22   -0.01
       med   |   46.587 |   46.130 |   46.235 |   46.649 |   46.593 |   46.386 |   45.669 |   46.749 |   45.691 |   46.046 |   45.642 |   45.880
512    32    |   84.389 |   84.418 |   84.267 |   84.471 |   84.511 |   84.535 |   84.312 |   84.369 |   84.314 |   84.400 |   84.084 |   84.411 ||   +0.03   -0.14   +0.10   +0.15   +0.17   -0.09   -0.02   -0.09   +0.01   -0.36   +0.03
       med   |   85.629 |   85.914 |   84.602 |   85.980 |   85.815 |   86.057 |   84.638 |   85.021 |   84.575 |   85.295 |   85.753 |   85.994
1024   64    |  161.857 |  162.032 |  161.450 |  162.214 |  162.171 |  162.045 |  161.822 |  161.953 |  161.821 |  161.639 |  161.973 |  161.956 ||   +0.11   -0.25   +0.22   +0.19   +0.12   -0.02   +0.06   -0.02   -0.13   +0.07   +0.06
       med   |  163.910 |  164.146 |  162.190 |  164.675 |  164.030 |  165.024 |  162.929 |  163.555 |  162.824 |  163.975 |  165.911 |  165.982
4096   256   |  628.150 |  628.761 |  628.475 |  628.597 |  628.637 |  628.846 |  627.971 |  628.780 |  628.505 |  628.667 |  628.339 |  628.390 ||   +0.10   +0.05   +0.07   +0.08   +0.11   -0.03   +0.10   +0.06   +0.08   +0.03   +0.04
       med   |  634.492 |  631.136 |  630.081 |  631.053 |  630.273 |  631.290 |  630.263 |  630.510 |  630.304 |  630.207 |  633.462 |  633.933
=== process order3.1
SELFCHECK OK (256 whole-block lengths 1..256 blk x 12 variants; out/Xi/ivec/ret byte-identical, nothing written past 16*nblk)
bytes  blks  |     base |      g4h |       a4 |   baseAA |     t4p8 |     dsp0 |    m4s4h |       g4 |   dsp0AA |       t4 |     g4p8 |     g4AA ||     g4h%      a4%  baseAA%    t4p8%    dsp0%   m4s4h%      g4%  dsp0AA%      t4%    g4p8%    g4AA%
16     1     |   23.260 |   17.920 |   12.753 |   23.305 |   12.343 |   23.299 |   12.573 |   17.830 |   23.406 |   12.329 |   17.818 |   17.807 ||  -22.96  -45.17   +0.19  -46.94   +0.17  -45.95  -23.35   +0.62  -47.00  -23.40  -23.45
       med   |   23.755 |   18.067 |   12.803 |   23.487 |   12.355 |   25.570 |   12.614 |   17.876 |   23.920 |   12.396 |   18.131 |   17.961
32     2     |   23.342 |   17.919 |   13.534 |   23.402 |   13.415 |   23.355 |   13.241 |   17.826 |   23.393 |   13.367 |   17.817 |   17.804 ||  -23.23  -42.02   +0.25  -42.53   +0.05  -43.27  -23.63   +0.22  -42.73  -23.67  -23.73
       med   |   23.934 |   17.943 |   13.603 |   23.662 |   13.439 |   23.456 |   13.280 |   17.954 |   24.161 |   13.432 |   18.112 |   17.959
48     3     |   24.239 |   17.916 |   14.002 |   24.251 |   13.727 |   24.192 |   15.192 |   17.821 |   24.217 |   13.696 |   17.818 |   17.805 ||  -26.08  -42.23   +0.05  -43.37   -0.19  -37.32  -26.48   -0.09  -43.50  -26.49  -26.54
       med   |   24.636 |   17.938 |   14.150 |   24.447 |   13.744 |   24.256 |   15.380 |   17.877 |   25.100 |   13.714 |   17.936 |   17.952
64     4     |   25.138 |   17.911 |   14.863 |   25.132 |   14.839 |   25.098 |   18.627 |   17.819 |   25.142 |   14.863 |   17.808 |   17.802 ||  -28.75  -40.87   -0.02  -40.97   -0.16  -25.90  -29.11   +0.02  -40.87  -29.16  -29.18
       med   |   25.475 |   17.940 |   15.195 |   25.873 |   14.929 |   25.159 |   18.783 |   17.883 |   25.788 |   14.876 |   17.839 |   17.829
80     5     |   25.980 |   26.007 |   25.988 |   25.988 |   26.009 |   25.987 |   26.007 |   25.992 |   26.003 |   26.004 |   25.997 |   26.005 ||   +0.10   +0.03   +0.03   +0.11   +0.03   +0.10   +0.05   +0.09   +0.09   +0.07   +0.10
       med   |   26.077 |   26.775 |   26.521 |   26.016 |   26.037 |   26.050 |   26.460 |   26.312 |   26.512 |   26.324 |   26.094 |   26.769
96     6     |   26.928 |   26.937 |   26.937 |   26.863 |   26.949 |   26.933 |   26.805 |   26.924 |   26.935 |   26.890 |   26.891 |   26.932 ||   +0.03   +0.03   -0.24   +0.08   +0.02   -0.45   -0.01   +0.03   -0.14   -0.14   +0.02
       med   |   27.206 |   27.246 |   27.828 |   26.964 |   26.981 |   26.978 |   27.644 |   27.220 |   27.789 |   27.036 |   26.999 |   27.241
112    7     |   27.463 |   27.424 |   27.534 |   27.451 |   27.517 |   27.486 |   27.509 |   27.511 |   27.468 |   27.408 |   27.513 |   27.489 ||   -0.14   +0.26   -0.04   +0.20   +0.08   +0.17   +0.18   +0.02   -0.20   +0.18   +0.09
       med   |   27.780 |   28.246 |   28.549 |   27.492 |   27.565 |   27.526 |   28.416 |   27.994 |   28.262 |   27.747 |   27.558 |   27.813
128    8     |   25.517 |   25.563 |   25.576 |   25.364 |   22.965 |   25.383 |   29.939 |   25.596 |   25.606 |   25.544 |   22.988 |   25.373 ||   +0.18   +0.23   -0.60  -10.00   -0.53  +17.33   +0.31   +0.35   +0.10   -9.91   -0.57
       med   |   25.804 |   25.721 |   26.005 |   25.542 |   23.305 |   25.885 |   30.024 |   26.029 |   26.296 |   25.626 |   23.214 |   26.264
256    16    |   45.540 |   45.332 |   45.375 |   45.413 |   45.301 |   45.323 |   45.372 |   45.567 |   45.361 |   45.300 |   45.352 |   45.518 ||   -0.46   -0.36   -0.28   -0.52   -0.48   -0.37   +0.06   -0.39   -0.53   -0.41   -0.05
       med   |   46.517 |   46.307 |   46.424 |   45.933 |   45.653 |   45.785 |   46.547 |   46.354 |   46.133 |   45.631 |   46.144 |   46.532
512    32    |   84.380 |   84.427 |   84.225 |   84.428 |   84.369 |   84.589 |   84.565 |   84.396 |   84.397 |   84.412 |   84.484 |   84.358 ||   +0.06   -0.18   +0.06   -0.01   +0.25   +0.22   +0.02   +0.02   +0.04   +0.12   -0.03
       med   |   85.510 |   85.961 |   84.821 |   85.491 |   85.509 |   85.377 |   86.248 |   85.421 |   86.140 |   84.863 |   84.759 |   85.538
1024   64    |  161.889 |  162.048 |  161.821 |  161.992 |  161.957 |  162.053 |  162.182 |  161.534 |  161.900 |  161.670 |  162.046 |  162.042 ||   +0.10   -0.04   +0.06   +0.04   +0.10   +0.18   -0.22   +0.01   -0.14   +0.10   +0.09
       med   |  163.508 |  165.641 |  163.001 |  163.714 |  163.821 |  163.355 |  165.523 |  162.902 |  164.949 |  162.840 |  164.019 |  163.408
4096   256   |  628.126 |  628.707 |  628.769 |  628.713 |  627.762 |  628.560 |  628.470 |  628.781 |  628.824 |  628.823 |  628.937 |  628.712 ||   +0.09   +0.10   +0.09   -0.06   +0.07   +0.05   +0.10   +0.11   +0.11   +0.13   +0.09
       med   |  633.240 |  632.769 |  631.476 |  632.162 |  633.080 |  630.863 |  631.236 |  630.085 |  632.944 |  631.659 |  631.100 |  632.853
=== process order3.2
SELFCHECK OK (256 whole-block lengths 1..256 blk x 12 variants; out/Xi/ivec/ret byte-identical, nothing written past 16*nblk)
bytes  blks  |     base |      g4h |       a4 |   baseAA |     t4p8 |     dsp0 |    m4s4h |       g4 |   dsp0AA |       t4 |     g4p8 |     g4AA ||     g4h%      a4%  baseAA%    t4p8%    dsp0%   m4s4h%      g4%  dsp0AA%      t4%    g4p8%    g4AA%
16     1     |   23.262 |   17.918 |   12.756 |   23.313 |   12.239 |   23.295 |   12.574 |   17.827 |   23.319 |   12.325 |   17.818 |   17.802 ||  -22.97  -45.16   +0.22  -47.39   +0.14  -45.95  -23.37   +0.24  -47.02  -23.40  -23.47
       med   |   23.835 |   18.069 |   12.805 |   23.471 |   12.352 |   25.610 |   12.614 |   17.883 |   23.856 |   12.394 |   17.976 |   17.957
32     2     |   23.365 |   17.912 |   13.529 |   23.399 |   13.407 |   23.355 |   13.242 |   17.827 |   23.374 |   13.326 |   17.822 |   17.803 ||  -23.34  -42.10   +0.14  -42.62   -0.04  -43.33  -23.70   +0.04  -42.97  -23.72  -23.80
       med   |   23.931 |   17.945 |   13.737 |   23.598 |   13.439 |   23.556 |   13.280 |   17.883 |   23.933 |   13.431 |   18.123 |   17.956
48     3     |   24.250 |   17.917 |   14.001 |   24.251 |   13.729 |   24.189 |   15.199 |   17.821 |   24.220 |   13.693 |   17.816 |   17.801 ||  -26.12  -42.26   +0.00  -43.39   -0.25  -37.33  -26.51   -0.12  -43.53  -26.53  -26.59
       med   |   24.654 |   17.938 |   14.155 |   24.465 |   13.743 |   24.401 |   15.388 |   17.878 |   24.840 |   13.704 |   18.105 |   17.948
64     4     |   25.133 |   17.913 |   14.863 |   25.127 |   14.841 |   25.101 |   18.627 |   17.821 |   25.132 |   14.863 |   17.809 |   17.804 ||  -28.73  -40.86   -0.02  -40.95   -0.13  -25.89  -29.09   -0.00  -40.86  -29.14  -29.16
       med   |   25.550 |   17.941 |   15.243 |   25.879 |   14.928 |   25.208 |   18.778 |   17.898 |   25.616 |   14.876 |   17.840 |   17.832
80     5     |   25.984 |   25.993 |   25.983 |   25.984 |   26.005 |   25.992 |   26.011 |   25.997 |   25.997 |   25.989 |   26.000 |   26.003 ||   +0.03   -0.01   -0.00   +0.08   +0.03   +0.10   +0.05   +0.05   +0.02   +0.06   +0.07
       med   |   26.060 |   26.774 |   26.890 |   26.270 |   26.267 |   26.081 |   26.873 |   26.456 |   26.742 |   26.074 |   26.039 |   26.773
96     6     |   26.888 |   26.949 |   26.931 |   26.862 |   26.955 |   26.933 |   26.787 |   26.942 |   26.919 |   26.888 |   26.956 |   26.951 ||   +0.23   +0.16   -0.10   +0.25   +0.17   -0.38   +0.20   +0.12   +0.00   +0.25   +0.23
       med   |   27.195 |   27.676 |   27.828 |   26.968 |   26.996 |   26.982 |   27.639 |   27.398 |   27.802 |   27.019 |   26.996 |   27.676
112    7     |   27.459 |   27.421 |   27.515 |   27.450 |   27.524 |   27.489 |   27.508 |   27.484 |   27.503 |   27.416 |   27.506 |   27.418 ||   -0.14   +0.20   -0.03   +0.23   +0.11   +0.18   +0.09   +0.16   -0.16   +0.17   -0.15
       med   |   27.803 |   27.763 |   28.548 |   27.498 |   27.566 |   27.529 |   27.876 |   27.972 |   28.266 |   27.630 |   27.546 |   28.239
128    8     |   25.520 |   25.612 |   25.600 |   25.368 |   22.975 |   25.402 |   29.949 |   25.593 |   25.589 |   25.555 |   22.988 |   25.389 ||   +0.36   +0.31   -0.60   -9.97   -0.46  +17.36   +0.28   +0.27   +0.14   -9.92   -0.51
       med   |   25.926 |   26.423 |   26.414 |   25.545 |   23.300 |   25.888 |   30.023 |   25.782 |   26.160 |   25.627 |   23.590 |   26.267
256    16    |   45.419 |   45.369 |   45.340 |   45.478 |   45.414 |   45.277 |   45.360 |   45.440 |   45.408 |   45.367 |   45.357 |   45.468 ||   -0.11   -0.17   +0.13   -0.01   -0.31   -0.13   +0.05   -0.02   -0.11   -0.14   +0.11
       med   |   46.435 |   46.178 |   46.043 |   45.942 |   46.183 |   45.846 |   46.316 |   46.003 |   46.209 |   45.589 |   45.928 |   46.514
512    32    |   84.391 |   84.467 |   84.405 |   84.426 |   84.305 |   84.518 |   84.506 |   84.404 |   84.292 |   84.445 |   84.469 |   84.402 ||   +0.09   +0.02   +0.04   -0.10   +0.15   +0.14   +0.02   -0.12   +0.06   +0.09   +0.01
       med   |   85.651 |   85.968 |   85.333 |   85.603 |   84.747 |   85.521 |   86.164 |   85.405 |   85.374 |   86.082 |   85.129 |   85.586
1024   64    |  161.762 |  162.048 |  161.334 |  161.196 |  161.500 |  161.414 |  162.041 |  161.649 |  161.812 |  161.552 |  161.924 |  162.005 ||   +0.18   -0.26   -0.35   -0.16   -0.21   +0.17   -0.07   +0.03   -0.13   +0.10   +0.15
       med   |  164.217 |  165.752 |  163.490 |  163.767 |  164.194 |  164.002 |  164.291 |  162.473 |  163.516 |  163.355 |  163.566 |  163.150
4096   256   |  628.339 |  628.702 |  628.610 |  628.480 |  627.510 |  628.709 |  628.838 |  628.741 |  628.802 |  628.782 |  628.786 |  628.777 ||   +0.06   +0.04   +0.02   -0.13   +0.06   +0.08   +0.06   +0.07   +0.07   +0.07   +0.07
       med   |  634.549 |  633.032 |  632.263 |  630.596 |  630.646 |  631.268 |  631.237 |  630.067 |  632.871 |  631.826 |  631.263 |  632.757
=== process order3.3
SELFCHECK OK (256 whole-block lengths 1..256 blk x 12 variants; out/Xi/ivec/ret byte-identical, nothing written past 16*nblk)
bytes  blks  |     base |      g4h |       a4 |   baseAA |     t4p8 |     dsp0 |    m4s4h |       g4 |   dsp0AA |       t4 |     g4p8 |     g4AA ||     g4h%      a4%  baseAA%    t4p8%    dsp0%   m4s4h%      g4%  dsp0AA%      t4%    g4p8%    g4AA%
16     1     |   23.263 |   17.916 |   12.755 |   23.312 |   12.336 |   23.296 |   12.575 |   17.824 |   23.313 |   12.328 |   17.824 |   17.802 ||  -22.98  -45.17   +0.21  -46.97   +0.14  -45.94  -23.38   +0.21  -47.01  -23.38  -23.47
       med   |   23.811 |   18.050 |   12.808 |   23.474 |   12.355 |   25.633 |   12.613 |   17.877 |   23.847 |   12.396 |   18.061 |   17.958
32     2     |   23.356 |   17.914 |   13.538 |   23.408 |   13.418 |   23.360 |   13.242 |   17.832 |   23.386 |   13.364 |   17.826 |   17.802 ||  -23.30  -42.04   +0.22  -42.55   +0.01  -43.30  -23.65   +0.13  -42.78  -23.68  -23.78
       med   |   23.956 |   17.939 |   13.767 |   23.593 |   13.439 |   23.559 |   13.280 |   17.989 |   24.156 |   13.435 |   18.062 |   17.943
48     3     |   24.254 |   17.922 |   14.013 |   24.252 |   13.727 |   24.205 |   15.193 |   17.821 |   24.217 |   13.696 |   17.811 |   17.805 ||  -26.11  -42.22   -0.01  -43.40   -0.20  -37.36  -26.52   -0.15  -43.53  -26.57  -26.59
       med   |   24.672 |   17.940 |   14.027 |   24.494 |   13.745 |   24.402 |   15.360 |   17.879 |   25.110 |   13.716 |   17.847 |   17.870
64     4     |   25.143 |   17.917 |   14.863 |   25.148 |   14.841 |   25.124 |   18.625 |   17.825 |   25.137 |   14.864 |   17.810 |   17.799 ||  -28.74  -40.89   +0.02  -40.97   -0.08  -25.92  -29.11   -0.03  -40.88  -29.17  -29.21
       med   |   25.495 |   17.937 |   15.243 |   25.667 |   14.925 |   25.457 |   18.781 |   17.897 |   25.838 |   14.877 |   17.935 |   17.829
80     5     |   25.983 |   25.988 |   25.999 |   25.994 |   26.012 |   25.988 |   26.012 |   26.001 |   26.005 |   25.998 |   26.004 |   25.998 ||   +0.02   +0.06   +0.04   +0.11   +0.02   +0.11   +0.07   +0.09   +0.06   +0.08   +0.06
       med   |   26.082 |   26.337 |   26.884 |   26.278 |   26.127 |   26.079 |   26.878 |   26.501 |   26.864 |   26.287 |   26.055 |   26.774
96     6     |   26.887 |   26.899 |   26.924 |   26.913 |   26.930 |   26.934 |   26.795 |   26.954 |   26.965 |   26.866 |   26.905 |   26.943 ||   +0.05   +0.14   +0.09   +0.16   +0.17   -0.34   +0.25   +0.29   -0.08   +0.07   +0.21
       med   |   27.222 |   27.238 |   27.826 |   26.965 |   27.055 |   26.984 |   27.638 |   27.401 |   27.813 |   27.267 |   26.995 |   27.676
112    7     |   27.461 |   27.388 |   27.534 |   27.453 |   27.533 |   27.483 |   27.434 |   27.533 |   27.487 |   27.428 |   27.497 |   27.492 ||   -0.26   +0.26   -0.03   +0.26   +0.08   -0.10   +0.26   +0.09   -0.12   +0.13   +0.11
       med   |   27.802 |   28.247 |   28.538 |   27.502 |   27.568 |   27.529 |   27.831 |   27.980 |   28.264 |   27.764 |   27.546 |   28.234
128    8     |   25.516 |   25.557 |   25.589 |   25.377 |   22.974 |   25.391 |   29.949 |   25.595 |   25.620 |   25.565 |   22.990 |   25.384 ||   +0.16   +0.29   -0.55   -9.96   -0.49  +17.37   +0.31   +0.41   +0.19   -9.90   -0.52
       med   |   25.889 |   25.705 |   26.416 |   25.544 |   23.308 |   25.895 |   30.019 |   25.913 |   26.292 |   25.628 |   23.214 |   26.271
256    16    |   45.430 |   45.405 |   45.345 |   45.481 |   45.403 |   45.257 |   45.383 |   45.439 |   45.335 |   45.335 |   45.347 |   45.526 ||   -0.06   -0.19   +0.11   -0.06   -0.38   -0.10   +0.02   -0.21   -0.21   -0.18   +0.21
       med   |   46.453 |   46.368 |   46.470 |   45.936 |   46.117 |   45.533 |   46.655 |   45.733 |   46.211 |   45.617 |   46.185 |   46.586
512    32    |   84.384 |   84.514 |   84.332 |   84.505 |   84.190 |   84.491 |   84.503 |   84.416 |   84.410 |   84.143 |   84.193 |   84.460 ||   +0.15   -0.06   +0.14   -0.23   +0.13   +0.14   +0.04   +0.03   -0.29   -0.23   +0.09
       med   |   85.623 |   85.810 |   84.565 |   85.844 |   85.521 |   85.379 |   85.708 |   85.508 |   86.214 |   85.310 |   85.144 |   85.890
1024   64    |  161.599 |  161.984 |  161.609 |  161.970 |  161.388 |  162.058 |  161.844 |  161.921 |  161.668 |  161.975 |  162.085 |  161.939 ||   +0.24   +0.01   +0.23   -0.13   +0.28   +0.15   +0.20   +0.04   +0.23   +0.30   +0.21
       med   |  163.387 |  164.071 |  163.128 |  163.542 |  164.742 |  163.516 |  164.100 |  163.155 |  164.726 |  163.476 |  163.445 |  164.163
4096   256   |  628.179 |  628.654 |  628.629 |  628.308 |  628.181 |  628.727 |  628.743 |  628.697 |  628.554 |  628.669 |  628.662 |  628.678 ||   +0.08   +0.07   +0.02   +0.00   +0.09   +0.09   +0.08   +0.06   +0.08   +0.08   +0.08
       med   |  634.341 |  631.552 |  631.006 |  631.000 |  630.892 |  630.836 |  630.548 |  630.428 |  632.404 |  632.244 |  630.665 |  631.612
=== process order3.4
SELFCHECK OK (256 whole-block lengths 1..256 blk x 12 variants; out/Xi/ivec/ret byte-identical, nothing written past 16*nblk)
bytes  blks  |     base |      g4h |       a4 |   baseAA |     t4p8 |     dsp0 |    m4s4h |       g4 |   dsp0AA |       t4 |     g4p8 |     g4AA ||     g4h%      a4%  baseAA%    t4p8%    dsp0%   m4s4h%      g4%  dsp0AA%      t4%    g4p8%    g4AA%
16     1     |   23.254 |   17.921 |   12.757 |   23.318 |   12.343 |   23.297 |   12.575 |   17.819 |   23.327 |   12.330 |   17.819 |   17.807 ||  -22.93  -45.14   +0.27  -46.92   +0.19  -45.92  -23.37   +0.31  -46.98  -23.37  -23.42
       med   |   23.507 |   18.072 |   12.768 |   23.530 |   12.355 |   25.563 |   12.614 |   17.989 |   23.910 |   12.395 |   18.104 |   17.959
32     2     |   23.348 |   17.918 |   13.533 |   23.404 |   13.394 |   23.364 |   13.242 |   17.827 |   23.387 |   13.371 |   17.821 |   17.801 ||  -23.26  -42.04   +0.24  -42.63   +0.07  -43.28  -23.65   +0.17  -42.73  -23.67  -23.76
       med   |   23.471 |   17.937 |   13.769 |   23.707 |   13.439 |   23.592 |   13.280 |   17.959 |   24.136 |   13.433 |   17.967 |   17.949
48     3     |   24.242 |   17.912 |   14.015 |   24.249 |   13.735 |   24.209 |   15.195 |   17.826 |   24.217 |   13.695 |   17.819 |   17.800 ||  -26.11  -42.19   +0.03  -43.34   -0.14  -37.32  -26.47   -0.10  -43.51  -26.50  -26.58
       med   |   24.478 |   17.940 |   14.121 |   24.478 |   13.743 |   24.414 |   15.384 |   18.078 |   24.994 |   13.704 |   17.944 |   17.871
64     4     |   25.146 |   17.915 |   14.862 |   25.131 |   14.839 |   25.135 |   18.628 |   17.828 |   25.123 |   14.864 |   17.817 |   17.804 ||  -28.76  -40.90   -0.06  -40.99   -0.04  -25.92  -29.10   -0.09  -40.89  -29.15  -29.20
       med   |   25.392 |   17.936 |   15.189 |   25.518 |   14.850 |   25.448 |   18.774 |   18.033 |   25.633 |   14.877 |   17.839 |   17.825
80     5     |   25.989 |   25.995 |   25.993 |   25.990 |   26.014 |   25.995 |   25.994 |   25.991 |   25.999 |   25.993 |   26.002 |   26.000 ||   +0.02   +0.01   +0.00   +0.10   +0.02   +0.02   +0.01   +0.04   +0.02   +0.05   +0.04
       med   |   26.062 |   26.466 |   26.883 |   26.277 |   26.350 |   26.101 |   26.280 |   26.147 |   26.469 |   26.076 |   26.128 |   26.748
96     6     |   26.902 |   26.927 |   26.925 |   26.886 |   26.935 |   26.903 |   26.806 |   26.930 |   26.922 |   26.899 |   26.902 |   26.889 ||   +0.09   +0.08   -0.06   +0.12   +0.00   -0.36   +0.10   +0.07   -0.01   -0.00   -0.05
       med   |   26.967 |   27.284 |   27.801 |   26.969 |   27.246 |   26.981 |   27.633 |   27.231 |   27.597 |   26.997 |   27.054 |   27.651
112    7     |   27.450 |   27.409 |   27.521 |   27.453 |   27.535 |   27.491 |   27.493 |   27.420 |   27.499 |   27.424 |   27.504 |   27.410 ||   -0.15   +0.26   +0.01   +0.31   +0.15   +0.16   -0.11   +0.18   -0.09   +0.20   -0.14
       med   |   27.494 |   27.588 |   28.506 |   27.498 |   27.868 |   27.601 |   28.055 |   27.759 |   28.074 |   27.617 |   27.542 |   28.239
128    8     |   25.514 |   25.602 |   25.589 |   25.377 |   22.967 |   25.383 |   29.943 |   25.592 |   25.600 |   25.563 |   22.989 |   25.390 ||   +0.34   +0.29   -0.54   -9.98   -0.51  +17.36   +0.30   +0.33   +0.19   -9.90   -0.49
       med   |   25.545 |   25.979 |   25.988 |   25.550 |   23.183 |   25.896 |   30.008 |   25.801 |   26.323 |   25.627 |   23.371 |   25.961
256    16    |   45.433 |   45.343 |   45.347 |   45.478 |   45.393 |   45.275 |   45.362 |   45.446 |   45.331 |   45.327 |   45.318 |   45.437 ||   -0.20   -0.19   +0.10   -0.09   -0.35   -0.16   +0.03   -0.22   -0.23   -0.25   +0.01
       med   |   45.893 |   46.190 |   46.246 |   45.849 |   46.217 |   45.653 |   46.532 |   46.235 |   46.369 |   45.511 |   45.970 |   46.233
512    32    |   84.359 |   84.485 |   84.279 |   84.419 |   84.290 |   84.508 |   84.555 |   84.389 |   84.422 |   84.133 |   84.511 |   84.233 ||   +0.15   -0.10   +0.07   -0.08   +0.18   +0.23   +0.03   +0.07   -0.27   +0.18   -0.15
       med   |   85.410 |   85.649 |   85.292 |   85.817 |   85.494 |   85.708 |   86.264 |   85.420 |   85.920 |   84.620 |   85.184 |   85.749
1024   64    |  161.882 |  162.019 |  161.486 |  162.058 |  161.959 |  161.987 |  161.917 |  161.673 |  161.790 |  162.045 |  161.901 |  161.874 ||   +0.08   -0.24   +0.11   +0.05   +0.06   +0.02   -0.13   -0.06   +0.10   +0.01   -0.01
       med   |  163.328 |  165.452 |  163.424 |  163.524 |  163.051 |  163.900 |  164.476 |  162.833 |  165.174 |  163.751 |  163.924 |  165.386
4096   256   |  628.509 |  628.721 |  628.712 |  628.698 |  627.342 |  628.833 |  628.775 |  628.730 |  628.788 |  628.730 |  628.855 |  628.751 ||   +0.03   +0.03   +0.03   -0.19   +0.05   +0.04   +0.04   +0.04   +0.04   +0.05   +0.04
       med   |  633.763 |  631.336 |  630.660 |  630.784 |  633.518 |  631.492 |  631.034 |  630.004 |  632.610 |  631.646 |  630.892 |  632.528
=== process order3.5
SELFCHECK OK (256 whole-block lengths 1..256 blk x 12 variants; out/Xi/ivec/ret byte-identical, nothing written past 16*nblk)
bytes  blks  |     base |      g4h |       a4 |   baseAA |     t4p8 |     dsp0 |    m4s4h |       g4 |   dsp0AA |       t4 |     g4p8 |     g4AA ||     g4h%      a4%  baseAA%    t4p8%    dsp0%   m4s4h%      g4%  dsp0AA%      t4%    g4p8%    g4AA%
16     1     |   23.313 |   17.922 |   12.756 |   23.314 |   12.344 |   23.295 |   12.573 |   17.829 |   23.314 |   12.338 |   17.818 |   17.806 ||  -23.13  -45.28   +0.00  -47.05   -0.08  -46.07  -23.53   +0.00  -47.08  -23.57  -23.63
       med   |   23.874 |   18.073 |   12.802 |   23.466 |   12.356 |   25.492 |   12.614 |   17.886 |   23.603 |   12.397 |   17.943 |   17.962
32     2     |   23.357 |   17.918 |   13.536 |   23.406 |   13.409 |   23.362 |   13.242 |   17.822 |   23.374 |   13.367 |   17.824 |   17.803 ||  -23.29  -42.05   +0.21  -42.59   +0.02  -43.30  -23.70   +0.07  -42.77  -23.69  -23.78
       med   |   23.962 |   17.944 |   13.755 |   23.510 |   13.440 |   23.541 |   13.280 |   17.882 |   23.791 |   13.431 |   18.142 |   17.951
48     3     |   24.254 |   17.914 |   13.995 |   24.243 |   13.719 |   24.198 |   15.194 |   17.823 |   24.208 |   13.679 |   17.820 |   17.791 ||  -26.14  -42.30   -0.04  -43.44   -0.23  -37.35  -26.52   -0.19  -43.60  -26.53  -26.64
       med   |   24.683 |   17.939 |   14.155 |   24.342 |   13.743 |   24.364 |   15.383 |   17.878 |   24.490 |   13.705 |   18.111 |   17.878
64     4     |   25.148 |   17.913 |   14.858 |   25.130 |   14.839 |   25.111 |   18.624 |   17.824 |   25.123 |   14.864 |   17.815 |   17.803 ||  -28.77  -40.92   -0.07  -40.99   -0.15  -25.94  -29.12   -0.10  -40.90  -29.16  -29.21
       med   |   25.544 |   17.937 |   15.239 |   25.867 |   14.929 |   25.378 |   18.769 |   17.880 |   25.452 |   14.876 |   18.114 |   17.824
80     5     |   25.987 |   25.991 |   26.000 |   25.983 |   26.005 |   25.995 |   26.002 |   26.005 |   26.004 |   25.993 |   26.005 |   26.001 ||   +0.01   +0.05   -0.02   +0.07   +0.03   +0.06   +0.07   +0.06   +0.02   +0.07   +0.05
       med   |   26.313 |   26.098 |   26.887 |   26.020 |   26.038 |   26.027 |   26.288 |   26.552 |   26.832 |   26.046 |   26.120 |   26.773
96     6     |   26.912 |   26.949 |   26.908 |   26.906 |   26.925 |   26.927 |   26.798 |   26.940 |   26.932 |   26.884 |   26.904 |   26.927 ||   +0.14   -0.02   -0.02   +0.05   +0.05   -0.42   +0.10   +0.08   -0.10   -0.03   +0.06
       med   |   27.185 |   27.674 |   27.829 |   26.965 |   26.982 |   26.982 |   27.122 |   27.401 |   27.649 |   26.977 |   27.038 |   27.674
112    7     |   27.453 |   27.404 |   27.521 |   27.457 |   27.530 |   27.489 |   27.442 |   27.524 |   27.496 |   27.426 |   27.509 |   27.422 ||   -0.18   +0.25   +0.01   +0.28   +0.13   -0.04   +0.26   +0.16   -0.10   +0.20   -0.11
       med   |   27.530 |   27.529 |   28.550 |   27.502 |   27.563 |   27.527 |   27.620 |   27.999 |   27.828 |   27.534 |   27.587 |   27.592
128    8     |   25.514 |   25.574 |   25.598 |   25.377 |   22.971 |   25.384 |   29.947 |   25.592 |   25.591 |   25.556 |   22.992 |   25.377 ||   +0.24   +0.33   -0.53   -9.97   -0.51  +17.37   +0.30   +0.30   +0.16   -9.89   -0.54
       med   |   25.544 |   26.045 |   26.412 |   25.547 |   23.298 |   25.887 |   30.008 |   25.940 |   25.940 |   25.626 |   23.594 |   26.237
256    16    |   45.439 |   45.393 |   45.333 |   45.496 |   45.316 |   45.286 |   45.378 |   45.447 |   45.386 |   45.347 |   45.342 |   45.503 ||   -0.10   -0.23   +0.13   -0.27   -0.34   -0.13   +0.02   -0.12   -0.20   -0.21   +0.14
       med   |   46.411 |   46.093 |   45.890 |   45.826 |   45.607 |   45.825 |   46.629 |   45.702 |   46.582 |   45.564 |   45.912 |   46.423
512    32    |   84.345 |   84.432 |   84.390 |   84.456 |   84.371 |   84.443 |   84.163 |   84.179 |   84.405 |   84.402 |   84.481 |   84.269 ||   +0.10   +0.05   +0.13   +0.03   +0.12   -0.22   -0.20   +0.07   +0.07   +0.16   -0.09
       med   |   85.129 |   84.712 |   85.409 |   85.738 |   85.442 |   85.285 |   85.422 |   85.548 |   85.834 |   85.663 |   85.151 |   85.470
1024   64    |  161.932 |  162.045 |  161.939 |  161.890 |  161.965 |  162.200 |  161.945 |  161.956 |  161.750 |  161.018 |  161.898 |  161.836 ||   +0.07   +0.00   -0.03   +0.02   +0.17   +0.01   +0.01   -0.11   -0.56   -0.02   -0.06
       med   |  163.710 |  165.886 |  164.268 |  163.174 |  164.770 |  163.774 |  164.501 |  162.324 |  163.587 |  163.174 |  163.577 |  163.428
4096   256   |  628.261 |  628.216 |  628.715 |  628.866 |  628.221 |  628.647 |  628.696 |  628.660 |  628.610 |  628.702 |  628.783 |  628.823 ||   -0.01   +0.07   +0.10   -0.01   +0.06   +0.07   +0.06   +0.06   +0.07   +0.08   +0.09
       med   |  633.482 |  632.059 |  630.874 |  632.438 |  633.207 |  631.621 |  631.150 |  629.976 |  631.577 |  631.293 |  631.292 |  632.665
