=== process order1.1
SELFCHECK OK (256 whole-block lengths 1..256 blk x 12 variants; out/Xi/ivec/ret byte-identical, nothing written past 16*nblk)
bytes  blks  |     base |   baseAA |     dsp0 |   dsp0AA |       g4 |     g4AA |      g4h |       a4 |     g4p8 |     t4p8 |       t4 |    m4s4h ||  baseAA%    dsp0%  dsp0AA%      g4%    g4AA%     g4h%      a4%    g4p8%    t4p8%      t4%   m4s4h%
16     1     |   25.098 |   23.466 |   24.233 |   23.305 |   17.829 |   17.821 |   17.911 |   12.766 |   17.812 |   12.339 |   12.278 |   12.571 ||   -6.50   -3.44   -7.14  -28.96  -29.00  -28.64  -49.14  -29.03  -50.84  -51.08  -49.91
       med   |   25.711 |   25.555 |   25.904 |   25.724 |   17.875 |   17.843 |   17.930 |   13.090 |   18.169 |   12.367 |   12.387 |   12.577
32     2     |   23.365 |   23.362 |   23.385 |   23.344 |   17.821 |   17.814 |   17.914 |   13.545 |   17.808 |   13.402 |   13.408 |   13.234 ||   -0.01   +0.09   -0.09  -23.73  -23.76  -23.33  -42.03  -23.78  -42.64  -42.62  -43.36
       med   |   23.470 |   23.519 |   24.106 |   23.622 |   17.865 |   17.837 |   17.933 |   13.613 |   18.176 |   13.424 |   13.422 |   13.271
48     3     |   24.261 |   24.238 |   24.231 |   24.211 |   17.816 |   17.818 |   17.905 |   14.022 |   17.804 |   13.732 |   13.755 |   15.210 ||   -0.10   -0.12   -0.21  -26.57  -26.56  -26.20  -42.21  -26.62  -43.40  -43.30  -37.31
       med   |   24.432 |   24.368 |   25.004 |   24.436 |   17.865 |   17.840 |   17.928 |   14.054 |   18.106 |   13.740 |   13.762 |   15.371
64     4     |   25.121 |   25.116 |   25.133 |   25.107 |   17.818 |   17.817 |   17.898 |   14.863 |   17.805 |   14.859 |   14.848 |   18.591 ||   -0.02   +0.05   -0.06  -29.07  -29.08  -28.75  -40.83  -29.12  -40.85  -40.89  -25.99
       med   |   25.319 |   25.172 |   25.786 |   25.234 |   17.889 |   17.839 |   17.931 |   14.876 |   18.080 |   15.188 |   14.860 |   18.629
80     5     |   25.989 |   25.998 |   26.000 |   25.993 |   26.000 |   25.998 |   25.999 |   25.995 |   26.014 |   26.006 |   25.986 |   26.009 ||   +0.03   +0.04   +0.02   +0.04   +0.03   +0.04   +0.02   +0.10   +0.07   -0.01   +0.08
       med   |   26.701 |   26.212 |   26.576 |   26.329 |   26.512 |   26.276 |   26.433 |   26.128 |   26.698 |   26.276 |   26.023 |   26.292
96     6     |   26.915 |   26.869 |   26.913 |   26.947 |   26.923 |   26.936 |   26.921 |   26.885 |   26.961 |   26.785 |   26.920 |   26.935 ||   -0.17   -0.01   +0.12   +0.03   +0.08   +0.03   -0.11   +0.17   -0.48   +0.02   +0.08
       med   |   27.397 |   26.965 |   27.385 |   27.238 |   27.359 |   27.207 |   27.339 |   26.979 |   27.563 |   27.025 |   27.207 |   27.232
112    7     |   27.453 |   27.366 |   27.525 |   27.496 |   27.490 |   27.459 |   27.492 |   27.407 |   27.529 |   27.439 |   27.522 |   27.537 ||   -0.32   +0.26   +0.16   +0.13   +0.02   +0.14   -0.17   +0.28   -0.05   +0.25   +0.30
       med   |   27.551 |   27.484 |   28.052 |   27.854 |   28.047 |   27.720 |   27.572 |   27.596 |   27.588 |   27.548 |   27.806 |   28.186
128    8     |   25.510 |   25.524 |   25.405 |   25.604 |   25.592 |   25.570 |   25.584 |   25.374 |   22.868 |   22.896 |   25.576 |   30.015 ||   +0.06   -0.41   +0.37   +0.32   +0.24   +0.29   -0.53  -10.36  -10.25   +0.26  +17.66
       med   |   25.559 |   25.604 |   26.204 |   25.996 |   25.890 |   25.963 |   25.782 |   25.622 |   22.920 |   23.293 |   25.617 |   30.553
256    16    |   45.414 |   45.352 |   45.364 |   45.316 |   45.408 |   45.462 |   45.355 |   45.336 |   45.316 |   45.352 |   45.339 |   45.583 ||   -0.14   -0.11   -0.21   -0.01   +0.11   -0.13   -0.17   -0.22   -0.14   -0.16   +0.37
       med   |   46.112 |   45.914 |   46.720 |   46.354 |   45.892 |   46.295 |   46.568 |   46.236 |   45.657 |   46.230 |   45.901 |   46.956
512    32    |   84.326 |   83.615 |   84.034 |   84.475 |   84.410 |   84.381 |   84.415 |   84.491 |   84.309 |   84.521 |   84.380 |   84.467 ||   -0.84   -0.35   +0.18   +0.10   +0.06   +0.10   +0.20   -0.02   +0.23   +0.06   +0.17
       med   |   85.395 |   85.717 |   85.157 |   85.801 |   85.341 |   85.651 |   85.484 |   86.707 |   85.203 |   85.856 |   84.551 |   86.739
1024   64    |  161.897 |  161.970 |  161.798 |  162.045 |  162.016 |  161.792 |  161.800 |  162.070 |  161.671 |  162.035 |  161.814 |  162.012 ||   +0.05   -0.06   +0.09   +0.07   -0.06   -0.06   +0.11   -0.14   +0.08   -0.05   +0.07
       med   |  163.443 |  164.426 |  163.020 |  162.970 |  165.903 |  164.245 |  162.923 |  166.669 |  163.694 |  162.796 |  163.062 |  163.630
4096   256   |  628.282 |  628.705 |  628.654 |  628.821 |  628.828 |  628.861 |  628.808 |  628.851 |  628.587 |  628.768 |  628.658 |  627.466 ||   +0.07   +0.06   +0.09   +0.09   +0.09   +0.08   +0.09   +0.05   +0.08   +0.06   -0.13
       med   |  631.303 |  633.231 |  630.429 |  632.185 |  630.629 |  632.168 |  631.121 |  634.807 |  631.356 |  631.120 |  630.245 |  630.634
=== process order1.2
SELFCHECK OK (256 whole-block lengths 1..256 blk x 12 variants; out/Xi/ivec/ret byte-identical, nothing written past 16*nblk)
bytes  blks  |     base |   baseAA |     dsp0 |   dsp0AA |       g4 |     g4AA |      g4h |       a4 |     g4p8 |     t4p8 |       t4 |    m4s4h ||  baseAA%    dsp0%  dsp0AA%      g4%    g4AA%     g4h%      a4%    g4p8%    t4p8%      t4%   m4s4h%
16     1     |   25.346 |   25.345 |   25.456 |   24.851 |   17.825 |   17.817 |   17.906 |   12.763 |   17.800 |   12.341 |   12.314 |   12.571 ||   -0.01   +0.44   -1.95  -29.67  -29.70  -29.35  -49.64  -29.77  -51.31  -51.42  -50.40
       med   |   25.626 |   25.490 |   25.734 |   25.665 |   17.888 |   17.841 |   17.931 |   13.087 |   17.987 |   12.368 |   12.387 |   12.577
32     2     |   23.362 |   23.367 |   23.377 |   23.364 |   17.826 |   17.821 |   17.908 |   13.542 |   17.809 |   13.413 |   13.410 |   13.236 ||   +0.02   +0.07   +0.01  -23.69  -23.72  -23.35  -42.03  -23.77  -42.59  -42.60  -43.34
       med   |   23.497 |   23.516 |   24.085 |   23.555 |   18.035 |   17.840 |   17.933 |   13.613 |   18.167 |   13.424 |   13.421 |   13.316
48     3     |   24.261 |   24.241 |   24.216 |   24.181 |   17.820 |   17.813 |   17.907 |   14.023 |   17.803 |   13.703 |   13.712 |   15.196 ||   -0.08   -0.19   -0.33  -26.55  -26.58  -26.19  -42.20  -26.62  -43.52  -43.48  -37.37
       med   |   24.321 |   24.373 |   24.857 |   24.250 |   17.915 |   17.840 |   17.928 |   14.053 |   18.075 |   13.740 |   13.763 |   15.369
64     4     |   25.123 |   25.120 |   25.133 |   25.102 |   17.822 |   17.817 |   17.907 |   14.865 |   17.803 |   14.861 |   14.848 |   18.606 ||   -0.01   +0.04   -0.08  -29.06  -29.08  -28.72  -40.83  -29.13  -40.85  -40.90  -25.94
       med   |   25.189 |   25.170 |   25.772 |   25.225 |   17.908 |   17.839 |   17.932 |   14.876 |   18.117 |   15.196 |   14.859 |   18.835
80     5     |   25.991 |   25.994 |   25.995 |   25.990 |   25.994 |   25.994 |   25.998 |   25.996 |   26.011 |   25.988 |   25.993 |   26.020 ||   +0.01   +0.02   -0.00   +0.01   +0.01   +0.03   +0.02   +0.08   -0.01   +0.01   +0.11
       med   |   26.218 |   26.131 |   26.588 |   26.320 |   26.269 |   26.276 |   26.299 |   26.117 |   26.531 |   26.065 |   26.292 |   26.750
96     6     |   26.907 |   26.871 |   26.939 |   26.923 |   26.921 |   26.933 |   26.920 |   26.874 |   26.948 |   26.786 |   26.911 |   26.939 ||   -0.14   +0.12   +0.06   +0.05   +0.09   +0.05   -0.12   +0.15   -0.45   +0.01   +0.12
       med   |   27.251 |   26.967 |   27.459 |   27.213 |   27.216 |   27.196 |   27.189 |   26.985 |   27.453 |   27.054 |   26.957 |   27.274
112    7     |   27.454 |   27.360 |   27.529 |   27.499 |   27.514 |   27.469 |   27.489 |   27.411 |   27.527 |   27.449 |   27.511 |   27.515 ||   -0.34   +0.27   +0.17   +0.22   +0.06   +0.13   -0.16   +0.27   -0.02   +0.21   +0.22
       med   |   27.572 |   27.572 |   28.062 |   27.740 |   27.890 |   27.832 |   27.753 |   27.542 |   28.110 |   27.626 |   27.549 |   27.842
128    8     |   25.516 |   25.559 |   25.497 |   25.562 |   25.593 |   25.578 |   25.593 |   25.382 |   22.899 |   22.905 |   25.588 |   29.987 ||   +0.17   -0.07   +0.18   +0.30   +0.24   +0.30   -0.52  -10.25  -10.23   +0.28  +17.52
       med   |   25.593 |   25.738 |   26.194 |   25.789 |   25.974 |   26.035 |   25.748 |   25.624 |   22.920 |   23.297 |   25.615 |   30.650
256    16    |   45.427 |   45.336 |   45.411 |   45.415 |   45.430 |   45.370 |   45.470 |   45.334 |   45.303 |   45.291 |   45.379 |   45.543 ||   -0.20   -0.04   -0.03   +0.01   -0.13   +0.09   -0.20   -0.27   -0.30   -0.11   +0.25
       med   |   45.808 |   45.947 |   46.905 |   46.355 |   46.111 |   46.236 |   46.848 |   46.050 |   46.034 |   45.953 |   45.705 |   46.616
512    32    |   84.352 |   83.963 |   84.392 |   84.400 |   84.393 |   84.407 |   84.376 |   84.520 |   84.319 |   84.533 |   84.394 |   84.388 ||   -0.46   +0.05   +0.06   +0.05   +0.06   +0.03   +0.20   -0.04   +0.21   +0.05   +0.04
       med   |   84.887 |   85.282 |   85.429 |   85.729 |   85.664 |   85.918 |   86.058 |   86.469 |   85.495 |   84.900 |   84.719 |   86.444
1024   64    |  161.865 |  161.888 |  162.003 |  162.047 |  162.056 |  161.895 |  161.741 |  161.813 |  161.999 |  162.120 |  161.832 |  161.995 ||   +0.01   +0.08   +0.11   +0.12   +0.02   -0.08   -0.03   +0.08   +0.16   -0.02   +0.08
       med   |  163.040 |  164.522 |  163.962 |  165.507 |  165.642 |  163.654 |  163.219 |  165.538 |  163.722 |  163.039 |  162.278 |  165.393
4096   256   |  628.281 |  628.848 |  628.665 |  628.821 |  628.645 |  628.830 |  628.718 |  628.692 |  628.272 |  628.721 |  628.643 |  628.477 ||   +0.09   +0.06   +0.09   +0.06   +0.09   +0.07   +0.07   -0.00   +0.07   +0.06   +0.03
       med   |  631.957 |  633.144 |  630.230 |  630.688 |  630.338 |  632.774 |  630.802 |  633.280 |  630.692 |  631.477 |  630.091 |  630.477
=== process order1.3
SELFCHECK OK (256 whole-block lengths 1..256 blk x 12 variants; out/Xi/ivec/ret byte-identical, nothing written past 16*nblk)
bytes  blks  |     base |   baseAA |     dsp0 |   dsp0AA |       g4 |     g4AA |      g4h |       a4 |     g4p8 |     t4p8 |       t4 |    m4s4h ||  baseAA%    dsp0%  dsp0AA%      g4%    g4AA%     g4h%      a4%    g4p8%    t4p8%      t4%   m4s4h%
16     1     |   25.319 |   25.342 |   25.468 |   25.425 |   17.822 |   17.819 |   17.905 |   12.756 |   17.802 |   12.323 |   12.277 |   12.569 ||   +0.09   +0.59   +0.42  -29.61  -29.63  -29.29  -49.62  -29.69  -51.33  -51.51  -50.36
       med   |   25.629 |   25.563 |   25.838 |   25.817 |   17.875 |   17.842 |   17.933 |   13.072 |   17.993 |   12.370 |   12.386 |   12.577
32     2     |   23.390 |   23.364 |   23.375 |   23.353 |   17.824 |   17.821 |   17.907 |   13.544 |   17.815 |   13.414 |   13.398 |   13.235 ||   -0.11   -0.07   -0.16  -23.80  -23.81  -23.44  -42.10  -23.84  -42.65  -42.72  -43.42
       med   |   23.689 |   23.522 |   23.836 |   23.726 |   17.857 |   17.839 |   17.930 |   13.612 |   18.175 |   13.423 |   13.442 |   13.315
48     3     |   24.266 |   24.242 |   24.208 |   24.213 |   17.823 |   17.814 |   17.906 |   14.026 |   17.822 |   13.702 |   13.740 |   15.201 ||   -0.10   -0.24   -0.22  -26.55  -26.59  -26.21  -42.20  -26.55  -43.53  -43.38  -37.36
       med   |   24.506 |   24.377 |   24.761 |   24.562 |   18.030 |   17.841 |   17.928 |   14.053 |   18.164 |   13.739 |   13.762 |   15.436
64     4     |   25.129 |   25.109 |   25.140 |   25.112 |   17.818 |   17.814 |   17.907 |   14.861 |   17.809 |   14.862 |   14.850 |   18.603 ||   -0.08   +0.04   -0.07  -29.09  -29.11  -28.74  -40.86  -29.13  -40.86  -40.91  -25.97
       med   |   25.349 |   25.171 |   25.796 |   25.448 |   18.017 |   17.839 |   17.931 |   14.877 |   18.107 |   15.194 |   14.860 |   18.629
80     5     |   25.993 |   25.994 |   25.992 |   25.993 |   25.993 |   25.994 |   25.994 |   25.988 |   26.011 |   26.004 |   25.994 |   26.006 ||   +0.00   -0.00   +0.00   -0.00   +0.00   +0.01   -0.02   +0.07   +0.04   +0.01   +0.05
       med   |   26.670 |   26.249 |   26.586 |   26.330 |   26.516 |   26.290 |   26.147 |   26.155 |   26.367 |   26.049 |   26.030 |   26.343
96     6     |   26.914 |   26.868 |   26.911 |   26.939 |   26.926 |   26.920 |   26.915 |   26.884 |   26.959 |   26.785 |   26.927 |   26.939 ||   -0.17   -0.01   +0.09   +0.04   +0.02   +0.00   -0.11   +0.17   -0.48   +0.05   +0.09
       med   |   27.594 |   26.967 |   27.444 |   27.213 |   27.396 |   27.201 |   27.189 |   27.016 |   27.577 |   26.985 |   26.961 |   27.249
112    7     |   27.454 |   27.429 |   27.520 |   27.493 |   27.406 |   27.494 |   27.499 |   27.405 |   27.522 |   27.475 |   27.517 |   27.528 ||   -0.09   +0.24   +0.14   -0.18   +0.14   +0.16   -0.18   +0.24   +0.07   +0.23   +0.27
       med   |   28.193 |   27.588 |   28.071 |   27.760 |   27.846 |   27.775 |   27.732 |   27.604 |   27.868 |   27.763 |   27.800 |   27.865
128    8     |   25.511 |   25.520 |   25.600 |   25.610 |   25.597 |   25.597 |   25.586 |   25.377 |   22.896 |   22.907 |   25.588 |   30.015 ||   +0.04   +0.35   +0.39   +0.33   +0.34   +0.29   -0.53  -10.25  -10.21   +0.30  +17.65
       med   |   25.560 |   25.614 |   26.201 |   25.826 |   26.290 |   26.061 |   25.858 |   25.623 |   23.206 |   23.286 |   25.612 |   30.603
256    16    |   45.392 |   45.437 |   45.321 |   45.326 |   45.426 |   45.345 |   45.350 |   45.327 |   45.392 |   45.326 |   45.341 |   45.357 ||   +0.10   -0.16   -0.15   +0.08   -0.10   -0.09   -0.14   +0.00   -0.15   -0.11   -0.08
       med   |   46.103 |   45.941 |   46.223 |   46.479 |   45.962 |   46.306 |   46.304 |   46.256 |   46.066 |   45.687 |   45.876 |   46.617
512    32    |   84.370 |   83.792 |   84.379 |   84.365 |   84.415 |   84.316 |   84.415 |   84.488 |   84.320 |   84.494 |   84.369 |   84.389 ||   -0.68   +0.01   -0.01   +0.05   -0.06   +0.05   +0.14   -0.06   +0.15   -0.00   +0.02
       med   |   85.529 |   85.628 |   85.669 |   85.396 |   85.636 |   85.813 |   85.936 |   86.514 |   85.503 |   84.914 |   84.549 |   86.630
1024   64    |  161.923 |  161.898 |  161.606 |  162.051 |  162.072 |  161.960 |  160.769 |  162.167 |  161.702 |  162.165 |  161.679 |  162.036 ||   -0.02   -0.20   +0.08   +0.09   +0.02   -0.71   +0.15   -0.14   +0.15   -0.15   +0.07
       med   |  163.355 |  165.452 |  164.251 |  162.965 |  163.244 |  164.410 |  163.402 |  165.838 |  163.616 |  163.054 |  162.129 |  164.959
4096   256   |  628.276 |  628.739 |  628.557 |  628.732 |  628.817 |  628.837 |  628.832 |  628.634 |  628.464 |  629.046 |  628.722 |  627.755 ||   +0.07   +0.04   +0.07   +0.09   +0.09   +0.09   +0.06   +0.03   +0.12   +0.07   -0.08
       med   |  631.400 |  633.438 |  630.447 |  630.287 |  630.783 |  633.449 |  630.966 |  634.932 |  631.172 |  631.527 |  629.999 |  632.934
=== process order1.4
SELFCHECK OK (256 whole-block lengths 1..256 blk x 12 variants; out/Xi/ivec/ret byte-identical, nothing written past 16*nblk)
bytes  blks  |     base |   baseAA |     dsp0 |   dsp0AA |       g4 |     g4AA |      g4h |       a4 |     g4p8 |     t4p8 |       t4 |    m4s4h ||  baseAA%    dsp0%  dsp0AA%      g4%    g4AA%     g4h%      a4%    g4p8%    t4p8%      t4%   m4s4h%
16     1     |   25.543 |   23.307 |   23.904 |   23.406 |   17.824 |   17.816 |   17.911 |   12.760 |   17.805 |   12.344 |   12.333 |   12.572 ||   -8.75   -6.42   -8.37  -30.22  -30.25  -29.88  -50.04  -30.29  -51.67  -51.72  -50.78
       med   |   25.884 |   25.651 |   26.020 |   25.980 |   17.874 |   17.843 |   17.935 |   13.088 |   18.167 |   12.368 |   12.387 |   12.578
32     2     |   23.383 |   23.371 |   23.487 |   23.368 |   17.817 |   17.814 |   17.911 |   13.547 |   17.803 |   13.389 |   13.409 |   13.234 ||   -0.05   +0.44   -0.06  -23.81  -23.82  -23.40  -42.07  -23.86  -42.74  -42.66  -43.40
       med   |   23.799 |   23.521 |   24.249 |   23.863 |   17.855 |   17.840 |   17.935 |   13.614 |   18.075 |   13.423 |   13.421 |   13.301
48     3     |   24.252 |   24.243 |   24.216 |   24.210 |   17.821 |   17.816 |   17.906 |   14.014 |   17.802 |   13.716 |   13.732 |   15.215 ||   -0.04   -0.15   -0.17  -26.52  -26.54  -26.17  -42.22  -26.60  -43.44  -43.38  -37.27
       med   |   24.571 |   24.378 |   24.763 |   24.660 |   17.856 |   17.840 |   17.931 |   14.054 |   18.157 |   13.739 |   13.762 |   15.488
64     4     |   25.154 |   25.110 |   25.125 |   25.115 |   17.816 |   17.816 |   17.906 |   14.865 |   17.798 |   14.859 |   14.847 |   18.602 ||   -0.17   -0.11   -0.15  -29.17  -29.17  -28.82  -40.90  -29.24  -40.93  -40.98  -26.05
       med   |   25.364 |   25.174 |   25.554 |   25.543 |   17.853 |   17.839 |   17.931 |   14.876 |   18.131 |   15.195 |   14.859 |   18.637
80     5     |   25.987 |   25.996 |   25.993 |   26.001 |   26.001 |   25.997 |   26.006 |   25.992 |   26.017 |   26.003 |   25.992 |   26.027 ||   +0.04   +0.02   +0.05   +0.06   +0.04   +0.08   +0.02   +0.12   +0.06   +0.02   +0.16
       med   |   26.691 |   26.140 |   26.592 |   26.466 |   26.579 |   26.291 |   26.390 |   26.116 |   26.620 |   26.042 |   26.276 |   26.692
96     6     |   26.930 |   26.872 |   26.934 |   26.942 |   26.929 |   26.926 |   26.939 |   26.886 |   26.956 |   26.787 |   26.908 |   26.945 ||   -0.22   +0.01   +0.04   -0.01   -0.02   +0.03   -0.16   +0.09   -0.53   -0.08   +0.05
       med   |   27.598 |   26.969 |   27.436 |   27.303 |   27.405 |   27.208 |   27.331 |   26.987 |   27.280 |   26.980 |   26.954 |   27.595
112    7     |   27.458 |   27.368 |   27.518 |   27.495 |   27.403 |   27.408 |   27.492 |   27.419 |   27.516 |   27.480 |   27.519 |   27.562 ||   -0.33   +0.22   +0.14   -0.20   -0.18   +0.13   -0.14   +0.21   +0.08   +0.22   +0.38
       med   |   27.737 |   27.549 |   28.049 |   27.968 |   28.092 |   27.840 |   27.748 |   27.605 |   27.876 |   27.560 |   27.553 |   28.177
128    8     |   25.515 |   25.532 |   25.428 |   25.558 |   25.588 |   25.575 |   25.581 |   25.381 |   22.890 |   22.902 |   25.591 |   30.005 ||   +0.07   -0.34   +0.17   +0.29   +0.23   +0.26   -0.52  -10.29  -10.24   +0.30  +17.60
       med   |   25.970 |   25.608 |   26.049 |   25.732 |   26.086 |   26.000 |   25.757 |   25.621 |   22.928 |   23.292 |   25.617 |   30.439
256    16    |   45.403 |   45.377 |   45.368 |   45.347 |   45.397 |   45.340 |   45.342 |   45.343 |   45.388 |   45.303 |   45.496 |   45.520 ||   -0.06   -0.08   -0.12   -0.01   -0.14   -0.13   -0.13   -0.03   -0.22   +0.21   +0.26
       med   |   45.845 |   45.740 |   46.955 |   46.523 |   46.212 |   46.187 |   46.322 |   46.140 |   46.087 |   45.899 |   46.233 |   47.019
512    32    |   84.358 |   84.403 |   84.389 |   84.517 |   84.411 |   84.395 |   84.407 |   84.540 |   84.308 |   84.574 |   84.404 |   84.398 ||   +0.05   +0.04   +0.19   +0.06   +0.04   +0.06   +0.22   -0.06   +0.26   +0.06   +0.05
       med   |   84.949 |   85.807 |   85.210 |   85.527 |   85.765 |   85.481 |   85.421 |   86.530 |   85.489 |   85.762 |   85.071 |   86.794
1024   64    |  161.874 |  161.912 |  161.784 |  162.038 |  162.054 |  161.886 |  161.871 |  162.077 |  161.970 |  161.798 |  161.863 |  161.623 ||   +0.02   -0.06   +0.10   +0.11   +0.01   -0.00   +0.13   +0.06   -0.05   -0.01   -0.15
       med   |  163.031 |  165.477 |  162.717 |  166.244 |  163.664 |  165.065 |  163.502 |  164.977 |  163.468 |  162.837 |  163.159 |  163.578
4096   256   |  628.222 |  628.814 |  628.774 |  628.595 |  628.659 |  628.585 |  628.879 |  628.192 |  628.352 |  628.890 |  628.798 |  628.561 ||   +0.09   +0.09   +0.06   +0.07   +0.06   +0.10   -0.00   +0.02   +0.11   +0.09   +0.05
       med   |  632.091 |  634.045 |  630.334 |  630.911 |  630.353 |  632.356 |  630.994 |  635.264 |  630.674 |  631.040 |  630.314 |  631.279
=== process order1.5
SELFCHECK OK (256 whole-block lengths 1..256 blk x 12 variants; out/Xi/ivec/ret byte-identical, nothing written past 16*nblk)
bytes  blks  |     base |   baseAA |     dsp0 |   dsp0AA |       g4 |     g4AA |      g4h |       a4 |     g4p8 |     t4p8 |       t4 |    m4s4h ||  baseAA%    dsp0%  dsp0AA%      g4%    g4AA%     g4h%      a4%    g4p8%    t4p8%      t4%   m4s4h%
16     1     |   25.390 |   25.337 |   25.460 |   24.133 |   17.829 |   17.819 |   17.910 |   12.760 |   17.811 |   12.343 |   12.332 |   12.569 ||   -0.21   +0.28   -4.95  -29.78  -29.82  -29.46  -49.74  -29.85  -51.39  -51.43  -50.49
       med   |   25.752 |   25.551 |   25.866 |   25.836 |   17.878 |   17.838 |   17.933 |   13.088 |   18.173 |   12.368 |   12.388 |   12.577
32     2     |   23.364 |   23.360 |   23.385 |   23.349 |   17.826 |   17.820 |   17.910 |   13.546 |   17.806 |   13.401 |   13.409 |   13.234 ||   -0.02   +0.09   -0.06  -23.70  -23.73  -23.34  -42.02  -23.79  -42.64  -42.61  -43.36
       med   |   23.855 |   23.521 |   24.238 |   23.861 |   17.858 |   17.839 |   17.930 |   13.614 |   18.171 |   13.423 |   13.420 |   13.301
48     3     |   24.268 |   24.237 |   24.216 |   24.211 |   17.815 |   17.815 |   17.906 |   14.028 |   17.808 |   13.718 |   13.734 |   15.203 ||   -0.13   -0.21   -0.23  -26.59  -26.59  -26.21  -42.19  -26.62  -43.47  -43.41  -37.35
       med   |   24.688 |   24.379 |   24.945 |   24.631 |   17.854 |   17.840 |   17.928 |   14.054 |   18.165 |   13.739 |   13.761 |   15.478
64     4     |   25.139 |   25.105 |   25.146 |   25.111 |   17.817 |   17.819 |   17.908 |   14.864 |   17.814 |   14.861 |   14.845 |   18.600 ||   -0.14   +0.03   -0.11  -29.12  -29.12  -28.77  -40.87  -29.14  -40.89  -40.95  -26.01
       med   |   25.441 |   25.171 |   25.781 |   25.524 |   17.845 |   17.839 |   17.933 |   14.876 |   18.159 |   15.199 |   14.859 |   18.627
80     5     |   26.000 |   25.992 |   26.000 |   25.996 |   25.992 |   25.995 |   25.994 |   25.995 |   26.010 |   26.000 |   25.993 |   26.028 ||   -0.03   -0.00   -0.01   -0.03   -0.02   -0.02   -0.02   +0.04   -0.00   -0.03   +0.11
       med   |   26.700 |   26.170 |   26.689 |   26.333 |   26.307 |   26.289 |   26.342 |   26.110 |   26.360 |   26.046 |   26.032 |   26.708
96     6     |   26.910 |   26.872 |   26.950 |   26.938 |   26.921 |   26.916 |   26.929 |   26.863 |   26.942 |   26.781 |   26.911 |   26.944 ||   -0.14   +0.15   +0.11   +0.04   +0.02   +0.07   -0.17   +0.12   -0.48   +0.01   +0.13
       med   |   27.562 |   26.967 |   27.504 |   27.248 |   27.415 |   27.201 |   27.217 |   26.979 |   27.488 |   27.003 |   26.956 |   27.567
112    7     |   27.459 |   27.410 |   27.539 |   27.493 |   27.432 |   27.461 |   27.486 |   27.421 |   27.529 |   27.474 |   27.513 |   27.533 ||   -0.18   +0.29   +0.12   -0.10   +0.00   +0.10   -0.14   +0.25   +0.05   +0.20   +0.27
       med   |   28.208 |   27.581 |   28.163 |   27.954 |   27.788 |   27.850 |   27.752 |   27.599 |   28.018 |   27.547 |   27.548 |   28.174
128    8     |   25.523 |   25.532 |   25.585 |   25.566 |   25.590 |   25.603 |   25.577 |   25.375 |   22.899 |   22.904 |   25.578 |   30.005 ||   +0.04   +0.25   +0.17   +0.26   +0.31   +0.21   -0.58  -10.28  -10.26   +0.22  +17.56
       med   |   25.943 |   25.608 |   26.197 |   26.009 |   25.776 |   26.040 |   25.763 |   25.619 |   22.919 |   22.933 |   25.616 |   30.560
256    16    |   45.432 |   45.355 |   45.344 |   45.347 |   45.426 |   45.328 |   45.464 |   45.337 |   45.397 |   45.320 |   45.304 |   45.303 ||   -0.17   -0.19   -0.19   -0.01   -0.23   +0.07   -0.21   -0.08   -0.25   -0.28   -0.28
       med   |   46.197 |   45.927 |   46.260 |   46.556 |   46.185 |   46.161 |   46.718 |   46.051 |   46.001 |   45.936 |   45.746 |   46.302
512    32    |   84.348 |   84.280 |   84.394 |   84.518 |   84.430 |   84.387 |   84.381 |   84.513 |   84.368 |   84.533 |   84.394 |   84.303 ||   -0.08   +0.06   +0.20   +0.10   +0.05   +0.04   +0.20   +0.02   +0.22   +0.06   -0.05
       med   |   84.819 |   84.646 |   85.106 |   85.726 |   85.788 |   85.894 |   85.520 |   86.199 |   85.452 |   84.873 |   84.790 |   86.412
1024   64    |  161.827 |  161.871 |  162.008 |  162.078 |  161.954 |  161.960 |  161.779 |  162.070 |  162.005 |  162.125 |  161.810 |  161.805 ||   +0.03   +0.11   +0.16   +0.08   +0.08   -0.03   +0.15   +0.11   +0.18   -0.01   -0.01
       med   |  163.322 |  162.185 |  163.537 |  166.039 |  163.388 |  163.976 |  163.934 |  163.172 |  163.765 |  163.749 |  162.129 |  166.054
4096   256   |  628.133 |  628.747 |  628.736 |  628.794 |  628.793 |  628.506 |  628.838 |  628.742 |  628.322 |  628.702 |  628.538 |  628.552 ||   +0.10   +0.10   +0.11   +0.11   +0.06   +0.11   +0.10   +0.03   +0.09   +0.06   +0.07
       med   |  631.223 |  631.379 |  630.253 |  631.380 |  630.210 |  631.900 |  630.902 |  634.220 |  630.492 |  630.303 |  630.087 |  630.801
=== process order2.1
SELFCHECK OK (256 whole-block lengths 1..256 blk x 12 variants; out/Xi/ivec/ret byte-identical, nothing written past 16*nblk)
bytes  blks  |     base |    m4s4h |       t4 |     t4p8 |     g4p8 |       a4 |      g4h |     g4AA |       g4 |   dsp0AA |     dsp0 |   baseAA ||   m4s4h%      t4%    t4p8%    g4p8%      a4%     g4h%    g4AA%      g4%  dsp0AA%    dsp0%  baseAA%
16     1     |   23.315 |   12.571 |   12.326 |   12.331 |   17.836 |   12.752 |   17.923 |   17.822 |   17.827 |   23.299 |   23.294 |   23.315 ||  -46.08  -47.13  -47.11  -23.50  -45.31  -23.13  -23.56  -23.54   -0.07   -0.09   +0.00
       med   |   24.097 |   12.578 |   12.395 |   12.367 |   18.329 |   12.800 |   18.058 |   17.866 |   18.054 |   23.470 |   23.536 |   23.568
32     2     |   23.382 |   13.237 |   13.355 |   13.414 |   17.868 |   13.538 |   17.923 |   17.817 |   17.828 |   23.369 |   23.357 |   23.410 ||  -43.39  -42.88  -42.63  -23.58  -42.10  -23.35  -23.80  -23.75   -0.05   -0.11   +0.12
       med   |   24.205 |   13.318 |   13.434 |   13.425 |   18.330 |   13.566 |   18.005 |   17.867 |   18.065 |   23.400 |   23.389 |   23.476
48     3     |   24.271 |   15.208 |   13.698 |   13.733 |   17.827 |   14.025 |   17.916 |   17.821 |   17.833 |   24.202 |   24.211 |   24.251 ||  -37.34  -43.56  -43.42  -26.55  -42.21  -26.18  -26.58  -26.53   -0.28   -0.25   -0.09
       med   |   25.021 |   15.576 |   14.866 |   14.430 |   18.322 |   14.054 |   17.996 |   17.866 |   18.065 |   24.369 |   24.434 |   24.480
64     4     |   25.131 |   18.607 |   14.865 |   14.855 |   17.829 |   14.865 |   17.916 |   17.807 |   17.826 |   25.108 |   25.126 |   25.149 ||  -25.96  -40.85  -40.89  -29.05  -40.85  -28.71  -29.14  -29.07   -0.09   -0.02   +0.07
       med   |   25.583 |   18.957 |   15.135 |   14.868 |   18.313 |   14.877 |   17.997 |   17.857 |   18.067 |   25.351 |   25.314 |   25.327
80     5     |   25.997 |   26.004 |   25.997 |   26.006 |   26.005 |   25.995 |   25.992 |   26.000 |   25.993 |   25.992 |   25.996 |   25.989 ||   +0.03   +0.00   +0.03   +0.03   -0.01   -0.02   +0.01   -0.02   -0.02   -0.01   -0.03
       med   |   26.790 |   26.056 |   26.535 |   26.427 |   26.351 |   26.278 |   26.071 |   26.722 |   26.027 |   26.636 |   26.220 |   26.252
96     6     |   26.918 |   26.952 |   26.924 |   26.953 |   26.888 |   26.940 |   26.918 |   26.912 |   26.918 |   26.921 |   26.890 |   26.935 ||   +0.13   +0.02   +0.13   -0.11   +0.08   +0.00   -0.02   +0.00   +0.01   -0.10   +0.06
       med   |   27.654 |   26.980 |   27.239 |   27.379 |   26.994 |   27.233 |   26.976 |   27.218 |   26.960 |   27.219 |   26.973 |   27.263
112    7     |   27.464 |   27.404 |   27.405 |   27.440 |   27.514 |   27.420 |   27.487 |   27.413 |   27.515 |   27.512 |   27.496 |   27.465 ||   -0.22   -0.21   -0.09   +0.18   -0.16   +0.08   -0.19   +0.18   +0.17   +0.11   +0.00
       med   |   28.200 |   27.566 |   27.757 |   27.601 |   27.736 |   27.896 |   27.677 |   27.808 |   27.963 |   27.773 |   27.711 |   27.835
128    8     |   25.518 |   29.992 |   25.386 |   22.910 |   22.996 |   25.377 |   25.658 |   25.551 |   25.551 |   25.593 |   25.371 |   25.386 ||  +17.54   -0.52  -10.22   -9.88   -0.55   +0.55   +0.13   +0.13   +0.29   -0.57   -0.52
       med   |   26.344 |   30.073 |   25.734 |   23.779 |   23.612 |   25.626 |   25.995 |   25.893 |   25.611 |   25.622 |   25.624 |   25.712
256    16    |   45.455 |   45.252 |   45.386 |   45.351 |   45.333 |   45.426 |   45.329 |   45.576 |   45.267 |   45.336 |   45.338 |   45.403 ||   -0.45   -0.15   -0.23   -0.27   -0.07   -0.28   +0.26   -0.41   -0.26   -0.26   -0.11
       med   |   47.134 |   45.596 |   45.942 |   46.206 |   45.766 |   46.108 |   45.434 |   47.125 |   45.688 |   46.088 |   45.575 |   45.863
512    32    |   84.373 |   84.298 |   84.484 |   84.469 |   84.110 |   84.484 |   84.276 |   84.381 |   84.200 |   84.401 |   84.477 |   84.399 ||   -0.09   +0.13   +0.11   -0.31   +0.13   -0.12   +0.01   -0.21   +0.03   +0.12   +0.03
       med   |   85.464 |   85.704 |   84.609 |   86.004 |   85.477 |   85.629 |   85.308 |   85.217 |   84.789 |   85.973 |   86.686 |   86.046
1024   64    |  161.908 |  161.919 |  162.024 |  161.962 |  162.020 |  162.021 |  162.010 |  161.972 |  161.578 |  161.690 |  162.185 |  161.947 ||   +0.01   +0.07   +0.03   +0.07   +0.07   +0.06   +0.04   -0.20   -0.13   +0.17   +0.02
       med   |  163.596 |  165.713 |  163.251 |  163.132 |  164.494 |  163.958 |  163.375 |  164.201 |  163.154 |  163.708 |  165.566 |  164.395
4096   256   |  628.249 |  628.230 |  628.276 |  628.718 |  628.633 |  628.760 |  627.985 |  627.913 |  628.512 |  628.653 |  628.798 |  628.549 ||   -0.00   +0.00   +0.07   +0.06   +0.08   -0.04   -0.05   +0.04   +0.06   +0.09   +0.05
       med   |  631.160 |  632.132 |  629.814 |  632.040 |  630.145 |  632.020 |  629.913 |  630.510 |  630.144 |  630.471 |  634.180 |  633.710
=== process order2.2
SELFCHECK OK (256 whole-block lengths 1..256 blk x 12 variants; out/Xi/ivec/ret byte-identical, nothing written past 16*nblk)
bytes  blks  |     base |    m4s4h |       t4 |     t4p8 |     g4p8 |       a4 |      g4h |     g4AA |       g4 |   dsp0AA |     dsp0 |   baseAA ||   m4s4h%      t4%    t4p8%    g4p8%      a4%     g4h%    g4AA%      g4%  dsp0AA%    dsp0%  baseAA%
16     1     |   23.272 |   12.570 |   12.326 |   12.313 |   17.854 |   12.753 |   17.924 |   17.821 |   17.824 |   23.310 |   23.292 |   23.317 ||  -45.98  -47.03  -47.09  -23.28  -45.20  -22.98  -23.42  -23.41   +0.17   +0.09   +0.20
       med   |   24.062 |   12.578 |   12.396 |   12.367 |   18.332 |   12.801 |   18.006 |   17.866 |   18.052 |   23.552 |   23.538 |   23.569
32     2     |   23.359 |   13.234 |   13.335 |   13.339 |   17.838 |   13.541 |   17.921 |   17.819 |   17.820 |   23.368 |   23.352 |   23.412 ||  -43.34  -42.91  -42.89  -23.63  -42.03  -23.28  -23.72  -23.71   +0.04   -0.03   +0.23
       med   |   24.202 |   13.298 |   13.431 |   13.425 |   18.333 |   13.564 |   17.999 |   17.866 |   18.058 |   23.688 |   23.575 |   23.599
48     3     |   24.246 |   15.207 |   13.698 |   13.733 |   17.842 |   14.039 |   17.917 |   17.820 |   17.827 |   24.201 |   24.217 |   24.262 ||  -37.28  -43.51  -43.36  -26.41  -42.10  -26.10  -26.51  -26.48   -0.19   -0.12   +0.06
       med   |   24.582 |   15.574 |   14.926 |   14.419 |   18.323 |   14.054 |   17.995 |   17.864 |   18.059 |   24.456 |   24.452 |   24.481
64     4     |   25.113 |   18.608 |   14.870 |   14.856 |   17.819 |   14.867 |   17.912 |   17.815 |   17.830 |   25.116 |   25.128 |   25.121 ||  -25.90  -40.79  -40.84  -29.05  -40.80  -28.68  -29.06  -29.00   +0.01   +0.06   +0.03
       med   |   25.908 |   18.902 |   15.128 |   14.868 |   18.299 |   14.877 |   17.986 |   17.867 |   18.062 |   25.370 |   25.323 |   25.181
80     5     |   25.993 |   26.007 |   26.010 |   26.002 |   25.997 |   25.991 |   25.987 |   25.996 |   25.995 |   25.990 |   25.994 |   25.987 ||   +0.06   +0.07   +0.04   +0.02   -0.01   -0.02   +0.01   +0.01   -0.01   +0.00   -0.02
       med   |   26.784 |   26.050 |   26.503 |   26.218 |   26.262 |   26.185 |   26.076 |   26.702 |   26.154 |   26.437 |   26.224 |   26.450
96     6     |   26.910 |   26.938 |   26.952 |   26.918 |   26.900 |   26.918 |   26.891 |   26.930 |   26.923 |   26.918 |   26.904 |   26.913 ||   +0.10   +0.16   +0.03   -0.04   +0.03   -0.07   +0.07   +0.05   +0.03   -0.02   +0.01
       med   |   27.654 |   26.978 |   27.404 |   27.125 |   26.991 |   27.222 |   26.973 |   27.614 |   26.963 |   27.214 |   27.198 |   27.354
112    7     |   27.465 |   27.421 |   27.427 |   27.509 |   27.505 |   27.390 |   27.486 |   27.422 |   27.520 |   27.510 |   27.487 |   27.459 ||   -0.16   -0.14   +0.16   +0.15   -0.27   +0.08   -0.16   +0.20   +0.16   +0.08   -0.02
       med   |   28.191 |   27.564 |   27.959 |   27.558 |   27.702 |   27.586 |   27.537 |   27.775 |   27.859 |   27.957 |   27.710 |   27.882
128    8     |   25.525 |   29.994 |   25.379 |   22.900 |   22.987 |   25.378 |   25.638 |   25.585 |   25.548 |   25.587 |   25.388 |   25.401 ||  +17.51   -0.57  -10.28   -9.94   -0.58   +0.44   +0.24   +0.09   +0.24   -0.54   -0.49
       med   |   26.344 |   30.084 |   25.814 |   23.770 |   23.281 |   25.803 |   25.682 |   25.881 |   25.838 |   26.060 |   25.865 |   25.818
256    16    |   45.434 |   45.271 |   45.322 |   45.349 |   45.343 |   45.504 |   45.324 |   45.470 |   45.259 |   45.372 |   45.343 |   45.451 ||   -0.36   -0.25   -0.19   -0.20   +0.15   -0.24   +0.08   -0.38   -0.14   -0.20   +0.04
       med   |   46.339 |   45.613 |   45.939 |   46.182 |   45.997 |   46.294 |   45.517 |   46.850 |   45.692 |   46.282 |   45.462 |   45.981
512    32    |   84.394 |   84.142 |   84.414 |   84.480 |   84.359 |   84.480 |   84.401 |   84.411 |   84.337 |   83.662 |   84.533 |   84.308 ||   -0.30   +0.02   +0.10   -0.04   +0.10   +0.01   +0.02   -0.07   -0.87   +0.16   -0.10
       med   |   85.536 |   86.084 |   84.808 |   85.521 |   85.700 |   85.276 |   85.315 |   85.751 |   84.712 |   85.592 |   85.382 |   85.381
1024   64    |  161.833 |  160.810 |  162.088 |  162.109 |  162.126 |  161.970 |  161.943 |  162.026 |  161.609 |  161.684 |  162.028 |  162.032 ||   -0.63   +0.16   +0.17   +0.18   +0.08   +0.07   +0.12   -0.14   -0.09   +0.12   +0.12
       med   |  163.181 |  163.805 |  163.373 |  164.030 |  165.047 |  163.653 |  163.016 |  165.006 |  163.178 |  162.686 |  165.952 |  163.994
4096   256   |  628.361 |  627.712 |  628.663 |  628.801 |  628.742 |  628.650 |  628.484 |  628.755 |  628.666 |  628.494 |  628.549 |  628.394 ||   -0.10   +0.05   +0.07   +0.06   +0.05   +0.02   +0.06   +0.05   +0.02   +0.03   +0.01
       med   |  631.711 |  633.038 |  632.157 |  631.815 |  630.107 |  631.075 |  630.071 |  630.527 |  630.191 |  630.237 |  634.667 |  632.970
=== process order2.3
SELFCHECK OK (256 whole-block lengths 1..256 blk x 12 variants; out/Xi/ivec/ret byte-identical, nothing written past 16*nblk)
bytes  blks  |     base |    m4s4h |       t4 |     t4p8 |     g4p8 |       a4 |      g4h |     g4AA |       g4 |   dsp0AA |     dsp0 |   baseAA ||   m4s4h%      t4%    t4p8%    g4p8%      a4%     g4h%    g4AA%      g4%  dsp0AA%    dsp0%  baseAA%
16     1     |   23.264 |   12.571 |   12.327 |   12.311 |   17.833 |   12.754 |   17.918 |   17.810 |   17.823 |   23.313 |   23.292 |   23.314 ||  -45.96  -47.01  -47.08  -23.35  -45.18  -22.98  -23.44  -23.39   +0.21   +0.12   +0.22
       med   |   24.107 |   12.577 |   12.394 |   12.366 |   18.333 |   12.801 |   18.003 |   17.850 |   18.010 |   23.550 |   23.535 |   23.561
32     2     |   23.364 |   13.234 |   13.332 |   13.412 |   17.824 |   13.540 |   17.916 |   17.819 |   17.823 |   23.368 |   23.361 |   23.403 ||  -43.36  -42.94  -42.60  -23.71  -42.05  -23.32  -23.73  -23.72   +0.02   -0.01   +0.17
       med   |   23.663 |   13.316 |   13.432 |   13.424 |   18.121 |   13.564 |   17.958 |   17.843 |   18.026 |   23.690 |   23.574 |   23.598
48     3     |   24.251 |   15.203 |   13.697 |   13.733 |   17.832 |   14.011 |   17.914 |   17.816 |   17.826 |   24.201 |   24.205 |   24.254 ||  -37.31  -43.52  -43.37  -26.47  -42.22  -26.13  -26.54  -26.49   -0.21   -0.19   +0.01
       med   |   24.606 |   15.612 |   14.918 |   14.428 |   18.321 |   14.055 |   17.948 |   17.849 |   18.053 |   24.531 |   24.488 |   24.517
64     4     |   25.115 |   18.608 |   14.868 |   14.855 |   17.822 |   14.863 |   17.913 |   17.815 |   17.827 |   25.122 |   25.107 |   25.116 ||  -25.91  -40.80  -40.85  -29.04  -40.82  -28.68  -29.07  -29.02   +0.02   -0.03   +0.00
       med   |   25.570 |   18.835 |   15.126 |   14.868 |   18.316 |   14.878 |   17.953 |   17.863 |   18.060 |   25.389 |   25.313 |   25.373
80     5     |   25.983 |   26.010 |   25.995 |   26.002 |   26.007 |   26.003 |   25.987 |   25.996 |   25.984 |   25.993 |   25.985 |   25.988 ||   +0.10   +0.05   +0.07   +0.09   +0.08   +0.02   +0.05   +0.00   +0.04   +0.01   +0.02
       med   |   26.021 |   26.061 |   26.552 |   26.064 |   26.433 |   26.321 |   26.070 |   26.686 |   26.026 |   26.756 |   26.198 |   26.357
96     6     |   26.896 |   26.930 |   26.893 |   26.911 |   26.894 |   26.945 |   26.929 |   26.920 |   26.921 |   26.908 |   26.906 |   26.889 ||   +0.12   -0.01   +0.05   -0.01   +0.18   +0.12   +0.09   +0.09   +0.04   +0.04   -0.03
       med   |   27.341 |   26.979 |   27.252 |   27.075 |   27.336 |   27.236 |   26.976 |   27.037 |   26.962 |   27.584 |   27.184 |   27.206
112    7     |   27.447 |   27.402 |   27.415 |   27.430 |   27.505 |   27.398 |   27.480 |   27.489 |   27.514 |   27.518 |   27.494 |   27.462 ||   -0.16   -0.12   -0.06   +0.21   -0.18   +0.12   +0.15   +0.24   +0.26   +0.17   +0.06
       med   |   27.996 |   27.564 |   27.985 |   27.865 |   27.831 |   27.915 |   27.532 |   28.046 |   27.548 |   27.848 |   27.719 |   27.786
128    8     |   25.518 |   30.013 |   25.379 |   22.910 |   22.992 |   25.381 |   25.656 |   25.576 |   25.547 |   25.589 |   25.380 |   25.385 ||  +17.62   -0.55  -10.22   -9.90   -0.54   +0.54   +0.23   +0.11   +0.28   -0.54   -0.52
       med   |   26.070 |   30.648 |   25.624 |   23.434 |   23.541 |   25.631 |   25.909 |   26.159 |   25.611 |   26.037 |   25.872 |   25.708
256    16    |   45.560 |   45.264 |   45.338 |   45.407 |   45.258 |   45.431 |   45.333 |   45.594 |   45.257 |   45.350 |   45.341 |   45.459 ||   -0.65   -0.49   -0.34   -0.66   -0.28   -0.50   +0.07   -0.67   -0.46   -0.48   -0.22
       med   |   46.781 |   45.774 |   45.583 |   46.975 |   46.169 |   46.300 |   45.450 |   47.184 |   45.691 |   46.327 |   45.847 |   46.066
512    32    |   84.347 |   84.347 |   84.461 |   84.478 |   84.052 |   84.498 |   84.417 |   84.419 |   84.366 |   84.356 |   84.507 |   84.305 ||   -0.00   +0.13   +0.15   -0.35   +0.18   +0.08   +0.09   +0.02   +0.01   +0.19   -0.05
       med   |   85.530 |   85.953 |   85.592 |   85.497 |   84.776 |   85.637 |   85.417 |   85.847 |   84.508 |   85.331 |   86.833 |   86.062
1024   64    |  161.950 |  161.950 |  162.029 |  162.169 |  162.024 |  161.956 |  161.860 |  161.650 |  161.838 |  161.869 |  161.637 |  162.006 ||   +0.00   +0.05   +0.14   +0.05   +0.00   -0.06   -0.19   -0.07   -0.05   -0.19   +0.03
       med   |  163.484 |  163.201 |  162.253 |  164.942 |  164.221 |  163.141 |  163.623 |  163.268 |  162.041 |  164.030 |  166.578 |  165.880
4096   256   |  628.100 |  626.927 |  628.790 |  628.851 |  628.519 |  628.676 |  628.164 |  628.293 |  628.665 |  626.831 |  628.903 |  628.869 ||   -0.19   +0.11   +0.12   +0.07   +0.09   +0.01   +0.03   +0.09   -0.20   +0.13   +0.12
       med   |  631.199 |  632.289 |  630.283 |  631.293 |  631.160 |  631.966 |  630.874 |  630.881 |  629.978 |  630.681 |  636.106 |  635.720
=== process order2.4
SELFCHECK OK (256 whole-block lengths 1..256 blk x 12 variants; out/Xi/ivec/ret byte-identical, nothing written past 16*nblk)
bytes  blks  |     base |    m4s4h |       t4 |     t4p8 |     g4p8 |       a4 |      g4h |     g4AA |       g4 |   dsp0AA |     dsp0 |   baseAA ||   m4s4h%      t4%    t4p8%    g4p8%      a4%     g4h%    g4AA%      g4%  dsp0AA%    dsp0%  baseAA%
16     1     |   23.318 |   12.570 |   12.330 |   12.312 |   17.831 |   12.751 |   17.918 |   17.822 |   17.824 |   23.309 |   23.295 |   23.314 ||  -46.09  -47.12  -47.20  -23.53  -45.32  -23.16  -23.57  -23.56   -0.04   -0.10   -0.02
       med   |   24.106 |   12.577 |   12.395 |   12.367 |   18.332 |   12.798 |   18.067 |   17.849 |   18.003 |   23.434 |   23.537 |   23.571
32     2     |   23.365 |   13.234 |   13.363 |   13.411 |   17.822 |   13.542 |   17.928 |   17.816 |   17.826 |   23.366 |   23.359 |   23.399 ||  -43.36  -42.81  -42.60  -23.72  -42.04  -23.27  -23.75  -23.71   +0.00   -0.02   +0.14
       med   |   24.198 |   13.316 |   13.432 |   13.425 |   18.145 |   13.563 |   18.061 |   17.841 |   18.062 |   23.418 |   23.576 |   23.467
48     3     |   24.242 |   15.210 |   13.696 |   13.732 |   17.818 |   14.040 |   17.917 |   17.820 |   17.829 |   24.209 |   24.210 |   24.249 ||  -37.26  -43.50  -43.35  -26.50  -42.08  -26.09  -26.49  -26.46   -0.14   -0.14   +0.03
       med   |   24.562 |   15.691 |   15.044 |   14.508 |   18.327 |   14.054 |   18.008 |   17.844 |   18.060 |   24.256 |   24.446 |   24.478
64     4     |   25.150 |   18.611 |   14.869 |   14.854 |   17.819 |   14.867 |   17.916 |   17.813 |   17.828 |   25.111 |   25.125 |   25.142 ||  -26.00  -40.88  -40.94  -29.15  -40.89  -28.76  -29.17  -29.11   -0.15   -0.10   -0.03
       med   |   25.911 |   18.875 |   15.136 |   14.868 |   18.320 |   14.877 |   17.999 |   17.845 |   18.060 |   25.156 |   25.318 |   25.323
80     5     |   25.987 |   26.005 |   26.004 |   26.005 |   26.004 |   25.993 |   25.991 |   25.999 |   25.984 |   25.992 |   25.995 |   25.986 ||   +0.07   +0.07   +0.07   +0.07   +0.03   +0.02   +0.05   -0.01   +0.02   +0.03   -0.00
       med   |   26.275 |   26.055 |   26.486 |   26.232 |   26.144 |   26.130 |   26.073 |   26.747 |   26.063 |   26.648 |   26.218 |   26.446
96     6     |   26.912 |   26.936 |   26.938 |   26.899 |   26.893 |   26.946 |   26.880 |   26.938 |   26.913 |   26.925 |   26.933 |   26.885 ||   +0.09   +0.10   -0.05   -0.07   +0.13   -0.12   +0.10   +0.01   +0.05   +0.08   -0.10
       med   |   27.213 |   26.980 |   27.408 |   27.160 |   27.123 |   27.247 |   26.982 |   27.620 |   26.964 |   27.455 |   26.975 |   27.344
112    7     |   27.470 |   27.445 |   27.496 |   27.510 |   27.515 |   27.400 |   27.483 |   27.426 |   27.512 |   27.518 |   27.492 |   27.460 ||   -0.09   +0.09   +0.14   +0.17   -0.25   +0.05   -0.16   +0.15   +0.17   +0.08   -0.03
       med   |   28.232 |   27.567 |   27.959 |   27.741 |   27.675 |   27.714 |   27.531 |   28.199 |   27.549 |   28.053 |   27.592 |   27.778
128    8     |   25.514 |   29.990 |   25.379 |   22.900 |   22.991 |   25.377 |   25.658 |   25.588 |   25.553 |   25.577 |   25.385 |   25.523 ||  +17.54   -0.53  -10.25   -9.89   -0.54   +0.56   +0.29   +0.15   +0.25   -0.51   +0.03
       med   |   26.348 |   30.096 |   25.823 |   23.776 |   23.602 |   25.624 |   25.984 |   26.259 |   25.613 |   25.894 |   25.878 |   25.770
256    16    |   45.466 |   45.269 |   45.341 |   45.375 |   45.334 |   45.332 |   45.325 |   45.524 |   45.360 |   45.332 |   45.367 |   45.475 ||   -0.43   -0.28   -0.20   -0.29   -0.30   -0.31   +0.13   -0.24   -0.30   -0.22   +0.02
       med   |   46.854 |   45.602 |   46.048 |   46.928 |   45.847 |   46.073 |   45.460 |   46.882 |   46.027 |   46.336 |   45.698 |   45.934
512    32    |   84.241 |   84.409 |   84.513 |   84.474 |   84.323 |   84.511 |   84.416 |   84.166 |   84.045 |   84.166 |   84.558 |   84.393 ||   +0.20   +0.32   +0.28   +0.10   +0.32   +0.21   -0.09   -0.23   -0.09   +0.38   +0.18
       med   |   85.389 |   86.026 |   84.736 |   85.847 |   84.864 |   85.953 |   85.369 |   85.416 |   84.453 |   84.932 |   85.403 |   85.990
1024   64    |  161.851 |  161.964 |  162.150 |  161.969 |  161.839 |  161.992 |  161.937 |  161.755 |  161.942 |  161.737 |  162.131 |  161.843 ||   +0.07   +0.18   +0.07   -0.01   +0.09   +0.05   -0.06   +0.06   -0.07   +0.17   -0.01
       med   |  163.463 |  165.858 |  165.954 |  164.283 |  163.032 |  163.619 |  162.981 |  163.972 |  163.259 |  163.346 |  163.080 |  163.915
4096   256   |  628.191 |  626.297 |  628.808 |  628.468 |  628.615 |  628.762 |  628.138 |  628.399 |  628.555 |  628.635 |  628.803 |  628.475 ||   -0.30   +0.10   +0.04   +0.07   +0.09   -0.01   +0.03   +0.06   +0.07   +0.10   +0.05
       med   |  631.527 |  633.430 |  630.163 |  630.839 |  630.415 |  631.424 |  631.364 |  630.855 |  630.114 |  630.226 |  634.996 |  634.923
=== process order2.5
SELFCHECK OK (256 whole-block lengths 1..256 blk x 12 variants; out/Xi/ivec/ret byte-identical, nothing written past 16*nblk)
bytes  blks  |     base |    m4s4h |       t4 |     t4p8 |     g4p8 |       a4 |      g4h |     g4AA |       g4 |   dsp0AA |     dsp0 |   baseAA ||   m4s4h%      t4%    t4p8%    g4p8%      a4%     g4h%    g4AA%      g4%  dsp0AA%    dsp0%  baseAA%
16     1     |   23.262 |   12.571 |   12.342 |   12.312 |   17.842 |   12.756 |   17.917 |   17.817 |   17.825 |   23.307 |   23.287 |   23.316 ||  -45.96  -46.95  -47.07  -23.30  -45.16  -22.98  -23.41  -23.37   +0.19   +0.11   +0.23
       med   |   24.109 |   12.577 |   12.395 |   12.367 |   18.335 |   12.805 |   18.000 |   17.870 |   18.061 |   23.470 |   23.311 |   23.571
32     2     |   23.355 |   13.235 |   13.363 |   13.399 |   17.821 |   13.541 |   17.918 |   17.817 |   17.828 |   23.375 |   23.369 |   23.409 ||  -43.33  -42.78  -42.63  -23.70  -42.02  -23.28  -23.71  -23.67   +0.08   +0.06   +0.23
       med   |   23.729 |   13.318 |   13.433 |   13.424 |   18.162 |   13.564 |   17.999 |   17.867 |   18.060 |   23.423 |   23.574 |   23.463
48     3     |   24.262 |   15.207 |   13.697 |   13.735 |   17.833 |   14.029 |   17.912 |   17.818 |   17.818 |   24.205 |   24.208 |   24.253 ||  -37.32  -43.54  -43.39  -26.50  -42.18  -26.17  -26.56  -26.56   -0.24   -0.22   -0.04
       med   |   25.006 |   15.636 |   15.023 |   14.498 |   18.323 |   14.054 |   17.995 |   17.865 |   18.062 |   24.259 |   24.433 |   24.344
64     4     |   25.128 |   18.604 |   14.871 |   14.855 |   17.820 |   14.864 |   17.918 |   17.821 |   17.827 |   25.124 |   25.130 |   25.132 ||  -25.96  -40.82  -40.88  -29.08  -40.85  -28.69  -29.08  -29.06   -0.01   +0.01   +0.01
       med   |   25.416 |   18.830 |   15.131 |   14.872 |   18.300 |   14.877 |   18.155 |   17.865 |   18.061 |   25.336 |   25.319 |   25.325
80     5     |   25.995 |   26.006 |   26.004 |   26.016 |   25.998 |   25.995 |   25.992 |   25.995 |   25.991 |   25.991 |   26.000 |   25.988 ||   +0.04   +0.04   +0.08   +0.01   +0.00   -0.01   +0.00   -0.02   -0.02   +0.02   -0.03
       med   |   26.772 |   26.058 |   26.485 |   26.666 |   26.225 |   26.769 |   26.068 |   26.710 |   26.074 |   26.315 |   26.221 |   26.248
96     6     |   26.937 |   26.947 |   26.942 |   26.967 |   26.899 |   26.941 |   26.943 |   26.928 |   26.912 |   26.911 |   26.942 |   26.878 ||   +0.04   +0.02   +0.11   -0.14   +0.02   +0.02   -0.03   -0.09   -0.10   +0.02   -0.22
       med   |   27.652 |   26.979 |   27.406 |   27.473 |   26.987 |   27.672 |   26.975 |   27.215 |   26.966 |   27.208 |   27.190 |   27.226
112    7     |   27.461 |   27.452 |   27.410 |   27.505 |   27.507 |   27.433 |   27.481 |   27.512 |   27.507 |   27.512 |   27.492 |   27.457 ||   -0.03   -0.19   +0.16   +0.17   -0.10   +0.07   +0.19   +0.17   +0.19   +0.11   -0.01
       med   |   28.197 |   27.563 |   27.953 |   28.102 |   27.663 |   28.177 |   27.625 |   27.777 |   27.549 |   27.758 |   27.585 |   27.580
128    8     |   25.516 |   29.965 |   25.369 |   22.836 |   22.986 |   25.389 |   25.656 |   25.590 |   25.544 |   25.591 |   25.383 |   25.517 ||  +17.43   -0.58  -10.50   -9.92   -0.50   +0.55   +0.29   +0.11   +0.29   -0.52   +0.00
       med   |   25.875 |   30.069 |   25.634 |   23.417 |   23.288 |   25.630 |   25.938 |   26.198 |   25.611 |   25.952 |   25.630 |   25.811
256    16    |   45.538 |   45.277 |   45.328 |   45.377 |   45.339 |   45.490 |   45.336 |   45.470 |   45.267 |   45.338 |   45.324 |   45.454 ||   -0.57   -0.46   -0.35   -0.44   -0.11   -0.44   -0.15   -0.60   -0.44   -0.47   -0.18
       med   |   47.159 |   46.073 |   45.779 |   46.925 |   45.970 |   46.267 |   45.451 |   47.196 |   45.689 |   46.370 |   45.923 |   46.040
512    32    |   84.365 |   84.298 |   84.467 |   84.526 |   84.052 |   84.533 |   84.398 |   84.404 |   84.312 |   84.401 |   84.508 |   84.406 ||   -0.08   +0.12   +0.19   -0.37   +0.20   +0.04   +0.05   -0.06   +0.04   +0.17   +0.05
       med   |   85.139 |   85.599 |   84.598 |   86.073 |   85.381 |   85.689 |   84.538 |   85.456 |   84.464 |   84.935 |   86.795 |   86.045
1024   64    |  161.858 |  161.996 |  161.897 |  161.608 |  161.728 |  162.061 |  162.014 |  161.941 |  161.865 |  161.834 |  162.137 |  162.056 ||   +0.08   +0.02   -0.15   -0.08   +0.13   +0.10   +0.05   +0.00   -0.01   +0.17   +0.12
       med   |  163.195 |  165.893 |  163.227 |  163.048 |  163.893 |  163.675 |  163.046 |  164.141 |  163.251 |  163.204 |  166.007 |  164.447
4096   256   |  628.227 |  626.970 |  628.716 |  628.683 |  628.624 |  628.759 |  628.230 |  628.639 |  628.570 |  628.219 |  628.566 |  628.562 ||   -0.20   +0.08   +0.07   +0.06   +0.08   +0.00   +0.07   +0.05   -0.00   +0.05   +0.05
       med   |  630.985 |  632.867 |  632.857 |  630.227 |  630.152 |  633.620 |  630.674 |  631.010 |  629.798 |  630.331 |  633.125 |  634.302
=== process order3.1
SELFCHECK OK (256 whole-block lengths 1..256 blk x 12 variants; out/Xi/ivec/ret byte-identical, nothing written past 16*nblk)
bytes  blks  |     base |      g4h |       a4 |   baseAA |     t4p8 |     dsp0 |    m4s4h |       g4 |   dsp0AA |       t4 |     g4p8 |     g4AA ||     g4h%      a4%  baseAA%    t4p8%    dsp0%   m4s4h%      g4%  dsp0AA%      t4%    g4p8%    g4AA%
16     1     |   23.262 |   17.921 |   12.754 |   23.308 |   12.343 |   23.293 |   12.574 |   17.826 |   23.315 |   12.329 |   17.828 |   17.801 ||  -22.96  -45.17   +0.20  -46.94   +0.13  -45.95  -23.37   +0.23  -47.00  -23.36  -23.48
       med   |   23.753 |   18.223 |   12.800 |   23.329 |   12.350 |   25.482 |   12.615 |   17.870 |   23.903 |   12.396 |   18.218 |   17.950
32     2     |   23.373 |   17.917 |   13.532 |   23.404 |   13.414 |   23.357 |   13.242 |   17.819 |   23.380 |   13.379 |   17.817 |   17.804 ||  -23.34  -42.10   +0.13  -42.61   -0.07  -43.35  -23.76   +0.03  -42.76  -23.77  -23.83
       med   |   23.874 |   18.221 |   13.556 |   23.433 |   13.439 |   23.401 |   13.279 |   17.869 |   24.002 |   13.432 |   18.176 |   17.865
48     3     |   24.259 |   17.914 |   14.016 |   24.242 |   13.720 |   24.204 |   15.195 |   17.822 |   24.240 |   13.696 |   17.826 |   17.800 ||  -26.15  -42.22   -0.07  -43.44   -0.23  -37.36  -26.53   -0.08  -43.54  -26.52  -26.62
       med   |   24.713 |   18.074 |   14.158 |   24.302 |   13.742 |   24.496 |   15.383 |   17.876 |   25.000 |   13.720 |   18.200 |   17.823
64     4     |   25.117 |   17.920 |   14.872 |   25.117 |   14.839 |   25.089 |   18.625 |   17.819 |   25.154 |   14.858 |   17.816 |   17.796 ||  -28.66  -40.79   +0.00  -40.92   -0.11  -25.85  -29.06   +0.15  -40.84  -29.07  -29.15
       med   |   25.569 |   18.208 |   15.246 |   25.170 |   14.849 |   25.855 |   18.649 |   17.878 |   25.759 |   14.875 |   18.205 |   17.819
80     5     |   25.991 |   25.990 |   26.002 |   25.985 |   26.009 |   25.990 |   25.999 |   25.996 |   26.002 |   26.007 |   26.004 |   25.992 ||   -0.00   +0.04   -0.02   +0.07   -0.01   +0.03   +0.02   +0.04   +0.06   +0.05   +0.00
       med   |   26.719 |   26.552 |   26.612 |   26.014 |   26.033 |   26.270 |   26.247 |   26.498 |   26.517 |   26.561 |   26.106 |   26.243
96     6     |   26.924 |   26.916 |   26.940 |   26.907 |   26.948 |   26.928 |   26.791 |   26.945 |   26.967 |   26.952 |   26.897 |   26.920 ||   -0.03   +0.06   -0.06   +0.09   +0.02   -0.49   +0.08   +0.16   +0.11   -0.10   -0.02
       med   |   27.513 |   27.407 |   27.587 |   26.964 |   26.979 |   26.973 |   27.061 |   27.397 |   27.610 |   27.476 |   26.994 |   27.230
112    7     |   27.447 |   27.418 |   27.516 |   27.444 |   27.526 |   27.484 |   27.453 |   27.480 |   27.529 |   27.418 |   27.498 |   27.440 ||   -0.11   +0.25   -0.01   +0.29   +0.13   +0.02   +0.12   +0.30   -0.11   +0.18   -0.03
       med   |   27.720 |   27.660 |   28.052 |   27.494 |   27.563 |   27.518 |   27.663 |   27.859 |   28.210 |   28.109 |   27.563 |   27.574
128    8     |   25.526 |   25.599 |   25.598 |   25.359 |   22.962 |   25.417 |   29.939 |   25.588 |   25.576 |   25.605 |   22.989 |   25.386 ||   +0.28   +0.28   -0.66  -10.05   -0.43  +17.29   +0.24   +0.19   +0.31   -9.94   -0.55
       med   |   26.102 |   25.623 |   26.136 |   25.536 |   22.987 |   26.116 |   30.008 |   25.895 |   26.030 |   25.833 |   23.451 |   25.859
256    16    |   45.411 |   45.361 |   45.364 |   45.473 |   45.372 |   45.287 |   45.329 |   45.395 |   45.396 |   45.323 |   45.354 |   45.348 ||   -0.11   -0.10   +0.14   -0.09   -0.27   -0.18   -0.03   -0.03   -0.19   -0.13   -0.14
       med   |   46.309 |   45.946 |   45.928 |   45.730 |   45.762 |   45.458 |   46.220 |   45.692 |   46.750 |   46.270 |   46.480 |   46.406
512    32    |   84.369 |   84.499 |   84.332 |   84.424 |   84.358 |   84.000 |   84.546 |   84.403 |   84.411 |   84.435 |   84.497 |   84.209 ||   +0.15   -0.04   +0.07   -0.01   -0.44   +0.21   +0.04   +0.05   +0.08   +0.15   -0.19
       med   |   85.462 |   85.663 |   85.556 |   85.326 |   85.917 |   85.384 |   86.122 |   85.592 |   86.380 |   85.099 |   85.331 |   84.809
1024   64    |  161.677 |  162.040 |  161.861 |  162.028 |  161.943 |  161.620 |  162.044 |  162.001 |  161.975 |  161.864 |  162.047 |  161.724 ||   +0.22   +0.11   +0.22   +0.16   -0.03   +0.23   +0.20   +0.18   +0.12   +0.23   +0.03
       med   |  163.364 |  163.654 |  164.801 |  163.772 |  164.542 |  163.125 |  164.863 |  164.044 |  165.619 |  162.815 |  163.372 |  163.171
4096   256   |  628.163 |  628.548 |  628.032 |  628.398 |  628.539 |  628.602 |  628.664 |  628.791 |  628.651 |  628.304 |  628.706 |  628.251 ||   +0.06   -0.02   +0.04   +0.06   +0.07   +0.08   +0.10   +0.08   +0.02   +0.09   +0.01
       med   |  631.027 |  631.870 |  630.158 |  632.283 |  630.481 |  630.091 |  631.401 |  630.075 |  631.094 |  629.977 |  631.333 |  630.290
=== process order3.2
SELFCHECK OK (256 whole-block lengths 1..256 blk x 12 variants; out/Xi/ivec/ret byte-identical, nothing written past 16*nblk)
bytes  blks  |     base |      g4h |       a4 |   baseAA |     t4p8 |     dsp0 |    m4s4h |       g4 |   dsp0AA |       t4 |     g4p8 |     g4AA ||     g4h%      a4%  baseAA%    t4p8%    dsp0%   m4s4h%      g4%  dsp0AA%      t4%    g4p8%    g4AA%
16     1     |   23.271 |   17.919 |   12.754 |   23.307 |   12.342 |   23.294 |   12.574 |   17.812 |   23.319 |   12.331 |   17.818 |   17.799 ||  -23.00  -45.19   +0.15  -46.96   +0.10  -45.96  -23.46   +0.21  -47.01  -23.43  -23.51
       med   |   23.886 |   18.223 |   12.803 |   23.395 |   12.351 |   25.672 |   12.614 |   17.868 |   23.901 |   12.396 |   18.117 |   17.825
32     2     |   23.366 |   17.919 |   13.530 |   23.401 |   13.411 |   23.351 |   13.241 |   17.820 |   23.379 |   13.419 |   17.822 |   17.801 ||  -23.31  -42.09   +0.15  -42.61   -0.07  -43.33  -23.74   +0.05  -42.57  -23.73  -23.82
       med   |   24.042 |   18.226 |   13.565 |   23.504 |   13.440 |   23.447 |   13.279 |   17.880 |   23.908 |   13.433 |   18.037 |   17.823
48     3     |   24.251 |   17.910 |   14.001 |   24.246 |   13.719 |   24.189 |   15.197 |   17.825 |   24.214 |   13.696 |   17.818 |   17.799 ||  -26.15  -42.27   -0.02  -43.43   -0.26  -37.34  -26.50   -0.15  -43.53  -26.53  -26.61
       med   |   24.549 |   18.177 |   14.151 |   24.300 |   13.742 |   24.384 |   15.388 |   18.061 |   24.990 |   13.720 |   18.201 |   17.820
64     4     |   25.104 |   17.917 |   14.863 |   25.118 |   14.838 |   25.117 |   18.628 |   17.823 |   25.128 |   14.861 |   17.805 |   17.796 ||  -28.63  -40.79   +0.06  -40.89   +0.05  -25.80  -29.00   +0.10  -40.80  -29.08  -29.11
       med   |   25.736 |   18.216 |   15.246 |   25.179 |   14.850 |   25.643 |   18.766 |   17.906 |   25.713 |   14.875 |   18.093 |   17.820
80     5     |   25.989 |   25.993 |   25.992 |   25.977 |   26.007 |   25.985 |   26.002 |   25.991 |   26.002 |   26.003 |   26.000 |   25.995 ||   +0.01   +0.01   -0.05   +0.07   -0.02   +0.05   +0.01   +0.05   +0.05   +0.04   +0.02
       med   |   26.089 |   26.432 |   26.399 |   26.016 |   26.033 |   26.030 |   26.046 |   26.296 |   26.485 |   26.488 |   26.115 |   26.325
96     6     |   26.897 |   26.929 |   26.930 |   26.897 |   26.948 |   26.886 |   26.776 |   26.922 |   26.946 |   26.911 |   26.901 |   26.927 ||   +0.12   +0.12   -0.00   +0.19   -0.04   -0.45   +0.09   +0.18   +0.05   +0.01   +0.11
       med   |   26.966 |   26.978 |   27.556 |   26.969 |   26.980 |   26.975 |   26.989 |   27.397 |   27.374 |   27.460 |   26.992 |   27.197
112    7     |   27.454 |   27.419 |   27.540 |   27.446 |   27.534 |   27.481 |   27.443 |   27.499 |   27.424 |   27.410 |   27.508 |   27.408 ||   -0.13   +0.31   -0.03   +0.29   +0.10   -0.04   +0.16   -0.11   -0.16   +0.20   -0.17
       med   |   27.894 |   27.969 |   28.278 |   27.491 |   27.564 |   27.528 |   27.546 |   27.856 |   27.946 |   28.050 |   27.554 |   27.731
128    8     |   25.515 |   25.575 |   25.596 |   25.383 |   22.969 |   25.384 |   29.945 |   25.577 |   25.604 |   25.559 |   22.990 |   25.390 ||   +0.24   +0.32   -0.51   -9.98   -0.51  +17.36   +0.24   +0.35   +0.17   -9.90   -0.49
       med   |   25.913 |   25.622 |   26.038 |   25.733 |   23.265 |   26.026 |   30.016 |   25.761 |   26.148 |   25.827 |   23.771 |   25.735
256    16    |   45.561 |   45.343 |   45.354 |   45.456 |   45.387 |   45.296 |   45.345 |   45.440 |   45.557 |   45.337 |   45.360 |   45.435 ||   -0.48   -0.45   -0.23   -0.38   -0.58   -0.47   -0.26   -0.01   -0.49   -0.44   -0.28
       med   |   46.807 |   46.059 |   45.886 |   45.727 |   45.655 |   45.580 |   46.461 |   46.086 |   46.583 |   46.193 |   46.474 |   46.138
512    32    |   84.387 |   84.482 |   84.156 |   84.371 |   84.311 |   84.505 |   84.195 |   84.376 |   84.403 |   84.476 |   84.513 |   84.416 ||   +0.11   -0.27   -0.02   -0.09   +0.14   -0.23   -0.01   +0.02   +0.10   +0.15   +0.03
       med   |   85.565 |   85.810 |   85.485 |   85.426 |   85.868 |   85.323 |   86.425 |   85.481 |   86.503 |   84.983 |   85.490 |   85.350
1024   64    |  161.912 |  162.058 |  161.821 |  162.010 |  161.660 |  161.632 |  162.162 |  161.588 |  162.857 |  161.833 |  161.879 |  161.986 ||   +0.09   -0.06   +0.06   -0.16   -0.17   +0.15   -0.20   +0.58   -0.05   -0.02   +0.05
       med   |  163.712 |  165.677 |  163.292 |  163.133 |  163.471 |  164.930 |  163.961 |  164.602 |  164.696 |  163.293 |  163.236 |  163.305
4096   256   |  628.596 |  628.861 |  628.553 |  628.340 |  627.172 |  628.537 |  628.539 |  628.781 |  628.718 |  628.806 |  628.774 |  628.737 ||   +0.04   -0.01   -0.04   -0.23   -0.01   -0.01   +0.03   +0.02   +0.03   +0.03   +0.02
       med   |  632.106 |  632.429 |  630.115 |  631.520 |  629.889 |  630.476 |  631.717 |  630.117 |  632.235 |  630.113 |  631.573 |  630.731
=== process order3.3
SELFCHECK OK (256 whole-block lengths 1..256 blk x 12 variants; out/Xi/ivec/ret byte-identical, nothing written past 16*nblk)
bytes  blks  |     base |      g4h |       a4 |   baseAA |     t4p8 |     dsp0 |    m4s4h |       g4 |   dsp0AA |       t4 |     g4p8 |     g4AA ||     g4h%      a4%  baseAA%    t4p8%    dsp0%   m4s4h%      g4%  dsp0AA%      t4%    g4p8%    g4AA%
16     1     |   23.257 |   17.918 |   12.752 |   23.313 |   12.305 |   23.302 |   12.574 |   17.828 |   23.317 |   12.322 |   17.844 |   17.802 ||  -22.96  -45.17   +0.24  -47.09   +0.19  -45.93  -23.34   +0.26  -47.02  -23.27  -23.45
       med   |   23.558 |   18.215 |   12.806 |   23.330 |   12.355 |   25.563 |   12.614 |   17.914 |   23.821 |   12.396 |   18.230 |   17.822
32     2     |   23.368 |   17.925 |   13.534 |   23.407 |   13.415 |   23.361 |   13.243 |   17.818 |   23.378 |   13.363 |   17.831 |   17.802 ||  -23.29  -42.08   +0.17  -42.59   -0.03  -43.33  -23.75   +0.05  -42.82  -23.69  -23.82
       med   |   23.871 |   18.220 |   13.558 |   23.433 |   13.440 |   23.469 |   13.280 |   17.882 |   23.897 |   13.432 |   18.201 |   17.822
48     3     |   24.256 |   17.925 |   14.013 |   24.254 |   13.719 |   24.188 |   15.193 |   17.819 |   24.215 |   13.680 |   17.828 |   17.800 ||  -26.10  -42.23   -0.01  -43.44   -0.28  -37.36  -26.54   -0.17  -43.60  -26.50  -26.62
       med   |   24.776 |   18.211 |   14.040 |   24.302 |   13.742 |   24.242 |   15.394 |   18.287 |   24.795 |   13.705 |   18.198 |   17.820
64     4     |   25.128 |   17.915 |   14.869 |   25.110 |   14.839 |   25.118 |   18.628 |   17.815 |   25.121 |   14.859 |   17.816 |   17.798 ||  -28.71  -40.83   -0.07  -40.95   -0.04  -25.87  -29.10   -0.03  -40.87  -29.10  -29.17
       med   |   25.430 |   18.206 |   15.246 |   25.177 |   14.850 |   25.749 |   18.649 |   18.243 |   25.558 |   14.876 |   18.201 |   17.820
80     5     |   25.983 |   25.991 |   26.001 |   25.984 |   26.008 |   25.993 |   25.998 |   25.990 |   25.995 |   26.013 |   26.004 |   25.983 ||   +0.03   +0.07   +0.00   +0.10   +0.04   +0.06   +0.03   +0.05   +0.12   +0.08   +0.00
       med   |   26.541 |   26.482 |   26.548 |   26.014 |   26.034 |   26.019 |   26.172 |   26.285 |   26.712 |   26.564 |   26.098 |   26.286
96     6     |   26.885 |   26.927 |   26.918 |   26.892 |   26.947 |   26.896 |   26.779 |   26.925 |   26.954 |   26.938 |   26.900 |   26.932 ||   +0.16   +0.13   +0.03   +0.23   +0.04   -0.39   +0.15   +0.26   +0.20   +0.06   +0.18
       med   |   26.964 |   27.157 |   27.540 |   26.962 |   26.977 |   26.973 |   27.032 |   26.979 |   27.583 |   27.393 |   27.054 |   27.306
112    7     |   27.456 |   27.392 |   27.530 |   27.454 |   27.535 |   27.493 |   27.485 |   27.501 |   27.522 |   27.501 |   27.504 |   27.424 ||   -0.23   +0.27   -0.01   +0.29   +0.13   +0.11   +0.17   +0.24   +0.17   +0.18   -0.12
       med   |   27.511 |   27.755 |   28.259 |   27.500 |   27.563 |   27.772 |   27.672 |   27.781 |   28.209 |   28.166 |   27.585 |   27.853
128    8     |   25.519 |   25.601 |   25.588 |   25.370 |   22.972 |   25.387 |   29.962 |   25.573 |   25.590 |   25.601 |   22.989 |   25.384 ||   +0.32   +0.27   -0.58   -9.98   -0.52  +17.41   +0.21   +0.28   +0.32   -9.91   -0.53
       med   |   25.731 |   25.624 |   26.012 |   25.539 |   22.992 |   26.021 |   30.157 |   25.660 |   26.073 |   25.832 |   23.209 |   25.625
256    16    |   45.439 |   45.349 |   45.400 |   45.465 |   45.285 |   45.299 |   45.352 |   45.369 |   45.393 |   45.326 |   45.329 |   45.321 ||   -0.20   -0.09   +0.06   -0.34   -0.31   -0.19   -0.15   -0.10   -0.25   -0.24   -0.26
       med   |   46.374 |   46.173 |   45.931 |   45.738 |   45.825 |   45.519 |   46.528 |   45.965 |   46.591 |   46.029 |   46.201 |   46.505
512    32    |   84.379 |   84.483 |   84.388 |   84.399 |   84.329 |   84.526 |   84.128 |   84.365 |   84.386 |   84.478 |   84.086 |   83.908 ||   +0.12   +0.01   +0.02   -0.06   +0.17   -0.30   -0.02   +0.01   +0.12   -0.35   -0.56
       med   |   85.599 |   85.731 |   85.369 |   85.557 |   85.312 |   85.335 |   85.156 |   85.502 |   85.672 |   85.595 |   84.738 |   85.550
1024   64    |  161.565 |  162.033 |  162.795 |  162.014 |  161.869 |  162.107 |  161.882 |  161.645 |  162.045 |  161.696 |  161.929 |  161.727 ||   +0.29   +0.76   +0.28   +0.19   +0.34   +0.20   +0.05   +0.30   +0.08   +0.23   +0.10
       med   |  163.595 |  165.565 |  163.416 |  163.196 |  166.761 |  163.827 |  164.090 |  162.268 |  165.718 |  163.186 |  163.458 |  163.252
4096   256   |  628.128 |  628.332 |  628.404 |  628.442 |  628.605 |  628.831 |  628.670 |  628.726 |  628.112 |  628.149 |  628.848 |  628.365 ||   +0.03   +0.04   +0.05   +0.08   +0.11   +0.09   +0.10   -0.00   +0.00   +0.11   +0.04
       med   |  630.237 |  631.463 |  629.865 |  629.816 |  633.730 |  630.596 |  631.206 |  630.265 |  631.971 |  629.769 |  630.857 |  630.812
=== process order3.4
SELFCHECK OK (256 whole-block lengths 1..256 blk x 12 variants; out/Xi/ivec/ret byte-identical, nothing written past 16*nblk)
bytes  blks  |     base |      g4h |       a4 |   baseAA |     t4p8 |     dsp0 |    m4s4h |       g4 |   dsp0AA |       t4 |     g4p8 |     g4AA ||     g4h%      a4%  baseAA%    t4p8%    dsp0%   m4s4h%      g4%  dsp0AA%      t4%    g4p8%    g4AA%
16     1     |   23.257 |   17.921 |   12.753 |   23.308 |   12.340 |   23.290 |   12.575 |   17.820 |   23.313 |   12.327 |   17.822 |   17.803 ||  -22.94  -45.16   +0.22  -46.94   +0.14  -45.93  -23.38   +0.24  -47.00  -23.37  -23.45
       med   |   24.095 |   18.266 |   12.805 |   23.330 |   12.351 |   25.519 |   12.614 |   17.878 |   23.759 |   12.395 |   18.263 |   17.825
32     2     |   23.394 |   17.919 |   13.535 |   23.401 |   13.409 |   23.353 |   13.241 |   17.823 |   23.364 |   13.419 |   17.829 |   17.801 ||  -23.40  -42.14   +0.03  -42.68   -0.17  -43.40  -23.81   -0.13  -42.64  -23.79  -23.91
       med   |   24.201 |   18.130 |   13.567 |   23.431 |   13.438 |   23.409 |   13.278 |   17.871 |   23.806 |   13.433 |   18.244 |   17.821
48     3     |   24.286 |   17.912 |   14.007 |   24.230 |   13.716 |   24.200 |   15.195 |   17.818 |   24.216 |   13.696 |   17.815 |   17.800 ||  -26.25  -42.32   -0.23  -43.52   -0.35  -37.43  -26.63   -0.29  -43.61  -26.64  -26.71
       med   |   25.070 |   18.061 |   14.036 |   24.303 |   13.743 |   24.482 |   15.398 |   17.874 |   24.797 |   13.705 |   18.212 |   17.821
64     4     |   25.144 |   17.914 |   14.862 |   25.113 |   14.838 |   25.123 |   18.617 |   17.818 |   25.123 |   14.862 |   17.833 |   17.800 ||  -28.76  -40.89   -0.12  -40.99   -0.08  -25.96  -29.14   -0.08  -40.89  -29.08  -29.21
       med   |   25.865 |   18.197 |   15.238 |   25.173 |   14.849 |   25.368 |   18.648 |   17.880 |   25.561 |   14.875 |   18.208 |   17.820
80     5     |   25.990 |   25.996 |   26.000 |   25.986 |   26.005 |   25.989 |   25.994 |   25.987 |   25.994 |   25.996 |   26.003 |   25.989 ||   +0.02   +0.04   -0.02   +0.06   -0.00   +0.02   -0.01   +0.02   +0.02   +0.05   -0.00
       med   |   26.667 |   26.265 |   26.447 |   26.013 |   26.037 |   26.052 |   26.287 |   26.335 |   26.455 |   26.452 |   26.128 |   26.437
96     6     |   26.936 |   26.907 |   26.933 |   26.871 |   26.918 |   26.939 |   26.783 |   26.925 |   26.924 |   26.957 |   26.906 |   26.929 ||   -0.11   -0.01   -0.24   -0.07   +0.01   -0.57   -0.04   -0.04   +0.08   -0.11   -0.03
       med   |   27.452 |   27.059 |   27.587 |   26.962 |   26.982 |   26.972 |   27.238 |   27.158 |   27.539 |   27.489 |   27.009 |   27.282
112    7     |   27.461 |   27.424 |   27.519 |   27.445 |   27.532 |   27.485 |   27.439 |   27.505 |   27.431 |   27.503 |   27.508 |   27.421 ||   -0.14   +0.21   -0.06   +0.26   +0.08   -0.08   +0.16   -0.11   +0.15   +0.17   -0.15
       med   |   28.163 |   27.963 |   28.037 |   27.512 |   27.563 |   27.519 |   27.583 |   27.877 |   28.183 |   28.147 |   27.562 |   27.518
128    8     |   25.510 |   25.603 |   25.588 |   25.375 |   22.971 |   25.387 |   29.952 |   25.586 |   25.598 |   25.600 |   22.990 |   25.388 ||   +0.36   +0.31   -0.53   -9.95   -0.48  +17.41   +0.30   +0.34   +0.35   -9.88   -0.48
       med   |   25.702 |   25.622 |   26.007 |   25.713 |   22.987 |   26.121 |   30.018 |   25.776 |   26.062 |   25.832 |   24.017 |   25.855
256    16    |   45.475 |   45.322 |   45.353 |   45.485 |   45.395 |   45.312 |   45.350 |   45.425 |   45.582 |   45.337 |   45.316 |   45.440 ||   -0.34   -0.27   +0.02   -0.17   -0.36   -0.27   -0.11   +0.24   -0.30   -0.35   -0.08
       med   |   46.925 |   45.977 |   45.931 |   45.780 |   45.828 |   45.453 |   46.242 |   45.889 |   46.734 |   46.444 |   45.942 |   46.085
512    32    |   84.353 |   84.457 |   84.379 |   84.387 |   84.384 |   84.538 |   84.186 |   84.376 |   84.387 |   84.448 |   84.527 |   84.474 ||   +0.12   +0.03   +0.04   +0.04   +0.22   -0.20   +0.03   +0.04   +0.11   +0.21   +0.14
       med   |   85.370 |   85.683 |   85.066 |   85.633 |   86.008 |   85.416 |   86.404 |   85.453 |   85.863 |   84.746 |   85.533 |   85.786
1024   64    |  161.804 |  162.081 |  161.837 |  161.811 |  161.839 |  161.913 |  162.241 |  161.972 |  161.874 |  161.911 |  162.221 |  161.905 ||   +0.17   +0.02   +0.00   +0.02   +0.07   +0.27   +0.10   +0.04   +0.07   +0.26   +0.06
       med   |  163.075 |  164.386 |  163.466 |  162.409 |  164.410 |  163.030 |  165.104 |  164.346 |  165.675 |  163.149 |  163.863 |  165.284
4096   256   |  628.111 |  628.591 |  628.630 |  628.606 |  628.376 |  628.698 |  628.708 |  628.572 |  628.679 |  628.550 |  628.793 |  628.443 ||   +0.08   +0.08   +0.08   +0.04   +0.09   +0.10   +0.07   +0.09   +0.07   +0.11   +0.05
       med   |  631.222 |  632.858 |  631.673 |  630.136 |  632.712 |  630.370 |  632.217 |  630.519 |  632.481 |  630.078 |  631.300 |  630.590
=== process order3.5
SELFCHECK OK (256 whole-block lengths 1..256 blk x 12 variants; out/Xi/ivec/ret byte-identical, nothing written past 16*nblk)
bytes  blks  |     base |      g4h |       a4 |   baseAA |     t4p8 |     dsp0 |    m4s4h |       g4 |   dsp0AA |       t4 |     g4p8 |     g4AA ||     g4h%      a4%  baseAA%    t4p8%    dsp0%   m4s4h%      g4%  dsp0AA%      t4%    g4p8%    g4AA%
16     1     |   23.317 |   17.922 |   12.752 |   23.310 |   12.342 |   23.293 |   12.574 |   17.821 |   23.326 |   12.374 |   17.835 |   17.803 ||  -23.14  -45.31   -0.03  -47.07   -0.10  -46.07  -23.57   +0.04  -46.93  -23.51  -23.65
       med   |   24.080 |   18.252 |   12.799 |   23.330 |   12.351 |   25.466 |   12.613 |   17.997 |   23.898 |   12.395 |   18.296 |   17.948
32     2     |   23.411 |   17.917 |   13.533 |   23.398 |   13.410 |   23.371 |   13.243 |   17.820 |   23.379 |   13.420 |   17.825 |   17.804 ||  -23.47  -42.20   -0.06  -42.72   -0.17  -43.43  -23.88   -0.14  -42.68  -23.86  -23.95
       med   |   24.220 |   18.234 |   13.556 |   23.434 |   13.438 |   23.600 |   13.280 |   18.059 |   23.959 |   13.432 |   18.240 |   17.862
48     3     |   24.246 |   17.915 |   14.002 |   24.241 |   13.717 |   24.200 |   15.195 |   17.822 |   24.221 |   13.682 |   17.829 |   17.792 ||  -26.11  -42.25   -0.02  -43.43   -0.19  -37.33  -26.49   -0.11  -43.57  -26.47  -26.62
       med   |   25.046 |   18.208 |   14.201 |   24.301 |   13.742 |   24.244 |   15.388 |   18.043 |   25.029 |   13.704 |   18.208 |   17.825
64     4     |   25.156 |   17.917 |   14.869 |   25.122 |   14.837 |   25.115 |   18.622 |   17.826 |   25.118 |   14.863 |   17.828 |   17.801 ||  -28.78  -40.90   -0.14  -41.02   -0.16  -25.97  -29.14   -0.15  -40.92  -29.13  -29.24
       med   |   25.892 |   18.204 |   15.246 |   25.175 |   14.850 |   25.759 |   18.648 |   17.886 |   25.639 |   14.876 |   18.250 |   17.820
80     5     |   25.987 |   25.983 |   26.001 |   25.989 |   26.007 |   25.993 |   25.998 |   25.994 |   25.997 |   26.006 |   25.999 |   25.992 ||   -0.01   +0.06   +0.01   +0.08   +0.03   +0.04   +0.03   +0.04   +0.07   +0.05   +0.02
       med   |   26.597 |   26.283 |   26.640 |   26.023 |   26.132 |   26.019 |   26.222 |   26.239 |   26.671 |   26.635 |   26.118 |   26.420
96     6     |   26.930 |   26.946 |   26.943 |   26.912 |   26.930 |   26.913 |   26.783 |   26.928 |   26.946 |   26.920 |   26.901 |   26.931 ||   +0.06   +0.05   -0.07   -0.00   -0.07   -0.55   -0.01   +0.06   -0.04   -0.11   +0.00
       med   |   27.187 |   27.216 |   27.595 |   26.963 |   26.981 |   26.975 |   27.078 |   27.183 |   27.418 |   27.420 |   27.059 |   27.242
112    7     |   27.449 |   27.395 |   27.529 |   27.446 |   27.519 |   27.483 |   27.436 |   27.498 |   27.502 |   27.423 |   27.512 |   27.423 ||   -0.20   +0.29   -0.01   +0.26   +0.13   -0.05   +0.18   +0.19   -0.09   +0.23   -0.10
       med   |   28.105 |   27.530 |   27.937 |   27.492 |   27.568 |   27.520 |   27.605 |   27.975 |   28.036 |   28.163 |   27.547 |   27.869
128    8     |   25.520 |   25.576 |   25.594 |   25.367 |   22.971 |   25.394 |   29.937 |   25.591 |   25.600 |   25.608 |   22.991 |   25.384 ||   +0.22   +0.29   -0.60   -9.99   -0.49  +17.31   +0.28   +0.31   +0.35   -9.91   -0.53
       med   |   26.077 |   25.623 |   26.076 |   25.541 |   22.987 |   26.091 |   30.006 |   25.688 |   26.126 |   25.960 |   23.552 |   25.627
256    16    |   45.449 |   45.326 |   45.357 |   45.405 |   45.295 |   45.291 |   45.344 |   45.467 |   45.533 |   45.339 |   45.343 |   45.451 ||   -0.27   -0.20   -0.10   -0.34   -0.35   -0.23   +0.04   +0.19   -0.24   -0.23   +0.01
       med   |   46.601 |   45.905 |   45.904 |   45.764 |   45.922 |   45.381 |   46.293 |   45.830 |   46.592 |   46.444 |   45.991 |   46.014
512    32    |   84.334 |   84.435 |   84.265 |   84.400 |   83.873 |   84.215 |   84.526 |   84.197 |   84.388 |   84.420 |   84.511 |   84.441 ||   +0.12   -0.08   +0.08   -0.55   -0.14   +0.23   -0.16   +0.06   +0.10   +0.21   +0.13
       med   |   85.546 |   85.764 |   84.497 |   85.335 |   85.937 |   85.307 |   85.845 |   85.272 |   85.716 |   85.324 |   85.491 |   85.443
1024   64    |  161.126 |  162.033 |  161.694 |  162.019 |  161.975 |  162.130 |  162.036 |  161.907 |  161.804 |  161.968 |  161.947 |  161.867 ||   +0.56   +0.35   +0.55   +0.53   +0.62   +0.56   +0.48   +0.42   +0.52   +0.51   +0.46
       med   |  163.149 |  165.661 |  164.845 |  163.007 |  164.883 |  163.673 |  164.088 |  162.141 |  165.590 |  162.346 |  163.690 |  163.300
4096   256   |  628.245 |  628.687 |  628.529 |  628.400 |  628.591 |  628.747 |  628.723 |  628.653 |  628.580 |  628.282 |  628.852 |  628.575 ||   +0.07   +0.05   +0.02   +0.06   +0.08   +0.08   +0.06   +0.05   +0.01   +0.10   +0.05
       med   |  631.340 |  631.659 |  630.142 |  629.960 |  632.497 |  630.184 |  631.420 |  630.239 |  632.562 |  630.124 |  630.760 |  629.944
