### AA-base : base base base base
mix  |   base_0 |   base_1 |   base_2 |   base_3 ||  base_1%  base_2%  base_3%
A    |   28.480 |   28.343 |   28.428 |   28.295 ||   -0.48   -0.18   -0.65
B    |   61.948 |   61.827 |   61.966 |   61.844 ||   -0.20   +0.03   -0.17
C    |   37.834 |   37.990 |   37.875 |   37.997 ||   +0.41   +0.11   +0.43
D    |   23.921 |   23.941 |   23.897 |   23.918 ||   +0.08   -0.10   -0.01
E    |   25.817 |   25.788 |   25.826 |   25.782 ||   -0.11   +0.03   -0.14
F    |   27.101 |   27.163 |   27.159 |   27.141 ||   +0.23   +0.21   +0.15
R1   |   27.197 |   27.205 |   27.210 |   27.288 ||   +0.03   +0.05   +0.34
R2   |   26.810 |   26.792 |   26.825 |   26.789 ||   -0.07   +0.06   -0.08
R3   |   26.549 |   26.508 |   26.538 |   26.526 ||   -0.16   -0.04   -0.09
R4   |   26.383 |   26.365 |   26.370 |   26.366 ||   -0.07   -0.05   -0.06
R6   |   26.108 |   26.113 |   26.121 |   26.118 ||   +0.02   +0.05   +0.04
mix  |   base_0 |   base_1 |   base_2 |   base_3 ||  base_1%  base_2%  base_3%
A    |   28.529 |   28.347 |   28.482 |   28.353 ||   -0.64   -0.16   -0.62
B    |   61.927 |   61.830 |   61.955 |   61.807 ||   -0.16   +0.05   -0.19
C    |   37.821 |   38.091 |   37.847 |   37.980 ||   +0.72   +0.07   +0.42
D    |   23.922 |   23.939 |   23.903 |   23.911 ||   +0.07   -0.08   -0.05
E    |   25.832 |   25.791 |   25.813 |   25.766 ||   -0.16   -0.07   -0.26
F    |   27.141 |   27.153 |   27.146 |   27.119 ||   +0.04   +0.02   -0.08
R1   |   27.190 |   27.247 |   27.207 |   27.280 ||   +0.21   +0.06   +0.33
R2   |   26.806 |   26.798 |   26.814 |   26.789 ||   -0.03   +0.03   -0.06
R3   |   26.552 |   26.515 |   26.546 |   26.532 ||   -0.14   -0.02   -0.07
R4   |   26.389 |   26.345 |   26.368 |   26.368 ||   -0.17   -0.08   -0.08
R6   |   26.114 |   26.104 |   26.125 |   26.118 ||   -0.04   +0.04   +0.02
### AA-g4 : g4 g4 g4 g4
mix  |     g4_0 |     g4_1 |     g4_2 |     g4_3 ||    g4_1%    g4_2%    g4_3%
A    |   24.577 |   24.592 |   24.655 |   24.713 ||   +0.06   +0.31   +0.55
B    |   59.447 |   59.395 |   59.486 |   59.401 ||   -0.09   +0.07   -0.08
C    |   36.080 |   35.998 |   36.224 |   36.105 ||   -0.23   +0.40   +0.07
D    |   17.870 |   17.874 |   17.863 |   17.878 ||   +0.02   -0.04   +0.05
E    |   17.866 |   17.879 |   17.860 |   17.872 ||   +0.07   -0.03   +0.03
F    |   23.891 |   23.902 |   23.886 |   23.871 ||   +0.05   -0.02   -0.08
R1   |   27.243 |   27.211 |   27.182 |   27.199 ||   -0.12   -0.22   -0.16
R2   |   26.780 |   26.764 |   26.736 |   26.772 ||   -0.06   -0.16   -0.03
R3   |   26.461 |   26.513 |   26.472 |   26.503 ||   +0.19   +0.04   +0.16
R4   |   26.329 |   26.353 |   26.294 |   26.335 ||   +0.09   -0.13   +0.02
R6   |   26.085 |   26.119 |   26.079 |   26.106 ||   +0.13   -0.02   +0.08
mix  |     g4_0 |     g4_1 |     g4_2 |     g4_3 ||    g4_1%    g4_2%    g4_3%
A    |   24.624 |   24.626 |   24.654 |   24.673 ||   +0.01   +0.12   +0.20
B    |   59.435 |   59.413 |   59.487 |   59.355 ||   -0.04   +0.09   -0.13
C    |   36.055 |   36.032 |   36.234 |   36.229 ||   -0.06   +0.50   +0.48
D    |   17.876 |   17.874 |   17.863 |   17.874 ||   -0.01   -0.07   -0.01
E    |   17.864 |   17.883 |   17.866 |   17.882 ||   +0.11   +0.01   +0.10
F    |   23.904 |   23.909 |   23.884 |   23.891 ||   +0.02   -0.08   -0.05
R1   |   27.281 |   27.284 |   27.157 |   27.200 ||   +0.01   -0.45   -0.30
R2   |   26.773 |   26.778 |   26.737 |   26.766 ||   +0.02   -0.14   -0.03
R3   |   26.480 |   26.504 |   26.466 |   26.490 ||   +0.09   -0.05   +0.04
R4   |   26.327 |   26.370 |   26.301 |   26.351 ||   +0.16   -0.10   +0.09
R6   |   26.091 |   26.120 |   26.081 |   26.105 ||   +0.11   -0.04   +0.05
### AA-t4 : t4 t4 t4 t4
mix  |     t4_0 |     t4_1 |     t4_2 |     t4_3 ||    t4_1%    t4_2%    t4_3%
A    |   23.674 |   24.049 |   23.989 |   23.967 ||   +1.58   +1.33   +1.24
B    |   58.849 |   58.912 |   58.788 |   58.884 ||   +0.11   -0.10   +0.06
C    |   35.649 |   35.736 |   35.641 |   35.891 ||   +0.25   -0.02   +0.68
D    |   12.901 |   12.908 |   12.903 |   12.878 ||   +0.05   +0.02   -0.18
E    |   14.804 |   14.822 |   14.832 |   14.821 ||   +0.12   +0.19   +0.11
F    |   22.298 |   22.478 |   22.352 |   22.247 ||   +0.81   +0.24   -0.23
R1   |   27.196 |   27.189 |   27.154 |   27.216 ||   -0.03   -0.15   +0.07
R2   |   26.753 |   26.801 |   26.712 |   26.790 ||   +0.18   -0.15   +0.14
R3   |   26.462 |   26.479 |   26.461 |   26.526 ||   +0.07   -0.00   +0.24
R4   |   26.311 |   26.297 |   26.303 |   26.339 ||   -0.05   -0.03   +0.11
R6   |   26.078 |   26.080 |   26.092 |   26.108 ||   +0.01   +0.05   +0.11
mix  |     t4_0 |     t4_1 |     t4_2 |     t4_3 ||    t4_1%    t4_2%    t4_3%
A    |   23.947 |   24.058 |   24.013 |   23.977 ||   +0.46   +0.27   +0.12
B    |   58.861 |   58.869 |   58.725 |   58.874 ||   +0.01   -0.23   +0.02
C    |   35.615 |   35.678 |   35.677 |   35.815 ||   +0.18   +0.17   +0.56
D    |   12.902 |   12.904 |   12.901 |   12.873 ||   +0.02   -0.00   -0.22
E    |   14.804 |   14.803 |   14.813 |   14.836 ||   -0.01   +0.06   +0.21
F    |   22.317 |   22.485 |   22.319 |   22.216 ||   +0.76   +0.01   -0.45
R1   |   27.184 |   27.248 |   27.152 |   27.223 ||   +0.23   -0.12   +0.14
R2   |   26.736 |   26.778 |   26.737 |   26.815 ||   +0.16   +0.01   +0.30
R3   |   26.472 |   26.466 |   26.460 |   26.518 ||   -0.02   -0.05   +0.17
R4   |   26.311 |   26.301 |   26.294 |   26.349 ||   -0.04   -0.07   +0.14
R6   |   26.078 |   26.073 |   26.089 |   26.120 ||   -0.02   +0.04   +0.16
### p-g4-t4 : g4 t4 g4 t4
mix  |     g4_0 |     t4_1 |     g4_2 |     t4_3 ||    t4_1%    g4_2%    t4_3%
A    |   24.586 |   23.827 |   24.660 |   24.078 ||   -3.08   +0.30   -2.06
B    |   59.432 |   58.741 |   59.477 |   58.655 ||   -1.16   +0.08   -1.31
C    |   36.005 |   35.562 |   36.123 |   35.806 ||   -1.23   +0.33   -0.55
D    |   17.868 |   12.905 |   17.874 |   12.903 ||  -27.78   +0.03  -27.79
E    |   17.876 |   14.340 |   17.869 |   14.265 ||  -19.78   -0.04  -20.20
F    |   23.881 |   22.236 |   23.871 |   22.513 ||   -6.89   -0.04   -5.73
R1   |   27.188 |   27.204 |   27.293 |   27.298 ||   +0.06   +0.39   +0.41
R2   |   26.769 |   26.799 |   26.852 |   26.836 ||   +0.11   +0.31   +0.25
R3   |   26.475 |   26.518 |   26.516 |   26.544 ||   +0.16   +0.16   +0.26
R4   |   26.319 |   26.354 |   26.302 |   26.312 ||   +0.13   -0.07   -0.03
R6   |   26.093 |   26.120 |   26.145 |   26.152 ||   +0.11   +0.20   +0.23
mix  |     g4_0 |     t4_1 |     g4_2 |     t4_3 ||    t4_1%    g4_2%    t4_3%
A    |   24.639 |   23.858 |   24.680 |   24.047 ||   -3.17   +0.17   -2.40
B    |   59.366 |   58.741 |   59.468 |   58.723 ||   -1.05   +0.17   -1.08
C    |   36.068 |   35.510 |   36.108 |   35.806 ||   -1.55   +0.11   -0.73
D    |   17.874 |   12.896 |   17.864 |   12.904 ||  -27.85   -0.06  -27.81
E    |   17.866 |   14.635 |   17.869 |   14.483 ||  -18.08   +0.02  -18.93
F    |   23.885 |   22.265 |   23.887 |   22.527 ||   -6.78   +0.01   -5.68
R1   |   27.203 |   27.204 |   27.305 |   27.287 ||   +0.00   +0.38   +0.31
R2   |   26.780 |   26.802 |   26.896 |   26.853 ||   +0.08   +0.43   +0.27
R3   |   26.484 |   26.521 |   26.479 |   26.558 ||   +0.14   -0.02   +0.28
R4   |   26.322 |   26.368 |   26.396 |   26.380 ||   +0.18   +0.28   +0.22
R6   |   26.093 |   26.108 |   26.135 |   26.115 ||   +0.06   +0.16   +0.08
### p-t4-g4 : t4 g4 t4 g4
mix  |     t4_0 |     g4_1 |     t4_2 |     g4_3 ||    g4_1%    t4_2%    g4_3%
A    |   23.942 |   24.573 |   23.955 |   24.609 ||   +2.63   +0.05   +2.79
B    |   58.892 |   59.415 |   58.860 |   59.420 ||   +0.89   -0.06   +0.90
C    |   35.637 |   36.146 |   35.670 |   36.208 ||   +1.43   +0.09   +1.60
D    |   12.896 |   17.864 |   12.903 |   17.865 ||  +38.52   +0.05  +38.52
E    |   14.277 |   17.878 |   14.266 |   17.870 ||  +25.22   -0.08  +25.16
F    |   22.283 |   23.903 |   22.441 |   23.890 ||   +7.27   +0.71   +7.21
R1   |   27.200 |   27.269 |   27.323 |   27.420 ||   +0.25   +0.45   +0.81
R2   |   26.743 |   26.851 |   26.894 |   26.789 ||   +0.41   +0.57   +0.17
R3   |   26.479 |   26.568 |   26.583 |   26.720 ||   +0.34   +0.39   +0.91
R4   |   26.317 |   26.307 |   26.396 |   26.342 ||   -0.04   +0.30   +0.10
R6   |   26.077 |   26.132 |   26.150 |   26.102 ||   +0.21   +0.28   +0.10
mix  |     t4_0 |     g4_1 |     t4_2 |     g4_3 ||    g4_1%    t4_2%    g4_3%
A    |   23.709 |   24.647 |   23.975 |   24.640 ||   +3.96   +1.12   +3.93
B    |   58.873 |   59.423 |   58.861 |   59.433 ||   +0.93   -0.02   +0.95
C    |   35.626 |   36.202 |   35.637 |   36.164 ||   +1.62   +0.03   +1.51
D    |   12.897 |   17.873 |   12.901 |   17.875 ||  +38.59   +0.03  +38.60
E    |   14.282 |   17.873 |   14.656 |   17.877 ||  +25.14   +2.62  +25.17
F    |   22.285 |   23.886 |   22.446 |   23.906 ||   +7.19   +0.72   +7.27
R1   |   27.182 |   27.256 |   27.324 |   27.618 ||   +0.27   +0.52   +1.61
R2   |   26.744 |   26.824 |   26.786 |   26.745 ||   +0.30   +0.16   +0.01
R3   |   26.480 |   26.537 |   26.549 |   26.489 ||   +0.22   +0.26   +0.03
R4   |   26.318 |   26.382 |   26.357 |   26.628 ||   +0.24   +0.15   +1.17
R6   |   26.085 |   26.144 |   26.074 |   26.359 ||   +0.22   -0.05   +1.05
### p-g4-a4 : g4 a4 g4 a4
mix  |     g4_0 |     a4_1 |     g4_2 |     a4_3 ||    a4_1%    g4_2%    a4_3%
A    |   24.612 |   23.651 |   24.585 |   23.788 ||   -3.91   -0.11   -3.35
B    |   59.384 |   59.750 |   59.359 |   59.786 ||   +0.62   -0.04   +0.68
C    |   36.229 |   36.281 |   36.193 |   36.310 ||   +0.15   -0.10   +0.22
D    |   17.869 |   13.552 |   17.879 |   13.564 ||  -24.16   +0.05  -24.09
E    |   17.869 |   15.527 |   17.865 |   15.510 ||  -13.11   -0.02  -13.20
F    |   23.881 |   23.006 |   23.880 |   23.102 ||   -3.67   -0.01   -3.26
R1   |   27.205 |   27.200 |   27.181 |   27.198 ||   -0.02   -0.09   -0.02
R2   |   26.751 |   26.761 |   26.734 |   26.740 ||   +0.04   -0.07   -0.04
R3   |   26.461 |   26.521 |   26.449 |   26.459 ||   +0.22   -0.05   -0.01
R4   |   26.307 |   26.354 |   26.296 |   26.303 ||   +0.18   -0.04   -0.02
R6   |   26.085 |   26.118 |   26.086 |   26.087 ||   +0.13   +0.00   +0.01
mix  |     g4_0 |     a4_1 |     g4_2 |     a4_3 ||    a4_1%    g4_2%    a4_3%
A    |   24.657 |   23.558 |   24.578 |   23.528 ||   -4.46   -0.32   -4.58
B    |   59.408 |   59.744 |   59.384 |   59.789 ||   +0.57   -0.04   +0.64
C    |   36.205 |   36.144 |   36.065 |   36.281 ||   -0.17   -0.39   +0.21
D    |   17.875 |   13.562 |   17.859 |   13.557 ||  -24.13   -0.09  -24.16
E    |   17.870 |   15.542 |   17.872 |   15.507 ||  -13.03   +0.01  -13.22
F    |   23.882 |   22.947 |   23.876 |   23.067 ||   -3.92   -0.03   -3.41
R1   |   27.213 |   27.213 |   27.187 |   27.176 ||   -0.00   -0.10   -0.14
R2   |   26.767 |   26.750 |   26.725 |   26.743 ||   -0.06   -0.16   -0.09
R3   |   26.477 |   26.522 |   26.458 |   26.490 ||   +0.17   -0.07   +0.05
R4   |   26.310 |   26.362 |   26.313 |   26.322 ||   +0.20   +0.01   +0.05
R6   |   26.086 |   26.112 |   26.074 |   26.081 ||   +0.10   -0.04   -0.02
### p-a4-g4 : a4 g4 a4 g4
mix  |     a4_0 |     g4_1 |     a4_2 |     g4_3 ||    g4_1%    a4_2%    g4_3%
A    |   23.513 |   24.586 |   23.393 |   24.711 ||   +4.56   -0.51   +5.10
B    |   59.830 |   59.366 |   59.839 |   59.534 ||   -0.78   +0.01   -0.50
C    |   36.417 |   36.097 |   36.208 |   36.275 ||   -0.88   -0.57   -0.39
D    |   13.641 |   17.871 |   13.598 |   17.870 ||  +31.01   -0.31  +31.00
E    |   15.524 |   17.872 |   15.531 |   17.868 ||  +15.12   +0.04  +15.10
F    |   23.047 |   23.878 |   22.958 |   23.886 ||   +3.60   -0.39   +3.64
R1   |   27.207 |   27.171 |   27.177 |   27.179 ||   -0.13   -0.11   -0.10
R2   |   26.742 |   26.734 |   26.727 |   26.707 ||   -0.03   -0.05   -0.13
R3   |   26.464 |   26.481 |   26.441 |   26.456 ||   +0.06   -0.09   -0.03
R4   |   26.316 |   26.313 |   26.300 |   26.295 ||   -0.01   -0.06   -0.08
R6   |   26.085 |   26.094 |   26.076 |   26.072 ||   +0.04   -0.03   -0.05
mix  |     a4_0 |     g4_1 |     a4_2 |     g4_3 ||    g4_1%    a4_2%    g4_3%
A    |   23.569 |   24.631 |   23.409 |   24.678 ||   +4.51   -0.68   +4.71
B    |   59.794 |   59.367 |   59.766 |   59.438 ||   -0.71   -0.05   -0.60
C    |   36.364 |   36.148 |   36.239 |   36.258 ||   -0.59   -0.34   -0.29
D    |   13.648 |   17.873 |   13.604 |   17.871 ||  +30.95   -0.32  +30.94
E    |   15.506 |   17.872 |   15.515 |   17.865 ||  +15.26   +0.06  +15.21
F    |   23.044 |   23.872 |   22.955 |   23.885 ||   +3.59   -0.39   +3.65
R1   |   27.198 |   27.158 |   27.176 |   27.207 ||   -0.14   -0.08   +0.04
R2   |   26.745 |   26.726 |   26.708 |   26.709 ||   -0.07   -0.14   -0.13
R3   |   26.475 |   26.474 |   26.439 |   26.440 ||   -0.01   -0.14   -0.13
R4   |   26.321 |   26.316 |   26.301 |   26.303 ||   -0.02   -0.08   -0.07
R6   |   26.086 |   26.098 |   26.080 |   26.074 ||   +0.05   -0.02   -0.05
### p-a4-t4 : a4 t4 a4 t4
mix  |     a4_0 |     t4_1 |     a4_2 |     t4_3 ||    t4_1%    a4_2%    t4_3%
A    |   23.564 |   23.728 |   24.084 |   23.953 ||   +0.70   +2.21   +1.65
B    |   59.820 |   58.678 |   59.790 |   58.827 ||   -1.91   -0.05   -1.66
C    |   36.412 |   35.737 |   36.171 |   35.632 ||   -1.85   -0.66   -2.14
D    |   13.650 |   12.893 |   13.559 |   12.904 ||   -5.54   -0.66   -5.46
E    |   15.544 |   14.604 |   15.582 |   14.406 ||   -6.05   +0.24   -7.32
F    |   23.051 |   22.277 |   23.257 |   22.402 ||   -3.35   +0.90   -2.81
R1   |   27.175 |   27.177 |   27.247 |   27.270 ||   +0.01   +0.26   +0.35
R2   |   26.746 |   26.757 |   26.788 |   26.847 ||   +0.04   +0.16   +0.38
R3   |   26.468 |   26.467 |   26.511 |   26.533 ||   -0.00   +0.16   +0.25
R4   |   26.309 |   26.319 |   26.363 |   26.376 ||   +0.04   +0.21   +0.26
R6   |   26.085 |   26.095 |   26.125 |   26.125 ||   +0.04   +0.15   +0.15
mix  |     a4_0 |     t4_1 |     a4_2 |     t4_3 ||    t4_1%    a4_2%    t4_3%
A    |   23.691 |   23.866 |   23.620 |   23.995 ||   +0.74   -0.30   +1.28
B    |   59.811 |   58.703 |   59.761 |   58.871 ||   -1.85   -0.08   -1.57
C    |   36.410 |   35.726 |   36.121 |   35.612 ||   -1.88   -0.79   -2.19
D    |   13.641 |   12.899 |   13.557 |   12.902 ||   -5.44   -0.62   -5.42
E    |   15.558 |   14.723 |   15.573 |   14.338 ||   -5.37   +0.10   -7.85
F    |   23.033 |   22.284 |   23.284 |   22.407 ||   -3.25   +1.09   -2.72
R1   |   27.186 |   27.170 |   27.203 |   27.234 ||   -0.06   +0.06   +0.18
R2   |   26.745 |   26.716 |   26.806 |   26.838 ||   -0.11   +0.23   +0.35
R3   |   26.464 |   26.464 |   26.515 |   26.553 ||   -0.00   +0.19   +0.34
R4   |   26.312 |   26.310 |   26.365 |   26.280 ||   -0.01   +0.20   -0.12
R6   |   26.078 |   26.090 |   26.128 |   26.127 ||   +0.04   +0.19   +0.19
### p-t4-a4 : t4 a4 t4 a4
mix  |     t4_0 |     a4_1 |     t4_2 |     a4_3 ||    a4_1%    t4_2%    a4_3%
A    |   23.919 |   24.731 |   24.076 |   23.623 ||   +3.39   +0.65   -1.24
B    |   58.811 |   59.780 |   58.817 |   59.825 ||   +1.65   +0.01   +1.72
C    |   35.689 |   36.336 |   35.591 |   36.320 ||   +1.81   -0.27   +1.77
D    |   12.898 |   13.588 |   12.890 |   13.627 ||   +5.35   -0.06   +5.65
E    |   14.345 |   15.509 |   14.269 |   15.539 ||   +8.12   -0.53   +8.33
F    |   22.311 |   23.301 |   22.523 |   23.063 ||   +4.44   +0.95   +3.37
R1   |   27.194 |   27.252 |   27.264 |   27.205 ||   +0.22   +0.26   +0.04
R2   |   26.759 |   26.746 |   26.834 |   26.773 ||   -0.05   +0.28   +0.05
R3   |   26.468 |   26.458 |   26.494 |   26.490 ||   -0.04   +0.10   +0.08
R4   |   26.302 |   26.331 |   26.366 |   26.313 ||   +0.11   +0.24   +0.04
R6   |   26.090 |   26.076 |   26.064 |   26.096 ||   -0.05   -0.10   +0.02
mix  |     t4_0 |     a4_1 |     t4_2 |     a4_3 ||    a4_1%    t4_2%    a4_3%
A    |   23.928 |   24.564 |   24.049 |   23.745 ||   +2.66   +0.51   -0.77
B    |   58.799 |   59.750 |   58.812 |   59.873 ||   +1.62   +0.02   +1.83
C    |   35.640 |   36.248 |   35.548 |   36.297 ||   +1.71   -0.26   +1.85
D    |   12.898 |   13.585 |   12.888 |   13.625 ||   +5.33   -0.07   +5.64
E    |   14.303 |   15.499 |   14.276 |   15.516 ||   +8.36   -0.19   +8.48
F    |   22.323 |   23.289 |   22.530 |   23.006 ||   +4.33   +0.93   +3.06
R1   |   27.189 |   27.247 |   27.237 |   27.210 ||   +0.21   +0.18   +0.08
R2   |   26.743 |   26.750 |   26.830 |   26.773 ||   +0.03   +0.32   +0.11
R3   |   26.471 |   26.457 |   26.518 |   26.487 ||   -0.05   +0.18   +0.06
R4   |   26.307 |   26.387 |   26.313 |   26.307 ||   +0.30   +0.02   -0.00
R6   |   26.088 |   26.074 |   26.085 |   26.095 ||   -0.05   -0.01   +0.03
### p-g4-g4h : g4 g4h g4 g4h
mix  |     g4_0 |    g4h_1 |     g4_2 |    g4h_3 ||   g4h_1%    g4_2%   g4h_3%
A    |   24.604 |   24.696 |   24.595 |   24.836 ||   +0.38   -0.04   +0.94
B    |   59.342 |   59.453 |   59.419 |   59.543 ||   +0.19   +0.13   +0.34
C    |   36.054 |   36.063 |   36.123 |   36.284 ||   +0.02   +0.19   +0.64
D    |   17.872 |   17.992 |   17.876 |   18.001 ||   +0.67   +0.02   +0.72
E    |   17.872 |   17.987 |   17.874 |   17.995 ||   +0.64   +0.01   +0.69
F    |   23.894 |   23.898 |   23.869 |   23.913 ||   +0.02   -0.11   +0.08
R1   |   27.229 |   27.220 |   27.187 |   27.246 ||   -0.04   -0.16   +0.06
R2   |   26.764 |   26.800 |   26.724 |   26.802 ||   +0.14   -0.15   +0.14
R3   |   26.489 |   26.508 |   26.417 |   26.534 ||   +0.07   -0.27   +0.17
R4   |   26.332 |   26.365 |   26.268 |   26.276 ||   +0.12   -0.24   -0.21
R6   |   26.091 |   26.117 |   26.042 |   26.125 ||   +0.10   -0.19   +0.13
mix  |     g4_0 |    g4h_1 |     g4_2 |    g4h_3 ||   g4h_1%    g4_2%   g4h_3%
A    |   24.584 |   24.650 |   24.578 |   24.828 ||   +0.27   -0.03   +0.99
B    |   59.369 |   59.406 |   59.416 |   59.599 ||   +0.06   +0.08   +0.39
C    |   36.106 |   36.060 |   36.104 |   36.254 ||   -0.13   -0.00   +0.41
D    |   17.870 |   17.990 |   17.877 |   17.995 ||   +0.67   +0.04   +0.70
E    |   17.864 |   17.989 |   17.877 |   18.000 ||   +0.70   +0.07   +0.76
F    |   23.879 |   23.886 |   23.869 |   23.919 ||   +0.03   -0.04   +0.17
R1   |   27.232 |   27.184 |   27.211 |   27.245 ||   -0.18   -0.08   +0.05
R2   |   26.768 |   26.780 |   26.665 |   26.844 ||   +0.05   -0.38   +0.28
R3   |   26.475 |   26.522 |   26.435 |   26.532 ||   +0.18   -0.15   +0.21
R4   |   26.315 |   26.348 |   26.277 |   26.284 ||   +0.12   -0.15   -0.12
R6   |   26.078 |   26.106 |   26.045 |   26.120 ||   +0.11   -0.13   +0.16
### p-g4h-g4 : g4h g4 g4h g4
mix  |    g4h_0 |     g4_1 |    g4h_2 |     g4_3 ||    g4_1%   g4h_2%    g4_3%
A    |   24.679 |   24.583 |   24.745 |   24.649 ||   -0.39   +0.27   -0.12
B    |   59.392 |   59.317 |   59.465 |   59.416 ||   -0.13   +0.12   +0.04
C    |   36.101 |   36.179 |   36.131 |   36.276 ||   +0.22   +0.08   +0.48
D    |   17.986 |   17.875 |   17.992 |   17.863 ||   -0.62   +0.03   -0.69
E    |   17.985 |   17.870 |   17.997 |   17.876 ||   -0.64   +0.07   -0.60
F    |   23.885 |   23.850 |   23.895 |   23.904 ||   -0.15   +0.04   +0.08
R1   |   27.223 |   27.284 |   27.222 |   27.220 ||   +0.23   -0.00   -0.01
R2   |   26.743 |   26.833 |   26.754 |   26.725 ||   +0.33   +0.04   -0.07
R3   |   26.477 |   26.540 |   26.402 |   26.465 ||   +0.24   -0.28   -0.05
R4   |   26.322 |   26.361 |   26.261 |   26.321 ||   +0.15   -0.23   -0.00
R6   |   26.087 |   26.129 |   26.053 |   26.095 ||   +0.16   -0.13   +0.03
mix  |    g4h_0 |     g4_1 |    g4h_2 |     g4_3 ||    g4_1%   g4h_2%    g4_3%
A    |   24.678 |   24.605 |   24.706 |   24.651 ||   -0.29   +0.11   -0.11
B    |   59.464 |   59.351 |   59.464 |   59.385 ||   -0.19   -0.00   -0.13
C    |   36.104 |   36.127 |   36.213 |   36.253 ||   +0.06   +0.30   +0.41
D    |   17.988 |   17.865 |   18.000 |   17.875 ||   -0.68   +0.07   -0.63
E    |   17.980 |   17.874 |   17.996 |   17.866 ||   -0.59   +0.09   -0.64
F    |   23.868 |   23.861 |   23.915 |   23.878 ||   -0.03   +0.20   +0.04
R1   |   27.184 |   27.263 |   27.245 |   27.206 ||   +0.29   +0.22   +0.08
R2   |   26.746 |   26.849 |   26.715 |   26.690 ||   +0.38   -0.12   -0.21
R3   |   26.475 |   26.543 |   26.424 |   26.456 ||   +0.26   -0.19   -0.07
R4   |   26.311 |   26.363 |   26.278 |   26.327 ||   +0.20   -0.12   +0.06
R6   |   26.095 |   26.142 |   26.047 |   26.085 ||   +0.18   -0.18   -0.04
### p-g4-t4p8 : g4 t4p8 g4 t4p8
mix  |     g4_0 |   t4p8_1 |     g4_2 |   t4p8_3 ||  t4p8_1%    g4_2%  t4p8_3%
A    |   24.613 |   24.168 |   24.608 |   24.212 ||   -1.81   -0.02   -1.63
B    |   59.416 |   59.065 |   59.407 |   59.111 ||   -0.59   -0.01   -0.51
C    |   36.140 |   35.702 |   36.224 |   35.705 ||   -1.21   +0.23   -1.20
D    |   17.872 |   12.904 |   17.879 |   12.904 ||  -27.80   +0.04  -27.80
E    |   17.871 |   14.625 |   17.878 |   14.738 ||  -18.16   +0.04  -17.53
F    |   23.887 |   20.788 |   23.882 |   20.854 ||  -12.97   -0.02  -12.70
R1   |   27.185 |   26.103 |   27.179 |   26.115 ||   -3.98   -0.02   -3.94
R2   |   26.755 |   25.291 |   26.726 |   25.326 ||   -5.47   -0.11   -5.34
R3   |   26.471 |   24.805 |   26.458 |   24.846 ||   -6.29   -0.05   -6.14
R4   |   26.321 |   24.507 |   26.301 |   24.545 ||   -6.89   -0.07   -6.75
R6   |   26.090 |   23.956 |   26.087 |   23.973 ||   -8.18   -0.01   -8.12
mix  |     g4_0 |   t4p8_1 |     g4_2 |   t4p8_3 ||  t4p8_1%    g4_2%  t4p8_3%
A    |   24.610 |   22.962 |   24.653 |   24.229 ||   -6.70   +0.17   -1.55
B    |   59.403 |   59.129 |   59.418 |   59.101 ||   -0.46   +0.03   -0.51
C    |   36.188 |   35.694 |   36.180 |   35.685 ||   -1.37   -0.02   -1.39
D    |   17.865 |   12.903 |   17.880 |   12.903 ||  -27.77   +0.08  -27.77
E    |   17.872 |   14.724 |   17.868 |   14.744 ||  -17.61   -0.03  -17.50
F    |   23.892 |   20.773 |   23.881 |   20.840 ||  -13.06   -0.05  -12.77
R1   |   27.200 |   26.116 |   27.190 |   26.166 ||   -3.99   -0.04   -3.80
R2   |   26.736 |   25.281 |   26.719 |   25.301 ||   -5.44   -0.06   -5.36
R3   |   26.473 |   24.807 |   26.463 |   24.865 ||   -6.29   -0.04   -6.07
R4   |   26.325 |   24.513 |   26.316 |   24.550 ||   -6.88   -0.04   -6.74
R6   |   26.096 |   23.961 |   26.079 |   23.977 ||   -8.18   -0.07   -8.12
### p-t4p8-g4 : t4p8 g4 t4p8 g4
mix  |   t4p8_0 |     g4_1 |   t4p8_2 |     g4_3 ||    g4_1%  t4p8_2%    g4_3%
A    |   23.012 |   24.635 |   24.190 |   24.638 ||   +7.05   +5.12   +7.07
B    |   59.216 |   59.399 |   59.064 |   59.388 ||   +0.31   -0.26   +0.29
C    |   35.859 |   36.122 |   35.841 |   36.095 ||   +0.73   -0.05   +0.66
D    |   12.905 |   17.872 |   12.903 |   17.857 ||  +38.49   -0.01  +38.37
E    |   14.724 |   17.864 |   14.753 |   17.870 ||  +21.33   +0.20  +21.37
F    |   20.862 |   23.888 |   20.819 |   23.882 ||  +14.51   -0.21  +14.47
R1   |   26.142 |   27.132 |   26.191 |   27.227 ||   +3.79   +0.19   +4.15
R2   |   25.315 |   26.756 |   25.445 |   26.754 ||   +5.69   +0.51   +5.68
R3   |   24.838 |   26.474 |   24.874 |   26.507 ||   +6.59   +0.14   +6.72
R4   |   24.541 |   26.301 |   24.609 |   26.346 ||   +7.17   +0.28   +7.35
R6   |   23.979 |   26.101 |   23.998 |   26.116 ||   +8.85   +0.08   +8.91
mix  |   t4p8_0 |     g4_1 |   t4p8_2 |     g4_3 ||    g4_1%  t4p8_2%    g4_3%
A    |   23.857 |   24.567 |   24.222 |   24.612 ||   +2.98   +1.53   +3.17
B    |   59.241 |   59.351 |   59.071 |   59.390 ||   +0.19   -0.29   +0.25
C    |   35.829 |   36.059 |   35.793 |   36.006 ||   +0.64   -0.10   +0.50
D    |   12.908 |   17.865 |   12.904 |   17.871 ||  +38.40   -0.03  +38.44
E    |   14.726 |   17.867 |   14.722 |   17.870 ||  +21.34   -0.02  +21.35
F    |   20.827 |   23.897 |   20.892 |   23.889 ||  +14.74   +0.31  +14.70
R1   |   26.125 |   27.142 |   26.196 |   27.200 ||   +3.90   +0.27   +4.12
R2   |   25.317 |   26.702 |   25.359 |   26.764 ||   +5.47   +0.17   +5.72
R3   |   24.845 |   26.478 |   25.101 |   26.507 ||   +6.57   +1.03   +6.69
R4   |   24.543 |   26.304 |   24.606 |   26.354 ||   +7.17   +0.25   +7.38
R6   |   23.979 |   26.102 |   24.290 |   26.116 ||   +8.85   +1.30   +8.91
### p-g4-m4s4h : g4 m4s4h g4 m4s4h
mix  |     g4_0 |  m4s4h_1 |     g4_2 |  m4s4h_3 || m4s4h_1%    g4_2% m4s4h_3%
A    |   24.658 |   24.526 |   24.613 |   24.469 ||   -0.53   -0.18   -0.77
B    |   59.434 |   59.189 |   59.409 |   59.286 ||   -0.41   -0.04   -0.25
C    |   36.091 |   35.885 |   36.092 |   36.153 ||   -0.57   +0.00   +0.17
D    |   17.867 |   12.928 |   17.875 |   12.931 ||  -27.64   +0.04  -27.62
E    |   17.867 |   15.415 |   17.875 |   15.416 ||  -13.72   +0.04  -13.72
F    |   23.890 |   25.288 |   23.885 |   25.232 ||   +5.85   -0.02   +5.62
R1   |   27.205 |   28.833 |   27.198 |   28.822 ||   +5.98   -0.03   +5.95
R2   |   26.732 |   29.270 |   26.750 |   29.299 ||   +9.50   +0.07   +9.61
R3   |   26.471 |   29.469 |   26.463 |   29.452 ||  +11.32   -0.03  +11.26
R4   |   26.316 |   29.542 |   26.328 |   29.542 ||  +12.26   +0.05  +12.26
R6   |   26.096 |   30.856 |   26.115 |   29.697 ||  +18.24   +0.07  +13.80
mix  |     g4_0 |  m4s4h_1 |     g4_2 |  m4s4h_3 || m4s4h_1%    g4_2% m4s4h_3%
A    |   24.608 |   24.569 |   24.607 |   24.483 ||   -0.16   -0.00   -0.51
B    |   59.416 |   59.231 |   59.424 |   59.277 ||   -0.31   +0.01   -0.23
C    |   36.184 |   35.847 |   36.117 |   36.169 ||   -0.93   -0.18   -0.04
D    |   17.868 |   12.932 |   17.868 |   12.932 ||  -27.63   -0.00  -27.63
E    |   17.867 |   15.412 |   17.868 |   15.386 ||  -13.74   +0.00  -13.89
F    |   23.880 |   25.284 |   23.889 |   25.219 ||   +5.88   +0.04   +5.61
R1   |   27.243 |   28.854 |   27.178 |   28.841 ||   +5.92   -0.24   +5.87
R2   |   26.740 |   29.278 |   26.754 |   29.299 ||   +9.49   +0.05   +9.57
R3   |   26.498 |   29.453 |   26.474 |   29.449 ||  +11.15   -0.09  +11.14
R4   |   26.317 |   29.541 |   26.322 |   29.547 ||  +12.25   +0.02  +12.27
R6   |   26.091 |   30.409 |   26.106 |   29.728 ||  +16.55   +0.06  +13.94
### p-m4s4h-g4 : m4s4h g4 m4s4h g4
mix  |  m4s4h_0 |     g4_1 |  m4s4h_2 |     g4_3 ||    g4_1% m4s4h_2%    g4_3%
A    |   24.506 |   24.603 |   24.600 |   24.557 ||   +0.40   +0.38   +0.21
B    |   59.260 |   59.404 |   59.315 |   59.402 ||   +0.24   +0.09   +0.24
C    |   35.989 |   36.190 |   35.998 |   35.994 ||   +0.56   +0.02   +0.01
D    |   12.932 |   17.870 |   12.933 |   17.876 ||  +38.18   +0.01  +38.23
E    |   15.403 |   17.875 |   15.408 |   17.865 ||  +16.05   +0.03  +15.98
F    |   25.224 |   23.907 |   25.322 |   23.879 ||   -5.22   +0.39   -5.33
R1   |   28.840 |   27.214 |   28.844 |   27.197 ||   -5.64   +0.01   -5.70
R2   |   29.284 |   26.769 |   29.300 |   26.726 ||   -8.59   +0.05   -8.74
R3   |   29.458 |   26.481 |   29.466 |   26.480 ||  -10.11   +0.03  -10.11
R4   |   29.536 |   26.328 |   29.558 |   26.338 ||  -10.86   +0.07  -10.83
R6   |   29.770 |   26.089 |   29.689 |   26.069 ||  -12.36   -0.27  -12.43
mix  |  m4s4h_0 |     g4_1 |  m4s4h_2 |     g4_3 ||    g4_1% m4s4h_2%    g4_3%
A    |   24.432 |   24.594 |   24.636 |   24.630 ||   +0.66   +0.84   +0.81
B    |   59.286 |   59.394 |   59.269 |   59.381 ||   +0.18   -0.03   +0.16
C    |   35.989 |   36.228 |   36.042 |   36.018 ||   +0.66   +0.15   +0.08
D    |   12.930 |   17.874 |   12.931 |   17.875 ||  +38.24   +0.00  +38.24
E    |   15.401 |   17.868 |   15.423 |   17.872 ||  +16.01   +0.14  +16.04
F    |   25.248 |   23.896 |   25.270 |   23.881 ||   -5.35   +0.09   -5.42
R1   |   28.841 |   27.234 |   28.857 |   27.192 ||   -5.57   +0.05   -5.72
R2   |   29.291 |   26.751 |   29.315 |   26.766 ||   -8.67   +0.08   -8.62
R3   |   29.459 |   26.469 |   29.464 |   26.481 ||  -10.15   +0.01  -10.11
R4   |   29.548 |   26.334 |   29.556 |   26.345 ||  -10.88   +0.03  -10.84
R6   |   29.683 |   26.118 |   29.682 |   26.083 ||  -12.01   -0.01  -12.13
### p-g4p8-t4p8 : g4p8 t4p8 g4p8 t4p8
mix  |   g4p8_0 |   t4p8_1 |   g4p8_2 |   t4p8_3 ||  t4p8_1%  g4p8_2%  t4p8_3%
A    |   24.277 |   23.171 |   24.263 |   23.385 ||   -4.56   -0.06   -3.67
B    |   59.794 |   59.122 |   59.744 |   59.281 ||   -1.12   -0.08   -0.86
C    |   36.188 |   35.717 |   36.034 |   35.703 ||   -1.30   -0.43   -1.34
D    |   17.889 |   12.883 |   17.864 |   12.893 ||  -27.99   -0.14  -27.93
E    |   17.880 |   14.293 |   17.869 |   14.774 ||  -20.06   -0.06  -17.37
F    |   21.985 |   21.030 |   21.897 |   21.063 ||   -4.34   -0.40   -4.20
R1   |   26.223 |   26.131 |   26.071 |   26.080 ||   -0.35   -0.58   -0.55
R2   |   25.417 |   25.382 |   25.270 |   25.291 ||   -0.14   -0.58   -0.49
R3   |   24.913 |   24.920 |   24.769 |   24.806 ||   +0.03   -0.58   -0.43
R4   |   24.625 |   24.628 |   24.484 |   24.510 ||   +0.01   -0.57   -0.47
R6   |   24.064 |   24.056 |   23.935 |   23.962 ||   -0.03   -0.54   -0.42
mix  |   g4p8_0 |   t4p8_1 |   g4p8_2 |   t4p8_3 ||  t4p8_1%  g4p8_2%  t4p8_3%
A    |   24.276 |   23.048 |   24.263 |   24.044 ||   -5.06   -0.05   -0.95
B    |   59.811 |   59.083 |   59.728 |   59.253 ||   -1.22   -0.14   -0.93
C    |   36.153 |   35.690 |   36.058 |   35.757 ||   -1.28   -0.26   -1.09
D    |   17.896 |   12.882 |   17.875 |   12.898 ||  -28.02   -0.12  -27.93
E    |   17.889 |   14.341 |   17.868 |   14.721 ||  -19.83   -0.12  -17.70
F    |   22.018 |   21.030 |   21.905 |   21.040 ||   -4.48   -0.51   -4.44
R1   |   26.203 |   26.125 |   26.065 |   26.090 ||   -0.30   -0.53   -0.43
R2   |   25.423 |   25.398 |   25.260 |   25.285 ||   -0.10   -0.64   -0.54
R3   |   24.941 |   24.917 |   24.762 |   24.795 ||   -0.09   -0.71   -0.58
R4   |   24.634 |   24.637 |   24.485 |   24.505 ||   +0.01   -0.61   -0.52
R6   |   24.069 |   24.058 |   23.930 |   23.958 ||   -0.05   -0.58   -0.46
### p-t4p8-g4p8 : t4p8 g4p8 t4p8 g4p8
mix  |   t4p8_0 |   g4p8_1 |   t4p8_2 |   g4p8_3 ||  g4p8_1%  t4p8_2%  g4p8_3%
A    |   22.900 |   24.333 |   22.638 |   24.279 ||   +6.26   -1.14   +6.02
B    |   59.228 |   59.771 |   59.152 |   59.724 ||   +0.92   -0.13   +0.84
C    |   35.758 |   36.038 |   35.584 |   36.129 ||   +0.78   -0.49   +1.04
D    |   12.901 |   17.892 |   12.884 |   17.865 ||  +38.68   -0.13  +38.47
E    |   14.763 |   17.886 |   14.298 |   17.863 ||  +21.15   -3.15  +21.00
F    |   20.861 |   21.940 |   20.736 |   21.855 ||   +5.17   -0.60   +4.76
R1   |   26.120 |   26.262 |   26.149 |   26.157 ||   +0.54   +0.11   +0.14
R2   |   25.325 |   25.442 |   25.383 |   25.336 ||   +0.46   +0.23   +0.05
R3   |   24.848 |   24.971 |   24.884 |   24.828 ||   +0.50   +0.14   -0.08
R4   |   24.556 |   24.679 |   24.609 |   24.536 ||   +0.50   +0.22   -0.08
R6   |   23.981 |   24.091 |   24.033 |   23.956 ||   +0.46   +0.22   -0.10
mix  |   t4p8_0 |   g4p8_1 |   t4p8_2 |   g4p8_3 ||  g4p8_1%  t4p8_2%  g4p8_3%
A    |   22.838 |   24.322 |   22.573 |   24.324 ||   +6.49   -1.16   +6.50
B    |   59.186 |   59.851 |   59.073 |   59.762 ||   +1.12   -0.19   +0.97
C    |   35.784 |   36.061 |   35.609 |   36.136 ||   +0.77   -0.49   +0.99
D    |   12.898 |   17.891 |   12.882 |   17.866 ||  +38.71   -0.12  +38.52
E    |   14.738 |   17.886 |   14.256 |   17.867 ||  +21.36   -3.27  +21.23
F    |   20.850 |   21.932 |   20.755 |   21.823 ||   +5.19   -0.45   +4.67
R1   |   26.136 |   26.268 |   26.121 |   26.176 ||   +0.50   -0.06   +0.15
R2   |   25.331 |   25.446 |   25.380 |   25.330 ||   +0.46   +0.20   -0.00
R3   |   24.843 |   24.967 |   24.885 |   24.838 ||   +0.50   +0.17   -0.02
R4   |   24.555 |   24.672 |   24.600 |   24.539 ||   +0.48   +0.18   -0.06
R6   |   23.975 |   24.092 |   24.039 |   23.973 ||   +0.48   +0.26   -0.01
