=== process order1.1
mix  |     base |   baseAA |     dsp0 |   dsp0AA |       g4 |     g4AA |      g4h |       a4 |     g4p8 |     t4p8 |       t4 |    m4s4h ||  baseAA%    dsp0%  dsp0AA%      g4%    g4AA%     g4h%      a4%    g4p8%    t4p8%      t4%   m4s4h%
A    |   28.459 |   28.879 |   29.749 |   29.754 |   24.679 |   24.695 |   24.707 |   25.030 |   24.323 |   24.092 |   24.004 |   24.568 ||   +1.47   +4.53   +4.55  -13.28  -13.23  -13.19  -12.05  -14.53  -15.35  -15.66  -13.67
B    |   61.953 |   61.875 |   61.980 |   61.920 |   59.533 |   59.491 |   59.432 |   59.804 |   59.672 |   59.156 |   58.650 |   59.371 ||   -0.13   +0.04   -0.05   -3.91   -3.97   -4.07   -3.47   -3.68   -4.52   -5.33   -4.17
C    |   37.952 |   38.182 |   37.872 |   38.172 |   36.372 |   36.298 |   36.302 |   36.237 |   36.026 |   35.813 |   35.710 |   36.242 ||   +0.61   -0.21   +0.58   -4.16   -4.36   -4.35   -4.52   -5.07   -5.64   -5.91   -4.51
D    |   23.933 |   24.002 |   23.932 |   23.993 |   17.865 |   17.861 |   17.979 |   13.567 |   17.872 |   12.895 |   12.888 |   12.919 ||   +0.29   -0.00   +0.25  -25.36  -25.37  -24.87  -43.31  -25.32  -46.12  -46.15  -46.02
E    |   25.830 |   25.729 |   25.789 |   25.773 |   17.858 |   17.876 |   17.978 |   15.577 |   17.872 |   14.733 |   14.817 |   15.442 ||   -0.39   -0.16   -0.22  -30.86  -30.79  -30.40  -39.69  -30.81  -42.96  -42.64  -40.22
F    |   27.113 |   27.079 |   27.092 |   27.109 |   23.891 |   23.891 |   23.915 |   23.275 |   21.809 |   20.818 |   22.418 |   25.436 ||   -0.12   -0.08   -0.02  -11.89  -11.88  -11.80  -14.16  -19.56  -23.22  -17.32   -6.19
R1   |   27.422 |   27.264 |   27.175 |   27.209 |   27.196 |   27.378 |   27.199 |   27.246 |   26.085 |   26.111 |   27.244 |   28.852 ||   -0.58   -0.90   -0.78   -0.82   -0.16   -0.81   -0.64   -4.87   -4.78   -0.65   +5.22
R2   |   26.894 |   26.799 |   26.756 |   26.795 |   26.739 |   26.857 |   26.747 |   26.849 |   25.265 |   25.263 |   26.786 |   29.295 ||   -0.35   -0.51   -0.37   -0.58   -0.14   -0.55   -0.17   -6.06   -6.06   -0.40   +8.93
R3   |   26.620 |   26.503 |   26.494 |   26.529 |   26.455 |   26.529 |   26.467 |   26.523 |   24.812 |   24.815 |   26.542 |   29.469 ||   -0.44   -0.47   -0.34   -0.62   -0.34   -0.58   -0.37   -6.79   -6.78   -0.29  +10.70
R4   |   26.434 |   26.366 |   26.327 |   26.292 |   26.352 |   26.390 |   26.311 |   26.330 |   24.516 |   24.532 |   26.361 |   29.591 ||   -0.26   -0.40   -0.54   -0.31   -0.17   -0.46   -0.39   -7.26   -7.20   -0.28  +11.94
R6   |   26.111 |   26.114 |   26.101 |   26.126 |   26.088 |   26.132 |   26.079 |   26.136 |   23.979 |   23.958 |   26.138 |   30.910 ||   +0.01   -0.04   +0.06   -0.09   +0.08   -0.12   +0.10   -8.17   -8.24   +0.10  +18.38
=== process order1.2
mix  |     base |   baseAA |     dsp0 |   dsp0AA |       g4 |     g4AA |      g4h |       a4 |     g4p8 |     t4p8 |       t4 |    m4s4h ||  baseAA%    dsp0%  dsp0AA%      g4%    g4AA%     g4h%      a4%    g4p8%    t4p8%      t4%   m4s4h%
A    |   28.504 |   28.789 |   29.604 |   29.393 |   24.713 |   24.680 |   24.696 |   24.875 |   24.358 |   23.462 |   24.035 |   24.556 ||   +1.00   +3.86   +3.12  -13.30  -13.41  -13.36  -12.73  -14.55  -17.69  -15.68  -13.85
B    |   61.932 |   61.890 |   62.001 |   61.976 |   59.522 |   59.441 |   59.507 |   59.807 |   59.713 |   59.124 |   58.661 |   59.359 ||   -0.07   +0.11   +0.07   -3.89   -4.02   -3.92   -3.43   -3.58   -4.53   -5.28   -4.15
C    |   38.072 |   38.164 |   37.947 |   38.235 |   36.427 |   36.246 |   36.323 |   36.220 |   36.032 |   35.822 |   35.666 |   36.246 ||   +0.24   -0.33   +0.43   -4.32   -4.80   -4.59   -4.86   -5.36   -5.91   -6.32   -4.80
D    |   23.934 |   23.996 |   23.930 |   23.998 |   17.870 |   17.869 |   17.984 |   13.571 |   17.874 |   12.893 |   12.892 |   12.922 ||   +0.26   -0.01   +0.27  -25.33  -25.34  -24.86  -43.30  -25.32  -46.13  -46.13  -46.01
E    |   25.837 |   25.714 |   25.754 |   25.758 |   17.867 |   17.872 |   17.979 |   15.562 |   17.870 |   14.719 |   14.817 |   15.450 ||   -0.48   -0.32   -0.31  -30.85  -30.83  -30.41  -39.77  -30.84  -43.03  -42.65  -40.20
F    |   27.120 |   27.099 |   27.060 |   27.160 |   23.905 |   23.895 |   23.906 |   23.274 |   21.850 |   20.820 |   22.445 |   25.402 ||   -0.08   -0.22   +0.15  -11.86  -11.89  -11.85  -14.18  -19.43  -23.23  -17.24   -6.33
R1   |   27.412 |   27.283 |   27.195 |   27.262 |   27.237 |   27.398 |   27.216 |   27.219 |   26.096 |   26.146 |   27.279 |   28.858 ||   -0.47   -0.79   -0.55   -0.64   -0.05   -0.72   -0.70   -4.80   -4.62   -0.48   +5.28
R2   |   26.945 |   26.870 |   26.746 |   26.807 |   26.753 |   26.849 |   26.725 |   26.810 |   25.289 |   25.301 |   26.799 |   29.307 ||   -0.28   -0.74   -0.52   -0.71   -0.36   -0.82   -0.50   -6.15   -6.10   -0.54   +8.76
R3   |   26.635 |   26.526 |   26.499 |   26.519 |   26.468 |   26.532 |   26.451 |   26.521 |   24.805 |   24.817 |   26.522 |   29.471 ||   -0.41   -0.51   -0.43   -0.63   -0.39   -0.69   -0.43   -6.87   -6.83   -0.42  +10.65
R4   |   26.437 |   26.358 |   26.328 |   26.311 |   26.330 |   26.397 |   26.344 |   26.370 |   24.545 |   24.532 |   26.351 |   29.594 ||   -0.30   -0.41   -0.48   -0.41   -0.15   -0.35   -0.26   -7.16   -7.21   -0.33  +11.94
R6   |   26.113 |   26.105 |   26.103 |   26.135 |   26.099 |   26.120 |   26.080 |   26.117 |   23.966 |   23.967 |   26.111 |   30.898 ||   -0.03   -0.04   +0.08   -0.05   +0.03   -0.13   +0.01   -8.22   -8.22   -0.01  +18.33
=== process order1.3
mix  |     base |   baseAA |     dsp0 |   dsp0AA |       g4 |     g4AA |      g4h |       a4 |     g4p8 |     t4p8 |       t4 |    m4s4h ||  baseAA%    dsp0%  dsp0AA%      g4%    g4AA%     g4h%      a4%    g4p8%    t4p8%      t4%   m4s4h%
A    |   28.398 |   28.786 |   29.681 |   29.785 |   24.687 |   24.696 |   24.723 |   24.616 |   24.291 |   23.718 |   24.039 |   24.631 ||   +1.36   +4.52   +4.88  -13.07  -13.04  -12.94  -13.32  -14.46  -16.48  -15.35  -13.27
B    |   61.939 |   61.875 |   61.970 |   61.937 |   59.482 |   59.438 |   59.495 |   59.810 |   59.688 |   59.175 |   58.686 |   59.378 ||   -0.10   +0.05   -0.00   -3.97   -4.04   -3.95   -3.44   -3.63   -4.46   -5.25   -4.14
C    |   37.973 |   38.187 |   37.980 |   38.175 |   36.347 |   36.237 |   36.181 |   36.296 |   36.025 |   35.824 |   35.689 |   36.249 ||   +0.56   +0.02   +0.53   -4.28   -4.57   -4.72   -4.42   -5.13   -5.66   -6.01   -4.54
D    |   23.923 |   24.020 |   23.921 |   23.991 |   17.866 |   17.867 |   17.978 |   13.578 |   17.870 |   12.893 |   12.899 |   12.921 ||   +0.41   -0.01   +0.28  -25.32  -25.31  -24.85  -43.24  -25.30  -46.11  -46.08  -45.99
E    |   25.820 |   25.743 |   25.770 |   25.729 |   17.866 |   17.860 |   17.984 |   15.564 |   17.867 |   14.751 |   14.808 |   15.441 ||   -0.30   -0.19   -0.35  -30.81  -30.83  -30.35  -39.72  -30.80  -42.87  -42.65  -40.20
F    |   27.116 |   27.080 |   27.111 |   27.104 |   23.891 |   23.890 |   23.884 |   23.310 |   21.829 |   20.799 |   22.366 |   25.419 ||   -0.13   -0.02   -0.05  -11.89  -11.90  -11.92  -14.03  -19.50  -23.29  -17.52   -6.26
R1   |   27.435 |   27.268 |   27.192 |   27.275 |   27.253 |   27.393 |   27.218 |   27.233 |   26.079 |   26.111 |   27.241 |   28.848 ||   -0.61   -0.89   -0.58   -0.66   -0.15   -0.79   -0.74   -4.94   -4.83   -0.71   +5.15
R2   |   26.903 |   26.831 |   26.743 |   26.842 |   26.767 |   26.821 |   26.737 |   26.805 |   25.298 |   25.312 |   26.790 |   29.313 ||   -0.27   -0.59   -0.22   -0.50   -0.30   -0.61   -0.36   -5.96   -5.91   -0.42   +8.96
R3   |   26.629 |   26.529 |   26.484 |   26.466 |   26.493 |   26.556 |   26.478 |   26.516 |   24.787 |   24.798 |   26.548 |   29.476 ||   -0.38   -0.54   -0.61   -0.51   -0.28   -0.57   -0.42   -6.92   -6.88   -0.30  +10.69
R4   |   26.432 |   26.363 |   26.342 |   26.357 |   26.334 |   26.361 |   26.318 |   26.370 |   24.531 |   24.538 |   26.358 |   29.597 ||   -0.26   -0.34   -0.29   -0.37   -0.27   -0.43   -0.24   -7.19   -7.17   -0.28  +11.97
R6   |   26.148 |   26.109 |   26.099 |   26.066 |   26.096 |   26.129 |   26.077 |   26.115 |   23.982 |   23.964 |   26.132 |   30.913 ||   -0.15   -0.19   -0.31   -0.20   -0.07   -0.27   -0.13   -8.28   -8.35   -0.06  +18.23
=== process order2.1
mix  |     base |    m4s4h |       t4 |     t4p8 |     g4p8 |       a4 |      g4h |     g4AA |       g4 |   dsp0AA |     dsp0 |   baseAA ||   m4s4h%      t4%    t4p8%    g4p8%      a4%     g4h%    g4AA%      g4%  dsp0AA%    dsp0%  baseAA%
A    |   28.518 |   24.620 |   23.895 |   24.262 |   24.506 |   25.023 |   24.733 |   24.608 |   24.607 |   28.708 |   29.721 |   28.646 ||  -13.67  -16.21  -14.92  -14.07  -12.26  -13.27  -13.71  -13.71   +0.66   +4.22   +0.45
B    |   61.948 |   59.285 |   58.983 |   59.020 |   59.985 |   59.685 |   59.445 |   59.432 |   59.380 |   61.884 |   62.065 |   61.890 ||   -4.30   -4.79   -4.73   -3.17   -3.65   -4.04   -4.06   -4.15   -0.10   +0.19   -0.09
C    |   38.057 |   36.014 |   35.989 |   35.929 |   36.286 |   36.518 |   36.297 |   36.225 |   36.237 |   38.086 |   38.242 |   38.052 ||   -5.37   -5.43   -5.59   -4.65   -4.04   -4.62   -4.81   -4.78   +0.08   +0.49   -0.01
D    |   23.948 |   12.922 |   12.885 |   12.899 |   17.898 |   13.584 |   17.997 |   17.883 |   17.869 |   23.977 |   24.026 |   23.937 ||  -46.04  -46.19  -46.14  -25.26  -43.28  -24.85  -25.32  -25.38   +0.12   +0.33   -0.04
E    |   25.767 |   15.449 |   14.838 |   14.727 |   17.890 |   15.534 |   17.994 |   17.864 |   17.882 |   25.793 |   25.747 |   25.803 ||  -40.04  -42.42  -42.85  -30.57  -39.72  -30.17  -30.67  -30.60   +0.10   -0.08   +0.14
F    |   27.124 |   25.466 |   22.319 |   21.075 |   22.006 |   23.243 |   23.941 |   23.918 |   23.901 |   27.091 |   27.124 |   27.119 ||   -6.11  -17.71  -22.30  -18.87  -14.31  -11.74  -11.82  -11.88   -0.12   -0.00   -0.02
R1   |   27.421 |   28.847 |   27.319 |   26.087 |   26.212 |   27.270 |   27.230 |   27.209 |   27.177 |   27.182 |   27.315 |   27.226 ||   +5.20   -0.37   -4.87   -4.41   -0.55   -0.70   -0.77   -0.89   -0.87   -0.39   -0.71
R2   |   26.895 |   29.322 |   26.819 |   25.294 |   25.463 |   26.847 |   26.793 |   26.807 |   26.721 |   26.709 |   26.895 |   26.850 ||   +9.02   -0.29   -5.95   -5.32   -0.18   -0.38   -0.33   -0.65   -0.69   -0.00   -0.17
R3   |   26.598 |   29.473 |   26.559 |   24.809 |   24.909 |   26.549 |   26.545 |   26.524 |   26.467 |   26.444 |   26.628 |   26.593 ||  +10.81   -0.15   -6.73   -6.35   -0.19   -0.20   -0.28   -0.49   -0.58   +0.11   -0.02
R4   |   26.439 |   29.592 |   26.385 |   24.517 |   24.687 |   26.361 |   26.371 |   26.311 |   26.307 |   26.307 |   26.418 |   26.431 ||  +11.92   -0.21   -7.27   -6.63   -0.30   -0.26   -0.49   -0.50   -0.50   -0.08   -0.03
R6   |   26.117 |   30.879 |   26.088 |   23.963 |   24.119 |   26.143 |   26.141 |   26.101 |   26.074 |   26.094 |   26.190 |   26.018 ||  +18.24   -0.11   -8.25   -7.65   +0.10   +0.09   -0.06   -0.16   -0.09   +0.28   -0.38
=== process order2.2
mix  |     base |    m4s4h |       t4 |     t4p8 |     g4p8 |       a4 |      g4h |     g4AA |       g4 |   dsp0AA |     dsp0 |   baseAA ||   m4s4h%      t4%    t4p8%    g4p8%      a4%     g4h%    g4AA%      g4%  dsp0AA%    dsp0%  baseAA%
A    |   28.596 |   24.584 |   23.905 |   24.326 |   24.497 |   24.833 |   24.701 |   24.623 |   24.620 |   28.663 |   28.482 |   28.559 ||  -14.03  -16.40  -14.93  -14.33  -13.16  -13.62  -13.89  -13.90   +0.24   -0.40   -0.13
B    |   61.949 |   59.389 |   59.012 |   59.063 |   59.948 |   59.683 |   59.471 |   59.391 |   59.385 |   61.955 |   62.033 |   61.904 ||   -4.13   -4.74   -4.66   -3.23   -3.66   -4.00   -4.13   -4.14   +0.01   +0.14   -0.07
C    |   38.008 |   36.099 |   36.078 |   35.957 |   36.291 |   36.493 |   36.250 |   36.328 |   36.198 |   38.082 |   38.279 |   38.058 ||   -5.02   -5.08   -5.40   -4.52   -3.99   -4.63   -4.42   -4.76   +0.19   +0.71   +0.13
D    |   23.934 |   12.923 |   12.877 |   12.902 |   17.907 |   13.581 |   17.994 |   17.884 |   17.876 |   23.971 |   24.034 |   23.927 ||  -46.01  -46.20  -46.09  -25.18  -43.25  -24.82  -25.28  -25.31   +0.16   +0.42   -0.03
E    |   25.800 |   15.462 |   14.831 |   14.726 |   17.891 |   15.559 |   17.991 |   17.872 |   17.877 |   25.805 |   25.762 |   25.752 ||  -40.07  -42.51  -42.92  -30.66  -39.69  -30.27  -30.73  -30.71   +0.02   -0.15   -0.18
F    |   27.134 |   25.432 |   22.327 |   21.047 |   22.002 |   23.247 |   23.931 |   23.927 |   23.879 |   27.077 |   27.131 |   27.114 ||   -6.27  -17.71  -22.43  -18.91  -14.32  -11.80  -11.82  -12.00   -0.21   -0.01   -0.07
R1   |   27.427 |   28.839 |   27.310 |   26.122 |   26.224 |   27.241 |   27.278 |   27.219 |   27.153 |   27.227 |   27.259 |   27.242 ||   +5.14   -0.43   -4.76   -4.39   -0.68   -0.54   -0.76   -1.00   -0.73   -0.62   -0.67
R2   |   26.941 |   29.323 |   26.833 |   25.286 |   25.435 |   26.796 |   26.797 |   26.778 |   26.725 |   26.767 |   26.867 |   26.827 ||   +8.84   -0.40   -6.14   -5.59   -0.54   -0.54   -0.60   -0.80   -0.64   -0.28   -0.42
R3   |   26.639 |   29.491 |   26.440 |   24.827 |   24.964 |   26.518 |   26.537 |   26.508 |   26.478 |   26.489 |   26.552 |   26.572 ||  +10.71   -0.75   -6.80   -6.29   -0.45   -0.38   -0.49   -0.60   -0.56   -0.33   -0.25
R4   |   26.436 |   29.599 |   26.315 |   24.524 |   24.670 |   26.378 |   26.381 |   26.353 |   26.309 |   26.341 |   26.416 |   26.410 ||  +11.97   -0.46   -7.23   -6.68   -0.22   -0.21   -0.31   -0.48   -0.36   -0.07   -0.10
R6   |   26.160 |   30.881 |   26.147 |   23.967 |   24.091 |   26.102 |   26.060 |   26.075 |   26.066 |   26.087 |   26.142 |   26.127 ||  +18.04   -0.05   -8.39   -7.91   -0.22   -0.38   -0.33   -0.36   -0.28   -0.07   -0.13
=== process order2.3
mix  |     base |    m4s4h |       t4 |     t4p8 |     g4p8 |       a4 |      g4h |     g4AA |       g4 |   dsp0AA |     dsp0 |   baseAA ||   m4s4h%      t4%    t4p8%    g4p8%      a4%     g4h%    g4AA%      g4%  dsp0AA%    dsp0%  baseAA%
A    |   28.570 |   24.553 |   23.897 |   24.268 |   24.469 |   24.885 |   24.733 |   24.621 |   24.581 |   28.695 |   28.759 |   28.473 ||  -14.06  -16.36  -15.06  -14.35  -12.90  -13.43  -13.82  -13.96   +0.44   +0.66   -0.34
B    |   61.927 |   59.402 |   58.938 |   59.088 |   59.954 |   59.693 |   59.419 |   59.394 |   59.396 |   61.936 |   62.099 |   61.922 ||   -4.08   -4.83   -4.58   -3.19   -3.61   -4.05   -4.09   -4.09   +0.01   +0.28   -0.01
C    |   38.021 |   36.060 |   35.989 |   35.920 |   36.273 |   36.523 |   36.238 |   36.236 |   36.233 |   38.081 |   38.271 |   38.074 ||   -5.16   -5.35   -5.53   -4.60   -3.94   -4.69   -4.70   -4.70   +0.16   +0.66   +0.14
D    |   23.958 |   12.922 |   12.884 |   12.902 |   17.898 |   13.587 |   17.997 |   17.881 |   17.880 |   23.974 |   24.019 |   23.927 ||  -46.07  -46.23  -46.15  -25.30  -43.29  -24.88  -25.36  -25.37   +0.07   +0.25   -0.13
E    |   25.800 |   15.461 |   14.828 |   14.743 |   17.900 |   15.566 |   17.987 |   17.875 |   17.874 |   25.813 |   25.772 |   25.780 ||  -40.07  -42.53  -42.85  -30.62  -39.66  -30.28  -30.72  -30.72   +0.05   -0.11   -0.08
F    |   27.129 |   25.455 |   22.345 |   21.091 |   21.992 |   23.245 |   23.930 |   23.935 |   23.900 |   27.097 |   27.110 |   27.118 ||   -6.17  -17.64  -22.26  -18.94  -14.32  -11.79  -11.78  -11.90   -0.12   -0.07   -0.04
R1   |   27.428 |   28.826 |   27.303 |   26.110 |   26.218 |   27.275 |   27.208 |   27.212 |   27.166 |   27.200 |   27.283 |   27.244 ||   +5.10   -0.46   -4.81   -4.41   -0.56   -0.80   -0.79   -0.96   -0.83   -0.53   -0.67
R2   |   26.940 |   29.317 |   26.859 |   25.280 |   25.442 |   26.841 |   26.718 |   26.809 |   26.738 |   26.754 |   26.854 |   26.826 ||   +8.82   -0.30   -6.16   -5.56   -0.36   -0.82   -0.49   -0.75   -0.69   -0.32   -0.42
R3   |   26.590 |   29.481 |   26.526 |   24.807 |   24.977 |   26.512 |   26.545 |   26.521 |   26.455 |   26.520 |   26.548 |   26.547 ||  +10.87   -0.24   -6.70   -6.06   -0.29   -0.17   -0.26   -0.51   -0.26   -0.16   -0.16
R4   |   26.428 |   29.589 |   26.394 |   24.519 |   24.670 |   26.376 |   26.291 |   26.351 |   26.319 |   26.318 |   26.392 |   26.400 ||  +11.96   -0.13   -7.22   -6.65   -0.19   -0.52   -0.29   -0.41   -0.42   -0.13   -0.11
R6   |   26.161 |   30.887 |   26.141 |   23.965 |   24.102 |   26.131 |   26.070 |   26.043 |   26.103 |   26.089 |   26.143 |   26.136 ||  +18.07   -0.08   -8.40   -7.87   -0.11   -0.35   -0.45   -0.22   -0.28   -0.07   -0.10
=== process order3.1
mix  |     base |      g4h |       a4 |   baseAA |     t4p8 |     dsp0 |    m4s4h |       g4 |   dsp0AA |       t4 |     g4p8 |     g4AA ||     g4h%      a4%  baseAA%    t4p8%    dsp0%   m4s4h%      g4%  dsp0AA%      t4%    g4p8%    g4AA%
A    |   28.430 |   24.719 |   23.619 |   28.645 |   24.139 |   29.351 |   24.552 |   24.718 |   28.846 |   24.022 |   24.483 |   24.614 ||  -13.05  -16.92   +0.75  -15.09   +3.24  -13.64  -13.06   +1.46  -15.50  -13.88  -13.42
B    |   61.986 |   59.538 |   59.728 |   62.042 |   59.131 |   62.075 |   59.253 |   59.541 |   61.854 |   58.687 |   59.932 |   59.460 ||   -3.95   -3.64   +0.09   -4.61   +0.14   -4.41   -3.95   -0.21   -5.32   -3.31   -4.08
C    |   38.012 |   36.342 |   36.236 |   38.133 |   35.930 |   38.279 |   35.973 |   36.439 |   38.270 |   36.016 |   36.304 |   36.453 ||   -4.39   -4.67   +0.32   -5.48   +0.70   -5.36   -4.14   +0.68   -5.25   -4.49   -4.10
D    |   23.952 |   17.993 |   13.582 |   23.928 |   12.888 |   23.968 |   12.931 |   17.870 |   23.923 |   12.878 |   17.900 |   17.869 ||  -24.88  -43.29   -0.10  -46.19   +0.07  -46.01  -25.39   -0.12  -46.23  -25.27  -25.39
E    |   25.794 |   17.988 |   15.562 |   25.761 |   14.516 |   25.766 |   15.445 |   17.867 |   25.757 |   14.254 |   17.893 |   17.867 ||  -30.26  -39.67   -0.13  -43.72   -0.11  -40.12  -30.73   -0.14  -44.74  -30.63  -30.73
F    |   27.077 |   23.923 |   23.211 |   27.136 |   20.830 |   27.159 |   25.294 |   23.884 |   27.085 |   22.346 |   21.949 |   23.904 ||  -11.65  -14.28   +0.22  -23.07   +0.30   -6.58  -11.79   +0.03  -17.47  -18.94  -11.72
R1   |   27.426 |   27.235 |   27.180 |   27.363 |   26.211 |   27.250 |   28.833 |   27.201 |   27.204 |   27.254 |   26.270 |   27.269 ||   -0.70   -0.90   -0.23   -4.43   -0.64   +5.13   -0.82   -0.81   -0.63   -4.22   -0.57
R2   |   26.979 |   26.856 |   26.742 |   26.928 |   25.421 |   26.796 |   29.289 |   26.753 |   26.799 |   26.774 |   25.410 |   26.821 ||   -0.46   -0.88   -0.19   -5.77   -0.68   +8.56   -0.84   -0.67   -0.76   -5.82   -0.59
R3   |   26.638 |   26.534 |   26.508 |   26.621 |   24.946 |   26.544 |   29.415 |   26.455 |   26.523 |   26.533 |   24.944 |   26.528 ||   -0.39   -0.49   -0.06   -6.35   -0.35  +10.42   -0.69   -0.43   -0.39   -6.36   -0.41
R4   |   26.459 |   26.371 |   26.322 |   26.440 |   24.647 |   26.332 |   29.524 |   26.299 |   26.375 |   26.368 |   24.676 |   26.360 ||   -0.34   -0.52   -0.07   -6.85   -0.48  +11.58   -0.60   -0.32   -0.34   -6.74   -0.38
R6   |   26.120 |   26.128 |   26.107 |   26.165 |   24.050 |   26.070 |   29.751 |   26.094 |   26.125 |   26.135 |   24.071 |   26.137 ||   +0.03   -0.05   +0.17   -7.93   -0.19  +13.90   -0.10   +0.02   +0.06   -7.85   +0.06
=== process order3.2
mix  |     base |      g4h |       a4 |   baseAA |     t4p8 |     dsp0 |    m4s4h |       g4 |   dsp0AA |       t4 |     g4p8 |     g4AA ||     g4h%      a4%  baseAA%    t4p8%    dsp0%   m4s4h%      g4%  dsp0AA%      t4%    g4p8%    g4AA%
A    |   28.408 |   24.692 |   23.554 |   28.506 |   24.068 |   28.466 |   24.520 |   24.740 |   28.621 |   24.013 |   24.531 |   24.580 ||  -13.08  -17.09   +0.35  -15.28   +0.20  -13.69  -12.91   +0.75  -15.47  -13.65  -13.47
B    |   61.968 |   59.526 |   59.675 |   62.027 |   59.140 |   62.090 |   59.271 |   59.515 |   61.870 |   58.694 |   59.990 |   59.428 ||   -3.94   -3.70   +0.10   -4.56   +0.20   -4.35   -3.96   -0.16   -5.28   -3.19   -4.10
C    |   37.991 |   36.279 |   36.250 |   38.011 |   35.917 |   38.206 |   35.965 |   36.494 |   38.350 |   35.893 |   36.301 |   36.477 ||   -4.51   -4.58   +0.05   -5.46   +0.56   -5.33   -3.94   +0.94   -5.52   -4.45   -3.98
D    |   23.947 |   17.987 |   13.599 |   23.944 |   12.890 |   23.969 |   12.932 |   17.870 |   23.915 |   12.877 |   17.894 |   17.871 ||  -24.89  -43.21   -0.01  -46.17   +0.09  -46.00  -25.38   -0.13  -46.22  -25.28  -25.37
E    |   25.786 |   17.991 |   15.528 |   25.760 |   14.331 |   25.778 |   15.427 |   17.863 |   25.764 |   14.282 |   17.892 |   17.876 ||  -30.23  -39.78   -0.10  -44.42   -0.03  -40.17  -30.72   -0.09  -44.61  -30.61  -30.68
F    |   27.106 |   23.933 |   23.198 |   27.145 |   20.808 |   27.142 |   25.343 |   23.890 |   27.094 |   22.362 |   21.962 |   23.928 ||  -11.70  -14.42   +0.14  -23.23   +0.13   -6.50  -11.87   -0.05  -17.50  -18.98  -11.72
R1   |   27.433 |   27.236 |   27.174 |   27.355 |   26.219 |   27.299 |   28.857 |   27.246 |   27.203 |   27.272 |   26.234 |   27.274 ||   -0.72   -0.94   -0.29   -4.43   -0.49   +5.19   -0.68   -0.84   -0.59   -4.37   -0.58
R2   |   26.949 |   26.832 |   26.757 |   26.913 |   25.448 |   26.871 |   29.286 |   26.753 |   26.759 |   26.767 |   25.433 |   26.841 ||   -0.44   -0.71   -0.14   -5.57   -0.29   +8.67   -0.73   -0.71   -0.68   -5.63   -0.40
R3   |   26.611 |   26.531 |   26.488 |   26.610 |   24.944 |   26.513 |   29.425 |   26.457 |   26.530 |   26.515 |   24.965 |   26.547 ||   -0.30   -0.46   -0.00   -6.26   -0.37  +10.58   -0.58   -0.30   -0.36   -6.19   -0.24
R4   |   26.460 |   26.394 |   26.341 |   26.453 |   24.642 |   26.420 |   29.532 |   26.318 |   26.374 |   26.371 |   24.669 |   26.401 ||   -0.25   -0.45   -0.03   -6.87   -0.15  +11.61   -0.54   -0.33   -0.34   -6.77   -0.23
R6   |   26.093 |   26.140 |   26.111 |   26.151 |   24.051 |   26.095 |   30.393 |   26.089 |   26.123 |   26.136 |   24.082 |   26.135 ||   +0.18   +0.07   +0.22   -7.83   +0.01  +16.48   -0.01   +0.12   +0.16   -7.71   +0.16
=== process order3.3
mix  |     base |      g4h |       a4 |   baseAA |     t4p8 |     dsp0 |    m4s4h |       g4 |   dsp0AA |       t4 |     g4p8 |     g4AA ||     g4h%      a4%  baseAA%    t4p8%    dsp0%   m4s4h%      g4%  dsp0AA%      t4%    g4p8%    g4AA%
A    |   28.446 |   24.696 |   23.566 |   28.635 |   24.092 |   29.323 |   24.561 |   24.740 |   28.694 |   24.033 |   24.420 |   24.598 ||  -13.18  -17.15   +0.67  -15.31   +3.08  -13.66  -13.03   +0.87  -15.51  -14.16  -13.53
B    |   61.953 |   59.492 |   59.777 |   62.064 |   59.141 |   62.067 |   59.274 |   59.490 |   61.909 |   58.700 |   59.989 |   59.427 ||   -3.97   -3.51   +0.18   -4.54   +0.18   -4.32   -3.97   -0.07   -5.25   -3.17   -4.08
C    |   38.070 |   36.292 |   36.170 |   38.070 |   35.884 |   38.252 |   35.950 |   36.425 |   38.411 |   35.949 |   36.329 |   36.449 ||   -4.67   -4.99   +0.00   -5.74   +0.48   -5.57   -4.32   +0.90   -5.57   -4.57   -4.26
D    |   23.934 |   17.993 |   13.576 |   23.919 |   12.886 |   23.967 |   12.932 |   17.871 |   23.908 |   12.877 |   17.896 |   17.872 ||  -24.82  -43.28   -0.06  -46.16   +0.14  -45.97  -25.33   -0.11  -46.20  -25.23  -25.33
E    |   25.785 |   17.992 |   15.554 |   25.766 |   14.318 |   25.776 |   15.431 |   17.866 |   25.777 |   14.267 |   17.897 |   17.876 ||  -30.22  -39.68   -0.08  -44.47   -0.04  -40.15  -30.71   -0.03  -44.67  -30.59  -30.67
F    |   27.089 |   23.934 |   23.227 |   27.112 |   20.844 |   27.138 |   25.329 |   23.881 |   27.085 |   22.350 |   21.932 |   23.910 ||  -11.65  -14.26   +0.08  -23.06   +0.18   -6.50  -11.84   -0.01  -17.49  -19.04  -11.74
R1   |   27.419 |   27.242 |   27.188 |   27.285 |   26.231 |   27.312 |   28.797 |   27.215 |   27.193 |   27.251 |   26.213 |   27.259 ||   -0.65   -0.84   -0.49   -4.33   -0.39   +5.03   -0.74   -0.82   -0.61   -4.40   -0.58
R2   |   26.943 |   26.793 |   26.729 |   26.911 |   25.405 |   26.843 |   29.283 |   26.739 |   26.765 |   26.789 |   25.415 |   26.819 ||   -0.56   -0.79   -0.12   -5.71   -0.37   +8.69   -0.76   -0.66   -0.57   -5.67   -0.46
R3   |   26.632 |   26.555 |   26.499 |   26.624 |   24.949 |   26.539 |   29.433 |   26.470 |   26.505 |   26.515 |   24.943 |   26.563 ||   -0.29   -0.50   -0.03   -6.32   -0.35  +10.51   -0.61   -0.48   -0.44   -6.34   -0.26
R4   |   26.456 |   26.374 |   26.340 |   26.443 |   24.638 |   26.334 |   29.525 |   26.317 |   26.365 |   26.370 |   24.656 |   26.368 ||   -0.31   -0.44   -0.05   -6.87   -0.46  +11.60   -0.53   -0.34   -0.32   -6.80   -0.33
R6   |   26.085 |   26.126 |   26.114 |   26.162 |   24.053 |   26.070 |   29.950 |   26.086 |   26.121 |   26.074 |   24.075 |   26.123 ||   +0.16   +0.11   +0.30   -7.79   -0.06  +14.82   +0.01   +0.14   -0.04   -7.71   +0.15
