=== process 1
SELFCHECK OK (256 whole-block lengths 1..256 blk x 8 variants; out/Xi/ivec/ret byte-identical)
bytes  blks  |     base |   baseAA |    tuned |    casck |      cw1 |      cw2 |      cw4 |      cw8 ||  baseAA%   tuned%   casck%     cw1%     cw2%     cw4%     cw8%
16     1     |   26.148 |   26.265 |   13.915 |   13.889 |   13.671 |   13.569 |   13.630 |   13.590 ||   +0.45  -46.78  -46.89  -47.72  -48.11  -47.87  -48.03
       med   |   26.466 |   26.629 |   13.980 |   14.016 |   13.685 |   13.648 |   13.645 |   13.644
32     2     |   26.559 |   26.554 |   14.861 |   15.264 |   15.352 |   15.106 |   15.109 |   15.103 ||   -0.02  -44.05  -42.53  -42.20  -43.12  -43.11  -43.14
       med   |   26.935 |   26.788 |   14.889 |   15.329 |   15.365 |   15.123 |   15.119 |   15.111
48     3     |   27.752 |   27.715 |   15.479 |   18.553 |   19.502 |   18.019 |   16.104 |   16.108 ||   -0.13  -44.22  -33.15  -29.73  -35.07  -41.97  -41.96
       med   |   28.222 |   27.865 |   15.493 |   18.614 |   19.516 |   18.347 |   16.121 |   16.138
64     4     |   28.855 |   28.830 |   17.057 |   22.745 |   25.347 |   21.014 |   19.484 |   18.391 ||   -0.09  -40.89  -21.17  -12.16  -27.17  -32.47  -36.26
       med   |   29.221 |   29.067 |   17.071 |   22.777 |   25.369 |   21.232 |   19.591 |   20.105
80     5     |   29.995 |   29.983 |   19.262 |   26.778 |   30.148 |   26.680 |   24.812 |   21.083 ||   -0.04  -35.78  -10.73   +0.51  -11.05  -17.28  -29.71
       med   |   30.243 |   30.127 |   19.994 |   27.423 |   30.752 |   27.488 |   25.701 |   21.411
96     6     |   30.893 |   30.854 |   21.765 |   31.159 |   34.920 |   28.758 |   26.807 |   23.525 ||   -0.13  -29.55   +0.86  +13.03   -6.91  -13.23  -23.85
       med   |   31.026 |   31.099 |   22.267 |   31.490 |   34.990 |   29.090 |   27.140 |   23.726
112    7     |   31.674 |   31.774 |   24.254 |   35.163 |   39.769 |   34.069 |   29.425 |   25.501 ||   +0.32  -23.43  +11.02  +25.56   +7.56   -7.10  -19.49
       med   |   32.655 |   33.713 |   25.100 |   35.608 |   40.173 |   34.207 |   29.648 |   26.228
128    8     |   30.118 |   29.939 |   27.303 |   39.370 |   45.365 |   36.302 |   34.097 |   28.345 ||   -0.60   -9.35  +30.72  +50.62  +20.53  +13.21   -5.89
       med   |   30.478 |   30.315 |   27.723 |   39.802 |   45.606 |   36.376 |   34.501 |   29.066
256    16    |   52.341 |   52.404 |   52.204 |   51.786 |   52.242 |   51.976 |   52.273 |   52.289 ||   +0.12   -0.26   -1.06   -0.19   -0.70   -0.13   -0.10
       med   |   52.741 |   52.828 |   52.678 |   52.475 |   52.589 |   52.801 |   52.602 |   52.763
512    32    |   95.287 |   95.359 |   94.878 |   94.633 |   93.866 |   94.855 |   94.774 |   94.770 ||   +0.08   -0.43   -0.69   -1.49   -0.45   -0.54   -0.54
       med   |   95.925 |   96.292 |   95.501 |   95.538 |   95.471 |   95.604 |   95.759 |   95.798
1024   64    |  180.128 |  180.982 |  179.262 |  179.849 |  179.280 |  179.704 |  180.046 |  179.900 ||   +0.47   -0.48   -0.15   -0.47   -0.24   -0.05   -0.13
       med   |  182.393 |  183.099 |  181.477 |  181.701 |  181.308 |  181.486 |  181.692 |  181.794
4096   256   |  695.260 |  695.360 |  691.457 |  691.532 |  691.355 |  691.016 |  692.485 |  692.497 ||   +0.01   -0.55   -0.54   -0.56   -0.61   -0.40   -0.40
       med   |  699.221 |  699.845 |  695.821 |  696.856 |  694.029 |  694.053 |  695.215 |  695.797
=== process 2
SELFCHECK OK (256 whole-block lengths 1..256 blk x 8 variants; out/Xi/ivec/ret byte-identical)
bytes  blks  |     base |   baseAA |    tuned |    casck |      cw1 |      cw2 |      cw4 |      cw8 ||  baseAA%   tuned%   casck%     cw1%     cw2%     cw4%     cw8%
16     1     |   26.287 |   26.434 |   13.914 |   13.887 |   13.672 |   13.631 |   13.629 |   13.596 ||   +0.56  -47.07  -47.17  -47.99  -48.14  -48.15  -48.28
       med   |   26.763 |   27.120 |   13.983 |   13.995 |   13.685 |   13.652 |   13.646 |   13.644
32     2     |   26.516 |   26.555 |   14.871 |   15.262 |   15.350 |   15.107 |   15.105 |   15.100 ||   +0.15  -43.92  -42.44  -42.11  -43.03  -43.03  -43.06
       med   |   26.764 |   26.771 |   14.885 |   15.330 |   15.363 |   15.122 |   15.117 |   15.111
48     3     |   27.699 |   27.706 |   15.477 |   18.556 |   19.501 |   18.021 |   16.106 |   16.120 ||   +0.03  -44.12  -33.01  -29.60  -34.94  -41.85  -41.80
       med   |   28.080 |   27.921 |   15.489 |   18.614 |   19.517 |   18.322 |   16.122 |   16.171
64     4     |   28.849 |   28.828 |   17.055 |   22.740 |   25.340 |   21.019 |   19.266 |   18.443 ||   -0.07  -40.88  -21.17  -12.16  -27.14  -33.22  -36.07
       med   |   29.163 |   29.028 |   17.073 |   22.777 |   25.364 |   21.047 |   19.386 |   20.068
80     5     |   29.990 |   30.000 |   19.251 |   26.765 |   30.150 |   25.539 |   24.994 |   21.033 ||   +0.03  -35.81  -10.75   +0.53  -14.84  -16.66  -29.87
       med   |   30.182 |   30.152 |   20.006 |   27.420 |   30.763 |   27.236 |   25.628 |   21.137
96     6     |   30.910 |   30.859 |   21.893 |   31.160 |   34.915 |   28.752 |   26.823 |   23.517 ||   -0.16  -29.17   +0.81  +12.96   -6.98  -13.22  -23.92
       med   |   31.033 |   31.041 |   22.295 |   31.469 |   35.270 |   28.934 |   27.497 |   23.620
112    7     |   31.908 |   31.768 |   24.665 |   35.166 |   39.772 |   34.070 |   29.533 |   25.391 ||   -0.44  -22.70  +10.21  +24.64   +6.78   -7.44  -20.42
       med   |   32.181 |   32.012 |   24.823 |   35.712 |   40.168 |   34.268 |   29.814 |   26.172
128    8     |   30.117 |   30.114 |   27.299 |   39.380 |   45.362 |   36.300 |   34.151 |   28.404 ||   -0.01   -9.36  +30.76  +50.62  +20.53  +13.40   -5.69
       med   |   30.457 |   30.304 |   27.653 |   39.755 |   45.671 |   36.340 |   34.540 |   29.007
256    16    |   52.321 |   52.422 |   52.262 |   52.273 |   52.254 |   52.273 |   52.291 |   52.291 ||   +0.19   -0.11   -0.09   -0.13   -0.09   -0.06   -0.06
       med   |   52.674 |   52.832 |   52.774 |   52.570 |   52.522 |   52.719 |   52.643 |   52.754
512    32    |   94.825 |   95.290 |   94.556 |   94.883 |   94.249 |   94.932 |   94.766 |   94.512 ||   +0.49   -0.28   +0.06   -0.61   +0.11   -0.06   -0.33
       med   |   95.818 |   96.132 |   95.526 |   95.660 |   95.402 |   95.573 |   95.875 |   95.777
1024   64    |  180.219 |  180.584 |  179.547 |  179.464 |  179.909 |  179.732 |  180.005 |  180.038 ||   +0.20   -0.37   -0.42   -0.17   -0.27   -0.12   -0.10
       med   |  182.137 |  182.962 |  181.513 |  181.583 |  181.279 |  181.458 |  181.857 |  181.853
4096   256   |  694.792 |  694.937 |  691.106 |  691.692 |  691.136 |  691.125 |  692.344 |  692.611 ||   +0.02   -0.53   -0.45   -0.53   -0.53   -0.35   -0.31
       med   |  699.059 |  699.509 |  696.037 |  696.472 |  694.452 |  694.178 |  695.811 |  696.098
=== process 3
SELFCHECK OK (256 whole-block lengths 1..256 blk x 8 variants; out/Xi/ivec/ret byte-identical)
bytes  blks  |     base |   baseAA |    tuned |    casck |      cw1 |      cw2 |      cw4 |      cw8 ||  baseAA%   tuned%   casck%     cw1%     cw2%     cw4%     cw8%
16     1     |   26.183 |   26.197 |   13.918 |   13.889 |   13.579 |   13.632 |   13.631 |   13.593 ||   +0.06  -46.84  -46.95  -48.14  -47.94  -47.94  -48.08
       med   |   26.476 |   26.632 |   13.982 |   13.991 |   13.686 |   13.663 |   13.645 |   13.644
32     2     |   26.529 |   26.552 |   14.859 |   15.267 |   15.354 |   15.104 |   15.106 |   15.102 ||   +0.08  -43.99  -42.45  -42.12  -43.07  -43.06  -43.07
       med   |   26.821 |   26.778 |   14.882 |   15.329 |   15.375 |   15.119 |   15.118 |   15.112
48     3     |   27.772 |   27.692 |   15.478 |   18.551 |   19.503 |   18.016 |   16.106 |   16.104 ||   -0.29  -44.27  -33.20  -29.78  -35.13  -42.01  -42.01
       med   |   28.096 |   27.946 |   15.490 |   18.614 |   19.517 |   18.177 |   16.120 |   16.163
64     4     |   28.857 |   28.835 |   17.056 |   22.744 |   25.346 |   21.022 |   19.382 |   18.466 ||   -0.08  -40.89  -21.18  -12.17  -27.15  -32.83  -36.01
       med   |   29.158 |   29.062 |   17.073 |   22.772 |   25.368 |   21.271 |   19.543 |   20.121
80     5     |   30.001 |   29.990 |   19.291 |   26.761 |   30.155 |   26.692 |   24.813 |   21.050 ||   -0.04  -35.70  -10.80   +0.52  -11.03  -17.29  -29.83
       med   |   30.220 |   30.240 |   20.102 |   27.551 |   30.764 |   27.356 |   25.587 |   21.496
96     6     |   30.904 |   30.869 |   21.888 |   31.150 |   34.919 |   28.767 |   26.746 |   23.507 ||   -0.11  -29.17   +0.80  +12.99   -6.92  -13.45  -23.93
       med   |   31.013 |   31.033 |   22.243 |   31.482 |   35.291 |   28.945 |   27.163 |   23.704
112    7     |   31.886 |   31.773 |   24.628 |   35.177 |   39.778 |   34.068 |   29.356 |   25.503 ||   -0.35  -22.76  +10.32  +24.75   +6.84   -7.93  -20.02
       med   |   32.178 |   32.288 |   25.169 |   35.837 |   40.177 |   34.531 |   29.571 |   26.220
128    8     |   30.120 |   30.070 |   27.308 |   39.368 |   45.381 |   36.304 |   34.162 |   28.307 ||   -0.17   -9.34  +30.70  +50.66  +20.53  +13.42   -6.02
       med   |   30.475 |   30.318 |   27.655 |   39.707 |   45.592 |   36.347 |   34.650 |   29.069
256    16    |   52.333 |   52.393 |   52.207 |   52.158 |   52.134 |   52.201 |   52.223 |   52.271 ||   +0.11   -0.24   -0.33   -0.38   -0.25   -0.21   -0.12
       med   |   52.725 |   52.795 |   52.746 |   52.498 |   52.552 |   52.721 |   52.597 |   52.791
512    32    |   95.145 |   95.105 |   94.353 |   94.500 |   94.638 |   94.598 |   94.855 |   94.974 ||   -0.04   -0.83   -0.68   -0.53   -0.57   -0.30   -0.18
       med   |   95.921 |   96.128 |   95.544 |   95.620 |   95.452 |   95.647 |   95.609 |   95.814
1024   64    |  181.262 |  180.537 |  179.553 |  179.156 |  179.325 |  179.891 |  180.145 |  179.845 ||   -0.40   -0.94   -1.16   -1.07   -0.76   -0.62   -0.78
       med   |  182.474 |  183.000 |  181.547 |  181.611 |  181.417 |  181.539 |  181.797 |  181.856
4096   256   |  694.722 |  694.165 |  691.025 |  691.198 |  690.847 |  691.232 |  692.285 |  692.090 ||   -0.08   -0.53   -0.51   -0.56   -0.50   -0.35   -0.38
       med   |  698.999 |  699.363 |  695.475 |  696.470 |  694.170 |  693.948 |  695.260 |  695.506
