=== process 1
SELFCHECK OK (256 whole-block lengths 1..256 blk x 5 variants; out/Xi/ivec/ret byte-identical)
bytes  blks  |     base |   baseAA |    tuned |     casc |    casck ||  baseAA%   tuned%    casc%   casck%
16     1     |   25.363 |   23.409 |   12.317 |   12.555 |   12.544 ||   -7.70  -51.44  -50.50  -50.54
       med   |   25.713 |   25.598 |   12.328 |   12.560 |   12.593
32     2     |   23.401 |   23.369 |   13.333 |   13.332 |   13.229 ||   -0.14  -43.03  -43.03  -43.47
       med   |   23.560 |   23.439 |   13.340 |   13.337 |   13.234
48     3     |   24.238 |   24.238 |   13.678 |   16.253 |   15.102 ||   +0.00  -43.57  -32.94  -37.69
       med   |   24.337 |   24.289 |   13.684 |   16.273 |   15.233
64     4     |   25.146 |   25.109 |   14.871 |   19.828 |   18.345 ||   -0.15  -40.86  -21.15  -27.05
       med   |   25.419 |   25.172 |   14.882 |   19.842 |   18.602
80     5     |   25.994 |   25.995 |   16.631 |   24.438 |   21.537 ||   +0.00  -36.02   -5.99  -17.15
       med   |   26.108 |   26.024 |   16.649 |   24.527 |   21.787
96     6     |   26.922 |   26.915 |   18.787 |   28.444 |   25.021 ||   -0.03  -30.22   +5.65   -7.06
       med   |   27.001 |   26.964 |   18.905 |   28.469 |   25.660
112    7     |   27.452 |   27.349 |   20.850 |   32.313 |   28.281 ||   -0.37  -24.05  +17.71   +3.02
       med   |   27.499 |   27.469 |   21.238 |   32.371 |   28.560
128    8     |   25.523 |   25.579 |   22.942 |   36.232 |   31.662 ||   +0.22  -10.11  +41.96  +24.05
       med   |   25.672 |   25.600 |   23.497 |   36.567 |   32.056
256    16    |   45.450 |   45.376 |   45.328 |   45.346 |   45.341 ||   -0.16   -0.27   -0.23   -0.24
       med   |   45.863 |   45.584 |   46.122 |   45.807 |   46.046
512    32    |   84.348 |   84.379 |   84.406 |   84.399 |   84.397 ||   +0.04   +0.07   +0.06   +0.06
       med   |   85.410 |   84.473 |   85.552 |   85.623 |   85.446
1024   64    |  161.428 |  161.856 |  161.964 |  161.969 |  161.749 ||   +0.27   +0.33   +0.34   +0.20
       med   |  162.754 |  162.100 |  163.260 |  163.939 |  162.934
4096   256   |  628.520 |  628.447 |  628.701 |  628.788 |  628.051 ||   -0.01   +0.03   +0.04   -0.07
       med   |  630.119 |  629.881 |  631.044 |  632.827 |  629.831
=== process 2
SELFCHECK OK (256 whole-block lengths 1..256 blk x 5 variants; out/Xi/ivec/ret byte-identical)
bytes  blks  |     base |   baseAA |    tuned |     casc |    casck ||  baseAA%   tuned%    casc%   casck%
16     1     |   25.370 |   25.399 |   12.318 |   12.556 |   12.546 ||   +0.11  -51.44  -50.51  -50.55
       med   |   25.639 |   25.588 |   12.330 |   12.560 |   12.593
32     2     |   23.410 |   23.370 |   13.328 |   13.333 |   13.229 ||   -0.17  -43.07  -43.04  -43.49
       med   |   23.514 |   23.425 |   13.341 |   13.338 |   13.233
48     3     |   24.258 |   24.239 |   13.673 |   16.248 |   15.105 ||   -0.08  -43.63  -33.02  -37.73
       med   |   24.305 |   24.286 |   13.684 |   16.275 |   15.236
64     4     |   25.126 |   25.149 |   14.868 |   19.824 |   18.353 ||   +0.09  -40.83  -21.10  -26.96
       med   |   25.462 |   25.170 |   14.882 |   19.841 |   18.597
80     5     |   25.999 |   25.997 |   16.630 |   24.407 |   21.543 ||   -0.01  -36.04   -6.12  -17.14
       med   |   26.109 |   26.034 |   16.648 |   24.527 |   21.778
96     6     |   26.925 |   26.867 |   18.790 |   28.444 |   24.987 ||   -0.22  -30.21   +5.64   -7.20
       med   |   26.997 |   26.967 |   18.905 |   28.474 |   25.652
112    7     |   27.455 |   27.351 |   20.853 |   32.326 |   28.275 ||   -0.38  -24.05  +17.74   +2.99
       med   |   27.608 |   27.469 |   21.238 |   32.369 |   28.535
128    8     |   25.527 |   25.567 |   22.942 |   36.242 |   31.673 ||   +0.16  -10.13  +41.97  +24.08
       med   |   25.672 |   25.599 |   23.492 |   36.307 |   31.984
256    16    |   45.365 |   45.356 |   45.346 |   45.352 |   45.339 ||   -0.02   -0.04   -0.03   -0.06
       med   |   45.711 |   45.586 |   45.967 |   45.759 |   45.923
512    32    |   84.316 |   84.381 |   84.404 |   84.405 |   84.136 ||   +0.08   +0.10   +0.10   -0.21
       med   |   85.440 |   84.491 |   85.511 |   85.466 |   85.341
1024   64    |  161.738 |  161.926 |  161.789 |  161.293 |  161.756 ||   +0.12   +0.03   -0.28   +0.01
       med   |  162.552 |  162.097 |  163.196 |  163.270 |  163.102
4096   256   |  628.403 |  628.747 |  628.710 |  628.780 |  628.658 ||   +0.05   +0.05   +0.06   +0.04
       med   |  631.096 |  629.774 |  630.885 |  630.816 |  629.713
=== process 3
SELFCHECK OK (256 whole-block lengths 1..256 blk x 5 variants; out/Xi/ivec/ret byte-identical)
bytes  blks  |     base |   baseAA |    tuned |     casc |    casck ||  baseAA%   tuned%    casc%   casck%
16     1     |   25.351 |   25.359 |   12.318 |   12.555 |   12.545 ||   +0.03  -51.41  -50.47  -50.51
       med   |   25.558 |   25.525 |   12.330 |   12.560 |   12.593
32     2     |   23.397 |   23.365 |   13.333 |   13.332 |   13.229 ||   -0.14  -43.02  -43.02  -43.46
       med   |   23.603 |   23.424 |   13.341 |   13.337 |   13.234
48     3     |   24.265 |   24.238 |   13.673 |   16.248 |   15.099 ||   -0.11  -43.65  -33.04  -37.77
       med   |   24.480 |   24.291 |   13.684 |   16.272 |   15.230
64     4     |   25.151 |   25.150 |   14.867 |   19.825 |   18.353 ||   -0.00  -40.89  -21.18  -27.03
       med   |   25.560 |   25.170 |   14.882 |   19.840 |   18.605
80     5     |   25.992 |   25.990 |   16.634 |   24.462 |   21.538 ||   -0.01  -36.00   -5.89  -17.14
       med   |   26.332 |   26.068 |   16.648 |   24.755 |   21.781
96     6     |   26.923 |   26.906 |   18.790 |   28.445 |   24.998 ||   -0.06  -30.21   +5.66   -7.15
       med   |   27.022 |   26.967 |   18.905 |   28.479 |   25.662
112    7     |   27.460 |   27.357 |   20.854 |   32.323 |   28.275 ||   -0.37  -24.05  +17.71   +2.97
       med   |   27.634 |   27.474 |   21.239 |   32.377 |   28.875
128    8     |   25.526 |   25.578 |   22.952 |   36.240 |   31.658 ||   +0.20  -10.08  +41.97  +24.02
       med   |   25.677 |   25.598 |   23.510 |   36.569 |   32.060
256    16    |   45.473 |   45.325 |   45.343 |   45.330 |   45.331 ||   -0.33   -0.29   -0.32   -0.31
       med   |   45.838 |   45.582 |   45.934 |   45.752 |   45.823
512    32    |   84.375 |   84.392 |   84.352 |   83.789 |   84.320 ||   +0.02   -0.03   -0.69   -0.06
       med   |   85.431 |   84.486 |   85.546 |   84.570 |   85.617
1024   64    |  161.780 |  161.931 |  161.834 |  161.637 |  161.643 ||   +0.09   +0.03   -0.09   -0.08
       med   |  162.541 |  162.195 |  163.247 |  163.175 |  163.070
4096   256   |  628.482 |  628.636 |  627.796 |  628.747 |  628.404 ||   +0.02   -0.11   +0.04   -0.01
       med   |  630.592 |  629.937 |  630.848 |  632.086 |  629.764
