=== process 1
SELFCHECK OK (256 whole-block lengths 1..256 blk x 5 variants; out/Xi/ivec/ret byte-identical)
bytes  blks  |     base |   baseAA |    tuned |     casc |    casck ||  baseAA%   tuned%    casc%   casck%
16     1     |   19.622 |   19.623 |   10.542 |   10.608 |   10.612 ||   +0.01  -46.27  -45.94  -45.91
       med   |   19.643 |   19.643 |   10.552 |   10.613 |   10.616
32     2     |   19.648 |   19.647 |   11.346 |   11.231 |   11.271 ||   -0.01  -42.25  -42.84  -42.64
       med   |   19.664 |   19.666 |   11.397 |   11.236 |   11.276
48     3     |   20.361 |   20.359 |   11.186 |   12.748 |   12.210 ||   -0.01  -45.06  -37.39  -40.03
       med   |   20.379 |   20.380 |   11.253 |   12.776 |   12.221
64     4     |   20.951 |   20.954 |   12.155 |   15.625 |   14.569 ||   +0.02  -41.98  -25.42  -30.46
       med   |   20.975 |   20.977 |   12.164 |   15.665 |   14.587
80     5     |   21.606 |   21.605 |   13.606 |   18.891 |   17.114 ||   -0.00  -37.03  -12.57  -20.79
       med   |   21.628 |   21.630 |   13.619 |   18.926 |   17.144
96     6     |   22.376 |   22.380 |   15.638 |   21.994 |   19.668 ||   +0.02  -30.12   -1.71  -12.10
       med   |   22.404 |   22.407 |   15.662 |   22.054 |   19.690
112    7     |   22.842 |   22.847 |   17.532 |   25.136 |   22.310 ||   +0.02  -23.25  +10.04   -2.33
       med   |   22.879 |   22.888 |   17.571 |   25.168 |   22.341
128    8     |   21.454 |   21.460 |   19.735 |   28.241 |   24.943 ||   +0.03   -8.02  +31.63  +16.26
       med   |   21.479 |   21.482 |   19.741 |   28.268 |   24.991
256    16    |   38.168 |   38.176 |   38.181 |   38.178 |   38.179 ||   +0.02   +0.03   +0.03   +0.03
       med   |   38.207 |   38.205 |   38.212 |   38.212 |   38.212
512    32    |   71.109 |   71.107 |   71.123 |   71.120 |   71.121 ||   -0.00   +0.02   +0.02   +0.02
       med   |   71.145 |   71.146 |   71.163 |   71.162 |   71.168
1024   64    |  138.514 |  138.522 |  138.518 |  138.512 |  138.503 ||   +0.01   +0.00   -0.00   -0.01
       med   |  138.544 |  138.554 |  138.571 |  138.575 |  138.571
4096   256   |  546.869 |  546.868 |  546.884 |  546.884 |  546.881 ||   -0.00   +0.00   +0.00   +0.00
       med   |  547.017 |  546.990 |  547.063 |  547.056 |  547.049
=== process 2
SELFCHECK OK (256 whole-block lengths 1..256 blk x 5 variants; out/Xi/ivec/ret byte-identical)
bytes  blks  |     base |   baseAA |    tuned |     casc |    casck ||  baseAA%   tuned%    casc%   casck%
16     1     |   19.619 |   19.627 |   10.542 |   10.609 |   10.613 ||   +0.04  -46.27  -45.93  -45.90
       med   |   19.645 |   19.644 |   10.552 |   10.612 |   10.616
32     2     |   19.643 |   19.646 |   11.349 |   11.231 |   11.270 ||   +0.01  -42.23  -42.83  -42.63
       med   |   19.662 |   19.664 |   11.397 |   11.237 |   11.276
48     3     |   20.355 |   20.362 |   11.186 |   12.753 |   12.211 ||   +0.03  -45.05  -37.35  -40.01
       med   |   20.380 |   20.379 |   11.253 |   12.781 |   12.220
64     4     |   20.955 |   20.951 |   12.157 |   15.629 |   14.567 ||   -0.02  -41.98  -25.41  -30.48
       med   |   20.977 |   20.978 |   12.164 |   15.667 |   14.586
80     5     |   21.607 |   21.605 |   13.604 |   18.890 |   17.124 ||   -0.01  -37.04  -12.57  -20.75
       med   |   21.628 |   21.627 |   13.620 |   18.930 |   17.145
96     6     |   22.376 |   22.377 |   15.643 |   21.989 |   19.667 ||   +0.01  -30.09   -1.73  -12.11
       med   |   22.407 |   22.407 |   15.662 |   22.056 |   19.688
112    7     |   22.843 |   22.854 |   17.530 |   25.137 |   22.313 ||   +0.05  -23.26  +10.05   -2.32
       med   |   22.878 |   22.886 |   17.569 |   25.184 |   22.340
128    8     |   21.459 |   21.457 |   19.731 |   28.244 |   24.930 ||   -0.01   -8.05  +31.62  +16.17
       med   |   21.479 |   21.480 |   19.741 |   28.285 |   24.989
256    16    |   38.175 |   38.175 |   38.175 |   38.173 |   38.180 ||   -0.00   +0.00   -0.01   +0.01
       med   |   38.204 |   38.205 |   38.210 |   38.209 |   38.209
512    32    |   71.104 |   71.066 |   71.108 |   71.123 |   71.119 ||   -0.05   +0.01   +0.03   +0.02
       med   |   71.146 |   71.150 |   71.160 |   71.159 |   71.157
1024   64    |  138.498 |  138.494 |  138.502 |  138.502 |  138.505 ||   -0.00   +0.00   +0.00   +0.00
       med   |  138.560 |  138.562 |  138.576 |  138.576 |  138.578
4096   256   |  546.856 |  546.870 |  546.850 |  546.829 |  546.869 ||   +0.00   -0.00   -0.01   +0.00
       med   |  547.043 |  547.005 |  547.042 |  547.026 |  547.052
=== process 3
SELFCHECK OK (256 whole-block lengths 1..256 blk x 5 variants; out/Xi/ivec/ret byte-identical)
bytes  blks  |     base |   baseAA |    tuned |     casc |    casck ||  baseAA%   tuned%    casc%   casck%
16     1     |   19.620 |   19.616 |   10.544 |   10.609 |   10.613 ||   -0.02  -46.26  -45.93  -45.91
       med   |   19.646 |   19.643 |   10.552 |   10.613 |   10.616
32     2     |   19.648 |   19.643 |   11.348 |   11.231 |   11.270 ||   -0.02  -42.24  -42.84  -42.64
       med   |   19.661 |   19.665 |   11.397 |   11.236 |   11.276
48     3     |   20.361 |   20.358 |   11.185 |   12.750 |   12.213 ||   -0.02  -45.07  -37.38  -40.02
       med   |   20.377 |   20.381 |   11.252 |   12.777 |   12.221
64     4     |   20.954 |   20.958 |   12.152 |   15.623 |   14.567 ||   +0.02  -42.01  -25.44  -30.48
       med   |   20.979 |   20.975 |   12.164 |   15.669 |   14.585
80     5     |   21.604 |   21.606 |   13.604 |   18.889 |   17.113 ||   +0.01  -37.03  -12.57  -20.79
       med   |   21.627 |   21.629 |   13.620 |   18.928 |   17.144
96     6     |   22.383 |   22.377 |   15.639 |   21.978 |   19.667 ||   -0.03  -30.13   -1.81  -12.13
       med   |   22.408 |   22.405 |   15.661 |   22.038 |   19.687
112    7     |   22.844 |   22.847 |   17.527 |   25.134 |   22.305 ||   +0.01  -23.27  +10.03   -2.36
       med   |   22.877 |   22.887 |   17.567 |   25.163 |   22.340
128    8     |   21.458 |   21.452 |   19.733 |   28.243 |   24.944 ||   -0.03   -8.04  +31.62  +16.25
       med   |   21.482 |   21.480 |   19.741 |   28.287 |   24.990
256    16    |   38.179 |   38.165 |   38.178 |   38.173 |   38.183 ||   -0.04   -0.00   -0.01   +0.01
       med   |   38.204 |   38.209 |   38.209 |   38.213 |   38.210
512    32    |   71.110 |   71.108 |   71.117 |   71.121 |   71.119 ||   -0.00   +0.01   +0.01   +0.01
       med   |   71.144 |   71.150 |   71.165 |   71.159 |   71.159
1024   64    |  138.501 |  138.501 |  138.505 |  138.506 |  138.504 ||   -0.00   +0.00   +0.00   +0.00
       med   |  138.547 |  138.550 |  138.565 |  138.567 |  138.564
4096   256   |  546.854 |  546.870 |  546.875 |  546.865 |  546.851 ||   +0.00   +0.00   +0.00   -0.00
       med   |  547.008 |  547.020 |  547.024 |  547.038 |  547.035
