=== process 1
SELFCHECK OK (256 whole-block lengths 1..256 blk x 8 variants; out/Xi/ivec/ret byte-identical)
bytes  blks  |     base |   baseAA |    tuned |    casck |      cw1 |      cw2 |      cw4 |      cw8 ||  baseAA%   tuned%   casck%     cw1%     cw2%     cw4%     cw8%
16     1     |   25.406 |   25.362 |   12.309 |   12.573 |   12.545 |   12.522 |   12.525 |   12.546 ||   -0.17  -51.55  -50.51  -50.62  -50.71  -50.70  -50.62
       med   |   25.750 |   25.622 |   12.344 |   12.595 |   12.548 |   12.561 |   12.570 |   12.550
32     2     |   23.375 |   23.394 |   13.332 |   13.231 |   13.282 |   13.362 |   13.361 |   13.260 ||   +0.08  -42.96  -43.40  -43.18  -42.84  -42.84  -43.27
       med   |   23.584 |   23.425 |   13.341 |   13.236 |   13.299 |   13.433 |   13.423 |   13.375
48     3     |   24.241 |   24.259 |   13.680 |   15.090 |   16.246 |   15.001 |   14.117 |   14.072 ||   +0.07  -43.57  -37.75  -32.98  -38.12  -41.76  -41.95
       med   |   24.447 |   24.291 |   13.685 |   15.130 |   16.297 |   15.032 |   14.246 |   14.126
64     4     |   25.120 |   25.095 |   14.871 |   18.345 |   19.900 |   17.710 |   15.567 |   15.529 ||   -0.10  -40.80  -26.97  -20.78  -29.50  -38.03  -38.18
       med   |   25.665 |   25.158 |   14.917 |   18.386 |   19.946 |   17.730 |   15.611 |   15.544
80     5     |   25.990 |   25.997 |   16.620 |   21.532 |   24.387 |   22.149 |   19.616 |   18.083 ||   +0.03  -36.05  -17.15   -6.17  -14.78  -24.52  -30.42
       med   |   26.019 |   26.066 |   16.636 |   21.601 |   26.915 |   23.873 |   19.990 |   18.102
96     6     |   26.916 |   26.905 |   18.779 |   25.010 |   28.301 |   24.154 |   22.082 |   20.212 ||   -0.04  -30.23   -7.08   +5.15  -10.26  -17.96  -24.91
       med   |   26.993 |   26.973 |   18.915 |   25.424 |   28.546 |   24.194 |   22.284 |   20.248
112    7     |   27.462 |   27.365 |   20.855 |   28.276 |   32.168 |   28.288 |   24.815 |   22.621 ||   -0.35  -24.06   +2.97  +17.14   +3.01   -9.64  -17.63
       med   |   27.522 |   27.486 |   21.236 |   28.947 |   32.453 |   28.330 |   24.837 |   22.841
128    8     |   25.523 |   25.559 |   22.939 |   31.670 |   36.072 |   30.210 |   27.297 |   25.112 ||   +0.14  -10.13  +24.08  +41.33  +18.36   +6.95   -1.61
       med   |   25.769 |   25.615 |   22.965 |   31.711 |   36.136 |   30.255 |   27.411 |   25.150
256    16    |   45.498 |   45.355 |   45.346 |   45.410 |   45.365 |   45.330 |   45.336 |   45.413 ||   -0.31   -0.33   -0.19   -0.29   -0.37   -0.36   -0.19
       med   |   45.873 |   45.697 |   46.094 |   45.811 |   46.078 |   45.697 |   45.621 |   46.454
512    32    |   84.370 |   84.507 |   83.703 |   84.317 |   84.425 |   84.440 |   84.470 |   84.208 ||   +0.16   -0.79   -0.06   +0.06   +0.08   +0.12   -0.19
       med   |   84.728 |   85.461 |   85.228 |   84.720 |   85.197 |   85.290 |   84.884 |   84.655
1024   64    |  161.172 |  161.988 |  161.938 |  162.043 |  161.955 |  161.959 |  162.007 |  161.934 ||   +0.51   +0.48   +0.54   +0.49   +0.49   +0.52   +0.47
       med   |  162.827 |  163.017 |  163.369 |  165.089 |  162.327 |  162.585 |  163.576 |  163.405
4096   256   |  628.505 |  628.862 |  628.631 |  628.962 |  628.854 |  628.852 |  628.737 |  628.448 ||   +0.06   +0.02   +0.07   +0.06   +0.06   +0.04   -0.01
       med   |  630.658 |  631.345 |  631.434 |  633.076 |  631.031 |  629.960 |  634.965 |  630.135
=== process 2
SELFCHECK OK (256 whole-block lengths 1..256 blk x 8 variants; out/Xi/ivec/ret byte-identical)
bytes  blks  |     base |   baseAA |    tuned |    casck |      cw1 |      cw2 |      cw4 |      cw8 ||  baseAA%   tuned%   casck%     cw1%     cw2%     cw4%     cw8%
16     1     |   25.369 |   25.341 |   12.314 |   12.572 |   12.544 |   12.524 |   12.530 |   12.546 ||   -0.11  -51.46  -50.44  -50.55  -50.64  -50.61  -50.55
       med   |   25.674 |   25.552 |   12.328 |   12.594 |   12.548 |   12.537 |   12.569 |   12.550
32     2     |   23.398 |   23.371 |   13.333 |   13.230 |   13.286 |   13.361 |   13.359 |   13.259 ||   -0.12  -43.02  -43.46  -43.22  -42.90  -42.90  -43.33
       med   |   23.562 |   23.429 |   13.342 |   13.235 |   13.364 |   13.432 |   13.422 |   13.375
48     3     |   24.248 |   24.257 |   13.679 |   15.093 |   16.245 |   15.002 |   14.112 |   14.116 ||   +0.04  -43.59  -37.75  -33.01  -38.13  -41.80  -41.78
       med   |   24.307 |   24.295 |   13.685 |   15.127 |   16.305 |   15.031 |   14.246 |   14.126
64     4     |   25.114 |   25.097 |   14.871 |   18.337 |   19.900 |   17.706 |   15.564 |   15.527 ||   -0.07  -40.79  -26.99  -20.76  -29.50  -38.03  -38.18
       med   |   25.362 |   25.158 |   14.916 |   18.389 |   19.939 |   17.737 |   15.579 |   15.542
80     5     |   25.984 |   25.987 |   16.617 |   21.531 |   24.462 |   22.164 |   19.610 |   18.079 ||   +0.01  -36.05  -17.14   -5.86  -14.70  -24.53  -30.42
       med   |   26.023 |   26.029 |   16.637 |   21.600 |   26.885 |   23.239 |   19.994 |   18.101
96     6     |   26.920 |   26.914 |   18.780 |   25.014 |   28.291 |   24.151 |   22.078 |   20.215 ||   -0.02  -30.24   -7.08   +5.09  -10.29  -17.99  -24.91
       med   |   26.963 |   26.974 |   19.176 |   25.361 |   28.541 |   24.191 |   22.291 |   20.247
112    7     |   27.457 |   27.361 |   20.854 |   28.279 |   32.164 |   28.285 |   24.813 |   22.630 ||   -0.35  -24.05   +3.00  +17.15   +3.02   -9.63  -17.58
       med   |   27.504 |   27.481 |   21.231 |   28.988 |   32.442 |   28.331 |   24.839 |   23.129
128    8     |   25.532 |   25.581 |   22.933 |   31.680 |   36.054 |   30.201 |   27.289 |   24.979 ||   +0.19  -10.18  +24.08  +41.21  +18.29   +6.88   -2.16
       med   |   26.094 |   25.610 |   23.433 |   31.709 |   36.270 |   30.253 |   27.398 |   25.151
256    16    |   45.414 |   45.402 |   45.346 |   45.342 |   45.405 |   45.332 |   45.336 |   45.389 ||   -0.03   -0.15   -0.16   -0.02   -0.18   -0.17   -0.05
       med   |   45.924 |   45.693 |   46.207 |   45.904 |   45.706 |   45.691 |   45.727 |   46.453
512    32    |   84.377 |   84.422 |   84.368 |   84.531 |   84.412 |   84.415 |   84.509 |   84.579 ||   +0.05   -0.01   +0.18   +0.04   +0.04   +0.16   +0.24
       med   |   84.692 |   85.368 |   85.170 |   86.595 |   84.587 |   85.151 |   84.701 |   85.552
1024   64    |  161.913 |  162.145 |  161.893 |  161.954 |  161.954 |  161.908 |  162.013 |  161.825 ||   +0.14   -0.01   +0.03   +0.03   -0.00   +0.06   -0.05
       med   |  163.128 |  163.157 |  162.893 |  165.179 |  162.851 |  162.601 |  163.423 |  163.151
4096   256   |  628.376 |  628.853 |  628.376 |  628.927 |  628.841 |  628.714 |  628.782 |  628.693 ||   +0.08   +0.00   +0.09   +0.07   +0.05   +0.06   +0.05
       med   |  630.831 |  631.216 |  630.424 |  634.449 |  630.035 |  629.894 |  632.354 |  630.192
=== process 3
SELFCHECK OK (256 whole-block lengths 1..256 blk x 8 variants; out/Xi/ivec/ret byte-identical)
bytes  blks  |     base |   baseAA |    tuned |    casck |      cw1 |      cw2 |      cw4 |      cw8 ||  baseAA%   tuned%   casck%     cw1%     cw2%     cw4%     cw8%
16     1     |   25.343 |   25.266 |   12.319 |   12.576 |   12.543 |   12.524 |   12.535 |   12.546 ||   -0.30  -51.39  -50.38  -50.51  -50.58  -50.54  -50.49
       med   |   25.683 |   25.563 |   12.326 |   12.594 |   12.549 |   12.546 |   12.570 |   12.550
32     2     |   23.402 |   23.380 |   13.332 |   13.230 |   13.288 |   13.357 |   13.359 |   13.262 ||   -0.09  -43.03  -43.47  -43.22  -42.93  -42.92  -43.33
       med   |   23.511 |   23.428 |   13.341 |   13.235 |   13.365 |   13.432 |   13.422 |   13.375
48     3     |   24.240 |   24.259 |   13.679 |   15.092 |   16.245 |   14.999 |   14.118 |   14.120 ||   +0.08  -43.57  -37.74  -32.98  -38.12  -41.76  -41.75
       med   |   24.306 |   24.299 |   13.685 |   15.126 |   16.297 |   15.032 |   14.244 |   14.128
64     4     |   25.132 |   25.096 |   14.872 |   18.345 |   19.901 |   17.709 |   15.562 |   15.526 ||   -0.14  -40.82  -27.00  -20.81  -29.54  -38.08  -38.22
       med   |   25.600 |   25.161 |   14.916 |   18.387 |   19.933 |   17.735 |   15.578 |   15.543
80     5     |   25.989 |   25.993 |   16.618 |   21.538 |   24.406 |   22.149 |   19.614 |   18.080 ||   +0.01  -36.06  -17.13   -6.09  -14.78  -24.53  -30.43
       med   |   26.020 |   26.025 |   16.636 |   21.609 |   25.039 |   22.614 |   19.994 |   18.099
96     6     |   26.926 |   26.908 |   18.792 |   25.011 |   28.306 |   24.145 |   22.083 |   20.210 ||   -0.07  -30.21   -7.11   +5.13  -10.33  -17.99  -24.94
       med   |   26.964 |   26.972 |   19.120 |   25.367 |   28.565 |   24.189 |   22.296 |   20.248
112    7     |   27.473 |   27.372 |   20.847 |   28.275 |   32.162 |   28.276 |   24.811 |   22.630 ||   -0.37  -24.12   +2.92  +17.07   +2.93   -9.69  -17.63
       med   |   27.497 |   27.480 |   21.237 |   28.966 |   32.436 |   28.336 |   24.841 |   23.135
128    8     |   25.519 |   25.585 |   22.939 |   31.668 |   36.035 |   30.212 |   27.293 |   25.123 ||   +0.26  -10.11  +24.10  +41.21  +18.39   +6.95   -1.55
       med   |   25.900 |   25.612 |   23.600 |   31.889 |   36.118 |   30.266 |   27.403 |   25.150
256    16    |   45.412 |   45.365 |   45.339 |   45.356 |   45.546 |   45.349 |   45.329 |   45.389 ||   -0.10   -0.16   -0.12   +0.29   -0.14   -0.18   -0.05
       med   |   45.968 |   45.787 |   46.051 |   45.815 |   46.080 |   45.690 |   45.590 |   46.433
512    32    |   84.390 |   84.475 |   84.391 |   84.407 |   84.432 |   84.496 |   84.427 |   84.392 ||   +0.10   +0.00   +0.02   +0.05   +0.13   +0.04   +0.00
       med   |   84.893 |   84.898 |   85.358 |   85.501 |   85.185 |   85.116 |   84.611 |   84.680
1024   64    |  161.043 |  161.910 |  161.913 |  161.969 |  162.073 |  162.024 |  161.931 |  162.030 ||   +0.54   +0.54   +0.57   +0.64   +0.61   +0.55   +0.61
       med   |  163.004 |  163.318 |  163.751 |  165.099 |  163.327 |  162.598 |  163.624 |  163.141
4096   256   |  628.144 |  628.876 |  628.831 |  628.880 |  628.856 |  628.746 |  628.771 |  628.720 ||   +0.12   +0.11   +0.12   +0.11   +0.10   +0.10   +0.09
       med   |  630.364 |  633.040 |  631.442 |  633.475 |  630.035 |  629.837 |  631.335 |  629.951
