=== process 1
SELFCHECK OK (256 whole-block lengths 1..256 blk x 8 variants; out/Xi/ivec/ret byte-identical)
bytes  blks  |     base |   baseAA |    tuned |    casck |      cw1 |      cw2 |      cw4 |      cw8 ||  baseAA%   tuned%   casck%     cw1%     cw2%     cw4%     cw8%
16     1     |   19.626 |   19.620 |   10.539 |   10.615 |   10.607 |   10.607 |   10.607 |   10.607 ||   -0.03  -46.30  -45.92  -45.96  -45.96  -45.96  -45.96
       med   |   19.642 |   19.643 |   10.549 |   10.618 |   10.608 |   10.608 |   10.608 |   10.608
32     2     |   19.646 |   19.647 |   11.366 |   11.277 |   11.320 |   11.573 |   11.588 |   11.574 ||   +0.00  -42.14  -42.60  -42.38  -41.09  -41.01  -41.09
       med   |   19.664 |   19.664 |   11.376 |   11.283 |   11.325 |   11.582 |   11.596 |   11.582
48     3     |   20.358 |   20.355 |   11.218 |   12.219 |   12.766 |   12.189 |   11.851 |   11.853 ||   -0.01  -44.89  -39.98  -37.29  -40.13  -41.79  -41.78
       med   |   20.376 |   20.378 |   11.226 |   12.228 |   12.778 |   12.220 |   11.857 |   11.857
64     4     |   20.955 |   20.955 |   12.158 |   14.584 |   15.679 |   14.025 |   12.944 |   12.942 ||   +0.00  -41.98  -30.40  -25.18  -33.07  -38.23  -38.24
       med   |   20.976 |   20.974 |   12.166 |   14.600 |   15.697 |   14.040 |   12.955 |   12.956
80     5     |   21.603 |   21.600 |   13.606 |   17.079 |   18.874 |   17.158 |   15.944 |   14.849 ||   -0.02  -37.02  -20.94  -12.63  -20.58  -26.20  -31.26
       med   |   21.627 |   21.628 |   13.620 |   17.132 |   18.900 |   17.176 |   15.968 |   14.865
96     6     |   22.372 |   22.378 |   15.648 |   19.679 |   21.976 |   19.202 |   18.043 |   16.714 ||   +0.03  -30.06  -12.04   -1.77  -14.17  -19.35  -25.29
       med   |   22.407 |   22.408 |   15.667 |   19.700 |   21.995 |   19.226 |   18.066 |   16.737
112    7     |   22.845 |   22.849 |   17.525 |   22.297 |   24.950 |   22.524 |   20.440 |   18.908 ||   +0.01  -23.29   -2.40   +9.21   -1.41  -10.53  -17.24
       med   |   22.873 |   22.887 |   17.572 |   22.320 |   25.072 |   22.589 |   20.462 |   18.930
128    8     |   21.463 |   21.460 |   19.737 |   24.929 |   28.138 |   24.260 |   22.438 |   20.959 ||   -0.01   -8.04  +16.15  +31.10  +13.04   +4.55   -2.35
       med   |   21.484 |   21.485 |   19.744 |   24.954 |   28.182 |   24.289 |   22.474 |   21.025
256    16    |   38.176 |   38.183 |   38.179 |   38.180 |   38.177 |   38.180 |   38.181 |   38.176 ||   +0.02   +0.01   +0.01   +0.00   +0.01   +0.01   +0.00
       med   |   38.209 |   38.213 |   38.212 |   38.214 |   38.216 |   38.213 |   38.216 |   38.213
512    32    |   71.110 |   71.130 |   71.134 |   71.143 |   71.141 |   71.138 |   71.142 |   71.137 ||   +0.03   +0.03   +0.05   +0.04   +0.04   +0.04   +0.04
       med   |   71.163 |   71.170 |   71.181 |   71.181 |   71.182 |   71.180 |   71.184 |   71.185
1024   64    |  138.507 |  138.499 |  138.565 |  138.561 |  138.558 |  138.553 |  138.509 |  138.514 ||   -0.01   +0.04   +0.04   +0.04   +0.03   +0.00   +0.01
       med   |  138.552 |  138.564 |  138.591 |  138.590 |  138.591 |  138.593 |  138.591 |  138.598
4096   256   |  546.876 |  546.904 |  546.926 |  546.934 |  546.917 |  546.923 |  546.875 |  546.882 ||   +0.01   +0.01   +0.01   +0.01   +0.01   -0.00   +0.00
       med   |  547.210 |  547.247 |  547.242 |  547.265 |  547.202 |  547.249 |  547.223 |  547.240
=== process 2
SELFCHECK OK (256 whole-block lengths 1..256 blk x 8 variants; out/Xi/ivec/ret byte-identical)
bytes  blks  |     base |   baseAA |    tuned |    casck |      cw1 |      cw2 |      cw4 |      cw8 ||  baseAA%   tuned%   casck%     cw1%     cw2%     cw4%     cw8%
16     1     |   19.624 |   19.619 |   10.540 |   10.615 |   10.607 |   10.607 |   10.607 |   10.607 ||   -0.03  -46.29  -45.91  -45.95  -45.95  -45.95  -45.95
       med   |   19.641 |   19.641 |   10.549 |   10.618 |   10.609 |   10.608 |   10.608 |   10.608
32     2     |   19.648 |   19.649 |   11.365 |   11.276 |   11.319 |   11.573 |   11.584 |   11.576 ||   +0.01  -42.16  -42.61  -42.39  -41.10  -41.04  -41.08
       med   |   19.663 |   19.662 |   11.377 |   11.283 |   11.325 |   11.582 |   11.596 |   11.583
48     3     |   20.352 |   20.360 |   11.217 |   12.217 |   12.767 |   12.188 |   11.851 |   11.850 ||   +0.04  -44.89  -39.97  -37.27  -40.11  -41.77  -41.77
       med   |   20.378 |   20.379 |   11.225 |   12.228 |   12.777 |   12.220 |   11.857 |   11.857
64     4     |   20.957 |   20.952 |   12.158 |   14.586 |   15.674 |   14.020 |   12.945 |   12.943 ||   -0.02  -41.98  -30.40  -25.21  -33.10  -38.23  -38.24
       med   |   20.976 |   20.974 |   12.167 |   14.599 |   15.694 |   14.041 |   12.956 |   12.955
80     5     |   21.604 |   21.604 |   13.601 |   17.088 |   18.879 |   17.151 |   15.942 |   14.846 ||   -0.00  -37.04  -20.90  -12.61  -20.61  -26.21  -31.28
       med   |   21.626 |   21.627 |   13.618 |   17.115 |   18.899 |   17.175 |   15.965 |   14.866
96     6     |   22.377 |   22.379 |   15.643 |   19.678 |   21.966 |   19.205 |   18.047 |   16.719 ||   +0.01  -30.10  -12.06   -1.83  -14.18  -19.35  -25.28
       med   |   22.406 |   22.410 |   15.665 |   19.702 |   21.993 |   19.228 |   18.064 |   16.736
112    7     |   22.839 |   22.843 |   17.525 |   22.301 |   24.952 |   22.527 |   20.436 |   18.906 ||   +0.02  -23.27   -2.36   +9.25   -1.37  -10.52  -17.22
       med   |   22.876 |   22.882 |   17.569 |   22.322 |   25.071 |   22.582 |   20.461 |   18.931
128    8     |   21.460 |   21.462 |   19.736 |   24.924 |   28.137 |   24.260 |   22.444 |   21.008 ||   +0.01   -8.03  +16.14  +31.11  +13.05   +4.58   -2.11
       med   |   21.484 |   21.481 |   19.743 |   24.952 |   28.176 |   24.289 |   22.469 |   21.027
256    16    |   38.173 |   38.186 |   38.171 |   38.185 |   38.187 |   38.180 |   38.176 |   38.185 ||   +0.03   -0.00   +0.03   +0.04   +0.02   +0.01   +0.03
       med   |   38.212 |   38.211 |   38.215 |   38.218 |   38.213 |   38.213 |   38.215 |   38.216
512    32    |   71.120 |   71.125 |   71.149 |   71.137 |   71.141 |   71.080 |   71.141 |   71.134 ||   +0.01   +0.04   +0.02   +0.03   -0.06   +0.03   +0.02
       med   |   71.161 |   71.172 |   71.180 |   71.184 |   71.185 |   71.185 |   71.183 |   71.178
1024   64    |  138.506 |  138.502 |  138.557 |  138.555 |  138.562 |  138.566 |  138.518 |  138.512 ||   -0.00   +0.04   +0.04   +0.04   +0.04   +0.01   +0.00
       med   |  138.558 |  138.582 |  138.600 |  138.601 |  138.594 |  138.596 |  138.615 |  138.607
4096   256   |  546.880 |  546.927 |  546.947 |  546.887 |  546.915 |  546.929 |  546.898 |  546.907 ||   +0.01   +0.01   +0.00   +0.01   +0.01   +0.00   +0.00
       med   |  547.237 |  547.263 |  547.237 |  547.207 |  547.219 |  547.245 |  547.216 |  547.229
=== process 3
SELFCHECK OK (256 whole-block lengths 1..256 blk x 8 variants; out/Xi/ivec/ret byte-identical)
bytes  blks  |     base |   baseAA |    tuned |    casck |      cw1 |      cw2 |      cw4 |      cw8 ||  baseAA%   tuned%   casck%     cw1%     cw2%     cw4%     cw8%
16     1     |   19.620 |   19.624 |   10.539 |   10.615 |   10.607 |   10.607 |   10.607 |   10.607 ||   +0.02  -46.28  -45.89  -45.94  -45.94  -45.94  -45.94
       med   |   19.644 |   19.643 |   10.549 |   10.618 |   10.609 |   10.608 |   10.608 |   10.608
32     2     |   19.643 |   19.650 |   11.364 |   11.276 |   11.320 |   11.572 |   11.587 |   11.572 ||   +0.03  -42.15  -42.59  -42.37  -41.09  -41.01  -41.09
       med   |   19.663 |   19.663 |   11.375 |   11.283 |   11.325 |   11.582 |   11.596 |   11.582
48     3     |   20.364 |   20.357 |   11.217 |   12.220 |   12.769 |   12.189 |   11.852 |   11.852 ||   -0.03  -44.92  -39.99  -37.30  -40.14  -41.80  -41.80
       med   |   20.378 |   20.378 |   11.225 |   12.228 |   12.780 |   12.220 |   11.857 |   11.858
64     4     |   20.954 |   20.956 |   12.157 |   14.586 |   15.675 |   14.026 |   12.943 |   12.942 ||   +0.01  -41.98  -30.39  -25.20  -33.06  -38.23  -38.24
       med   |   20.975 |   20.975 |   12.167 |   14.602 |   15.697 |   14.040 |   12.957 |   12.956
80     5     |   21.606 |   21.603 |   13.605 |   17.087 |   18.882 |   17.161 |   15.943 |   14.847 ||   -0.01  -37.03  -20.91  -12.61  -20.57  -26.21  -31.28
       med   |   21.630 |   21.630 |   13.618 |   17.139 |   18.901 |   17.175 |   15.968 |   14.865
96     6     |   22.372 |   22.382 |   15.647 |   19.679 |   21.966 |   19.204 |   18.048 |   16.712 ||   +0.05  -30.06  -12.04   -1.82  -14.16  -19.33  -25.30
       med   |   22.408 |   22.406 |   15.667 |   19.701 |   21.996 |   19.226 |   18.061 |   16.737
112    7     |   22.845 |   22.849 |   17.525 |   22.287 |   24.950 |   22.510 |   20.442 |   18.906 ||   +0.02  -23.29   -2.44   +9.22   -1.47  -10.52  -17.24
       med   |   22.877 |   22.885 |   17.569 |   22.323 |   25.100 |   22.590 |   20.461 |   18.929
128    8     |   21.463 |   21.459 |   19.736 |   24.930 |   28.137 |   24.259 |   22.445 |   20.997 ||   -0.02   -8.05  +16.15  +31.10  +13.03   +4.58   -2.17
       med   |   21.486 |   21.485 |   19.742 |   24.956 |   28.179 |   24.292 |   22.472 |   21.022
256    16    |   38.179 |   38.172 |   38.182 |   38.184 |   38.176 |   38.186 |   38.189 |   38.174 ||   -0.02   +0.01   +0.01   -0.01   +0.02   +0.03   -0.01
       med   |   38.211 |   38.215 |   38.216 |   38.217 |   38.217 |   38.216 |   38.216 |   38.215
512    32    |   71.124 |   71.125 |   71.144 |   71.148 |   71.144 |   71.136 |   71.151 |   71.134 ||   +0.00   +0.03   +0.03   +0.03   +0.02   +0.04   +0.01
       med   |   71.164 |   71.171 |   71.185 |   71.185 |   71.182 |   71.185 |   71.194 |   71.182
1024   64    |  138.504 |  138.498 |  138.502 |  138.502 |  138.560 |  138.557 |  138.511 |  138.519 ||   -0.00   -0.00   -0.00   +0.04   +0.04   +0.01   +0.01
       med   |  138.558 |  138.579 |  138.593 |  138.593 |  138.591 |  138.591 |  138.601 |  138.596
4096   256   |  546.882 |  546.917 |  546.937 |  546.913 |  546.942 |  546.937 |  546.905 |  546.879 ||   +0.01   +0.01   +0.01   +0.01   +0.01   +0.00   -0.00
       med   |  547.220 |  547.222 |  547.220 |  547.235 |  547.206 |  547.235 |  547.236 |  547.183
