## bin=binA host=gv3 core=3 reps=300 nproc=5
## O1: base baseAA w1 w1AA ka kb kc kd Ka Kb Kc Kd
## O2: base Kd Kc Kb Ka kd kc kb ka w1AA w1 baseAA
## O3: base kc kd Ka Kb Kc Kd baseAA w1 w1AA ka kb
=== process binA.order1.1
SELFCHECK OK (256 whole-block lengths 1..256 blk x 12 variants; out/Xi/ivec/ret byte-identical, nothing written past 16*nblk)
bytes  blks  |     base |   baseAA |       w1 |     w1AA |       ka |       kb |       kc |       kd |       Ka |       Kb |       Kc |       Kd ||  baseAA%      w1%    w1AA%      ka%      kb%      kc%      kd%      Ka%      Kb%      Kc%      Kd%
16     1     |   26.262 |   26.362 |   13.863 |   13.960 |   13.835 |   13.840 |   13.953 |   13.857 |   13.781 |   13.992 |   13.831 |   14.018 ||   +0.38  -47.21  -46.84  -47.32  -47.30  -46.87  -47.24  -47.53  -46.72  -47.33  -46.62
       med   |   26.739 |   27.202 |   14.100 |   14.102 |   14.103 |   14.098 |   14.099 |   14.095 |   13.920 |   14.169 |   14.027 |   14.062
32     2     |   26.530 |   26.467 |   15.304 |   15.305 |   15.300 |   15.324 |   15.316 |   15.294 |   15.323 |   15.382 |   15.391 |   15.461 ||   -0.24  -42.31  -42.31  -42.33  -42.24  -42.27  -42.35  -42.24  -42.02  -41.99  -41.72
       med   |   26.793 |   26.692 |   15.319 |   15.322 |   15.378 |   15.371 |   15.375 |   15.358 |   15.344 |   15.455 |   15.405 |   15.583
48     3     |   27.534 |   27.720 |   18.913 |   18.910 |   18.740 |   18.722 |   18.730 |   18.816 |   18.773 |   18.798 |   19.074 |   19.043 ||   +0.68  -31.31  -31.32  -31.94  -32.00  -31.97  -31.66  -31.82  -31.73  -30.72  -30.84
       med   |   28.265 |   27.981 |   19.034 |   19.153 |   18.917 |   18.931 |   18.893 |   19.055 |   18.979 |   19.078 |   19.181 |   19.160
64     4     |   28.909 |   28.887 |   23.130 |   23.127 |   22.822 |   22.784 |   22.878 |   23.003 |   23.060 |   23.061 |   23.232 |   23.298 ||   -0.08  -19.99  -20.00  -21.06  -21.19  -20.86  -20.43  -20.23  -20.23  -19.64  -19.41
       med   |   29.227 |   29.117 |   23.160 |   23.170 |   22.858 |   23.065 |   23.352 |   23.029 |   23.272 |   23.084 |   23.264 |   23.331
80     5     |   29.952 |   29.999 |   30.018 |   30.053 |   30.030 |   30.031 |   30.039 |   30.054 |   30.049 |   30.055 |   30.041 |   30.018 ||   +0.16   +0.22   +0.34   +0.26   +0.26   +0.29   +0.34   +0.32   +0.34   +0.30   +0.22
       med   |   30.232 |   30.302 |   30.255 |   30.279 |   30.355 |   30.336 |   30.308 |   30.311 |   30.228 |   30.332 |   30.219 |   30.311
96     6     |   30.901 |   30.857 |   30.884 |   30.844 |   30.854 |   30.850 |   30.877 |   30.837 |   30.852 |   30.866 |   30.858 |   30.840 ||   -0.14   -0.05   -0.18   -0.15   -0.16   -0.08   -0.21   -0.16   -0.11   -0.14   -0.20
       med   |   31.072 |   31.230 |   31.038 |   31.034 |   31.066 |   31.070 |   31.075 |   31.043 |   31.023 |   31.130 |   31.024 |   31.056
112    7     |   31.695 |   31.722 |   31.752 |   31.755 |   31.766 |   31.763 |   31.764 |   31.764 |   31.761 |   31.764 |   31.758 |   31.742 ||   +0.09   +0.18   +0.19   +0.22   +0.22   +0.22   +0.22   +0.21   +0.22   +0.20   +0.15
       med   |   32.343 |   32.235 |   32.175 |   32.135 |   32.252 |   32.183 |   32.186 |   32.165 |   32.104 |   32.346 |   32.264 |   32.358
128    8     |   30.066 |   30.044 |   30.096 |   30.101 |   30.083 |   30.114 |   30.043 |   30.100 |   30.080 |   30.110 |   30.100 |   29.863 ||   -0.07   +0.10   +0.12   +0.06   +0.16   -0.08   +0.11   +0.05   +0.15   +0.11   -0.68
       med   |   30.234 |   30.298 |   30.252 |   30.385 |   30.453 |   30.327 |   30.368 |   30.376 |   30.249 |   30.410 |   30.221 |   30.328
256    16    |   52.217 |   52.405 |   51.975 |   52.067 |   52.210 |   51.992 |   52.122 |   52.130 |   52.020 |   52.148 |   51.937 |   52.140 ||   +0.36   -0.46   -0.29   -0.01   -0.43   -0.18   -0.17   -0.38   -0.13   -0.54   -0.15
       med   |   52.831 |   52.971 |   52.607 |   52.691 |   52.707 |   52.586 |   52.602 |   52.666 |   52.589 |   52.662 |   52.640 |   52.568
512    32    |   95.244 |   95.242 |   94.288 |   94.962 |   94.666 |   93.927 |   94.325 |   94.796 |   94.027 |   94.957 |   94.832 |   94.842 ||   -0.00   -1.00   -0.30   -0.61   -1.38   -0.96   -0.47   -1.28   -0.30   -0.43   -0.42
       med   |   96.133 |   96.245 |   95.504 |   95.760 |   95.547 |   95.578 |   95.585 |   95.789 |   95.462 |   95.727 |   95.579 |   95.646
1024   64    |  179.643 |  180.004 |  179.910 |  179.855 |  179.939 |  179.617 |  179.642 |  179.543 |  179.720 |  179.854 |  179.141 |  178.490 ||   +0.20   +0.15   +0.12   +0.16   -0.02   -0.00   -0.06   +0.04   +0.12   -0.28   -0.64
       med   |  182.574 |  182.768 |  181.546 |  181.690 |  181.486 |  181.424 |  181.476 |  181.500 |  181.277 |  181.574 |  181.501 |  181.639
4096   256   |  695.086 |  693.346 |  690.227 |  690.843 |  690.220 |  691.277 |  690.605 |  690.089 |  691.035 |  691.254 |  691.176 |  691.235 ||   -0.25   -0.70   -0.61   -0.70   -0.55   -0.64   -0.72   -0.58   -0.55   -0.56   -0.55
       med   |  699.848 |  700.492 |  694.678 |  694.876 |  695.135 |  694.130 |  694.216 |  693.952 |  694.456 |  695.192 |  695.780 |  694.796
=== process binA.order1.2
SELFCHECK OK (256 whole-block lengths 1..256 blk x 12 variants; out/Xi/ivec/ret byte-identical, nothing written past 16*nblk)
bytes  blks  |     base |   baseAA |       w1 |     w1AA |       ka |       kb |       kc |       kd |       Ka |       Kb |       Kc |       Kd ||  baseAA%      w1%    w1AA%      ka%      kb%      kc%      kd%      Ka%      Kb%      Kc%      Kd%
16     1     |   26.140 |   26.158 |   13.958 |   13.958 |   13.770 |   13.858 |   13.948 |   13.843 |   13.799 |   14.006 |   13.838 |   14.020 ||   +0.07  -46.60  -46.60  -47.32  -46.99  -46.64  -47.04  -47.21  -46.42  -47.06  -46.37
       med   |   26.397 |   26.458 |   14.110 |   14.106 |   14.096 |   14.092 |   14.097 |   14.095 |   13.923 |   14.170 |   14.037 |   14.066
32     2     |   26.481 |   26.483 |   15.304 |   15.303 |   15.301 |   15.324 |   15.312 |   15.296 |   15.322 |   15.383 |   15.391 |   15.462 ||   +0.01  -42.21  -42.21  -42.22  -42.13  -42.18  -42.24  -42.14  -41.91  -41.88  -41.61
       med   |   26.817 |   26.708 |   15.315 |   15.319 |   15.378 |   15.367 |   15.371 |   15.368 |   15.333 |   15.458 |   15.403 |   15.583
48     3     |   27.574 |   27.737 |   18.929 |   18.875 |   18.715 |   18.683 |   18.704 |   18.799 |   18.765 |   18.785 |   19.052 |   19.027 ||   +0.59  -31.35  -31.55  -32.13  -32.24  -32.17  -31.82  -31.95  -31.87  -30.91  -31.00
       med   |   28.569 |   27.989 |   19.020 |   19.108 |   18.927 |   18.930 |   18.868 |   18.999 |   18.976 |   19.090 |   19.166 |   19.107
64     4     |   28.922 |   28.895 |   23.123 |   23.130 |   22.824 |   22.777 |   22.887 |   22.998 |   23.060 |   23.056 |   23.236 |   23.297 ||   -0.09  -20.05  -20.03  -21.09  -21.25  -20.87  -20.48  -20.27  -20.28  -19.66  -19.45
       med   |   29.304 |   29.115 |   23.154 |   23.162 |   23.011 |   23.050 |   22.914 |   23.040 |   23.283 |   23.084 |   23.263 |   23.327
80     5     |   29.947 |   30.005 |   30.049 |   30.048 |   30.031 |   30.053 |   30.044 |   30.056 |   30.048 |   30.039 |   30.055 |   30.049 ||   +0.20   +0.34   +0.34   +0.28   +0.35   +0.32   +0.36   +0.34   +0.31   +0.36   +0.34
       med   |   30.205 |   30.323 |   30.263 |   30.295 |   30.334 |   30.341 |   30.303 |   30.325 |   30.214 |   30.340 |   30.255 |   30.260
96     6     |   30.917 |   30.867 |   30.872 |   30.878 |   30.886 |   30.880 |   30.879 |   30.878 |   30.866 |   30.891 |   30.848 |   30.870 ||   -0.16   -0.15   -0.13   -0.10   -0.12   -0.12   -0.12   -0.16   -0.08   -0.22   -0.15
       med   |   31.021 |   31.181 |   31.029 |   31.024 |   31.114 |   31.067 |   31.060 |   31.068 |   31.023 |   31.167 |   31.032 |   31.056
112    7     |   31.965 |   31.730 |   31.815 |   31.792 |   32.068 |   32.004 |   31.770 |   31.996 |   31.782 |   32.004 |   32.431 |   32.931 ||   -0.74   -0.47   -0.54   +0.32   +0.12   -0.61   +0.10   -0.57   +0.12   +1.46   +3.02
       med   |   34.510 |   34.893 |   34.137 |   34.453 |   34.717 |   34.397 |   34.747 |   34.136 |   34.116 |   34.130 |   34.126 |   34.145
128    8     |   30.095 |   30.040 |   30.054 |   30.047 |   30.119 |   30.096 |   30.013 |   30.012 |   30.091 |   30.107 |   30.104 |   30.056 ||   -0.18   -0.14   -0.16   +0.08   +0.00   -0.27   -0.27   -0.01   +0.04   +0.03   -0.13
       med   |   30.250 |   30.194 |   30.241 |   30.297 |   30.480 |   30.352 |   30.310 |   30.370 |   30.248 |   30.395 |   30.203 |   30.291
256    16    |   51.585 |   52.357 |   52.174 |   52.060 |   52.139 |   52.090 |   51.961 |   52.084 |   52.168 |   51.989 |   52.135 |   52.112 ||   +1.50   +1.14   +0.92   +1.07   +0.98   +0.73   +0.97   +1.13   +0.78   +1.07   +1.02
       med   |   52.768 |   52.869 |   52.617 |   52.626 |   52.628 |   52.555 |   52.638 |   52.641 |   52.588 |   52.700 |   52.614 |   52.543
512    32    |   95.058 |   94.867 |   93.628 |   94.462 |   93.928 |   94.892 |   93.622 |   94.012 |   94.795 |   94.881 |   94.841 |   94.982 ||   -0.20   -1.50   -0.63   -1.19   -0.17   -1.51   -1.10   -0.28   -0.19   -0.23   -0.08
       med   |   96.004 |   96.185 |   95.499 |   95.672 |   95.517 |   95.783 |   95.529 |   95.584 |   95.415 |   95.758 |   95.577 |   95.755
1024   64    |  180.312 |  179.462 |  178.977 |  179.752 |  179.864 |  180.020 |  179.653 |  179.822 |  179.838 |  179.510 |  179.873 |  179.799 ||   -0.47   -0.74   -0.31   -0.25   -0.16   -0.37   -0.27   -0.26   -0.45   -0.24   -0.28
       med   |  182.479 |  182.690 |  181.474 |  181.635 |  181.432 |  181.450 |  181.371 |  181.492 |  181.436 |  181.676 |  181.508 |  181.505
4096   256   |  693.269 |  694.352 |  690.593 |  690.422 |  691.367 |  690.765 |  691.340 |  690.324 |  690.491 |  690.606 |  690.834 |  690.827 ||   +0.16   -0.39   -0.41   -0.27   -0.36   -0.28   -0.42   -0.40   -0.38   -0.35   -0.35
       med   |  700.240 |  700.491 |  694.876 |  694.523 |  695.051 |  694.278 |  694.396 |  694.198 |  694.346 |  695.243 |  695.863 |  694.928
=== process binA.order1.3
SELFCHECK OK (256 whole-block lengths 1..256 blk x 12 variants; out/Xi/ivec/ret byte-identical, nothing written past 16*nblk)
bytes  blks  |     base |   baseAA |       w1 |     w1AA |       ka |       kb |       kc |       kd |       Ka |       Kb |       Kc |       Kd ||  baseAA%      w1%    w1AA%      ka%      kb%      kc%      kd%      Ka%      Kb%      Kc%      Kd%
16     1     |   26.307 |   26.236 |   13.948 |   13.906 |   13.872 |   13.861 |   13.931 |   13.962 |   13.786 |   13.991 |   13.832 |   14.010 ||   -0.27  -46.98  -47.14  -47.27  -47.31  -47.04  -46.93  -47.60  -46.82  -47.42  -46.74
       med   |   26.536 |   26.813 |   14.100 |   14.107 |   14.096 |   14.087 |   14.095 |   14.095 |   13.915 |   14.168 |   14.022 |   14.064
32     2     |   26.538 |   26.471 |   15.301 |   15.302 |   15.304 |   15.323 |   15.314 |   15.297 |   15.324 |   15.378 |   15.384 |   15.460 ||   -0.25  -42.34  -42.34  -42.33  -42.26  -42.30  -42.36  -42.26  -42.05  -42.03  -41.74
       med   |   26.791 |   26.721 |   15.316 |   15.334 |   15.385 |   15.377 |   15.382 |   15.379 |   15.340 |   15.457 |   15.423 |   15.607
48     3     |   27.722 |   27.717 |   18.873 |   18.874 |   18.707 |   18.688 |   18.691 |   18.784 |   18.764 |   18.771 |   19.037 |   19.021 ||   -0.02  -31.92  -31.92  -32.52  -32.59  -32.58  -32.24  -32.31  -32.29  -31.33  -31.39
       med   |   28.230 |   27.980 |   19.122 |   19.198 |   18.981 |   18.938 |   18.940 |   19.057 |   19.025 |   19.042 |   19.216 |   19.176
64     4     |   28.924 |   28.886 |   23.123 |   23.130 |   22.826 |   22.785 |   22.882 |   22.999 |   23.047 |   23.041 |   23.235 |   23.294 ||   -0.13  -20.05  -20.03  -21.08  -21.22  -20.89  -20.48  -20.32  -20.34  -19.67  -19.46
       med   |   29.198 |   29.104 |   23.156 |   23.160 |   22.990 |   23.056 |   22.912 |   23.157 |   23.282 |   23.078 |   23.265 |   23.327
80     5     |   29.958 |   29.988 |   30.051 |   30.045 |   30.025 |   30.018 |   30.013 |   30.057 |   29.999 |   30.053 |   30.051 |   30.029 ||   +0.10   +0.31   +0.29   +0.22   +0.20   +0.18   +0.33   +0.13   +0.32   +0.31   +0.24
       med   |   30.236 |   30.316 |   30.253 |   30.278 |   30.337 |   30.333 |   30.303 |   30.325 |   30.245 |   30.323 |   30.223 |   30.312
96     6     |   30.905 |   30.879 |   30.868 |   30.870 |   30.891 |   30.865 |   30.870 |   30.864 |   30.867 |   30.878 |   30.852 |   30.852 ||   -0.08   -0.12   -0.11   -0.05   -0.13   -0.11   -0.13   -0.12   -0.09   -0.17   -0.17
       med   |   31.090 |   31.131 |   31.028 |   31.028 |   31.178 |   31.066 |   31.062 |   31.056 |   31.022 |   31.098 |   31.028 |   31.054
112    7     |   31.829 |   31.734 |   31.766 |   31.765 |   31.781 |   31.768 |   31.764 |   31.767 |   31.766 |   31.762 |   31.777 |   31.766 ||   -0.30   -0.20   -0.20   -0.15   -0.19   -0.20   -0.19   -0.20   -0.21   -0.16   -0.20
       med   |   34.242 |   35.049 |   34.478 |   34.509 |   34.555 |   34.485 |   34.558 |   34.508 |   34.497 |   34.453 |   34.509 |   34.548
128    8     |   30.108 |   30.038 |   30.106 |   30.106 |   30.109 |   30.108 |   30.110 |   30.107 |   30.103 |   30.115 |   30.112 |   30.105 ||   -0.23   -0.01   -0.00   +0.00   +0.00   +0.01   -0.00   -0.02   +0.02   +0.01   -0.01
       med   |   30.246 |   30.232 |   30.275 |   30.362 |   30.484 |   30.325 |   30.324 |   30.269 |   30.257 |   30.405 |   30.235 |   30.282
256    16    |   52.236 |   52.366 |   52.126 |   52.174 |   52.197 |   52.134 |   52.154 |   52.088 |   52.102 |   52.126 |   52.130 |   52.095 ||   +0.25   -0.21   -0.12   -0.08   -0.20   -0.16   -0.28   -0.26   -0.21   -0.20   -0.27
       med   |   52.798 |   52.963 |   52.590 |   52.664 |   52.651 |   52.608 |   52.641 |   52.659 |   52.534 |   52.646 |   52.646 |   52.582
512    32    |   94.930 |   95.263 |   94.607 |   94.967 |   94.685 |   94.327 |   94.891 |   94.893 |   94.116 |   94.841 |   94.226 |   94.957 ||   +0.35   -0.34   +0.04   -0.26   -0.64   -0.04   -0.04   -0.86   -0.09   -0.74   +0.03
       med   |   96.087 |   96.196 |   95.514 |   95.728 |   95.533 |   95.567 |   95.472 |   95.608 |   95.448 |   95.672 |   95.549 |   95.754
1024   64    |  179.927 |  180.252 |  179.916 |  179.876 |  179.929 |  179.233 |  179.811 |  179.958 |  179.800 |  179.223 |  179.867 |  179.900 ||   +0.18   -0.01   -0.03   +0.00   -0.39   -0.06   +0.02   -0.07   -0.39   -0.03   -0.02
       med   |  182.524 |  182.792 |  181.508 |  181.627 |  181.452 |  181.411 |  181.400 |  181.358 |  181.409 |  181.456 |  181.344 |  181.475
4096   256   |  693.331 |  692.838 |  690.655 |  690.121 |  690.737 |  690.795 |  690.734 |  690.060 |  691.048 |  690.909 |  690.993 |  691.111 ||   -0.07   -0.39   -0.46   -0.37   -0.37   -0.37   -0.47   -0.33   -0.35   -0.34   -0.32
       med   |  699.378 |  699.543 |  694.087 |  694.506 |  694.575 |  693.997 |  694.077 |  693.944 |  694.290 |  694.800 |  694.968 |  694.348
=== process binA.order1.4
SELFCHECK OK (256 whole-block lengths 1..256 blk x 12 variants; out/Xi/ivec/ret byte-identical, nothing written past 16*nblk)
bytes  blks  |     base |   baseAA |       w1 |     w1AA |       ka |       kb |       kc |       kd |       Ka |       Kb |       Kc |       Kd ||  baseAA%      w1%    w1AA%      ka%      kb%      kc%      kd%      Ka%      Kb%      Kc%      Kd%
16     1     |   26.321 |   26.182 |   13.956 |   13.956 |   13.748 |   13.869 |   13.857 |   13.861 |   13.788 |   14.080 |   13.829 |   13.907 ||   -0.53  -46.98  -46.98  -47.77  -47.31  -47.36  -47.34  -47.62  -46.51  -47.46  -47.16
       med   |   26.529 |   26.833 |   14.102 |   14.106 |   14.098 |   14.092 |   14.099 |   14.095 |   13.918 |   14.170 |   14.025 |   14.064
32     2     |   26.517 |   26.468 |   15.304 |   15.307 |   15.299 |   15.322 |   15.317 |   15.295 |   15.320 |   15.386 |   15.388 |   15.461 ||   -0.18  -42.29  -42.28  -42.31  -42.22  -42.24  -42.32  -42.22  -41.98  -41.97  -41.69
       med   |   26.776 |   26.698 |   15.316 |   15.320 |   15.378 |   15.369 |   15.376 |   15.371 |   15.336 |   15.456 |   15.403 |   15.581
48     3     |   27.755 |   27.695 |   18.884 |   18.881 |   18.714 |   18.688 |   18.691 |   18.775 |   18.765 |   18.782 |   19.043 |   19.022 ||   -0.22  -31.96  -31.97  -32.58  -32.67  -32.66  -32.35  -32.39  -32.33  -31.39  -31.47
       med   |   28.179 |   27.971 |   19.218 |   19.174 |   18.908 |   19.061 |   18.853 |   19.004 |   18.977 |   19.086 |   19.166 |   19.108
64     4     |   28.933 |   28.876 |   23.128 |   23.130 |   22.826 |   22.778 |   22.889 |   22.997 |   23.060 |   23.055 |   23.235 |   23.302 ||   -0.20  -20.06  -20.06  -21.11  -21.27  -20.89  -20.52  -20.30  -20.31  -19.69  -19.46
       med   |   29.205 |   29.114 |   23.158 |   23.258 |   22.863 |   23.059 |   23.362 |   23.029 |   23.291 |   23.079 |   23.264 |   23.337
80     5     |   29.949 |   29.987 |   30.038 |   30.016 |   30.052 |   30.046 |   30.022 |   30.036 |   30.044 |   30.034 |   30.048 |   30.049 ||   +0.13   +0.30   +0.22   +0.34   +0.32   +0.24   +0.29   +0.32   +0.29   +0.33   +0.34
       med   |   30.184 |   30.225 |   30.273 |   30.292 |   30.384 |   30.347 |   30.285 |   30.306 |   30.244 |   30.341 |   30.258 |   30.296
96     6     |   30.907 |   30.869 |   30.867 |   30.879 |   30.861 |   30.868 |   30.848 |   30.864 |   30.843 |   30.879 |   30.870 |   30.870 ||   -0.12   -0.13   -0.09   -0.15   -0.13   -0.19   -0.14   -0.21   -0.09   -0.12   -0.12
       med   |   31.073 |   31.104 |   31.032 |   31.026 |   31.181 |   31.078 |   31.068 |   31.039 |   31.022 |   31.108 |   31.028 |   31.040
112    7     |   31.833 |   31.731 |   31.766 |   31.758 |   31.761 |   31.772 |   31.644 |   31.763 |   31.755 |   31.774 |   31.774 |   31.764 ||   -0.32   -0.21   -0.24   -0.23   -0.19   -0.60   -0.22   -0.25   -0.19   -0.18   -0.22
       med   |   34.370 |   34.495 |   34.493 |   34.521 |   34.462 |   34.468 |   34.508 |   34.506 |   34.494 |   34.370 |   34.520 |   34.524
128    8     |   30.109 |   30.043 |   30.099 |   30.104 |   30.087 |   30.107 |   30.115 |   30.113 |   30.105 |   30.106 |   30.101 |   30.096 ||   -0.22   -0.04   -0.02   -0.07   -0.01   +0.02   +0.01   -0.02   -0.01   -0.03   -0.05
       med   |   30.320 |   30.284 |   30.261 |   30.266 |   30.487 |   30.336 |   30.327 |   30.369 |   30.251 |   30.381 |   30.179 |   30.302
256    16    |   52.151 |   52.387 |   52.181 |   51.952 |   52.036 |   51.960 |   52.169 |   51.638 |   52.145 |   51.880 |   52.164 |   51.569 ||   +0.45   +0.06   -0.38   -0.22   -0.37   +0.03   -0.98   -0.01   -0.52   +0.02   -1.12
       med   |   52.824 |   52.988 |   52.600 |   52.588 |   52.658 |   52.583 |   52.661 |   52.660 |   52.567 |   52.670 |   52.637 |   52.575
512    32    |   94.965 |   95.362 |   94.019 |   94.481 |   94.320 |   94.699 |   93.492 |   94.813 |   93.678 |   94.064 |   94.793 |   94.638 ||   +0.42   -1.00   -0.51   -0.68   -0.28   -1.55   -0.16   -1.36   -0.95   -0.18   -0.35
       med   |   96.201 |   96.260 |   95.566 |   95.717 |   95.514 |   95.582 |   95.484 |   95.592 |   95.414 |   95.718 |   95.596 |   95.619
1024   64    |  181.124 |  180.415 |  178.948 |  179.848 |  179.896 |  179.834 |  179.451 |  179.968 |  179.693 |  180.016 |  179.665 |  179.865 ||   -0.39   -1.20   -0.70   -0.68   -0.71   -0.92   -0.64   -0.79   -0.61   -0.81   -0.69
       med   |  182.738 |  182.919 |  181.501 |  181.623 |  181.535 |  181.458 |  181.482 |  181.655 |  181.317 |  181.582 |  181.597 |  181.589
4096   256   |  694.341 |  693.670 |  689.776 |  691.047 |  690.833 |  690.678 |  691.389 |  691.237 |  690.543 |  691.317 |  690.708 |  690.718 ||   -0.10   -0.66   -0.47   -0.51   -0.53   -0.43   -0.45   -0.55   -0.44   -0.52   -0.52
       med   |  700.391 |  700.373 |  694.549 |  694.891 |  695.035 |  693.912 |  694.297 |  693.943 |  694.395 |  695.462 |  695.566 |  694.609
=== process binA.order1.5
SELFCHECK OK (256 whole-block lengths 1..256 blk x 12 variants; out/Xi/ivec/ret byte-identical, nothing written past 16*nblk)
bytes  blks  |     base |   baseAA |       w1 |     w1AA |       ka |       kb |       kc |       kd |       Ka |       Kb |       Kc |       Kd ||  baseAA%      w1%    w1AA%      ka%      kb%      kc%      kd%      Ka%      Kb%      Kc%      Kd%
16     1     |   26.137 |   26.127 |   14.019 |   13.964 |   13.776 |   13.841 |   13.939 |   13.856 |   13.793 |   14.009 |   13.826 |   13.919 ||   -0.04  -46.36  -46.57  -47.29  -47.05  -46.67  -46.99  -47.23  -46.40  -47.10  -46.74
       med   |   26.687 |   27.079 |   14.095 |   14.105 |   14.098 |   14.082 |   14.098 |   14.095 |   13.920 |   14.169 |   14.028 |   14.063
32     2     |   26.466 |   26.453 |   15.303 |   15.304 |   15.297 |   15.325 |   15.313 |   15.294 |   15.322 |   15.386 |   15.391 |   15.458 ||   -0.05  -42.18  -42.18  -42.20  -42.10  -42.14  -42.21  -42.11  -41.87  -41.85  -41.59
       med   |   26.771 |   26.713 |   15.317 |   15.345 |   15.374 |   15.371 |   15.373 |   15.369 |   15.334 |   15.457 |   15.404 |   15.580
48     3     |   27.482 |   27.737 |   18.911 |   18.918 |   18.747 |   18.727 |   18.728 |   18.816 |   18.772 |   18.794 |   19.077 |   19.043 ||   +0.92  -31.19  -31.16  -31.78  -31.86  -31.86  -31.53  -31.69  -31.62  -30.58  -30.71
       med   |   28.095 |   27.972 |   19.023 |   19.182 |   18.931 |   18.912 |   18.876 |   19.012 |   18.976 |   19.089 |   19.163 |   19.108
64     4     |   28.932 |   28.884 |   23.131 |   23.127 |   22.826 |   22.783 |   22.888 |   22.993 |   23.062 |   23.056 |   23.240 |   23.300 ||   -0.17  -20.05  -20.06  -21.11  -21.26  -20.89  -20.53  -20.29  -20.31  -19.68  -19.47
       med   |   29.141 |   29.117 |   23.155 |   23.159 |   23.007 |   23.047 |   22.915 |   23.031 |   23.089 |   23.082 |   23.267 |   23.326
80     5     |   29.948 |   29.982 |   30.041 |   30.012 |   30.053 |   30.027 |   30.030 |   30.025 |   30.051 |   30.047 |   30.046 |   30.048 ||   +0.11   +0.31   +0.21   +0.35   +0.26   +0.27   +0.25   +0.34   +0.33   +0.33   +0.33
       med   |   30.192 |   30.224 |   30.273 |   30.273 |   30.351 |   30.345 |   30.320 |   30.317 |   30.237 |   30.312 |   30.222 |   30.301
96     6     |   30.878 |   30.856 |   30.861 |   30.904 |   30.870 |   30.861 |   30.848 |   30.858 |   30.889 |   30.884 |   30.847 |   30.844 ||   -0.07   -0.06   +0.08   -0.03   -0.06   -0.10   -0.07   +0.03   +0.02   -0.10   -0.11
       med   |   31.021 |   31.155 |   31.023 |   31.023 |   31.058 |   31.090 |   31.089 |   31.063 |   31.020 |   31.129 |   31.027 |   31.052
112    7     |   31.813 |   31.690 |   31.764 |   31.760 |   31.768 |   31.764 |   31.761 |   31.767 |   31.760 |   31.765 |   31.766 |   31.762 ||   -0.38   -0.15   -0.17   -0.14   -0.15   -0.16   -0.14   -0.16   -0.15   -0.15   -0.16
       med   |   32.333 |   32.340 |   32.128 |   32.167 |   32.248 |   32.289 |   32.238 |   32.182 |   32.147 |   32.414 |   32.286 |   32.388
128    8     |   30.079 |   30.034 |   30.055 |   30.101 |   30.113 |   30.112 |   30.051 |   30.073 |   30.038 |   30.111 |   30.048 |   30.098 ||   -0.15   -0.08   +0.08   +0.11   +0.11   -0.09   -0.02   -0.14   +0.11   -0.10   +0.06
       med   |   30.244 |   30.267 |   30.282 |   30.342 |   30.495 |   30.313 |   30.337 |   30.327 |   30.243 |   30.400 |   30.168 |   30.313
256    16    |   52.209 |   52.358 |   52.129 |   52.171 |   52.183 |   52.097 |   51.942 |   51.947 |   52.095 |   51.946 |   52.157 |   51.994 ||   +0.29   -0.15   -0.07   -0.05   -0.22   -0.51   -0.50   -0.22   -0.50   -0.10   -0.41
       med   |   52.811 |   52.975 |   52.612 |   52.649 |   52.661 |   52.547 |   52.659 |   52.666 |   52.539 |   52.706 |   52.604 |   52.568
512    32    |   95.218 |   94.657 |   94.626 |   94.472 |   93.919 |   94.289 |   93.908 |   93.919 |   93.878 |   94.499 |   94.687 |   94.879 ||   -0.59   -0.62   -0.78   -1.36   -0.98   -1.38   -1.36   -1.41   -0.75   -0.56   -0.36
       med   |   96.154 |   96.294 |   95.500 |   95.789 |   95.523 |   95.550 |   95.603 |   95.562 |   95.323 |   95.661 |   95.453 |   95.674
1024   64    |  179.772 |  180.590 |  179.643 |  179.076 |  179.876 |  179.793 |  179.815 |  179.231 |  179.865 |  179.701 |  178.906 |  179.658 ||   +0.46   -0.07   -0.39   +0.06   +0.01   +0.02   -0.30   +0.05   -0.04   -0.48   -0.06
       med   |  182.555 |  182.912 |  181.500 |  181.671 |  181.488 |  181.445 |  181.469 |  181.410 |  181.298 |  181.624 |  181.365 |  181.554
4096   256   |  694.574 |  692.957 |  690.414 |  690.842 |  691.082 |  690.988 |  691.067 |  690.562 |  690.240 |  690.679 |  690.644 |  691.299 ||   -0.23   -0.60   -0.54   -0.50   -0.52   -0.50   -0.58   -0.62   -0.56   -0.57   -0.47
       med   |  700.333 |  700.498 |  694.251 |  695.124 |  695.043 |  693.976 |  694.153 |  693.929 |  693.677 |  695.089 |  695.368 |  694.763
=== process binA.order2.1
SELFCHECK OK (256 whole-block lengths 1..256 blk x 12 variants; out/Xi/ivec/ret byte-identical, nothing written past 16*nblk)
bytes  blks  |     base |       Kd |       Kc |       Kb |       Ka |       kd |       kc |       kb |       ka |     w1AA |       w1 |   baseAA ||      Kd%      Kc%      Kb%      Ka%      kd%      kc%      kb%      ka%    w1AA%      w1%  baseAA%
16     1     |   26.179 |   14.052 |   13.836 |   14.025 |   13.741 |   13.857 |   13.991 |   13.893 |   13.885 |   13.886 |   13.929 |   26.147 ||  -46.32  -47.15  -46.43  -47.51  -47.07  -46.56  -46.93  -46.96  -46.96  -46.79   -0.12
       med   |   26.407 |   14.079 |   14.079 |   14.180 |   13.910 |   14.005 |   14.099 |   14.021 |   14.097 |   14.081 |   14.099 |   26.466
32     2     |   26.524 |   15.431 |   15.374 |   15.357 |   15.341 |   15.314 |   15.309 |   15.299 |   15.253 |   15.289 |   15.284 |   26.471 ||  -41.82  -42.04  -42.10  -42.16  -42.26  -42.28  -42.32  -42.49  -42.36  -42.38   -0.20
       med   |   26.718 |   15.445 |   15.457 |   15.374 |   15.428 |   15.387 |   15.361 |   15.314 |   15.349 |   15.303 |   15.298 |   26.707
48     3     |   27.609 |   19.141 |   19.100 |   18.848 |   18.849 |   18.759 |   18.691 |   18.692 |   18.804 |   18.976 |   18.987 |   27.704 ||  -30.67  -30.82  -31.73  -31.73  -32.05  -32.30  -32.30  -31.89  -31.27  -31.23   +0.34
       med   |   27.907 |   19.392 |   19.202 |   19.056 |   19.068 |   19.027 |   18.863 |   18.852 |   18.916 |   19.167 |   19.237 |   27.987
64     4     |   28.926 |   23.306 |   23.271 |   23.089 |   23.099 |   22.960 |   22.868 |   22.779 |   22.846 |   23.138 |   23.138 |   28.885 ||  -19.43  -19.55  -20.18  -20.15  -20.62  -20.94  -21.25  -21.02  -20.01  -20.01   -0.14
       med   |   29.201 |   23.347 |   23.621 |   23.119 |   23.425 |   23.246 |   23.124 |   22.869 |   23.118 |   23.320 |   23.435 |   29.081
80     5     |   29.974 |   30.108 |   30.111 |   30.109 |   30.132 |   30.103 |   30.097 |   30.110 |   30.104 |   30.106 |   30.112 |   29.987 ||   +0.45   +0.46   +0.45   +0.53   +0.43   +0.41   +0.46   +0.43   +0.44   +0.46   +0.04
       med   |   30.199 |   30.280 |   30.256 |   30.337 |   30.349 |   30.270 |   30.245 |   30.165 |   30.254 |   30.251 |   30.263 |   30.187
96     6     |   30.900 |   30.821 |   30.828 |   30.798 |   30.827 |   30.832 |   30.812 |   30.816 |   30.814 |   30.801 |   30.797 |   30.861 ||   -0.26   -0.23   -0.33   -0.24   -0.22   -0.28   -0.27   -0.28   -0.32   -0.33   -0.13
       med   |   31.088 |   31.068 |   31.077 |   31.076 |   31.160 |   31.092 |   31.057 |   31.031 |   31.064 |   31.072 |   31.083 |   31.074
112    7     |   31.823 |   31.874 |   31.844 |   31.874 |   31.881 |   31.663 |   31.873 |   31.869 |   31.878 |   31.880 |   31.868 |   31.712 ||   +0.16   +0.07   +0.16   +0.18   -0.50   +0.16   +0.15   +0.17   +0.18   +0.14   -0.35
       med   |   32.413 |   32.432 |   32.338 |   32.374 |   32.541 |   32.376 |   32.387 |   32.361 |   32.413 |   32.443 |   32.407 |   32.379
128    8     |   30.104 |   29.934 |   29.945 |   29.934 |   29.944 |   29.935 |   29.647 |   29.932 |   29.943 |   29.845 |   29.921 |   30.007 ||   -0.57   -0.53   -0.56   -0.53   -0.56   -1.52   -0.57   -0.54   -0.86   -0.61   -0.32
       med   |   30.338 |   30.135 |   30.299 |   30.190 |   30.318 |   30.208 |   30.147 |   30.065 |   30.103 |   30.139 |   30.207 |   30.161
256    16    |   52.206 |   52.225 |   52.245 |   52.179 |   52.233 |   52.245 |   52.230 |   52.125 |   51.768 |   52.230 |   52.229 |   52.355 ||   +0.04   +0.08   -0.05   +0.05   +0.08   +0.05   -0.15   -0.84   +0.05   +0.04   +0.29
       med   |   52.749 |   52.611 |   52.679 |   52.911 |   52.872 |   52.812 |   52.754 |   52.672 |   52.615 |   52.718 |   52.784 |   52.923
512    32    |   95.148 |   94.772 |   93.960 |   94.676 |   94.585 |   93.921 |   94.503 |   94.600 |   94.620 |   94.067 |   94.581 |   95.418 ||   -0.40   -1.25   -0.50   -0.59   -1.29   -0.68   -0.58   -0.55   -1.14   -0.60   +0.28
       med   |   96.086 |   95.860 |   95.682 |   95.889 |   95.539 |   95.768 |   95.656 |   95.871 |   95.496 |   95.693 |   95.904 |   96.082
1024   64    |  179.827 |  179.862 |  179.754 |  179.725 |  179.706 |  179.825 |  179.559 |  179.889 |  179.760 |  179.774 |  179.844 |  180.561 ||   +0.02   -0.04   -0.06   -0.07   -0.00   -0.15   +0.04   -0.04   -0.03   +0.01   +0.41
       med   |  182.639 |  181.734 |  181.322 |  181.800 |  181.443 |  181.569 |  181.466 |  181.882 |  181.398 |  181.599 |  181.697 |  182.702
4096   256   |  694.783 |  692.110 |  692.157 |  692.106 |  691.967 |  690.897 |  692.097 |  692.100 |  691.168 |  689.567 |  691.149 |  694.545 ||   -0.38   -0.38   -0.39   -0.41   -0.56   -0.39   -0.39   -0.52   -0.75   -0.52   -0.03
       med   |  700.538 |  695.988 |  695.150 |  695.847 |  694.870 |  694.881 |  695.253 |  696.987 |  694.170 |  695.242 |  695.990 |  698.823
=== process binA.order2.2
SELFCHECK OK (256 whole-block lengths 1..256 blk x 12 variants; out/Xi/ivec/ret byte-identical, nothing written past 16*nblk)
bytes  blks  |     base |       Kd |       Kc |       Kb |       Ka |       kd |       kc |       kb |       ka |     w1AA |       w1 |   baseAA ||      Kd%      Kc%      Kb%      Ka%      kd%      kc%      kb%      ka%    w1AA%      w1%  baseAA%
16     1     |   26.139 |   14.052 |   13.851 |   14.086 |   13.696 |   13.890 |   13.926 |   13.887 |   13.923 |   13.859 |   13.998 |   26.197 ||  -46.24  -47.01  -46.11  -47.60  -46.86  -46.72  -46.87  -46.74  -46.98  -46.45   +0.22
       med   |   26.654 |   14.079 |   14.083 |   14.181 |   13.820 |   14.001 |   14.101 |   14.018 |   14.092 |   14.095 |   14.089 |   27.043
32     2     |   26.455 |   15.433 |   15.376 |   15.355 |   15.346 |   15.317 |   15.309 |   15.296 |   15.253 |   15.285 |   15.286 |   26.499 ||  -41.66  -41.88  -41.96  -41.99  -42.10  -42.13  -42.18  -42.35  -42.22  -42.22   +0.16
       med   |   26.723 |   15.446 |   15.461 |   15.375 |   15.429 |   15.385 |   15.361 |   15.316 |   15.349 |   15.328 |   15.297 |   26.717
48     3     |   27.512 |   19.143 |   19.119 |   18.894 |   18.879 |   18.814 |   18.763 |   18.696 |   18.804 |   19.050 |   19.040 |   27.716 ||  -30.42  -30.51  -31.32  -31.38  -31.61  -31.80  -32.04  -31.65  -30.76  -30.80   +0.74
       med   |   27.994 |   19.390 |   19.196 |   19.053 |   19.117 |   19.113 |   18.948 |   19.000 |   18.933 |   19.171 |   19.218 |   27.998
64     4     |   28.915 |   23.308 |   23.266 |   23.102 |   23.095 |   22.964 |   22.868 |   22.780 |   22.837 |   23.134 |   23.140 |   28.884 ||  -19.39  -19.54  -20.10  -20.13  -20.58  -20.91  -21.22  -21.02  -19.99  -19.97   -0.11
       med   |   29.186 |   23.610 |   23.557 |   23.272 |   23.421 |   23.252 |   23.140 |   22.807 |   23.132 |   23.160 |   23.416 |   29.108
80     5     |   29.958 |   30.108 |   30.120 |   30.125 |   30.109 |   30.116 |   30.111 |   30.121 |   30.093 |   30.106 |   30.100 |   29.984 ||   +0.50   +0.54   +0.56   +0.50   +0.53   +0.51   +0.54   +0.45   +0.49   +0.47   +0.09
       med   |   30.207 |   30.246 |   30.265 |   30.265 |   30.368 |   30.326 |   30.238 |   30.201 |   30.169 |   30.256 |   30.261 |   30.160
96     6     |   30.896 |   30.812 |   30.796 |   30.771 |   30.853 |   30.801 |   30.802 |   30.782 |   30.781 |   30.805 |   30.806 |   30.866 ||   -0.27   -0.32   -0.41   -0.14   -0.31   -0.31   -0.37   -0.37   -0.30   -0.29   -0.10
       med   |   31.078 |   31.069 |   31.074 |   31.072 |   31.173 |   31.063 |   31.060 |   31.039 |   30.985 |   31.066 |   31.100 |   31.073
112    7     |   31.823 |   31.874 |   31.801 |   31.870 |   31.875 |   31.872 |   31.808 |   31.870 |   31.872 |   31.875 |   31.872 |   31.710 ||   +0.16   -0.07   +0.15   +0.16   +0.15   -0.05   +0.15   +0.15   +0.16   +0.15   -0.36
       med   |   32.139 |   31.990 |   32.010 |   32.012 |   32.061 |   32.005 |   31.995 |   31.974 |   31.969 |   32.008 |   32.023 |   32.092
128    8     |   30.112 |   29.935 |   29.698 |   29.933 |   29.930 |   29.634 |   29.927 |   29.938 |   29.935 |   29.940 |   29.934 |   30.032 ||   -0.59   -1.38   -0.59   -0.60   -1.59   -0.61   -0.58   -0.59   -0.57   -0.59   -0.27
       med   |   30.332 |   30.141 |   30.269 |   30.247 |   30.350 |   30.207 |   30.146 |   30.057 |   29.989 |   30.139 |   30.198 |   30.172
256    16    |   52.186 |   51.669 |   52.036 |   51.625 |   52.240 |   52.239 |   52.068 |   52.221 |   52.217 |   52.224 |   52.177 |   52.360 ||   -0.99   -0.29   -1.07   +0.10   +0.10   -0.23   +0.07   +0.06   +0.07   -0.02   +0.33
       med   |   52.846 |   52.622 |   52.684 |   52.783 |   52.783 |   52.747 |   52.737 |   52.676 |   52.638 |   52.658 |   52.675 |   52.967
512    32    |   94.819 |   94.501 |   94.466 |   94.466 |   94.518 |   94.496 |   94.378 |   94.673 |   94.523 |   94.382 |   94.869 |   95.481 ||   -0.34   -0.37   -0.37   -0.32   -0.34   -0.46   -0.15   -0.31   -0.46   +0.05   +0.70
       med   |   96.081 |   95.795 |   95.551 |   95.743 |   95.804 |   95.738 |   95.577 |   95.822 |   95.528 |   95.644 |   95.761 |   96.183
1024   64    |  179.690 |  179.706 |  179.794 |  179.900 |  179.728 |  179.762 |  179.923 |  179.696 |  179.600 |  179.886 |  179.871 |  180.247 ||   +0.01   +0.06   +0.12   +0.02   +0.04   +0.13   +0.00   -0.05   +0.11   +0.10   +0.31
       med   |  182.683 |  181.831 |  181.406 |  181.665 |  181.338 |  181.564 |  181.425 |  181.773 |  181.302 |  181.657 |  181.458 |  182.720
4096   256   |  693.337 |  691.463 |  691.966 |  692.200 |  691.961 |  691.955 |  691.861 |  692.346 |  691.869 |  689.740 |  692.198 |  691.868 ||   -0.27   -0.20   -0.16   -0.20   -0.20   -0.21   -0.14   -0.21   -0.52   -0.16   -0.21
       med   |  700.248 |  696.501 |  694.799 |  695.598 |  694.813 |  694.562 |  694.854 |  696.961 |  694.149 |  695.498 |  696.086 |  698.804
=== process binA.order2.3
SELFCHECK OK (256 whole-block lengths 1..256 blk x 12 variants; out/Xi/ivec/ret byte-identical, nothing written past 16*nblk)
bytes  blks  |     base |       Kd |       Kc |       Kb |       Ka |       kd |       kc |       kb |       ka |     w1AA |       w1 |   baseAA ||      Kd%      Kc%      Kb%      Ka%      kd%      kc%      kb%      ka%    w1AA%      w1%  baseAA%
16     1     |   26.151 |   14.052 |   13.906 |   14.108 |   13.707 |   13.860 |   13.985 |   13.926 |   13.903 |   13.843 |   13.929 |   26.142 ||  -46.27  -46.82  -46.05  -47.59  -47.00  -46.52  -46.75  -46.84  -47.06  -46.74   -0.03
       med   |   26.436 |   14.080 |   14.080 |   14.180 |   13.837 |   14.003 |   14.095 |   14.026 |   14.101 |   14.089 |   14.099 |   26.442
32     2     |   26.462 |   15.433 |   15.376 |   15.355 |   15.342 |   15.315 |   15.306 |   15.302 |   15.257 |   15.288 |   15.286 |   26.501 ||  -41.68  -41.89  -41.97  -42.02  -42.12  -42.16  -42.17  -42.34  -42.23  -42.23   +0.15
       med   |   26.727 |   15.445 |   15.459 |   15.375 |   15.427 |   15.395 |   15.367 |   15.317 |   15.382 |   15.305 |   15.300 |   26.736
48     3     |   27.711 |   19.146 |   19.098 |   18.844 |   18.854 |   18.784 |   18.683 |   18.703 |   18.800 |   18.991 |   18.988 |   27.732 ||  -30.91  -31.08  -32.00  -31.96  -32.21  -32.58  -32.51  -32.16  -31.47  -31.48   +0.08
       med   |   27.907 |   19.392 |   19.202 |   19.062 |   19.115 |   19.109 |   18.973 |   18.975 |   18.922 |   19.191 |   19.218 |   28.022
64     4     |   28.914 |   23.312 |   23.271 |   23.096 |   23.095 |   22.961 |   22.865 |   22.778 |   22.844 |   23.136 |   23.141 |   28.872 ||  -19.38  -19.52  -20.12  -20.12  -20.59  -20.92  -21.22  -20.99  -19.98  -19.96   -0.15
       med   |   29.113 |   23.600 |   23.484 |   23.127 |   23.428 |   23.216 |   23.041 |   22.805 |   23.112 |   23.368 |   23.165 |   29.163
80     5     |   29.958 |   30.111 |   30.123 |   30.117 |   30.113 |   30.125 |   30.124 |   30.108 |   30.102 |   30.101 |   30.098 |   29.985 ||   +0.51   +0.55   +0.53   +0.52   +0.56   +0.55   +0.50   +0.48   +0.48   +0.47   +0.09
       med   |   30.244 |   30.248 |   30.252 |   30.279 |   30.348 |   30.348 |   30.228 |   30.176 |   30.218 |   30.245 |   30.274 |   30.180
96     6     |   30.905 |   30.830 |   30.828 |   30.826 |   30.829 |   30.827 |   30.828 |   30.821 |   30.820 |   30.822 |   30.818 |   30.871 ||   -0.24   -0.25   -0.25   -0.24   -0.25   -0.25   -0.27   -0.27   -0.27   -0.28   -0.11
       med   |   31.073 |   31.093 |   31.074 |   31.091 |   31.191 |   31.052 |   31.049 |   31.050 |   31.045 |   31.082 |   31.107 |   31.069
112    7     |   31.837 |   31.887 |   31.885 |   31.892 |   31.859 |   31.879 |   31.878 |   31.878 |   31.875 |   31.878 |   31.888 |   31.707 ||   +0.16   +0.15   +0.17   +0.07   +0.13   +0.13   +0.13   +0.12   +0.13   +0.16   -0.41
       med   |   34.287 |   34.704 |   34.599 |   34.614 |   35.008 |   34.561 |   34.593 |   34.563 |   34.567 |   34.589 |   34.888 |   34.786
128    8     |   30.106 |   29.938 |   29.944 |   29.651 |   29.930 |   29.844 |   29.916 |   29.937 |   29.937 |   29.935 |   29.932 |   30.032 ||   -0.56   -0.54   -1.51   -0.58   -0.87   -0.63   -0.56   -0.56   -0.57   -0.58   -0.25
       med   |   30.344 |   30.163 |   30.170 |   30.200 |   30.266 |   30.099 |   30.125 |   30.068 |   30.074 |   30.130 |   30.142 |   30.163
256    16    |   52.295 |   52.219 |   52.076 |   52.008 |   52.233 |   52.033 |   51.941 |   52.175 |   52.070 |   52.131 |   52.233 |   52.357 ||   -0.15   -0.42   -0.55   -0.12   -0.50   -0.68   -0.23   -0.43   -0.31   -0.12   +0.12
       med   |   52.830 |   52.683 |   52.621 |   52.830 |   52.843 |   52.777 |   52.729 |   52.637 |   52.636 |   52.735 |   52.775 |   52.971
512    32    |   95.285 |   94.543 |   94.537 |   94.520 |   94.749 |   94.491 |   94.538 |   94.494 |   94.249 |   94.717 |   93.958 |   95.227 ||   -0.78   -0.79   -0.80   -0.56   -0.83   -0.78   -0.83   -1.09   -0.60   -1.39   -0.06
       med   |   96.116 |   95.926 |   95.572 |   95.936 |   95.746 |   95.719 |   95.632 |   95.723 |   95.539 |   95.735 |   95.799 |   96.338
1024   64    |  179.705 |  179.924 |  179.114 |  179.915 |  179.215 |  179.436 |  179.666 |  179.599 |  179.709 |  179.605 |  179.665 |  180.350 ||   +0.12   -0.33   +0.12   -0.27   -0.15   -0.02   -0.06   +0.00   -0.06   -0.02   +0.36
       med   |  182.571 |  181.751 |  181.256 |  181.823 |  181.472 |  181.536 |  181.401 |  181.865 |  181.263 |  181.595 |  181.544 |  182.779
4096   256   |  693.516 |  692.223 |  692.169 |  692.088 |  691.867 |  691.909 |  692.042 |  692.492 |  691.662 |  691.192 |  692.173 |  692.704 ||   -0.19   -0.19   -0.21   -0.24   -0.23   -0.21   -0.15   -0.27   -0.34   -0.19   -0.12
       med   |  700.196 |  696.560 |  695.535 |  695.705 |  694.952 |  694.810 |  695.233 |  696.952 |  694.306 |  695.924 |  696.289 |  698.586
=== process binA.order2.4
SELFCHECK OK (256 whole-block lengths 1..256 blk x 12 variants; out/Xi/ivec/ret byte-identical, nothing written past 16*nblk)
bytes  blks  |     base |       Kd |       Kc |       Kb |       Ka |       kd |       kc |       kb |       ka |     w1AA |       w1 |   baseAA ||      Kd%      Kc%      Kb%      Ka%      kd%      kc%      kb%      ka%    w1AA%      w1%  baseAA%
16     1     |   26.223 |   14.050 |   13.878 |   14.018 |   13.704 |   13.877 |   13.975 |   13.884 |   13.985 |   13.856 |   13.928 |   26.315 ||  -46.42  -47.08  -46.54  -47.74  -47.08  -46.71  -47.05  -46.67  -47.16  -46.89   +0.35
       med   |   26.667 |   14.081 |   14.077 |   14.180 |   13.904 |   14.002 |   14.092 |   14.085 |   14.102 |   14.093 |   14.103 |   27.047
32     2     |   26.524 |   15.432 |   15.374 |   15.357 |   15.345 |   15.316 |   15.309 |   15.299 |   15.255 |   15.286 |   15.284 |   26.490 ||  -41.82  -42.04  -42.10  -42.15  -42.26  -42.28  -42.32  -42.49  -42.37  -42.38   -0.13
       med   |   26.718 |   15.560 |   15.446 |   15.374 |   15.428 |   15.385 |   15.361 |   15.315 |   15.367 |   15.302 |   15.298 |   26.717
48     3     |   27.566 |   19.155 |   19.117 |   18.906 |   18.882 |   18.808 |   18.731 |   18.698 |   18.806 |   19.063 |   19.021 |   27.725 ||  -30.51  -30.65  -31.42  -31.50  -31.77  -32.05  -32.17  -31.78  -30.85  -31.00   +0.58
       med   |   27.979 |   19.392 |   19.195 |   19.056 |   19.066 |   19.040 |   18.866 |   18.981 |   18.903 |   19.171 |   19.222 |   27.987
64     4     |   28.918 |   23.309 |   23.270 |   23.094 |   23.096 |   22.962 |   22.864 |   22.777 |   22.845 |   23.140 |   23.135 |   28.886 ||  -19.39  -19.53  -20.14  -20.13  -20.60  -20.93  -21.24  -21.00  -19.98  -20.00   -0.11
       med   |   29.106 |   23.615 |   23.574 |   23.124 |   23.424 |   23.140 |   23.135 |   22.804 |   23.122 |   23.167 |   23.166 |   29.133
80     5     |   29.951 |   30.103 |   30.119 |   30.133 |   29.865 |   30.108 |   30.033 |   30.104 |   30.097 |   30.099 |   30.100 |   29.983 ||   +0.51   +0.56   +0.61   -0.29   +0.52   +0.27   +0.51   +0.49   +0.49   +0.50   +0.11
       med   |   30.185 |   30.270 |   30.256 |   30.310 |   30.349 |   30.245 |   30.231 |   30.208 |   30.225 |   30.255 |   30.263 |   30.220
96     6     |   30.897 |   30.827 |   30.821 |   30.833 |   30.846 |   30.828 |   30.837 |   30.825 |   30.820 |   30.828 |   30.831 |   30.871 ||   -0.23   -0.25   -0.21   -0.16   -0.22   -0.19   -0.23   -0.25   -0.22   -0.21   -0.08
       med   |   31.067 |   31.100 |   31.065 |   31.087 |   31.195 |   31.057 |   31.063 |   31.060 |   31.057 |   31.060 |   31.100 |   31.062
112    7     |   31.815 |   31.875 |   31.811 |   31.877 |   31.878 |   31.861 |   31.870 |   31.868 |   31.870 |   31.874 |   31.874 |   31.691 ||   +0.19   -0.01   +0.19   +0.20   +0.15   +0.17   +0.17   +0.17   +0.18   +0.18   -0.39
       med   |   32.084 |   32.011 |   32.007 |   32.010 |   32.067 |   32.003 |   32.007 |   31.985 |   31.999 |   32.011 |   32.060 |   32.048
128    8     |   30.106 |   29.935 |   29.696 |   29.752 |   29.937 |   29.749 |   29.928 |   29.925 |   29.927 |   29.931 |   29.945 |   30.032 ||   -0.57   -1.36   -1.18   -0.56   -1.19   -0.59   -0.60   -0.60   -0.58   -0.54   -0.25
       med   |   30.349 |   30.147 |   30.326 |   30.216 |   30.315 |   30.186 |   30.139 |   29.993 |   30.104 |   30.131 |   30.250 |   30.162
256    16    |   52.252 |   52.216 |   52.255 |   52.252 |   52.221 |   52.217 |   52.226 |   51.934 |   52.249 |   52.203 |   52.243 |   52.417 ||   -0.07   +0.01   -0.00   -0.06   -0.07   -0.05   -0.61   -0.01   -0.09   -0.02   +0.31
       med   |   52.753 |   52.700 |   52.783 |   52.843 |   52.770 |   52.849 |   52.770 |   52.707 |   52.646 |   52.762 |   52.807 |   52.909
512    32    |   94.802 |   94.717 |   94.659 |   94.501 |   94.526 |   94.498 |   94.445 |   94.457 |   94.430 |   94.498 |   94.445 |   95.350 ||   -0.09   -0.15   -0.32   -0.29   -0.32   -0.38   -0.36   -0.39   -0.32   -0.38   +0.58
       med   |   96.071 |   95.944 |   95.636 |   95.770 |   95.837 |   95.776 |   95.803 |   95.793 |   95.642 |   95.816 |   95.610 |   96.247
1024   64    |  179.831 |  179.524 |  179.428 |  179.903 |  179.750 |  179.698 |  179.709 |  179.668 |  179.759 |  179.835 |  179.665 |  180.438 ||   -0.17   -0.22   +0.04   -0.04   -0.07   -0.07   -0.09   -0.04   +0.00   -0.09   +0.34
       med   |  182.498 |  181.710 |  181.432 |  181.878 |  181.512 |  181.540 |  181.494 |  181.913 |  181.308 |  181.630 |  181.502 |  182.736
4096   256   |  694.318 |  692.008 |  692.173 |  691.397 |  692.006 |  691.058 |  692.160 |  691.670 |  691.244 |  691.598 |  691.181 |  690.855 ||   -0.33   -0.31   -0.42   -0.33   -0.47   -0.31   -0.38   -0.44   -0.39   -0.45   -0.50
       med   |  700.117 |  696.309 |  695.198 |  695.753 |  694.798 |  694.951 |  695.146 |  696.582 |  694.447 |  695.702 |  696.449 |  698.818
=== process binA.order2.5
SELFCHECK OK (256 whole-block lengths 1..256 blk x 12 variants; out/Xi/ivec/ret byte-identical, nothing written past 16*nblk)
bytes  blks  |     base |       Kd |       Kc |       Kb |       Ka |       kd |       kc |       kb |       ka |     w1AA |       w1 |   baseAA ||      Kd%      Kc%      Kb%      Ka%      kd%      kc%      kb%      ka%    w1AA%      w1%  baseAA%
16     1     |   26.275 |   14.052 |   13.848 |   14.107 |   13.750 |   13.926 |   13.926 |   13.921 |   13.928 |   13.868 |   13.933 |   26.199 ||  -46.52  -47.30  -46.31  -47.67  -47.00  -47.00  -47.02  -46.99  -47.22  -46.97   -0.29
       med   |   26.685 |   14.079 |   14.082 |   14.181 |   13.910 |   14.092 |   14.094 |   14.085 |   14.092 |   14.090 |   14.098 |   27.051
32     2     |   26.513 |   15.432 |   15.375 |   15.359 |   15.349 |   15.314 |   15.308 |   15.299 |   15.254 |   15.286 |   15.287 |   26.495 ||  -41.80  -42.01  -42.07  -42.11  -42.24  -42.26  -42.30  -42.47  -42.34  -42.34   -0.07
       med   |   26.683 |   15.444 |   15.390 |   15.380 |   15.434 |   15.433 |   15.363 |   15.314 |   15.357 |   15.306 |   15.303 |   26.718
48     3     |   27.561 |   19.141 |   19.124 |   18.890 |   18.871 |   18.798 |   18.727 |   18.697 |   18.806 |   19.033 |   19.042 |   27.732 ||  -30.55  -30.61  -31.46  -31.53  -31.80  -32.05  -32.16  -31.76  -30.94  -30.91   +0.62
       med   |   27.925 |   19.392 |   19.197 |   19.053 |   19.066 |   19.094 |   18.864 |   18.985 |   18.878 |   19.167 |   19.205 |   27.991
64     4     |   28.912 |   23.309 |   23.263 |   23.101 |   23.097 |   22.965 |   22.871 |   22.778 |   22.841 |   23.133 |   23.135 |   28.884 ||  -19.38  -19.54  -20.10  -20.11  -20.57  -20.89  -21.21  -21.00  -19.99  -19.98   -0.10
       med   |   29.033 |   23.621 |   23.448 |   23.128 |   23.426 |   23.200 |   23.319 |   22.802 |   23.060 |   23.380 |   23.160 |   29.251
80     5     |   29.957 |   30.106 |   30.121 |   30.112 |   30.131 |   30.129 |   30.107 |   30.108 |   30.102 |   30.112 |   30.105 |   29.987 ||   +0.50   +0.55   +0.52   +0.58   +0.58   +0.50   +0.51   +0.49   +0.52   +0.49   +0.10
       med   |   30.249 |   30.273 |   30.263 |   30.262 |   30.338 |   30.368 |   30.221 |   30.163 |   30.235 |   30.245 |   30.318 |   30.173
96     6     |   30.901 |   30.824 |   30.834 |   30.829 |   30.870 |   30.841 |   30.824 |   30.824 |   30.828 |   30.846 |   30.837 |   30.862 ||   -0.25   -0.22   -0.23   -0.10   -0.20   -0.25   -0.25   -0.24   -0.18   -0.21   -0.13
       med   |   31.085 |   31.088 |   31.063 |   31.071 |   31.151 |   31.091 |   31.058 |   30.964 |   31.061 |   31.078 |   31.088 |   31.071
112    7     |   31.810 |   31.871 |   31.824 |   31.878 |   31.872 |   31.844 |   31.865 |   31.871 |   31.854 |   31.870 |   31.882 |   31.699 ||   +0.19   +0.04   +0.21   +0.19   +0.11   +0.17   +0.19   +0.14   +0.19   +0.22   -0.35
       med   |   32.094 |   32.023 |   32.004 |   32.014 |   32.037 |   32.004 |   31.979 |   32.015 |   32.000 |   32.014 |   32.027 |   32.047
128    8     |   30.083 |   29.938 |   29.939 |   29.917 |   29.939 |   29.924 |   29.940 |   29.922 |   29.929 |   29.943 |   29.658 |   30.037 ||   -0.48   -0.48   -0.55   -0.48   -0.53   -0.47   -0.53   -0.51   -0.46   -1.41   -0.15
       med   |   30.343 |   30.188 |   30.084 |   30.146 |   30.281 |   30.200 |   30.155 |   30.060 |   30.119 |   30.141 |   30.249 |   30.168
256    16    |   52.161 |   51.613 |   52.231 |   52.238 |   52.224 |   52.235 |   52.222 |   52.137 |   52.181 |   52.232 |   52.165 |   52.359 ||   -1.05   +0.13   +0.15   +0.12   +0.14   +0.12   -0.04   +0.04   +0.14   +0.01   +0.38
       med   |   52.831 |   52.651 |   52.592 |   52.752 |   52.853 |   52.673 |   52.711 |   52.673 |   52.671 |   52.707 |   52.746 |   52.945
512    32    |   95.033 |   94.661 |   94.407 |   94.451 |   94.444 |   94.865 |   94.502 |   94.537 |   94.443 |   94.467 |   94.457 |   95.281 ||   -0.39   -0.66   -0.61   -0.62   -0.18   -0.56   -0.52   -0.62   -0.60   -0.61   +0.26
       med   |   96.039 |   95.868 |   95.668 |   95.760 |   95.618 |   95.731 |   95.738 |   95.867 |   95.492 |   95.824 |   95.503 |   96.266
1024   64    |  180.621 |  179.998 |  178.887 |  179.725 |  179.126 |  179.655 |  179.567 |  179.927 |  179.767 |  179.490 |  179.415 |  180.287 ||   -0.35   -0.96   -0.50   -0.83   -0.54   -0.58   -0.38   -0.47   -0.63   -0.67   -0.19
       med   |  182.817 |  181.906 |  181.460 |  181.915 |  181.601 |  181.591 |  181.399 |  181.899 |  181.416 |  181.654 |  181.552 |  182.875
4096   256   |  693.487 |  692.308 |  692.053 |  692.345 |  692.317 |  691.892 |  692.088 |  692.433 |  691.461 |  692.265 |  692.128 |  693.019 ||   -0.17   -0.21   -0.16   -0.17   -0.23   -0.20   -0.15   -0.29   -0.18   -0.20   -0.07
       med   |  700.386 |  696.568 |  695.303 |  695.643 |  694.696 |  694.980 |  695.223 |  696.841 |  694.671 |  695.729 |  696.346 |  698.942
=== process binA.order3.1
SELFCHECK OK (256 whole-block lengths 1..256 blk x 12 variants; out/Xi/ivec/ret byte-identical, nothing written past 16*nblk)
bytes  blks  |     base |       kc |       kd |       Ka |       Kb |       Kc |       Kd |   baseAA |       w1 |     w1AA |       ka |       kb ||      kc%      kd%      Ka%      Kb%      Kc%      Kd%  baseAA%      w1%    w1AA%      ka%      kb%
16     1     |   26.247 |   13.872 |   13.928 |   13.692 |   14.005 |   13.823 |   14.052 |   26.435 |   13.980 |   13.951 |   13.925 |   13.846 ||  -47.15  -46.93  -47.83  -46.64  -47.33  -46.46   +0.72  -46.74  -46.84  -46.95  -47.25
       med   |   26.694 |   14.085 |   14.095 |   13.907 |   14.177 |   14.025 |   14.078 |   27.119 |   14.111 |   14.093 |   14.103 |   14.029
32     2     |   26.526 |   15.305 |   15.316 |   15.343 |   15.356 |   15.377 |   15.436 |   26.460 |   15.305 |   15.308 |   15.299 |   15.325 ||  -42.30  -42.26  -42.16  -42.11  -42.03  -41.81   -0.25  -42.30  -42.29  -42.32  -42.22
       med   |   26.727 |   15.358 |   15.385 |   15.355 |   15.434 |   15.473 |   15.567 |   26.562 |   15.317 |   15.393 |   15.310 |   15.378
48     3     |   27.796 |   18.741 |   18.820 |   18.874 |   18.897 |   19.120 |   19.147 |   27.699 |   18.914 |   18.924 |   18.749 |   18.719 ||  -32.57  -32.29  -32.10  -32.01  -31.21  -31.12   -0.35  -31.95  -31.92  -32.55  -32.65
       med   |   28.186 |   18.973 |   18.946 |   19.057 |   19.125 |   19.447 |   19.378 |   27.829 |   19.020 |   19.248 |   18.892 |   18.849
64     4     |   28.924 |   22.861 |   22.957 |   23.096 |   23.098 |   23.271 |   23.307 |   28.879 |   23.134 |   23.128 |   22.828 |   22.788 ||  -20.96  -20.63  -20.15  -20.14  -19.55  -19.42   -0.16  -20.02  -20.04  -21.08  -21.22
       med   |   29.144 |   23.029 |   22.994 |   23.124 |   23.336 |   23.480 |   23.474 |   28.950 |   23.294 |   23.156 |   22.849 |   23.061
80     5     |   29.975 |   30.107 |   30.046 |   30.117 |   30.116 |   30.121 |   30.103 |   29.984 |   30.049 |   30.045 |   30.051 |   30.050 ||   +0.44   +0.24   +0.48   +0.47   +0.49   +0.43   +0.03   +0.25   +0.23   +0.26   +0.25
       med   |   30.252 |   30.265 |   30.225 |   30.263 |   30.352 |   30.333 |   30.335 |   30.142 |   30.259 |   30.309 |   30.301 |   30.302
96     6     |   30.904 |   30.785 |   30.834 |   30.829 |   30.838 |   30.824 |   30.827 |   30.858 |   30.871 |   30.900 |   30.868 |   30.865 ||   -0.39   -0.23   -0.24   -0.21   -0.26   -0.25   -0.15   -0.11   -0.01   -0.12   -0.13
       med   |   31.096 |   31.063 |   31.053 |   31.087 |   31.137 |   31.100 |   31.087 |   31.011 |   31.031 |   31.085 |   31.046 |   31.046
112    7     |   31.824 |   31.862 |   31.791 |   31.856 |   31.877 |   31.878 |   31.875 |   31.705 |   31.756 |   31.767 |   31.750 |   31.760 ||   +0.12   -0.11   +0.10   +0.17   +0.17   +0.16   -0.38   -0.21   -0.18   -0.24   -0.20
       med   |   32.231 |   32.089 |   31.998 |   32.034 |   32.034 |   32.052 |   32.019 |   31.978 |   32.014 |   32.186 |   32.149 |   32.154
128    8     |   30.110 |   29.938 |   29.938 |   29.932 |   29.935 |   29.767 |   29.927 |   30.010 |   30.092 |   30.097 |   30.049 |   30.107 ||   -0.57   -0.57   -0.59   -0.58   -1.14   -0.61   -0.33   -0.06   -0.04   -0.20   -0.01
       med   |   30.339 |   30.143 |   30.245 |   30.160 |   30.251 |   30.252 |   30.144 |   30.159 |   30.303 |   30.401 |   30.306 |   30.279
256    16    |   52.246 |   52.231 |   52.066 |   52.228 |   52.252 |   52.190 |   52.197 |   52.364 |   51.932 |   52.160 |   51.712 |   52.109 ||   -0.03   -0.34   -0.03   +0.01   -0.11   -0.09   +0.23   -0.60   -0.16   -1.02   -0.26
       med   |   52.833 |   52.704 |   52.680 |   52.721 |   52.813 |   52.778 |   52.641 |   52.840 |   52.504 |   52.659 |   52.679 |   52.559
512    32    |   95.271 |   94.463 |   94.450 |   94.416 |   94.714 |   94.620 |   94.457 |   95.072 |   94.456 |   93.936 |   94.892 |   94.945 ||   -0.85   -0.86   -0.90   -0.58   -0.68   -0.85   -0.21   -0.85   -1.40   -0.40   -0.34
       med   |   96.051 |   95.711 |   95.471 |   95.941 |   95.707 |   95.612 |   95.493 |   96.214 |   95.294 |   95.585 |   95.520 |   95.911
1024   64    |  179.556 |  179.698 |  179.673 |  179.967 |  179.714 |  179.841 |  179.836 |  180.433 |  178.901 |  179.852 |  179.894 |  179.695 ||   +0.08   +0.06   +0.23   +0.09   +0.16   +0.16   +0.49   -0.36   +0.16   +0.19   +0.08
       med   |  182.690 |  181.753 |  181.486 |  181.842 |  181.493 |  181.540 |  181.397 |  182.974 |  181.132 |  181.554 |  181.468 |  181.576
4096   256   |  693.684 |  692.270 |  691.062 |  692.368 |  691.384 |  691.948 |  691.957 |  692.148 |  689.961 |  691.477 |  690.603 |  690.939 ||   -0.20   -0.38   -0.19   -0.33   -0.25   -0.25   -0.22   -0.54   -0.32   -0.44   -0.40
       med   |  700.529 |  696.337 |  695.114 |  695.887 |  695.072 |  694.631 |  695.331 |  701.727 |  693.649 |  695.546 |  695.622 |  694.784
=== process binA.order3.2
SELFCHECK OK (256 whole-block lengths 1..256 blk x 12 variants; out/Xi/ivec/ret byte-identical, nothing written past 16*nblk)
bytes  blks  |     base |       kc |       kd |       Ka |       Kb |       Kc |       Kd |   baseAA |       w1 |     w1AA |       ka |       kb ||      kc%      kd%      Ka%      Kb%      Kc%      Kd%  baseAA%      w1%    w1AA%      ka%      kb%
16     1     |   26.246 |   13.885 |   13.943 |   13.712 |   14.012 |   13.857 |   14.049 |   26.395 |   13.946 |   13.953 |   13.883 |   13.950 ||  -47.09  -46.88  -47.75  -46.61  -47.20  -46.47   +0.57  -46.86  -46.84  -47.10  -46.85
       med   |   26.707 |   14.088 |   14.098 |   13.831 |   14.179 |   14.031 |   14.076 |   27.102 |   14.103 |   14.079 |   14.086 |   14.087
32     2     |   26.538 |   15.305 |   15.313 |   15.341 |   15.352 |   15.378 |   15.432 |   26.482 |   15.304 |   15.308 |   15.298 |   15.326 ||  -42.33  -42.30  -42.19  -42.15  -42.05  -41.85   -0.21  -42.33  -42.32  -42.36  -42.25
       med   |   26.748 |   15.378 |   15.386 |   15.355 |   15.434 |   15.466 |   15.445 |   26.589 |   15.316 |   15.391 |   15.311 |   15.375
48     3     |   27.773 |   18.722 |   18.801 |   18.881 |   18.875 |   19.114 |   19.146 |   27.713 |   18.910 |   18.918 |   18.748 |   18.717 ||  -32.59  -32.30  -32.02  -32.04  -31.18  -31.06   -0.22  -31.91  -31.89  -32.50  -32.61
       med   |   28.150 |   18.934 |   19.044 |   19.060 |   19.123 |   19.495 |   19.377 |   27.873 |   19.021 |   19.278 |   18.895 |   18.850
64     4     |   28.925 |   22.867 |   22.965 |   23.090 |   23.101 |   23.268 |   23.303 |   28.878 |   23.134 |   23.130 |   22.826 |   22.779 ||  -20.94  -20.61  -20.17  -20.14  -19.56  -19.44   -0.16  -20.02  -20.04  -21.08  -21.25
       med   |   29.108 |   23.084 |   23.135 |   23.290 |   23.422 |   23.495 |   23.345 |   28.989 |   23.294 |   23.157 |   22.850 |   23.054
80     5     |   29.951 |   30.103 |   30.127 |   30.112 |   30.108 |   30.113 |   30.098 |   29.986 |   30.045 |   29.687 |   30.052 |   30.026 ||   +0.51   +0.59   +0.54   +0.53   +0.54   +0.49   +0.12   +0.32   -0.88   +0.34   +0.25
       med   |   30.250 |   30.275 |   30.261 |   30.238 |   30.355 |   30.270 |   30.264 |   30.150 |   30.265 |   30.304 |   30.269 |   30.280
96     6     |   30.929 |   30.835 |   30.796 |   30.788 |   30.814 |   30.794 |   30.809 |   30.878 |   30.876 |   30.869 |   30.857 |   30.855 ||   -0.30   -0.43   -0.46   -0.37   -0.44   -0.39   -0.16   -0.17   -0.19   -0.23   -0.24
       med   |   31.107 |   31.086 |   31.071 |   31.050 |   31.123 |   31.063 |   31.098 |   31.009 |   31.028 |   31.097 |   31.047 |   31.047
112    7     |   31.825 |   31.868 |   31.875 |   31.878 |   31.870 |   31.859 |   31.866 |   31.704 |   31.643 |   31.763 |   31.762 |   31.752 ||   +0.13   +0.16   +0.17   +0.14   +0.11   +0.13   -0.38   -0.57   -0.20   -0.20   -0.23
       med   |   32.130 |   32.047 |   32.030 |   32.015 |   32.176 |   31.996 |   32.001 |   31.995 |   32.008 |   32.132 |   32.104 |   32.175
128    8     |   30.100 |   29.939 |   29.923 |   29.937 |   29.942 |   29.946 |   29.926 |   30.031 |   30.097 |   30.027 |   30.048 |   30.107 ||   -0.53   -0.59   -0.54   -0.52   -0.51   -0.58   -0.23   -0.01   -0.24   -0.17   +0.02
       med   |   30.334 |   30.148 |   30.158 |   30.203 |   30.258 |   30.223 |   30.149 |   30.148 |   30.292 |   30.386 |   30.241 |   30.320
256    16    |   52.131 |   52.201 |   52.230 |   52.231 |   52.205 |   52.225 |   52.074 |   52.348 |   52.148 |   52.057 |   52.160 |   52.126 ||   +0.13   +0.19   +0.19   +0.14   +0.18   -0.11   +0.42   +0.03   -0.14   +0.06   -0.01
       med   |   52.812 |   52.689 |   52.669 |   52.807 |   52.801 |   52.842 |   52.637 |   52.869 |   52.538 |   52.623 |   52.686 |   52.612
512    32    |   95.157 |   94.166 |   94.474 |   94.506 |   94.458 |   94.484 |   94.279 |   94.341 |   94.169 |   94.890 |   94.150 |   94.640 ||   -1.04   -0.72   -0.68   -0.73   -0.71   -0.92   -0.86   -1.04   -0.28   -1.06   -0.54
       med   |   96.125 |   95.728 |   95.696 |   95.884 |   95.632 |   95.613 |   95.482 |   96.193 |   95.424 |   95.739 |   95.492 |   95.746
1024   64    |  180.942 |  179.739 |  179.922 |  179.667 |  179.595 |  179.647 |  179.637 |  180.774 |  179.633 |  179.951 |  179.764 |  179.757 ||   -0.66   -0.56   -0.70   -0.74   -0.72   -0.72   -0.09   -0.72   -0.55   -0.65   -0.65
       med   |  182.787 |  181.806 |  181.451 |  181.920 |  181.637 |  181.448 |  181.292 |  182.959 |  181.357 |  181.556 |  181.478 |  181.534
4096   256   |  694.059 |  692.082 |  691.733 |  692.277 |  692.251 |  691.328 |  692.212 |  693.668 |  691.058 |  690.292 |  690.846 |  690.706 ||   -0.28   -0.34   -0.26   -0.26   -0.39   -0.27   -0.06   -0.43   -0.54   -0.46   -0.48
       med   |  700.376 |  696.011 |  695.509 |  695.582 |  694.985 |  695.092 |  695.076 |  701.308 |  694.383 |  695.375 |  695.759 |  694.534
=== process binA.order3.3
SELFCHECK OK (256 whole-block lengths 1..256 blk x 12 variants; out/Xi/ivec/ret byte-identical, nothing written past 16*nblk)
bytes  blks  |     base |       kc |       kd |       Ka |       Kb |       Kc |       Kd |   baseAA |       w1 |     w1AA |       ka |       kb ||      kc%      kd%      Ka%      Kb%      Kc%      Kd%  baseAA%      w1%    w1AA%      ka%      kb%
16     1     |   26.192 |   13.877 |   13.939 |   13.706 |   14.007 |   13.836 |   14.046 |   26.213 |   13.987 |   13.952 |   13.926 |   13.842 ||  -47.02  -46.78  -47.67  -46.52  -47.17  -46.37   +0.08  -46.60  -46.73  -46.83  -47.15
       med   |   26.479 |   14.097 |   14.091 |   13.901 |   14.180 |   14.026 |   14.075 |   26.407 |   14.101 |   14.097 |   14.093 |   14.030
32     2     |   26.578 |   15.306 |   15.315 |   15.342 |   15.352 |   15.379 |   15.432 |   26.486 |   15.302 |   15.306 |   15.296 |   15.322 ||  -42.41  -42.38  -42.28  -42.24  -42.14  -41.94   -0.35  -42.43  -42.41  -42.45  -42.35
       med   |   26.789 |   15.366 |   15.389 |   15.354 |   15.434 |   15.579 |   15.447 |   26.550 |   15.317 |   15.390 |   15.311 |   15.375
48     3     |   27.764 |   18.690 |   18.768 |   18.848 |   18.857 |   19.101 |   19.114 |   27.740 |   18.875 |   18.934 |   18.706 |   18.686 ||  -32.68  -32.40  -32.11  -32.08  -31.20  -31.15   -0.09  -32.01  -31.80  -32.62  -32.70
       med   |   28.685 |   18.957 |   18.935 |   19.058 |   19.125 |   19.437 |   19.328 |   27.862 |   19.020 |   19.240 |   18.895 |   18.845
64     4     |   28.937 |   22.869 |   22.961 |   23.094 |   23.106 |   23.272 |   23.299 |   28.882 |   23.123 |   23.130 |   22.831 |   22.783 ||  -20.97  -20.65  -20.19  -20.15  -19.58  -19.48   -0.19  -20.09  -20.07  -21.10  -21.26
       med   |   29.223 |   23.058 |   22.993 |   23.123 |   23.428 |   23.488 |   23.582 |   29.007 |   23.294 |   23.158 |   22.854 |   23.051
80     5     |   29.944 |   30.097 |   30.111 |   30.116 |   30.105 |   30.121 |   30.096 |   29.965 |   30.048 |   30.015 |   30.049 |   30.041 ||   +0.51   +0.56   +0.57   +0.54   +0.59   +0.51   +0.07   +0.35   +0.23   +0.35   +0.32
       med   |   30.253 |   30.260 |   30.257 |   30.247 |   30.347 |   30.327 |   30.332 |   30.104 |   30.273 |   30.303 |   30.269 |   30.279
96     6     |   30.903 |   30.834 |   30.795 |   30.827 |   30.825 |   30.812 |   30.796 |   30.851 |   30.861 |   30.870 |   30.836 |   30.881 ||   -0.22   -0.35   -0.25   -0.25   -0.29   -0.35   -0.17   -0.13   -0.11   -0.22   -0.07
       med   |   31.101 |   31.074 |   31.101 |   31.090 |   31.131 |   31.101 |   31.105 |   30.991 |   31.022 |   31.081 |   31.033 |   31.052
112    7     |   31.825 |   31.884 |   31.823 |   31.880 |   31.843 |   31.885 |   31.882 |   31.712 |   31.761 |   31.767 |   31.764 |   31.780 ||   +0.19   -0.01   +0.17   +0.06   +0.19   +0.18   -0.35   -0.20   -0.18   -0.19   -0.14
       med   |   33.929 |   34.696 |   34.696 |   34.689 |   34.683 |   34.675 |   34.660 |   34.740 |   34.175 |   34.065 |   34.226 |   34.226
128    8     |   30.103 |   29.932 |   29.940 |   29.935 |   29.936 |   29.655 |   29.938 |   30.013 |   29.988 |   29.896 |   30.104 |   30.113 ||   -0.57   -0.54   -0.56   -0.56   -1.49   -0.55   -0.30   -0.38   -0.69   +0.00   +0.04
       med   |   30.330 |   30.153 |   30.366 |   30.231 |   30.273 |   30.209 |   30.143 |   30.077 |   30.296 |   30.390 |   30.173 |   30.308
256    16    |   52.135 |   52.060 |   52.189 |   52.239 |   52.235 |   52.231 |   52.223 |   52.343 |   52.083 |   51.580 |   51.667 |   52.137 ||   -0.15   +0.10   +0.20   +0.19   +0.18   +0.17   +0.40   -0.10   -1.07   -0.90   +0.00
       med   |   52.822 |   52.676 |   52.676 |   52.712 |   52.836 |   52.773 |   52.604 |   52.855 |   52.574 |   52.576 |   52.638 |   52.590
512    32    |   94.927 |   94.775 |   94.608 |   94.515 |   94.728 |   93.729 |   94.555 |   95.294 |   93.597 |   94.461 |   93.933 |   93.723 ||   -0.16   -0.34   -0.43   -0.21   -1.26   -0.39   +0.39   -1.40   -0.49   -1.05   -1.27
       med   |   96.040 |   95.704 |   95.530 |   95.832 |   95.688 |   95.730 |   95.486 |   96.178 |   95.356 |   95.594 |   95.467 |   95.748
1024   64    |  180.173 |  179.900 |  179.919 |  179.923 |  179.512 |  179.170 |  179.715 |  180.397 |  179.881 |  179.822 |  179.682 |  179.280 ||   -0.15   -0.14   -0.14   -0.37   -0.56   -0.25   +0.12   -0.16   -0.19   -0.27   -0.50
       med   |  182.785 |  181.756 |  181.554 |  181.869 |  181.582 |  181.578 |  181.430 |  182.970 |  181.460 |  181.573 |  181.560 |  181.530
4096   256   |  693.785 |  691.933 |  691.059 |  692.101 |  691.865 |  691.496 |  691.077 |  694.019 |  690.770 |  691.018 |  691.308 |  691.322 ||   -0.27   -0.39   -0.24   -0.28   -0.33   -0.39   +0.03   -0.43   -0.40   -0.36   -0.36
       med   |  700.194 |  695.764 |  695.239 |  695.832 |  694.961 |  695.048 |  695.301 |  701.304 |  694.289 |  695.162 |  695.649 |  694.734
=== process binA.order3.4
SELFCHECK OK (256 whole-block lengths 1..256 blk x 12 variants; out/Xi/ivec/ret byte-identical, nothing written past 16*nblk)
bytes  blks  |     base |       kc |       kd |       Ka |       Kb |       Kc |       Kd |   baseAA |       w1 |     w1AA |       ka |       kb ||      kc%      kd%      Ka%      Kb%      Kc%      Kd%  baseAA%      w1%    w1AA%      ka%      kb%
16     1     |   26.131 |   13.897 |   13.943 |   13.728 |   14.012 |   13.820 |   14.032 |   26.166 |   13.961 |   13.951 |   13.926 |   13.873 ||  -46.82  -46.64  -47.46  -46.38  -47.11  -46.30   +0.14  -46.57  -46.61  -46.71  -46.91
       med   |   26.693 |   14.092 |   14.096 |   13.837 |   14.175 |   14.032 |   14.076 |   27.128 |   14.105 |   14.089 |   14.094 |   14.094
32     2     |   26.524 |   15.307 |   15.317 |   15.340 |   15.350 |   15.375 |   15.433 |   26.461 |   15.302 |   15.306 |   15.299 |   15.325 ||  -42.29  -42.25  -42.17  -42.13  -42.03  -41.82   -0.24  -42.31  -42.29  -42.32  -42.22
       med   |   26.718 |   15.352 |   15.387 |   15.357 |   15.435 |   15.506 |   15.470 |   26.553 |   15.316 |   15.392 |   15.316 |   15.378
48     3     |   27.746 |   18.730 |   18.808 |   18.895 |   18.888 |   19.124 |   19.150 |   27.717 |   18.919 |   18.927 |   18.750 |   18.719 ||  -32.50  -32.21  -31.90  -31.92  -31.08  -30.98   -0.11  -31.81  -31.79  -32.42  -32.53
       med   |   28.187 |   18.953 |   19.022 |   19.055 |   19.127 |   19.526 |   19.430 |   27.800 |   19.022 |   19.270 |   18.938 |   18.895
64     4     |   28.926 |   22.864 |   22.954 |   23.094 |   23.102 |   23.273 |   23.312 |   28.880 |   23.131 |   23.126 |   22.825 |   22.782 ||  -20.96  -20.65  -20.16  -20.13  -19.55  -19.41   -0.16  -20.04  -20.05  -21.09  -21.24
       med   |   29.146 |   23.027 |   22.993 |   23.123 |   23.427 |   23.493 |   23.352 |   29.005 |   23.293 |   23.155 |   22.848 |   23.059
80     5     |   29.949 |   30.096 |   30.120 |   30.117 |   30.115 |   30.120 |   30.110 |   29.978 |   30.037 |   30.046 |   30.044 |   30.016 ||   +0.49   +0.57   +0.56   +0.56   +0.57   +0.54   +0.10   +0.29   +0.33   +0.32   +0.22
       med   |   30.265 |   30.257 |   30.321 |   30.347 |   30.345 |   30.349 |   30.255 |   30.153 |   30.266 |   30.316 |   30.285 |   30.258
96     6     |   30.901 |   30.847 |   30.778 |   30.774 |   30.803 |   30.825 |   30.836 |   30.863 |   30.861 |   30.885 |   30.862 |   30.858 ||   -0.17   -0.40   -0.41   -0.32   -0.24   -0.21   -0.12   -0.13   -0.05   -0.12   -0.14
       med   |   31.090 |   31.095 |   31.100 |   31.100 |   31.119 |   31.096 |   31.063 |   30.989 |   31.027 |   31.104 |   31.040 |   31.036
112    7     |   31.822 |   31.878 |   31.851 |   31.870 |   31.873 |   31.854 |   31.879 |   31.702 |   31.762 |   31.764 |   31.765 |   31.764 ||   +0.17   +0.09   +0.15   +0.16   +0.10   +0.18   -0.38   -0.19   -0.18   -0.18   -0.18
       med   |   32.178 |   32.202 |   32.059 |   32.057 |   32.123 |   32.041 |   32.035 |   31.987 |   32.019 |   32.179 |   32.126 |   32.353
128    8     |   30.073 |   29.945 |   29.928 |   29.918 |   29.849 |   29.628 |   29.934 |   30.026 |   30.088 |   30.116 |   30.078 |   30.108 ||   -0.43   -0.48   -0.51   -0.74   -1.48   -0.46   -0.16   +0.05   +0.14   +0.02   +0.12
       med   |   30.347 |   30.196 |   30.355 |   30.155 |   30.276 |   30.279 |   30.149 |   30.149 |   30.299 |   30.395 |   30.184 |   30.360
256    16    |   52.270 |   52.046 |   52.234 |   51.993 |   52.135 |   52.247 |   52.238 |   52.355 |   52.076 |   52.069 |   52.194 |   52.161 ||   -0.43   -0.07   -0.53   -0.26   -0.04   -0.06   +0.16   -0.37   -0.38   -0.14   -0.21
       med   |   52.797 |   52.688 |   52.666 |   52.651 |   52.837 |   52.762 |   52.645 |   52.880 |   52.545 |   52.602 |   52.608 |   52.614
512    32    |   95.224 |   94.531 |   94.480 |   94.368 |   94.439 |   94.292 |   94.459 |   95.280 |   94.161 |   94.931 |   93.919 |   93.232 ||   -0.73   -0.78   -0.90   -0.82   -0.98   -0.80   +0.06   -1.12   -0.31   -1.37   -2.09
       med   |   96.081 |   95.911 |   95.613 |   95.811 |   95.582 |   95.669 |   95.436 |   96.104 |   95.364 |   95.627 |   95.509 |   95.550
1024   64    |  181.145 |  179.864 |  179.883 |  179.871 |  179.757 |  179.915 |  179.763 |  180.540 |  177.917 |  179.805 |  179.415 |  179.710 ||   -0.71   -0.70   -0.70   -0.77   -0.68   -0.76   -0.33   -1.78   -0.74   -0.96   -0.79
       med   |  182.814 |  181.736 |  181.620 |  181.868 |  181.542 |  181.624 |  181.491 |  182.986 |  181.399 |  181.649 |  181.552 |  181.545
4096   256   |  693.710 |  692.125 |  691.656 |  692.350 |  691.706 |  691.952 |  692.172 |  694.207 |  690.165 |  691.309 |  690.712 |  691.343 ||   -0.23   -0.30   -0.20   -0.29   -0.25   -0.22   +0.07   -0.51   -0.35   -0.43   -0.34
       med   |  700.326 |  696.058 |  695.155 |  695.762 |  694.820 |  695.081 |  694.887 |  701.920 |  694.398 |  695.277 |  695.471 |  695.082
=== process binA.order3.5
SELFCHECK OK (256 whole-block lengths 1..256 blk x 12 variants; out/Xi/ivec/ret byte-identical, nothing written past 16*nblk)
bytes  blks  |     base |       kc |       kd |       Ka |       Kb |       Kc |       Kd |   baseAA |       w1 |     w1AA |       ka |       kb ||      kc%      kd%      Ka%      Kb%      Kc%      Kd%  baseAA%      w1%    w1AA%      ka%      kb%
16     1     |   26.242 |   13.929 |   13.943 |   13.731 |   14.013 |   13.873 |   14.054 |   26.365 |   13.951 |   13.950 |   13.932 |   13.842 ||  -46.92  -46.87  -47.68  -46.60  -47.13  -46.45   +0.47  -46.84  -46.84  -46.91  -47.25
       med   |   26.671 |   14.092 |   14.093 |   13.903 |   14.180 |   14.050 |   14.080 |   27.092 |   14.107 |   14.083 |   14.095 |   14.028
32     2     |   26.535 |   15.307 |   15.313 |   15.339 |   15.348 |   15.376 |   15.429 |   26.468 |   15.305 |   15.305 |   15.299 |   15.320 ||  -42.31  -42.29  -42.19  -42.16  -42.05  -41.85   -0.25  -42.32  -42.32  -42.34  -42.27
       med   |   26.779 |   15.354 |   15.383 |   15.354 |   15.435 |   15.499 |   15.446 |   26.543 |   15.320 |   15.389 |   15.309 |   15.376
48     3     |   27.505 |   18.727 |   18.804 |   18.873 |   18.897 |   19.123 |   19.141 |   27.713 |   18.928 |   18.908 |   18.744 |   18.716 ||  -31.91  -31.63  -31.38  -31.30  -30.47  -30.41   +0.76  -31.18  -31.26  -31.85  -31.96
       med   |   28.206 |   18.961 |   18.996 |   19.058 |   19.128 |   19.520 |   19.381 |   27.833 |   19.020 |   19.248 |   18.890 |   18.847
64     4     |   28.922 |   22.866 |   22.960 |   23.093 |   23.104 |   23.268 |   23.306 |   28.887 |   23.134 |   23.135 |   22.820 |   22.787 ||  -20.94  -20.61  -20.15  -20.12  -19.55  -19.42   -0.12  -20.01  -20.01  -21.10  -21.21
       med   |   29.155 |   23.040 |   22.991 |   23.123 |   23.428 |   23.486 |   23.582 |   29.020 |   23.291 |   23.160 |   22.853 |   23.057
80     5     |   29.980 |   30.103 |   30.116 |   30.117 |   30.107 |   30.133 |   30.111 |   29.985 |   30.046 |   30.024 |   30.041 |   30.053 ||   +0.41   +0.46   +0.46   +0.42   +0.51   +0.44   +0.02   +0.22   +0.15   +0.20   +0.24
       med   |   30.269 |   30.260 |   30.263 |   30.301 |   30.326 |   30.347 |   30.257 |   30.156 |   30.274 |   30.312 |   30.287 |   30.325
96     6     |   30.908 |   30.827 |   30.824 |   30.822 |   30.828 |   30.828 |   30.834 |   30.862 |   30.883 |   30.875 |   30.869 |   30.876 ||   -0.26   -0.27   -0.28   -0.26   -0.26   -0.24   -0.15   -0.08   -0.11   -0.13   -0.10
       med   |   31.091 |   31.094 |   31.073 |   31.069 |   31.080 |   31.103 |   31.100 |   31.014 |   31.029 |   31.065 |   31.045 |   31.057
112    7     |   31.813 |   31.878 |   31.837 |   31.877 |   31.872 |   31.871 |   31.868 |   31.701 |   31.748 |   31.761 |   31.760 |   31.760 ||   +0.21   +0.08   +0.20   +0.19   +0.18   +0.17   -0.35   -0.20   -0.16   -0.17   -0.17
       med   |   32.071 |   32.030 |   32.022 |   32.031 |   32.003 |   32.027 |   32.017 |   32.047 |   32.010 |   32.167 |   32.120 |   32.141
128    8     |   30.060 |   29.930 |   29.745 |   29.916 |   29.943 |   29.731 |   29.933 |   30.033 |   30.097 |   30.013 |   30.097 |   30.110 ||   -0.43   -1.05   -0.48   -0.39   -1.09   -0.42   -0.09   +0.12   -0.15   +0.12   +0.17
       med   |   30.243 |   30.144 |   30.314 |   30.202 |   30.266 |   30.280 |   30.145 |   30.171 |   30.297 |   30.384 |   30.252 |   30.387
256    16    |   52.262 |   52.226 |   52.256 |   52.240 |   52.247 |   52.038 |   52.167 |   52.387 |   52.028 |   52.102 |   52.186 |   51.743 ||   -0.07   -0.01   -0.04   -0.03   -0.43   -0.18   +0.24   -0.45   -0.31   -0.15   -0.99
       med   |   52.796 |   52.696 |   52.671 |   52.777 |   52.861 |   52.738 |   52.607 |   52.937 |   52.543 |   52.601 |   52.672 |   52.610
512    32    |   95.191 |   94.871 |   94.507 |   94.914 |   94.697 |   94.939 |   94.758 |   95.431 |   95.068 |   95.074 |   94.069 |   94.730 ||   -0.34   -0.72   -0.29   -0.52   -0.26   -0.45   +0.25   -0.13   -0.12   -1.18   -0.48
       med   |   96.327 |   95.979 |   95.694 |   96.078 |   95.773 |   95.782 |   95.681 |   96.485 |   95.524 |   95.766 |   95.617 |   95.935
1024   64    |  180.468 |  179.833 |  179.839 |  179.843 |  179.631 |  179.806 |  179.559 |  180.306 |  179.690 |  179.494 |  179.326 |  179.728 ||   -0.35   -0.35   -0.35   -0.46   -0.37   -0.50   -0.09   -0.43   -0.54   -0.63   -0.41
       med   |  182.618 |  181.958 |  181.514 |  182.113 |  181.563 |  181.642 |  181.447 |  182.954 |  181.250 |  181.749 |  181.702 |  181.796
4096   256   |  694.757 |  691.916 |  691.453 |  691.444 |  691.848 |  691.410 |  691.181 |  693.741 |  691.048 |  691.239 |  691.228 |  691.477 ||   -0.41   -0.48   -0.48   -0.42   -0.48   -0.51   -0.15   -0.53   -0.51   -0.51   -0.47
       med   |  700.235 |  695.995 |  695.701 |  695.658 |  694.824 |  694.602 |  695.207 |  701.824 |  693.923 |  695.895 |  695.767 |  694.530
