## bin=binB host=gv3 core=3 reps=300 nproc=5
## O1: base baseAA w1 f4 f4i f4iE f4iH cthd ptre gs30 cl3 lbr
## O2: base lbr cl3 gs30 ptre cthd f4iH f4iE f4i f4 w1 baseAA
## O3: base f4iH cthd ptre gs30 cl3 lbr baseAA w1 f4 f4i f4iE
=== process binB.order1.1
SELFCHECK OK (256 whole-block lengths 1..256 blk x 12 variants; out/Xi/ivec/ret byte-identical, nothing written past 16*nblk)
bytes  blks  |     base |   baseAA |       w1 |       f4 |      f4i |     f4iE |     f4iH |     cthd |     ptre |     gs30 |      cl3 |      lbr ||  baseAA%      w1%      f4%     f4i%    f4iE%    f4iH%    cthd%    ptre%    gs30%     cl3%     lbr%
16     1     |   26.237 |   26.336 |   13.886 |   13.998 |   13.842 |   13.967 |   13.852 |   13.910 |   13.889 |   14.036 |   13.915 |   13.845 ||   +0.38  -47.07  -46.65  -47.24  -46.76  -47.20  -46.98  -47.06  -46.50  -46.96  -47.23
       med   |   26.766 |   27.052 |   14.104 |   14.109 |   14.040 |   14.111 |   14.045 |   14.120 |   14.063 |   14.101 |   14.020 |   14.003
32     2     |   26.560 |   26.453 |   15.303 |   15.296 |   15.285 |   15.307 |   15.272 |   15.263 |   15.301 |   15.345 |   15.251 |   15.296 ||   -0.40  -42.38  -42.41  -42.45  -42.37  -42.50  -42.53  -42.39  -42.22  -42.58  -42.41
       med   |   26.799 |   26.719 |   15.316 |   15.309 |   15.296 |   15.375 |   15.382 |   15.278 |   15.318 |   15.371 |   15.343 |   15.309
48     3     |   27.762 |   27.711 |   18.904 |   18.919 |   18.924 |   19.026 |   18.802 |   18.804 |   18.938 |   19.167 |   18.852 |   19.007 ||   -0.18  -31.91  -31.85  -31.83  -31.47  -32.27  -32.27  -31.78  -30.96  -32.09  -31.53
       med   |   28.218 |   27.945 |   19.023 |   19.064 |   19.060 |   19.216 |   19.019 |   18.955 |   19.458 |   19.222 |   18.908 |   19.109
64     4     |   28.924 |   28.877 |   23.127 |   23.163 |   23.131 |   23.068 |   22.853 |   22.915 |   23.103 |   23.401 |   22.949 |   23.082 ||   -0.16  -20.04  -19.92  -20.03  -20.25  -20.99  -20.77  -20.13  -19.10  -20.66  -20.20
       med   |   29.158 |   29.129 |   23.157 |   23.246 |   23.315 |   23.096 |   23.023 |   22.941 |   23.415 |   23.844 |   22.975 |   23.211
80     5     |   29.954 |   29.998 |   30.050 |   30.041 |   30.045 |   30.117 |   30.111 |   30.046 |   30.010 |   30.107 |   30.111 |   30.116 ||   +0.15   +0.32   +0.29   +0.30   +0.54   +0.52   +0.31   +0.18   +0.51   +0.52   +0.54
       med   |   30.234 |   30.317 |   30.276 |   30.259 |   30.328 |   30.375 |   30.260 |   30.277 |   30.222 |   30.295 |   30.240 |   30.251
96     6     |   30.918 |   30.857 |   30.867 |   30.859 |   30.865 |   30.831 |   30.787 |   30.855 |   30.838 |   30.824 |   30.782 |   30.798 ||   -0.20   -0.16   -0.19   -0.17   -0.28   -0.42   -0.20   -0.26   -0.30   -0.44   -0.39
       med   |   31.093 |   31.095 |   31.030 |   31.031 |   31.179 |   31.105 |   31.131 |   31.045 |   31.019 |   31.106 |   31.055 |   31.082
112    7     |   31.824 |   31.700 |   31.763 |   31.767 |   31.766 |   31.876 |   31.874 |   31.761 |   31.642 |   31.797 |   31.864 |   31.870 ||   -0.39   -0.19   -0.18   -0.18   +0.16   +0.16   -0.20   -0.57   -0.08   +0.12   +0.14
       med   |   32.114 |   32.168 |   32.067 |   32.138 |   32.223 |   32.041 |   32.231 |   32.100 |   32.108 |   32.022 |   31.972 |   32.020
128    8     |   30.102 |   30.039 |   30.102 |   30.107 |   30.111 |   29.941 |   29.681 |   30.093 |   30.105 |   29.934 |   29.929 |   29.935 ||   -0.21   +0.00   +0.02   +0.03   -0.53   -1.40   -0.03   +0.01   -0.56   -0.57   -0.55
       med   |   30.229 |   30.276 |   30.251 |   30.367 |   30.422 |   30.300 |   30.268 |   30.297 |   30.255 |   30.295 |   30.060 |   30.074
256    16    |   52.233 |   52.351 |   52.173 |   52.031 |   51.908 |   52.230 |   52.229 |   52.035 |   52.094 |   52.225 |   52.071 |   52.236 ||   +0.23   -0.11   -0.39   -0.62   -0.01   -0.01   -0.38   -0.27   -0.01   -0.31   +0.01
       med   |   52.848 |   52.933 |   52.601 |   52.698 |   52.687 |   52.748 |   52.783 |   52.645 |   52.523 |   52.712 |   52.689 |   52.705
512    32    |   94.944 |   95.266 |   94.533 |   94.459 |   94.189 |   94.473 |   94.446 |   93.949 |   93.882 |   94.883 |   94.328 |   94.511 ||   +0.34   -0.43   -0.51   -0.80   -0.50   -0.52   -1.05   -1.12   -0.06   -0.65   -0.46
       med   |   96.054 |   96.313 |   95.472 |   95.747 |   95.551 |   95.804 |   95.720 |   95.450 |   95.526 |   95.804 |   95.711 |   95.790
1024   64    |  181.117 |  180.918 |  179.546 |  179.701 |  179.577 |  179.704 |  179.782 |  178.113 |  179.862 |  179.958 |  179.427 |  179.895 ||   -0.11   -0.87   -0.78   -0.85   -0.78   -0.74   -1.66   -0.69   -0.64   -0.93   -0.67
       med   |  182.798 |  182.940 |  181.402 |  181.681 |  181.514 |  181.809 |  181.513 |  181.390 |  181.481 |  181.892 |  181.679 |  181.790
4096   256   |  695.141 |  693.885 |  690.871 |  691.170 |  691.091 |  691.778 |  691.871 |  690.901 |  689.722 |  692.101 |  691.866 |  692.020 ||   -0.18   -0.61   -0.57   -0.58   -0.48   -0.47   -0.61   -0.78   -0.44   -0.47   -0.45
       med   |  700.295 |  700.625 |  695.125 |  694.793 |  695.423 |  694.543 |  695.439 |  693.734 |  694.327 |  695.880 |  695.837 |  695.358
=== process binB.order1.2
SELFCHECK OK (256 whole-block lengths 1..256 blk x 12 variants; out/Xi/ivec/ret byte-identical, nothing written past 16*nblk)
bytes  blks  |     base |   baseAA |       w1 |       f4 |      f4i |     f4iE |     f4iH |     cthd |     ptre |     gs30 |      cl3 |      lbr ||  baseAA%      w1%      f4%     f4i%    f4iE%    f4iH%    cthd%    ptre%    gs30%     cl3%     lbr%
16     1     |   26.246 |   26.325 |   14.001 |   14.016 |   13.816 |   13.973 |   13.880 |   13.904 |   13.963 |   14.085 |   13.821 |   13.842 ||   +0.30  -46.65  -46.60  -47.36  -46.76  -47.11  -47.02  -46.80  -46.33  -47.34  -47.26
       med   |   26.732 |   27.156 |   14.109 |   14.107 |   13.962 |   14.113 |   14.049 |   14.118 |   14.067 |   14.102 |   14.053 |   13.999
32     2     |   26.479 |   26.464 |   15.304 |   15.297 |   15.285 |   15.306 |   15.269 |   15.264 |   15.304 |   15.341 |   15.239 |   15.294 ||   -0.06  -42.20  -42.23  -42.27  -42.20  -42.34  -42.36  -42.20  -42.06  -42.45  -42.24
       med   |   26.775 |   26.693 |   15.317 |   15.308 |   15.297 |   15.373 |   15.383 |   15.276 |   15.319 |   15.371 |   15.342 |   15.309
48     3     |   27.760 |   27.714 |   18.914 |   18.925 |   18.917 |   19.035 |   18.796 |   18.797 |   18.940 |   19.165 |   18.849 |   19.005 ||   -0.16  -31.87  -31.82  -31.86  -31.43  -32.29  -32.29  -31.77  -30.96  -32.10  -31.54
       med   |   28.131 |   27.990 |   19.025 |   19.066 |   19.053 |   19.145 |   18.983 |   18.859 |   18.986 |   19.229 |   18.910 |   19.103
64     4     |   28.920 |   28.885 |   23.127 |   23.168 |   23.140 |   23.062 |   22.852 |   22.911 |   23.098 |   23.396 |   22.949 |   23.087 ||   -0.12  -20.03  -19.89  -19.99  -20.26  -20.98  -20.78  -20.13  -19.10  -20.65  -20.17
       med   |   29.324 |   29.065 |   23.420 |   23.198 |   23.360 |   23.214 |   22.882 |   22.952 |   23.379 |   23.994 |   23.193 |   23.109
80     5     |   29.948 |   29.985 |   30.053 |   30.049 |   30.009 |   30.126 |   30.104 |   30.053 |   30.051 |   30.115 |   30.112 |   30.124 ||   +0.12   +0.35   +0.34   +0.20   +0.59   +0.52   +0.35   +0.34   +0.56   +0.55   +0.59
       med   |   30.231 |   30.294 |   30.301 |   30.296 |   30.359 |   30.360 |   30.379 |   30.318 |   30.282 |   30.310 |   30.249 |   30.268
96     6     |   30.900 |   30.870 |   30.873 |   30.821 |   30.876 |   30.836 |   30.830 |   30.690 |   30.857 |   30.843 |   30.833 |   30.837 ||   -0.10   -0.09   -0.26   -0.08   -0.21   -0.23   -0.68   -0.14   -0.19   -0.22   -0.21
       med   |   31.081 |   31.120 |   31.076 |   31.048 |   31.138 |   31.113 |   31.219 |   31.055 |   31.048 |   31.113 |   31.114 |   31.105
112    7     |   31.778 |   31.709 |   31.758 |   31.696 |   31.756 |   31.873 |   31.880 |   31.754 |   31.752 |   31.743 |   31.875 |   31.877 ||   -0.22   -0.06   -0.26   -0.07   +0.30   +0.32   -0.07   -0.08   -0.11   +0.30   +0.31
       med   |   32.148 |   32.137 |   32.032 |   32.112 |   32.155 |   32.183 |   32.034 |   32.117 |   32.026 |   32.051 |   32.003 |   32.010
128    8     |   30.103 |   30.042 |   30.113 |   30.100 |   30.120 |   29.706 |   29.932 |   30.103 |   30.096 |   29.944 |   29.941 |   29.934 ||   -0.20   +0.03   -0.01   +0.06   -1.32   -0.57   +0.00   -0.02   -0.53   -0.54   -0.56
       med   |   30.237 |   30.280 |   30.248 |   30.371 |   30.450 |   30.273 |   30.164 |   30.327 |   30.248 |   30.280 |   30.070 |   30.067
256    16    |   52.264 |   52.437 |   52.015 |   52.147 |   52.105 |   52.249 |   52.231 |   52.211 |   52.052 |   52.232 |   52.044 |   52.240 ||   +0.33   -0.48   -0.22   -0.30   -0.03   -0.06   -0.10   -0.41   -0.06   -0.42   -0.05
       med   |   52.811 |   52.978 |   52.607 |   52.667 |   52.691 |   52.693 |   52.594 |   52.695 |   52.502 |   52.661 |   52.616 |   52.669
512    32    |   95.116 |   95.175 |   94.466 |   94.449 |   94.790 |   94.747 |   94.462 |   94.403 |   94.111 |   94.222 |   94.446 |   94.451 ||   +0.06   -0.68   -0.70   -0.34   -0.39   -0.69   -0.75   -1.06   -0.94   -0.70   -0.70
       med   |   96.132 |   96.241 |   95.555 |   95.732 |   95.514 |   95.842 |   95.594 |   95.440 |   95.484 |   95.793 |   95.691 |   95.830
1024   64    |  180.098 |  180.876 |  179.697 |  179.900 |  179.822 |  179.750 |  179.690 |  179.780 |  179.681 |  179.718 |  179.885 |  179.712 ||   +0.43   -0.22   -0.11   -0.15   -0.19   -0.23   -0.18   -0.23   -0.21   -0.12   -0.21
       med   |  182.726 |  183.009 |  181.536 |  181.734 |  181.506 |  181.632 |  181.498 |  181.386 |  181.438 |  181.897 |  181.693 |  181.679
4096   256   |  694.237 |  695.293 |  691.216 |  690.930 |  691.365 |  692.212 |  691.943 |  690.694 |  689.779 |  692.073 |  692.266 |  692.060 ||   +0.15   -0.44   -0.48   -0.41   -0.29   -0.33   -0.51   -0.64   -0.31   -0.28   -0.31
       med   |  700.118 |  700.284 |  694.480 |  694.802 |  695.451 |  694.665 |  695.408 |  693.777 |  694.468 |  695.736 |  695.822 |  695.448
=== process binB.order1.3
SELFCHECK OK (256 whole-block lengths 1..256 blk x 12 variants; out/Xi/ivec/ret byte-identical, nothing written past 16*nblk)
bytes  blks  |     base |   baseAA |       w1 |       f4 |      f4i |     f4iE |     f4iH |     cthd |     ptre |     gs30 |      cl3 |      lbr ||  baseAA%      w1%      f4%     f4i%    f4iE%    f4iH%    cthd%    ptre%    gs30%     cl3%     lbr%
16     1     |   26.175 |   26.100 |   13.860 |   14.025 |   13.835 |   13.968 |   13.846 |   13.972 |   13.960 |   14.022 |   13.915 |   13.848 ||   -0.29  -47.05  -46.42  -47.14  -46.64  -47.10  -46.62  -46.67  -46.43  -46.84  -47.09
       med   |   26.450 |   26.555 |   14.111 |   14.108 |   13.966 |   14.109 |   14.029 |   14.118 |   14.065 |   14.101 |   14.043 |   14.002
32     2     |   26.525 |   26.471 |   15.303 |   15.296 |   15.285 |   15.307 |   15.273 |   15.265 |   15.297 |   15.342 |   15.247 |   15.295 ||   -0.20  -42.31  -42.33  -42.38  -42.29  -42.42  -42.45  -42.33  -42.16  -42.52  -42.34
       med   |   26.756 |   26.703 |   15.317 |   15.308 |   15.302 |   15.376 |   15.387 |   15.288 |   15.322 |   15.393 |   15.343 |   15.315
48     3     |   27.803 |   27.698 |   18.876 |   18.898 |   18.888 |   19.034 |   18.799 |   18.801 |   18.947 |   19.157 |   18.836 |   18.986 ||   -0.38  -32.11  -32.03  -32.07  -31.54  -32.38  -32.38  -31.85  -31.10  -32.25  -31.71
       med   |   28.288 |   27.998 |   19.020 |   19.060 |   19.055 |   19.215 |   18.985 |   18.949 |   19.462 |   19.297 |   18.911 |   19.109
64     4     |   28.917 |   28.880 |   23.130 |   23.165 |   23.136 |   23.068 |   22.857 |   22.917 |   23.100 |   23.409 |   22.954 |   23.086 ||   -0.13  -20.01  -19.89  -19.99  -20.23  -20.96  -20.75  -20.12  -19.05  -20.62  -20.16
       med   |   29.178 |   29.255 |   23.154 |   23.197 |   23.344 |   23.090 |   23.137 |   22.944 |   23.413 |   23.988 |   22.974 |   23.373
80     5     |   29.955 |   29.991 |   30.006 |   30.035 |   30.059 |   30.129 |   30.099 |   30.041 |   30.046 |   30.109 |   30.105 |   30.113 ||   +0.12   +0.17   +0.27   +0.35   +0.58   +0.48   +0.29   +0.30   +0.51   +0.50   +0.53
       med   |   30.193 |   30.244 |   30.266 |   30.284 |   30.362 |   30.345 |   30.298 |   30.324 |   30.245 |   30.260 |   30.231 |   30.249
96     6     |   30.900 |   30.872 |   30.858 |   30.865 |   30.859 |   30.819 |   30.833 |   30.825 |   30.799 |   30.824 |   30.794 |   30.831 ||   -0.09   -0.14   -0.11   -0.13   -0.26   -0.22   -0.24   -0.33   -0.25   -0.34   -0.22
       med   |   31.090 |   31.134 |   31.027 |   31.028 |   31.117 |   31.101 |   31.174 |   31.052 |   31.018 |   31.069 |   31.051 |   31.068
112    7     |   31.830 |   31.707 |   31.766 |   31.768 |   31.767 |   31.865 |   31.884 |   31.766 |   31.765 |   31.885 |   31.874 |   31.875 ||   -0.39   -0.20   -0.20   -0.20   +0.11   +0.17   -0.20   -0.21   +0.17   +0.14   +0.14
       med   |   34.401 |   34.959 |   34.291 |   34.374 |   34.422 |   34.710 |   34.761 |   34.231 |   34.257 |   34.732 |   34.702 |   34.687
128    8     |   30.092 |   30.030 |   29.672 |   30.102 |   30.033 |   29.740 |   29.945 |   30.111 |   30.103 |   29.942 |   29.931 |   29.927 ||   -0.21   -1.40   +0.03   -0.20   -1.17   -0.49   +0.06   +0.03   -0.50   -0.54   -0.55
       med   |   30.233 |   30.279 |   30.241 |   30.353 |   30.448 |   30.302 |   30.268 |   30.337 |   30.240 |   30.261 |   30.053 |   30.061
256    16    |   52.193 |   52.394 |   51.964 |   51.761 |   52.088 |   52.220 |   52.234 |   52.197 |   52.160 |   52.241 |   52.183 |   52.232 ||   +0.38   -0.44   -0.83   -0.20   +0.05   +0.08   +0.01   -0.06   +0.09   -0.02   +0.07
       med   |   52.797 |   52.968 |   52.632 |   52.637 |   52.653 |   52.627 |   52.681 |   52.692 |   52.519 |   52.760 |   52.614 |   52.612
512    32    |   94.866 |   95.041 |   94.478 |   94.117 |   94.662 |   94.791 |   94.725 |   93.551 |   93.901 |   94.671 |   94.662 |   94.615 ||   +0.18   -0.41   -0.79   -0.22   -0.08   -0.15   -1.39   -1.02   -0.21   -0.21   -0.26
       med   |   95.965 |   96.233 |   95.497 |   95.756 |   95.637 |   95.624 |   95.715 |   95.468 |   95.510 |   95.956 |   95.700 |   95.726
1024   64    |  181.005 |  180.845 |  179.677 |  179.839 |  179.665 |  179.792 |  179.911 |  178.482 |  179.689 |  179.921 |  179.821 |  179.913 ||   -0.09   -0.73   -0.64   -0.74   -0.67   -0.60   -1.39   -0.73   -0.60   -0.65   -0.60
       med   |  182.715 |  183.010 |  181.490 |  181.536 |  181.554 |  181.637 |  181.470 |  181.380 |  181.368 |  181.808 |  181.784 |  181.726
4096   256   |  694.087 |  693.399 |  690.162 |  691.420 |  690.869 |  692.106 |  692.215 |  691.303 |  690.341 |  691.870 |  691.380 |  691.133 ||   -0.10   -0.57   -0.38   -0.46   -0.29   -0.27   -0.40   -0.54   -0.32   -0.39   -0.43
       med   |  700.532 |  700.496 |  694.823 |  694.495 |  695.330 |  694.827 |  695.186 |  694.096 |  693.778 |  695.457 |  695.913 |  695.154
=== process binB.order1.4
SELFCHECK OK (256 whole-block lengths 1..256 blk x 12 variants; out/Xi/ivec/ret byte-identical, nothing written past 16*nblk)
bytes  blks  |     base |   baseAA |       w1 |       f4 |      f4i |     f4iE |     f4iH |     cthd |     ptre |     gs30 |      cl3 |      lbr ||  baseAA%      w1%      f4%     f4i%    f4iE%    f4iH%    cthd%    ptre%    gs30%     cl3%     lbr%
16     1     |   26.313 |   26.220 |   13.932 |   13.940 |   13.808 |   13.970 |   13.915 |   13.977 |   13.962 |   14.071 |   13.915 |   13.832 ||   -0.35  -47.05  -47.02  -47.52  -46.91  -47.11  -46.88  -46.94  -46.52  -47.12  -47.43
       med   |   26.526 |   26.836 |   14.100 |   14.108 |   14.041 |   14.114 |   14.042 |   14.114 |   14.066 |   14.099 |   14.055 |   14.027
32     2     |   26.587 |   26.525 |   15.305 |   15.298 |   15.282 |   15.308 |   15.267 |   15.261 |   15.299 |   15.340 |   15.250 |   15.294 ||   -0.23  -42.44  -42.46  -42.52  -42.42  -42.58  -42.60  -42.46  -42.30  -42.64  -42.47
       med   |   26.815 |   26.741 |   15.317 |   15.309 |   15.296 |   15.372 |   15.386 |   15.279 |   15.320 |   15.382 |   15.342 |   15.310
48     3     |   27.814 |   27.736 |   18.879 |   18.898 |   18.903 |   19.052 |   18.816 |   18.792 |   18.941 |   19.174 |   18.843 |   19.004 ||   -0.28  -32.13  -32.06  -32.04  -31.50  -32.35  -32.44  -31.90  -31.07  -32.25  -31.68
       med   |   28.309 |   28.037 |   19.028 |   19.061 |   19.066 |   19.221 |   19.089 |   18.936 |   18.976 |   19.300 |   18.910 |   19.125
64     4     |   28.990 |   28.920 |   23.136 |   23.174 |   23.149 |   23.098 |   22.921 |   23.037 |   23.114 |   23.453 |   22.958 |   23.110 ||   -0.24  -20.19  -20.06  -20.15  -20.32  -20.93  -20.53  -20.27  -19.10  -20.81  -20.28
       med   |   29.392 |   29.252 |   23.164 |   23.201 |   23.381 |   23.132 |   23.043 |   23.062 |   23.508 |   23.776 |   22.982 |   23.160
80     5     |   29.966 |   30.087 |   30.182 |   30.044 |   30.053 |   30.283 |   30.188 |   30.132 |   30.232 |   30.207 |   30.202 |   30.324 ||   +0.40   +0.72   +0.26   +0.29   +1.06   +0.74   +0.55   +0.89   +0.80   +0.79   +1.20
       med   |   30.349 |   30.459 |   30.364 |   30.394 |   30.586 |   30.618 |   30.582 |   30.426 |   30.350 |   30.399 |   30.393 |   30.388
96     6     |   30.964 |   30.937 |   30.930 |   30.920 |   30.921 |   30.832 |   30.834 |   30.936 |   30.937 |   30.818 |   30.822 |   30.834 ||   -0.09   -0.11   -0.14   -0.14   -0.43   -0.42   -0.09   -0.09   -0.47   -0.46   -0.42
       med   |   31.167 |   31.182 |   31.038 |   31.044 |   31.281 |   31.190 |   31.187 |   31.049 |   31.041 |   31.165 |   31.130 |   31.145
112    7     |   31.906 |   31.753 |   31.779 |   31.786 |   31.788 |   31.944 |   31.943 |   31.782 |   31.773 |   31.808 |   31.938 |   31.934 ||   -0.48   -0.40   -0.38   -0.37   +0.12   +0.11   -0.39   -0.42   -0.31   +0.10   +0.09
       med   |   34.332 |   35.084 |   34.438 |   34.454 |   34.463 |   34.986 |   34.961 |   34.426 |   34.436 |   34.976 |   34.885 |   34.949
128    8     |   30.148 |   30.136 |   30.103 |   30.044 |   30.087 |   29.947 |   29.941 |   30.098 |   30.099 |   29.940 |   29.928 |   29.824 ||   -0.04   -0.15   -0.35   -0.20   -0.67   -0.69   -0.17   -0.16   -0.69   -0.73   -1.08
       med   |   30.469 |   30.408 |   30.249 |   30.294 |   30.439 |   30.302 |   30.274 |   30.312 |   30.256 |   30.237 |   30.048 |   30.064
256    16    |   52.403 |   52.480 |   52.188 |   51.953 |   51.594 |   52.233 |   52.243 |   52.196 |   52.165 |   52.106 |   51.875 |   52.233 ||   +0.15   -0.41   -0.86   -1.54   -0.32   -0.31   -0.40   -0.45   -0.57   -1.01   -0.33
       med   |   52.957 |   53.134 |   52.589 |   52.689 |   52.655 |   52.694 |   52.764 |   52.670 |   52.549 |   52.732 |   52.721 |   52.695
512    32    |   95.300 |   95.534 |   94.487 |   94.966 |   93.653 |   94.586 |   93.990 |   94.623 |   94.908 |   94.711 |   94.700 |   94.712 ||   +0.25   -0.85   -0.35   -1.73   -0.75   -1.37   -0.71   -0.41   -0.62   -0.63   -0.62
       med   |   96.225 |   96.443 |   95.547 |   95.697 |   95.530 |   95.764 |   95.798 |   95.456 |   95.532 |   95.864 |   95.678 |   95.725
1024   64    |  179.963 |  181.081 |  179.833 |  179.193 |  179.922 |  179.850 |  179.892 |  179.344 |  179.869 |  179.613 |  179.742 |  179.685 ||   +0.62   -0.07   -0.43   -0.02   -0.06   -0.04   -0.34   -0.05   -0.19   -0.12   -0.15
       med   |  182.922 |  183.026 |  181.540 |  181.654 |  181.484 |  181.611 |  181.656 |  181.420 |  181.446 |  181.915 |  181.768 |  181.685
4096   256   |  694.861 |  693.212 |  690.780 |  691.322 |  691.146 |  691.813 |  691.382 |  690.213 |  690.470 |  692.100 |  692.245 |  692.149 ||   -0.24   -0.59   -0.51   -0.53   -0.44   -0.50   -0.67   -0.63   -0.40   -0.38   -0.39
       med   |  700.494 |  700.446 |  695.076 |  694.761 |  695.332 |  694.604 |  695.915 |  694.042 |  694.090 |  695.686 |  695.747 |  695.206
=== process binB.order1.5
SELFCHECK OK (256 whole-block lengths 1..256 blk x 12 variants; out/Xi/ivec/ret byte-identical, nothing written past 16*nblk)
bytes  blks  |     base |   baseAA |       w1 |       f4 |      f4i |     f4iE |     f4iH |     cthd |     ptre |     gs30 |      cl3 |      lbr ||  baseAA%      w1%      f4%     f4i%    f4iE%    f4iH%    cthd%    ptre%    gs30%     cl3%     lbr%
16     1     |   26.184 |   26.157 |   13.999 |   14.022 |   13.831 |   13.970 |   13.860 |   13.978 |   13.960 |   14.042 |   13.914 |   13.847 ||   -0.10  -46.54  -46.45  -47.18  -46.65  -47.07  -46.62  -46.69  -46.37  -46.86  -47.12
       med   |   26.486 |   26.546 |   14.104 |   14.108 |   14.035 |   14.114 |   14.008 |   14.116 |   14.067 |   14.102 |   14.051 |   13.997
32     2     |   26.525 |   26.474 |   15.303 |   15.296 |   15.283 |   15.306 |   15.268 |   15.266 |   15.290 |   15.346 |   15.244 |   15.295 ||   -0.19  -42.31  -42.33  -42.38  -42.30  -42.44  -42.44  -42.36  -42.14  -42.53  -42.34
       med   |   26.783 |   26.709 |   15.316 |   15.309 |   15.298 |   15.374 |   15.381 |   15.278 |   15.318 |   15.372 |   15.342 |   15.309
48     3     |   27.766 |   27.724 |   18.876 |   18.902 |   18.884 |   19.034 |   18.800 |   18.787 |   18.947 |   19.158 |   18.802 |   19.001 ||   -0.15  -32.02  -31.92  -31.99  -31.45  -32.29  -32.34  -31.76  -31.00  -32.28  -31.57
       med   |   28.424 |   27.988 |   19.022 |   19.060 |   19.052 |   19.156 |   19.085 |   18.936 |   19.461 |   19.297 |   18.911 |   19.110
64     4     |   28.944 |   28.883 |   23.124 |   23.165 |   23.134 |   23.068 |   22.849 |   22.919 |   23.097 |   23.405 |   22.952 |   23.086 ||   -0.21  -20.11  -19.97  -20.07  -20.30  -21.06  -20.82  -20.20  -19.14  -20.70  -20.24
       med   |   29.299 |   29.057 |   23.159 |   23.194 |   23.427 |   23.091 |   23.004 |   23.117 |   23.412 |   24.015 |   22.975 |   23.114
80     5     |   29.950 |   29.982 |   30.053 |   30.050 |   30.037 |   30.110 |   30.105 |   30.041 |   30.045 |   30.116 |   30.120 |   30.113 ||   +0.11   +0.34   +0.33   +0.29   +0.53   +0.52   +0.30   +0.32   +0.55   +0.57   +0.54
       med   |   30.175 |   30.301 |   30.296 |   30.287 |   30.354 |   30.377 |   30.278 |   30.293 |   30.249 |   30.297 |   30.221 |   30.248
96     6     |   30.902 |   30.874 |   30.855 |   30.853 |   30.867 |   30.845 |   30.826 |   30.814 |   30.849 |   30.793 |   30.822 |   30.801 ||   -0.09   -0.15   -0.16   -0.11   -0.19   -0.25   -0.29   -0.17   -0.35   -0.26   -0.33
       med   |   31.086 |   31.228 |   31.035 |   31.029 |   31.063 |   31.102 |   31.113 |   31.056 |   31.020 |   31.083 |   31.059 |   31.080
112    7     |   31.805 |   31.712 |   31.766 |   31.767 |   31.764 |   31.866 |   31.872 |   31.771 |   31.764 |   31.880 |   31.872 |   31.878 ||   -0.29   -0.12   -0.12   -0.13   +0.19   +0.21   -0.10   -0.13   +0.24   +0.21   +0.23
       med   |   33.989 |   34.921 |   34.246 |   34.285 |   34.334 |   34.733 |   34.711 |   34.250 |   34.246 |   34.726 |   34.659 |   34.681
128    8     |   30.111 |   30.042 |   30.095 |   30.122 |   30.006 |   29.949 |   29.940 |   30.103 |   30.108 |   29.948 |   29.934 |   29.926 ||   -0.23   -0.05   +0.04   -0.35   -0.54   -0.57   -0.02   -0.01   -0.54   -0.59   -0.61
       med   |   30.246 |   30.284 |   30.245 |   30.399 |   30.480 |   30.279 |   30.158 |   30.312 |   30.226 |   30.192 |   30.064 |   30.056
256    16    |   52.224 |   52.347 |   52.153 |   51.956 |   51.988 |   51.974 |   52.255 |   52.097 |   52.144 |   52.233 |   52.220 |   52.223 ||   +0.24   -0.14   -0.51   -0.45   -0.48   +0.06   -0.24   -0.15   +0.02   -0.01   -0.00
       med   |   52.824 |   52.936 |   52.609 |   52.672 |   52.677 |   52.740 |   52.767 |   52.694 |   52.534 |   52.655 |   52.719 |   52.670
512    32    |   94.982 |   95.310 |   94.587 |   93.872 |   93.805 |   94.765 |   94.502 |   94.700 |   93.892 |   94.376 |   94.693 |   94.659 ||   +0.35   -0.42   -1.17   -1.24   -0.23   -0.51   -0.30   -1.15   -0.64   -0.30   -0.34
       med   |   96.069 |   96.243 |   95.513 |   95.679 |   95.579 |   95.810 |   95.602 |   95.508 |   95.515 |   95.837 |   95.827 |   95.823
1024   64    |  180.316 |  180.320 |  179.838 |  179.714 |  179.261 |  179.731 |  179.290 |  179.778 |  179.855 |  179.925 |  179.845 |  179.876 ||   +0.00   -0.27   -0.33   -0.59   -0.32   -0.57   -0.30   -0.26   -0.22   -0.26   -0.24
       med   |  182.597 |  182.950 |  181.478 |  181.607 |  181.464 |  181.724 |  181.631 |  181.465 |  181.363 |  181.866 |  181.632 |  181.776
4096   256   |  693.578 |  692.810 |  690.695 |  691.341 |  690.009 |  691.182 |  690.103 |  691.285 |  690.990 |  691.225 |  692.425 |  691.485 ||   -0.11   -0.42   -0.32   -0.51   -0.35   -0.50   -0.33   -0.37   -0.34   -0.17   -0.30
       med   |  700.622 |  700.457 |  695.216 |  694.886 |  694.937 |  694.851 |  695.379 |  693.841 |  694.322 |  695.851 |  695.889 |  695.200
=== process binB.order2.1
SELFCHECK OK (256 whole-block lengths 1..256 blk x 12 variants; out/Xi/ivec/ret byte-identical, nothing written past 16*nblk)
bytes  blks  |     base |      lbr |      cl3 |     gs30 |     ptre |     cthd |     f4iH |     f4iE |      f4i |       f4 |       w1 |   baseAA ||     lbr%     cl3%    gs30%    ptre%    cthd%    f4iH%    f4iE%     f4i%      f4%      w1%  baseAA%
16     1     |   26.331 |   13.840 |   13.903 |   14.015 |   13.962 |   13.783 |   13.917 |   13.963 |   13.824 |   13.969 |   13.926 |   26.201 ||  -47.44  -47.20  -46.77  -46.98  -47.66  -47.14  -46.97  -47.50  -46.95  -47.11   -0.49
       med   |   26.532 |   14.023 |   14.074 |   14.116 |   14.068 |   13.998 |   14.068 |   14.108 |   13.886 |   14.112 |   14.091 |   26.682
32     2     |   26.530 |   15.298 |   15.271 |   15.280 |   15.295 |   15.298 |   15.271 |   15.242 |   15.288 |   15.307 |   15.286 |   26.487 ||  -42.34  -42.44  -42.41  -42.35  -42.34  -42.44  -42.55  -42.37  -42.30  -42.38   -0.16
       med   |   26.712 |   15.405 |   15.362 |   15.447 |   15.318 |   15.347 |   15.437 |   15.314 |   15.372 |   15.321 |   15.299 |   26.691
48     3     |   27.520 |   18.982 |   18.675 |   19.225 |   18.941 |   18.802 |   18.797 |   18.994 |   18.900 |   18.996 |   18.985 |   27.718 ||  -31.02  -32.14  -30.14  -31.18  -31.68  -31.70  -30.98  -31.32  -30.97  -31.01   +0.72
       med   |   27.974 |   19.158 |   18.871 |   19.252 |   18.987 |   19.075 |   19.064 |   19.279 |   19.362 |   19.131 |   19.236 |   27.990
64     4     |   28.921 |   23.086 |   22.933 |   23.312 |   23.115 |   22.893 |   22.852 |   22.983 |   23.133 |   23.094 |   23.139 |   28.885 ||  -20.18  -20.70  -19.39  -20.07  -20.84  -20.98  -20.53  -20.01  -20.15  -19.99   -0.12
       med   |   29.164 |   23.410 |   23.171 |   23.626 |   23.386 |   23.139 |   23.143 |   23.459 |   23.435 |   23.127 |   23.421 |   29.117
80     5     |   29.903 |   30.109 |   30.038 |   30.030 |   30.026 |   30.125 |   30.123 |   30.048 |   30.003 |   30.106 |   30.096 |   29.990 ||   +0.69   +0.45   +0.42   +0.41   +0.74   +0.73   +0.49   +0.33   +0.68   +0.65   +0.29
       med   |   30.250 |   30.260 |   30.304 |   30.297 |   30.309 |   30.363 |   30.265 |   30.211 |   30.269 |   30.240 |   30.277 |   30.226
96     6     |   30.900 |   30.822 |   30.873 |   30.876 |   30.867 |   30.815 |   30.825 |   30.860 |   30.867 |   30.828 |   30.828 |   30.868 ||   -0.25   -0.09   -0.08   -0.11   -0.27   -0.24   -0.13   -0.11   -0.23   -0.23   -0.10
       med   |   31.069 |   31.124 |   31.036 |   31.039 |   31.060 |   31.093 |   31.145 |   31.027 |   31.038 |   31.069 |   31.093 |   31.068
112    7     |   31.824 |   31.874 |   31.757 |   31.759 |   31.757 |   31.874 |   31.869 |   31.760 |   31.693 |   31.875 |   31.872 |   31.716 ||   +0.16   -0.21   -0.20   -0.21   +0.16   +0.14   -0.20   -0.41   +0.16   +0.15   -0.34
       med   |   32.181 |   32.144 |   32.185 |   32.168 |   32.422 |   32.330 |   32.338 |   32.186 |   32.296 |   32.288 |   32.339 |   32.155
128    8     |   30.107 |   29.938 |   30.106 |   30.072 |   30.101 |   29.940 |   29.942 |   30.106 |   30.094 |   29.928 |   29.941 |   30.033 ||   -0.56   -0.00   -0.12   -0.02   -0.56   -0.55   -0.01   -0.04   -0.60   -0.55   -0.25
       med   |   30.334 |   30.156 |   30.366 |   30.280 |   30.380 |   30.064 |   30.157 |   30.248 |   30.305 |   30.131 |   30.148 |   30.166
256    16    |   52.260 |   52.229 |   52.151 |   52.164 |   52.188 |   52.099 |   52.086 |   52.156 |   52.189 |   52.236 |   52.228 |   52.354 ||   -0.06   -0.21   -0.18   -0.14   -0.31   -0.33   -0.20   -0.14   -0.05   -0.06   +0.18
       med   |   52.859 |   52.717 |   52.493 |   52.724 |   52.704 |   52.633 |   52.759 |   52.609 |   52.660 |   52.722 |   52.833 |   52.938
512    32    |   94.927 |   94.628 |   94.539 |   93.780 |   94.176 |   94.556 |   94.681 |   94.472 |   93.756 |   94.564 |   94.750 |   95.306 ||   -0.32   -0.41   -1.21   -0.79   -0.39   -0.26   -0.48   -1.23   -0.38   -0.19   +0.40
       med   |   95.987 |   95.831 |   95.510 |   95.596 |   95.542 |   95.504 |   95.734 |   95.605 |   95.425 |   95.736 |   95.725 |   96.318
1024   64    |  178.909 |  179.666 |  179.857 |  179.848 |  179.823 |  179.844 |  179.740 |  179.887 |  179.663 |  180.000 |  179.754 |  181.026 ||   +0.42   +0.53   +0.53   +0.51   +0.52   +0.47   +0.55   +0.42   +0.61   +0.47   +1.18
       med   |  182.712 |  181.769 |  181.428 |  181.575 |  181.371 |  181.485 |  181.889 |  181.692 |  181.538 |  181.787 |  181.663 |  182.882
4096   256   |  694.320 |  692.101 |  690.139 |  690.991 |  691.047 |  690.721 |  692.406 |  691.263 |  690.154 |  692.267 |  691.974 |  693.851 ||   -0.32   -0.60   -0.48   -0.47   -0.52   -0.28   -0.44   -0.60   -0.30   -0.34   -0.07
       med   |  700.389 |  696.356 |  693.996 |  695.145 |  693.940 |  694.358 |  695.826 |  696.115 |  693.687 |  695.899 |  696.731 |  698.695
=== process binB.order2.2
SELFCHECK OK (256 whole-block lengths 1..256 blk x 12 variants; out/Xi/ivec/ret byte-identical, nothing written past 16*nblk)
bytes  blks  |     base |      lbr |      cl3 |     gs30 |     ptre |     cthd |     f4iH |     f4iE |      f4i |       f4 |       w1 |   baseAA ||     lbr%     cl3%    gs30%    ptre%    cthd%    f4iH%    f4iE%     f4i%      f4%      w1%  baseAA%
16     1     |   26.129 |   13.780 |   13.798 |   14.012 |   13.960 |   13.781 |   13.884 |   13.962 |   13.825 |   13.962 |   13.934 |   26.133 ||  -47.26  -47.19  -46.37  -46.57  -47.26  -46.86  -46.57  -47.09  -46.56  -46.67   +0.01
       med   |   26.722 |   13.941 |   14.063 |   14.115 |   14.066 |   13.983 |   14.066 |   14.103 |   13.892 |   14.113 |   14.100 |   27.003
32     2     |   26.468 |   15.298 |   15.276 |   15.282 |   15.293 |   15.294 |   15.269 |   15.288 |   15.288 |   15.309 |   15.287 |   26.495 ||  -42.20  -42.28  -42.26  -42.22  -42.22  -42.31  -42.24  -42.24  -42.16  -42.24   +0.10
       med   |   26.673 |   15.399 |   15.361 |   15.447 |   15.320 |   15.311 |   15.377 |   15.314 |   15.375 |   15.321 |   15.300 |   26.724
48     3     |   27.416 |   19.015 |   18.711 |   19.230 |   18.947 |   18.812 |   18.801 |   19.014 |   18.935 |   19.049 |   19.029 |   27.719 ||  -30.64  -31.75  -29.86  -30.89  -31.38  -31.42  -30.65  -30.94  -30.52  -30.59   +1.10
       med   |   27.912 |   19.162 |   18.877 |   19.250 |   18.978 |   19.080 |   19.139 |   19.284 |   19.357 |   19.131 |   19.215 |   27.980
64     4     |   28.918 |   23.083 |   22.940 |   23.309 |   23.124 |   22.890 |   22.855 |   22.987 |   23.141 |   23.094 |   23.138 |   28.883 ||  -20.18  -20.67  -19.40  -20.04  -20.84  -20.97  -20.51  -19.98  -20.14  -19.99   -0.12
       med   |   29.084 |   23.399 |   23.219 |   23.631 |   23.397 |   23.130 |   23.138 |   23.462 |   23.432 |   23.121 |   23.168 |   29.110
80     5     |   29.950 |   30.097 |   30.030 |   30.045 |   30.036 |   30.132 |   30.081 |   30.048 |   30.026 |   30.119 |   30.097 |   29.981 ||   +0.49   +0.27   +0.32   +0.29   +0.61   +0.44   +0.33   +0.25   +0.56   +0.49   +0.10
       med   |   30.240 |   30.289 |   30.291 |   30.275 |   30.295 |   30.358 |   30.255 |   30.268 |   30.211 |   30.241 |   30.332 |   30.228
96     6     |   30.897 |   30.845 |   30.873 |   30.868 |   30.884 |   30.824 |   30.835 |   30.877 |   30.862 |   30.830 |   30.828 |   30.864 ||   -0.17   -0.08   -0.09   -0.04   -0.23   -0.20   -0.06   -0.11   -0.22   -0.22   -0.11
       med   |   31.079 |   31.105 |   31.030 |   31.035 |   31.164 |   31.102 |   31.110 |   31.026 |   31.013 |   31.064 |   31.086 |   31.066
112    7     |   31.820 |   31.864 |   31.752 |   31.738 |   31.756 |   31.879 |   31.863 |   31.755 |   31.643 |   31.873 |   31.861 |   31.692 ||   +0.14   -0.21   -0.26   -0.20   +0.18   +0.13   -0.20   -0.56   +0.17   +0.13   -0.40
       med   |   32.115 |   32.027 |   32.104 |   32.048 |   32.162 |   32.046 |   32.037 |   32.035 |   32.101 |   32.009 |   32.152 |   32.077
128    8     |   30.110 |   29.941 |   30.102 |   30.103 |   30.054 |   29.941 |   29.939 |   30.096 |   30.098 |   29.865 |   29.824 |   30.031 ||   -0.56   -0.03   -0.02   -0.18   -0.56   -0.57   -0.05   -0.04   -0.81   -0.95   -0.26
       med   |   30.338 |   30.135 |   30.318 |   30.279 |   30.372 |   30.242 |   30.160 |   30.246 |   30.175 |   30.124 |   30.240 |   30.160
256    16    |   52.072 |   52.214 |   52.166 |   52.144 |   52.228 |   52.230 |   52.093 |   52.057 |   52.013 |   52.238 |   52.247 |   52.361 ||   +0.27   +0.18   +0.14   +0.30   +0.30   +0.04   -0.03   -0.11   +0.32   +0.34   +0.55
       med   |   52.890 |   52.719 |   52.519 |   52.737 |   52.691 |   52.770 |   52.645 |   52.559 |   52.573 |   52.703 |   52.744 |   52.918
512    32    |   94.407 |   94.446 |   93.495 |   94.168 |   93.897 |   94.463 |   94.723 |   93.872 |   93.721 |   94.731 |   94.712 |   95.293 ||   +0.04   -0.97   -0.25   -0.54   +0.06   +0.33   -0.57   -0.73   +0.34   +0.32   +0.94
       med   |   96.067 |   95.760 |   95.509 |   95.588 |   95.624 |   95.655 |   95.867 |   95.691 |   95.476 |   95.811 |   95.791 |   96.354
1024   64    |  179.956 |  178.912 |  179.719 |  179.929 |  179.315 |  179.792 |  179.905 |  179.462 |  179.632 |  179.770 |  179.704 |  180.417 ||   -0.58   -0.13   -0.01   -0.36   -0.09   -0.03   -0.27   -0.18   -0.10   -0.14   +0.26
       med   |  182.640 |  181.788 |  181.353 |  181.581 |  181.555 |  181.462 |  181.827 |  181.645 |  181.472 |  181.693 |  181.673 |  182.915
4096   256   |  694.932 |  691.505 |  690.898 |  690.761 |  691.249 |  692.057 |  692.322 |  691.087 |  690.005 |  692.125 |  691.455 |  691.370 ||   -0.49   -0.58   -0.60   -0.53   -0.41   -0.38   -0.55   -0.71   -0.40   -0.50   -0.51
       med   |  700.174 |  696.207 |  694.391 |  695.097 |  694.009 |  694.159 |  695.703 |  696.242 |  693.946 |  695.500 |  696.635 |  698.441
=== process binB.order2.3
SELFCHECK OK (256 whole-block lengths 1..256 blk x 12 variants; out/Xi/ivec/ret byte-identical, nothing written past 16*nblk)
bytes  blks  |     base |      lbr |      cl3 |     gs30 |     ptre |     cthd |     f4iH |     f4iE |      f4i |       f4 |       w1 |   baseAA ||     lbr%     cl3%    gs30%    ptre%    cthd%    f4iH%    f4iE%     f4i%      f4%      w1%  baseAA%
16     1     |   26.353 |   13.781 |   13.791 |   13.980 |   13.960 |   13.914 |   13.846 |   13.960 |   13.822 |   13.963 |   13.911 |   26.191 ||  -47.71  -47.67  -46.95  -47.03  -47.20  -47.46  -47.03  -47.55  -47.02  -47.21   -0.62
       med   |   26.551 |   13.988 |   14.072 |   14.112 |   14.067 |   13.991 |   14.053 |   14.109 |   13.907 |   14.114 |   14.093 |   26.714
32     2     |   26.525 |   15.298 |   15.295 |   15.306 |   15.294 |   15.297 |   15.270 |   15.299 |   15.287 |   15.309 |   15.284 |   26.491 ||  -42.33  -42.34  -42.30  -42.34  -42.33  -42.43  -42.32  -42.37  -42.29  -42.38   -0.13
       med   |   26.695 |   15.391 |   15.362 |   15.448 |   15.323 |   15.367 |   15.436 |   15.317 |   15.379 |   15.322 |   15.303 |   26.722
48     3     |   27.790 |   18.986 |   18.680 |   19.229 |   18.940 |   18.834 |   18.800 |   19.008 |   18.892 |   19.062 |   19.013 |   27.705 ||  -31.68  -32.78  -30.80  -31.85  -32.22  -32.35  -31.60  -32.02  -31.41  -31.58   -0.30
       med   |   27.909 |   19.115 |   18.948 |   19.338 |   19.156 |   19.204 |   19.191 |   19.276 |   19.406 |   19.163 |   19.300 |   27.998
64     4     |   28.912 |   23.087 |   22.934 |   23.302 |   23.103 |   22.889 |   22.854 |   23.076 |   23.139 |   23.089 |   23.136 |   28.890 ||  -20.15  -20.67  -19.40  -20.09  -20.83  -20.95  -20.18  -19.97  -20.14  -19.98   -0.07
       med   |   29.128 |   23.415 |   23.226 |   23.629 |   23.388 |   23.146 |   23.140 |   23.461 |   23.417 |   23.123 |   23.169 |   29.113
80     5     |   29.953 |   30.100 |   30.053 |   30.053 |   30.055 |   30.088 |   30.104 |   30.047 |   30.048 |   30.095 |   30.110 |   29.985 ||   +0.49   +0.33   +0.33   +0.34   +0.45   +0.50   +0.31   +0.32   +0.47   +0.52   +0.11
       med   |   30.156 |   30.267 |   30.276 |   30.290 |   30.300 |   30.262 |   30.294 |   30.232 |   30.207 |   30.247 |   30.256 |   30.228
96     6     |   30.899 |   30.835 |   30.859 |   30.867 |   30.874 |   30.830 |   30.833 |   30.866 |   30.857 |   30.844 |   30.826 |   30.859 ||   -0.21   -0.13   -0.10   -0.08   -0.22   -0.21   -0.11   -0.13   -0.18   -0.24   -0.13
       med   |   31.064 |   31.111 |   31.042 |   31.041 |   31.057 |   31.069 |   31.124 |   31.026 |   31.014 |   31.099 |   31.094 |   31.072
112    7     |   31.825 |   31.878 |   31.757 |   31.762 |   31.776 |   31.875 |   31.875 |   31.758 |   31.755 |   31.884 |   31.882 |   31.727 ||   +0.17   -0.21   -0.20   -0.15   +0.16   +0.16   -0.21   -0.22   +0.19   +0.18   -0.31
       med   |   32.248 |   32.290 |   32.180 |   32.224 |   32.402 |   32.343 |   32.356 |   32.199 |   32.249 |   32.312 |   32.312 |   32.293
128    8     |   30.113 |   29.936 |   30.095 |   30.100 |   30.111 |   29.942 |   29.939 |   30.093 |   30.107 |   29.936 |   29.721 |   30.033 ||   -0.59   -0.06   -0.04   -0.01   -0.57   -0.58   -0.07   -0.02   -0.59   -1.30   -0.27
       med   |   30.337 |   30.158 |   30.301 |   30.268 |   30.348 |   30.224 |   30.158 |   30.249 |   30.274 |   30.083 |   30.239 |   30.166
256    16    |   52.286 |   52.110 |   52.033 |   52.154 |   51.929 |   52.233 |   52.228 |   52.145 |   52.019 |   51.678 |   52.236 |   52.336 ||   -0.34   -0.49   -0.25   -0.68   -0.10   -0.11   -0.27   -0.51   -1.16   -0.10   +0.10
       med   |   52.851 |   52.705 |   52.566 |   52.688 |   52.672 |   52.768 |   52.685 |   52.628 |   52.661 |   52.683 |   52.731 |   52.892
512    32    |   94.859 |   94.630 |   93.854 |   94.831 |   93.946 |   94.493 |   94.704 |   94.058 |   94.319 |   94.059 |   94.556 |   95.169 ||   -0.24   -1.06   -0.03   -0.96   -0.39   -0.16   -0.84   -0.57   -0.84   -0.32   +0.33
       med   |   96.110 |   95.855 |   95.495 |   95.598 |   95.539 |   95.523 |   95.859 |   95.643 |   95.505 |   95.759 |   95.509 |   96.232
1024   64    |  180.512 |  179.798 |  178.900 |  179.678 |  178.238 |  179.793 |  179.930 |  179.940 |  179.715 |  179.703 |  179.942 |  180.762 ||   -0.40   -0.89   -0.46   -1.26   -0.40   -0.32   -0.32   -0.44   -0.45   -0.32   +0.14
       med   |  182.715 |  181.935 |  181.401 |  181.568 |  181.476 |  181.422 |  181.853 |  181.627 |  181.475 |  181.695 |  181.595 |  182.934
4096   256   |  694.677 |  691.799 |  690.782 |  690.215 |  690.596 |  692.124 |  691.991 |  690.701 |  689.933 |  692.345 |  691.996 |  693.492 ||   -0.41   -0.56   -0.64   -0.59   -0.37   -0.39   -0.57   -0.68   -0.34   -0.39   -0.17
       med   |  700.170 |  696.235 |  694.115 |  694.938 |  693.878 |  694.106 |  695.571 |  696.102 |  693.985 |  695.577 |  696.053 |  698.938
=== process binB.order2.4
SELFCHECK OK (256 whole-block lengths 1..256 blk x 12 variants; out/Xi/ivec/ret byte-identical, nothing written past 16*nblk)
bytes  blks  |     base |      lbr |      cl3 |     gs30 |     ptre |     cthd |     f4iH |     f4iE |      f4i |       f4 |       w1 |   baseAA ||     lbr%     cl3%    gs30%    ptre%    cthd%    f4iH%    f4iE%     f4i%      f4%      w1%  baseAA%
16     1     |   26.313 |   13.842 |   13.786 |   14.015 |   13.959 |   13.800 |   13.863 |   13.958 |   13.820 |   13.972 |   13.929 |   26.210 ||  -47.40  -47.61  -46.74  -46.95  -47.56  -47.32  -46.95  -47.48  -46.90  -47.07   -0.39
       med   |   26.531 |   13.979 |   14.067 |   14.115 |   14.065 |   13.994 |   14.062 |   14.108 |   13.879 |   14.115 |   14.089 |   26.734
32     2     |   26.438 |   15.296 |   15.264 |   15.281 |   15.296 |   15.295 |   15.270 |   15.299 |   15.285 |   15.306 |   15.287 |   26.491 ||  -42.14  -42.27  -42.20  -42.15  -42.15  -42.24  -42.13  -42.19  -42.11  -42.18   +0.20
       med   |   26.719 |   15.398 |   15.361 |   15.318 |   15.321 |   15.346 |   15.421 |   15.316 |   15.374 |   15.322 |   15.299 |   26.691
48     3     |   27.749 |   18.985 |   18.685 |   19.231 |   18.946 |   18.815 |   18.798 |   19.006 |   18.897 |   19.002 |   19.005 |   27.728 ||  -31.58  -32.66  -30.70  -31.72  -32.20  -32.26  -31.51  -31.90  -31.52  -31.51   -0.08
       med   |   27.903 |   19.155 |   18.932 |   19.252 |   19.121 |   19.074 |   19.134 |   19.279 |   19.368 |   19.127 |   19.235 |   27.974
64     4     |   28.913 |   23.080 |   22.939 |   23.303 |   23.095 |   22.889 |   22.844 |   23.254 |   23.139 |   23.092 |   23.136 |   28.886 ||  -20.17  -20.66  -19.40  -20.12  -20.84  -20.99  -19.57  -19.97  -20.13  -19.98   -0.09
       med   |   29.052 |   23.392 |   23.163 |   23.626 |   23.385 |   23.141 |   23.149 |   23.460 |   23.413 |   23.369 |   23.165 |   29.127
80     5     |   29.932 |   30.102 |   30.050 |   30.055 |   30.030 |   30.117 |   30.112 |   30.046 |   30.046 |   30.107 |   30.097 |   29.987 ||   +0.57   +0.40   +0.41   +0.33   +0.62   +0.60   +0.38   +0.38   +0.58   +0.55   +0.18
       med   |   30.149 |   30.271 |   30.307 |   30.290 |   30.312 |   30.258 |   30.266 |   30.243 |   30.242 |   30.245 |   30.257 |   30.192
96     6     |   30.900 |   30.830 |   30.854 |   30.870 |   30.879 |   30.824 |   30.827 |   30.867 |   30.854 |   30.828 |   30.825 |   30.876 ||   -0.23   -0.15   -0.10   -0.07   -0.25   -0.24   -0.11   -0.15   -0.23   -0.24   -0.08
       med   |   31.016 |   31.101 |   31.041 |   31.042 |   31.050 |   31.102 |   31.122 |   31.021 |   31.032 |   31.061 |   31.092 |   31.053
112    7     |   31.820 |   31.873 |   31.763 |   31.763 |   31.775 |   31.876 |   31.867 |   31.768 |   31.767 |   31.873 |   31.871 |   31.710 ||   +0.17   -0.18   -0.18   -0.14   +0.18   +0.15   -0.17   -0.17   +0.17   +0.16   -0.34
       med   |   32.184 |   32.262 |   32.170 |   32.153 |   32.412 |   32.277 |   32.330 |   32.140 |   32.321 |   32.319 |   32.304 |   32.216
128    8     |   30.112 |   29.946 |   30.116 |   30.102 |   30.106 |   29.926 |   29.943 |   30.107 |   30.103 |   29.927 |   29.939 |   30.031 ||   -0.55   +0.02   -0.03   -0.02   -0.62   -0.56   -0.02   -0.03   -0.61   -0.57   -0.27
       med   |   30.353 |   30.188 |   30.349 |   30.291 |   30.363 |   30.246 |   30.163 |   30.246 |   30.313 |   30.077 |   30.236 |   30.168
256    16    |   52.202 |   51.677 |   51.728 |   51.570 |   52.174 |   52.037 |   52.228 |   52.205 |   51.939 |   52.217 |   52.240 |   52.325 ||   -1.00   -0.91   -1.21   -0.05   -0.32   +0.05   +0.01   -0.50   +0.03   +0.07   +0.24
       med   |   52.839 |   52.603 |   52.543 |   52.688 |   52.686 |   52.829 |   52.646 |   52.646 |   52.608 |   52.634 |   52.732 |   52.884
512    32    |   94.816 |   94.501 |   94.285 |   94.845 |   94.578 |   94.605 |   94.588 |   94.913 |   93.502 |   94.694 |   94.738 |   95.358 ||   -0.33   -0.56   +0.03   -0.25   -0.22   -0.24   +0.10   -1.39   -0.13   -0.08   +0.57
       med   |   95.991 |   95.685 |   95.444 |   95.750 |   95.691 |   95.632 |   95.850 |   95.602 |   95.496 |   95.898 |   95.919 |   96.321
1024   64    |  180.018 |  178.960 |  179.153 |  179.249 |  179.939 |  179.605 |  180.024 |  179.364 |  179.429 |  179.816 |  179.793 |  180.733 ||   -0.59   -0.48   -0.43   -0.04   -0.23   +0.00   -0.36   -0.33   -0.11   -0.12   +0.40
       med   |  182.698 |  181.866 |  181.343 |  181.558 |  181.475 |  181.452 |  181.993 |  181.677 |  181.519 |  181.775 |  181.562 |  182.863
4096   256   |  694.769 |  691.973 |  690.750 |  691.331 |  691.347 |  691.960 |  691.153 |  691.216 |  689.929 |  692.266 |  691.864 |  693.471 ||   -0.40   -0.58   -0.49   -0.49   -0.40   -0.52   -0.51   -0.70   -0.36   -0.42   -0.19
       med   |  700.068 |  696.380 |  694.152 |  694.786 |  694.081 |  694.121 |  695.887 |  696.030 |  693.702 |  695.692 |  696.960 |  698.686
=== process binB.order2.5
SELFCHECK OK (256 whole-block lengths 1..256 blk x 12 variants; out/Xi/ivec/ret byte-identical, nothing written past 16*nblk)
bytes  blks  |     base |      lbr |      cl3 |     gs30 |     ptre |     cthd |     f4iH |     f4iE |      f4i |       f4 |       w1 |   baseAA ||     lbr%     cl3%    gs30%    ptre%    cthd%    f4iH%    f4iE%     f4i%      f4%      w1%  baseAA%
16     1     |   26.142 |   13.848 |   13.792 |   14.011 |   13.963 |   13.774 |   13.920 |   13.927 |   13.835 |   13.976 |   13.932 |   26.164 ||  -47.03  -47.24  -46.40  -46.59  -47.31  -46.75  -46.73  -47.08  -46.54  -46.71   +0.09
       med   |   26.699 |   14.036 |   14.078 |   14.120 |   14.066 |   13.993 |   14.070 |   14.108 |   13.896 |   14.115 |   14.100 |   26.988
32     2     |   26.524 |   15.296 |   15.269 |   15.281 |   15.297 |   15.294 |   15.265 |   15.299 |   15.285 |   15.305 |   15.285 |   26.495 ||  -42.33  -42.43  -42.39  -42.33  -42.34  -42.45  -42.32  -42.37  -42.30  -42.37   -0.11
       med   |   26.722 |   15.395 |   15.362 |   15.445 |   15.319 |   15.307 |   15.384 |   15.314 |   15.372 |   15.320 |   15.298 |   26.723
48     3     |   27.695 |   19.023 |   18.715 |   19.228 |   18.945 |   18.815 |   18.798 |   19.008 |   18.943 |   19.047 |   19.046 |   27.727 ||  -31.31  -32.42  -30.57  -31.59  -32.06  -32.13  -31.36  -31.60  -31.22  -31.23   +0.12
       med   |   27.905 |   19.148 |   18.879 |   19.253 |   19.126 |   19.080 |   19.034 |   19.287 |   19.418 |   19.161 |   19.242 |   27.971
64     4     |   28.916 |   23.089 |   22.939 |   23.309 |   23.102 |   22.891 |   22.850 |   22.983 |   23.135 |   23.098 |   23.137 |   28.889 ||  -20.15  -20.67  -19.39  -20.11  -20.84  -20.98  -20.52  -19.99  -20.12  -19.99   -0.09
       med   |   29.084 |   23.384 |   23.227 |   23.632 |   23.389 |   23.144 |   23.144 |   23.460 |   23.404 |   23.302 |   23.166 |   29.133
80     5     |   29.947 |   30.104 |   30.035 |   30.008 |   30.052 |   30.119 |   30.105 |   30.011 |   30.013 |   30.098 |   30.099 |   29.983 ||   +0.52   +0.29   +0.20   +0.35   +0.57   +0.53   +0.21   +0.22   +0.50   +0.51   +0.12
       med   |   30.232 |   30.260 |   30.288 |   30.244 |   30.299 |   30.353 |   30.263 |   30.218 |   30.229 |   30.252 |   30.257 |   30.206
96     6     |   30.899 |   30.812 |   30.795 |   30.859 |   30.796 |   30.794 |   30.790 |   30.859 |   30.831 |   30.783 |   30.806 |   30.858 ||   -0.28   -0.34   -0.13   -0.34   -0.34   -0.35   -0.13   -0.22   -0.38   -0.30   -0.14
       med   |   31.086 |   31.105 |   31.036 |   31.030 |   31.053 |   31.058 |   31.121 |   31.011 |   30.988 |   31.060 |   31.096 |   31.053
112    7     |   31.827 |   31.871 |   31.766 |   31.763 |   31.760 |   31.870 |   31.875 |   31.731 |   31.762 |   31.875 |   31.879 |   31.709 ||   +0.14   -0.19   -0.20   -0.21   +0.14   +0.15   -0.30   -0.20   +0.15   +0.16   -0.37
       med   |   32.103 |   32.014 |   32.123 |   32.119 |   32.124 |   32.263 |   32.143 |   32.029 |   32.117 |   32.027 |   32.264 |   32.071
128    8     |   30.109 |   29.944 |   30.097 |   30.104 |   30.052 |   29.936 |   29.940 |   30.047 |   30.099 |   29.935 |   29.939 |   30.034 ||   -0.55   -0.04   -0.02   -0.19   -0.57   -0.56   -0.21   -0.04   -0.58   -0.56   -0.25
       med   |   30.340 |   30.142 |   30.342 |   30.279 |   30.325 |   30.112 |   30.166 |   30.245 |   30.263 |   30.123 |   30.224 |   30.164
256    16    |   52.276 |   52.200 |   52.131 |   51.972 |   52.205 |   52.238 |   52.224 |   52.082 |   52.187 |   52.085 |   51.843 |   52.324 ||   -0.15   -0.28   -0.58   -0.14   -0.07   -0.10   -0.37   -0.17   -0.37   -0.83   +0.09
       med   |   52.800 |   52.734 |   52.516 |   52.637 |   52.643 |   52.772 |   52.720 |   52.602 |   52.598 |   52.706 |   52.761 |   52.947
512    32    |   94.993 |   94.660 |   94.637 |   93.988 |   93.968 |   94.471 |   94.541 |   94.724 |   93.520 |   94.509 |   94.381 |   95.248 ||   -0.35   -0.37   -1.06   -1.08   -0.55   -0.48   -0.28   -1.55   -0.51   -0.64   +0.27
       med   |   96.137 |   95.830 |   95.435 |   95.574 |   95.540 |   95.530 |   95.925 |   95.564 |   95.513 |   95.727 |   95.549 |   96.316
1024   64    |  180.376 |  179.505 |  179.672 |  179.769 |  179.691 |  179.739 |  179.903 |  179.844 |  179.740 |  179.185 |  179.665 |  180.181 ||   -0.48   -0.39   -0.34   -0.38   -0.35   -0.26   -0.29   -0.35   -0.66   -0.39   -0.11
       med   |  182.692 |  181.803 |  181.429 |  181.615 |  181.482 |  181.410 |  181.964 |  181.666 |  181.489 |  181.696 |  181.668 |  182.869
4096   256   |  694.765 |  692.062 |  690.607 |  691.388 |  691.074 |  691.005 |  692.163 |  690.770 |  690.903 |  691.433 |  692.172 |  693.499 ||   -0.39   -0.60   -0.49   -0.53   -0.54   -0.37   -0.57   -0.56   -0.48   -0.37   -0.18
       med   |  700.621 |  696.615 |  693.890 |  694.833 |  693.854 |  693.995 |  695.799 |  696.367 |  693.846 |  695.576 |  696.611 |  698.506
=== process binB.order3.1
SELFCHECK OK (256 whole-block lengths 1..256 blk x 12 variants; out/Xi/ivec/ret byte-identical, nothing written past 16*nblk)
bytes  blks  |     base |     f4iH |     cthd |     ptre |     gs30 |      cl3 |      lbr |   baseAA |       w1 |       f4 |      f4i |     f4iE ||    f4iH%    cthd%    ptre%    gs30%     cl3%     lbr%  baseAA%      w1%      f4%     f4i%    f4iE%
16     1     |   26.116 |   13.930 |   13.993 |   13.962 |   13.978 |   13.800 |   13.762 |   26.133 |   13.925 |   13.954 |   13.953 |   13.960 ||  -46.66  -46.42  -46.54  -46.48  -47.16  -47.30   +0.06  -46.68  -46.57  -46.57  -46.55
       med   |   26.722 |   14.120 |   14.121 |   14.065 |   14.110 |   14.056 |   13.982 |   26.741 |   14.090 |   14.113 |   14.100 |   14.109
32     2     |   26.450 |   15.267 |   15.265 |   15.298 |   15.343 |   15.249 |   15.297 |   26.461 |   15.287 |   15.308 |   15.303 |   15.225 ||  -42.28  -42.29  -42.16  -41.99  -42.35  -42.17   +0.04  -42.21  -42.13  -42.15  -42.44
       med   |   26.773 |   15.280 |   15.278 |   15.335 |   15.435 |   15.343 |   15.370 |   26.665 |   15.299 |   15.378 |   15.317 |   15.316
48     3     |   27.798 |   18.799 |   18.812 |   18.945 |   19.186 |   18.818 |   19.039 |   27.780 |   19.036 |   19.040 |   18.917 |   19.001 ||  -32.37  -32.33  -31.85  -30.98  -32.31  -31.51   -0.06  -31.52  -31.50  -31.95  -31.64
       med   |   28.196 |   18.951 |   18.982 |   19.063 |   19.658 |   19.073 |   19.284 |   28.084 |   19.324 |   19.123 |   19.061 |   19.228
64     4     |   28.922 |   22.850 |   22.919 |   23.100 |   23.394 |   22.954 |   23.083 |   28.927 |   23.135 |   23.095 |   23.160 |   22.984 ||  -20.99  -20.76  -20.13  -19.12  -20.63  -20.19   +0.02  -20.01  -20.15  -19.93  -20.53
       med   |   29.154 |   22.981 |   22.942 |   23.373 |   23.761 |   23.143 |   23.414 |   29.067 |   23.495 |   23.374 |   23.194 |   23.472
80     5     |   29.974 |   30.111 |   30.040 |   28.990 |   30.125 |   30.120 |   30.111 |   29.985 |   30.111 |   30.106 |   30.117 |   30.041 ||   +0.46   +0.22   -3.29   +0.50   +0.48   +0.45   +0.03   +0.46   +0.44   +0.47   +0.22
       med   |   30.240 |   30.264 |   30.316 |   30.292 |   30.342 |   30.341 |   30.304 |   30.164 |   30.215 |   30.315 |   30.252 |   30.300
96     6     |   30.906 |   30.802 |   30.861 |   30.854 |   30.800 |   30.832 |   30.831 |   30.903 |   30.837 |   30.853 |   30.792 |   30.863 ||   -0.34   -0.15   -0.17   -0.34   -0.24   -0.24   -0.01   -0.22   -0.17   -0.37   -0.14
       med   |   31.096 |   31.092 |   31.082 |   31.036 |   31.133 |   31.159 |   31.091 |   31.019 |   31.046 |   31.104 |   31.068 |   31.063
112    7     |   31.820 |   31.882 |   31.761 |   31.759 |   31.870 |   31.780 |   31.849 |   31.821 |   31.741 |   31.787 |   31.853 |   31.757 ||   +0.20   -0.18   -0.19   +0.16   -0.12   +0.09   +0.00   -0.25   -0.10   +0.10   -0.20
       med   |   32.116 |   32.071 |   32.349 |   32.172 |   32.341 |   32.252 |   32.195 |   32.162 |   31.970 |   32.025 |   32.017 |   32.181
128    8     |   30.107 |   29.941 |   30.113 |   30.107 |   29.630 |   29.937 |   29.924 |   30.110 |   29.929 |   29.932 |   29.927 |   30.100 ||   -0.55   +0.02   +0.00   -1.58   -0.56   -0.61   +0.01   -0.59   -0.58   -0.60   -0.02
       med   |   30.248 |   30.185 |   30.444 |   30.273 |   30.280 |   30.260 |   30.147 |   30.195 |   30.001 |   30.152 |   30.142 |   30.359
256    16    |   52.245 |   52.242 |   51.902 |   51.839 |   52.225 |   52.236 |   52.226 |   51.806 |   52.211 |   52.233 |   52.230 |   52.117 ||   -0.01   -0.66   -0.78   -0.04   -0.02   -0.04   -0.84   -0.06   -0.02   -0.03   -0.25
       med   |   52.834 |   52.676 |   52.599 |   52.649 |   52.843 |   52.674 |   52.628 |   52.759 |   52.568 |   52.668 |   52.680 |   52.631
512    32    |   94.842 |   94.474 |   93.137 |   93.694 |   94.445 |   94.518 |   94.451 |   94.818 |   94.200 |   94.497 |   93.871 |   93.871 ||   -0.39   -1.80   -1.21   -0.42   -0.34   -0.41   -0.02   -0.68   -0.36   -1.02   -1.02
       med   |   96.161 |   95.916 |   95.631 |   95.524 |   95.569 |   95.618 |   95.380 |   95.896 |   95.605 |   95.515 |   95.657 |   95.693
1024   64    |  180.277 |  179.739 |  179.811 |  179.850 |  179.897 |  179.564 |  179.720 |  179.688 |  179.072 |  179.753 |  179.703 |  179.010 ||   -0.30   -0.26   -0.24   -0.21   -0.40   -0.31   -0.33   -0.67   -0.29   -0.32   -0.70
       med   |  182.666 |  181.792 |  181.560 |  181.448 |  181.483 |  181.493 |  181.404 |  182.522 |  181.642 |  181.536 |  181.792 |  181.565
4096   256   |  694.139 |  692.130 |  690.633 |  690.707 |  691.117 |  691.907 |  692.158 |  693.926 |  692.013 |  691.686 |  692.196 |  691.207 ||   -0.29   -0.51   -0.49   -0.44   -0.32   -0.29   -0.03   -0.31   -0.35   -0.28   -0.42
       med   |  700.317 |  695.884 |  694.179 |  694.931 |  694.955 |  694.473 |  695.462 |  699.473 |  695.862 |  695.745 |  695.878 |  694.775
=== process binB.order3.2
SELFCHECK OK (256 whole-block lengths 1..256 blk x 12 variants; out/Xi/ivec/ret byte-identical, nothing written past 16*nblk)
bytes  blks  |     base |     f4iH |     cthd |     ptre |     gs30 |      cl3 |      lbr |   baseAA |       w1 |       f4 |      f4i |     f4iE ||    f4iH%    cthd%    ptre%    gs30%     cl3%     lbr%  baseAA%      w1%      f4%     f4i%    f4iE%
16     1     |   26.173 |   13.926 |   14.019 |   13.779 |   13.981 |   13.857 |   13.766 |   26.167 |   13.927 |   13.956 |   13.933 |   13.962 ||  -46.80  -46.44  -47.35  -46.58  -47.06  -47.41   -0.03  -46.79  -46.68  -46.77  -46.66
       med   |   26.385 |   14.103 |   14.118 |   14.067 |   14.110 |   14.053 |   13.989 |   26.334 |   14.095 |   14.112 |   14.099 |   14.110
32     2     |   26.526 |   15.267 |   15.262 |   15.300 |   15.341 |   15.240 |   15.293 |   26.442 |   15.284 |   15.309 |   15.303 |   15.298 ||  -42.44  -42.46  -42.32  -42.17  -42.54  -42.35   -0.32  -42.38  -42.28  -42.31  -42.33
       med   |   26.766 |   15.379 |   15.277 |   15.359 |   15.429 |   15.340 |   15.370 |   26.720 |   15.299 |   15.322 |   15.314 |   15.315
48     3     |   27.769 |   18.798 |   18.807 |   18.941 |   19.169 |   18.803 |   18.983 |   27.667 |   19.060 |   18.999 |   18.889 |   19.000 ||  -32.30  -32.27  -31.79  -30.97  -32.29  -31.64   -0.37  -31.36  -31.58  -31.98  -31.58
       med   |   28.316 |   18.979 |   18.990 |   18.970 |   19.657 |   19.019 |   19.213 |   28.069 |   19.392 |   19.132 |   19.061 |   19.190
64     4     |   28.969 |   22.851 |   22.914 |   23.096 |   23.403 |   22.953 |   23.087 |   28.931 |   23.137 |   23.092 |   23.163 |   22.986 ||  -21.12  -20.90  -20.27  -19.21  -20.77  -20.30   -0.13  -20.13  -20.29  -20.04  -20.65
       med   |   29.243 |   23.010 |   22.943 |   23.378 |   23.817 |   23.162 |   23.417 |   29.126 |   23.164 |   23.374 |   23.190 |   23.483
80     5     |   29.979 |   30.102 |   30.012 |   30.036 |   30.119 |   30.112 |   30.125 |   29.958 |   30.125 |   30.125 |   30.124 |   30.027 ||   +0.41   +0.11   +0.19   +0.47   +0.44   +0.49   -0.07   +0.49   +0.49   +0.48   +0.16
       med   |   30.267 |   30.273 |   30.334 |   30.289 |   30.354 |   30.338 |   30.259 |   30.156 |   30.229 |   30.346 |   30.259 |   30.354
96     6     |   30.909 |   30.824 |   30.869 |   30.869 |   30.836 |   30.719 |   30.784 |   30.901 |   30.814 |   30.832 |   30.785 |   30.862 ||   -0.28   -0.13   -0.13   -0.24   -0.62   -0.41   -0.03   -0.31   -0.25   -0.40   -0.15
       med   |   31.089 |   31.081 |   31.105 |   31.042 |   31.227 |   31.097 |   31.098 |   31.077 |   31.051 |   31.127 |   31.069 |   31.050
112    7     |   31.837 |   31.888 |   31.783 |   31.774 |   31.896 |   31.885 |   31.840 |   31.834 |   31.877 |   31.885 |   31.880 |   31.775 ||   +0.16   -0.17   -0.20   +0.18   +0.15   +0.01   -0.01   +0.13   +0.15   +0.13   -0.20
       med   |   34.554 |   34.744 |   34.248 |   34.278 |   34.871 |   34.791 |   34.859 |   34.617 |   34.691 |   35.093 |   34.756 |   34.266
128    8     |   30.106 |   29.936 |   30.109 |   30.027 |   29.941 |   29.944 |   29.940 |   30.108 |   29.943 |   29.951 |   29.940 |   30.113 ||   -0.56   +0.01   -0.26   -0.55   -0.54   -0.55   +0.01   -0.54   -0.52   -0.55   +0.02
       med   |   30.335 |   30.144 |   30.380 |   30.305 |   30.294 |   30.157 |   30.114 |   30.212 |   29.992 |   30.362 |   30.151 |   30.338
256    16    |   52.166 |   52.230 |   52.186 |   52.151 |   52.234 |   52.232 |   52.223 |   52.221 |   52.077 |   52.222 |   52.225 |   52.167 ||   +0.12   +0.04   -0.03   +0.13   +0.13   +0.11   +0.11   -0.17   +0.11   +0.11   +0.00
       med   |   52.734 |   52.686 |   52.638 |   52.649 |   52.862 |   52.763 |   52.610 |   52.733 |   52.530 |   52.718 |   52.764 |   52.649
512    32    |   94.996 |   94.681 |   94.652 |   94.587 |   94.704 |   94.700 |   94.555 |   94.901 |   94.503 |   94.691 |   94.277 |   94.664 ||   -0.33   -0.36   -0.43   -0.31   -0.31   -0.47   -0.10   -0.52   -0.32   -0.76   -0.35
       med   |   96.068 |   95.919 |   95.725 |   95.488 |   95.662 |   95.607 |   95.565 |   95.954 |   95.580 |   95.800 |   95.628 |   95.598
1024   64    |  180.719 |  179.732 |  178.535 |  179.147 |  179.289 |  179.679 |  179.834 |  179.700 |  179.864 |  179.828 |  179.931 |  179.909 ||   -0.55   -1.21   -0.87   -0.79   -0.58   -0.49   -0.56   -0.47   -0.49   -0.44   -0.45
       med   |  182.626 |  181.732 |  181.482 |  181.455 |  181.433 |  181.442 |  181.445 |  182.430 |  181.673 |  181.607 |  181.696 |  181.515
4096   256   |  693.476 |  691.953 |  689.981 |  691.090 |  691.096 |  691.038 |  692.138 |  694.621 |  691.550 |  691.034 |  691.979 |  690.375 ||   -0.22   -0.50   -0.34   -0.34   -0.35   -0.19   +0.17   -0.28   -0.35   -0.22   -0.45
       med   |  700.289 |  696.219 |  694.489 |  694.718 |  694.585 |  694.936 |  695.373 |  699.754 |  695.872 |  695.320 |  695.936 |  694.534
=== process binB.order3.3
SELFCHECK OK (256 whole-block lengths 1..256 blk x 12 variants; out/Xi/ivec/ret byte-identical, nothing written past 16*nblk)
bytes  blks  |     base |     f4iH |     cthd |     ptre |     gs30 |      cl3 |      lbr |   baseAA |       w1 |       f4 |      f4i |     f4iE ||    f4iH%    cthd%    ptre%    gs30%     cl3%     lbr%  baseAA%      w1%      f4%     f4i%    f4iE%
16     1     |   26.321 |   13.919 |   13.983 |   13.956 |   13.971 |   13.830 |   13.799 |   26.307 |   13.881 |   13.953 |   13.979 |   13.965 ||  -47.12  -46.87  -46.98  -46.92  -47.45  -47.57   -0.05  -47.26  -46.99  -46.89  -46.94
       med   |   26.509 |   14.065 |   14.121 |   14.067 |   14.108 |   14.053 |   13.983 |   26.443 |   14.031 |   14.112 |   14.098 |   14.107
32     2     |   26.523 |   15.265 |   15.263 |   15.299 |   15.340 |   15.242 |   15.298 |   26.457 |   15.286 |   15.311 |   15.303 |   15.298 ||  -42.45  -42.46  -42.32  -42.16  -42.53  -42.32   -0.25  -42.37  -42.27  -42.30  -42.32
       med   |   26.749 |   15.380 |   15.277 |   15.362 |   15.428 |   15.340 |   15.367 |   26.650 |   15.298 |   15.321 |   15.363 |   15.316
48     3     |   27.766 |   18.795 |   18.822 |   18.942 |   19.162 |   18.826 |   18.989 |   27.747 |   19.002 |   19.003 |   18.904 |   18.998 ||  -32.31  -32.21  -31.78  -30.99  -32.20  -31.61   -0.07  -31.56  -31.56  -31.92  -31.58
       med   |   28.157 |   18.827 |   19.018 |   18.970 |   19.655 |   19.014 |   19.210 |   28.014 |   19.335 |   19.128 |   19.061 |   19.066
64     4     |   28.929 |   22.850 |   22.913 |   23.097 |   23.404 |   22.951 |   23.084 |   28.922 |   23.131 |   23.095 |   23.162 |   22.980 ||  -21.02  -20.80  -20.16  -19.10  -20.66  -20.21   -0.03  -20.04  -20.17  -19.94  -20.57
       med   |   29.200 |   23.030 |   22.942 |   23.384 |   23.765 |   23.138 |   23.415 |   29.069 |   23.161 |   23.379 |   23.192 |   23.471
80     5     |   29.967 |   30.102 |   30.027 |   30.047 |   30.112 |   30.126 |   30.128 |   29.953 |   30.122 |   30.113 |   30.124 |   29.991 ||   +0.45   +0.20   +0.27   +0.48   +0.53   +0.54   -0.05   +0.52   +0.49   +0.52   +0.08
       med   |   30.254 |   30.268 |   30.332 |   30.289 |   30.359 |   30.342 |   30.273 |   30.165 |   30.170 |   30.262 |   30.261 |   30.300
96     6     |   30.911 |   30.822 |   30.834 |   30.857 |   30.825 |   30.826 |   30.834 |   30.899 |   30.821 |   30.831 |   30.823 |   30.864 ||   -0.29   -0.25   -0.18   -0.28   -0.27   -0.25   -0.04   -0.29   -0.26   -0.28   -0.15
       med   |   31.100 |   31.091 |   31.100 |   31.037 |   31.123 |   31.102 |   31.102 |   31.043 |   31.041 |   31.109 |   31.085 |   31.039
112    7     |   31.829 |   31.874 |   31.763 |   31.765 |   31.879 |   31.878 |   31.874 |   31.823 |   31.870 |   31.817 |   31.766 |   31.767 ||   +0.14   -0.21   -0.20   +0.16   +0.15   +0.14   -0.02   +0.13   -0.04   -0.20   -0.19
       med   |   32.256 |   32.268 |   32.918 |   34.458 |   33.473 |   32.434 |   32.336 |   32.173 |   32.245 |   32.305 |   32.289 |   32.253
128    8     |   30.108 |   29.934 |   30.113 |   30.100 |   29.944 |   29.948 |   29.945 |   30.104 |   29.940 |   29.938 |   29.936 |   30.092 ||   -0.58   +0.02   -0.03   -0.54   -0.53   -0.54   -0.01   -0.56   -0.56   -0.57   -0.05
       med   |   30.330 |   30.148 |   30.447 |   30.259 |   30.283 |   30.268 |   30.097 |   30.220 |   30.001 |   30.378 |   30.152 |   30.314
256    16    |   52.215 |   51.637 |   52.132 |   52.055 |   52.138 |   52.233 |   52.058 |   52.260 |   52.197 |   52.241 |   52.219 |   52.140 ||   -1.11   -0.16   -0.31   -0.15   +0.04   -0.30   +0.09   -0.03   +0.05   +0.01   -0.14
       med   |   52.813 |   52.694 |   52.609 |   52.693 |   52.864 |   52.748 |   52.607 |   52.767 |   52.580 |   52.701 |   52.762 |   52.620
512    32    |   94.832 |   94.401 |   94.364 |   94.519 |   94.725 |   94.532 |   94.506 |   95.001 |   94.610 |   94.602 |   94.492 |   93.508 ||   -0.45   -0.49   -0.33   -0.11   -0.32   -0.34   +0.18   -0.23   -0.24   -0.36   -1.40
       med   |   96.034 |   95.867 |   95.640 |   95.422 |   95.686 |   95.559 |   95.370 |   95.996 |   95.595 |   95.635 |   95.665 |   95.639
1024   64    |  181.070 |  179.832 |  179.940 |  179.677 |  179.083 |  179.728 |  179.738 |  180.001 |  179.423 |  180.029 |  179.699 |  179.637 ||   -0.68   -0.62   -0.77   -1.10   -0.74   -0.74   -0.59   -0.91   -0.57   -0.76   -0.79
       med   |  182.717 |  181.828 |  181.460 |  181.440 |  181.266 |  181.510 |  181.421 |  182.511 |  181.708 |  181.663 |  181.765 |  181.587
4096   256   |  692.036 |  690.540 |  690.913 |  689.971 |  691.491 |  691.577 |  692.248 |  694.056 |  691.640 |  692.367 |  691.979 |  690.629 ||   -0.22   -0.16   -0.30   -0.08   -0.07   +0.03   +0.29   -0.06   +0.05   -0.01   -0.20
       med   |  700.362 |  696.479 |  694.900 |  694.535 |  694.570 |  694.753 |  695.095 |  699.905 |  695.883 |  695.423 |  696.166 |  694.636
=== process binB.order3.4
SELFCHECK OK (256 whole-block lengths 1..256 blk x 12 variants; out/Xi/ivec/ret byte-identical, nothing written past 16*nblk)
bytes  blks  |     base |     f4iH |     cthd |     ptre |     gs30 |      cl3 |      lbr |   baseAA |       w1 |       f4 |      f4i |     f4iE ||    f4iH%    cthd%    ptre%    gs30%     cl3%     lbr%  baseAA%      w1%      f4%     f4i%    f4iE%
16     1     |   26.326 |   13.917 |   14.032 |   13.858 |   14.008 |   13.901 |   13.769 |   26.293 |   13.928 |   13.952 |   13.954 |   13.963 ||  -47.14  -46.70  -47.36  -46.79  -47.20  -47.70   -0.13  -47.09  -47.00  -47.00  -46.96
       med   |   26.528 |   14.113 |   14.121 |   14.069 |   14.101 |   14.055 |   13.984 |   26.483 |   14.098 |   14.108 |   14.104 |   14.104
32     2     |   26.515 |   15.264 |   15.266 |   15.304 |   15.342 |   15.239 |   15.298 |   26.477 |   15.286 |   15.308 |   15.302 |   15.299 ||  -42.43  -42.42  -42.28  -42.14  -42.53  -42.30   -0.14  -42.35  -42.26  -42.29  -42.30
       med   |   26.746 |   15.283 |   15.277 |   15.319 |   15.363 |   15.341 |   15.367 |   26.628 |   15.298 |   15.378 |   15.316 |   15.316
48     3     |   27.204 |   18.801 |   18.804 |   18.943 |   19.180 |   18.806 |   18.995 |   27.711 |   18.985 |   18.997 |   18.898 |   18.990 ||  -30.89  -30.88  -30.37  -29.50  -30.87  -30.18   +1.86  -30.21  -30.17  -30.53  -30.19
       med   |   28.236 |   18.829 |   19.021 |   18.970 |   19.656 |   19.040 |   19.204 |   27.972 |   19.320 |   19.131 |   19.060 |   19.190
64     4     |   28.914 |   22.853 |   22.922 |   23.094 |   23.399 |   22.955 |   23.088 |   28.917 |   23.144 |   23.097 |   23.162 |   22.986 ||  -20.96  -20.73  -20.13  -19.07  -20.61  -20.15   +0.01  -19.96  -20.12  -19.89  -20.50
       med   |   29.125 |   22.975 |   22.944 |   23.139 |   23.760 |   23.057 |   23.420 |   29.035 |   23.499 |   23.371 |   23.190 |   23.534
80     5     |   29.957 |   30.104 |   30.023 |   30.048 |   30.115 |   30.123 |   30.120 |   29.952 |   30.108 |   30.120 |   30.128 |   30.056 ||   +0.49   +0.22   +0.30   +0.53   +0.56   +0.55   -0.01   +0.51   +0.55   +0.57   +0.33
       med   |   30.268 |   30.257 |   30.331 |   30.218 |   30.367 |   30.351 |   30.244 |   30.164 |   30.233 |   30.329 |   30.250 |   30.319
96     6     |   30.900 |   30.824 |   30.880 |   30.859 |   30.846 |   30.833 |   30.818 |   30.899 |   30.823 |   30.832 |   30.819 |   30.867 ||   -0.25   -0.07   -0.14   -0.18   -0.22   -0.27   -0.00   -0.25   -0.22   -0.26   -0.11
       med   |   31.064 |   31.079 |   31.096 |   31.034 |   31.188 |   31.094 |   31.064 |   31.032 |   31.050 |   31.123 |   31.087 |   31.064
112    7     |   31.830 |   31.846 |   31.765 |   31.761 |   31.874 |   31.850 |   31.878 |   31.827 |   31.874 |   31.812 |   31.863 |   31.774 ||   +0.05   -0.20   -0.22   +0.14   +0.06   +0.15   -0.01   +0.14   -0.06   +0.10   -0.18
       med   |   32.305 |   32.350 |   33.168 |   34.474 |   34.510 |   32.381 |   32.337 |   32.319 |   32.294 |   32.367 |   32.346 |   32.340
128    8     |   30.097 |   29.929 |   30.108 |   30.106 |   29.943 |   29.938 |   29.936 |   30.104 |   29.931 |   29.940 |   29.937 |   30.115 ||   -0.56   +0.04   +0.03   -0.51   -0.53   -0.53   +0.02   -0.55   -0.52   -0.53   +0.06
       med   |   30.309 |   30.189 |   30.473 |   30.297 |   30.340 |   30.081 |   30.141 |   30.215 |   30.066 |   30.288 |   30.149 |   30.344
256    16    |   52.205 |   52.244 |   51.973 |   52.198 |   52.241 |   51.980 |   52.154 |   52.140 |   52.232 |   52.228 |   52.234 |   52.027 ||   +0.08   -0.44   -0.01   +0.07   -0.43   -0.10   -0.12   +0.05   +0.04   +0.06   -0.34
       med   |   52.823 |   52.711 |   52.597 |   52.669 |   52.839 |   52.696 |   52.599 |   52.722 |   52.624 |   52.745 |   52.793 |   52.633
512    32    |   94.885 |   94.405 |   93.537 |   94.908 |   94.704 |   94.636 |   94.488 |   94.967 |   94.508 |   94.295 |   94.275 |   94.884 ||   -0.51   -1.42   +0.02   -0.19   -0.26   -0.42   +0.09   -0.40   -0.62   -0.64   -0.00
       med   |   96.088 |   95.786 |   95.566 |   95.468 |   95.647 |   95.557 |   95.361 |   96.110 |   95.653 |   95.668 |   95.681 |   95.690
1024   64    |  180.996 |  179.668 |  178.471 |  179.366 |  179.978 |  179.732 |  179.711 |  179.891 |  179.836 |  179.734 |  179.923 |  179.793 ||   -0.73   -1.40   -0.90   -0.56   -0.70   -0.71   -0.61   -0.64   -0.70   -0.59   -0.66
       med   |  182.813 |  181.967 |  181.612 |  181.530 |  181.738 |  181.495 |  181.326 |  182.540 |  181.714 |  181.597 |  181.810 |  181.634
4096   256   |  692.620 |  691.889 |  690.331 |  691.265 |  692.134 |  691.899 |  691.822 |  693.852 |  691.251 |  692.311 |  691.324 |  691.484 ||   -0.11   -0.33   -0.20   -0.07   -0.10   -0.12   +0.18   -0.20   -0.04   -0.19   -0.16
       med   |  700.204 |  696.678 |  694.306 |  694.497 |  694.853 |  694.678 |  695.422 |  699.761 |  696.035 |  695.539 |  695.853 |  694.841
=== process binB.order3.5
SELFCHECK OK (256 whole-block lengths 1..256 blk x 12 variants; out/Xi/ivec/ret byte-identical, nothing written past 16*nblk)
bytes  blks  |     base |     f4iH |     cthd |     ptre |     gs30 |      cl3 |      lbr |   baseAA |       w1 |       f4 |      f4i |     f4iE ||    f4iH%    cthd%    ptre%    gs30%     cl3%     lbr%  baseAA%      w1%      f4%     f4i%    f4iE%
16     1     |   26.246 |   13.918 |   14.068 |   13.964 |   13.968 |   13.905 |   13.767 |   26.228 |   13.928 |   13.947 |   13.975 |   13.972 ||  -46.97  -46.40  -46.80  -46.78  -47.02  -47.54   -0.07  -46.93  -46.86  -46.75  -46.77
       med   |   26.710 |   14.071 |   14.119 |   14.104 |   14.102 |   14.055 |   13.981 |   26.735 |   14.105 |   14.111 |   14.104 |   14.109
32     2     |   26.463 |   15.265 |   15.264 |   15.301 |   15.350 |   15.247 |   15.298 |   26.457 |   15.287 |   15.308 |   15.298 |   15.254 ||  -42.32  -42.32  -42.18  -41.99  -42.38  -42.19   -0.02  -42.23  -42.15  -42.19  -42.36
       med   |   26.747 |   15.370 |   15.278 |   15.370 |   15.397 |   15.345 |   15.369 |   26.633 |   15.299 |   15.330 |   15.314 |   15.347
48     3     |   27.744 |   18.800 |   18.804 |   18.943 |   19.178 |   18.845 |   19.029 |   27.556 |   19.068 |   19.046 |   18.915 |   19.001 ||  -32.24  -32.22  -31.72  -30.88  -32.08  -31.41   -0.68  -31.27  -31.35  -31.82  -31.51
       med   |   28.280 |   18.969 |   18.913 |   18.977 |   19.652 |   19.009 |   19.244 |   27.973 |   19.313 |   19.122 |   19.034 |   19.199
64     4     |   28.920 |   22.854 |   22.918 |   23.096 |   23.404 |   22.951 |   23.091 |   28.929 |   23.140 |   23.088 |   23.153 |   22.976 ||  -20.98  -20.75  -20.14  -19.07  -20.64  -20.16   +0.03  -19.99  -20.17  -19.94  -20.55
       med   |   29.134 |   22.975 |   22.943 |   23.135 |   23.759 |   23.121 |   23.414 |   29.091 |   23.492 |   23.374 |   23.193 |   23.458
80     5     |   29.961 |   30.108 |   30.044 |   30.043 |   30.113 |   30.125 |   30.103 |   29.957 |   30.096 |   30.118 |   30.121 |   30.019 ||   +0.49   +0.28   +0.27   +0.51   +0.55   +0.47   -0.02   +0.45   +0.52   +0.53   +0.19
       med   |   30.259 |   30.256 |   30.303 |   30.222 |   30.362 |   30.371 |   30.264 |   30.162 |   30.210 |   30.346 |   30.267 |   30.328
96     6     |   30.910 |   30.819 |   30.839 |   30.834 |   30.841 |   30.783 |   30.799 |   30.896 |   30.776 |   30.809 |   30.828 |   30.845 ||   -0.29   -0.23   -0.25   -0.22   -0.41   -0.36   -0.04   -0.43   -0.33   -0.26   -0.21
       med   |   31.101 |   31.082 |   31.058 |   31.026 |   31.118 |   31.097 |   31.122 |   31.018 |   31.042 |   31.109 |   31.088 |   31.055
112    7     |   31.821 |   31.871 |   31.761 |   31.757 |   31.866 |   31.874 |   31.867 |   31.773 |   31.870 |   31.800 |   31.871 |   31.768 ||   +0.16   -0.19   -0.20   +0.14   +0.17   +0.15   -0.15   +0.15   -0.07   +0.16   -0.17
       med   |   32.106 |   32.101 |   32.289 |   32.188 |   32.317 |   32.240 |   32.040 |   32.110 |   32.004 |   32.016 |   32.026 |   32.145
128    8     |   30.096 |   29.944 |   30.105 |   30.095 |   29.938 |   29.935 |   29.936 |   30.106 |   29.930 |   29.942 |   29.935 |   30.110 ||   -0.51   +0.03   -0.00   -0.52   -0.53   -0.53   +0.04   -0.55   -0.51   -0.53   +0.05
       med   |   30.333 |   30.130 |   30.425 |   30.293 |   30.275 |   30.159 |   30.138 |   30.208 |   29.992 |   30.332 |   30.147 |   30.373
256    16    |   52.226 |   52.230 |   51.944 |   52.136 |   52.224 |   52.238 |   51.992 |   52.212 |   52.154 |   52.233 |   52.228 |   51.938 ||   +0.01   -0.54   -0.17   -0.00   +0.02   -0.45   -0.03   -0.14   +0.01   +0.00   -0.55
       med   |   52.798 |   52.649 |   52.510 |   52.712 |   52.726 |   52.807 |   52.618 |   52.718 |   52.520 |   52.774 |   52.737 |   52.551
512    32    |   95.047 |   94.817 |   94.826 |   93.912 |   94.454 |   94.454 |   94.468 |   95.048 |   94.490 |   94.471 |   94.451 |   93.604 ||   -0.24   -0.23   -1.19   -0.62   -0.62   -0.61   +0.00   -0.59   -0.61   -0.63   -1.52
       med   |   96.170 |   95.941 |   95.659 |   95.524 |   95.569 |   95.658 |   95.532 |   95.916 |   95.605 |   95.716 |   95.654 |   95.635
1024   64    |  179.765 |  179.542 |  179.968 |  179.473 |  179.708 |  179.647 |  179.772 |  179.838 |  179.479 |  179.435 |  179.921 |  179.368 ||   -0.12   +0.11   -0.16   -0.03   -0.07   +0.00   +0.04   -0.16   -0.18   +0.09   -0.22
       med   |  182.728 |  181.969 |  181.630 |  181.484 |  181.540 |  181.415 |  181.451 |  182.571 |  181.671 |  181.524 |  181.748 |  181.583
4096   256   |  696.809 |  692.176 |  691.203 |  691.115 |  691.931 |  691.797 |  691.885 |  694.423 |  692.192 |  692.059 |  692.263 |  689.928 ||   -0.66   -0.80   -0.82   -0.70   -0.72   -0.71   -0.34   -0.66   -0.68   -0.65   -0.99
       med   |  700.487 |  696.389 |  694.400 |  694.313 |  695.024 |  694.639 |  695.402 |  699.678 |  695.841 |  695.385 |  695.677 |  694.572
