## bin=binC host=gv3 core=3 reps=300 nproc=5
## O1: base baseAA w1 w1AA lrev gs50 cl2 cl4 f4i f4iAA dsp0 s4h
## O2: base s4h dsp0 f4iAA f4i cl4 cl2 gs50 lrev w1AA w1 baseAA
## O3: base cl2 cl4 f4i f4iAA dsp0 s4h baseAA w1 w1AA lrev gs50
=== process binC.order1.1
SELFCHECK OK (256 whole-block lengths 1..256 blk x 12 variants; out/Xi/ivec/ret byte-identical, nothing written past 16*nblk)
bytes  blks  |     base |   baseAA |       w1 |     w1AA |     lrev |     gs50 |      cl2 |      cl4 |      f4i |    f4iAA |     dsp0 |      s4h ||  baseAA%      w1%    w1AA%    lrev%    gs50%     cl2%     cl4%     f4i%   f4iAA%    dsp0%     s4h%
16     1     |   26.307 |   26.172 |   13.960 |   13.960 |   13.801 |   13.971 |   13.969 |   13.818 |   13.978 |   13.847 |   26.549 |   13.837 ||   -0.51  -46.93  -46.93  -47.54  -46.89  -46.90  -47.47  -46.86  -47.36   +0.92  -47.40
       med   |   26.534 |   26.784 |   14.112 |   14.101 |   14.064 |   14.100 |   14.098 |   14.067 |   14.103 |   14.083 |   27.222 |   14.024
32     2     |   26.436 |   26.473 |   15.298 |   15.303 |   15.302 |   15.314 |   15.257 |   15.278 |   15.303 |   15.284 |   26.410 |   15.305 ||   +0.14  -42.13  -42.11  -42.12  -42.07  -42.29  -42.21  -42.11  -42.18   -0.10  -42.11
       med   |   26.708 |   26.699 |   15.315 |   15.386 |   15.388 |   15.360 |   15.356 |   15.350 |   15.380 |   15.305 |   26.656 |   15.317
48     3     |   27.550 |   27.725 |   18.880 |   18.870 |   19.007 |   19.195 |   18.848 |   18.657 |   18.900 |   18.899 |   27.725 |   18.877 ||   +0.64  -31.47  -31.51  -31.01  -30.32  -31.58  -32.28  -31.40  -31.40   +0.64  -31.48
       med   |   28.184 |   27.985 |   19.011 |   19.212 |   19.193 |   19.329 |   19.194 |   18.825 |   19.311 |   19.068 |   27.951 |   19.050
64     4     |   28.935 |   28.875 |   23.132 |   23.126 |   23.119 |   23.371 |   23.016 |   22.718 |   23.161 |   23.126 |   28.867 |   23.132 ||   -0.21  -20.06  -20.08  -20.10  -19.23  -20.46  -21.49  -19.96  -20.08   -0.23  -20.06
       med   |   29.229 |   29.083 |   23.155 |   23.160 |   23.327 |   23.794 |   23.171 |   22.905 |   23.379 |   23.414 |   29.053 |   23.240
80     5     |   29.956 |   29.994 |   30.049 |   30.023 |   30.029 |   30.119 |   30.134 |   30.100 |   30.111 |   30.046 |   30.124 |   30.033 ||   +0.13   +0.31   +0.23   +0.24   +0.55   +0.59   +0.48   +0.52   +0.30   +0.56   +0.26
       med   |   30.245 |   30.259 |   30.280 |   30.283 |   30.363 |   30.248 |   30.362 |   30.266 |   30.248 |   30.325 |   30.227 |   30.297
96     6     |   30.915 |   30.874 |   30.863 |   30.870 |   30.861 |   30.825 |   30.826 |   30.825 |   30.828 |   30.863 |   30.815 |   30.869 ||   -0.13   -0.17   -0.14   -0.17   -0.29   -0.29   -0.29   -0.28   -0.17   -0.32   -0.15
       med   |   31.075 |   31.170 |   31.024 |   31.027 |   31.056 |   31.091 |   31.135 |   31.074 |   31.062 |   31.052 |   31.058 |   31.030
112    7     |   31.818 |   31.721 |   31.767 |   31.765 |   31.762 |   31.881 |   31.891 |   31.874 |   31.868 |   31.777 |   31.874 |   31.769 ||   -0.31   -0.16   -0.17   -0.18   +0.20   +0.23   +0.18   +0.16   -0.13   +0.18   -0.15
       med   |   32.237 |   32.282 |   32.186 |   32.193 |   32.256 |   32.330 |   32.322 |   32.260 |   31.999 |   32.293 |   32.213 |   32.224
128    8     |   30.096 |   30.039 |   30.101 |   30.120 |   30.104 |   29.937 |   29.932 |   29.937 |   29.931 |   30.111 |   29.932 |   30.023 ||   -0.19   +0.02   +0.08   +0.03   -0.53   -0.54   -0.53   -0.55   +0.05   -0.54   -0.24
       med   |   30.235 |   30.288 |   30.245 |   30.445 |   30.436 |   30.244 |   30.283 |   30.084 |   29.989 |   30.389 |   30.059 |   30.245
256    16    |   52.224 |   52.360 |   52.081 |   52.001 |   52.197 |   52.232 |   52.233 |   51.820 |   52.202 |   52.131 |   52.230 |   51.932 ||   +0.26   -0.27   -0.43   -0.05   +0.02   +0.02   -0.77   -0.04   -0.18   +0.01   -0.56
       med   |   52.779 |   52.926 |   52.645 |   52.711 |   52.595 |   52.682 |   52.755 |   52.739 |   52.634 |   52.629 |   52.713 |   52.583
512    32    |   94.689 |   95.135 |   94.477 |   94.035 |   93.890 |   94.520 |   93.963 |   94.597 |   94.638 |   94.529 |   94.818 |   94.666 ||   +0.47   -0.22   -0.69   -0.84   -0.18   -0.77   -0.10   -0.05   -0.17   +0.14   -0.02
       med   |   96.137 |   96.148 |   95.520 |   95.629 |   95.535 |   95.567 |   95.921 |   95.827 |   95.622 |   95.631 |   95.705 |   95.625
1024   64    |  180.256 |  180.477 |  178.295 |  179.835 |  179.908 |  179.433 |  179.755 |  179.922 |  179.539 |  179.829 |  179.010 |  179.582 ||   +0.12   -1.09   -0.23   -0.19   -0.46   -0.28   -0.19   -0.40   -0.24   -0.69   -0.37
       med   |  182.763 |  182.968 |  181.579 |  181.631 |  181.482 |  181.468 |  181.923 |  181.589 |  181.543 |  181.711 |  181.686 |  181.454
4096   256   |  693.619 |  692.296 |  690.271 |  690.734 |  690.857 |  692.117 |  691.903 |  691.583 |  691.188 |  691.210 |  691.144 |  691.202 ||   -0.19   -0.48   -0.42   -0.40   -0.22   -0.25   -0.29   -0.35   -0.35   -0.36   -0.35
       med   |  700.216 |  700.026 |  694.523 |  694.890 |  695.192 |  694.424 |  695.383 |  694.365 |  695.765 |  695.402 |  695.707 |  694.916
=== process binC.order1.2
SELFCHECK OK (256 whole-block lengths 1..256 blk x 12 variants; out/Xi/ivec/ret byte-identical, nothing written past 16*nblk)
bytes  blks  |     base |   baseAA |       w1 |     w1AA |     lrev |     gs50 |      cl2 |      cl4 |      f4i |    f4iAA |     dsp0 |      s4h ||  baseAA%      w1%    w1AA%    lrev%    gs50%     cl2%     cl4%     f4i%   f4iAA%    dsp0%     s4h%
16     1     |   26.312 |   26.190 |   13.857 |   13.844 |   13.805 |   13.965 |   13.997 |   13.937 |   13.982 |   13.890 |   26.548 |   13.861 ||   -0.46  -47.34  -47.38  -47.53  -46.92  -46.81  -47.03  -46.86  -47.21   +0.90  -47.32
       med   |   26.521 |   26.853 |   14.108 |   14.109 |   14.050 |   14.101 |   14.090 |   14.060 |   14.107 |   14.082 |   27.194 |   14.032
32     2     |   26.521 |   26.463 |   15.304 |   15.302 |   15.304 |   15.312 |   15.264 |   15.278 |   15.304 |   15.286 |   26.414 |   15.303 ||   -0.22  -42.30  -42.30  -42.29  -42.27  -42.45  -42.39  -42.29  -42.36   -0.40  -42.30
       med   |   26.785 |   26.726 |   15.319 |   15.389 |   15.390 |   15.357 |   15.354 |   15.351 |   15.382 |   15.301 |   26.683 |   15.389
48     3     |   27.754 |   27.722 |   18.870 |   18.871 |   19.001 |   19.197 |   18.846 |   18.659 |   18.896 |   18.892 |   27.709 |   18.872 ||   -0.12  -32.01  -32.01  -31.54  -30.83  -32.10  -32.77  -31.92  -31.93   -0.16  -32.00
       med   |   28.213 |   27.988 |   19.023 |   19.224 |   19.197 |   19.225 |   19.149 |   18.806 |   19.296 |   19.055 |   27.951 |   19.027
64     4     |   28.920 |   28.889 |   23.128 |   23.134 |   23.123 |   23.391 |   23.006 |   22.712 |   23.162 |   23.141 |   28.865 |   23.130 ||   -0.10  -20.03  -20.01  -20.04  -19.12  -20.45  -21.46  -19.91  -19.98   -0.19  -20.02
       med   |   29.197 |   29.110 |   23.157 |   23.164 |   23.334 |   23.795 |   23.219 |   22.910 |   23.383 |   23.411 |   29.147 |   23.237
80     5     |   29.946 |   29.991 |   30.042 |   30.044 |   30.043 |   30.092 |   30.103 |   30.126 |   30.103 |   30.032 |   30.113 |   30.018 ||   +0.15   +0.32   +0.33   +0.32   +0.49   +0.52   +0.60   +0.52   +0.29   +0.56   +0.24
       med   |   30.133 |   30.321 |   30.295 |   30.243 |   30.344 |   30.392 |   30.350 |   30.297 |   30.220 |   30.350 |   30.218 |   30.253
96     6     |   30.903 |   30.873 |   30.868 |   30.879 |   30.883 |   30.819 |   30.417 |   30.829 |   30.820 |   30.863 |   30.827 |   30.852 ||   -0.10   -0.11   -0.08   -0.06   -0.27   -1.57   -0.24   -0.27   -0.13   -0.24   -0.16
       med   |   31.060 |   31.096 |   31.037 |   31.033 |   31.305 |   31.113 |   31.124 |   31.076 |   31.068 |   31.117 |   31.057 |   30.977
112    7     |   31.757 |   31.723 |   31.761 |   31.765 |   31.765 |   31.874 |   31.876 |   31.878 |   31.875 |   31.763 |   31.875 |   31.762 ||   -0.10   +0.02   +0.03   +0.03   +0.37   +0.37   +0.38   +0.37   +0.02   +0.37   +0.02
       med   |   32.420 |   32.463 |   32.274 |   32.333 |   32.553 |   32.409 |   32.357 |   32.048 |   32.159 |   32.430 |   32.314 |   32.292
128    8     |   30.094 |   30.036 |   30.104 |   30.093 |   30.042 |   29.946 |   29.943 |   29.860 |   29.938 |   30.098 |   29.933 |   30.108 ||   -0.19   +0.03   -0.00   -0.17   -0.49   -0.50   -0.78   -0.52   +0.01   -0.53   +0.05
       med   |   30.224 |   30.293 |   30.245 |   30.415 |   30.420 |   30.359 |   30.348 |   30.336 |   30.054 |   30.390 |   29.990 |   30.248
256    16    |   52.229 |   52.364 |   52.199 |   51.784 |   51.767 |   52.227 |   52.229 |   52.234 |   52.098 |   52.151 |   52.222 |   52.161 ||   +0.26   -0.06   -0.85   -0.88   -0.00   +0.00   +0.01   -0.25   -0.15   -0.01   -0.13
       med   |   52.809 |   52.974 |   52.663 |   52.611 |   52.645 |   52.687 |   52.778 |   52.765 |   52.522 |   52.698 |   52.677 |   52.599
512    32    |   95.111 |   95.228 |   94.441 |   94.857 |   94.682 |   94.659 |   94.294 |   94.640 |   94.464 |   94.850 |   94.844 |   93.691 ||   +0.12   -0.70   -0.27   -0.45   -0.47   -0.86   -0.49   -0.68   -0.27   -0.28   -1.49
       med   |   96.117 |   96.266 |   95.560 |   95.776 |   95.607 |   95.513 |   95.980 |   95.771 |   95.608 |   95.679 |   95.835 |   95.608
1024   64    |  179.649 |  180.369 |  179.699 |  179.697 |  179.930 |  179.743 |  179.951 |  179.362 |  179.076 |  179.752 |  178.729 |  179.479 ||   +0.40   +0.03   +0.03   +0.16   +0.05   +0.17   -0.16   -0.32   +0.06   -0.51   -0.09
       med   |  182.681 |  182.897 |  181.463 |  181.717 |  181.578 |  181.506 |  181.870 |  181.613 |  181.563 |  181.612 |  181.617 |  181.490
4096   256   |  695.312 |  690.759 |  690.532 |  691.264 |  690.880 |  691.524 |  691.957 |  691.365 |  692.000 |  690.575 |  691.617 |  691.158 ||   -0.65   -0.69   -0.58   -0.64   -0.54   -0.48   -0.57   -0.48   -0.68   -0.53   -0.60
       med   |  700.608 |  700.451 |  694.625 |  695.072 |  695.341 |  694.273 |  695.189 |  694.552 |  695.644 |  695.551 |  695.471 |  694.845
=== process binC.order1.3
SELFCHECK OK (256 whole-block lengths 1..256 blk x 12 variants; out/Xi/ivec/ret byte-identical, nothing written past 16*nblk)
bytes  blks  |     base |   baseAA |       w1 |     w1AA |     lrev |     gs50 |      cl2 |      cl4 |      f4i |    f4iAA |     dsp0 |      s4h ||  baseAA%      w1%    w1AA%    lrev%    gs50%     cl2%     cl4%     f4i%   f4iAA%    dsp0%     s4h%
16     1     |   26.147 |   26.179 |   13.972 |   13.881 |   13.847 |   13.949 |   13.991 |   13.933 |   13.881 |   13.840 |   26.531 |   13.860 ||   +0.12  -46.56  -46.91  -47.04  -46.65  -46.49  -46.71  -46.91  -47.07   +1.47  -46.99
       med   |   26.749 |   27.082 |   14.104 |   14.113 |   14.067 |   14.100 |   14.091 |   14.061 |   14.108 |   14.079 |   27.595 |   14.042
32     2     |   26.454 |   26.461 |   15.305 |   15.303 |   15.304 |   15.310 |   15.265 |   15.276 |   15.302 |   15.284 |   26.420 |   15.306 ||   +0.03  -42.14  -42.15  -42.15  -42.13  -42.30  -42.26  -42.16  -42.22   -0.13  -42.14
       med   |   26.742 |   26.699 |   15.316 |   15.322 |   15.368 |   15.358 |   15.354 |   15.351 |   15.377 |   15.297 |   26.676 |   15.382
48     3     |   27.744 |   27.725 |   18.912 |   18.919 |   19.032 |   19.198 |   18.852 |   18.653 |   18.925 |   18.923 |   27.697 |   18.915 ||   -0.07  -31.83  -31.81  -31.40  -30.80  -32.05  -32.77  -31.79  -31.79   -0.17  -31.82
       med   |   28.141 |   27.979 |   19.025 |   19.153 |   19.204 |   19.372 |   19.200 |   18.822 |   19.323 |   19.110 |   27.959 |   19.033
64     4     |   28.942 |   28.881 |   23.125 |   23.131 |   23.123 |   23.379 |   23.018 |   22.717 |   23.165 |   23.137 |   28.866 |   23.132 ||   -0.21  -20.10  -20.08  -20.11  -19.22  -20.47  -21.51  -19.96  -20.06   -0.26  -20.08
       med   |   29.222 |   29.113 |   23.156 |   23.164 |   23.334 |   23.795 |   23.173 |   22.900 |   23.373 |   23.410 |   29.102 |   23.253
80     5     |   29.950 |   29.981 |   30.045 |   30.052 |   30.026 |   30.120 |   30.120 |   30.122 |   30.095 |   30.027 |   30.113 |   30.049 ||   +0.10   +0.32   +0.34   +0.25   +0.57   +0.57   +0.58   +0.48   +0.26   +0.54   +0.33
       med   |   30.205 |   30.238 |   30.274 |   30.302 |   30.334 |   30.332 |   30.360 |   30.265 |   30.197 |   30.324 |   30.243 |   30.225
96     6     |   30.904 |   30.872 |   30.860 |   30.850 |   30.879 |   30.829 |   30.838 |   30.838 |   30.830 |   30.839 |   30.793 |   30.867 ||   -0.10   -0.14   -0.18   -0.08   -0.24   -0.21   -0.22   -0.24   -0.21   -0.36   -0.12
       med   |   31.065 |   31.130 |   31.028 |   31.035 |   31.094 |   31.080 |   31.105 |   31.091 |   31.052 |   31.103 |   31.058 |   30.972
112    7     |   31.822 |   31.755 |   31.751 |   31.753 |   31.755 |   31.877 |   31.874 |   31.879 |   31.867 |   31.770 |   31.873 |   31.758 ||   -0.21   -0.22   -0.22   -0.21   +0.17   +0.16   +0.18   +0.14   -0.16   +0.16   -0.20
       med   |   32.180 |   32.190 |   32.122 |   32.120 |   32.262 |   32.281 |   32.158 |   32.144 |   32.116 |   32.205 |   32.133 |   32.116
128    8     |   30.006 |   30.027 |   30.091 |   30.109 |   30.139 |   29.932 |   29.946 |   29.944 |   29.933 |   30.005 |   29.925 |   30.097 ||   +0.07   +0.28   +0.35   +0.44   -0.24   -0.20   -0.21   -0.24   -0.00   -0.27   +0.30
       med   |   30.243 |   30.285 |   30.269 |   30.395 |   30.470 |   30.237 |   30.317 |   30.268 |   30.052 |   30.380 |   30.059 |   30.242
256    16    |   52.197 |   52.349 |   52.170 |   52.173 |   52.128 |   52.228 |   52.216 |   51.962 |   52.197 |   51.965 |   52.208 |   51.925 ||   +0.29   -0.05   -0.05   -0.13   +0.06   +0.04   -0.45   -0.00   -0.44   +0.02   -0.52
       med   |   52.848 |   52.934 |   52.638 |   52.660 |   52.661 |   52.600 |   52.754 |   52.841 |   52.591 |   52.665 |   52.700 |   52.592
512    32    |   95.031 |   95.322 |   94.199 |   94.683 |   94.046 |   94.439 |   94.519 |   94.455 |   94.298 |   94.305 |   94.503 |   94.901 ||   +0.31   -0.88   -0.37   -1.04   -0.62   -0.54   -0.61   -0.77   -0.76   -0.56   -0.14
       med   |   96.195 |   96.234 |   95.630 |   95.697 |   95.677 |   95.283 |   95.814 |   95.912 |   95.627 |   95.639 |   95.553 |   95.675
1024   64    |  180.215 |  180.158 |  179.704 |  178.946 |  179.740 |  179.829 |  179.812 |  179.550 |  179.533 |  179.984 |  179.855 |  179.321 ||   -0.03   -0.28   -0.70   -0.26   -0.21   -0.22   -0.37   -0.38   -0.13   -0.20   -0.50
       med   |  182.757 |  182.987 |  181.573 |  181.667 |  181.520 |  181.428 |  181.851 |  181.484 |  181.585 |  181.667 |  181.842 |  181.500
4096   256   |  694.097 |  692.681 |  690.615 |  690.379 |  690.775 |  691.735 |  692.048 |  691.968 |  692.067 |  691.021 |  692.061 |  690.549 ||   -0.20   -0.50   -0.54   -0.48   -0.34   -0.30   -0.31   -0.29   -0.44   -0.29   -0.51
       med   |  700.315 |  700.494 |  695.447 |  694.700 |  695.607 |  694.260 |  695.247 |  694.119 |  695.521 |  695.462 |  695.893 |  695.405
=== process binC.order1.4
SELFCHECK OK (256 whole-block lengths 1..256 blk x 12 variants; out/Xi/ivec/ret byte-identical, nothing written past 16*nblk)
bytes  blks  |     base |   baseAA |       w1 |     w1AA |     lrev |     gs50 |      cl2 |      cl4 |      f4i |    f4iAA |     dsp0 |      s4h ||  baseAA%      w1%    w1AA%    lrev%    gs50%     cl2%     cl4%     f4i%   f4iAA%    dsp0%     s4h%
16     1     |   26.136 |   26.196 |   13.881 |   13.960 |   13.801 |   13.972 |   13.998 |   13.931 |   13.934 |   13.851 |   26.543 |   13.840 ||   +0.23  -46.89  -46.58  -47.19  -46.54  -46.44  -46.70  -46.69  -47.00   +1.56  -47.05
       med   |   26.706 |   27.081 |   14.111 |   14.109 |   14.051 |   14.102 |   14.091 |   14.060 |   14.100 |   14.084 |   27.618 |   14.032
32     2     |   26.460 |   26.463 |   15.306 |   15.302 |   15.304 |   15.312 |   15.259 |   15.277 |   15.303 |   15.286 |   26.412 |   15.304 ||   +0.01  -42.15  -42.17  -42.16  -42.13  -42.33  -42.27  -42.16  -42.23   -0.18  -42.16
       med   |   26.767 |   26.702 |   15.317 |   15.319 |   15.371 |   15.357 |   15.355 |   15.351 |   15.356 |   15.296 |   26.649 |   15.393
48     3     |   27.478 |   27.712 |   18.924 |   18.926 |   19.032 |   19.197 |   18.858 |   18.660 |   18.929 |   18.927 |   27.717 |   18.918 ||   +0.85  -31.13  -31.12  -30.74  -30.14  -31.37  -32.09  -31.11  -31.12   +0.87  -31.15
       med   |   28.071 |   27.979 |   19.020 |   19.204 |   19.245 |   19.316 |   19.176 |   18.770 |   19.324 |   19.059 |   27.941 |   19.026
64     4     |   28.928 |   28.892 |   23.128 |   23.133 |   23.120 |   23.368 |   23.017 |   22.711 |   23.156 |   23.137 |   28.864 |   23.129 ||   -0.13  -20.05  -20.03  -20.08  -19.22  -20.43  -21.49  -19.95  -20.02   -0.22  -20.05
       med   |   29.215 |   29.121 |   23.158 |   23.167 |   23.344 |   23.793 |   23.171 |   22.910 |   23.191 |   23.406 |   29.033 |   23.238
80     5     |   29.943 |   29.982 |   30.051 |   29.999 |   30.052 |   30.101 |   30.132 |   30.114 |   30.096 |   30.050 |   30.102 |   30.051 ||   +0.13   +0.36   +0.19   +0.36   +0.53   +0.63   +0.57   +0.51   +0.36   +0.53   +0.36
       med   |   30.178 |   30.249 |   30.284 |   30.259 |   30.314 |   30.332 |   30.367 |   30.261 |   30.221 |   30.316 |   30.222 |   30.227
96     6     |   30.901 |   30.872 |   30.846 |   30.874 |   30.862 |   30.801 |   30.806 |   30.790 |   30.798 |   30.858 |   30.779 |   30.853 ||   -0.10   -0.18   -0.09   -0.13   -0.33   -0.31   -0.36   -0.34   -0.14   -0.40   -0.16
       med   |   31.077 |   31.144 |   31.028 |   31.038 |   31.139 |   31.112 |   31.082 |   31.081 |   31.059 |   31.113 |   31.061 |   31.028
112    7     |   31.826 |   31.715 |   31.761 |   31.768 |   31.769 |   31.875 |   31.875 |   31.870 |   31.874 |   31.763 |   31.878 |   31.701 ||   -0.35   -0.20   -0.18   -0.18   +0.15   +0.15   +0.14   +0.15   -0.20   +0.16   -0.39
       med   |   32.150 |   32.240 |   32.104 |   32.129 |   32.185 |   32.237 |   32.155 |   32.019 |   32.015 |   32.202 |   32.048 |   32.189
128    8     |   30.037 |   30.036 |   30.096 |   30.096 |   29.721 |   29.947 |   29.772 |   29.835 |   29.932 |   30.095 |   29.933 |   30.097 ||   -0.00   +0.20   +0.20   -1.05   -0.30   -0.88   -0.67   -0.35   +0.19   -0.34   +0.20
       med   |   30.218 |   30.282 |   30.302 |   30.368 |   30.449 |   30.357 |   30.280 |   30.146 |   30.046 |   30.372 |   29.992 |   30.246
256    16    |   52.191 |   52.367 |   52.197 |   52.049 |   51.640 |   52.118 |   52.237 |   52.161 |   52.231 |   52.203 |   52.215 |   51.936 ||   +0.34   +0.01   -0.27   -1.05   -0.14   +0.09   -0.06   +0.08   +0.02   +0.05   -0.49
       med   |   52.849 |   52.948 |   52.619 |   52.645 |   52.642 |   52.699 |   52.744 |   52.698 |   52.601 |   52.726 |   52.642 |   52.564
512    32    |   93.988 |   95.337 |   93.898 |   93.629 |   94.658 |   94.443 |   94.095 |   94.445 |   94.688 |   94.861 |   94.446 |   93.942 ||   +1.44   -0.10   -0.38   +0.71   +0.48   +0.11   +0.49   +0.74   +0.93   +0.49   -0.05
       med   |   96.159 |   96.285 |   95.551 |   95.709 |   95.414 |   95.483 |   95.792 |   95.510 |   95.694 |   95.711 |   95.666 |   95.552
1024   64    |  180.113 |  180.153 |  178.889 |  178.709 |  179.798 |  179.614 |  179.832 |  178.571 |  179.926 |  179.894 |  179.864 |  179.637 ||   +0.02   -0.68   -0.78   -0.17   -0.28   -0.16   -0.86   -0.10   -0.12   -0.14   -0.26
       med   |  182.950 |  182.963 |  181.450 |  181.674 |  181.516 |  181.508 |  181.983 |  181.447 |  181.625 |  181.692 |  181.785 |  181.433
4096   256   |  693.916 |  693.713 |  690.447 |  690.990 |  691.074 |  692.014 |  692.103 |  691.316 |  692.136 |  691.350 |  692.014 |  691.436 ||   -0.03   -0.50   -0.42   -0.41   -0.27   -0.26   -0.37   -0.26   -0.37   -0.27   -0.36
       med   |  700.354 |  700.315 |  694.723 |  694.756 |  695.439 |  694.325 |  695.698 |  694.129 |  696.042 |  695.734 |  695.253 |  695.275
=== process binC.order1.5
SELFCHECK OK (256 whole-block lengths 1..256 blk x 12 variants; out/Xi/ivec/ret byte-identical, nothing written past 16*nblk)
bytes  blks  |     base |   baseAA |       w1 |     w1AA |     lrev |     gs50 |      cl2 |      cl4 |      f4i |    f4iAA |     dsp0 |      s4h ||  baseAA%      w1%    w1AA%    lrev%    gs50%     cl2%     cl4%     f4i%   f4iAA%    dsp0%     s4h%
16     1     |   26.146 |   26.135 |   13.998 |   13.958 |   13.844 |   13.947 |   13.982 |   13.932 |   13.935 |   13.893 |   26.535 |   13.836 ||   -0.04  -46.46  -46.62  -47.05  -46.66  -46.52  -46.72  -46.70  -46.86   +1.49  -47.08
       med   |   26.423 |   26.502 |   14.112 |   14.101 |   14.062 |   14.102 |   14.097 |   14.062 |   14.106 |   14.076 |   26.769 |   14.030
32     2     |   26.476 |   26.475 |   15.303 |   15.305 |   15.306 |   15.312 |   15.265 |   15.270 |   15.301 |   15.286 |   26.413 |   15.306 ||   -0.01  -42.20  -42.19  -42.19  -42.17  -42.34  -42.32  -42.21  -42.26   -0.24  -42.19
       med   |   26.805 |   26.698 |   15.316 |   15.319 |   15.319 |   15.358 |   15.352 |   15.295 |   15.375 |   15.296 |   26.619 |   15.390
48     3     |   27.768 |   27.736 |   18.877 |   18.883 |   19.042 |   19.199 |   18.856 |   18.658 |   18.932 |   18.891 |   27.725 |   18.877 ||   -0.11  -32.02  -32.00  -31.42  -30.86  -32.09  -32.81  -31.82  -31.97   -0.15  -32.02
       med   |   28.441 |   27.993 |   19.017 |   19.163 |   19.208 |   19.225 |   19.169 |   18.720 |   19.266 |   19.056 |   27.955 |   19.023
64     4     |   28.925 |   28.892 |   23.129 |   23.128 |   23.116 |   23.373 |   23.009 |   22.719 |   23.164 |   23.133 |   28.858 |   23.128 ||   -0.12  -20.04  -20.04  -20.08  -19.19  -20.45  -21.46  -19.92  -20.02   -0.23  -20.04
       med   |   29.279 |   29.123 |   23.160 |   23.251 |   23.337 |   23.793 |   23.275 |   22.742 |   23.197 |   23.335 |   29.094 |   23.238
80     5     |   29.956 |   29.989 |   30.050 |   30.040 |   30.014 |   30.132 |   30.123 |   30.119 |   30.102 |   30.045 |   30.113 |   30.050 ||   +0.11   +0.32   +0.28   +0.20   +0.59   +0.56   +0.55   +0.49   +0.30   +0.52   +0.32
       med   |   30.199 |   30.306 |   30.285 |   30.273 |   30.346 |   30.368 |   30.318 |   30.333 |   30.196 |   30.345 |   30.220 |   30.279
96     6     |   30.899 |   30.855 |   30.876 |   30.864 |   30.873 |   30.827 |   30.821 |   30.824 |   30.829 |   30.888 |   30.828 |   30.860 ||   -0.14   -0.07   -0.11   -0.08   -0.23   -0.25   -0.24   -0.22   -0.03   -0.23   -0.12
       med   |   31.074 |   31.155 |   31.034 |   31.028 |   31.069 |   31.105 |   31.095 |   31.076 |   31.056 |   31.126 |   31.056 |   31.026
112    7     |   31.990 |   31.821 |   31.766 |   31.789 |   32.102 |   31.904 |   31.888 |   31.888 |   31.906 |   31.783 |   31.882 |   31.785 ||   -0.53   -0.70   -0.63   +0.35   -0.27   -0.32   -0.32   -0.26   -0.64   -0.34   -0.64
       med   |   34.513 |   35.080 |   34.333 |   34.468 |   34.648 |   34.984 |   34.977 |   34.707 |   34.610 |   34.154 |   34.589 |   34.214
128    8     |   30.096 |   30.038 |   30.079 |   30.041 |   30.115 |   29.763 |   29.940 |   29.943 |   29.932 |   30.111 |   29.935 |   30.101 ||   -0.19   -0.06   -0.18   +0.06   -1.11   -0.52   -0.51   -0.54   +0.05   -0.53   +0.02
       med   |   30.241 |   30.279 |   30.245 |   30.312 |   30.470 |   30.260 |   30.276 |   30.321 |   29.985 |   30.382 |   29.989 |   30.254
256    16    |   51.859 |   52.336 |   51.945 |   52.036 |   52.127 |   52.228 |   51.586 |   51.954 |   52.031 |   52.151 |   52.205 |   52.131 ||   +0.92   +0.17   +0.34   +0.52   +0.71   -0.53   +0.18   +0.33   +0.56   +0.67   +0.52
       med   |   52.836 |   53.000 |   52.617 |   52.626 |   52.636 |   52.698 |   52.753 |   52.734 |   52.573 |   52.701 |   52.599 |   52.574
512    32    |   94.326 |   95.361 |   94.048 |   94.488 |   94.788 |   94.243 |   94.350 |   93.906 |   94.038 |   93.965 |   94.567 |   93.622 ||   +1.10   -0.30   +0.17   +0.49   -0.09   +0.02   -0.45   -0.31   -0.38   +0.26   -0.75
       med   |   96.078 |   96.295 |   95.503 |   95.698 |   95.538 |   95.545 |   95.814 |   95.714 |   95.690 |   95.671 |   95.814 |   95.491
1024   64    |  180.198 |  180.637 |  179.948 |  179.697 |  179.720 |  179.283 |  179.849 |  179.553 |  179.760 |  179.799 |  179.181 |  179.935 ||   +0.24   -0.14   -0.28   -0.27   -0.51   -0.19   -0.36   -0.24   -0.22   -0.56   -0.15
       med   |  182.696 |  182.905 |  181.508 |  181.630 |  181.319 |  181.357 |  181.817 |  181.244 |  181.403 |  181.543 |  181.636 |  181.424
4096   256   |  694.591 |  692.672 |  690.869 |  691.213 |  691.163 |  692.224 |  691.962 |  692.115 |  692.178 |  690.779 |  692.274 |  690.221 ||   -0.28   -0.54   -0.49   -0.49   -0.34   -0.38   -0.36   -0.35   -0.55   -0.33   -0.63
       med   |  700.289 |  700.683 |  694.912 |  694.812 |  695.310 |  694.541 |  695.286 |  694.148 |  696.028 |  695.355 |  695.656 |  695.351
=== process binC.order2.1
SELFCHECK OK (256 whole-block lengths 1..256 blk x 12 variants; out/Xi/ivec/ret byte-identical, nothing written past 16*nblk)
bytes  blks  |     base |      s4h |     dsp0 |    f4iAA |      f4i |      cl4 |      cl2 |     gs50 |     lrev |     w1AA |       w1 |   baseAA ||     s4h%    dsp0%   f4iAA%     f4i%     cl4%     cl2%    gs50%    lrev%    w1AA%      w1%  baseAA%
16     1     |   26.227 |   13.869 |   26.770 |   13.848 |   13.972 |   13.940 |   13.986 |   13.941 |   13.797 |   13.861 |   13.934 |   26.187 ||  -47.12   +2.07  -47.20  -46.72  -46.85  -46.67  -46.85  -47.39  -47.15  -46.87   -0.15
       med   |   26.719 |   14.102 |   27.733 |   14.079 |   14.096 |   14.101 |   14.114 |   14.114 |   13.957 |   14.094 |   14.100 |   27.054
32     2     |   26.438 |   15.287 |   26.408 |   15.285 |   15.251 |   15.267 |   15.255 |   15.240 |   15.306 |   15.284 |   15.287 |   26.471 ||  -42.18   -0.12  -42.18  -42.31  -42.26  -42.30  -42.36  -42.11  -42.19  -42.18   +0.13
       med   |   26.731 |   15.384 |   26.656 |   15.357 |   15.314 |   15.371 |   15.383 |   15.336 |   15.387 |   15.299 |   15.298 |   26.707
48     3     |   27.470 |   19.066 |   27.721 |   18.933 |   18.918 |   18.656 |   18.814 |   19.168 |   19.052 |   19.033 |   19.032 |   27.714 ||  -30.59   +0.91  -31.08  -31.13  -32.09  -31.51  -30.22  -30.64  -30.71  -30.72   +0.89
       med   |   28.011 |   19.331 |   28.040 |   19.349 |   19.159 |   18.887 |   19.188 |   19.192 |   19.130 |   19.166 |   19.159 |   27.982
64     4     |   28.916 |   23.133 |   28.880 |   23.126 |   23.158 |   22.754 |   23.040 |   23.346 |   23.115 |   23.143 |   23.137 |   28.885 ||  -20.00   -0.12  -20.02  -19.91  -21.31  -20.32  -19.26  -20.06  -19.97  -19.99   -0.11
       med   |   29.137 |   23.501 |   29.224 |   23.410 |   23.185 |   22.866 |   23.434 |   23.370 |   23.158 |   23.500 |   23.159 |   29.078
80     5     |   29.953 |   30.097 |   30.133 |   30.049 |   30.100 |   30.055 |   30.044 |   30.056 |   30.039 |   30.126 |   30.107 |   29.984 ||   +0.48   +0.60   +0.32   +0.49   +0.34   +0.30   +0.35   +0.29   +0.58   +0.51   +0.10
       med   |   30.185 |   30.314 |   30.333 |   30.287 |   30.353 |   30.297 |   30.346 |   30.296 |   30.247 |   30.271 |   30.240 |   30.138
96     6     |   30.910 |   30.831 |   30.835 |   30.871 |   30.833 |   30.874 |   30.765 |   30.871 |   30.873 |   30.829 |   30.832 |   30.866 ||   -0.26   -0.24   -0.13   -0.25   -0.11   -0.47   -0.13   -0.12   -0.26   -0.25   -0.14
       med   |   31.082 |   31.127 |   31.103 |   31.037 |   31.121 |   31.033 |   31.068 |   31.056 |   30.953 |   31.104 |   31.069 |   31.003
112    7     |   31.827 |   31.878 |   31.870 |   31.754 |   31.876 |   31.758 |   31.757 |   31.758 |   31.754 |   31.872 |   31.875 |   31.715 ||   +0.16   +0.13   -0.23   +0.15   -0.22   -0.22   -0.22   -0.23   +0.14   +0.15   -0.35
       med   |   32.117 |   32.069 |   32.025 |   32.080 |   32.196 |   32.087 |   32.154 |   32.120 |   32.007 |   32.016 |   31.994 |   32.100
128    8     |   30.092 |   29.804 |   29.940 |   30.106 |   29.935 |   30.105 |   30.101 |   30.107 |   30.094 |   29.840 |   29.929 |   30.032 ||   -0.96   -0.50   +0.05   -0.52   +0.04   +0.03   +0.05   +0.01   -0.84   -0.54   -0.20
       med   |   30.238 |   30.234 |   30.235 |   30.390 |   30.411 |   30.327 |   30.313 |   30.308 |   30.256 |   30.200 |   30.061 |   30.142
256    16    |   52.213 |   52.236 |   52.220 |   52.073 |   52.228 |   52.027 |   51.988 |   51.797 |   52.128 |   52.244 |   52.223 |   52.335 ||   +0.04   +0.01   -0.27   +0.03   -0.36   -0.43   -0.80   -0.16   +0.06   +0.02   +0.23
       med   |   52.820 |   52.681 |   52.650 |   52.639 |   52.556 |   52.623 |   52.594 |   52.640 |   52.525 |   52.775 |   52.717 |   52.984
512    32    |   95.152 |   94.714 |   94.490 |   94.649 |   94.444 |   94.787 |   94.582 |   94.470 |   93.537 |   94.457 |   94.437 |   94.935 ||   -0.46   -0.70   -0.53   -0.74   -0.38   -0.60   -0.72   -1.70   -0.73   -0.75   -0.23
       med   |   96.135 |   95.775 |   95.456 |   95.805 |   95.402 |   95.626 |   95.636 |   95.458 |   95.422 |   95.900 |   95.610 |   96.212
1024   64    |  179.674 |  179.368 |  179.778 |  179.886 |  179.137 |  179.767 |  179.334 |  179.383 |  179.693 |  179.760 |  179.732 |  181.034 ||   -0.17   +0.06   +0.12   -0.30   +0.05   -0.19   -0.16   +0.01   +0.05   +0.03   +0.76
       med   |  182.558 |  181.763 |  181.513 |  181.629 |  181.629 |  181.333 |  181.590 |  181.335 |  181.308 |  181.742 |  181.792 |  182.865
4096   256   |  693.782 |  692.076 |  692.169 |  690.987 |  692.312 |  690.438 |  690.933 |  691.133 |  690.558 |  691.125 |  692.003 |  693.424 ||   -0.25   -0.23   -0.40   -0.21   -0.48   -0.41   -0.38   -0.46   -0.38   -0.26   -0.05
       med   |  700.425 |  696.660 |  695.715 |  694.789 |  696.463 |  693.660 |  694.934 |  693.612 |  694.074 |  695.942 |  695.833 |  700.557
=== process binC.order2.2
SELFCHECK OK (256 whole-block lengths 1..256 blk x 12 variants; out/Xi/ivec/ret byte-identical, nothing written past 16*nblk)
bytes  blks  |     base |      s4h |     dsp0 |    f4iAA |      f4i |      cl4 |      cl2 |     gs50 |     lrev |     w1AA |       w1 |   baseAA ||     s4h%    dsp0%   f4iAA%     f4i%     cl4%     cl2%    gs50%    lrev%    w1AA%      w1%  baseAA%
16     1     |   26.131 |   13.867 |   26.348 |   13.844 |   13.926 |   13.924 |   13.995 |   13.985 |   13.804 |   13.881 |   13.873 |   26.154 ||  -46.93   +0.83  -47.02  -46.71  -46.71  -46.45  -46.48  -47.17  -46.88  -46.91   +0.09
       med   |   26.380 |   14.089 |   26.825 |   14.033 |   14.055 |   14.100 |   14.122 |   14.119 |   13.997 |   14.093 |   14.099 |   26.435
32     2     |   26.524 |   15.284 |   26.419 |   15.285 |   15.254 |   15.267 |   15.261 |   15.235 |   15.306 |   15.284 |   15.283 |   26.502 ||  -42.38   -0.40  -42.37  -42.49  -42.44  -42.46  -42.56  -42.30  -42.38  -42.38   -0.08
       med   |   26.759 |   15.386 |   26.764 |   15.356 |   15.317 |   15.324 |   15.375 |   15.336 |   15.385 |   15.298 |   15.298 |   26.750
48     3     |   27.752 |   18.998 |   27.721 |   18.944 |   18.930 |   18.642 |   18.822 |   19.168 |   19.009 |   18.989 |   19.061 |   27.719 ||  -31.54   -0.11  -31.74  -31.79  -32.83  -32.18  -30.93  -31.51  -31.58  -31.32   -0.12
       med   |   28.009 |   19.327 |   27.996 |   19.303 |   19.206 |   18.882 |   19.186 |   19.192 |   19.127 |   19.162 |   19.161 |   28.031
64     4     |   28.911 |   23.139 |   28.868 |   23.142 |   23.159 |   22.741 |   23.043 |   23.345 |   23.121 |   23.133 |   23.134 |   28.908 ||  -19.97   -0.15  -19.96  -19.90  -21.34  -20.30  -19.25  -20.03  -19.99  -19.98   -0.01
       med   |   29.155 |   23.498 |   29.179 |   23.352 |   23.188 |   22.776 |   23.457 |   23.370 |   23.155 |   23.476 |   23.158 |   29.181
80     5     |   29.949 |   30.108 |   30.125 |   30.049 |   29.974 |   30.048 |   30.029 |   30.049 |   30.046 |   30.127 |   30.119 |   29.980 ||   +0.53   +0.59   +0.33   +0.09   +0.33   +0.27   +0.34   +0.33   +0.60   +0.57   +0.11
       med   |   30.246 |   30.288 |   30.262 |   30.266 |   30.355 |   30.316 |   30.292 |   30.324 |   30.283 |   30.288 |   30.239 |   30.245
96     6     |   30.905 |   30.829 |   30.827 |   30.863 |   30.825 |   30.866 |   30.859 |   30.860 |   30.861 |   30.825 |   30.825 |   30.838 ||   -0.25   -0.25   -0.14   -0.26   -0.13   -0.15   -0.15   -0.14   -0.26   -0.26   -0.22
       med   |   31.081 |   31.114 |   31.107 |   31.055 |   31.090 |   31.066 |   31.087 |   31.042 |   30.938 |   31.095 |   31.055 |   31.008
112    7     |   31.870 |   31.871 |   31.865 |   31.773 |   31.883 |   31.781 |   31.774 |   31.777 |   31.787 |   31.888 |   31.879 |   31.812 ||   +0.00   -0.02   -0.31   +0.04   -0.28   -0.30   -0.29   -0.26   +0.06   +0.03   -0.18
       med   |   34.053 |   34.884 |   34.938 |   34.478 |   35.104 |   34.109 |   34.851 |   34.137 |   34.106 |   34.882 |   34.612 |   34.792
128    8     |   30.106 |   29.920 |   29.932 |   30.098 |   29.935 |   30.090 |   30.101 |   30.016 |   30.087 |   29.938 |   29.630 |   30.029 ||   -0.62   -0.58   -0.03   -0.57   -0.05   -0.02   -0.30   -0.06   -0.56   -1.58   -0.26
       med   |   30.254 |   30.276 |   30.260 |   30.382 |   30.442 |   30.309 |   30.332 |   30.297 |   30.234 |   30.167 |   29.990 |   30.163
256    16    |   52.216 |   52.125 |   52.224 |   52.083 |   52.224 |   52.172 |   52.171 |   52.166 |   52.145 |   52.254 |   52.232 |   52.346 ||   -0.17   +0.02   -0.25   +0.02   -0.08   -0.09   -0.10   -0.14   +0.07   +0.03   +0.25
       med   |   52.767 |   52.681 |   52.709 |   52.644 |   52.793 |   52.624 |   52.550 |   52.673 |   52.602 |   52.734 |   52.657 |   52.980
512    32    |   94.974 |   93.833 |   94.569 |   93.892 |   94.530 |   94.692 |   93.529 |   94.382 |   94.021 |   94.586 |   94.581 |   95.314 ||   -1.20   -0.43   -1.14   -0.47   -0.30   -1.52   -0.62   -1.00   -0.41   -0.41   +0.36
       med   |   96.073 |   95.744 |   95.630 |   95.694 |   95.747 |   95.428 |   95.731 |   95.537 |   95.568 |   95.934 |   95.639 |   96.179
1024   64    |  179.761 |  179.649 |  179.455 |  180.028 |  179.993 |  179.691 |  179.674 |  179.485 |  179.871 |  179.857 |  179.803 |  180.810 ||   -0.06   -0.17   +0.15   +0.13   -0.04   -0.05   -0.15   +0.06   +0.05   +0.02   +0.58
       med   |  182.654 |  181.713 |  181.533 |  181.666 |  181.566 |  181.340 |  181.555 |  181.393 |  181.404 |  181.794 |  181.591 |  182.934
4096   256   |  693.459 |  692.344 |  692.210 |  691.394 |  691.867 |  690.846 |  690.557 |  691.027 |  691.173 |  692.271 |  692.203 |  693.816 ||   -0.16   -0.18   -0.30   -0.23   -0.38   -0.42   -0.35   -0.33   -0.17   -0.18   +0.05
       med   |  700.167 |  696.620 |  695.596 |  694.927 |  696.433 |  693.932 |  694.717 |  693.780 |  693.947 |  695.971 |  695.711 |  700.640
=== process binC.order2.3
SELFCHECK OK (256 whole-block lengths 1..256 blk x 12 variants; out/Xi/ivec/ret byte-identical, nothing written past 16*nblk)
bytes  blks  |     base |      s4h |     dsp0 |    f4iAA |      f4i |      cl4 |      cl2 |     gs50 |     lrev |     w1AA |       w1 |   baseAA ||     s4h%    dsp0%   f4iAA%     f4i%     cl4%     cl2%    gs50%    lrev%    w1AA%      w1%  baseAA%
16     1     |   26.163 |   13.903 |   26.468 |   13.841 |   13.895 |   13.808 |   13.989 |   13.945 |   13.806 |   13.923 |   13.952 |   26.150 ||  -46.86   +1.17  -47.10  -46.89  -47.22  -46.53  -46.70  -47.23  -46.78  -46.67   -0.05
       med   |   26.480 |   14.106 |   27.050 |   14.051 |   14.090 |   14.100 |   14.119 |   14.115 |   13.879 |   14.085 |   14.100 |   26.419
32     2     |   26.462 |   15.285 |   26.416 |   15.284 |   15.251 |   15.268 |   15.298 |   15.242 |   15.306 |   15.286 |   15.284 |   26.493 ||  -42.24   -0.17  -42.24  -42.37  -42.30  -42.19  -42.40  -42.16  -42.23  -42.24   +0.12
       med   |   26.757 |   15.300 |   26.740 |   15.357 |   15.315 |   15.387 |   15.388 |   15.335 |   15.387 |   15.300 |   15.298 |   26.755
48     3     |   27.665 |   18.987 |   27.722 |   18.904 |   18.890 |   18.643 |   18.790 |   19.164 |   19.003 |   18.987 |   18.984 |   27.700 ||  -31.37   +0.21  -31.67  -31.72  -32.61  -32.08  -30.73  -31.31  -31.37  -31.38   +0.13
       med   |   28.018 |   19.329 |   28.033 |   19.299 |   19.189 |   18.859 |   19.123 |   19.225 |   19.139 |   19.175 |   19.167 |   27.972
64     4     |   28.913 |   23.139 |   28.865 |   23.132 |   23.161 |   22.749 |   23.040 |   23.344 |   23.118 |   23.144 |   23.128 |   28.881 ||  -19.97   -0.16  -19.99  -19.89  -21.32  -20.31  -19.26  -20.04  -19.95  -20.01   -0.11
       med   |   29.134 |   23.501 |   29.220 |   23.240 |   23.187 |   22.861 |   23.460 |   23.367 |   23.157 |   23.499 |   23.158 |   29.122
80     5     |   29.951 |   30.108 |   29.964 |   30.049 |   30.134 |   30.056 |   30.013 |   30.035 |   30.038 |   30.120 |   30.104 |   29.980 ||   +0.53   +0.05   +0.33   +0.61   +0.35   +0.21   +0.28   +0.29   +0.56   +0.51   +0.10
       med   |   30.193 |   30.301 |   30.361 |   30.287 |   30.393 |   30.326 |   30.308 |   30.314 |   30.241 |   30.334 |   30.233 |   30.160
96     6     |   30.911 |   30.836 |   30.803 |   30.853 |   30.827 |   30.879 |   30.861 |   30.865 |   30.860 |   30.795 |   30.802 |   30.869 ||   -0.24   -0.35   -0.19   -0.27   -0.10   -0.16   -0.15   -0.16   -0.38   -0.35   -0.14
       med   |   31.086 |   31.116 |   31.078 |   31.036 |   31.181 |   31.046 |   31.102 |   31.042 |   31.022 |   31.107 |   31.076 |   31.015
112    7     |   31.886 |   31.880 |   31.885 |   31.770 |   31.887 |   31.774 |   31.767 |   31.767 |   31.761 |   31.879 |   31.877 |   31.724 ||   -0.02   -0.00   -0.36   +0.00   -0.35   -0.37   -0.37   -0.39   -0.02   -0.03   -0.51
       med   |   34.308 |   34.825 |   34.767 |   34.370 |   34.825 |   34.252 |   34.741 |   34.322 |   34.268 |   34.753 |   34.683 |   34.841
128    8     |   30.103 |   29.943 |   29.940 |   30.039 |   29.938 |   30.050 |   30.100 |   30.114 |   30.099 |   29.951 |   29.933 |   30.032 ||   -0.53   -0.54   -0.21   -0.55   -0.18   -0.01   +0.04   -0.01   -0.51   -0.56   -0.24
       med   |   30.226 |   30.293 |   30.256 |   30.368 |   30.479 |   30.360 |   30.322 |   30.334 |   30.233 |   30.277 |   30.079 |   30.144
256    16    |   52.240 |   52.029 |   52.243 |   52.174 |   52.167 |   52.160 |   51.971 |   52.167 |   52.109 |   52.238 |   52.233 |   52.365 ||   -0.40   +0.01   -0.13   -0.14   -0.15   -0.52   -0.14   -0.25   -0.00   -0.01   +0.24
       med   |   52.780 |   52.752 |   52.709 |   52.668 |   52.753 |   52.613 |   52.607 |   52.706 |   52.492 |   52.770 |   52.728 |   52.984
512    32    |   95.265 |   94.199 |   94.641 |   94.834 |   94.676 |   94.618 |   94.107 |   93.624 |   93.489 |   94.560 |   94.633 |   95.356 ||   -1.12   -0.66   -0.45   -0.62   -0.68   -1.22   -1.72   -1.86   -0.74   -0.66   +0.10
       med   |   96.016 |   95.841 |   95.422 |   95.682 |   95.580 |   95.485 |   95.680 |   95.538 |   95.497 |   95.921 |   95.776 |   96.177
1024   64    |  179.839 |  179.725 |  179.746 |  179.953 |  179.890 |  179.684 |  179.827 |  178.964 |  179.702 |  179.857 |  179.907 |  180.601 ||   -0.06   -0.05   +0.06   +0.03   -0.09   -0.01   -0.49   -0.08   +0.01   +0.04   +0.42
       med   |  182.786 |  181.839 |  181.438 |  181.667 |  181.486 |  181.284 |  181.631 |  181.371 |  181.311 |  181.890 |  181.707 |  182.726
4096   256   |  693.744 |  692.092 |  691.586 |  691.734 |  691.698 |  690.923 |  691.432 |  691.479 |  690.764 |  692.141 |  692.139 |  693.149 ||   -0.24   -0.31   -0.29   -0.29   -0.41   -0.33   -0.33   -0.43   -0.23   -0.23   -0.09
       med   |  701.004 |  696.488 |  695.865 |  695.453 |  696.995 |  694.114 |  695.612 |  694.207 |  694.256 |  696.338 |  695.746 |  701.275
=== process binC.order2.4
SELFCHECK OK (256 whole-block lengths 1..256 blk x 12 variants; out/Xi/ivec/ret byte-identical, nothing written past 16*nblk)
bytes  blks  |     base |      s4h |     dsp0 |    f4iAA |      f4i |      cl4 |      cl2 |     gs50 |     lrev |     w1AA |       w1 |   baseAA ||     s4h%    dsp0%   f4iAA%     f4i%     cl4%     cl2%    gs50%    lrev%    w1AA%      w1%  baseAA%
16     1     |   26.179 |   13.931 |   26.458 |   13.835 |   13.876 |   13.945 |   13.986 |   13.926 |   13.803 |   13.923 |   13.885 |   26.136 ||  -46.78   +1.07  -47.15  -47.00  -46.73  -46.58  -46.80  -47.27  -46.82  -46.96   -0.16
       med   |   26.394 |   14.095 |   26.909 |   14.047 |   14.054 |   14.101 |   14.119 |   14.114 |   13.972 |   14.029 |   14.097 |   26.437
32     2     |   26.442 |   15.287 |   26.431 |   15.282 |   15.255 |   15.267 |   15.252 |   15.238 |   15.307 |   15.286 |   15.285 |   26.489 ||  -42.19   -0.04  -42.20  -42.31  -42.26  -42.32  -42.37  -42.11  -42.19  -42.19   +0.18
       med   |   26.740 |   15.300 |   26.756 |   15.357 |   15.314 |   15.373 |   15.388 |   15.336 |   15.387 |   15.298 |   15.298 |   26.715
48     3     |   27.607 |   18.994 |   27.734 |   18.946 |   18.927 |   18.694 |   18.793 |   19.171 |   19.007 |   18.994 |   18.981 |   27.724 ||  -31.20   +0.46  -31.37  -31.44  -32.29  -31.93  -30.56  -31.15  -31.20  -31.25   +0.42
       med   |   28.030 |   19.328 |   28.040 |   19.298 |   19.208 |   18.888 |   19.131 |   19.195 |   19.131 |   19.163 |   19.163 |   28.028
64     4     |   28.937 |   23.138 |   28.877 |   23.135 |   23.159 |   22.745 |   23.046 |   23.343 |   23.122 |   23.141 |   23.128 |   28.888 ||  -20.04   -0.21  -20.05  -19.97  -21.40  -20.36  -19.33  -20.10  -20.03  -20.08   -0.17
       med   |   29.167 |   23.503 |   29.196 |   23.332 |   23.191 |   22.864 |   23.452 |   23.370 |   23.153 |   23.498 |   23.161 |   29.124
80     5     |   29.951 |   30.095 |   30.120 |   30.049 |   30.060 |   30.040 |   30.012 |   30.055 |   30.050 |   30.098 |   30.119 |   29.987 ||   +0.48   +0.56   +0.33   +0.36   +0.30   +0.21   +0.35   +0.33   +0.49   +0.56   +0.12
       med   |   30.193 |   30.301 |   30.327 |   30.280 |   30.340 |   30.325 |   30.322 |   30.313 |   30.228 |   30.313 |   30.227 |   30.135
96     6     |   30.912 |   30.831 |   30.819 |   30.855 |   30.823 |   30.859 |   30.884 |   30.866 |   30.846 |   30.828 |   30.824 |   30.860 ||   -0.26   -0.30   -0.18   -0.29   -0.17   -0.09   -0.15   -0.21   -0.27   -0.28   -0.17
       med   |   31.080 |   31.113 |   31.102 |   31.029 |   31.113 |   31.058 |   31.059 |   31.039 |   31.020 |   31.098 |   31.056 |   31.005
112    7     |   31.825 |   31.884 |   31.884 |   31.757 |   31.870 |   31.772 |   31.777 |   31.770 |   31.765 |   31.886 |   31.874 |   31.714 ||   +0.19   +0.19   -0.21   +0.14   -0.16   -0.15   -0.17   -0.19   +0.19   +0.16   -0.35
       med   |   34.272 |   34.947 |   34.738 |   34.295 |   34.789 |   34.281 |   34.782 |   34.276 |   34.264 |   34.763 |   34.700 |   34.826
128    8     |   30.074 |   29.933 |   29.936 |   30.098 |   29.943 |   30.058 |   30.107 |   30.098 |   30.104 |   29.945 |   29.933 |   30.029 ||   -0.47   -0.46   +0.08   -0.44   -0.05   +0.11   +0.08   +0.10   -0.43   -0.47   -0.15
       med   |   30.231 |   30.221 |   30.250 |   30.283 |   30.416 |   30.384 |   30.317 |   30.302 |   30.278 |   30.164 |   30.055 |   30.173
256    16    |   52.216 |   52.054 |   52.183 |   52.153 |   51.902 |   52.020 |   52.089 |   52.146 |   52.157 |   52.232 |   52.118 |   52.492 ||   -0.31   -0.06   -0.12   -0.60   -0.38   -0.24   -0.13   -0.11   +0.03   -0.19   +0.53
       med   |   52.783 |   52.622 |   52.710 |   52.677 |   52.798 |   52.613 |   52.597 |   52.719 |   52.502 |   52.751 |   52.680 |   52.916
512    32    |   95.207 |   94.475 |   94.458 |   94.247 |   94.747 |   93.493 |   93.805 |   93.971 |   93.895 |   94.837 |   94.578 |   95.234 ||   -0.77   -0.79   -1.01   -0.48   -1.80   -1.47   -1.30   -1.38   -0.39   -0.66   +0.03
       med   |   95.994 |   95.800 |   95.438 |   95.749 |   95.944 |   95.474 |   95.650 |   95.509 |   95.532 |   95.960 |   95.633 |   96.341
1024   64    |  179.573 |  179.760 |  179.630 |  179.673 |  179.700 |  178.460 |  179.703 |  179.308 |  179.160 |  179.671 |  179.716 |  180.775 ||   +0.10   +0.03   +0.06   +0.07   -0.62   +0.07   -0.15   -0.23   +0.05   +0.08   +0.67
       med   |  182.542 |  181.816 |  181.411 |  181.525 |  181.643 |  181.350 |  181.582 |  181.366 |  181.351 |  181.874 |  181.553 |  182.863
4096   256   |  693.462 |  692.165 |  691.493 |  690.135 |  692.001 |  690.885 |  691.428 |  690.826 |  689.961 |  691.760 |  692.062 |  692.778 ||   -0.19   -0.28   -0.48   -0.21   -0.37   -0.29   -0.38   -0.50   -0.25   -0.20   -0.10
       med   |  700.543 |  695.846 |  695.639 |  694.740 |  696.433 |  694.069 |  695.017 |  693.877 |  694.061 |  696.201 |  695.630 |  700.643
=== process binC.order2.5
SELFCHECK OK (256 whole-block lengths 1..256 blk x 12 variants; out/Xi/ivec/ret byte-identical, nothing written past 16*nblk)
bytes  blks  |     base |      s4h |     dsp0 |    f4iAA |      f4i |      cl4 |      cl2 |     gs50 |     lrev |     w1AA |       w1 |   baseAA ||     s4h%    dsp0%   f4iAA%     f4i%     cl4%     cl2%    gs50%    lrev%    w1AA%      w1%  baseAA%
16     1     |   26.144 |   13.936 |   26.351 |   13.835 |   13.974 |   13.950 |   14.044 |   13.924 |   13.787 |   13.922 |   13.925 |   26.157 ||  -46.70   +0.79  -47.08  -46.55  -46.64  -46.28  -46.74  -47.26  -46.75  -46.74   +0.05
       med   |   26.710 |   14.089 |   27.625 |   14.038 |   14.050 |   14.101 |   14.123 |   14.109 |   13.870 |   14.027 |   14.093 |   27.044
32     2     |   26.523 |   15.286 |   26.417 |   15.286 |   15.252 |   15.265 |   15.252 |   15.241 |   15.303 |   15.283 |   15.285 |   26.492 ||  -42.37   -0.40  -42.37  -42.50  -42.44  -42.49  -42.54  -42.30  -42.38  -42.37   -0.12
       med   |   26.741 |   15.394 |   26.767 |   15.318 |   15.315 |   15.391 |   15.388 |   15.332 |   15.378 |   15.299 |   15.298 |   26.704
48     3     |   27.457 |   19.033 |   27.727 |   18.944 |   18.932 |   18.670 |   18.818 |   19.171 |   19.040 |   19.046 |   19.043 |   27.720 ||  -30.68   +0.98  -31.00  -31.05  -32.00  -31.46  -30.18  -30.66  -30.63  -30.64   +0.96
       med   |   28.008 |   19.329 |   28.031 |   19.345 |   19.209 |   18.824 |   19.176 |   19.193 |   19.131 |   19.164 |   19.162 |   27.920
64     4     |   28.919 |   23.135 |   28.889 |   23.132 |   23.162 |   22.750 |   23.051 |   23.345 |   23.120 |   23.136 |   23.132 |   28.887 ||  -20.00   -0.11  -20.01  -19.91  -21.33  -20.29  -19.27  -20.05  -20.00  -20.01   -0.11
       med   |   29.142 |   23.501 |   29.218 |   23.367 |   23.187 |   22.852 |   23.461 |   23.367 |   23.167 |   23.500 |   23.158 |   29.092
80     5     |   29.944 |   30.095 |   30.123 |   30.025 |   30.097 |   30.052 |   30.018 |   30.050 |   30.045 |   30.114 |   30.103 |   29.978 ||   +0.50   +0.60   +0.27   +0.51   +0.36   +0.25   +0.35   +0.34   +0.57   +0.53   +0.11
       med   |   30.205 |   30.291 |   30.349 |   30.239 |   30.351 |   30.321 |   30.314 |   30.299 |   30.275 |   30.255 |   30.236 |   30.158
96     6     |   30.894 |   30.828 |   30.799 |   30.846 |   30.793 |   30.858 |   30.857 |   30.850 |   30.848 |   30.806 |   30.802 |   30.857 ||   -0.21   -0.31   -0.15   -0.33   -0.12   -0.12   -0.14   -0.15   -0.29   -0.30   -0.12
       med   |   31.022 |   31.120 |   31.111 |   31.033 |   31.117 |   31.060 |   31.071 |   31.044 |   31.004 |   31.079 |   31.062 |   31.067
112    7     |   31.822 |   31.719 |   31.826 |   31.762 |   31.878 |   31.601 |   31.765 |   31.770 |   31.764 |   31.793 |   31.877 |   31.713 ||   -0.32   +0.01   -0.19   +0.18   -0.69   -0.18   -0.16   -0.18   -0.09   +0.17   -0.34
       med   |   32.157 |   32.161 |   32.043 |   32.061 |   32.256 |   32.110 |   32.184 |   32.141 |   32.019 |   32.091 |   32.001 |   32.132
128    8     |   30.111 |   29.944 |   29.935 |   30.113 |   29.958 |   30.005 |   30.105 |   30.108 |   30.091 |   29.931 |   29.866 |   30.034 ||   -0.56   -0.59   +0.01   -0.51   -0.35   -0.02   -0.01   -0.07   -0.60   -0.81   -0.26
       med   |   30.232 |   30.258 |   30.251 |   30.394 |   30.502 |   30.346 |   30.325 |   30.300 |   30.243 |   30.152 |   29.990 |   30.159
256    16    |   52.208 |   51.908 |   52.209 |   51.918 |   52.222 |   52.133 |   52.128 |   52.171 |   52.153 |   52.244 |   52.217 |   52.360 ||   -0.57   +0.00   -0.56   +0.03   -0.14   -0.15   -0.07   -0.11   +0.07   +0.02   +0.29
       med   |   52.768 |   52.712 |   52.774 |   52.637 |   52.701 |   52.646 |   52.599 |   52.664 |   52.559 |   52.640 |   52.632 |   52.898
512    32    |   95.010 |   93.746 |   94.522 |   94.580 |   94.499 |   94.756 |   94.785 |   93.803 |   93.496 |   94.528 |   94.464 |   95.163 ||   -1.33   -0.51   -0.45   -0.54   -0.27   -0.24   -1.27   -1.59   -0.51   -0.57   +0.16
       med   |   96.144 |   95.735 |   95.493 |   95.769 |   95.703 |   95.472 |   95.617 |   95.502 |   95.449 |   95.769 |   95.596 |   96.220
1024   64    |  179.800 |  179.568 |  179.735 |  179.650 |  179.072 |  179.643 |  179.239 |  179.389 |  179.659 |  179.476 |  179.697 |  180.118 ||   -0.13   -0.04   -0.08   -0.40   -0.09   -0.31   -0.23   -0.08   -0.18   -0.06   +0.18
       med   |  182.559 |  181.664 |  181.215 |  181.520 |  181.429 |  181.207 |  181.502 |  181.421 |  181.107 |  181.696 |  181.677 |  182.895
4096   256   |  694.731 |  692.022 |  691.799 |  690.261 |  692.097 |  690.028 |  691.157 |  690.050 |  690.676 |  692.114 |  692.067 |  693.447 ||   -0.39   -0.42   -0.64   -0.38   -0.68   -0.51   -0.67   -0.58   -0.38   -0.38   -0.18
       med   |  700.210 |  696.091 |  695.318 |  694.973 |  695.784 |  693.774 |  695.494 |  693.830 |  694.498 |  696.062 |  695.657 |  700.446
=== process binC.order3.1
SELFCHECK OK (256 whole-block lengths 1..256 blk x 12 variants; out/Xi/ivec/ret byte-identical, nothing written past 16*nblk)
bytes  blks  |     base |      cl2 |      cl4 |      f4i |    f4iAA |     dsp0 |      s4h |   baseAA |       w1 |     w1AA |     lrev |     gs50 ||     cl2%     cl4%     f4i%   f4iAA%    dsp0%     s4h%  baseAA%      w1%    w1AA%    lrev%    gs50%
16     1     |   26.237 |   14.001 |   13.988 |   13.927 |   13.881 |   26.851 |   13.854 |   26.238 |   13.926 |   13.869 |   13.916 |   14.007 ||  -46.63  -46.68  -46.92  -47.09   +2.34  -47.19   +0.01  -46.92  -47.14  -46.96  -46.61
       med   |   26.697 |   14.097 |   14.066 |   14.091 |   14.081 |   27.636 |   14.096 |   26.801 |   14.033 |   14.096 |   14.090 |   14.104
32     2     |   26.530 |   15.265 |   15.278 |   15.304 |   15.282 |   26.432 |   15.308 |   26.450 |   15.286 |   15.286 |   15.296 |   15.240 ||  -42.46  -42.41  -42.31  -42.40   -0.37  -42.30   -0.30  -42.38  -42.38  -42.34  -42.55
       med   |   26.770 |   15.344 |   15.350 |   15.376 |   15.369 |   26.740 |   15.393 |   26.751 |   15.381 |   15.389 |   15.312 |   15.258
48     3     |   27.469 |   18.852 |   18.660 |   18.919 |   18.962 |   27.729 |   18.908 |   27.618 |   19.031 |   19.035 |   18.928 |   19.172 ||  -31.37  -32.07  -31.12  -30.97   +0.95  -31.16   +0.54  -30.72  -30.70  -31.09  -30.20
       med   |   28.118 |   18.979 |   18.879 |   19.312 |   19.566 |   27.918 |   19.236 |   28.102 |   19.223 |   19.288 |   19.167 |   19.280
64     4     |   28.927 |   23.017 |   22.715 |   23.157 |   23.133 |   28.871 |   23.132 |   28.920 |   23.134 |   23.139 |   23.055 |   23.333 ||  -20.43  -21.48  -19.95  -20.03   -0.19  -20.03   -0.02  -20.03  -20.01  -20.30  -19.34
       med   |   29.254 |   23.297 |   22.993 |   23.192 |   23.325 |   29.197 |   23.249 |   29.207 |   23.164 |   23.506 |   23.082 |   23.366
80     5     |   29.960 |   30.111 |   30.117 |   30.110 |   30.053 |   30.118 |   30.041 |   29.949 |   30.132 |   30.144 |   30.111 |   30.037 ||   +0.50   +0.52   +0.50   +0.31   +0.53   +0.27   -0.04   +0.57   +0.61   +0.51   +0.26
       med   |   30.157 |   30.317 |   30.360 |   30.326 |   30.344 |   30.228 |   30.348 |   30.150 |   30.385 |   30.483 |   30.337 |   30.226
96     6     |   30.897 |   30.870 |   30.795 |   30.825 |   30.864 |   30.789 |   30.880 |   30.893 |   30.825 |   30.828 |   30.790 |   30.848 ||   -0.09   -0.33   -0.23   -0.11   -0.35   -0.05   -0.01   -0.23   -0.22   -0.34   -0.16
       med   |   31.020 |   31.123 |   31.086 |   31.099 |   31.089 |   31.070 |   31.082 |   31.061 |   31.134 |   31.107 |   31.109 |   31.010
112    7     |   31.802 |   31.877 |   31.829 |   31.870 |   31.765 |   31.871 |   31.760 |   31.815 |   31.875 |   31.873 |   31.870 |   31.763 ||   +0.24   +0.09   +0.22   -0.12   +0.22   -0.13   +0.04   +0.23   +0.22   +0.21   -0.12
       med   |   32.080 |   32.071 |   32.026 |   32.016 |   32.168 |   32.034 |   32.174 |   32.086 |   32.036 |   32.236 |   32.039 |   32.025
128    8     |   30.113 |   29.933 |   29.734 |   29.663 |   30.035 |   29.752 |   30.122 |   30.100 |   29.937 |   29.946 |   29.942 |   30.106 ||   -0.60   -1.26   -1.50   -0.26   -1.20   +0.03   -0.05   -0.59   -0.56   -0.57   -0.03
       med   |   30.354 |   30.138 |   30.297 |   30.169 |   30.393 |   30.248 |   30.414 |   30.238 |   30.275 |   30.552 |   30.244 |   30.236
256    16    |   52.227 |   52.231 |   52.241 |   52.235 |   52.126 |   52.221 |   52.056 |   51.951 |   52.254 |   52.270 |   52.215 |   51.699 ||   +0.01   +0.03   +0.01   -0.19   -0.01   -0.33   -0.53   +0.05   +0.08   -0.02   -1.01
       med   |   52.852 |   52.668 |   52.687 |   52.817 |   52.682 |   52.718 |   52.642 |   52.816 |   52.713 |   52.926 |   52.720 |   52.565
512    32    |   94.850 |   94.521 |   94.568 |   94.595 |   94.816 |   94.451 |   93.514 |   94.768 |   94.439 |   93.723 |   94.544 |   93.675 ||   -0.35   -0.30   -0.27   -0.04   -0.42   -1.41   -0.09   -0.43   -1.19   -0.32   -1.24
       med   |   96.166 |   95.835 |   95.599 |   95.952 |   95.698 |   95.552 |   95.566 |   95.835 |   95.644 |   96.039 |   95.629 |   95.552
1024   64    |  180.809 |  179.352 |  178.882 |  179.987 |  179.762 |  179.143 |  179.084 |  179.811 |  178.960 |  179.772 |  179.635 |  179.908 ||   -0.81   -1.07   -0.45   -0.58   -0.92   -0.95   -0.55   -1.02   -0.57   -0.65   -0.50
       med   |  182.661 |  181.863 |  181.520 |  181.851 |  181.576 |  181.315 |  181.599 |  182.320 |  181.298 |  181.925 |  181.466 |  181.440
4096   256   |  694.547 |  692.196 |  691.941 |  692.266 |  691.216 |  692.046 |  691.249 |  692.059 |  692.035 |  692.140 |  691.727 |  690.527 ||   -0.34   -0.38   -0.33   -0.48   -0.36   -0.47   -0.36   -0.36   -0.35   -0.41   -0.58
       med   |  700.298 |  696.695 |  695.864 |  695.868 |  694.480 |  694.834 |  695.021 |  698.922 |  694.245 |  696.136 |  695.746 |  695.587
=== process binC.order3.2
SELFCHECK OK (256 whole-block lengths 1..256 blk x 12 variants; out/Xi/ivec/ret byte-identical, nothing written past 16*nblk)
bytes  blks  |     base |      cl2 |      cl4 |      f4i |    f4iAA |     dsp0 |      s4h |   baseAA |       w1 |     w1AA |     lrev |     gs50 ||     cl2%     cl4%     f4i%   f4iAA%    dsp0%     s4h%  baseAA%      w1%    w1AA%    lrev%    gs50%
16     1     |   26.133 |   13.881 |   13.980 |   13.921 |   13.851 |   26.479 |   13.840 |   26.137 |   13.924 |   13.861 |   13.915 |   13.945 ||  -46.88  -46.51  -46.73  -47.00   +1.32  -47.04   +0.02  -46.72  -46.96  -46.76  -46.64
       med   |   26.692 |   14.090 |   14.064 |   14.090 |   14.080 |   27.609 |   14.098 |   26.777 |   14.089 |   14.029 |   14.078 |   14.118
32     2     |   26.451 |   15.265 |   15.282 |   15.304 |   15.288 |   26.420 |   15.309 |   26.529 |   15.286 |   15.287 |   15.294 |   15.241 ||  -42.29  -42.22  -42.14  -42.20   -0.12  -42.12   +0.30  -42.21  -42.20  -42.18  -42.38
       med   |   26.780 |   15.284 |   15.354 |   15.330 |   15.366 |   26.735 |   15.393 |   26.754 |   15.380 |   15.384 |   15.313 |   15.268
48     3     |   27.717 |   18.846 |   18.656 |   18.910 |   18.946 |   27.717 |   18.909 |   27.662 |   19.030 |   19.027 |   18.935 |   19.171 ||  -32.01  -32.69  -31.77  -31.64   -0.00  -31.78   -0.20  -31.34  -31.35  -31.68  -30.83
       med   |   28.137 |   19.007 |   18.716 |   19.316 |   19.465 |   27.986 |   19.166 |   28.132 |   19.224 |   19.290 |   19.118 |   19.192
64     4     |   28.936 |   23.015 |   22.713 |   23.159 |   23.135 |   28.882 |   23.131 |   28.924 |   23.139 |   23.143 |   23.047 |   23.333 ||  -20.46  -21.51  -19.97  -20.05   -0.19  -20.06   -0.04  -20.03  -20.02  -20.35  -19.36
       med   |   29.229 |   23.301 |   22.992 |   23.195 |   23.411 |   29.201 |   23.240 |   29.179 |   23.168 |   23.501 |   23.083 |   23.366
80     5     |   29.951 |   30.103 |   30.125 |   30.124 |   30.015 |   30.115 |   30.041 |   29.956 |   30.125 |   30.143 |   30.107 |   30.044 ||   +0.51   +0.58   +0.58   +0.21   +0.55   +0.30   +0.02   +0.58   +0.64   +0.52   +0.31
       med   |   30.209 |   30.261 |   30.372 |   30.328 |   30.315 |   30.344 |   30.362 |   30.192 |   30.302 |   30.488 |   30.325 |   30.224
96     6     |   30.909 |   30.833 |   30.826 |   30.833 |   30.878 |   30.831 |   30.918 |   30.894 |   30.842 |   30.835 |   30.827 |   30.878 ||   -0.25   -0.27   -0.25   -0.10   -0.25   +0.03   -0.05   -0.22   -0.24   -0.27   -0.10
       med   |   31.082 |   31.114 |   31.097 |   31.075 |   31.174 |   31.114 |   31.085 |   31.043 |   31.115 |   31.207 |   31.113 |   30.969
112    7     |   31.817 |   31.881 |   31.866 |   31.876 |   31.761 |   31.869 |   31.758 |   31.821 |   31.860 |   31.888 |   31.877 |   31.754 ||   +0.20   +0.15   +0.18   -0.18   +0.16   -0.19   +0.01   +0.13   +0.22   +0.19   -0.20
       med   |   32.132 |   32.167 |   32.030 |   32.021 |   32.163 |   32.044 |   32.169 |   32.123 |   32.044 |   32.246 |   32.029 |   32.017
128    8     |   30.115 |   29.944 |   29.853 |   29.934 |   30.093 |   29.922 |   30.119 |   30.030 |   29.926 |   29.798 |   29.936 |   30.095 ||   -0.57   -0.87   -0.60   -0.07   -0.64   +0.01   -0.28   -0.63   -1.05   -0.59   -0.07
       med   |   30.350 |   30.269 |   30.315 |   30.199 |   30.404 |   30.215 |   30.380 |   30.240 |   30.260 |   30.292 |   30.248 |   30.158
256    16    |   52.251 |   52.040 |   52.233 |   51.786 |   52.088 |   52.026 |   52.028 |   52.295 |   52.207 |   52.269 |   52.221 |   52.084 ||   -0.41   -0.04   -0.89   -0.31   -0.43   -0.43   +0.08   -0.09   +0.03   -0.06   -0.32
       med   |   52.838 |   52.651 |   52.596 |   52.866 |   52.699 |   52.651 |   52.638 |   52.803 |   52.679 |   52.993 |   52.814 |   52.619
512    32    |   94.882 |   94.291 |   94.498 |   94.555 |   94.453 |   94.467 |   94.606 |   94.769 |   94.365 |   94.516 |   94.260 |   93.539 ||   -0.62   -0.40   -0.34   -0.45   -0.44   -0.29   -0.12   -0.55   -0.39   -0.66   -1.42
       med   |   96.217 |   95.886 |   95.499 |   95.690 |   95.643 |   95.768 |   95.740 |   95.803 |   95.463 |   95.990 |   95.579 |   95.627
1024   64    |  180.786 |  179.749 |  179.685 |  179.930 |  179.578 |  179.469 |  179.161 |  180.175 |  178.917 |  179.982 |  179.713 |  179.794 ||   -0.57   -0.61   -0.47   -0.67   -0.73   -0.90   -0.34   -1.03   -0.44   -0.59   -0.55
       med   |  182.633 |  181.719 |  181.565 |  181.862 |  181.453 |  181.633 |  181.488 |  182.276 |  181.304 |  181.948 |  181.356 |  181.549
4096   256   |  695.383 |  692.027 |  692.207 |  692.252 |  691.192 |  690.851 |  691.240 |  692.308 |  691.963 |  692.027 |  692.143 |  690.966 ||   -0.48   -0.46   -0.45   -0.60   -0.65   -0.60   -0.44   -0.49   -0.48   -0.47   -0.64
       med   |  700.309 |  696.355 |  695.545 |  695.717 |  694.212 |  694.688 |  695.057 |  698.563 |  694.104 |  696.187 |  695.343 |  695.155
=== process binC.order3.3
SELFCHECK OK (256 whole-block lengths 1..256 blk x 12 variants; out/Xi/ivec/ret byte-identical, nothing written past 16*nblk)
bytes  blks  |     base |      cl2 |      cl4 |      f4i |    f4iAA |     dsp0 |      s4h |   baseAA |       w1 |     w1AA |     lrev |     gs50 ||     cl2%     cl4%     f4i%   f4iAA%    dsp0%     s4h%  baseAA%      w1%    w1AA%    lrev%    gs50%
16     1     |   26.164 |   13.998 |   13.969 |   13.926 |   13.816 |   26.385 |   13.861 |   26.165 |   13.927 |   13.898 |   13.895 |   13.963 ||  -46.50  -46.61  -46.77  -47.20   +0.84  -47.02   +0.00  -46.77  -46.88  -46.89  -46.63
       med   |   26.477 |   14.041 |   14.060 |   14.087 |   14.083 |   26.861 |   14.095 |   26.476 |   14.047 |   14.094 |   14.086 |   14.116
32     2     |   26.435 |   15.265 |   15.279 |   15.302 |   15.287 |   26.430 |   15.303 |   26.448 |   15.288 |   15.288 |   15.298 |   15.241 ||  -42.26  -42.20  -42.12  -42.17   -0.02  -42.11   +0.05  -42.17  -42.17  -42.13  -42.34
       med   |   26.802 |   15.308 |   15.346 |   15.379 |   15.367 |   26.759 |   15.394 |   26.792 |   15.301 |   15.388 |   15.313 |   15.254
48     3     |   27.728 |   18.837 |   18.645 |   18.884 |   18.892 |   27.708 |   18.867 |   27.657 |   18.982 |   18.983 |   18.922 |   19.163 ||  -32.07  -32.76  -31.90  -31.87   -0.07  -31.96   -0.26  -31.54  -31.54  -31.76  -30.89
       med   |   28.139 |   18.965 |   18.714 |   19.308 |   19.397 |   28.029 |   19.156 |   28.297 |   19.248 |   19.222 |   19.123 |   19.194
64     4     |   28.922 |   23.019 |   22.719 |   23.155 |   23.140 |   28.868 |   23.130 |   28.924 |   23.132 |   23.140 |   23.060 |   23.339 ||  -20.41  -21.45  -19.94  -19.99   -0.19  -20.03   +0.01  -20.02  -19.99  -20.27  -19.30
       med   |   29.192 |   23.296 |   22.894 |   23.197 |   23.422 |   29.174 |   23.245 |   29.214 |   23.166 |   23.529 |   23.082 |   23.366
80     5     |   29.958 |   30.093 |   30.132 |   30.121 |   30.054 |   30.101 |   30.048 |   29.933 |   30.125 |   30.100 |   30.106 |   30.053 ||   +0.45   +0.58   +0.54   +0.32   +0.48   +0.30   -0.08   +0.56   +0.48   +0.49   +0.32
       med   |   30.210 |   30.279 |   30.394 |   30.268 |   30.417 |   30.366 |   30.332 |   30.182 |   30.328 |   30.377 |   30.354 |   30.243
96     6     |   30.895 |   30.827 |   30.820 |   30.805 |   30.868 |   30.785 |   30.867 |   30.902 |   30.806 |   30.832 |   30.818 |   30.849 ||   -0.22   -0.24   -0.29   -0.09   -0.36   -0.09   +0.02   -0.29   -0.20   -0.25   -0.15
       med   |   31.064 |   31.109 |   31.107 |   31.093 |   31.195 |   31.067 |   31.160 |   31.044 |   31.121 |   31.076 |   31.111 |   30.959
112    7     |   31.815 |   31.894 |   31.822 |   31.870 |   31.787 |   31.873 |   31.766 |   31.830 |   31.878 |   31.878 |   31.884 |   31.768 ||   +0.25   +0.02   +0.17   -0.09   +0.18   -0.16   +0.05   +0.20   +0.20   +0.22   -0.15
       med   |   34.212 |   34.767 |   34.705 |   34.665 |   34.162 |   34.787 |   34.683 |   34.382 |   34.714 |   34.691 |   34.730 |   34.273
128    8     |   30.103 |   29.947 |   29.886 |   29.940 |   30.097 |   29.936 |   30.028 |   30.103 |   29.935 |   29.649 |   29.938 |   30.087 ||   -0.52   -0.72   -0.54   -0.02   -0.55   -0.25   +0.00   -0.56   -1.51   -0.55   -0.05
       med   |   30.351 |   30.274 |   30.350 |   30.153 |   30.316 |   30.231 |   30.396 |   30.231 |   30.290 |   30.232 |   30.242 |   30.259
256    16    |   52.153 |   52.229 |   52.224 |   52.112 |   52.134 |   52.228 |   51.836 |   52.263 |   52.236 |   52.102 |   52.182 |   52.077 ||   +0.15   +0.14   -0.08   -0.04   +0.14   -0.61   +0.21   +0.16   -0.10   +0.06   -0.15
       med   |   52.803 |   52.685 |   52.670 |   52.785 |   52.633 |   52.573 |   52.664 |   52.785 |   52.660 |   52.842 |   52.763 |   52.594
512    32    |   95.045 |   94.787 |   94.677 |   94.787 |   94.525 |   94.537 |   94.586 |   94.639 |   94.560 |   94.729 |   94.270 |   93.535 ||   -0.27   -0.39   -0.27   -0.55   -0.53   -0.48   -0.43   -0.51   -0.33   -0.82   -1.59
       med   |   96.067 |   95.959 |   95.607 |   95.943 |   95.676 |   95.665 |   95.789 |   95.833 |   95.590 |   95.815 |   95.515 |   95.535
1024   64    |  180.110 |  178.349 |  178.610 |  179.219 |  179.474 |  179.738 |  178.883 |  179.846 |  179.540 |  179.874 |  179.704 |  179.727 ||   -0.98   -0.83   -0.49   -0.35   -0.21   -0.68   -0.15   -0.32   -0.13   -0.23   -0.21
       med   |  182.506 |  181.674 |  181.252 |  181.678 |  181.492 |  181.701 |  181.588 |  181.865 |  181.224 |  181.946 |  181.411 |  181.427
4096   256   |  693.637 |  692.285 |  692.029 |  692.052 |  691.005 |  691.622 |  691.223 |  692.426 |  690.967 |  692.309 |  692.169 |  690.578 ||   -0.19   -0.23   -0.23   -0.38   -0.29   -0.35   -0.17   -0.38   -0.19   -0.21   -0.44
       med   |  700.085 |  696.259 |  695.629 |  695.740 |  694.194 |  694.856 |  694.962 |  698.986 |  694.375 |  696.106 |  695.556 |  695.700
=== process binC.order3.4
SELFCHECK OK (256 whole-block lengths 1..256 blk x 12 variants; out/Xi/ivec/ret byte-identical, nothing written past 16*nblk)
bytes  blks  |     base |      cl2 |      cl4 |      f4i |    f4iAA |     dsp0 |      s4h |   baseAA |       w1 |     w1AA |     lrev |     gs50 ||     cl2%     cl4%     f4i%   f4iAA%    dsp0%     s4h%  baseAA%      w1%    w1AA%    lrev%    gs50%
16     1     |   26.136 |   13.998 |   13.946 |   13.925 |   13.844 |   26.368 |   13.850 |   26.144 |   13.943 |   13.942 |   13.910 |   14.007 ||  -46.44  -46.64  -46.72  -47.03   +0.89  -47.01   +0.03  -46.65  -46.66  -46.78  -46.41
       med   |   26.685 |   14.091 |   14.062 |   14.092 |   14.078 |   27.607 |   14.097 |   26.763 |   14.046 |   14.104 |   14.084 |   14.116
32     2     |   26.447 |   15.262 |   15.280 |   15.299 |   15.287 |   26.409 |   15.308 |   26.470 |   15.287 |   15.287 |   15.299 |   15.239 ||  -42.29  -42.22  -42.15  -42.20   -0.14  -42.12   +0.09  -42.20  -42.20  -42.15  -42.38
       med   |   26.770 |   15.303 |   15.353 |   15.377 |   15.370 |   26.729 |   15.397 |   26.781 |   15.379 |   15.390 |   15.313 |   15.333
48     3     |   27.773 |   18.853 |   18.655 |   18.924 |   18.942 |   27.716 |   18.929 |   27.758 |   19.019 |   19.038 |   18.927 |   19.167 ||  -32.12  -32.83  -31.86  -31.80   -0.20  -31.84   -0.05  -31.52  -31.45  -31.85  -30.99
       med   |   28.175 |   18.940 |   18.711 |   19.237 |   19.475 |   27.989 |   19.234 |   28.150 |   19.234 |   19.278 |   19.119 |   19.190
64     4     |   28.917 |   23.018 |   22.720 |   23.165 |   23.135 |   28.860 |   23.129 |   28.917 |   23.138 |   23.143 |   23.059 |   23.344 ||  -20.40  -21.43  -19.89  -20.00   -0.20  -20.01   -0.00  -19.99  -19.97  -20.26  -19.27
       med   |   29.211 |   23.054 |   22.990 |   23.197 |   23.413 |   29.190 |   23.254 |   29.210 |   23.164 |   23.537 |   23.081 |   23.366
80     5     |   29.957 |   30.103 |   30.121 |   30.117 |   30.057 |   30.120 |   30.012 |   29.957 |   30.133 |   30.113 |   30.128 |   30.038 ||   +0.49   +0.55   +0.53   +0.33   +0.54   +0.19   +0.00   +0.59   +0.52   +0.57   +0.27
       med   |   30.211 |   30.277 |   30.323 |   30.258 |   30.362 |   30.345 |   30.351 |   30.164 |   30.377 |   30.320 |   30.341 |   30.228
96     6     |   30.901 |   30.786 |   30.830 |   30.781 |   30.874 |   30.837 |   30.848 |   30.911 |   30.795 |   30.795 |   30.787 |   30.846 ||   -0.37   -0.23   -0.39   -0.09   -0.21   -0.17   +0.03   -0.34   -0.34   -0.37   -0.18
       med   |   31.024 |   31.126 |   31.073 |   31.066 |   31.140 |   31.110 |   31.196 |   31.094 |   31.117 |   31.207 |   31.108 |   30.967
112    7     |   31.821 |   31.855 |   31.838 |   31.869 |   31.773 |   31.881 |   31.765 |   31.811 |   31.883 |   31.876 |   31.874 |   31.762 ||   +0.11   +0.06   +0.15   -0.15   +0.19   -0.17   -0.03   +0.20   +0.17   +0.17   -0.18
       med   |   32.121 |   32.158 |   32.010 |   32.014 |   32.228 |   32.037 |   32.191 |   32.170 |   32.056 |   32.243 |   32.028 |   32.051
128    8     |   30.114 |   29.858 |   29.940 |   29.716 |   30.108 |   29.932 |   30.115 |   30.112 |   29.932 |   29.943 |   29.942 |   29.929 ||   -0.85   -0.57   -1.32   -0.02   -0.60   +0.00   -0.00   -0.60   -0.57   -0.57   -0.61
       med   |   30.347 |   30.246 |   30.257 |   30.224 |   30.356 |   30.255 |   30.444 |   30.301 |   30.305 |   30.550 |   30.242 |   30.248
256    16    |   52.289 |   52.109 |   52.166 |   52.085 |   52.119 |   52.233 |   52.056 |   52.218 |   52.235 |   51.952 |   52.228 |   52.176 ||   -0.34   -0.23   -0.39   -0.32   -0.11   -0.44   -0.13   -0.10   -0.64   -0.12   -0.21
       med   |   52.856 |   52.690 |   52.569 |   52.829 |   52.746 |   52.696 |   52.615 |   52.770 |   52.634 |   52.763 |   52.594 |   52.608
512    32    |   94.815 |   94.730 |   94.467 |   94.441 |   94.889 |   94.453 |   94.203 |   94.971 |   94.448 |   94.752 |   94.441 |   94.025 ||   -0.09   -0.37   -0.39   +0.08   -0.38   -0.65   +0.16   -0.39   -0.07   -0.39   -0.83
       med   |   96.116 |   95.780 |   95.638 |   95.776 |   95.728 |   95.499 |   95.834 |   95.864 |   95.530 |   96.133 |   95.397 |   95.665
1024   64    |  179.779 |  179.864 |  179.208 |  179.901 |  179.535 |  179.491 |  180.036 |  179.704 |  179.653 |  180.064 |  179.744 |  179.761 ||   +0.05   -0.32   +0.07   -0.14   -0.16   +0.14   -0.04   -0.07   +0.16   -0.02   -0.01
       med   |  182.642 |  181.885 |  181.386 |  181.811 |  181.588 |  181.750 |  181.667 |  182.297 |  181.337 |  181.982 |  181.450 |  181.597
4096   256   |  694.595 |  691.505 |  691.809 |  691.931 |  691.247 |  691.781 |  691.215 |  693.515 |  691.092 |  692.357 |  691.807 |  690.747 ||   -0.44   -0.40   -0.38   -0.48   -0.41   -0.49   -0.16   -0.50   -0.32   -0.40   -0.55
       med   |  700.062 |  696.058 |  695.325 |  695.641 |  694.318 |  695.199 |  695.167 |  698.978 |  693.938 |  695.552 |  695.582 |  695.095
=== process binC.order3.5
SELFCHECK OK (256 whole-block lengths 1..256 blk x 12 variants; out/Xi/ivec/ret byte-identical, nothing written past 16*nblk)
bytes  blks  |     base |      cl2 |      cl4 |      f4i |    f4iAA |     dsp0 |      s4h |   baseAA |       w1 |     w1AA |     lrev |     gs50 ||     cl2%     cl4%     f4i%   f4iAA%    dsp0%     s4h%  baseAA%      w1%    w1AA%    lrev%    gs50%
16     1     |   26.253 |   13.997 |   13.939 |   13.931 |   13.820 |   26.684 |   13.856 |   26.258 |   13.924 |   13.884 |   13.908 |   13.945 ||  -46.69  -46.91  -46.93  -47.36   +1.64  -47.22   +0.02  -46.96  -47.12  -47.02  -46.88
       med   |   26.714 |   14.090 |   14.063 |   14.093 |   14.029 |   27.632 |   14.104 |   26.776 |   14.036 |   14.096 |   14.077 |   14.117
32     2     |   26.432 |   15.266 |   15.277 |   15.303 |   15.271 |   26.411 |   15.304 |   26.534 |   15.288 |   15.286 |   15.300 |   15.241 ||  -42.24  -42.20  -42.10  -42.22   -0.08  -42.10   +0.39  -42.16  -42.17  -42.12  -42.34
       med   |   26.759 |   15.280 |   15.352 |   15.379 |   15.368 |   26.724 |   15.394 |   26.764 |   15.380 |   15.388 |   15.313 |   15.332
48     3     |   27.648 |   18.855 |   18.653 |   18.922 |   18.937 |   27.727 |   18.924 |   27.651 |   19.038 |   19.045 |   18.928 |   19.169 ||  -31.80  -32.53  -31.56  -31.51   +0.29  -31.55   +0.01  -31.14  -31.12  -31.54  -30.67
       med   |   28.137 |   18.914 |   18.718 |   19.327 |   19.478 |   28.007 |   19.200 |   28.156 |   19.179 |   19.288 |   19.113 |   19.192
64     4     |   28.930 |   23.007 |   22.718 |   23.162 |   23.136 |   28.860 |   23.129 |   28.918 |   23.138 |   23.136 |   23.056 |   23.344 ||  -20.47  -21.47  -19.94  -20.03   -0.24  -20.05   -0.04  -20.02  -20.03  -20.30  -19.31
       med   |   29.155 |   23.292 |   22.895 |   23.306 |   23.401 |   29.189 |   23.252 |   29.222 |   23.165 |   23.507 |   23.084 |   23.367
80     5     |   29.952 |   30.111 |   30.120 |   30.126 |   30.053 |   30.126 |   30.010 |   29.948 |   30.125 |   30.102 |   30.113 |   30.045 ||   +0.53   +0.56   +0.58   +0.33   +0.58   +0.19   -0.02   +0.58   +0.50   +0.54   +0.31
       med   |   30.216 |   30.305 |   30.259 |   30.347 |   30.337 |   30.373 |   30.356 |   30.159 |   30.356 |   30.388 |   30.275 |   30.231
96     6     |   30.910 |   30.834 |   30.822 |   30.829 |   30.861 |   30.833 |   30.927 |   30.892 |   30.828 |   30.844 |   30.830 |   30.872 ||   -0.24   -0.28   -0.26   -0.16   -0.25   +0.05   -0.06   -0.26   -0.21   -0.26   -0.12
       med   |   31.098 |   31.112 |   31.073 |   31.085 |   31.198 |   31.064 |   31.198 |   31.048 |   31.111 |   31.210 |   31.104 |   31.018
112    7     |   31.822 |   31.865 |   31.810 |   31.874 |   31.771 |   31.871 |   31.755 |   31.817 |   31.875 |   31.882 |   31.872 |   31.643 ||   +0.14   -0.04   +0.17   -0.16   +0.16   -0.21   -0.02   +0.17   +0.19   +0.16   -0.56
       med   |   32.097 |   32.148 |   32.021 |   32.025 |   32.159 |   32.019 |   32.178 |   32.052 |   32.223 |   32.239 |   32.026 |   32.032
128    8     |   30.111 |   29.941 |   29.684 |   29.652 |   30.108 |   29.935 |   30.100 |   30.096 |   29.940 |   29.944 |   29.933 |   30.093 ||   -0.56   -1.42   -1.52   -0.01   -0.58   -0.04   -0.05   -0.57   -0.55   -0.59   -0.06
       med   |   30.354 |   30.189 |   30.272 |   30.191 |   30.392 |   30.253 |   30.410 |   30.229 |   30.305 |   30.556 |   30.240 |   30.243
256    16    |   52.236 |   52.149 |   52.217 |   52.236 |   52.073 |   52.235 |   51.998 |   52.174 |   52.224 |   52.257 |   52.094 |   52.171 ||   -0.17   -0.04   +0.00   -0.31   -0.00   -0.45   -0.12   -0.02   +0.04   -0.27   -0.12
       med   |   52.841 |   52.644 |   52.660 |   52.714 |   52.675 |   52.698 |   52.648 |   52.789 |   52.650 |   52.882 |   52.712 |   52.546
512    32    |   94.924 |   94.207 |   94.454 |   94.491 |   94.702 |   94.497 |   93.542 |   94.972 |   94.516 |   94.035 |   94.665 |   93.586 ||   -0.76   -0.49   -0.46   -0.23   -0.45   -1.46   +0.05   -0.43   -0.94   -0.27   -1.41
       med   |   96.094 |   95.639 |   95.624 |   95.796 |   95.666 |   95.786 |   95.695 |   95.779 |   95.539 |   95.990 |   95.683 |   95.575
1024   64    |  180.133 |  179.706 |  179.513 |  179.895 |  180.034 |  179.745 |  179.887 |  179.635 |  178.940 |  180.011 |  179.888 |  179.876 ||   -0.24   -0.34   -0.13   -0.06   -0.22   -0.14   -0.28   -0.66   -0.07   -0.14   -0.14
       med   |  182.614 |  181.769 |  181.245 |  181.771 |  181.599 |  181.772 |  181.501 |  182.184 |  181.279 |  181.876 |  181.496 |  181.433
4096   256   |  695.646 |  692.075 |  690.794 |  691.607 |  690.466 |  691.005 |  690.989 |  693.486 |  690.808 |  692.221 |  692.216 |  691.372 ||   -0.51   -0.70   -0.58   -0.74   -0.67   -0.67   -0.31   -0.70   -0.49   -0.49   -0.61
       med   |  700.532 |  696.058 |  695.266 |  695.716 |  694.189 |  695.109 |  694.879 |  698.491 |  694.254 |  695.984 |  695.567 |  695.345
