## bin=binD host=gv3 core=3 reps=300 nproc=5
## O1: base w1 dctr dct dbot f4i
## O2: base f4i dbot dct dctr w1
## O3: base dct dbot f4i w1 dctr
=== process binD.order1.1
SELFCHECK FAIL nblk=1 variant dctr: out=0 xi=0 ivec=1 ret=16(want 16)
SELFCHECK FAIL nblk=1 variant dbot: out=0 xi=0 ivec=1 ret=16(want 16)
SELFCHECK FAIL nblk=2 variant dctr: out=1 xi=0 ivec=1 ret=32(want 32)
SELFCHECK FAIL nblk=2 variant dct: out=1 xi=1 ivec=0 ret=32(want 32)
SELFCHECK FAIL nblk=2 variant dbot: out=1 xi=1 ivec=1 ret=32(want 32)
SELFCHECK FAIL nblk=3 variant dctr: out=1 xi=0 ivec=1 ret=48(want 48)
SELFCHECK FAIL nblk=3 variant dct: out=1 xi=1 ivec=0 ret=48(want 48)
SELFCHECK FAIL nblk=3 variant dbot: out=1 xi=1 ivec=1 ret=48(want 48)
SELFCHECK FAIL nblk=4 variant dctr: out=1 xi=0 ivec=1 ret=64(want 64)
SELFCHECK FAIL nblk=4 variant dct: out=1 xi=1 ivec=0 ret=64(want 64)
SELFCHECK FAIL nblk=4 variant dbot: out=1 xi=1 ivec=1 ret=64(want 64)
bytes  blks  |     base |       w1 |     dctr |      dct |     dbot |      f4i ||      w1%    dctr%     dct%    dbot%     f4i%
16     1     |   26.137 |   13.875 |   13.781 |   13.871 |   14.120 |   13.871 ||  -46.91  -47.27  -46.93  -45.97  -46.93
       med   |   26.604 |   14.098 |   14.132 |   14.084 |   14.144 |   14.095
32     2     |   26.525 |   15.286 |   15.303 |   15.241 |   15.256 |   15.304 ||  -42.37  -42.31  -42.54  -42.48  -42.30
       med   |   26.705 |   15.300 |   15.318 |   15.322 |   15.267 |   15.316
48     3     |   27.561 |   19.015 |   18.762 |   18.669 |   18.672 |   18.913 ||  -31.01  -31.93  -32.26  -32.25  -31.38
       med   |   28.134 |   19.170 |   19.010 |   18.768 |   18.911 |   19.059
64     4     |   28.921 |   23.140 |   23.038 |   22.710 |   22.472 |   23.159 ||  -19.99  -20.34  -21.48  -22.30  -19.92
       med   |   29.163 |   23.554 |   23.322 |   22.737 |   22.788 |   23.190
80     5     |   29.956 |   30.121 |   30.122 |   30.048 |   30.111 |   30.102 ||   +0.55   +0.55   +0.31   +0.52   +0.49
       med   |   30.157 |   30.267 |   30.260 |   30.263 |   30.350 |   30.244
96     6     |   30.901 |   30.833 |   31.391 |   30.863 |   30.831 |   30.819 ||   -0.22   +1.58   -0.12   -0.23   -0.26
       med   |   31.026 |   31.060 |   31.548 |   31.029 |   31.122 |   31.067
112    7     |   31.811 |   31.870 |   31.874 |   31.674 |   31.871 |   31.873 ||   +0.19   +0.20   -0.43   +0.19   +0.20
       med   |   32.078 |   32.009 |   32.085 |   32.010 |   32.075 |   32.009
128    8     |   30.107 |   29.900 |   29.917 |   30.095 |   29.935 |   29.922 ||   -0.69   -0.63   -0.04   -0.57   -0.61
       med   |   30.319 |   30.157 |   30.160 |   30.242 |   30.301 |   30.077
256    16    |   52.229 |   52.050 |   52.225 |   51.996 |   52.201 |   52.227 ||   -0.34   -0.01   -0.45   -0.05   -0.00
       med   |   52.682 |   52.735 |   52.574 |   52.492 |   52.743 |   52.568
512    32    |   94.772 |   94.450 |   94.452 |   94.000 |   94.532 |   94.441 ||   -0.34   -0.34   -0.81   -0.25   -0.35
       med   |   95.818 |   95.592 |   95.165 |   95.473 |   95.660 |   95.374
1024   64    |  179.788 |  179.758 |  179.639 |  179.198 |  179.924 |  178.871 ||   -0.02   -0.08   -0.33   +0.08   -0.51
       med   |  182.391 |  181.659 |  180.834 |  181.206 |  181.532 |  181.181
4096   256   |  692.812 |  692.253 |  691.996 |  690.928 |  692.231 |  691.790 ||   -0.08   -0.12   -0.27   -0.08   -0.15
       med   |  699.172 |  696.216 |  695.327 |  694.825 |  695.269 |  694.255
=== process binD.order1.2
SELFCHECK FAIL nblk=1 variant dctr: out=0 xi=0 ivec=1 ret=16(want 16)
SELFCHECK FAIL nblk=1 variant dbot: out=0 xi=0 ivec=1 ret=16(want 16)
SELFCHECK FAIL nblk=2 variant dctr: out=1 xi=0 ivec=1 ret=32(want 32)
SELFCHECK FAIL nblk=2 variant dct: out=1 xi=1 ivec=0 ret=32(want 32)
SELFCHECK FAIL nblk=2 variant dbot: out=1 xi=1 ivec=1 ret=32(want 32)
SELFCHECK FAIL nblk=3 variant dctr: out=1 xi=0 ivec=1 ret=48(want 48)
SELFCHECK FAIL nblk=3 variant dct: out=1 xi=1 ivec=0 ret=48(want 48)
SELFCHECK FAIL nblk=3 variant dbot: out=1 xi=1 ivec=1 ret=48(want 48)
SELFCHECK FAIL nblk=4 variant dctr: out=1 xi=0 ivec=1 ret=64(want 64)
SELFCHECK FAIL nblk=4 variant dct: out=1 xi=1 ivec=0 ret=64(want 64)
SELFCHECK FAIL nblk=4 variant dbot: out=1 xi=1 ivec=1 ret=64(want 64)
bytes  blks  |     base |       w1 |     dctr |      dct |     dbot |      f4i ||      w1%    dctr%     dct%    dbot%     f4i%
16     1     |   26.143 |   13.886 |   13.784 |   13.943 |   14.117 |   13.871 ||  -46.88  -47.27  -46.67  -46.00  -46.94
       med   |   26.685 |   14.100 |   14.129 |   14.120 |   14.144 |   14.096
32     2     |   26.469 |   15.286 |   15.305 |   15.269 |   15.257 |   15.301 ||  -42.25  -42.18  -42.32  -42.36  -42.19
       med   |   26.715 |   15.301 |   15.318 |   15.322 |   15.270 |   15.357
48     3     |   27.697 |   19.027 |   18.763 |   18.682 |   18.672 |   18.917 ||  -31.30  -32.26  -32.55  -32.59  -31.70
       med   |   28.110 |   19.175 |   19.028 |   18.813 |   18.938 |   19.120
64     4     |   28.917 |   23.131 |   23.046 |   22.710 |   22.472 |   23.148 ||  -20.01  -20.30  -21.46  -22.29  -19.95
       med   |   29.166 |   23.550 |   23.347 |   22.736 |   22.779 |   23.191
80     5     |   29.973 |   30.123 |   30.113 |   30.042 |   30.102 |   30.095 ||   +0.50   +0.47   +0.23   +0.43   +0.41
       med   |   30.150 |   30.267 |   30.257 |   30.251 |   30.293 |   30.239
96     6     |   30.892 |   30.834 |   31.395 |   30.871 |   30.829 |   30.831 ||   -0.19   +1.63   -0.07   -0.20   -0.20
       med   |   31.029 |   31.053 |   31.551 |   31.029 |   31.120 |   31.062
112    7     |   31.784 |   31.874 |   31.876 |   31.662 |   31.872 |   31.869 ||   +0.28   +0.29   -0.38   +0.28   +0.27
       med   |   32.087 |   32.006 |   32.071 |   32.008 |   32.076 |   32.003
128    8     |   30.113 |   29.760 |   29.927 |   30.094 |   29.932 |   29.900 ||   -1.17   -0.62   -0.07   -0.60   -0.71
       med   |   30.352 |   30.187 |   30.091 |   30.294 |   30.227 |   30.079
256    16    |   52.218 |   52.228 |   52.225 |   52.106 |   52.203 |   52.192 ||   +0.02   +0.01   -0.22   -0.03   -0.05
       med   |   52.741 |   52.701 |   52.545 |   52.548 |   52.664 |   52.574
512    32    |   94.861 |   94.480 |   94.447 |   94.071 |   94.429 |   94.443 ||   -0.40   -0.44   -0.83   -0.45   -0.44
       med   |   95.908 |   95.587 |   95.155 |   95.377 |   95.689 |   95.201
1024   64    |  179.793 |  179.564 |  179.465 |  179.907 |  178.963 |  179.478 ||   -0.13   -0.18   +0.06   -0.46   -0.17
       med   |  182.303 |  181.839 |  181.210 |  181.298 |  181.439 |  181.131
4096   256   |  693.543 |  692.015 |  691.994 |  689.938 |  692.330 |  692.212 ||   -0.22   -0.22   -0.52   -0.18   -0.19
       med   |  699.393 |  695.795 |  695.028 |  694.515 |  695.149 |  694.242
=== process binD.order1.3
SELFCHECK FAIL nblk=1 variant dctr: out=0 xi=0 ivec=1 ret=16(want 16)
SELFCHECK FAIL nblk=1 variant dbot: out=0 xi=0 ivec=1 ret=16(want 16)
SELFCHECK FAIL nblk=2 variant dctr: out=1 xi=0 ivec=1 ret=32(want 32)
SELFCHECK FAIL nblk=2 variant dct: out=1 xi=1 ivec=0 ret=32(want 32)
SELFCHECK FAIL nblk=2 variant dbot: out=1 xi=1 ivec=1 ret=32(want 32)
SELFCHECK FAIL nblk=3 variant dctr: out=1 xi=0 ivec=1 ret=48(want 48)
SELFCHECK FAIL nblk=3 variant dct: out=1 xi=1 ivec=0 ret=48(want 48)
SELFCHECK FAIL nblk=3 variant dbot: out=1 xi=1 ivec=1 ret=48(want 48)
SELFCHECK FAIL nblk=4 variant dctr: out=1 xi=0 ivec=1 ret=64(want 64)
SELFCHECK FAIL nblk=4 variant dct: out=1 xi=1 ivec=0 ret=64(want 64)
SELFCHECK FAIL nblk=4 variant dbot: out=1 xi=1 ivec=1 ret=64(want 64)
bytes  blks  |     base |       w1 |     dctr |      dct |     dbot |      f4i ||      w1%    dctr%     dct%    dbot%     f4i%
16     1     |   26.320 |   13.900 |   13.785 |   13.872 |   14.120 |   13.875 ||  -47.19  -47.62  -47.30  -46.35  -47.28
       med   |   26.502 |   14.097 |   14.132 |   14.078 |   14.141 |   14.098
32     2     |   26.464 |   15.288 |   15.304 |   15.272 |   15.259 |   15.300 ||  -42.23  -42.17  -42.29  -42.34  -42.19
       med   |   26.689 |   15.305 |   15.320 |   15.330 |   15.277 |   15.328
48     3     |   27.799 |   18.978 |   18.745 |   18.678 |   18.637 |   18.891 ||  -31.73  -32.57  -32.81  -32.96  -32.05
       med   |   28.094 |   19.168 |   19.034 |   18.779 |   18.948 |   19.186
64     4     |   28.923 |   23.136 |   23.039 |   22.707 |   22.474 |   23.162 ||  -20.01  -20.34  -21.49  -22.30  -19.92
       med   |   29.139 |   23.494 |   23.297 |   22.740 |   22.785 |   23.196
80     5     |   29.953 |   30.126 |   30.117 |   30.050 |   30.104 |   30.092 ||   +0.58   +0.55   +0.32   +0.50   +0.46
       med   |   30.192 |   30.272 |   30.321 |   30.221 |   30.328 |   30.245
96     6     |   30.902 |   30.829 |   31.395 |   30.858 |   30.824 |   30.828 ||   -0.24   +1.60   -0.14   -0.25   -0.24
       med   |   31.035 |   31.058 |   31.554 |   31.029 |   31.127 |   31.059
112    7     |   31.803 |   31.877 |   31.877 |   31.765 |   31.864 |   31.866 ||   +0.23   +0.23   -0.12   +0.19   +0.20
       med   |   32.105 |   32.024 |   32.180 |   32.025 |   32.169 |   32.037
128    8     |   30.116 |   29.726 |   29.931 |   30.101 |   29.930 |   29.794 ||   -1.29   -0.61   -0.05   -0.62   -1.07
       med   |   30.338 |   30.154 |   30.265 |   30.303 |   30.081 |   30.068
256    16    |   52.165 |   52.084 |   52.069 |   52.152 |   52.188 |   52.228 ||   -0.15   -0.18   -0.02   +0.05   +0.12
       med   |   52.754 |   52.677 |   52.543 |   52.572 |   52.662 |   52.559
512    32    |   94.877 |   94.656 |   94.497 |   94.277 |   94.587 |   94.295 ||   -0.23   -0.40   -0.63   -0.31   -0.61
       med   |   96.004 |   95.669 |   95.134 |   95.399 |   95.718 |   95.237
1024   64    |  179.793 |  179.451 |  179.491 |  179.060 |  178.921 |  179.788 ||   -0.19   -0.17   -0.41   -0.49   -0.00
       med   |  182.358 |  181.843 |  181.015 |  181.305 |  181.440 |  180.869
4096   256   |  694.104 |  691.718 |  692.156 |  690.229 |  692.398 |  692.221 ||   -0.34   -0.28   -0.56   -0.25   -0.27
       med   |  699.293 |  695.551 |  695.341 |  694.482 |  695.551 |  694.129
=== process binD.order1.4
SELFCHECK FAIL nblk=1 variant dctr: out=0 xi=0 ivec=1 ret=16(want 16)
SELFCHECK FAIL nblk=1 variant dbot: out=0 xi=0 ivec=1 ret=16(want 16)
SELFCHECK FAIL nblk=2 variant dctr: out=1 xi=0 ivec=1 ret=32(want 32)
SELFCHECK FAIL nblk=2 variant dct: out=1 xi=1 ivec=0 ret=32(want 32)
SELFCHECK FAIL nblk=2 variant dbot: out=1 xi=1 ivec=1 ret=32(want 32)
SELFCHECK FAIL nblk=3 variant dctr: out=1 xi=0 ivec=1 ret=48(want 48)
SELFCHECK FAIL nblk=3 variant dct: out=1 xi=1 ivec=0 ret=48(want 48)
SELFCHECK FAIL nblk=3 variant dbot: out=1 xi=1 ivec=1 ret=48(want 48)
SELFCHECK FAIL nblk=4 variant dctr: out=1 xi=0 ivec=1 ret=64(want 64)
SELFCHECK FAIL nblk=4 variant dct: out=1 xi=1 ivec=0 ret=64(want 64)
SELFCHECK FAIL nblk=4 variant dbot: out=1 xi=1 ivec=1 ret=64(want 64)
bytes  blks  |     base |       w1 |     dctr |      dct |     dbot |      f4i ||      w1%    dctr%     dct%    dbot%     f4i%
16     1     |   26.135 |   13.887 |   13.885 |   13.924 |   14.120 |   13.927 ||  -46.86  -46.87  -46.72  -45.97  -46.71
       med   |   26.360 |   14.100 |   14.128 |   14.122 |   14.144 |   14.095
32     2     |   26.535 |   15.288 |   15.305 |   15.269 |   15.257 |   15.303 ||  -42.39  -42.32  -42.46  -42.50  -42.33
       med   |   26.770 |   15.302 |   15.317 |   15.322 |   15.268 |   15.327
48     3     |   27.776 |   18.997 |   18.755 |   18.676 |   18.674 |   18.887 ||  -31.61  -32.48  -32.76  -32.77  -32.00
       med   |   28.391 |   19.169 |   19.008 |   18.755 |   18.962 |   19.057
64     4     |   28.949 |   23.133 |   23.042 |   22.710 |   22.480 |   23.161 ||  -20.09  -20.41  -21.55  -22.34  -19.99
       med   |   29.252 |   23.487 |   23.326 |   22.736 |   23.120 |   23.192
80     5     |   29.951 |   30.119 |   30.120 |   30.048 |   30.121 |   30.103 ||   +0.56   +0.56   +0.32   +0.57   +0.51
       med   |   30.174 |   30.257 |   30.254 |   30.257 |   30.330 |   30.216
96     6     |   30.907 |   30.829 |   31.299 |   30.870 |   30.828 |   30.824 ||   -0.25   +1.27   -0.12   -0.26   -0.27
       med   |   31.073 |   31.061 |   31.542 |   31.027 |   31.123 |   31.059
112    7     |   31.855 |   31.979 |   31.974 |   31.770 |   31.876 |   31.875 ||   +0.39   +0.37   -0.27   +0.07   +0.06
       med   |   34.478 |   34.627 |   34.726 |   34.098 |   34.685 |   34.609
128    8     |   30.117 |   29.936 |   29.920 |   30.011 |   29.933 |   29.928 ||   -0.60   -0.65   -0.35   -0.61   -0.63
       med   |   30.342 |   30.225 |   30.152 |   30.273 |   30.112 |   30.072
256    16    |   52.261 |   52.211 |   52.216 |   52.090 |   52.206 |   52.198 ||   -0.10   -0.09   -0.33   -0.10   -0.12
       med   |   52.734 |   52.704 |   52.556 |   52.542 |   52.705 |   52.568
512    32    |   94.097 |   94.547 |   94.462 |   93.890 |   94.774 |   94.449 ||   +0.48   +0.39   -0.22   +0.72   +0.37
       med   |   95.952 |   95.709 |   95.114 |   95.332 |   95.986 |   95.118
1024   64    |  179.870 |  179.504 |  179.456 |  179.926 |  178.884 |  178.929 ||   -0.20   -0.23   +0.03   -0.55   -0.52
       med   |  182.431 |  181.895 |  181.114 |  181.284 |  182.179 |  180.832
4096   256   |  693.614 |  692.614 |  690.717 |  690.207 |  692.284 |  691.918 ||   -0.14   -0.42   -0.49   -0.19   -0.24
       med   |  699.503 |  695.992 |  695.216 |  694.663 |  695.496 |  694.126
=== process binD.order1.5
SELFCHECK FAIL nblk=1 variant dctr: out=0 xi=0 ivec=1 ret=16(want 16)
SELFCHECK FAIL nblk=1 variant dbot: out=0 xi=0 ivec=1 ret=16(want 16)
SELFCHECK FAIL nblk=2 variant dctr: out=1 xi=0 ivec=1 ret=32(want 32)
SELFCHECK FAIL nblk=2 variant dct: out=1 xi=1 ivec=0 ret=32(want 32)
SELFCHECK FAIL nblk=2 variant dbot: out=1 xi=1 ivec=1 ret=32(want 32)
SELFCHECK FAIL nblk=3 variant dctr: out=1 xi=0 ivec=1 ret=48(want 48)
SELFCHECK FAIL nblk=3 variant dct: out=1 xi=1 ivec=0 ret=48(want 48)
SELFCHECK FAIL nblk=3 variant dbot: out=1 xi=1 ivec=1 ret=48(want 48)
SELFCHECK FAIL nblk=4 variant dctr: out=1 xi=0 ivec=1 ret=64(want 64)
SELFCHECK FAIL nblk=4 variant dct: out=1 xi=1 ivec=0 ret=64(want 64)
SELFCHECK FAIL nblk=4 variant dbot: out=1 xi=1 ivec=1 ret=64(want 64)
bytes  blks  |     base |       w1 |     dctr |      dct |     dbot |      f4i ||      w1%    dctr%     dct%    dbot%     f4i%
16     1     |   26.255 |   13.871 |   13.762 |   13.904 |   14.121 |   13.880 ||  -47.17  -47.58  -47.04  -46.21  -47.13
       med   |   26.668 |   14.099 |   14.127 |   14.080 |   14.144 |   14.101
32     2     |   26.482 |   15.287 |   15.303 |   15.268 |   15.256 |   15.301 ||  -42.27  -42.21  -42.34  -42.39  -42.22
       med   |   26.699 |   15.300 |   15.317 |   15.320 |   15.267 |   15.319
48     3     |   27.591 |   19.042 |   18.764 |   18.679 |   18.668 |   18.919 ||  -30.98  -31.99  -32.30  -32.34  -31.43
       med   |   28.096 |   19.165 |   19.067 |   18.758 |   18.766 |   19.116
64     4     |   28.940 |   23.133 |   23.050 |   22.711 |   22.478 |   23.161 ||  -20.06  -20.35  -21.52  -22.33  -19.97
       med   |   29.122 |   23.484 |   23.297 |   22.735 |   22.857 |   23.190
80     5     |   29.956 |   30.125 |   30.122 |   30.044 |   30.104 |   30.100 ||   +0.57   +0.55   +0.29   +0.49   +0.48
       med   |   30.151 |   30.251 |   30.258 |   30.243 |   30.311 |   30.221
96     6     |   30.901 |   30.825 |   31.404 |   30.857 |   30.842 |   30.830 ||   -0.25   +1.63   -0.14   -0.19   -0.23
       med   |   31.031 |   31.062 |   31.531 |   31.030 |   31.122 |   31.060
112    7     |   31.824 |   31.854 |   31.875 |   31.753 |   31.878 |   31.869 ||   +0.09   +0.16   -0.22   +0.17   +0.14
       med   |   32.086 |   32.011 |   32.069 |   32.011 |   32.037 |   31.992
128    8     |   30.120 |   29.807 |   29.928 |   30.012 |   29.937 |   29.934 ||   -1.04   -0.64   -0.36   -0.61   -0.62
       med   |   30.351 |   30.205 |   30.179 |   30.301 |   30.177 |   30.000
256    16    |   52.248 |   52.216 |   52.009 |   52.169 |   52.200 |   52.198 ||   -0.06   -0.46   -0.15   -0.09   -0.10
       med   |   52.794 |   52.684 |   52.557 |   52.527 |   52.746 |   52.539
512    32    |   95.157 |   94.475 |   94.450 |   94.464 |   94.448 |   94.439 ||   -0.72   -0.74   -0.73   -0.74   -0.75
       med   |   95.977 |   95.732 |   95.169 |   95.372 |   95.615 |   95.170
1024   64    |  179.667 |  179.662 |  178.919 |  179.106 |  179.337 |  179.497 ||   -0.00   -0.42   -0.31   -0.18   -0.09
       med   |  182.233 |  181.750 |  181.201 |  181.179 |  181.442 |  180.654
4096   256   |  694.816 |  691.216 |  691.181 |  691.370 |  691.972 |  691.303 ||   -0.52   -0.52   -0.50   -0.41   -0.51
       med   |  699.732 |  696.013 |  695.434 |  694.927 |  695.446 |  694.069
=== process binD.order2.1
SELFCHECK FAIL nblk=1 variant dbot: out=0 xi=0 ivec=1 ret=16(want 16)
SELFCHECK FAIL nblk=1 variant dctr: out=0 xi=0 ivec=1 ret=16(want 16)
SELFCHECK FAIL nblk=2 variant dbot: out=1 xi=1 ivec=1 ret=32(want 32)
SELFCHECK FAIL nblk=2 variant dct: out=1 xi=1 ivec=0 ret=32(want 32)
SELFCHECK FAIL nblk=2 variant dctr: out=1 xi=0 ivec=1 ret=32(want 32)
SELFCHECK FAIL nblk=3 variant dbot: out=1 xi=1 ivec=1 ret=48(want 48)
SELFCHECK FAIL nblk=3 variant dct: out=1 xi=1 ivec=0 ret=48(want 48)
SELFCHECK FAIL nblk=3 variant dctr: out=1 xi=0 ivec=1 ret=48(want 48)
SELFCHECK FAIL nblk=4 variant dbot: out=1 xi=1 ivec=1 ret=64(want 64)
SELFCHECK FAIL nblk=4 variant dct: out=1 xi=1 ivec=0 ret=64(want 64)
SELFCHECK FAIL nblk=4 variant dctr: out=1 xi=0 ivec=1 ret=64(want 64)
bytes  blks  |     base |      f4i |     dbot |      dct |     dctr |       w1 ||     f4i%    dbot%     dct%    dctr%      w1%
16     1     |   26.328 |   13.876 |   14.121 |   13.841 |   13.802 |   13.856 ||  -47.29  -46.37  -47.43  -47.58  -47.37
       med   |   26.468 |   14.096 |   14.145 |   14.123 |   14.144 |   14.101
32     2     |   26.526 |   15.299 |   15.259 |   15.185 |   15.305 |   15.306 ||  -42.32  -42.48  -42.76  -42.30  -42.30
       med   |   26.672 |   15.313 |   15.322 |   15.320 |   15.318 |   15.317
48     3     |   27.660 |   18.899 |   18.668 |   18.676 |   18.810 |   18.929 ||  -31.67  -32.51  -32.48  -32.00  -31.57
       med   |   28.097 |   19.240 |   18.759 |   18.754 |   19.142 |   19.021
64     4     |   28.924 |   23.154 |   22.566 |   22.709 |   23.046 |   23.128 ||  -19.95  -21.98  -21.49  -20.32  -20.04
       med   |   29.151 |   23.192 |   22.899 |   22.735 |   23.477 |   23.160
80     5     |   29.958 |   30.128 |   30.053 |   30.049 |   30.098 |   30.019 ||   +0.57   +0.32   +0.30   +0.47   +0.20
       med   |   30.151 |   30.277 |   30.333 |   30.255 |   30.291 |   30.234
96     6     |   30.907 |   30.824 |   30.871 |   30.870 |   30.828 |   30.870 ||   -0.27   -0.12   -0.12   -0.26   -0.12
       med   |   31.078 |   31.064 |   31.049 |   31.037 |   31.383 |   31.027
112    7     |   31.830 |   31.869 |   31.766 |   31.755 |   31.869 |   31.675 ||   +0.12   -0.20   -0.24   +0.12   -0.49
       med   |   32.381 |   32.352 |   32.372 |   32.330 |   32.474 |   32.330
128    8     |   30.103 |   29.911 |   30.008 |   30.104 |   29.927 |   30.108 ||   -0.64   -0.32   +0.00   -0.58   +0.02
       med   |   30.253 |   30.206 |   30.329 |   30.247 |   30.255 |   30.237
256    16    |   52.187 |   52.228 |   52.177 |   52.140 |   52.239 |   51.779 ||   +0.08   -0.02   -0.09   +0.10   -0.78
       med   |   52.597 |   52.673 |   52.487 |   52.481 |   52.680 |   52.484
512    32    |   94.833 |   94.676 |   93.590 |   93.875 |   94.487 |   94.142 ||   -0.17   -1.31   -1.01   -0.36   -0.73
       med   |   95.930 |   95.734 |   95.474 |   95.439 |   95.581 |   95.257
1024   64    |  179.548 |  179.480 |  179.842 |  178.871 |  179.754 |  179.636 ||   -0.04   +0.16   -0.38   +0.12   +0.05
       med   |  182.081 |  181.814 |  181.333 |  181.375 |  181.181 |  180.662
4096   256   |  693.312 |  692.137 |  691.240 |  691.048 |  692.096 |  690.879 ||   -0.17   -0.30   -0.33   -0.18   -0.35
       med   |  699.365 |  695.863 |  695.351 |  695.139 |  694.878 |  693.324
=== process binD.order2.2
SELFCHECK FAIL nblk=1 variant dbot: out=0 xi=0 ivec=1 ret=16(want 16)
SELFCHECK FAIL nblk=1 variant dctr: out=0 xi=0 ivec=1 ret=16(want 16)
SELFCHECK FAIL nblk=2 variant dbot: out=1 xi=1 ivec=1 ret=32(want 32)
SELFCHECK FAIL nblk=2 variant dct: out=1 xi=1 ivec=0 ret=32(want 32)
SELFCHECK FAIL nblk=2 variant dctr: out=1 xi=0 ivec=1 ret=32(want 32)
SELFCHECK FAIL nblk=3 variant dbot: out=1 xi=1 ivec=1 ret=48(want 48)
SELFCHECK FAIL nblk=3 variant dct: out=1 xi=1 ivec=0 ret=48(want 48)
SELFCHECK FAIL nblk=3 variant dctr: out=1 xi=0 ivec=1 ret=48(want 48)
SELFCHECK FAIL nblk=4 variant dbot: out=1 xi=1 ivec=1 ret=64(want 64)
SELFCHECK FAIL nblk=4 variant dct: out=1 xi=1 ivec=0 ret=64(want 64)
SELFCHECK FAIL nblk=4 variant dctr: out=1 xi=0 ivec=1 ret=64(want 64)
bytes  blks  |     base |      f4i |     dbot |      dct |     dctr |       w1 ||     f4i%    dbot%     dct%    dctr%      w1%
16     1     |   26.134 |   13.936 |   14.119 |   13.842 |   13.794 |   13.953 ||  -46.67  -45.97  -47.03  -47.22  -46.61
       med   |   26.720 |   14.102 |   14.145 |   14.123 |   14.139 |   14.100
32     2     |   26.477 |   15.297 |   15.254 |   15.173 |   15.306 |   15.306 ||  -42.22  -42.39  -42.70  -42.19  -42.19
       med   |   26.733 |   15.315 |   15.318 |   15.323 |   15.319 |   15.320
48     3     |   27.577 |   18.910 |   18.669 |   18.678 |   18.764 |   18.899 ||  -31.43  -32.30  -32.27  -31.96  -31.47
       med   |   28.121 |   19.237 |   18.767 |   18.770 |   19.150 |   19.041
64     4     |   28.926 |   23.160 |   22.566 |   22.710 |   23.045 |   23.128 ||  -19.93  -21.99  -21.49  -20.33  -20.05
       med   |   29.157 |   23.196 |   22.899 |   22.736 |   23.563 |   23.154
80     5     |   29.951 |   30.125 |   30.047 |   30.043 |   30.098 |   30.049 ||   +0.58   +0.32   +0.31   +0.49   +0.33
       med   |   30.166 |   30.334 |   30.306 |   30.242 |   30.286 |   30.252
96     6     |   30.904 |   30.827 |   30.871 |   30.860 |   30.832 |   30.850 ||   -0.25   -0.10   -0.14   -0.23   -0.17
       med   |   31.018 |   31.092 |   31.048 |   31.020 |   31.317 |   31.031
112    7     |   31.789 |   31.866 |   31.755 |   31.714 |   31.876 |   31.748 ||   +0.24   -0.11   -0.24   +0.27   -0.13
       med   |   32.171 |   32.038 |   32.125 |   32.064 |   32.254 |   32.046
128    8     |   30.097 |   29.932 |   29.656 |   30.097 |   29.935 |   30.086 ||   -0.55   -1.47   +0.00   -0.54   -0.04
       med   |   30.335 |   30.148 |   30.306 |   30.255 |   30.099 |   30.242
256    16    |   52.259 |   52.163 |   51.980 |   51.774 |   52.238 |   52.162 ||   -0.18   -0.53   -0.93   -0.04   -0.19
       med   |   52.746 |   52.643 |   52.526 |   52.515 |   52.712 |   52.553
512    32    |   94.849 |   94.453 |   93.691 |   93.776 |   94.447 |   93.957 ||   -0.42   -1.22   -1.13   -0.42   -0.94
       med   |   95.860 |   95.677 |   95.416 |   95.529 |   95.376 |   95.161
1024   64    |  179.802 |  179.440 |  179.405 |  179.612 |  179.469 |  179.478 ||   -0.20   -0.22   -0.11   -0.19   -0.18
       med   |  182.329 |  181.773 |  181.232 |  181.258 |  181.012 |  180.844
4096   256   |  692.638 |  692.472 |  690.000 |  690.685 |  692.089 |  690.546 ||   -0.02   -0.38   -0.28   -0.08   -0.30
       med   |  699.528 |  695.663 |  695.247 |  694.882 |  694.972 |  693.400
=== process binD.order2.3
SELFCHECK FAIL nblk=1 variant dbot: out=0 xi=0 ivec=1 ret=16(want 16)
SELFCHECK FAIL nblk=1 variant dctr: out=0 xi=0 ivec=1 ret=16(want 16)
SELFCHECK FAIL nblk=2 variant dbot: out=1 xi=1 ivec=1 ret=32(want 32)
SELFCHECK FAIL nblk=2 variant dct: out=1 xi=1 ivec=0 ret=32(want 32)
SELFCHECK FAIL nblk=2 variant dctr: out=1 xi=0 ivec=1 ret=32(want 32)
SELFCHECK FAIL nblk=3 variant dbot: out=1 xi=1 ivec=1 ret=48(want 48)
SELFCHECK FAIL nblk=3 variant dct: out=1 xi=1 ivec=0 ret=48(want 48)
SELFCHECK FAIL nblk=3 variant dctr: out=1 xi=0 ivec=1 ret=48(want 48)
SELFCHECK FAIL nblk=4 variant dbot: out=1 xi=1 ivec=1 ret=64(want 64)
SELFCHECK FAIL nblk=4 variant dct: out=1 xi=1 ivec=0 ret=64(want 64)
SELFCHECK FAIL nblk=4 variant dctr: out=1 xi=0 ivec=1 ret=64(want 64)
bytes  blks  |     base |      f4i |     dbot |      dct |     dctr |       w1 ||     f4i%    dbot%     dct%    dctr%      w1%
16     1     |   26.131 |   13.926 |   14.121 |   13.876 |   13.798 |   13.930 ||  -46.71  -45.96  -46.90  -47.20  -46.69
       med   |   26.742 |   14.108 |   14.145 |   14.079 |   14.138 |   14.101
32     2     |   26.493 |   15.301 |   15.256 |   15.271 |   15.304 |   15.304 ||  -42.24  -42.41  -42.36  -42.23  -42.23
       med   |   26.694 |   15.315 |   15.275 |   15.320 |   15.319 |   15.316
48     3     |   27.783 |   18.914 |   18.672 |   18.677 |   18.797 |   18.916 ||  -31.92  -32.79  -32.78  -32.34  -31.92
       med   |   28.201 |   19.062 |   18.821 |   18.780 |   19.191 |   19.083
64     4     |   28.920 |   23.161 |   22.582 |   22.712 |   23.046 |   23.125 ||  -19.91  -21.91  -21.47  -20.31  -20.04
       med   |   29.156 |   23.189 |   22.900 |   22.736 |   23.465 |   23.161
80     5     |   29.951 |   30.111 |   30.035 |   30.050 |   30.104 |   30.047 ||   +0.53   +0.28   +0.33   +0.51   +0.32
       med   |   30.149 |   30.244 |   30.278 |   30.257 |   30.268 |   30.279
96     6     |   30.906 |   30.829 |   30.856 |   30.854 |   30.832 |   30.846 ||   -0.25   -0.16   -0.17   -0.24   -0.19
       med   |   31.033 |   31.066 |   31.050 |   31.033 |   31.387 |   31.033
112    7     |   31.829 |   31.870 |   31.758 |   31.757 |   31.875 |   31.760 ||   +0.13   -0.22   -0.23   +0.14   -0.22
       med   |   32.140 |   32.029 |   32.166 |   32.124 |   32.217 |   32.097
128    8     |   30.115 |   29.935 |   30.113 |   30.075 |   29.932 |   30.105 ||   -0.60   -0.01   -0.13   -0.61   -0.03
       med   |   30.336 |   30.201 |   30.319 |   30.237 |   30.212 |   30.241
256    16    |   51.937 |   52.238 |   52.144 |   51.916 |   52.185 |   51.933 ||   +0.58   +0.40   -0.04   +0.48   -0.01
       med   |   52.751 |   52.680 |   52.471 |   52.449 |   52.741 |   52.530
512    32    |   95.087 |   94.443 |   93.902 |   94.064 |   94.451 |   94.337 ||   -0.68   -1.25   -1.08   -0.67   -0.79
       med   |   95.906 |   95.721 |   95.535 |   95.528 |   95.410 |   95.199
1024   64    |  179.843 |  179.929 |  179.812 |  179.375 |  179.780 |  179.707 ||   +0.05   -0.02   -0.26   -0.03   -0.08
       med   |  182.131 |  181.536 |  181.279 |  181.273 |  181.042 |  180.718
4096   256   |  693.929 |  692.162 |  690.923 |  691.054 |  691.129 |  691.207 ||   -0.25   -0.43   -0.41   -0.40   -0.39
       med   |  699.355 |  696.266 |  695.361 |  694.997 |  695.126 |  693.275
=== process binD.order2.4
SELFCHECK FAIL nblk=1 variant dbot: out=0 xi=0 ivec=1 ret=16(want 16)
SELFCHECK FAIL nblk=1 variant dctr: out=0 xi=0 ivec=1 ret=16(want 16)
SELFCHECK FAIL nblk=2 variant dbot: out=1 xi=1 ivec=1 ret=32(want 32)
SELFCHECK FAIL nblk=2 variant dct: out=1 xi=1 ivec=0 ret=32(want 32)
SELFCHECK FAIL nblk=2 variant dctr: out=1 xi=0 ivec=1 ret=32(want 32)
SELFCHECK FAIL nblk=3 variant dbot: out=1 xi=1 ivec=1 ret=48(want 48)
SELFCHECK FAIL nblk=3 variant dct: out=1 xi=1 ivec=0 ret=48(want 48)
SELFCHECK FAIL nblk=3 variant dctr: out=1 xi=0 ivec=1 ret=48(want 48)
SELFCHECK FAIL nblk=4 variant dbot: out=1 xi=1 ivec=1 ret=64(want 64)
SELFCHECK FAIL nblk=4 variant dct: out=1 xi=1 ivec=0 ret=64(want 64)
SELFCHECK FAIL nblk=4 variant dctr: out=1 xi=0 ivec=1 ret=64(want 64)
bytes  blks  |     base |      f4i |     dbot |      dct |     dctr |       w1 ||     f4i%    dbot%     dct%    dctr%      w1%
16     1     |   26.310 |   13.935 |   14.122 |   13.840 |   13.917 |   13.955 ||  -47.04  -46.33  -47.40  -47.10  -46.96
       med   |   26.513 |   14.101 |   14.144 |   14.119 |   14.143 |   14.102
32     2     |   26.465 |   15.303 |   15.256 |   15.269 |   15.304 |   15.305 ||  -42.18  -42.35  -42.31  -42.17  -42.17
       med   |   26.704 |   15.314 |   15.318 |   15.320 |   15.320 |   15.327
48     3     |   27.756 |   18.897 |   18.669 |   18.677 |   18.749 |   18.878 ||  -31.92  -32.74  -32.71  -32.45  -31.99
       med   |   28.125 |   19.226 |   18.765 |   18.757 |   19.139 |   19.025
64     4     |   28.922 |   23.158 |   22.564 |   22.712 |   23.048 |   23.130 ||  -19.93  -21.98  -21.47  -20.31  -20.03
       med   |   29.147 |   23.245 |   22.897 |   22.735 |   23.508 |   23.157
80     5     |   29.951 |   30.123 |   30.047 |   30.047 |   30.101 |   30.045 ||   +0.58   +0.32   +0.32   +0.50   +0.31
       med   |   30.172 |   30.266 |   30.311 |   30.261 |   30.290 |   30.260
96     6     |   30.910 |   30.824 |   30.866 |   30.873 |   30.841 |   30.858 ||   -0.28   -0.14   -0.12   -0.22   -0.17
       med   |   31.018 |   31.047 |   31.062 |   31.018 |   31.321 |   31.026
112    7     |   31.822 |   31.872 |   31.768 |   31.763 |   31.869 |   31.760 ||   +0.16   -0.17   -0.19   +0.15   -0.20
       med   |   32.388 |   32.320 |   32.381 |   32.197 |   32.466 |   32.323
128    8     |   30.101 |   29.665 |   30.109 |   30.049 |   29.934 |   30.107 ||   -1.45   +0.02   -0.17   -0.55   +0.02
       med   |   30.331 |   30.214 |   30.295 |   30.247 |   30.264 |   30.248
256    16    |   52.172 |   52.227 |   51.687 |   52.127 |   52.228 |   51.485 ||   +0.11   -0.93   -0.09   +0.11   -1.32
       med   |   52.736 |   52.656 |   52.433 |   52.491 |   52.745 |   52.510
512    32    |   94.964 |   94.237 |   93.499 |   94.877 |   94.485 |   93.941 ||   -0.77   -1.54   -0.09   -0.50   -1.08
       med   |   95.896 |   95.803 |   95.461 |   95.543 |   95.468 |   95.191
1024   64    |  179.842 |  178.906 |  179.706 |  179.715 |  179.617 |  179.678 ||   -0.52   -0.08   -0.07   -0.13   -0.09
       med   |  182.280 |  181.741 |  181.403 |  181.394 |  181.173 |  181.020
4096   256   |  693.420 |  691.701 |  690.263 |  690.706 |  692.163 |  690.855 ||   -0.25   -0.46   -0.39   -0.18   -0.37
       med   |  699.637 |  695.944 |  695.402 |  695.119 |  695.124 |  693.347
=== process binD.order2.5
SELFCHECK FAIL nblk=1 variant dbot: out=0 xi=0 ivec=1 ret=16(want 16)
SELFCHECK FAIL nblk=1 variant dctr: out=0 xi=0 ivec=1 ret=16(want 16)
SELFCHECK FAIL nblk=2 variant dbot: out=1 xi=1 ivec=1 ret=32(want 32)
SELFCHECK FAIL nblk=2 variant dct: out=1 xi=1 ivec=0 ret=32(want 32)
SELFCHECK FAIL nblk=2 variant dctr: out=1 xi=0 ivec=1 ret=32(want 32)
SELFCHECK FAIL nblk=3 variant dbot: out=1 xi=1 ivec=1 ret=48(want 48)
SELFCHECK FAIL nblk=3 variant dct: out=1 xi=1 ivec=0 ret=48(want 48)
SELFCHECK FAIL nblk=3 variant dctr: out=1 xi=0 ivec=1 ret=48(want 48)
SELFCHECK FAIL nblk=4 variant dbot: out=1 xi=1 ivec=1 ret=64(want 64)
SELFCHECK FAIL nblk=4 variant dct: out=1 xi=1 ivec=0 ret=64(want 64)
SELFCHECK FAIL nblk=4 variant dctr: out=1 xi=0 ivec=1 ret=64(want 64)
bytes  blks  |     base |      f4i |     dbot |      dct |     dctr |       w1 ||     f4i%    dbot%     dct%    dctr%      w1%
16     1     |   26.302 |   13.925 |   14.122 |   13.872 |   13.833 |   13.854 ||  -47.06  -46.31  -47.26  -47.41  -47.33
       med   |   26.534 |   14.099 |   14.145 |   14.122 |   14.135 |   14.095
32     2     |   26.465 |   15.303 |   15.254 |   15.270 |   15.304 |   15.305 ||  -42.18  -42.36  -42.30  -42.17  -42.17
       med   |   26.659 |   15.314 |   15.294 |   15.322 |   15.318 |   15.316
48     3     |   27.718 |   18.886 |   18.659 |   18.676 |   18.754 |   18.877 ||  -31.86  -32.68  -32.62  -32.34  -31.90
       med   |   28.089 |   19.239 |   18.805 |   18.759 |   19.116 |   19.054
64     4     |   28.932 |   23.162 |   22.566 |   22.705 |   23.051 |   23.129 ||  -19.94  -22.00  -21.52  -20.33  -20.06
       med   |   29.106 |   23.384 |   22.897 |   22.734 |   23.409 |   23.157
80     5     |   29.968 |   30.126 |   30.033 |   30.050 |   30.103 |   30.051 ||   +0.53   +0.22   +0.28   +0.45   +0.28
       med   |   30.159 |   30.254 |   30.292 |   30.280 |   30.317 |   30.260
96     6     |   30.902 |   30.830 |   30.874 |   30.869 |   30.835 |   30.866 ||   -0.23   -0.09   -0.11   -0.22   -0.12
       med   |   31.018 |   31.058 |   31.047 |   30.971 |   31.367 |   31.022
112    7     |   31.812 |   31.875 |   31.763 |   31.758 |   31.862 |   31.757 ||   +0.20   -0.15   -0.17   +0.16   -0.17
       med   |   32.562 |   32.592 |   32.536 |   32.620 |   32.995 |   33.702
128    8     |   30.047 |   29.933 |   30.111 |   30.106 |   29.929 |   30.053 ||   -0.38   +0.21   +0.20   -0.39   +0.02
       med   |   30.253 |   30.183 |   30.327 |   30.296 |   30.080 |   30.242
256    16    |   52.244 |   51.981 |   52.132 |   52.146 |   52.227 |   51.936 ||   -0.50   -0.22   -0.19   -0.03   -0.59
       med   |   52.685 |   52.706 |   52.583 |   52.534 |   52.642 |   52.516
512    32    |   94.837 |   94.273 |   93.842 |   94.880 |   94.490 |   93.624 ||   -0.59   -1.05   +0.05   -0.37   -1.28
       med   |   95.911 |   95.760 |   95.471 |   95.620 |   95.401 |   95.201
1024   64    |  179.907 |  179.894 |  179.288 |  178.877 |  178.881 |  179.493 ||   -0.01   -0.34   -0.57   -0.57   -0.23
       med   |  182.321 |  181.859 |  181.384 |  181.386 |  181.121 |  180.948
4096   256   |  693.367 |  692.239 |  690.159 |  691.125 |  691.023 |  690.403 ||   -0.16   -0.46   -0.32   -0.34   -0.43
       med   |  699.403 |  696.524 |  695.206 |  695.327 |  695.408 |  693.379
=== process binD.order3.1
SELFCHECK FAIL nblk=1 variant dbot: out=0 xi=0 ivec=1 ret=16(want 16)
SELFCHECK FAIL nblk=1 variant dctr: out=0 xi=0 ivec=1 ret=16(want 16)
SELFCHECK FAIL nblk=2 variant dct: out=1 xi=1 ivec=0 ret=32(want 32)
SELFCHECK FAIL nblk=2 variant dbot: out=1 xi=1 ivec=1 ret=32(want 32)
SELFCHECK FAIL nblk=2 variant dctr: out=1 xi=0 ivec=1 ret=32(want 32)
SELFCHECK FAIL nblk=3 variant dct: out=1 xi=1 ivec=0 ret=48(want 48)
SELFCHECK FAIL nblk=3 variant dbot: out=1 xi=1 ivec=1 ret=48(want 48)
SELFCHECK FAIL nblk=3 variant dctr: out=1 xi=0 ivec=1 ret=48(want 48)
SELFCHECK FAIL nblk=4 variant dct: out=1 xi=1 ivec=0 ret=64(want 64)
SELFCHECK FAIL nblk=4 variant dbot: out=1 xi=1 ivec=1 ret=64(want 64)
SELFCHECK FAIL nblk=4 variant dctr: out=1 xi=0 ivec=1 ret=64(want 64)
bytes  blks  |     base |      dct |     dbot |      f4i |       w1 |     dctr ||     dct%    dbot%     f4i%      w1%    dctr%
16     1     |   26.267 |   13.993 |   14.117 |   13.909 |   13.867 |   13.804 ||  -46.73  -46.26  -47.05  -47.21  -47.45
       med   |   26.667 |   14.121 |   14.145 |   14.078 |   14.096 |   14.141
32     2     |   26.534 |   15.259 |   15.259 |   15.282 |   15.285 |   15.303 ||  -42.49  -42.49  -42.40  -42.40  -42.33
       med   |   26.717 |   15.271 |   15.320 |   15.298 |   15.300 |   15.321
48     3     |   27.696 |   18.680 |   18.669 |   18.916 |   19.023 |   18.753 ||  -32.56  -32.59  -31.70  -31.31  -32.29
       med   |   28.131 |   18.773 |   18.760 |   19.054 |   19.172 |   19.010
64     4     |   28.932 |   22.670 |   22.564 |   23.135 |   23.133 |   23.038 ||  -21.64  -22.01  -20.04  -20.04  -20.37
       med   |   29.164 |   22.704 |   22.901 |   23.162 |   23.477 |   23.086
80     5     |   29.965 |   30.121 |   30.046 |   30.044 |   30.106 |   30.093 ||   +0.52   +0.27   +0.26   +0.47   +0.43
       med   |   30.154 |   30.259 |   30.307 |   30.256 |   30.320 |   30.242
96     6     |   30.899 |   30.790 |   30.880 |   30.867 |   30.824 |   30.800 ||   -0.35   -0.06   -0.10   -0.24   -0.32
       med   |   31.026 |   31.060 |   31.050 |   31.030 |   31.270 |   31.059
112    7     |   31.810 |   31.847 |   31.761 |   31.761 |   31.873 |   31.873 ||   +0.12   -0.15   -0.15   +0.20   +0.20
       med   |   32.051 |   32.023 |   32.125 |   32.018 |   32.163 |   32.008
128    8     |   30.112 |   29.934 |   30.110 |   30.107 |   29.935 |   29.929 ||   -0.59   -0.00   -0.02   -0.59   -0.60
       med   |   30.272 |   30.142 |   30.290 |   30.287 |   30.108 |   30.054
256    16    |   52.289 |   52.161 |   51.936 |   52.055 |   52.229 |   52.187 ||   -0.25   -0.67   -0.45   -0.12   -0.19
       med   |   52.791 |   52.680 |   52.432 |   52.509 |   52.711 |   52.556
512    32    |   94.662 |   94.440 |   94.907 |   93.870 |   94.457 |   94.405 ||   -0.23   +0.26   -0.84   -0.22   -0.27
       med   |   95.854 |   95.788 |   95.552 |   95.535 |   95.417 |   95.399
1024   64    |  179.905 |  179.556 |  179.784 |  179.373 |  179.786 |  179.657 ||   -0.19   -0.07   -0.30   -0.07   -0.14
       med   |  182.482 |  181.808 |  181.417 |  181.335 |  181.242 |  181.267
4096   256   |  691.586 |  690.730 |  690.572 |  691.009 |  692.093 |  692.100 ||   -0.12   -0.15   -0.08   +0.07   +0.07
       med   |  699.709 |  695.790 |  695.447 |  694.944 |  695.215 |  694.338
=== process binD.order3.2
SELFCHECK FAIL nblk=1 variant dbot: out=0 xi=0 ivec=1 ret=16(want 16)
SELFCHECK FAIL nblk=1 variant dctr: out=0 xi=0 ivec=1 ret=16(want 16)
SELFCHECK FAIL nblk=2 variant dct: out=1 xi=1 ivec=0 ret=32(want 32)
SELFCHECK FAIL nblk=2 variant dbot: out=1 xi=1 ivec=1 ret=32(want 32)
SELFCHECK FAIL nblk=2 variant dctr: out=1 xi=0 ivec=1 ret=32(want 32)
SELFCHECK FAIL nblk=3 variant dct: out=1 xi=1 ivec=0 ret=48(want 48)
SELFCHECK FAIL nblk=3 variant dbot: out=1 xi=1 ivec=1 ret=48(want 48)
SELFCHECK FAIL nblk=3 variant dctr: out=1 xi=0 ivec=1 ret=48(want 48)
SELFCHECK FAIL nblk=4 variant dct: out=1 xi=1 ivec=0 ret=64(want 64)
SELFCHECK FAIL nblk=4 variant dbot: out=1 xi=1 ivec=1 ret=64(want 64)
SELFCHECK FAIL nblk=4 variant dctr: out=1 xi=0 ivec=1 ret=64(want 64)
bytes  blks  |     base |      dct |     dbot |      f4i |       w1 |     dctr ||     dct%    dbot%     f4i%      w1%    dctr%
16     1     |   26.154 |   14.060 |   14.121 |   13.836 |   13.934 |   13.782 ||  -46.24  -46.01  -47.10  -46.72  -47.31
       med   |   26.412 |   14.121 |   14.145 |   14.078 |   14.099 |   14.141
32     2     |   26.441 |   15.259 |   15.255 |   15.285 |   15.286 |   15.304 ||  -42.29  -42.30  -42.19  -42.19  -42.12
       med   |   26.752 |   15.269 |   15.274 |   15.295 |   15.300 |   15.319
48     3     |   27.712 |   18.675 |   18.665 |   18.890 |   18.990 |   18.749 ||  -32.61  -32.65  -31.84  -31.48  -32.34
       med   |   28.184 |   18.765 |   18.850 |   19.051 |   19.179 |   19.013
64     4     |   28.922 |   22.663 |   22.585 |   23.128 |   23.135 |   23.037 ||  -21.64  -21.91  -20.03  -20.01  -20.35
       med   |   29.179 |   22.873 |   22.897 |   23.163 |   23.465 |   23.079
80     5     |   29.969 |   30.124 |   30.038 |   30.049 |   30.105 |   30.103 ||   +0.52   +0.23   +0.26   +0.45   +0.44
       med   |   30.172 |   30.258 |   30.335 |   30.264 |   30.313 |   30.242
96     6     |   30.908 |   30.818 |   30.873 |   30.834 |   30.812 |   30.808 ||   -0.29   -0.11   -0.24   -0.31   -0.33
       med   |   31.065 |   31.063 |   31.049 |   31.021 |   31.289 |   31.063
112    7     |   31.821 |   31.879 |   31.781 |   31.767 |   31.880 |   31.879 ||   +0.18   -0.13   -0.17   +0.19   +0.18
       med   |   34.226 |   34.706 |   34.394 |   34.274 |   34.729 |   34.711
128    8     |   30.112 |   29.928 |   30.108 |   30.108 |   29.924 |   29.921 ||   -0.61   -0.01   -0.01   -0.62   -0.63
       med   |   30.331 |   30.208 |   30.309 |   30.233 |   30.191 |   30.068
256    16    |   52.233 |   52.113 |   52.062 |   52.168 |   52.139 |   52.197 ||   -0.23   -0.33   -0.12   -0.18   -0.07
       med   |   52.771 |   52.718 |   52.486 |   52.497 |   52.710 |   52.622
512    32    |   94.758 |   94.696 |   94.526 |   94.021 |   94.527 |   94.348 ||   -0.07   -0.24   -0.78   -0.24   -0.43
       med   |   95.873 |   95.769 |   95.509 |   95.444 |   95.561 |   95.416
1024   64    |  179.990 |  179.775 |  179.754 |  179.274 |  179.091 |  179.126 ||   -0.12   -0.13   -0.40   -0.50   -0.48
       med   |  182.560 |  181.849 |  181.465 |  181.432 |  181.202 |  181.302
4096   256   |  692.376 |  692.258 |  690.938 |  691.254 |  691.936 |  692.047 ||   -0.02   -0.21   -0.16   -0.06   -0.05
       med   |  699.570 |  696.114 |  695.782 |  695.192 |  695.179 |  694.328
=== process binD.order3.3
SELFCHECK FAIL nblk=1 variant dbot: out=0 xi=0 ivec=1 ret=16(want 16)
SELFCHECK FAIL nblk=1 variant dctr: out=0 xi=0 ivec=1 ret=16(want 16)
SELFCHECK FAIL nblk=2 variant dct: out=1 xi=1 ivec=0 ret=32(want 32)
SELFCHECK FAIL nblk=2 variant dbot: out=1 xi=1 ivec=1 ret=32(want 32)
SELFCHECK FAIL nblk=2 variant dctr: out=1 xi=0 ivec=1 ret=32(want 32)
SELFCHECK FAIL nblk=3 variant dct: out=1 xi=1 ivec=0 ret=48(want 48)
SELFCHECK FAIL nblk=3 variant dbot: out=1 xi=1 ivec=1 ret=48(want 48)
SELFCHECK FAIL nblk=3 variant dctr: out=1 xi=0 ivec=1 ret=48(want 48)
SELFCHECK FAIL nblk=4 variant dct: out=1 xi=1 ivec=0 ret=64(want 64)
SELFCHECK FAIL nblk=4 variant dbot: out=1 xi=1 ivec=1 ret=64(want 64)
SELFCHECK FAIL nblk=4 variant dctr: out=1 xi=0 ivec=1 ret=64(want 64)
bytes  blks  |     base |      dct |     dbot |      f4i |       w1 |     dctr ||     dct%    dbot%     f4i%      w1%    dctr%
16     1     |   26.136 |   13.983 |   14.120 |   13.848 |   13.930 |   13.777 ||  -46.50  -45.98  -47.02  -46.70  -47.29
       med   |   26.363 |   14.120 |   14.144 |   14.068 |   14.097 |   14.141
32     2     |   26.544 |   15.261 |   15.257 |   15.285 |   15.285 |   15.306 ||  -42.51  -42.52  -42.42  -42.42  -42.34
       med   |   26.821 |   15.271 |   15.286 |   15.303 |   15.303 |   15.322
48     3     |   27.772 |   18.675 |   18.662 |   18.882 |   18.987 |   18.742 ||  -32.76  -32.80  -32.01  -31.63  -32.51
       med   |   28.438 |   18.765 |   18.846 |   19.052 |   19.169 |   19.017
64     4     |   28.934 |   22.665 |   22.567 |   23.129 |   23.135 |   23.045 ||  -21.67  -22.01  -20.06  -20.04  -20.35
       med   |   29.221 |   22.871 |   22.901 |   23.164 |   23.465 |   23.173
80     5     |   29.956 |   30.114 |   30.045 |   30.046 |   30.100 |   30.102 ||   +0.53   +0.30   +0.30   +0.48   +0.49
       med   |   30.152 |   30.338 |   30.308 |   30.248 |   30.288 |   30.243
96     6     |   30.899 |   30.825 |   30.885 |   30.866 |   30.834 |   30.843 ||   -0.24   -0.05   -0.11   -0.21   -0.18
       med   |   31.040 |   31.055 |   31.051 |   31.028 |   31.322 |   31.080
112    7     |   31.831 |   31.877 |   31.787 |   31.786 |   32.010 |   31.963 ||   +0.15   -0.14   -0.14   +0.56   +0.41
       med   |   34.461 |   34.637 |   34.480 |   34.136 |   34.598 |   34.635
128    8     |   30.111 |   29.692 |   30.074 |   30.101 |   29.929 |   29.928 ||   -1.39   -0.12   -0.03   -0.61   -0.61
       med   |   30.330 |   30.225 |   30.298 |   30.235 |   30.173 |   30.076
256    16    |   52.235 |   52.103 |   52.157 |   52.157 |   52.043 |   52.187 ||   -0.25   -0.15   -0.15   -0.37   -0.09
       med   |   52.767 |   52.684 |   52.525 |   52.530 |   52.666 |   52.600
512    32    |   94.452 |   94.717 |   93.549 |   94.702 |   94.511 |   94.498 ||   +0.28   -0.96   +0.27   +0.06   +0.05
       med   |   95.948 |   95.739 |   95.584 |   95.532 |   95.342 |   95.365
1024   64    |  179.839 |  179.851 |  179.376 |  179.821 |  179.216 |  178.579 ||   +0.01   -0.26   -0.01   -0.35   -0.70
       med   |  182.549 |  181.892 |  181.382 |  181.405 |  181.343 |  181.130
4096   256   |  693.636 |  691.649 |  690.640 |  691.240 |  690.820 |  692.121 ||   -0.29   -0.43   -0.35   -0.41   -0.22
       med   |  699.250 |  695.877 |  695.224 |  694.867 |  695.179 |  694.033
=== process binD.order3.4
SELFCHECK FAIL nblk=1 variant dbot: out=0 xi=0 ivec=1 ret=16(want 16)
SELFCHECK FAIL nblk=1 variant dctr: out=0 xi=0 ivec=1 ret=16(want 16)
SELFCHECK FAIL nblk=2 variant dct: out=1 xi=1 ivec=0 ret=32(want 32)
SELFCHECK FAIL nblk=2 variant dbot: out=1 xi=1 ivec=1 ret=32(want 32)
SELFCHECK FAIL nblk=2 variant dctr: out=1 xi=0 ivec=1 ret=32(want 32)
SELFCHECK FAIL nblk=3 variant dct: out=1 xi=1 ivec=0 ret=48(want 48)
SELFCHECK FAIL nblk=3 variant dbot: out=1 xi=1 ivec=1 ret=48(want 48)
SELFCHECK FAIL nblk=3 variant dctr: out=1 xi=0 ivec=1 ret=48(want 48)
SELFCHECK FAIL nblk=4 variant dct: out=1 xi=1 ivec=0 ret=64(want 64)
SELFCHECK FAIL nblk=4 variant dbot: out=1 xi=1 ivec=1 ret=64(want 64)
SELFCHECK FAIL nblk=4 variant dctr: out=1 xi=0 ivec=1 ret=64(want 64)
bytes  blks  |     base |      dct |     dbot |      f4i |       w1 |     dctr ||     dct%    dbot%     f4i%      w1%    dctr%
16     1     |   26.128 |   14.060 |   14.119 |   13.858 |   13.926 |   13.747 ||  -46.19  -45.96  -46.96  -46.70  -47.39
       med   |   26.682 |   14.120 |   14.144 |   14.045 |   14.099 |   14.143
32     2     |   26.536 |   15.259 |   15.259 |   15.282 |   15.285 |   15.304 ||  -42.50  -42.50  -42.41  -42.40  -42.33
       med   |   26.720 |   15.270 |   15.270 |   15.296 |   15.300 |   15.318
48     3     |   27.653 |   18.675 |   18.665 |   18.923 |   19.040 |   18.776 ||  -32.47  -32.50  -31.57  -31.14  -32.10
       med   |   28.092 |   18.762 |   18.760 |   19.049 |   19.170 |   19.008
64     4     |   28.926 |   22.672 |   22.567 |   23.139 |   23.136 |   23.042 ||  -21.62  -21.98  -20.01  -20.02  -20.34
       med   |   29.163 |   22.862 |   22.899 |   23.162 |   23.439 |   23.177
80     5     |   29.955 |   30.127 |   30.017 |   30.044 |   30.103 |   30.107 ||   +0.57   +0.21   +0.30   +0.49   +0.51
       med   |   30.153 |   30.258 |   30.337 |   30.261 |   30.326 |   30.233
96     6     |   30.905 |   30.810 |   30.852 |   30.856 |   30.839 |   30.829 ||   -0.31   -0.17   -0.16   -0.21   -0.25
       med   |   31.043 |   31.088 |   31.041 |   31.024 |   31.345 |   31.062
112    7     |   31.823 |   31.876 |   31.769 |   31.760 |   31.819 |   31.874 ||   +0.17   -0.17   -0.20   -0.01   +0.16
       med   |   32.091 |   32.019 |   32.100 |   32.016 |   32.124 |   32.008
128    8     |   30.117 |   29.931 |   29.657 |   30.098 |   29.931 |   29.929 ||   -0.62   -1.53   -0.06   -0.62   -0.62
       med   |   30.346 |   30.178 |   30.329 |   30.256 |   30.198 |   30.060
256    16    |   52.271 |   51.780 |   52.140 |   51.969 |   52.236 |   52.199 ||   -0.94   -0.25   -0.58   -0.07   -0.14
       med   |   52.694 |   52.612 |   52.490 |   52.511 |   52.672 |   52.563
512    32    |   94.803 |   94.442 |   94.782 |   93.904 |   94.427 |   94.480 ||   -0.38   -0.02   -0.95   -0.40   -0.34
       med   |   95.869 |   95.599 |   95.545 |   95.459 |   95.293 |   95.204
1024   64    |  179.785 |  179.923 |  179.326 |  179.482 |  179.312 |  179.797 ||   +0.08   -0.26   -0.17   -0.26   +0.01
       med   |  182.433 |  181.799 |  181.415 |  181.424 |  181.425 |  181.254
4096   256   |  693.617 |  691.949 |  690.484 |  691.045 |  691.669 |  691.727 ||   -0.24   -0.45   -0.37   -0.28   -0.27
       med   |  699.316 |  696.523 |  695.124 |  695.238 |  694.944 |  694.072
=== process binD.order3.5
SELFCHECK FAIL nblk=1 variant dbot: out=0 xi=0 ivec=1 ret=16(want 16)
SELFCHECK FAIL nblk=1 variant dctr: out=0 xi=0 ivec=1 ret=16(want 16)
SELFCHECK FAIL nblk=2 variant dct: out=1 xi=1 ivec=0 ret=32(want 32)
SELFCHECK FAIL nblk=2 variant dbot: out=1 xi=1 ivec=1 ret=32(want 32)
SELFCHECK FAIL nblk=2 variant dctr: out=1 xi=0 ivec=1 ret=32(want 32)
SELFCHECK FAIL nblk=3 variant dct: out=1 xi=1 ivec=0 ret=48(want 48)
SELFCHECK FAIL nblk=3 variant dbot: out=1 xi=1 ivec=1 ret=48(want 48)
SELFCHECK FAIL nblk=3 variant dctr: out=1 xi=0 ivec=1 ret=48(want 48)
SELFCHECK FAIL nblk=4 variant dct: out=1 xi=1 ivec=0 ret=64(want 64)
SELFCHECK FAIL nblk=4 variant dbot: out=1 xi=1 ivec=1 ret=64(want 64)
SELFCHECK FAIL nblk=4 variant dctr: out=1 xi=0 ivec=1 ret=64(want 64)
bytes  blks  |     base |      dct |     dbot |      f4i |       w1 |     dctr ||     dct%    dbot%     f4i%      w1%    dctr%
16     1     |   26.170 |   14.044 |   14.120 |   13.854 |   13.930 |   13.854 ||  -46.34  -46.05  -47.06  -46.77  -47.06
       med   |   26.374 |   14.121 |   14.144 |   14.051 |   14.097 |   14.139
32     2     |   26.505 |   15.258 |   15.256 |   15.283 |   15.286 |   15.305 ||  -42.43  -42.44  -42.34  -42.33  -42.26
       med   |   26.755 |   15.269 |   15.317 |   15.296 |   15.299 |   15.320
48     3     |   27.771 |   18.676 |   18.665 |   18.890 |   18.977 |   18.752 ||  -32.75  -32.79  -31.98  -31.66  -32.48
       med   |   28.180 |   18.766 |   18.760 |   19.052 |   19.175 |   19.014
64     4     |   28.932 |   22.669 |   22.564 |   23.138 |   23.139 |   23.037 ||  -21.65  -22.01  -20.03  -20.02  -20.37
       med   |   29.210 |   22.705 |   22.899 |   23.161 |   23.441 |   23.245
80     5     |   29.977 |   30.113 |   30.049 |   30.043 |   30.097 |   30.100 ||   +0.45   +0.24   +0.22   +0.40   +0.41
       med   |   30.158 |   30.251 |   30.353 |   30.265 |   30.291 |   30.249
96     6     |   30.900 |   30.826 |   30.862 |   30.878 |   30.828 |   30.694 ||   -0.24   -0.12   -0.07   -0.23   -0.67
       med   |   31.027 |   31.063 |   31.058 |   31.024 |   31.387 |   31.059
112    7     |   31.825 |   31.884 |   31.768 |   31.772 |   31.874 |   31.874 ||   +0.18   -0.18   -0.17   +0.15   +0.15
       med   |   34.585 |   34.706 |   34.338 |   34.248 |   34.713 |   34.690
128    8     |   30.083 |   29.928 |   30.048 |   30.111 |   29.928 |   29.909 ||   -0.51   -0.12   +0.09   -0.51   -0.58
       med   |   30.313 |   30.152 |   30.286 |   30.300 |   30.276 |   30.060
256    16    |   52.216 |   51.998 |   51.388 |   52.151 |   52.238 |   52.162 ||   -0.42   -1.58   -0.12   +0.04   -0.10
       med   |   52.750 |   52.694 |   52.440 |   52.525 |   52.711 |   52.590
512    32    |   95.133 |   94.535 |   93.849 |   94.099 |   94.562 |   94.595 ||   -0.63   -1.35   -1.09   -0.60   -0.57
       med   |   95.956 |   95.717 |   95.433 |   95.557 |   95.588 |   95.365
1024   64    |  179.681 |  179.922 |  179.678 |  179.609 |  179.701 |  179.693 ||   +0.13   -0.00   -0.04   +0.01   +0.01
       med   |  182.423 |  181.913 |  181.431 |  181.328 |  181.250 |  181.283
4096   256   |  694.309 |  692.169 |  691.230 |  691.077 |  692.124 |  691.618 ||   -0.31   -0.44   -0.47   -0.31   -0.39
       med   |  699.332 |  695.985 |  695.705 |  694.533 |  694.817 |  693.990
