## bin=binE host=gv3 core=3 reps=300 nproc=5
## O1: base baseAA w1 kb cl4 k20 k25 k30 k40 k45 c1 c2
## O2: base c2 c1 k45 k40 k30 k25 k20 cl4 kb w1 baseAA
## O3: base k25 k30 k40 k45 c1 c2 baseAA w1 kb cl4 k20
=== process binE.order1.1
SELFCHECK OK (256 whole-block lengths 1..256 blk x 12 variants; out/Xi/ivec/ret byte-identical, nothing written past 16*nblk)
bytes  blks  |     base |   baseAA |       w1 |       kb |      cl4 |      k20 |      k25 |      k30 |      k40 |      k45 |       c1 |       c2 ||  baseAA%      w1%      kb%     cl4%     k20%     k25%     k30%     k40%     k45%      c1%      c2%
16     1     |   26.169 |   26.153 |   13.990 |   13.958 |   13.941 |   13.840 |   13.951 |   13.853 |   13.951 |   13.952 |   13.882 |   13.784 ||   -0.06  -46.54  -46.66  -46.73  -47.11  -46.69  -47.06  -46.69  -46.69  -46.95  -47.33
       med   |   26.392 |   26.503 |   14.096 |   14.105 |   14.102 |   14.089 |   14.105 |   14.098 |   14.101 |   14.032 |   14.117 |   13.998
32     2     |   26.535 |   26.463 |   15.304 |   15.324 |   15.269 |   15.341 |   15.291 |   15.289 |   15.296 |   15.294 |   15.265 |   15.257 ||   -0.27  -42.33  -42.25  -42.46  -42.19  -42.37  -42.38  -42.35  -42.36  -42.47  -42.50
       med   |   26.786 |   26.702 |   15.317 |   15.365 |   15.394 |   15.379 |   15.354 |   15.365 |   15.372 |   15.367 |   15.324 |   15.343
48     3     |   27.688 |   27.707 |   18.880 |   18.680 |   18.641 |   18.657 |   18.690 |   18.690 |   18.645 |   18.637 |   18.679 |   18.676 ||   +0.07  -31.81  -32.53  -32.68  -32.61  -32.50  -32.50  -32.66  -32.69  -32.53  -32.55
       med   |   28.347 |   27.960 |   19.022 |   18.852 |   18.827 |   18.837 |   18.878 |   18.880 |   18.945 |   18.810 |   18.712 |   18.860
64     4     |   28.969 |   28.882 |   23.129 |   22.779 |   22.744 |   22.770 |   22.845 |   22.851 |   22.838 |   22.836 |   22.574 |   22.823 ||   -0.30  -20.16  -21.37  -21.49  -21.40  -21.14  -21.12  -21.17  -21.17  -22.07  -21.22
       med   |   29.263 |   29.114 |   23.157 |   23.025 |   22.855 |   23.120 |   22.869 |   23.093 |   22.867 |   23.156 |   22.647 |   23.054
80     5     |   29.939 |   29.998 |   30.039 |   30.027 |   30.045 |   30.019 |   30.049 |   30.049 |   30.048 |   30.049 |   30.036 |   30.043 ||   +0.20   +0.33   +0.29   +0.35   +0.26   +0.36   +0.37   +0.36   +0.37   +0.32   +0.35
       med   |   30.185 |   30.322 |   30.265 |   30.270 |   30.361 |   30.353 |   30.272 |   30.325 |   30.260 |   30.321 |   30.230 |   30.308
96     6     |   30.926 |   30.864 |   30.856 |   30.853 |   30.871 |   30.875 |   30.881 |   30.867 |   30.854 |   30.846 |   30.862 |   30.867 ||   -0.20   -0.23   -0.23   -0.18   -0.16   -0.15   -0.19   -0.23   -0.26   -0.21   -0.19
       med   |   31.070 |   31.153 |   31.036 |   31.038 |   31.121 |   31.081 |   31.041 |   31.045 |   31.022 |   31.127 |   31.008 |   31.039
112    7     |   31.995 |   31.733 |   31.770 |   31.773 |   31.765 |   31.779 |   31.766 |   31.785 |   31.773 |   31.791 |   31.777 |   31.998 ||   -0.82   -0.70   -0.69   -0.72   -0.67   -0.71   -0.65   -0.69   -0.64   -0.68   +0.01
       med   |   34.494 |   35.236 |   34.331 |   34.581 |   34.774 |   34.382 |   34.792 |   34.412 |   34.279 |   34.266 |   34.333 |   34.352
128    8     |   30.109 |   30.025 |   30.048 |   30.106 |   30.011 |   30.085 |   30.115 |   30.040 |   30.092 |   30.113 |   30.104 |   30.094 ||   -0.28   -0.20   -0.01   -0.32   -0.08   +0.02   -0.23   -0.06   +0.02   -0.01   -0.05
       med   |   30.325 |   30.197 |   30.240 |   30.433 |   30.452 |   30.361 |   30.355 |   30.352 |   30.246 |   30.385 |   30.174 |   30.297
256    16    |   52.154 |   52.499 |   51.978 |   52.188 |   52.201 |   52.019 |   52.193 |   51.984 |   52.182 |   52.076 |   51.638 |   52.050 ||   +0.66   -0.34   +0.06   +0.09   -0.26   +0.07   -0.33   +0.05   -0.15   -0.99   -0.20
       med   |   52.778 |   52.956 |   52.603 |   52.677 |   52.622 |   52.606 |   52.642 |   52.674 |   52.504 |   52.706 |   52.591 |   52.563
512    32    |   95.265 |   94.947 |   94.712 |   94.615 |   93.983 |   94.213 |   94.335 |   94.652 |   93.895 |   94.651 |   94.095 |   93.733 ||   -0.33   -0.58   -0.68   -1.35   -1.10   -0.98   -0.64   -1.44   -0.64   -1.23   -1.61
       med   |   96.141 |   96.281 |   95.539 |   95.757 |   95.518 |   95.540 |   95.509 |   95.672 |   95.396 |   95.617 |   95.495 |   95.611
1024   64    |  180.375 |  180.597 |  179.314 |  179.718 |  179.825 |  179.766 |  179.159 |  179.851 |  179.716 |  178.993 |  179.790 |  179.844 ||   +0.12   -0.59   -0.36   -0.30   -0.34   -0.67   -0.29   -0.36   -0.77   -0.32   -0.29
       med   |  182.597 |  182.845 |  181.437 |  181.562 |  181.483 |  181.483 |  181.488 |  181.539 |  181.371 |  181.482 |  181.453 |  181.499
4096   256   |  693.504 |  693.860 |  691.106 |  690.229 |  690.971 |  690.213 |  690.729 |  691.083 |  690.115 |  691.495 |  690.509 |  690.647 ||   +0.05   -0.35   -0.47   -0.37   -0.47   -0.40   -0.35   -0.49   -0.29   -0.43   -0.41
       med   |  700.241 |  700.407 |  694.601 |  694.692 |  695.348 |  693.941 |  694.398 |  693.984 |  694.289 |  695.180 |  695.515 |  694.516
=== process binE.order1.2
SELFCHECK OK (256 whole-block lengths 1..256 blk x 12 variants; out/Xi/ivec/ret byte-identical, nothing written past 16*nblk)
bytes  blks  |     base |   baseAA |       w1 |       kb |      cl4 |      k20 |      k25 |      k30 |      k40 |      k45 |       c1 |       c2 ||  baseAA%      w1%      kb%     cl4%     k20%     k25%     k30%     k40%     k45%      c1%      c2%
16     1     |   26.291 |   26.204 |   13.966 |   13.848 |   13.940 |   13.952 |   13.840 |   13.855 |   13.989 |   13.878 |   13.983 |   13.789 ||   -0.33  -46.88  -47.33  -46.98  -46.93  -47.36  -47.30  -46.79  -47.21  -46.82  -47.55
       med   |   26.537 |   26.754 |   14.113 |   14.108 |   14.100 |   14.090 |   14.095 |   14.099 |   14.108 |   14.079 |   14.111 |   13.992
32     2     |   26.456 |   26.462 |   15.303 |   15.323 |   15.266 |   15.340 |   15.292 |   15.290 |   15.295 |   15.300 |   15.268 |   15.311 ||   +0.02  -42.16  -42.08  -42.30  -42.02  -42.20  -42.20  -42.19  -42.17  -42.29  -42.13
       med   |   26.773 |   26.715 |   15.316 |   15.338 |   15.365 |   15.377 |   15.354 |   15.364 |   15.370 |   15.370 |   15.324 |   15.343
48     3     |   27.757 |   27.714 |   18.867 |   18.688 |   18.638 |   18.652 |   18.684 |   18.692 |   18.638 |   18.636 |   18.684 |   18.681 ||   -0.16  -32.03  -32.67  -32.85  -32.80  -32.69  -32.66  -32.85  -32.86  -32.69  -32.70
       med   |   28.243 |   27.976 |   19.021 |   18.850 |   18.858 |   18.836 |   18.881 |   18.879 |   18.879 |   18.815 |   18.713 |   18.859
64     4     |   28.928 |   28.882 |   23.130 |   22.787 |   22.747 |   22.767 |   22.846 |   22.847 |   22.838 |   22.832 |   22.577 |   22.834 ||   -0.16  -20.04  -21.23  -21.37  -21.30  -21.03  -21.02  -21.05  -21.07  -21.96  -21.07
       med   |   29.182 |   29.122 |   23.157 |   23.104 |   22.779 |   23.117 |   22.876 |   23.087 |   22.880 |   23.130 |   22.647 |   23.047
80     5     |   29.966 |   29.982 |   30.044 |   30.036 |   30.011 |   30.043 |   30.036 |   30.050 |   30.044 |   30.052 |   30.046 |   30.049 ||   +0.05   +0.26   +0.23   +0.15   +0.26   +0.23   +0.28   +0.26   +0.29   +0.27   +0.27
       med   |   30.210 |   30.235 |   30.262 |   30.260 |   30.350 |   30.357 |   30.340 |   30.316 |   30.256 |   30.349 |   30.221 |   30.266
96     6     |   30.912 |   30.861 |   30.860 |   30.865 |   30.871 |   30.905 |   30.871 |   30.877 |   30.863 |   30.866 |   30.862 |   30.866 ||   -0.17   -0.17   -0.15   -0.13   -0.02   -0.13   -0.11   -0.16   -0.15   -0.16   -0.15
       med   |   31.087 |   31.098 |   31.026 |   31.021 |   31.094 |   31.068 |   31.058 |   31.061 |   30.957 |   31.097 |   31.034 |   31.031
112    7     |   31.813 |   31.716 |   31.772 |   31.764 |   31.768 |   31.766 |   31.776 |   31.787 |   31.766 |   31.781 |   31.775 |   31.778 ||   -0.31   -0.13   -0.15   -0.14   -0.15   -0.12   -0.08   -0.15   -0.10   -0.12   -0.11
       med   |   34.603 |   35.055 |   34.526 |   34.546 |   34.586 |   34.542 |   34.565 |   34.509 |   34.524 |   34.460 |   34.554 |   34.543
128    8     |   30.105 |   30.024 |   30.069 |   30.056 |   30.129 |   30.102 |   30.108 |   30.105 |   30.090 |   30.098 |   30.102 |   30.100 ||   -0.27   -0.12   -0.16   +0.08   -0.01   +0.01   -0.00   -0.05   -0.02   -0.01   -0.02
       med   |   30.228 |   30.279 |   30.249 |   30.270 |   30.489 |   30.334 |   30.319 |   30.378 |   30.250 |   30.318 |   30.189 |   30.259
256    16    |   52.196 |   52.375 |   52.178 |   51.991 |   51.987 |   52.059 |   52.201 |   52.071 |   52.130 |   51.942 |   52.169 |   52.053 ||   +0.34   -0.04   -0.39   -0.40   -0.26   +0.01   -0.24   -0.13   -0.49   -0.05   -0.27
       med   |   52.729 |   52.942 |   52.602 |   52.624 |   52.595 |   52.563 |   52.722 |   52.663 |   52.558 |   52.664 |   52.670 |   52.561
512    32    |   95.245 |   94.688 |   94.480 |   94.456 |   93.489 |   94.301 |   94.277 |   93.598 |   93.908 |   94.894 |   94.875 |   94.058 ||   -0.59   -0.80   -0.83   -1.84   -0.99   -1.02   -1.73   -1.40   -0.37   -0.39   -1.25
       med   |   96.058 |   96.208 |   95.594 |   95.769 |   95.540 |   95.808 |   95.542 |   95.564 |   95.383 |   95.701 |   95.509 |   95.618
1024   64    |  180.001 |  180.808 |  179.680 |  179.958 |  179.353 |  179.921 |  178.863 |  179.992 |  179.450 |  180.021 |  179.886 |  179.946 ||   +0.45   -0.18   -0.02   -0.36   -0.04   -0.63   -0.00   -0.31   +0.01   -0.06   -0.03
       med   |  182.572 |  182.910 |  181.472 |  181.608 |  181.470 |  181.460 |  181.463 |  181.735 |  181.396 |  181.706 |  181.500 |  181.589
4096   256   |  693.470 |  692.702 |  690.817 |  691.472 |  691.273 |  690.901 |  691.052 |  690.591 |  691.135 |  691.225 |  690.894 |  690.322 ||   -0.11   -0.38   -0.29   -0.32   -0.37   -0.35   -0.42   -0.34   -0.32   -0.37   -0.45
       med   |  699.813 |  699.442 |  694.199 |  694.466 |  694.636 |  693.988 |  694.101 |  693.742 |  694.081 |  695.046 |  694.793 |  694.460
=== process binE.order1.3
SELFCHECK OK (256 whole-block lengths 1..256 blk x 12 variants; out/Xi/ivec/ret byte-identical, nothing written past 16*nblk)
bytes  blks  |     base |   baseAA |       w1 |       kb |      cl4 |      k20 |      k25 |      k30 |      k40 |      k45 |       c1 |       c2 ||  baseAA%      w1%      kb%     cl4%     k20%     k25%     k30%     k40%     k45%      c1%      c2%
16     1     |   26.136 |   26.190 |   14.011 |   14.015 |   13.873 |   13.869 |   13.875 |   13.877 |   13.980 |   13.954 |   13.986 |   13.786 ||   +0.21  -46.39  -46.38  -46.92  -46.93  -46.91  -46.90  -46.51  -46.61  -46.49  -47.25
       med   |   26.717 |   27.053 |   14.111 |   14.105 |   14.097 |   14.093 |   14.096 |   14.097 |   14.092 |   14.077 |   14.109 |   13.994
32     2     |   26.446 |   26.464 |   15.304 |   15.319 |   15.263 |   15.342 |   15.291 |   15.291 |   15.293 |   15.298 |   15.268 |   15.306 ||   +0.07  -42.13  -42.07  -42.29  -41.98  -42.18  -42.18  -42.17  -42.15  -42.27  -42.12
       med   |   26.788 |   26.680 |   15.316 |   15.367 |   15.388 |   15.382 |   15.349 |   15.357 |   15.372 |   15.371 |   15.325 |   15.342
48     3     |   27.754 |   27.727 |   18.914 |   18.714 |   18.659 |   18.693 |   18.732 |   18.739 |   18.678 |   18.678 |   18.694 |   18.716 ||   -0.10  -31.85  -32.57  -32.77  -32.65  -32.51  -32.48  -32.70  -32.70  -32.65  -32.56
       med   |   28.193 |   27.974 |   19.018 |   18.853 |   18.825 |   18.837 |   18.876 |   18.880 |   18.945 |   18.810 |   18.712 |   18.859
64     4     |   28.918 |   28.883 |   23.131 |   22.786 |   22.747 |   22.770 |   22.847 |   22.848 |   22.838 |   22.842 |   22.573 |   22.835 ||   -0.12  -20.01  -21.21  -21.34  -21.26  -20.99  -20.99  -21.02  -21.01  -21.94  -21.03
       med   |   29.221 |   29.120 |   23.158 |   23.103 |   22.779 |   23.119 |   22.871 |   23.112 |   22.863 |   23.158 |   22.644 |   23.040
80     5     |   29.951 |   29.996 |   30.049 |   30.005 |   30.047 |   30.038 |   30.027 |   30.054 |   30.046 |   30.025 |   30.010 |   30.047 ||   +0.15   +0.33   +0.18   +0.32   +0.29   +0.25   +0.34   +0.32   +0.24   +0.19   +0.32
       med   |   30.248 |   30.262 |   30.270 |   30.300 |   30.351 |   30.346 |   30.303 |   30.348 |   30.237 |   30.290 |   30.213 |   30.283
96     6     |   30.899 |   30.862 |   30.856 |   30.870 |   30.872 |   30.846 |   30.862 |   30.867 |   30.847 |   30.874 |   30.874 |   30.854 ||   -0.12   -0.14   -0.10   -0.09   -0.17   -0.12   -0.11   -0.17   -0.08   -0.08   -0.15
       med   |   31.076 |   31.154 |   31.031 |   31.019 |   31.069 |   31.049 |   31.047 |   31.051 |   31.026 |   31.099 |   31.030 |   31.048
112    7     |   31.817 |   31.723 |   31.759 |   31.693 |   31.768 |   31.759 |   31.760 |   31.763 |   31.758 |   31.760 |   31.762 |   31.739 ||   -0.30   -0.18   -0.39   -0.15   -0.18   -0.18   -0.17   -0.19   -0.18   -0.17   -0.25
       med   |   32.399 |   32.446 |   32.179 |   32.203 |   32.389 |   32.335 |   32.353 |   32.356 |   32.142 |   32.456 |   32.360 |   32.511
128    8     |   30.039 |   30.042 |   30.099 |   30.097 |   30.070 |   30.112 |   30.090 |   30.081 |   30.102 |   30.113 |   30.100 |   30.105 ||   +0.01   +0.20   +0.19   +0.10   +0.24   +0.17   +0.14   +0.21   +0.25   +0.20   +0.22
       med   |   30.224 |   30.280 |   30.249 |   30.403 |   30.439 |   30.348 |   30.312 |   30.375 |   30.250 |   30.425 |   30.256 |   30.304
256    16    |   52.239 |   52.355 |   52.133 |   52.092 |   52.006 |   52.097 |   52.104 |   52.158 |   52.053 |   51.944 |   52.166 |   52.088 ||   +0.22   -0.20   -0.28   -0.45   -0.27   -0.26   -0.16   -0.36   -0.57   -0.14   -0.29
       med   |   52.819 |   52.910 |   52.637 |   52.633 |   52.650 |   52.576 |   52.607 |   52.667 |   52.603 |   52.673 |   52.658 |   52.603
512    32    |   95.309 |   95.370 |   94.528 |   94.934 |   93.978 |   94.712 |   93.598 |   93.659 |   93.965 |   94.634 |   93.601 |   93.610 ||   +0.06   -0.82   -0.39   -1.40   -0.63   -1.80   -1.73   -1.41   -0.71   -1.79   -1.78
       med   |   96.096 |   96.262 |   95.479 |   95.795 |   95.573 |   95.890 |   95.566 |   95.549 |   95.408 |   95.717 |   95.479 |   95.642
1024   64    |  180.230 |  180.522 |  179.560 |  179.309 |  179.905 |  178.206 |  179.887 |  179.674 |  179.982 |  179.888 |  179.708 |  179.746 ||   +0.16   -0.37   -0.51   -0.18   -1.12   -0.19   -0.31   -0.14   -0.19   -0.29   -0.27
       med   |  182.768 |  182.989 |  181.478 |  181.547 |  181.421 |  181.481 |  181.476 |  181.449 |  181.446 |  181.620 |  181.567 |  181.540
4096   256   |  691.159 |  692.410 |  690.922 |  690.130 |  691.043 |  690.806 |  691.249 |  690.067 |  690.420 |  691.211 |  690.870 |  690.549 ||   +0.18   -0.03   -0.15   -0.02   -0.05   +0.01   -0.16   -0.11   +0.01   -0.04   -0.09
       med   |  700.182 |  700.170 |  694.615 |  694.659 |  695.003 |  694.048 |  694.460 |  693.960 |  694.181 |  695.212 |  695.285 |  694.359
=== process binE.order1.4
SELFCHECK OK (256 whole-block lengths 1..256 blk x 12 variants; out/Xi/ivec/ret byte-identical, nothing written past 16*nblk)
bytes  blks  |     base |   baseAA |       w1 |       kb |      cl4 |      k20 |      k25 |      k30 |      k40 |      k45 |       c1 |       c2 ||  baseAA%      w1%      kb%     cl4%     k20%     k25%     k30%     k40%     k45%      c1%      c2%
16     1     |   26.149 |   26.170 |   14.026 |   13.954 |   13.888 |   13.879 |   13.856 |   13.857 |   13.841 |   13.865 |   13.992 |   13.789 ||   +0.08  -46.36  -46.64  -46.89  -46.92  -47.01  -47.01  -47.07  -46.98  -46.49  -47.27
       med   |   26.470 |   26.516 |   14.110 |   14.109 |   14.101 |   14.098 |   14.098 |   14.095 |   14.102 |   14.033 |   14.120 |   14.071
32     2     |   26.498 |   26.482 |   15.301 |   15.323 |   15.265 |   15.340 |   15.291 |   15.289 |   15.294 |   15.296 |   15.265 |   15.256 ||   -0.06  -42.26  -42.18  -42.39  -42.11  -42.29  -42.30  -42.28  -42.27  -42.39  -42.43
       med   |   26.821 |   26.701 |   15.316 |   15.362 |   15.384 |   15.379 |   15.351 |   15.367 |   15.374 |   15.371 |   15.325 |   15.344
48     3     |   27.711 |   27.713 |   18.871 |   18.688 |   18.639 |   18.650 |   18.693 |   18.692 |   18.653 |   18.624 |   18.682 |   18.679 ||   +0.01  -31.90  -32.56  -32.74  -32.70  -32.54  -32.55  -32.69  -32.79  -32.58  -32.59
       med   |   28.504 |   27.979 |   19.018 |   18.852 |   18.825 |   18.833 |   18.878 |   18.878 |   18.941 |   18.813 |   18.711 |   18.860
64     4     |   28.994 |   28.878 |   23.124 |   22.782 |   22.747 |   22.770 |   22.851 |   22.852 |   22.837 |   22.837 |   22.572 |   22.830 ||   -0.40  -20.25  -21.42  -21.54  -21.47  -21.19  -21.18  -21.23  -21.24  -22.15  -21.26
       med   |   29.286 |   29.116 |   23.155 |   23.105 |   22.780 |   23.101 |   22.875 |   23.111 |   22.863 |   23.157 |   22.645 |   22.868
80     5     |   29.957 |   30.000 |   30.056 |   30.047 |   30.041 |   30.049 |   30.022 |   30.037 |   30.044 |   30.006 |   30.044 |   30.052 ||   +0.14   +0.33   +0.30   +0.28   +0.31   +0.22   +0.27   +0.29   +0.16   +0.29   +0.32
       med   |   30.209 |   30.319 |   30.267 |   30.293 |   30.282 |   30.369 |   30.296 |   30.321 |   30.249 |   30.299 |   30.256 |   30.308
96     6     |   30.896 |   30.860 |   30.866 |   30.884 |   30.891 |   30.874 |   30.855 |   30.864 |   30.873 |   30.875 |   30.867 |   30.866 ||   -0.12   -0.10   -0.04   -0.02   -0.07   -0.13   -0.11   -0.08   -0.07   -0.10   -0.10
       med   |   31.074 |   31.138 |   31.033 |   31.035 |   31.112 |   31.080 |   31.062 |   31.058 |   31.024 |   31.102 |   31.039 |   31.058
112    7     |   31.897 |   31.975 |   31.770 |   31.784 |   31.801 |   31.997 |   31.809 |   32.007 |   31.789 |   31.791 |   31.785 |   31.975 ||   +0.24   -0.40   -0.36   -0.30   +0.31   -0.28   +0.34   -0.34   -0.33   -0.35   +0.24
       med   |   34.237 |   34.878 |   34.137 |   34.484 |   34.691 |   34.440 |   34.618 |   34.267 |   34.091 |   34.137 |   34.144 |   34.352
128    8     |   30.104 |   30.037 |   30.048 |   30.048 |   30.009 |   30.102 |   30.049 |   30.110 |   30.100 |   29.806 |   30.095 |   30.106 ||   -0.22   -0.18   -0.19   -0.31   -0.01   -0.18   +0.02   -0.01   -0.99   -0.03   +0.01
       med   |   30.251 |   30.273 |   30.243 |   30.343 |   30.487 |   30.333 |   30.322 |   30.323 |   30.255 |   30.404 |   30.174 |   30.315
256    16    |   51.626 |   52.384 |   52.126 |   52.079 |   51.966 |   52.030 |   52.109 |   52.187 |   52.155 |   52.170 |   52.176 |   52.074 ||   +1.47   +0.97   +0.88   +0.66   +0.78   +0.93   +1.09   +1.02   +1.05   +1.06   +0.87
       med   |   52.819 |   52.947 |   52.591 |   52.629 |   52.608 |   52.600 |   52.611 |   52.673 |   52.568 |   52.708 |   52.597 |   52.568
512    32    |   95.046 |   95.435 |   94.212 |   94.371 |   94.074 |   93.983 |   93.851 |   93.738 |   94.099 |   94.646 |   94.027 |   94.842 ||   +0.41   -0.88   -0.71   -1.02   -1.12   -1.26   -1.38   -1.00   -0.42   -1.07   -0.21
       med   |   96.172 |   96.245 |   95.515 |   95.667 |   95.597 |   95.608 |   95.605 |   95.617 |   95.413 |   95.700 |   95.533 |   95.643
1024   64    |  179.730 |  180.231 |  178.494 |  179.474 |  179.198 |  179.398 |  179.926 |  179.708 |  179.596 |  179.163 |  179.719 |  179.969 ||   +0.28   -0.69   -0.14   -0.30   -0.18   +0.11   -0.01   -0.07   -0.32   -0.01   +0.13
       med   |  182.722 |  182.916 |  181.502 |  181.446 |  181.403 |  181.511 |  181.410 |  181.545 |  181.337 |  181.659 |  181.493 |  181.554
4096   256   |  695.079 |  693.380 |  690.966 |  690.735 |  690.001 |  690.980 |  690.222 |  690.963 |  690.345 |  691.167 |  691.083 |  690.230 ||   -0.24   -0.59   -0.62   -0.73   -0.59   -0.70   -0.59   -0.68   -0.56   -0.57   -0.70
       med   |  700.251 |  700.540 |  694.577 |  694.807 |  695.045 |  694.155 |  694.489 |  693.880 |  693.912 |  695.444 |  695.412 |  695.034
=== process binE.order1.5
SELFCHECK OK (256 whole-block lengths 1..256 blk x 12 variants; out/Xi/ivec/ret byte-identical, nothing written past 16*nblk)
bytes  blks  |     base |   baseAA |       w1 |       kb |      cl4 |      k20 |      k25 |      k30 |      k40 |      k45 |       c1 |       c2 ||  baseAA%      w1%      kb%     cl4%     k20%     k25%     k30%     k40%     k45%      c1%      c2%
16     1     |   26.335 |   26.173 |   13.862 |   13.961 |   13.898 |   13.950 |   13.958 |   13.858 |   13.989 |   13.953 |   13.985 |   13.796 ||   -0.61  -47.36  -46.99  -47.23  -47.03  -47.00  -47.38  -46.88  -47.02  -46.90  -47.61
       med   |   26.531 |   26.743 |   14.103 |   14.095 |   14.099 |   14.096 |   14.109 |   14.098 |   14.104 |   14.031 |   14.107 |   13.995
32     2     |   26.449 |   26.417 |   15.306 |   15.321 |   15.269 |   15.341 |   15.285 |   15.289 |   15.326 |   15.293 |   15.267 |   15.264 ||   -0.12  -42.13  -42.07  -42.27  -42.00  -42.21  -42.20  -42.06  -42.18  -42.28  -42.29
       med   |   26.744 |   26.707 |   15.320 |   15.338 |   15.394 |   15.381 |   15.353 |   15.355 |   15.373 |   15.368 |   15.325 |   15.340
48     3     |   27.691 |   27.722 |   18.886 |   18.684 |   18.635 |   18.655 |   18.690 |   18.687 |   18.715 |   18.640 |   18.683 |   18.676 ||   +0.11  -31.80  -32.53  -32.70  -32.63  -32.51  -32.52  -32.41  -32.68  -32.53  -32.56
       med   |   28.223 |   27.994 |   19.244 |   18.850 |   18.866 |   18.834 |   18.879 |   18.924 |   18.944 |   18.812 |   18.712 |   18.858
64     4     |   28.915 |   28.894 |   23.126 |   22.785 |   22.743 |   22.770 |   22.841 |   22.847 |   22.840 |   22.844 |   22.589 |   22.828 ||   -0.07  -20.02  -21.20  -21.34  -21.25  -21.01  -20.99  -21.01  -20.99  -21.88  -21.05
       med   |   29.197 |   29.119 |   23.160 |   23.105 |   22.856 |   23.118 |   22.870 |   23.108 |   22.864 |   23.157 |   22.650 |   23.041
80     5     |   29.957 |   30.000 |   30.049 |   30.043 |   29.998 |   30.044 |   30.035 |   30.052 |   30.046 |   30.005 |   30.054 |   30.043 ||   +0.14   +0.31   +0.29   +0.14   +0.29   +0.26   +0.32   +0.30   +0.16   +0.32   +0.29
       med   |   30.172 |   30.315 |   30.244 |   30.291 |   30.347 |   30.351 |   30.318 |   30.351 |   30.214 |   30.326 |   30.237 |   30.300
96     6     |   30.896 |   30.868 |   30.866 |   30.864 |   30.873 |   30.870 |   30.895 |   30.865 |   30.858 |   30.861 |   30.874 |   30.874 ||   -0.09   -0.10   -0.10   -0.07   -0.09   -0.00   -0.10   -0.12   -0.11   -0.07   -0.07
       med   |   31.068 |   31.126 |   31.031 |   31.027 |   31.185 |   31.077 |   31.065 |   31.053 |   31.018 |   31.099 |   31.034 |   31.064
112    7     |   31.827 |   31.726 |   31.756 |   31.757 |   31.764 |   31.769 |   31.745 |   31.762 |   31.754 |   31.760 |   31.755 |   31.770 ||   -0.32   -0.22   -0.22   -0.20   -0.18   -0.26   -0.21   -0.23   -0.21   -0.23   -0.18
       med   |   34.198 |   34.115 |   34.301 |   34.449 |   34.469 |   34.435 |   34.466 |   34.474 |   34.477 |   34.445 |   34.515 |   34.494
128    8     |   30.096 |   30.026 |   30.094 |   30.104 |   30.105 |   30.107 |   30.108 |   30.121 |   30.103 |   30.102 |   30.106 |   30.106 ||   -0.23   -0.01   +0.02   +0.03   +0.04   +0.04   +0.08   +0.02   +0.02   +0.03   +0.03
       med   |   30.255 |   30.285 |   30.242 |   30.307 |   30.433 |   30.324 |   30.346 |   30.373 |   30.250 |   30.356 |   30.203 |   30.312
256    16    |   52.257 |   52.348 |   52.046 |   52.152 |   52.059 |   51.366 |   52.139 |   52.197 |   52.194 |   52.009 |   52.047 |   51.561 ||   +0.17   -0.40   -0.20   -0.38   -1.71   -0.23   -0.12   -0.12   -0.47   -0.40   -1.33
       med   |   52.757 |   52.987 |   52.579 |   52.601 |   52.585 |   52.544 |   52.606 |   52.748 |   52.555 |   52.650 |   52.652 |   52.557
512    32    |   95.035 |   95.208 |   94.540 |   94.913 |   93.994 |   94.723 |   93.497 |   94.401 |   94.861 |   94.343 |   94.263 |   94.460 ||   +0.18   -0.52   -0.13   -1.10   -0.33   -1.62   -0.67   -0.18   -0.73   -0.81   -0.60
       med   |   96.100 |   96.203 |   95.544 |   95.679 |   95.524 |   95.895 |   95.554 |   95.567 |   95.403 |   95.652 |   95.453 |   95.654
1024   64    |  180.130 |  180.210 |  178.881 |  179.466 |  179.433 |  179.850 |  179.845 |  179.407 |  179.464 |  180.002 |  179.531 |  179.586 ||   +0.04   -0.69   -0.37   -0.39   -0.16   -0.16   -0.40   -0.37   -0.07   -0.33   -0.30
       med   |  182.666 |  182.863 |  181.526 |  181.546 |  181.564 |  181.546 |  181.513 |  181.490 |  181.344 |  181.570 |  181.567 |  181.498
4096   256   |  693.871 |  691.965 |  690.211 |  691.261 |  690.625 |  690.951 |  690.236 |  689.990 |  690.308 |  689.989 |  691.047 |  690.304 ||   -0.27   -0.53   -0.38   -0.47   -0.42   -0.52   -0.56   -0.51   -0.56   -0.41   -0.51
       med   |  700.465 |  700.085 |  694.391 |  694.569 |  695.222 |  694.100 |  694.355 |  693.861 |  694.298 |  695.281 |  695.806 |  694.869
=== process binE.order2.1
SELFCHECK OK (256 whole-block lengths 1..256 blk x 12 variants; out/Xi/ivec/ret byte-identical, nothing written past 16*nblk)
bytes  blks  |     base |       c2 |       c1 |      k45 |      k40 |      k30 |      k25 |      k20 |      cl4 |       kb |       w1 |   baseAA ||      c2%      c1%     k45%     k40%     k30%     k25%     k20%     cl4%      kb%      w1%  baseAA%
16     1     |   26.177 |   13.908 |   13.916 |   13.854 |   13.852 |   13.868 |   13.943 |   13.926 |   13.938 |   13.855 |   13.931 |   26.221 ||  -46.87  -46.84  -47.08  -47.08  -47.02  -46.73  -46.80  -46.75  -47.07  -46.78   +0.17
       med   |   26.432 |   14.047 |   13.994 |   14.085 |   14.099 |   14.005 |   14.098 |   14.078 |   14.059 |   14.083 |   14.092 |   26.458
32     2     |   26.528 |   15.271 |   15.288 |   15.304 |   15.296 |   15.262 |   15.264 |   15.299 |   15.279 |   15.298 |   15.288 |   26.500 ||  -42.43  -42.37  -42.31  -42.34  -42.47  -42.46  -42.33  -42.40  -42.33  -42.37   -0.10
       med   |   26.732 |   15.331 |   15.333 |   15.331 |   15.357 |   15.358 |   15.396 |   15.311 |   15.294 |   15.312 |   15.298 |   26.722
48     3     |   27.626 |   18.711 |   18.630 |   18.619 |   18.623 |   18.725 |   18.727 |   18.769 |   18.654 |   18.682 |   18.983 |   27.707 ||  -32.27  -32.56  -32.60  -32.59  -32.22  -32.21  -32.06  -32.48  -32.38  -31.28   +0.30
       med   |   28.004 |   19.059 |   18.707 |   18.806 |   18.894 |   19.068 |   19.027 |   18.838 |   18.722 |   18.758 |   19.286 |   28.011
64     4     |   28.921 |   22.836 |   22.599 |   22.797 |   22.795 |   22.835 |   22.837 |   22.783 |   22.719 |   22.772 |   23.141 |   28.891 ||  -21.04  -21.86  -21.18  -21.18  -21.04  -21.04  -21.22  -21.45  -21.26  -19.99   -0.11
       med   |   29.070 |   23.215 |   22.941 |   22.826 |   22.993 |   23.132 |   23.101 |   22.812 |   23.018 |   22.985 |   23.171 |   29.153
80     5     |   29.955 |   30.105 |   30.119 |   30.121 |   30.117 |   30.119 |   30.115 |   30.110 |   30.109 |   30.111 |   30.101 |   29.977 ||   +0.50   +0.55   +0.55   +0.54   +0.55   +0.54   +0.52   +0.52   +0.52   +0.49   +0.07
       med   |   30.203 |   30.276 |   30.225 |   30.309 |   30.353 |   30.248 |   30.242 |   30.206 |   30.241 |   30.239 |   30.325 |   30.181
96     6     |   30.900 |   30.819 |   30.399 |   30.823 |   30.829 |   30.812 |   30.792 |   30.830 |   30.802 |   30.822 |   30.783 |   30.861 ||   -0.26   -1.62   -0.25   -0.23   -0.29   -0.35   -0.23   -0.32   -0.25   -0.38   -0.13
       med   |   31.060 |   31.085 |   31.072 |   31.086 |   31.134 |   31.091 |   31.063 |   31.053 |   31.063 |   31.067 |   31.092 |   31.063
112    7     |   31.824 |   31.876 |   31.845 |   31.869 |   31.872 |   31.882 |   31.871 |   31.866 |   31.875 |   31.879 |   31.877 |   31.708 ||   +0.16   +0.06   +0.14   +0.15   +0.18   +0.15   +0.13   +0.16   +0.17   +0.17   -0.36
       med   |   32.275 |   32.320 |   32.315 |   32.262 |   32.372 |   32.276 |   32.279 |   32.266 |   32.298 |   32.328 |   32.319 |   32.226
128    8     |   30.093 |   29.939 |   29.910 |   29.935 |   29.945 |   29.786 |   29.937 |   29.930 |   29.930 |   29.927 |   29.926 |   30.031 ||   -0.51   -0.61   -0.53   -0.49   -1.02   -0.52   -0.54   -0.54   -0.55   -0.55   -0.21
       med   |   30.242 |   30.219 |   30.272 |   30.146 |   30.280 |   30.253 |   30.145 |   29.994 |   30.149 |   30.143 |   30.222 |   30.165
256    16    |   52.239 |   52.235 |   52.054 |   52.230 |   52.252 |   52.040 |   52.076 |   52.125 |   52.178 |   52.244 |   52.253 |   52.348 ||   -0.01   -0.36   -0.02   +0.02   -0.38   -0.31   -0.22   -0.12   +0.01   +0.03   +0.21
       med   |   52.813 |   52.747 |   52.720 |   52.875 |   52.766 |   52.744 |   52.744 |   52.562 |   52.618 |   52.744 |   52.802 |   52.938
512    32    |   95.087 |   94.643 |   94.760 |   94.699 |   94.607 |   94.855 |   94.268 |   94.268 |   94.498 |   93.987 |   94.013 |   95.363 ||   -0.47   -0.34   -0.41   -0.51   -0.24   -0.86   -0.86   -0.62   -1.16   -1.13   +0.29
       med   |   96.095 |   95.839 |   95.727 |   95.867 |   95.780 |   95.897 |   95.608 |   95.777 |   95.620 |   95.776 |   95.721 |   96.389
1024   64    |  180.595 |  179.596 |  179.793 |  179.357 |  179.813 |  179.620 |  179.916 |  179.667 |  179.715 |  179.920 |  179.908 |  180.593 ||   -0.55   -0.44   -0.69   -0.43   -0.54   -0.38   -0.51   -0.49   -0.37   -0.38   -0.00
       med   |  182.702 |  181.839 |  181.526 |  181.768 |  181.452 |  181.723 |  181.540 |  181.994 |  181.341 |  181.690 |  181.718 |  182.990
4096   256   |  694.252 |  690.924 |  692.114 |  691.924 |  692.078 |  692.075 |  692.008 |  691.639 |  691.705 |  690.905 |  692.350 |  691.568 ||   -0.48   -0.31   -0.34   -0.31   -0.31   -0.32   -0.38   -0.37   -0.48   -0.27   -0.39
       med   |  699.970 |  696.143 |  695.432 |  695.705 |  694.980 |  694.798 |  695.111 |  695.751 |  694.346 |  695.827 |  696.680 |  698.639
=== process binE.order2.2
SELFCHECK OK (256 whole-block lengths 1..256 blk x 12 variants; out/Xi/ivec/ret byte-identical, nothing written past 16*nblk)
bytes  blks  |     base |       c2 |       c1 |      k45 |      k40 |      k30 |      k25 |      k20 |      cl4 |       kb |       w1 |   baseAA ||      c2%      c1%     k45%     k40%     k30%     k25%     k20%     cl4%      kb%      w1%  baseAA%
16     1     |   26.185 |   13.899 |   13.780 |   13.861 |   13.955 |   13.927 |   13.864 |   13.912 |   13.938 |   13.856 |   13.930 |   26.219 ||  -46.92  -47.38  -47.06  -46.71  -46.81  -47.05  -46.87  -46.77  -47.08  -46.80   +0.13
       med   |   26.491 |   14.051 |   13.998 |   14.085 |   14.077 |   14.004 |   14.077 |   14.027 |   14.063 |   14.086 |   14.079 |   26.458
32     2     |   26.601 |   15.276 |   15.289 |   15.311 |   15.331 |   15.261 |   15.260 |   15.293 |   15.278 |   15.299 |   15.288 |   26.514 ||  -42.57  -42.52  -42.44  -42.36  -42.63  -42.63  -42.51  -42.56  -42.49  -42.53   -0.33
       med   |   26.760 |   15.335 |   15.347 |   15.396 |   15.450 |   15.364 |   15.359 |   15.311 |   15.384 |   15.313 |   15.303 |   26.805
48     3     |   27.491 |   18.767 |   18.666 |   18.790 |   18.794 |   18.777 |   18.782 |   18.822 |   18.695 |   18.731 |   19.130 |   27.766 ||  -31.73  -32.10  -31.65  -31.64  -31.70  -31.68  -31.53  -32.00  -31.86  -30.41   +1.00
       med   |   27.942 |   19.072 |   18.772 |   18.842 |   18.943 |   19.152 |   19.079 |   18.855 |   18.734 |   18.774 |   19.276 |   28.068
64     4     |   28.978 |   22.861 |   22.647 |   22.903 |   22.883 |   22.865 |   22.870 |   22.826 |   22.757 |   22.812 |   23.184 |   28.953 ||  -21.11  -21.84  -20.96  -21.03  -21.09  -21.08  -21.23  -21.47  -21.28  -19.99   -0.09
       med   |   29.118 |   23.168 |   23.003 |   22.932 |   23.076 |   23.187 |   23.101 |   22.851 |   23.066 |   23.095 |   23.221 |   29.246
80     5     |   29.982 |   30.137 |   30.134 |   30.135 |   30.132 |   30.140 |   30.141 |   30.141 |   30.143 |   30.130 |   30.148 |   29.994 ||   +0.52   +0.51   +0.51   +0.50   +0.53   +0.53   +0.53   +0.54   +0.49   +0.56   +0.04
       med   |   30.283 |   30.338 |   30.349 |   30.311 |   30.329 |   30.364 |   30.322 |   30.201 |   30.278 |   30.307 |   30.337 |   30.265
96     6     |   31.034 |   31.063 |   31.072 |   31.075 |   31.063 |   31.070 |   31.068 |   31.065 |   31.063 |   31.068 |   31.072 |   31.010 ||   +0.10   +0.12   +0.13   +0.09   +0.12   +0.11   +0.10   +0.09   +0.11   +0.12   -0.08
       med   |   31.273 |   31.270 |   31.270 |   31.264 |   31.387 |   31.264 |   31.247 |   31.148 |   31.203 |   31.267 |   31.259 |   31.328
112    7     |   31.900 |   31.999 |   31.912 |   31.981 |   31.994 |   31.990 |   31.997 |   31.991 |   31.992 |   31.987 |   31.810 |   31.863 ||   +0.31   +0.04   +0.25   +0.30   +0.28   +0.30   +0.28   +0.29   +0.27   -0.28   -0.12
       med   |   34.207 |   34.525 |   34.502 |   34.501 |   34.502 |   34.504 |   34.482 |   34.503 |   34.494 |   34.501 |   34.505 |   34.686
128    8     |   30.197 |   30.139 |   30.151 |   30.138 |   30.142 |   29.767 |   30.137 |   30.135 |   30.131 |   30.128 |   30.030 |   30.111 ||   -0.19   -0.15   -0.20   -0.18   -1.42   -0.20   -0.21   -0.22   -0.23   -0.55   -0.28
       med   |   30.528 |   30.378 |   30.579 |   30.420 |   30.490 |   30.441 |   30.271 |   30.210 |   30.200 |   30.275 |   30.407 |   30.292
256    16    |   52.311 |   52.203 |   52.270 |   52.106 |   52.230 |   52.261 |   52.219 |   52.237 |   52.211 |   52.247 |   52.242 |   52.517 ||   -0.21   -0.08   -0.39   -0.15   -0.10   -0.18   -0.14   -0.19   -0.12   -0.13   +0.39
       med   |   52.886 |   52.916 |   52.905 |   52.972 |   52.949 |   52.947 |   52.907 |   52.869 |   52.921 |   52.938 |   52.953 |   53.051
512    32    |   95.252 |   94.773 |   94.792 |   94.894 |   94.789 |   94.708 |   94.738 |   94.796 |   94.795 |   94.744 |   94.789 |   95.299 ||   -0.50   -0.48   -0.38   -0.49   -0.57   -0.54   -0.48   -0.48   -0.53   -0.49   +0.05
       med   |   96.168 |   96.053 |   95.836 |   96.138 |   95.924 |   96.022 |   95.656 |   96.065 |   95.810 |   95.962 |   95.972 |   96.260
1024   64    |  180.776 |  179.936 |  179.941 |  179.442 |  179.949 |  179.980 |  179.703 |  179.877 |  179.879 |  179.900 |  179.752 |  180.875 ||   -0.46   -0.46   -0.74   -0.46   -0.44   -0.59   -0.50   -0.50   -0.48   -0.57   +0.05
       med   |  182.709 |  181.866 |  181.547 |  182.037 |  181.743 |  181.633 |  181.425 |  181.930 |  181.364 |  181.605 |  181.672 |  182.997
4096   256   |  693.047 |  692.231 |  692.240 |  692.189 |  691.977 |  691.656 |  692.280 |  691.587 |  691.374 |  691.908 |  691.602 |  693.376 ||   -0.12   -0.12   -0.12   -0.15   -0.20   -0.11   -0.21   -0.24   -0.16   -0.21   +0.05
       med   |  700.183 |  696.211 |  695.359 |  695.660 |  694.600 |  694.898 |  695.245 |  696.356 |  694.594 |  695.633 |  695.838 |  699.037
=== process binE.order2.3
SELFCHECK OK (256 whole-block lengths 1..256 blk x 12 variants; out/Xi/ivec/ret byte-identical, nothing written past 16*nblk)
bytes  blks  |     base |       c2 |       c1 |      k45 |      k40 |      k30 |      k25 |      k20 |      cl4 |       kb |       w1 |   baseAA ||      c2%      c1%     k45%     k40%     k30%     k25%     k20%     cl4%      kb%      w1%  baseAA%
16     1     |   26.141 |   13.916 |   13.838 |   13.867 |   13.925 |   13.877 |   13.959 |   13.886 |   13.939 |   13.859 |   13.886 |   26.178 ||  -46.77  -47.06  -46.95  -46.73  -46.91  -46.60  -46.88  -46.68  -46.98  -46.88   +0.14
       med   |   26.635 |   14.048 |   13.996 |   14.013 |   14.096 |   14.004 |   14.095 |   14.087 |   14.062 |   14.093 |   14.092 |   27.012
32     2     |   26.518 |   15.274 |   15.287 |   15.304 |   15.308 |   15.261 |   15.257 |   15.297 |   15.278 |   15.299 |   15.283 |   26.476 ||  -42.40  -42.35  -42.29  -42.27  -42.45  -42.46  -42.31  -42.39  -42.31  -42.37   -0.16
       med   |   26.713 |   15.331 |   15.330 |   15.387 |   15.433 |   15.383 |   15.275 |   15.310 |   15.292 |   15.316 |   15.299 |   26.695
48     3     |   27.753 |   18.715 |   18.661 |   18.652 |   18.659 |   18.729 |   18.729 |   18.773 |   18.654 |   18.701 |   19.024 |   27.713 ||  -32.56  -32.76  -32.79  -32.77  -32.51  -32.52  -32.36  -32.79  -32.61  -31.45   -0.14
       med   |   27.905 |   19.060 |   18.689 |   18.808 |   18.924 |   19.079 |   19.011 |   18.838 |   18.718 |   18.754 |   19.193 |   27.986
64     4     |   28.898 |   22.835 |   22.602 |   22.789 |   22.798 |   22.839 |   22.840 |   22.787 |   22.716 |   22.778 |   23.129 |   28.888 ||  -20.98  -21.79  -21.14  -21.11  -20.97  -20.96  -21.15  -21.39  -21.18  -19.96   -0.03
       med   |   29.082 |   23.069 |   22.952 |   22.822 |   23.074 |   23.127 |   23.124 |   22.812 |   22.993 |   22.813 |   23.173 |   29.136
80     5     |   29.953 |   30.102 |   30.117 |   30.063 |   30.116 |   29.974 |   30.102 |   30.055 |   30.024 |   30.104 |   30.097 |   29.989 ||   +0.50   +0.55   +0.37   +0.54   +0.07   +0.50   +0.34   +0.24   +0.51   +0.48   +0.12
       med   |   30.201 |   30.264 |   30.309 |   30.327 |   30.258 |   30.342 |   30.238 |   30.172 |   30.238 |   30.254 |   30.274 |   30.209
96     6     |   30.911 |   30.834 |   30.829 |   30.828 |   30.828 |   30.829 |   30.815 |   30.825 |   30.829 |   30.829 |   30.822 |   30.860 ||   -0.25   -0.26   -0.27   -0.27   -0.26   -0.31   -0.28   -0.26   -0.27   -0.29   -0.17
       med   |   31.075 |   31.090 |   31.062 |   31.061 |   31.186 |   31.073 |   31.056 |   31.046 |   31.055 |   31.065 |   31.104 |   31.078
112    7     |   31.814 |   31.874 |   31.833 |   31.610 |   31.875 |   31.751 |   31.864 |   31.850 |   31.841 |   31.871 |   31.880 |   31.709 ||   +0.19   +0.06   -0.64   +0.19   -0.20   +0.16   +0.11   +0.08   +0.18   +0.21   -0.33
       med   |   32.054 |   32.013 |   32.002 |   32.003 |   32.017 |   32.003 |   31.988 |   31.982 |   31.982 |   32.004 |   32.020 |   32.048
128    8     |   30.105 |   29.737 |   29.939 |   29.660 |   29.805 |   29.928 |   29.923 |   29.875 |   29.921 |   29.938 |   29.918 |   30.035 ||   -1.22   -0.55   -1.48   -0.99   -0.59   -0.60   -0.76   -0.61   -0.55   -0.62   -0.23
       med   |   30.292 |   30.214 |   30.293 |   30.212 |   30.296 |   30.280 |   30.138 |   30.050 |   30.112 |   30.141 |   30.238 |   30.166
256    16    |   51.932 |   51.825 |   52.245 |   52.074 |   52.037 |   52.244 |   52.218 |   52.115 |   52.248 |   52.236 |   52.198 |   52.373 ||   -0.21   +0.60   +0.27   +0.20   +0.60   +0.55   +0.35   +0.61   +0.59   +0.51   +0.85
       med   |   52.755 |   52.662 |   52.713 |   52.832 |   52.884 |   52.730 |   52.721 |   52.676 |   52.663 |   52.693 |   52.722 |   52.932
512    32    |   94.961 |   94.459 |   94.632 |   94.459 |   94.684 |   94.676 |   94.542 |   94.694 |   94.388 |   94.456 |   94.458 |   95.376 ||   -0.53   -0.35   -0.53   -0.29   -0.30   -0.44   -0.28   -0.60   -0.53   -0.53   +0.44
       med   |   96.050 |   95.856 |   95.870 |   95.758 |   95.606 |   95.794 |   95.863 |   96.000 |   95.579 |   95.705 |   95.758 |   96.330
1024   64    |  180.326 |  179.782 |  179.663 |  179.897 |  179.725 |  179.655 |  179.680 |  179.738 |  179.666 |  179.507 |  179.653 |  180.501 ||   -0.30   -0.37   -0.24   -0.33   -0.37   -0.36   -0.33   -0.37   -0.45   -0.37   +0.10
       med   |  182.605 |  181.739 |  181.356 |  181.711 |  181.426 |  181.665 |  181.469 |  181.829 |  181.218 |  181.617 |  181.619 |  182.816
4096   256   |  694.456 |  692.258 |  692.280 |  691.878 |  691.389 |  692.168 |  691.824 |  692.257 |  691.966 |  692.141 |  692.072 |  694.514 ||   -0.32   -0.31   -0.37   -0.44   -0.33   -0.38   -0.32   -0.36   -0.33   -0.34   +0.01
       med   |  700.162 |  696.141 |  695.202 |  695.785 |  694.477 |  695.155 |  695.028 |  696.341 |  694.355 |  695.327 |  695.990 |  698.472
=== process binE.order2.4
SELFCHECK OK (256 whole-block lengths 1..256 blk x 12 variants; out/Xi/ivec/ret byte-identical, nothing written past 16*nblk)
bytes  blks  |     base |       c2 |       c1 |      k45 |      k40 |      k30 |      k25 |      k20 |      cl4 |       kb |       w1 |   baseAA ||      c2%      c1%     k45%     k40%     k30%     k25%     k20%     cl4%      kb%      w1%  baseAA%
16     1     |   26.135 |   13.903 |   13.914 |   13.890 |   13.944 |   13.888 |   13.933 |   13.865 |   13.947 |   13.860 |   13.925 |   26.169 ||  -46.81  -46.76  -46.85  -46.65  -46.86  -46.69  -46.95  -46.64  -46.97  -46.72   +0.13
       med   |   26.755 |   14.012 |   13.996 |   14.002 |   14.098 |   14.089 |   14.098 |   14.032 |   14.063 |   14.095 |   14.090 |   27.047
32     2     |   26.492 |   15.273 |   15.289 |   15.305 |   15.306 |   15.262 |   15.263 |   15.296 |   15.279 |   15.298 |   15.285 |   26.489 ||  -42.35  -42.29  -42.23  -42.23  -42.39  -42.39  -42.26  -42.33  -42.25  -42.31   -0.01
       med   |   26.629 |   15.330 |   15.337 |   15.388 |   15.376 |   15.364 |   15.398 |   15.311 |   15.376 |   15.315 |   15.301 |   26.702
48     3     |   27.589 |   18.717 |   18.660 |   18.668 |   18.664 |   18.733 |   18.726 |   18.780 |   18.655 |   18.694 |   19.034 |   27.708 ||  -32.16  -32.36  -32.34  -32.35  -32.10  -32.12  -31.93  -32.38  -32.24  -31.01   +0.43
       med   |   27.909 |   19.060 |   18.719 |   18.855 |   18.910 |   19.128 |   19.082 |   18.894 |   18.769 |   18.817 |   19.227 |   27.945
64     4     |   28.915 |   22.838 |   22.599 |   22.793 |   22.790 |   22.842 |   22.842 |   22.788 |   22.719 |   22.778 |   23.136 |   28.884 ||  -21.02  -21.84  -21.17  -21.18  -21.00  -21.00  -21.19  -21.43  -21.22  -19.99   -0.11
       med   |   29.028 |   23.362 |   22.896 |   22.826 |   23.067 |   23.140 |   23.023 |   22.811 |   23.013 |   22.977 |   23.166 |   29.110
80     5     |   29.961 |   30.110 |   30.041 |   30.092 |   30.121 |   29.980 |   30.111 |   30.107 |   30.100 |   30.113 |   30.098 |   29.974 ||   +0.50   +0.26   +0.44   +0.53   +0.06   +0.50   +0.49   +0.46   +0.51   +0.46   +0.04
       med   |   30.139 |   30.270 |   30.251 |   30.255 |   30.343 |   30.347 |   30.236 |   30.165 |   30.174 |   30.244 |   30.262 |   30.165
96     6     |   30.907 |   30.804 |   30.790 |   30.801 |   30.779 |   30.814 |   30.792 |   30.778 |   30.781 |   30.781 |   30.803 |   30.862 ||   -0.34   -0.38   -0.34   -0.41   -0.30   -0.37   -0.42   -0.41   -0.41   -0.34   -0.15
       med   |   31.077 |   31.085 |   31.066 |   31.055 |   31.112 |   31.088 |   31.055 |   31.040 |   31.036 |   31.059 |   31.099 |   31.063
112    7     |   31.823 |   31.872 |   31.807 |   31.876 |   31.876 |   31.878 |   31.869 |   31.869 |   31.874 |   31.873 |   31.872 |   31.699 ||   +0.15   -0.05   +0.17   +0.17   +0.17   +0.14   +0.14   +0.16   +0.16   +0.15   -0.39
       med   |   32.079 |   32.024 |   31.997 |   32.001 |   32.032 |   32.016 |   31.991 |   31.961 |   31.958 |   31.995 |   32.022 |   32.054
128    8     |   30.112 |   29.937 |   29.910 |   29.933 |   29.943 |   29.621 |   29.939 |   29.930 |   29.930 |   29.933 |   29.942 |   30.030 ||   -0.58   -0.67   -0.60   -0.56   -1.63   -0.58   -0.61   -0.60   -0.59   -0.57   -0.27
       med   |   30.343 |   30.154 |   30.301 |   30.145 |   30.284 |   30.213 |   30.142 |   29.990 |   30.115 |   30.122 |   30.151 |   30.166
256    16    |   52.191 |   52.212 |   52.044 |   52.036 |   52.224 |   52.246 |   52.238 |   52.018 |   52.234 |   52.217 |   52.227 |   52.335 ||   +0.04   -0.28   -0.30   +0.06   +0.10   +0.09   -0.33   +0.08   +0.05   +0.07   +0.28
       med   |   52.789 |   52.658 |   52.758 |   52.931 |   52.811 |   52.824 |   52.744 |   52.593 |   52.642 |   52.645 |   52.736 |   52.927
512    32    |   94.848 |   93.929 |   94.447 |   94.533 |   94.452 |   94.511 |   94.652 |   94.441 |   94.461 |   94.174 |   94.442 |   95.277 ||   -0.97   -0.42   -0.33   -0.42   -0.36   -0.21   -0.43   -0.41   -0.71   -0.43   +0.45
       med   |   96.007 |   95.686 |   95.712 |   95.849 |   95.516 |   95.716 |   95.759 |   95.896 |   95.294 |   95.782 |   95.541 |   96.143
1024   64    |  179.518 |  179.859 |  179.683 |  179.463 |  179.864 |  179.736 |  179.656 |  179.865 |  178.814 |  179.517 |  179.725 |  179.905 ||   +0.19   +0.09   -0.03   +0.19   +0.12   +0.08   +0.19   -0.39   -0.00   +0.11   +0.22
       med   |  182.274 |  181.851 |  181.341 |  181.840 |  181.176 |  181.611 |  181.340 |  181.849 |  181.279 |  181.476 |  181.535 |  182.883
4096   256   |  693.053 |  692.217 |  691.875 |  692.211 |  691.471 |  691.239 |  691.960 |  692.075 |  691.987 |  692.146 |  692.195 |  693.646 ||   -0.12   -0.17   -0.12   -0.23   -0.26   -0.16   -0.14   -0.15   -0.13   -0.12   +0.09
       med   |  700.163 |  696.184 |  695.332 |  695.612 |  694.549 |  694.934 |  694.677 |  696.779 |  694.464 |  695.398 |  695.963 |  698.553
=== process binE.order2.5
SELFCHECK OK (256 whole-block lengths 1..256 blk x 12 variants; out/Xi/ivec/ret byte-identical, nothing written past 16*nblk)
bytes  blks  |     base |       c2 |       c1 |      k45 |      k40 |      k30 |      k25 |      k20 |      cl4 |       kb |       w1 |   baseAA ||      c2%      c1%     k45%     k40%     k30%     k25%     k20%     cl4%      kb%      w1%  baseAA%
16     1     |   26.173 |   13.892 |   13.797 |   13.882 |   13.978 |   13.866 |   13.980 |   13.905 |   13.930 |   13.876 |   13.927 |   26.144 ||  -46.92  -47.29  -46.96  -46.59  -47.02  -46.59  -46.87  -46.78  -46.99  -46.79   -0.11
       med   |   26.426 |   14.053 |   13.997 |   14.003 |   14.093 |   14.025 |   14.096 |   14.021 |   14.059 |   14.086 |   14.092 |   26.468
32     2     |   26.524 |   15.272 |   15.291 |   15.322 |   15.323 |   15.259 |   15.260 |   15.294 |   15.277 |   15.300 |   15.286 |   26.494 ||  -42.42  -42.35  -42.23  -42.23  -42.47  -42.47  -42.34  -42.40  -42.32  -42.37   -0.11
       med   |   26.688 |   15.328 |   15.336 |   15.386 |   15.370 |   15.360 |   15.393 |   15.312 |   15.382 |   15.315 |   15.298 |   26.716
48     3     |   27.740 |   18.708 |   18.616 |   18.624 |   18.620 |   18.728 |   18.725 |   18.768 |   18.652 |   18.687 |   18.984 |   27.709 ||  -32.56  -32.89  -32.86  -32.88  -32.49  -32.50  -32.34  -32.76  -32.63  -31.56   -0.11
       med   |   27.911 |   19.262 |   18.688 |   18.803 |   18.876 |   19.075 |   19.034 |   18.835 |   18.729 |   18.886 |   19.231 |   27.955
64     4     |   28.911 |   22.832 |   22.599 |   22.793 |   22.789 |   22.838 |   22.844 |   22.787 |   22.717 |   22.776 |   23.139 |   28.889 ||  -21.03  -21.83  -21.16  -21.18  -21.01  -20.99  -21.18  -21.43  -21.22  -19.97   -0.08
       med   |   29.037 |   22.994 |   22.944 |   22.823 |   23.082 |   23.127 |   23.024 |   22.811 |   22.924 |   22.817 |   23.171 |   29.149
80     5     |   29.950 |   30.103 |   30.114 |   30.124 |   30.135 |   30.124 |   30.111 |   30.113 |   30.106 |   30.109 |   30.111 |   29.985 ||   +0.51   +0.55   +0.58   +0.62   +0.58   +0.54   +0.55   +0.52   +0.53   +0.54   +0.12
       med   |   30.164 |   30.256 |   30.252 |   30.260 |   30.355 |   30.234 |   30.225 |   30.167 |   30.230 |   30.245 |   30.249 |   30.124
96     6     |   30.907 |   30.835 |   30.834 |   30.813 |   30.832 |   30.824 |   30.826 |   30.820 |   30.826 |   30.828 |   30.814 |   30.856 ||   -0.23   -0.24   -0.30   -0.24   -0.27   -0.26   -0.28   -0.26   -0.26   -0.30   -0.16
       med   |   31.086 |   31.066 |   31.068 |   31.060 |   31.119 |   31.048 |   31.051 |   31.053 |   31.056 |   31.060 |   31.103 |   31.065
112    7     |   31.675 |   31.862 |   31.812 |   31.874 |   31.875 |   31.866 |   31.827 |   31.777 |   31.873 |   31.879 |   31.871 |   31.643 ||   +0.59   +0.43   +0.63   +0.63   +0.60   +0.48   +0.32   +0.62   +0.65   +0.62   -0.10
       med   |   32.209 |   32.328 |   32.286 |   32.273 |   32.376 |   32.292 |   32.265 |   32.253 |   32.289 |   32.304 |   32.288 |   32.323
128    8     |   30.107 |   29.937 |   29.943 |   29.925 |   29.733 |   29.937 |   29.920 |   29.936 |   29.935 |   29.941 |   29.715 |   30.037 ||   -0.56   -0.55   -0.61   -1.24   -0.56   -0.62   -0.57   -0.57   -0.55   -1.30   -0.23
       med   |   30.330 |   30.142 |   30.283 |   30.150 |   30.293 |   30.253 |   30.137 |   30.055 |   30.054 |   30.085 |   30.213 |   30.162
256    16    |   52.271 |   51.825 |   52.177 |   52.221 |   52.092 |   52.232 |   52.034 |   52.148 |   52.234 |   52.225 |   52.224 |   52.348 ||   -0.85   -0.18   -0.10   -0.34   -0.07   -0.45   -0.23   -0.07   -0.09   -0.09   +0.15
       med   |   52.839 |   52.676 |   52.697 |   52.808 |   52.772 |   52.702 |   52.600 |   52.574 |   52.619 |   52.626 |   52.707 |   52.905
512    32    |   94.693 |   94.606 |   94.803 |   94.532 |   94.520 |   94.283 |   94.630 |   94.759 |   94.462 |   94.194 |   94.642 |   95.370 ||   -0.09   +0.12   -0.17   -0.18   -0.43   -0.07   +0.07   -0.24   -0.53   -0.05   +0.71
       med   |   96.028 |   95.692 |   95.630 |   95.763 |   95.601 |   95.651 |   95.725 |   95.803 |   95.348 |   95.759 |   95.690 |   96.468
1024   64    |  180.575 |  179.690 |  179.784 |  179.465 |  179.671 |  179.901 |  179.583 |  179.823 |  179.793 |  179.703 |  179.620 |  180.444 ||   -0.49   -0.44   -0.61   -0.50   -0.37   -0.55   -0.42   -0.43   -0.48   -0.53   -0.07
       med   |  182.569 |  181.769 |  181.225 |  181.846 |  181.076 |  181.619 |  181.286 |  181.715 |  181.264 |  181.555 |  181.661 |  182.839
4096   256   |  695.188 |  691.173 |  692.034 |  691.889 |  691.817 |  690.919 |  692.145 |  692.018 |  691.981 |  691.967 |  691.943 |  694.087 ||   -0.58   -0.45   -0.47   -0.48   -0.61   -0.44   -0.46   -0.46   -0.46   -0.47   -0.16
       med   |  700.250 |  695.856 |  695.271 |  695.587 |  694.864 |  695.314 |  695.026 |  696.420 |  694.415 |  695.343 |  696.083 |  698.562
=== process binE.order3.1
SELFCHECK OK (256 whole-block lengths 1..256 blk x 12 variants; out/Xi/ivec/ret byte-identical, nothing written past 16*nblk)
bytes  blks  |     base |      k25 |      k30 |      k40 |      k45 |       c1 |       c2 |   baseAA |       w1 |       kb |      cl4 |      k20 ||     k25%     k30%     k40%     k45%      c1%      c2%  baseAA%      w1%      kb%     cl4%     k20%
16     1     |   26.249 |   13.924 |   13.996 |   13.864 |   13.945 |   13.770 |   13.915 |   26.436 |   13.954 |   13.856 |   13.942 |   13.844 ||  -46.95  -46.68  -47.18  -46.88  -47.54  -46.99   +0.71  -46.84  -47.21  -46.88  -47.26
       med   |   26.703 |   14.087 |   14.091 |   13.989 |   14.097 |   14.061 |   14.055 |   27.139 |   14.099 |   14.064 |   14.099 |   14.089
32     2     |   26.443 |   15.259 |   15.265 |   15.307 |   15.319 |   15.286 |   15.275 |   26.496 |   15.304 |   15.324 |   15.306 |   15.341 ||  -42.30  -42.27  -42.11  -42.07  -42.20  -42.24   +0.20  -42.12  -42.05  -42.12  -41.98
       med   |   26.702 |   15.362 |   15.390 |   15.386 |   15.440 |   15.305 |   15.401 |   26.533 |   15.329 |   15.372 |   15.330 |   15.383
48     3     |   27.630 |   18.732 |   18.732 |   18.666 |   18.674 |   18.659 |   18.721 |   27.704 |   18.911 |   18.708 |   18.660 |   18.690 ||  -32.21  -32.21  -32.44  -32.41  -32.47  -32.25   +0.27  -31.56  -32.29  -32.46  -32.36
       med   |   28.200 |   19.086 |   19.033 |   18.851 |   18.917 |   18.751 |   19.070 |   27.821 |   19.046 |   18.849 |   18.829 |   18.903
64     4     |   28.922 |   22.841 |   22.837 |   22.796 |   22.794 |   22.599 |   22.829 |   28.883 |   23.127 |   22.781 |   22.747 |   22.767 ||  -21.03  -21.04  -21.18  -21.19  -21.86  -21.07   -0.14  -20.04  -21.23  -21.35  -21.28
       med   |   29.094 |   23.387 |   23.006 |   22.822 |   22.995 |   22.622 |   23.008 |   28.938 |   23.289 |   23.056 |   22.770 |   23.102
80     5     |   29.966 |   30.094 |   30.101 |   30.124 |   30.110 |   30.123 |   30.120 |   29.986 |   30.042 |   30.044 |   30.043 |   30.045 ||   +0.43   +0.45   +0.53   +0.48   +0.53   +0.52   +0.07   +0.26   +0.26   +0.26   +0.26
       med   |   30.247 |   30.243 |   30.258 |   30.260 |   30.266 |   30.263 |   30.246 |   30.122 |   30.244 |   30.294 |   30.212 |   30.284
96     6     |   30.915 |   30.838 |   30.818 |   30.824 |   30.825 |   30.824 |   30.840 |   30.870 |   30.870 |   30.864 |   30.872 |   30.876 ||   -0.25   -0.31   -0.29   -0.29   -0.29   -0.24   -0.14   -0.14   -0.16   -0.14   -0.12
       med   |   31.089 |   31.078 |   31.063 |   31.048 |   31.110 |   31.093 |   31.071 |   30.993 |   31.019 |   31.093 |   30.981 |   31.034
112    7     |   31.822 |   31.874 |   31.800 |   31.871 |   31.878 |   31.865 |   31.872 |   31.711 |   31.653 |   31.761 |   31.751 |   31.757 ||   +0.16   -0.07   +0.15   +0.18   +0.13   +0.16   -0.35   -0.53   -0.19   -0.22   -0.21
       med   |   32.066 |   32.033 |   32.000 |   32.001 |   32.030 |   32.010 |   32.005 |   31.989 |   32.009 |   32.127 |   32.028 |   32.129
128    8     |   30.106 |   29.937 |   29.667 |   29.787 |   29.928 |   29.804 |   29.933 |   30.032 |   30.097 |   30.094 |   30.098 |   30.105 ||   -0.56   -1.46   -1.06   -0.59   -1.00   -0.57   -0.25   -0.03   -0.04   -0.03   -0.00
       med   |   30.325 |   30.131 |   30.287 |   30.234 |   30.259 |   30.155 |   30.063 |   30.110 |   30.294 |   30.368 |   30.206 |   30.312
256    16    |   52.266 |   52.231 |   52.242 |   52.227 |   52.222 |   52.245 |   52.223 |   51.609 |   51.997 |   52.133 |   52.079 |   51.970 ||   -0.07   -0.05   -0.07   -0.09   -0.04   -0.08   -1.26   -0.52   -0.25   -0.36   -0.57
       med   |   52.790 |   52.677 |   52.582 |   52.750 |   52.747 |   52.721 |   52.591 |   52.865 |   52.547 |   52.670 |   52.626 |   52.584
512    32    |   94.807 |   94.359 |   94.405 |   94.508 |   94.469 |   94.486 |   94.549 |   95.275 |   93.968 |   94.407 |   93.803 |   93.944 ||   -0.47   -0.42   -0.32   -0.36   -0.34   -0.27   +0.49   -0.88   -0.42   -1.06   -0.91
       med   |   95.952 |   95.688 |   95.599 |   95.877 |   95.624 |   95.636 |   95.508 |   96.260 |   95.390 |   95.613 |   95.512 |   95.539
1024   64    |  179.921 |  179.661 |  179.765 |  179.810 |  179.928 |  179.678 |  179.180 |  180.623 |  179.375 |  179.587 |  179.673 |  179.304 ||   -0.14   -0.09   -0.06   +0.00   -0.14   -0.41   +0.39   -0.30   -0.19   -0.14   -0.34
       med   |  182.464 |  181.690 |  181.374 |  181.769 |  181.221 |  181.492 |  181.125 |  182.917 |  181.118 |  181.386 |  181.324 |  181.403
4096   256   |  693.828 |  692.072 |  692.055 |  692.067 |  692.011 |  692.020 |  692.096 |  694.621 |  689.282 |  691.343 |  690.219 |  690.259 ||   -0.25   -0.26   -0.25   -0.26   -0.26   -0.25   +0.11   -0.66   -0.36   -0.52   -0.51
       med   |  700.261 |  696.145 |  695.359 |  695.428 |  694.968 |  694.673 |  695.325 |  701.306 |  694.231 |  695.525 |  695.064 |  694.673
=== process binE.order3.2
SELFCHECK OK (256 whole-block lengths 1..256 blk x 12 variants; out/Xi/ivec/ret byte-identical, nothing written past 16*nblk)
bytes  blks  |     base |      k25 |      k30 |      k40 |      k45 |       c1 |       c2 |   baseAA |       w1 |       kb |      cl4 |      k20 ||     k25%     k30%     k40%     k45%      c1%      c2%  baseAA%      w1%      kb%     cl4%     k20%
16     1     |   26.146 |   13.933 |   13.930 |   13.862 |   13.947 |   13.880 |   13.911 |   26.154 |   13.988 |   13.951 |   13.937 |   13.846 ||  -46.71  -46.72  -46.98  -46.66  -46.91  -46.79   +0.03  -46.50  -46.64  -46.69  -47.04
       med   |   26.470 |   14.093 |   14.098 |   14.000 |   14.100 |   14.064 |   14.044 |   26.328 |   14.110 |   14.030 |   14.097 |   14.026
32     2     |   26.475 |   15.259 |   15.262 |   15.306 |   15.325 |   15.289 |   15.274 |   26.486 |   15.305 |   15.324 |   15.307 |   15.336 ||  -42.36  -42.35  -42.19  -42.11  -42.25  -42.31   +0.04  -42.19  -42.12  -42.18  -42.07
       med   |   26.800 |   15.360 |   15.385 |   15.389 |   15.437 |   15.305 |   15.402 |   26.572 |   15.316 |   15.375 |   15.320 |   15.380
48     3     |   27.570 |   18.729 |   18.728 |   18.617 |   18.629 |   18.625 |   18.713 |   27.727 |   18.877 |   18.684 |   18.638 |   18.661 ||  -32.07  -32.07  -32.47  -32.43  -32.45  -32.12   +0.57  -31.53  -32.23  -32.40  -32.31
       med   |   29.345 |   19.077 |   18.930 |   18.799 |   18.914 |   18.684 |   19.022 |   27.923 |   19.016 |   18.847 |   18.813 |   18.833
64     4     |   28.907 |   22.835 |   22.834 |   22.796 |   22.797 |   22.599 |   22.832 |   28.898 |   23.128 |   22.785 |   22.749 |   22.766 ||  -21.01  -21.01  -21.14  -21.14  -21.82  -21.02   -0.03  -19.99  -21.18  -21.30  -21.24
       med   |   29.263 |   22.864 |   22.865 |   22.821 |   23.076 |   22.678 |   23.002 |   29.014 |   23.291 |   23.058 |   22.769 |   23.117
80     5     |   29.979 |   30.107 |   30.124 |   30.125 |   30.117 |   30.121 |   30.114 |   29.986 |   30.038 |   30.059 |   30.048 |   30.032 ||   +0.43   +0.48   +0.49   +0.46   +0.48   +0.45   +0.03   +0.20   +0.27   +0.23   +0.18
       med   |   30.255 |   30.263 |   30.261 |   30.286 |   30.342 |   30.245 |   30.267 |   30.148 |   30.246 |   30.312 |   30.245 |   30.307
96     6     |   30.912 |   30.865 |   30.827 |   30.825 |   30.827 |   30.827 |   30.823 |   30.859 |   30.858 |   30.863 |   30.867 |   30.868 ||   -0.15   -0.28   -0.28   -0.28   -0.28   -0.29   -0.17   -0.17   -0.16   -0.15   -0.14
       med   |   31.076 |   31.082 |   31.063 |   31.071 |   31.158 |   31.047 |   31.083 |   31.003 |   31.031 |   31.062 |   31.026 |   31.034
112    7     |   32.117 |   31.901 |   31.905 |   31.976 |   31.890 |   31.900 |   31.883 |   31.725 |   31.774 |   31.764 |   32.002 |   31.775 ||   -0.67   -0.66   -0.44   -0.71   -0.68   -0.73   -1.22   -1.07   -1.10   -0.36   -1.06
       med   |   34.523 |   34.666 |   34.608 |   34.635 |   34.834 |   34.593 |   34.613 |   34.813 |   34.093 |   34.135 |   34.126 |   34.105
128    8     |   30.092 |   29.931 |   29.694 |   29.659 |   29.790 |   29.937 |   29.673 |   30.014 |   30.108 |   30.099 |   30.106 |   29.849 ||   -0.54   -1.32   -1.44   -1.00   -0.51   -1.39   -0.26   +0.05   +0.02   +0.05   -0.81
       med   |   30.310 |   30.101 |   30.311 |   30.183 |   30.267 |   30.088 |   30.133 |   30.140 |   30.300 |   30.395 |   30.234 |   30.315
256    16    |   52.193 |   51.923 |   52.235 |   52.197 |   52.224 |   52.223 |   52.222 |   52.345 |   51.570 |   52.144 |   52.187 |   51.857 ||   -0.52   +0.08   +0.01   +0.06   +0.06   +0.06   +0.29   -1.19   -0.09   -0.01   -0.64
       med   |   52.784 |   52.686 |   52.639 |   52.730 |   52.800 |   52.656 |   52.636 |   52.906 |   52.582 |   52.658 |   52.646 |   52.585
512    32    |   94.664 |   94.272 |   94.007 |   94.460 |   94.747 |   94.677 |   94.399 |   95.000 |   93.931 |   94.740 |   94.674 |   93.584 ||   -0.41   -0.69   -0.22   +0.09   +0.01   -0.28   +0.35   -0.77   +0.08   +0.01   -1.14
       med   |   96.069 |   95.709 |   95.609 |   95.641 |   95.682 |   95.495 |   95.471 |   96.261 |   95.382 |   95.647 |   95.480 |   95.647
1024   64    |  179.851 |  179.834 |  179.624 |  179.664 |  179.632 |  179.788 |  179.919 |  180.143 |  179.827 |  179.933 |  179.995 |  179.718 ||   -0.01   -0.13   -0.10   -0.12   -0.04   +0.04   +0.16   -0.01   +0.05   +0.08   -0.07
       med   |  182.534 |  181.692 |  181.434 |  181.772 |  181.400 |  181.350 |  181.133 |  182.904 |  181.149 |  181.520 |  181.441 |  181.476
4096   256   |  693.149 |  692.128 |  692.086 |  692.053 |  691.956 |  691.904 |  691.595 |  691.934 |  690.567 |  691.068 |  691.452 |  690.141 ||   -0.15   -0.15   -0.16   -0.17   -0.18   -0.22   -0.18   -0.37   -0.30   -0.24   -0.43
       med   |  700.386 |  696.139 |  695.470 |  695.976 |  694.681 |  695.071 |  695.513 |  701.177 |  693.894 |  695.576 |  695.436 |  694.500
=== process binE.order3.3
SELFCHECK OK (256 whole-block lengths 1..256 blk x 12 variants; out/Xi/ivec/ret byte-identical, nothing written past 16*nblk)
bytes  blks  |     base |      k25 |      k30 |      k40 |      k45 |       c1 |       c2 |   baseAA |       w1 |       kb |      cl4 |      k20 ||     k25%     k30%     k40%     k45%      c1%      c2%  baseAA%      w1%      kb%     cl4%     k20%
16     1     |   26.256 |   13.878 |   13.944 |   13.872 |   13.976 |   13.786 |   13.886 |   26.376 |   13.963 |   13.955 |   13.936 |   13.864 ||  -47.14  -46.89  -47.17  -46.77  -47.49  -47.11   +0.45  -46.82  -46.85  -46.92  -47.20
       med   |   26.701 |   14.097 |   14.101 |   14.004 |   14.092 |   14.061 |   14.053 |   27.115 |   14.096 |   14.048 |   14.092 |   14.028
32     2     |   26.531 |   15.261 |   15.262 |   15.312 |   15.324 |   15.287 |   15.270 |   26.491 |   15.304 |   15.321 |   15.308 |   15.342 ||  -42.48  -42.47  -42.28  -42.24  -42.38  -42.44   -0.15  -42.31  -42.25  -42.30  -42.17
       med   |   26.705 |   15.440 |   15.391 |   15.337 |   15.429 |   15.303 |   15.339 |   26.535 |   15.317 |   15.374 |   15.327 |   15.385
48     3     |   27.506 |   18.730 |   18.735 |   18.665 |   18.662 |   18.663 |   18.721 |   27.708 |   18.912 |   18.717 |   18.653 |   18.691 ||  -31.90  -31.89  -32.14  -32.15  -32.15  -31.94   +0.74  -31.24  -31.95  -32.18  -32.04
       med   |   28.046 |   19.089 |   18.993 |   18.853 |   18.927 |   18.750 |   19.065 |   27.873 |   19.021 |   18.848 |   18.845 |   18.886
64     4     |   28.927 |   22.852 |   22.838 |   22.796 |   22.796 |   22.596 |   22.832 |   28.881 |   23.132 |   22.783 |   22.743 |   22.770 ||  -21.00  -21.05  -21.19  -21.19  -21.89  -21.07   -0.16  -20.03  -21.24  -21.38  -21.29
       med   |   29.127 |   23.394 |   22.861 |   22.821 |   22.974 |   22.664 |   23.003 |   28.940 |   23.291 |   23.065 |   22.767 |   23.100
80     5     |   29.949 |   30.104 |   30.117 |   30.131 |   30.104 |   30.122 |   30.089 |   29.974 |   30.044 |   29.721 |   30.049 |   30.052 ||   +0.52   +0.56   +0.61   +0.52   +0.58   +0.47   +0.09   +0.32   -0.76   +0.33   +0.34
       med   |   30.250 |   30.254 |   30.270 |   30.258 |   30.266 |   30.334 |   30.312 |   30.153 |   30.257 |   30.299 |   30.248 |   30.294
96     6     |   30.899 |   30.830 |   30.819 |   30.830 |   30.835 |   30.831 |   30.824 |   30.862 |   30.849 |   30.850 |   30.864 |   30.877 ||   -0.22   -0.26   -0.22   -0.21   -0.22   -0.24   -0.12   -0.16   -0.16   -0.11   -0.07
       med   |   31.074 |   31.071 |   31.077 |   31.066 |   31.131 |   31.084 |   31.099 |   30.977 |   31.022 |   31.070 |   31.022 |   31.061
112    7     |   31.806 |   31.829 |   31.804 |   31.868 |   31.878 |   31.874 |   31.873 |   31.691 |   31.755 |   31.754 |   31.754 |   31.642 ||   +0.07   -0.01   +0.19   +0.23   +0.21   +0.21   -0.36   -0.16   -0.17   -0.16   -0.52
       med   |   32.132 |   32.037 |   32.004 |   32.023 |   32.045 |   32.027 |   32.018 |   31.984 |   32.011 |   32.135 |   32.030 |   32.157
128    8     |   30.115 |   29.942 |   29.661 |   29.900 |   29.735 |   29.713 |   29.941 |   30.032 |   30.092 |   30.101 |   30.094 |   30.100 ||   -0.57   -1.51   -0.71   -1.26   -1.33   -0.58   -0.28   -0.07   -0.05   -0.07   -0.05
       med   |   30.343 |   30.200 |   30.299 |   30.219 |   30.347 |   30.208 |   30.141 |   30.151 |   30.303 |   30.362 |   30.155 |   30.363
256    16    |   52.142 |   52.144 |   52.244 |   52.242 |   52.224 |   52.221 |   52.129 |   52.354 |   51.984 |   52.141 |   52.145 |   52.021 ||   +0.00   +0.20   +0.19   +0.16   +0.15   -0.02   +0.41   -0.30   -0.00   +0.01   -0.23
       med   |   52.796 |   52.629 |   52.676 |   52.683 |   52.826 |   52.683 |   52.601 |   52.882 |   52.535 |   52.631 |   52.634 |   52.602
512    32    |   94.847 |   93.998 |   94.454 |   94.461 |   94.461 |   94.445 |   94.447 |   95.291 |   94.554 |   93.943 |   94.552 |   94.775 ||   -0.90   -0.41   -0.41   -0.41   -0.42   -0.42   +0.47   -0.31   -0.95   -0.31   -0.08
       med   |   96.032 |   95.952 |   95.525 |   95.778 |   95.532 |   95.533 |   95.290 |   96.242 |   95.359 |   95.592 |   95.548 |   95.711
1024   64    |  179.971 |  179.767 |  178.881 |  179.903 |  179.755 |  179.363 |  179.661 |  180.470 |  179.449 |  179.724 |  178.713 |  179.887 ||   -0.11   -0.61   -0.04   -0.12   -0.34   -0.17   +0.28   -0.29   -0.14   -0.70   -0.05
       med   |  182.599 |  181.729 |  181.447 |  181.811 |  181.383 |  181.425 |  181.358 |  183.052 |  181.014 |  181.532 |  181.430 |  181.519
4096   256   |  694.097 |  692.140 |  691.617 |  691.707 |  692.182 |  691.908 |  692.086 |  694.234 |  691.096 |  690.971 |  691.101 |  691.091 ||   -0.28   -0.36   -0.34   -0.28   -0.32   -0.29   +0.02   -0.43   -0.45   -0.43   -0.43
       med   |  700.095 |  696.058 |  695.344 |  696.028 |  694.713 |  694.734 |  695.602 |  701.407 |  693.720 |  695.425 |  695.509 |  694.749
=== process binE.order3.4
SELFCHECK OK (256 whole-block lengths 1..256 blk x 12 variants; out/Xi/ivec/ret byte-identical, nothing written past 16*nblk)
bytes  blks  |     base |      k25 |      k30 |      k40 |      k45 |       c1 |       c2 |   baseAA |       w1 |       kb |      cl4 |      k20 ||     k25%     k30%     k40%     k45%      c1%      c2%  baseAA%      w1%      kb%     cl4%     k20%
16     1     |   26.289 |   13.928 |   13.944 |   13.873 |   13.881 |   13.776 |   13.905 |   26.408 |   13.982 |   13.873 |   13.941 |   13.843 ||  -47.02  -46.96  -47.23  -47.20  -47.60  -47.11   +0.45  -46.82  -47.23  -46.97  -47.34
       med   |   26.700 |   14.101 |   14.096 |   14.089 |   14.095 |   14.104 |   14.057 |   27.094 |   14.110 |   14.084 |   14.098 |   14.032
32     2     |   26.528 |   15.260 |   15.258 |   15.303 |   15.328 |   15.290 |   15.269 |   26.464 |   15.303 |   15.322 |   15.277 |   15.345 ||  -42.48  -42.48  -42.31  -42.22  -42.37  -42.44   -0.24  -42.31  -42.24  -42.41  -42.15
       med   |   26.731 |   15.361 |   15.391 |   15.390 |   15.436 |   15.304 |   15.334 |   26.549 |   15.317 |   15.374 |   15.320 |   15.382
48     3     |   27.608 |   18.737 |   18.735 |   18.649 |   18.652 |   18.659 |   18.718 |   27.727 |   18.899 |   18.709 |   18.654 |   18.683 ||  -32.13  -32.14  -32.45  -32.44  -32.41  -32.20   +0.43  -31.55  -32.23  -32.43  -32.33
       med   |   28.243 |   19.156 |   19.011 |   18.808 |   18.938 |   18.682 |   19.062 |   27.845 |   19.024 |   18.848 |   18.816 |   18.835
64     4     |   28.919 |   22.833 |   22.837 |   22.798 |   22.792 |   22.596 |   22.838 |   28.875 |   23.136 |   22.784 |   22.741 |   22.772 ||  -21.05  -21.03  -21.17  -21.19  -21.87  -21.03   -0.15  -20.00  -21.21  -21.36  -21.26
       med   |   29.160 |   23.381 |   22.866 |   22.826 |   23.073 |   22.771 |   22.871 |   28.993 |   23.292 |   23.057 |   22.768 |   23.065
80     5     |   29.949 |   30.105 |   30.126 |   30.123 |   30.110 |   30.117 |   30.100 |   29.981 |   30.044 |   30.055 |   29.664 |   30.036 ||   +0.52   +0.59   +0.58   +0.54   +0.56   +0.51   +0.11   +0.32   +0.36   -0.95   +0.29
       med   |   30.259 |   30.247 |   30.264 |   30.251 |   30.360 |   30.351 |   30.265 |   30.163 |   30.232 |   30.305 |   30.253 |   30.327
96     6     |   30.905 |   30.808 |   30.828 |   30.786 |   30.836 |   30.831 |   30.804 |   30.861 |   30.834 |   30.867 |   30.845 |   30.856 ||   -0.31   -0.25   -0.39   -0.22   -0.24   -0.33   -0.14   -0.23   -0.12   -0.19   -0.16
       med   |   31.076 |   31.081 |   31.068 |   31.060 |   31.129 |   31.094 |   31.061 |   30.974 |   31.029 |   31.107 |   31.028 |   31.058
112    7     |   31.809 |   31.860 |   31.808 |   31.874 |   31.878 |   31.875 |   31.869 |   31.701 |   31.756 |   31.763 |   31.738 |   31.752 ||   +0.16   -0.00   +0.21   +0.22   +0.21   +0.19   -0.34   -0.16   -0.14   -0.22   -0.18
       med   |   32.140 |   32.026 |   32.012 |   32.007 |   32.032 |   32.016 |   32.026 |   31.983 |   32.007 |   32.150 |   32.070 |   32.173
128    8     |   30.104 |   29.940 |   29.792 |   29.787 |   29.948 |   29.940 |   29.934 |   30.005 |   30.099 |   30.026 |   30.096 |   30.098 ||   -0.55   -1.04   -1.06   -0.52   -0.55   -0.57   -0.33   -0.02   -0.26   -0.03   -0.02
       med   |   30.340 |   30.185 |   30.245 |   30.159 |   30.271 |   30.226 |   30.140 |   30.148 |   30.300 |   30.374 |   30.238 |   30.320
256    16    |   51.876 |   51.904 |   52.132 |   51.986 |   52.251 |   52.006 |   52.162 |   52.347 |   52.105 |   52.196 |   52.038 |   52.108 ||   +0.05   +0.49   +0.21   +0.72   +0.25   +0.55   +0.91   +0.44   +0.62   +0.31   +0.45
       med   |   52.799 |   52.704 |   52.601 |   52.767 |   52.788 |   52.720 |   52.639 |   52.874 |   52.604 |   52.665 |   52.666 |   52.547
512    32    |   95.253 |   94.476 |   94.578 |   94.719 |   94.730 |   94.397 |   94.581 |   95.094 |   94.563 |   94.682 |   94.076 |   94.931 ||   -0.82   -0.71   -0.56   -0.55   -0.90   -0.71   -0.17   -0.72   -0.60   -1.24   -0.34
       med   |   96.060 |   95.768 |   95.695 |   95.894 |   95.737 |   95.594 |   95.689 |   96.241 |   95.347 |   95.630 |   95.496 |   95.707
1024   64    |  180.087 |  179.838 |  179.674 |  179.933 |  179.708 |  179.666 |  179.840 |  180.860 |  179.764 |  178.978 |  179.828 |  179.704 ||   -0.14   -0.23   -0.09   -0.21   -0.23   -0.14   +0.43   -0.18   -0.62   -0.14   -0.21
       med   |  182.503 |  181.761 |  181.452 |  181.821 |  181.448 |  181.513 |  181.236 |  183.038 |  181.242 |  181.556 |  181.435 |  181.435
4096   256   |  694.322 |  692.006 |  690.865 |  692.233 |  692.289 |  691.897 |  691.881 |  693.363 |  690.035 |  691.111 |  690.211 |  689.706 ||   -0.33   -0.50   -0.30   -0.29   -0.35   -0.35   -0.14   -0.62   -0.46   -0.59   -0.66
       med   |  700.055 |  696.261 |  695.484 |  695.794 |  694.574 |  694.772 |  695.275 |  700.659 |  693.600 |  695.057 |  695.322 |  694.672
=== process binE.order3.5
SELFCHECK OK (256 whole-block lengths 1..256 blk x 12 variants; out/Xi/ivec/ret byte-identical, nothing written past 16*nblk)
bytes  blks  |     base |      k25 |      k30 |      k40 |      k45 |       c1 |       c2 |   baseAA |       w1 |       kb |      cl4 |      k20 ||     k25%     k30%     k40%     k45%      c1%      c2%  baseAA%      w1%      kb%     cl4%     k20%
16     1     |   26.151 |   13.923 |   13.937 |   13.872 |   13.874 |   13.922 |   13.899 |   26.159 |   13.984 |   13.947 |   13.938 |   13.839 ||  -46.76  -46.71  -46.95  -46.94  -46.76  -46.85   +0.03  -46.53  -46.67  -46.70  -47.08
       med   |   26.656 |   14.093 |   14.096 |   14.002 |   14.104 |   14.069 |   14.054 |   27.074 |   14.103 |   14.033 |   14.095 |   14.083
32     2     |   26.470 |   15.260 |   15.261 |   15.320 |   15.331 |   15.286 |   15.268 |   26.461 |   15.304 |   15.325 |   15.310 |   15.344 ||  -42.35  -42.34  -42.12  -42.08  -42.25  -42.32   -0.04  -42.19  -42.10  -42.16  -42.03
       med   |   26.754 |   15.358 |   15.385 |   15.389 |   15.436 |   15.302 |   15.400 |   26.537 |   15.317 |   15.374 |   15.321 |   15.378
48     3     |   27.516 |   18.737 |   18.725 |   18.653 |   18.660 |   18.659 |   18.719 |   27.734 |   18.905 |   18.708 |   18.656 |   18.682 ||  -31.91  -31.95  -32.21  -32.18  -32.19  -31.97   +0.79  -31.29  -32.01  -32.20  -32.11
       med   |   28.063 |   19.130 |   18.922 |   18.808 |   18.909 |   18.683 |   19.034 |   27.898 |   19.025 |   18.847 |   18.818 |   18.836
64     4     |   28.916 |   22.849 |   22.832 |   22.797 |   22.794 |   22.599 |   22.834 |   28.889 |   23.128 |   22.787 |   22.749 |   22.769 ||  -20.98  -21.04  -21.16  -21.17  -21.85  -21.03   -0.10  -20.02  -21.20  -21.33  -21.26
       med   |   29.189 |   23.382 |   22.864 |   22.821 |   23.006 |   22.665 |   23.056 |   29.068 |   23.288 |   23.058 |   22.770 |   23.099
80     5     |   29.967 |   30.099 |   30.099 |   30.127 |   30.127 |   30.128 |   30.104 |   29.977 |   30.048 |   30.039 |   30.049 |   30.043 ||   +0.44   +0.44   +0.54   +0.53   +0.54   +0.46   +0.03   +0.27   +0.24   +0.27   +0.25
       med   |   30.255 |   30.252 |   30.262 |   30.350 |   30.333 |   30.343 |   30.246 |   30.144 |   30.264 |   30.323 |   30.245 |   30.307
96     6     |   30.910 |   30.824 |   30.825 |   30.830 |   30.831 |   30.831 |   30.835 |   30.854 |   30.869 |   30.864 |   30.874 |   30.870 ||   -0.28   -0.28   -0.26   -0.26   -0.26   -0.24   -0.18   -0.14   -0.15   -0.12   -0.13
       med   |   31.094 |   31.076 |   31.062 |   31.090 |   31.116 |   31.097 |   31.065 |   31.004 |   31.025 |   31.074 |   31.031 |   31.036
112    7     |   31.818 |   31.877 |   31.828 |   31.840 |   31.878 |   31.876 |   31.869 |   31.700 |   31.755 |   31.758 |   31.746 |   31.765 ||   +0.18   +0.03   +0.07   +0.19   +0.18   +0.16   -0.37   -0.20   -0.19   -0.23   -0.17
       med   |   32.205 |   32.274 |   32.023 |   32.053 |   32.036 |   32.047 |   32.010 |   31.982 |   32.020 |   32.169 |   32.162 |   32.257
128    8     |   30.103 |   29.936 |   29.934 |   29.930 |   29.674 |   29.856 |   29.933 |   30.031 |   30.094 |   30.080 |   30.093 |   30.072 ||   -0.55   -0.56   -0.57   -1.42   -0.82   -0.56   -0.24   -0.03   -0.07   -0.03   -0.10
       med   |   30.322 |   30.114 |   30.190 |   30.239 |   30.344 |   30.260 |   30.069 |   30.143 |   30.301 |   30.406 |   30.176 |   30.320
256    16    |   51.982 |   52.230 |   52.232 |   52.251 |   52.234 |   52.229 |   52.236 |   52.355 |   52.137 |   51.981 |   52.137 |   52.143 ||   +0.48   +0.48   +0.52   +0.49   +0.48   +0.49   +0.72   +0.30   -0.00   +0.30   +0.31
       med   |   52.776 |   52.680 |   52.674 |   52.754 |   52.836 |   52.756 |   52.592 |   52.922 |   52.576 |   52.684 |   52.687 |   52.586
512    32    |   94.994 |   94.499 |   94.498 |   94.442 |   94.461 |   94.473 |   94.443 |   94.792 |   93.928 |   93.889 |   93.884 |   94.742 ||   -0.52   -0.52   -0.58   -0.56   -0.55   -0.58   -0.21   -1.12   -1.16   -1.17   -0.26
       med   |   96.009 |   95.731 |   95.404 |   95.779 |   95.518 |   95.559 |   95.514 |   96.267 |   95.494 |   95.676 |   95.443 |   95.624
1024   64    |  180.595 |  179.935 |  179.407 |  179.519 |  179.734 |  179.175 |  179.677 |  180.801 |  179.309 |  179.994 |  179.927 |  179.340 ||   -0.37   -0.66   -0.60   -0.48   -0.79   -0.51   +0.11   -0.71   -0.33   -0.37   -0.69
       med   |  182.709 |  181.927 |  181.553 |  181.902 |  181.395 |  181.522 |  181.392 |  182.904 |  181.412 |  181.650 |  181.568 |  181.511
4096   256   |  692.413 |  692.210 |  691.885 |  692.146 |  692.303 |  691.898 |  691.620 |  694.142 |  690.436 |  691.305 |  690.879 |  690.306 ||   -0.03   -0.08   -0.04   -0.02   -0.07   -0.11   +0.25   -0.29   -0.16   -0.22   -0.30
       med   |  700.178 |  696.342 |  695.344 |  695.900 |  694.660 |  694.462 |  695.086 |  700.691 |  693.534 |  695.347 |  695.708 |  694.479
