## bin=binG host=gv3 core=3 reps=300 nproc=5
## O1: base baseAA w1 cl4 cl5 cl6 cl12 d1 d2 d3 d4 d5
## O2: base d5 d4 d3 d2 d1 cl12 cl6 cl5 cl4 w1 baseAA
## O3: base cl12 d1 d2 d3 d4 d5 baseAA w1 cl4 cl5 cl6
=== process binG.order1.1
SELFCHECK OK (256 whole-block lengths 1..256 blk x 12 variants; out/Xi/ivec/ret byte-identical, nothing written past 16*nblk)
bytes  blks  |     base |   baseAA |       w1 |      cl4 |      cl5 |      cl6 |     cl12 |       d1 |       d2 |       d3 |       d4 |       d5 ||  baseAA%      w1%     cl4%     cl5%     cl6%    cl12%      d1%      d2%      d3%      d4%      d5%
16     1     |   26.141 |   26.058 |   13.966 |   13.954 |   13.924 |   13.994 |   13.908 |   13.950 |   13.997 |   13.994 |   13.869 |   13.935 ||   -0.32  -46.58  -46.62  -46.74  -46.47  -46.80  -46.64  -46.46  -46.47  -46.95  -46.70
       med   |   26.749 |   27.092 |   14.111 |   14.102 |   14.139 |   14.130 |   14.126 |   14.098 |   14.099 |   14.132 |   14.008 |   14.100
32     2     |   26.528 |   26.482 |   15.304 |   15.307 |   15.270 |   15.273 |   15.206 |   15.263 |   15.256 |   15.309 |   15.182 |   15.297 ||   -0.17  -42.31  -42.30  -42.44  -42.42  -42.68  -42.46  -42.49  -42.29  -42.77  -42.33
       med   |   26.734 |   26.699 |   15.316 |   15.323 |   15.371 |   15.348 |   15.332 |   15.321 |   15.302 |   15.341 |   15.310 |   15.320
48     3     |   27.727 |   27.708 |   18.907 |   18.653 |   18.584 |   18.669 |   18.757 |   18.650 |   18.610 |   18.647 |   18.634 |   18.638 ||   -0.07  -31.81  -32.73  -32.98  -32.67  -32.35  -32.74  -32.88  -32.75  -32.80  -32.78
       med   |   28.156 |   27.961 |   19.019 |   18.829 |   18.788 |   18.869 |   18.980 |   18.839 |   18.848 |   18.836 |   18.673 |   18.944
64     4     |   28.943 |   28.888 |   23.133 |   22.748 |   22.755 |   22.799 |   22.929 |   22.765 |   22.755 |   22.800 |   22.604 |   22.575 ||   -0.19  -20.08  -21.41  -21.38  -21.23  -20.78  -21.35  -21.38  -21.23  -21.90  -22.00
       med   |   29.214 |   29.116 |   23.158 |   23.046 |   22.778 |   22.868 |   22.953 |   23.060 |   23.051 |   23.069 |   22.666 |   22.670
80     5     |   29.957 |   29.994 |   30.052 |   30.019 |   29.900 |   30.058 |   30.019 |   30.028 |   30.034 |   30.024 |   30.048 |   30.043 ||   +0.13   +0.32   +0.21   -0.19   +0.34   +0.21   +0.24   +0.26   +0.22   +0.30   +0.29
       med   |   30.171 |   30.268 |   30.258 |   30.282 |   30.351 |   30.355 |   30.264 |   30.299 |   30.246 |   30.319 |   30.241 |   30.278
96     6     |   30.900 |   30.869 |   30.862 |   30.868 |   30.808 |   30.863 |   30.860 |   30.865 |   30.842 |   30.872 |   30.866 |   30.863 ||   -0.10   -0.12   -0.10   -0.30   -0.12   -0.13   -0.11   -0.19   -0.09   -0.11   -0.12
       med   |   31.085 |   31.084 |   31.035 |   31.030 |   31.186 |   31.081 |   31.050 |   31.056 |   31.023 |   31.061 |   31.031 |   31.045
112    7     |   31.825 |   31.697 |   31.763 |   31.763 |   31.770 |   31.764 |   31.773 |   31.764 |   31.763 |   31.760 |   31.763 |   31.768 ||   -0.40   -0.20   -0.20   -0.18   -0.19   -0.16   -0.19   -0.19   -0.21   -0.19   -0.18
       med   |   32.370 |   32.320 |   32.145 |   32.174 |   32.235 |   32.246 |   32.177 |   32.191 |   32.020 |   32.425 |   32.217 |   32.462
128    8     |   30.044 |   30.040 |   30.039 |   30.102 |   30.097 |   30.027 |   30.042 |   30.092 |   30.070 |   30.117 |   30.100 |   30.103 ||   -0.01   -0.02   +0.19   +0.18   -0.06   -0.00   +0.16   +0.09   +0.24   +0.19   +0.20
       med   |   30.229 |   30.284 |   30.253 |   30.296 |   30.442 |   30.278 |   30.289 |   30.325 |   30.271 |   30.415 |   30.167 |   30.297
256    16    |   52.186 |   52.376 |   52.143 |   51.955 |   52.206 |   52.130 |   52.103 |   52.092 |   52.173 |   52.139 |   52.149 |   52.079 ||   +0.36   -0.08   -0.44   +0.04   -0.11   -0.16   -0.18   -0.02   -0.09   -0.07   -0.20
       med   |   52.786 |   52.946 |   52.597 |   52.625 |   52.615 |   52.568 |   52.612 |   52.641 |   52.537 |   52.713 |   52.627 |   52.530
512    32    |   94.881 |   95.410 |   94.567 |   94.792 |   93.907 |   94.655 |   93.501 |   94.794 |   94.370 |   93.792 |   93.593 |   93.669 ||   +0.56   -0.33   -0.09   -1.03   -0.24   -1.45   -0.09   -0.54   -1.15   -1.36   -1.28
       med   |   96.132 |   96.226 |   95.456 |   95.771 |   95.553 |   95.625 |   95.442 |   95.853 |   95.444 |   95.693 |   95.473 |   95.568
1024   64    |  180.256 |  180.269 |  179.663 |  179.665 |  179.887 |  179.268 |  179.701 |  179.940 |  179.685 |  179.662 |  179.012 |  179.835 ||   +0.01   -0.33   -0.33   -0.20   -0.55   -0.31   -0.18   -0.32   -0.33   -0.69   -0.23
       med   |  182.779 |  182.873 |  181.367 |  181.485 |  181.419 |  181.457 |  181.345 |  181.583 |  181.262 |  181.553 |  181.400 |  181.441
4096   256   |  693.062 |  693.522 |  691.119 |  690.025 |  690.732 |  690.663 |  690.770 |  690.859 |  690.035 |  691.020 |  690.978 |  690.909 ||   +0.07   -0.28   -0.44   -0.34   -0.35   -0.33   -0.32   -0.44   -0.29   -0.30   -0.31
       med   |  700.198 |  700.126 |  694.206 |  694.856 |  695.163 |  694.142 |  694.493 |  694.112 |  694.169 |  695.239 |  695.567 |  694.693
=== process binG.order1.2
SELFCHECK OK (256 whole-block lengths 1..256 blk x 12 variants; out/Xi/ivec/ret byte-identical, nothing written past 16*nblk)
bytes  blks  |     base |   baseAA |       w1 |      cl4 |      cl5 |      cl6 |     cl12 |       d1 |       d2 |       d3 |       d4 |       d5 ||  baseAA%      w1%     cl4%     cl5%     cl6%    cl12%      d1%      d2%      d3%      d4%      d5%
16     1     |   26.166 |   26.099 |   13.956 |   13.950 |   13.926 |   13.992 |   13.913 |   13.947 |   13.957 |   14.093 |   13.816 |   13.942 ||   -0.26  -46.66  -46.69  -46.78  -46.53  -46.83  -46.70  -46.66  -46.14  -47.20  -46.72
       med   |   26.417 |   26.538 |   14.114 |   14.102 |   14.143 |   14.134 |   14.128 |   14.102 |   14.100 |   14.133 |   14.089 |   14.095
32     2     |   26.464 |   26.462 |   15.305 |   15.278 |   15.272 |   15.273 |   15.198 |   15.261 |   15.254 |   15.308 |   15.183 |   15.297 ||   -0.01  -42.17  -42.27  -42.29  -42.29  -42.57  -42.33  -42.36  -42.16  -42.63  -42.20
       med   |   26.807 |   26.689 |   15.316 |   15.325 |   15.323 |   15.346 |   15.327 |   15.321 |   15.338 |   15.340 |   15.308 |   15.318
48     3     |   27.779 |   27.714 |   18.874 |   18.626 |   18.569 |   18.652 |   18.730 |   18.627 |   18.588 |   18.629 |   18.621 |   18.622 ||   -0.24  -32.06  -32.95  -33.15  -32.86  -32.58  -32.95  -33.09  -32.94  -32.97  -32.97
       med   |   28.406 |   27.966 |   19.028 |   18.821 |   18.793 |   18.866 |   18.980 |   18.839 |   18.803 |   18.840 |   18.665 |   18.940
64     4     |   28.924 |   28.875 |   23.135 |   22.746 |   22.753 |   22.799 |   22.928 |   22.774 |   22.759 |   22.801 |   22.607 |   22.574 ||   -0.17  -20.01  -21.36  -21.34  -21.18  -20.73  -21.26  -21.31  -21.17  -21.84  -21.95
       med   |   29.219 |   29.115 |   23.161 |   23.042 |   22.783 |   22.972 |   22.958 |   23.057 |   22.888 |   23.068 |   22.672 |   22.885
80     5     |   29.955 |   29.974 |   30.049 |   30.049 |   30.054 |   30.010 |   30.018 |   30.052 |   30.029 |   30.054 |   30.039 |   30.030 ||   +0.06   +0.31   +0.31   +0.33   +0.18   +0.21   +0.32   +0.25   +0.33   +0.28   +0.25
       med   |   30.174 |   30.311 |   30.267 |   30.284 |   30.352 |   30.340 |   30.286 |   30.324 |   30.213 |   30.333 |   30.213 |   30.274
96     6     |   30.900 |   30.871 |   30.863 |   30.866 |   30.888 |   30.871 |   30.801 |   30.870 |   30.858 |   30.875 |   30.871 |   30.820 ||   -0.09   -0.12   -0.11   -0.04   -0.09   -0.32   -0.10   -0.14   -0.08   -0.09   -0.26
       med   |   31.062 |   31.128 |   31.019 |   31.030 |   31.125 |   31.059 |   31.050 |   31.050 |   30.996 |   31.134 |   31.021 |   31.049
112    7     |   31.833 |   31.732 |   31.778 |   31.774 |   32.014 |   32.004 |   31.791 |   31.773 |   31.781 |   31.932 |   31.769 |   32.019 ||   -0.32   -0.17   -0.19   +0.57   +0.54   -0.13   -0.19   -0.16   +0.31   -0.20   +0.58
       med   |   34.547 |   35.214 |   34.304 |   34.465 |   34.822 |   34.429 |   34.885 |   34.355 |   34.283 |   34.293 |   34.299 |   34.260
128    8     |   30.099 |   30.035 |   30.099 |   30.120 |   30.119 |   30.112 |   30.105 |   30.099 |   30.102 |   30.099 |   30.095 |   30.009 ||   -0.21   +0.00   +0.07   +0.07   +0.04   +0.02   +0.00   +0.01   +0.00   -0.01   -0.30
       med   |   30.226 |   30.277 |   30.253 |   30.429 |   30.492 |   30.332 |   30.362 |   30.368 |   30.232 |   30.314 |   30.159 |   30.305
256    16    |   51.750 |   52.359 |   52.153 |   52.121 |   52.203 |   52.113 |   52.131 |   52.205 |   52.059 |   52.150 |   52.179 |   52.133 ||   +1.18   +0.78   +0.72   +0.87   +0.70   +0.74   +0.88   +0.60   +0.77   +0.83   +0.74
       med   |   52.790 |   52.875 |   52.554 |   52.618 |   52.634 |   52.547 |   52.680 |   52.692 |   52.523 |   52.618 |   52.611 |   52.530
512    32    |   94.801 |   95.375 |   94.789 |   94.839 |   94.205 |   94.742 |   93.482 |   93.901 |   94.107 |   94.839 |   93.920 |   94.653 ||   +0.61   -0.01   +0.04   -0.63   -0.06   -1.39   -0.95   -0.73   +0.04   -0.93   -0.16
       med   |   96.060 |   96.201 |   95.544 |   95.753 |   95.489 |   95.778 |   95.538 |   95.637 |   95.318 |   95.659 |   95.481 |   95.620
1024   64    |  180.619 |  180.123 |  178.168 |  179.938 |  179.934 |  179.389 |  179.655 |  179.856 |  179.735 |  179.921 |  179.911 |  179.989 ||   -0.27   -1.36   -0.38   -0.38   -0.68   -0.53   -0.42   -0.49   -0.39   -0.39   -0.35
       med   |  182.673 |  182.925 |  181.417 |  181.572 |  181.376 |  181.377 |  181.410 |  181.393 |  181.209 |  181.647 |  181.427 |  181.489
4096   256   |  691.440 |  693.828 |  689.878 |  691.110 |  690.533 |  690.181 |  690.938 |  690.544 |  690.923 |  690.530 |  689.995 |  690.632 ||   +0.35   -0.23   -0.05   -0.13   -0.18   -0.07   -0.13   -0.07   -0.13   -0.21   -0.12
       med   |  700.254 |  700.428 |  694.923 |  694.641 |  694.806 |  694.203 |  694.464 |  694.018 |  694.356 |  695.660 |  695.184 |  694.552
=== process binG.order1.3
SELFCHECK OK (256 whole-block lengths 1..256 blk x 12 variants; out/Xi/ivec/ret byte-identical, nothing written past 16*nblk)
bytes  blks  |     base |   baseAA |       w1 |      cl4 |      cl5 |      cl6 |     cl12 |       d1 |       d2 |       d3 |       d4 |       d5 ||  baseAA%      w1%     cl4%     cl5%     cl6%    cl12%      d1%      d2%      d3%      d4%      d5%
16     1     |   26.244 |   26.362 |   13.875 |   14.078 |   13.865 |   14.003 |   13.909 |   13.949 |   13.947 |   14.103 |   13.933 |   13.940 ||   +0.45  -47.13  -46.36  -47.17  -46.64  -47.00  -46.85  -46.86  -46.26  -46.91  -46.88
       med   |   26.720 |   27.083 |   14.114 |   14.100 |   14.146 |   14.133 |   14.125 |   14.101 |   14.100 |   14.134 |   14.095 |   14.097
32     2     |   26.450 |   26.467 |   15.300 |   15.275 |   15.272 |   15.273 |   15.210 |   15.265 |   15.255 |   15.311 |   15.177 |   15.308 ||   +0.06  -42.16  -42.25  -42.26  -42.26  -42.50  -42.29  -42.33  -42.11  -42.62  -42.13
       med   |   26.713 |   26.704 |   15.317 |   15.324 |   15.375 |   15.354 |   15.363 |   15.324 |   15.342 |   15.343 |   15.311 |   15.324
48     3     |   27.749 |   27.718 |   18.908 |   18.652 |   18.590 |   18.672 |   18.755 |   18.650 |   18.638 |   18.643 |   18.639 |   18.646 ||   -0.11  -31.86  -32.78  -33.01  -32.71  -32.41  -32.79  -32.83  -32.81  -32.83  -32.81
       med   |   28.198 |   27.984 |   19.023 |   18.823 |   18.809 |   18.880 |   18.990 |   18.844 |   18.858 |   18.844 |   18.673 |   19.031
64     4     |   28.944 |   28.891 |   23.125 |   22.744 |   22.752 |   22.790 |   22.931 |   22.767 |   22.750 |   22.802 |   22.604 |   22.576 ||   -0.18  -20.10  -21.42  -21.39  -21.26  -20.77  -21.34  -21.40  -21.22  -21.90  -22.00
       med   |   29.215 |   29.107 |   23.157 |   23.043 |   22.779 |   22.867 |   22.960 |   23.062 |   23.050 |   23.076 |   22.668 |   22.663
80     5     |   29.943 |   29.988 |   30.008 |   30.039 |   30.022 |   30.037 |   30.020 |   30.049 |   30.047 |   30.051 |   30.052 |   30.008 ||   +0.15   +0.22   +0.32   +0.26   +0.31   +0.26   +0.35   +0.35   +0.36   +0.36   +0.22
       med   |   30.181 |   30.299 |   30.237 |   30.259 |   30.344 |   30.342 |   30.289 |   30.305 |   30.233 |   30.336 |   30.222 |   30.315
96     6     |   30.894 |   30.866 |   30.846 |   30.840 |   30.834 |   30.868 |   30.865 |   30.792 |   30.828 |   30.852 |   30.840 |   30.865 ||   -0.09   -0.15   -0.17   -0.19   -0.08   -0.09   -0.33   -0.21   -0.13   -0.17   -0.09
       med   |   31.069 |   31.082 |   31.019 |   31.027 |   31.059 |   31.108 |   31.029 |   31.067 |   31.023 |   31.095 |   31.010 |   31.055
112    7     |   31.821 |   31.706 |   31.764 |   31.761 |   31.755 |   31.761 |   31.765 |   31.767 |   31.759 |   31.724 |   31.762 |   31.769 ||   -0.36   -0.18   -0.19   -0.21   -0.19   -0.18   -0.17   -0.19   -0.31   -0.18   -0.16
       med   |   32.291 |   32.245 |   32.116 |   32.113 |   32.183 |   32.171 |   32.187 |   32.170 |   32.030 |   32.361 |   32.231 |   32.319
128    8     |   30.102 |   30.031 |   30.103 |   30.005 |   30.100 |   30.008 |   30.102 |   30.112 |   30.103 |   30.106 |   30.044 |   30.100 ||   -0.24   +0.00   -0.32   -0.01   -0.31   -0.00   +0.03   +0.00   +0.01   -0.19   -0.01
       med   |   30.230 |   30.286 |   30.252 |   30.370 |   30.445 |   30.337 |   30.368 |   30.367 |   30.292 |   30.404 |   30.172 |   30.319
256    16    |   52.224 |   52.345 |   51.895 |   51.526 |   52.192 |   52.156 |   52.203 |   52.179 |   52.109 |   51.716 |   52.033 |   52.002 ||   +0.23   -0.63   -1.34   -0.06   -0.13   -0.04   -0.09   -0.22   -0.97   -0.37   -0.43
       med   |   52.807 |   52.950 |   52.589 |   52.622 |   52.640 |   52.536 |   52.649 |   52.599 |   52.549 |   52.728 |   52.659 |   52.561
512    32    |   95.247 |   95.253 |   94.687 |   94.593 |   94.241 |   94.957 |   94.007 |   94.924 |   94.845 |   94.374 |   93.882 |   94.934 ||   +0.01   -0.59   -0.69   -1.06   -0.30   -1.30   -0.34   -0.42   -0.92   -1.43   -0.33
       med   |   96.087 |   96.311 |   95.582 |   95.745 |   95.587 |   95.938 |   95.585 |   95.651 |   95.425 |   95.702 |   95.496 |   95.706
1024   64    |  180.788 |  181.039 |  179.716 |  179.934 |  178.979 |  179.985 |  179.756 |  179.005 |  179.664 |  179.905 |  179.614 |  179.972 ||   +0.14   -0.59   -0.47   -1.00   -0.44   -0.57   -0.99   -0.62   -0.49   -0.65   -0.45
       med   |  182.698 |  182.799 |  181.406 |  181.540 |  181.429 |  181.565 |  181.458 |  181.460 |  181.258 |  181.601 |  181.488 |  181.526
4096   256   |  694.180 |  691.826 |  689.952 |  691.244 |  691.331 |  690.723 |  691.045 |  689.474 |  689.837 |  690.528 |  690.308 |  691.247 ||   -0.34   -0.61   -0.42   -0.41   -0.50   -0.45   -0.68   -0.63   -0.53   -0.56   -0.42
       med   |  699.913 |  700.482 |  694.556 |  694.776 |  695.250 |  694.143 |  694.514 |  694.034 |  693.775 |  695.486 |  695.479 |  694.753
=== process binG.order1.4
SELFCHECK OK (256 whole-block lengths 1..256 blk x 12 variants; out/Xi/ivec/ret byte-identical, nothing written past 16*nblk)
bytes  blks  |     base |   baseAA |       w1 |      cl4 |      cl5 |      cl6 |     cl12 |       d1 |       d2 |       d3 |       d4 |       d5 ||  baseAA%      w1%     cl4%     cl5%     cl6%    cl12%      d1%      d2%      d3%      d4%      d5%
16     1     |   26.289 |   26.178 |   13.959 |   14.075 |   13.863 |   14.002 |   13.923 |   13.943 |   13.944 |   14.103 |   13.856 |   13.938 ||   -0.42  -46.90  -46.46  -47.27  -46.74  -47.04  -46.96  -46.96  -46.35  -47.29  -46.98
       med   |   26.504 |   26.758 |   14.099 |   14.101 |   14.143 |   14.134 |   14.127 |   14.101 |   14.102 |   14.133 |   14.087 |   14.099
32     2     |   26.524 |   26.460 |   15.305 |   15.308 |   15.269 |   15.271 |   15.201 |   15.261 |   15.255 |   15.309 |   15.181 |   15.307 ||   -0.24  -42.30  -42.29  -42.43  -42.43  -42.69  -42.46  -42.49  -42.28  -42.77  -42.29
       med   |   26.775 |   26.700 |   15.316 |   15.322 |   15.350 |   15.351 |   15.336 |   15.324 |   15.338 |   15.333 |   15.310 |   15.321
48     3     |   27.781 |   27.714 |   18.873 |   18.631 |   18.574 |   18.654 |   18.735 |   18.624 |   18.585 |   18.633 |   18.621 |   18.628 ||   -0.24  -32.07  -32.93  -33.14  -32.85  -32.56  -32.96  -33.10  -32.93  -32.97  -32.95
       med   |   28.257 |   27.962 |   19.026 |   18.824 |   18.835 |   18.867 |   18.979 |   18.840 |   18.840 |   18.839 |   18.665 |   18.922
64     4     |   28.919 |   28.894 |   23.127 |   22.744 |   22.753 |   22.798 |   22.929 |   22.767 |   22.765 |   22.791 |   22.609 |   22.577 ||   -0.09  -20.03  -21.35  -21.32  -21.17  -20.71  -21.27  -21.28  -21.19  -21.82  -21.93
       med   |   29.157 |   29.118 |   23.160 |   23.044 |   22.784 |   22.907 |   22.963 |   23.044 |   23.049 |   23.070 |   22.670 |   22.842
80     5     |   29.951 |   30.000 |   30.047 |   30.027 |   29.842 |   30.034 |   30.011 |   30.045 |   30.040 |   30.054 |   30.049 |   30.057 ||   +0.16   +0.32   +0.25   -0.37   +0.27   +0.20   +0.31   +0.30   +0.34   +0.33   +0.35
       med   |   30.244 |   30.322 |   30.295 |   30.272 |   30.352 |   30.343 |   30.310 |   30.308 |   30.228 |   30.335 |   30.231 |   30.312
96     6     |   30.904 |   30.866 |   30.855 |   30.877 |   30.874 |   30.898 |   30.867 |   30.879 |   30.873 |   30.876 |   30.870 |   30.872 ||   -0.12   -0.16   -0.09   -0.10   -0.02   -0.12   -0.08   -0.10   -0.09   -0.11   -0.11
       med   |   31.081 |   31.093 |   31.024 |   31.036 |   31.105 |   31.059 |   31.058 |   31.043 |   31.021 |   31.055 |   31.028 |   31.059
112    7     |   31.826 |   31.709 |   31.766 |   31.762 |   31.766 |   31.768 |   31.759 |   31.762 |   31.764 |   31.768 |   31.764 |   31.772 ||   -0.37   -0.19   -0.20   -0.19   -0.18   -0.21   -0.20   -0.19   -0.18   -0.19   -0.17
       med   |   34.201 |   33.676 |   34.333 |   34.463 |   34.413 |   34.460 |   34.511 |   34.471 |   34.473 |   34.330 |   34.500 |   34.485
128    8     |   30.090 |   30.043 |   30.101 |   30.104 |   30.008 |   30.109 |   30.108 |   30.115 |   30.109 |   30.108 |   30.024 |   30.106 ||   -0.16   +0.04   +0.05   -0.27   +0.06   +0.06   +0.08   +0.06   +0.06   -0.22   +0.05
       med   |   30.246 |   30.287 |   30.249 |   30.422 |   30.415 |   30.365 |   30.340 |   30.368 |   30.199 |   30.392 |   30.223 |   30.304
256    16    |   52.125 |   52.473 |   52.120 |   52.168 |   52.037 |   52.056 |   52.203 |   52.074 |   52.131 |   52.176 |   52.145 |   51.974 ||   +0.67   -0.01   +0.08   -0.17   -0.13   +0.15   -0.10   +0.01   +0.10   +0.04   -0.29
       med   |   52.775 |   52.976 |   52.620 |   52.702 |   52.635 |   52.608 |   52.669 |   52.619 |   52.526 |   52.659 |   52.637 |   52.608
512    32    |   95.105 |   95.280 |   94.494 |   94.867 |   94.645 |   94.668 |   93.719 |   93.907 |   94.357 |   94.036 |   93.711 |   94.275 ||   +0.18   -0.64   -0.25   -0.48   -0.46   -1.46   -1.26   -0.79   -1.12   -1.47   -0.87
       med   |   96.097 |   96.229 |   95.635 |   95.710 |   95.576 |   95.712 |   95.500 |   95.532 |   95.469 |   95.662 |   95.536 |   95.618
1024   64    |  179.872 |  180.262 |  179.438 |  179.100 |  179.692 |  179.683 |  179.589 |  179.863 |  179.755 |  179.983 |  179.651 |  179.445 ||   +0.22   -0.24   -0.43   -0.10   -0.11   -0.16   -0.01   -0.07   +0.06   -0.12   -0.24
       med   |  182.489 |  182.922 |  181.476 |  181.692 |  181.375 |  181.465 |  181.437 |  181.417 |  181.307 |  181.600 |  181.605 |  181.596
4096   256   |  695.025 |  694.025 |  690.307 |  691.210 |  690.696 |  691.076 |  691.116 |  691.072 |  691.044 |  690.642 |  690.734 |  690.636 ||   -0.14   -0.68   -0.55   -0.62   -0.57   -0.56   -0.57   -0.57   -0.63   -0.62   -0.63
       med   |  700.172 |  700.557 |  694.489 |  694.867 |  695.419 |  694.177 |  694.370 |  694.136 |  694.369 |  695.576 |  695.263 |  694.413
=== process binG.order1.5
SELFCHECK OK (256 whole-block lengths 1..256 blk x 12 variants; out/Xi/ivec/ret byte-identical, nothing written past 16*nblk)
bytes  blks  |     base |   baseAA |       w1 |      cl4 |      cl5 |      cl6 |     cl12 |       d1 |       d2 |       d3 |       d4 |       d5 ||  baseAA%      w1%     cl4%     cl5%     cl6%    cl12%      d1%      d2%      d3%      d4%      d5%
16     1     |   26.132 |   26.195 |   13.960 |   14.074 |   13.874 |   13.995 |   13.915 |   13.938 |   13.955 |   14.015 |   13.850 |   13.931 ||   +0.24  -46.58  -46.14  -46.91  -46.45  -46.75  -46.66  -46.60  -46.37  -47.00  -46.69
       med   |   26.701 |   27.122 |   14.094 |   14.103 |   14.142 |   14.133 |   14.127 |   14.101 |   14.101 |   14.131 |   14.085 |   14.100
32     2     |   26.470 |   26.458 |   15.305 |   15.269 |   15.271 |   15.276 |   15.209 |   15.262 |   15.256 |   15.311 |   15.191 |   15.301 ||   -0.05  -42.18  -42.32  -42.31  -42.29  -42.54  -42.34  -42.37  -42.16  -42.61  -42.20
       med   |   26.757 |   26.698 |   15.317 |   15.336 |   15.374 |   15.353 |   15.336 |   15.327 |   15.332 |   15.342 |   15.310 |   15.320
48     3     |   27.690 |   27.718 |   18.910 |   18.653 |   18.582 |   18.669 |   18.755 |   18.647 |   18.609 |   18.645 |   18.641 |   18.636 ||   +0.10  -31.71  -32.64  -32.89  -32.58  -32.27  -32.66  -32.79  -32.67  -32.68  -32.70
       med   |   28.137 |   27.949 |   19.020 |   18.819 |   18.793 |   18.870 |   18.982 |   18.837 |   18.846 |   18.839 |   18.668 |   18.956
64     4     |   28.916 |   28.893 |   23.130 |   22.753 |   22.748 |   22.798 |   22.928 |   22.771 |   22.756 |   22.799 |   22.596 |   22.580 ||   -0.08  -20.01  -21.31  -21.33  -21.16  -20.71  -21.25  -21.30  -21.15  -21.86  -21.91
       med   |   29.199 |   29.124 |   23.155 |   23.043 |   22.779 |   22.978 |   22.953 |   23.052 |   23.026 |   23.071 |   22.666 |   22.662
80     5     |   29.947 |   29.997 |   30.048 |   30.037 |   30.036 |   30.011 |   30.035 |   30.054 |   30.014 |   30.049 |   30.040 |   30.039 ||   +0.17   +0.34   +0.30   +0.30   +0.21   +0.29   +0.36   +0.22   +0.34   +0.31   +0.31
       med   |   30.174 |   30.264 |   30.275 |   30.277 |   30.331 |   30.344 |   30.323 |   30.324 |   30.259 |   30.343 |   30.216 |   30.304
96     6     |   30.906 |   30.868 |   30.818 |   30.839 |   30.872 |   30.863 |   30.871 |   30.832 |   30.792 |   30.875 |   30.874 |   30.866 ||   -0.12   -0.29   -0.22   -0.11   -0.14   -0.11   -0.24   -0.37   -0.10   -0.10   -0.13
       med   |   31.078 |   31.121 |   31.025 |   31.024 |   31.090 |   31.129 |   31.086 |   31.059 |   31.015 |   31.085 |   31.028 |   31.051
112    7     |   31.823 |   31.712 |   31.767 |   31.761 |   31.765 |   31.770 |   31.770 |   31.770 |   31.760 |   31.769 |   31.767 |   31.765 ||   -0.35   -0.17   -0.19   -0.18   -0.16   -0.17   -0.17   -0.20   -0.17   -0.18   -0.18
       med   |   32.344 |   32.331 |   32.172 |   32.144 |   32.219 |   32.256 |   32.201 |   32.171 |   32.142 |   32.338 |   32.373 |   32.483
128    8     |   30.103 |   30.039 |   30.097 |   29.948 |   30.025 |   30.100 |   30.050 |   30.047 |   30.105 |   30.103 |   30.070 |   30.111 ||   -0.22   -0.02   -0.52   -0.26   -0.01   -0.18   -0.19   +0.01   -0.00   -0.11   +0.02
       med   |   30.235 |   30.287 |   30.248 |   30.385 |   30.424 |   30.362 |   30.358 |   30.372 |   30.246 |   30.416 |   30.222 |   30.316
256    16    |   52.228 |   52.459 |   52.070 |   51.890 |   52.184 |   52.065 |   51.893 |   52.050 |   52.016 |   52.053 |   51.991 |   51.947 ||   +0.44   -0.30   -0.65   -0.08   -0.31   -0.64   -0.34   -0.41   -0.34   -0.45   -0.54
       med   |   52.786 |   52.962 |   52.629 |   52.606 |   52.594 |   52.554 |   52.648 |   52.703 |   52.540 |   52.689 |   52.663 |   52.561
512    32    |   95.318 |   95.290 |   94.492 |   94.662 |   93.496 |   94.697 |   93.661 |   94.545 |   94.003 |   94.575 |   94.387 |   94.480 ||   -0.03   -0.87   -0.69   -1.91   -0.65   -1.74   -0.81   -1.38   -0.78   -0.98   -0.88
       med   |   96.212 |   96.285 |   95.536 |   95.655 |   95.581 |   95.819 |   95.535 |   95.928 |   95.388 |   95.728 |   95.505 |   95.701
1024   64    |  180.685 |  180.541 |  179.713 |  179.905 |  179.181 |  178.964 |  179.167 |  179.225 |  179.300 |  179.857 |  178.870 |  178.946 ||   -0.08   -0.54   -0.43   -0.83   -0.95   -0.84   -0.81   -0.77   -0.46   -1.00   -0.96
       med   |  182.708 |  183.021 |  181.464 |  181.524 |  181.379 |  181.381 |  181.505 |  181.588 |  181.245 |  181.575 |  181.392 |  181.589
4096   256   |  692.256 |  692.509 |  691.242 |  691.251 |  690.109 |  691.039 |  691.077 |  690.328 |  690.654 |  691.283 |  690.812 |  690.247 ||   +0.04   -0.15   -0.15   -0.31   -0.18   -0.17   -0.28   -0.23   -0.14   -0.21   -0.29
       med   |  700.234 |  700.313 |  694.836 |  694.681 |  694.862 |  694.043 |  694.577 |  694.119 |  694.347 |  695.323 |  695.744 |  694.563
=== process binG.order2.1
SELFCHECK OK (256 whole-block lengths 1..256 blk x 12 variants; out/Xi/ivec/ret byte-identical, nothing written past 16*nblk)
bytes  blks  |     base |       d5 |       d4 |       d3 |       d2 |       d1 |     cl12 |      cl6 |      cl5 |      cl4 |       w1 |   baseAA ||      d5%      d4%      d3%      d2%      d1%    cl12%     cl6%     cl5%     cl4%      w1%  baseAA%
16     1     |   26.148 |   13.956 |   13.689 |   14.003 |   13.932 |   13.932 |   13.975 |   14.034 |   13.941 |   13.934 |   13.865 |   26.172 ||  -46.63  -47.65  -46.45  -46.72  -46.72  -46.55  -46.33  -46.68  -46.71  -46.97   +0.09
       med   |   26.697 |   14.048 |   13.992 |   14.100 |   14.065 |   14.066 |   14.100 |   14.103 |   14.095 |   14.065 |   14.093 |   27.041
32     2     |   26.527 |   15.243 |   15.237 |   15.271 |   15.216 |   15.271 |   15.274 |   15.237 |   15.273 |   15.272 |   15.284 |   26.488 ||  -42.54  -42.56  -42.43  -42.64  -42.43  -42.42  -42.56  -42.42  -42.43  -42.38   -0.14
       med   |   26.718 |   15.283 |   15.281 |   15.286 |   15.319 |   15.317 |   15.368 |   15.254 |   15.333 |   15.297 |   15.304 |   26.700
48     3     |   27.594 |   18.623 |   18.644 |   18.708 |   18.674 |   18.710 |   18.826 |   18.750 |   18.655 |   18.654 |   19.035 |   27.720 ||  -32.51  -32.43  -32.20  -32.33  -32.19  -31.78  -32.05  -32.39  -32.40  -31.02   +0.46
       med   |   27.934 |   18.884 |   18.838 |   18.771 |   18.731 |   18.828 |   18.891 |   18.807 |   18.721 |   18.714 |   19.232 |   27.988
64     4     |   28.922 |   22.604 |   22.624 |   22.773 |   22.683 |   22.698 |   22.906 |   22.769 |   22.729 |   22.718 |   23.134 |   28.888 ||  -21.85  -21.78  -21.26  -21.57  -21.52  -20.80  -21.28  -21.41  -21.45  -20.01   -0.12
       med   |   29.109 |   22.632 |   22.853 |   23.018 |   22.709 |   22.725 |   22.937 |   22.795 |   22.953 |   22.742 |   23.168 |   29.153
80     5     |   29.950 |   30.104 |   30.122 |   30.119 |   30.043 |   30.122 |   30.108 |   30.115 |   30.098 |   30.108 |   30.097 |   29.977 ||   +0.51   +0.57   +0.57   +0.31   +0.57   +0.53   +0.55   +0.49   +0.53   +0.49   +0.09
       med   |   30.195 |   30.259 |   30.264 |   30.328 |   30.335 |   30.307 |   30.230 |   30.180 |   30.230 |   30.240 |   30.249 |   30.199
96     6     |   30.915 |   30.832 |   30.824 |   30.820 |   30.849 |   30.828 |   30.829 |   30.839 |   30.831 |   30.842 |   30.830 |   30.859 ||   -0.27   -0.29   -0.31   -0.21   -0.28   -0.28   -0.24   -0.27   -0.23   -0.27   -0.18
       med   |   31.084 |   31.062 |   31.058 |   31.059 |   31.203 |   31.050 |   31.051 |   31.038 |   31.065 |   31.058 |   31.077 |   31.071
112    7     |   31.821 |   31.869 |   31.804 |   31.870 |   31.878 |   31.864 |   31.867 |   31.867 |   31.868 |   31.875 |   31.862 |   31.703 ||   +0.15   -0.05   +0.15   +0.18   +0.13   +0.14   +0.15   +0.15   +0.17   +0.13   -0.37
       med   |   32.075 |   31.999 |   31.998 |   32.005 |   32.043 |   31.993 |   31.993 |   31.980 |   31.985 |   32.001 |   32.031 |   32.065
128    8     |   30.052 |   29.940 |   29.931 |   29.941 |   29.947 |   29.945 |   29.934 |   29.845 |   29.924 |   29.939 |   29.942 |   30.036 ||   -0.37   -0.40   -0.37   -0.35   -0.36   -0.39   -0.69   -0.43   -0.38   -0.37   -0.05
       med   |   30.287 |   30.144 |   30.231 |   30.206 |   30.256 |   30.242 |   30.095 |   29.996 |   30.113 |   30.083 |   30.227 |   30.172
256    16    |   52.207 |   52.229 |   52.236 |   52.233 |   52.244 |   52.230 |   52.239 |   52.233 |   52.228 |   52.226 |   52.227 |   52.340 ||   +0.04   +0.06   +0.05   +0.07   +0.05   +0.06   +0.05   +0.04   +0.04   +0.04   +0.26
       med   |   52.788 |   52.668 |   52.715 |   52.791 |   52.747 |   52.736 |   52.715 |   52.621 |   52.636 |   52.648 |   52.756 |   52.907
512    32    |   94.834 |   94.723 |   94.758 |   94.763 |   94.381 |   94.476 |   94.479 |   94.380 |   94.440 |   94.663 |   94.449 |   95.251 ||   -0.12   -0.08   -0.07   -0.48   -0.38   -0.37   -0.48   -0.41   -0.18   -0.41   +0.44
       med   |   96.047 |   95.913 |   95.703 |   95.809 |   95.627 |   95.753 |   95.667 |   95.728 |   95.466 |   95.720 |   95.688 |   96.317
1024   64    |  179.890 |  179.492 |  179.549 |  179.602 |  179.946 |  179.798 |  179.603 |  179.585 |  179.964 |  179.638 |  179.713 |  180.773 ||   -0.22   -0.19   -0.16   +0.03   -0.05   -0.16   -0.17   +0.04   -0.14   -0.10   +0.49
       med   |  182.713 |  181.753 |  181.393 |  182.037 |  181.398 |  181.638 |  181.360 |  181.783 |  181.306 |  181.667 |  181.567 |  182.916
4096   256   |  694.516 |  692.191 |  691.727 |  691.090 |  692.137 |  691.666 |  692.016 |  690.980 |  691.861 |  691.999 |  692.386 |  692.582 ||   -0.33   -0.40   -0.49   -0.34   -0.41   -0.36   -0.51   -0.38   -0.36   -0.31   -0.28
       med   |  700.117 |  696.025 |  695.104 |  695.591 |  694.760 |  694.975 |  695.131 |  696.391 |  694.535 |  695.510 |  695.643 |  698.567
=== process binG.order2.2
SELFCHECK OK (256 whole-block lengths 1..256 blk x 12 variants; out/Xi/ivec/ret byte-identical, nothing written past 16*nblk)
bytes  blks  |     base |       d5 |       d4 |       d3 |       d2 |       d1 |     cl12 |      cl6 |      cl5 |      cl4 |       w1 |   baseAA ||      d5%      d4%      d3%      d2%      d1%    cl12%     cl6%     cl5%     cl4%      w1%  baseAA%
16     1     |   26.249 |   13.928 |   13.695 |   14.036 |   13.938 |   13.942 |   13.970 |   14.026 |   13.921 |   13.932 |   13.997 |   26.171 ||  -46.94  -47.83  -46.53  -46.90  -46.89  -46.78  -46.57  -46.96  -46.92  -46.68   -0.30
       med   |   26.733 |   14.049 |   13.973 |   14.105 |   14.069 |   14.066 |   14.096 |   14.106 |   14.090 |   14.065 |   14.094 |   27.068
32     2     |   26.534 |   15.230 |   15.240 |   15.270 |   15.216 |   15.268 |   15.271 |   15.239 |   15.273 |   15.277 |   15.285 |   26.503 ||  -42.60  -42.56  -42.45  -42.65  -42.46  -42.45  -42.57  -42.44  -42.42  -42.39   -0.11
       med   |   26.737 |   15.286 |   15.279 |   15.284 |   15.230 |   15.317 |   15.360 |   15.251 |   15.330 |   15.295 |   15.300 |   26.712
48     3     |   27.763 |   18.625 |   18.650 |   18.705 |   18.675 |   18.709 |   18.830 |   18.747 |   18.656 |   18.658 |   19.033 |   27.718 ||  -32.91  -32.82  -32.63  -32.73  -32.61  -32.18  -32.47  -32.80  -32.79  -31.44   -0.16
       med   |   28.016 |   18.877 |   18.839 |   18.771 |   18.731 |   18.773 |   18.896 |   18.805 |   18.718 |   18.714 |   19.172 |   27.980
64     4     |   28.926 |   22.609 |   22.616 |   22.770 |   22.679 |   22.698 |   22.907 |   22.772 |   22.730 |   22.714 |   23.128 |   28.885 ||  -21.84  -21.82  -21.28  -21.60  -21.53  -20.81  -21.27  -21.42  -21.47  -20.04   -0.14
       med   |   29.122 |   22.634 |   22.852 |   22.945 |   22.710 |   22.727 |   22.942 |   22.796 |   23.031 |   22.745 |   23.167 |   29.089
80     5     |   29.955 |   30.101 |   30.137 |   30.120 |   30.111 |   30.117 |   30.100 |   30.116 |   30.104 |   30.109 |   30.099 |   29.980 ||   +0.49   +0.61   +0.55   +0.52   +0.54   +0.48   +0.54   +0.50   +0.51   +0.48   +0.08
       med   |   30.221 |   30.269 |   30.373 |   30.274 |   30.321 |   30.307 |   30.224 |   30.170 |   30.168 |   30.244 |   30.273 |   30.178
96     6     |   30.837 |   30.832 |   30.830 |   30.826 |   30.826 |   30.830 |   30.835 |   30.833 |   30.830 |   30.845 |   30.835 |   30.864 ||   -0.01   -0.02   -0.04   -0.03   -0.02   -0.01   -0.01   -0.02   +0.03   -0.01   +0.09
       med   |   31.077 |   31.066 |   31.088 |   31.072 |   31.109 |   31.057 |   31.052 |   31.050 |   31.021 |   31.064 |   31.083 |   31.081
112    7     |   31.811 |   31.866 |   31.813 |   31.867 |   31.881 |   31.868 |   31.811 |   31.872 |   31.868 |   31.873 |   31.877 |   31.701 ||   +0.17   +0.01   +0.18   +0.22   +0.18   -0.00   +0.19   +0.18   +0.20   +0.21   -0.34
       med   |   32.083 |   32.013 |   31.998 |   32.017 |   32.046 |   31.994 |   31.999 |   31.977 |   31.971 |   32.008 |   32.014 |   32.068
128    8     |   30.111 |   29.945 |   29.752 |   29.920 |   29.939 |   29.938 |   29.940 |   29.891 |   29.937 |   29.934 |   29.723 |   30.033 ||   -0.55   -1.19   -0.63   -0.57   -0.57   -0.57   -0.73   -0.58   -0.59   -1.29   -0.26
       med   |   30.338 |   30.164 |   30.298 |   30.151 |   30.262 |   30.218 |   30.140 |   30.058 |   29.995 |   30.081 |   30.261 |   30.159
256    16    |   52.226 |   52.199 |   52.244 |   52.223 |   52.237 |   52.079 |   52.234 |   52.228 |   52.055 |   52.048 |   52.235 |   52.355 ||   -0.05   +0.03   -0.01   +0.02   -0.28   +0.02   +0.00   -0.33   -0.34   +0.02   +0.25
       med   |   52.846 |   52.674 |   52.629 |   52.761 |   52.780 |   52.810 |   52.712 |   52.596 |   52.582 |   52.683 |   52.714 |   52.874
512    32    |   95.120 |   94.450 |   94.500 |   94.661 |   94.617 |   94.314 |   94.661 |   94.330 |   94.467 |   94.759 |   94.569 |   95.347 ||   -0.70   -0.65   -0.48   -0.53   -0.85   -0.48   -0.83   -0.69   -0.38   -0.58   +0.24
       med   |   96.102 |   95.888 |   95.574 |   96.103 |   95.663 |   95.711 |   95.784 |   95.680 |   95.426 |   95.720 |   95.642 |   96.259
1024   64    |  180.779 |  179.698 |  179.653 |  179.644 |  179.936 |  179.488 |  179.884 |  179.519 |  178.674 |  179.880 |  179.883 |  180.868 ||   -0.60   -0.62   -0.63   -0.47   -0.71   -0.49   -0.70   -1.16   -0.50   -0.50   +0.05
       med   |  182.644 |  181.825 |  181.387 |  181.804 |  181.556 |  181.544 |  181.444 |  181.836 |  181.398 |  181.605 |  181.738 |  182.921
4096   256   |  694.385 |  692.347 |  691.801 |  692.115 |  692.025 |  691.797 |  691.976 |  692.398 |  691.735 |  690.988 |  691.703 |  693.022 ||   -0.29   -0.37   -0.33   -0.34   -0.37   -0.35   -0.29   -0.38   -0.49   -0.39   -0.20
       med   |  699.987 |  696.227 |  695.428 |  695.737 |  694.764 |  694.562 |  695.054 |  696.644 |  694.322 |  695.500 |  696.621 |  698.503
=== process binG.order2.3
SELFCHECK OK (256 whole-block lengths 1..256 blk x 12 variants; out/Xi/ivec/ret byte-identical, nothing written past 16*nblk)
bytes  blks  |     base |       d5 |       d4 |       d3 |       d2 |       d1 |     cl12 |      cl6 |      cl5 |      cl4 |       w1 |   baseAA ||      d5%      d4%      d3%      d2%      d1%    cl12%     cl6%     cl5%     cl4%      w1%  baseAA%
16     1     |   26.275 |   13.892 |   13.693 |   14.004 |   13.931 |   13.935 |   13.971 |   13.999 |   13.928 |   13.932 |   13.931 |   26.327 ||  -47.13  -47.89  -46.70  -46.98  -46.96  -46.83  -46.72  -46.99  -46.98  -46.98   +0.20
       med   |   26.723 |   14.048 |   13.959 |   14.107 |   14.058 |   14.065 |   14.098 |   14.107 |   14.096 |   14.058 |   14.093 |   27.079
32     2     |   26.513 |   15.240 |   15.230 |   15.271 |   15.214 |   15.269 |   15.274 |   15.238 |   15.278 |   15.279 |   15.284 |   26.494 ||  -42.52  -42.56  -42.40  -42.62  -42.41  -42.39  -42.53  -42.38  -42.37  -42.35   -0.07
       med   |   26.727 |   15.283 |   15.280 |   15.286 |   15.317 |   15.315 |   15.292 |   15.256 |   15.335 |   15.294 |   15.304 |   26.719
48     3     |   27.547 |   18.623 |   18.649 |   18.705 |   18.673 |   18.711 |   18.828 |   18.743 |   18.653 |   18.658 |   19.020 |   27.714 ||  -32.40  -32.30  -32.10  -32.21  -32.08  -31.65  -31.96  -32.29  -32.27  -30.96   +0.61
       med   |   27.991 |   18.882 |   18.844 |   18.771 |   18.731 |   18.820 |   18.896 |   18.807 |   18.719 |   18.712 |   19.170 |   28.000
64     4     |   28.917 |   22.609 |   22.626 |   22.763 |   22.682 |   22.697 |   22.908 |   22.772 |   22.734 |   22.718 |   23.137 |   28.896 ||  -21.81  -21.76  -21.28  -21.56  -21.51  -20.78  -21.25  -21.38  -21.44  -19.99   -0.07
       med   |   29.161 |   22.631 |   22.859 |   22.945 |   22.709 |   22.724 |   23.284 |   22.796 |   23.046 |   22.753 |   23.167 |   29.139
80     5     |   29.951 |   30.100 |   30.105 |   30.106 |   30.122 |   30.124 |   30.105 |   30.104 |   30.095 |   30.104 |   30.105 |   29.982 ||   +0.50   +0.51   +0.52   +0.57   +0.58   +0.51   +0.51   +0.48   +0.51   +0.52   +0.10
       med   |   30.246 |   30.277 |   30.260 |   30.347 |   30.349 |   30.325 |   30.232 |   30.164 |   30.171 |   30.240 |   30.266 |   30.157
96     6     |   30.896 |   30.794 |   30.777 |   30.818 |   30.798 |   30.801 |   30.829 |   30.820 |   30.780 |   30.768 |   30.802 |   30.859 ||   -0.33   -0.39   -0.25   -0.32   -0.31   -0.22   -0.25   -0.38   -0.41   -0.30   -0.12
       med   |   31.077 |   31.071 |   31.064 |   31.076 |   31.121 |   31.064 |   31.055 |   31.053 |   31.054 |   31.068 |   31.071 |   31.068
112    7     |   31.770 |   31.874 |   31.823 |   31.870 |   31.875 |   31.864 |   31.873 |   31.866 |   31.873 |   31.865 |   31.869 |   31.701 ||   +0.33   +0.17   +0.32   +0.33   +0.30   +0.33   +0.30   +0.32   +0.30   +0.31   -0.22
       med   |   32.089 |   32.016 |   32.005 |   32.019 |   32.016 |   32.011 |   31.993 |   31.922 |   31.987 |   32.014 |   32.015 |   32.060
128    8     |   30.094 |   29.938 |   29.787 |   29.945 |   29.933 |   29.819 |   29.705 |   29.934 |   29.930 |   29.736 |   29.627 |   30.006 ||   -0.52   -1.02   -0.49   -0.53   -0.91   -1.29   -0.53   -0.54   -1.19   -1.55   -0.29
       med   |   30.233 |   30.157 |   30.232 |   30.218 |   30.269 |   30.225 |   30.143 |   29.989 |   30.059 |   30.146 |   30.240 |   30.161
256    16    |   52.231 |   52.229 |   52.237 |   52.203 |   52.221 |   52.232 |   51.852 |   51.937 |   52.227 |   52.219 |   52.237 |   52.370 ||   -0.00   +0.01   -0.05   -0.02   +0.00   -0.73   -0.56   -0.01   -0.02   +0.01   +0.27
       med   |   52.801 |   52.749 |   52.596 |   52.824 |   52.816 |   52.746 |   52.756 |   52.678 |   52.640 |   52.717 |   52.756 |   52.916
512    32    |   95.049 |   93.972 |   94.469 |   94.290 |   93.891 |   94.438 |   94.460 |   94.699 |   94.457 |   94.872 |   94.384 |   95.475 ||   -1.13   -0.61   -0.80   -1.22   -0.64   -0.62   -0.37   -0.62   -0.19   -0.70   +0.45
       med   |   96.066 |   95.790 |   95.596 |   95.862 |   95.642 |   95.625 |   95.796 |   95.965 |   95.545 |   95.878 |   95.679 |   96.356
1024   64    |  179.990 |  179.923 |  178.903 |  180.013 |  178.750 |  179.666 |  179.754 |  179.314 |  178.955 |  179.668 |  179.924 |  180.862 ||   -0.04   -0.60   +0.01   -0.69   -0.18   -0.13   -0.38   -0.58   -0.18   -0.04   +0.48
       med   |  182.748 |  181.864 |  181.496 |  181.846 |  181.529 |  181.635 |  181.557 |  181.948 |  181.394 |  181.683 |  181.553 |  182.917
4096   256   |  695.600 |  692.078 |  692.192 |  692.203 |  692.012 |  692.125 |  692.249 |  692.154 |  691.958 |  691.810 |  691.716 |  692.634 ||   -0.51   -0.49   -0.49   -0.52   -0.50   -0.48   -0.50   -0.52   -0.54   -0.56   -0.43
       med   |  700.269 |  696.168 |  694.995 |  695.793 |  694.695 |  694.616 |  694.981 |  696.625 |  694.271 |  694.980 |  696.090 |  698.615
=== process binG.order2.4
SELFCHECK OK (256 whole-block lengths 1..256 blk x 12 variants; out/Xi/ivec/ret byte-identical, nothing written past 16*nblk)
bytes  blks  |     base |       d5 |       d4 |       d3 |       d2 |       d1 |     cl12 |      cl6 |      cl5 |      cl4 |       w1 |   baseAA ||      d5%      d4%      d3%      d2%      d1%    cl12%     cl6%     cl5%     cl4%      w1%  baseAA%
16     1     |   26.181 |   13.851 |   13.703 |   14.009 |   13.931 |   13.941 |   13.972 |   14.006 |   13.930 |   13.933 |   13.941 |   26.133 ||  -47.09  -47.66  -46.49  -46.79  -46.75  -46.63  -46.50  -46.79  -46.78  -46.75   -0.18
       med   |   26.491 |   14.047 |   13.970 |   14.105 |   14.059 |   14.067 |   14.100 |   14.106 |   14.098 |   14.062 |   14.101 |   26.441
32     2     |   26.444 |   15.241 |   15.231 |   15.268 |   15.216 |   15.269 |   15.273 |   15.236 |   15.273 |   15.274 |   15.288 |   26.492 ||  -42.36  -42.40  -42.26  -42.46  -42.26  -42.24  -42.38  -42.24  -42.24  -42.19   +0.18
       med   |   26.720 |   15.283 |   15.355 |   15.285 |   15.317 |   15.315 |   15.361 |   15.251 |   15.330 |   15.292 |   15.299 |   26.720
48     3     |   27.737 |   18.574 |   18.602 |   18.701 |   18.666 |   18.703 |   18.820 |   18.737 |   18.646 |   18.647 |   18.977 |   27.702 ||  -33.04  -32.93  -32.58  -32.70  -32.57  -32.15  -32.45  -32.78  -32.77  -31.58   -0.13
       med   |   28.003 |   18.878 |   18.843 |   18.771 |   18.730 |   18.832 |   18.889 |   18.807 |   18.719 |   18.713 |   19.170 |   28.017
64     4     |   28.940 |   22.609 |   22.621 |   22.769 |   22.680 |   22.700 |   22.908 |   22.774 |   22.729 |   22.716 |   23.135 |   28.884 ||  -21.88  -21.83  -21.32  -21.63  -21.56  -20.84  -21.30  -21.46  -21.51  -20.06   -0.19
       med   |   29.091 |   22.632 |   22.862 |   22.999 |   22.707 |   22.732 |   22.937 |   22.796 |   23.034 |   22.890 |   23.171 |   29.142
80     5     |   29.948 |   30.103 |   30.111 |   30.121 |   30.120 |   30.120 |   30.119 |   30.102 |   30.102 |   30.115 |   30.104 |   29.988 ||   +0.52   +0.54   +0.58   +0.57   +0.57   +0.57   +0.51   +0.51   +0.56   +0.52   +0.13
       med   |   30.242 |   30.264 |   30.312 |   30.330 |   30.360 |   30.333 |   30.252 |   30.161 |   30.212 |   30.247 |   30.270 |   30.164
96     6     |   30.900 |   30.817 |   30.820 |   30.842 |   30.836 |   30.797 |   30.830 |   30.783 |   30.782 |   30.798 |   30.705 |   30.877 ||   -0.27   -0.26   -0.19   -0.21   -0.33   -0.22   -0.38   -0.38   -0.33   -0.63   -0.07
       med   |   31.070 |   31.071 |   31.098 |   31.097 |   31.186 |   31.086 |   31.062 |   31.038 |   31.035 |   31.103 |   31.071 |   31.061
112    7     |   31.810 |   31.875 |   31.809 |   31.877 |   31.878 |   31.862 |   31.875 |   31.876 |   31.869 |   31.875 |   31.879 |   31.688 ||   +0.21   -0.00   +0.21   +0.21   +0.16   +0.20   +0.21   +0.19   +0.20   +0.22   -0.38
       med   |   32.412 |   32.433 |   32.404 |   32.377 |   32.435 |   32.431 |   32.365 |   32.322 |   32.331 |   32.370 |   32.407 |   32.386
128    8     |   30.110 |   29.939 |   29.848 |   29.940 |   29.936 |   29.934 |   29.938 |   29.931 |   29.936 |   29.760 |   29.661 |   30.035 ||   -0.57   -0.87   -0.57   -0.58   -0.59   -0.57   -0.60   -0.58   -1.16   -1.49   -0.25
       med   |   30.241 |   30.132 |   30.360 |   30.156 |   30.294 |   30.221 |   30.132 |   29.993 |   29.992 |   30.079 |   30.224 |   30.166
256    16    |   52.238 |   51.953 |   52.230 |   51.997 |   51.979 |   52.194 |   51.967 |   52.068 |   52.160 |   52.150 |   52.223 |   52.353 ||   -0.54   -0.01   -0.46   -0.50   -0.08   -0.52   -0.33   -0.15   -0.17   -0.03   +0.22
       med   |   52.778 |   52.604 |   52.594 |   52.770 |   52.772 |   52.774 |   52.739 |   52.610 |   52.601 |   52.615 |   52.801 |   52.932
512    32    |   94.960 |   94.676 |   94.705 |   94.720 |   94.589 |   93.974 |   94.720 |   94.222 |   94.267 |   94.591 |   94.665 |   95.108 ||   -0.30   -0.27   -0.25   -0.39   -1.04   -0.25   -0.78   -0.73   -0.39   -0.31   +0.16
       med   |   95.932 |   95.771 |   95.708 |   95.902 |   95.722 |   95.593 |   95.827 |   95.723 |   95.540 |   95.738 |   95.737 |   96.222
1024   64    |  179.928 |  179.756 |  179.819 |  179.721 |  179.829 |  179.910 |  179.755 |  179.730 |  179.726 |  179.715 |  179.772 |  180.567 ||   -0.10   -0.06   -0.11   -0.05   -0.01   -0.10   -0.11   -0.11   -0.12   -0.09   +0.36
       med   |  182.510 |  181.768 |  181.417 |  181.869 |  181.418 |  181.722 |  181.521 |  181.921 |  181.346 |  181.709 |  181.721 |  182.705
4096   256   |  693.114 |  691.940 |  692.180 |  691.137 |  691.967 |  691.565 |  691.888 |  690.962 |  692.078 |  692.188 |  691.995 |  693.284 ||   -0.17   -0.13   -0.29   -0.17   -0.22   -0.18   -0.31   -0.15   -0.13   -0.16   +0.02
       med   |  699.859 |  696.758 |  695.227 |  695.774 |  694.716 |  694.558 |  695.177 |  696.808 |  694.510 |  695.467 |  696.442 |  698.524
=== process binG.order2.5
SELFCHECK OK (256 whole-block lengths 1..256 blk x 12 variants; out/Xi/ivec/ret byte-identical, nothing written past 16*nblk)
bytes  blks  |     base |       d5 |       d4 |       d3 |       d2 |       d1 |     cl12 |      cl6 |      cl5 |      cl4 |       w1 |   baseAA ||      d5%      d4%      d3%      d2%      d1%    cl12%     cl6%     cl5%     cl4%      w1%  baseAA%
16     1     |   26.181 |   13.896 |   13.886 |   14.022 |   13.937 |   13.940 |   13.973 |   13.987 |   13.924 |   13.934 |   13.934 |   26.144 ||  -46.92  -46.96  -46.44  -46.77  -46.75  -46.63  -46.58  -46.82  -46.78  -46.78   -0.14
       med   |   26.497 |   14.047 |   13.960 |   14.096 |   14.065 |   14.062 |   14.095 |   14.106 |   14.097 |   14.060 |   14.098 |   26.457
32     2     |   26.532 |   15.236 |   15.234 |   15.270 |   15.216 |   15.268 |   15.279 |   15.241 |   15.279 |   15.276 |   15.286 |   26.481 ||  -42.57  -42.58  -42.45  -42.65  -42.45  -42.41  -42.56  -42.41  -42.43  -42.39   -0.19
       med   |   26.741 |   15.283 |   15.278 |   15.285 |   15.319 |   15.313 |   15.365 |   15.253 |   15.331 |   15.299 |   15.302 |   26.713
48     3     |   27.514 |   18.576 |   18.602 |   18.702 |   18.661 |   18.704 |   18.814 |   18.737 |   18.644 |   18.649 |   18.994 |   27.705 ||  -32.48  -32.39  -32.03  -32.18  -32.02  -31.62  -31.90  -32.24  -32.22  -30.97   +0.69
       med   |   28.009 |   18.863 |   18.846 |   18.785 |   18.776 |   18.841 |   18.937 |   18.841 |   18.765 |   18.762 |   19.204 |   27.991
64     4     |   28.917 |   22.605 |   22.622 |   22.768 |   22.677 |   22.696 |   22.909 |   22.771 |   22.735 |   22.714 |   23.135 |   28.889 ||  -21.83  -21.77  -21.26  -21.58  -21.51  -20.78  -21.25  -21.38  -21.45  -19.99   -0.10
       med   |   29.124 |   22.638 |   22.847 |   23.045 |   22.714 |   22.734 |   23.150 |   22.794 |   22.947 |   22.903 |   23.165 |   29.161
80     5     |   29.949 |   30.104 |   30.118 |   30.111 |   30.109 |   30.102 |   30.103 |   30.100 |   30.098 |   30.101 |   30.111 |   29.978 ||   +0.52   +0.56   +0.54   +0.53   +0.51   +0.51   +0.50   +0.50   +0.51   +0.54   +0.10
       med   |   30.253 |   30.263 |   30.282 |   30.350 |   30.368 |   30.326 |   30.230 |   30.223 |   30.204 |   30.245 |   30.283 |   30.213
96     6     |   30.906 |   30.834 |   30.839 |   30.820 |   30.850 |   30.776 |   30.826 |   30.799 |   30.806 |   30.797 |   30.807 |   30.858 ||   -0.23   -0.22   -0.28   -0.18   -0.42   -0.26   -0.35   -0.33   -0.35   -0.32   -0.16
       med   |   31.084 |   31.072 |   31.084 |   31.062 |   31.189 |   31.060 |   31.063 |   31.050 |   31.047 |   31.060 |   31.100 |   31.075
112    7     |   31.823 |   31.877 |   31.810 |   31.664 |   31.877 |   31.885 |   31.867 |   31.868 |   31.873 |   31.868 |   31.877 |   31.707 ||   +0.17   -0.04   -0.50   +0.17   +0.20   +0.14   +0.14   +0.16   +0.14   +0.17   -0.36
       med   |   32.413 |   32.345 |   32.348 |   32.365 |   32.399 |   32.344 |   32.334 |   32.307 |   32.344 |   32.313 |   32.358 |   32.308
128    8     |   30.115 |   29.931 |   29.936 |   29.636 |   29.944 |   29.758 |   29.931 |   29.932 |   29.933 |   29.934 |   29.807 |   30.035 ||   -0.61   -0.59   -1.59   -0.57   -1.18   -0.61   -0.61   -0.60   -0.60   -1.02   -0.26
       med   |   30.331 |   30.140 |   30.153 |   30.198 |   30.264 |   30.228 |   30.151 |   30.103 |   29.993 |   30.150 |   30.221 |   30.169
256    16    |   52.243 |   52.242 |   52.245 |   52.235 |   52.218 |   52.217 |   52.232 |   52.224 |   52.226 |   52.247 |   52.223 |   52.372 ||   -0.00   +0.00   -0.02   -0.05   -0.05   -0.02   -0.04   -0.03   +0.01   -0.04   +0.25
       med   |   52.798 |   52.704 |   52.631 |   52.826 |   52.877 |   52.718 |   52.607 |   52.591 |   52.561 |   52.677 |   52.729 |   52.963
512    32    |   94.808 |   94.748 |   94.713 |   94.601 |   94.766 |   94.706 |   94.639 |   94.686 |   94.434 |   94.651 |   94.676 |   95.300 ||   -0.06   -0.10   -0.22   -0.04   -0.11   -0.18   -0.13   -0.39   -0.17   -0.14   +0.52
       med   |   96.023 |   95.886 |   95.548 |   96.006 |   95.787 |   95.769 |   95.829 |   95.755 |   95.477 |   95.623 |   95.639 |   96.086
1024   64    |  180.008 |  179.837 |  179.585 |  179.342 |  178.557 |  179.541 |  179.695 |  179.632 |  179.728 |  179.904 |  179.768 |  180.221 ||   -0.10   -0.23   -0.37   -0.81   -0.26   -0.17   -0.21   -0.16   -0.06   -0.13   +0.12
       med   |  182.552 |  181.858 |  181.476 |  181.907 |  181.489 |  181.684 |  181.567 |  181.728 |  181.397 |  181.669 |  181.580 |  182.754
4096   256   |  692.880 |  692.229 |  691.281 |  692.121 |  691.841 |  691.674 |  690.938 |  692.158 |  690.904 |  692.311 |  692.271 |  693.637 ||   -0.09   -0.23   -0.11   -0.15   -0.17   -0.28   -0.10   -0.29   -0.08   -0.09   +0.11
       med   |  700.048 |  696.165 |  695.115 |  695.715 |  694.580 |  694.865 |  695.034 |  696.339 |  694.410 |  695.376 |  696.439 |  698.482
=== process binG.order3.1
SELFCHECK OK (256 whole-block lengths 1..256 blk x 12 variants; out/Xi/ivec/ret byte-identical, nothing written past 16*nblk)
bytes  blks  |     base |     cl12 |       d1 |       d2 |       d3 |       d4 |       d5 |   baseAA |       w1 |      cl4 |      cl5 |      cl6 ||    cl12%      d1%      d2%      d3%      d4%      d5%  baseAA%      w1%     cl4%     cl5%     cl6%
16     1     |   26.253 |   13.985 |   13.979 |   13.956 |   14.000 |   13.700 |   13.697 |   26.422 |   13.946 |   13.994 |   13.903 |   14.005 ||  -46.73  -46.75  -46.84  -46.67  -47.82  -47.83   +0.64  -46.88  -46.69  -47.04  -46.65
       med   |   26.690 |   14.103 |   14.062 |   14.065 |   14.103 |   14.035 |   13.998 |   27.069 |   14.105 |   14.100 |   14.123 |   14.132
32     2     |   26.450 |   15.275 |   15.273 |   15.214 |   15.263 |   15.231 |   15.235 |   26.491 |   15.299 |   15.270 |   15.270 |   15.273 ||  -42.25  -42.26  -42.48  -42.29  -42.41  -42.40   +0.16  -42.16  -42.27  -42.27  -42.26
       med   |   26.759 |   15.361 |   15.318 |   15.315 |   15.282 |   15.267 |   15.291 |   26.543 |   15.316 |   15.393 |   15.317 |   15.344
48     3     |   27.688 |   18.828 |   18.711 |   18.673 |   18.714 |   18.653 |   18.620 |   27.714 |   18.909 |   18.651 |   18.584 |   18.667 ||  -32.00  -32.42  -32.56  -32.41  -32.63  -32.75   +0.09  -31.71  -32.64  -32.88  -32.58
       med   |   28.215 |   18.899 |   18.904 |   18.729 |   18.781 |   18.913 |   18.739 |   27.826 |   19.021 |   18.815 |   18.779 |   18.869
64     4     |   28.916 |   22.903 |   22.696 |   22.686 |   22.765 |   22.623 |   22.609 |   28.881 |   23.135 |   22.743 |   22.753 |   22.795 ||  -20.80  -21.51  -21.55  -21.27  -21.76  -21.81   -0.12  -20.00  -21.35  -21.31  -21.17
       med   |   29.199 |   22.932 |   22.768 |   22.710 |   22.796 |   22.895 |   22.926 |   29.005 |   23.288 |   22.772 |   22.775 |   22.888
80     5     |   29.977 |   30.096 |   30.113 |   30.120 |   30.120 |   30.125 |   30.096 |   29.982 |   30.046 |   30.041 |   30.048 |   30.035 ||   +0.40   +0.45   +0.48   +0.48   +0.50   +0.40   +0.02   +0.23   +0.21   +0.24   +0.20
       med   |   30.237 |   30.266 |   30.324 |   30.343 |   30.325 |   30.327 |   30.340 |   30.152 |   30.254 |   30.305 |   30.264 |   30.294
96     6     |   30.907 |   30.822 |   30.808 |   30.779 |   30.766 |   30.810 |   30.780 |   30.859 |   30.846 |   30.856 |   30.860 |   30.852 ||   -0.27   -0.32   -0.41   -0.45   -0.31   -0.41   -0.15   -0.20   -0.16   -0.15   -0.18
       med   |   31.087 |   31.092 |   31.065 |   31.070 |   31.112 |   31.070 |   31.109 |   31.004 |   31.019 |   31.104 |   31.040 |   31.039
112    7     |   31.822 |   31.870 |   31.805 |   31.797 |   31.879 |   31.873 |   31.865 |   31.673 |   31.761 |   31.760 |   31.754 |   31.763 ||   +0.15   -0.05   -0.08   +0.18   +0.16   +0.13   -0.47   -0.19   -0.19   -0.21   -0.18
       med   |   32.179 |   32.073 |   32.015 |   32.026 |   32.042 |   32.035 |   32.041 |   31.984 |   32.007 |   32.181 |   32.105 |   32.154
128    8     |   30.114 |   29.939 |   29.740 |   29.657 |   29.947 |   29.942 |   29.941 |   30.024 |   30.097 |   30.107 |   30.096 |   30.110 ||   -0.58   -1.24   -1.52   -0.55   -0.57   -0.57   -0.30   -0.06   -0.02   -0.06   -0.01
       med   |   30.338 |   30.151 |   30.368 |   30.161 |   30.272 |   30.297 |   30.146 |   30.153 |   30.254 |   30.410 |   30.247 |   30.315
256    16    |   51.447 |   52.244 |   52.227 |   52.216 |   52.237 |   52.235 |   52.216 |   52.364 |   52.137 |   52.082 |   52.107 |   52.051 ||   +1.55   +1.52   +1.49   +1.54   +1.53   +1.49   +1.78   +1.34   +1.23   +1.28   +1.17
       med   |   52.796 |   52.694 |   52.691 |   52.803 |   52.805 |   52.713 |   52.590 |   52.806 |   52.542 |   52.629 |   52.653 |   52.621
512    32    |   94.935 |   94.276 |   94.530 |   94.487 |   93.411 |   94.524 |   94.486 |   95.283 |   94.384 |   93.532 |   94.807 |   94.306 ||   -0.69   -0.43   -0.47   -1.60   -0.43   -0.47   +0.37   -0.58   -1.48   -0.13   -0.66
       med   |   96.014 |   95.732 |   95.637 |   95.829 |   95.609 |   95.657 |   95.577 |   96.228 |   95.469 |   95.663 |   95.483 |   95.670
1024   64    |  179.812 |  179.660 |  179.661 |  179.643 |  179.695 |  178.924 |  179.798 |  180.392 |  179.642 |  179.646 |  179.761 |  179.880 ||   -0.08   -0.08   -0.09   -0.07   -0.49   -0.01   +0.32   -0.10   -0.09   -0.03   +0.04
       med   |  182.761 |  181.722 |  181.496 |  181.838 |  181.536 |  181.542 |  181.437 |  183.052 |  181.444 |  181.562 |  181.587 |  181.548
4096   256   |  693.235 |  692.023 |  691.754 |  692.365 |  692.177 |  689.222 |  692.389 |  692.820 |  690.013 |  690.827 |  691.238 |  690.662 ||   -0.17   -0.21   -0.13   -0.15   -0.58   -0.12   -0.06   -0.46   -0.35   -0.29   -0.37
       med   |  700.337 |  696.035 |  695.226 |  695.714 |  694.557 |  695.080 |  695.003 |  700.841 |  694.419 |  695.291 |  695.453 |  694.383
=== process binG.order3.2
SELFCHECK OK (256 whole-block lengths 1..256 blk x 12 variants; out/Xi/ivec/ret byte-identical, nothing written past 16*nblk)
bytes  blks  |     base |     cl12 |       d1 |       d2 |       d3 |       d4 |       d5 |   baseAA |       w1 |      cl4 |      cl5 |      cl6 ||    cl12%      d1%      d2%      d3%      d4%      d5%  baseAA%      w1%     cl4%     cl5%     cl6%
16     1     |   26.179 |   14.005 |   13.942 |   13.963 |   13.993 |   13.699 |   13.695 |   26.216 |   13.990 |   14.075 |   13.916 |   13.999 ||  -46.50  -46.74  -46.66  -46.55  -47.67  -47.69   +0.14  -46.56  -46.24  -46.84  -46.52
       med   |   26.469 |   14.106 |   14.060 |   14.060 |   14.097 |   14.040 |   14.001 |   26.404 |   14.102 |   14.101 |   14.133 |   14.132
32     2     |   26.438 |   15.271 |   15.269 |   15.219 |   15.268 |   15.239 |   15.236 |   26.465 |   15.305 |   15.309 |   15.275 |   15.278 ||  -42.24  -42.25  -42.44  -42.25  -42.36  -42.37   +0.10  -42.11  -42.10  -42.23  -42.21
       med   |   26.772 |   15.288 |   15.318 |   15.318 |   15.290 |   15.270 |   15.371 |   26.561 |   15.390 |   15.392 |   15.318 |   15.344
48     3     |   27.720 |   18.819 |   18.711 |   18.668 |   18.708 |   18.618 |   18.577 |   27.710 |   18.865 |   18.632 |   18.566 |   18.650 ||  -32.11  -32.50  -32.66  -32.51  -32.84  -32.98   -0.04  -31.95  -32.78  -33.03  -32.72
       med   |   28.666 |   18.893 |   18.895 |   18.728 |   18.779 |   18.857 |   18.766 |   27.807 |   19.021 |   18.815 |   18.777 |   18.868
64     4     |   28.922 |   22.905 |   22.694 |   22.686 |   22.767 |   22.626 |   22.606 |   28.877 |   23.138 |   22.747 |   22.751 |   22.801 ||  -20.81  -21.54  -21.56  -21.28  -21.77  -21.84   -0.16  -20.00  -21.35  -21.34  -21.17
       med   |   29.204 |   22.938 |   22.916 |   22.710 |   23.050 |   22.904 |   22.915 |   29.007 |   23.294 |   22.920 |   22.772 |   22.986
80     5     |   29.970 |   30.097 |   30.116 |   30.123 |   30.114 |   30.129 |   30.121 |   29.982 |   30.048 |   29.973 |   30.041 |   30.046 ||   +0.42   +0.49   +0.51   +0.48   +0.53   +0.50   +0.04   +0.26   +0.01   +0.24   +0.25
       med   |   30.255 |   30.261 |   30.341 |   30.343 |   30.351 |   30.344 |   30.322 |   30.160 |   30.256 |   30.308 |   30.245 |   30.282
96     6     |   30.901 |   30.812 |   30.775 |   30.793 |   30.814 |   30.810 |   30.787 |   30.866 |   30.851 |   30.873 |   30.878 |   30.840 ||   -0.29   -0.41   -0.35   -0.28   -0.30   -0.37   -0.11   -0.16   -0.09   -0.08   -0.20
       med   |   31.075 |   31.065 |   31.110 |   31.087 |   31.101 |   31.102 |   31.099 |   30.999 |   31.031 |   31.102 |   31.025 |   31.040
112    7     |   31.827 |   31.892 |   31.826 |   31.886 |   31.879 |   31.876 |   31.880 |   31.715 |   31.763 |   31.771 |   31.761 |   31.648 ||   +0.20   -0.01   +0.18   +0.16   +0.15   +0.17   -0.35   -0.20   -0.18   -0.21   -0.56
       med   |   34.628 |   34.765 |   34.748 |   34.717 |   34.777 |   34.710 |   34.705 |   34.861 |   34.249 |   34.146 |   34.255 |   34.253
128    8     |   30.107 |   29.852 |   29.637 |   29.938 |   29.942 |   29.950 |   29.629 |   30.027 |   30.100 |   30.118 |   30.104 |   30.023 ||   -0.85   -1.56   -0.56   -0.55   -0.52   -1.59   -0.27   -0.02   +0.04   -0.01   -0.28
       med   |   30.328 |   30.164 |   30.268 |   30.158 |   30.286 |   30.238 |   30.144 |   30.137 |   30.293 |   30.407 |   30.232 |   30.307
256    16    |   52.225 |   51.925 |   52.232 |   52.237 |   52.231 |   52.227 |   52.049 |   52.355 |   52.164 |   52.192 |   52.030 |   51.560 ||   -0.57   +0.01   +0.02   +0.01   +0.00   -0.34   +0.25   -0.12   -0.06   -0.37   -1.27
       med   |   52.782 |   52.672 |   52.665 |   52.718 |   52.755 |   52.742 |   52.640 |   52.899 |   52.530 |   52.629 |   52.621 |   52.578
512    32    |   94.821 |   94.687 |   94.738 |   94.748 |   94.570 |   94.461 |   94.659 |   95.129 |   94.154 |   93.499 |   94.440 |   94.448 ||   -0.14   -0.09   -0.08   -0.26   -0.38   -0.17   +0.33   -0.70   -1.39   -0.40   -0.39
       med   |   96.099 |   95.780 |   95.533 |   95.827 |   95.669 |   95.636 |   95.609 |   96.292 |   95.428 |   95.636 |   95.491 |   95.752
1024   64    |  180.078 |  179.746 |  179.643 |  179.636 |  179.748 |  179.909 |  179.720 |  180.731 |  179.786 |  179.589 |  179.725 |  179.548 ||   -0.18   -0.24   -0.25   -0.18   -0.09   -0.20   +0.36   -0.16   -0.27   -0.20   -0.29
       med   |  182.601 |  181.726 |  181.500 |  181.839 |  181.565 |  181.479 |  181.416 |  183.040 |  181.428 |  181.569 |  181.556 |  181.478
4096   256   |  693.487 |  692.138 |  691.429 |  691.961 |  691.817 |  691.953 |  691.760 |  692.528 |  689.415 |  691.016 |  691.361 |  690.211 ||   -0.19   -0.30   -0.22   -0.24   -0.22   -0.25   -0.14   -0.59   -0.36   -0.31   -0.47
       med   |  700.220 |  696.192 |  695.413 |  695.578 |  694.656 |  694.733 |  695.063 |  701.340 |  694.364 |  695.418 |  695.280 |  694.447
=== process binG.order3.3
SELFCHECK OK (256 whole-block lengths 1..256 blk x 12 variants; out/Xi/ivec/ret byte-identical, nothing written past 16*nblk)
bytes  blks  |     base |     cl12 |       d1 |       d2 |       d3 |       d4 |       d5 |   baseAA |       w1 |      cl4 |      cl5 |      cl6 ||    cl12%      d1%      d2%      d3%      d4%      d5%  baseAA%      w1%     cl4%     cl5%     cl6%
16     1     |   26.218 |   14.020 |   13.976 |   13.945 |   13.997 |   13.700 |   13.705 |   26.391 |   14.029 |   13.945 |   13.905 |   14.002 ||  -46.52  -46.69  -46.81  -46.61  -47.75  -47.73   +0.66  -46.49  -46.81  -46.96  -46.60
       med   |   26.700 |   14.102 |   14.063 |   14.061 |   14.100 |   14.035 |   13.995 |   27.087 |   14.091 |   14.100 |   14.138 |   14.132
32     2     |   26.526 |   15.272 |   15.268 |   15.226 |   15.266 |   15.237 |   15.236 |   26.474 |   15.305 |   15.272 |   15.298 |   15.274 ||  -42.43  -42.44  -42.60  -42.45  -42.56  -42.56   -0.20  -42.30  -42.43  -42.33  -42.42
       med   |   26.735 |   15.361 |   15.317 |   15.317 |   15.288 |   15.276 |   15.366 |   26.567 |   15.317 |   15.393 |   15.319 |   15.347
48     3     |   27.767 |   18.817 |   18.708 |   18.672 |   18.709 |   18.655 |   18.625 |   27.723 |   18.910 |   18.647 |   18.584 |   18.671 ||  -32.23  -32.62  -32.75  -32.62  -32.82  -32.93   -0.16  -31.90  -32.84  -33.07  -32.76
       med   |   28.180 |   18.893 |   18.839 |   18.724 |   18.773 |   18.899 |   18.881 |   27.821 |   19.018 |   18.813 |   18.777 |   18.868
64     4     |   28.916 |   22.910 |   22.702 |   22.682 |   22.766 |   22.618 |   22.614 |   28.878 |   23.126 |   22.750 |   22.750 |   22.794 ||  -20.77  -21.49  -21.56  -21.27  -21.78  -21.80   -0.13  -20.03  -21.32  -21.32  -21.17
       med   |   29.170 |   22.933 |   22.919 |   22.708 |   23.059 |   22.899 |   22.921 |   28.965 |   23.291 |   22.855 |   22.773 |   22.914
80     5     |   29.954 |   30.100 |   30.117 |   30.110 |   30.119 |   30.118 |   30.096 |   29.984 |   30.044 |   30.049 |   30.048 |   30.051 ||   +0.49   +0.54   +0.52   +0.55   +0.55   +0.48   +0.10   +0.30   +0.32   +0.32   +0.32
       med   |   30.257 |   30.254 |   30.328 |   30.346 |   30.343 |   30.351 |   30.335 |   30.166 |   30.261 |   30.306 |   30.296 |   30.274
96     6     |   30.900 |   30.834 |   30.836 |   30.833 |   30.832 |   30.834 |   30.835 |   30.866 |   30.871 |   30.878 |   30.863 |   30.878 ||   -0.21   -0.21   -0.22   -0.22   -0.21   -0.21   -0.11   -0.09   -0.07   -0.12   -0.07
       med   |   31.087 |   31.080 |   31.077 |   31.091 |   31.148 |   31.101 |   31.101 |   30.981 |   31.030 |   31.102 |   31.041 |   31.061
112    7     |   31.823 |   31.873 |   31.831 |   31.869 |   31.861 |   31.874 |   31.880 |   31.706 |   31.754 |   31.760 |   31.760 |   31.757 ||   +0.16   +0.03   +0.14   +0.12   +0.16   +0.18   -0.37   -0.22   -0.20   -0.20   -0.21
       med   |   32.169 |   32.075 |   32.024 |   32.033 |   32.029 |   32.029 |   32.018 |   31.993 |   32.014 |   32.159 |   32.173 |   32.179
128    8     |   30.113 |   29.943 |   29.911 |   29.771 |   29.940 |   29.914 |   29.937 |   30.027 |   30.092 |   30.099 |   30.100 |   30.111 ||   -0.57   -0.67   -1.14   -0.57   -0.66   -0.58   -0.29   -0.07   -0.05   -0.04   -0.01
       med   |   30.333 |   30.137 |   30.362 |   30.225 |   30.291 |   30.178 |   30.148 |   30.147 |   30.247 |   30.392 |   30.257 |   30.344
256    16    |   52.252 |   52.251 |   52.232 |   52.221 |   52.244 |   51.784 |   52.217 |   52.338 |   52.147 |   52.070 |   52.175 |   52.165 ||   -0.00   -0.04   -0.06   -0.02   -0.90   -0.07   +0.16   -0.20   -0.35   -0.15   -0.17
       med   |   52.817 |   52.672 |   52.680 |   52.694 |   52.790 |   52.704 |   52.599 |   52.904 |   52.554 |   52.620 |   52.652 |   52.577
512    32    |   95.111 |   94.746 |   94.513 |   94.453 |   94.623 |   94.507 |   94.463 |   95.137 |   93.984 |   94.448 |   93.619 |   94.696 ||   -0.38   -0.63   -0.69   -0.51   -0.64   -0.68   +0.03   -1.19   -0.70   -1.57   -0.44
       med   |   95.966 |   95.861 |   95.575 |   95.669 |   95.676 |   95.500 |   95.647 |   96.191 |   95.425 |   95.731 |   95.498 |   95.694
1024   64    |  179.536 |  179.886 |  179.756 |  179.927 |  179.722 |  179.919 |  179.715 |  180.293 |  179.111 |  179.831 |  179.875 |  179.746 ||   +0.19   +0.12   +0.22   +0.10   +0.21   +0.10   +0.42   -0.24   +0.16   +0.19   +0.12
       med   |  182.696 |  181.804 |  181.536 |  181.968 |  181.375 |  181.601 |  181.505 |  182.978 |  181.315 |  181.556 |  181.558 |  181.563
4096   256   |  693.537 |  692.283 |  691.062 |  691.115 |  691.697 |  691.734 |  691.816 |  693.308 |  690.249 |  691.303 |  690.769 |  690.851 ||   -0.18   -0.36   -0.35   -0.27   -0.26   -0.25   -0.03   -0.47   -0.32   -0.40   -0.39
       med   |  699.880 |  696.166 |  695.200 |  695.779 |  694.679 |  694.766 |  694.868 |  701.466 |  694.309 |  695.442 |  695.446 |  694.427
=== process binG.order3.4
SELFCHECK OK (256 whole-block lengths 1..256 blk x 12 variants; out/Xi/ivec/ret byte-identical, nothing written past 16*nblk)
bytes  blks  |     base |     cl12 |       d1 |       d2 |       d3 |       d4 |       d5 |   baseAA |       w1 |      cl4 |      cl5 |      cl6 ||    cl12%      d1%      d2%      d3%      d4%      d5%  baseAA%      w1%     cl4%     cl5%     cl6%
16     1     |   26.129 |   13.974 |   13.965 |   13.978 |   13.997 |   13.697 |   13.703 |   26.170 |   13.989 |   13.941 |   13.907 |   14.001 ||  -46.52  -46.55  -46.50  -46.43  -47.58  -47.55   +0.16  -46.46  -46.64  -46.77  -46.42
       med   |   26.769 |   14.097 |   14.064 |   14.066 |   14.096 |   14.019 |   13.969 |   27.095 |   14.103 |   14.101 |   14.133 |   14.133
32     2     |   26.508 |   15.275 |   15.269 |   15.219 |   15.265 |   15.237 |   15.235 |   26.467 |   15.303 |   15.307 |   15.307 |   15.277 ||  -42.38  -42.40  -42.59  -42.41  -42.52  -42.53   -0.15  -42.27  -42.25  -42.25  -42.37
       med   |   26.751 |   15.360 |   15.320 |   15.318 |   15.285 |   15.276 |   15.286 |   26.559 |   15.317 |   15.389 |   15.321 |   15.347
48     3     |   27.796 |   18.832 |   18.715 |   18.677 |   18.713 |   18.652 |   18.620 |   27.713 |   18.909 |   18.665 |   18.614 |   18.691 ||  -32.25  -32.67  -32.81  -32.68  -32.90  -33.01   -0.30  -31.97  -32.85  -33.04  -32.76
       med   |   28.229 |   18.932 |   18.920 |   18.777 |   18.831 |   18.941 |   18.715 |   27.831 |   19.033 |   18.861 |   18.788 |   18.874
64     4     |   28.921 |   22.908 |   22.695 |   22.682 |   22.767 |   22.624 |   22.616 |   28.881 |   23.130 |   22.748 |   22.753 |   22.799 ||  -20.79  -21.53  -21.57  -21.28  -21.77  -21.80   -0.14  -20.02  -21.34  -21.32  -21.17
       med   |   29.180 |   22.933 |   22.729 |   22.709 |   23.053 |   22.902 |   22.932 |   28.961 |   23.293 |   22.777 |   22.774 |   22.828
80     5     |   29.950 |   30.107 |   30.106 |   30.121 |   30.113 |   29.982 |   30.108 |   29.985 |   30.043 |   30.042 |   30.047 |   30.048 ||   +0.52   +0.52   +0.57   +0.55   +0.11   +0.53   +0.12   +0.31   +0.31   +0.33   +0.33
       med   |   30.213 |   30.279 |   30.262 |   30.315 |   30.354 |   30.371 |   30.230 |   30.154 |   30.266 |   30.311 |   30.259 |   30.282
96     6     |   30.900 |   30.827 |   30.827 |   30.834 |   30.842 |   30.830 |   30.829 |   30.858 |   30.805 |   30.873 |   30.872 |   30.822 ||   -0.24   -0.24   -0.21   -0.19   -0.23   -0.23   -0.13   -0.31   -0.09   -0.09   -0.25
       med   |   31.091 |   31.070 |   31.066 |   31.093 |   31.144 |   31.095 |   31.103 |   31.022 |   31.033 |   31.060 |   31.039 |   31.048
112    7     |   31.815 |   31.872 |   31.809 |   31.881 |   31.874 |   31.874 |   31.865 |   31.707 |   31.754 |   31.758 |   31.758 |   31.754 ||   +0.18   -0.02   +0.21   +0.19   +0.18   +0.16   -0.34   -0.19   -0.18   -0.18   -0.19
       med   |   32.236 |   32.145 |   32.183 |   32.040 |   32.062 |   32.027 |   31.988 |   32.056 |   32.012 |   32.162 |   32.162 |   32.198
128    8     |   30.107 |   29.938 |   29.937 |   29.934 |   29.938 |   29.626 |   29.940 |   30.035 |   30.100 |   30.112 |   30.088 |   30.111 ||   -0.56   -0.57   -0.58   -0.56   -1.60   -0.56   -0.24   -0.02   +0.02   -0.07   +0.01
       med   |   30.330 |   30.146 |   30.160 |   30.206 |   30.143 |   30.298 |   30.140 |   30.123 |   30.301 |   30.407 |   30.243 |   30.306
256    16    |   52.253 |   52.112 |   52.150 |   52.089 |   52.249 |   52.231 |   52.226 |   52.325 |   52.130 |   52.192 |   52.131 |   52.080 ||   -0.27   -0.20   -0.31   -0.01   -0.04   -0.05   +0.14   -0.24   -0.12   -0.23   -0.33
       med   |   52.821 |   52.676 |   52.661 |   52.777 |   52.789 |   52.714 |   52.603 |   52.934 |   52.546 |   52.637 |   52.680 |   52.618
512    32    |   95.178 |   94.263 |   94.504 |   94.485 |   94.449 |   94.665 |   94.450 |   95.213 |   94.632 |   94.793 |   93.483 |   93.583 ||   -0.96   -0.71   -0.73   -0.77   -0.54   -0.76   +0.04   -0.57   -0.40   -1.78   -1.68
       med   |   96.068 |   95.757 |   95.423 |   95.869 |   95.424 |   95.695 |   95.514 |   96.297 |   95.464 |   95.656 |   95.515 |   95.675
1024   64    |  180.087 |  179.691 |  179.933 |  179.769 |  179.074 |  179.363 |  179.539 |  180.944 |  179.118 |  179.270 |  179.128 |  179.821 ||   -0.22   -0.09   -0.18   -0.56   -0.40   -0.30   +0.48   -0.54   -0.45   -0.53   -0.15
       med   |  182.726 |  181.850 |  181.565 |  182.030 |  181.552 |  181.717 |  181.211 |  183.126 |  181.411 |  181.742 |  181.578 |  181.647
4096   256   |  693.583 |  692.209 |  692.022 |  691.753 |  691.721 |  691.702 |  691.630 |  693.630 |  690.833 |  691.207 |  691.288 |  691.216 ||   -0.20   -0.23   -0.26   -0.27   -0.27   -0.28   +0.01   -0.40   -0.34   -0.33   -0.34
       med   |  700.218 |  696.335 |  695.419 |  695.541 |  695.286 |  695.181 |  695.056 |  701.689 |  694.400 |  695.478 |  695.452 |  694.382
=== process binG.order3.5
SELFCHECK OK (256 whole-block lengths 1..256 blk x 12 variants; out/Xi/ivec/ret byte-identical, nothing written past 16*nblk)
bytes  blks  |     base |     cl12 |       d1 |       d2 |       d3 |       d4 |       d5 |   baseAA |       w1 |      cl4 |      cl5 |      cl6 ||    cl12%      d1%      d2%      d3%      d4%      d5%  baseAA%      w1%     cl4%     cl5%     cl6%
16     1     |   26.334 |   14.006 |   13.935 |   13.939 |   14.001 |   13.896 |   13.697 |   26.442 |   13.947 |   14.075 |   13.915 |   14.000 ||  -46.81  -47.08  -47.07  -46.83  -47.23  -47.99   +0.41  -47.04  -46.55  -47.16  -46.84
       med   |   26.546 |   14.107 |   14.063 |   14.062 |   14.101 |   13.999 |   14.038 |   26.699 |   14.105 |   14.100 |   14.143 |   14.134
32     2     |   26.448 |   15.274 |   15.269 |   15.215 |   15.268 |   15.234 |   15.232 |   26.488 |   15.306 |   15.272 |   15.307 |   15.274 ||  -42.25  -42.27  -42.47  -42.27  -42.40  -42.41   +0.15  -42.13  -42.26  -42.12  -42.25
       med   |   26.745 |   15.310 |   15.319 |   15.316 |   15.290 |   15.268 |   15.370 |   26.566 |   15.391 |   15.392 |   15.319 |   15.345
48     3     |   27.725 |   18.815 |   18.705 |   18.663 |   18.699 |   18.620 |   18.577 |   27.714 |   18.867 |   18.639 |   18.568 |   18.653 ||  -32.14  -32.54  -32.69  -32.56  -32.84  -33.00   -0.04  -31.95  -32.77  -33.03  -32.72
       med   |   28.194 |   18.895 |   18.877 |   18.727 |   18.773 |   18.921 |   18.655 |   27.828 |   19.022 |   18.816 |   18.775 |   18.868
64     4     |   28.917 |   22.909 |   22.699 |   22.682 |   22.771 |   22.625 |   22.612 |   28.879 |   23.131 |   22.746 |   22.752 |   22.804 ||  -20.77  -21.50  -21.56  -21.25  -21.76  -21.80   -0.13  -20.01  -21.34  -21.32  -21.14
       med   |   29.178 |   22.937 |   22.917 |   22.709 |   22.803 |   22.903 |   22.924 |   29.081 |   23.290 |   22.772 |   22.772 |   22.977
80     5     |   29.967 |   30.101 |   30.126 |   30.128 |   30.108 |   30.120 |   30.124 |   29.983 |   30.047 |   30.055 |   30.048 |   30.020 ||   +0.45   +0.53   +0.54   +0.47   +0.51   +0.52   +0.05   +0.27   +0.29   +0.27   +0.18
       med   |   30.263 |   30.256 |   30.266 |   30.263 |   30.359 |   30.350 |   30.247 |   30.166 |   30.252 |   30.310 |   30.258 |   30.287
96     6     |   30.906 |   30.819 |   30.827 |   30.809 |   30.836 |   30.828 |   30.830 |   30.863 |   30.866 |   30.871 |   30.865 |   30.871 ||   -0.28   -0.26   -0.31   -0.22   -0.25   -0.24   -0.14   -0.13   -0.11   -0.13   -0.11
       med   |   31.079 |   31.078 |   31.095 |   31.096 |   31.119 |   31.102 |   31.095 |   31.009 |   31.027 |   31.061 |   31.040 |   31.059
112    7     |   31.829 |   31.867 |   31.835 |   31.869 |   31.877 |   31.857 |   31.874 |   31.702 |   31.755 |   31.753 |   31.763 |   31.762 ||   +0.12   +0.02   +0.13   +0.15   +0.09   +0.14   -0.40   -0.23   -0.24   -0.21   -0.21
       med   |   32.419 |   32.380 |   32.343 |   32.279 |   32.362 |   32.263 |   32.264 |   32.072 |   32.021 |   32.379 |   32.372 |   32.487
128    8     |   30.108 |   29.720 |   29.944 |   29.809 |   29.937 |   29.687 |   29.858 |   30.030 |   30.092 |   30.110 |   30.085 |   30.102 ||   -1.29   -0.55   -0.99   -0.57   -1.40   -0.83   -0.26   -0.05   +0.01   -0.08   -0.02
       med   |   30.336 |   30.093 |   30.297 |   30.158 |   30.298 |   30.241 |   30.156 |   30.144 |   30.191 |   30.404 |   30.249 |   30.352
256    16    |   52.231 |   51.833 |   52.126 |   52.229 |   52.231 |   52.243 |   52.223 |   52.335 |   51.978 |   52.215 |   52.161 |   51.978 ||   -0.76   -0.20   -0.00   +0.00   +0.02   -0.01   +0.20   -0.48   -0.03   -0.13   -0.48
       med   |   52.858 |   52.683 |   52.606 |   52.750 |   52.788 |   52.680 |   52.613 |   52.813 |   52.548 |   52.765 |   52.686 |   52.589
512    32    |   95.225 |   94.259 |   94.548 |   94.682 |   94.669 |   94.654 |   94.492 |   95.203 |   93.674 |   94.821 |   93.922 |   94.522 ||   -1.01   -0.71   -0.57   -0.58   -0.60   -0.77   -0.02   -1.63   -0.42   -1.37   -0.74
       med   |   96.108 |   95.775 |   95.663 |   95.738 |   95.708 |   95.651 |   95.482 |   96.237 |   95.434 |   95.692 |   95.494 |   95.615
1024   64    |  181.089 |  179.911 |  179.740 |  179.836 |  179.708 |  179.569 |  179.732 |  179.990 |  179.875 |  179.121 |  179.903 |  179.868 ||   -0.65   -0.75   -0.69   -0.76   -0.84   -0.75   -0.61   -0.67   -1.09   -0.66   -0.67
       med   |  182.931 |  181.884 |  181.411 |  182.019 |  181.559 |  181.577 |  181.530 |  182.907 |  181.440 |  181.660 |  181.552 |  181.571
4096   256   |  694.026 |  691.926 |  692.197 |  692.379 |  691.956 |  691.431 |  692.126 |  692.852 |  690.663 |  690.655 |  691.711 |  690.673 ||   -0.30   -0.26   -0.24   -0.30   -0.37   -0.27   -0.17   -0.48   -0.49   -0.33   -0.48
       med   |  700.295 |  696.462 |  695.278 |  695.939 |  694.805 |  695.116 |  695.384 |  701.354 |  694.448 |  695.375 |  695.702 |  694.807
