## bin=binH host=gv3 core=3 reps=300 nproc=5
## O1: base baseAA w1 cl4 pre1 pre2 pre3 pre4 pre5 pre6 c3 dct
## O2: base dct c3 pre6 pre5 pre4 pre3 pre2 pre1 cl4 w1 baseAA
## O3: base pre3 pre4 pre5 pre6 c3 dct baseAA w1 cl4 pre1 pre2
=== process binH.order1.1
SELFCHECK FAIL nblk=2 variant dct: out=1 xi=1 ivec=0 ret=32(want 32)
SELFCHECK FAIL nblk=3 variant dct: out=1 xi=1 ivec=0 ret=48(want 48)
SELFCHECK FAIL nblk=4 variant dct: out=1 xi=1 ivec=0 ret=64(want 64)
bytes  blks  |     base |   baseAA |       w1 |      cl4 |     pre1 |     pre2 |     pre3 |     pre4 |     pre5 |     pre6 |       c3 |      dct ||  baseAA%      w1%     cl4%    pre1%    pre2%    pre3%    pre4%    pre5%    pre6%      c3%     dct%
16     1     |   26.139 |   26.149 |   13.877 |   14.036 |   13.811 |   13.871 |   14.075 |   14.047 |   13.950 |   14.013 |   13.939 |   13.848 ||   +0.04  -46.91  -46.30  -47.16  -46.94  -46.16  -46.26  -46.63  -46.39  -46.68  -47.02
       med   |   26.351 |   26.501 |   14.106 |   14.100 |   14.124 |   14.119 |   14.099 |   14.076 |   14.059 |   14.139 |   14.147 |   14.076
32     2     |   26.474 |   26.500 |   15.303 |   15.310 |   15.327 |   15.323 |   15.294 |   15.378 |   15.314 |   15.277 |   15.224 |   15.268 ||   +0.10  -42.20  -42.17  -42.10  -42.12  -42.23  -41.91  -42.16  -42.29  -42.50  -42.33
       med   |   26.789 |   26.702 |   15.317 |   15.335 |   15.375 |   15.372 |   15.325 |   15.419 |   15.325 |   15.340 |   15.303 |   15.281
48     3     |   27.805 |   27.709 |   18.874 |   18.635 |   18.820 |   18.876 |   18.858 |   18.910 |   18.807 |   18.836 |   18.638 |   18.675 ||   -0.34  -32.12  -32.98  -32.31  -32.11  -32.18  -31.99  -32.36  -32.25  -32.97  -32.83
       med   |   28.426 |   27.969 |   19.023 |   18.822 |   19.094 |   19.037 |   18.916 |   19.092 |   19.150 |   18.883 |   18.920 |   18.759
64     4     |   28.969 |   28.889 |   23.130 |   22.747 |   23.181 |   23.024 |   23.021 |   23.041 |   22.943 |   23.028 |   22.589 |   22.708 ||   -0.28  -20.16  -21.48  -19.98  -20.52  -20.53  -20.46  -20.80  -20.51  -22.03  -21.61
       med   |   29.309 |   29.101 |   23.154 |   23.050 |   23.274 |   23.318 |   23.050 |   23.317 |   22.974 |   23.387 |   22.671 |   22.734
80     5     |   29.948 |   29.989 |   30.047 |   30.048 |   30.007 |   30.039 |   30.018 |   30.054 |   30.021 |   30.107 |   30.039 |   30.042 ||   +0.14   +0.33   +0.33   +0.20   +0.30   +0.23   +0.35   +0.24   +0.53   +0.30   +0.31
       med   |   30.221 |   30.322 |   30.273 |   30.323 |   30.338 |   30.348 |   30.269 |   30.350 |   30.236 |   30.321 |   30.225 |   30.293
96     6     |   30.907 |   30.851 |   30.871 |   30.878 |   30.873 |   30.862 |   30.856 |   30.868 |   30.857 |   30.834 |   30.887 |   30.881 ||   -0.18   -0.12   -0.09   -0.11   -0.15   -0.17   -0.13   -0.16   -0.24   -0.06   -0.08
       med   |   31.061 |   31.109 |   31.040 |   31.051 |   31.195 |   31.062 |   31.057 |   31.056 |   31.021 |   31.095 |   31.020 |   31.042
112    7     |   32.370 |   31.748 |   31.776 |   31.770 |   31.779 |   31.801 |   32.044 |   32.087 |   31.795 |   31.913 |   32.014 |   31.788 ||   -1.92   -1.83   -1.85   -1.82   -1.76   -1.01   -0.87   -1.78   -1.41   -1.10   -1.80
       med   |   34.597 |   35.169 |   34.458 |   34.497 |   34.657 |   34.218 |   34.816 |   34.375 |   34.143 |   34.978 |   34.110 |   34.119
128    8     |   29.995 |   29.622 |   30.054 |   30.108 |   30.053 |   30.103 |   30.051 |   30.011 |   30.097 |   29.808 |   30.035 |   30.107 ||   -1.24   +0.20   +0.38   +0.19   +0.36   +0.19   +0.05   +0.34   -0.62   +0.13   +0.37
       med   |   30.264 |   30.296 |   30.247 |   30.298 |   30.395 |   30.344 |   30.323 |   30.366 |   30.247 |   30.160 |   30.176 |   30.280
256    16    |   52.288 |   52.367 |   52.176 |   52.160 |   52.135 |   51.976 |   51.957 |   52.184 |   52.171 |   52.254 |   51.979 |   52.076 ||   +0.15   -0.21   -0.24   -0.29   -0.60   -0.63   -0.20   -0.22   -0.07   -0.59   -0.41
       med   |   52.847 |   52.948 |   52.630 |   52.690 |   52.666 |   52.614 |   52.662 |   52.665 |   52.553 |   52.679 |   52.592 |   52.535
512    32    |   94.845 |   95.479 |   94.264 |   94.793 |   94.135 |   93.896 |   94.422 |   94.684 |   94.075 |   94.777 |   94.850 |   93.891 ||   +0.67   -0.61   -0.05   -0.75   -1.00   -0.45   -0.17   -0.81   -0.07   +0.00   -1.01
       med   |   96.028 |   96.390 |   95.522 |   95.728 |   95.604 |   95.555 |   95.555 |   95.903 |   95.462 |   95.828 |   95.613 |   95.659
1024   64    |  179.333 |  180.821 |  179.709 |  179.907 |  179.879 |  179.440 |  179.871 |  179.869 |  179.324 |  179.899 |  179.635 |  179.903 ||   +0.83   +0.21   +0.32   +0.30   +0.06   +0.30   +0.30   -0.00   +0.32   +0.17   +0.32
       med   |  182.763 |  182.978 |  181.559 |  181.747 |  181.602 |  181.520 |  181.560 |  181.541 |  181.507 |  181.772 |  181.649 |  181.620
4096   256   |  693.746 |  694.116 |  689.861 |  690.415 |  691.304 |  690.408 |  690.782 |  690.981 |  689.894 |  692.303 |  690.586 |  690.408 ||   +0.05   -0.56   -0.48   -0.35   -0.48   -0.43   -0.40   -0.56   -0.21   -0.46   -0.48
       med   |  699.924 |  700.226 |  694.535 |  694.883 |  695.235 |  693.907 |  694.334 |  694.116 |  694.665 |  695.904 |  695.625 |  694.808
=== process binH.order1.2
SELFCHECK FAIL nblk=2 variant dct: out=1 xi=1 ivec=0 ret=32(want 32)
SELFCHECK FAIL nblk=3 variant dct: out=1 xi=1 ivec=0 ret=48(want 48)
SELFCHECK FAIL nblk=4 variant dct: out=1 xi=1 ivec=0 ret=64(want 64)
bytes  blks  |     base |   baseAA |       w1 |      cl4 |     pre1 |     pre2 |     pre3 |     pre4 |     pre5 |     pre6 |       c3 |      dct ||  baseAA%      w1%     cl4%    pre1%    pre2%    pre3%    pre4%    pre5%    pre6%      c3%     dct%
16     1     |   26.163 |   26.139 |   13.957 |   14.005 |   13.811 |   13.884 |   14.064 |   14.047 |   13.884 |   13.986 |   13.943 |   13.839 ||   -0.09  -46.66  -46.47  -47.21  -46.93  -46.25  -46.31  -46.93  -46.54  -46.71  -47.11
       med   |   26.715 |   27.083 |   14.082 |   14.101 |   14.121 |   14.117 |   14.101 |   14.075 |   14.052 |   14.137 |   14.153 |   14.074
32     2     |   26.526 |   26.463 |   15.306 |   15.273 |   15.330 |   15.325 |   15.295 |   15.380 |   15.314 |   15.276 |   15.289 |   15.269 ||   -0.24  -42.30  -42.42  -42.21  -42.23  -42.34  -42.02  -42.27  -42.41  -42.36  -42.44
       med   |   26.793 |   26.715 |   15.321 |   15.333 |   15.383 |   15.385 |   15.311 |   15.442 |   15.331 |   15.339 |   15.310 |   15.300
48     3     |   27.788 |   27.723 |   18.918 |   18.670 |   18.861 |   18.856 |   18.846 |   18.898 |   18.813 |   18.821 |   18.627 |   18.684 ||   -0.23  -31.92  -32.81  -32.13  -32.14  -32.18  -31.99  -32.30  -32.27  -32.97  -32.76
       med   |   28.246 |   27.989 |   19.173 |   18.866 |   19.109 |   19.022 |   19.011 |   19.099 |   19.146 |   18.971 |   19.019 |   18.827
64     4     |   28.922 |   28.890 |   23.129 |   22.747 |   23.182 |   23.029 |   23.022 |   23.041 |   22.943 |   22.969 |   22.582 |   22.706 ||   -0.11  -20.03  -21.35  -19.85  -20.38  -20.40  -20.33  -20.67  -20.58  -21.92  -21.49
       med   |   29.164 |   29.115 |   23.160 |   23.041 |   23.214 |   23.320 |   23.057 |   23.317 |   22.979 |   23.388 |   22.668 |   22.738
80     5     |   29.951 |   29.992 |   30.045 |   30.045 |   30.040 |   30.033 |   30.049 |   30.040 |   30.005 |   30.117 |   30.041 |   30.020 ||   +0.14   +0.32   +0.31   +0.30   +0.27   +0.33   +0.30   +0.18   +0.56   +0.30   +0.23
       med   |   30.164 |   30.321 |   30.271 |   30.289 |   30.343 |   30.346 |   30.286 |   30.334 |   30.230 |   30.346 |   30.257 |   30.319
96     6     |   30.896 |   30.879 |   30.854 |   30.863 |   30.847 |   30.865 |   30.859 |   30.878 |   30.838 |   30.849 |   30.835 |   30.851 ||   -0.06   -0.14   -0.11   -0.16   -0.10   -0.12   -0.06   -0.19   -0.15   -0.20   -0.15
       med   |   31.068 |   31.103 |   31.038 |   31.025 |   31.115 |   31.060 |   31.069 |   31.055 |   31.023 |   31.118 |   31.039 |   31.057
112    7     |   31.827 |   31.702 |   31.760 |   31.763 |   31.760 |   31.770 |   31.769 |   31.766 |   31.761 |   31.877 |   31.764 |   31.767 ||   -0.39   -0.21   -0.20   -0.21   -0.18   -0.18   -0.19   -0.21   +0.16   -0.20   -0.19
       med   |   32.294 |   32.270 |   32.148 |   32.114 |   32.171 |   32.229 |   32.279 |   32.223 |   32.183 |   32.269 |   32.153 |   32.249
128    8     |   30.078 |   30.035 |   30.098 |   29.889 |   30.020 |   30.097 |   30.106 |   30.050 |   30.056 |   29.732 |   30.095 |   30.104 ||   -0.14   +0.07   -0.63   -0.19   +0.06   +0.09   -0.09   -0.07   -1.15   +0.06   +0.09
       med   |   30.253 |   30.278 |   30.242 |   30.321 |   30.465 |   30.311 |   30.333 |   30.382 |   30.253 |   30.156 |   30.234 |   30.284
256    16    |   52.262 |   52.349 |   51.967 |   51.619 |   51.761 |   51.600 |   52.197 |   52.036 |   52.170 |   51.696 |   51.376 |   52.110 ||   +0.17   -0.56   -1.23   -0.96   -1.27   -0.13   -0.43   -0.18   -1.08   -1.70   -0.29
       med   |   52.792 |   52.978 |   52.598 |   52.653 |   52.688 |   52.531 |   52.660 |   52.638 |   52.566 |   52.726 |   52.631 |   52.583
512    32    |   94.902 |   95.254 |   93.951 |   93.922 |   94.764 |   93.599 |   93.942 |   94.295 |   94.279 |   94.583 |   93.551 |   93.957 ||   +0.37   -1.00   -1.03   -0.14   -1.37   -1.01   -0.64   -0.66   -0.34   -1.42   -1.00
       med   |   96.202 |   96.258 |   95.544 |   95.689 |   95.534 |   95.619 |   95.566 |   95.540 |   95.399 |   95.959 |   95.478 |   95.566
1024   64    |  179.792 |  180.113 |  179.504 |  180.006 |  179.905 |  178.216 |  179.976 |  178.874 |  179.161 |  179.960 |  179.808 |  179.176 ||   +0.18   -0.16   +0.12   +0.06   -0.88   +0.10   -0.51   -0.35   +0.09   +0.01   -0.34
       med   |  182.758 |  182.957 |  181.605 |  181.668 |  181.648 |  181.435 |  181.549 |  181.515 |  181.470 |  181.815 |  181.681 |  181.637
4096   256   |  694.245 |  693.296 |  690.929 |  690.867 |  690.674 |  690.957 |  690.703 |  690.592 |  690.188 |  690.894 |  690.892 |  691.263 ||   -0.14   -0.48   -0.49   -0.51   -0.47   -0.51   -0.53   -0.58   -0.48   -0.48   -0.43
       med   |  700.260 |  700.588 |  694.497 |  694.722 |  695.374 |  694.104 |  694.529 |  693.888 |  693.620 |  695.993 |  695.861 |  695.192
=== process binH.order1.3
SELFCHECK FAIL nblk=2 variant dct: out=1 xi=1 ivec=0 ret=32(want 32)
SELFCHECK FAIL nblk=3 variant dct: out=1 xi=1 ivec=0 ret=48(want 48)
SELFCHECK FAIL nblk=4 variant dct: out=1 xi=1 ivec=0 ret=64(want 64)
bytes  blks  |     base |   baseAA |       w1 |      cl4 |     pre1 |     pre2 |     pre3 |     pre4 |     pre5 |     pre6 |       c3 |      dct ||  baseAA%      w1%     cl4%    pre1%    pre2%    pre3%    pre4%    pre5%    pre6%      c3%     dct%
16     1     |   26.268 |   26.183 |   13.970 |   13.944 |   13.849 |   13.885 |   14.075 |   14.047 |   13.884 |   14.091 |   13.943 |   13.837 ||   -0.33  -46.82  -46.92  -47.28  -47.14  -46.42  -46.53  -47.15  -46.36  -46.92  -47.32
       med   |   26.740 |   27.162 |   14.109 |   14.101 |   14.123 |   14.119 |   14.103 |   14.078 |   14.056 |   14.141 |   14.141 |   14.075
32     2     |   26.541 |   26.471 |   15.303 |   15.269 |   15.328 |   15.260 |   15.296 |   15.374 |   15.314 |   15.274 |   15.221 |   15.174 ||   -0.27  -42.34  -42.47  -42.25  -42.50  -42.37  -42.07  -42.30  -42.45  -42.65  -42.83
       med   |   26.773 |   26.693 |   15.316 |   15.337 |   15.374 |   15.375 |   15.315 |   15.417 |   15.326 |   15.336 |   15.302 |   15.285
48     3     |   27.617 |   27.723 |   18.907 |   18.648 |   18.844 |   18.867 |   18.860 |   18.908 |   18.801 |   18.840 |   18.635 |   18.678 ||   +0.39  -31.54  -32.48  -31.77  -31.68  -31.71  -31.53  -31.92  -31.78  -32.52  -32.37
       med   |   28.142 |   27.968 |   19.025 |   18.826 |   19.092 |   19.025 |   19.052 |   19.093 |   19.147 |   18.869 |   18.915 |   18.769
64     4     |   28.915 |   28.905 |   23.128 |   22.744 |   23.178 |   23.024 |   23.020 |   23.047 |   22.940 |   22.976 |   22.581 |   22.711 ||   -0.04  -20.01  -21.34  -19.84  -20.37  -20.39  -20.29  -20.66  -20.54  -21.90  -21.46
       med   |   29.225 |   29.119 |   23.156 |   23.049 |   23.211 |   23.321 |   23.222 |   23.317 |   22.975 |   23.327 |   22.669 |   22.735
80     5     |   29.952 |   29.998 |   30.050 |   30.015 |   30.028 |   30.015 |   30.026 |   29.993 |   30.045 |   30.121 |   30.050 |   30.013 ||   +0.15   +0.33   +0.21   +0.26   +0.21   +0.25   +0.14   +0.31   +0.57   +0.33   +0.21
       med   |   30.186 |   30.305 |   30.268 |   30.292 |   30.343 |   30.336 |   30.256 |   30.320 |   30.244 |   30.327 |   30.223 |   30.301
96     6     |   30.906 |   30.872 |   30.858 |   30.859 |   30.848 |   30.869 |   30.846 |   30.861 |   30.849 |   30.838 |   30.838 |   30.858 ||   -0.11   -0.16   -0.15   -0.19   -0.12   -0.19   -0.14   -0.18   -0.22   -0.22   -0.15
       med   |   31.079 |   31.221 |   31.032 |   31.052 |   31.139 |   31.087 |   31.064 |   31.065 |   31.016 |   31.114 |   31.028 |   31.036
112    7     |   31.822 |   31.746 |   31.756 |   31.763 |   31.764 |   31.765 |   31.764 |   31.764 |   31.763 |   31.800 |   31.761 |   31.769 ||   -0.24   -0.21   -0.19   -0.18   -0.18   -0.18   -0.18   -0.19   -0.07   -0.19   -0.17
       med   |   32.262 |   32.181 |   32.129 |   32.120 |   32.253 |   32.185 |   32.200 |   32.182 |   32.026 |   32.261 |   32.118 |   32.181
128    8     |   30.095 |   30.036 |   30.104 |   30.105 |   30.108 |   30.091 |   30.047 |   30.110 |   30.101 |   29.944 |   30.103 |   29.990 ||   -0.20   +0.03   +0.03   +0.04   -0.01   -0.16   +0.05   +0.02   -0.50   +0.03   -0.35
       med   |   30.234 |   30.285 |   30.249 |   30.398 |   30.431 |   30.354 |   30.335 |   30.403 |   30.206 |   30.222 |   30.233 |   30.273
256    16    |   52.228 |   52.378 |   52.067 |   51.622 |   51.984 |   51.391 |   52.047 |   52.137 |   52.059 |   52.233 |   52.185 |   52.106 ||   +0.29   -0.31   -1.16   -0.47   -1.60   -0.35   -0.17   -0.32   +0.01   -0.08   -0.23
       med   |   52.842 |   52.983 |   52.620 |   52.667 |   52.606 |   52.572 |   52.642 |   52.670 |   52.533 |   52.808 |   52.618 |   52.555
512    32    |   95.070 |   95.331 |   93.653 |   94.912 |   94.779 |   94.583 |   93.678 |   94.846 |   93.983 |   94.261 |   93.647 |   94.633 ||   +0.27   -1.49   -0.17   -0.31   -0.51   -1.46   -0.24   -1.14   -0.85   -1.50   -0.46
       med   |   96.051 |   96.247 |   95.506 |   95.769 |   95.589 |   95.702 |   95.543 |   95.599 |   95.383 |   95.929 |   95.512 |   95.736
1024   64    |  179.810 |  180.873 |  179.278 |  179.367 |  179.892 |  179.935 |  179.946 |  179.961 |  179.885 |  179.459 |  178.645 |  178.510 ||   +0.59   -0.30   -0.25   +0.05   +0.07   +0.08   +0.08   +0.04   -0.19   -0.65   -0.72
       med   |  182.400 |  183.013 |  181.437 |  181.689 |  181.322 |  181.333 |  181.430 |  181.612 |  181.348 |  181.659 |  181.470 |  181.524
4096   256   |  693.663 |  694.222 |  691.327 |  691.124 |  689.962 |  691.138 |  691.436 |  690.892 |  690.503 |  691.667 |  690.337 |  690.397 ||   +0.08   -0.34   -0.37   -0.53   -0.36   -0.32   -0.40   -0.46   -0.29   -0.48   -0.47
       med   |  700.164 |  699.990 |  694.771 |  694.662 |  694.867 |  694.041 |  694.478 |  693.977 |  694.563 |  695.869 |  695.468 |  694.712
=== process binH.order1.4
SELFCHECK FAIL nblk=2 variant dct: out=1 xi=1 ivec=0 ret=32(want 32)
SELFCHECK FAIL nblk=3 variant dct: out=1 xi=1 ivec=0 ret=48(want 48)
SELFCHECK FAIL nblk=4 variant dct: out=1 xi=1 ivec=0 ret=64(want 64)
bytes  blks  |     base |   baseAA |       w1 |      cl4 |     pre1 |     pre2 |     pre3 |     pre4 |     pre5 |     pre6 |       c3 |      dct ||  baseAA%      w1%     cl4%    pre1%    pre2%    pre3%    pre4%    pre5%    pre6%      c3%     dct%
16     1     |   26.250 |   26.059 |   13.863 |   14.023 |   13.811 |   13.868 |   14.075 |   14.041 |   13.944 |   14.094 |   13.938 |   13.839 ||   -0.73  -47.19  -46.58  -47.39  -47.17  -46.38  -46.51  -46.88  -46.31  -46.91  -47.28
       med   |   26.743 |   27.116 |   14.105 |   14.102 |   14.120 |   14.119 |   14.101 |   14.076 |   14.051 |   14.137 |   14.150 |   14.074
32     2     |   26.433 |   26.472 |   15.305 |   15.272 |   15.257 |   15.327 |   15.296 |   15.376 |   15.312 |   15.274 |   15.218 |   15.268 ||   +0.15  -42.10  -42.23  -42.28  -42.02  -42.13  -41.83  -42.07  -42.22  -42.43  -42.24
       med   |   26.792 |   26.663 |   15.319 |   15.374 |   15.375 |   15.395 |   15.310 |   15.450 |   15.328 |   15.349 |   15.305 |   15.300
48     3     |   27.756 |   27.707 |   18.906 |   18.652 |   18.852 |   18.860 |   18.845 |   18.894 |   18.798 |   18.846 |   18.635 |   18.683 ||   -0.18  -31.88  -32.80  -32.08  -32.05  -32.10  -31.93  -32.27  -32.10  -32.86  -32.69
       med   |   28.233 |   27.968 |   19.016 |   18.795 |   19.056 |   19.028 |   19.025 |   19.096 |   19.137 |   18.877 |   18.919 |   18.751
64     4     |   28.943 |   28.882 |   23.128 |   22.750 |   23.186 |   23.025 |   23.020 |   23.042 |   22.946 |   22.981 |   22.587 |   22.709 ||   -0.21  -20.09  -21.40  -19.89  -20.45  -20.46  -20.39  -20.72  -20.60  -21.96  -21.54
       med   |   29.203 |   29.107 |   23.153 |   23.048 |   23.213 |   23.320 |   23.278 |   23.315 |   22.972 |   23.326 |   22.671 |   22.739
80     5     |   29.956 |   29.994 |   30.018 |   30.021 |   30.019 |   30.006 |   30.028 |   30.048 |   30.007 |   30.108 |   30.046 |   30.037 ||   +0.13   +0.21   +0.22   +0.21   +0.17   +0.24   +0.31   +0.17   +0.51   +0.30   +0.27
       med   |   30.248 |   30.327 |   30.267 |   30.332 |   30.344 |   30.355 |   30.303 |   30.324 |   30.244 |   30.321 |   30.306 |   30.291
96     6     |   30.927 |   30.868 |   30.842 |   30.864 |   30.836 |   30.839 |   30.850 |   30.867 |   30.865 |   30.829 |   30.852 |   30.857 ||   -0.19   -0.28   -0.21   -0.30   -0.28   -0.25   -0.19   -0.20   -0.32   -0.24   -0.22
       med   |   31.076 |   31.114 |   31.026 |   31.048 |   31.140 |   31.072 |   31.077 |   31.069 |   31.025 |   31.115 |   31.026 |   31.048
112    7     |   31.787 |   31.708 |   31.762 |   31.765 |   31.772 |   31.765 |   31.763 |   31.768 |   31.763 |   31.874 |   31.762 |   31.765 ||   -0.25   -0.08   -0.07   -0.05   -0.07   -0.08   -0.06   -0.07   +0.28   -0.08   -0.07
       med   |   32.207 |   32.235 |   32.115 |   32.173 |   32.190 |   32.184 |   32.195 |   32.186 |   32.143 |   32.266 |   32.120 |   32.233
128    8     |   30.081 |   30.040 |   30.057 |   30.016 |   30.047 |   30.100 |   30.102 |   30.109 |   30.098 |   29.936 |   30.072 |   30.097 ||   -0.14   -0.08   -0.22   -0.11   +0.06   +0.07   +0.09   +0.05   -0.48   -0.03   +0.05
       med   |   30.241 |   30.302 |   30.261 |   30.368 |   30.444 |   30.324 |   30.332 |   30.316 |   30.260 |   30.161 |   30.228 |   30.311
256    16    |   52.241 |   52.354 |   52.157 |   52.031 |   52.090 |   52.053 |   52.146 |   51.996 |   52.150 |   52.234 |   51.867 |   51.993 ||   +0.22   -0.16   -0.40   -0.29   -0.36   -0.18   -0.47   -0.17   -0.01   -0.72   -0.47
       med   |   52.787 |   52.950 |   52.569 |   52.621 |   52.614 |   52.604 |   52.695 |   52.652 |   52.490 |   52.811 |   52.649 |   52.597
512    32    |   94.920 |   95.368 |   93.948 |   94.901 |   94.640 |   93.526 |   94.710 |   93.610 |   93.875 |   94.286 |   94.723 |   93.498 ||   +0.47   -1.02   -0.02   -0.30   -1.47   -0.22   -1.38   -1.10   -0.67   -0.21   -1.50
       med   |   96.148 |   96.261 |   95.509 |   95.731 |   95.597 |   95.626 |   95.603 |   95.599 |   95.382 |   95.894 |   95.513 |   95.607
1024   64    |  181.124 |  180.208 |  179.738 |  178.970 |  179.124 |  179.833 |  179.673 |  179.639 |  178.989 |  179.842 |  179.949 |  179.746 ||   -0.51   -0.77   -1.19   -1.10   -0.71   -0.80   -0.82   -1.18   -0.71   -0.65   -0.76
       med   |  182.866 |  183.028 |  181.577 |  181.768 |  181.631 |  181.566 |  181.573 |  181.582 |  181.446 |  181.921 |  181.643 |  181.613
4096   256   |  694.980 |  692.229 |  690.543 |  690.934 |  690.462 |  690.378 |  690.182 |  690.837 |  690.029 |  692.053 |  691.161 |  689.987 ||   -0.40   -0.64   -0.58   -0.65   -0.66   -0.69   -0.60   -0.71   -0.42   -0.55   -0.72
       med   |  700.282 |  700.289 |  694.631 |  694.765 |  694.803 |  693.904 |  694.475 |  694.382 |  694.702 |  696.092 |  695.779 |  694.944
=== process binH.order1.5
SELFCHECK FAIL nblk=2 variant dct: out=1 xi=1 ivec=0 ret=32(want 32)
SELFCHECK FAIL nblk=3 variant dct: out=1 xi=1 ivec=0 ret=48(want 48)
SELFCHECK FAIL nblk=4 variant dct: out=1 xi=1 ivec=0 ret=64(want 64)
bytes  blks  |     base |   baseAA |       w1 |      cl4 |     pre1 |     pre2 |     pre3 |     pre4 |     pre5 |     pre6 |       c3 |      dct ||  baseAA%      w1%     cl4%    pre1%    pre2%    pre3%    pre4%    pre5%    pre6%      c3%     dct%
16     1     |   26.142 |   26.139 |   13.968 |   13.938 |   13.810 |   13.881 |   13.927 |   14.045 |   13.887 |   14.091 |   13.936 |   13.835 ||   -0.01  -46.57  -46.68  -47.17  -46.90  -46.72  -46.28  -46.88  -46.10  -46.69  -47.08
       med   |   26.472 |   26.504 |   14.110 |   14.100 |   14.120 |   14.116 |   14.099 |   14.074 |   14.049 |   14.137 |   14.149 |   14.074
32     2     |   26.479 |   26.468 |   15.304 |   15.272 |   15.264 |   15.325 |   15.293 |   15.377 |   15.315 |   15.275 |   15.219 |   15.270 ||   -0.04  -42.20  -42.32  -42.36  -42.12  -42.25  -41.93  -42.16  -42.31  -42.52  -42.33
       med   |   26.802 |   26.699 |   15.316 |   15.323 |   15.374 |   15.393 |   15.317 |   15.412 |   15.325 |   15.340 |   15.301 |   15.283
48     3     |   27.750 |   27.692 |   18.877 |   18.640 |   18.824 |   18.861 |   18.863 |   18.901 |   18.802 |   18.837 |   18.629 |   18.676 ||   -0.21  -31.98  -32.83  -32.17  -32.03  -32.02  -31.89  -32.25  -32.12  -32.87  -32.70
       med   |   28.449 |   27.994 |   19.023 |   18.822 |   19.091 |   18.925 |   18.925 |   19.094 |   19.117 |   18.875 |   18.917 |   18.759
64     4     |   28.927 |   28.885 |   23.131 |   22.747 |   23.182 |   23.018 |   23.020 |   23.039 |   22.945 |   22.967 |   22.586 |   22.708 ||   -0.15  -20.04  -21.36  -19.86  -20.43  -20.42  -20.35  -20.68  -20.60  -21.92  -21.50
       med   |   29.303 |   29.115 |   23.155 |   23.045 |   23.206 |   23.315 |   23.075 |   23.315 |   22.980 |   23.186 |   22.671 |   22.736
80     5     |   29.967 |   29.984 |   30.041 |   30.047 |   30.028 |   30.032 |   30.016 |   30.051 |   30.041 |   30.126 |   30.043 |   30.026 ||   +0.06   +0.25   +0.27   +0.20   +0.22   +0.16   +0.28   +0.25   +0.53   +0.25   +0.20
       med   |   30.186 |   30.243 |   30.294 |   30.300 |   30.358 |   30.351 |   30.302 |   30.321 |   30.249 |   30.333 |   30.260 |   30.276
96     6     |   30.897 |   30.867 |   30.853 |   30.868 |   30.886 |   30.873 |   30.874 |   30.871 |   30.870 |   30.854 |   30.872 |   30.866 ||   -0.10   -0.14   -0.09   -0.04   -0.08   -0.07   -0.09   -0.09   -0.14   -0.08   -0.10
       med   |   31.064 |   31.155 |   31.022 |   31.034 |   31.193 |   31.070 |   31.095 |   31.066 |   31.030 |   31.117 |   31.033 |   31.050
112    7     |   31.977 |   31.912 |   31.766 |   31.765 |   32.047 |   31.991 |   31.795 |   32.081 |   31.779 |   32.292 |   31.791 |   32.009 ||   -0.20   -0.66   -0.66   +0.22   +0.04   -0.57   +0.33   -0.62   +0.99   -0.58   +0.10
       med   |   34.402 |   35.060 |   34.196 |   34.449 |   34.542 |   34.399 |   34.714 |   34.228 |   34.093 |   34.675 |   34.122 |   34.122
128    8     |   30.104 |   30.038 |   30.095 |   30.105 |   30.024 |   30.108 |   29.924 |   30.095 |   30.100 |   29.939 |   30.080 |   30.085 ||   -0.22   -0.03   +0.00   -0.27   +0.01   -0.60   -0.03   -0.01   -0.55   -0.08   -0.06
       med   |   30.241 |   30.281 |   30.247 |   30.390 |   30.453 |   30.324 |   30.366 |   30.315 |   30.273 |   30.209 |   30.216 |   30.302
256    16    |   52.257 |   52.354 |   52.153 |   52.121 |   51.950 |   52.020 |   52.156 |   52.076 |   52.080 |   52.185 |   52.177 |   52.127 ||   +0.18   -0.20   -0.26   -0.59   -0.45   -0.19   -0.35   -0.34   -0.14   -0.15   -0.25
       med   |   52.798 |   52.972 |   52.641 |   52.604 |   52.535 |   52.617 |   52.650 |   52.642 |   52.559 |   52.683 |   52.635 |   52.544
512    32    |   94.837 |   95.345 |   94.571 |   93.929 |   93.885 |   94.029 |   94.451 |   94.823 |   94.073 |   94.711 |   94.010 |   93.749 ||   +0.54   -0.28   -0.96   -1.00   -0.85   -0.41   -0.02   -0.81   -0.13   -0.87   -1.15
       med   |   96.151 |   96.286 |   95.474 |   95.729 |   95.411 |   95.576 |   95.596 |   95.564 |   95.306 |   95.961 |   95.530 |   95.611
1024   64    |  180.007 |  180.796 |  179.678 |  179.748 |  179.030 |  179.203 |  179.793 |  179.174 |  179.530 |  179.922 |  179.652 |  179.734 ||   +0.44   -0.18   -0.14   -0.54   -0.45   -0.12   -0.46   -0.27   -0.05   -0.20   -0.15
       med   |  182.687 |  182.863 |  181.443 |  181.659 |  181.496 |  181.467 |  181.423 |  181.382 |  181.373 |  181.925 |  181.573 |  181.478
4096   256   |  695.632 |  691.966 |  690.802 |  691.245 |  691.316 |  690.559 |  690.544 |  690.767 |  689.894 |  690.723 |  690.831 |  691.176 ||   -0.53   -0.69   -0.63   -0.62   -0.73   -0.73   -0.70   -0.82   -0.71   -0.69   -0.64
       med   |  700.352 |  700.690 |  694.502 |  694.452 |  695.867 |  694.148 |  694.639 |  694.284 |  694.077 |  695.793 |  695.365 |  694.598
=== process binH.order2.1
SELFCHECK FAIL nblk=2 variant dct: out=1 xi=1 ivec=0 ret=32(want 32)
SELFCHECK FAIL nblk=3 variant dct: out=1 xi=1 ivec=0 ret=48(want 48)
SELFCHECK FAIL nblk=4 variant dct: out=1 xi=1 ivec=0 ret=64(want 64)
bytes  blks  |     base |      dct |       c3 |     pre6 |     pre5 |     pre4 |     pre3 |     pre2 |     pre1 |      cl4 |       w1 |   baseAA ||     dct%      c3%    pre6%    pre5%    pre4%    pre3%    pre2%    pre1%     cl4%      w1%  baseAA%
16     1     |   26.179 |   13.885 |   13.976 |   14.029 |   13.728 |   14.043 |   14.072 |   13.949 |   13.886 |   13.809 |   13.849 |   26.144 ||  -46.96  -46.62  -46.41  -47.56  -46.36  -46.25  -46.72  -46.96  -47.25  -47.10   -0.13
       med   |   26.655 |   14.120 |   14.151 |   14.053 |   13.920 |   14.071 |   14.100 |   14.121 |   14.122 |   14.097 |   14.107 |   26.747
32     2     |   26.422 |   15.253 |   15.272 |   15.302 |   15.299 |   15.378 |   15.303 |   15.328 |   15.264 |   15.268 |   15.305 |   26.537 ||  -42.27  -42.20  -42.09  -42.10  -41.80  -42.08  -41.99  -42.23  -42.22  -42.07   +0.44
       med   |   26.623 |   15.269 |   15.306 |   15.314 |   15.391 |   15.413 |   15.352 |   15.374 |   15.342 |   15.321 |   15.316 |   26.667
48     3     |   27.734 |   18.678 |   18.630 |   18.777 |   18.820 |   18.898 |   18.858 |   18.867 |   18.853 |   18.656 |   18.914 |   27.666 ||  -32.65  -32.83  -32.30  -32.14  -31.86  -32.00  -31.97  -32.02  -32.73  -31.80   -0.24
       med   |   27.897 |   18.819 |   18.928 |   18.797 |   19.113 |   18.952 |   19.047 |   18.923 |   19.108 |   18.820 |   19.027 |   27.975
64     4     |   28.912 |   22.673 |   22.583 |   22.932 |   22.871 |   23.033 |   23.019 |   23.018 |   23.180 |   22.749 |   23.137 |   28.931 ||  -21.58  -21.89  -20.68  -20.89  -20.33  -20.38  -20.38  -19.82  -21.32  -19.97   +0.07
       med   |   29.069 |   22.876 |   22.942 |   23.213 |   22.900 |   23.060 |   23.050 |   23.049 |   23.376 |   22.772 |   23.254 |   29.107
80     5     |   29.971 |   30.093 |   30.050 |   30.048 |   30.127 |   30.044 |   30.033 |   30.039 |   30.031 |   30.046 |   30.013 |   29.972 ||   +0.41   +0.26   +0.26   +0.52   +0.24   +0.21   +0.23   +0.20   +0.25   +0.14   +0.00
       med   |   30.168 |   30.262 |   30.322 |   30.282 |   30.344 |   30.288 |   30.324 |   30.087 |   30.297 |   30.233 |   30.347 |   30.090
96     6     |   30.894 |   30.780 |   30.847 |   30.861 |   30.847 |   30.817 |   30.868 |   30.780 |   30.850 |   30.858 |   30.881 |   30.905 ||   -0.37   -0.15   -0.11   -0.15   -0.25   -0.09   -0.37   -0.14   -0.12   -0.04   +0.03
       med   |   31.041 |   31.104 |   31.049 |   31.042 |   31.146 |   31.035 |   31.048 |   30.955 |   31.036 |   31.026 |   31.054 |   30.995
112    7     |   31.526 |   31.889 |   31.765 |   31.763 |   31.876 |   31.753 |   31.735 |   31.765 |   31.764 |   31.743 |   31.766 |   31.812 ||   +1.15   +0.76   +0.75   +1.11   +0.72   +0.66   +0.76   +0.75   +0.69   +0.76   +0.90
       med   |   32.250 |   32.303 |   32.462 |   32.368 |   32.394 |   32.193 |   32.308 |   32.224 |   32.389 |   32.272 |   32.397 |   32.278
128    8     |   30.106 |   29.935 |   30.106 |   30.033 |   29.942 |   30.019 |   30.084 |   30.089 |   30.115 |   30.045 |   30.103 |   29.999 ||   -0.57   +0.00   -0.24   -0.55   -0.29   -0.07   -0.06   +0.03   -0.20   -0.01   -0.36
       med   |   30.345 |   30.184 |   30.409 |   30.297 |   30.251 |   30.311 |   30.272 |   30.181 |   30.350 |   30.275 |   30.318 |   30.190
256    16    |   52.165 |   52.240 |   52.204 |   52.052 |   52.235 |   52.126 |   52.132 |   52.186 |   52.078 |   51.935 |   52.154 |   52.251 ||   +0.14   +0.07   -0.22   +0.13   -0.07   -0.06   +0.04   -0.17   -0.44   -0.02   +0.16
       med   |   52.866 |   52.710 |   52.654 |   52.736 |   52.748 |   52.650 |   52.593 |   52.610 |   52.592 |   52.612 |   52.579 |   52.817
512    32    |   95.116 |   94.815 |   93.648 |   93.758 |   94.465 |   94.015 |   94.799 |   94.220 |   94.690 |   93.735 |   94.697 |   94.806 ||   -0.32   -1.54   -1.43   -0.68   -1.16   -0.33   -0.94   -0.45   -1.45   -0.44   -0.33
       med   |   96.101 |   95.872 |   95.618 |   95.534 |   95.471 |   95.481 |   95.688 |   95.535 |   95.787 |   95.562 |   95.797 |   95.732
1024   64    |  179.768 |  179.860 |  179.626 |  179.638 |  179.308 |  179.653 |  179.907 |  179.650 |  179.691 |  179.896 |  179.890 |  179.217 ||   +0.05   -0.08   -0.07   -0.26   -0.06   +0.08   -0.07   -0.04   +0.07   +0.07   -0.31
       med   |  182.575 |  181.935 |  181.505 |  181.381 |  181.338 |  181.306 |  181.572 |  181.411 |  181.619 |  181.396 |  181.542 |  182.152
4096   256   |  695.205 |  692.016 |  691.174 |  689.970 |  692.161 |  690.337 |  691.356 |  690.826 |  690.602 |  690.396 |  691.355 |  692.728 ||   -0.46   -0.58   -0.75   -0.44   -0.70   -0.55   -0.63   -0.66   -0.69   -0.55   -0.36
       med   |  700.513 |  696.063 |  694.359 |  694.698 |  694.712 |  693.629 |  695.034 |  695.580 |  694.355 |  694.341 |  695.802 |  698.995
=== process binH.order2.2
SELFCHECK FAIL nblk=2 variant dct: out=1 xi=1 ivec=0 ret=32(want 32)
SELFCHECK FAIL nblk=3 variant dct: out=1 xi=1 ivec=0 ret=48(want 48)
SELFCHECK FAIL nblk=4 variant dct: out=1 xi=1 ivec=0 ret=64(want 64)
bytes  blks  |     base |      dct |       c3 |     pre6 |     pre5 |     pre4 |     pre3 |     pre2 |     pre1 |      cl4 |       w1 |   baseAA ||     dct%      c3%    pre6%    pre5%    pre4%    pre3%    pre2%    pre1%     cl4%      w1%  baseAA%
16     1     |   26.239 |   13.978 |   14.119 |   14.030 |   13.797 |   14.047 |   14.072 |   13.964 |   13.900 |   13.946 |   13.951 |   26.240 ||  -46.73  -46.19  -46.53  -47.42  -46.47  -46.37  -46.78  -47.02  -46.85  -46.83   +0.00
       med   |   26.693 |   14.120 |   14.149 |   14.053 |   13.918 |   14.061 |   14.098 |   14.117 |   14.118 |   14.098 |   14.095 |   26.753
32     2     |   26.452 |   15.257 |   15.291 |   15.302 |   15.292 |   15.380 |   15.296 |   15.335 |   15.270 |   15.269 |   15.305 |   26.522 ||  -42.32  -42.19  -42.15  -42.19  -41.86  -42.17  -42.03  -42.28  -42.28  -42.14   +0.26
       med   |   26.709 |   15.270 |   15.309 |   15.314 |   15.392 |   15.412 |   15.351 |   15.373 |   15.400 |   15.324 |   15.385 |   26.659
48     3     |   27.507 |   18.679 |   18.640 |   18.779 |   18.817 |   18.905 |   18.863 |   18.875 |   18.852 |   18.657 |   18.907 |   27.536 ||  -32.10  -32.24  -31.73  -31.59  -31.27  -31.43  -31.38  -31.46  -32.18  -31.27   +0.10
       med   |   27.902 |   18.951 |   18.963 |   18.801 |   19.155 |   19.022 |   19.045 |   18.932 |   19.177 |   18.828 |   19.055 |   28.061
64     4     |   28.903 |   22.673 |   22.585 |   22.928 |   22.867 |   23.034 |   23.017 |   23.023 |   23.181 |   22.749 |   23.132 |   28.911 ||  -21.56  -21.86  -20.67  -20.88  -20.30  -20.36  -20.35  -19.80  -21.29  -19.97   +0.03
       med   |   29.045 |   22.876 |   22.947 |   23.225 |   22.896 |   23.073 |   23.117 |   23.042 |   23.354 |   22.770 |   23.246 |   29.111
80     5     |   29.959 |   30.090 |   30.023 |   30.039 |   30.103 |   30.044 |   30.008 |   30.048 |   30.046 |   30.005 |   30.048 |   29.975 ||   +0.44   +0.22   +0.27   +0.48   +0.29   +0.17   +0.30   +0.29   +0.15   +0.30   +0.06
       med   |   30.152 |   30.269 |   30.314 |   30.286 |   30.370 |   30.276 |   30.303 |   30.084 |   30.236 |   30.247 |   30.323 |   30.145
96     6     |   30.893 |   30.839 |   30.806 |   30.853 |   30.592 |   30.856 |   30.841 |   30.851 |   30.882 |   30.865 |   30.856 |   30.903 ||   -0.18   -0.28   -0.13   -0.98   -0.12   -0.17   -0.14   -0.04   -0.09   -0.12   +0.03
       med   |   31.021 |   31.103 |   31.064 |   31.041 |   31.182 |   31.049 |   31.036 |   30.967 |   31.032 |   31.006 |   31.053 |   31.015
112    7     |   31.819 |   31.876 |   31.767 |   31.763 |   31.882 |   31.757 |   31.761 |   31.756 |   31.766 |   31.755 |   31.768 |   31.823 ||   +0.18   -0.16   -0.18   +0.20   -0.19   -0.18   -0.20   -0.17   -0.20   -0.16   +0.01
       med   |   32.272 |   32.334 |   32.326 |   32.242 |   32.362 |   32.199 |   32.255 |   32.174 |   32.314 |   32.194 |   32.378 |   32.265
128    8     |   30.098 |   29.936 |   30.117 |   30.087 |   29.941 |   30.113 |   30.105 |   30.086 |   30.103 |   30.099 |   30.115 |   30.086 ||   -0.54   +0.06   -0.04   -0.52   +0.05   +0.02   -0.04   +0.02   +0.00   +0.06   -0.04
       med   |   30.249 |   30.151 |   30.407 |   30.300 |   30.279 |   30.312 |   30.256 |   30.171 |   30.273 |   30.232 |   30.325 |   30.166
256    16    |   52.293 |   52.225 |   52.157 |   52.192 |   52.159 |   52.189 |   52.129 |   52.136 |   51.900 |   51.996 |   52.146 |   52.173 ||   -0.13   -0.26   -0.19   -0.26   -0.20   -0.31   -0.30   -0.75   -0.57   -0.28   -0.23
       med   |   52.850 |   52.659 |   52.554 |   52.754 |   52.788 |   52.690 |   52.594 |   52.590 |   52.566 |   52.674 |   52.595 |   52.838
512    32    |   94.818 |   94.587 |   94.678 |   94.798 |   94.451 |   94.569 |   94.737 |   93.884 |   93.997 |   93.919 |   94.344 |   94.917 ||   -0.24   -0.15   -0.02   -0.39   -0.26   -0.08   -0.98   -0.87   -0.95   -0.50   +0.10
       med   |   96.139 |   95.898 |   95.566 |   95.567 |   95.533 |   95.487 |   95.563 |   95.457 |   95.706 |   95.502 |   95.818 |   95.846
1024   64    |  180.131 |  179.756 |  179.724 |  179.565 |  179.644 |  179.653 |  179.940 |  179.714 |  178.924 |  179.309 |  179.903 |  180.233 ||   -0.21   -0.23   -0.31   -0.27   -0.27   -0.11   -0.23   -0.67   -0.46   -0.13   +0.06
       med   |  182.619 |  181.638 |  181.383 |  181.473 |  181.294 |  181.192 |  181.470 |  181.286 |  181.438 |  181.319 |  181.510 |  182.023
4096   256   |  693.477 |  692.138 |  691.172 |  691.016 |  692.157 |  689.654 |  691.085 |  690.916 |  689.885 |  690.603 |  691.475 |  691.307 ||   -0.19   -0.33   -0.35   -0.19   -0.55   -0.34   -0.37   -0.52   -0.41   -0.29   -0.31
       med   |  700.336 |  696.555 |  694.433 |  694.418 |  694.851 |  693.748 |  695.222 |  695.682 |  694.191 |  694.057 |  695.818 |  699.196
=== process binH.order2.3
SELFCHECK FAIL nblk=2 variant dct: out=1 xi=1 ivec=0 ret=32(want 32)
SELFCHECK FAIL nblk=3 variant dct: out=1 xi=1 ivec=0 ret=48(want 48)
SELFCHECK FAIL nblk=4 variant dct: out=1 xi=1 ivec=0 ret=64(want 64)
bytes  blks  |     base |      dct |       c3 |     pre6 |     pre5 |     pre4 |     pre3 |     pre2 |     pre1 |      cl4 |       w1 |   baseAA ||     dct%      c3%    pre6%    pre5%    pre4%    pre3%    pre2%    pre1%     cl4%      w1%  baseAA%
16     1     |   26.180 |   13.989 |   14.082 |   14.030 |   13.731 |   14.046 |   14.074 |   13.975 |   13.864 |   13.803 |   13.950 |   26.168 ||  -46.56  -46.21  -46.41  -47.55  -46.35  -46.24  -46.62  -47.04  -47.28  -46.72   -0.04
       med   |   26.445 |   14.119 |   14.151 |   14.052 |   13.918 |   14.067 |   14.096 |   14.109 |   14.119 |   14.097 |   14.100 |   26.379
32     2     |   26.447 |   15.258 |   15.267 |   15.301 |   15.293 |   15.378 |   15.299 |   15.363 |   15.331 |   15.272 |   15.307 |   26.514 ||  -42.31  -42.27  -42.14  -42.17  -41.85  -42.15  -41.91  -42.03  -42.26  -42.12   +0.25
       med   |   26.689 |   15.269 |   15.306 |   15.313 |   15.394 |   15.420 |   15.354 |   15.380 |   15.378 |   15.328 |   15.330 |   26.736
48     3     |   27.769 |   18.678 |   18.644 |   18.769 |   18.823 |   18.899 |   18.859 |   18.872 |   18.829 |   18.640 |   18.876 |   27.659 ||  -32.74  -32.86  -32.41  -32.22  -31.94  -32.09  -32.04  -32.19  -32.88  -32.03   -0.40
       med   |   27.900 |   18.953 |   18.938 |   18.804 |   19.149 |   19.073 |   19.041 |   18.995 |   19.207 |   18.861 |   19.078 |   28.004
64     4     |   28.918 |   22.672 |   22.588 |   22.932 |   22.865 |   23.030 |   23.024 |   23.017 |   23.184 |   22.748 |   23.127 |   28.922 ||  -21.60  -21.89  -20.70  -20.93  -20.36  -20.38  -20.41  -19.83  -21.34  -20.02   +0.01
       med   |   29.067 |   22.874 |   22.947 |   23.219 |   22.896 |   23.060 |   23.048 |   23.043 |   23.362 |   22.775 |   23.255 |   29.139
80     5     |   29.962 |   30.107 |   30.018 |   30.006 |   30.128 |   30.053 |   30.034 |   30.050 |   30.019 |   30.048 |   30.027 |   29.957 ||   +0.48   +0.19   +0.14   +0.55   +0.30   +0.24   +0.29   +0.19   +0.29   +0.22   -0.02
       med   |   30.113 |   30.274 |   30.320 |   30.280 |   30.361 |   30.290 |   30.314 |   30.088 |   30.340 |   30.257 |   30.317 |   30.109
96     6     |   30.909 |   30.820 |   30.859 |   30.866 |   30.836 |   30.859 |   30.858 |   30.847 |   30.858 |   30.857 |   30.874 |   30.892 ||   -0.29   -0.16   -0.14   -0.24   -0.16   -0.16   -0.20   -0.16   -0.17   -0.11   -0.05
       med   |   31.074 |   31.105 |   31.044 |   31.037 |   31.126 |   31.044 |   31.042 |   30.988 |   31.030 |   31.018 |   31.055 |   31.009
112    7     |   31.827 |   31.884 |   31.774 |   31.766 |   31.967 |   31.772 |   31.773 |   31.763 |   31.775 |   31.772 |   31.798 |   31.778 ||   +0.18   -0.17   -0.19   +0.44   -0.17   -0.17   -0.20   -0.16   -0.17   -0.09   -0.15
       med   |   34.533 |   34.790 |   34.262 |   34.344 |   35.074 |   34.399 |   34.410 |   34.297 |   34.682 |   34.279 |   34.635 |   34.691
128    8     |   30.112 |   29.929 |   30.107 |   30.049 |   29.940 |   30.048 |   30.028 |   30.102 |   30.089 |   30.095 |   30.078 |   30.083 ||   -0.61   -0.02   -0.21   -0.57   -0.21   -0.28   -0.03   -0.08   -0.06   -0.11   -0.10
       med   |   30.336 |   30.148 |   30.313 |   30.302 |   30.285 |   30.309 |   30.257 |   30.197 |   30.331 |   30.236 |   30.305 |   30.166
256    16    |   52.334 |   52.253 |   51.389 |   51.988 |   52.241 |   52.195 |   52.131 |   52.145 |   52.055 |   52.187 |   51.532 |   52.310 ||   -0.16   -1.80   -0.66   -0.18   -0.27   -0.39   -0.36   -0.53   -0.28   -1.53   -0.05
       med   |   52.855 |   52.675 |   52.568 |   52.685 |   52.855 |   52.657 |   52.604 |   52.586 |   52.663 |   52.622 |   52.594 |   52.822
512    32    |   94.832 |   94.337 |   94.809 |   92.968 |   94.151 |   93.752 |   94.954 |   94.791 |   94.879 |   94.238 |   94.653 |   95.109 ||   -0.52   -0.02   -1.97   -0.72   -1.14   +0.13   -0.04   +0.05   -0.63   -0.19   +0.29
       med   |   96.081 |   95.769 |   95.592 |   95.547 |   95.799 |   95.479 |   95.749 |   95.490 |   95.730 |   95.496 |   95.603 |   95.870
1024   64    |  180.310 |  179.655 |  179.369 |  179.696 |  179.029 |  179.661 |  179.966 |  179.658 |  179.912 |  179.372 |  178.275 |  179.588 ||   -0.36   -0.52   -0.34   -0.71   -0.36   -0.19   -0.36   -0.22   -0.52   -1.13   -0.40
       med   |  182.689 |  181.809 |  181.422 |  181.361 |  181.266 |  181.349 |  181.478 |  181.365 |  181.475 |  181.293 |  181.484 |  182.119
4096   256   |  693.009 |  692.226 |  690.916 |  689.936 |  691.821 |  690.633 |  691.240 |  690.374 |  690.514 |  689.940 |  690.912 |  693.148 ||   -0.11   -0.30   -0.44   -0.17   -0.34   -0.26   -0.38   -0.36   -0.44   -0.30   +0.02
       med   |  700.313 |  695.947 |  694.552 |  694.350 |  694.792 |  693.794 |  694.634 |  695.386 |  694.192 |  694.150 |  695.732 |  698.646
=== process binH.order2.4
SELFCHECK FAIL nblk=2 variant dct: out=1 xi=1 ivec=0 ret=32(want 32)
SELFCHECK FAIL nblk=3 variant dct: out=1 xi=1 ivec=0 ret=48(want 48)
SELFCHECK FAIL nblk=4 variant dct: out=1 xi=1 ivec=0 ret=64(want 64)
bytes  blks  |     base |      dct |       c3 |     pre6 |     pre5 |     pre4 |     pre3 |     pre2 |     pre1 |      cl4 |       w1 |   baseAA ||     dct%      c3%    pre6%    pre5%    pre4%    pre3%    pre2%    pre1%     cl4%      w1%  baseAA%
16     1     |   26.151 |   13.966 |   13.948 |   14.031 |   13.788 |   14.046 |   13.960 |   13.963 |   13.888 |   13.805 |   13.961 |   26.127 ||  -46.59  -46.66  -46.35  -47.28  -46.29  -46.62  -46.61  -46.89  -47.21  -46.62   -0.09
       med   |   26.657 |   14.120 |   14.147 |   14.053 |   13.912 |   14.071 |   14.099 |   14.120 |   14.121 |   14.099 |   14.092 |   26.749
32     2     |   26.443 |   15.258 |   15.272 |   15.302 |   15.198 |   15.378 |   15.296 |   15.364 |   15.264 |   15.263 |   15.304 |   26.529 ||  -42.30  -42.24  -42.13  -42.53  -41.84  -42.15  -41.90  -42.28  -42.28  -42.13   +0.33
       med   |   26.714 |   15.269 |   15.306 |   15.314 |   15.392 |   15.415 |   15.354 |   15.374 |   15.373 |   15.322 |   15.345 |   26.636
48     3     |   27.519 |   18.676 |   18.629 |   18.770 |   18.821 |   18.906 |   18.861 |   18.868 |   18.852 |   18.652 |   18.911 |   27.503 ||  -32.14  -32.30  -31.79  -31.61  -31.30  -31.46  -31.44  -31.50  -32.22  -31.28   -0.06
       med   |   27.898 |   18.940 |   18.952 |   18.798 |   19.108 |   18.950 |   19.048 |   18.923 |   19.090 |   18.818 |   19.219 |   27.990
64     4     |   28.912 |   22.671 |   22.593 |   22.929 |   22.865 |   23.030 |   23.018 |   23.017 |   23.180 |   22.748 |   23.126 |   28.897 ||  -21.59  -21.86  -20.69  -20.92  -20.34  -20.39  -20.39  -19.83  -21.32  -20.01   -0.05
       med   |   29.054 |   22.873 |   22.952 |   23.199 |   22.899 |   23.062 |   23.069 |   23.041 |   23.357 |   22.781 |   23.427 |   29.064
80     5     |   29.956 |   30.105 |   30.047 |   30.052 |   30.118 |   30.048 |   30.052 |   30.043 |   30.040 |   30.047 |   30.022 |   29.962 ||   +0.50   +0.30   +0.32   +0.54   +0.31   +0.32   +0.29   +0.28   +0.30   +0.22   +0.02
       med   |   30.231 |   30.263 |   30.321 |   30.277 |   30.356 |   30.270 |   30.289 |   30.085 |   30.216 |   30.224 |   30.320 |   30.111
96     6     |   30.911 |   30.838 |   30.866 |   30.738 |   30.829 |   30.857 |   30.849 |   30.824 |   30.856 |   30.814 |   30.861 |   30.897 ||   -0.23   -0.15   -0.56   -0.26   -0.17   -0.20   -0.28   -0.18   -0.31   -0.16   -0.04
       med   |   31.074 |   31.094 |   31.096 |   31.048 |   31.128 |   31.031 |   31.018 |   30.958 |   31.027 |   31.032 |   31.053 |   30.980
112    7     |   31.822 |   31.877 |   31.768 |   31.761 |   31.875 |   31.764 |   31.764 |   31.758 |   31.761 |   31.763 |   31.767 |   31.762 ||   +0.17   -0.17   -0.19   +0.17   -0.18   -0.18   -0.20   -0.19   -0.19   -0.17   -0.19
       med   |   32.426 |   32.378 |   32.876 |   32.816 |   32.457 |   32.328 |   32.426 |   32.291 |   32.463 |   32.425 |   32.543 |   32.444
128    8     |   30.114 |   29.927 |   30.030 |   30.026 |   29.939 |   30.088 |   30.103 |   30.090 |   30.080 |   30.069 |   30.012 |   30.093 ||   -0.62   -0.28   -0.29   -0.58   -0.09   -0.04   -0.08   -0.11   -0.15   -0.34   -0.07
       med   |   30.352 |   30.159 |   30.399 |   30.302 |   30.275 |   30.304 |   30.253 |   30.170 |   30.298 |   30.238 |   30.306 |   30.181
256    16    |   52.268 |   52.216 |   52.121 |   51.896 |   52.098 |   51.987 |   52.151 |   52.177 |   52.023 |   51.932 |   51.557 |   52.225 ||   -0.10   -0.28   -0.71   -0.32   -0.54   -0.22   -0.17   -0.47   -0.64   -1.36   -0.08
       med   |   52.855 |   52.684 |   52.583 |   52.679 |   52.809 |   52.620 |   52.639 |   52.540 |   52.627 |   52.651 |   52.574 |   52.863
512    32    |   95.097 |   94.540 |   94.715 |   93.636 |   94.610 |   93.905 |   94.718 |   93.951 |   94.920 |   93.650 |   94.826 |   95.078 ||   -0.59   -0.40   -1.54   -0.51   -1.25   -0.40   -1.21   -0.19   -1.52   -0.29   -0.02
       med   |   96.092 |   95.943 |   95.541 |   95.460 |   95.589 |   95.407 |   95.678 |   95.388 |   95.788 |   95.497 |   95.630 |   95.873
1024   64    |  180.504 |  179.757 |  179.989 |  179.070 |  179.641 |  178.378 |  178.502 |  179.065 |  179.152 |  179.821 |  178.922 |  179.889 ||   -0.41   -0.28   -0.79   -0.48   -1.18   -1.11   -0.80   -0.75   -0.38   -0.88   -0.34
       med   |  182.657 |  181.695 |  181.385 |  181.380 |  181.225 |  181.299 |  181.486 |  181.373 |  181.544 |  181.292 |  181.570 |  182.072
4096   256   |  694.276 |  692.249 |  691.086 |  690.284 |  691.440 |  690.192 |  691.364 |  691.256 |  690.880 |  690.622 |  690.620 |  692.176 ||   -0.29   -0.46   -0.57   -0.41   -0.59   -0.42   -0.43   -0.49   -0.53   -0.53   -0.30
       med   |  699.827 |  695.890 |  694.457 |  694.453 |  694.699 |  693.471 |  694.994 |  695.398 |  694.122 |  694.121 |  695.596 |  698.816
=== process binH.order2.5
SELFCHECK FAIL nblk=2 variant dct: out=1 xi=1 ivec=0 ret=32(want 32)
SELFCHECK FAIL nblk=3 variant dct: out=1 xi=1 ivec=0 ret=48(want 48)
SELFCHECK FAIL nblk=4 variant dct: out=1 xi=1 ivec=0 ret=64(want 64)
bytes  blks  |     base |      dct |       c3 |     pre6 |     pre5 |     pre4 |     pre3 |     pre2 |     pre1 |      cl4 |       w1 |   baseAA ||     dct%      c3%    pre6%    pre5%    pre4%    pre3%    pre2%    pre1%     cl4%      w1%  baseAA%
16     1     |   26.123 |   13.946 |   14.001 |   14.017 |   13.793 |   14.044 |   14.030 |   14.016 |   13.865 |   13.945 |   13.912 |   26.124 ||  -46.61  -46.40  -46.34  -47.20  -46.24  -46.29  -46.35  -46.92  -46.62  -46.74   +0.01
       med   |   26.755 |   14.120 |   14.151 |   14.051 |   13.918 |   14.072 |   14.100 |   14.118 |   14.119 |   14.099 |   14.100 |   26.747
32     2     |   26.473 |   15.255 |   15.238 |   15.301 |   15.305 |   15.381 |   15.294 |   15.342 |   15.328 |   15.270 |   15.306 |   26.531 ||  -42.38  -42.44  -42.20  -42.19  -41.90  -42.23  -42.05  -42.10  -42.32  -42.18   +0.22
       med   |   26.727 |   15.270 |   15.303 |   15.315 |   15.392 |   15.415 |   15.351 |   15.377 |   15.376 |   15.323 |   15.318 |   26.663
48     3     |   27.536 |   18.677 |   18.638 |   18.780 |   18.822 |   18.902 |   18.859 |   18.862 |   18.856 |   18.659 |   18.904 |   27.646 ||  -32.17  -32.31  -31.80  -31.65  -31.36  -31.51  -31.50  -31.52  -32.24  -31.35   +0.40
       med   |   27.932 |   18.769 |   18.931 |   18.798 |   19.131 |   18.954 |   19.045 |   18.922 |   19.096 |   18.817 |   19.024 |   27.986
64     4     |   28.911 |   22.672 |   22.596 |   22.932 |   22.869 |   23.034 |   23.023 |   23.018 |   23.175 |   22.748 |   23.134 |   28.913 ||  -21.58  -21.84  -20.68  -20.90  -20.33  -20.37  -20.38  -19.84  -21.32  -19.98   +0.01
       med   |   29.078 |   22.866 |   22.946 |   23.222 |   23.143 |   23.062 |   23.217 |   23.040 |   23.355 |   22.775 |   23.175 |   29.071
80     5     |   29.956 |   30.096 |   30.030 |   30.050 |   30.099 |   30.022 |   30.050 |   30.045 |   29.997 |   30.003 |   30.020 |   29.956 ||   +0.47   +0.25   +0.31   +0.48   +0.22   +0.31   +0.30   +0.14   +0.16   +0.21   -0.00
       med   |   30.208 |   30.260 |   30.306 |   30.266 |   30.254 |   30.289 |   30.289 |   30.084 |   30.329 |   30.224 |   30.319 |   30.108
96     6     |   30.883 |   30.791 |   30.851 |   30.808 |   30.805 |   30.853 |   30.810 |   30.848 |   30.862 |   30.845 |   30.868 |   30.902 ||   -0.30   -0.10   -0.24   -0.25   -0.10   -0.24   -0.11   -0.07   -0.12   -0.05   +0.06
       med   |   31.089 |   31.100 |   31.108 |   31.040 |   31.133 |   31.035 |   31.038 |   31.022 |   31.061 |   31.017 |   31.052 |   30.991
112    7     |   31.824 |   31.874 |   31.771 |   31.762 |   31.876 |   31.764 |   31.763 |   31.755 |   31.761 |   31.761 |   31.776 |   31.820 ||   +0.16   -0.17   -0.20   +0.16   -0.19   -0.19   -0.22   -0.20   -0.20   -0.15   -0.01
       med   |   32.279 |   32.301 |   32.790 |   34.489 |   32.453 |   32.255 |   32.240 |   32.190 |   32.386 |   32.320 |   32.456 |   32.252
128    8     |   30.108 |   29.930 |   30.108 |   30.104 |   29.942 |   30.038 |   30.114 |   30.098 |   30.108 |   30.064 |   30.036 |   30.106 ||   -0.59   +0.00   -0.01   -0.55   -0.23   +0.02   -0.03   -0.00   -0.15   -0.24   -0.00
       med   |   30.340 |   30.171 |   30.429 |   30.284 |   30.269 |   30.306 |   30.253 |   30.178 |   30.330 |   30.237 |   30.334 |   30.161
256    16    |   52.250 |   52.138 |   52.177 |   52.193 |   52.226 |   52.051 |   52.179 |   52.181 |   52.214 |   52.194 |   51.976 |   52.276 ||   -0.21   -0.14   -0.11   -0.04   -0.38   -0.13   -0.13   -0.07   -0.11   -0.52   +0.05
       med   |   52.828 |   52.612 |   52.549 |   52.675 |   52.770 |   52.641 |   52.616 |   52.595 |   52.661 |   52.586 |   52.606 |   52.820
512    32    |   95.149 |   94.491 |   94.571 |   94.938 |   94.659 |   93.610 |   94.694 |   94.067 |   94.873 |   94.577 |   94.797 |   94.861 ||   -0.69   -0.61   -0.22   -0.52   -1.62   -0.48   -1.14   -0.29   -0.60   -0.37   -0.30
       med   |   96.024 |   95.617 |   95.510 |   95.543 |   95.763 |   95.482 |   95.704 |   95.462 |   95.668 |   95.518 |   95.767 |   95.830
1024   64    |  179.958 |  179.900 |  179.464 |  179.857 |  179.455 |  179.319 |  179.738 |  179.677 |  179.397 |  178.873 |  179.779 |  179.316 ||   -0.03   -0.27   -0.06   -0.28   -0.36   -0.12   -0.16   -0.31   -0.60   -0.10   -0.36
       med   |  182.459 |  181.779 |  181.351 |  181.295 |  181.244 |  181.350 |  181.486 |  181.283 |  181.493 |  181.382 |  181.505 |  181.986
4096   256   |  693.428 |  691.985 |  690.903 |  691.096 |  691.893 |  689.979 |  690.538 |  690.626 |  691.021 |  690.970 |  691.034 |  693.208 ||   -0.21   -0.36   -0.34   -0.22   -0.50   -0.42   -0.40   -0.35   -0.35   -0.35   -0.03
       med   |  699.679 |  695.687 |  694.269 |  694.242 |  694.594 |  693.912 |  694.674 |  695.261 |  693.895 |  694.150 |  695.345 |  698.921
=== process binH.order3.1
SELFCHECK FAIL nblk=2 variant dct: out=1 xi=1 ivec=0 ret=32(want 32)
SELFCHECK FAIL nblk=3 variant dct: out=1 xi=1 ivec=0 ret=48(want 48)
SELFCHECK FAIL nblk=4 variant dct: out=1 xi=1 ivec=0 ret=64(want 64)
bytes  blks  |     base |     pre3 |     pre4 |     pre5 |     pre6 |       c3 |      dct |   baseAA |       w1 |      cl4 |     pre1 |     pre2 ||    pre3%    pre4%    pre5%    pre6%      c3%     dct%  baseAA%      w1%     cl4%    pre1%    pre2%
16     1     |   26.312 |   13.911 |   14.036 |   13.730 |   13.994 |   13.804 |   13.928 |   26.293 |   13.878 |   13.932 |   13.877 |   13.849 ||  -47.13  -46.66  -47.82  -46.81  -47.54  -47.07   -0.07  -47.25  -47.05  -47.26  -47.36
       med   |   26.528 |   14.049 |   14.079 |   14.086 |   14.054 |   14.018 |   14.121 |   26.435 |   14.094 |   14.060 |   14.085 |   14.081
32     2     |   26.527 |   15.327 |   15.381 |   15.294 |   15.303 |   15.251 |   15.258 |   26.519 |   15.290 |   15.277 |   15.300 |   15.331 ||  -42.22  -42.02  -42.35  -42.31  -42.51  -42.48   -0.03  -42.36  -42.41  -42.32  -42.21
       med   |   26.734 |   15.414 |   15.474 |   15.313 |   15.317 |   15.279 |   15.270 |   26.634 |   15.385 |   15.291 |   15.335 |   15.425
48     3     |   27.641 |   18.844 |   18.886 |   18.835 |   18.773 |   18.582 |   18.676 |   27.603 |   18.980 |   18.654 |   18.858 |   18.849 ||  -31.83  -31.67  -31.86  -32.08  -32.77  -32.43   -0.14  -31.34  -32.52  -31.78  -31.81
       med   |   28.169 |   18.883 |   18.937 |   19.154 |   19.026 |   18.804 |   18.942 |   27.901 |   19.162 |   18.710 |   18.894 |   18.890
64     4     |   28.923 |   22.960 |   23.043 |   22.857 |   22.925 |   22.618 |   22.668 |   28.919 |   23.133 |   22.718 |   23.109 |   22.984 ||  -20.62  -20.33  -20.97  -20.74  -21.80  -21.63   -0.02  -20.02  -21.45  -20.10  -20.54
       med   |   29.136 |   22.985 |   23.137 |   22.890 |   23.200 |   22.643 |   22.708 |   29.048 |   23.748 |   22.994 |   23.133 |   23.363
80     5     |   29.952 |   30.100 |   30.121 |   30.113 |   30.053 |   30.124 |   30.109 |   29.959 |   30.120 |   30.118 |   30.104 |   30.118 ||   +0.50   +0.57   +0.54   +0.34   +0.58   +0.53   +0.02   +0.56   +0.55   +0.51   +0.56
       med   |   30.211 |   30.256 |   30.238 |   30.331 |   30.312 |   30.259 |   30.262 |   30.031 |   30.200 |   30.323 |   30.234 |   30.243
96     6     |   30.898 |   30.823 |   30.820 |   30.830 |   30.868 |   30.829 |   30.826 |   30.894 |   30.846 |   30.831 |   30.822 |   30.836 ||   -0.24   -0.25   -0.22   -0.10   -0.23   -0.23   -0.01   -0.17   -0.22   -0.25   -0.20
       med   |   31.101 |   31.059 |   31.060 |   31.082 |   31.096 |   31.092 |   31.055 |   30.996 |   31.032 |   31.089 |   31.059 |   31.073
112    7     |   31.821 |   31.873 |   31.820 |   31.880 |   31.770 |   31.856 |   31.878 |   31.819 |   31.876 |   31.879 |   31.872 |   31.875 ||   +0.17   -0.00   +0.18   -0.16   +0.11   +0.18   -0.01   +0.17   +0.18   +0.16   +0.17
       med   |   32.108 |   32.046 |   32.015 |   32.030 |   32.176 |   32.049 |   32.255 |   32.061 |   31.971 |   32.053 |   32.027 |   32.018
128    8     |   30.105 |   29.932 |   29.932 |   29.933 |   30.101 |   29.746 |   29.938 |   30.076 |   29.930 |   29.937 |   29.930 |   29.942 ||   -0.58   -0.58   -0.57   -0.02   -1.20   -0.55   -0.10   -0.58   -0.56   -0.58   -0.54
       med   |   30.345 |   30.152 |   30.157 |   30.149 |   30.379 |   30.232 |   30.146 |   30.192 |   29.992 |   30.287 |   30.073 |   30.124
256    16    |   52.213 |   51.985 |   52.234 |   52.154 |   52.162 |   52.240 |   52.140 |   52.196 |   52.193 |   52.240 |   52.181 |   52.229 ||   -0.44   +0.04   -0.11   -0.10   +0.05   -0.14   -0.03   -0.04   +0.05   -0.06   +0.03
       med   |   52.752 |   52.678 |   52.576 |   52.681 |   52.648 |   52.685 |   52.642 |   52.665 |   52.588 |   52.773 |   52.671 |   52.630
512    32    |   94.990 |   94.505 |   94.634 |   94.522 |   94.649 |   94.728 |   94.314 |   94.861 |   94.271 |   94.740 |   94.517 |   94.581 ||   -0.51   -0.37   -0.49   -0.36   -0.28   -0.71   -0.14   -0.76   -0.26   -0.50   -0.43
       med   |   95.971 |   95.717 |   95.653 |   95.844 |   95.613 |   95.689 |   95.507 |   95.824 |   95.564 |   95.740 |   95.568 |   95.759
1024   64    |  180.075 |  179.673 |  179.907 |  179.946 |  179.992 |  179.597 |  179.570 |  179.731 |  179.665 |  179.716 |  179.659 |  179.849 ||   -0.22   -0.09   -0.07   -0.05   -0.26   -0.28   -0.19   -0.23   -0.20   -0.23   -0.13
       med   |  182.338 |  181.714 |  181.344 |  181.785 |  181.506 |  181.481 |  181.168 |  182.081 |  181.360 |  181.728 |  181.577 |  181.730
4096   256   |  693.513 |  692.102 |  691.899 |  691.753 |  690.736 |  691.426 |  692.186 |  694.112 |  692.145 |  691.976 |  692.284 |  691.880 ||   -0.20   -0.23   -0.25   -0.40   -0.30   -0.19   +0.09   -0.20   -0.22   -0.18   -0.24
       med   |  699.847 |  695.636 |  695.084 |  695.405 |  694.418 |  695.210 |  695.267 |  699.329 |  695.582 |  695.590 |  695.270 |  694.870
=== process binH.order3.2
SELFCHECK FAIL nblk=2 variant dct: out=1 xi=1 ivec=0 ret=32(want 32)
SELFCHECK FAIL nblk=3 variant dct: out=1 xi=1 ivec=0 ret=48(want 48)
SELFCHECK FAIL nblk=4 variant dct: out=1 xi=1 ivec=0 ret=64(want 64)
bytes  blks  |     base |     pre3 |     pre4 |     pre5 |     pre6 |       c3 |      dct |   baseAA |       w1 |      cl4 |     pre1 |     pre2 ||    pre3%    pre4%    pre5%    pre6%      c3%     dct%  baseAA%      w1%     cl4%    pre1%    pre2%
16     1     |   26.127 |   13.923 |   14.037 |   13.807 |   14.007 |   13.690 |   13.989 |   26.124 |   13.894 |   13.988 |   13.876 |   13.844 ||  -46.71  -46.28  -47.15  -46.39  -47.60  -46.46   -0.01  -46.82  -46.46  -46.89  -47.01
       med   |   26.356 |   14.049 |   14.079 |   14.086 |   14.053 |   14.018 |   14.121 |   26.212 |   14.092 |   14.066 |   14.078 |   14.081
32     2     |   26.468 |   15.327 |   15.382 |   15.299 |   15.304 |   15.250 |   15.257 |   26.574 |   15.291 |   15.279 |   15.304 |   15.333 ||  -42.09  -41.88  -42.20  -42.18  -42.38  -42.36   +0.40  -42.23  -42.27  -42.18  -42.07
       med   |   26.801 |   15.371 |   15.477 |   15.339 |   15.320 |   15.282 |   15.273 |   26.830 |   15.387 |   15.293 |   15.336 |   15.430
48     3     |   27.745 |   18.841 |   18.887 |   18.826 |   18.778 |   18.588 |   18.680 |   27.754 |   18.986 |   18.643 |   18.858 |   18.852 ||  -32.09  -31.93  -32.15  -32.32  -33.01  -32.67   +0.03  -31.57  -32.81  -32.03  -32.05
       med   |   29.321 |   18.925 |   19.086 |   19.121 |   19.041 |   18.816 |   18.851 |   28.170 |   19.166 |   18.710 |   18.896 |   18.894
64     4     |   28.929 |   22.961 |   23.046 |   22.867 |   22.931 |   22.616 |   22.670 |   28.928 |   23.155 |   22.725 |   23.105 |   22.976 ||  -20.63  -20.34  -20.96  -20.73  -21.82  -21.63   -0.00  -19.96  -21.45  -20.13  -20.58
       med   |   29.245 |   22.989 |   23.073 |   22.890 |   22.957 |   22.645 |   22.704 |   29.170 |   23.780 |   22.995 |   23.135 |   23.360
80     5     |   29.972 |   30.104 |   30.120 |   30.117 |   30.026 |   30.123 |   30.116 |   29.961 |   30.101 |   30.113 |   30.123 |   30.070 ||   +0.44   +0.49   +0.48   +0.18   +0.50   +0.48   -0.04   +0.43   +0.47   +0.50   +0.33
       med   |   30.260 |   30.261 |   30.261 |   30.237 |   30.307 |   30.258 |   30.262 |   30.018 |   30.197 |   30.314 |   30.254 |   30.265
96     6     |   30.907 |   30.837 |   30.836 |   30.827 |   30.864 |   30.828 |   30.832 |   30.898 |   30.870 |   30.832 |   30.820 |   30.829 ||   -0.23   -0.23   -0.26   -0.14   -0.26   -0.24   -0.03   -0.12   -0.24   -0.28   -0.25
       med   |   31.103 |   31.089 |   31.067 |   31.058 |   31.090 |   31.094 |   31.058 |   30.994 |   31.039 |   31.096 |   31.056 |   31.068
112    7     |   31.894 |   31.887 |   31.880 |   31.881 |   32.004 |   31.893 |   31.878 |   31.824 |   31.881 |   31.884 |   31.873 |   31.969 ||   -0.02   -0.04   -0.04   +0.35   -0.00   -0.05   -0.22   -0.04   -0.03   -0.07   +0.23
       med   |   34.415 |   34.640 |   34.614 |   34.571 |   34.112 |   34.915 |   34.610 |   33.878 |   34.540 |   34.711 |   34.610 |   34.610
128    8     |   30.107 |   29.931 |   29.941 |   29.935 |   30.015 |   29.939 |   29.936 |   29.946 |   29.936 |   29.937 |   29.934 |   29.932 ||   -0.59   -0.55   -0.57   -0.31   -0.56   -0.57   -0.53   -0.57   -0.57   -0.58   -0.58
       med   |   30.291 |   30.172 |   30.296 |   30.158 |   30.380 |   30.230 |   30.142 |   30.202 |   30.000 |   30.208 |   30.150 |   30.055
256    16    |   52.168 |   52.158 |   52.040 |   52.222 |   52.215 |   52.087 |   52.238 |   52.241 |   52.036 |   52.192 |   52.249 |   52.218 ||   -0.02   -0.24   +0.10   +0.09   -0.16   +0.14   +0.14   -0.25   +0.05   +0.16   +0.10
       med   |   52.736 |   52.658 |   52.657 |   52.690 |   52.707 |   52.734 |   52.599 |   52.630 |   52.541 |   52.669 |   52.679 |   52.633
512    32    |   95.247 |   94.689 |   93.544 |   94.743 |   94.838 |   94.683 |   94.530 |   95.076 |   94.511 |   94.774 |   94.626 |   94.463 ||   -0.59   -1.79   -0.53   -0.43   -0.59   -0.75   -0.18   -0.77   -0.50   -0.65   -0.82
       med   |   95.975 |   95.871 |   95.634 |   95.746 |   95.605 |   95.596 |   95.551 |   95.844 |   95.412 |   95.787 |   95.826 |   95.683
1024   64    |  180.621 |  179.688 |  179.840 |  179.648 |  179.996 |  179.506 |  179.667 |  179.687 |  179.791 |  179.606 |  179.786 |  179.744 ||   -0.52   -0.43   -0.54   -0.35   -0.62   -0.53   -0.52   -0.46   -0.56   -0.46   -0.49
       med   |  182.462 |  181.629 |  181.245 |  181.685 |  181.478 |  181.344 |  181.238 |  182.069 |  181.381 |  181.767 |  181.538 |  181.483
4096   256   |  693.006 |  691.641 |  691.883 |  692.351 |  691.186 |  690.991 |  692.013 |  693.500 |  691.993 |  692.153 |  691.617 |  691.903 ||   -0.20   -0.16   -0.09   -0.26   -0.29   -0.14   +0.07   -0.15   -0.12   -0.20   -0.16
       med   |  699.927 |  696.093 |  695.336 |  695.745 |  694.467 |  694.887 |  695.026 |  699.497 |  695.367 |  695.765 |  695.804 |  695.213
=== process binH.order3.3
SELFCHECK FAIL nblk=2 variant dct: out=1 xi=1 ivec=0 ret=32(want 32)
SELFCHECK FAIL nblk=3 variant dct: out=1 xi=1 ivec=0 ret=48(want 48)
SELFCHECK FAIL nblk=4 variant dct: out=1 xi=1 ivec=0 ret=64(want 64)
bytes  blks  |     base |     pre3 |     pre4 |     pre5 |     pre6 |       c3 |      dct |   baseAA |       w1 |      cl4 |     pre1 |     pre2 ||    pre3%    pre4%    pre5%    pre6%      c3%     dct%  baseAA%      w1%     cl4%    pre1%    pre2%
16     1     |   26.134 |   13.993 |   14.038 |   13.855 |   13.993 |   13.688 |   13.993 |   26.131 |   13.939 |   13.913 |   13.859 |   13.836 ||  -46.46  -46.29  -46.98  -46.46  -47.62  -46.46   -0.01  -46.66  -46.76  -46.97  -47.06
       med   |   26.733 |   14.050 |   14.078 |   14.084 |   14.053 |   14.016 |   14.121 |   26.734 |   14.099 |   14.053 |   14.084 |   14.078
32     2     |   26.466 |   15.327 |   15.386 |   15.300 |   15.303 |   15.254 |   15.256 |   26.525 |   15.290 |   15.279 |   15.302 |   15.331 ||  -42.09  -41.86  -42.19  -42.18  -42.37  -42.35   +0.22  -42.23  -42.27  -42.18  -42.07
       med   |   26.742 |   15.407 |   15.476 |   15.315 |   15.321 |   15.282 |   15.273 |   26.637 |   15.385 |   15.291 |   15.335 |   15.425
48     3     |   27.546 |   18.844 |   18.886 |   18.823 |   18.785 |   18.626 |   18.676 |   27.622 |   19.016 |   18.649 |   18.861 |   18.853 ||  -31.59  -31.44  -31.67  -31.80  -32.38  -32.20   +0.28  -30.96  -32.30  -31.53  -31.56
       med   |   28.190 |   18.885 |   19.059 |   19.150 |   19.029 |   18.819 |   18.785 |   28.007 |   19.173 |   18.713 |   18.893 |   18.887
64     4     |   28.921 |   22.958 |   23.042 |   22.866 |   22.932 |   22.619 |   22.670 |   28.919 |   23.143 |   22.717 |   23.107 |   22.991 ||  -20.62  -20.33  -20.93  -20.71  -21.79  -21.61   -0.01  -19.98  -21.45  -20.10  -20.50
       med   |   29.172 |   22.985 |   23.073 |   22.894 |   23.199 |   22.647 |   22.707 |   29.050 |   23.570 |   22.996 |   23.132 |   23.369
80     5     |   29.957 |   30.102 |   30.064 |   30.122 |   30.050 |   30.122 |   30.086 |   29.946 |   30.113 |   30.122 |   30.117 |   30.120 ||   +0.48   +0.36   +0.55   +0.31   +0.55   +0.43   -0.04   +0.52   +0.55   +0.53   +0.54
       med   |   30.165 |   30.254 |   30.253 |   30.268 |   30.275 |   30.275 |   30.265 |   30.072 |   30.171 |   30.330 |   30.237 |   30.252
96     6     |   30.917 |   30.839 |   30.822 |   30.825 |   30.875 |   30.827 |   30.824 |   30.900 |   30.828 |   30.829 |   30.830 |   30.832 ||   -0.25   -0.31   -0.30   -0.14   -0.29   -0.30   -0.06   -0.29   -0.29   -0.28   -0.28
       med   |   31.095 |   31.084 |   31.061 |   31.058 |   31.116 |   31.067 |   31.093 |   30.978 |   31.029 |   31.092 |   31.050 |   31.058
112    7     |   31.804 |   31.874 |   31.831 |   31.868 |   31.784 |   31.872 |   31.872 |   31.811 |   31.866 |   31.829 |   31.873 |   31.868 ||   +0.22   +0.09   +0.20   -0.06   +0.22   +0.22   +0.03   +0.20   +0.08   +0.22   +0.20
       med   |   32.105 |   32.003 |   32.009 |   31.996 |   32.400 |   32.023 |   32.024 |   32.047 |   31.961 |   32.141 |   31.999 |   31.988
128    8     |   30.110 |   29.918 |   29.848 |   29.935 |   30.131 |   29.934 |   29.918 |   30.040 |   29.930 |   29.942 |   29.903 |   29.930 ||   -0.64   -0.87   -0.58   +0.07   -0.58   -0.64   -0.23   -0.60   -0.56   -0.69   -0.60
       med   |   30.311 |   30.142 |   30.295 |   30.150 |   30.417 |   30.246 |   30.139 |   30.166 |   30.052 |   30.215 |   30.089 |   30.059
256    16    |   51.999 |   52.137 |   52.158 |   52.237 |   52.063 |   52.218 |   51.946 |   52.191 |   51.794 |   52.236 |   52.095 |   52.234 ||   +0.27   +0.31   +0.46   +0.12   +0.42   -0.10   +0.37   -0.40   +0.46   +0.18   +0.45
       med   |   52.807 |   52.649 |   52.636 |   52.715 |   52.690 |   52.713 |   52.592 |   52.623 |   52.548 |   52.749 |   52.632 |   52.700
512    32    |   94.498 |   94.441 |   94.478 |   94.337 |   93.836 |   94.445 |   94.443 |   94.652 |   94.448 |   94.920 |   94.163 |   94.399 ||   -0.06   -0.02   -0.17   -0.70   -0.06   -0.06   +0.16   -0.05   +0.45   -0.35   -0.11
       med   |   96.139 |   95.680 |   95.581 |   95.821 |   95.598 |   95.582 |   95.419 |   95.765 |   95.377 |   95.863 |   95.668 |   95.712
1024   64    |  181.115 |  179.880 |  179.770 |  179.550 |  179.378 |  179.729 |  179.893 |  179.636 |  179.476 |  179.814 |  179.700 |  179.907 ||   -0.68   -0.74   -0.86   -0.96   -0.77   -0.67   -0.82   -0.91   -0.72   -0.78   -0.67
       med   |  182.691 |  181.740 |  181.326 |  181.724 |  181.463 |  181.183 |  181.346 |  182.041 |  181.212 |  181.713 |  181.586 |  181.700
4096   256   |  693.837 |  692.170 |  691.801 |  692.190 |  690.975 |  691.919 |  692.030 |  691.951 |  692.253 |  692.278 |  692.168 |  692.327 ||   -0.24   -0.29   -0.24   -0.41   -0.28   -0.26   -0.27   -0.23   -0.22   -0.24   -0.22
       med   |  699.917 |  695.873 |  695.218 |  695.976 |  694.089 |  694.803 |  695.159 |  699.231 |  695.190 |  695.476 |  695.560 |  695.004
=== process binH.order3.4
SELFCHECK FAIL nblk=2 variant dct: out=1 xi=1 ivec=0 ret=32(want 32)
SELFCHECK FAIL nblk=3 variant dct: out=1 xi=1 ivec=0 ret=48(want 48)
SELFCHECK FAIL nblk=4 variant dct: out=1 xi=1 ivec=0 ret=64(want 64)
bytes  blks  |     base |     pre3 |     pre4 |     pre5 |     pre6 |       c3 |      dct |   baseAA |       w1 |      cl4 |     pre1 |     pre2 ||    pre3%    pre4%    pre5%    pre6%      c3%     dct%  baseAA%      w1%     cl4%    pre1%    pre2%
16     1     |   26.319 |   13.944 |   14.038 |   13.809 |   14.031 |   13.891 |   13.912 |   26.301 |   13.926 |   13.975 |   13.886 |   13.832 ||  -47.02  -46.66  -47.53  -46.69  -47.22  -47.14   -0.07  -47.09  -46.90  -47.24  -47.44
       med   |   26.506 |   14.049 |   14.078 |   14.084 |   14.054 |   14.051 |   14.120 |   26.422 |   14.088 |   14.060 |   13.932 |   14.081
32     2     |   26.494 |   15.327 |   15.389 |   15.293 |   15.302 |   15.251 |   15.256 |   26.445 |   15.289 |   15.278 |   15.301 |   15.334 ||  -42.15  -41.91  -42.28  -42.24  -42.44  -42.42   -0.19  -42.29  -42.34  -42.25  -42.12
       med   |   26.698 |   15.408 |   15.516 |   15.313 |   15.318 |   15.277 |   15.269 |   26.640 |   15.382 |   15.290 |   15.335 |   15.426
48     3     |   27.569 |   18.840 |   18.884 |   18.822 |   18.779 |   18.589 |   18.677 |   27.758 |   18.980 |   18.651 |   18.853 |   18.855 ||  -31.66  -31.50  -31.73  -31.88  -32.57  -32.25   +0.69  -31.15  -32.35  -31.61  -31.61
       med   |   28.173 |   18.907 |   19.064 |   19.119 |   19.017 |   18.819 |   18.792 |   27.980 |   19.170 |   18.715 |   18.897 |   18.891
64     4     |   28.923 |   22.963 |   23.038 |   22.870 |   22.911 |   22.616 |   22.663 |   28.918 |   23.141 |   22.724 |   23.110 |   22.986 ||  -20.60  -20.35  -20.93  -20.78  -21.80  -21.64   -0.02  -19.99  -21.43  -20.10  -20.52
       med   |   29.144 |   22.986 |   23.070 |   22.900 |   22.960 |   22.642 |   22.702 |   29.027 |   23.777 |   22.995 |   23.135 |   23.363
80     5     |   29.949 |   30.102 |   30.116 |   30.118 |   30.040 |   30.086 |   30.116 |   29.946 |   30.125 |   30.087 |   30.116 |   30.121 ||   +0.51   +0.56   +0.56   +0.30   +0.46   +0.56   -0.01   +0.59   +0.46   +0.56   +0.57
       med   |   30.251 |   30.254 |   30.259 |   30.231 |   30.307 |   30.250 |   30.269 |   30.089 |   30.181 |   30.320 |   30.230 |   30.250
96     6     |   30.893 |   30.822 |   30.830 |   30.826 |   30.868 |   30.829 |   30.822 |   30.876 |   30.822 |   30.842 |   30.827 |   30.827 ||   -0.23   -0.20   -0.22   -0.08   -0.21   -0.23   -0.05   -0.23   -0.17   -0.21   -0.21
       med   |   31.058 |   31.067 |   31.064 |   31.060 |   31.225 |   31.074 |   31.092 |   30.979 |   30.917 |   31.101 |   31.061 |   31.070
112    7     |   31.826 |   31.872 |   31.823 |   31.876 |   31.789 |   31.872 |   31.875 |   31.818 |   31.872 |   31.825 |   31.878 |   31.872 ||   +0.14   -0.01   +0.16   -0.12   +0.14   +0.15   -0.03   +0.14   -0.00   +0.16   +0.15
       med   |   32.251 |   32.197 |   32.239 |   32.049 |   32.455 |   32.282 |   32.281 |   32.224 |   32.231 |   32.257 |   32.283 |   32.041
128    8     |   30.110 |   29.938 |   29.937 |   29.626 |   30.018 |   29.821 |   29.875 |   30.099 |   29.732 |   29.946 |   29.935 |   29.932 ||   -0.57   -0.58   -1.61   -0.30   -0.96   -0.78   -0.04   -1.26   -0.55   -0.58   -0.59
       med   |   30.329 |   30.082 |   30.153 |   30.188 |   30.476 |   30.155 |   30.144 |   30.136 |   30.052 |   30.264 |   30.074 |   30.142
256    16    |   52.194 |   52.027 |   52.233 |   52.221 |   52.205 |   52.230 |   52.222 |   52.210 |   52.230 |   52.261 |   52.236 |   52.241 ||   -0.32   +0.08   +0.05   +0.02   +0.07   +0.05   +0.03   +0.07   +0.13   +0.08   +0.09
       med   |   52.750 |   52.668 |   52.614 |   52.709 |   52.762 |   52.676 |   52.588 |   52.633 |   52.587 |   52.709 |   52.645 |   52.651
512    32    |   94.896 |   94.662 |   94.504 |   94.671 |   94.468 |   94.509 |   94.584 |   94.922 |   94.541 |   94.240 |   94.513 |   94.077 ||   -0.25   -0.41   -0.24   -0.45   -0.41   -0.33   +0.03   -0.37   -0.69   -0.40   -0.86
       med   |   95.948 |   95.755 |   95.660 |   95.805 |   95.643 |   95.543 |   95.382 |   95.782 |   95.338 |   95.864 |   95.645 |   95.663
1024   64    |  179.647 |  179.560 |  179.854 |  179.840 |  179.815 |  179.682 |  180.014 |  179.526 |  178.736 |  179.953 |  179.530 |  178.919 ||   -0.05   +0.12   +0.11   +0.09   +0.02   +0.20   -0.07   -0.51   +0.17   -0.06   -0.40
       med   |  182.404 |  181.625 |  181.246 |  181.699 |  181.458 |  181.436 |  181.331 |  182.139 |  181.236 |  181.851 |  181.583 |  181.560
4096   256   |  693.691 |  692.159 |  691.482 |  692.125 |  689.905 |  691.948 |  692.237 |  693.298 |  692.039 |  691.582 |  692.059 |  691.333 ||   -0.22   -0.32   -0.23   -0.55   -0.25   -0.21   -0.06   -0.24   -0.30   -0.24   -0.34
       med   |  700.361 |  696.205 |  695.489 |  696.105 |  694.538 |  695.374 |  695.340 |  699.788 |  696.051 |  696.470 |  696.050 |  695.443
=== process binH.order3.5
SELFCHECK FAIL nblk=2 variant dct: out=1 xi=1 ivec=0 ret=32(want 32)
SELFCHECK FAIL nblk=3 variant dct: out=1 xi=1 ivec=0 ret=48(want 48)
SELFCHECK FAIL nblk=4 variant dct: out=1 xi=1 ivec=0 ret=64(want 64)
bytes  blks  |     base |     pre3 |     pre4 |     pre5 |     pre6 |       c3 |      dct |   baseAA |       w1 |      cl4 |     pre1 |     pre2 ||    pre3%    pre4%    pre5%    pre6%      c3%     dct%  baseAA%      w1%     cl4%    pre1%    pre2%
16     1     |   26.252 |   13.924 |   14.039 |   13.816 |   14.023 |   13.717 |   14.061 |   26.222 |   13.942 |   13.947 |   13.867 |   13.842 ||  -46.96  -46.52  -47.37  -46.58  -47.75  -46.44   -0.11  -46.89  -46.87  -47.18  -47.27
       med   |   26.705 |   14.050 |   14.079 |   14.085 |   14.054 |   14.053 |   14.120 |   26.729 |   14.100 |   14.067 |   14.091 |   14.083
32     2     |   26.447 |   15.324 |   15.384 |   15.241 |   15.301 |   15.253 |   15.258 |   26.473 |   15.290 |   15.279 |   15.302 |   15.331 ||  -42.06  -41.83  -42.37  -42.14  -42.33  -42.31   +0.10  -42.19  -42.23  -42.14  -42.03
       med   |   26.725 |   15.408 |   15.475 |   15.312 |   15.320 |   15.276 |   15.269 |   26.661 |   15.384 |   15.291 |   15.335 |   15.426
48     3     |   27.804 |   18.854 |   18.881 |   18.819 |   18.776 |   18.623 |   18.677 |   27.793 |   19.023 |   18.656 |   18.858 |   18.864 ||  -32.19  -32.09  -32.32  -32.47  -33.02  -32.83   -0.04  -31.58  -32.90  -32.18  -32.16
       med   |   28.255 |   18.891 |   19.072 |   19.106 |   19.023 |   18.670 |   18.783 |   28.011 |   19.168 |   18.712 |   18.892 |   18.890
64     4     |   28.922 |   22.955 |   23.040 |   22.863 |   22.934 |   22.614 |   22.665 |   28.924 |   23.143 |   22.712 |   23.108 |   22.984 ||  -20.63  -20.34  -20.95  -20.70  -21.81  -21.63   +0.01  -19.98  -21.47  -20.10  -20.53
       med   |   29.145 |   22.987 |   23.069 |   22.891 |   23.232 |   22.641 |   22.875 |   29.070 |   23.772 |   22.996 |   23.134 |   23.358
80     5     |   29.955 |   30.098 |   30.117 |   30.106 |   30.049 |   30.136 |   30.106 |   29.954 |   30.119 |   30.120 |   30.110 |   30.117 ||   +0.48   +0.54   +0.50   +0.31   +0.60   +0.51   -0.00   +0.55   +0.55   +0.52   +0.54
       med   |   30.253 |   30.259 |   30.249 |   30.229 |   30.311 |   30.357 |   30.257 |   30.010 |   30.203 |   30.309 |   30.240 |   30.199
96     6     |   30.905 |   30.833 |   30.843 |   30.788 |   30.863 |   30.782 |   30.817 |   30.894 |   30.778 |   30.810 |   30.788 |   30.773 ||   -0.23   -0.20   -0.38   -0.14   -0.40   -0.28   -0.04   -0.41   -0.31   -0.38   -0.43
       med   |   31.096 |   31.083 |   31.070 |   31.052 |   31.108 |   31.090 |   31.100 |   30.983 |   31.020 |   31.098 |   31.053 |   31.069
112    7     |   31.669 |   31.864 |   31.806 |   31.869 |   31.770 |   31.875 |   31.870 |   31.782 |   31.866 |   31.788 |   31.868 |   31.874 ||   +0.62   +0.43   +0.63   +0.32   +0.65   +0.64   +0.36   +0.62   +0.37   +0.63   +0.65
       med   |   32.090 |   32.009 |   31.999 |   31.980 |   32.154 |   32.015 |   32.029 |   31.925 |   31.956 |   32.020 |   31.996 |   31.984
128    8     |   30.108 |   29.943 |   29.950 |   29.935 |   30.108 |   29.939 |   29.928 |   30.088 |   29.937 |   29.934 |   29.940 |   29.937 ||   -0.55   -0.52   -0.57   +0.00   -0.56   -0.60   -0.07   -0.57   -0.58   -0.56   -0.57
       med   |   30.321 |   30.094 |   30.304 |   30.165 |   30.304 |   30.254 |   30.134 |   30.209 |   30.041 |   30.159 |   30.075 |   30.054
256    16    |   52.048 |   51.894 |   52.235 |   51.952 |   52.073 |   52.235 |   52.220 |   52.203 |   52.195 |   52.182 |   51.770 |   52.188 ||   -0.30   +0.36   -0.18   +0.05   +0.36   +0.33   +0.30   +0.28   +0.26   -0.53   +0.27
       med   |   52.767 |   52.698 |   52.671 |   52.733 |   52.703 |   52.767 |   52.646 |   52.639 |   52.554 |   52.787 |   52.626 |   52.628
512    32    |   95.249 |   94.455 |   94.671 |   94.451 |   94.508 |   94.451 |   94.462 |   94.886 |   94.330 |   94.673 |   94.740 |   94.458 ||   -0.83   -0.61   -0.84   -0.78   -0.84   -0.83   -0.38   -0.96   -0.60   -0.53   -0.83
       med   |   96.043 |   95.826 |   95.642 |   95.726 |   95.534 |   95.542 |   95.411 |   95.789 |   95.442 |   95.794 |   95.806 |   95.741
1024   64    |  180.396 |  179.944 |  179.496 |  179.640 |  179.875 |  179.691 |  179.683 |  179.638 |  179.812 |  179.893 |  179.744 |  178.827 ||   -0.25   -0.50   -0.42   -0.29   -0.39   -0.40   -0.42   -0.32   -0.28   -0.36   -0.87
       med   |  182.562 |  181.788 |  181.262 |  181.827 |  181.490 |  181.399 |  181.269 |  182.214 |  181.447 |  181.702 |  181.822 |  181.531
4096   256   |  695.043 |  692.341 |  692.159 |  692.281 |  691.245 |  691.960 |  691.622 |  692.432 |  692.077 |  692.307 |  691.938 |  692.002 ||   -0.39   -0.42   -0.40   -0.55   -0.44   -0.49   -0.38   -0.43   -0.39   -0.45   -0.44
       med   |  700.636 |  696.000 |  695.672 |  695.997 |  694.383 |  695.059 |  695.370 |  699.644 |  695.533 |  696.231 |  695.652 |  695.386
