## bin=binR host=gv3 core=3 reps=300 nproc=5
## O1: base baseAA w1 w1AA d5 d5AA d5r d5rAA w1r c3 d4 c5
## O2: base c5 d4 c3 w1r d5rAA d5r d5AA d5 w1AA w1 baseAA
## O3: base d5r d5rAA w1r c3 d4 c5 baseAA w1 w1AA d5 d5AA
=== process binR.order1.1
SELFCHECK OK (256 whole-block lengths 1..256 blk x 12 variants; out/Xi/ivec/ret byte-identical, nothing written past 16*nblk)
bytes  blks  |     base |   baseAA |       w1 |     w1AA |       d5 |     d5AA |      d5r |    d5rAA |      w1r |       c3 |       d4 |       c5 ||  baseAA%      w1%    w1AA%      d5%    d5AA%     d5r%   d5rAA%     w1r%      c3%      d4%      c5%
16     1     |   26.321 |   26.212 |   13.953 |   13.967 |   13.832 |   13.883 |   13.925 |   13.720 |   13.946 |   13.721 |   13.695 |   13.836 ||   -0.42  -46.99  -46.94  -47.45  -47.26  -47.10  -47.87  -47.02  -47.87  -47.97  -47.43
       med   |   26.552 |   26.819 |   14.107 |   14.105 |   14.090 |   14.098 |   14.098 |   14.021 |   14.094 |   14.060 |   14.035 |   14.158
32     2     |   26.472 |   26.471 |   15.305 |   15.305 |   15.207 |   15.239 |   15.212 |   15.272 |   15.308 |   15.251 |   15.241 |   15.292 ||   -0.00  -42.18  -42.18  -42.55  -42.43  -42.53  -42.31  -42.17  -42.39  -42.42  -42.23
       med   |   26.763 |   26.702 |   15.316 |   15.321 |   15.321 |   15.321 |   15.320 |   15.286 |   15.392 |   15.282 |   15.278 |   15.305
48     3     |   27.717 |   27.707 |   18.874 |   18.874 |   18.632 |   18.633 |   18.616 |   18.567 |   18.886 |   18.591 |   18.607 |   18.605 ||   -0.04  -31.91  -31.91  -32.78  -32.78  -32.84  -33.01  -31.86  -32.92  -32.87  -32.88
       med   |   28.144 |   27.978 |   19.019 |   19.165 |   18.889 |   18.915 |   18.951 |   18.823 |   19.309 |   18.676 |   18.688 |   18.922
64     4     |   28.934 |   28.883 |   23.132 |   23.127 |   22.572 |   22.581 |   22.579 |   22.672 |   23.124 |   22.609 |   22.622 |   22.586 ||   -0.17  -20.05  -20.07  -21.99  -21.95  -21.96  -21.64  -20.08  -21.86  -21.82  -21.94
       med   |   29.179 |   29.118 |   23.156 |   23.166 |   22.659 |   22.888 |   22.895 |   22.938 |   23.250 |   22.649 |   22.643 |   22.638
80     5     |   29.960 |   29.989 |   30.049 |   30.055 |   30.025 |   30.021 |   30.022 |   30.114 |   30.050 |   30.122 |   30.123 |   30.121 ||   +0.10   +0.30   +0.32   +0.22   +0.20   +0.21   +0.52   +0.30   +0.54   +0.54   +0.54
       med   |   30.175 |   30.289 |   30.287 |   30.271 |   30.363 |   30.323 |   30.310 |   30.264 |   30.270 |   30.342 |   30.262 |   30.252
96     6     |   30.902 |   30.868 |   30.873 |   30.866 |   30.886 |   30.879 |   30.871 |   30.824 |   30.868 |   30.829 |   30.665 |   30.829 ||   -0.11   -0.10   -0.12   -0.05   -0.07   -0.10   -0.25   -0.11   -0.24   -0.77   -0.24
       med   |   31.076 |   31.102 |   31.024 |   31.017 |   31.104 |   31.108 |   31.066 |   31.068 |   31.025 |   31.094 |   31.060 |   31.055
112    7     |   31.821 |   31.723 |   31.766 |   31.764 |   31.767 |   31.770 |   31.760 |   31.878 |   31.764 |   31.878 |   31.879 |   31.838 ||   -0.31   -0.17   -0.18   -0.17   -0.16   -0.19   +0.18   -0.18   +0.18   +0.18   +0.05
       med   |   32.334 |   32.136 |   32.214 |   32.191 |   32.323 |   32.410 |   32.307 |   32.358 |   32.202 |   32.357 |   32.304 |   32.034
128    8     |   30.113 |   30.036 |   30.044 |   30.111 |   30.124 |   30.101 |   30.116 |   29.944 |   30.099 |   29.934 |   29.933 |   29.932 ||   -0.26   -0.23   -0.01   +0.04   -0.04   +0.01   -0.56   -0.05   -0.59   -0.60   -0.60
       med   |   30.245 |   30.306 |   30.247 |   30.292 |   30.451 |   30.327 |   30.342 |   30.274 |   30.249 |   30.174 |   30.100 |   30.073
256    16    |   52.219 |   52.337 |   52.006 |   52.202 |   52.199 |   52.148 |   52.192 |   52.248 |   52.099 |   52.140 |   52.234 |   52.233 ||   +0.23   -0.41   -0.03   -0.04   -0.14   -0.05   +0.06   -0.23   -0.15   +0.03   +0.03
       med   |   52.779 |   52.951 |   52.579 |   52.640 |   52.586 |   52.565 |   52.649 |   53.038 |   52.499 |   52.859 |   52.641 |   52.603
512    32    |   95.112 |   95.301 |   94.555 |   93.627 |   94.220 |   93.504 |   94.060 |   94.764 |   94.941 |   94.549 |   94.540 |   94.378 ||   +0.20   -0.59   -1.56   -0.94   -1.69   -1.11   -0.37   -0.18   -0.59   -0.60   -0.77
       med   |   96.162 |   96.176 |   95.492 |   95.584 |   95.576 |   95.533 |   95.531 |   95.791 |   95.605 |   95.779 |   95.757 |   95.550
1024   64    |  179.639 |  180.939 |  179.712 |  180.000 |  179.915 |  179.910 |  179.942 |  178.886 |  179.948 |  179.621 |  179.719 |  179.688 ||   +0.72   +0.04   +0.20   +0.15   +0.15   +0.17   -0.42   +0.17   -0.01   +0.04   +0.03
       med   |  182.519 |  182.889 |  181.310 |  181.614 |  181.475 |  181.443 |  181.393 |  181.578 |  181.376 |  181.338 |  181.762 |  181.212
4096   256   |  694.713 |  694.308 |  690.135 |  690.851 |  690.519 |  689.788 |  690.331 |  692.231 |  690.198 |  692.554 |  692.353 |  690.216 ||   -0.06   -0.66   -0.56   -0.60   -0.71   -0.63   -0.36   -0.65   -0.31   -0.34   -0.65
       med   |  700.038 |  700.114 |  694.481 |  694.472 |  694.792 |  693.975 |  694.432 |  694.615 |  694.079 |  694.823 |  695.906 |  695.119
=== process binR.order1.2
SELFCHECK OK (256 whole-block lengths 1..256 blk x 12 variants; out/Xi/ivec/ret byte-identical, nothing written past 16*nblk)
bytes  blks  |     base |   baseAA |       w1 |     w1AA |       d5 |     d5AA |      d5r |    d5rAA |      w1r |       c3 |       d4 |       c5 ||  baseAA%      w1%    w1AA%      d5%    d5AA%     d5r%   d5rAA%     w1r%      c3%      d4%      c5%
16     1     |   26.261 |   26.166 |   14.018 |   13.951 |   13.838 |   13.879 |   13.910 |   13.714 |   13.872 |   13.688 |   13.698 |   13.835 ||   -0.36  -46.62  -46.88  -47.31  -47.15  -47.03  -47.78  -47.18  -47.88  -47.84  -47.32
       med   |   26.738 |   27.085 |   14.104 |   14.104 |   14.090 |   14.096 |   14.098 |   14.015 |   14.091 |   14.052 |   14.031 |   14.160
32     2     |   26.466 |   26.478 |   15.305 |   15.303 |   15.203 |   15.293 |   15.209 |   15.270 |   15.307 |   15.256 |   15.240 |   15.292 ||   +0.05  -42.17  -42.18  -42.56  -42.21  -42.53  -42.30  -42.16  -42.36  -42.42  -42.22
       med   |   26.761 |   26.659 |   15.317 |   15.324 |   15.325 |   15.325 |   15.321 |   15.286 |   15.394 |   15.282 |   15.278 |   15.306
48     3     |   27.777 |   27.717 |   18.901 |   18.901 |   18.627 |   18.631 |   18.636 |   18.572 |   18.932 |   18.622 |   18.646 |   18.602 ||   -0.22  -31.95  -31.96  -32.94  -32.93  -32.91  -33.14  -31.85  -32.96  -32.87  -33.03
       med   |   28.258 |   27.948 |   19.023 |   19.152 |   18.869 |   18.935 |   19.191 |   18.829 |   19.311 |   18.646 |   18.685 |   18.907
64     4     |   28.918 |   28.895 |   23.128 |   23.130 |   22.571 |   22.578 |   22.587 |   22.671 |   23.127 |   22.612 |   22.621 |   22.588 ||   -0.08  -20.02  -20.02  -21.95  -21.92  -21.89  -21.60  -20.03  -21.81  -21.78  -21.89
       med   |   29.218 |   29.099 |   23.159 |   23.241 |   22.661 |   22.887 |   22.906 |   22.936 |   23.425 |   22.643 |   22.644 |   22.805
80     5     |   29.955 |   29.989 |   30.043 |   30.050 |   30.001 |   30.029 |   30.037 |   30.099 |   30.003 |   30.112 |   30.111 |   30.114 ||   +0.11   +0.29   +0.32   +0.15   +0.25   +0.27   +0.48   +0.16   +0.52   +0.52   +0.53
       med   |   30.202 |   30.195 |   30.261 |   30.324 |   30.321 |   30.349 |   30.294 |   30.265 |   30.226 |   30.276 |   30.251 |   30.242
96     6     |   30.900 |   30.857 |   30.857 |   30.867 |   30.869 |   30.884 |   30.870 |   30.826 |   30.854 |   30.825 |   30.820 |   30.814 ||   -0.14   -0.14   -0.11   -0.10   -0.05   -0.10   -0.24   -0.15   -0.24   -0.26   -0.28
       med   |   31.087 |   31.063 |   31.028 |   31.038 |   31.045 |   31.068 |   31.039 |   31.094 |   31.026 |   31.091 |   31.057 |   31.063
112    7     |   31.833 |   31.656 |   31.742 |   31.750 |   31.765 |   31.763 |   31.661 |   31.864 |   31.655 |   31.884 |   31.878 |   31.791 ||   -0.55   -0.29   -0.26   -0.21   -0.22   -0.54   +0.10   -0.56   +0.16   +0.14   -0.13
       med   |   32.092 |   32.136 |   32.026 |   32.074 |   32.185 |   32.118 |   32.154 |   32.006 |   32.018 |   32.071 |   31.999 |   31.990
128    8     |   30.010 |   30.031 |   30.107 |   30.096 |   30.119 |   30.103 |   30.112 |   29.937 |   30.096 |   29.937 |   29.940 |   29.943 ||   +0.07   +0.32   +0.29   +0.36   +0.31   +0.34   -0.24   +0.28   -0.24   -0.23   -0.22
       med   |   30.224 |   30.280 |   30.253 |   30.351 |   30.446 |   30.326 |   30.336 |   30.161 |   30.238 |   30.179 |   30.148 |   30.074
256    16    |   52.134 |   52.382 |   52.155 |   52.012 |   52.196 |   52.081 |   52.063 |   52.220 |   52.168 |   52.064 |   52.241 |   52.233 ||   +0.47   +0.04   -0.23   +0.12   -0.10   -0.14   +0.16   +0.06   -0.14   +0.20   +0.19
       med   |   52.797 |   52.973 |   52.543 |   52.686 |   52.619 |   52.581 |   52.623 |   52.926 |   52.544 |   52.638 |   52.757 |   52.671
512    32    |   95.341 |   95.280 |   94.080 |   94.013 |   94.508 |   94.681 |   94.672 |   94.444 |   94.735 |   94.744 |   94.441 |   94.452 ||   -0.06   -1.32   -1.39   -0.87   -0.69   -0.70   -0.94   -0.64   -0.63   -0.94   -0.93
       med   |   96.187 |   96.254 |   95.402 |   95.647 |   95.546 |   95.909 |   95.546 |   95.808 |   95.584 |   95.763 |   95.739 |   95.620
1024   64    |  180.992 |  180.319 |  179.153 |  179.827 |  178.907 |  179.719 |  179.496 |  179.887 |  179.886 |  179.584 |  179.940 |  179.681 ||   -0.37   -1.02   -0.64   -1.15   -0.70   -0.83   -0.61   -0.61   -0.78   -0.58   -0.72
       med   |  182.755 |  182.827 |  181.425 |  181.703 |  181.413 |  181.596 |  181.483 |  181.719 |  181.446 |  181.414 |  181.925 |  181.359
4096   256   |  693.823 |  693.269 |  691.153 |  691.311 |  691.215 |  690.729 |  690.315 |  691.938 |  691.211 |  690.743 |  692.090 |  692.091 ||   -0.08   -0.38   -0.36   -0.38   -0.45   -0.51   -0.27   -0.38   -0.44   -0.25   -0.25
       med   |  699.898 |  699.596 |  694.353 |  694.444 |  694.769 |  693.953 |  694.154 |  694.724 |  694.120 |  694.992 |  695.880 |  694.976
=== process binR.order1.3
SELFCHECK OK (256 whole-block lengths 1..256 blk x 12 variants; out/Xi/ivec/ret byte-identical, nothing written past 16*nblk)
bytes  blks  |     base |   baseAA |       w1 |     w1AA |       d5 |     d5AA |      d5r |    d5rAA |      w1r |       c3 |       d4 |       c5 ||  baseAA%      w1%    w1AA%      d5%    d5AA%     d5r%   d5rAA%     w1r%      c3%      d4%      c5%
16     1     |   26.128 |   26.206 |   14.016 |   13.944 |   13.843 |   13.897 |   13.923 |   13.888 |   13.948 |   13.701 |   13.899 |   13.883 ||   +0.30  -46.36  -46.63  -47.02  -46.81  -46.71  -46.85  -46.62  -47.56  -46.81  -46.87
       med   |   26.690 |   27.096 |   14.107 |   14.100 |   14.095 |   14.096 |   14.096 |   14.014 |   14.094 |   14.052 |   14.040 |   14.162
32     2     |   26.446 |   26.467 |   15.300 |   15.306 |   15.209 |   15.200 |   15.208 |   15.271 |   15.307 |   15.252 |   15.231 |   15.285 ||   +0.08  -42.15  -42.12  -42.49  -42.53  -42.49  -42.26  -42.12  -42.33  -42.41  -42.20
       med   |   26.800 |   26.696 |   15.317 |   15.381 |   15.321 |   15.318 |   15.317 |   15.284 |   15.390 |   15.280 |   15.277 |   15.300
48     3     |   27.755 |   27.727 |   18.901 |   18.905 |   18.616 |   18.708 |   18.641 |   18.564 |   18.913 |   18.620 |   18.645 |   18.604 ||   -0.10  -31.90  -31.89  -32.93  -32.59  -32.84  -33.12  -31.86  -32.91  -32.82  -32.97
       med   |   28.320 |   27.960 |   19.021 |   19.110 |   18.842 |   18.939 |   18.949 |   18.732 |   19.230 |   18.647 |   18.681 |   18.894
64     4     |   28.931 |   28.888 |   23.131 |   23.130 |   22.578 |   22.573 |   22.578 |   22.670 |   23.129 |   22.612 |   22.621 |   22.576 ||   -0.15  -20.05  -20.05  -21.96  -21.98  -21.96  -21.64  -20.05  -21.84  -21.81  -21.97
       med   |   29.211 |   29.111 |   23.154 |   23.164 |   22.661 |   22.890 |   22.771 |   22.938 |   23.636 |   22.639 |   22.643 |   22.641
80     5     |   29.957 |   29.986 |   30.052 |   30.022 |   30.004 |   30.019 |   30.026 |   30.120 |   30.051 |   29.874 |   30.123 |   30.114 ||   +0.10   +0.32   +0.22   +0.16   +0.21   +0.23   +0.54   +0.31   -0.28   +0.55   +0.52
       med   |   30.177 |   30.218 |   30.265 |   30.267 |   30.340 |   30.320 |   30.304 |   30.251 |   30.226 |   30.325 |   30.258 |   30.246
96     6     |   30.892 |   30.899 |   30.833 |   30.872 |   30.859 |   30.828 |   30.870 |   30.836 |   30.864 |   30.821 |   30.831 |   30.831 ||   +0.02   -0.19   -0.07   -0.10   -0.21   -0.07   -0.18   -0.09   -0.23   -0.20   -0.20
       med   |   31.079 |   31.095 |   31.025 |   31.045 |   31.067 |   31.054 |   31.105 |   31.096 |   31.023 |   31.095 |   31.060 |   31.050
112    7     |   31.820 |   31.723 |   31.757 |   31.755 |   31.755 |   31.760 |   31.750 |   31.874 |   31.758 |   31.876 |   31.873 |   31.777 ||   -0.31   -0.20   -0.21   -0.20   -0.19   -0.22   +0.17   -0.20   +0.18   +0.17   -0.13
       med   |   32.132 |   32.143 |   32.087 |   32.111 |   32.245 |   32.197 |   32.265 |   32.260 |   32.097 |   32.270 |   32.023 |   32.014
128    8     |   30.098 |   30.043 |   30.102 |   30.072 |   30.050 |   30.100 |   30.058 |   29.926 |   30.104 |   29.933 |   29.930 |   29.944 ||   -0.18   +0.01   -0.09   -0.16   +0.01   -0.13   -0.57   +0.02   -0.55   -0.56   -0.51
       med   |   30.225 |   30.291 |   30.248 |   30.412 |   30.484 |   30.323 |   30.337 |   30.133 |   30.246 |   30.199 |   30.147 |   30.083
256    16    |   52.175 |   52.360 |   52.022 |   51.940 |   52.138 |   51.932 |   52.210 |   52.247 |   52.086 |   52.186 |   52.167 |   52.216 ||   +0.35   -0.29   -0.45   -0.07   -0.47   +0.07   +0.14   -0.17   +0.02   -0.01   +0.08
       med   |   52.793 |   52.933 |   52.607 |   52.581 |   52.638 |   52.563 |   52.687 |   52.968 |   52.523 |   52.719 |   52.699 |   52.674
512    32    |   94.932 |   95.390 |   94.711 |   94.627 |   94.760 |   93.902 |   94.307 |   94.590 |   94.827 |   94.655 |   94.646 |   94.455 ||   +0.48   -0.23   -0.32   -0.18   -1.09   -0.66   -0.36   -0.11   -0.29   -0.30   -0.50
       med   |   96.080 |   96.215 |   95.468 |   95.697 |   95.601 |   95.584 |   95.444 |   95.671 |   95.479 |   95.619 |   95.810 |   95.474
1024   64    |  179.845 |  180.132 |  178.125 |  179.546 |  179.547 |  179.282 |  179.864 |  179.679 |  178.815 |  179.684 |  179.768 |  179.668 ||   +0.16   -0.96   -0.17   -0.17   -0.31   +0.01   -0.09   -0.57   -0.09   -0.04   -0.10
       med   |  182.597 |  182.817 |  181.341 |  181.504 |  181.161 |  181.333 |  181.356 |  181.500 |  181.294 |  181.288 |  181.774 |  181.261
4096   256   |  694.542 |  692.894 |  684.822 |  690.220 |  690.905 |  689.884 |  690.477 |  691.787 |  690.131 |  692.227 |  692.133 |  692.346 ||   -0.24   -1.40   -0.62   -0.52   -0.67   -0.59   -0.40   -0.64   -0.33   -0.35   -0.32
       med   |  699.659 |  699.431 |  694.177 |  694.317 |  694.338 |  693.817 |  694.194 |  694.717 |  694.034 |  694.782 |  695.698 |  694.952
=== process binR.order1.4
SELFCHECK OK (256 whole-block lengths 1..256 blk x 12 variants; out/Xi/ivec/ret byte-identical, nothing written past 16*nblk)
bytes  blks  |     base |   baseAA |       w1 |     w1AA |       d5 |     d5AA |      d5r |    d5rAA |      w1r |       c3 |       d4 |       c5 ||  baseAA%      w1%    w1AA%      d5%    d5AA%     d5r%   d5rAA%     w1r%      c3%      d4%      c5%
16     1     |   26.126 |   26.173 |   13.956 |   13.960 |   13.873 |   13.881 |   13.925 |   13.890 |   13.946 |   13.800 |   13.696 |   13.926 ||   +0.18  -46.58  -46.57  -46.90  -46.87  -46.70  -46.83  -46.62  -47.18  -47.58  -46.70
       med   |   26.362 |   26.511 |   14.102 |   14.099 |   14.092 |   14.093 |   14.096 |   14.021 |   14.094 |   14.052 |   14.033 |   14.161
32     2     |   26.551 |   26.488 |   15.305 |   15.307 |   15.203 |   15.295 |   15.277 |   15.270 |   15.304 |   15.253 |   15.254 |   15.291 ||   -0.24  -42.36  -42.35  -42.74  -42.39  -42.46  -42.49  -42.36  -42.55  -42.55  -42.41
       med   |   26.810 |   26.693 |   15.316 |   15.318 |   15.320 |   15.319 |   15.316 |   15.284 |   15.390 |   15.280 |   15.277 |   15.328
48     3     |   27.764 |   27.710 |   18.880 |   18.929 |   18.627 |   18.633 |   18.627 |   18.566 |   18.871 |   18.604 |   18.610 |   18.609 ||   -0.20  -32.00  -31.82  -32.91  -32.89  -32.91  -33.13  -32.03  -32.99  -32.97  -32.98
       med   |   28.691 |   27.982 |   19.040 |   19.144 |   18.656 |   18.927 |   19.083 |   18.742 |   19.246 |   18.645 |   18.677 |   18.916
64     4     |   28.938 |   28.913 |   23.130 |   23.129 |   22.577 |   22.572 |   22.599 |   22.666 |   23.121 |   22.619 |   22.621 |   22.582 ||   -0.09  -20.07  -20.08  -21.98  -22.00  -21.91  -21.67  -20.10  -21.84  -21.83  -21.97
       med   |   29.280 |   29.121 |   23.157 |   23.157 |   22.657 |   22.648 |   22.891 |   22.940 |   23.633 |   22.640 |   22.649 |   22.632
80     5     |   29.953 |   29.989 |   30.050 |   30.053 |   30.050 |   30.034 |   30.028 |   30.119 |   30.050 |   30.103 |   30.109 |   30.114 ||   +0.12   +0.32   +0.33   +0.32   +0.27   +0.25   +0.55   +0.32   +0.50   +0.52   +0.54
       med   |   30.205 |   30.222 |   30.268 |   30.248 |   30.348 |   30.316 |   30.298 |   30.251 |   30.255 |   30.262 |   30.256 |   30.254
96     6     |   30.906 |   30.869 |   30.873 |   30.874 |   30.870 |   30.864 |   30.898 |   30.822 |   30.865 |   30.820 |   30.829 |   30.834 ||   -0.12   -0.11   -0.10   -0.12   -0.14   -0.03   -0.27   -0.13   -0.28   -0.25   -0.23
       med   |   31.086 |   31.096 |   31.032 |   31.030 |   31.083 |   31.061 |   31.062 |   31.083 |   30.908 |   31.082 |   31.060 |   31.064
112    7     |   32.017 |   31.739 |   31.792 |   31.785 |   32.006 |   32.100 |   32.033 |   31.961 |   31.786 |   31.891 |   31.893 |   31.901 ||   -0.87   -0.70   -0.72   -0.03   +0.26   +0.05   -0.17   -0.72   -0.39   -0.39   -0.36
       med   |   34.478 |   34.859 |   34.144 |   34.416 |   34.606 |   34.165 |   34.754 |   34.667 |   34.091 |   34.620 |   34.594 |   34.599
128    8     |   30.111 |   30.034 |   30.060 |   29.961 |   30.115 |   30.111 |   30.075 |   29.943 |   30.109 |   29.940 |   29.939 |   29.933 ||   -0.26   -0.17   -0.50   +0.01   +0.00   -0.12   -0.56   -0.01   -0.57   -0.57   -0.59
       med   |   30.242 |   30.284 |   30.253 |   30.400 |   30.438 |   30.326 |   30.355 |   30.273 |   30.233 |   30.143 |   30.143 |   30.097
256    16    |   52.241 |   52.411 |   52.123 |   51.941 |   52.059 |   52.142 |   52.045 |   52.262 |   52.049 |   51.684 |   52.225 |   52.219 ||   +0.33   -0.23   -0.57   -0.35   -0.19   -0.37   +0.04   -0.37   -1.07   -0.03   -0.04
       med   |   52.811 |   52.956 |   52.580 |   52.606 |   52.565 |   52.607 |   52.613 |   52.980 |   52.524 |   52.690 |   52.704 |   52.720
512    32    |   95.153 |   95.347 |   94.571 |   94.827 |   94.886 |   94.335 |   93.704 |   94.471 |   93.865 |   94.603 |   94.375 |   94.558 ||   +0.20   -0.61   -0.34   -0.28   -0.86   -1.52   -0.72   -1.35   -0.58   -0.82   -0.62
       med   |   96.019 |   96.193 |   95.532 |   95.766 |   95.580 |   95.607 |   95.513 |   96.014 |   95.462 |   95.626 |   95.860 |   95.657
1024   64    |  180.454 |  180.826 |  179.913 |  179.694 |  179.542 |  179.944 |  179.429 |  179.523 |  179.911 |  179.589 |  179.791 |  179.801 ||   +0.21   -0.30   -0.42   -0.51   -0.28   -0.57   -0.52   -0.30   -0.48   -0.37   -0.36
       med   |  182.450 |  182.953 |  181.455 |  181.626 |  181.343 |  181.464 |  181.326 |  181.527 |  181.335 |  181.357 |  181.852 |  181.328
4096   256   |  694.221 |  694.345 |  690.648 |  691.006 |  691.300 |  690.524 |  691.107 |  691.398 |  690.854 |  692.067 |  691.972 |  692.132 ||   +0.02   -0.51   -0.46   -0.42   -0.53   -0.45   -0.41   -0.48   -0.31   -0.32   -0.30
       med   |  700.095 |  700.342 |  694.508 |  694.389 |  694.990 |  693.946 |  694.385 |  694.816 |  694.865 |  695.187 |  696.012 |  695.389
=== process binR.order1.5
SELFCHECK OK (256 whole-block lengths 1..256 blk x 12 variants; out/Xi/ivec/ret byte-identical, nothing written past 16*nblk)
bytes  blks  |     base |   baseAA |       w1 |     w1AA |       d5 |     d5AA |      d5r |    d5rAA |      w1r |       c3 |       d4 |       c5 ||  baseAA%      w1%    w1AA%      d5%    d5AA%     d5r%   d5rAA%     w1r%      c3%      d4%      c5%
16     1     |   26.310 |   26.389 |   13.954 |   13.956 |   13.842 |   13.941 |   13.814 |   13.716 |   13.870 |   13.719 |   13.693 |   13.897 ||   +0.30  -46.96  -46.95  -47.39  -47.01  -47.49  -47.87  -47.28  -47.86  -47.95  -47.18
       med   |   26.547 |   26.856 |   14.101 |   14.104 |   14.094 |   14.096 |   14.092 |   14.007 |   14.091 |   14.057 |   14.040 |   14.163
32     2     |   26.458 |   26.464 |   15.304 |   15.304 |   15.209 |   15.209 |   15.272 |   15.272 |   15.309 |   15.254 |   15.240 |   15.289 ||   +0.02  -42.16  -42.16  -42.52  -42.52  -42.28  -42.28  -42.14  -42.35  -42.40  -42.21
       med   |   26.771 |   26.693 |   15.315 |   15.319 |   15.319 |   15.319 |   15.319 |   15.283 |   15.390 |   15.280 |   15.276 |   15.301
48     3     |   27.649 |   27.726 |   18.873 |   18.873 |   18.624 |   18.631 |   18.636 |   18.573 |   18.883 |   18.585 |   18.606 |   18.601 ||   +0.28  -31.74  -31.74  -32.64  -32.62  -32.60  -32.83  -31.70  -32.78  -32.71  -32.73
       med   |   28.190 |   27.976 |   19.019 |   19.030 |   18.861 |   18.933 |   18.934 |   18.739 |   19.228 |   18.642 |   18.679 |   18.624
64     4     |   28.928 |   28.888 |   23.133 |   23.133 |   22.576 |   22.581 |   22.578 |   22.670 |   23.122 |   22.614 |   22.628 |   22.584 ||   -0.14  -20.03  -20.03  -21.96  -21.94  -21.95  -21.64  -20.07  -21.83  -21.78  -21.93
       med   |   29.189 |   29.076 |   23.159 |   23.159 |   22.656 |   22.892 |   22.842 |   22.937 |   23.446 |   22.642 |   22.646 |   22.636
80     5     |   29.954 |   29.987 |   30.044 |   30.038 |   30.045 |   30.051 |   30.028 |   30.114 |   30.032 |   30.124 |   30.112 |   30.100 ||   +0.11   +0.30   +0.28   +0.30   +0.32   +0.25   +0.54   +0.26   +0.57   +0.53   +0.49
       med   |   30.231 |   30.255 |   30.269 |   30.271 |   30.284 |   30.320 |   30.288 |   30.335 |   30.236 |   30.342 |   30.240 |   30.244
96     6     |   30.917 |   30.900 |   30.862 |   30.865 |   30.877 |   30.868 |   30.913 |   30.836 |   30.864 |   30.817 |   30.819 |   30.824 ||   -0.05   -0.18   -0.17   -0.13   -0.16   -0.01   -0.26   -0.17   -0.32   -0.32   -0.30
       med   |   31.091 |   31.091 |   31.025 |   31.035 |   31.111 |   31.063 |   31.046 |   31.109 |   30.986 |   31.100 |   31.060 |   31.058
112    7     |   31.824 |   31.727 |   31.764 |   31.758 |   31.767 |   31.765 |   31.771 |   31.862 |   31.762 |   31.872 |   31.878 |   31.802 ||   -0.30   -0.19   -0.21   -0.18   -0.18   -0.17   +0.12   -0.20   +0.15   +0.17   -0.07
       med   |   32.286 |   32.211 |   32.154 |   32.242 |   32.256 |   32.431 |   32.288 |   32.361 |   32.178 |   32.362 |   32.271 |   32.044
128    8     |   30.097 |   30.028 |   30.044 |   30.044 |   30.006 |   30.107 |   30.106 |   29.943 |   30.099 |   29.941 |   29.933 |   29.940 ||   -0.23   -0.18   -0.18   -0.30   +0.03   +0.03   -0.51   +0.01   -0.52   -0.55   -0.52
       med   |   30.237 |   30.284 |   30.269 |   30.389 |   30.442 |   30.324 |   30.340 |   30.164 |   30.243 |   30.195 |   30.145 |   30.050
256    16    |   52.217 |   52.386 |   51.393 |   52.143 |   52.183 |   51.948 |   51.750 |   52.244 |   52.176 |   52.227 |   52.221 |   52.233 ||   +0.33   -1.58   -0.14   -0.06   -0.51   -0.89   +0.05   -0.08   +0.02   +0.01   +0.03
       med   |   52.832 |   52.915 |   52.626 |   52.603 |   52.620 |   52.562 |   52.619 |   52.898 |   52.519 |   52.756 |   52.614 |   52.620
512    32    |   94.993 |   95.294 |   94.302 |   93.941 |   93.928 |   94.922 |   93.679 |   93.817 |   94.058 |   94.488 |   94.601 |   94.672 ||   +0.32   -0.73   -1.11   -1.12   -0.07   -1.38   -1.24   -0.98   -0.53   -0.41   -0.34
       med   |   96.086 |   96.208 |   95.428 |   95.721 |   95.503 |   95.598 |   95.505 |   95.609 |   95.445 |   95.815 |   95.821 |   95.583
1024   64    |  180.212 |  181.024 |  179.545 |  179.910 |  179.896 |  179.323 |  179.403 |  179.823 |  179.380 |  179.730 |  179.606 |  179.623 ||   +0.45   -0.37   -0.17   -0.18   -0.49   -0.45   -0.22   -0.46   -0.27   -0.34   -0.33
       med   |  182.622 |  182.857 |  181.517 |  181.696 |  181.368 |  181.416 |  181.329 |  181.610 |  181.335 |  181.315 |  181.600 |  181.404
4096   256   |  694.367 |  694.560 |  691.185 |  689.775 |  690.678 |  690.817 |  691.188 |  692.097 |  690.649 |  691.891 |  692.130 |  691.710 ||   +0.03   -0.46   -0.66   -0.53   -0.51   -0.46   -0.33   -0.54   -0.36   -0.32   -0.38
       med   |  700.073 |  700.169 |  694.826 |  694.501 |  694.697 |  694.470 |  694.478 |  694.734 |  694.371 |  695.260 |  695.943 |  695.551
=== process binR.order2.1
SELFCHECK OK (256 whole-block lengths 1..256 blk x 12 variants; out/Xi/ivec/ret byte-identical, nothing written past 16*nblk)
bytes  blks  |     base |       c5 |       d4 |       c3 |      w1r |    d5rAA |      d5r |     d5AA |       d5 |     w1AA |       w1 |   baseAA ||      c5%      d4%      c3%     w1r%   d5rAA%     d5r%    d5AA%      d5%    w1AA%      w1%  baseAA%
16     1     |   26.321 |   13.870 |   13.965 |   13.942 |   13.867 |   13.709 |   13.931 |   13.896 |   13.693 |   13.880 |   13.928 |   26.237 ||  -47.30  -46.94  -47.03  -47.32  -47.91  -47.07  -47.21  -47.98  -47.27  -47.09   -0.32
       med   |   26.540 |   14.090 |   14.096 |   14.151 |   14.095 |   13.964 |   14.096 |   14.037 |   13.923 |   14.093 |   14.096 |   26.732
32     2     |   26.455 |   15.291 |   15.264 |   15.225 |   15.308 |   15.272 |   15.207 |   15.248 |   15.231 |   15.286 |   15.286 |   26.493 ||  -42.20  -42.30  -42.45  -42.14  -42.27  -42.52  -42.36  -42.43  -42.22  -42.22   +0.14
       med   |   26.693 |   15.330 |   15.343 |   15.304 |   15.405 |   15.288 |   15.325 |   15.286 |   15.283 |   15.305 |   15.304 |   26.642
48     3     |   27.622 |   18.600 |   18.613 |   18.624 |   18.888 |   18.571 |   18.604 |   18.571 |   18.577 |   18.990 |   18.993 |   27.725 ||  -32.66  -32.62  -32.58  -31.62  -32.77  -32.65  -32.77  -32.75  -31.25  -31.24   +0.37
       med   |   27.903 |   18.629 |   18.666 |   18.782 |   19.290 |   18.830 |   18.962 |   18.657 |   18.872 |   19.164 |   19.219 |   27.947
64     4     |   28.927 |   22.588 |   22.605 |   22.584 |   23.120 |   22.670 |   22.583 |   22.606 |   22.608 |   23.136 |   23.141 |   28.880 ||  -21.91  -21.86  -21.93  -20.07  -21.63  -21.93  -21.85  -21.84  -20.02  -20.00   -0.16
       med   |   29.037 |   22.814 |   22.891 |   22.671 |   23.161 |   22.932 |   22.874 |   22.628 |   22.925 |   23.164 |   23.169 |   29.070
80     5     |   29.944 |   30.108 |   30.041 |   30.047 |   30.042 |   30.111 |   30.051 |   30.108 |   30.098 |   30.102 |   30.111 |   29.986 ||   +0.55   +0.33   +0.34   +0.33   +0.56   +0.36   +0.55   +0.51   +0.53   +0.56   +0.14
       med   |   30.130 |   30.274 |   30.300 |   30.279 |   30.316 |   30.236 |   30.276 |   30.208 |   30.197 |   30.240 |   30.385 |   30.156
96     6     |   30.901 |   30.861 |   30.864 |   30.860 |   30.876 |   30.836 |   30.866 |   30.828 |   30.818 |   30.818 |   30.832 |   30.858 ||   -0.13   -0.12   -0.13   -0.08   -0.21   -0.11   -0.23   -0.27   -0.27   -0.22   -0.14
       med   |   31.078 |   31.102 |   31.032 |   31.036 |   31.089 |   31.060 |   31.017 |   31.048 |   30.904 |   31.060 |   31.154 |   30.978
112    7     |   31.832 |   31.881 |   31.773 |   31.772 |   31.784 |   31.883 |   31.764 |   31.865 |   31.874 |   31.871 |   31.875 |   31.700 ||   +0.15   -0.19   -0.19   -0.15   +0.16   -0.21   +0.11   +0.13   +0.12   +0.14   -0.41
       med   |   32.234 |   32.347 |   32.950 |   34.443 |   34.177 |   34.872 |   34.377 |   32.876 |   32.735 |   32.474 |   32.470 |   32.275
128    8     |   30.114 |   29.932 |   30.101 |   30.101 |   30.113 |   29.941 |   30.105 |   29.933 |   29.928 |   29.935 |   29.924 |   30.035 ||   -0.60   -0.04   -0.04   -0.00   -0.57   -0.03   -0.60   -0.62   -0.59   -0.63   -0.26
       med   |   30.344 |   30.204 |   30.267 |   30.297 |   30.388 |   30.241 |   30.276 |   30.053 |   29.983 |   30.152 |   30.359 |   30.154
256    16    |   52.276 |   51.850 |   51.829 |   51.938 |   52.183 |   51.895 |   51.691 |   52.027 |   52.134 |   52.033 |   52.249 |   52.416 ||   -0.81   -0.85   -0.65   -0.18   -0.73   -1.12   -0.48   -0.27   -0.46   -0.05   +0.27
       med   |   52.800 |   52.683 |   52.547 |   52.667 |   52.718 |   52.693 |   52.673 |   52.609 |   52.599 |   52.591 |   52.761 |   52.858
512    32    |   94.846 |   94.740 |   94.705 |   93.581 |   94.927 |   94.588 |   94.593 |   94.564 |   94.550 |   94.691 |   94.637 |   95.300 ||   -0.11   -0.15   -1.33   +0.08   -0.27   -0.27   -0.30   -0.31   -0.16   -0.22   +0.48
       med   |   96.062 |   95.864 |   95.505 |   95.390 |   95.666 |   95.738 |   95.528 |   95.576 |   95.322 |   95.767 |   95.743 |   96.177
1024   64    |  180.018 |  179.850 |  179.967 |  179.549 |  179.985 |  179.763 |  179.321 |  179.254 |  179.676 |  179.660 |  179.331 |  180.662 ||   -0.09   -0.03   -0.26   -0.02   -0.14   -0.39   -0.42   -0.19   -0.20   -0.38   +0.36
       med   |  182.545 |  181.804 |  181.418 |  181.145 |  181.583 |  181.655 |  181.280 |  181.656 |  180.932 |  181.619 |  181.628 |  183.022
4096   256   |  694.168 |  692.317 |  691.111 |  690.106 |  690.878 |  691.982 |  690.403 |  692.586 |  691.646 |  692.221 |  691.875 |  690.915 ||   -0.27   -0.44   -0.59   -0.47   -0.31   -0.54   -0.23   -0.36   -0.28   -0.33   -0.47
       med   |  700.241 |  695.774 |  694.607 |  694.293 |  694.245 |  695.172 |  694.221 |  696.186 |  694.572 |  695.799 |  695.197 |  698.234
=== process binR.order2.2
SELFCHECK OK (256 whole-block lengths 1..256 blk x 12 variants; out/Xi/ivec/ret byte-identical, nothing written past 16*nblk)
bytes  blks  |     base |       c5 |       d4 |       c3 |      w1r |    d5rAA |      d5r |     d5AA |       d5 |     w1AA |       w1 |   baseAA ||      c5%      d4%      c3%     w1r%   d5rAA%     d5r%    d5AA%      d5%    w1AA%      w1%  baseAA%
16     1     |   26.131 |   13.944 |   13.938 |   13.992 |   13.856 |   13.713 |   13.809 |   13.903 |   13.692 |   13.880 |   13.925 |   26.140 ||  -46.64  -46.66  -46.45  -46.97  -47.52  -47.15  -46.79  -47.60  -46.88  -46.71   +0.04
       med   |   26.375 |   13.971 |   14.095 |   14.146 |   14.092 |   13.956 |   14.094 |   14.039 |   13.913 |   14.090 |   14.092 |   26.415
32     2     |   26.458 |   15.295 |   15.192 |   15.217 |   15.306 |   15.257 |   15.205 |   15.272 |   15.234 |   15.285 |   15.284 |   26.495 ||  -42.19  -42.58  -42.49  -42.15  -42.33  -42.53  -42.28  -42.42  -42.23  -42.23   +0.14
       med   |   26.657 |   15.334 |   15.310 |   15.302 |   15.396 |   15.288 |   15.378 |   15.284 |   15.281 |   15.301 |   15.300 |   26.687
48     3     |   27.432 |   18.605 |   18.620 |   18.624 |   18.931 |   18.567 |   18.634 |   18.578 |   18.589 |   18.984 |   18.978 |   27.705 ||  -32.18  -32.12  -32.11  -30.99  -32.32  -32.07  -32.28  -32.24  -30.80  -30.82   +0.99
       med   |   28.001 |   18.726 |   18.672 |   18.652 |   19.247 |   18.907 |   18.945 |   18.644 |   18.888 |   19.162 |   19.218 |   27.943
64     4     |   28.912 |   22.582 |   22.610 |   22.589 |   23.122 |   22.670 |   22.591 |   22.597 |   22.610 |   23.133 |   23.137 |   28.885 ||  -21.89  -21.80  -21.87  -20.03  -21.59  -21.86  -21.84  -21.80  -19.99  -19.97   -0.09
       med   |   29.104 |   22.800 |   22.891 |   22.673 |   23.241 |   22.925 |   22.739 |   22.628 |   22.920 |   23.163 |   23.171 |   29.118
80     5     |   29.957 |   30.109 |   30.050 |   30.053 |   30.027 |   30.116 |   30.048 |   30.120 |   30.098 |   30.107 |   30.149 |   29.983 ||   +0.51   +0.31   +0.32   +0.23   +0.53   +0.30   +0.54   +0.47   +0.50   +0.64   +0.09
       med   |   30.190 |   30.269 |   30.291 |   30.271 |   30.308 |   30.255 |   30.234 |   30.251 |   30.262 |   30.238 |   30.394 |   30.169
96     6     |   30.903 |   30.817 |   30.873 |   30.873 |   30.873 |   30.821 |   30.858 |   30.825 |   30.816 |   30.818 |   30.836 |   30.857 ||   -0.28   -0.10   -0.10   -0.10   -0.26   -0.14   -0.25   -0.28   -0.28   -0.22   -0.15
       med   |   31.068 |   31.089 |   31.063 |   31.037 |   31.104 |   31.089 |   31.027 |   31.035 |   31.066 |   31.051 |   31.216 |   30.991
112    7     |   31.857 |   31.883 |   31.773 |   32.002 |   31.783 |   31.890 |   31.977 |   31.881 |   31.900 |   31.891 |   31.970 |   31.730 ||   +0.08   -0.26   +0.45   -0.23   +0.10   +0.38   +0.07   +0.13   +0.11   +0.35   -0.40
       med   |   34.511 |   34.691 |   34.055 |   34.128 |   34.148 |   34.564 |   34.129 |   34.565 |   34.594 |   34.647 |   35.199 |   34.768
128    8     |   30.113 |   29.932 |   30.109 |   30.103 |   30.108 |   29.941 |   30.110 |   29.926 |   29.932 |   29.624 |   29.958 |   30.033 ||   -0.60   -0.01   -0.03   -0.02   -0.57   -0.01   -0.62   -0.60   -1.62   -0.51   -0.27
       med   |   30.335 |   30.129 |   30.280 |   30.296 |   30.387 |   30.212 |   30.280 |   29.989 |   30.048 |   30.148 |   30.405 |   30.151
256    16    |   52.235 |   52.249 |   51.908 |   52.154 |   52.073 |   52.044 |   52.196 |   52.002 |   52.071 |   51.946 |   52.250 |   52.417 ||   +0.03   -0.63   -0.16   -0.31   -0.37   -0.08   -0.45   -0.32   -0.55   +0.03   +0.35
       med   |   52.797 |   52.689 |   52.591 |   52.666 |   52.667 |   52.703 |   52.660 |   52.577 |   52.601 |   52.632 |   52.888 |   52.898
512    32    |   95.027 |   94.532 |   94.035 |   94.109 |   94.484 |   94.672 |   94.755 |   94.437 |   94.475 |   94.441 |   94.601 |   95.190 ||   -0.52   -1.04   -0.97   -0.57   -0.37   -0.29   -0.62   -0.58   -0.62   -0.45   +0.17
       med   |   95.925 |   95.680 |   95.555 |   95.438 |   95.578 |   95.767 |   95.513 |   95.601 |   95.553 |   95.832 |   95.698 |   96.210
1024   64    |  179.549 |  179.421 |  179.864 |  178.952 |  179.816 |  179.976 |  179.445 |  179.738 |  179.870 |  179.581 |  179.347 |  180.946 ||   -0.07   +0.18   -0.33   +0.15   +0.24   -0.06   +0.10   +0.18   +0.02   -0.11   +0.78
       med   |  182.472 |  181.679 |  181.322 |  181.431 |  181.456 |  181.805 |  181.250 |  181.756 |  181.302 |  181.754 |  181.618 |  182.978
4096   256   |  694.346 |  690.918 |  690.646 |  690.894 |  691.285 |  691.174 |  690.457 |  691.850 |  691.430 |  691.838 |  691.908 |  693.159 ||   -0.49   -0.53   -0.50   -0.44   -0.46   -0.56   -0.36   -0.42   -0.36   -0.35   -0.17
       med   |  699.910 |  695.774 |  694.607 |  694.268 |  694.130 |  695.317 |  694.280 |  696.615 |  694.642 |  695.745 |  695.606 |  698.596
=== process binR.order2.3
SELFCHECK OK (256 whole-block lengths 1..256 blk x 12 variants; out/Xi/ivec/ret byte-identical, nothing written past 16*nblk)
bytes  blks  |     base |       c5 |       d4 |       c3 |      w1r |    d5rAA |      d5r |     d5AA |       d5 |     w1AA |       w1 |   baseAA ||      c5%      d4%      c3%     w1r%   d5rAA%     d5r%    d5AA%      d5%    w1AA%      w1%  baseAA%
16     1     |   26.296 |   13.867 |   13.867 |   13.989 |   13.871 |   13.709 |   13.795 |   13.896 |   13.694 |   13.863 |   13.921 |   26.204 ||  -47.27  -47.27  -46.80  -47.25  -47.87  -47.54  -47.16  -47.92  -47.28  -47.06   -0.35
       med   |   26.673 |   14.147 |   14.094 |   14.147 |   14.094 |   13.951 |   14.088 |   14.037 |   13.952 |   14.088 |   14.093 |   27.127
32     2     |   26.476 |   15.290 |   15.186 |   15.276 |   15.305 |   15.258 |   15.200 |   15.243 |   15.236 |   15.287 |   15.287 |   26.494 ||  -42.25  -42.64  -42.30  -42.19  -42.37  -42.59  -42.43  -42.45  -42.26  -42.26   +0.07
       med   |   26.708 |   15.332 |   15.349 |   15.302 |   15.390 |   15.290 |   15.378 |   15.284 |   15.284 |   15.299 |   15.299 |   26.644
48     3     |   27.447 |   18.605 |   18.643 |   18.620 |   18.921 |   18.569 |   18.631 |   18.619 |   18.622 |   19.025 |   19.048 |   27.727 ||  -32.22  -32.08  -32.16  -31.06  -32.35  -32.12  -32.17  -32.15  -30.69  -30.60   +1.02
       med   |   27.898 |   18.630 |   18.670 |   18.651 |   19.247 |   18.895 |   18.944 |   18.647 |   18.879 |   19.161 |   19.171 |   27.968
64     4     |   28.916 |   22.576 |   22.599 |   22.592 |   23.125 |   22.670 |   22.582 |   22.604 |   22.611 |   23.133 |   23.137 |   28.888 ||  -21.92  -21.85  -21.87  -20.03  -21.60  -21.91  -21.83  -21.80  -20.00  -19.99   -0.10
       med   |   29.065 |   22.636 |   22.890 |   22.673 |   23.154 |   22.930 |   22.834 |   22.628 |   22.920 |   23.163 |   23.196 |   29.117
80     5     |   29.956 |   30.102 |   30.048 |   30.040 |   30.012 |   30.125 |   30.039 |   30.110 |   30.089 |   30.118 |   30.133 |   29.991 ||   +0.49   +0.31   +0.28   +0.19   +0.57   +0.28   +0.51   +0.44   +0.54   +0.59   +0.11
       med   |   30.169 |   30.281 |   30.296 |   30.223 |   30.280 |   30.247 |   30.238 |   30.205 |   30.226 |   30.241 |   30.396 |   30.160
96     6     |   30.908 |   30.844 |   30.877 |   30.869 |   30.851 |   30.828 |   30.785 |   30.814 |   30.822 |   30.825 |   30.844 |   30.864 ||   -0.21   -0.10   -0.13   -0.19   -0.26   -0.40   -0.30   -0.28   -0.27   -0.21   -0.14
       med   |   31.068 |   31.083 |   31.037 |   31.027 |   31.100 |   31.062 |   31.029 |   31.056 |   31.007 |   31.050 |   31.225 |   30.984
112    7     |   31.631 |   31.865 |   31.758 |   31.755 |   31.759 |   31.876 |   31.761 |   31.871 |   31.877 |   31.871 |   31.893 |   31.709 ||   +0.74   +0.40   +0.39   +0.40   +0.78   +0.41   +0.76   +0.78   +0.76   +0.83   +0.25
       med   |   32.066 |   32.042 |   32.226 |   32.176 |   32.410 |   32.343 |   32.173 |   32.018 |   32.108 |   32.023 |   32.315 |   32.089
128    8     |   30.112 |   29.946 |   30.115 |   30.070 |   30.055 |   29.943 |   30.103 |   29.934 |   29.928 |   29.867 |   29.946 |   30.030 ||   -0.55   +0.01   -0.14   -0.19   -0.56   -0.03   -0.59   -0.61   -0.81   -0.55   -0.27
       med   |   30.307 |   30.136 |   30.414 |   30.254 |   30.378 |   30.212 |   30.260 |   30.067 |   29.985 |   30.129 |   30.391 |   30.151
256    16    |   52.177 |   52.216 |   52.046 |   52.172 |   52.202 |   52.213 |   52.027 |   52.133 |   52.011 |   52.220 |   52.105 |   52.475 ||   +0.07   -0.25   -0.01   +0.05   +0.07   -0.29   -0.08   -0.32   +0.08   -0.14   +0.57
       med   |   52.784 |   52.654 |   52.624 |   52.720 |   52.681 |   52.704 |   52.638 |   52.604 |   52.565 |   52.597 |   52.841 |   52.898
512    32    |   94.944 |   94.226 |   94.865 |   94.838 |   94.524 |   94.459 |   93.878 |   94.323 |   94.446 |   94.720 |   94.469 |   95.291 ||   -0.76   -0.08   -0.11   -0.44   -0.51   -1.12   -0.65   -0.52   -0.24   -0.50   +0.36
       med   |   96.031 |   95.837 |   95.534 |   95.467 |   95.652 |   95.819 |   95.465 |   95.631 |   95.369 |   95.668 |   95.643 |   96.124
1024   64    |  180.763 |  179.701 |  179.666 |  179.663 |  179.110 |  179.946 |  179.905 |  179.758 |  179.712 |  179.241 |  179.786 |  180.347 ||   -0.59   -0.61   -0.61   -0.91   -0.45   -0.47   -0.56   -0.58   -0.84   -0.54   -0.23
       med   |  182.547 |  181.674 |  181.490 |  181.343 |  181.451 |  181.706 |  181.307 |  181.671 |  181.018 |  181.679 |  181.656 |  182.738
4096   256   |  694.902 |  691.373 |  690.857 |  690.145 |  690.706 |  691.890 |  691.025 |  692.481 |  692.012 |  692.441 |  691.758 |  690.971 ||   -0.51   -0.58   -0.68   -0.60   -0.43   -0.56   -0.35   -0.42   -0.35   -0.45   -0.57
       med   |  700.139 |  696.098 |  694.106 |  694.510 |  694.380 |  694.770 |  694.609 |  696.176 |  694.826 |  696.246 |  695.332 |  698.109
=== process binR.order2.4
SELFCHECK OK (256 whole-block lengths 1..256 blk x 12 variants; out/Xi/ivec/ret byte-identical, nothing written past 16*nblk)
bytes  blks  |     base |       c5 |       d4 |       c3 |      w1r |    d5rAA |      d5r |     d5AA |       d5 |     w1AA |       w1 |   baseAA ||      c5%      d4%      c3%     w1r%   d5rAA%     d5r%    d5AA%      d5%    w1AA%      w1%  baseAA%
16     1     |   26.235 |   13.893 |   14.056 |   13.987 |   13.861 |   13.711 |   13.910 |   13.889 |   13.688 |   13.848 |   13.924 |   26.280 ||  -47.04  -46.42  -46.69  -47.17  -47.74  -46.98  -47.06  -47.83  -47.21  -46.93   +0.17
       med   |   26.693 |   13.968 |   14.099 |   14.154 |   14.091 |   13.964 |   14.096 |   14.043 |   13.905 |   14.091 |   14.076 |   27.079
32     2     |   26.456 |   15.288 |   15.264 |   15.274 |   15.301 |   15.274 |   15.204 |   15.271 |   15.230 |   15.286 |   15.286 |   26.492 ||  -42.21  -42.30  -42.27  -42.16  -42.27  -42.53  -42.28  -42.43  -42.22  -42.22   +0.14
       med   |   26.713 |   15.332 |   15.345 |   15.302 |   15.391 |   15.289 |   15.319 |   15.283 |   15.279 |   15.300 |   15.298 |   26.646
48     3     |   27.763 |   18.603 |   18.644 |   18.630 |   18.927 |   18.569 |   18.641 |   18.624 |   18.623 |   19.019 |   19.034 |   27.715 ||  -32.99  -32.85  -32.90  -31.83  -33.12  -32.86  -32.92  -32.92  -31.49  -31.44   -0.17
       med   |   28.010 |   18.624 |   18.667 |   18.650 |   19.244 |   18.909 |   18.935 |   18.646 |   18.887 |   19.163 |   19.229 |   27.964
64     4     |   28.913 |   22.581 |   22.606 |   22.580 |   23.123 |   22.670 |   22.575 |   22.603 |   22.612 |   23.138 |   23.133 |   28.895 ||  -21.90  -21.81  -21.90  -20.03  -21.59  -21.92  -21.82  -21.79  -19.97  -19.99   -0.06
       med   |   29.072 |   22.685 |   22.891 |   22.668 |   23.188 |   22.928 |   22.725 |   22.629 |   22.929 |   23.167 |   23.173 |   29.065
80     5     |   29.939 |   30.113 |   30.017 |   30.049 |   30.004 |   30.123 |   30.050 |   30.104 |   30.104 |   30.117 |   30.108 |   29.981 ||   +0.58   +0.26   +0.37   +0.22   +0.61   +0.37   +0.55   +0.55   +0.59   +0.56   +0.14
       med   |   30.165 |   30.254 |   30.298 |   30.285 |   30.330 |   30.353 |   30.294 |   30.190 |   30.258 |   30.235 |   30.382 |   30.138
96     6     |   30.906 |   30.830 |   30.867 |   30.875 |   30.891 |   30.827 |   30.851 |   30.830 |   30.836 |   30.829 |   30.838 |   30.860 ||   -0.24   -0.13   -0.10   -0.05   -0.25   -0.18   -0.25   -0.23   -0.25   -0.22   -0.15
       med   |   31.063 |   31.095 |   31.043 |   31.031 |   31.111 |   31.057 |   31.026 |   31.048 |   31.064 |   31.059 |   31.216 |   31.001
112    7     |   31.795 |   31.872 |   31.760 |   31.758 |   31.774 |   31.874 |   31.639 |   31.868 |   31.871 |   31.871 |   31.877 |   31.706 ||   +0.24   -0.11   -0.12   -0.07   +0.25   -0.49   +0.23   +0.24   +0.24   +0.26   -0.28
       med   |   32.020 |   32.039 |   32.195 |   32.118 |   32.267 |   32.035 |   32.150 |   31.991 |   32.008 |   32.108 |   32.054 |   31.988
128    8     |   30.111 |   29.937 |   30.100 |   30.052 |   30.105 |   29.944 |   30.105 |   29.859 |   29.928 |   29.937 |   29.948 |   30.020 ||   -0.58   -0.04   -0.20   -0.02   -0.55   -0.02   -0.84   -0.61   -0.58   -0.54   -0.30
       med   |   30.341 |   30.187 |   30.430 |   30.293 |   30.375 |   30.246 |   30.362 |   30.053 |   30.100 |   30.144 |   30.378 |   30.143
256    16    |   52.143 |   52.230 |   52.145 |   51.861 |   52.166 |   52.240 |   52.191 |   52.230 |   52.223 |   52.178 |   52.244 |   52.382 ||   +0.17   +0.00   -0.54   +0.05   +0.19   +0.09   +0.17   +0.15   +0.07   +0.19   +0.46
       med   |   52.834 |   52.682 |   52.601 |   52.650 |   52.623 |   52.719 |   52.647 |   52.642 |   52.570 |   52.654 |   52.895 |   52.873
512    32    |   94.896 |   94.746 |   94.296 |   94.205 |   94.989 |   94.169 |   94.256 |   94.490 |   94.440 |   94.519 |   94.468 |   95.414 ||   -0.16   -0.63   -0.73   +0.10   -0.77   -0.67   -0.43   -0.48   -0.40   -0.45   +0.55
       med   |   96.023 |   95.738 |   95.545 |   95.530 |   95.617 |   95.593 |   95.491 |   95.667 |   95.249 |   95.798 |   95.896 |   96.117
1024   64    |  180.213 |  179.525 |  179.300 |  179.406 |  179.050 |  179.727 |  179.460 |  179.808 |  179.065 |  179.975 |  179.678 |  180.762 ||   -0.38   -0.51   -0.45   -0.65   -0.27   -0.42   -0.22   -0.64   -0.13   -0.30   +0.30
       med   |  182.571 |  181.664 |  181.342 |  181.337 |  181.370 |  181.657 |  181.345 |  181.663 |  180.778 |  181.756 |  181.794 |  182.814
4096   256   |  694.586 |  692.303 |  690.279 |  691.251 |  690.376 |  691.803 |  690.431 |  692.255 |  691.064 |  691.965 |  691.785 |  691.035 ||   -0.33   -0.62   -0.48   -0.61   -0.40   -0.60   -0.34   -0.51   -0.38   -0.40   -0.51
       med   |  700.343 |  696.750 |  694.136 |  694.508 |  694.521 |  695.392 |  694.486 |  696.262 |  694.863 |  696.024 |  695.956 |  698.629
=== process binR.order2.5
SELFCHECK OK (256 whole-block lengths 1..256 blk x 12 variants; out/Xi/ivec/ret byte-identical, nothing written past 16*nblk)
bytes  blks  |     base |       c5 |       d4 |       c3 |      w1r |    d5rAA |      d5r |     d5AA |       d5 |     w1AA |       w1 |   baseAA ||      c5%      d4%      c3%     w1r%   d5rAA%     d5r%    d5AA%      d5%    w1AA%      w1%  baseAA%
16     1     |   26.127 |   13.839 |   13.935 |   14.052 |   13.862 |   13.719 |   13.922 |   13.907 |   13.694 |   13.857 |   13.927 |   26.137 ||  -47.03  -46.66  -46.21  -46.94  -47.49  -46.71  -46.77  -47.59  -46.96  -46.69   +0.04
       med   |   26.462 |   14.152 |   14.100 |   14.151 |   14.097 |   13.953 |   14.092 |   14.045 |   13.960 |   14.099 |   14.093 |   26.399
32     2     |   26.534 |   15.292 |   15.264 |   15.221 |   15.306 |   15.261 |   15.203 |   15.236 |   15.238 |   15.287 |   15.283 |   26.493 ||  -42.37  -42.47  -42.63  -42.32  -42.48  -42.70  -42.58  -42.57  -42.39  -42.40   -0.15
       med   |   26.717 |   15.332 |   15.348 |   15.303 |   15.397 |   15.289 |   15.370 |   15.286 |   15.287 |   15.303 |   15.302 |   26.641
48     3     |   27.434 |   18.603 |   18.622 |   18.621 |   18.875 |   18.570 |   18.605 |   18.576 |   18.577 |   18.985 |   18.986 |   27.704 ||  -32.19  -32.12  -32.13  -31.20  -32.31  -32.18  -32.29  -32.28  -30.80  -30.79   +0.98
       med   |   27.908 |   18.684 |   18.673 |   18.656 |   19.249 |   18.907 |   18.945 |   18.657 |   18.753 |   19.162 |   19.179 |   28.004
64     4     |   28.917 |   22.586 |   22.597 |   22.588 |   23.118 |   22.667 |   22.582 |   22.610 |   22.606 |   23.131 |   23.137 |   28.891 ||  -21.89  -21.85  -21.89  -20.05  -21.61  -21.91  -21.81  -21.82  -20.01  -19.99   -0.09
       med   |   29.065 |   22.801 |   22.887 |   22.672 |   23.183 |   22.921 |   22.822 |   22.629 |   22.925 |   23.166 |   23.168 |   29.115
80     5     |   29.956 |   30.120 |   30.011 |   30.045 |   30.046 |   30.125 |   30.045 |   30.099 |   30.103 |   30.114 |   30.118 |   29.986 ||   +0.55   +0.18   +0.30   +0.30   +0.57   +0.30   +0.48   +0.49   +0.53   +0.54   +0.10
       med   |   30.168 |   30.282 |   30.272 |   30.248 |   30.335 |   30.268 |   30.236 |   30.174 |   30.254 |   30.249 |   30.392 |   30.165
96     6     |   30.909 |   30.830 |   30.856 |   30.852 |   30.883 |   30.829 |   30.882 |   30.827 |   30.828 |   30.833 |   30.889 |   30.859 ||   -0.25   -0.17   -0.18   -0.08   -0.26   -0.09   -0.27   -0.26   -0.24   -0.06   -0.16
       med   |   31.064 |   31.089 |   31.034 |   31.037 |   31.096 |   31.069 |   31.043 |   31.036 |   31.064 |   31.063 |   31.225 |   30.980
112    7     |   31.839 |   31.885 |   31.774 |   31.781 |   32.015 |   32.003 |   32.019 |   31.886 |   32.163 |   31.977 |   32.000 |   31.716 ||   +0.14   -0.21   -0.18   +0.55   +0.51   +0.56   +0.15   +1.02   +0.43   +0.50   -0.39
       med   |   34.441 |   34.620 |   34.114 |   34.164 |   34.118 |   34.632 |   34.224 |   34.577 |   34.585 |   34.694 |   35.277 |   34.759
128    8     |   30.110 |   29.934 |   30.114 |   30.091 |   30.116 |   29.942 |   30.103 |   29.933 |   29.928 |   29.935 |   29.937 |   30.029 ||   -0.59   +0.01   -0.06   +0.02   -0.56   -0.02   -0.59   -0.60   -0.58   -0.58   -0.27
       med   |   30.333 |   30.140 |   30.442 |   30.298 |   30.399 |   30.247 |   30.308 |   30.057 |   30.044 |   30.138 |   30.339 |   30.155
256    16    |   52.309 |   52.171 |   52.134 |   52.171 |   52.010 |   52.244 |   52.183 |   52.194 |   52.213 |   52.226 |   52.254 |   52.375 ||   -0.26   -0.33   -0.26   -0.57   -0.12   -0.24   -0.22   -0.18   -0.16   -0.11   +0.13
       med   |   52.826 |   52.688 |   52.608 |   52.697 |   52.660 |   52.739 |   52.597 |   52.606 |   52.596 |   52.688 |   52.859 |   52.859
512    32    |   94.759 |   94.419 |   94.691 |   94.489 |   94.509 |   94.795 |   94.362 |   94.358 |   94.153 |   94.748 |   94.469 |   95.284 ||   -0.36   -0.07   -0.29   -0.26   +0.04   -0.42   -0.42   -0.64   -0.01   -0.31   +0.55
       med   |   96.018 |   95.817 |   95.617 |   95.468 |   95.621 |   95.590 |   95.525 |   95.662 |   95.377 |   95.736 |   95.723 |   96.253
1024   64    |  179.757 |  179.286 |  179.728 |  179.714 |  180.024 |  179.908 |  179.158 |  179.726 |  179.857 |  179.888 |  179.363 |  180.373 ||   -0.26   -0.02   -0.02   +0.15   +0.08   -0.33   -0.02   +0.06   +0.07   -0.22   +0.34
       med   |  182.521 |  181.819 |  181.426 |  181.292 |  181.627 |  181.706 |  181.417 |  181.617 |  181.237 |  181.624 |  181.476 |  182.832
4096   256   |  694.366 |  691.422 |  690.459 |  690.551 |  689.491 |  692.170 |  690.571 |  692.702 |  691.248 |  692.193 |  692.392 |  692.525 ||   -0.42   -0.56   -0.55   -0.70   -0.32   -0.55   -0.24   -0.45   -0.31   -0.28   -0.27
       med   |  700.450 |  696.178 |  694.022 |  694.889 |  694.423 |  695.551 |  694.528 |  696.213 |  695.010 |  695.705 |  695.697 |  698.240
=== process binR.order3.1
SELFCHECK OK (256 whole-block lengths 1..256 blk x 12 variants; out/Xi/ivec/ret byte-identical, nothing written past 16*nblk)
bytes  blks  |     base |      d5r |    d5rAA |      w1r |       c3 |       d4 |       c5 |   baseAA |       w1 |     w1AA |       d5 |     d5AA ||     d5r%   d5rAA%     w1r%      c3%      d4%      c5%  baseAA%      w1%    w1AA%      d5%    d5AA%
16     1     |   26.273 |   13.718 |   13.801 |   13.875 |   13.943 |   13.883 |   13.895 |   26.429 |   13.967 |   13.957 |   13.830 |   14.058 ||  -47.79  -47.47  -47.19  -46.93  -47.16  -47.11   +0.59  -46.84  -46.88  -47.36  -46.49
       med   |   26.691 |   14.066 |   14.097 |   14.080 |   14.159 |   14.098 |   14.037 |   27.114 |   14.100 |   14.088 |   14.092 |   14.098
32     2     |   26.593 |   15.276 |   15.201 |   15.287 |   15.221 |   15.183 |   15.270 |   26.513 |   15.314 |   15.319 |   15.205 |   15.315 ||  -42.56  -42.84  -42.51  -42.76  -42.91  -42.58   -0.30  -42.41  -42.39  -42.82  -42.41
       med   |   26.802 |   15.289 |   15.323 |   15.392 |   15.313 |   15.322 |   15.286 |   26.609 |   15.391 |   15.403 |   15.325 |   15.325
48     3     |   27.646 |   18.594 |   18.679 |   19.134 |   18.677 |   18.693 |   18.626 |   27.688 |   19.002 |   19.006 |   18.719 |   18.719 ||  -32.74  -32.43  -30.79  -32.44  -32.38  -32.63   +0.15  -31.27  -31.25  -32.29  -32.29
       med   |   28.299 |   18.948 |   19.291 |   19.200 |   18.868 |   18.822 |   18.687 |   27.823 |   19.071 |   19.378 |   18.902 |   18.985
64     4     |   28.971 |   22.785 |   22.686 |   23.180 |   22.691 |   22.714 |   22.587 |   28.941 |   23.215 |   23.220 |   22.674 |   22.686 ||  -21.35  -21.70  -19.99  -21.68  -21.60  -22.04   -0.10  -19.87  -19.85  -21.74  -21.69
       med   |   29.261 |   22.813 |   22.804 |   23.488 |   22.756 |   22.766 |   22.612 |   29.171 |   23.243 |   23.246 |   22.720 |   23.006
80     5     |   29.994 |   30.143 |   30.066 |   30.132 |   30.074 |   30.061 |   30.066 |   29.992 |   30.063 |   30.068 |   30.060 |   30.062 ||   +0.50   +0.24   +0.46   +0.27   +0.22   +0.24   -0.00   +0.23   +0.25   +0.22   +0.23
       med   |   30.254 |   30.326 |   30.343 |   30.302 |   30.334 |   30.285 |   30.301 |   30.229 |   30.297 |   30.348 |   30.326 |   30.294
96     6     |   31.035 |   31.072 |   31.041 |   31.106 |   30.984 |   31.013 |   31.003 |   31.006 |   31.006 |   30.971 |   31.018 |   31.011 ||   +0.12   +0.02   +0.23   -0.16   -0.07   -0.10   -0.09   -0.09   -0.20   -0.05   -0.08
       med   |   31.249 |   31.283 |   31.304 |   31.286 |   31.296 |   31.278 |   31.295 |   31.200 |   31.260 |   31.303 |   31.299 |   31.289
112    7     |   31.887 |   32.000 |   31.929 |   32.000 |   31.945 |   31.932 |   31.929 |   31.861 |   31.884 |   31.937 |   31.942 |   31.948 ||   +0.35   +0.13   +0.35   +0.18   +0.14   +0.13   -0.08   -0.01   +0.15   +0.17   +0.19
       med   |   34.721 |   34.841 |   33.849 |   34.847 |   34.340 |   34.377 |   34.375 |   35.021 |   34.357 |   34.408 |   34.438 |   34.486
128    8     |   30.208 |   30.153 |   30.242 |   30.138 |   30.244 |   30.240 |   30.247 |   30.142 |   30.243 |   30.252 |   30.226 |   30.244 ||   -0.18   +0.11   -0.23   +0.12   +0.10   +0.13   -0.22   +0.11   +0.14   +0.06   +0.12
       med   |   30.466 |   30.282 |   30.571 |   30.220 |   30.582 |   30.548 |   30.554 |   30.272 |   30.538 |   30.553 |   30.581 |   30.548
256    16    |   52.351 |   52.256 |   52.048 |   52.235 |   52.255 |   52.086 |   52.263 |   52.553 |   52.154 |   52.177 |   51.986 |   52.133 ||   -0.18   -0.58   -0.22   -0.18   -0.51   -0.17   +0.39   -0.38   -0.33   -0.70   -0.42
       med   |   52.872 |   52.936 |   52.815 |   52.920 |   52.955 |   52.806 |   52.866 |   53.037 |   52.813 |   52.824 |   52.906 |   52.892
512    32    |   95.262 |   95.017 |   94.865 |   94.616 |   94.904 |   94.951 |   95.023 |   95.331 |   94.653 |   94.733 |   93.931 |   95.039 ||   -0.26   -0.42   -0.68   -0.38   -0.33   -0.25   +0.07   -0.64   -0.56   -1.40   -0.23
       med   |   96.192 |   95.950 |   95.780 |   95.810 |   95.732 |   95.728 |   95.716 |   96.149 |   95.541 |   95.908 |   95.598 |   95.807
1024   64    |  179.881 |  179.864 |  179.858 |  179.929 |  180.096 |  179.643 |  179.762 |  180.637 |  179.844 |  179.875 |  179.304 |  179.925 ||   -0.01   -0.01   +0.03   +0.12   -0.13   -0.07   +0.42   -0.02   -0.00   -0.32   +0.02
       med   |  182.582 |  181.956 |  181.522 |  181.850 |  181.471 |  181.394 |  181.487 |  182.834 |  181.466 |  181.696 |  181.458 |  181.524
4096   256   |  693.914 |  692.267 |  689.795 |  691.465 |  691.066 |  690.267 |  691.309 |  693.354 |  690.835 |  690.541 |  690.775 |  690.836 ||   -0.24   -0.59   -0.35   -0.41   -0.53   -0.38   -0.08   -0.44   -0.49   -0.45   -0.44
       med   |  700.669 |  696.511 |  694.237 |  695.514 |  694.535 |  693.885 |  694.346 |  699.746 |  693.833 |  696.264 |  694.328 |  694.372
=== process binR.order3.2
SELFCHECK OK (256 whole-block lengths 1..256 blk x 12 variants; out/Xi/ivec/ret byte-identical, nothing written past 16*nblk)
bytes  blks  |     base |      d5r |    d5rAA |      w1r |       c3 |       d4 |       c5 |   baseAA |       w1 |     w1AA |       d5 |     d5AA ||     d5r%   d5rAA%     w1r%      c3%      d4%      c5%  baseAA%      w1%    w1AA%      d5%    d5AA%
16     1     |   26.324 |   13.716 |   13.792 |   13.871 |   13.942 |   13.919 |   13.834 |   26.412 |   13.949 |   13.949 |   13.930 |   13.959 ||  -47.90  -47.61  -47.31  -47.04  -47.13  -47.45   +0.33  -47.01  -47.01  -47.08  -46.97
       med   |   26.532 |   14.018 |   14.096 |   14.077 |   14.153 |   14.099 |   14.038 |   26.730 |   14.105 |   14.093 |   14.099 |   14.100
32     2     |   26.537 |   15.272 |   15.205 |   15.285 |   15.218 |   15.181 |   15.266 |   26.465 |   15.304 |   15.309 |   15.206 |   15.306 ||  -42.45  -42.70  -42.40  -42.65  -42.79  -42.47   -0.27  -42.33  -42.31  -42.70  -42.32
       med   |   26.761 |   15.284 |   15.317 |   15.328 |   15.303 |   15.308 |   15.282 |   26.563 |   15.323 |   15.392 |   15.319 |   15.318
48     3     |   27.786 |   18.568 |   18.636 |   19.014 |   18.627 |   18.639 |   18.602 |   27.704 |   18.876 |   18.949 |   18.633 |   18.633 ||  -33.17  -32.93  -31.57  -32.96  -32.92  -33.05   -0.30  -32.07  -31.80  -32.94  -32.94
       med   |   28.021 |   18.904 |   18.978 |   19.166 |   18.828 |   18.771 |   18.631 |   27.786 |   19.018 |   19.312 |   18.858 |   18.908
64     4     |   28.940 |   22.666 |   22.573 |   23.132 |   22.590 |   22.603 |   22.521 |   28.889 |   23.123 |   23.129 |   22.575 |   22.581 ||  -21.68  -22.00  -20.07  -21.94  -21.90  -22.18   -0.17  -20.10  -20.08  -21.99  -21.97
       med   |   29.092 |   22.691 |   22.875 |   23.161 |   22.759 |   22.790 |   22.552 |   28.983 |   23.155 |   23.154 |   22.654 |   22.889
80     5     |   29.965 |   30.114 |   30.024 |   30.121 |   30.058 |   30.028 |   30.052 |   29.982 |   30.047 |   30.051 |   30.050 |   30.041 ||   +0.50   +0.20   +0.52   +0.31   +0.21   +0.29   +0.06   +0.27   +0.29   +0.28   +0.25
       med   |   30.168 |   30.271 |   30.300 |   30.254 |   30.298 |   30.315 |   30.299 |   30.158 |   30.140 |   30.320 |   30.292 |   30.301
96     6     |   30.905 |   30.836 |   30.859 |   30.818 |   30.868 |   30.861 |   30.872 |   30.865 |   30.864 |   30.882 |   30.862 |   30.874 ||   -0.22   -0.15   -0.28   -0.12   -0.14   -0.11   -0.13   -0.13   -0.07   -0.14   -0.10
       med   |   31.075 |   31.093 |   31.033 |   31.080 |   31.042 |   31.036 |   31.055 |   30.987 |   31.023 |   31.057 |   31.047 |   31.025
112    7     |   31.832 |   31.881 |   31.770 |   31.874 |   31.769 |   31.765 |   31.766 |   31.683 |   31.760 |   31.767 |   31.763 |   31.769 ||   +0.15   -0.19   +0.13   -0.20   -0.21   -0.21   -0.47   -0.23   -0.20   -0.22   -0.20
       med   |   34.158 |   34.863 |   33.617 |   34.892 |   34.474 |   34.477 |   34.504 |   34.955 |   34.471 |   34.317 |   34.484 |   34.432
128    8     |   30.110 |   29.934 |   30.096 |   29.926 |   30.016 |   30.107 |   30.008 |   30.036 |   30.100 |   30.094 |   30.100 |   30.109 ||   -0.58   -0.05   -0.61   -0.31   -0.01   -0.34   -0.24   -0.03   -0.05   -0.03   -0.00
       med   |   30.337 |   30.152 |   30.375 |   30.151 |   30.320 |   30.303 |   30.262 |   30.160 |   30.255 |   30.326 |   30.302 |   30.314
256    16    |   52.057 |   52.228 |   51.904 |   52.225 |   52.195 |   52.123 |   52.169 |   52.399 |   52.124 |   51.962 |   51.940 |   52.111 ||   +0.33   -0.29   +0.32   +0.27   +0.13   +0.22   +0.66   +0.13   -0.18   -0.22   +0.10
       med   |   52.752 |   52.684 |   52.583 |   52.670 |   52.751 |   52.596 |   52.658 |   52.879 |   52.513 |   52.601 |   52.715 |   52.671
512    32    |   94.877 |   94.267 |   94.798 |   94.739 |   93.883 |   93.691 |   94.598 |   94.927 |   93.912 |   94.098 |   93.798 |   94.880 ||   -0.64   -0.08   -0.15   -1.05   -1.25   -0.29   +0.05   -1.02   -0.82   -1.14   +0.00
       med   |   96.199 |   95.761 |   95.660 |   95.832 |   95.515 |   95.497 |   95.508 |   96.194 |   95.303 |   95.596 |   95.468 |   95.732
1024   64    |  180.499 |  179.660 |  179.619 |  179.765 |  179.684 |  178.910 |  179.986 |  180.653 |  179.405 |  179.031 |  179.613 |  178.762 ||   -0.47   -0.49   -0.41   -0.45   -0.88   -0.28   +0.09   -0.61   -0.81   -0.49   -0.96
       med   |  182.466 |  181.768 |  181.490 |  181.628 |  181.412 |  181.332 |  181.559 |  182.660 |  181.207 |  181.483 |  181.268 |  181.428
4096   256   |  694.509 |  692.271 |  690.488 |  691.961 |  690.420 |  690.540 |  691.197 |  693.865 |  690.113 |  691.380 |  690.640 |  690.047 ||   -0.32   -0.58   -0.37   -0.59   -0.57   -0.48   -0.09   -0.63   -0.45   -0.56   -0.64
       med   |  700.430 |  696.084 |  694.412 |  695.308 |  694.793 |  693.844 |  694.272 |  700.279 |  694.239 |  695.745 |  694.020 |  694.258
=== process binR.order3.3
SELFCHECK OK (256 whole-block lengths 1..256 blk x 12 variants; out/Xi/ivec/ret byte-identical, nothing written past 16*nblk)
bytes  blks  |     base |      d5r |    d5rAA |      w1r |       c3 |       d4 |       c5 |   baseAA |       w1 |     w1AA |       d5 |     d5AA ||     d5r%   d5rAA%     w1r%      c3%      d4%      c5%  baseAA%      w1%    w1AA%      d5%    d5AA%
16     1     |   26.129 |   13.889 |   14.033 |   13.813 |   13.941 |   13.932 |   13.892 |   26.148 |   13.950 |   13.950 |   13.921 |   14.056 ||  -46.84  -46.29  -47.13  -46.65  -46.68  -46.83   +0.07  -46.61  -46.61  -46.72  -46.20
       med   |   26.699 |   14.069 |   14.098 |   14.071 |   14.153 |   14.099 |   14.084 |   27.092 |   14.098 |   14.092 |   14.095 |   14.099
32     2     |   26.467 |   15.268 |   15.254 |   15.287 |   15.221 |   15.180 |   15.265 |   26.463 |   15.306 |   15.307 |   15.204 |   15.307 ||  -42.31  -42.36  -42.24  -42.49  -42.64  -42.32   -0.01  -42.17  -42.17  -42.55  -42.17
       med   |   26.735 |   15.286 |   15.317 |   15.377 |   15.305 |   15.310 |   15.282 |   26.539 |   15.392 |   15.388 |   15.318 |   15.318
48     3     |   27.698 |   18.563 |   18.631 |   19.046 |   18.627 |   18.648 |   18.601 |   27.711 |   18.912 |   18.924 |   18.621 |   18.634 ||  -32.98  -32.73  -31.24  -32.75  -32.67  -32.84   +0.05  -31.72  -31.68  -32.77  -32.72
       med   |   28.194 |   18.898 |   19.072 |   19.162 |   18.830 |   18.783 |   18.636 |   27.844 |   19.018 |   19.313 |   18.761 |   18.917
64     4     |   28.928 |   22.621 |   22.584 |   23.134 |   22.582 |   22.594 |   22.524 |   28.892 |   23.124 |   23.132 |   22.579 |   22.567 ||  -21.80  -21.93  -20.03  -21.94  -21.90  -22.14   -0.12  -20.07  -20.04  -21.95  -21.99
       med   |   29.131 |   22.692 |   22.727 |   23.428 |   22.679 |   22.673 |   22.553 |   28.994 |   23.154 |   23.157 |   22.656 |   22.894
80     5     |   29.969 |   30.103 |   29.277 |   30.121 |   30.048 |   30.032 |   30.010 |   29.983 |   30.049 |   30.050 |   30.047 |   30.057 ||   +0.45   -2.31   +0.50   +0.26   +0.21   +0.13   +0.04   +0.27   +0.27   +0.26   +0.29
       med   |   30.147 |   30.290 |   30.293 |   30.270 |   30.296 |   30.283 |   30.285 |   30.128 |   30.250 |   30.325 |   30.237 |   30.270
96     6     |   30.905 |   30.806 |   30.791 |   30.780 |   30.850 |   30.865 |   30.850 |   30.866 |   30.847 |   30.850 |   30.831 |   30.877 ||   -0.32   -0.37   -0.41   -0.18   -0.13   -0.18   -0.13   -0.19   -0.18   -0.24   -0.09
       med   |   31.075 |   31.098 |   31.065 |   31.049 |   31.046 |   31.036 |   31.040 |   30.964 |   31.022 |   31.063 |   31.020 |   31.057
112    7     |   31.778 |   31.877 |   31.761 |   31.873 |   31.765 |   31.769 |   31.762 |   31.665 |   31.755 |   31.756 |   31.761 |   31.772 ||   +0.31   -0.05   +0.30   -0.04   -0.03   -0.05   -0.35   -0.07   -0.07   -0.05   -0.02
       med   |   32.181 |   32.137 |   32.307 |   32.253 |   32.181 |   32.142 |   32.158 |   32.127 |   32.007 |   32.183 |   32.091 |   32.176
128    8     |   30.073 |   29.943 |   30.113 |   29.927 |   30.123 |   29.925 |   30.104 |   30.032 |   30.056 |   30.084 |   30.011 |   30.108 ||   -0.43   +0.13   -0.48   +0.17   -0.49   +0.10   -0.14   -0.06   +0.04   -0.21   +0.12
       med   |   30.328 |   30.158 |   30.465 |   30.151 |   30.361 |   30.283 |   30.307 |   30.150 |   30.259 |   30.317 |   30.301 |   30.284
256    16    |   52.238 |   51.938 |   52.050 |   52.225 |   52.063 |   51.910 |   52.150 |   52.352 |   52.183 |   51.929 |   51.979 |   52.023 ||   -0.57   -0.36   -0.03   -0.34   -0.63   -0.17   +0.22   -0.11   -0.59   -0.50   -0.41
       med   |   52.825 |   52.623 |   52.564 |   52.682 |   52.710 |   52.658 |   52.646 |   52.787 |   52.535 |   52.592 |   52.645 |   52.706
512    32    |   94.859 |   94.486 |   94.357 |   94.446 |   94.630 |   93.986 |   93.708 |   95.266 |   93.618 |   93.750 |   93.798 |   93.908 ||   -0.39   -0.53   -0.44   -0.24   -0.92   -1.21   +0.43   -1.31   -1.17   -1.12   -1.00
       med   |   96.098 |   95.778 |   95.671 |   95.705 |   95.555 |   95.623 |   95.564 |   95.977 |   95.379 |   95.552 |   95.403 |   95.632
1024   64    |  179.950 |  179.927 |  179.623 |  179.864 |  179.692 |  178.904 |  179.867 |  180.667 |  178.975 |  177.976 |  179.683 |  179.093 ||   -0.01   -0.18   -0.05   -0.14   -0.58   -0.05   +0.40   -0.54   -1.10   -0.15   -0.48
       med   |  182.562 |  181.834 |  181.452 |  181.655 |  181.312 |  181.224 |  181.395 |  182.699 |  181.197 |  181.429 |  181.160 |  181.453
4096   256   |  693.098 |  691.707 |  690.794 |  692.174 |  690.169 |  690.924 |  690.818 |  692.212 |  690.718 |  690.760 |  690.771 |  691.132 ||   -0.20   -0.33   -0.13   -0.42   -0.31   -0.33   -0.13   -0.34   -0.34   -0.34   -0.28
       med   |  700.012 |  696.142 |  694.290 |  695.417 |  694.369 |  693.908 |  694.465 |  700.455 |  694.178 |  695.972 |  694.286 |  694.636
=== process binR.order3.4
SELFCHECK OK (256 whole-block lengths 1..256 blk x 12 variants; out/Xi/ivec/ret byte-identical, nothing written past 16*nblk)
bytes  blks  |     base |      d5r |    d5rAA |      w1r |       c3 |       d4 |       c5 |   baseAA |       w1 |     w1AA |       d5 |     d5AA ||     d5r%   d5rAA%     w1r%      c3%      d4%      c5%  baseAA%      w1%    w1AA%      d5%    d5AA%
16     1     |   26.158 |   13.892 |   14.061 |   13.834 |   13.938 |   13.865 |   13.888 |   26.238 |   13.958 |   13.947 |   13.873 |   13.940 ||  -46.89  -46.24  -47.11  -46.71  -47.00  -46.91   +0.31  -46.64  -46.68  -46.96  -46.71
       med   |   26.420 |   14.070 |   14.099 |   14.073 |   14.150 |   14.102 |   14.064 |   26.450 |   14.098 |   14.095 |   14.100 |   14.100
32     2     |   26.454 |   15.268 |   15.255 |   15.285 |   15.220 |   15.183 |   15.268 |   26.463 |   15.305 |   15.316 |   15.211 |   15.307 ||  -42.29  -42.33  -42.22  -42.47  -42.60  -42.28   +0.04  -42.15  -42.10  -42.50  -42.14
       med   |   26.789 |   15.283 |   15.358 |   15.377 |   15.319 |   15.312 |   15.286 |   26.587 |   15.318 |   15.393 |   15.318 |   15.318
48     3     |   27.803 |   18.571 |   18.600 |   19.000 |   18.624 |   18.645 |   18.607 |   27.699 |   18.877 |   18.907 |   18.630 |   18.630 ||  -33.20  -33.10  -31.66  -33.01  -32.94  -33.08   -0.37  -32.10  -32.00  -32.99  -32.99
       med   |   28.725 |   18.924 |   19.028 |   19.211 |   18.858 |   18.801 |   18.995 |   27.847 |   19.027 |   19.333 |   18.902 |   19.001
64     4     |   28.929 |   22.664 |   22.579 |   23.130 |   22.585 |   22.607 |   22.523 |   28.887 |   23.129 |   23.124 |   22.579 |   22.572 ||  -21.66  -21.95  -20.04  -21.93  -21.85  -22.15   -0.15  -20.05  -20.07  -21.95  -21.97
       med   |   29.235 |   22.695 |   22.727 |   23.432 |   22.782 |   22.677 |   22.554 |   29.078 |   23.156 |   23.242 |   22.658 |   22.894
80     5     |   29.964 |   30.112 |   30.049 |   30.126 |   30.049 |   30.055 |   30.053 |   29.988 |   30.049 |   30.000 |   30.046 |   30.050 ||   +0.49   +0.28   +0.54   +0.28   +0.30   +0.30   +0.08   +0.28   +0.12   +0.27   +0.29
       med   |   30.216 |   30.280 |   30.321 |   30.261 |   30.317 |   30.298 |   30.288 |   30.152 |   30.251 |   30.326 |   30.215 |   30.259
96     6     |   30.902 |   30.876 |   30.867 |   30.800 |   30.863 |   30.849 |   30.862 |   30.864 |   30.849 |   30.874 |   30.833 |   30.862 ||   -0.09   -0.11   -0.33   -0.13   -0.17   -0.13   -0.12   -0.17   -0.09   -0.22   -0.13
       med   |   31.087 |   31.088 |   31.050 |   31.080 |   31.048 |   31.031 |   31.047 |   30.977 |   31.020 |   31.050 |   30.946 |   31.036
112    7     |   31.840 |   31.954 |   31.775 |   31.882 |   31.784 |   31.762 |   31.782 |   31.726 |   31.760 |   31.775 |   31.767 |   31.778 ||   +0.36   -0.20   +0.13   -0.18   -0.24   -0.18   -0.36   -0.25   -0.20   -0.23   -0.20
       med   |   34.708 |   34.984 |   34.257 |   34.780 |   34.315 |   34.318 |   34.430 |   34.964 |   34.282 |   34.277 |   34.295 |   34.450
128    8     |   29.979 |   29.940 |   30.013 |   29.869 |   30.010 |   30.104 |   30.101 |   30.035 |   30.106 |   30.090 |   30.050 |   30.100 ||   -0.13   +0.11   -0.37   +0.10   +0.42   +0.41   +0.19   +0.42   +0.37   +0.24   +0.40
       med   |   30.220 |   30.142 |   30.465 |   30.152 |   30.396 |   30.317 |   30.309 |   30.161 |   30.295 |   30.344 |   30.298 |   30.267
256    16    |   52.288 |   52.228 |   52.052 |   52.235 |   51.971 |   51.747 |   52.174 |   52.327 |   52.056 |   52.024 |   52.142 |   51.991 ||   -0.12   -0.45   -0.10   -0.61   -1.04   -0.22   +0.07   -0.44   -0.51   -0.28   -0.57
       med   |   52.876 |   52.694 |   52.612 |   52.669 |   52.792 |   52.592 |   52.658 |   52.860 |   52.534 |   52.601 |   52.652 |   52.634
512    32    |   95.346 |   94.594 |   94.694 |   93.933 |   94.835 |   93.636 |   94.463 |   95.484 |   93.561 |   94.155 |   93.582 |   93.770 ||   -0.79   -0.68   -1.48   -0.54   -1.79   -0.93   +0.14   -1.87   -1.25   -1.85   -1.65
       med   |   96.137 |   95.822 |   95.613 |   95.890 |   95.577 |   95.497 |   95.547 |   96.238 |   95.374 |   95.644 |   95.442 |   95.659
1024   64    |  180.252 |  179.911 |  179.349 |  179.800 |  179.694 |  179.354 |  179.322 |  180.149 |  178.925 |  179.407 |  179.840 |  179.582 ||   -0.19   -0.50   -0.25   -0.31   -0.50   -0.52   -0.06   -0.74   -0.47   -0.23   -0.37
       med   |  182.566 |  181.691 |  181.483 |  181.596 |  181.490 |  181.250 |  181.502 |  182.595 |  181.263 |  181.474 |  181.225 |  181.478
4096   256   |  693.066 |  692.064 |  690.991 |  691.899 |  690.822 |  691.057 |  691.144 |  692.372 |  690.117 |  691.337 |  690.317 |  690.284 ||   -0.14   -0.30   -0.17   -0.32   -0.29   -0.28   -0.10   -0.43   -0.25   -0.40   -0.40
       med   |  700.092 |  696.375 |  694.567 |  695.975 |  694.380 |  694.062 |  694.441 |  699.834 |  694.012 |  695.885 |  694.202 |  694.369
=== process binR.order3.5
SELFCHECK OK (256 whole-block lengths 1..256 blk x 12 variants; out/Xi/ivec/ret byte-identical, nothing written past 16*nblk)
bytes  blks  |     base |      d5r |    d5rAA |      w1r |       c3 |       d4 |       c5 |   baseAA |       w1 |     w1AA |       d5 |     d5AA ||     d5r%   d5rAA%     w1r%      c3%      d4%      c5%  baseAA%      w1%    w1AA%      d5%    d5AA%
16     1     |   26.303 |   13.899 |   13.935 |   13.812 |   13.941 |   13.841 |   13.897 |   26.469 |   13.952 |   13.876 |   13.922 |   13.946 ||  -47.16  -47.02  -47.49  -47.00  -47.38  -47.17   +0.63  -46.95  -47.25  -47.07  -46.98
       med   |   26.520 |   14.066 |   14.100 |   14.069 |   14.146 |   14.101 |   13.971 |   26.701 |   14.100 |   14.093 |   14.100 |   14.099
32     2     |   26.473 |   15.273 |   15.204 |   15.285 |   15.224 |   15.178 |   15.266 |   26.511 |   15.304 |   15.311 |   15.202 |   15.307 ||  -42.31  -42.57  -42.26  -42.49  -42.67  -42.34   +0.14  -42.19  -42.17  -42.58  -42.18
       med   |   26.837 |   15.286 |   15.320 |   15.301 |   15.309 |   15.315 |   15.285 |   26.570 |   15.319 |   15.392 |   15.319 |   15.319
48     3     |   27.742 |   18.653 |   18.612 |   19.023 |   18.664 |   18.642 |   18.605 |   27.721 |   18.871 |   18.888 |   18.631 |   18.643 ||  -32.76  -32.91  -31.43  -32.72  -32.80  -32.94   -0.08  -31.98  -31.91  -32.84  -32.80
       med   |   28.226 |   18.963 |   18.947 |   19.190 |   18.829 |   18.782 |   18.634 |   27.811 |   19.025 |   19.318 |   18.855 |   18.937
64     4     |   28.960 |   22.673 |   22.605 |   23.150 |   22.591 |   22.619 |   22.564 |   28.921 |   23.131 |   23.136 |   22.587 |   22.591 ||  -21.71  -21.94  -20.06  -21.99  -21.89  -22.09   -0.13  -20.13  -20.11  -22.01  -21.99
       med   |   29.219 |   22.713 |   22.753 |   23.458 |   22.786 |   22.846 |   22.594 |   29.023 |   23.162 |   23.162 |   22.711 |   22.908
80     5     |   29.983 |   30.174 |   30.068 |   30.334 |   30.064 |   30.081 |   30.104 |   30.120 |   30.170 |   30.129 |   30.171 |   30.046 ||   +0.64   +0.28   +1.17   +0.27   +0.33   +0.40   +0.46   +0.62   +0.48   +0.63   +0.21
       med   |   30.475 |   30.414 |   30.426 |   30.400 |   30.430 |   30.434 |   30.543 |   30.283 |   30.341 |   30.560 |   30.345 |   30.413
96     6     |   30.941 |   30.851 |   30.769 |   30.829 |   30.929 |   30.929 |   30.932 |   30.936 |   30.968 |   30.938 |   30.929 |   30.929 ||   -0.29   -0.56   -0.36   -0.04   -0.04   -0.03   -0.02   +0.09   -0.01   -0.04   -0.04
       med   |   31.068 |   31.137 |   31.048 |   31.151 |   31.052 |   31.045 |   31.048 |   30.993 |   31.030 |   31.055 |   31.039 |   31.049
112    7     |   31.894 |   31.940 |   31.781 |   31.959 |   31.948 |   31.783 |   31.779 |   31.769 |   31.777 |   32.099 |   31.793 |   31.775 ||   +0.14   -0.35   +0.20   +0.17   -0.35   -0.36   -0.39   -0.37   +0.64   -0.31   -0.37
       med   |   34.729 |   35.004 |   34.483 |   35.256 |   34.486 |   34.513 |   34.540 |   35.132 |   34.499 |   34.494 |   34.503 |   34.606
128    8     |   30.146 |   29.942 |   30.104 |   29.938 |   30.108 |   30.104 |   30.111 |   30.087 |   30.106 |   30.119 |   30.106 |   30.093 ||   -0.68   -0.14   -0.69   -0.13   -0.14   -0.12   -0.20   -0.13   -0.09   -0.13   -0.18
       med   |   30.469 |   30.235 |   30.445 |   30.092 |   30.351 |   30.309 |   30.307 |   30.367 |   30.270 |   30.366 |   30.258 |   30.260
256    16    |   52.383 |   52.226 |   52.171 |   52.228 |   51.957 |   51.874 |   52.130 |   52.478 |   52.028 |   51.771 |   52.163 |   52.026 ||   -0.30   -0.41   -0.30   -0.81   -0.97   -0.48   +0.18   -0.68   -1.17   -0.42   -0.68
       med   |   53.017 |   52.686 |   52.628 |   52.749 |   52.743 |   52.616 |   52.670 |   52.978 |   52.558 |   52.609 |   52.655 |   52.655
512    32    |   95.427 |   94.725 |   94.692 |   94.711 |   93.865 |   93.561 |   94.424 |   95.207 |   94.667 |   94.520 |   94.630 |   94.830 ||   -0.74   -0.77   -0.75   -1.64   -1.96   -1.05   -0.23   -0.80   -0.95   -0.84   -0.63
       med   |   96.289 |   95.894 |   95.668 |   95.803 |   95.562 |   95.544 |   95.552 |   96.203 |   95.365 |   95.579 |   95.388 |   95.705
1024   64    |  180.856 |  179.720 |  179.890 |  179.315 |  179.292 |  179.936 |  179.893 |  180.459 |  179.894 |  179.494 |  179.157 |  179.118 ||   -0.63   -0.53   -0.85   -0.86   -0.51   -0.53   -0.22   -0.53   -0.75   -0.94   -0.96
       med   |  182.845 |  181.923 |  181.524 |  181.716 |  181.439 |  181.346 |  181.643 |  182.934 |  181.425 |  181.603 |  181.433 |  181.644
4096   256   |  695.010 |  692.427 |  689.701 |  692.514 |  690.960 |  690.812 |  691.270 |  693.702 |  690.253 |  691.130 |  690.956 |  691.122 ||   -0.37   -0.76   -0.36   -0.58   -0.60   -0.54   -0.19   -0.68   -0.56   -0.58   -0.56
       med   |  700.418 |  696.302 |  694.106 |  696.051 |  694.567 |  693.859 |  694.470 |  700.085 |  694.332 |  695.791 |  694.324 |  694.203
