## bin=binR host=r8g core=3 reps=300 nproc=5
## O1: base baseAA w1 w1AA d5 d5AA d5r d5rAA w1r c3 d4 c5
## O2: base c5 d4 c3 w1r d5rAA d5r d5AA d5 w1AA w1 baseAA
## O3: base d5r d5rAA w1r c3 d4 c5 baseAA w1 w1AA d5 d5AA
=== process binR.order1.1
SELFCHECK OK (256 whole-block lengths 1..256 blk x 12 variants; out/Xi/ivec/ret byte-identical, nothing written past 16*nblk)
bytes  blks  |     base |   baseAA |       w1 |     w1AA |       d5 |     d5AA |      d5r |    d5rAA |      w1r |       c3 |       d4 |       c5 ||  baseAA%      w1%    w1AA%      d5%    d5AA%     d5r%   d5rAA%     w1r%      c3%      d4%      c5%
16     1     |   25.336 |   25.361 |   12.571 |   12.573 |   12.501 |   12.526 |   12.521 |   12.493 |   12.569 |   12.501 |   12.497 |   12.521 ||   +0.10  -50.38  -50.37  -50.66  -50.56  -50.58  -50.69  -50.39  -50.66  -50.68  -50.58
       med   |   25.615 |   25.453 |   12.612 |   12.613 |   12.586 |   12.562 |   12.555 |   12.550 |   12.609 |   12.547 |   12.528 |   12.530
32     2     |   23.353 |   23.365 |   13.242 |   13.242 |   13.185 |   13.192 |   13.185 |   13.185 |   13.243 |   13.185 |   13.168 |   13.198 ||   +0.05  -43.30  -43.30  -43.54  -43.51  -43.54  -43.54  -43.29  -43.54  -43.61  -43.48
       med   |   23.732 |   23.514 |   13.247 |   13.245 |   13.211 |   13.197 |   13.229 |   13.193 |   13.306 |   13.203 |   13.182 |   13.210
48     3     |   24.267 |   24.254 |   15.186 |   15.184 |   15.088 |   15.090 |   15.140 |   15.117 |   15.209 |   15.073 |   15.121 |   15.168 ||   -0.05  -37.42  -37.43  -37.83  -37.82  -37.61  -37.70  -37.33  -37.89  -37.69  -37.50
       med   |   24.537 |   24.382 |   15.325 |   15.221 |   15.282 |   15.211 |   15.333 |   15.171 |   15.535 |   15.124 |   15.169 |   15.243
64     4     |   25.151 |   25.109 |   18.630 |   18.629 |   18.263 |   18.274 |   18.287 |   18.355 |   18.623 |   18.289 |   18.277 |   18.282 ||   -0.17  -25.93  -25.93  -27.39  -27.34  -27.29  -27.02  -25.95  -27.28  -27.33  -27.31
       med   |   25.847 |   25.175 |   18.772 |   18.653 |   18.621 |   18.739 |   18.713 |   18.686 |   19.088 |   18.308 |   18.302 |   18.302
80     5     |   25.988 |   25.992 |   26.011 |   25.998 |   25.986 |   25.991 |   25.993 |   25.998 |   25.995 |   25.989 |   25.993 |   25.993 ||   +0.02   +0.09   +0.04   -0.01   +0.01   +0.02   +0.04   +0.03   +0.01   +0.02   +0.02
       med   |   26.249 |   26.127 |   26.665 |   26.513 |   26.025 |   26.083 |   26.396 |   26.020 |   26.259 |   26.018 |   26.577 |   26.108
96     6     |   26.903 |   26.873 |   26.928 |   26.922 |   26.921 |   26.926 |   26.923 |   26.870 |   26.914 |   26.900 |   26.930 |   26.890 ||   -0.11   +0.09   +0.07   +0.07   +0.09   +0.07   -0.12   +0.04   -0.01   +0.10   -0.05
       med   |   27.166 |   26.970 |   27.364 |   27.235 |   26.961 |   26.961 |   27.215 |   26.977 |   26.965 |   26.973 |   27.466 |   27.036
112    7     |   27.461 |   27.358 |   27.523 |   27.508 |   27.419 |   27.510 |   27.451 |   27.492 |   27.515 |   27.389 |   27.400 |   27.411 ||   -0.38   +0.23   +0.17   -0.15   +0.18   -0.04   +0.11   +0.20   -0.26   -0.22   -0.18
       med   |   28.139 |   27.535 |   28.041 |   28.110 |   27.552 |   27.549 |   27.899 |   27.523 |   27.594 |   27.518 |   27.758 |   27.607
128    8     |   25.524 |   25.528 |   25.420 |   25.584 |   25.585 |   25.588 |   25.593 |   25.558 |   25.569 |   25.383 |   25.553 |   25.561 ||   +0.02   -0.40   +0.24   +0.24   +0.25   +0.27   +0.14   +0.18   -0.55   +0.12   +0.15
       med   |   26.025 |   25.725 |   26.196 |   26.288 |   25.792 |   25.614 |   25.849 |   25.624 |   25.777 |   25.622 |   25.992 |   25.777
256    16    |   45.475 |   45.333 |   45.381 |   45.393 |   45.411 |   45.338 |   45.476 |   45.352 |   45.367 |   45.317 |   45.384 |   45.452 ||   -0.31   -0.21   -0.18   -0.14   -0.30   +0.00   -0.27   -0.24   -0.35   -0.20   -0.05
       med   |   46.651 |   45.709 |   46.907 |   46.158 |   45.745 |   45.622 |   46.637 |   46.401 |   46.440 |   45.480 |   46.124 |   45.964
512    32    |   84.371 |   83.699 |   84.410 |   84.548 |   84.399 |   84.347 |   84.471 |   84.465 |   84.382 |   84.373 |   84.428 |   84.542 ||   -0.80   +0.05   +0.21   +0.03   -0.03   +0.12   +0.11   +0.01   +0.00   +0.07   +0.20
       med   |   85.069 |   85.412 |   85.958 |   85.736 |   85.453 |   85.547 |   85.879 |   84.841 |   85.884 |   84.598 |   85.462 |   85.634
1024   64    |  161.860 |  161.889 |  162.024 |  162.084 |  161.881 |  162.038 |  161.975 |  161.833 |  161.843 |  161.946 |  162.018 |  162.017 ||   +0.02   +0.10   +0.14   +0.01   +0.11   +0.07   -0.02   -0.01   +0.05   +0.10   +0.10
       med   |  164.109 |  165.471 |  164.353 |  163.809 |  164.119 |  163.031 |  164.685 |  162.957 |  163.393 |  163.249 |  166.004 |  162.945
4096   256   |  628.158 |  628.745 |  628.687 |  629.067 |  628.837 |  628.967 |  628.731 |  628.777 |  628.330 |  628.239 |  628.809 |  628.850 ||   +0.09   +0.08   +0.14   +0.11   +0.13   +0.09   +0.10   +0.03   +0.01   +0.10   +0.11
       med   |  631.550 |  633.458 |  630.457 |  630.839 |  632.098 |  630.206 |  632.493 |  630.188 |  630.663 |  629.995 |  631.898 |  631.968
=== process binR.order1.2
SELFCHECK OK (256 whole-block lengths 1..256 blk x 12 variants; out/Xi/ivec/ret byte-identical, nothing written past 16*nblk)
bytes  blks  |     base |   baseAA |       w1 |     w1AA |       d5 |     d5AA |      d5r |    d5rAA |      w1r |       c3 |       d4 |       c5 ||  baseAA%      w1%    w1AA%      d5%    d5AA%     d5r%   d5rAA%     w1r%      c3%      d4%      c5%
16     1     |   25.407 |   23.489 |   12.571 |   12.572 |   12.496 |   12.500 |   12.519 |   12.491 |   12.568 |   12.525 |   12.497 |   12.520 ||   -7.55  -50.52  -50.52  -50.82  -50.80  -50.73  -50.84  -50.53  -50.70  -50.81  -50.72
       med   |   25.701 |   25.509 |   12.612 |   12.613 |   12.587 |   12.562 |   12.554 |   12.551 |   12.609 |   12.547 |   12.529 |   12.529
32     2     |   23.393 |   23.369 |   13.241 |   13.241 |   13.187 |   13.192 |   13.186 |   13.186 |   13.240 |   13.188 |   13.164 |   13.200 ||   -0.11  -43.40  -43.40  -43.63  -43.61  -43.63  -43.63  -43.40  -43.63  -43.73  -43.58
       med   |   23.843 |   23.519 |   13.246 |   13.245 |   13.200 |   13.197 |   13.229 |   13.194 |   13.304 |   13.202 |   13.183 |   13.210
48     3     |   24.247 |   24.250 |   15.189 |   15.187 |   15.092 |   15.094 |   15.153 |   15.122 |   15.200 |   15.072 |   15.117 |   15.182 ||   +0.01  -37.36  -37.37  -37.76  -37.75  -37.51  -37.64  -37.31  -37.84  -37.66  -37.39
       med   |   24.862 |   24.376 |   15.233 |   15.219 |   15.143 |   15.214 |   15.538 |   15.174 |   15.407 |   15.123 |   15.177 |   15.245
64     4     |   25.147 |   25.100 |   18.627 |   18.625 |   18.268 |   18.276 |   18.285 |   18.360 |   18.619 |   18.289 |   18.287 |   18.279 ||   -0.19  -25.93  -25.94  -27.36  -27.32  -27.29  -26.99  -25.96  -27.27  -27.28  -27.31
       med   |   25.833 |   25.175 |   18.761 |   18.650 |   18.568 |   18.736 |   18.712 |   18.683 |   19.083 |   18.310 |   18.308 |   18.301
80     5     |   25.985 |   25.989 |   25.996 |   26.001 |   25.988 |   25.989 |   25.993 |   25.993 |   25.994 |   25.990 |   25.993 |   25.984 ||   +0.02   +0.04   +0.06   +0.01   +0.02   +0.03   +0.03   +0.03   +0.02   +0.03   -0.00
       med   |   26.575 |   26.128 |   26.413 |   26.456 |   26.020 |   26.085 |   26.454 |   26.026 |   26.264 |   26.017 |   26.256 |   26.197
96     6     |   26.932 |   26.861 |   26.935 |   26.934 |   26.911 |   26.918 |   26.924 |   26.884 |   26.934 |   26.890 |   26.929 |   26.882 ||   -0.26   +0.01   +0.01   -0.08   -0.05   -0.03   -0.18   +0.01   -0.15   -0.01   -0.18
       med   |   27.448 |   26.968 |   27.467 |   27.389 |   26.962 |   26.963 |   27.211 |   26.981 |   27.208 |   26.974 |   27.465 |   27.037
112    7     |   27.456 |   27.349 |   27.516 |   27.513 |   27.494 |   27.510 |   27.456 |   27.490 |   27.518 |   27.381 |   27.394 |   27.419 ||   -0.39   +0.22   +0.21   +0.14   +0.20   -0.00   +0.12   +0.22   -0.27   -0.23   -0.14
       med   |   27.558 |   27.539 |   28.153 |   28.106 |   27.553 |   27.547 |   27.881 |   27.524 |   27.594 |   27.519 |   28.016 |   27.605
128    8     |   25.517 |   25.533 |   25.548 |   25.593 |   25.594 |   25.585 |   25.588 |   25.571 |   25.587 |   25.379 |   25.567 |   25.568 ||   +0.06   +0.12   +0.30   +0.30   +0.27   +0.27   +0.21   +0.27   -0.54   +0.20   +0.20
       med   |   25.545 |   25.605 |   25.953 |   26.155 |   25.801 |   25.612 |   25.838 |   25.772 |   25.620 |   25.621 |   25.994 |   25.771
256    16    |   45.598 |   45.375 |   45.356 |   45.347 |   45.384 |   45.330 |   45.395 |   45.326 |   45.347 |   45.353 |   45.360 |   45.471 ||   -0.49   -0.53   -0.55   -0.47   -0.59   -0.45   -0.60   -0.55   -0.54   -0.52   -0.28
       med   |   47.001 |   45.825 |   46.796 |   45.651 |   45.825 |   45.622 |   46.423 |   46.480 |   46.306 |   45.507 |   46.009 |   45.988
512    32    |   84.386 |   84.040 |   84.413 |   84.534 |   84.428 |   84.389 |   84.454 |   84.461 |   84.321 |   84.461 |   84.390 |   84.468 ||   -0.41   +0.03   +0.18   +0.05   +0.00   +0.08   +0.09   -0.08   +0.09   +0.00   +0.10
       med   |   86.717 |   85.191 |   85.396 |   86.177 |   85.776 |   85.485 |   85.759 |   85.201 |   85.687 |   84.672 |   85.588 |   85.327
1024   64    |  161.898 |  161.916 |  162.005 |  162.132 |  162.163 |  162.020 |  161.929 |  161.910 |  161.678 |  161.928 |  162.038 |  162.018 ||   +0.01   +0.07   +0.14   +0.16   +0.08   +0.02   +0.01   -0.14   +0.02   +0.09   +0.07
       med   |  163.831 |  165.392 |  164.226 |  163.512 |  164.316 |  163.416 |  164.576 |  163.480 |  163.417 |  162.986 |  165.149 |  163.417
4096   256   |  628.105 |  628.831 |  628.376 |  629.033 |  628.808 |  628.755 |  628.752 |  628.559 |  628.581 |  628.659 |  628.763 |  628.576 ||   +0.12   +0.04   +0.15   +0.11   +0.10   +0.10   +0.07   +0.08   +0.09   +0.10   +0.07
       med   |  632.071 |  633.794 |  630.931 |  631.104 |  631.884 |  630.216 |  632.584 |  629.975 |  630.885 |  629.967 |  631.893 |  629.940
=== process binR.order1.3
SELFCHECK OK (256 whole-block lengths 1..256 blk x 12 variants; out/Xi/ivec/ret byte-identical, nothing written past 16*nblk)
bytes  blks  |     base |   baseAA |       w1 |     w1AA |       d5 |     d5AA |      d5r |    d5rAA |      w1r |       c3 |       d4 |       c5 ||  baseAA%      w1%    w1AA%      d5%    d5AA%     d5r%   d5rAA%     w1r%      c3%      d4%      c5%
16     1     |   25.387 |   25.401 |   12.572 |   12.570 |   12.492 |   12.502 |   12.521 |   12.493 |   12.569 |   12.502 |   12.496 |   12.522 ||   +0.06  -50.48  -50.48  -50.79  -50.75  -50.68  -50.79  -50.49  -50.75  -50.78  -50.68
       med   |   25.707 |   25.504 |   12.612 |   12.613 |   12.562 |   12.562 |   12.554 |   12.551 |   12.609 |   12.547 |   12.529 |   12.529
32     2     |   23.416 |   23.365 |   13.241 |   13.241 |   13.184 |   13.193 |   13.184 |   13.187 |   13.241 |   13.186 |   13.165 |   13.200 ||   -0.22  -43.45  -43.45  -43.69  -43.66  -43.69  -43.68  -43.45  -43.69  -43.78  -43.63
       med   |   23.854 |   23.525 |   13.246 |   13.245 |   13.202 |   13.239 |   13.228 |   13.194 |   13.304 |   13.203 |   13.183 |   13.206
48     3     |   24.277 |   24.250 |   15.181 |   15.183 |   15.093 |   15.096 |   15.148 |   15.120 |   15.222 |   15.082 |   15.112 |   15.184 ||   -0.11  -37.47  -37.46  -37.83  -37.82  -37.60  -37.72  -37.30  -37.88  -37.75  -37.45
       med   |   24.883 |   24.379 |   15.305 |   15.220 |   15.150 |   15.206 |   15.537 |   15.175 |   15.532 |   15.125 |   15.175 |   15.244
64     4     |   25.159 |   25.130 |   18.624 |   18.625 |   18.271 |   18.274 |   18.286 |   18.353 |   18.641 |   18.290 |   18.278 |   18.285 ||   -0.12  -25.97  -25.97  -27.38  -27.36  -27.32  -27.05  -25.91  -27.30  -27.35  -27.32
       med   |   25.789 |   25.173 |   18.658 |   18.652 |   18.548 |   18.734 |   18.717 |   18.687 |   19.222 |   18.308 |   18.303 |   18.303
80     5     |   25.984 |   25.996 |   25.988 |   26.003 |   25.984 |   25.990 |   25.996 |   25.998 |   25.991 |   25.991 |   25.998 |   25.992 ||   +0.04   +0.01   +0.07   -0.00   +0.02   +0.05   +0.05   +0.03   +0.03   +0.05   +0.03
       med   |   26.159 |   26.132 |   26.344 |   26.453 |   26.031 |   26.069 |   26.445 |   26.289 |   26.269 |   26.017 |   26.475 |   26.250
96     6     |   26.931 |   26.865 |   26.935 |   26.924 |   26.919 |   26.902 |   26.918 |   26.897 |   26.919 |   26.898 |   26.933 |   26.883 ||   -0.25   +0.02   -0.03   -0.05   -0.11   -0.05   -0.13   -0.05   -0.12   +0.01   -0.18
       med   |   27.515 |   26.963 |   27.367 |   27.392 |   26.963 |   26.953 |   27.214 |   27.083 |   26.969 |   26.974 |   27.199 |   27.155
112    7     |   27.463 |   27.336 |   27.522 |   27.524 |   27.495 |   27.514 |   27.446 |   27.489 |   27.514 |   27.413 |   27.392 |   27.424 ||   -0.46   +0.22   +0.22   +0.12   +0.19   -0.06   +0.10   +0.19   -0.18   -0.26   -0.14
       med   |   28.139 |   27.536 |   27.822 |   27.838 |   27.607 |   27.546 |   27.856 |   27.579 |   27.597 |   27.521 |   27.596 |   27.607
128    8     |   25.519 |   25.532 |   25.414 |   25.596 |   25.593 |   25.588 |   25.583 |   25.562 |   25.588 |   25.380 |   25.547 |   25.551 ||   +0.05   -0.41   +0.30   +0.29   +0.27   +0.25   +0.17   +0.27   -0.55   +0.11   +0.12
       med   |   25.677 |   25.606 |   26.205 |   26.297 |   25.807 |   25.612 |   25.846 |   25.628 |   25.741 |   25.621 |   25.825 |   25.772
256    16    |   45.542 |   45.358 |   45.339 |   45.307 |   45.394 |   45.329 |   45.394 |   45.356 |   45.323 |   45.321 |   45.366 |   45.370 ||   -0.40   -0.45   -0.52   -0.33   -0.47   -0.32   -0.41   -0.48   -0.49   -0.39   -0.38
       med   |   46.667 |   45.881 |   46.270 |   45.675 |   45.743 |   45.844 |   46.606 |   46.397 |   45.940 |   45.487 |   46.172 |   45.948
512    32    |   84.359 |   84.357 |   84.393 |   84.523 |   84.424 |   84.342 |   84.387 |   84.376 |   84.391 |   84.426 |   84.435 |   84.465 ||   -0.00   +0.04   +0.19   +0.08   -0.02   +0.03   +0.02   +0.04   +0.08   +0.09   +0.13
       med   |   86.316 |   84.560 |   85.227 |   86.032 |   85.729 |   85.572 |   85.713 |   85.014 |   85.778 |   84.766 |   85.582 |   85.399
1024   64    |  161.907 |  161.282 |  161.935 |  162.365 |  161.975 |  161.306 |  161.715 |  161.854 |  161.883 |  161.863 |  162.008 |  162.029 ||   -0.39   +0.02   +0.28   +0.04   -0.37   -0.12   -0.03   -0.01   -0.03   +0.06   +0.08
       med   |  163.308 |  163.636 |  163.944 |  163.617 |  163.786 |  163.559 |  164.683 |  162.730 |  163.494 |  163.622 |  165.699 |  163.364
4096   256   |  628.341 |  628.747 |  628.767 |  628.958 |  628.865 |  628.543 |  627.963 |  628.745 |  628.813 |  628.602 |  628.787 |  628.547 ||   +0.06   +0.07   +0.10   +0.08   +0.03   -0.06   +0.06   +0.08   +0.04   +0.07   +0.03
       med   |  632.785 |  633.149 |  630.436 |  630.515 |  632.054 |  630.309 |  631.916 |  630.330 |  630.241 |  631.139 |  631.386 |  630.994
=== process binR.order1.4
SELFCHECK OK (256 whole-block lengths 1..256 blk x 12 variants; out/Xi/ivec/ret byte-identical, nothing written past 16*nblk)
bytes  blks  |     base |   baseAA |       w1 |     w1AA |       d5 |     d5AA |      d5r |    d5rAA |      w1r |       c3 |       d4 |       c5 ||  baseAA%      w1%    w1AA%      d5%    d5AA%     d5r%   d5rAA%     w1r%      c3%      d4%      c5%
16     1     |   25.396 |   23.576 |   12.572 |   12.571 |   12.498 |   12.556 |   12.523 |   12.492 |   12.569 |   12.502 |   12.496 |   12.520 ||   -7.16  -50.50  -50.50  -50.79  -50.56  -50.69  -50.81  -50.51  -50.77  -50.79  -50.70
       med   |   25.698 |   25.512 |   12.612 |   12.613 |   12.585 |   12.562 |   12.554 |   12.551 |   12.609 |   12.547 |   12.528 |   12.529
32     2     |   23.366 |   23.365 |   13.241 |   13.240 |   13.186 |   13.193 |   13.187 |   13.187 |   13.242 |   13.194 |   13.166 |   13.199 ||   -0.01  -43.33  -43.33  -43.57  -43.54  -43.56  -43.56  -43.33  -43.53  -43.65  -43.51
       med   |   23.836 |   23.523 |   13.247 |   13.245 |   13.233 |   13.198 |   13.230 |   13.193 |   13.304 |   13.202 |   13.183 |   13.211
48     3     |   24.269 |   24.247 |   15.187 |   15.185 |   15.089 |   15.090 |   15.138 |   15.127 |   15.201 |   15.078 |   15.119 |   15.178 ||   -0.09  -37.42  -37.43  -37.82  -37.82  -37.62  -37.67  -37.36  -37.87  -37.70  -37.46
       med   |   24.926 |   24.379 |   15.235 |   15.221 |   15.213 |   15.204 |   15.240 |   15.176 |   15.535 |   15.124 |   15.172 |   15.243
64     4     |   25.125 |   25.119 |   18.627 |   18.622 |   18.260 |   18.271 |   18.295 |   18.357 |   18.618 |   18.290 |   18.282 |   18.281 ||   -0.02  -25.86  -25.88  -27.32  -27.28  -27.19  -26.94  -25.90  -27.21  -27.24  -27.24
       med   |   25.400 |   25.174 |   18.766 |   18.651 |   18.488 |   18.654 |   18.715 |   18.613 |   18.994 |   18.308 |   18.308 |   18.301
80     5     |   25.989 |   25.995 |   25.989 |   25.988 |   25.990 |   25.990 |   25.993 |   25.989 |   26.000 |   25.995 |   25.995 |   25.991 ||   +0.02   -0.00   -0.00   +0.01   +0.00   +0.01   +0.00   +0.04   +0.02   +0.02   +0.01
       med   |   26.532 |   26.132 |   26.572 |   26.449 |   26.023 |   26.066 |   26.428 |   26.105 |   26.270 |   26.017 |   26.291 |   26.211
96     6     |   26.924 |   26.869 |   26.933 |   26.938 |   26.921 |   26.915 |   26.928 |   26.881 |   26.918 |   26.921 |   26.945 |   26.951 ||   -0.20   +0.03   +0.05   -0.01   -0.03   +0.02   -0.16   -0.02   -0.01   +0.08   +0.10
       med   |   26.998 |   26.969 |   27.369 |   27.396 |   26.962 |   26.954 |   27.227 |   26.978 |   27.201 |   26.972 |   27.467 |   27.034
112    7     |   27.458 |   27.357 |   27.519 |   27.516 |   27.409 |   27.516 |   27.484 |   27.492 |   27.515 |   27.401 |   27.382 |   27.417 ||   -0.37   +0.22   +0.21   -0.18   +0.21   +0.10   +0.12   +0.21   -0.21   -0.28   -0.15
       med   |   28.131 |   27.530 |   28.038 |   27.893 |   27.551 |   27.547 |   27.869 |   27.583 |   27.580 |   27.517 |   28.019 |   27.605
128    8     |   25.515 |   25.520 |   25.572 |   25.600 |   25.589 |   25.585 |   25.594 |   25.565 |   25.585 |   25.368 |   25.572 |   25.542 ||   +0.02   +0.22   +0.33   +0.29   +0.27   +0.31   +0.20   +0.27   -0.58   +0.22   +0.10
       med   |   26.011 |   25.732 |   26.201 |   26.291 |   25.799 |   25.610 |   25.842 |   25.777 |   25.778 |   25.622 |   25.826 |   25.627
256    16    |   45.412 |   45.360 |   45.391 |   45.323 |   45.386 |   45.331 |   45.369 |   45.314 |   45.309 |   45.326 |   45.386 |   45.431 ||   -0.11   -0.05   -0.20   -0.06   -0.18   -0.10   -0.22   -0.23   -0.19   -0.06   +0.04
       med   |   46.651 |   45.787 |   46.943 |   45.750 |   45.869 |   45.702 |   46.425 |   45.938 |   46.317 |   45.474 |   46.238 |   45.945
512    32    |   83.973 |   83.955 |   84.377 |   84.425 |   84.380 |   84.366 |   84.468 |   84.480 |   84.378 |   84.468 |   84.427 |   84.511 ||   -0.02   +0.48   +0.54   +0.48   +0.47   +0.59   +0.60   +0.48   +0.59   +0.54   +0.64
       med   |   85.746 |   85.435 |   85.931 |   85.552 |   85.447 |   85.340 |   85.804 |   84.990 |   85.456 |   85.317 |   85.511 |   85.415
1024   64    |  161.769 |  161.962 |  161.942 |  162.203 |  161.958 |  162.038 |  161.927 |  162.016 |  162.002 |  161.859 |  161.983 |  162.070 ||   +0.12   +0.11   +0.27   +0.12   +0.17   +0.10   +0.15   +0.14   +0.06   +0.13   +0.19
       med   |  163.277 |  165.420 |  164.541 |  163.680 |  163.820 |  163.478 |  164.554 |  163.005 |  164.425 |  162.943 |  164.112 |  163.194
4096   256   |  628.078 |  628.756 |  628.628 |  629.048 |  628.847 |  628.885 |  628.401 |  628.641 |  627.806 |  628.023 |  628.804 |  628.717 ||   +0.11   +0.09   +0.15   +0.12   +0.13   +0.05   +0.09   -0.04   -0.01   +0.12   +0.10
       med   |  632.383 |  633.564 |  630.236 |  630.814 |  631.573 |  630.115 |  632.359 |  630.017 |  630.691 |  630.529 |  630.882 |  630.178
=== process binR.order1.5
SELFCHECK OK (256 whole-block lengths 1..256 blk x 12 variants; out/Xi/ivec/ret byte-identical, nothing written past 16*nblk)
bytes  blks  |     base |   baseAA |       w1 |     w1AA |       d5 |     d5AA |      d5r |    d5rAA |      w1r |       c3 |       d4 |       c5 ||  baseAA%      w1%    w1AA%      d5%    d5AA%     d5r%   d5rAA%     w1r%      c3%      d4%      c5%
16     1     |   23.881 |   23.307 |   12.571 |   12.572 |   12.499 |   12.525 |   12.522 |   12.493 |   12.570 |   12.504 |   12.497 |   12.523 ||   -2.41  -47.36  -47.36  -47.66  -47.55  -47.56  -47.69  -47.36  -47.64  -47.67  -47.56
       med   |   25.635 |   25.555 |   12.612 |   12.613 |   12.586 |   12.563 |   12.554 |   12.551 |   12.608 |   12.547 |   12.529 |   12.530
32     2     |   23.353 |   23.365 |   13.242 |   13.242 |   13.185 |   13.193 |   13.188 |   13.188 |   13.241 |   13.194 |   13.168 |   13.199 ||   +0.05  -43.30  -43.30  -43.54  -43.51  -43.53  -43.53  -43.30  -43.50  -43.61  -43.48
       med   |   23.557 |   23.522 |   13.246 |   13.245 |   13.200 |   13.197 |   13.229 |   13.194 |   13.304 |   13.203 |   13.183 |   13.211
48     3     |   24.254 |   24.244 |   15.187 |   15.188 |   15.090 |   15.096 |   15.143 |   15.122 |   15.207 |   15.083 |   15.121 |   15.195 ||   -0.04  -37.38  -37.38  -37.78  -37.76  -37.56  -37.65  -37.30  -37.81  -37.66  -37.35
       med   |   24.380 |   24.292 |   15.424 |   15.222 |   15.221 |   15.223 |   15.536 |   15.202 |   15.534 |   15.147 |   15.193 |   15.270
64     4     |   25.125 |   25.098 |   18.629 |   18.630 |   18.271 |   18.271 |   18.282 |   18.352 |   18.643 |   18.289 |   18.285 |   18.283 ||   -0.11  -25.86  -25.85  -27.28  -27.28  -27.24  -26.96  -25.80  -27.21  -27.22  -27.23
       med   |   25.674 |   25.173 |   18.766 |   18.757 |   18.620 |   18.651 |   18.715 |   18.675 |   19.219 |   18.309 |   18.304 |   18.301
80     5     |   25.988 |   25.993 |   25.993 |   25.994 |   25.993 |   25.987 |   25.995 |   25.990 |   25.993 |   25.989 |   25.989 |   25.993 ||   +0.02   +0.02   +0.02   +0.02   -0.00   +0.03   +0.01   +0.02   +0.00   +0.00   +0.02
       med   |   26.517 |   26.126 |   26.589 |   26.337 |   26.024 |   26.028 |   26.449 |   26.021 |   26.251 |   26.016 |   26.276 |   26.107
96     6     |   26.913 |   26.867 |   26.941 |   26.918 |   26.924 |   26.924 |   26.927 |   26.889 |   26.921 |   26.901 |   26.905 |   26.888 ||   -0.17   +0.10   +0.02   +0.04   +0.04   +0.05   -0.09   +0.03   -0.05   -0.03   -0.09
       med   |   27.395 |   26.972 |   27.411 |   27.267 |   27.175 |   26.958 |   27.221 |   26.979 |   27.033 |   26.974 |   27.337 |   26.980
112    7     |   27.468 |   27.364 |   27.521 |   27.515 |   27.481 |   27.511 |   27.492 |   27.488 |   27.513 |   27.396 |   27.393 |   27.412 ||   -0.38   +0.19   +0.17   +0.05   +0.16   +0.09   +0.07   +0.17   -0.26   -0.27   -0.20
       med   |   28.143 |   27.542 |   28.015 |   27.879 |   27.611 |   27.546 |   27.946 |   27.522 |   27.577 |   27.519 |   27.765 |   27.606
128    8     |   25.524 |   25.532 |   25.608 |   25.595 |   25.587 |   25.583 |   25.596 |   25.559 |   25.581 |   25.380 |   25.560 |   25.550 ||   +0.03   +0.33   +0.28   +0.25   +0.23   +0.28   +0.14   +0.22   -0.56   +0.14   +0.10
       med   |   26.041 |   25.741 |   26.205 |   26.190 |   25.792 |   25.613 |   25.852 |   25.774 |   25.622 |   25.621 |   25.947 |   25.775
256    16    |   45.453 |   45.361 |   45.369 |   45.351 |   45.351 |   45.345 |   45.397 |   45.335 |   45.335 |   45.364 |   45.375 |   45.456 ||   -0.20   -0.19   -0.22   -0.22   -0.24   -0.12   -0.26   -0.26   -0.20   -0.17   +0.01
       med   |   46.519 |   45.747 |   46.489 |   45.990 |   45.832 |   45.691 |   46.544 |   46.330 |   46.399 |   45.476 |   46.035 |   46.017
512    32    |   84.368 |   83.983 |   84.399 |   84.558 |   84.414 |   84.369 |   84.419 |   84.489 |   84.422 |   84.435 |   84.457 |   84.411 ||   -0.46   +0.04   +0.23   +0.05   +0.00   +0.06   +0.14   +0.06   +0.08   +0.11   +0.05
       med   |   85.224 |   85.291 |   86.359 |   85.714 |   85.400 |   85.526 |   85.789 |   84.583 |   85.866 |   84.562 |   85.573 |   85.353
1024   64    |  161.944 |  161.537 |  161.858 |  162.122 |  161.882 |  162.093 |  161.971 |  161.658 |  161.930 |  161.948 |  162.042 |  162.039 ||   -0.25   -0.05   +0.11   -0.04   +0.09   +0.02   -0.18   -0.01   +0.00   +0.06   +0.06
       med   |  164.304 |  164.525 |  164.590 |  163.674 |  163.694 |  163.720 |  164.292 |  162.673 |  164.215 |  163.030 |  164.849 |  163.361
4096   256   |  628.252 |  628.576 |  628.601 |  629.034 |  628.887 |  628.891 |  628.689 |  628.533 |  628.764 |  628.750 |  628.783 |  628.516 ||   +0.05   +0.06   +0.12   +0.10   +0.10   +0.07   +0.04   +0.08   +0.08   +0.08   +0.04
       med   |  632.480 |  631.061 |  629.958 |  630.736 |  632.058 |  630.215 |  632.231 |  630.170 |  630.491 |  630.420 |  631.841 |  630.811
=== process binR.order2.1
SELFCHECK OK (256 whole-block lengths 1..256 blk x 12 variants; out/Xi/ivec/ret byte-identical, nothing written past 16*nblk)
bytes  blks  |     base |       c5 |       d4 |       c3 |      w1r |    d5rAA |      d5r |     d5AA |       d5 |     w1AA |       w1 |   baseAA ||      c5%      d4%      c3%     w1r%   d5rAA%     d5r%    d5AA%      d5%    w1AA%      w1%  baseAA%
16     1     |   25.336 |   12.518 |   12.556 |   12.519 |   12.571 |   12.496 |   12.520 |   12.504 |   12.477 |   12.525 |   12.559 |   25.361 ||  -50.59  -50.44  -50.59  -50.38  -50.68  -50.58  -50.65  -50.75  -50.56  -50.43   +0.10
       med   |   25.682 |   12.530 |   12.563 |   12.588 |   12.609 |   12.513 |   12.552 |   12.528 |   12.526 |   12.610 |   12.612 |   25.626
32     2     |   23.365 |   13.201 |   13.183 |   13.203 |   13.241 |   13.189 |   13.185 |   13.187 |   13.187 |   13.235 |   13.235 |   23.371 ||  -43.50  -43.58  -43.49  -43.33  -43.55  -43.57  -43.56  -43.56  -43.36  -43.36   +0.03
       med   |   23.910 |   13.330 |   13.188 |   13.208 |   13.384 |   13.199 |   13.198 |   13.192 |   13.192 |   13.269 |   13.243 |   23.662
48     3     |   24.256 |   15.167 |   15.094 |   15.086 |   15.191 |   15.123 |   15.132 |   15.074 |   15.093 |   15.201 |   15.199 |   24.274 ||  -37.47  -37.77  -37.80  -37.37  -37.65  -37.62  -37.85  -37.78  -37.33  -37.34   +0.08
       med   |   24.462 |   15.236 |   15.202 |   15.146 |   15.230 |   15.205 |   15.179 |   15.120 |   15.506 |   15.230 |   15.663 |   24.742
64     4     |   25.153 |   18.283 |   18.251 |   18.282 |   18.621 |   18.353 |   18.284 |   18.310 |   18.313 |   18.639 |   18.644 |   25.109 ||  -27.31  -27.44  -27.32  -25.97  -27.03  -27.31  -27.21  -27.20  -25.90  -25.88   -0.17
       med   |   25.631 |   18.931 |   18.535 |   18.599 |   18.645 |   18.384 |   18.305 |   18.330 |   18.330 |   19.067 |   18.675 |   25.612
80     5     |   25.997 |   25.992 |   25.996 |   25.996 |   26.009 |   25.997 |   25.992 |   25.984 |   25.983 |   25.995 |   25.995 |   25.990 ||   -0.02   -0.00   -0.00   +0.05   +0.00   -0.02   -0.05   -0.05   -0.01   -0.01   -0.03
       med   |   26.720 |   26.023 |   26.337 |   26.096 |   26.465 |   26.401 |   26.033 |   26.020 |   26.016 |   26.692 |   26.332 |   26.278
96     6     |   26.930 |   26.892 |   26.923 |   26.933 |   26.936 |   26.876 |   26.928 |   26.747 |   26.883 |   26.896 |   26.882 |   26.848 ||   -0.14   -0.03   +0.01   +0.02   -0.20   -0.01   -0.68   -0.18   -0.13   -0.18   -0.31
       med   |   27.498 |   26.971 |   27.244 |   27.221 |   27.397 |   26.975 |   26.960 |   26.968 |   26.974 |   27.244 |   27.110 |   26.985
112    7     |   27.457 |   27.413 |   27.519 |   27.519 |   27.517 |   27.487 |   27.422 |   27.479 |   27.490 |   27.393 |   27.487 |   27.376 ||   -0.16   +0.23   +0.23   +0.22   +0.11   -0.13   +0.08   +0.12   -0.23   +0.11   -0.30
       med   |   27.590 |   27.519 |   27.829 |   27.791 |   27.949 |   27.772 |   27.604 |   27.518 |   27.522 |   27.798 |   27.758 |   27.616
128    8     |   25.514 |   25.572 |   25.594 |   25.586 |   25.789 |   25.604 |   25.586 |   25.375 |   25.365 |   25.391 |   25.384 |   25.526 ||   +0.23   +0.31   +0.28   +1.08   +0.35   +0.28   -0.54   -0.59   -0.48   -0.51   +0.05
       med   |   26.338 |   25.624 |   26.017 |   25.998 |   26.152 |   25.999 |   25.622 |   25.618 |   25.626 |   26.069 |   25.711 |   25.738
256    16    |   45.462 |   45.316 |   45.345 |   45.332 |   45.339 |   45.307 |   45.326 |   45.323 |   45.468 |   45.410 |   45.347 |   45.333 ||   -0.32   -0.26   -0.29   -0.27   -0.34   -0.30   -0.31   +0.01   -0.11   -0.25   -0.28
       med   |   46.626 |   45.595 |   46.021 |   46.231 |   45.880 |   45.621 |   45.685 |   45.896 |   46.136 |   46.297 |   46.157 |   46.174
512    32    |   84.379 |   84.350 |   84.399 |   84.503 |   84.125 |   84.474 |   84.388 |   84.374 |   84.031 |   84.453 |   84.538 |   84.161 ||   -0.03   +0.02   +0.15   -0.30   +0.11   +0.01   -0.01   -0.41   +0.09   +0.19   -0.26
       med   |   85.623 |   84.584 |   85.760 |   85.667 |   85.669 |   85.608 |   84.710 |   85.345 |   85.393 |   85.417 |   86.329 |   85.010
1024   64    |  161.933 |  161.946 |  162.011 |  161.893 |  161.992 |  162.035 |  161.815 |  161.748 |  162.101 |  161.750 |  162.165 |  161.868 ||   +0.01   +0.05   -0.03   +0.04   +0.06   -0.07   -0.11   +0.10   -0.11   +0.14   -0.04
       med   |  163.817 |  162.837 |  165.365 |  163.895 |  163.122 |  163.904 |  162.714 |  162.968 |  165.760 |  163.090 |  166.816 |  163.225
4096   256   |  628.220 |  628.488 |  628.188 |  628.702 |  628.567 |  628.692 |  628.918 |  628.412 |  628.811 |  628.712 |  628.447 |  628.808 ||   +0.04   -0.01   +0.08   +0.06   +0.08   +0.11   +0.03   +0.09   +0.08   +0.04   +0.09
       med   |  632.281 |  630.808 |  630.668 |  631.566 |  630.183 |  631.777 |  630.226 |  630.634 |  633.975 |  629.900 |  633.217 |  630.491
=== process binR.order2.2
SELFCHECK OK (256 whole-block lengths 1..256 blk x 12 variants; out/Xi/ivec/ret byte-identical, nothing written past 16*nblk)
bytes  blks  |     base |       c5 |       d4 |       c3 |      w1r |    d5rAA |      d5r |     d5AA |       d5 |     w1AA |       w1 |   baseAA ||      c5%      d4%      c3%     w1r%   d5rAA%     d5r%    d5AA%      d5%    w1AA%      w1%  baseAA%
16     1     |   25.315 |   12.519 |   12.555 |   12.517 |   12.570 |   12.501 |   12.523 |   12.497 |   12.481 |   12.551 |   12.555 |   25.178 ||  -50.55  -50.40  -50.56  -50.35  -50.62  -50.53  -50.63  -50.70  -50.42  -50.40   -0.54
       med   |   25.496 |   12.530 |   12.562 |   12.588 |   12.608 |   12.514 |   12.553 |   12.528 |   12.528 |   12.600 |   12.596 |   25.623
32     2     |   23.367 |   13.200 |   13.181 |   13.202 |   13.240 |   13.188 |   13.185 |   13.184 |   13.187 |   13.235 |   13.234 |   23.368 ||  -43.51  -43.59  -43.50  -43.34  -43.56  -43.57  -43.58  -43.56  -43.36  -43.36   +0.01
       med   |   23.888 |   13.329 |   13.186 |   13.208 |   13.245 |   13.197 |   13.198 |   13.191 |   13.192 |   13.240 |   13.239 |   23.506
48     3     |   24.275 |   15.173 |   15.096 |   15.092 |   15.191 |   15.124 |   15.133 |   15.083 |   15.086 |   15.197 |   15.210 |   24.245 ||  -37.49  -37.81  -37.83  -37.42  -37.70  -37.66  -37.87  -37.85  -37.39  -37.34   -0.12
       med   |   24.774 |   15.236 |   15.189 |   15.145 |   15.228 |   15.244 |   15.180 |   15.121 |   15.509 |   15.231 |   15.662 |   24.657
64     4     |   25.120 |   18.289 |   18.256 |   18.279 |   18.622 |   18.352 |   18.281 |   18.310 |   18.313 |   18.654 |   18.644 |   25.123 ||  -27.19  -27.33  -27.24  -25.87  -26.94  -27.23  -27.11  -27.10  -25.74  -25.78   +0.01
       med   |   25.624 |   18.927 |   18.461 |   18.604 |   18.645 |   18.385 |   18.303 |   18.329 |   18.334 |   19.499 |   18.666 |   25.611
80     5     |   26.001 |   25.981 |   25.993 |   25.990 |   26.017 |   25.991 |   25.991 |   25.979 |   25.991 |   25.996 |   25.995 |   25.996 ||   -0.08   -0.03   -0.04   +0.06   -0.04   -0.04   -0.08   -0.04   -0.02   -0.02   -0.02
       med   |   26.732 |   26.017 |   26.335 |   26.044 |   26.540 |   26.366 |   26.055 |   26.018 |   26.018 |   26.690 |   26.323 |   26.132
96     6     |   26.882 |   26.921 |   26.924 |   26.926 |   26.923 |   26.881 |   26.910 |   26.748 |   26.884 |   26.958 |   26.874 |   26.846 ||   +0.15   +0.16   +0.17   +0.15   -0.00   +0.11   -0.50   +0.01   +0.29   -0.03   -0.13
       med   |   27.184 |   26.972 |   27.165 |   27.220 |   27.225 |   27.216 |   26.959 |   26.969 |   26.972 |   27.643 |   27.095 |   26.959
112    7     |   27.465 |   27.410 |   27.520 |   27.527 |   27.534 |   27.483 |   27.428 |   27.470 |   27.487 |   27.420 |   27.500 |   27.439 ||   -0.20   +0.20   +0.23   +0.25   +0.07   -0.14   +0.02   +0.08   -0.16   +0.13   -0.09
       med   |   28.137 |   27.517 |   27.848 |   27.791 |   27.949 |   27.528 |   27.633 |   27.517 |   27.518 |   27.787 |   27.824 |   27.534
128    8     |   25.519 |   25.584 |   25.586 |   25.593 |   25.593 |   25.583 |   25.588 |   25.374 |   25.375 |   25.397 |   25.377 |   25.579 ||   +0.25   +0.26   +0.29   +0.29   +0.25   +0.27   -0.57   -0.56   -0.48   -0.56   +0.23
       med   |   26.315 |   25.623 |   26.018 |   26.006 |   26.140 |   25.999 |   25.624 |   25.618 |   25.623 |   26.158 |   25.776 |   25.715
256    16    |   45.414 |   45.264 |   45.343 |   45.386 |   45.342 |   45.307 |   45.331 |   45.343 |   45.477 |   45.394 |   45.394 |   45.344 ||   -0.33   -0.16   -0.06   -0.16   -0.24   -0.18   -0.16   +0.14   -0.04   -0.04   -0.15
       med   |   46.322 |   45.585 |   45.956 |   46.664 |   46.242 |   45.695 |   45.807 |   46.145 |   46.107 |   45.956 |   46.126 |   46.175
512    32    |   84.396 |   84.449 |   84.275 |   84.449 |   84.380 |   84.484 |   84.423 |   83.973 |   84.501 |   84.356 |   84.522 |   84.383 ||   +0.06   -0.14   +0.06   -0.02   +0.10   +0.03   -0.50   +0.12   -0.05   +0.15   -0.02
       med   |   85.684 |   84.587 |   85.626 |   85.698 |   85.316 |   85.868 |   84.614 |   85.763 |   86.212 |   85.227 |   86.332 |   85.477
1024   64    |  161.948 |  162.024 |  161.955 |  162.024 |  161.958 |  162.080 |  162.011 |  161.733 |  161.901 |  162.003 |  161.998 |  161.490 ||   +0.05   +0.00   +0.05   +0.01   +0.08   +0.04   -0.13   -0.03   +0.03   +0.03   -0.28
       med   |  163.738 |  163.030 |  163.959 |  163.944 |  164.679 |  165.103 |  163.228 |  163.353 |  164.156 |  163.250 |  166.664 |  163.698
4096   256   |  628.172 |  628.452 |  628.158 |  628.865 |  628.768 |  628.697 |  628.778 |  628.761 |  628.291 |  628.492 |  628.793 |  628.540 ||   +0.04   -0.00   +0.11   +0.09   +0.08   +0.10   +0.09   +0.02   +0.05   +0.10   +0.06
       med   |  631.871 |  631.311 |  632.596 |  631.636 |  631.515 |  632.023 |  630.111 |  630.024 |  632.513 |  630.018 |  634.902 |  632.459
=== process binR.order2.3
SELFCHECK OK (256 whole-block lengths 1..256 blk x 12 variants; out/Xi/ivec/ret byte-identical, nothing written past 16*nblk)
bytes  blks  |     base |       c5 |       d4 |       c3 |      w1r |    d5rAA |      d5r |     d5AA |       d5 |     w1AA |       w1 |   baseAA ||      c5%      d4%      c3%     w1r%   d5rAA%     d5r%    d5AA%      d5%    w1AA%      w1%  baseAA%
16     1     |   24.720 |   12.521 |   12.556 |   12.520 |   12.571 |   12.498 |   12.521 |   12.497 |   12.478 |   12.530 |   12.591 |   25.398 ||  -49.35  -49.21  -49.35  -49.15  -49.44  -49.35  -49.44  -49.52  -49.31  -49.06   +2.74
       med   |   25.764 |   12.530 |   12.562 |   12.588 |   12.608 |   12.513 |   12.552 |   12.528 |   12.527 |   12.597 |   12.611 |   25.684
32     2     |   23.359 |   13.199 |   13.182 |   13.189 |   13.241 |   13.187 |   13.186 |   13.186 |   13.186 |   13.235 |   13.235 |   23.360 ||  -43.50  -43.57  -43.54  -43.32  -43.55  -43.55  -43.55  -43.55  -43.34  -43.34   +0.00
       med   |   23.608 |   13.329 |   13.186 |   13.207 |   13.245 |   13.198 |   13.198 |   13.192 |   13.191 |   13.240 |   13.239 |   23.663
48     3     |   24.268 |   15.203 |   15.125 |   15.100 |   15.198 |   15.166 |   15.135 |   15.088 |   15.089 |   15.205 |   15.205 |   24.264 ||  -37.36  -37.68  -37.78  -37.38  -37.51  -37.64  -37.83  -37.83  -37.35  -37.35   -0.02
       med   |   24.492 |   15.266 |   15.210 |   15.177 |   15.235 |   15.371 |   15.213 |   15.139 |   15.142 |   15.232 |   15.668 |   24.668
64     4     |   25.129 |   18.279 |   18.248 |   18.302 |   18.619 |   18.355 |   18.281 |   18.308 |   18.307 |   18.647 |   18.647 |   25.148 ||  -27.26  -27.38  -27.17  -25.91  -26.96  -27.25  -27.14  -27.15  -25.80  -25.80   +0.07
       med   |   25.352 |   18.735 |   18.523 |   18.600 |   18.645 |   18.382 |   18.305 |   18.332 |   18.427 |   18.905 |   18.672 |   25.615
80     5     |   25.983 |   25.991 |   25.993 |   26.000 |   26.005 |   25.997 |   25.986 |   25.961 |   25.986 |   25.996 |   25.995 |   25.983 ||   +0.03   +0.04   +0.07   +0.09   +0.06   +0.01   -0.08   +0.01   +0.05   +0.05   +0.00
       med   |   26.280 |   26.021 |   26.270 |   26.323 |   26.553 |   26.369 |   26.027 |   26.018 |   26.020 |   26.692 |   26.312 |   26.025
96     6     |   26.900 |   26.935 |   26.916 |   26.921 |   26.935 |   26.881 |   26.911 |   26.740 |   26.902 |   26.948 |   26.870 |   26.860 ||   +0.13   +0.06   +0.08   +0.13   -0.07   +0.04   -0.60   +0.01   +0.18   -0.11   -0.15
       med   |   27.218 |   26.972 |   27.272 |   27.233 |   27.453 |   27.047 |   26.969 |   26.967 |   26.972 |   27.649 |   26.977 |   26.906
112    7     |   27.469 |   27.413 |   27.524 |   27.520 |   27.522 |   27.493 |   27.429 |   27.470 |   27.488 |   27.422 |   27.490 |   27.421 ||   -0.21   +0.20   +0.18   +0.19   +0.09   -0.15   +0.00   +0.07   -0.17   +0.08   -0.18
       med   |   28.216 |   27.518 |   27.763 |   27.805 |   28.002 |   27.808 |   27.587 |   27.519 |   27.520 |   28.222 |   27.763 |   27.539
128    8     |   25.521 |   25.575 |   25.597 |   25.593 |   25.603 |   25.546 |   25.587 |   25.377 |   25.361 |   25.404 |   25.375 |   25.541 ||   +0.21   +0.30   +0.28   +0.32   +0.10   +0.26   -0.56   -0.63   -0.46   -0.57   +0.08
       med   |   26.351 |   25.623 |   26.024 |   26.030 |   26.144 |   26.009 |   25.628 |   25.621 |   25.621 |   26.022 |   25.786 |   25.721
256    16    |   45.496 |   45.297 |   45.331 |   45.347 |   45.430 |   45.392 |   45.339 |   45.386 |   45.548 |   45.463 |   45.339 |   45.476 ||   -0.44   -0.36   -0.33   -0.15   -0.23   -0.34   -0.24   +0.12   -0.07   -0.34   -0.04
       med   |   46.640 |   45.501 |   46.093 |   46.436 |   46.241 |   46.001 |   45.689 |   46.228 |   46.060 |   46.394 |   46.329 |   46.718
512    32    |   84.368 |   84.399 |   83.157 |   84.503 |   84.301 |   84.247 |   84.396 |   84.436 |   84.164 |   84.442 |   83.965 |   84.426 ||   +0.04   -1.43   +0.16   -0.08   -0.14   +0.03   +0.08   -0.24   +0.09   -0.48   +0.07
       med   |   85.191 |   84.601 |   86.012 |   85.715 |   85.059 |   84.843 |   84.645 |   85.662 |   86.168 |   84.765 |   85.585 |   84.994
1024   64    |  161.998 |  162.024 |  161.893 |  161.856 |  161.823 |  161.775 |  161.784 |  162.099 |  161.911 |  161.941 |  162.811 |  161.946 ||   +0.02   -0.06   -0.09   -0.11   -0.14   -0.13   +0.06   -0.05   -0.03   +0.50   -0.03
       med   |  164.201 |  163.209 |  163.827 |  164.031 |  162.718 |  163.841 |  162.244 |  165.203 |  165.304 |  162.487 |  166.907 |  163.540
4096   256   |  628.206 |  628.803 |  628.511 |  628.697 |  628.673 |  628.733 |  628.739 |  628.766 |  628.637 |  628.424 |  628.731 |  628.831 ||   +0.09   +0.05   +0.08   +0.07   +0.08   +0.08   +0.09   +0.07   +0.03   +0.08   +0.10
       med   |  631.907 |  631.464 |  630.176 |  631.598 |  630.115 |  632.592 |  630.137 |  630.627 |  631.760 |  629.892 |  633.760 |  630.909
=== process binR.order2.4
SELFCHECK OK (256 whole-block lengths 1..256 blk x 12 variants; out/Xi/ivec/ret byte-identical, nothing written past 16*nblk)
bytes  blks  |     base |       c5 |       d4 |       c3 |      w1r |    d5rAA |      d5r |     d5AA |       d5 |     w1AA |       w1 |   baseAA ||      c5%      d4%      c3%     w1r%   d5rAA%     d5r%    d5AA%      d5%    w1AA%      w1%  baseAA%
16     1     |   24.160 |   12.522 |   12.555 |   12.516 |   12.569 |   12.498 |   12.519 |   12.496 |   12.479 |   12.533 |   12.561 |   25.364 ||  -48.17  -48.03  -48.20  -47.98  -48.27  -48.18  -48.28  -48.35  -48.12  -48.01   +4.98
       med   |   25.701 |   12.530 |   12.563 |   12.588 |   12.608 |   12.516 |   12.552 |   12.528 |   12.526 |   12.598 |   12.596 |   25.637
32     2     |   23.414 |   13.202 |   13.182 |   13.187 |   13.241 |   13.188 |   13.184 |   13.187 |   13.186 |   13.233 |   13.235 |   23.379 ||  -43.62  -43.70  -43.68  -43.45  -43.68  -43.69  -43.68  -43.68  -43.48  -43.47   -0.15
       med   |   23.993 |   13.330 |   13.187 |   13.208 |   13.245 |   13.197 |   13.198 |   13.191 |   13.192 |   13.240 |   13.239 |   23.660
48     3     |   24.257 |   15.179 |   15.086 |   15.096 |   15.196 |   15.123 |   15.131 |   15.080 |   15.080 |   15.202 |   15.203 |   24.233 ||  -37.42  -37.81  -37.77  -37.35  -37.65  -37.62  -37.83  -37.83  -37.33  -37.32   -0.10
       med   |   24.473 |   15.235 |   15.203 |   15.144 |   15.226 |   15.228 |   15.185 |   15.122 |   15.127 |   15.229 |   15.665 |   24.692
64     4     |   25.159 |   18.291 |   18.256 |   18.273 |   18.616 |   18.347 |   18.272 |   18.309 |   18.305 |   18.656 |   18.644 |   25.112 ||  -27.30  -27.44  -27.37  -26.01  -27.08  -27.37  -27.23  -27.24  -25.85  -25.90   -0.19
       med   |   25.620 |   18.932 |   18.534 |   18.600 |   18.642 |   18.540 |   18.308 |   18.331 |   18.330 |   19.498 |   18.666 |   25.608
80     5     |   26.001 |   25.991 |   25.995 |   25.995 |   26.000 |   26.001 |   25.997 |   25.965 |   25.989 |   25.995 |   25.986 |   25.983 ||   -0.04   -0.02   -0.02   -0.00   -0.00   -0.01   -0.14   -0.04   -0.02   -0.06   -0.07
       med   |   26.693 |   26.022 |   26.241 |   26.043 |   26.730 |   26.348 |   26.167 |   26.017 |   26.017 |   26.308 |   26.337 |   26.138
96     6     |   26.920 |   26.902 |   26.927 |   26.932 |   26.919 |   26.899 |   26.920 |   26.738 |   26.911 |   26.943 |   26.879 |   26.856 ||   -0.07   +0.02   +0.04   -0.01   -0.08   -0.00   -0.68   -0.04   +0.08   -0.15   -0.24
       med   |   27.564 |   26.974 |   27.249 |   27.220 |   27.234 |   27.196 |   26.957 |   26.967 |   26.971 |   27.656 |   27.176 |   26.984
112    7     |   27.467 |   27.424 |   27.525 |   27.503 |   27.546 |   27.495 |   27.401 |   27.474 |   27.483 |   27.504 |   27.489 |   27.449 ||   -0.16   +0.21   +0.13   +0.29   +0.10   -0.24   +0.02   +0.06   +0.14   +0.08   -0.06
       med   |   28.135 |   27.521 |   27.870 |   27.789 |   28.281 |   27.850 |   27.645 |   27.516 |   27.521 |   28.218 |   27.757 |   27.685
128    8     |   25.517 |   25.585 |   25.593 |   25.589 |   25.593 |   25.568 |   25.577 |   25.374 |   25.377 |   25.402 |   25.378 |   25.545 ||   +0.27   +0.30   +0.28   +0.30   +0.20   +0.24   -0.56   -0.55   -0.45   -0.54   +0.11
       med   |   26.116 |   25.624 |   26.005 |   26.024 |   26.385 |   25.990 |   25.692 |   25.620 |   25.620 |   25.977 |   25.744 |   25.719
256    16    |   45.442 |   45.291 |   45.361 |   45.360 |   45.471 |   45.386 |   45.350 |   45.356 |   45.451 |   45.403 |   45.440 |   45.424 ||   -0.33   -0.18   -0.18   +0.06   -0.12   -0.20   -0.19   +0.02   -0.09   -0.00   -0.04
       med   |   46.150 |   45.758 |   45.944 |   46.482 |   46.568 |   45.968 |   45.692 |   45.952 |   45.864 |   46.191 |   46.294 |   46.459
512    32    |   84.375 |   84.412 |   84.385 |   84.489 |   84.348 |   84.451 |   84.390 |   84.498 |   84.463 |   84.479 |   84.590 |   84.406 ||   +0.04   +0.01   +0.14   -0.03   +0.09   +0.02   +0.15   +0.11   +0.12   +0.25   +0.04
       med   |   85.160 |   84.667 |   86.000 |   85.638 |   85.351 |   85.780 |   84.995 |   85.330 |   85.379 |   85.525 |   86.512 |   85.305
1024   64    |  161.867 |  162.025 |  161.480 |  161.953 |  161.990 |  161.987 |  161.932 |  161.844 |  161.779 |  161.808 |  162.028 |  161.964 ||   +0.10   -0.24   +0.05   +0.08   +0.07   +0.04   -0.01   -0.05   -0.04   +0.10   +0.06
       med   |  163.652 |  163.321 |  163.359 |  164.093 |  164.502 |  163.600 |  163.216 |  163.207 |  163.442 |  163.028 |  166.132 |  163.345
4096   256   |  628.129 |  628.693 |  628.817 |  627.668 |  628.768 |  628.717 |  628.853 |  628.639 |  628.659 |  628.151 |  628.717 |  628.639 ||   +0.09   +0.11   -0.07   +0.10   +0.09   +0.12   +0.08   +0.08   +0.00   +0.09   +0.08
       med   |  631.755 |  630.696 |  630.471 |  631.540 |  630.221 |  631.943 |  630.274 |  631.294 |  631.250 |  629.879 |  634.144 |  631.260
=== process binR.order2.5
SELFCHECK OK (256 whole-block lengths 1..256 blk x 12 variants; out/Xi/ivec/ret byte-identical, nothing written past 16*nblk)
bytes  blks  |     base |       c5 |       d4 |       c3 |      w1r |    d5rAA |      d5r |     d5AA |       d5 |     w1AA |       w1 |   baseAA ||      c5%      d4%      c3%     w1r%   d5rAA%     d5r%    d5AA%      d5%    w1AA%      w1%  baseAA%
16     1     |   24.323 |   12.520 |   12.555 |   12.521 |   12.571 |   12.506 |   12.520 |   12.498 |   12.473 |   12.551 |   12.588 |   24.504 ||  -48.53  -48.38  -48.52  -48.32  -48.58  -48.53  -48.62  -48.72  -48.40  -48.25   +0.75
       med   |   25.759 |   12.529 |   12.562 |   12.588 |   12.608 |   12.516 |   12.552 |   12.528 |   12.525 |   12.597 |   12.611 |   25.718
32     2     |   23.413 |   13.199 |   13.182 |   13.202 |   13.241 |   13.189 |   13.186 |   13.187 |   13.187 |   13.234 |   13.235 |   23.391 ||  -43.63  -43.70  -43.61  -43.45  -43.67  -43.68  -43.68  -43.68  -43.48  -43.47   -0.10
       med   |   23.876 |   13.329 |   13.187 |   13.208 |   13.245 |   13.198 |   13.198 |   13.191 |   13.191 |   13.272 |   13.239 |   23.795
48     3     |   24.252 |   15.177 |   15.085 |   15.096 |   15.185 |   15.149 |   15.141 |   15.066 |   15.081 |   15.203 |   15.199 |   24.258 ||  -37.42  -37.80  -37.75  -37.39  -37.54  -37.57  -37.88  -37.82  -37.32  -37.33   +0.02
       med   |   24.749 |   15.248 |   15.195 |   15.146 |   15.229 |   15.346 |   15.187 |   15.126 |   15.133 |   15.232 |   15.660 |   24.781
64     4     |   25.129 |   18.286 |   18.258 |   18.280 |   18.619 |   18.358 |   18.286 |   18.307 |   18.301 |   18.637 |   18.649 |   25.112 ||  -27.23  -27.34  -27.25  -25.90  -26.94  -27.23  -27.14  -27.17  -25.83  -25.79   -0.07
       med   |   25.348 |   18.879 |   18.517 |   18.595 |   18.647 |   18.541 |   18.312 |   18.331 |   18.332 |   19.496 |   18.667 |   25.608
80     5     |   25.988 |   25.984 |   25.993 |   25.992 |   25.994 |   25.986 |   25.988 |   25.974 |   25.996 |   25.990 |   25.997 |   25.998 ||   -0.02   +0.02   +0.01   +0.02   -0.01   -0.00   -0.06   +0.03   +0.01   +0.03   +0.03
       med   |   26.738 |   26.019 |   26.333 |   26.271 |   26.452 |   26.249 |   26.032 |   26.018 |   26.018 |   26.230 |   26.316 |   26.318
96     6     |   26.918 |   26.919 |   26.923 |   26.930 |   26.940 |   26.901 |   26.920 |   26.743 |   26.886 |   26.937 |   26.875 |   26.850 ||   +0.00   +0.02   +0.04   +0.08   -0.06   +0.01   -0.65   -0.12   +0.07   -0.16   -0.26
       med   |   27.447 |   26.971 |   27.212 |   27.190 |   27.392 |   27.190 |   26.960 |   26.970 |   26.972 |   27.031 |   27.102 |   26.973
112    7     |   27.456 |   27.424 |   27.524 |   27.516 |   27.513 |   27.491 |   27.491 |   27.471 |   27.487 |   27.411 |   27.492 |   27.437 ||   -0.12   +0.25   +0.22   +0.21   +0.13   +0.13   +0.05   +0.11   -0.16   +0.13   -0.07
       med   |   28.113 |   27.519 |   27.868 |   27.780 |   27.939 |   27.786 |   27.570 |   27.519 |   27.519 |   28.234 |   27.779 |   27.676
128    8     |   25.520 |   25.566 |   25.587 |   25.594 |   25.591 |   25.548 |   25.588 |   25.371 |   25.383 |   25.388 |   25.373 |   25.542 ||   +0.18   +0.26   +0.29   +0.28   +0.11   +0.27   -0.59   -0.54   -0.52   -0.58   +0.09
       med   |   26.056 |   25.622 |   25.613 |   25.890 |   26.135 |   26.011 |   25.720 |   25.617 |   25.623 |   26.034 |   25.692 |   25.718
256    16    |   45.405 |   45.324 |   45.386 |   45.472 |   45.375 |   45.381 |   45.368 |   45.439 |   45.449 |   45.399 |   45.386 |   45.356 ||   -0.18   -0.04   +0.15   -0.07   -0.05   -0.08   +0.08   +0.10   -0.01   -0.04   -0.11
       med   |   46.422 |   45.590 |   45.945 |   46.591 |   46.276 |   45.888 |   46.044 |   46.267 |   46.072 |   46.136 |   46.257 |   46.339
512    32    |   84.364 |   84.469 |   84.393 |   84.418 |   84.383 |   84.450 |   84.421 |   84.497 |   84.504 |   84.166 |   84.516 |   84.398 ||   +0.12   +0.03   +0.06   +0.02   +0.10   +0.07   +0.16   +0.17   -0.23   +0.18   +0.04
       med   |   85.493 |   84.783 |   86.295 |   85.703 |   85.336 |   85.315 |   84.637 |   85.320 |   86.223 |   85.297 |   86.373 |   85.506
1024   64    |  161.883 |  162.029 |  161.993 |  161.964 |  162.142 |  161.953 |  161.986 |  161.716 |  162.022 |  161.982 |  162.904 |  162.088 ||   +0.09   +0.07   +0.05   +0.16   +0.04   +0.06   -0.10   +0.09   +0.06   +0.63   +0.13
       med   |  163.613 |  162.769 |  165.018 |  163.820 |  165.429 |  163.478 |  163.031 |  163.052 |  164.071 |  162.363 |  166.941 |  163.505
4096   256   |  628.362 |  628.636 |  628.110 |  628.115 |  628.504 |  628.398 |  628.850 |  628.692 |  628.392 |  628.250 |  628.740 |  628.952 ||   +0.04   -0.04   -0.04   +0.02   +0.01   +0.08   +0.05   +0.00   -0.02   +0.06   +0.09
       med   |  631.128 |  631.253 |  633.683 |  631.209 |  632.336 |  632.023 |  630.275 |  630.240 |  631.595 |  629.931 |  634.237 |  630.851
=== process binR.order3.1
SELFCHECK OK (256 whole-block lengths 1..256 blk x 12 variants; out/Xi/ivec/ret byte-identical, nothing written past 16*nblk)
bytes  blks  |     base |      d5r |    d5rAA |      w1r |       c3 |       d4 |       c5 |   baseAA |       w1 |     w1AA |       d5 |     d5AA ||     d5r%   d5rAA%     w1r%      c3%      d4%      c5%  baseAA%      w1%    w1AA%      d5%    d5AA%
16     1     |   25.370 |   12.491 |   12.521 |   12.548 |   12.514 |   12.499 |   12.507 |   25.361 |   12.572 |   12.569 |   12.501 |   12.556 ||  -50.76  -50.65  -50.54  -50.68  -50.73  -50.70   -0.04  -50.45  -50.46  -50.72  -50.51
       med   |   25.702 |   12.498 |   12.530 |   12.619 |   12.535 |   12.563 |   12.515 |   25.459 |   12.610 |   12.613 |   12.562 |   12.562
32     2     |   23.428 |   13.187 |   13.194 |   13.236 |   13.184 |   13.182 |   13.205 |   23.361 |   13.241 |   13.241 |   13.192 |   13.193 ||  -43.71  -43.68  -43.50  -43.73  -43.73  -43.64   -0.28  -43.48  -43.48  -43.69  -43.69
       med   |   23.889 |   13.192 |   13.198 |   13.292 |   13.207 |   13.270 |   13.212 |   23.444 |   13.280 |   13.246 |   13.197 |   13.198
48     3     |   24.260 |   15.132 |   15.136 |   15.208 |   15.089 |   15.102 |   15.119 |   24.235 |   15.197 |   15.183 |   15.078 |   15.086 ||  -37.63  -37.61  -37.31  -37.80  -37.75  -37.68   -0.10  -37.36  -37.41  -37.85  -37.81
       med   |   24.753 |   15.328 |   15.253 |   15.441 |   15.144 |   15.152 |   15.174 |   24.302 |   15.398 |   15.223 |   15.133 |   15.133
64     4     |   25.133 |   18.362 |   18.278 |   18.657 |   18.266 |   18.252 |   18.236 |   25.105 |   18.638 |   18.628 |   18.265 |   18.269 ||  -26.94  -27.27  -25.76  -27.32  -27.38  -27.44   -0.11  -25.84  -25.88  -27.33  -27.31
       med   |   25.615 |   18.682 |   18.305 |   18.877 |   18.299 |   18.301 |   18.260 |   25.176 |   19.284 |   18.651 |   18.286 |   18.314
80     5     |   25.988 |   25.990 |   25.994 |   25.994 |   25.993 |   25.995 |   25.985 |   25.990 |   25.982 |   25.986 |   25.989 |   26.004 ||   +0.01   +0.02   +0.02   +0.02   +0.03   -0.01   +0.01   -0.02   -0.01   +0.00   +0.06
       med   |   26.232 |   26.025 |   26.425 |   26.031 |   26.059 |   26.446 |   26.061 |   26.018 |   26.078 |   26.034 |   26.023 |   26.333
96     6     |   26.914 |   26.916 |   26.927 |   26.932 |   26.915 |   26.911 |   26.919 |   26.881 |   26.929 |   26.908 |   26.913 |   26.937 ||   +0.01   +0.05   +0.07   +0.00   -0.01   +0.02   -0.12   +0.06   -0.02   -0.00   +0.09
       med   |   27.588 |   26.974 |   27.306 |   27.226 |   26.959 |   27.479 |   26.961 |   26.972 |   26.960 |   26.960 |   26.962 |   27.243
112    7     |   27.463 |   27.487 |   27.516 |   27.489 |   27.515 |   27.521 |   27.418 |   27.434 |   27.512 |   27.512 |   27.511 |   27.498 ||   +0.09   +0.19   +0.09   +0.19   +0.21   -0.16   -0.11   +0.18   +0.18   +0.18   +0.13
       med   |   28.214 |   27.517 |   27.908 |   27.523 |   27.659 |   27.629 |   27.627 |   27.472 |   27.549 |   27.613 |   27.550 |   27.612
128    8     |   25.527 |   25.599 |   25.594 |   25.557 |   25.581 |   25.588 |   25.591 |   25.563 |   25.574 |   25.596 |   25.579 |   25.587 ||   +0.28   +0.26   +0.12   +0.21   +0.24   +0.25   +0.14   +0.18   +0.27   +0.20   +0.24
       med   |   26.346 |   25.623 |   26.020 |   25.625 |   25.766 |   26.282 |   25.668 |   25.601 |   25.903 |   25.860 |   25.612 |   25.888
256    16    |   45.449 |   45.311 |   45.333 |   45.375 |   45.338 |   45.336 |   45.342 |   45.462 |   45.325 |   45.347 |   45.337 |   45.341 ||   -0.30   -0.26   -0.16   -0.24   -0.25   -0.24   +0.03   -0.27   -0.22   -0.25   -0.24
       med   |   46.658 |   45.595 |   45.980 |   45.825 |   45.904 |   46.030 |   45.808 |   46.140 |   45.879 |   46.091 |   46.276 |   45.986
512    32    |   84.356 |   84.426 |   84.155 |   84.449 |   84.392 |   84.337 |   84.393 |   83.889 |   84.385 |   84.217 |   84.356 |   84.411 ||   +0.08   -0.24   +0.11   +0.04   -0.02   +0.04   -0.55   +0.03   -0.16   +0.00   +0.07
       med   |   85.542 |   84.653 |   85.534 |   86.060 |   85.276 |   85.687 |   84.585 |   85.510 |   85.178 |   85.639 |   85.457 |   85.717
1024   64    |  161.922 |  162.003 |  161.881 |  162.022 |  161.442 |  161.989 |  161.757 |  161.549 |  161.893 |  161.929 |  161.885 |  162.011 ||   +0.05   -0.03   +0.06   -0.30   +0.04   -0.10   -0.23   -0.02   +0.00   -0.02   +0.05
       med   |  164.294 |  163.189 |  163.066 |  166.204 |  162.965 |  163.570 |  163.031 |  163.243 |  163.349 |  163.542 |  164.137 |  163.578
4096   256   |  628.181 |  628.705 |  628.019 |  628.648 |  628.700 |  628.562 |  628.866 |  628.880 |  628.702 |  628.679 |  628.713 |  628.741 ||   +0.08   -0.03   +0.07   +0.08   +0.06   +0.11   +0.11   +0.08   +0.08   +0.08   +0.09
       med   |  631.734 |  631.410 |  630.378 |  635.269 |  629.883 |  630.383 |  630.296 |  630.524 |  630.379 |  630.573 |  631.468 |  631.390
=== process binR.order3.2
SELFCHECK OK (256 whole-block lengths 1..256 blk x 12 variants; out/Xi/ivec/ret byte-identical, nothing written past 16*nblk)
bytes  blks  |     base |      d5r |    d5rAA |      w1r |       c3 |       d4 |       c5 |   baseAA |       w1 |     w1AA |       d5 |     d5AA ||     d5r%   d5rAA%     w1r%      c3%      d4%      c5%  baseAA%      w1%    w1AA%      d5%    d5AA%
16     1     |   25.373 |   12.491 |   12.520 |   12.570 |   12.513 |   12.536 |   12.508 |   25.396 |   12.529 |   12.571 |   12.494 |   12.498 ||  -50.77  -50.65  -50.46  -50.68  -50.59  -50.70   +0.09  -50.62  -50.46  -50.76  -50.74
       med   |   25.657 |   12.520 |   12.558 |   12.618 |   12.533 |   12.563 |   12.572 |   25.590 |   12.611 |   12.613 |   12.563 |   12.562
32     2     |   23.360 |   13.188 |   13.193 |   13.235 |   13.184 |   13.181 |   13.206 |   23.366 |   13.241 |   13.241 |   13.188 |   13.192 ||  -43.55  -43.52  -43.34  -43.56  -43.57  -43.47   +0.02  -43.32  -43.32  -43.54  -43.53
       med   |   23.507 |   13.192 |   13.198 |   13.291 |   13.207 |   13.186 |   13.212 |   23.442 |   13.279 |   13.273 |   13.198 |   13.198
48     3     |   24.275 |   15.129 |   15.134 |   15.205 |   15.094 |   15.088 |   15.115 |   24.239 |   15.191 |   15.180 |   15.076 |   15.076 ||  -37.68  -37.66  -37.36  -37.82  -37.84  -37.73   -0.15  -37.42  -37.47  -37.89  -37.89
       med   |   24.758 |   15.327 |   15.256 |   15.432 |   15.150 |   15.146 |   15.173 |   24.299 |   15.404 |   15.220 |   15.134 |   15.132
64     4     |   25.124 |   18.358 |   18.285 |   18.654 |   18.268 |   18.255 |   18.237 |   25.113 |   18.644 |   18.625 |   18.265 |   18.262 ||  -26.93  -27.22  -25.75  -27.29  -27.34  -27.41   -0.04  -25.80  -25.87  -27.30  -27.31
       med   |   25.364 |   18.694 |   18.325 |   18.879 |   18.305 |   18.303 |   18.259 |   25.183 |   19.054 |   18.651 |   18.295 |   18.293
80     5     |   25.985 |   25.988 |   25.994 |   25.990 |   25.989 |   25.996 |   25.997 |   25.986 |   25.991 |   25.989 |   25.987 |   26.000 ||   +0.01   +0.03   +0.02   +0.02   +0.04   +0.05   +0.00   +0.02   +0.01   +0.01   +0.06
       med   |   26.681 |   26.019 |   26.437 |   26.148 |   26.205 |   26.522 |   26.065 |   26.018 |   26.028 |   26.253 |   26.348 |   26.327
96     6     |   26.898 |   26.924 |   26.918 |   26.918 |   26.917 |   26.922 |   26.907 |   26.864 |   26.922 |   26.924 |   26.910 |   26.955 ||   +0.10   +0.08   +0.07   +0.07   +0.09   +0.03   -0.12   +0.09   +0.10   +0.04   +0.21
       med   |   27.238 |   26.972 |   27.208 |   27.223 |   26.957 |   27.033 |   27.160 |   26.973 |   26.970 |   27.195 |   26.965 |   27.241
112    7     |   27.454 |   27.479 |   27.525 |   27.486 |   27.401 |   27.516 |   27.423 |   27.435 |   27.514 |   27.520 |   27.514 |   27.413 ||   +0.09   +0.26   +0.12   -0.19   +0.23   -0.11   -0.07   +0.22   +0.24   +0.22   -0.15
       med   |   28.185 |   27.517 |   27.773 |   27.629 |   27.556 |   28.040 |   27.582 |   27.470 |   27.551 |   27.642 |   27.934 |   27.782
128    8     |   25.517 |   25.599 |   25.596 |   25.572 |   25.586 |   25.578 |   25.585 |   25.559 |   25.592 |   25.578 |   25.594 |   25.573 ||   +0.32   +0.31   +0.21   +0.27   +0.24   +0.27   +0.16   +0.29   +0.24   +0.30   +0.22
       med   |   25.542 |   25.623 |   26.021 |   25.910 |   25.613 |   25.771 |   25.987 |   25.601 |   25.914 |   25.618 |   26.075 |   25.775
256    16    |   45.418 |   45.316 |   45.342 |   45.356 |   45.348 |   45.339 |   45.330 |   45.387 |   45.334 |   45.410 |   45.345 |   45.363 ||   -0.23   -0.17   -0.14   -0.15   -0.17   -0.19   -0.07   -0.19   -0.02   -0.16   -0.12
       med   |   46.655 |   45.634 |   46.205 |   45.587 |   45.694 |   46.103 |   45.690 |   46.125 |   46.043 |   46.392 |   46.191 |   46.475
512    32    |   84.358 |   84.450 |   84.399 |   84.450 |   84.385 |   84.397 |   84.406 |   84.400 |   84.374 |   84.425 |   84.372 |   84.457 ||   +0.11   +0.05   +0.11   +0.03   +0.05   +0.06   +0.05   +0.02   +0.08   +0.02   +0.12
       med   |   85.467 |   84.775 |   85.562 |   86.094 |   84.818 |   85.641 |   84.589 |   85.011 |   85.170 |   85.565 |   85.173 |   85.925
1024   64    |  161.919 |  161.923 |  161.915 |  162.033 |  161.936 |  161.970 |  161.962 |  161.922 |  161.797 |  161.926 |  161.891 |  161.678 ||   +0.00   -0.00   +0.07   +0.01   +0.03   +0.03   +0.00   -0.08   +0.00   -0.02   -0.15
       med   |  163.692 |  163.155 |  164.904 |  166.422 |  163.370 |  163.661 |  162.736 |  163.603 |  163.107 |  163.986 |  163.317 |  163.457
4096   256   |  628.229 |  628.723 |  628.621 |  628.779 |  628.523 |  628.857 |  628.864 |  628.730 |  628.615 |  628.754 |  628.800 |  628.957 ||   +0.08   +0.06   +0.09   +0.05   +0.10   +0.10   +0.08   +0.06   +0.08   +0.09   +0.12
       med   |  632.191 |  631.462 |  630.346 |  634.850 |  629.784 |  630.240 |  630.252 |  631.100 |  630.272 |  630.956 |  631.735 |  631.495
=== process binR.order3.3
SELFCHECK OK (256 whole-block lengths 1..256 blk x 12 variants; out/Xi/ivec/ret byte-identical, nothing written past 16*nblk)
bytes  blks  |     base |      d5r |    d5rAA |      w1r |       c3 |       d4 |       c5 |   baseAA |       w1 |     w1AA |       d5 |     d5AA ||     d5r%   d5rAA%     w1r%      c3%      d4%      c5%  baseAA%      w1%    w1AA%      d5%    d5AA%
16     1     |   25.390 |   12.492 |   12.519 |   12.594 |   12.515 |   12.509 |   12.507 |   25.428 |   12.571 |   12.571 |   12.504 |   12.555 ||  -50.80  -50.69  -50.40  -50.71  -50.73  -50.74   +0.15  -50.49  -50.49  -50.75  -50.55
       med   |   25.650 |   12.498 |   12.530 |   12.619 |   12.560 |   12.562 |   12.516 |   25.564 |   12.610 |   12.613 |   12.563 |   12.562
32     2     |   23.364 |   13.187 |   13.192 |   13.234 |   13.187 |   13.181 |   13.205 |   23.355 |   13.243 |   13.242 |   13.188 |   13.193 ||  -43.56  -43.54  -43.36  -43.56  -43.58  -43.48   -0.04  -43.32  -43.32  -43.56  -43.53
       med   |   23.882 |   13.192 |   13.198 |   13.239 |   13.208 |   13.187 |   13.213 |   23.443 |   13.280 |   13.274 |   13.198 |   13.237
48     3     |   24.238 |   15.100 |   15.142 |   15.207 |   15.093 |   15.086 |   15.102 |   24.242 |   15.216 |   15.186 |   15.085 |   15.088 ||  -37.70  -37.53  -37.26  -37.73  -37.76  -37.69   +0.02  -37.22  -37.35  -37.77  -37.75
       med   |   24.440 |   15.171 |   15.257 |   15.432 |   15.161 |   15.154 |   15.181 |   24.294 |   15.400 |   15.222 |   15.135 |   15.136
64     4     |   25.112 |   18.358 |   18.286 |   18.652 |   18.265 |   18.248 |   18.239 |   25.101 |   18.633 |   18.628 |   18.261 |   18.267 ||  -26.90  -27.18  -25.72  -27.27  -27.33  -27.37   -0.04  -25.80  -25.82  -27.28  -27.26
       med   |   25.181 |   18.550 |   18.447 |   18.870 |   18.302 |   18.303 |   18.262 |   25.177 |   18.960 |   18.652 |   18.285 |   18.310
80     5     |   25.985 |   25.988 |   25.996 |   25.992 |   25.992 |   25.990 |   25.990 |   25.992 |   25.989 |   25.995 |   25.994 |   25.992 ||   +0.01   +0.04   +0.03   +0.03   +0.02   +0.02   +0.03   +0.02   +0.04   +0.03   +0.03
       med   |   26.252 |   26.023 |   26.242 |   26.312 |   26.097 |   26.339 |   26.156 |   26.030 |   26.078 |   26.024 |   26.453 |   26.249
96     6     |   26.894 |   26.917 |   26.909 |   26.923 |   26.907 |   26.925 |   26.922 |   26.878 |   26.919 |   26.915 |   26.919 |   26.925 ||   +0.09   +0.06   +0.11   +0.05   +0.11   +0.10   -0.06   +0.09   +0.08   +0.09   +0.12
       med   |   26.962 |   26.973 |   27.342 |   27.230 |   26.954 |   27.170 |   26.970 |   26.973 |   27.057 |   26.959 |   27.243 |   27.058
112    7     |   27.453 |   27.412 |   27.521 |   27.495 |   27.412 |   27.518 |   27.495 |   27.428 |   27.517 |   27.519 |   27.525 |   27.418 ||   -0.15   +0.25   +0.16   -0.15   +0.24   +0.16   -0.09   +0.23   +0.24   +0.26   -0.12
       med   |   27.740 |   27.519 |   27.702 |   27.763 |   27.629 |   27.827 |   27.585 |   27.467 |   27.554 |   27.575 |   27.929 |   27.724
128    8     |   25.514 |   25.583 |   25.585 |   25.588 |   25.586 |   25.569 |   25.588 |   25.571 |   25.590 |   25.593 |   25.588 |   25.569 ||   +0.27   +0.28   +0.29   +0.28   +0.22   +0.29   +0.22   +0.30   +0.31   +0.29   +0.22
       med   |   25.547 |   25.623 |   25.610 |   25.993 |   25.611 |   25.893 |   25.741 |   25.601 |   25.614 |   25.856 |   26.031 |   25.805
256    16    |   45.433 |   45.316 |   45.337 |   45.358 |   45.337 |   45.333 |   45.334 |   45.451 |   45.346 |   45.333 |   45.370 |   45.411 ||   -0.26   -0.21   -0.16   -0.21   -0.22   -0.22   +0.04   -0.19   -0.22   -0.14   -0.05
       med   |   46.452 |   45.611 |   45.596 |   45.496 |   45.904 |   45.921 |   45.705 |   46.010 |   46.292 |   46.256 |   46.252 |   46.212
512    32    |   84.222 |   84.364 |   84.099 |   84.446 |   84.362 |   84.393 |   84.405 |   84.025 |   84.389 |   84.393 |   84.381 |   84.519 ||   +0.17   -0.15   +0.27   +0.17   +0.20   +0.22   -0.23   +0.20   +0.20   +0.19   +0.35
       med   |   84.994 |   84.861 |   85.502 |   86.575 |   84.838 |   85.677 |   84.624 |   84.642 |   85.023 |   85.729 |   85.490 |   86.116
1024   64    |  161.917 |  161.826 |  161.846 |  162.008 |  161.930 |  161.935 |  162.020 |  161.873 |  161.869 |  161.987 |  161.959 |  161.972 ||   -0.06   -0.04   +0.06   +0.01   +0.01   +0.06   -0.03   -0.03   +0.04   +0.03   +0.03
       med   |  163.898 |  163.711 |  164.470 |  165.830 |  163.273 |  163.182 |  163.231 |  163.260 |  163.330 |  164.755 |  164.018 |  163.239
4096   256   |  628.158 |  628.659 |  627.760 |  628.801 |  628.712 |  628.494 |  628.894 |  628.823 |  628.643 |  628.727 |  628.835 |  628.673 ||   +0.08   -0.06   +0.10   +0.09   +0.05   +0.12   +0.11   +0.08   +0.09   +0.11   +0.08
       med   |  632.125 |  630.915 |  631.294 |  636.227 |  630.088 |  630.466 |  630.455 |  630.284 |  630.587 |  630.867 |  631.657 |  630.403
=== process binR.order3.4
SELFCHECK OK (256 whole-block lengths 1..256 blk x 12 variants; out/Xi/ivec/ret byte-identical, nothing written past 16*nblk)
bytes  blks  |     base |      d5r |    d5rAA |      w1r |       c3 |       d4 |       c5 |   baseAA |       w1 |     w1AA |       d5 |     d5AA ||     d5r%   d5rAA%     w1r%      c3%      d4%      c5%  baseAA%      w1%    w1AA%      d5%    d5AA%
16     1     |   25.308 |   12.491 |   12.522 |   12.532 |   12.511 |   12.496 |   12.508 |   23.831 |   12.572 |   12.571 |   12.498 |   12.502 ||  -50.64  -50.52  -50.48  -50.57  -50.62  -50.58   -5.84  -50.33  -50.33  -50.62  -50.60
       med   |   25.632 |   12.499 |   12.531 |   12.618 |   12.563 |   12.563 |   12.570 |   25.524 |   12.610 |   12.612 |   12.562 |   12.562
32     2     |   23.363 |   13.186 |   13.193 |   13.234 |   13.185 |   13.181 |   13.205 |   23.367 |   13.242 |   13.242 |   13.187 |   13.192 ||  -43.56  -43.53  -43.35  -43.57  -43.58  -43.48   +0.02  -43.32  -43.32  -43.56  -43.53
       med   |   23.845 |   13.243 |   13.199 |   13.240 |   13.277 |   13.186 |   13.212 |   23.449 |   13.280 |   13.246 |   13.198 |   13.198
48     3     |   24.242 |   15.113 |   15.142 |   15.209 |   15.087 |   15.088 |   15.115 |   24.228 |   15.194 |   15.187 |   15.083 |   15.090 ||  -37.66  -37.54  -37.26  -37.76  -37.76  -37.65   -0.06  -37.32  -37.35  -37.78  -37.75
       med   |   24.756 |   15.314 |   15.248 |   15.428 |   15.149 |   15.152 |   15.172 |   24.313 |   15.399 |   15.326 |   15.139 |   15.138
64     4     |   25.129 |   18.355 |   18.281 |   18.655 |   18.266 |   18.252 |   18.231 |   25.111 |   18.624 |   18.623 |   18.268 |   18.267 ||  -26.96  -27.25  -25.76  -27.31  -27.37  -27.45   -0.07  -25.89  -25.89  -27.30  -27.30
       med   |   25.431 |   18.683 |   18.443 |   18.871 |   18.302 |   18.301 |   18.263 |   25.185 |   19.009 |   18.651 |   18.285 |   18.308
80     5     |   25.984 |   25.991 |   25.998 |   25.990 |   25.989 |   25.993 |   25.994 |   25.983 |   25.994 |   25.991 |   25.987 |   25.991 ||   +0.03   +0.05   +0.02   +0.02   +0.03   +0.04   -0.00   +0.04   +0.03   +0.01   +0.03
       med   |   26.127 |   26.021 |   26.440 |   26.045 |   26.075 |   26.443 |   26.240 |   26.019 |   26.103 |   26.108 |   26.337 |   26.313
96     6     |   26.900 |   26.943 |   26.930 |   26.905 |   26.924 |   26.925 |   26.919 |   26.885 |   26.920 |   26.914 |   26.929 |   26.911 ||   +0.16   +0.11   +0.02   +0.09   +0.09   +0.07   -0.06   +0.07   +0.05   +0.11   +0.04
       med   |   27.331 |   26.972 |   27.011 |   26.979 |   26.960 |   27.408 |   26.961 |   26.972 |   26.965 |   26.962 |   27.340 |   27.222
112    7     |   27.458 |   27.489 |   27.525 |   27.488 |   27.519 |   27.515 |   27.429 |   27.425 |   27.512 |   27.427 |   27.513 |   27.481 ||   +0.11   +0.25   +0.11   +0.22   +0.21   -0.10   -0.12   +0.20   -0.11   +0.20   +0.08
       med   |   27.823 |   27.518 |   27.929 |   27.530 |   27.552 |   27.842 |   27.578 |   27.464 |   27.554 |   27.559 |   27.800 |   27.777
128    8     |   25.518 |   25.599 |   25.592 |   25.570 |   25.580 |   25.574 |   25.589 |   25.576 |   25.584 |   25.592 |   25.590 |   25.575 ||   +0.32   +0.29   +0.21   +0.24   +0.22   +0.28   +0.23   +0.26   +0.29   +0.29   +0.23
       med   |   25.547 |   25.623 |   25.866 |   25.643 |   25.959 |   25.908 |   26.031 |   25.602 |   25.907 |   25.868 |   25.800 |   25.880
256    16    |   45.422 |   45.330 |   45.330 |   45.366 |   45.345 |   45.356 |   45.355 |   45.475 |   45.339 |   45.408 |   45.343 |   45.372 ||   -0.20   -0.20   -0.12   -0.17   -0.15   -0.15   +0.12   -0.18   -0.03   -0.17   -0.11
       med   |   46.361 |   45.706 |   46.215 |   45.593 |   45.703 |   45.733 |   45.811 |   46.181 |   45.880 |   46.340 |   46.153 |   46.384
512    32    |   84.370 |   84.392 |   84.344 |   84.464 |   84.356 |   84.323 |   84.394 |   84.380 |   84.405 |   84.405 |   84.402 |   84.578 ||   +0.03   -0.03   +0.11   -0.02   -0.06   +0.03   +0.01   +0.04   +0.04   +0.04   +0.25
       med   |   85.538 |   84.621 |   84.926 |   85.988 |   85.116 |   85.723 |   84.584 |   85.608 |   85.148 |   85.873 |   85.425 |   85.969
1024   64    |  161.817 |  161.971 |  161.833 |  162.018 |  161.829 |  161.880 |  161.924 |  161.933 |  161.925 |  161.958 |  161.835 |  162.125 ||   +0.10   +0.01   +0.12   +0.01   +0.04   +0.07   +0.07   +0.07   +0.09   +0.01   +0.19
       med   |  163.201 |  163.241 |  163.048 |  165.369 |  162.750 |  163.089 |  163.041 |  163.103 |  163.087 |  163.040 |  163.560 |  164.463
4096   256   |  628.173 |  628.605 |  628.003 |  628.785 |  628.764 |  627.849 |  628.879 |  628.791 |  628.723 |  628.774 |  628.667 |  628.442 ||   +0.07   -0.03   +0.10   +0.09   -0.05   +0.11   +0.10   +0.09   +0.10   +0.08   +0.04
       med   |  631.670 |  631.696 |  631.189 |  634.668 |  629.787 |  629.949 |  630.205 |  633.048 |  630.844 |  631.028 |  631.747 |  630.504
=== process binR.order3.5
SELFCHECK OK (256 whole-block lengths 1..256 blk x 12 variants; out/Xi/ivec/ret byte-identical, nothing written past 16*nblk)
bytes  blks  |     base |      d5r |    d5rAA |      w1r |       c3 |       d4 |       c5 |   baseAA |       w1 |     w1AA |       d5 |     d5AA ||     d5r%   d5rAA%     w1r%      c3%      d4%      c5%  baseAA%      w1%    w1AA%      d5%    d5AA%
16     1     |   25.199 |   12.491 |   12.520 |   12.605 |   12.514 |   12.552 |   12.508 |   25.353 |   12.572 |   12.571 |   12.497 |   12.556 ||  -50.43  -50.31  -49.98  -50.34  -50.19  -50.36   +0.61  -50.11  -50.11  -50.41  -50.17
       med   |   25.669 |   12.497 |   12.530 |   12.619 |   12.525 |   12.562 |   12.571 |   25.556 |   12.610 |   12.613 |   12.562 |   12.562
32     2     |   23.368 |   13.186 |   13.192 |   13.235 |   13.184 |   13.183 |   13.205 |   23.360 |   13.243 |   13.242 |   13.186 |   13.193 ||  -43.57  -43.55  -43.36  -43.58  -43.59  -43.49   -0.03  -43.33  -43.33  -43.57  -43.54
       med   |   23.900 |   13.192 |   13.198 |   13.239 |   13.208 |   13.271 |   13.212 |   23.441 |   13.280 |   13.246 |   13.197 |   13.197
48     3     |   24.246 |   15.139 |   15.146 |   15.209 |   15.100 |   15.094 |   15.133 |   24.248 |   15.199 |   15.187 |   15.102 |   15.077 ||  -37.56  -37.53  -37.27  -37.72  -37.75  -37.59   +0.01  -37.31  -37.37  -37.71  -37.82
       med   |   24.794 |   15.330 |   15.259 |   15.443 |   15.169 |   15.174 |   15.205 |   24.301 |   15.408 |   15.222 |   15.158 |   15.156
64     4     |   25.132 |   18.361 |   18.283 |   18.653 |   18.267 |   18.248 |   18.235 |   25.110 |   18.635 |   18.622 |   18.266 |   18.267 ||  -26.94  -27.25  -25.78  -27.32  -27.39  -27.44   -0.09  -25.85  -25.90  -27.32  -27.32
       med   |   25.627 |   18.689 |   18.305 |   18.684 |   18.300 |   18.304 |   18.261 |   25.181 |   19.283 |   18.649 |   18.287 |   18.292
80     5     |   25.985 |   25.991 |   25.998 |   25.996 |   25.990 |   25.993 |   25.987 |   25.988 |   25.992 |   25.997 |   25.991 |   26.007 ||   +0.02   +0.05   +0.04   +0.02   +0.03   +0.01   +0.01   +0.03   +0.05   +0.02   +0.08
       med   |   26.270 |   26.026 |   26.423 |   26.330 |   26.077 |   26.254 |   26.056 |   26.020 |   26.077 |   26.024 |   26.021 |   26.330
96     6     |   26.928 |   26.931 |   26.922 |   26.892 |   26.918 |   26.926 |   26.926 |   26.885 |   26.918 |   26.910 |   26.928 |   26.929 ||   +0.01   -0.02   -0.13   -0.04   -0.01   -0.01   -0.16   -0.04   -0.07   -0.00   +0.00
       med   |   27.593 |   26.972 |   27.368 |   26.977 |   26.957 |   27.472 |   26.960 |   26.972 |   26.960 |   26.962 |   26.960 |   27.238
112    7     |   27.462 |   27.399 |   27.526 |   27.483 |   27.526 |   27.526 |   27.426 |   27.439 |   27.516 |   27.518 |   27.520 |   27.507 ||   -0.23   +0.23   +0.07   +0.23   +0.23   -0.13   -0.08   +0.20   +0.20   +0.21   +0.16
       med   |   28.232 |   27.520 |   27.937 |   27.532 |   27.820 |   28.033 |   27.783 |   27.469 |   27.551 |   27.741 |   27.550 |   27.799
128    8     |   25.533 |   25.562 |   25.600 |   25.577 |   25.590 |   25.590 |   25.587 |   25.580 |   25.589 |   25.588 |   25.588 |   25.594 ||   +0.11   +0.26   +0.17   +0.22   +0.22   +0.21   +0.18   +0.22   +0.22   +0.22   +0.24
       med   |   26.343 |   25.623 |   26.020 |   25.975 |   25.612 |   26.270 |   25.621 |   25.601 |   25.898 |   25.863 |   25.612 |   25.898
256    16    |   45.432 |   45.335 |   45.338 |   45.371 |   45.331 |   45.347 |   45.357 |   45.433 |   45.357 |   45.479 |   45.385 |   45.358 ||   -0.21   -0.21   -0.14   -0.22   -0.19   -0.17   +0.00   -0.17   +0.10   -0.11   -0.16
       med   |   46.864 |   45.569 |   46.243 |   45.870 |   45.853 |   46.049 |   45.913 |   46.124 |   46.206 |   46.571 |   45.904 |   46.171
512    32    |   84.354 |   84.373 |   84.316 |   84.458 |   84.382 |   84.349 |   84.358 |   83.775 |   84.329 |   84.411 |   84.388 |   84.400 ||   +0.02   -0.04   +0.12   +0.03   -0.01   +0.01   -0.69   -0.03   +0.07   +0.04   +0.06
       med   |   85.360 |   84.713 |   85.136 |   86.480 |   85.009 |   85.683 |   84.592 |   85.526 |   85.321 |   85.787 |   85.442 |   86.278
1024   64    |  161.662 |  161.993 |  161.845 |  162.020 |  161.857 |  161.868 |  161.953 |  161.917 |  161.873 |  161.936 |  161.831 |  162.278 ||   +0.20   +0.11   +0.22   +0.12   +0.13   +0.18   +0.16   +0.13   +0.17   +0.10   +0.38
       med   |  163.128 |  163.083 |  163.324 |  165.659 |  162.791 |  163.436 |  162.509 |  163.096 |  163.119 |  163.074 |  163.590 |  165.125
4096   256   |  628.083 |  628.632 |  628.706 |  628.798 |  628.823 |  628.781 |  628.866 |  628.871 |  628.530 |  628.823 |  628.810 |  628.881 ||   +0.09   +0.10   +0.11   +0.12   +0.11   +0.12   +0.13   +0.07   +0.12   +0.12   +0.13
       med   |  631.833 |  631.042 |  630.265 |  635.744 |  630.009 |  630.638 |  630.252 |  630.854 |  630.765 |  630.797 |  631.472 |  632.171
