## bin=binR host=gv4 core=3 reps=300 nproc=5
## O1: base baseAA w1 w1AA d5 d5AA d5r d5rAA w1r c3 d4 c5
## O2: base c5 d4 c3 w1r d5rAA d5r d5AA d5 w1AA w1 baseAA
## O3: base d5r d5rAA w1r c3 d4 c5 baseAA w1 w1AA d5 d5AA
=== process binR.order1.1
SELFCHECK OK (256 whole-block lengths 1..256 blk x 12 variants; out/Xi/ivec/ret byte-identical, nothing written past 16*nblk)
bytes  blks  |     base |   baseAA |       w1 |     w1AA |       d5 |     d5AA |      d5r |    d5rAA |      w1r |       c3 |       d4 |       c5 ||  baseAA%      w1%    w1AA%      d5%    d5AA%     d5r%   d5rAA%     w1r%      c3%      d4%      c5%
16     1     |   25.290 |   24.473 |   12.571 |   12.571 |   12.494 |   12.527 |   12.519 |   12.497 |   12.570 |   12.501 |   12.500 |   12.519 ||   -3.23  -50.29  -50.29  -50.60  -50.47  -50.50  -50.59  -50.30  -50.57  -50.57  -50.50
       med   |   25.552 |   25.690 |   12.613 |   12.613 |   12.506 |   12.563 |   12.532 |   12.551 |   12.588 |   12.548 |   12.529 |   12.530
32     2     |   23.360 |   23.357 |   13.242 |   13.243 |   13.187 |   13.192 |   13.184 |   13.186 |   13.243 |   13.189 |   13.171 |   13.199 ||   -0.01  -43.31  -43.31  -43.55  -43.53  -43.56  -43.55  -43.31  -43.54  -43.62  -43.50
       med   |   23.511 |   23.967 |   13.246 |   13.305 |   13.236 |   13.198 |   13.199 |   13.193 |   13.306 |   13.203 |   13.256 |   13.205
48     3     |   24.247 |   24.249 |   15.184 |   15.186 |   15.084 |   15.084 |   15.119 |   15.105 |   15.208 |   15.073 |   15.118 |   15.183 ||   +0.01  -37.38  -37.37  -37.79  -37.79  -37.65  -37.70  -37.28  -37.84  -37.65  -37.38
       med   |   24.345 |   24.717 |   15.401 |   15.398 |   15.156 |   15.137 |   15.184 |   15.172 |   15.565 |   15.150 |   15.180 |   15.244
64     4     |   25.121 |   25.123 |   18.630 |   18.626 |   18.274 |   18.268 |   18.282 |   18.355 |   18.623 |   18.292 |   18.287 |   18.277 ||   +0.01  -25.84  -25.85  -27.25  -27.28  -27.22  -26.93  -25.87  -27.18  -27.20  -27.24
       med   |   25.371 |   25.984 |   18.666 |   18.965 |   18.714 |   18.450 |   18.306 |   18.384 |   18.997 |   18.308 |   18.307 |   18.705
80     5     |   25.994 |   25.997 |   25.998 |   25.994 |   26.004 |   25.997 |   25.997 |   26.000 |   25.992 |   25.988 |   25.992 |   25.991 ||   +0.01   +0.01   +0.00   +0.04   +0.01   +0.01   +0.02   -0.01   -0.02   -0.01   -0.01
       med   |   26.071 |   26.958 |   26.187 |   26.109 |   26.471 |   26.381 |   26.457 |   26.325 |   26.070 |   26.216 |   26.018 |   26.022
96     6     |   26.888 |   26.891 |   26.920 |   26.921 |   26.930 |   26.917 |   26.906 |   26.885 |   26.928 |   26.902 |   26.895 |   26.911 ||   +0.01   +0.12   +0.12   +0.15   +0.11   +0.07   -0.01   +0.15   +0.05   +0.03   +0.08
       med   |   27.223 |   27.742 |   27.037 |   27.223 |   27.373 |   27.252 |   27.221 |   27.210 |   26.958 |   27.083 |   26.975 |   26.979
112    7     |   27.441 |   27.369 |   27.523 |   27.515 |   27.450 |   27.523 |   27.494 |   27.491 |   27.516 |   27.403 |   27.385 |   27.410 ||   -0.26   +0.30   +0.27   +0.03   +0.30   +0.19   +0.18   +0.27   -0.14   -0.20   -0.11
       med   |   27.775 |   28.400 |   27.641 |   27.856 |   27.967 |   27.860 |   27.850 |   27.765 |   27.547 |   27.682 |   27.520 |   27.525
128    8     |   25.520 |   25.533 |   25.407 |   25.596 |   25.571 |   25.588 |   25.589 |   25.574 |   25.590 |   25.371 |   25.602 |   25.548 ||   +0.05   -0.44   +0.30   +0.20   +0.27   +0.27   +0.21   +0.27   -0.58   +0.32   +0.11
       med   |   25.787 |   25.702 |   25.779 |   26.017 |   26.032 |   26.465 |   25.849 |   25.835 |   25.611 |   25.853 |   25.625 |   25.632
256    16    |   45.436 |   45.482 |   45.363 |   45.389 |   45.374 |   45.353 |   45.379 |   45.325 |   45.371 |   45.359 |   45.373 |   45.439 ||   +0.10   -0.16   -0.10   -0.14   -0.18   -0.13   -0.25   -0.14   -0.17   -0.14   +0.01
       med   |   45.730 |   46.500 |   45.955 |   46.082 |   46.238 |   45.930 |   46.447 |   46.210 |   46.257 |   46.233 |   46.127 |   46.109
512    32    |   84.364 |   84.367 |   84.277 |   84.433 |   84.387 |   84.513 |   84.405 |   84.040 |   84.076 |   84.447 |   84.444 |   84.457 ||   +0.00   -0.10   +0.08   +0.03   +0.18   +0.05   -0.38   -0.34   +0.10   +0.09   +0.11
       med   |   85.610 |   85.402 |   85.037 |   85.653 |   85.135 |   85.330 |   85.857 |   84.999 |   85.595 |   85.374 |   85.590 |   85.327
1024   64    |  161.970 |  161.310 |  161.859 |  162.106 |  162.024 |  162.028 |  161.905 |  161.638 |  160.856 |  161.896 |  162.032 |  162.071 ||   -0.41   -0.07   +0.08   +0.03   +0.04   -0.04   -0.20   -0.69   -0.05   +0.04   +0.06
       med   |  164.180 |  163.210 |  163.101 |  163.518 |  163.909 |  163.278 |  164.138 |  162.765 |  163.667 |  163.212 |  164.721 |  163.288
4096   256   |  628.361 |  628.578 |  628.747 |  628.981 |  628.848 |  628.749 |  628.615 |  628.634 |  628.798 |  628.465 |  628.765 |  628.878 ||   +0.03   +0.06   +0.10   +0.08   +0.06   +0.04   +0.04   +0.07   +0.02   +0.06   +0.08
       med   |  634.835 |  630.442 |  631.859 |  632.117 |  630.899 |  630.481 |  630.938 |  630.555 |  631.245 |  630.303 |  632.846 |  631.288
=== process binR.order1.2
SELFCHECK OK (256 whole-block lengths 1..256 blk x 12 variants; out/Xi/ivec/ret byte-identical, nothing written past 16*nblk)
bytes  blks  |     base |   baseAA |       w1 |     w1AA |       d5 |     d5AA |      d5r |    d5rAA |      w1r |       c3 |       d4 |       c5 ||  baseAA%      w1%    w1AA%      d5%    d5AA%     d5r%   d5rAA%     w1r%      c3%      d4%      c5%
16     1     |   25.346 |   25.393 |   12.570 |   12.572 |   12.493 |   12.555 |   12.520 |   12.493 |   12.570 |   12.501 |   12.495 |   12.521 ||   +0.19  -50.41  -50.40  -50.71  -50.47  -50.60  -50.71  -50.40  -50.68  -50.70  -50.60
       med   |   25.568 |   25.837 |   12.613 |   12.613 |   12.560 |   12.563 |   12.554 |   12.550 |   12.608 |   12.546 |   12.529 |   12.530
32     2     |   23.358 |   23.414 |   13.242 |   13.242 |   13.186 |   13.193 |   13.187 |   13.188 |   13.243 |   13.187 |   13.170 |   13.200 ||   +0.24  -43.31  -43.31  -43.55  -43.52  -43.54  -43.54  -43.30  -43.54  -43.61  -43.49
       med   |   23.590 |   24.362 |   13.246 |   13.306 |   13.234 |   13.199 |   13.198 |   13.192 |   13.306 |   13.205 |   13.255 |   13.205
48     3     |   24.251 |   24.268 |   15.190 |   15.184 |   15.095 |   15.091 |   15.130 |   15.119 |   15.206 |   15.073 |   15.117 |   15.176 ||   +0.07  -37.37  -37.39  -37.76  -37.77  -37.61  -37.66  -37.30  -37.85  -37.67  -37.42
       med   |   24.481 |   25.193 |   15.333 |   15.229 |   15.335 |   15.136 |   15.186 |   15.172 |   15.567 |   15.128 |   15.181 |   15.242
64     4     |   25.149 |   25.166 |   18.626 |   18.630 |   18.269 |   18.267 |   18.279 |   18.352 |   18.621 |   18.290 |   18.287 |   18.285 ||   +0.07  -25.94  -25.92  -27.36  -27.36  -27.32  -27.03  -25.96  -27.27  -27.29  -27.30
       med   |   25.192 |   25.980 |   18.761 |   18.958 |   18.479 |   18.445 |   18.305 |   18.383 |   18.987 |   18.308 |   18.309 |   18.308
80     5     |   25.992 |   25.994 |   25.988 |   25.997 |   26.003 |   25.993 |   25.999 |   25.992 |   25.989 |   25.991 |   25.991 |   25.993 ||   +0.01   -0.01   +0.02   +0.04   +0.01   +0.03   +0.00   -0.01   -0.00   -0.00   +0.00
       med   |   26.072 |   26.443 |   26.170 |   26.426 |   26.553 |   26.563 |   26.444 |   26.325 |   26.026 |   26.274 |   26.021 |   26.105
96     6     |   26.916 |   26.931 |   26.914 |   26.929 |   26.930 |   26.927 |   26.935 |   26.905 |   26.900 |   26.878 |   26.898 |   26.930 ||   +0.06   -0.01   +0.05   +0.06   +0.04   +0.07   -0.04   -0.06   -0.14   -0.07   +0.05
       med   |   27.215 |   27.743 |   27.036 |   27.267 |   27.392 |   27.436 |   27.223 |   27.029 |   26.959 |   27.092 |   26.977 |   26.978
112    7     |   27.454 |   27.371 |   27.518 |   27.518 |   27.514 |   27.523 |   27.493 |   27.493 |   27.513 |   27.421 |   27.382 |   27.420 ||   -0.30   +0.23   +0.23   +0.22   +0.25   +0.14   +0.14   +0.21   -0.12   -0.26   -0.13
       med   |   27.796 |   28.401 |   27.639 |   27.616 |   27.967 |   28.146 |   27.950 |   27.591 |   27.548 |   27.661 |   27.521 |   27.526
128    8     |   25.518 |   25.551 |   25.404 |   25.588 |   25.600 |   25.591 |   25.590 |   25.578 |   25.588 |   25.384 |   25.574 |   25.557 ||   +0.13   -0.45   +0.27   +0.32   +0.29   +0.28   +0.24   +0.27   -0.53   +0.22   +0.15
       med   |   25.545 |   26.160 |   25.777 |   26.017 |   26.041 |   26.331 |   25.855 |   25.840 |   25.612 |   25.830 |   25.624 |   25.628
256    16    |   45.490 |   45.313 |   45.151 |   45.319 |   45.376 |   45.360 |   45.360 |   45.347 |   45.350 |   45.349 |   45.340 |   45.471 ||   -0.39   -0.75   -0.38   -0.25   -0.29   -0.29   -0.32   -0.31   -0.31   -0.33   -0.04
       med   |   46.181 |   46.010 |   45.997 |   45.905 |   46.130 |   46.481 |   45.895 |   46.155 |   46.329 |   46.024 |   45.785 |   46.062
512    32    |   84.382 |   84.353 |   84.399 |   84.500 |   84.393 |   84.478 |   84.403 |   84.448 |   84.394 |   84.490 |   84.437 |   84.549 ||   -0.03   +0.02   +0.14   +0.01   +0.11   +0.02   +0.08   +0.01   +0.13   +0.06   +0.20
       med   |   85.415 |   85.291 |   85.256 |   85.559 |   85.406 |   85.276 |   85.544 |   84.586 |   85.551 |   85.355 |   84.649 |   85.362
1024   64    |  161.875 |  161.821 |  162.013 |  162.062 |  161.990 |  162.050 |  161.744 |  161.708 |  160.845 |  162.003 |  161.877 |  162.010 ||   -0.03   +0.09   +0.12   +0.07   +0.11   -0.08   -0.10   -0.64   +0.08   +0.00   +0.08
       med   |  163.797 |  165.028 |  163.894 |  163.709 |  164.210 |  163.319 |  163.508 |  163.036 |  164.507 |  163.119 |  162.799 |  163.923
4096   256   |  628.211 |  628.676 |  628.814 |  629.053 |  628.814 |  628.853 |  628.702 |  628.671 |  628.793 |  628.308 |  628.740 |  628.841 ||   +0.07   +0.10   +0.13   +0.10   +0.10   +0.08   +0.07   +0.09   +0.02   +0.08   +0.10
       med   |  633.764 |  633.164 |  630.908 |  631.140 |  630.850 |  630.296 |  631.497 |  630.592 |  631.447 |  630.246 |  631.125 |  631.336
=== process binR.order1.3
SELFCHECK OK (256 whole-block lengths 1..256 blk x 12 variants; out/Xi/ivec/ret byte-identical, nothing written past 16*nblk)
bytes  blks  |     base |   baseAA |       w1 |     w1AA |       d5 |     d5AA |      d5r |    d5rAA |      w1r |       c3 |       d4 |       c5 ||  baseAA%      w1%    w1AA%      d5%    d5AA%     d5r%   d5rAA%     w1r%      c3%      d4%      c5%
16     1     |   25.331 |   25.344 |   12.572 |   12.573 |   12.494 |   12.540 |   12.522 |   12.524 |   12.570 |   12.495 |   12.493 |   12.518 ||   +0.05  -50.37  -50.37  -50.68  -50.50  -50.56  -50.56  -50.38  -50.67  -50.68  -50.58
       med   |   25.572 |   25.818 |   12.613 |   12.613 |   12.561 |   12.563 |   12.553 |   12.552 |   12.609 |   12.545 |   12.529 |   12.530
32     2     |   23.363 |   23.373 |   13.242 |   13.242 |   13.188 |   13.194 |   13.185 |   13.188 |   13.242 |   13.188 |   13.170 |   13.198 ||   +0.04  -43.32  -43.32  -43.55  -43.53  -43.56  -43.55  -43.32  -43.55  -43.63  -43.51
       med   |   23.584 |   24.365 |   13.246 |   13.307 |   13.236 |   13.198 |   13.199 |   13.192 |   13.306 |   13.204 |   13.257 |   13.205
48     3     |   24.256 |   24.264 |   15.182 |   15.190 |   15.094 |   15.092 |   15.129 |   15.115 |   15.210 |   15.081 |   15.121 |   15.174 ||   +0.03  -37.41  -37.38  -37.77  -37.78  -37.63  -37.69  -37.29  -37.83  -37.66  -37.44
       med   |   24.344 |   25.189 |   15.371 |   15.528 |   15.350 |   15.140 |   15.186 |   15.170 |   15.567 |   15.205 |   15.185 |   15.238
64     4     |   25.119 |   25.106 |   18.631 |   18.627 |   18.269 |   18.271 |   18.280 |   18.349 |   18.624 |   18.288 |   18.284 |   18.290 ||   -0.05  -25.83  -25.85  -27.27  -27.26  -27.23  -26.95  -25.86  -27.20  -27.21  -27.19
       med   |   25.354 |   25.986 |   18.842 |   18.958 |   18.475 |   18.433 |   18.306 |   18.386 |   19.049 |   18.307 |   18.304 |   18.661
80     5     |   25.989 |   26.003 |   26.000 |   25.994 |   25.998 |   25.996 |   26.001 |   25.983 |   25.995 |   25.995 |   25.988 |   25.995 ||   +0.06   +0.04   +0.02   +0.03   +0.03   +0.05   -0.02   +0.02   +0.02   -0.00   +0.02
       med   |   26.315 |   26.961 |   26.230 |   26.248 |   26.564 |   26.319 |   26.462 |   26.027 |   26.020 |   26.233 |   26.019 |   26.021
96     6     |   26.896 |   26.885 |   26.935 |   26.932 |   26.928 |   26.935 |   26.926 |   26.892 |   26.921 |   26.937 |   26.894 |   26.895 ||   -0.04   +0.15   +0.13   +0.12   +0.14   +0.11   -0.01   +0.09   +0.15   -0.01   -0.00
       med   |   27.261 |   27.253 |   27.038 |   27.235 |   27.235 |   27.438 |   27.222 |   26.989 |   26.957 |   27.038 |   26.978 |   26.977
112    7     |   27.448 |   27.442 |   27.511 |   27.522 |   27.513 |   27.522 |   27.494 |   27.488 |   27.512 |   27.385 |   27.383 |   27.406 ||   -0.02   +0.23   +0.27   +0.24   +0.27   +0.17   +0.15   +0.23   -0.23   -0.24   -0.15
       med   |   27.922 |   28.397 |   27.555 |   27.919 |   27.970 |   28.135 |   27.951 |   27.588 |   27.549 |   27.791 |   27.516 |   27.519
128    8     |   25.506 |   25.593 |   25.416 |   25.589 |   25.594 |   25.592 |   25.594 |   25.570 |   25.581 |   25.368 |   25.581 |   25.551 ||   +0.34   -0.35   +0.32   +0.35   +0.34   +0.35   +0.25   +0.29   -0.54   +0.29   +0.17
       med   |   25.786 |   26.235 |   25.781 |   25.871 |   26.061 |   26.332 |   25.849 |   25.817 |   25.612 |   25.960 |   25.624 |   25.626
256    16    |   45.443 |   45.398 |   45.348 |   45.351 |   45.338 |   45.358 |   45.364 |   45.328 |   45.330 |   45.339 |   45.346 |   45.434 ||   -0.10   -0.21   -0.20   -0.23   -0.19   -0.18   -0.25   -0.25   -0.23   -0.21   -0.02
       med   |   45.945 |   46.436 |   45.961 |   45.984 |   45.934 |   46.514 |   46.000 |   46.075 |   45.950 |   46.068 |   45.810 |   45.954
512    32    |   84.461 |   83.723 |   84.379 |   84.428 |   84.419 |   84.579 |   84.382 |   84.499 |   84.406 |   84.487 |   84.441 |   84.466 ||   -0.87   -0.10   -0.04   -0.05   +0.14   -0.09   +0.04   -0.06   +0.03   -0.02   +0.01
       med   |   86.109 |   85.514 |   85.428 |   85.609 |   85.855 |   85.629 |   85.637 |   84.654 |   85.937 |   85.433 |   85.197 |   85.358
1024   64    |  161.907 |  161.907 |  161.903 |  162.030 |  161.981 |  162.099 |  161.870 |  162.047 |  161.869 |  161.855 |  162.001 |  162.157 ||   +0.00   -0.00   +0.08   +0.05   +0.12   -0.02   +0.09   -0.02   -0.03   +0.06   +0.15
       med   |  164.121 |  164.766 |  163.288 |  163.639 |  164.156 |  164.100 |  164.018 |  162.771 |  164.928 |  163.290 |  164.844 |  162.966
4096   256   |  628.253 |  628.663 |  628.571 |  628.979 |  628.798 |  628.904 |  628.630 |  628.722 |  628.709 |  628.418 |  628.737 |  628.869 ||   +0.07   +0.05   +0.12   +0.09   +0.10   +0.06   +0.07   +0.07   +0.03   +0.08   +0.10
       med   |  633.589 |  632.973 |  631.678 |  633.081 |  631.245 |  630.431 |  632.206 |  630.356 |  631.104 |  630.049 |  631.686 |  630.827
=== process binR.order1.4
SELFCHECK OK (256 whole-block lengths 1..256 blk x 12 variants; out/Xi/ivec/ret byte-identical, nothing written past 16*nblk)
bytes  blks  |     base |   baseAA |       w1 |     w1AA |       d5 |     d5AA |      d5r |    d5rAA |      w1r |       c3 |       d4 |       c5 ||  baseAA%      w1%    w1AA%      d5%    d5AA%     d5r%   d5rAA%     w1r%      c3%      d4%      c5%
16     1     |   24.442 |   23.372 |   12.573 |   12.571 |   12.495 |   12.508 |   12.521 |   12.493 |   12.569 |   12.518 |   12.495 |   12.520 ||   -4.38  -48.56  -48.57  -48.88  -48.83  -48.77  -48.89  -48.58  -48.79  -48.88  -48.78
       med   |   25.570 |   25.727 |   12.613 |   12.613 |   12.564 |   12.563 |   12.557 |   12.552 |   12.607 |   12.548 |   12.529 |   12.530
32     2     |   23.409 |   23.368 |   13.242 |   13.241 |   13.186 |   13.187 |   13.189 |   13.187 |   13.242 |   13.189 |   13.172 |   13.198 ||   -0.17  -43.43  -43.43  -43.67  -43.67  -43.66  -43.67  -43.43  -43.66  -43.73  -43.62
       med   |   23.604 |   24.110 |   13.246 |   13.306 |   13.236 |   13.198 |   13.199 |   13.193 |   13.305 |   13.203 |   13.258 |   13.206
48     3     |   24.263 |   24.257 |   15.185 |   15.188 |   15.077 |   15.090 |   15.127 |   15.123 |   15.191 |   15.078 |   15.120 |   15.167 ||   -0.03  -37.42  -37.40  -37.86  -37.81  -37.66  -37.67  -37.39  -37.86  -37.69  -37.49
       med   |   24.490 |   25.206 |   15.422 |   15.535 |   15.202 |   15.138 |   15.189 |   15.171 |   15.542 |   15.151 |   15.185 |   15.247
64     4     |   25.123 |   25.100 |   18.630 |   18.630 |   18.271 |   18.268 |   18.282 |   18.355 |   18.625 |   18.286 |   18.283 |   18.294 ||   -0.09  -25.84  -25.84  -27.27  -27.29  -27.23  -26.94  -25.86  -27.22  -27.22  -27.18
       med   |   25.427 |   25.640 |   18.846 |   18.962 |   18.466 |   18.330 |   18.310 |   18.385 |   19.218 |   18.308 |   18.305 |   18.703
80     5     |   25.991 |   25.993 |   26.000 |   25.999 |   25.997 |   26.001 |   25.999 |   25.988 |   25.993 |   25.988 |   25.991 |   25.996 ||   +0.01   +0.04   +0.03   +0.03   +0.04   +0.03   -0.01   +0.01   -0.01   -0.00   +0.02
       med   |   26.071 |   26.487 |   26.212 |   26.340 |   26.441 |   26.616 |   26.463 |   26.021 |   26.027 |   26.260 |   26.037 |   26.020
96     6     |   26.878 |   26.884 |   26.930 |   26.934 |   26.938 |   26.907 |   26.920 |   26.903 |   26.921 |   26.939 |   26.940 |   26.892 ||   +0.02   +0.19   +0.21   +0.22   +0.11   +0.16   +0.09   +0.16   +0.22   +0.23   +0.05
       med   |   27.378 |   27.744 |   27.038 |   27.190 |   27.431 |   27.158 |   27.220 |   26.979 |   26.958 |   27.198 |   26.974 |   26.978
112    7     |   27.461 |   27.367 |   27.515 |   27.519 |   27.492 |   27.529 |   27.504 |   27.486 |   27.515 |   27.416 |   27.383 |   27.402 ||   -0.34   +0.20   +0.21   +0.11   +0.25   +0.16   +0.09   +0.20   -0.17   -0.28   -0.22
       med   |   27.902 |   28.397 |   27.549 |   27.917 |   27.826 |   28.155 |   27.951 |   27.528 |   27.549 |   27.828 |   27.519 |   27.523
128    8     |   25.525 |   25.564 |   25.414 |   25.590 |   25.601 |   25.563 |   25.597 |   25.566 |   25.579 |   25.384 |   25.602 |   25.559 ||   +0.15   -0.44   +0.26   +0.30   +0.15   +0.28   +0.16   +0.21   -0.55   +0.30   +0.13
       med   |   25.797 |   25.736 |   25.770 |   26.012 |   26.151 |   26.328 |   25.848 |   25.825 |   25.613 |   25.946 |   25.625 |   25.627
256    16    |   45.427 |   45.532 |   45.367 |   45.357 |   45.398 |   45.394 |   45.463 |   45.376 |   45.362 |   45.387 |   45.361 |   45.453 ||   +0.23   -0.13   -0.15   -0.06   -0.07   +0.08   -0.11   -0.14   -0.09   -0.14   +0.06
       med   |   45.780 |   46.457 |   45.933 |   45.650 |   46.257 |   46.484 |   46.438 |   45.897 |   46.050 |   46.138 |   46.094 |   46.019
512    32    |   84.301 |   83.613 |   84.405 |   84.523 |   84.417 |   84.455 |   84.376 |   84.461 |   84.361 |   84.456 |   84.431 |   84.448 ||   -0.82   +0.12   +0.26   +0.14   +0.18   +0.09   +0.19   +0.07   +0.18   +0.16   +0.17
       med   |   85.331 |   85.313 |   85.436 |   85.613 |   85.383 |   85.252 |   85.671 |   85.028 |   85.367 |   85.380 |   85.283 |   85.499
1024   64    |  161.909 |  161.304 |  161.948 |  162.102 |  161.987 |  162.144 |  161.834 |  161.476 |  161.858 |  161.972 |  162.038 |  162.056 ||   -0.37   +0.02   +0.12   +0.05   +0.15   -0.05   -0.27   -0.03   +0.04   +0.08   +0.09
       med   |  163.375 |  165.686 |  163.882 |  163.364 |  163.957 |  164.284 |  163.768 |  162.904 |  164.756 |  163.311 |  164.590 |  163.260
4096   256   |  628.417 |  628.601 |  628.811 |  629.111 |  628.846 |  628.850 |  628.646 |  628.761 |  628.667 |  628.519 |  628.826 |  628.769 ||   +0.03   +0.06   +0.11   +0.07   +0.07   +0.04   +0.05   +0.04   +0.02   +0.07   +0.06
       med   |  634.190 |  632.625 |  631.708 |  631.604 |  630.808 |  630.226 |  631.535 |  630.569 |  631.173 |  630.700 |  631.725 |  631.696
=== process binR.order1.5
SELFCHECK OK (256 whole-block lengths 1..256 blk x 12 variants; out/Xi/ivec/ret byte-identical, nothing written past 16*nblk)
bytes  blks  |     base |   baseAA |       w1 |     w1AA |       d5 |     d5AA |      d5r |    d5rAA |      w1r |       c3 |       d4 |       c5 ||  baseAA%      w1%    w1AA%      d5%    d5AA%     d5r%   d5rAA%     w1r%      c3%      d4%      c5%
16     1     |   25.322 |   24.235 |   12.571 |   12.572 |   12.495 |   12.500 |   12.519 |   12.496 |   12.570 |   12.500 |   12.497 |   12.521 ||   -4.29  -50.36  -50.35  -50.66  -50.63  -50.56  -50.65  -50.36  -50.64  -50.65  -50.55
       med   |   25.548 |   25.805 |   12.613 |   12.613 |   12.560 |   12.563 |   12.532 |   12.552 |   12.606 |   12.546 |   12.529 |   12.530
32     2     |   23.370 |   23.372 |   13.242 |   13.241 |   13.193 |   13.192 |   13.187 |   13.188 |   13.242 |   13.194 |   13.171 |   13.199 ||   +0.01  -43.34  -43.34  -43.55  -43.55  -43.57  -43.57  -43.34  -43.54  -43.64  -43.52
       med   |   23.509 |   24.362 |   13.246 |   13.306 |   13.236 |   13.198 |   13.198 |   13.193 |   13.306 |   13.203 |   13.255 |   13.205
48     3     |   24.270 |   24.252 |   15.188 |   15.184 |   15.095 |   15.080 |   15.124 |   15.120 |   15.198 |   15.079 |   15.116 |   15.174 ||   -0.08  -37.42  -37.44  -37.81  -37.87  -37.68  -37.70  -37.38  -37.87  -37.72  -37.48
       med   |   24.566 |   25.200 |   15.239 |   15.430 |   15.312 |   15.137 |   15.182 |   15.173 |   15.537 |   15.315 |   15.189 |   15.244
64     4     |   25.126 |   25.133 |   18.630 |   18.627 |   18.268 |   18.267 |   18.276 |   18.355 |   18.641 |   18.288 |   18.286 |   18.290 ||   +0.03  -25.85  -25.87  -27.29  -27.30  -27.26  -26.95  -25.81  -27.22  -27.22  -27.21
       med   |   25.434 |   25.974 |   18.842 |   18.660 |   18.540 |   18.441 |   18.309 |   18.388 |   19.227 |   18.308 |   18.304 |   18.708
80     5     |   25.986 |   25.993 |   25.993 |   26.003 |   25.995 |   25.994 |   25.993 |   25.994 |   25.993 |   25.994 |   25.989 |   25.984 ||   +0.03   +0.03   +0.07   +0.04   +0.03   +0.03   +0.03   +0.03   +0.03   +0.01   -0.01
       med   |   26.060 |   26.389 |   26.183 |   26.435 |   26.351 |   26.203 |   26.452 |   26.122 |   26.070 |   26.276 |   26.017 |   26.020
96     6     |   26.913 |   26.942 |   26.922 |   26.932 |   26.928 |   26.925 |   26.917 |   26.912 |   26.918 |   26.932 |   26.897 |   26.895 ||   +0.11   +0.03   +0.07   +0.06   +0.05   +0.02   -0.00   +0.02   +0.07   -0.06   -0.07
       med   |   27.294 |   27.743 |   27.036 |   27.340 |   27.431 |   27.427 |   27.210 |   26.984 |   26.958 |   26.989 |   26.978 |   26.977
112    7     |   27.456 |   27.454 |   27.513 |   27.522 |   27.498 |   27.508 |   27.471 |   27.486 |   27.518 |   27.420 |   27.392 |   27.416 ||   -0.00   +0.21   +0.24   +0.15   +0.19   +0.05   +0.11   +0.23   -0.13   -0.23   -0.14
       med   |   27.570 |   28.399 |   27.640 |   27.648 |   28.045 |   28.038 |   27.934 |   27.523 |   27.548 |   27.880 |   27.524 |   27.526
128    8     |   25.527 |   25.578 |   25.421 |   25.595 |   25.599 |   25.600 |   25.590 |   25.579 |   25.586 |   25.380 |   25.574 |   25.563 ||   +0.20   -0.41   +0.26   +0.28   +0.28   +0.25   +0.20   +0.23   -0.58   +0.18   +0.14
       med   |   25.862 |   26.189 |   25.777 |   26.018 |   26.161 |   26.324 |   25.850 |   25.823 |   25.612 |   25.760 |   25.625 |   25.628
256    16    |   45.514 |   45.331 |   45.340 |   45.307 |   45.369 |   45.367 |   45.378 |   45.436 |   45.365 |   45.380 |   45.374 |   45.434 ||   -0.40   -0.38   -0.45   -0.32   -0.32   -0.30   -0.17   -0.33   -0.29   -0.31   -0.17
       med   |   46.188 |   46.127 |   45.905 |   45.673 |   46.021 |   46.445 |   46.537 |   46.071 |   46.231 |   46.335 |   46.072 |   46.125
512    32    |   84.341 |   84.316 |   84.331 |   84.511 |   84.421 |   84.500 |   84.369 |   84.476 |   84.380 |   84.393 |   84.410 |   84.229 ||   -0.03   -0.01   +0.20   +0.09   +0.19   +0.03   +0.16   +0.05   +0.06   +0.08   -0.13
       med   |   85.401 |   84.830 |   85.512 |   85.923 |   85.494 |   85.510 |   85.103 |   84.688 |   85.836 |   85.303 |   84.604 |   85.574
1024   64    |  161.898 |  161.845 |  161.973 |  162.136 |  161.940 |  162.058 |  161.745 |  161.938 |  161.799 |  161.874 |  162.040 |  162.076 ||   -0.03   +0.05   +0.15   +0.03   +0.10   -0.09   +0.02   -0.06   -0.01   +0.09   +0.11
       med   |  164.809 |  163.029 |  163.579 |  163.615 |  163.225 |  163.315 |  163.200 |  162.422 |  163.174 |  164.959 |  163.905 |  165.990
4096   256   |  628.298 |  628.611 |  628.832 |  628.999 |  628.867 |  628.767 |  628.018 |  628.593 |  628.787 |  628.199 |  628.775 |  628.913 ||   +0.05   +0.08   +0.11   +0.09   +0.07   -0.04   +0.05   +0.08   -0.02   +0.08   +0.10
       med   |  634.542 |  631.943 |  632.515 |  631.375 |  631.406 |  630.336 |  631.826 |  630.723 |  631.624 |  630.801 |  631.250 |  631.983
=== process binR.order2.1
SELFCHECK OK (256 whole-block lengths 1..256 blk x 12 variants; out/Xi/ivec/ret byte-identical, nothing written past 16*nblk)
bytes  blks  |     base |       c5 |       d4 |       c3 |      w1r |    d5rAA |      d5r |     d5AA |       d5 |     w1AA |       w1 |   baseAA ||      c5%      d4%      c3%     w1r%   d5rAA%     d5r%    d5AA%      d5%    w1AA%      w1%  baseAA%
16     1     |   25.333 |   12.518 |   12.556 |   12.517 |   12.569 |   12.495 |   12.517 |   12.522 |   12.474 |   12.550 |   12.551 |   25.379 ||  -50.59  -50.44  -50.59  -50.38  -50.67  -50.59  -50.57  -50.76  -50.46  -50.46   +0.18
       med   |   25.621 |   12.530 |   12.563 |   12.588 |   12.608 |   12.548 |   12.553 |   12.529 |   12.529 |   12.597 |   12.610 |   25.642
32     2     |   23.374 |   13.198 |   13.182 |   13.188 |   13.242 |   13.187 |   13.185 |   13.186 |   13.188 |   13.233 |   13.235 |   23.363 ||  -43.53  -43.60  -43.58  -43.35  -43.58  -43.59  -43.59  -43.58  -43.39  -43.38   -0.05
       med   |   23.617 |   13.205 |   13.187 |   13.208 |   13.305 |   13.193 |   13.200 |   13.192 |   13.193 |   13.239 |   13.240 |   23.503
48     3     |   24.251 |   15.189 |   15.088 |   15.099 |   15.187 |   15.124 |   15.145 |   15.092 |   15.086 |   15.198 |   15.202 |   24.243 ||  -37.37  -37.79  -37.74  -37.38  -37.63  -37.55  -37.77  -37.79  -37.33  -37.31   -0.03
       med   |   24.548 |   15.263 |   15.200 |   15.174 |   15.232 |   15.232 |   15.258 |   15.138 |   15.166 |   15.232 |   15.252 |   24.565
64     4     |   25.157 |   18.282 |   18.256 |   18.270 |   18.619 |   18.354 |   18.278 |   18.306 |   18.306 |   18.643 |   18.645 |   25.113 ||  -27.33  -27.43  -27.37  -25.99  -27.04  -27.34  -27.23  -27.23  -25.89  -25.88   -0.17
       med   |   25.408 |   18.301 |   18.607 |   18.303 |   18.656 |   18.383 |   18.327 |   18.329 |   18.328 |   18.667 |   18.670 |   25.284
80     5     |   25.985 |   25.996 |   25.992 |   25.991 |   25.994 |   25.990 |   25.982 |   25.995 |   25.996 |   25.997 |   25.995 |   25.997 ||   +0.04   +0.03   +0.02   +0.03   +0.02   -0.01   +0.04   +0.04   +0.05   +0.04   +0.04
       med   |   26.057 |   26.685 |   26.341 |   26.258 |   26.101 |   26.021 |   26.224 |   26.230 |   26.224 |   26.339 |   26.446 |   26.296
96     6     |   26.887 |   26.920 |   26.927 |   26.926 |   26.923 |   26.909 |   26.917 |   26.750 |   26.924 |   26.883 |   26.949 |   26.858 ||   +0.12   +0.15   +0.15   +0.13   +0.08   +0.11   -0.51   +0.14   -0.01   +0.23   -0.11
       med   |   26.969 |   27.219 |   27.831 |   26.964 |   26.963 |   26.971 |   26.972 |   26.971 |   26.972 |   27.292 |   27.371 |   26.983
112    7     |   27.452 |   27.420 |   27.532 |   27.520 |   27.516 |   27.488 |   27.440 |   27.482 |   27.491 |   27.425 |   27.499 |   27.369 ||   -0.12   +0.29   +0.25   +0.23   +0.13   -0.05   +0.11   +0.14   -0.10   +0.17   -0.30
       med   |   27.838 |   28.177 |   28.538 |   27.557 |   27.555 |   27.526 |   27.627 |   27.715 |   27.529 |   27.867 |   27.723 |   27.482
128    8     |   25.514 |   25.612 |   25.596 |   25.591 |   25.594 |   25.605 |   25.595 |   25.392 |   25.382 |   25.378 |   25.396 |   25.544 ||   +0.38   +0.32   +0.30   +0.31   +0.36   +0.32   -0.48   -0.52   -0.53   -0.46   +0.12
       med   |   25.855 |   26.132 |   26.424 |   25.887 |   25.860 |   25.679 |   25.803 |   25.864 |   25.627 |   25.625 |   25.999 |   25.614
256    16    |   45.446 |   45.388 |   45.363 |   45.353 |   45.376 |   45.355 |   45.350 |   45.356 |   45.459 |   45.391 |   45.363 |   45.551 ||   -0.13   -0.18   -0.20   -0.15   -0.20   -0.21   -0.20   +0.03   -0.12   -0.18   +0.23
       med   |   45.893 |   46.292 |   46.285 |   45.738 |   45.879 |   45.493 |   46.405 |   45.496 |   46.177 |   46.107 |   45.737 |   46.406
512    32    |   84.376 |   84.515 |   84.383 |   84.414 |   84.369 |   84.481 |   84.362 |   84.473 |   84.343 |   84.434 |   84.475 |   84.432 ||   +0.17   +0.01   +0.04   -0.01   +0.12   -0.02   +0.11   -0.04   +0.07   +0.12   +0.07
       med   |   85.544 |   85.137 |   85.861 |   85.820 |   85.115 |   85.361 |   85.010 |   84.664 |   84.672 |   85.899 |   85.334 |   85.432
1024   64    |  161.869 |  162.043 |  161.839 |  162.133 |  161.878 |  161.849 |  161.966 |  161.648 |  161.791 |  162.043 |  161.633 |  161.959 ||   +0.11   -0.02   +0.16   +0.01   -0.01   +0.06   -0.14   -0.05   +0.11   -0.15   +0.06
       med   |  163.745 |  163.697 |  163.387 |  164.491 |  163.076 |  163.103 |  163.196 |  162.784 |  162.395 |  165.782 |  163.149 |  163.246
4096   256   |  628.210 |  628.883 |  628.674 |  628.615 |  628.870 |  628.648 |  628.928 |  628.381 |  628.793 |  628.532 |  628.615 |  628.468 ||   +0.11   +0.07   +0.06   +0.11   +0.07   +0.11   +0.03   +0.09   +0.05   +0.06   +0.04
       med   |  633.409 |  631.981 |  630.858 |  632.051 |  633.186 |  630.439 |  630.415 |  631.650 |  632.461 |  633.189 |  631.995 |  631.153
=== process binR.order2.2
SELFCHECK OK (256 whole-block lengths 1..256 blk x 12 variants; out/Xi/ivec/ret byte-identical, nothing written past 16*nblk)
bytes  blks  |     base |       c5 |       d4 |       c3 |      w1r |    d5rAA |      d5r |     d5AA |       d5 |     w1AA |       w1 |   baseAA ||      c5%      d4%      c3%     w1r%   d5rAA%     d5r%    d5AA%      d5%    w1AA%      w1%  baseAA%
16     1     |   25.219 |   12.523 |   12.555 |   12.518 |   12.572 |   12.509 |   12.520 |   12.521 |   12.476 |   12.557 |   12.561 |   25.366 ||  -50.34  -50.21  -50.36  -50.15  -50.40  -50.35  -50.35  -50.53  -50.21  -50.19   +0.58
       med   |   25.720 |   12.530 |   12.563 |   12.589 |   12.587 |   12.550 |   12.554 |   12.529 |   12.528 |   12.597 |   12.597 |   25.636
32     2     |   23.413 |   13.199 |   13.181 |   13.184 |   13.242 |   13.188 |   13.184 |   13.186 |   13.188 |   13.235 |   13.236 |   23.362 ||  -43.63  -43.70  -43.69  -43.44  -43.67  -43.69  -43.68  -43.67  -43.47  -43.47   -0.22
       med   |   23.628 |   13.205 |   13.188 |   13.208 |   13.384 |   13.196 |   13.199 |   13.192 |   13.193 |   13.239 |   13.240 |   23.504
48     3     |   24.250 |   15.185 |   15.081 |   15.106 |   15.189 |   15.125 |   15.138 |   15.085 |   15.110 |   15.202 |   15.211 |   24.245 ||  -37.38  -37.81  -37.71  -37.37  -37.63  -37.57  -37.80  -37.69  -37.31  -37.28   -0.02
       med   |   24.494 |   15.259 |   15.185 |   15.174 |   15.232 |   15.218 |   15.225 |   15.137 |   15.525 |   15.231 |   15.391 |   24.601
64     4     |   25.119 |   18.285 |   18.259 |   18.269 |   18.622 |   18.355 |   18.283 |   18.304 |   18.308 |   18.647 |   18.647 |   25.124 ||  -27.21  -27.31  -27.27  -25.87  -26.93  -27.21  -27.13  -27.12  -25.77  -25.77   +0.02
       med   |   25.175 |   18.301 |   18.608 |   18.304 |   18.646 |   18.385 |   18.315 |   18.327 |   18.330 |   18.668 |   18.883 |   25.362
80     5     |   25.998 |   25.993 |   26.004 |   25.993 |   25.994 |   25.991 |   25.989 |   25.972 |   25.991 |   25.990 |   26.004 |   25.993 ||   -0.02   +0.03   -0.02   -0.01   -0.02   -0.03   -0.10   -0.02   -0.03   +0.02   -0.02
       med   |   26.462 |   26.351 |   26.651 |   26.037 |   26.232 |   26.021 |   26.216 |   26.024 |   26.112 |   26.121 |   26.446 |   26.264
96     6     |   26.908 |   26.960 |   26.939 |   26.930 |   26.921 |   26.887 |   26.914 |   26.730 |   26.890 |   26.939 |   26.922 |   26.879 ||   +0.19   +0.12   +0.08   +0.05   -0.08   +0.02   -0.66   -0.07   +0.11   +0.05   -0.11
       med   |   26.970 |   27.655 |   27.475 |   26.968 |   26.972 |   26.974 |   27.032 |   26.971 |   26.975 |   27.049 |   27.217 |   27.148
112    7     |   27.457 |   27.516 |   27.527 |   27.518 |   27.520 |   27.483 |   27.421 |   27.494 |   27.488 |   27.424 |   27.501 |   27.441 ||   +0.22   +0.26   +0.22   +0.23   +0.10   -0.13   +0.13   +0.11   -0.12   +0.16   -0.06
       med   |   27.552 |   28.180 |   28.037 |   27.746 |   27.734 |   27.525 |   27.644 |   27.704 |   27.670 |   27.870 |   28.008 |   27.732
128    8     |   25.520 |   25.608 |   25.596 |   25.595 |   25.582 |   25.575 |   25.587 |   25.376 |   25.382 |   25.380 |   25.386 |   25.535 ||   +0.35   +0.30   +0.30   +0.25   +0.22   +0.26   -0.56   -0.54   -0.55   -0.52   +0.06
       med   |   25.901 |   26.128 |   26.139 |   25.878 |   25.863 |   25.634 |   25.856 |   25.854 |   25.793 |   25.774 |   25.895 |   25.910
256    16    |   45.435 |   45.392 |   45.326 |   45.354 |   45.376 |   45.370 |   45.338 |   45.277 |   45.455 |   45.401 |   45.338 |   45.320 ||   -0.10   -0.24   -0.18   -0.13   -0.14   -0.21   -0.35   +0.04   -0.07   -0.21   -0.25
       med   |   46.332 |   46.278 |   45.882 |   46.257 |   45.899 |   45.496 |   46.303 |   45.538 |   45.975 |   45.642 |   45.684 |   45.846
512    32    |   84.369 |   84.474 |   84.382 |   84.474 |   84.388 |   84.364 |   84.400 |   84.505 |   84.515 |   84.389 |   84.528 |   84.369 ||   +0.12   +0.02   +0.12   +0.02   -0.01   +0.04   +0.16   +0.17   +0.02   +0.19   +0.00
       med   |   85.264 |   85.767 |   85.533 |   85.717 |   85.366 |   85.362 |   84.741 |   84.998 |   85.901 |   85.705 |   84.723 |   85.375
1024   64    |  161.844 |  162.027 |  161.690 |  161.972 |  161.905 |  161.998 |  161.981 |  161.903 |  162.222 |  161.993 |  162.064 |  161.505 ||   +0.11   -0.10   +0.08   +0.04   +0.10   +0.08   +0.04   +0.23   +0.09   +0.14   -0.21
       med   |  163.606 |  165.532 |  165.345 |  164.052 |  162.660 |  164.900 |  163.377 |  162.915 |  165.749 |  163.144 |  163.453 |  163.531
4096   256   |  628.760 |  628.732 |  628.334 |  628.890 |  628.859 |  628.768 |  628.865 |  628.284 |  628.872 |  628.542 |  628.026 |  628.593 ||   -0.00   -0.07   +0.02   +0.02   +0.00   +0.02   -0.08   +0.02   -0.03   -0.12   -0.03
       med   |  635.160 |  630.966 |  630.250 |  632.710 |  634.117 |  630.709 |  630.696 |  631.131 |  632.703 |  632.189 |  631.093 |  630.771
=== process binR.order2.3
SELFCHECK OK (256 whole-block lengths 1..256 blk x 12 variants; out/Xi/ivec/ret byte-identical, nothing written past 16*nblk)
bytes  blks  |     base |       c5 |       d4 |       c3 |      w1r |    d5rAA |      d5r |     d5AA |       d5 |     w1AA |       w1 |   baseAA ||      c5%      d4%      c3%     w1r%   d5rAA%     d5r%    d5AA%      d5%    w1AA%      w1%  baseAA%
16     1     |   25.333 |   12.520 |   12.557 |   12.517 |   12.572 |   12.502 |   12.520 |   12.518 |   12.476 |   12.566 |   12.559 |   25.351 ||  -50.58  -50.43  -50.59  -50.37  -50.65  -50.58  -50.59  -50.75  -50.40  -50.42   +0.07
       med   |   25.660 |   12.530 |   12.563 |   12.588 |   12.587 |   12.550 |   12.554 |   12.529 |   12.527 |   12.597 |   12.596 |   25.609
32     2     |   23.405 |   13.198 |   13.182 |   13.188 |   13.243 |   13.187 |   13.185 |   13.187 |   13.187 |   13.235 |   13.235 |   23.372 ||  -43.61  -43.68  -43.65  -43.42  -43.66  -43.66  -43.65  -43.66  -43.45  -43.45   -0.14
       med   |   23.601 |   13.205 |   13.187 |   13.208 |   13.305 |   13.193 |   13.200 |   13.192 |   13.193 |   13.239 |   13.240 |   23.533
48     3     |   24.273 |   15.182 |   15.101 |   15.113 |   15.193 |   15.129 |   15.140 |   15.090 |   15.091 |   15.203 |   15.208 |   24.263 ||  -37.45  -37.78  -37.73  -37.41  -37.67  -37.62  -37.83  -37.83  -37.37  -37.35   -0.04
       med   |   24.499 |   15.263 |   15.188 |   15.176 |   15.235 |   15.213 |   15.225 |   15.140 |   15.281 |   15.232 |   15.385 |   24.612
64     4     |   25.151 |   18.283 |   18.257 |   18.271 |   18.623 |   18.358 |   18.281 |   18.309 |   18.309 |   18.638 |   18.648 |   25.110 ||  -27.31  -27.41  -27.35  -25.95  -27.01  -27.32  -27.20  -27.21  -25.90  -25.86   -0.16
       med   |   25.392 |   18.301 |   18.501 |   18.304 |   18.646 |   18.384 |   18.314 |   18.329 |   18.329 |   18.668 |   18.844 |   25.279
80     5     |   25.991 |   25.997 |   25.999 |   25.995 |   25.990 |   25.990 |   25.998 |   25.994 |   25.992 |   26.001 |   25.997 |   25.993 ||   +0.02   +0.03   +0.01   -0.01   -0.01   +0.03   +0.01   +0.00   +0.04   +0.02   +0.01
       med   |   26.080 |   26.681 |   26.654 |   26.036 |   26.024 |   26.027 |   26.110 |   26.232 |   26.022 |   26.411 |   26.246 |   26.329
96     6     |   26.860 |   26.885 |   26.926 |   26.929 |   26.921 |   26.933 |   26.913 |   26.753 |   26.889 |   26.890 |   26.936 |   26.862 ||   +0.09   +0.24   +0.25   +0.23   +0.27   +0.20   -0.40   +0.11   +0.11   +0.28   +0.01
       med   |   27.210 |   27.233 |   27.462 |   27.209 |   26.974 |   26.979 |   26.965 |   26.980 |   26.979 |   27.023 |   27.370 |   26.988
112    7     |   27.452 |   27.499 |   27.516 |   27.526 |   27.518 |   27.480 |   27.399 |   27.484 |   27.492 |   27.407 |   27.515 |   27.357 ||   +0.17   +0.23   +0.27   +0.24   +0.10   -0.19   +0.12   +0.15   -0.17   +0.23   -0.35
       med   |   27.496 |   28.181 |   28.043 |   27.756 |   27.557 |   27.522 |   27.612 |   27.708 |   27.525 |   27.543 |   28.007 |   27.562
128    8     |   25.518 |   25.602 |   25.587 |   25.595 |   25.591 |   25.562 |   25.588 |   25.379 |   25.383 |   25.383 |   25.547 |   25.543 ||   +0.33   +0.27   +0.30   +0.29   +0.17   +0.27   -0.55   -0.53   -0.53   +0.11   +0.10
       med   |   25.813 |   26.123 |   25.787 |   25.872 |   25.861 |   25.632 |   25.866 |   25.848 |   25.629 |   25.625 |   25.897 |   25.616
256    16    |   45.415 |   45.386 |   45.365 |   45.349 |   45.369 |   45.328 |   45.362 |   45.309 |   45.439 |   45.400 |   45.339 |   45.358 ||   -0.07   -0.11   -0.15   -0.10   -0.19   -0.12   -0.24   +0.05   -0.03   -0.17   -0.13
       med   |   45.766 |   46.266 |   46.231 |   46.433 |   45.835 |   45.675 |   46.446 |   45.516 |   45.999 |   46.092 |   45.708 |   46.507
512    32    |   84.351 |   84.450 |   84.358 |   84.369 |   84.279 |   84.481 |   84.408 |   84.411 |   84.324 |   83.709 |   84.433 |   84.160 ||   +0.12   +0.01   +0.02   -0.09   +0.15   +0.07   +0.07   -0.03   -0.76   +0.10   -0.23
       med   |   85.607 |   85.198 |   85.177 |   85.494 |   84.867 |   85.390 |   84.748 |   85.027 |   85.717 |   85.843 |   84.714 |   84.853
1024   64    |  161.879 |  162.042 |  161.706 |  161.902 |  161.938 |  161.945 |  161.934 |  161.967 |  162.020 |  161.992 |  161.999 |  161.863 ||   +0.10   -0.11   +0.01   +0.04   +0.04   +0.03   +0.05   +0.09   +0.07   +0.07   -0.01
       med   |  163.741 |  164.569 |  163.124 |  164.437 |  163.774 |  163.425 |  162.865 |  162.549 |  165.573 |  163.247 |  163.243 |  163.382
4096   256   |  628.482 |  628.796 |  628.607 |  627.822 |  628.701 |  628.644 |  628.887 |  628.524 |  628.739 |  628.621 |  628.730 |  628.688 ||   +0.05   +0.02   -0.10   +0.03   +0.03   +0.06   +0.01   +0.04   +0.02   +0.04   +0.03
       med   |  633.306 |  633.320 |  630.612 |  632.874 |  631.484 |  630.537 |  630.633 |  631.514 |  633.779 |  631.899 |  632.339 |  630.683
=== process binR.order2.4
SELFCHECK OK (256 whole-block lengths 1..256 blk x 12 variants; out/Xi/ivec/ret byte-identical, nothing written past 16*nblk)
bytes  blks  |     base |       c5 |       d4 |       c3 |      w1r |    d5rAA |      d5r |     d5AA |       d5 |     w1AA |       w1 |   baseAA ||      c5%      d4%      c3%     w1r%   d5rAA%     d5r%    d5AA%      d5%    w1AA%      w1%  baseAA%
16     1     |   25.243 |   12.523 |   12.557 |   12.520 |   12.572 |   12.497 |   12.521 |   12.521 |   12.480 |   12.575 |   12.590 |   25.377 ||  -50.39  -50.26  -50.40  -50.20  -50.49  -50.40  -50.40  -50.56  -50.19  -50.13   +0.53
       med   |   25.659 |   12.530 |   12.563 |   12.588 |   12.588 |   12.550 |   12.554 |   12.529 |   12.531 |   12.596 |   12.596 |   25.569
32     2     |   23.372 |   13.200 |   13.183 |   13.188 |   13.241 |   13.188 |   13.185 |   13.186 |   13.186 |   13.236 |   13.235 |   23.362 ||  -43.52  -43.60  -43.58  -43.35  -43.57  -43.59  -43.58  -43.58  -43.37  -43.37   -0.04
       med   |   23.605 |   13.204 |   13.187 |   13.208 |   13.246 |   13.193 |   13.199 |   13.192 |   13.193 |   13.239 |   13.240 |   23.507
48     3     |   24.265 |   15.176 |   15.087 |   15.090 |   15.190 |   15.122 |   15.140 |   15.081 |   15.084 |   15.198 |   15.201 |   24.266 ||  -37.46  -37.82  -37.81  -37.40  -37.68  -37.61  -37.85  -37.83  -37.36  -37.35   +0.00
       med   |   24.315 |   15.231 |   15.164 |   15.145 |   15.226 |   15.191 |   15.241 |   15.118 |   15.279 |   15.229 |   15.421 |   24.603
64     4     |   25.148 |   18.282 |   18.259 |   18.267 |   18.618 |   18.361 |   18.280 |   18.309 |   18.306 |   18.646 |   18.644 |   25.100 ||  -27.30  -27.40  -27.36  -25.97  -26.99  -27.31  -27.20  -27.21  -25.86  -25.86   -0.19
       med   |   25.387 |   18.301 |   18.609 |   18.302 |   18.649 |   18.438 |   18.486 |   18.329 |   18.332 |   18.668 |   18.667 |   25.411
80     5     |   25.992 |   25.998 |   25.989 |   25.989 |   25.994 |   25.994 |   26.000 |   25.985 |   25.987 |   25.997 |   26.002 |   25.996 ||   +0.02   -0.01   -0.01   +0.01   +0.01   +0.03   -0.02   -0.02   +0.02   +0.04   +0.02
       med   |   26.306 |   26.685 |   26.303 |   26.264 |   26.105 |   26.027 |   26.120 |   26.235 |   26.114 |   26.336 |   26.446 |   26.316
96     6     |   26.945 |   26.947 |   26.922 |   26.922 |   26.939 |   26.894 |   26.915 |   26.754 |   26.888 |   26.946 |   26.947 |   26.865 ||   +0.01   -0.09   -0.09   -0.02   -0.19   -0.11   -0.71   -0.21   +0.00   +0.01   -0.30
       med   |   27.332 |   27.668 |   27.206 |   27.214 |   27.024 |   26.970 |   26.964 |   27.170 |   26.975 |   27.283 |   27.370 |   26.979
112    7     |   27.460 |   27.514 |   27.523 |   27.519 |   27.524 |   27.485 |   27.399 |   27.473 |   27.495 |   27.414 |   27.502 |   27.343 ||   +0.20   +0.23   +0.22   +0.23   +0.09   -0.22   +0.05   +0.13   -0.16   +0.15   -0.43
       med   |   27.849 |   28.182 |   27.642 |   27.750 |   27.622 |   27.522 |   27.730 |   27.523 |   27.680 |   27.526 |   28.009 |   27.493
128    8     |   25.513 |   25.605 |   25.597 |   25.588 |   25.595 |   25.606 |   25.598 |   25.383 |   25.383 |   25.390 |   25.380 |   25.560 ||   +0.36   +0.33   +0.29   +0.32   +0.37   +0.33   -0.51   -0.51   -0.48   -0.52   +0.18
       med   |   25.550 |   26.132 |   26.153 |   25.884 |   25.861 |   25.685 |   25.869 |   25.623 |   25.631 |   25.624 |   25.756 |   25.618
256    16    |   45.500 |   45.360 |   45.341 |   45.385 |   45.388 |   45.369 |   45.365 |   45.321 |   45.447 |   45.400 |   45.370 |   45.339 ||   -0.31   -0.35   -0.25   -0.25   -0.29   -0.30   -0.39   -0.12   -0.22   -0.29   -0.35
       med   |   46.307 |   46.067 |   46.046 |   46.492 |   46.103 |   45.515 |   46.296 |   45.507 |   45.761 |   45.653 |   45.787 |   46.425
512    32    |   84.403 |   84.447 |   84.364 |   84.436 |   84.429 |   84.463 |   84.438 |   84.494 |   84.433 |   84.517 |   84.447 |   84.366 ||   +0.05   -0.05   +0.04   +0.03   +0.07   +0.04   +0.11   +0.04   +0.13   +0.05   -0.04
       med   |   86.050 |   85.569 |   85.859 |   85.773 |   85.820 |   85.376 |   85.016 |   84.885 |   84.705 |   86.318 |   84.620 |   85.120
1024   64    |  161.870 |  162.032 |  161.907 |  162.029 |  161.881 |  162.043 |  161.841 |  161.826 |  161.850 |  162.014 |  162.071 |  161.119 ||   +0.10   +0.02   +0.10   +0.01   +0.11   -0.02   -0.03   -0.01   +0.09   +0.12   -0.46
       med   |  163.673 |  165.757 |  164.642 |  164.244 |  165.089 |  164.746 |  162.475 |  162.461 |  163.280 |  165.726 |  163.464 |  163.353
4096   256   |  628.552 |  628.642 |  628.798 |  628.729 |  628.895 |  628.653 |  628.700 |  628.771 |  628.603 |  628.591 |  628.397 |  628.729 ||   +0.01   +0.04   +0.03   +0.05   +0.02   +0.02   +0.03   +0.01   +0.01   -0.02   +0.03
       med   |  633.456 |  631.704 |  632.462 |  632.230 |  631.760 |  630.002 |  630.611 |  631.768 |  632.571 |  631.622 |  631.623 |  631.077
=== process binR.order2.5
SELFCHECK OK (256 whole-block lengths 1..256 blk x 12 variants; out/Xi/ivec/ret byte-identical, nothing written past 16*nblk)
bytes  blks  |     base |       c5 |       d4 |       c3 |      w1r |    d5rAA |      d5r |     d5AA |       d5 |     w1AA |       w1 |   baseAA ||      c5%      d4%      c3%     w1r%   d5rAA%     d5r%    d5AA%      d5%    w1AA%      w1%  baseAA%
16     1     |   25.322 |   12.523 |   12.555 |   12.519 |   12.573 |   12.498 |   12.517 |   12.498 |   12.477 |   12.591 |   12.592 |   25.364 ||  -50.54  -50.42  -50.56  -50.35  -50.64  -50.57  -50.64  -50.73  -50.28  -50.27   +0.16
       med   |   25.609 |   12.531 |   12.563 |   12.589 |   12.588 |   12.549 |   12.554 |   12.529 |   12.525 |   12.597 |   12.596 |   25.506
32     2     |   23.369 |   13.200 |   13.183 |   13.188 |   13.244 |   13.189 |   13.185 |   13.187 |   13.189 |   13.235 |   13.237 |   23.359 ||  -43.51  -43.59  -43.56  -43.33  -43.56  -43.58  -43.57  -43.56  -43.36  -43.36   -0.04
       med   |   23.474 |   13.205 |   13.270 |   13.209 |   13.305 |   13.197 |   13.200 |   13.193 |   13.197 |   13.240 |   13.241 |   23.519
48     3     |   24.271 |   15.174 |   15.103 |   15.086 |   15.195 |   15.123 |   15.132 |   15.082 |   15.099 |   15.200 |   15.204 |   24.260 ||  -37.48  -37.78  -37.84  -37.40  -37.69  -37.65  -37.86  -37.79  -37.38  -37.36   -0.05
       med   |   24.513 |   15.231 |   15.168 |   15.144 |   15.226 |   15.186 |   15.221 |   15.120 |   15.544 |   15.228 |   15.242 |   24.579
64     4     |   25.146 |   18.281 |   18.259 |   18.273 |   18.625 |   18.357 |   18.275 |   18.308 |   18.310 |   18.646 |   18.649 |   25.116 ||  -27.30  -27.39  -27.33  -25.93  -27.00  -27.32  -27.19  -27.18  -25.85  -25.84   -0.12
       med   |   25.341 |   18.302 |   18.518 |   18.305 |   18.655 |   18.385 |   18.491 |   18.328 |   18.330 |   18.667 |   18.669 |   25.417
80     5     |   26.000 |   26.010 |   26.016 |   26.004 |   26.002 |   26.000 |   25.994 |   25.977 |   26.003 |   26.003 |   26.022 |   26.001 ||   +0.04   +0.06   +0.01   +0.01   +0.00   -0.02   -0.09   +0.01   +0.01   +0.09   +0.00
       med   |   26.367 |   26.687 |   26.646 |   26.043 |   26.120 |   26.033 |   26.077 |   26.039 |   26.224 |   26.039 |   26.457 |   26.295
96     6     |   26.905 |   26.962 |   26.941 |   26.923 |   26.921 |   26.905 |   26.929 |   26.754 |   26.897 |   26.894 |   26.907 |   26.898 ||   +0.21   +0.13   +0.07   +0.06   +0.00   +0.09   -0.56   -0.03   -0.04   +0.01   -0.03
       med   |   27.193 |   27.663 |   27.467 |   26.978 |   26.966 |   26.978 |   26.979 |   26.979 |   26.979 |   26.998 |   27.224 |   27.006
112    7     |   27.462 |   27.428 |   27.534 |   27.520 |   27.529 |   27.497 |   27.499 |   27.475 |   27.498 |   27.405 |   27.504 |   27.434 ||   -0.12   +0.26   +0.21   +0.25   +0.13   +0.14   +0.05   +0.13   -0.21   +0.15   -0.10
       med   |   27.757 |   28.189 |   28.029 |   27.769 |   27.562 |   27.529 |   27.635 |   27.531 |   27.675 |   27.539 |   28.014 |   27.587
128    8     |   25.533 |   25.618 |   25.596 |   25.592 |   25.591 |   25.592 |   25.591 |   25.383 |   25.384 |   25.393 |   25.396 |   25.549 ||   +0.33   +0.25   +0.23   +0.23   +0.23   +0.23   -0.59   -0.59   -0.55   -0.54   +0.06
       med   |   25.831 |   26.131 |   25.628 |   25.887 |   25.864 |   25.675 |   25.682 |   25.628 |   25.822 |   25.802 |   25.891 |   25.757
256    16    |   45.420 |   45.402 |   45.364 |   45.363 |   45.374 |   45.373 |   45.373 |   45.327 |   45.479 |   45.510 |   45.352 |   45.360 ||   -0.04   -0.12   -0.13   -0.10   -0.10   -0.10   -0.20   +0.13   +0.20   -0.15   -0.13
       med   |   45.962 |   46.297 |   46.265 |   46.354 |   45.880 |   45.613 |   46.440 |   45.526 |   46.093 |   46.258 |   45.515 |   45.784
512    32    |   84.394 |   84.487 |   84.385 |   84.471 |   84.370 |   84.448 |   84.411 |   84.504 |   84.504 |   84.429 |   84.474 |   84.345 ||   +0.11   -0.01   +0.09   -0.03   +0.06   +0.02   +0.13   +0.13   +0.04   +0.09   -0.06
       med   |   86.278 |   85.117 |   85.097 |   85.722 |   85.671 |   85.358 |   85.081 |   84.601 |   85.876 |   85.564 |   85.325 |   85.595
1024   64    |  161.893 |  162.021 |  161.827 |  162.026 |  161.750 |  162.042 |  161.508 |  161.944 |  161.944 |  162.000 |  162.056 |  161.828 ||   +0.08   -0.04   +0.08   -0.09   +0.09   -0.24   +0.03   +0.03   +0.07   +0.10   -0.04
       med   |  165.293 |  164.208 |  163.184 |  163.532 |  163.438 |  163.266 |  163.208 |  163.143 |  163.436 |  164.875 |  163.301 |  163.126
4096   256   |  628.142 |  628.277 |  628.788 |  628.869 |  628.798 |  628.322 |  628.875 |  628.757 |  628.478 |  628.559 |  627.840 |  628.716 ||   +0.02   +0.10   +0.12   +0.10   +0.03   +0.12   +0.10   +0.05   +0.07   -0.05   +0.09
       med   |  633.380 |  631.973 |  631.736 |  632.166 |  632.501 |  630.811 |  631.302 |  631.827 |  632.655 |  633.062 |  632.280 |  631.337
=== process binR.order3.1
SELFCHECK OK (256 whole-block lengths 1..256 blk x 12 variants; out/Xi/ivec/ret byte-identical, nothing written past 16*nblk)
bytes  blks  |     base |      d5r |    d5rAA |      w1r |       c3 |       d4 |       c5 |   baseAA |       w1 |     w1AA |       d5 |     d5AA ||     d5r%   d5rAA%     w1r%      c3%      d4%      c5%  baseAA%      w1%    w1AA%      d5%    d5AA%
16     1     |   25.315 |   12.500 |   12.510 |   12.607 |   12.515 |   12.498 |   12.509 |   25.371 |   12.570 |   12.572 |   12.501 |   12.556 ||  -50.62  -50.58  -50.20  -50.56  -50.63  -50.59   +0.22  -50.35  -50.34  -50.62  -50.40
       med   |   25.543 |   12.551 |   12.530 |   12.619 |   12.588 |   12.563 |   12.515 |   25.702 |   12.613 |   12.613 |   12.563 |   12.563
32     2     |   23.367 |   13.187 |   13.188 |   13.235 |   13.186 |   13.183 |   13.206 |   23.365 |   13.241 |   13.243 |   13.190 |   13.194 ||  -43.57  -43.56  -43.36  -43.57  -43.59  -43.48   -0.01  -43.34  -43.33  -43.55  -43.54
       med   |   23.611 |   13.192 |   13.199 |   13.240 |   13.281 |   13.189 |   13.213 |   23.440 |   13.246 |   13.248 |   13.198 |   13.239
48     3     |   24.254 |   15.124 |   15.140 |   15.210 |   15.106 |   15.084 |   15.116 |   24.257 |   15.184 |   15.185 |   15.082 |   15.090 ||  -37.64  -37.58  -37.29  -37.72  -37.81  -37.68   +0.01  -37.39  -37.39  -37.81  -37.78
       med   |   24.486 |   15.215 |   15.222 |   15.571 |   15.290 |   15.161 |   15.186 |   24.339 |   15.398 |   15.228 |   15.134 |   15.213
64     4     |   25.115 |   18.355 |   18.283 |   18.658 |   18.267 |   18.252 |   18.237 |   25.113 |   18.632 |   18.624 |   18.264 |   18.275 ||  -26.92  -27.20  -25.71  -27.27  -27.33  -27.38   -0.01  -25.82  -25.85  -27.28  -27.24
       med   |   25.176 |   18.380 |   18.310 |   18.947 |   18.602 |   18.301 |   18.261 |   25.283 |   18.815 |   18.776 |   18.286 |   18.741
80     5     |   25.992 |   25.990 |   26.001 |   25.994 |   25.992 |   25.991 |   25.996 |   26.000 |   25.990 |   26.002 |   25.995 |   25.995 ||   -0.01   +0.03   +0.01   -0.00   -0.00   +0.01   +0.03   -0.01   +0.04   +0.01   +0.01
       med   |   26.114 |   26.662 |   26.443 |   26.020 |   26.072 |   26.080 |   26.388 |   26.194 |   26.021 |   26.737 |   26.027 |   26.446
96     6     |   26.910 |   26.934 |   26.930 |   26.880 |   26.915 |   26.906 |   26.923 |   26.875 |   26.916 |   26.937 |   26.927 |   26.926 ||   +0.09   +0.08   -0.11   +0.02   -0.01   +0.05   -0.13   +0.02   +0.10   +0.07   +0.06
       med   |   26.975 |   27.511 |   27.440 |   26.986 |   26.959 |   26.969 |   26.971 |   26.979 |   26.955 |   27.409 |   26.961 |   27.226
112    7     |   27.457 |   27.485 |   27.533 |   27.487 |   27.514 |   27.506 |   27.434 |   27.438 |   27.511 |   27.520 |   27.512 |   27.423 ||   +0.10   +0.28   +0.11   +0.21   +0.18   -0.08   -0.07   +0.20   +0.23   +0.20   -0.12
       med   |   27.775 |   28.033 |   28.039 |   27.522 |   27.552 |   27.639 |   27.659 |   27.683 |   27.547 |   28.276 |   27.550 |   27.726
128    8     |   25.519 |   25.577 |   25.590 |   25.571 |   25.592 |   25.591 |   25.592 |   25.548 |   25.583 |   25.589 |   25.590 |   25.590 ||   +0.23   +0.28   +0.20   +0.29   +0.28   +0.28   +0.12   +0.25   +0.27   +0.28   +0.28
       med   |   25.773 |   25.732 |   26.147 |   25.626 |   25.614 |   25.763 |   25.845 |   25.608 |   25.610 |   25.773 |   25.611 |   26.028
256    16    |   45.434 |   45.371 |   45.359 |   45.371 |   45.361 |   45.365 |   45.345 |   45.411 |   45.355 |   45.563 |   45.337 |   45.388 ||   -0.14   -0.17   -0.14   -0.16   -0.15   -0.20   -0.05   -0.17   +0.28   -0.21   -0.10
       med   |   46.035 |   46.211 |   46.177 |   45.899 |   45.691 |   45.605 |   45.791 |   46.000 |   46.003 |   46.688 |   45.982 |   46.361
512    32    |   84.348 |   84.448 |   84.363 |   84.431 |   84.116 |   84.364 |   84.414 |   83.740 |   84.386 |   84.413 |   84.380 |   84.266 ||   +0.12   +0.02   +0.10   -0.27   +0.02   +0.08   -0.72   +0.04   +0.08   +0.04   -0.10
       med   |   85.245 |   84.643 |   85.699 |   85.731 |   84.828 |   85.453 |   84.622 |   85.004 |   84.769 |   85.249 |   84.908 |   85.908
1024   64    |  161.879 |  161.913 |  161.672 |  162.019 |  161.671 |  161.956 |  161.978 |  161.975 |  161.702 |  161.964 |  161.727 |  162.116 ||   +0.02   -0.13   +0.09   -0.13   +0.05   +0.06   +0.06   -0.11   +0.05   -0.09   +0.15
       med   |  163.665 |  163.655 |  164.724 |  163.902 |  162.676 |  163.595 |  163.313 |  164.216 |  162.956 |  162.874 |  162.918 |  164.379
4096   256   |  628.252 |  628.711 |  628.686 |  628.434 |  628.823 |  628.804 |  628.895 |  628.767 |  628.729 |  628.726 |  628.732 |  628.844 ||   +0.07   +0.07   +0.03   +0.09   +0.09   +0.10   +0.08   +0.08   +0.08   +0.08   +0.09
       med   |  633.976 |  632.586 |  631.038 |  635.279 |  630.587 |  630.823 |  630.803 |  631.960 |  631.793 |  630.615 |  630.893 |  632.265
=== process binR.order3.2
SELFCHECK OK (256 whole-block lengths 1..256 blk x 12 variants; out/Xi/ivec/ret byte-identical, nothing written past 16*nblk)
bytes  blks  |     base |      d5r |    d5rAA |      w1r |       c3 |       d4 |       c5 |   baseAA |       w1 |     w1AA |       d5 |     d5AA ||     d5r%   d5rAA%     w1r%      c3%      d4%      c5%  baseAA%      w1%    w1AA%      d5%    d5AA%
16     1     |   25.359 |   12.524 |   12.523 |   12.607 |   12.516 |   12.503 |   12.508 |   25.352 |   12.572 |   12.570 |   12.526 |   12.495 ||  -50.61  -50.62  -50.29  -50.65  -50.70  -50.68   -0.03  -50.42  -50.43  -50.61  -50.73
       med   |   25.661 |   12.551 |   12.531 |   12.619 |   12.588 |   12.563 |   12.515 |   25.647 |   12.613 |   12.613 |   12.563 |   12.563
32     2     |   23.365 |   13.186 |   13.193 |   13.235 |   13.188 |   13.182 |   13.206 |   23.372 |   13.242 |   13.241 |   13.189 |   13.194 ||  -43.57  -43.54  -43.36  -43.56  -43.58  -43.48   +0.03  -43.33  -43.33  -43.55  -43.53
       med   |   23.486 |   13.192 |   13.198 |   13.241 |   13.281 |   13.188 |   13.213 |   23.590 |   13.246 |   13.388 |   13.198 |   13.275
48     3     |   24.275 |   15.116 |   15.145 |   15.213 |   15.087 |   15.099 |   15.121 |   24.240 |   15.199 |   15.184 |   15.080 |   15.094 ||  -37.73  -37.61  -37.33  -37.85  -37.80  -37.71   -0.14  -37.39  -37.45  -37.88  -37.82
       med   |   24.500 |   15.170 |   15.189 |   15.632 |   15.149 |   15.191 |   15.175 |   24.477 |   15.400 |   15.378 |   15.133 |   15.213
64     4     |   25.124 |   18.355 |   18.281 |   18.653 |   18.272 |   18.248 |   18.238 |   25.109 |   18.633 |   18.622 |   18.267 |   18.272 ||  -26.94  -27.24  -25.76  -27.27  -27.37  -27.41   -0.06  -25.84  -25.88  -27.29  -27.27
       med   |   25.189 |   18.380 |   18.305 |   18.948 |   18.602 |   18.303 |   18.261 |   25.179 |   19.047 |   18.809 |   18.287 |   18.733
80     5     |   25.992 |   26.015 |   25.994 |   25.994 |   25.989 |   25.996 |   25.993 |   25.997 |   25.990 |   25.999 |   25.993 |   25.999 ||   +0.09   +0.00   +0.01   -0.01   +0.01   +0.00   +0.02   -0.01   +0.03   +0.00   +0.02
       med   |   26.380 |   26.681 |   26.627 |   26.022 |   26.084 |   26.084 |   26.235 |   26.205 |   26.027 |   26.379 |   26.089 |   26.448
96     6     |   26.916 |   26.906 |   26.927 |   26.893 |   26.905 |   26.917 |   26.918 |   26.893 |   26.924 |   26.945 |   26.912 |   26.927 ||   -0.04   +0.04   -0.09   -0.04   +0.00   +0.01   -0.09   +0.03   +0.11   -0.02   +0.04
       med   |   27.234 |   27.655 |   27.224 |   26.977 |   26.965 |   26.972 |   27.124 |   27.136 |   26.957 |   27.820 |   26.966 |   27.379
112    7     |   27.455 |   27.402 |   27.522 |   27.489 |   27.424 |   27.512 |   27.501 |   27.449 |   27.514 |   27.535 |   27.518 |   27.431 ||   -0.19   +0.25   +0.12   -0.11   +0.21   +0.17   -0.02   +0.22   +0.29   +0.23   -0.09
       med   |   27.502 |   27.685 |   27.788 |   27.528 |   27.562 |   27.562 |   27.675 |   27.737 |   27.547 |   28.528 |   27.552 |   27.614
128    8     |   25.525 |   25.610 |   25.598 |   25.598 |   25.589 |   25.592 |   25.581 |   25.579 |   25.571 |   25.599 |   25.584 |   25.594 ||   +0.33   +0.28   +0.28   +0.25   +0.26   +0.22   +0.21   +0.18   +0.29   +0.23   +0.27
       med   |   25.790 |   26.128 |   26.149 |   25.779 |   25.614 |   25.857 |   25.729 |   25.604 |   25.611 |   26.412 |   25.619 |   26.016
256    16    |   45.467 |   45.366 |   45.343 |   45.349 |   45.357 |   45.353 |   45.358 |   45.496 |   45.361 |   45.354 |   45.379 |   45.356 ||   -0.22   -0.27   -0.26   -0.24   -0.25   -0.24   +0.06   -0.23   -0.25   -0.19   -0.24
       med   |   46.020 |   45.974 |   46.154 |   45.829 |   45.691 |   45.666 |   46.320 |   45.829 |   46.004 |   46.912 |   46.376 |   46.153
512    32    |   84.388 |   84.467 |   84.341 |   84.452 |   84.389 |   84.395 |   84.401 |   84.388 |   84.361 |   84.431 |   83.059 |   84.420 ||   +0.09   -0.06   +0.08   +0.00   +0.01   +0.01   +0.00   -0.03   +0.05   -1.58   +0.04
       med   |   85.575 |   85.256 |   85.577 |   85.321 |   85.077 |   85.458 |   84.987 |   85.475 |   85.321 |   85.744 |   84.757 |   85.375
1024   64    |  161.858 |  161.953 |  161.857 |  161.977 |  161.898 |  161.865 |  161.996 |  161.648 |  161.841 |  161.987 |  161.812 |  161.834 ||   +0.06   -0.00   +0.07   +0.02   +0.00   +0.09   -0.13   -0.01   +0.08   -0.03   -0.01
       med   |  164.513 |  164.840 |  165.284 |  163.541 |  163.181 |  163.181 |  163.303 |  164.045 |  162.939 |  164.874 |  163.332 |  163.340
4096   256   |  628.740 |  628.662 |  628.763 |  628.424 |  628.025 |  628.637 |  628.858 |  628.991 |  628.497 |  628.809 |  627.864 |  628.746 ||   -0.01   +0.00   -0.05   -0.11   -0.02   +0.02   +0.04   -0.04   +0.01   -0.14   +0.00
       med   |  633.656 |  632.744 |  631.117 |  634.500 |  630.746 |  631.855 |  630.498 |  632.818 |  631.662 |  632.482 |  630.653 |  630.232
=== process binR.order3.3
SELFCHECK OK (256 whole-block lengths 1..256 blk x 12 variants; out/Xi/ivec/ret byte-identical, nothing written past 16*nblk)
bytes  blks  |     base |      d5r |    d5rAA |      w1r |       c3 |       d4 |       c5 |   baseAA |       w1 |     w1AA |       d5 |     d5AA ||     d5r%   d5rAA%     w1r%      c3%      d4%      c5%  baseAA%      w1%    w1AA%      d5%    d5AA%
16     1     |   25.348 |   12.495 |   12.522 |   12.560 |   12.515 |   12.501 |   12.509 |   25.380 |   12.572 |   12.571 |   12.530 |   12.500 ||  -50.71  -50.60  -50.45  -50.63  -50.68  -50.65   +0.12  -50.40  -50.41  -50.57  -50.69
       med   |   25.710 |   12.551 |   12.531 |   12.619 |   12.588 |   12.563 |   12.514 |   25.737 |   12.612 |   12.613 |   12.563 |   12.563
32     2     |   23.380 |   13.187 |   13.194 |   13.235 |   13.187 |   13.182 |   13.206 |   23.395 |   13.242 |   13.243 |   13.193 |   13.193 ||  -43.60  -43.57  -43.39  -43.60  -43.62  -43.52   +0.06  -43.36  -43.36  -43.57  -43.57
       med   |   23.612 |   13.193 |   13.199 |   13.240 |   13.283 |   13.188 |   13.212 |   23.616 |   13.246 |   13.306 |   13.199 |   13.238
48     3     |   24.259 |   15.130 |   15.148 |   15.211 |   15.130 |   15.114 |   15.128 |   24.242 |   15.199 |   15.189 |   15.087 |   15.113 ||  -37.63  -37.56  -37.30  -37.63  -37.70  -37.64   -0.07  -37.35  -37.39  -37.81  -37.70
       med   |   24.512 |   15.196 |   15.223 |   15.456 |   15.232 |   15.180 |   15.201 |   24.428 |   15.399 |   15.222 |   15.158 |   15.231
64     4     |   25.156 |   18.363 |   18.279 |   18.656 |   18.273 |   18.257 |   18.236 |   25.107 |   18.632 |   18.628 |   18.269 |   18.272 ||  -27.00  -27.34  -25.84  -27.36  -27.42  -27.51   -0.19  -25.93  -25.95  -27.38  -27.37
       med   |   25.353 |   18.381 |   18.303 |   18.957 |   18.600 |   18.304 |   18.261 |   25.189 |   19.050 |   18.879 |   18.287 |   18.739
80     5     |   25.986 |   26.008 |   25.987 |   25.988 |   25.996 |   26.000 |   25.991 |   25.997 |   25.988 |   25.993 |   25.993 |   25.996 ||   +0.08   +0.00   +0.01   +0.04   +0.05   +0.02   +0.04   +0.00   +0.02   +0.02   +0.04
       med   |   26.091 |   26.679 |   26.346 |   26.019 |   26.080 |   26.141 |   26.072 |   26.276 |   26.031 |   26.310 |   26.024 |   26.448
96     6     |   26.928 |   26.904 |   26.934 |   26.901 |   26.918 |   26.928 |   26.911 |   26.917 |   26.913 |   26.931 |   26.926 |   26.931 ||   -0.09   +0.02   -0.10   -0.04   -0.00   -0.06   -0.04   -0.06   +0.01   -0.01   +0.01
       med   |   27.176 |   27.212 |   27.622 |   27.202 |   26.961 |   27.219 |   27.008 |   27.136 |   26.956 |   27.248 |   26.969 |   27.393
112    7     |   27.461 |   27.429 |   27.518 |   27.488 |   27.417 |   27.526 |   27.421 |   27.446 |   27.516 |   27.524 |   27.514 |   27.528 ||   -0.12   +0.21   +0.10   -0.16   +0.24   -0.14   -0.05   +0.20   +0.23   +0.19   +0.24
       med   |   27.510 |   27.610 |   27.881 |   27.523 |   27.562 |   27.740 |   27.633 |   27.772 |   27.547 |   28.258 |   27.553 |   27.938
128    8     |   25.520 |   25.612 |   25.598 |   25.585 |   25.590 |   25.591 |   25.597 |   25.583 |   25.596 |   25.588 |   25.589 |   25.597 ||   +0.36   +0.31   +0.26   +0.28   +0.28   +0.30   +0.25   +0.30   +0.27   +0.27   +0.30
       med   |   25.547 |   26.130 |   26.149 |   25.720 |   25.612 |   25.617 |   25.755 |   25.854 |   25.612 |   25.809 |   25.617 |   26.016
256    16    |   45.492 |   45.365 |   45.347 |   45.368 |   45.350 |   45.352 |   45.368 |   45.399 |   45.348 |   45.359 |   45.360 |   45.383 ||   -0.28   -0.32   -0.27   -0.31   -0.31   -0.27   -0.21   -0.32   -0.29   -0.29   -0.24
       med   |   46.155 |   45.983 |   45.894 |   45.902 |   45.610 |   45.608 |   46.328 |   45.621 |   45.943 |   46.702 |   45.899 |   46.430
512    32    |   84.352 |   84.435 |   84.283 |   84.225 |   83.812 |   84.341 |   84.415 |   83.658 |   83.881 |   84.439 |   84.312 |   84.393 ||   +0.10   -0.08   -0.15   -0.64   -0.01   +0.07   -0.82   -0.56   +0.10   -0.05   +0.05
       med   |   85.483 |   85.563 |   84.478 |   85.392 |   85.172 |   84.658 |   84.910 |   85.116 |   84.828 |   85.462 |   84.895 |   85.585
1024   64    |  161.861 |  162.057 |  161.671 |  161.673 |  161.814 |  161.640 |  161.498 |  161.836 |  161.873 |  161.971 |  161.800 |  161.927 ||   +0.12   -0.12   -0.12   -0.03   -0.14   -0.22   -0.02   +0.01   +0.07   -0.04   +0.04
       med   |  163.168 |  164.918 |  162.964 |  165.327 |  163.208 |  164.010 |  162.938 |  163.077 |  163.358 |  163.195 |  163.060 |  164.720
4096   256   |  628.388 |  628.870 |  628.571 |  628.556 |  628.817 |  628.782 |  628.856 |  629.018 |  628.746 |  628.833 |  628.601 |  628.638 ||   +0.08   +0.03   +0.03   +0.07   +0.06   +0.07   +0.10   +0.06   +0.07   +0.03   +0.04
       med   |  633.741 |  632.235 |  630.856 |  634.985 |  630.676 |  631.638 |  630.509 |  632.227 |  631.892 |  633.112 |  630.922 |  630.375
=== process binR.order3.4
SELFCHECK OK (256 whole-block lengths 1..256 blk x 12 variants; out/Xi/ivec/ret byte-identical, nothing written past 16*nblk)
bytes  blks  |     base |      d5r |    d5rAA |      w1r |       c3 |       d4 |       c5 |   baseAA |       w1 |     w1AA |       d5 |     d5AA ||     d5r%   d5rAA%     w1r%      c3%      d4%      c5%  baseAA%      w1%    w1AA%      d5%    d5AA%
16     1     |   25.344 |   12.519 |   12.520 |   12.564 |   12.516 |   12.511 |   12.508 |   25.368 |   12.571 |   12.572 |   12.500 |   12.503 ||  -50.61  -50.60  -50.43  -50.62  -50.64  -50.65   +0.09  -50.40  -50.40  -50.68  -50.67
       med   |   25.566 |   12.551 |   12.531 |   12.619 |   12.588 |   12.563 |   12.514 |   25.741 |   12.613 |   12.613 |   12.563 |   12.563
32     2     |   23.422 |   13.187 |   13.193 |   13.235 |   13.187 |   13.183 |   13.205 |   23.371 |   13.241 |   13.241 |   13.193 |   13.192 ||  -43.70  -43.67  -43.49  -43.70  -43.72  -43.62   -0.22  -43.47  -43.47  -43.67  -43.68
       med   |   23.635 |   13.193 |   13.276 |   13.240 |   13.280 |   13.189 |   13.213 |   23.589 |   13.246 |   13.246 |   13.198 |   13.198
48     3     |   24.250 |   15.116 |   15.129 |   15.237 |   15.116 |   15.105 |   15.127 |   24.266 |   15.188 |   15.184 |   15.097 |   15.108 ||  -37.67  -37.61  -37.17  -37.67  -37.71  -37.62   +0.06  -37.37  -37.39  -37.74  -37.70
       med   |   24.513 |   15.194 |   15.231 |   15.647 |   15.236 |   15.185 |   15.193 |   24.421 |   15.420 |   15.221 |   15.157 |   15.229
64     4     |   25.164 |   18.355 |   18.280 |   18.656 |   18.275 |   18.252 |   18.239 |   25.139 |   18.628 |   18.622 |   18.267 |   18.270 ||  -27.06  -27.36  -25.86  -27.38  -27.47  -27.52   -0.10  -25.97  -26.00  -27.41  -27.40
       med   |   25.414 |   18.382 |   18.305 |   18.950 |   18.602 |   18.304 |   18.260 |   25.299 |   19.049 |   18.656 |   18.288 |   18.745
80     5     |   25.990 |   25.999 |   26.008 |   25.992 |   25.991 |   25.997 |   25.989 |   26.002 |   25.991 |   26.007 |   25.992 |   25.995 ||   +0.03   +0.07   +0.01   +0.01   +0.03   -0.00   +0.05   +0.00   +0.07   +0.01   +0.02
       med   |   26.333 |   26.687 |   26.653 |   26.113 |   26.081 |   26.068 |   26.278 |   26.243 |   26.021 |   26.889 |   26.019 |   26.258
96     6     |   26.917 |   26.957 |   26.937 |   26.945 |   26.911 |   26.908 |   26.926 |   26.913 |   26.904 |   26.920 |   26.916 |   26.925 ||   +0.15   +0.07   +0.10   -0.02   -0.03   +0.03   -0.01   -0.05   +0.01   -0.00   +0.03
       med   |   26.967 |   27.667 |   27.261 |   27.196 |   26.963 |   26.982 |   26.978 |   27.120 |   26.956 |   27.822 |   26.962 |   27.384
112    7     |   27.451 |   27.492 |   27.530 |   27.490 |   27.505 |   27.522 |   27.434 |   27.448 |   27.512 |   27.529 |   27.522 |   27.421 ||   +0.15   +0.29   +0.14   +0.20   +0.26   -0.06   -0.01   +0.22   +0.29   +0.26   -0.11
       med   |   27.493 |   27.598 |   28.037 |   27.523 |   27.572 |   27.559 |   27.634 |   27.713 |   27.546 |   28.462 |   27.558 |   27.618
128    8     |   25.529 |   25.607 |   25.594 |   25.573 |   25.590 |   25.592 |   25.589 |   25.569 |   25.590 |   25.599 |   25.588 |   25.598 ||   +0.30   +0.25   +0.17   +0.24   +0.25   +0.23   +0.16   +0.24   +0.27   +0.23   +0.27
       med   |   25.862 |   26.132 |   26.147 |   25.625 |   25.611 |   25.874 |   25.661 |   25.850 |   25.611 |   26.303 |   25.620 |   26.014
256    16    |   45.462 |   45.363 |   45.357 |   45.352 |   45.342 |   45.364 |   45.359 |   45.534 |   45.350 |   45.493 |   45.344 |   45.359 ||   -0.22   -0.23   -0.24   -0.26   -0.22   -0.23   +0.16   -0.25   +0.07   -0.26   -0.23
       med   |   46.045 |   45.982 |   45.775 |   45.902 |   45.612 |   45.602 |   46.197 |   46.025 |   45.932 |   46.847 |   45.876 |   46.355
512    32    |   84.384 |   84.343 |   84.331 |   84.443 |   84.391 |   84.395 |   84.413 |   83.803 |   84.377 |   84.413 |   84.357 |   84.422 ||   -0.05   -0.06   +0.07   +0.01   +0.01   +0.03   -0.69   -0.01   +0.03   -0.03   +0.05
       med   |   85.519 |   85.621 |   84.473 |   85.731 |   84.817 |   85.510 |   85.001 |   84.791 |   84.895 |   85.793 |   84.808 |   85.885
1024   64    |  161.804 |  162.036 |  161.828 |  161.968 |  161.532 |  161.976 |  161.821 |  161.624 |  161.832 |  161.990 |  161.927 |  162.045 ||   +0.14   +0.02   +0.10   -0.17   +0.11   +0.01   -0.11   +0.02   +0.12   +0.08   +0.15
       med   |  163.608 |  164.833 |  164.699 |  165.614 |  163.097 |  163.166 |  162.482 |  163.011 |  162.422 |  164.833 |  163.209 |  164.904
4096   256   |  628.499 |  628.210 |  628.729 |  628.686 |  628.827 |  628.747 |  628.904 |  628.870 |  628.755 |  628.782 |  628.679 |  628.536 ||   -0.05   +0.04   +0.03   +0.05   +0.04   +0.06   +0.06   +0.04   +0.05   +0.03   +0.01
       med   |  634.251 |  632.793 |  631.170 |  633.736 |  630.306 |  630.837 |  631.833 |  632.850 |  631.799 |  631.194 |  630.744 |  630.182
=== process binR.order3.5
SELFCHECK OK (256 whole-block lengths 1..256 blk x 12 variants; out/Xi/ivec/ret byte-identical, nothing written past 16*nblk)
bytes  blks  |     base |      d5r |    d5rAA |      w1r |       c3 |       d4 |       c5 |   baseAA |       w1 |     w1AA |       d5 |     d5AA ||     d5r%   d5rAA%     w1r%      c3%      d4%      c5%  baseAA%      w1%    w1AA%      d5%    d5AA%
16     1     |   25.339 |   12.509 |   12.523 |   12.560 |   12.517 |   12.546 |   12.508 |   25.413 |   12.571 |   12.570 |   12.537 |   12.522 ||  -50.63  -50.58  -50.43  -50.60  -50.49  -50.64   +0.29  -50.39  -50.39  -50.52  -50.58
       med   |   25.577 |   12.551 |   12.558 |   12.619 |   12.588 |   12.563 |   12.514 |   25.731 |   12.613 |   12.613 |   12.563 |   12.563
32     2     |   23.389 |   13.187 |   13.193 |   13.236 |   13.248 |   13.183 |   13.207 |   23.363 |   13.242 |   13.242 |   13.194 |   13.193 ||  -43.62  -43.59  -43.41  -43.36  -43.64  -43.53   -0.11  -43.38  -43.38  -43.59  -43.59
       med   |   23.457 |   13.192 |   13.198 |   13.241 |   13.280 |   13.271 |   13.212 |   23.580 |   13.246 |   13.246 |   13.198 |   13.245
48     3     |   24.247 |   15.131 |   15.128 |   15.219 |   15.117 |   15.109 |   15.133 |   24.254 |   15.207 |   15.187 |   15.100 |   15.104 ||  -37.60  -37.61  -37.24  -37.65  -37.69  -37.59   +0.03  -37.28  -37.37  -37.72  -37.71
       med   |   24.524 |   15.191 |   15.217 |   15.641 |   15.243 |   15.204 |   15.200 |   24.426 |   15.398 |   15.222 |   15.157 |   15.223
64     4     |   25.120 |   18.357 |   18.284 |   18.654 |   18.275 |   18.253 |   18.238 |   25.146 |   18.627 |   18.629 |   18.269 |   18.271 ||  -26.92  -27.21  -25.74  -27.25  -27.34  -27.40   +0.11  -25.85  -25.84  -27.27  -27.26
       med   |   25.182 |   18.382 |   18.315 |   18.949 |   18.603 |   18.303 |   18.261 |   25.294 |   19.047 |   18.655 |   18.288 |   18.734
80     5     |   25.988 |   25.998 |   26.001 |   25.992 |   25.992 |   25.992 |   25.991 |   25.994 |   25.990 |   25.991 |   25.990 |   25.994 ||   +0.04   +0.05   +0.02   +0.02   +0.02   +0.01   +0.02   +0.01   +0.01   +0.01   +0.02
       med   |   26.178 |   26.683 |   26.542 |   26.228 |   26.077 |   26.040 |   26.262 |   26.273 |   26.022 |   26.742 |   26.021 |   26.493
96     6     |   26.927 |   26.923 |   26.924 |   26.888 |   26.910 |   26.892 |   26.922 |   26.897 |   26.921 |   26.952 |   26.914 |   26.921 ||   -0.02   -0.01   -0.14   -0.06   -0.13   -0.02   -0.11   -0.02   +0.09   -0.05   -0.02
       med   |   27.219 |   27.033 |   27.501 |   27.193 |   26.965 |   27.041 |   27.178 |   27.127 |   26.955 |   27.824 |   26.959 |   27.398
112    7     |   27.458 |   27.480 |   27.537 |   27.491 |   27.416 |   27.509 |   27.425 |   27.431 |   27.515 |   27.541 |   27.513 |   27.455 ||   +0.08   +0.29   +0.12   -0.15   +0.18   -0.12   -0.10   +0.21   +0.30   +0.20   -0.01
       med   |   27.571 |   28.176 |   28.040 |   27.521 |   27.562 |   27.594 |   27.787 |   27.692 |   27.547 |   28.544 |   27.547 |   27.626
128    8     |   25.514 |   25.611 |   25.598 |   25.577 |   25.590 |   25.590 |   25.580 |   25.578 |   25.592 |   25.594 |   25.594 |   25.590 ||   +0.38   +0.33   +0.25   +0.30   +0.30   +0.26   +0.25   +0.31   +0.31   +0.31   +0.30
       med   |   25.546 |   26.131 |   26.146 |   25.824 |   25.612 |   25.725 |   25.748 |   25.736 |   25.612 |   26.411 |   25.623 |   26.016
256    16    |   45.453 |   45.337 |   45.339 |   45.359 |   45.347 |   45.333 |   45.355 |   45.422 |   45.352 |   45.345 |   45.350 |   45.339 ||   -0.25   -0.25   -0.21   -0.23   -0.26   -0.22   -0.07   -0.22   -0.24   -0.23   -0.25
       med   |   46.231 |   45.904 |   46.255 |   45.927 |   45.681 |   45.620 |   46.424 |   45.609 |   45.657 |   46.687 |   45.910 |   46.446
512    32    |   84.243 |   84.470 |   84.379 |   84.358 |   84.374 |   84.353 |   84.410 |   84.392 |   84.386 |   84.401 |   84.382 |   84.399 ||   +0.27   +0.16   +0.14   +0.16   +0.13   +0.20   +0.18   +0.17   +0.19   +0.16   +0.18
       med   |   85.419 |   85.138 |   85.633 |   85.533 |   84.824 |   85.553 |   85.130 |   85.381 |   84.800 |   85.890 |   85.427 |   85.386
1024   64    |  161.869 |  161.965 |  161.495 |  161.938 |  161.845 |  161.946 |  161.952 |  161.903 |  161.833 |  161.987 |  161.833 |  161.988 ||   +0.06   -0.23   +0.04   -0.01   +0.05   +0.05   +0.02   -0.02   +0.07   -0.02   +0.07
       med   |  163.825 |  163.929 |  163.073 |  165.727 |  163.101 |  163.542 |  163.066 |  163.268 |  163.181 |  164.489 |  163.022 |  163.329
4096   256   |  628.565 |  628.223 |  628.798 |  628.484 |  628.547 |  628.562 |  628.830 |  628.980 |  628.788 |  628.848 |  628.774 |  628.418 ||   -0.05   +0.04   -0.01   -0.00   -0.00   +0.04   +0.07   +0.04   +0.05   +0.03   -0.02
       med   |  633.823 |  634.371 |  633.226 |  633.718 |  630.700 |  631.078 |  630.131 |  632.042 |  631.558 |  632.904 |  630.745 |  630.749
