## bin=binR host=gv5 core=3 reps=300 nproc=5
## O1: base baseAA w1 w1AA d5 d5AA d5r d5rAA w1r c3 d4 c5
## O2: base c5 d4 c3 w1r d5rAA d5r d5AA d5 w1AA w1 baseAA
## O3: base d5r d5rAA w1r c3 d4 c5 baseAA w1 w1AA d5 d5AA
=== process binR.order1.1
SELFCHECK OK (256 whole-block lengths 1..256 blk x 12 variants; out/Xi/ivec/ret byte-identical, nothing written past 16*nblk)
bytes  blks  |     base |   baseAA |       w1 |     w1AA |       d5 |     d5AA |      d5r |    d5rAA |      w1r |       c3 |       d4 |       c5 ||  baseAA%      w1%    w1AA%      d5%    d5AA%     d5r%   d5rAA%     w1r%      c3%      d4%      c5%
16     1     |   19.621 |   19.623 |   10.605 |   10.605 |   10.558 |   10.558 |   10.558 |   10.559 |   10.605 |   10.565 |   10.559 |   10.565 ||   +0.01  -45.95  -45.95  -46.19  -46.19  -46.19  -46.19  -45.95  -46.16  -46.19  -46.15
       med   |   19.641 |   19.641 |   10.607 |   10.607 |   10.561 |   10.562 |   10.562 |   10.562 |   10.607 |   10.569 |   10.562 |   10.571
32     2     |   19.645 |   19.643 |   11.279 |   11.275 |   11.243 |   11.234 |   11.233 |   11.217 |   11.274 |   11.217 |   11.184 |   11.231 ||   -0.01  -42.59  -42.60  -42.77  -42.81  -42.82  -42.90  -42.61  -42.90  -43.07  -42.83
       med   |   19.662 |   19.662 |   11.289 |   11.287 |   11.251 |   11.250 |   11.243 |   11.223 |   11.282 |   11.223 |   11.190 |   11.238
48     3     |   20.350 |   20.357 |   12.276 |   12.278 |   12.151 |   12.149 |   12.148 |   12.147 |   12.279 |   12.169 |   12.127 |   12.176 ||   +0.03  -39.68  -39.67  -40.29  -40.30  -40.30  -40.31  -39.66  -40.20  -40.41  -40.17
       med   |   20.380 |   20.379 |   12.291 |   12.290 |   12.158 |   12.159 |   12.158 |   12.159 |   12.290 |   12.178 |   12.137 |   12.185
64     4     |   20.953 |   20.950 |   14.768 |   14.767 |   14.467 |   14.463 |   14.470 |   14.450 |   14.764 |   14.505 |   14.472 |   14.537 ||   -0.01  -29.52  -29.52  -30.96  -30.98  -30.94  -31.04  -29.54  -30.78  -30.93  -30.62
       med   |   20.976 |   20.973 |   14.787 |   14.787 |   14.486 |   14.484 |   14.486 |   14.468 |   14.785 |   14.526 |   14.488 |   14.557
80     5     |   21.594 |   21.598 |   21.611 |   21.606 |   21.610 |   21.606 |   21.609 |   21.588 |   21.607 |   21.592 |   21.593 |   21.593 ||   +0.02   +0.08   +0.06   +0.07   +0.06   +0.07   -0.03   +0.06   -0.01   -0.00   -0.01
       med   |   21.627 |   21.626 |   21.633 |   21.633 |   21.635 |   21.636 |   21.633 |   21.620 |   21.632 |   21.620 |   21.619 |   21.625
96     6     |   22.373 |   22.375 |   22.394 |   22.392 |   22.378 |   22.399 |   22.392 |   22.315 |   22.395 |   22.339 |   22.308 |   22.339 ||   +0.01   +0.09   +0.08   +0.02   +0.12   +0.08   -0.26   +0.10   -0.15   -0.29   -0.15
       med   |   22.406 |   22.406 |   22.430 |   22.430 |   22.428 |   22.430 |   22.428 |   22.367 |   22.430 |   22.370 |   22.366 |   22.370
112    7     |   22.837 |   22.832 |   22.861 |   22.854 |   22.856 |   22.860 |   22.857 |   22.751 |   22.864 |   22.752 |   22.758 |   22.751 ||   -0.02   +0.11   +0.08   +0.08   +0.10   +0.09   -0.38   +0.12   -0.37   -0.34   -0.38
       med   |   22.874 |   22.882 |   22.899 |   22.900 |   22.899 |   22.900 |   22.900 |   22.783 |   22.900 |   22.783 |   22.785 |   22.784
128    8     |   21.453 |   21.452 |   21.457 |   21.456 |   21.461 |   21.460 |   21.464 |   21.459 |   21.462 |   21.457 |   21.456 |   21.456 ||   -0.01   +0.02   +0.01   +0.03   +0.03   +0.05   +0.03   +0.04   +0.02   +0.01   +0.01
       med   |   21.480 |   21.480 |   21.487 |   21.486 |   21.487 |   21.485 |   21.486 |   21.487 |   21.485 |   21.486 |   21.488 |   21.487
256    16    |   38.168 |   38.176 |   38.179 |   38.179 |   38.178 |   38.171 |   38.177 |   38.173 |   38.176 |   38.176 |   38.176 |   38.178 ||   +0.02   +0.03   +0.03   +0.03   +0.01   +0.02   +0.01   +0.02   +0.02   +0.02   +0.03
       med   |   38.206 |   38.210 |   38.210 |   38.211 |   38.210 |   38.210 |   38.210 |   38.211 |   38.212 |   38.208 |   38.215 |   38.213
512    32    |   71.101 |   71.108 |   71.124 |   71.112 |   71.121 |   71.114 |   71.111 |   71.129 |   71.124 |   71.119 |   71.122 |   71.119 ||   +0.01   +0.03   +0.02   +0.03   +0.02   +0.01   +0.04   +0.03   +0.03   +0.03   +0.03
       med   |   71.148 |   71.152 |   71.168 |   71.166 |   71.165 |   71.168 |   71.168 |   71.180 |   71.167 |   71.167 |   71.173 |   71.168
1024   64    |  138.501 |  138.499 |  138.524 |  138.518 |  138.524 |  138.529 |  138.515 |  138.501 |  138.523 |  138.501 |  138.501 |  138.501 ||   -0.00   +0.02   +0.01   +0.02   +0.02   +0.01   +0.00   +0.02   -0.00   +0.00   -0.00
       med   |  138.546 |  138.552 |  138.556 |  138.559 |  138.552 |  138.555 |  138.556 |  138.586 |  138.558 |  138.553 |  138.609 |  138.556
4096   256   |  546.858 |  546.823 |  546.840 |  546.863 |  546.870 |  546.857 |  546.856 |  546.851 |  546.864 |  546.835 |  546.866 |  546.846 ||   -0.01   -0.00   +0.00   +0.00   -0.00   -0.00   -0.00   +0.00   -0.00   +0.00   -0.00
       med   |  546.973 |  546.970 |  546.985 |  547.001 |  546.977 |  547.005 |  546.990 |  547.004 |  546.988 |  546.996 |  547.019 |  546.992
=== process binR.order1.2
SELFCHECK OK (256 whole-block lengths 1..256 blk x 12 variants; out/Xi/ivec/ret byte-identical, nothing written past 16*nblk)
bytes  blks  |     base |   baseAA |       w1 |     w1AA |       d5 |     d5AA |      d5r |    d5rAA |      w1r |       c3 |       d4 |       c5 ||  baseAA%      w1%    w1AA%      d5%    d5AA%     d5r%   d5rAA%     w1r%      c3%      d4%      c5%
16     1     |   19.620 |   19.617 |   10.605 |   10.605 |   10.558 |   10.558 |   10.559 |   10.557 |   10.605 |   10.566 |   10.558 |   10.565 ||   -0.02  -45.95  -45.95  -46.19  -46.19  -46.19  -46.19  -45.95  -46.15  -46.19  -46.15
       med   |   19.642 |   19.642 |   10.607 |   10.607 |   10.561 |   10.562 |   10.562 |   10.562 |   10.607 |   10.569 |   10.562 |   10.571
32     2     |   19.640 |   19.646 |   11.279 |   11.276 |   11.242 |   11.234 |   11.232 |   11.217 |   11.274 |   11.216 |   11.183 |   11.232 ||   +0.03  -42.57  -42.59  -42.76  -42.80  -42.81  -42.89  -42.60  -42.89  -43.06  -42.81
       med   |   19.662 |   19.663 |   11.289 |   11.287 |   11.251 |   11.250 |   11.242 |   11.223 |   11.281 |   11.223 |   11.190 |   11.238
48     3     |   20.356 |   20.360 |   12.279 |   12.280 |   12.148 |   12.149 |   12.148 |   12.146 |   12.272 |   12.167 |   12.125 |   12.173 ||   +0.02  -39.68  -39.67  -40.32  -40.31  -40.32  -40.33  -39.71  -40.23  -40.43  -40.20
       med   |   20.377 |   20.380 |   12.291 |   12.290 |   12.158 |   12.158 |   12.158 |   12.158 |   12.290 |   12.177 |   12.137 |   12.185
64     4     |   20.951 |   20.948 |   14.769 |   14.767 |   14.468 |   14.466 |   14.469 |   14.448 |   14.763 |   14.505 |   14.468 |   14.538 ||   -0.01  -29.51  -29.52  -30.94  -30.95  -30.94  -31.04  -29.53  -30.77  -30.94  -30.61
       med   |   20.974 |   20.974 |   14.788 |   14.786 |   14.486 |   14.484 |   14.486 |   14.467 |   14.784 |   14.525 |   14.488 |   14.558
80     5     |   21.603 |   21.602 |   21.607 |   21.613 |   21.612 |   21.609 |   21.607 |   21.596 |   21.609 |   21.594 |   21.589 |   21.595 ||   -0.00   +0.02   +0.05   +0.04   +0.03   +0.02   -0.03   +0.03   -0.04   -0.06   -0.04
       med   |   21.628 |   21.626 |   21.635 |   21.636 |   21.635 |   21.635 |   21.635 |   21.618 |   21.636 |   21.622 |   21.622 |   21.626
96     6     |   22.378 |   22.382 |   22.394 |   22.399 |   22.396 |   22.392 |   22.397 |   22.311 |   22.393 |   22.338 |   22.309 |   22.341 ||   +0.02   +0.07   +0.09   +0.08   +0.06   +0.08   -0.30   +0.06   -0.18   -0.31   -0.17
       med   |   22.406 |   22.409 |   22.430 |   22.428 |   22.428 |   22.430 |   22.429 |   22.369 |   22.428 |   22.369 |   22.366 |   22.371
112    7     |   22.811 |   22.845 |   22.864 |   22.858 |   22.860 |   22.852 |   22.863 |   22.754 |   22.861 |   22.759 |   22.748 |   22.752 ||   +0.15   +0.23   +0.20   +0.22   +0.18   +0.23   -0.25   +0.22   -0.23   -0.28   -0.26
       med   |   22.874 |   22.881 |   22.899 |   22.898 |   22.899 |   22.900 |   22.900 |   22.783 |   22.899 |   22.783 |   22.782 |   22.784
128    8     |   21.454 |   21.443 |   21.464 |   21.461 |   21.459 |   21.455 |   21.459 |   21.463 |   21.458 |   21.463 |   21.458 |   21.461 ||   -0.05   +0.05   +0.03   +0.02   +0.00   +0.02   +0.04   +0.02   +0.04   +0.02   +0.03
       med   |   21.481 |   21.480 |   21.486 |   21.487 |   21.485 |   21.485 |   21.486 |   21.488 |   21.487 |   21.486 |   21.487 |   21.486
256    16    |   38.171 |   38.173 |   38.173 |   38.177 |   38.164 |   38.176 |   38.180 |   38.164 |   38.175 |   38.172 |   38.173 |   38.171 ||   +0.01   +0.00   +0.02   -0.02   +0.01   +0.02   -0.02   +0.01   +0.00   +0.01   -0.00
       med   |   38.209 |   38.210 |   38.209 |   38.209 |   38.212 |   38.210 |   38.213 |   38.215 |   38.211 |   38.211 |   38.216 |   38.211
512    32    |   71.096 |   71.112 |   71.118 |   71.126 |   71.124 |   71.121 |   71.125 |   71.126 |   71.122 |   71.119 |   71.120 |   71.121 ||   +0.02   +0.03   +0.04   +0.04   +0.03   +0.04   +0.04   +0.04   +0.03   +0.03   +0.03
       med   |   71.149 |   71.152 |   71.167 |   71.167 |   71.168 |   71.169 |   71.168 |   71.176 |   71.166 |   71.167 |   71.176 |   71.166
1024   64    |  138.495 |  138.497 |  138.521 |  138.525 |  138.526 |  138.522 |  138.534 |  138.502 |  138.526 |  138.499 |  138.505 |  138.508 ||   +0.00   +0.02   +0.02   +0.02   +0.02   +0.03   +0.01   +0.02   +0.00   +0.01   +0.01
       med   |  138.542 |  138.546 |  138.571 |  138.570 |  138.569 |  138.571 |  138.573 |  138.581 |  138.568 |  138.569 |  138.601 |  138.574
4096   256   |  546.826 |  546.872 |  546.875 |  546.870 |  546.885 |  546.865 |  546.872 |  546.867 |  546.867 |  546.863 |  546.861 |  546.854 ||   +0.01   +0.01   +0.01   +0.01   +0.01   +0.01   +0.01   +0.01   +0.01   +0.01   +0.01
       med   |  546.989 |  546.994 |  547.017 |  547.029 |  547.018 |  547.035 |  547.014 |  547.024 |  547.018 |  547.020 |  547.044 |  547.010
=== process binR.order1.3
SELFCHECK OK (256 whole-block lengths 1..256 blk x 12 variants; out/Xi/ivec/ret byte-identical, nothing written past 16*nblk)
bytes  blks  |     base |   baseAA |       w1 |     w1AA |       d5 |     d5AA |      d5r |    d5rAA |      w1r |       c3 |       d4 |       c5 ||  baseAA%      w1%    w1AA%      d5%    d5AA%     d5r%   d5rAA%     w1r%      c3%      d4%      c5%
16     1     |   19.625 |   19.621 |   10.605 |   10.605 |   10.558 |   10.558 |   10.558 |   10.558 |   10.605 |   10.565 |   10.558 |   10.564 ||   -0.02  -45.96  -45.96  -46.20  -46.20  -46.20  -46.20  -45.96  -46.17  -46.20  -46.17
       med   |   19.643 |   19.643 |   10.607 |   10.607 |   10.561 |   10.562 |   10.562 |   10.562 |   10.607 |   10.569 |   10.562 |   10.571
32     2     |   19.645 |   19.645 |   11.277 |   11.275 |   11.245 |   11.234 |   11.230 |   11.217 |   11.274 |   11.216 |   11.182 |   11.231 ||   +0.00  -42.60  -42.61  -42.76  -42.82  -42.84  -42.90  -42.61  -42.91  -43.08  -42.83
       med   |   19.661 |   19.662 |   11.288 |   11.287 |   11.251 |   11.250 |   11.242 |   11.223 |   11.281 |   11.222 |   11.190 |   11.238
48     3     |   20.359 |   20.357 |   12.278 |   12.278 |   12.153 |   12.146 |   12.147 |   12.148 |   12.277 |   12.165 |   12.127 |   12.175 ||   -0.01  -39.69  -39.69  -40.31  -40.34  -40.34  -40.33  -39.70  -40.25  -40.44  -40.20
       med   |   20.379 |   20.380 |   12.292 |   12.291 |   12.166 |   12.158 |   12.159 |   12.159 |   12.291 |   12.177 |   12.138 |   12.185
64     4     |   20.952 |   20.946 |   14.769 |   14.770 |   14.530 |   14.467 |   14.465 |   14.451 |   14.767 |   14.508 |   14.472 |   14.536 ||   -0.03  -29.51  -29.51  -30.65  -30.95  -30.96  -31.03  -29.52  -30.76  -30.93  -30.62
       med   |   20.976 |   20.975 |   14.789 |   14.788 |   14.545 |   14.486 |   14.487 |   14.467 |   14.785 |   14.527 |   14.488 |   14.555
80     5     |   21.602 |   21.605 |   21.604 |   21.612 |   21.611 |   21.609 |   21.612 |   21.589 |   21.608 |   21.594 |   21.592 |   21.597 ||   +0.01   +0.01   +0.05   +0.04   +0.03   +0.04   -0.06   +0.03   -0.04   -0.05   -0.02
       med   |   21.627 |   21.626 |   21.633 |   21.634 |   21.635 |   21.634 |   21.633 |   21.619 |   21.635 |   21.624 |   21.618 |   21.624
96     6     |   22.377 |   22.378 |   22.395 |   22.403 |   22.401 |   22.395 |   22.397 |   22.320 |   22.396 |   22.338 |   22.314 |   22.342 ||   +0.00   +0.08   +0.11   +0.10   +0.08   +0.09   -0.26   +0.08   -0.17   -0.28   -0.16
       med   |   22.408 |   22.408 |   22.429 |   22.428 |   22.426 |   22.429 |   22.428 |   22.368 |   22.430 |   22.370 |   22.366 |   22.371
112    7     |   22.832 |   22.845 |   22.864 |   22.851 |   22.866 |   22.856 |   22.861 |   22.749 |   22.863 |   22.756 |   22.751 |   22.752 ||   +0.05   +0.14   +0.08   +0.15   +0.11   +0.13   -0.36   +0.14   -0.33   -0.36   -0.35
       med   |   22.873 |   22.883 |   22.899 |   22.899 |   22.900 |   22.899 |   22.899 |   22.784 |   22.899 |   22.783 |   22.785 |   22.783
128    8     |   21.454 |   21.456 |   21.461 |   21.467 |   21.461 |   21.457 |   21.461 |   21.462 |   21.455 |   21.461 |   21.461 |   21.455 ||   +0.01   +0.03   +0.06   +0.03   +0.01   +0.03   +0.04   +0.01   +0.03   +0.03   +0.01
       med   |   21.483 |   21.480 |   21.488 |   21.487 |   21.486 |   21.486 |   21.486 |   21.488 |   21.487 |   21.487 |   21.490 |   21.487
256    16    |   38.176 |   38.176 |   38.173 |   38.181 |   38.178 |   38.179 |   38.169 |   38.180 |   38.168 |   38.179 |   38.179 |   38.171 ||   +0.00   -0.01   +0.01   +0.01   +0.01   -0.02   +0.01   -0.02   +0.01   +0.01   -0.01
       med   |   38.205 |   38.210 |   38.210 |   38.213 |   38.211 |   38.209 |   38.211 |   38.214 |   38.210 |   38.210 |   38.215 |   38.212
512    32    |   71.088 |   71.096 |   71.122 |   71.128 |   71.126 |   71.111 |   71.127 |   71.132 |   71.124 |   71.112 |   71.129 |   71.110 ||   +0.01   +0.05   +0.06   +0.05   +0.03   +0.06   +0.06   +0.05   +0.03   +0.06   +0.03
       med   |   71.148 |   71.152 |   71.164 |   71.165 |   71.164 |   71.167 |   71.164 |   71.181 |   71.163 |   71.165 |   71.176 |   71.166
1024   64    |  138.497 |  138.497 |  138.530 |  138.524 |  138.526 |  138.527 |  138.531 |  138.510 |  138.517 |  138.502 |  138.507 |  138.506 ||   +0.00   +0.02   +0.02   +0.02   +0.02   +0.02   +0.01   +0.01   +0.00   +0.01   +0.01
       med   |  138.552 |  138.556 |  138.562 |  138.565 |  138.564 |  138.565 |  138.564 |  138.588 |  138.565 |  138.564 |  138.591 |  138.567
4096   256   |  546.867 |  546.871 |  546.876 |  546.903 |  546.878 |  546.888 |  546.869 |  546.870 |  546.862 |  546.848 |  546.870 |  546.873 ||   +0.00   +0.00   +0.01   +0.00   +0.00   +0.00   +0.00   -0.00   -0.00   +0.00   +0.00
       med   |  547.000 |  547.026 |  547.014 |  547.015 |  547.018 |  547.028 |  547.037 |  547.043 |  547.021 |  547.029 |  547.051 |  547.019
=== process binR.order1.4
SELFCHECK OK (256 whole-block lengths 1..256 blk x 12 variants; out/Xi/ivec/ret byte-identical, nothing written past 16*nblk)
bytes  blks  |     base |   baseAA |       w1 |     w1AA |       d5 |     d5AA |      d5r |    d5rAA |      w1r |       c3 |       d4 |       c5 ||  baseAA%      w1%    w1AA%      d5%    d5AA%     d5r%   d5rAA%     w1r%      c3%      d4%      c5%
16     1     |   19.623 |   19.622 |   10.605 |   10.605 |   10.558 |   10.557 |   10.558 |   10.558 |   10.605 |   10.565 |   10.557 |   10.565 ||   -0.00  -45.96  -45.96  -46.20  -46.20  -46.19  -46.20  -45.96  -46.16  -46.20  -46.16
       med   |   19.642 |   19.642 |   10.607 |   10.607 |   10.561 |   10.562 |   10.562 |   10.562 |   10.607 |   10.569 |   10.562 |   10.571
32     2     |   19.645 |   19.641 |   11.278 |   11.275 |   11.243 |   11.230 |   11.231 |   11.218 |   11.274 |   11.216 |   11.182 |   11.231 ||   -0.02  -42.59  -42.61  -42.77  -42.83  -42.83  -42.90  -42.61  -42.91  -43.08  -42.83
       med   |   19.662 |   19.663 |   11.288 |   11.287 |   11.251 |   11.250 |   11.242 |   11.224 |   11.281 |   11.222 |   11.190 |   11.238
48     3     |   20.353 |   20.360 |   12.279 |   12.275 |   12.147 |   12.149 |   12.146 |   12.149 |   12.276 |   12.168 |   12.126 |   12.176 ||   +0.04  -39.67  -39.69  -40.32  -40.31  -40.32  -40.31  -39.68  -40.22  -40.42  -40.18
       med   |   20.376 |   20.380 |   12.291 |   12.290 |   12.158 |   12.158 |   12.158 |   12.158 |   12.290 |   12.177 |   12.137 |   12.185
64     4     |   20.952 |   20.947 |   14.766 |   14.765 |   14.468 |   14.467 |   14.469 |   14.452 |   14.763 |   14.503 |   14.469 |   14.536 ||   -0.02  -29.52  -29.53  -30.94  -30.95  -30.94  -31.02  -29.54  -30.78  -30.94  -30.62
       med   |   20.976 |   20.974 |   14.788 |   14.787 |   14.486 |   14.485 |   14.486 |   14.466 |   14.784 |   14.525 |   14.487 |   14.558
80     5     |   21.604 |   21.603 |   21.608 |   21.611 |   21.609 |   21.608 |   21.606 |   21.591 |   21.610 |   21.594 |   21.590 |   21.600 ||   -0.00   +0.02   +0.03   +0.02   +0.02   +0.01   -0.06   +0.03   -0.04   -0.07   -0.02
       med   |   21.627 |   21.627 |   21.635 |   21.634 |   21.634 |   21.633 |   21.635 |   21.616 |   21.634 |   21.623 |   21.620 |   21.622
96     6     |   22.378 |   22.380 |   22.398 |   22.394 |   22.396 |   22.397 |   22.390 |   22.315 |   22.395 |   22.332 |   22.310 |   22.333 ||   +0.01   +0.09   +0.07   +0.08   +0.08   +0.05   -0.28   +0.08   -0.20   -0.30   -0.20
       med   |   22.409 |   22.407 |   22.429 |   22.428 |   22.430 |   22.430 |   22.429 |   22.363 |   22.427 |   22.369 |   22.366 |   22.368
112    7     |   22.838 |   22.842 |   22.858 |   22.861 |   22.863 |   22.861 |   22.863 |   22.750 |   22.864 |   22.753 |   22.751 |   22.757 ||   +0.02   +0.09   +0.10   +0.11   +0.10   +0.11   -0.39   +0.11   -0.37   -0.38   -0.36
       med   |   22.873 |   22.881 |   22.899 |   22.900 |   22.901 |   22.900 |   22.898 |   22.782 |   22.899 |   22.781 |   22.783 |   22.783
128    8     |   21.457 |   21.447 |   21.453 |   21.461 |   21.457 |   21.456 |   21.459 |   21.463 |   21.458 |   21.457 |   21.462 |   21.453 ||   -0.04   -0.02   +0.02   +0.00   -0.00   +0.01   +0.03   +0.01   +0.00   +0.03   -0.02
       med   |   21.481 |   21.479 |   21.486 |   21.486 |   21.485 |   21.487 |   21.486 |   21.487 |   21.485 |   21.485 |   21.487 |   21.485
256    16    |   38.163 |   38.174 |   38.168 |   38.175 |   38.176 |   38.175 |   38.179 |   38.176 |   38.179 |   38.177 |   38.180 |   38.183 ||   +0.03   +0.01   +0.03   +0.03   +0.03   +0.04   +0.03   +0.04   +0.04   +0.05   +0.05
       med   |   38.207 |   38.210 |   38.213 |   38.211 |   38.210 |   38.210 |   38.212 |   38.214 |   38.209 |   38.212 |   38.214 |   38.212
512    32    |   71.106 |   71.108 |   71.122 |   71.124 |   71.120 |   71.123 |   71.124 |   71.116 |   71.114 |   71.105 |   71.127 |   71.112 ||   +0.00   +0.02   +0.03   +0.02   +0.02   +0.03   +0.01   +0.01   -0.00   +0.03   +0.01
       med   |   71.144 |   71.151 |   71.166 |   71.165 |   71.167 |   71.166 |   71.166 |   71.182 |   71.166 |   71.166 |   71.176 |   71.166
1024   64    |  138.496 |  138.490 |  138.530 |  138.531 |  138.514 |  138.530 |  138.531 |  138.500 |  138.530 |  138.502 |  138.507 |  138.505 ||   -0.00   +0.02   +0.03   +0.01   +0.02   +0.03   +0.00   +0.02   +0.00   +0.01   +0.01
       med   |  138.552 |  138.551 |  138.560 |  138.562 |  138.562 |  138.560 |  138.561 |  138.587 |  138.560 |  138.558 |  138.607 |  138.564
4096   256   |  546.827 |  546.840 |  546.885 |  546.881 |  546.884 |  546.890 |  546.844 |  546.854 |  546.874 |  546.875 |  546.889 |  546.847 ||   +0.00   +0.01   +0.01   +0.01   +0.01   +0.00   +0.00   +0.01   +0.01   +0.01   +0.00
       med   |  546.973 |  547.003 |  546.999 |  547.010 |  547.016 |  547.029 |  547.010 |  547.026 |  547.019 |  547.017 |  547.045 |  547.004
=== process binR.order1.5
SELFCHECK OK (256 whole-block lengths 1..256 blk x 12 variants; out/Xi/ivec/ret byte-identical, nothing written past 16*nblk)
bytes  blks  |     base |   baseAA |       w1 |     w1AA |       d5 |     d5AA |      d5r |    d5rAA |      w1r |       c3 |       d4 |       c5 ||  baseAA%      w1%    w1AA%      d5%    d5AA%     d5r%   d5rAA%     w1r%      c3%      d4%      c5%
16     1     |   19.620 |   19.623 |   10.605 |   10.605 |   10.556 |   10.557 |   10.559 |   10.558 |   10.605 |   10.566 |   10.558 |   10.563 ||   +0.02  -45.95  -45.95  -46.19  -46.19  -46.18  -46.18  -45.95  -46.15  -46.19  -46.16
       med   |   19.641 |   19.641 |   10.607 |   10.607 |   10.561 |   10.561 |   10.562 |   10.562 |   10.607 |   10.569 |   10.562 |   10.571
32     2     |   19.644 |   19.645 |   11.278 |   11.275 |   11.244 |   11.233 |   11.230 |   11.216 |   11.276 |   11.216 |   11.184 |   11.232 ||   +0.01  -42.59  -42.61  -42.76  -42.82  -42.83  -42.90  -42.60  -42.90  -43.07  -42.82
       med   |   19.660 |   19.662 |   11.288 |   11.287 |   11.251 |   11.249 |   11.242 |   11.223 |   11.281 |   11.222 |   11.190 |   11.238
48     3     |   20.354 |   20.359 |   12.278 |   12.276 |   12.145 |   12.148 |   12.148 |   12.149 |   12.278 |   12.166 |   12.129 |   12.177 ||   +0.03  -39.68  -39.69  -40.33  -40.31  -40.32  -40.31  -39.67  -40.22  -40.41  -40.17
       med   |   20.377 |   20.379 |   12.290 |   12.290 |   12.158 |   12.158 |   12.158 |   12.158 |   12.289 |   12.178 |   12.137 |   12.185
64     4     |   20.949 |   20.947 |   14.767 |   14.769 |   14.467 |   14.466 |   14.471 |   14.451 |   14.765 |   14.510 |   14.466 |   14.537 ||   -0.01  -29.51  -29.50  -30.94  -30.94  -30.92  -31.01  -29.52  -30.74  -30.94  -30.60
       med   |   20.976 |   20.974 |   14.789 |   14.786 |   14.486 |   14.485 |   14.487 |   14.467 |   14.784 |   14.527 |   14.488 |   14.557
80     5     |   21.602 |   21.603 |   21.610 |   21.612 |   21.610 |   21.609 |   21.607 |   21.592 |   21.611 |   21.592 |   21.593 |   21.594 ||   +0.00   +0.04   +0.04   +0.03   +0.03   +0.02   -0.05   +0.04   -0.05   -0.04   -0.04
       med   |   21.626 |   21.626 |   21.634 |   21.634 |   21.633 |   21.633 |   21.633 |   21.616 |   21.633 |   21.623 |   21.617 |   21.621
96     6     |   22.373 |   22.377 |   22.393 |   22.387 |   22.396 |   22.398 |   22.383 |   22.302 |   22.398 |   22.337 |   22.305 |   22.325 ||   +0.02   +0.09   +0.06   +0.10   +0.11   +0.04   -0.32   +0.11   -0.16   -0.30   -0.22
       med   |   22.404 |   22.408 |   22.427 |   22.430 |   22.427 |   22.429 |   22.428 |   22.365 |   22.429 |   22.369 |   22.366 |   22.369
112    7     |   22.839 |   22.842 |   22.869 |   22.861 |   22.863 |   22.861 |   22.863 |   22.752 |   22.859 |   22.750 |   22.753 |   22.756 ||   +0.02   +0.13   +0.10   +0.10   +0.10   +0.10   -0.38   +0.09   -0.39   -0.37   -0.36
       med   |   22.874 |   22.884 |   22.899 |   22.898 |   22.899 |   22.898 |   22.898 |   22.784 |   22.901 |   22.783 |   22.785 |   22.783
128    8     |   21.450 |   21.450 |   21.462 |   21.457 |   21.457 |   21.460 |   21.461 |   21.461 |   21.464 |   21.460 |   21.459 |   21.462 ||   -0.00   +0.06   +0.04   +0.03   +0.05   +0.05   +0.05   +0.06   +0.04   +0.04   +0.06
       med   |   21.480 |   21.479 |   21.485 |   21.486 |   21.487 |   21.485 |   21.486 |   21.488 |   21.487 |   21.486 |   21.488 |   21.485
256    16    |   38.172 |   38.170 |   38.167 |   38.176 |   38.172 |   38.177 |   38.177 |   38.179 |   38.175 |   38.175 |   38.173 |   38.178 ||   -0.00   -0.01   +0.01   -0.00   +0.01   +0.01   +0.02   +0.01   +0.01   +0.00   +0.01
       med   |   38.207 |   38.208 |   38.208 |   38.211 |   38.212 |   38.212 |   38.209 |   38.213 |   38.212 |   38.211 |   38.217 |   38.210
512    32    |   71.091 |   71.109 |   71.117 |   71.124 |   71.122 |   71.118 |   71.123 |   71.123 |   71.121 |   71.118 |   71.110 |   71.128 ||   +0.02   +0.04   +0.05   +0.04   +0.04   +0.04   +0.05   +0.04   +0.04   +0.03   +0.05
       med   |   71.146 |   71.153 |   71.162 |   71.164 |   71.164 |   71.163 |   71.163 |   71.173 |   71.164 |   71.164 |   71.178 |   71.167
1024   64    |  138.494 |  138.495 |  138.514 |  138.530 |  138.530 |  138.525 |  138.530 |  138.505 |  138.521 |  138.500 |  138.505 |  138.505 ||   +0.00   +0.01   +0.03   +0.03   +0.02   +0.03   +0.01   +0.02   +0.00   +0.01   +0.01
       med   |  138.553 |  138.552 |  138.561 |  138.565 |  138.567 |  138.565 |  138.561 |  138.591 |  138.560 |  138.564 |  138.589 |  138.564
4096   256   |  546.870 |  546.886 |  546.885 |  546.888 |  546.880 |  546.890 |  546.879 |  546.882 |  546.908 |  546.881 |  546.888 |  546.869 ||   +0.00   +0.00   +0.00   +0.00   +0.00   +0.00   +0.00   +0.01   +0.00   +0.00   -0.00
       med   |  546.965 |  547.004 |  547.067 |  547.043 |  547.015 |  547.010 |  547.006 |  547.059 |  547.054 |  547.037 |  547.040 |  547.003
=== process binR.order2.1
SELFCHECK OK (256 whole-block lengths 1..256 blk x 12 variants; out/Xi/ivec/ret byte-identical, nothing written past 16*nblk)
bytes  blks  |     base |       c5 |       d4 |       c3 |      w1r |    d5rAA |      d5r |     d5AA |       d5 |     w1AA |       w1 |   baseAA ||      c5%      d4%      c3%     w1r%   d5rAA%     d5r%    d5AA%      d5%    w1AA%      w1%  baseAA%
16     1     |   19.619 |   10.564 |   10.557 |   10.567 |   10.605 |   10.558 |   10.559 |   10.559 |   10.558 |   10.607 |   10.606 |   19.622 ||  -46.15  -46.19  -46.14  -45.95  -46.19  -46.18  -46.18  -46.19  -45.94  -45.94   +0.02
       med   |   19.641 |   10.571 |   10.562 |   10.569 |   10.607 |   10.562 |   10.562 |   10.562 |   10.562 |   10.608 |   10.608 |   19.641
32     2     |   19.647 |   11.230 |   11.196 |   11.235 |   11.274 |   11.217 |   11.234 |   11.215 |   11.215 |   11.261 |   11.260 |   19.645 ||  -42.84  -43.01  -42.81  -42.62  -42.90  -42.82  -42.92  -42.92  -42.68  -42.69   -0.01
       med   |   19.662 |   11.238 |   11.206 |   11.244 |   11.281 |   11.223 |   11.243 |   11.223 |   11.223 |   11.266 |   11.266 |   19.663
48     3     |   20.356 |   12.174 |   12.129 |   12.170 |   12.277 |   12.150 |   12.146 |   12.150 |   12.148 |   12.286 |   12.288 |   20.354 ||  -40.20  -40.41  -40.22  -39.69  -40.31  -40.33  -40.31  -40.32  -39.65  -39.63   -0.01
       med   |   20.378 |   12.185 |   12.142 |   12.180 |   12.289 |   12.158 |   12.157 |   12.158 |   12.157 |   12.301 |   12.300 |   20.378
64     4     |   20.953 |   14.540 |   14.506 |   14.531 |   14.762 |   14.450 |   14.464 |   14.448 |   14.444 |   14.767 |   14.763 |   20.952 ||  -30.60  -30.77  -30.65  -29.54  -31.04  -30.97  -31.04  -31.06  -29.52  -29.54   -0.00
       med   |   20.974 |   14.556 |   14.521 |   14.549 |   14.783 |   14.466 |   14.485 |   14.466 |   14.467 |   14.783 |   14.784 |   20.972
80     5     |   21.601 |   21.586 |   21.612 |   21.610 |   21.609 |   21.599 |   21.610 |   21.589 |   21.594 |   21.591 |   21.593 |   21.599 ||   -0.07   +0.05   +0.04   +0.04   -0.01   +0.04   -0.06   -0.04   -0.05   -0.04   -0.01
       med   |   21.628 |   21.618 |   21.634 |   21.634 |   21.635 |   21.624 |   21.635 |   21.619 |   21.622 |   21.619 |   21.623 |   21.627
96     6     |   22.373 |   22.311 |   22.392 |   22.399 |   22.391 |   22.335 |   22.393 |   22.316 |   22.341 |   22.312 |   22.336 |   22.373 ||   -0.28   +0.08   +0.12   +0.08   -0.17   +0.09   -0.25   -0.14   -0.27   -0.17   +0.00
       med   |   22.407 |   22.367 |   22.429 |   22.427 |   22.429 |   22.371 |   22.430 |   22.365 |   22.369 |   22.366 |   22.371 |   22.407
112    7     |   22.830 |   22.755 |   22.860 |   22.858 |   22.848 |   22.749 |   22.863 |   22.756 |   22.755 |   22.749 |   22.752 |   22.841 ||   -0.33   +0.13   +0.12   +0.08   -0.36   +0.14   -0.32   -0.33   -0.35   -0.34   +0.05
       med   |   22.872 |   22.783 |   22.901 |   22.899 |   22.898 |   22.781 |   22.897 |   22.783 |   22.784 |   22.783 |   22.782 |   22.879
128    8     |   21.454 |   21.460 |   21.461 |   21.463 |   21.460 |   21.459 |   21.465 |   21.463 |   21.462 |   21.456 |   21.456 |   21.450 ||   +0.03   +0.03   +0.04   +0.03   +0.02   +0.05   +0.04   +0.04   +0.01   +0.01   -0.02
       med   |   21.481 |   21.488 |   21.485 |   21.487 |   21.485 |   21.485 |   21.487 |   21.487 |   21.485 |   21.487 |   21.486 |   21.479
256    16    |   38.177 |   38.178 |   38.170 |   38.176 |   38.170 |   38.181 |   38.173 |   38.173 |   38.175 |   38.179 |   38.177 |   38.175 ||   +0.00   -0.02   -0.00   -0.02   +0.01   -0.01   -0.01   -0.01   +0.00   -0.00   -0.01
       med   |   38.206 |   38.217 |   38.209 |   38.211 |   38.211 |   38.211 |   38.210 |   38.213 |   38.210 |   38.213 |   38.212 |   38.211
512    32    |   71.107 |   71.127 |   71.113 |   71.137 |   71.131 |   71.132 |   71.124 |   71.125 |   71.111 |   71.126 |   71.118 |   71.113 ||   +0.03   +0.01   +0.04   +0.03   +0.03   +0.02   +0.02   +0.01   +0.03   +0.02   +0.01
       med   |   71.146 |   71.172 |   71.166 |   71.189 |   71.165 |   71.168 |   71.165 |   71.174 |   71.166 |   71.180 |   71.168 |   71.153
1024   64    |  138.496 |  138.500 |  138.523 |  138.535 |  138.525 |  138.510 |  138.534 |  138.506 |  138.504 |  138.510 |  138.506 |  138.495 ||   +0.00   +0.02   +0.03   +0.02   +0.01   +0.03   +0.01   +0.01   +0.01   +0.01   -0.00
       med   |  138.551 |  138.580 |  138.560 |  138.562 |  138.558 |  138.562 |  138.562 |  138.595 |  138.565 |  138.590 |  138.561 |  138.549
4096   256   |  546.850 |  546.846 |  546.900 |  546.879 |  546.895 |  546.870 |  546.905 |  546.837 |  546.860 |  546.886 |  546.872 |  546.880 ||   -0.00   +0.01   +0.01   +0.01   +0.00   +0.01   -0.00   +0.00   +0.01   +0.00   +0.01
       med   |  546.962 |  547.024 |  547.008 |  547.037 |  547.024 |  547.016 |  547.005 |  547.018 |  546.995 |  547.038 |  547.032 |  547.010
=== process binR.order2.2
SELFCHECK OK (256 whole-block lengths 1..256 blk x 12 variants; out/Xi/ivec/ret byte-identical, nothing written past 16*nblk)
bytes  blks  |     base |       c5 |       d4 |       c3 |      w1r |    d5rAA |      d5r |     d5AA |       d5 |     w1AA |       w1 |   baseAA ||      c5%      d4%      c3%     w1r%   d5rAA%     d5r%    d5AA%      d5%    w1AA%      w1%  baseAA%
16     1     |   19.611 |   10.563 |   10.558 |   10.565 |   10.605 |   10.558 |   10.558 |   10.558 |   10.557 |   10.607 |   10.607 |   19.618 ||  -46.14  -46.17  -46.13  -45.92  -46.16  -46.16  -46.16  -46.17  -45.92  -45.92   +0.04
       med   |   19.642 |   10.570 |   10.561 |   10.569 |   10.607 |   10.562 |   10.562 |   10.562 |   10.562 |   10.608 |   10.608 |   19.640
32     2     |   19.641 |   11.232 |   11.196 |   11.236 |   11.274 |   11.216 |   11.232 |   11.217 |   11.216 |   11.260 |   11.260 |   19.643 ||  -42.81  -43.00  -42.79  -42.60  -42.90  -42.81  -42.89  -42.89  -42.67  -42.67   +0.01
       med   |   19.660 |   11.238 |   11.206 |   11.244 |   11.281 |   11.223 |   11.242 |   11.223 |   11.223 |   11.266 |   11.266 |   19.661
48     3     |   20.356 |   12.175 |   12.132 |   12.169 |   12.276 |   12.149 |   12.148 |   12.148 |   12.147 |   12.286 |   12.288 |   20.355 ||  -40.19  -40.40  -40.22  -39.69  -40.32  -40.32  -40.32  -40.33  -39.64  -39.63   -0.01
       med   |   20.378 |   12.186 |   12.142 |   12.180 |   12.289 |   12.159 |   12.158 |   12.158 |   12.157 |   12.301 |   12.300 |   20.378
64     4     |   20.953 |   14.536 |   14.501 |   14.532 |   14.763 |   14.450 |   14.469 |   14.445 |   14.450 |   14.764 |   14.765 |   20.950 ||  -30.63  -30.79  -30.65  -29.54  -31.04  -30.94  -31.06  -31.04  -29.54  -29.54   -0.02
       med   |   20.975 |   14.556 |   14.522 |   14.550 |   14.783 |   14.467 |   14.487 |   14.465 |   14.465 |   14.784 |   14.784 |   20.972
80     5     |   21.599 |   21.585 |   21.611 |   21.601 |   21.615 |   21.593 |   21.611 |   21.591 |   21.592 |   21.590 |   21.590 |   21.602 ||   -0.07   +0.06   +0.01   +0.07   -0.03   +0.06   -0.04   -0.03   -0.04   -0.04   +0.02
       med   |   21.626 |   21.617 |   21.634 |   21.633 |   21.634 |   21.621 |   21.633 |   21.618 |   21.622 |   21.620 |   21.622 |   21.627
96     6     |   22.370 |   22.313 |   22.390 |   22.399 |   22.394 |   22.338 |   22.397 |   22.310 |   22.342 |   22.308 |   22.340 |   22.375 ||   -0.25   +0.09   +0.13   +0.11   -0.14   +0.12   -0.27   -0.12   -0.28   -0.13   +0.02
       med   |   22.406 |   22.366 |   22.429 |   22.428 |   22.428 |   22.370 |   22.428 |   22.366 |   22.369 |   22.365 |   22.371 |   22.407
112    7     |   22.829 |   22.748 |   22.859 |   22.855 |   22.859 |   22.752 |   22.858 |   22.754 |   22.750 |   22.746 |   22.757 |   22.846 ||   -0.35   +0.13   +0.12   +0.14   -0.33   +0.13   -0.33   -0.35   -0.36   -0.31   +0.08
       med   |   22.872 |   22.780 |   22.899 |   22.898 |   22.899 |   22.781 |   22.899 |   22.781 |   22.781 |   22.780 |   22.783 |   22.883
128    8     |   21.452 |   21.455 |   21.460 |   21.456 |   21.464 |   21.461 |   21.458 |   21.466 |   21.460 |   21.460 |   21.458 |   21.454 ||   +0.01   +0.04   +0.01   +0.05   +0.04   +0.03   +0.06   +0.04   +0.03   +0.03   +0.01
       med   |   21.481 |   21.488 |   21.485 |   21.485 |   21.486 |   21.485 |   21.486 |   21.488 |   21.486 |   21.488 |   21.485 |   21.479
256    16    |   38.174 |   38.172 |   38.162 |   38.176 |   38.172 |   38.175 |   38.159 |   37.943 |   38.177 |   38.165 |   38.180 |   38.171 ||   -0.00   -0.03   +0.01   -0.00   +0.00   -0.04   -0.61   +0.01   -0.02   +0.01   -0.01
       med   |   38.207 |   38.214 |   38.210 |   38.210 |   38.210 |   38.208 |   38.210 |   38.216 |   38.211 |   38.219 |   38.212 |   38.209
512    32    |   70.975 |   71.118 |   70.983 |   71.124 |   71.118 |   71.115 |   71.016 |   71.116 |   71.119 |   71.115 |   71.118 |   71.102 ||   +0.20   +0.01   +0.21   +0.20   +0.20   +0.06   +0.20   +0.20   +0.20   +0.20   +0.18
       med   |   71.142 |   71.169 |   71.159 |   71.162 |   71.161 |   71.177 |   71.161 |   71.173 |   71.157 |   71.171 |   71.161 |   71.148
1024   64    |  138.497 |  138.502 |  138.516 |  138.523 |  138.517 |  138.509 |  138.530 |  138.509 |  138.512 |  138.505 |  138.506 |  138.495 ||   +0.00   +0.01   +0.02   +0.01   +0.01   +0.02   +0.01   +0.01   +0.01   +0.01   -0.00
       med   |  138.550 |  138.589 |  138.562 |  138.571 |  138.560 |  138.564 |  138.561 |  138.577 |  138.570 |  138.582 |  138.565 |  138.552
4096   256   |  546.865 |  546.875 |  546.886 |  546.893 |  546.895 |  546.830 |  546.894 |  546.876 |  546.867 |  546.849 |  546.870 |  546.875 ||   +0.00   +0.00   +0.01   +0.01   -0.01   +0.01   +0.00   +0.00   -0.00   +0.00   +0.00
       med   |  547.042 |  547.089 |  547.045 |  547.063 |  547.059 |  547.058 |  547.049 |  547.054 |  547.035 |  547.076 |  547.082 |  547.048
=== process binR.order2.3
SELFCHECK OK (256 whole-block lengths 1..256 blk x 12 variants; out/Xi/ivec/ret byte-identical, nothing written past 16*nblk)
bytes  blks  |     base |       c5 |       d4 |       c3 |      w1r |    d5rAA |      d5r |     d5AA |       d5 |     w1AA |       w1 |   baseAA ||      c5%      d4%      c3%     w1r%   d5rAA%     d5r%    d5AA%      d5%    w1AA%      w1%  baseAA%
16     1     |   19.620 |   10.556 |   10.557 |   10.566 |   10.606 |   10.558 |   10.557 |   10.558 |   10.556 |   10.607 |   10.607 |   19.621 ||  -46.20  -46.19  -46.15  -45.95  -46.19  -46.19  -46.19  -46.20  -45.94  -45.94   +0.00
       med   |   19.642 |   10.571 |   10.561 |   10.569 |   10.607 |   10.562 |   10.562 |   10.562 |   10.562 |   10.609 |   10.608 |   19.641
32     2     |   19.643 |   11.232 |   11.196 |   11.237 |   11.274 |   11.216 |   11.235 |   11.215 |   11.216 |   11.261 |   11.260 |   19.646 ||  -42.82  -43.00  -42.79  -42.60  -42.90  -42.81  -42.90  -42.90  -42.67  -42.68   +0.01
       med   |   19.660 |   11.238 |   11.206 |   11.243 |   11.281 |   11.223 |   11.242 |   11.223 |   11.223 |   11.266 |   11.266 |   19.663
48     3     |   20.347 |   12.172 |   12.131 |   12.170 |   12.277 |   12.148 |   12.147 |   12.149 |   12.149 |   12.285 |   12.286 |   20.356 ||  -40.17  -40.38  -40.19  -39.66  -40.29  -40.30  -40.29  -40.29  -39.62  -39.62   +0.04
       med   |   20.377 |   12.185 |   12.142 |   12.179 |   12.289 |   12.158 |   12.158 |   12.157 |   12.157 |   12.300 |   12.300 |   20.379
64     4     |   20.950 |   14.537 |   14.503 |   14.531 |   14.758 |   14.450 |   14.471 |   14.442 |   14.450 |   14.764 |   14.767 |   20.950 ||  -30.61  -30.77  -30.64  -29.55  -31.03  -30.92  -31.06  -31.02  -29.53  -29.51   +0.00
       med   |   20.974 |   14.555 |   14.523 |   14.550 |   14.783 |   14.466 |   14.485 |   14.465 |   14.466 |   14.784 |   14.783 |   20.972
80     5     |   21.601 |   21.586 |   21.603 |   21.607 |   21.605 |   21.593 |   21.613 |   21.592 |   21.592 |   21.594 |   21.595 |   21.602 ||   -0.07   +0.01   +0.03   +0.02   -0.04   +0.06   -0.04   -0.04   -0.03   -0.03   +0.01
       med   |   21.627 |   21.620 |   21.634 |   21.634 |   21.634 |   21.621 |   21.634 |   21.620 |   21.621 |   21.619 |   21.620 |   21.626
96     6     |   22.377 |   22.317 |   22.398 |   22.393 |   22.402 |   22.342 |   22.400 |   22.314 |   22.336 |   22.313 |   22.340 |   22.380 ||   -0.27   +0.09   +0.07   +0.11   -0.15   +0.10   -0.28   -0.18   -0.28   -0.17   +0.01
       med   |   22.408 |   22.365 |   22.430 |   22.428 |   22.430 |   22.369 |   22.430 |   22.366 |   22.370 |   22.367 |   22.370 |   22.407
112    7     |   22.833 |   22.754 |   22.864 |   22.857 |   22.861 |   22.755 |   22.865 |   22.750 |   22.753 |   22.751 |   22.752 |   22.833 ||   -0.34   +0.14   +0.11   +0.12   -0.34   +0.14   -0.36   -0.35   -0.36   -0.35   +0.00
       med   |   22.872 |   22.783 |   22.899 |   22.898 |   22.898 |   22.783 |   22.899 |   22.781 |   22.781 |   22.782 |   22.782 |   22.881
128    8     |   21.452 |   21.458 |   21.461 |   21.463 |   21.457 |   21.465 |   21.457 |   21.463 |   21.456 |   21.462 |   21.456 |   21.454 ||   +0.03   +0.04   +0.05   +0.02   +0.06   +0.02   +0.05   +0.02   +0.05   +0.02   +0.01
       med   |   21.479 |   21.487 |   21.486 |   21.486 |   21.485 |   21.485 |   21.485 |   21.488 |   21.485 |   21.486 |   21.485 |   21.480
256    16    |   38.165 |   38.175 |   38.178 |   38.173 |   38.176 |   38.172 |   38.184 |   38.176 |   38.181 |   38.178 |   38.178 |   38.166 ||   +0.03   +0.03   +0.02   +0.03   +0.02   +0.05   +0.03   +0.04   +0.03   +0.03   +0.00
       med   |   38.206 |   38.212 |   38.210 |   38.210 |   38.209 |   38.209 |   38.210 |   38.214 |   38.211 |   38.213 |   38.210 |   38.209
512    32    |   71.110 |   71.124 |   71.118 |   71.138 |   71.119 |   71.122 |   71.121 |   71.128 |   71.114 |   71.129 |   71.122 |   71.110 ||   +0.02   +0.01   +0.04   +0.01   +0.02   +0.02   +0.03   +0.01   +0.03   +0.02   +0.00
       med   |   71.147 |   71.173 |   71.167 |   71.186 |   71.167 |   71.170 |   71.165 |   71.176 |   71.165 |   71.176 |   71.167 |   71.156
1024   64    |  138.496 |  138.534 |  138.523 |  138.528 |  138.513 |  138.502 |  138.523 |  138.500 |  138.504 |  138.519 |  138.501 |  138.496 ||   +0.03   +0.02   +0.02   +0.01   +0.00   +0.02   +0.00   +0.01   +0.02   +0.00   -0.00
       med   |  138.534 |  138.581 |  138.566 |  138.576 |  138.566 |  138.586 |  138.574 |  138.585 |  138.561 |  138.595 |  138.579 |  138.565
4096   256   |  546.864 |  546.869 |  546.889 |  546.898 |  546.910 |  546.860 |  546.909 |  546.893 |  546.870 |  546.885 |  546.873 |  546.894 ||   +0.00   +0.00   +0.01   +0.01   -0.00   +0.01   +0.01   +0.00   +0.00   +0.00   +0.01
       med   |  547.121 |  547.170 |  547.125 |  547.123 |  547.126 |  547.152 |  547.159 |  547.164 |  547.124 |  547.127 |  547.138 |  547.143
=== process binR.order2.4
SELFCHECK OK (256 whole-block lengths 1..256 blk x 12 variants; out/Xi/ivec/ret byte-identical, nothing written past 16*nblk)
bytes  blks  |     base |       c5 |       d4 |       c3 |      w1r |    d5rAA |      d5r |     d5AA |       d5 |     w1AA |       w1 |   baseAA ||      c5%      d4%      c3%     w1r%   d5rAA%     d5r%    d5AA%      d5%    w1AA%      w1%  baseAA%
16     1     |   19.623 |   10.564 |   10.557 |   10.565 |   10.605 |   10.559 |   10.558 |   10.558 |   10.558 |   10.606 |   10.607 |   19.617 ||  -46.16  -46.20  -46.16  -45.95  -46.19  -46.19  -46.20  -46.20  -45.95  -45.95   -0.03
       med   |   19.642 |   10.571 |   10.561 |   10.569 |   10.607 |   10.562 |   10.562 |   10.562 |   10.562 |   10.609 |   10.608 |   19.643
32     2     |   19.641 |   11.231 |   11.196 |   11.236 |   11.273 |   11.216 |   11.232 |   11.215 |   11.217 |   11.260 |   11.260 |   19.644 ||  -42.82  -43.00  -42.79  -42.61  -42.90  -42.82  -42.90  -42.89  -42.67  -42.67   +0.01
       med   |   19.661 |   11.238 |   11.206 |   11.244 |   11.281 |   11.223 |   11.241 |   11.223 |   11.223 |   11.266 |   11.266 |   19.662
48     3     |   20.360 |   12.176 |   12.134 |   12.169 |   12.276 |   12.148 |   12.148 |   12.150 |   12.148 |   12.289 |   12.287 |   20.362 ||  -40.20  -40.40  -40.23  -39.71  -40.33  -40.33  -40.32  -40.33  -39.64  -39.65   +0.01
       med   |   20.378 |   12.185 |   12.142 |   12.179 |   12.289 |   12.158 |   12.157 |   12.158 |   12.157 |   12.302 |   12.300 |   20.378
64     4     |   20.950 |   14.539 |   14.499 |   14.535 |   14.766 |   14.450 |   14.468 |   14.450 |   14.450 |   14.763 |   14.769 |   20.949 ||  -30.60  -30.79  -30.62  -29.52  -31.03  -30.94  -31.02  -31.03  -29.53  -29.51   -0.00
       med   |   20.975 |   14.557 |   14.522 |   14.550 |   14.784 |   14.467 |   14.487 |   14.467 |   14.467 |   14.785 |   14.784 |   20.973
80     5     |   21.606 |   21.591 |   21.612 |   21.611 |   21.611 |   21.595 |   21.616 |   21.591 |   21.596 |   21.593 |   21.591 |   21.606 ||   -0.07   +0.03   +0.02   +0.03   -0.05   +0.05   -0.07   -0.04   -0.06   -0.07   +0.00
       med   |   21.627 |   21.619 |   21.635 |   21.634 |   21.635 |   21.623 |   21.636 |   21.619 |   21.621 |   21.622 |   21.622 |   21.628
96     6     |   22.380 |   22.313 |   22.399 |   22.395 |   22.401 |   22.337 |   22.391 |   22.313 |   22.342 |   22.307 |   22.337 |   22.377 ||   -0.30   +0.09   +0.07   +0.10   -0.19   +0.05   -0.30   -0.17   -0.33   -0.19   -0.01
       med   |   22.408 |   22.366 |   22.430 |   22.430 |   22.427 |   22.371 |   22.428 |   22.365 |   22.370 |   22.368 |   22.371 |   22.408
112    7     |   22.841 |   22.752 |   22.856 |   22.858 |   22.847 |   22.751 |   22.856 |   22.752 |   22.752 |   22.744 |   22.753 |   22.842 ||   -0.39   +0.07   +0.07   +0.03   -0.39   +0.06   -0.39   -0.39   -0.43   -0.39   +0.00
       med   |   22.873 |   22.783 |   22.899 |   22.903 |   22.900 |   22.782 |   22.898 |   22.784 |   22.782 |   22.783 |   22.783 |   22.881
128    8     |   21.456 |   21.463 |   21.461 |   21.460 |   21.462 |   21.459 |   21.461 |   21.458 |   21.460 |   21.462 |   21.462 |   21.458 ||   +0.03   +0.03   +0.02   +0.03   +0.01   +0.02   +0.01   +0.02   +0.03   +0.03   +0.01
       med   |   21.481 |   21.487 |   21.487 |   21.486 |   21.487 |   21.487 |   21.487 |   21.489 |   21.488 |   21.488 |   21.486 |   21.480
256    16    |   38.170 |   38.177 |   38.171 |   38.175 |   38.174 |   38.174 |   38.169 |   38.167 |   38.164 |   38.174 |   38.177 |   38.171 ||   +0.02   +0.00   +0.01   +0.01   +0.01   -0.00   -0.01   -0.02   +0.01   +0.02   +0.00
       med   |   38.209 |   38.214 |   38.212 |   38.211 |   38.213 |   38.212 |   38.210 |   38.216 |   38.211 |   38.216 |   38.212 |   38.210
512    32    |   71.109 |   71.115 |   71.121 |   71.110 |   71.123 |   71.126 |   71.124 |   71.116 |   71.110 |   71.128 |   71.123 |   71.103 ||   +0.01   +0.02   +0.00   +0.02   +0.02   +0.02   +0.01   +0.00   +0.03   +0.02   -0.01
       med   |   71.146 |   71.175 |   71.165 |   71.164 |   71.165 |   71.176 |   71.166 |   71.175 |   71.165 |   71.173 |   71.167 |   71.152
1024   64    |  138.496 |  138.506 |  138.524 |  138.521 |  138.522 |  138.505 |  138.517 |  138.504 |  138.501 |  138.506 |  138.502 |  138.496 ||   +0.01   +0.02   +0.02   +0.02   +0.01   +0.01   +0.01   +0.00   +0.01   +0.00   -0.00
       med   |  138.557 |  138.583 |  138.559 |  138.560 |  138.556 |  138.561 |  138.556 |  138.577 |  138.561 |  138.592 |  138.556 |  138.549
4096   256   |  546.858 |  546.880 |  546.885 |  546.895 |  546.893 |  546.861 |  546.894 |  546.867 |  546.845 |  546.857 |  546.846 |  546.874 ||   +0.00   +0.00   +0.01   +0.01   +0.00   +0.01   +0.00   -0.00   -0.00   -0.00   +0.00
       med   |  547.108 |  547.144 |  547.149 |  547.144 |  547.149 |  547.146 |  547.171 |  547.144 |  547.157 |  547.149 |  547.131 |  547.139
=== process binR.order2.5
SELFCHECK OK (256 whole-block lengths 1..256 blk x 12 variants; out/Xi/ivec/ret byte-identical, nothing written past 16*nblk)
bytes  blks  |     base |       c5 |       d4 |       c3 |      w1r |    d5rAA |      d5r |     d5AA |       d5 |     w1AA |       w1 |   baseAA ||      c5%      d4%      c3%     w1r%   d5rAA%     d5r%    d5AA%      d5%    w1AA%      w1%  baseAA%
16     1     |   19.624 |   10.565 |   10.557 |   10.566 |   10.605 |   10.557 |   10.558 |   10.558 |   10.558 |   10.606 |   10.606 |   19.619 ||  -46.16  -46.20  -46.16  -45.96  -46.20  -46.20  -46.20  -46.20  -45.95  -45.95   -0.03
       med   |   19.642 |   10.571 |   10.561 |   10.569 |   10.607 |   10.562 |   10.562 |   10.562 |   10.562 |   10.608 |   10.608 |   19.641
32     2     |   19.643 |   11.231 |   11.196 |   11.236 |   11.275 |   11.215 |   11.233 |   11.215 |   11.217 |   11.262 |   11.261 |   19.646 ||  -42.83  -43.00  -42.80  -42.60  -42.91  -42.81  -42.90  -42.89  -42.67  -42.67   +0.02
       med   |   19.662 |   11.238 |   11.206 |   11.244 |   11.281 |   11.223 |   11.242 |   11.224 |   11.223 |   11.266 |   11.266 |   19.663
48     3     |   20.359 |   12.176 |   12.129 |   12.169 |   12.274 |   12.149 |   12.148 |   12.149 |   12.147 |   12.288 |   12.286 |   20.355 ||  -40.19  -40.42  -40.23  -39.71  -40.32  -40.33  -40.33  -40.34  -39.64  -39.65   -0.02
       med   |   20.376 |   12.186 |   12.142 |   12.179 |   12.290 |   12.160 |   12.158 |   12.158 |   12.157 |   12.302 |   12.300 |   20.379
64     4     |   20.954 |   14.539 |   14.503 |   14.535 |   14.765 |   14.452 |   14.469 |   14.449 |   14.450 |   14.767 |   14.764 |   20.946 ||  -30.61  -30.78  -30.63  -29.53  -31.03  -30.95  -31.04  -31.04  -29.53  -29.54   -0.04
       med   |   20.975 |   14.555 |   14.522 |   14.550 |   14.783 |   14.469 |   14.486 |   14.467 |   14.466 |   14.783 |   14.783 |   20.973
80     5     |   21.600 |   21.589 |   21.609 |   21.613 |   21.612 |   21.592 |   21.610 |   21.588 |   21.597 |   21.586 |   21.592 |   21.600 ||   -0.05   +0.04   +0.06   +0.05   -0.04   +0.05   -0.06   -0.01   -0.07   -0.04   -0.00
       med   |   21.627 |   21.619 |   21.634 |   21.633 |   21.633 |   21.623 |   21.634 |   21.619 |   21.621 |   21.618 |   21.620 |   21.625
96     6     |   22.371 |   22.309 |   22.383 |   22.386 |   22.396 |   22.328 |   22.393 |   22.303 |   22.337 |   22.307 |   22.346 |   22.376 ||   -0.28   +0.05   +0.07   +0.11   -0.19   +0.10   -0.30   -0.15   -0.28   -0.11   +0.02
       med   |   22.405 |   22.366 |   22.427 |   22.430 |   22.429 |   22.370 |   22.429 |   22.364 |   22.369 |   22.366 |   22.369 |   22.408
112    7     |   22.840 |   22.755 |   22.853 |   22.863 |   22.857 |   22.750 |   22.863 |   22.753 |   22.754 |   22.754 |   22.755 |   22.843 ||   -0.37   +0.06   +0.10   +0.07   -0.39   +0.10   -0.38   -0.38   -0.38   -0.37   +0.01
       med   |   22.872 |   22.783 |   22.899 |   22.898 |   22.897 |   22.781 |   22.899 |   22.782 |   22.782 |   22.780 |   22.782 |   22.881
128    8     |   21.455 |   21.463 |   21.460 |   21.463 |   21.461 |   21.460 |   21.462 |   21.461 |   21.461 |   21.457 |   21.450 |   21.449 ||   +0.04   +0.03   +0.04   +0.03   +0.02   +0.03   +0.03   +0.03   +0.01   -0.02   -0.03
       med   |   21.481 |   21.487 |   21.487 |   21.487 |   21.486 |   21.486 |   21.487 |   21.487 |   21.486 |   21.489 |   21.486 |   21.479
256    16    |   38.173 |   38.174 |   38.178 |   38.173 |   38.172 |   38.169 |   38.181 |   38.175 |   38.179 |   38.174 |   38.178 |   38.169 ||   +0.00   +0.01   -0.00   -0.00   -0.01   +0.02   +0.01   +0.02   +0.00   +0.01   -0.01
       med   |   38.208 |   38.215 |   38.211 |   38.209 |   38.209 |   38.212 |   38.210 |   38.214 |   38.212 |   38.214 |   38.212 |   38.208
512    32    |   71.013 |   71.123 |   71.119 |   71.134 |   71.114 |   71.128 |   71.097 |   71.120 |   71.115 |   71.108 |   71.111 |   71.088 ||   +0.15   +0.15   +0.17   +0.14   +0.16   +0.12   +0.15   +0.14   +0.13   +0.14   +0.10
       med   |   71.140 |   71.173 |   71.161 |   71.185 |   71.158 |   71.167 |   71.161 |   71.172 |   71.160 |   71.173 |   71.162 |   71.147
1024   64    |  138.495 |  138.511 |  138.534 |  138.530 |  138.527 |  138.505 |  138.533 |  138.507 |  138.505 |  138.495 |  138.497 |  138.495 ||   +0.01   +0.03   +0.03   +0.02   +0.01   +0.03   +0.01   +0.01   +0.00   +0.00   +0.00
       med   |  138.552 |  138.585 |  138.561 |  138.561 |  138.564 |  138.561 |  138.565 |  138.581 |  138.561 |  138.593 |  138.561 |  138.553
4096   256   |  546.865 |  546.865 |  546.874 |  546.869 |  546.877 |  546.877 |  546.874 |  546.864 |  546.855 |  546.870 |  546.867 |  546.860 ||   +0.00   +0.00   +0.00   +0.00   +0.00   +0.00   -0.00   -0.00   +0.00   +0.00   -0.00
       med   |  547.116 |  547.139 |  547.148 |  547.159 |  547.162 |  547.150 |  547.162 |  547.134 |  547.141 |  547.174 |  547.159 |  547.153
=== process binR.order3.1
SELFCHECK OK (256 whole-block lengths 1..256 blk x 12 variants; out/Xi/ivec/ret byte-identical, nothing written past 16*nblk)
bytes  blks  |     base |      d5r |    d5rAA |      w1r |       c3 |       d4 |       c5 |   baseAA |       w1 |     w1AA |       d5 |     d5AA ||     d5r%   d5rAA%     w1r%      c3%      d4%      c5%  baseAA%      w1%    w1AA%      d5%    d5AA%
16     1     |   19.622 |   10.557 |   10.558 |   10.607 |   10.565 |   10.557 |   10.566 |   19.620 |   10.605 |   10.605 |   10.556 |   10.558 ||  -46.20  -46.19  -45.94  -46.16  -46.20  -46.15   -0.01  -45.95  -45.95  -46.20  -46.19
       med   |   19.642 |   10.562 |   10.562 |   10.608 |   10.569 |   10.561 |   10.572 |   19.643 |   10.607 |   10.607 |   10.561 |   10.561
32     2     |   19.645 |   11.216 |   11.231 |   11.260 |   11.236 |   11.196 |   11.232 |   19.639 |   11.278 |   11.277 |   11.243 |   11.234 ||  -42.91  -42.83  -42.68  -42.80  -43.01  -42.83   -0.03  -42.59  -42.60  -42.77  -42.82
       med   |   19.661 |   11.223 |   11.241 |   11.266 |   11.244 |   11.206 |   11.238 |   19.662 |   11.288 |   11.287 |   11.251 |   11.250
48     3     |   20.359 |   12.149 |   12.148 |   12.288 |   12.169 |   12.131 |   12.177 |   20.358 |   12.280 |   12.278 |   12.149 |   12.149 ||  -40.32  -40.33  -39.64  -40.23  -40.41  -40.19   -0.00  -39.68  -39.69  -40.32  -40.32
       med   |   20.378 |   12.158 |   12.158 |   12.301 |   12.179 |   12.142 |   12.185 |   20.380 |   12.290 |   12.291 |   12.158 |   12.158
64     4     |   20.956 |   14.452 |   14.470 |   14.768 |   14.532 |   14.501 |   14.540 |   20.948 |   14.770 |   14.768 |   14.471 |   14.472 ||  -31.04  -30.95  -29.53  -30.66  -30.80  -30.62   -0.04  -29.52  -29.53  -30.95  -30.94
       med   |   20.976 |   14.467 |   14.486 |   14.785 |   14.550 |   14.524 |   14.557 |   20.975 |   14.789 |   14.788 |   14.487 |   14.485
80     5     |   21.597 |   21.592 |   21.606 |   21.592 |   21.607 |   21.613 |   21.608 |   21.602 |   21.612 |   21.607 |   21.607 |   21.614 ||   -0.02   +0.04   -0.02   +0.04   +0.07   +0.05   +0.02   +0.07   +0.05   +0.05   +0.08
       med   |   21.628 |   21.622 |   21.634 |   21.622 |   21.634 |   21.634 |   21.636 |   21.628 |   21.632 |   21.635 |   21.635 |   21.635
96     6     |   22.375 |   22.316 |   22.394 |   22.335 |   22.390 |   22.386 |   22.392 |   22.373 |   22.395 |   22.398 |   22.399 |   22.396 ||   -0.26   +0.09   -0.18   +0.07   +0.05   +0.08   -0.01   +0.09   +0.10   +0.11   +0.09
       med   |   22.407 |   22.366 |   22.429 |   22.371 |   22.430 |   22.429 |   22.429 |   22.410 |   22.429 |   22.430 |   22.430 |   22.428
112    7     |   22.833 |   22.755 |   22.863 |   22.756 |   22.863 |   22.843 |   22.858 |   22.846 |   22.845 |   22.857 |   22.864 |   22.856 ||   -0.34   +0.13   -0.34   +0.13   +0.04   +0.11   +0.06   +0.05   +0.10   +0.14   +0.10
       med   |   22.874 |   22.783 |   22.899 |   22.781 |   22.899 |   22.898 |   22.896 |   22.882 |   22.899 |   22.898 |   22.899 |   22.899
128    8     |   21.454 |   21.460 |   21.458 |   21.452 |   21.463 |   21.461 |   21.459 |   21.445 |   21.456 |   21.462 |   21.465 |   21.459 ||   +0.03   +0.02   -0.01   +0.04   +0.03   +0.02   -0.04   +0.01   +0.03   +0.05   +0.02
       med   |   21.481 |   21.488 |   21.487 |   21.487 |   21.487 |   21.486 |   21.488 |   21.481 |   21.487 |   21.486 |   21.488 |   21.487
256    16    |   38.178 |   38.170 |   38.175 |   38.172 |   38.175 |   38.176 |   38.174 |   38.179 |   38.173 |   38.171 |   38.173 |   38.180 ||   -0.02   -0.01   -0.01   -0.01   -0.00   -0.01   +0.00   -0.01   -0.02   -0.01   +0.01
       med   |   38.208 |   38.217 |   38.211 |   38.212 |   38.215 |   38.211 |   38.212 |   38.211 |   38.213 |   38.213 |   38.214 |   38.213
512    32    |   71.100 |   71.123 |   71.027 |   71.121 |   71.130 |   71.119 |   71.118 |   71.108 |   71.125 |   71.123 |   71.127 |   71.126 ||   +0.03   -0.10   +0.03   +0.04   +0.03   +0.03   +0.01   +0.03   +0.03   +0.04   +0.04
       med   |   71.150 |   71.182 |   71.168 |   71.168 |   71.168 |   71.168 |   71.165 |   71.153 |   71.169 |   71.173 |   71.166 |   71.168
1024   64    |  138.496 |  138.507 |  138.530 |  138.508 |  138.547 |  138.532 |  138.526 |  138.500 |  138.526 |  138.532 |  138.529 |  138.522 ||   +0.01   +0.02   +0.01   +0.04   +0.03   +0.02   +0.00   +0.02   +0.03   +0.02   +0.02
       med   |  138.554 |  138.584 |  138.562 |  138.564 |  138.576 |  138.566 |  138.565 |  138.554 |  138.562 |  138.562 |  138.561 |  138.563
4096   256   |  546.860 |  546.904 |  546.893 |  546.866 |  546.904 |  546.890 |  546.912 |  546.860 |  546.913 |  546.905 |  546.904 |  546.904 ||   +0.01   +0.01   +0.00   +0.01   +0.01   +0.01   +0.00   +0.01   +0.01   +0.01   +0.01
       med   |  547.137 |  547.155 |  547.136 |  547.144 |  547.169 |  547.177 |  547.182 |  547.129 |  547.151 |  547.155 |  547.182 |  547.188
=== process binR.order3.2
SELFCHECK OK (256 whole-block lengths 1..256 blk x 12 variants; out/Xi/ivec/ret byte-identical, nothing written past 16*nblk)
bytes  blks  |     base |      d5r |    d5rAA |      w1r |       c3 |       d4 |       c5 |   baseAA |       w1 |     w1AA |       d5 |     d5AA ||     d5r%   d5rAA%     w1r%      c3%      d4%      c5%  baseAA%      w1%    w1AA%      d5%    d5AA%
16     1     |   19.618 |   10.558 |   10.558 |   10.607 |   10.565 |   10.558 |   10.567 |   19.622 |   10.605 |   10.605 |   10.557 |   10.557 ||  -46.18  -46.18  -45.94  -46.15  -46.18  -46.14   +0.02  -45.94  -45.94  -46.19  -46.19
       med   |   19.643 |   10.562 |   10.562 |   10.609 |   10.569 |   10.561 |   10.572 |   19.643 |   10.607 |   10.607 |   10.561 |   10.561
32     2     |   19.644 |   11.217 |   11.233 |   11.260 |   11.237 |   11.197 |   11.231 |   19.644 |   11.278 |   11.275 |   11.243 |   11.230 ||  -42.90  -42.82  -42.68  -42.80  -43.00  -42.82   +0.00  -42.59  -42.60  -42.76  -42.83
       med   |   19.661 |   11.223 |   11.239 |   11.266 |   11.244 |   11.206 |   11.238 |   19.662 |   11.288 |   11.287 |   11.250 |   11.250
48     3     |   20.359 |   12.149 |   12.149 |   12.287 |   12.169 |   12.133 |   12.175 |   20.361 |   12.278 |   12.278 |   12.147 |   12.146 ||  -40.33  -40.33  -39.65  -40.23  -40.41  -40.20   +0.01  -39.69  -39.69  -40.33  -40.34
       med   |   20.378 |   12.158 |   12.158 |   12.301 |   12.179 |   12.142 |   12.185 |   20.379 |   12.290 |   12.291 |   12.158 |   12.158
64     4     |   20.948 |   14.450 |   14.470 |   14.766 |   14.533 |   14.502 |   14.542 |   20.945 |   14.768 |   14.766 |   14.468 |   14.465 ||  -31.02  -30.93  -29.51  -30.62  -30.77  -30.58   -0.01  -29.50  -29.51  -30.93  -30.95
       med   |   20.975 |   14.467 |   14.485 |   14.784 |   14.551 |   14.523 |   14.558 |   20.973 |   14.787 |   14.786 |   14.485 |   14.486
80     5     |   21.601 |   21.584 |   21.609 |   21.597 |   21.608 |   21.611 |   21.609 |   21.601 |   21.613 |   21.607 |   21.609 |   21.609 ||   -0.08   +0.04   -0.02   +0.03   +0.05   +0.04   +0.00   +0.06   +0.03   +0.04   +0.04
       med   |   21.626 |   21.618 |   21.633 |   21.623 |   21.635 |   21.634 |   21.634 |   21.626 |   21.635 |   21.636 |   21.636 |   21.634
96     6     |   22.372 |   22.309 |   22.400 |   22.339 |   22.396 |   22.399 |   22.397 |   22.383 |   22.394 |   22.395 |   22.399 |   22.394 ||   -0.28   +0.13   -0.14   +0.11   +0.12   +0.12   +0.05   +0.10   +0.11   +0.12   +0.10
       med   |   22.406 |   22.365 |   22.430 |   22.370 |   22.427 |   22.428 |   22.429 |   22.408 |   22.428 |   22.429 |   22.429 |   22.428
112    7     |   22.835 |   22.752 |   22.855 |   22.752 |   22.863 |   22.861 |   22.859 |   22.835 |   22.858 |   22.852 |   22.853 |   22.864 ||   -0.36   +0.09   -0.36   +0.12   +0.12   +0.10   +0.00   +0.10   +0.08   +0.08   +0.13
       med   |   22.875 |   22.784 |   22.900 |   22.782 |   22.899 |   22.900 |   22.899 |   22.882 |   22.899 |   22.896 |   22.897 |   22.900
128    8     |   21.455 |   21.460 |   21.461 |   21.458 |   21.452 |   21.456 |   21.455 |   21.455 |   21.459 |   21.458 |   21.459 |   21.456 ||   +0.03   +0.03   +0.01   -0.01   +0.01   +0.00   +0.00   +0.02   +0.02   +0.02   +0.00
       med   |   21.480 |   21.486 |   21.485 |   21.484 |   21.483 |   21.484 |   21.484 |   21.479 |   21.485 |   21.483 |   21.484 |   21.484
256    16    |   38.168 |   38.172 |   38.173 |   38.172 |   38.180 |   38.175 |   38.167 |   38.168 |   38.175 |   38.176 |   38.176 |   38.180 ||   +0.01   +0.01   +0.01   +0.03   +0.02   -0.00   -0.00   +0.02   +0.02   +0.02   +0.03
       med   |   38.207 |   38.213 |   38.211 |   38.211 |   38.211 |   38.212 |   38.209 |   38.208 |   38.212 |   38.208 |   38.212 |   38.210
512    32    |   71.108 |   71.124 |   71.095 |   71.116 |   71.127 |   71.121 |   71.129 |   71.112 |   71.119 |   71.112 |   71.127 |   71.128 ||   +0.02   -0.02   +0.01   +0.03   +0.02   +0.03   +0.01   +0.02   +0.01   +0.03   +0.03
       med   |   71.147 |   71.177 |   71.166 |   71.166 |   71.162 |   71.164 |   71.165 |   71.152 |   71.165 |   71.165 |   71.167 |   71.163
1024   64    |  138.500 |  138.498 |  138.532 |  138.506 |  138.531 |  138.531 |  138.531 |  138.495 |  138.521 |  138.530 |  138.536 |  138.522 ||   -0.00   +0.02   +0.00   +0.02   +0.02   +0.02   -0.00   +0.02   +0.02   +0.03   +0.02
       med   |  138.555 |  138.587 |  138.562 |  138.565 |  138.565 |  138.563 |  138.565 |  138.554 |  138.567 |  138.572 |  138.570 |  138.565
4096   256   |  546.866 |  546.851 |  546.883 |  546.868 |  546.895 |  546.898 |  546.890 |  546.873 |  546.890 |  546.860 |  546.888 |  546.861 ||   -0.00   +0.00   +0.00   +0.01   +0.01   +0.00   +0.00   +0.00   -0.00   +0.00   -0.00
       med   |  547.082 |  547.125 |  547.093 |  547.113 |  547.160 |  547.128 |  547.121 |  547.104 |  547.109 |  547.152 |  547.135 |  547.119
=== process binR.order3.3
SELFCHECK OK (256 whole-block lengths 1..256 blk x 12 variants; out/Xi/ivec/ret byte-identical, nothing written past 16*nblk)
bytes  blks  |     base |      d5r |    d5rAA |      w1r |       c3 |       d4 |       c5 |   baseAA |       w1 |     w1AA |       d5 |     d5AA ||     d5r%   d5rAA%     w1r%      c3%      d4%      c5%  baseAA%      w1%    w1AA%      d5%    d5AA%
16     1     |   19.612 |   10.558 |   10.556 |   10.607 |   10.566 |   10.557 |   10.567 |   19.619 |   10.605 |   10.604 |   10.557 |   10.558 ||  -46.17  -46.18  -45.92  -46.13  -46.17  -46.12   +0.04  -45.93  -45.93  -46.17  -46.17
       med   |   19.641 |   10.562 |   10.562 |   10.608 |   10.569 |   10.561 |   10.571 |   19.642 |   10.607 |   10.607 |   10.561 |   10.561
32     2     |   19.643 |   11.216 |   11.233 |   11.260 |   11.238 |   11.195 |   11.231 |   19.647 |   11.276 |   11.276 |   11.244 |   11.232 ||  -42.90  -42.81  -42.68  -42.79  -43.01  -42.82   +0.02  -42.59  -42.60  -42.76  -42.82
       med   |   19.662 |   11.223 |   11.246 |   11.266 |   11.244 |   11.205 |   11.238 |   19.662 |   11.288 |   11.287 |   11.251 |   11.250
48     3     |   20.355 |   12.149 |   12.149 |   12.294 |   12.169 |   12.133 |   12.175 |   20.357 |   12.279 |   12.276 |   12.149 |   12.149 ||  -40.31  -40.31  -39.60  -40.22  -40.39  -40.18   +0.01  -39.68  -39.69  -40.31  -40.31
       med   |   20.378 |   12.160 |   12.158 |   12.307 |   12.180 |   12.142 |   12.185 |   20.379 |   12.291 |   12.290 |   12.157 |   12.158
64     4     |   20.948 |   14.451 |   14.469 |   14.798 |   14.536 |   14.503 |   14.537 |   20.951 |   14.772 |   14.765 |   14.469 |   14.467 ||  -31.02  -30.93  -29.36  -30.61  -30.77  -30.60   +0.01  -29.49  -29.52  -30.93  -30.94
       med   |   20.975 |   14.469 |   14.487 |   14.821 |   14.549 |   14.523 |   14.558 |   20.974 |   14.787 |   14.788 |   14.486 |   14.484
80     5     |   21.598 |   21.589 |   21.608 |   21.598 |   21.610 |   21.610 |   21.610 |   21.604 |   21.606 |   21.609 |   21.602 |   21.600 ||   -0.04   +0.05   +0.00   +0.06   +0.06   +0.06   +0.03   +0.04   +0.05   +0.02   +0.01
       med   |   21.627 |   21.618 |   21.635 |   21.623 |   21.634 |   21.633 |   21.634 |   21.628 |   21.634 |   21.635 |   21.634 |   21.634
96     6     |   22.376 |   22.319 |   22.396 |   22.339 |   22.394 |   22.390 |   22.393 |   22.376 |   22.395 |   22.400 |   22.397 |   22.394 ||   -0.26   +0.09   -0.16   +0.08   +0.06   +0.08   +0.00   +0.09   +0.11   +0.09   +0.08
       med   |   22.407 |   22.366 |   22.428 |   22.370 |   22.430 |   22.426 |   22.428 |   22.406 |   22.429 |   22.428 |   22.429 |   22.429
112    7     |   22.838 |   22.756 |   22.858 |   22.751 |   22.863 |   22.864 |   22.864 |   22.843 |   22.849 |   22.857 |   22.859 |   22.857 ||   -0.36   +0.09   -0.38   +0.11   +0.11   +0.11   +0.02   +0.05   +0.08   +0.09   +0.08
       med   |   22.872 |   22.782 |   22.896 |   22.781 |   22.898 |   22.898 |   22.899 |   22.880 |   22.900 |   22.897 |   22.899 |   22.898
128    8     |   21.459 |   21.464 |   21.460 |   21.462 |   21.458 |   21.451 |   21.460 |   21.454 |   21.462 |   21.454 |   21.452 |   21.462 ||   +0.02   +0.01   +0.02   -0.00   -0.03   +0.01   -0.02   +0.01   -0.02   -0.03   +0.01
       med   |   21.481 |   21.487 |   21.485 |   21.487 |   21.485 |   21.485 |   21.485 |   21.480 |   21.486 |   21.487 |   21.487 |   21.486
256    16    |   38.177 |   38.174 |   38.166 |   38.168 |   38.179 |   38.170 |   38.182 |   38.174 |   38.165 |   38.177 |   38.180 |   38.175 ||   -0.01   -0.03   -0.02   +0.00   -0.02   +0.01   -0.01   -0.03   -0.00   +0.01   -0.01
       med   |   38.207 |   38.215 |   38.210 |   38.211 |   38.213 |   38.212 |   38.213 |   38.209 |   38.210 |   38.209 |   38.214 |   38.210
512    32    |   70.700 |   71.118 |   71.111 |   71.118 |   71.120 |   71.119 |   71.114 |   71.096 |   71.120 |   71.117 |   71.120 |   71.122 ||   +0.59   +0.58   +0.59   +0.59   +0.59   +0.59   +0.56   +0.59   +0.59   +0.59   +0.60
       med   |   71.142 |   71.173 |   71.163 |   71.163 |   71.163 |   71.162 |   71.162 |   71.150 |   71.162 |   71.164 |   71.161 |   71.162
1024   64    |  138.500 |  138.522 |  138.535 |  138.505 |  138.538 |  138.520 |  138.547 |  138.497 |  138.499 |  138.530 |  138.512 |  138.536 ||   +0.02   +0.03   +0.00   +0.03   +0.01   +0.03   -0.00   -0.00   +0.02   +0.01   +0.03
       med   |  138.544 |  138.601 |  138.567 |  138.565 |  138.570 |  138.571 |  138.573 |  138.549 |  138.576 |  138.570 |  138.573 |  138.568
4096   256   |  546.838 |  546.871 |  546.880 |  546.881 |  546.875 |  546.874 |  546.895 |  546.888 |  546.891 |  546.887 |  546.875 |  546.894 ||   +0.01   +0.01   +0.01   +0.01   +0.01   +0.01   +0.01   +0.01   +0.01   +0.01   +0.01
       med   |  547.138 |  547.186 |  547.140 |  547.126 |  547.145 |  547.146 |  547.150 |  547.163 |  547.159 |  547.157 |  547.144 |  547.144
=== process binR.order3.4
SELFCHECK OK (256 whole-block lengths 1..256 blk x 12 variants; out/Xi/ivec/ret byte-identical, nothing written past 16*nblk)
bytes  blks  |     base |      d5r |    d5rAA |      w1r |       c3 |       d4 |       c5 |   baseAA |       w1 |     w1AA |       d5 |     d5AA ||     d5r%   d5rAA%     w1r%      c3%      d4%      c5%  baseAA%      w1%    w1AA%      d5%    d5AA%
16     1     |   19.622 |   10.558 |   10.558 |   10.606 |   10.566 |   10.557 |   10.567 |   19.621 |   10.605 |   10.605 |   10.557 |   10.557 ||  -46.19  -46.19  -45.95  -46.15  -46.20  -46.15   -0.01  -45.95  -45.95  -46.20  -46.20
       med   |   19.642 |   10.562 |   10.562 |   10.609 |   10.569 |   10.561 |   10.572 |   19.642 |   10.607 |   10.607 |   10.561 |   10.562
32     2     |   19.646 |   11.217 |   11.231 |   11.258 |   11.238 |   11.197 |   11.232 |   19.644 |   11.277 |   11.275 |   11.244 |   11.232 ||  -42.91  -42.83  -42.69  -42.80  -43.01  -42.83   -0.01  -42.60  -42.61  -42.77  -42.83
       med   |   19.661 |   11.223 |   11.243 |   11.266 |   11.244 |   11.206 |   11.238 |   19.662 |   11.288 |   11.287 |   11.251 |   11.250
48     3     |   20.358 |   12.149 |   12.148 |   12.290 |   12.169 |   12.131 |   12.177 |   20.355 |   12.277 |   12.273 |   12.148 |   12.147 ||  -40.32  -40.33  -39.63  -40.22  -40.41  -40.19   -0.01  -39.70  -39.71  -40.33  -40.33
       med   |   20.378 |   12.159 |   12.159 |   12.302 |   12.180 |   12.142 |   12.186 |   20.380 |   12.291 |   12.290 |   12.158 |   12.159
64     4     |   20.952 |   14.449 |   14.470 |   14.763 |   14.531 |   14.506 |   14.539 |   20.951 |   14.767 |   14.765 |   14.469 |   14.467 ||  -31.04  -30.94  -29.54  -30.64  -30.77  -30.61   -0.00  -29.52  -29.53  -30.94  -30.95
       med   |   20.976 |   14.466 |   14.487 |   14.784 |   14.550 |   14.523 |   14.559 |   20.972 |   14.788 |   14.787 |   14.486 |   14.485
80     5     |   21.599 |   21.594 |   21.602 |   21.590 |   21.610 |   21.608 |   21.613 |   21.599 |   21.611 |   21.609 |   21.603 |   21.612 ||   -0.03   +0.01   -0.04   +0.05   +0.04   +0.07   -0.00   +0.05   +0.05   +0.02   +0.06
       med   |   21.627 |   21.623 |   21.636 |   21.622 |   21.635 |   21.634 |   21.634 |   21.626 |   21.635 |   21.635 |   21.634 |   21.632
96     6     |   22.380 |   22.323 |   22.395 |   22.341 |   22.397 |   22.398 |   22.398 |   22.372 |   22.396 |   22.403 |   22.395 |   22.395 ||   -0.26   +0.07   -0.17   +0.07   +0.08   +0.08   -0.04   +0.07   +0.10   +0.07   +0.06
       med   |   22.408 |   22.367 |   22.429 |   22.372 |   22.430 |   22.430 |   22.429 |   22.409 |   22.429 |   22.431 |   22.430 |   22.430
112    7     |   22.835 |   22.754 |   22.865 |   22.743 |   22.849 |   22.851 |   22.850 |   22.844 |   22.858 |   22.862 |   22.861 |   22.863 ||   -0.35   +0.13   -0.40   +0.06   +0.07   +0.07   +0.04   +0.10   +0.12   +0.12   +0.13
       med   |   22.871 |   22.784 |   22.900 |   22.782 |   22.899 |   22.900 |   22.900 |   22.882 |   22.899 |   22.899 |   22.901 |   22.901
128    8     |   21.459 |   21.460 |   21.454 |   21.458 |   21.461 |   21.459 |   21.459 |   21.456 |   21.454 |   21.461 |   21.453 |   21.463 ||   +0.01   -0.02   -0.00   +0.01   +0.00   +0.00   -0.02   -0.02   +0.01   -0.03   +0.02
       med   |   21.481 |   21.488 |   21.486 |   21.488 |   21.487 |   21.487 |   21.488 |   21.479 |   21.486 |   21.487 |   21.486 |   21.487
256    16    |   38.170 |   38.171 |   38.178 |   38.170 |   38.178 |   38.183 |   38.174 |   38.165 |   38.175 |   38.167 |   38.173 |   38.175 ||   +0.00   +0.02   +0.00   +0.02   +0.03   +0.01   -0.01   +0.01   -0.01   +0.01   +0.01
       med   |   38.210 |   38.217 |   38.209 |   38.212 |   38.212 |   38.212 |   38.212 |   38.209 |   38.212 |   38.211 |   38.211 |   38.213
512    32    |   71.108 |   71.121 |   71.117 |   71.121 |   71.124 |   71.121 |   71.130 |   71.114 |   71.118 |   71.127 |   71.118 |   71.128 ||   +0.02   +0.01   +0.02   +0.02   +0.02   +0.03   +0.01   +0.01   +0.03   +0.01   +0.03
       med   |   71.147 |   71.176 |   71.167 |   71.168 |   71.170 |   71.164 |   71.166 |   71.153 |   71.166 |   71.168 |   71.165 |   71.168
1024   64    |  138.497 |  138.500 |  138.499 |  138.501 |  138.533 |  138.508 |  138.524 |  138.498 |  138.530 |  138.497 |  138.501 |  138.521 ||   +0.00   +0.00   +0.00   +0.03   +0.01   +0.02   +0.00   +0.02   +0.00   +0.00   +0.02
       med   |  138.545 |  138.594 |  138.561 |  138.564 |  138.575 |  138.557 |  138.560 |  138.549 |  138.569 |  138.565 |  138.561 |  138.565
4096   256   |  546.858 |  546.862 |  546.880 |  546.873 |  546.912 |  546.900 |  546.922 |  546.871 |  546.889 |  546.912 |  546.875 |  546.832 ||   +0.00   +0.00   +0.00   +0.01   +0.01   +0.01   +0.00   +0.01   +0.01   +0.00   -0.00
       med   |  547.097 |  547.135 |  547.183 |  547.176 |  547.171 |  547.144 |  547.138 |  547.150 |  547.183 |  547.163 |  547.157 |  547.092
=== process binR.order3.5
SELFCHECK OK (256 whole-block lengths 1..256 blk x 12 variants; out/Xi/ivec/ret byte-identical, nothing written past 16*nblk)
bytes  blks  |     base |      d5r |    d5rAA |      w1r |       c3 |       d4 |       c5 |   baseAA |       w1 |     w1AA |       d5 |     d5AA ||     d5r%   d5rAA%     w1r%      c3%      d4%      c5%  baseAA%      w1%    w1AA%      d5%    d5AA%
16     1     |   19.622 |   10.557 |   10.558 |   10.606 |   10.565 |   10.557 |   10.567 |   19.622 |   10.605 |   10.605 |   10.558 |   10.557 ||  -46.20  -46.19  -45.95  -46.16  -46.20  -46.15   -0.00  -45.95  -45.95  -46.19  -46.20
       med   |   19.642 |   10.562 |   10.562 |   10.609 |   10.569 |   10.561 |   10.572 |   19.641 |   10.607 |   10.607 |   10.561 |   10.561
32     2     |   19.644 |   11.217 |   11.231 |   11.261 |   11.237 |   11.197 |   11.232 |   19.645 |   11.278 |   11.276 |   11.244 |   11.234 ||  -42.90  -42.83  -42.68  -42.80  -43.00  -42.82   +0.00  -42.59  -42.60  -42.76  -42.81
       med   |   19.662 |   11.224 |   11.243 |   11.266 |   11.244 |   11.206 |   11.238 |   19.663 |   11.288 |   11.287 |   11.250 |   11.250
48     3     |   20.356 |   12.148 |   12.146 |   12.287 |   12.168 |   12.132 |   12.174 |   20.357 |   12.277 |   12.277 |   12.146 |   12.148 ||  -40.32  -40.33  -39.64  -40.22  -40.40  -40.19   +0.01  -39.69  -39.69  -40.33  -40.32
       med   |   20.377 |   12.158 |   12.158 |   12.301 |   12.179 |   12.141 |   12.185 |   20.378 |   12.290 |   12.290 |   12.158 |   12.158
64     4     |   20.955 |   14.449 |   14.467 |   14.764 |   14.530 |   14.497 |   14.539 |   20.948 |   14.768 |   14.768 |   14.468 |   14.470 ||  -31.05  -30.96  -29.54  -30.66  -30.82  -30.62   -0.03  -29.53  -29.53  -30.96  -30.95
       med   |   20.976 |   14.466 |   14.486 |   14.785 |   14.550 |   14.523 |   14.558 |   20.975 |   14.787 |   14.787 |   14.486 |   14.485
80     5     |   21.605 |   21.589 |   21.613 |   21.595 |   21.607 |   21.608 |   21.612 |   21.602 |   21.608 |   21.610 |   21.609 |   21.610 ||   -0.07   +0.04   -0.05   +0.01   +0.01   +0.03   -0.01   +0.01   +0.02   +0.02   +0.02
       med   |   21.627 |   21.620 |   21.634 |   21.620 |   21.632 |   21.636 |   21.635 |   21.627 |   21.634 |   21.634 |   21.634 |   21.636
96     6     |   22.379 |   22.308 |   22.396 |   22.336 |   22.401 |   22.398 |   22.397 |   22.375 |   22.393 |   22.393 |   22.398 |   22.398 ||   -0.32   +0.08   -0.19   +0.10   +0.09   +0.08   -0.02   +0.07   +0.07   +0.09   +0.09
       med   |   22.407 |   22.366 |   22.430 |   22.371 |   22.430 |   22.430 |   22.429 |   22.409 |   22.429 |   22.428 |   22.431 |   22.430
112    7     |   22.831 |   22.757 |   22.853 |   22.756 |   22.859 |   22.861 |   22.854 |   22.842 |   22.858 |   22.855 |   22.865 |   22.854 ||   -0.32   +0.10   -0.33   +0.12   +0.13   +0.10   +0.05   +0.12   +0.11   +0.15   +0.10
       med   |   22.872 |   22.782 |   22.901 |   22.781 |   22.899 |   22.898 |   22.900 |   22.881 |   22.898 |   22.898 |   22.898 |   22.901
128    8     |   21.452 |   21.461 |   21.456 |   21.456 |   21.461 |   21.456 |   21.455 |   21.450 |   21.455 |   21.461 |   21.452 |   21.456 ||   +0.04   +0.01   +0.02   +0.04   +0.01   +0.01   -0.01   +0.01   +0.04   +0.00   +0.02
       med   |   21.481 |   21.485 |   21.483 |   21.483 |   21.484 |   21.482 |   21.484 |   21.479 |   21.483 |   21.485 |   21.482 |   21.483
256    16    |   38.173 |   38.178 |   38.174 |   38.178 |   38.168 |   38.171 |   38.180 |   38.174 |   38.174 |   38.174 |   38.179 |   38.164 ||   +0.01   +0.00   +0.01   -0.01   -0.00   +0.02   +0.00   +0.00   +0.00   +0.02   -0.02
       med   |   38.207 |   38.214 |   38.210 |   38.212 |   38.210 |   38.212 |   38.211 |   38.210 |   38.210 |   38.210 |   38.215 |   38.211
512    32    |   71.106 |   71.113 |   71.115 |   71.123 |   71.114 |   71.110 |   71.124 |   71.105 |   71.110 |   71.114 |   71.134 |   71.125 ||   +0.01   +0.01   +0.02   +0.01   +0.01   +0.03   -0.00   +0.01   +0.01   +0.04   +0.03
       med   |   71.147 |   71.172 |   71.165 |   71.166 |   71.168 |   71.167 |   71.168 |   71.155 |   71.165 |   71.168 |   71.171 |   71.164
1024   64    |  138.502 |  138.498 |  138.518 |  138.501 |  138.522 |  138.520 |  138.514 |  138.496 |  138.522 |  138.524 |  138.524 |  138.521 ||   -0.00   +0.01   -0.00   +0.01   +0.01   +0.01   -0.00   +0.01   +0.02   +0.02   +0.01
       med   |  138.533 |  138.570 |  138.548 |  138.546 |  138.548 |  138.548 |  138.551 |  138.541 |  138.546 |  138.550 |  138.556 |  138.549
4096   256   |  546.862 |  546.869 |  546.880 |  546.861 |  546.859 |  546.870 |  546.846 |  546.879 |  546.875 |  546.881 |  546.865 |  546.856 ||   +0.00   +0.00   -0.00   -0.00   +0.00   -0.00   +0.00   +0.00   +0.00   +0.00   -0.00
       med   |  547.117 |  547.122 |  547.116 |  547.101 |  547.134 |  547.119 |  547.115 |  547.104 |  547.085 |  547.109 |  547.129 |  547.115
