## bin=binW host=gv4 core=3 reps=300 nproc=5
## O1: base baseAA w1 w1AA d5 d5AA c3 c3AA d4 c5 e2 cl4
## O2: base cl4 e2 c5 d4 c3AA c3 d5AA d5 w1AA w1 baseAA
## O3: base c3 c3AA d4 c5 e2 cl4 baseAA w1 w1AA d5 d5AA
=== process binW.order1.1
SELFCHECK OK (256 whole-block lengths 1..256 blk x 12 variants; out/Xi/ivec/ret byte-identical, nothing written past 16*nblk)
bytes  blks  |     base |   baseAA |       w1 |     w1AA |       d5 |     d5AA |       c3 |     c3AA |       d4 |       c5 |       e2 |      cl4 ||  baseAA%      w1%    w1AA%      d5%    d5AA%      c3%    c3AA%      d4%      c5%      e2%     cl4%
16     1     |   24.460 |   24.313 |   12.573 |   12.573 |   12.496 |   12.506 |   12.519 |   12.527 |   12.500 |   12.508 |   12.515 |   12.546 ||   -0.60  -48.60  -48.60  -48.91  -48.87  -48.82  -48.79  -48.90  -48.87  -48.83  -48.71
       med   |   25.576 |   25.823 |   12.614 |   12.613 |   12.560 |   12.563 |   12.589 |   12.589 |   12.563 |   12.514 |   12.550 |   12.554
32     2     |   23.393 |   23.422 |   13.243 |   13.243 |   13.185 |   13.192 |   13.186 |   13.202 |   13.175 |   13.196 |   13.198 |   13.195 ||   +0.12  -43.39  -43.39  -43.64  -43.61  -43.64  -43.56  -43.68  -43.59  -43.58  -43.60
       med   |   23.601 |   24.366 |   13.247 |   13.307 |   13.235 |   13.199 |   13.209 |   13.208 |   13.264 |   13.212 |   13.202 |   13.201
48     3     |   24.234 |   24.287 |   15.183 |   15.184 |   15.077 |   15.094 |   15.085 |   15.095 |   15.094 |   15.135 |   15.058 |   15.088 ||   +0.22  -37.35  -37.34  -37.78  -37.72  -37.75  -37.71  -37.71  -37.55  -37.86  -37.74
       med   |   24.359 |   25.202 |   15.376 |   15.398 |   15.338 |   15.138 |   15.152 |   15.143 |   15.160 |   15.351 |   15.104 |   15.143
64     4     |   25.122 |   25.119 |   18.628 |   18.632 |   18.268 |   18.266 |   18.273 |   18.274 |   18.254 |   18.235 |   18.272 |   18.350 ||   -0.01  -25.85  -25.83  -27.28  -27.29  -27.26  -27.26  -27.34  -27.41  -27.27  -26.96
       med   |   25.192 |   25.681 |   18.659 |   18.761 |   18.651 |   18.442 |   18.303 |   18.808 |   18.415 |   18.265 |   18.292 |   18.370
80     5     |   25.997 |   25.996 |   25.996 |   25.995 |   25.995 |   25.993 |   25.994 |   25.993 |   25.987 |   26.000 |   25.991 |   25.990 ||   -0.00   -0.00   -0.01   -0.01   -0.02   -0.01   -0.01   -0.04   +0.01   -0.02   -0.02
       med   |   26.276 |   26.540 |   26.104 |   26.110 |   26.317 |   26.199 |   26.459 |   26.091 |   26.061 |   26.729 |   26.029 |   26.251
96     6     |   26.923 |   26.930 |   26.920 |   26.922 |   26.935 |   26.931 |   26.918 |   26.918 |   26.920 |   26.934 |   26.891 |   26.950 ||   +0.02   -0.01   -0.00   +0.04   +0.03   -0.02   -0.02   -0.01   +0.04   -0.12   +0.10
       med   |   27.190 |   27.744 |   26.966 |   27.209 |   27.387 |   27.231 |   27.211 |   27.017 |   26.960 |   27.384 |   26.980 |   27.391
112    7     |   27.457 |   27.462 |   27.515 |   27.531 |   27.545 |   27.524 |   27.509 |   27.513 |   27.520 |   27.530 |   27.487 |   27.388 ||   +0.02   +0.21   +0.27   +0.32   +0.25   +0.19   +0.21   +0.23   +0.26   +0.11   -0.25
       med   |   27.774 |   28.398 |   27.643 |   27.730 |   27.973 |   27.932 |   27.953 |   27.566 |   27.546 |   28.294 |   27.526 |   27.583
128    8     |   25.525 |   25.535 |   25.576 |   25.595 |   25.593 |   25.593 |   25.596 |   25.598 |   25.582 |   25.568 |   25.565 |   25.568 ||   +0.04   +0.20   +0.27   +0.26   +0.26   +0.28   +0.29   +0.22   +0.17   +0.16   +0.17
       med   |   25.845 |   26.234 |   25.776 |   25.985 |   26.033 |   26.150 |   25.860 |   26.014 |   25.610 |   25.997 |   25.625 |   25.801
256    16    |   45.448 |   45.531 |   45.335 |   45.188 |   45.345 |   45.336 |   45.353 |   45.335 |   45.358 |   45.346 |   45.355 |   45.339 ||   +0.18   -0.25   -0.57   -0.23   -0.25   -0.21   -0.25   -0.20   -0.22   -0.20   -0.24
       med   |   45.840 |   46.503 |   45.861 |   46.082 |   45.992 |   45.953 |   46.149 |   45.701 |   46.110 |   46.923 |   45.713 |   46.483
512    32    |   84.392 |   84.384 |   84.378 |   84.418 |   84.343 |   84.469 |   84.410 |   84.235 |   84.359 |   84.372 |   84.380 |   84.281 ||   -0.01   -0.02   +0.03   -0.06   +0.09   +0.02   -0.19   -0.04   -0.02   -0.01   -0.13
       med   |   85.719 |   86.204 |   85.277 |   85.681 |   84.620 |   85.768 |   85.615 |   85.304 |   84.517 |   86.199 |   85.701 |   84.861
1024   64    |  161.831 |  161.629 |  161.839 |  162.102 |  161.882 |  162.040 |  161.854 |  161.826 |  161.828 |  161.865 |  161.689 |  161.837 ||   -0.12   +0.01   +0.17   +0.03   +0.13   +0.01   -0.00   -0.00   +0.02   -0.09   +0.00
       med   |  163.430 |  163.133 |  163.522 |  164.004 |  162.695 |  163.495 |  164.267 |  163.040 |  162.688 |  163.321 |  164.518 |  163.381
4096   256   |  628.302 |  628.573 |  628.560 |  628.988 |  628.762 |  628.851 |  628.622 |  628.464 |  628.775 |  628.525 |  628.625 |  628.774 ||   +0.04   +0.04   +0.11   +0.07   +0.09   +0.05   +0.03   +0.08   +0.04   +0.05   +0.08
       med   |  633.031 |  631.822 |  631.074 |  631.130 |  630.141 |  630.230 |  631.725 |  630.637 |  630.887 |  630.745 |  631.149 |  631.269
=== process binW.order1.2
SELFCHECK OK (256 whole-block lengths 1..256 blk x 12 variants; out/Xi/ivec/ret byte-identical, nothing written past 16*nblk)
bytes  blks  |     base |   baseAA |       w1 |     w1AA |       d5 |     d5AA |       c3 |     c3AA |       d4 |       c5 |       e2 |      cl4 ||  baseAA%      w1%    w1AA%      d5%    d5AA%      c3%    c3AA%      d4%      c5%      e2%     cl4%
16     1     |   25.306 |   25.364 |   12.572 |   12.573 |   12.495 |   12.507 |   12.520 |   12.518 |   12.502 |   12.504 |   12.517 |   12.491 ||   +0.23  -50.32  -50.32  -50.62  -50.58  -50.53  -50.53  -50.60  -50.59  -50.54  -50.64
       med   |   25.554 |   25.819 |   12.613 |   12.613 |   12.561 |   12.563 |   12.588 |   12.588 |   12.563 |   12.515 |   12.549 |   12.554
32     2     |   23.351 |   23.405 |   13.242 |   13.243 |   13.190 |   13.193 |   13.188 |   13.204 |   13.172 |   13.200 |   13.196 |   13.194 ||   +0.23  -43.29  -43.29  -43.52  -43.50  -43.52  -43.46  -43.59  -43.47  -43.49  -43.50
       med   |   23.565 |   24.114 |   13.246 |   13.300 |   13.236 |   13.198 |   13.210 |   13.208 |   13.187 |   13.211 |   13.201 |   13.200
48     3     |   24.249 |   24.293 |   15.186 |   15.185 |   15.098 |   15.073 |   15.092 |   15.091 |   15.104 |   15.176 |   15.051 |   15.086 ||   +0.18  -37.38  -37.38  -37.74  -37.84  -37.76  -37.77  -37.71  -37.41  -37.93  -37.79
       med   |   24.380 |   25.207 |   15.374 |   15.424 |   15.355 |   15.132 |   15.164 |   15.143 |   15.171 |   15.260 |   15.105 |   15.196
64     4     |   25.140 |   25.146 |   18.617 |   18.631 |   18.267 |   18.260 |   18.273 |   18.270 |   18.252 |   18.236 |   18.273 |   18.352 ||   +0.03  -25.94  -25.89  -27.34  -27.36  -27.31  -27.33  -27.40  -27.46  -27.32  -27.00
       med   |   25.392 |   25.967 |   18.655 |   18.665 |   18.525 |   18.444 |   18.303 |   18.804 |   18.429 |   18.263 |   18.293 |   18.510
80     5     |   25.989 |   25.989 |   25.996 |   25.989 |   25.995 |   25.995 |   25.992 |   25.998 |   25.994 |   25.998 |   25.990 |   25.991 ||   +0.00   +0.03   +0.00   +0.02   +0.02   +0.01   +0.04   +0.02   +0.04   +0.01   +0.01
       med   |   26.071 |   26.483 |   26.112 |   26.117 |   26.576 |   26.222 |   26.457 |   26.308 |   26.022 |   26.675 |   26.018 |   26.261
96     6     |   26.894 |   26.874 |   26.927 |   26.930 |   26.911 |   26.924 |   26.911 |   26.921 |   26.917 |   26.933 |   26.884 |   26.949 ||   -0.08   +0.12   +0.13   +0.06   +0.11   +0.06   +0.10   +0.08   +0.14   -0.04   +0.20
       med   |   27.176 |   27.589 |   27.038 |   27.188 |   27.356 |   27.170 |   27.213 |   27.054 |   26.962 |   27.543 |   26.976 |   27.389
112    7     |   27.453 |   27.362 |   27.521 |   27.515 |   27.500 |   27.509 |   27.476 |   27.520 |   27.519 |   27.522 |   27.488 |   27.426 ||   -0.33   +0.25   +0.23   +0.17   +0.20   +0.09   +0.25   +0.24   +0.25   +0.13   -0.10
       med   |   27.494 |   28.384 |   27.643 |   27.553 |   27.823 |   27.558 |   27.948 |   27.652 |   27.548 |   28.084 |   27.521 |   27.832
128    8     |   25.518 |   25.543 |   25.421 |   25.574 |   25.601 |   25.587 |   25.587 |   25.573 |   25.582 |   25.578 |   25.566 |   25.562 ||   +0.10   -0.38   +0.22   +0.32   +0.27   +0.27   +0.22   +0.25   +0.23   +0.19   +0.17
       med   |   25.544 |   26.139 |   25.780 |   25.777 |   26.100 |   25.613 |   25.848 |   25.784 |   25.612 |   26.052 |   25.625 |   25.625
256    16    |   45.451 |   45.385 |   45.350 |   45.321 |   45.369 |   45.341 |   45.422 |   45.370 |   45.380 |   45.384 |   45.358 |   45.330 ||   -0.14   -0.22   -0.29   -0.18   -0.24   -0.06   -0.18   -0.16   -0.15   -0.20   -0.27
       med   |   46.302 |   46.503 |   46.065 |   45.733 |   46.415 |   45.697 |   46.347 |   45.750 |   46.416 |   46.832 |   45.492 |   46.078
512    32    |   84.163 |   84.393 |   84.403 |   84.484 |   84.416 |   84.385 |   84.383 |   84.327 |   84.399 |   84.385 |   84.437 |   84.505 ||   +0.27   +0.28   +0.38   +0.30   +0.26   +0.26   +0.19   +0.28   +0.26   +0.33   +0.41
       med   |   86.000 |   85.530 |   85.382 |   85.410 |   85.482 |   85.355 |   85.570 |   85.273 |   84.834 |   86.087 |   85.887 |   85.761
1024   64    |  161.875 |  161.821 |  161.947 |  162.290 |  162.117 |  162.084 |  161.868 |  161.834 |  161.870 |  161.858 |  162.030 |  162.050 ||   -0.03   +0.04   +0.26   +0.15   +0.13   -0.00   -0.03   -0.00   -0.01   +0.10   +0.11
       med   |  165.121 |  163.442 |  163.430 |  163.311 |  163.786 |  163.304 |  163.841 |  163.587 |  163.058 |  164.863 |  163.489 |  163.364
4096   256   |  627.707 |  628.566 |  628.754 |  629.014 |  628.724 |  628.793 |  628.683 |  628.361 |  628.631 |  628.536 |  628.524 |  628.663 ||   +0.14   +0.17   +0.21   +0.16   +0.17   +0.16   +0.10   +0.15   +0.13   +0.13   +0.15
       med   |  634.053 |  631.333 |  630.831 |  631.176 |  631.019 |  630.561 |  631.448 |  630.664 |  630.709 |  631.080 |  631.081 |  631.211
=== process binW.order1.3
SELFCHECK OK (256 whole-block lengths 1..256 blk x 12 variants; out/Xi/ivec/ret byte-identical, nothing written past 16*nblk)
bytes  blks  |     base |   baseAA |       w1 |     w1AA |       d5 |     d5AA |       c3 |     c3AA |       d4 |       c5 |       e2 |      cl4 ||  baseAA%      w1%    w1AA%      d5%    d5AA%      c3%    c3AA%      d4%      c5%      e2%     cl4%
16     1     |   25.394 |   25.418 |   12.571 |   12.572 |   12.495 |   12.509 |   12.516 |   12.582 |   12.498 |   12.507 |   12.502 |   12.492 ||   +0.10  -50.50  -50.49  -50.79  -50.74  -50.71  -50.45  -50.78  -50.75  -50.77  -50.81
       med   |   25.627 |   25.737 |   12.613 |   12.613 |   12.566 |   12.563 |   12.588 |   12.589 |   12.563 |   12.514 |   12.549 |   12.554
32     2     |   23.371 |   23.383 |   13.241 |   13.242 |   13.187 |   13.193 |   13.186 |   13.203 |   13.174 |   13.201 |   13.196 |   13.195 ||   +0.05  -43.35  -43.34  -43.58  -43.55  -43.58  -43.51  -43.63  -43.52  -43.54  -43.54
       med   |   23.632 |   24.361 |   13.246 |   13.384 |   13.235 |   13.198 |   13.210 |   13.208 |   13.188 |   13.211 |   13.202 |   13.200
48     3     |   24.238 |   24.271 |   15.189 |   15.189 |   15.089 |   15.076 |   15.088 |   15.089 |   15.095 |   15.165 |   15.053 |   15.087 ||   +0.14  -37.33  -37.33  -37.74  -37.80  -37.75  -37.74  -37.72  -37.43  -37.90  -37.75
       med   |   24.349 |   25.228 |   15.376 |   15.229 |   15.198 |   15.139 |   15.167 |   15.144 |   15.163 |   15.359 |   15.107 |   15.129
64     4     |   25.148 |   25.142 |   18.623 |   18.633 |   18.271 |   18.268 |   18.267 |   18.272 |   18.258 |   18.240 |   18.276 |   18.351 ||   -0.02  -25.94  -25.91  -27.35  -27.36  -27.36  -27.34  -27.40  -27.47  -27.33  -27.03
       med   |   25.407 |   26.060 |   18.654 |   18.657 |   18.515 |   18.446 |   18.303 |   18.804 |   18.498 |   18.262 |   18.300 |   18.377
80     5     |   25.998 |   26.005 |   25.999 |   25.994 |   25.995 |   26.002 |   25.995 |   26.002 |   25.996 |   25.999 |   25.988 |   26.004 ||   +0.03   +0.00   -0.01   -0.01   +0.01   -0.01   +0.02   -0.01   +0.01   -0.04   +0.02
       med   |   26.293 |   26.959 |   26.175 |   26.112 |   26.342 |   26.408 |   26.457 |   26.306 |   26.035 |   26.731 |   26.019 |   26.402
96     6     |   26.934 |   26.887 |   26.922 |   26.934 |   26.933 |   26.926 |   26.929 |   26.908 |   26.920 |   26.932 |   26.929 |   26.907 ||   -0.17   -0.04   +0.00   -0.00   -0.03   -0.02   -0.09   -0.05   -0.01   -0.02   -0.10
       med   |   27.185 |   27.345 |   27.039 |   27.205 |   27.244 |   27.029 |   27.220 |   27.178 |   26.962 |   27.259 |   26.973 |   27.206
112    7     |   27.456 |   27.356 |   27.518 |   27.522 |   27.457 |   27.513 |   27.461 |   27.517 |   27.515 |   27.532 |   27.490 |   27.404 ||   -0.37   +0.23   +0.24   +0.00   +0.21   +0.02   +0.22   +0.21   +0.27   +0.12   -0.19
       med   |   27.783 |   27.921 |   27.552 |   27.751 |   27.837 |   27.647 |   27.949 |   27.838 |   27.549 |   28.282 |   27.520 |   27.848
128    8     |   25.515 |   25.582 |   25.403 |   25.592 |   25.597 |   25.588 |   25.591 |   25.595 |   25.593 |   25.589 |   25.606 |   25.573 ||   +0.26   -0.44   +0.30   +0.32   +0.29   +0.30   +0.31   +0.31   +0.29   +0.36   +0.23
       med   |   25.821 |   26.219 |   25.773 |   25.985 |   26.057 |   25.791 |   25.856 |   26.000 |   25.611 |   25.993 |   25.624 |   25.792
256    16    |   45.473 |   45.346 |   45.360 |   45.366 |   45.379 |   45.353 |   45.401 |   45.335 |   45.347 |   45.374 |   45.368 |   45.337 ||   -0.28   -0.25   -0.24   -0.21   -0.26   -0.16   -0.30   -0.28   -0.22   -0.23   -0.30
       med   |   46.221 |   46.115 |   45.884 |   46.097 |   46.379 |   46.197 |   46.369 |   46.012 |   46.184 |   46.909 |   45.550 |   46.302
512    32    |   84.344 |   84.378 |   84.401 |   84.471 |   84.391 |   84.502 |   84.404 |   82.966 |   84.397 |   84.406 |   84.474 |   84.544 ||   +0.04   +0.07   +0.15   +0.06   +0.19   +0.07   -1.63   +0.06   +0.07   +0.15   +0.24
       med   |   85.402 |   85.487 |   85.533 |   86.107 |   85.108 |   85.308 |   85.656 |   84.965 |   84.885 |   85.456 |   85.909 |   86.001
1024   64    |  161.917 |  161.934 |  161.812 |  162.125 |  162.004 |  162.036 |  161.870 |  161.725 |  161.831 |  161.505 |  161.834 |  162.216 ||   +0.01   -0.07   +0.13   +0.05   +0.07   -0.03   -0.12   -0.05   -0.25   -0.05   +0.18
       med   |  163.683 |  163.172 |  163.229 |  163.444 |  163.733 |  163.337 |  163.873 |  163.165 |  162.331 |  163.258 |  164.339 |  164.962
4096   256   |  628.556 |  628.681 |  628.750 |  628.938 |  628.561 |  628.854 |  628.241 |  628.275 |  628.411 |  628.799 |  628.713 |  628.912 ||   +0.02   +0.03   +0.06   +0.00   +0.05   -0.05   -0.04   -0.02   +0.04   +0.03   +0.06
       med   |  634.972 |  631.383 |  630.878 |  631.110 |  630.692 |  630.386 |  631.138 |  630.655 |  630.678 |  630.570 |  630.708 |  631.120
=== process binW.order1.4
SELFCHECK OK (256 whole-block lengths 1..256 blk x 12 variants; out/Xi/ivec/ret byte-identical, nothing written past 16*nblk)
bytes  blks  |     base |   baseAA |       w1 |     w1AA |       d5 |     d5AA |       c3 |     c3AA |       d4 |       c5 |       e2 |      cl4 ||  baseAA%      w1%    w1AA%      d5%    d5AA%      c3%    c3AA%      d4%      c5%      e2%     cl4%
16     1     |   27.971 |   28.170 |   16.067 |   16.116 |   16.158 |   16.032 |   16.126 |   16.128 |   16.005 |   16.135 |   16.013 |   16.128 ||   +0.71  -42.56  -42.38  -42.23  -42.68  -42.35  -42.34  -42.78  -42.31  -42.75  -42.34
       med   |   28.102 |   28.863 |   16.172 |   16.172 |   16.960 |   16.171 |   16.175 |   16.175 |   16.176 |   16.419 |   16.793 |   16.199
32     2     |   29.200 |   29.394 |   16.698 |   16.690 |   16.718 |   16.714 |   16.735 |   16.714 |   16.736 |   16.709 |   16.746 |   16.712 ||   +0.67  -42.82  -42.84  -42.75  -42.76  -42.69  -42.76  -42.69  -42.78  -42.65  -42.77
       med   |   29.428 |   30.364 |   16.725 |   16.712 |   17.037 |   16.730 |   16.761 |   16.730 |   16.922 |   16.911 |   16.764 |   16.909
48     3     |   30.242 |   30.314 |   17.997 |   17.999 |   17.827 |   17.827 |   17.716 |   17.718 |   17.769 |   17.749 |   17.772 |   18.007 ||   +0.24  -40.49  -40.48  -41.05  -41.05  -41.42  -41.41  -41.24  -41.31  -41.23  -40.46
       med   |   30.493 |   30.795 |   18.064 |   18.050 |   18.463 |   17.886 |   17.758 |   17.750 |   17.805 |   18.375 |   17.795 |   18.129
64     4     |   31.417 |   31.521 |   21.959 |   21.957 |   21.680 |   21.663 |   21.467 |   21.483 |   21.533 |   21.494 |   21.582 |   21.894 ||   +0.33  -30.10  -30.11  -30.99  -31.05  -31.67  -31.62  -31.46  -31.59  -31.31  -30.31
       med   |   31.539 |   32.282 |   22.288 |   22.005 |   22.263 |   22.012 |   21.600 |   22.076 |   21.942 |   21.719 |   21.613 |   21.923
80     5     |   32.196 |   32.241 |   32.212 |   32.276 |   32.227 |   32.213 |   32.244 |   32.222 |   32.213 |   32.307 |   32.187 |   32.218 ||   +0.14   +0.05   +0.25   +0.10   +0.05   +0.15   +0.08   +0.05   +0.35   -0.03   +0.07
       med   |   32.290 |   33.163 |   32.309 |   32.659 |   32.805 |   32.414 |   32.725 |   32.415 |   32.321 |   32.996 |   32.261 |   32.512
96     6     |   33.216 |   33.353 |   33.219 |   33.273 |   33.220 |   33.271 |   33.338 |   33.328 |   33.318 |   33.304 |   33.338 |   33.315 ||   +0.41   +0.01   +0.17   +0.01   +0.16   +0.37   +0.33   +0.31   +0.26   +0.37   +0.30
       med   |   33.501 |   34.260 |   33.356 |   33.630 |   33.795 |   33.699 |   33.692 |   33.692 |   33.384 |   34.065 |   33.388 |   33.456
112    7     |   33.522 |   33.538 |   33.537 |   33.581 |   33.593 |   33.576 |   33.581 |   33.584 |   33.562 |   33.589 |   33.507 |   33.505 ||   +0.05   +0.04   +0.17   +0.21   +0.16   +0.17   +0.18   +0.12   +0.20   -0.04   -0.05
       med   |   33.862 |   34.032 |   33.687 |   33.965 |   34.293 |   34.022 |   34.056 |   34.023 |   33.711 |   34.421 |   33.730 |   33.911
128    8     |   31.621 |   31.499 |   31.753 |   31.864 |   31.856 |   31.859 |   31.866 |   31.862 |   31.843 |   31.869 |   31.856 |   31.774 ||   -0.39   +0.42   +0.77   +0.74   +0.75   +0.77   +0.76   +0.70   +0.78   +0.74   +0.48
       med   |   31.674 |   32.124 |   31.928 |   32.212 |   32.383 |   32.167 |   32.364 |   32.238 |   31.895 |   32.372 |   31.886 |   32.093
256    16    |   51.843 |   51.811 |   51.993 |   51.969 |   51.914 |   51.954 |   51.970 |   51.905 |   52.060 |   52.111 |   51.743 |   51.947 ||   -0.06   +0.29   +0.24   +0.14   +0.22   +0.25   +0.12   +0.42   +0.52   -0.19   +0.20
       med   |   52.873 |   52.600 |   52.308 |   52.484 |   52.828 |   52.668 |   52.881 |   52.737 |   52.295 |   52.993 |   52.430 |   52.466
512    32    |   90.726 |   90.560 |   90.819 |   90.789 |   90.688 |   90.464 |   90.022 |   90.026 |   90.051 |   90.824 |   90.046 |   90.914 ||   -0.18   +0.10   +0.07   -0.04   -0.29   -0.78   -0.77   -0.74   +0.11   -0.75   +0.21
       med   |   91.785 |   91.924 |   91.520 |   92.029 |   91.626 |   91.852 |   92.118 |   92.098 |   92.463 |   92.456 |   92.002 |   91.139
1024   64    |  167.709 |  168.043 |  167.996 |  168.416 |  168.332 |  168.456 |  168.310 |  168.133 |  167.687 |  168.412 |  168.120 |  168.476 ||   +0.20   +0.17   +0.42   +0.37   +0.45   +0.36   +0.25   -0.01   +0.42   +0.24   +0.46
       med   |  171.292 |  169.494 |  169.666 |  170.473 |  170.233 |  169.707 |  170.213 |  169.383 |  169.626 |  169.940 |  170.470 |  169.356
4096   256   |  634.126 |  634.667 |  635.214 |  635.251 |  635.023 |  635.152 |  634.908 |  634.885 |  635.086 |  635.240 |  635.115 |  634.733 ||   +0.09   +0.17   +0.18   +0.14   +0.16   +0.12   +0.12   +0.15   +0.18   +0.16   +0.10
       med   |  639.156 |  636.965 |  637.192 |  637.197 |  636.810 |  636.448 |  637.112 |  637.022 |  637.534 |  638.101 |  636.800 |  639.743
=== process binW.order1.5
SELFCHECK OK (256 whole-block lengths 1..256 blk x 12 variants; out/Xi/ivec/ret byte-identical, nothing written past 16*nblk)
bytes  blks  |     base |   baseAA |       w1 |     w1AA |       d5 |     d5AA |       c3 |     c3AA |       d4 |       c5 |       e2 |      cl4 ||  baseAA%      w1%    w1AA%      d5%    d5AA%      c3%    c3AA%      d4%      c5%      e2%     cl4%
16     1     |   24.245 |   23.716 |   12.572 |   12.571 |   12.495 |   12.545 |   12.519 |   12.582 |   12.498 |   12.509 |   12.516 |   12.547 ||   -2.18  -48.15  -48.15  -48.46  -48.26  -48.36  -48.10  -48.45  -48.41  -48.38  -48.25
       med   |   25.601 |   25.875 |   12.613 |   12.613 |   12.574 |   12.563 |   12.588 |   12.589 |   12.563 |   12.514 |   12.549 |   12.554
32     2     |   23.366 |   23.388 |   13.242 |   13.243 |   13.186 |   13.193 |   13.191 |   13.202 |   13.173 |   13.200 |   13.196 |   13.194 ||   +0.09  -43.33  -43.32  -43.57  -43.54  -43.54  -43.50  -43.62  -43.51  -43.52  -43.54
       med   |   23.613 |   23.969 |   13.246 |   13.306 |   13.236 |   13.198 |   13.210 |   13.208 |   13.187 |   13.212 |   13.202 |   13.200
48     3     |   24.265 |   24.276 |   15.186 |   15.188 |   15.089 |   15.081 |   15.090 |   15.086 |   15.095 |   15.132 |   15.063 |   15.085 ||   +0.04  -37.42  -37.41  -37.82  -37.85  -37.81  -37.83  -37.79  -37.64  -37.92  -37.83
       med   |   24.497 |   25.204 |   15.378 |   15.418 |   15.339 |   15.134 |   15.164 |   15.147 |   15.174 |   15.258 |   15.109 |   15.187
64     4     |   25.130 |   25.107 |   18.625 |   18.630 |   18.272 |   18.267 |   18.266 |   18.279 |   18.246 |   18.236 |   18.276 |   18.350 ||   -0.09  -25.88  -25.86  -27.29  -27.31  -27.31  -27.26  -27.39  -27.43  -27.27  -26.98
       med   |   25.198 |   26.018 |   18.660 |   18.660 |   18.688 |   18.325 |   18.302 |   18.877 |   18.456 |   18.261 |   18.300 |   18.513
80     5     |   25.993 |   26.000 |   25.997 |   25.997 |   26.011 |   26.004 |   25.996 |   25.992 |   25.991 |   25.997 |   25.993 |   26.012 ||   +0.03   +0.01   +0.01   +0.07   +0.04   +0.01   -0.01   -0.01   +0.02   -0.00   +0.07
       med   |   26.289 |   26.960 |   26.173 |   26.286 |   26.621 |   26.484 |   26.459 |   26.082 |   26.071 |   26.730 |   26.020 |   26.461
96     6     |   26.938 |   26.883 |   26.913 |   26.928 |   26.928 |   26.929 |   26.920 |   26.921 |   26.911 |   26.914 |   26.935 |   26.948 ||   -0.21   -0.09   -0.04   -0.04   -0.03   -0.07   -0.06   -0.10   -0.09   -0.01   +0.04
       med   |   27.184 |   27.348 |   27.040 |   27.205 |   27.360 |   27.401 |   27.217 |   27.006 |   26.962 |   27.371 |   26.976 |   27.385
112    7     |   27.456 |   27.459 |   27.532 |   27.525 |   27.515 |   27.521 |   27.510 |   27.519 |   27.514 |   27.519 |   27.485 |   27.419 ||   +0.01   +0.28   +0.25   +0.22   +0.24   +0.20   +0.23   +0.21   +0.23   +0.11   -0.13
       med   |   27.558 |   28.402 |   27.647 |   27.749 |   28.047 |   28.021 |   27.951 |   27.556 |   27.551 |   28.275 |   27.522 |   27.906
128    8     |   25.521 |   25.588 |   25.415 |   25.593 |   25.595 |   25.587 |   25.594 |   25.594 |   25.582 |   25.593 |   25.604 |   25.569 ||   +0.26   -0.42   +0.28   +0.29   +0.26   +0.29   +0.29   +0.24   +0.28   +0.33   +0.19
       med   |   25.869 |   26.232 |   25.615 |   25.774 |   26.042 |   25.900 |   25.870 |   26.006 |   25.611 |   26.305 |   25.626 |   25.792
256    16    |   45.446 |   45.507 |   45.359 |   45.315 |   45.375 |   45.379 |   45.398 |   45.358 |   45.386 |   45.397 |   45.360 |   45.337 ||   +0.13   -0.19   -0.29   -0.16   -0.15   -0.11   -0.19   -0.13   -0.11   -0.19   -0.24
       med   |   46.087 |   46.482 |   45.921 |   46.098 |   46.031 |   46.373 |   46.538 |   45.714 |   46.366 |   46.926 |   45.543 |   46.058
512    32    |   84.388 |   84.378 |   84.423 |   84.514 |   84.396 |   84.457 |   84.382 |   84.358 |   84.318 |   84.425 |   84.479 |   84.508 ||   -0.01   +0.04   +0.15   +0.01   +0.08   -0.01   -0.04   -0.08   +0.04   +0.11   +0.14
       med   |   85.734 |   85.043 |   85.440 |   85.649 |   85.539 |   85.347 |   85.156 |   85.277 |   85.669 |   85.420 |   85.728 |   85.888
1024   64    |  161.906 |  161.571 |  161.735 |  162.103 |  161.964 |  162.012 |  161.942 |  161.678 |  161.927 |  161.688 |  162.027 |  161.707 ||   -0.21   -0.11   +0.12   +0.04   +0.07   +0.02   -0.14   +0.01   -0.13   +0.07   -0.12
       med   |  163.704 |  163.144 |  163.516 |  163.428 |  163.730 |  163.243 |  164.031 |  163.108 |  163.241 |  163.115 |  164.394 |  163.209
4096   256   |  628.395 |  628.583 |  628.778 |  628.693 |  628.812 |  628.790 |  628.822 |  628.561 |  628.713 |  628.821 |  628.629 |  628.618 ||   +0.03   +0.06   +0.05   +0.07   +0.06   +0.07   +0.03   +0.05   +0.07   +0.04   +0.04
       med   |  633.833 |  633.034 |  630.976 |  631.254 |  631.115 |  630.254 |  631.612 |  630.593 |  631.270 |  630.859 |  631.152 |  631.495
=== process binW.order2.1
SELFCHECK OK (256 whole-block lengths 1..256 blk x 12 variants; out/Xi/ivec/ret byte-identical, nothing written past 16*nblk)
bytes  blks  |     base |      cl4 |       e2 |       c5 |       d4 |     c3AA |       c3 |     d5AA |       d5 |     w1AA |       w1 |   baseAA ||     cl4%      e2%      c5%      d4%    c3AA%      c3%    d5AA%      d5%    w1AA%      w1%  baseAA%
16     1     |   25.332 |   12.549 |   12.502 |   12.519 |   12.543 |   12.517 |   12.583 |   12.530 |   12.497 |   12.571 |   12.573 |   25.337 ||  -50.46  -50.65  -50.58  -50.49  -50.59  -50.33  -50.54  -50.67  -50.37  -50.37   +0.02
       med   |   25.633 |   12.559 |   12.545 |   12.530 |   12.563 |   12.587 |   12.588 |   12.563 |   12.563 |   12.612 |   12.613 |   25.600
32     2     |   23.380 |   13.193 |   13.197 |   13.200 |   13.175 |   13.185 |   13.203 |   13.192 |   13.192 |   13.242 |   13.242 |   23.406 ||  -43.57  -43.55  -43.54  -43.65  -43.61  -43.53  -43.57  -43.58  -43.36  -43.36   +0.11
       med   |   23.480 |   13.200 |   13.202 |   13.312 |   13.187 |   13.208 |   13.210 |   13.198 |   13.198 |   13.246 |   13.305 |   23.716
48     3     |   24.253 |   15.088 |   15.078 |   15.175 |   15.090 |   15.092 |   15.090 |   15.078 |   15.078 |   15.185 |   15.188 |   24.251 ||  -37.79  -37.83  -37.43  -37.78  -37.77  -37.78  -37.83  -37.83  -37.39  -37.38   -0.01
       med   |   24.359 |   15.114 |   15.228 |   15.241 |   15.153 |   15.154 |   15.147 |   15.138 |   15.203 |   15.220 |   15.227 |   24.494
64     4     |   25.144 |   18.346 |   18.271 |   18.282 |   18.259 |   18.265 |   18.268 |   18.264 |   18.269 |   18.626 |   18.624 |   25.133 ||  -27.04  -27.34  -27.29  -27.38  -27.36  -27.35  -27.36  -27.34  -25.92  -25.93   -0.05
       med   |   25.321 |   18.372 |   18.293 |   18.302 |   18.306 |   18.305 |   18.303 |   18.292 |   18.469 |   18.650 |   18.760 |   25.429
80     5     |   25.984 |   25.991 |   25.999 |   25.988 |   25.993 |   25.993 |   26.001 |   25.997 |   25.966 |   25.991 |   25.997 |   25.987 ||   +0.03   +0.06   +0.02   +0.04   +0.04   +0.07   +0.05   -0.07   +0.03   +0.05   +0.01
       med   |   26.083 |   26.678 |   26.346 |   26.237 |   26.101 |   26.078 |   26.105 |   26.211 |   26.208 |   26.121 |   26.204 |   26.346
96     6     |   26.891 |   26.928 |   26.938 |   26.895 |   26.935 |   26.923 |   26.930 |   26.923 |   26.748 |   26.915 |   26.916 |   26.880 ||   +0.14   +0.18   +0.02   +0.17   +0.12   +0.15   +0.12   -0.53   +0.09   +0.09   -0.04
       med   |   27.222 |   26.980 |   26.988 |   26.977 |   27.021 |   26.960 |   27.021 |   26.959 |   26.985 |   27.067 |   27.217 |   27.216
112    7     |   27.458 |   27.498 |   27.494 |   27.490 |   27.522 |   27.510 |   27.434 |   27.497 |   27.466 |   27.517 |   27.520 |   27.450 ||   +0.14   +0.13   +0.11   +0.23   +0.19   -0.09   +0.14   +0.03   +0.21   +0.23   -0.03
       med   |   27.733 |   28.177 |   27.530 |   27.520 |   27.623 |   27.554 |   27.569 |   27.555 |   27.745 |   27.595 |   27.736 |   27.786
128    8     |   25.510 |   25.602 |   25.568 |   25.570 |   25.592 |   25.589 |   25.584 |   25.592 |   25.572 |   25.584 |   25.591 |   25.517 ||   +0.36   +0.23   +0.24   +0.32   +0.31   +0.29   +0.32   +0.24   +0.29   +0.32   +0.03
       med   |   25.540 |   26.123 |   25.720 |   25.627 |   25.851 |   25.614 |   25.617 |   25.616 |   25.619 |   25.678 |   25.772 |   25.993
256    16    |   45.415 |   45.347 |   45.403 |   45.339 |   45.359 |   45.372 |   45.366 |   45.546 |   45.362 |   45.473 |   45.351 |   45.497 ||   -0.15   -0.03   -0.17   -0.12   -0.10   -0.11   +0.29   -0.12   +0.13   -0.14   +0.18
       med   |   45.867 |   46.287 |   45.868 |   45.972 |   45.949 |   46.070 |   46.776 |   45.735 |   46.161 |   46.109 |   46.012 |   46.588
512    32    |   84.401 |   84.483 |   84.428 |   84.493 |   84.390 |   84.376 |   84.458 |   84.368 |   84.424 |   84.523 |   84.337 |   84.429 ||   +0.10   +0.03   +0.11   -0.01   -0.03   +0.07   -0.04   +0.03   +0.15   -0.08   +0.03
       med   |   86.049 |   85.524 |   85.266 |   85.699 |   85.431 |   84.970 |   86.316 |   84.595 |   86.394 |   85.478 |   84.744 |   86.388
1024   64    |  161.155 |  161.977 |  162.011 |  162.170 |  161.959 |  161.882 |  161.993 |  161.742 |  162.020 |  162.004 |  161.924 |  162.206 ||   +0.51   +0.53   +0.63   +0.50   +0.45   +0.52   +0.36   +0.54   +0.53   +0.48   +0.65
       med   |  163.611 |  164.130 |  163.117 |  165.270 |  164.698 |  162.937 |  163.561 |  162.808 |  163.464 |  164.444 |  162.867 |  166.851
4096   256   |  627.037 |  628.817 |  628.678 |  627.924 |  628.869 |  628.643 |  628.817 |  628.803 |  628.874 |  628.848 |  628.858 |  628.827 ||   +0.28   +0.26   +0.14   +0.29   +0.26   +0.28   +0.28   +0.29   +0.29   +0.29   +0.29
       med   |  633.144 |  633.869 |  630.941 |  632.428 |  632.432 |  630.410 |  633.135 |  630.713 |  632.713 |  631.449 |  631.607 |  632.889
=== process binW.order2.2
SELFCHECK OK (256 whole-block lengths 1..256 blk x 12 variants; out/Xi/ivec/ret byte-identical, nothing written past 16*nblk)
bytes  blks  |     base |      cl4 |       e2 |       c5 |       d4 |     c3AA |       c3 |     d5AA |       d5 |     w1AA |       w1 |   baseAA ||     cl4%      e2%      c5%      d4%    c3AA%      c3%    d5AA%      d5%    w1AA%      w1%  baseAA%
16     1     |   25.345 |   12.548 |   12.504 |   12.520 |   12.506 |   12.514 |   12.583 |   12.545 |   12.557 |   12.572 |   12.573 |   25.326 ||  -50.49  -50.67  -50.60  -50.66  -50.62  -50.35  -50.50  -50.46  -50.40  -50.39   -0.07
       med   |   25.713 |   12.558 |   12.546 |   12.530 |   12.563 |   12.587 |   12.589 |   12.563 |   12.563 |   12.613 |   12.614 |   25.713
32     2     |   23.358 |   13.194 |   13.197 |   13.200 |   13.183 |   13.186 |   13.203 |   13.194 |   13.193 |   13.243 |   13.242 |   23.398 ||  -43.51  -43.50  -43.49  -43.56  -43.55  -43.48  -43.52  -43.52  -43.31  -43.31   +0.17
       med   |   23.604 |   13.200 |   13.202 |   13.246 |   13.269 |   13.211 |   13.212 |   13.198 |   13.199 |   13.246 |   13.305 |   23.667
48     3     |   24.265 |   15.093 |   15.080 |   15.205 |   15.103 |   15.108 |   15.117 |   15.109 |   15.108 |   15.192 |   15.189 |   24.248 ||  -37.80  -37.85  -37.34  -37.76  -37.74  -37.70  -37.73  -37.74  -37.39  -37.40   -0.07
       med   |   24.510 |   15.123 |   15.221 |   15.273 |   15.176 |   15.186 |   15.175 |   15.165 |   15.235 |   15.223 |   15.334 |   24.746
64     4     |   25.145 |   18.350 |   18.270 |   18.277 |   18.256 |   18.271 |   18.266 |   18.263 |   18.261 |   18.625 |   18.627 |   25.119 ||  -27.02  -27.34  -27.31  -27.40  -27.34  -27.36  -27.37  -27.38  -25.93  -25.92   -0.10
       med   |   25.352 |   18.373 |   18.293 |   18.302 |   18.489 |   18.305 |   18.303 |   18.296 |   18.452 |   18.651 |   18.652 |   25.594
80     5     |   25.985 |   25.993 |   25.996 |   25.989 |   25.994 |   25.998 |   25.995 |   25.996 |   25.967 |   25.995 |   26.003 |   25.990 ||   +0.03   +0.04   +0.02   +0.04   +0.05   +0.04   +0.04   -0.07   +0.04   +0.07   +0.02
       med   |   26.390 |   26.423 |   26.302 |   26.021 |   26.102 |   26.081 |   26.152 |   26.216 |   26.198 |   26.115 |   26.234 |   26.408
96     6     |   26.900 |   26.894 |   26.941 |   26.923 |   26.935 |   26.913 |   26.925 |   26.933 |   26.748 |   26.924 |   26.928 |   26.886 ||   -0.02   +0.15   +0.09   +0.13   +0.05   +0.09   +0.12   -0.56   +0.09   +0.10   -0.05
       med   |   27.186 |   27.360 |   27.239 |   27.215 |   27.024 |   26.960 |   27.018 |   27.179 |   26.981 |   27.229 |   27.222 |   27.264
112    7     |   27.465 |   27.420 |   27.487 |   27.484 |   27.508 |   27.518 |   27.424 |   27.486 |   27.467 |   27.522 |   27.526 |   27.453 ||   -0.17   +0.08   +0.07   +0.15   +0.19   -0.15   +0.08   +0.01   +0.21   +0.22   -0.04
       med   |   27.812 |   28.186 |   27.769 |   27.524 |   27.621 |   27.554 |   27.615 |   27.739 |   27.612 |   27.682 |   27.787 |   27.839
128    8     |   25.523 |   25.571 |   25.558 |   25.583 |   25.596 |   25.568 |   25.587 |   25.590 |   25.587 |   25.573 |   25.600 |   25.525 ||   +0.19   +0.14   +0.23   +0.29   +0.17   +0.25   +0.26   +0.25   +0.20   +0.30   +0.01
       med   |   25.866 |   26.130 |   25.637 |   25.848 |   25.867 |   25.615 |   25.618 |   25.857 |   25.752 |   25.673 |   26.031 |   25.795
256    16    |   45.435 |   45.430 |   45.395 |   45.330 |   45.381 |   45.351 |   45.370 |   45.537 |   45.357 |   45.470 |   45.370 |   45.432 ||   -0.01   -0.09   -0.23   -0.12   -0.18   -0.14   +0.23   -0.17   +0.08   -0.14   -0.01
       med   |   46.320 |   46.291 |   46.120 |   45.839 |   46.098 |   46.097 |   46.626 |   45.791 |   46.112 |   46.163 |   45.734 |   46.664
512    32    |   84.370 |   84.480 |   84.277 |   84.436 |   84.347 |   84.376 |   84.457 |   83.054 |   84.418 |   84.416 |   84.164 |   84.364 ||   +0.13   -0.11   +0.08   -0.03   +0.01   +0.10   -1.56   +0.06   +0.05   -0.24   -0.01
       med   |   85.472 |   85.516 |   84.846 |   85.833 |   85.861 |   84.706 |   85.647 |   84.726 |   85.563 |   85.936 |   84.549 |   86.739
1024   64    |  161.906 |  162.056 |  161.974 |  160.954 |  161.941 |  161.935 |  161.948 |  161.911 |  161.950 |  161.994 |  161.917 |  161.997 ||   +0.09   +0.04   -0.59   +0.02   +0.02   +0.03   +0.00   +0.03   +0.05   +0.01   +0.06
       med   |  164.231 |  164.708 |  162.948 |  164.668 |  163.521 |  163.690 |  164.703 |  163.126 |  165.856 |  162.922 |  163.045 |  163.803
4096   256   |  628.279 |  628.771 |  628.773 |  628.120 |  628.854 |  628.788 |  628.856 |  628.718 |  628.861 |  628.845 |  628.755 |  628.826 ||   +0.08   +0.08   -0.03   +0.09   +0.08   +0.09   +0.07   +0.09   +0.09   +0.08   +0.09
       med   |  633.521 |  632.379 |  631.069 |  632.909 |  633.412 |  630.455 |  632.019 |  630.894 |  631.815 |  632.511 |  631.969 |  632.327
=== process binW.order2.3
SELFCHECK OK (256 whole-block lengths 1..256 blk x 12 variants; out/Xi/ivec/ret byte-identical, nothing written past 16*nblk)
bytes  blks  |     base |      cl4 |       e2 |       c5 |       d4 |     c3AA |       c3 |     d5AA |       d5 |     w1AA |       w1 |   baseAA ||     cl4%      e2%      c5%      d4%    c3AA%      c3%    d5AA%      d5%    w1AA%      w1%  baseAA%
16     1     |   24.883 |   12.493 |   12.524 |   12.523 |   12.500 |   12.516 |   12.581 |   12.498 |   12.557 |   12.572 |   12.572 |   25.349 ||  -49.79  -49.67  -49.67  -49.77  -49.70  -49.44  -49.77  -49.54  -49.47  -49.48   +1.87
       med   |   25.732 |   12.557 |   12.546 |   12.530 |   12.563 |   12.588 |   12.589 |   12.563 |   12.563 |   12.612 |   12.613 |   25.679
32     2     |   23.363 |   13.195 |   13.198 |   13.199 |   13.181 |   13.186 |   13.202 |   13.193 |   13.193 |   13.242 |   13.243 |   23.410 ||  -43.52  -43.51  -43.50  -43.58  -43.56  -43.49  -43.53  -43.53  -43.32  -43.32   +0.20
       med   |   23.612 |   13.199 |   13.202 |   13.309 |   13.187 |   13.209 |   13.209 |   13.198 |   13.199 |   13.246 |   13.306 |   23.687
48     3     |   24.255 |   15.088 |   15.074 |   15.196 |   15.103 |   15.103 |   15.097 |   15.099 |   15.109 |   15.185 |   15.189 |   24.247 ||  -37.80  -37.85  -37.35  -37.73  -37.73  -37.76  -37.75  -37.71  -37.39  -37.38   -0.04
       med   |   24.350 |   15.123 |   15.224 |   15.270 |   15.173 |   15.184 |   15.170 |   15.161 |   15.224 |   15.220 |   15.235 |   24.720
64     4     |   25.103 |   18.349 |   18.273 |   18.282 |   18.249 |   18.269 |   18.272 |   18.265 |   18.272 |   18.627 |   18.622 |   25.144 ||  -26.91  -27.21  -27.17  -27.30  -27.22  -27.21  -27.24  -27.21  -25.80  -25.82   +0.16
       med   |   25.183 |   18.376 |   18.293 |   18.301 |   18.303 |   18.308 |   18.302 |   18.291 |   18.607 |   18.651 |   18.656 |   25.386
80     5     |   25.988 |   26.000 |   25.996 |   25.993 |   25.992 |   25.999 |   25.986 |   25.992 |   25.961 |   25.993 |   26.002 |   25.986 ||   +0.05   +0.03   +0.02   +0.02   +0.04   -0.00   +0.02   -0.10   +0.02   +0.06   -0.00
       med   |   26.433 |   26.681 |   26.336 |   26.253 |   26.025 |   26.082 |   26.071 |   26.069 |   26.206 |   26.065 |   26.324 |   26.354
96     6     |   26.895 |   26.971 |   26.913 |   26.913 |   26.913 |   26.918 |   26.922 |   26.939 |   26.751 |   26.909 |   26.921 |   26.862 ||   +0.28   +0.07   +0.07   +0.07   +0.08   +0.10   +0.16   -0.53   +0.05   +0.09   -0.12
       med   |   27.194 |   27.665 |   26.990 |   27.217 |   27.011 |   26.962 |   26.969 |   27.188 |   27.029 |   27.047 |   27.214 |   27.209
112    7     |   27.458 |   27.414 |   27.489 |   27.486 |   27.515 |   27.517 |   27.511 |   27.500 |   27.464 |   27.415 |   27.525 |   27.454 ||   -0.16   +0.11   +0.10   +0.21   +0.21   +0.19   +0.15   +0.02   -0.16   +0.24   -0.01
       med   |   27.834 |   28.173 |   27.725 |   27.523 |   27.556 |   27.549 |   27.634 |   27.552 |   27.784 |   27.571 |   27.647 |   27.577
128    8     |   25.522 |   25.618 |   25.579 |   25.581 |   25.588 |   25.586 |   25.587 |   25.594 |   25.594 |   25.585 |   25.591 |   25.520 ||   +0.38   +0.23   +0.23   +0.26   +0.25   +0.25   +0.28   +0.28   +0.25   +0.27   -0.01
       med   |   25.854 |   26.130 |   25.809 |   25.859 |   25.859 |   25.616 |   25.616 |   25.879 |   25.938 |   25.617 |   25.777 |   25.946
256    16    |   45.448 |   45.345 |   45.393 |   45.292 |   45.353 |   45.354 |   45.359 |   45.511 |   45.326 |   45.524 |   45.352 |   45.542 ||   -0.23   -0.12   -0.34   -0.21   -0.21   -0.20   +0.14   -0.27   +0.17   -0.21   +0.21
       med   |   45.723 |   46.282 |   45.597 |   45.646 |   46.269 |   46.142 |   46.809 |   45.655 |   45.703 |   46.084 |   46.087 |   46.630
512    32    |   84.406 |   84.479 |   84.392 |   84.196 |   84.409 |   84.397 |   84.441 |   84.405 |   84.353 |   84.416 |   84.143 |   84.415 ||   +0.09   -0.02   -0.25   +0.00   -0.01   +0.04   -0.00   -0.06   +0.01   -0.31   +0.01
       med   |   86.086 |   85.586 |   84.606 |   85.579 |   85.989 |   85.228 |   85.676 |   84.900 |   86.429 |   84.929 |   85.394 |   85.058
1024   64    |  161.882 |  162.070 |  161.923 |  162.151 |  161.955 |  161.933 |  161.976 |  161.895 |  162.045 |  161.857 |  161.714 |  161.967 ||   +0.12   +0.03   +0.17   +0.05   +0.03   +0.06   +0.01   +0.10   -0.02   -0.10   +0.05
       med   |  164.440 |  165.358 |  162.938 |  164.578 |  163.316 |  163.101 |  163.616 |  163.227 |  163.536 |  163.304 |  163.165 |  165.849
4096   256   |  628.213 |  628.587 |  628.774 |  628.266 |  628.756 |  628.785 |  628.663 |  628.721 |  628.504 |  628.881 |  628.783 |  628.787 ||   +0.06   +0.09   +0.01   +0.09   +0.09   +0.07   +0.08   +0.05   +0.11   +0.09   +0.09
       med   |  632.347 |  630.599 |  630.759 |  631.128 |  630.958 |  630.562 |  632.076 |  630.619 |  631.513 |  631.154 |  631.833 |  630.788
=== process binW.order2.4
SELFCHECK OK (256 whole-block lengths 1..256 blk x 12 variants; out/Xi/ivec/ret byte-identical, nothing written past 16*nblk)
bytes  blks  |     base |      cl4 |       e2 |       c5 |       d4 |     c3AA |       c3 |     d5AA |       d5 |     w1AA |       w1 |   baseAA ||     cl4%      e2%      c5%      d4%    c3AA%      c3%    d5AA%      d5%    w1AA%      w1%  baseAA%
16     1     |   25.364 |   12.492 |   12.525 |   12.519 |   12.502 |   12.513 |   12.583 |   12.498 |   12.555 |   12.573 |   12.572 |   25.344 ||  -50.75  -50.62  -50.64  -50.71  -50.66  -50.39  -50.72  -50.50  -50.43  -50.43   -0.08
       med   |   25.733 |   12.561 |   12.546 |   12.531 |   12.563 |   12.587 |   12.589 |   12.563 |   12.563 |   12.613 |   12.613 |   25.672
32     2     |   23.370 |   13.194 |   13.197 |   13.201 |   13.182 |   13.185 |   13.203 |   13.192 |   13.192 |   13.242 |   13.242 |   23.409 ||  -43.54  -43.53  -43.51  -43.60  -43.58  -43.50  -43.55  -43.55  -43.34  -43.34   +0.17
       med   |   23.572 |   13.199 |   13.201 |   13.317 |   13.187 |   13.209 |   13.210 |   13.198 |   13.198 |   13.246 |   13.305 |   23.727
48     3     |   24.262 |   15.084 |   15.070 |   15.196 |   15.116 |   15.112 |   15.107 |   15.107 |   15.100 |   15.189 |   15.185 |   24.253 ||  -37.83  -37.89  -37.37  -37.70  -37.71  -37.74  -37.73  -37.76  -37.40  -37.41   -0.04
       med   |   24.538 |   15.125 |   15.236 |   15.273 |   15.181 |   15.183 |   15.179 |   15.161 |   15.231 |   15.222 |   15.329 |   24.728
64     4     |   25.153 |   18.356 |   18.271 |   18.281 |   18.251 |   18.271 |   18.265 |   18.261 |   18.267 |   18.619 |   18.620 |   25.129 ||  -27.02  -27.36  -27.32  -27.44  -27.36  -27.39  -27.40  -27.37  -25.97  -25.97   -0.09
       med   |   25.388 |   18.603 |   18.292 |   18.301 |   18.302 |   18.307 |   18.303 |   18.291 |   18.462 |   18.649 |   18.652 |   25.394
80     5     |   25.993 |   26.008 |   25.996 |   25.991 |   25.998 |   25.992 |   25.990 |   25.990 |   25.964 |   25.986 |   26.003 |   25.984 ||   +0.06   +0.01   -0.01   +0.02   -0.00   -0.01   -0.01   -0.11   -0.03   +0.04   -0.04
       med   |   26.364 |   26.683 |   26.168 |   26.259 |   26.101 |   26.083 |   26.108 |   26.222 |   26.218 |   26.284 |   26.322 |   26.466
96     6     |   26.857 |   26.943 |   26.881 |   26.920 |   26.937 |   26.920 |   26.934 |   26.916 |   26.751 |   26.916 |   26.923 |   26.886 ||   +0.32   +0.09   +0.23   +0.30   +0.23   +0.28   +0.22   -0.40   +0.22   +0.24   +0.11
       med   |   27.157 |   27.669 |   27.005 |   27.220 |   27.019 |   26.959 |   27.032 |   27.186 |   27.036 |   26.962 |   27.056 |   27.251
112    7     |   27.455 |   27.423 |   27.488 |   27.482 |   27.521 |   27.519 |   27.421 |   27.513 |   27.459 |   27.411 |   27.521 |   27.457 ||   -0.11   +0.12   +0.10   +0.24   +0.24   -0.12   +0.21   +0.02   -0.16   +0.24   +0.01
       med   |   27.779 |   27.924 |   27.536 |   27.579 |   27.556 |   27.556 |   27.626 |   27.648 |   27.783 |   27.601 |   27.774 |   27.613
128    8     |   25.512 |   25.597 |   25.577 |   25.568 |   25.586 |   25.587 |   25.590 |   25.577 |   25.587 |   25.588 |   25.596 |   25.517 ||   +0.33   +0.25   +0.22   +0.29   +0.29   +0.30   +0.26   +0.29   +0.30   +0.33   +0.02
       med   |   25.772 |   26.130 |   25.852 |   25.860 |   25.621 |   25.616 |   25.758 |   25.620 |   25.950 |   25.681 |   26.018 |   25.914
256    16    |   45.454 |   45.361 |   45.397 |   45.327 |   45.378 |   45.342 |   45.363 |   45.555 |   45.336 |   45.439 |   45.351 |   45.442 ||   -0.21   -0.13   -0.28   -0.17   -0.25   -0.20   +0.22   -0.26   -0.03   -0.23   -0.03
       med   |   45.720 |   46.294 |   45.636 |   45.604 |   46.118 |   46.111 |   46.798 |   45.785 |   45.787 |   46.088 |   46.048 |   45.956
512    32    |   84.366 |   84.475 |   84.448 |   84.501 |   84.449 |   84.174 |   84.414 |   84.414 |   84.436 |   84.462 |   84.258 |   84.461 ||   +0.13   +0.10   +0.16   +0.10   -0.23   +0.06   +0.06   +0.08   +0.11   -0.13   +0.11
       med   |   85.509 |   84.691 |   84.764 |   85.721 |   85.857 |   84.667 |   85.514 |   85.201 |   86.498 |   85.590 |   85.402 |   86.835
1024   64    |  161.806 |  161.999 |  161.951 |  161.715 |  161.938 |  161.970 |  162.106 |  161.797 |  161.989 |  161.997 |  161.912 |  161.955 ||   +0.12   +0.09   -0.06   +0.08   +0.10   +0.18   -0.01   +0.11   +0.12   +0.07   +0.09
       med   |  164.132 |  162.314 |  163.256 |  165.369 |  163.051 |  163.331 |  165.026 |  163.367 |  163.876 |  164.573 |  163.568 |  165.817
4096   256   |  628.362 |  628.868 |  628.817 |  628.503 |  628.886 |  628.646 |  628.847 |  628.865 |  628.841 |  628.986 |  628.895 |  628.867 ||   +0.08   +0.07   +0.02   +0.08   +0.05   +0.08   +0.08   +0.08   +0.10   +0.08   +0.08
       med   |  634.487 |  631.224 |  631.005 |  632.365 |  632.367 |  630.510 |  632.138 |  630.828 |  632.785 |  631.258 |  631.787 |  631.948
=== process binW.order2.5
SELFCHECK OK (256 whole-block lengths 1..256 blk x 12 variants; out/Xi/ivec/ret byte-identical, nothing written past 16*nblk)
bytes  blks  |     base |      cl4 |       e2 |       c5 |       d4 |     c3AA |       c3 |     d5AA |       d5 |     w1AA |       w1 |   baseAA ||     cl4%      e2%      c5%      d4%    c3AA%      c3%    d5AA%      d5%    w1AA%      w1%  baseAA%
16     1     |   25.365 |   12.547 |   12.523 |   12.522 |   12.556 |   12.517 |   12.582 |   12.501 |   12.530 |   12.572 |   12.573 |   25.330 ||  -50.53  -50.63  -50.63  -50.50  -50.65  -50.39  -50.72  -50.60  -50.44  -50.43   -0.14
       med   |   25.711 |   12.559 |   12.546 |   12.530 |   12.563 |   12.587 |   12.589 |   12.563 |   12.563 |   12.613 |   12.613 |   25.699
32     2     |   23.353 |   13.194 |   13.197 |   13.202 |   13.177 |   13.186 |   13.203 |   13.194 |   13.194 |   13.242 |   13.243 |   23.408 ||  -43.50  -43.49  -43.47  -43.57  -43.54  -43.46  -43.50  -43.50  -43.29  -43.29   +0.24
       med   |   23.645 |   13.200 |   13.203 |   13.319 |   13.270 |   13.277 |   13.210 |   13.199 |   13.199 |   13.247 |   13.307 |   23.727
48     3     |   24.255 |   15.093 |   15.081 |   15.205 |   15.106 |   15.115 |   15.111 |   15.106 |   15.114 |   15.186 |   15.192 |   24.272 ||  -37.77  -37.83  -37.31  -37.72  -37.68  -37.70  -37.72  -37.69  -37.39  -37.36   +0.07
       med   |   24.360 |   15.125 |   15.229 |   15.276 |   15.177 |   15.180 |   15.178 |   15.166 |   15.250 |   15.224 |   15.334 |   24.715
64     4     |   25.123 |   18.355 |   18.273 |   18.283 |   18.257 |   18.264 |   18.266 |   18.267 |   18.269 |   18.630 |   18.629 |   25.122 ||  -26.94  -27.26  -27.23  -27.33  -27.30  -27.29  -27.29  -27.28  -25.84  -25.85   -0.00
       med   |   25.184 |   18.595 |   18.293 |   18.488 |   18.306 |   18.306 |   18.303 |   18.289 |   18.454 |   18.650 |   18.651 |   25.369
80     5     |   26.001 |   26.000 |   25.999 |   26.001 |   26.002 |   26.007 |   26.004 |   26.002 |   25.968 |   26.006 |   26.011 |   26.003 ||   -0.01   -0.01   -0.00   +0.00   +0.02   +0.01   +0.00   -0.13   +0.02   +0.04   +0.00
       med   |   26.093 |   26.683 |   26.319 |   26.263 |   26.093 |   26.082 |   26.087 |   26.068 |   26.206 |   26.143 |   26.330 |   26.478
96     6     |   26.899 |   26.945 |   26.893 |   26.926 |   26.933 |   26.917 |   26.917 |   26.933 |   26.750 |   26.947 |   26.928 |   26.868 ||   +0.17   -0.02   +0.10   +0.13   +0.07   +0.07   +0.13   -0.55   +0.18   +0.11   -0.11
       med   |   26.974 |   27.658 |   27.036 |   27.222 |   27.004 |   26.967 |   27.032 |   27.190 |   26.991 |   27.241 |   27.058 |   27.018
112    7     |   27.467 |   27.521 |   27.488 |   27.496 |   27.525 |   27.520 |   27.526 |   27.508 |   27.469 |   27.432 |   27.526 |   27.457 ||   +0.19   +0.08   +0.10   +0.21   +0.19   +0.21   +0.15   +0.01   -0.13   +0.21   -0.04
       med   |   27.496 |   28.192 |   27.735 |   27.535 |   27.619 |   27.558 |   27.614 |   27.657 |   27.786 |   27.805 |   27.765 |   27.843
128    8     |   25.524 |   25.477 |   25.617 |   25.579 |   25.608 |   25.608 |   25.574 |   25.607 |   25.602 |   25.603 |   25.610 |   25.530 ||   -0.19   +0.36   +0.21   +0.33   +0.33   +0.20   +0.32   +0.30   +0.31   +0.33   +0.02
       med   |   25.552 |   26.143 |   25.650 |   25.647 |   25.629 |   25.633 |   25.685 |   25.672 |   25.774 |   25.874 |   25.826 |   26.052
256    16    |   45.438 |   45.358 |   45.409 |   45.338 |   45.371 |   45.369 |   45.362 |   45.572 |   45.382 |   45.477 |   45.371 |   45.534 ||   -0.18   -0.07   -0.22   -0.15   -0.15   -0.17   +0.29   -0.12   +0.08   -0.15   +0.21
       med   |   46.228 |   46.246 |   45.885 |   46.187 |   45.931 |   46.123 |   46.791 |   45.721 |   46.134 |   46.214 |   46.043 |   46.634
512    32    |   84.370 |   84.501 |   84.396 |   84.535 |   84.414 |   84.342 |   84.432 |   84.363 |   84.434 |   84.374 |   84.324 |   84.468 ||   +0.15   +0.03   +0.19   +0.05   -0.03   +0.07   -0.01   +0.07   +0.00   -0.06   +0.12
       med   |   85.786 |   85.498 |   85.365 |   86.147 |   85.598 |   84.697 |   86.640 |   84.762 |   86.465 |   85.484 |   84.603 |   86.722
1024   64    |  161.908 |  161.806 |  162.002 |  161.825 |  161.949 |  161.859 |  161.979 |  161.828 |  162.006 |  162.029 |  161.924 |  162.029 ||   -0.06   +0.06   -0.05   +0.03   -0.03   +0.04   -0.05   +0.06   +0.07   +0.01   +0.07
       med   |  163.540 |  165.732 |  163.097 |  163.574 |  164.788 |  163.001 |  163.393 |  162.222 |  165.476 |  163.931 |  162.993 |  165.481
4096   256   |  628.231 |  628.293 |  628.698 |  628.309 |  628.889 |  628.695 |  628.879 |  628.825 |  628.888 |  628.880 |  628.845 |  628.606 ||   +0.01   +0.07   +0.01   +0.10   +0.07   +0.10   +0.09   +0.10   +0.10   +0.10   +0.06
       med   |  633.107 |  633.039 |  631.138 |  632.245 |  631.596 |  630.169 |  632.063 |  630.625 |  631.936 |  631.534 |  632.134 |  631.564
=== process binW.order3.1
SELFCHECK OK (256 whole-block lengths 1..256 blk x 12 variants; out/Xi/ivec/ret byte-identical, nothing written past 16*nblk)
bytes  blks  |     base |       c3 |     c3AA |       d4 |       c5 |       e2 |      cl4 |   baseAA |       w1 |     w1AA |       d5 |     d5AA ||      c3%    c3AA%      d4%      c5%      e2%     cl4%  baseAA%      w1%    w1AA%      d5%    d5AA%
16     1     |   23.785 |   12.509 |   12.524 |   12.496 |   12.523 |   12.513 |   12.525 |   25.320 |   12.559 |   12.590 |   12.514 |   12.499 ||  -47.41  -47.34  -47.46  -47.35  -47.39  -47.34   +6.46  -47.20  -47.07  -47.39  -47.45
       med   |   25.704 |   12.548 |   12.545 |   12.529 |   12.530 |   12.587 |   12.561 |   25.629 |   12.597 |   12.597 |   12.531 |   12.528
32     2     |   23.345 |   13.192 |   13.189 |   13.169 |   13.199 |   13.197 |   13.204 |   23.406 |   13.236 |   13.227 |   13.186 |   13.187 ||  -43.49  -43.50  -43.59  -43.46  -43.47  -43.44   +0.26  -43.30  -43.34  -43.52  -43.51
       med   |   23.647 |   13.203 |   13.203 |   13.184 |   13.205 |   13.207 |   13.210 |   23.636 |   13.240 |   13.239 |   13.192 |   13.193
48     3     |   24.241 |   15.082 |   15.094 |   15.156 |   15.190 |   15.076 |   15.094 |   24.252 |   15.209 |   15.202 |   15.089 |   15.090 ||  -37.78  -37.74  -37.48  -37.34  -37.81  -37.74   +0.04  -37.26  -37.29  -37.75  -37.75
       med   |   24.348 |   15.141 |   15.226 |   15.263 |   15.263 |   15.178 |   15.139 |   24.508 |   15.667 |   15.237 |   15.135 |   15.149
64     4     |   25.155 |   18.291 |   18.289 |   18.286 |   18.283 |   18.245 |   18.343 |   25.104 |   18.649 |   18.646 |   18.311 |   18.309 ||  -27.29  -27.30  -27.31  -27.32  -27.47  -27.08   -0.20  -25.86  -25.88  -27.21  -27.22
       med   |   25.409 |   18.307 |   18.307 |   18.306 |   18.304 |   18.466 |   18.361 |   25.354 |   19.046 |   18.668 |   18.330 |   18.329
80     5     |   25.991 |   25.994 |   26.002 |   25.993 |   25.993 |   25.991 |   26.000 |   25.987 |   25.982 |   26.001 |   25.988 |   26.004 ||   +0.01   +0.04   +0.01   +0.01   +0.00   +0.03   -0.01   -0.03   +0.04   -0.01   +0.05
       med   |   26.108 |   26.678 |   26.326 |   26.026 |   26.045 |   26.313 |   26.481 |   26.021 |   26.025 |   26.591 |   26.021 |   26.434
96     6     |   26.921 |   26.946 |   26.886 |   26.902 |   26.944 |   26.918 |   26.928 |   26.738 |   26.926 |   26.962 |   26.890 |   26.929 ||   +0.09   -0.13   -0.07   +0.08   -0.01   +0.03   -0.68   +0.02   +0.15   -0.11   +0.03
       med   |   26.976 |   27.657 |   27.034 |   26.981 |   26.976 |   27.055 |   27.215 |   27.185 |   26.975 |   27.470 |   26.975 |   27.038
112    7     |   27.454 |   27.423 |   27.479 |   27.490 |   27.472 |   27.515 |   27.440 |   27.437 |   27.489 |   27.490 |   27.489 |   27.419 ||   -0.11   +0.09   +0.13   +0.06   +0.22   -0.05   -0.06   +0.13   +0.13   +0.13   -0.13
       med   |   27.554 |   28.179 |   27.773 |   27.712 |   27.524 |   27.618 |   27.629 |   27.786 |   27.520 |   27.817 |   27.529 |   27.589
128    8     |   25.515 |   25.610 |   25.581 |   25.565 |   25.578 |   25.589 |   25.586 |   25.511 |   25.567 |   25.381 |   25.606 |   25.603 ||   +0.37   +0.26   +0.19   +0.25   +0.29   +0.28   -0.01   +0.21   -0.53   +0.36   +0.34
       med   |   25.935 |   26.129 |   25.851 |   25.634 |   25.624 |   25.886 |   25.762 |   25.780 |   25.625 |   26.164 |   25.625 |   25.796
256    16    |   45.445 |   45.356 |   45.403 |   45.316 |   45.288 |   45.327 |   45.446 |   45.484 |   45.372 |   45.364 |   45.358 |   45.340 ||   -0.19   -0.09   -0.28   -0.35   -0.26   +0.00   +0.09   -0.16   -0.18   -0.19   -0.23
       med   |   45.876 |   46.266 |   45.772 |   45.881 |   45.460 |   46.054 |   46.841 |   45.697 |   45.591 |   46.597 |   45.694 |   45.998
512    32    |   84.378 |   84.453 |   84.393 |   84.258 |   84.405 |   84.371 |   84.561 |   84.404 |   84.369 |   84.484 |   84.209 |   84.681 ||   +0.09   +0.02   -0.14   +0.03   -0.01   +0.22   +0.03   -0.01   +0.13   -0.20   +0.36
       med   |   85.532 |   85.218 |   84.765 |   85.613 |   84.976 |   84.879 |   85.844 |   85.463 |   85.378 |   85.789 |   85.607 |   85.498
1024   64    |  161.857 |  162.054 |  161.963 |  161.021 |  161.994 |  162.012 |  161.964 |  161.998 |  161.824 |  162.042 |  162.048 |  162.153 ||   +0.12   +0.07   -0.52   +0.09   +0.10   +0.07   +0.09   -0.02   +0.11   +0.12   +0.18
       med   |  163.022 |  165.695 |  163.185 |  163.998 |  162.927 |  163.610 |  163.439 |  164.245 |  163.577 |  165.463 |  164.385 |  165.519
4096   256   |  628.410 |  628.678 |  628.678 |  628.510 |  628.812 |  628.471 |  628.937 |  628.702 |  628.665 |  628.894 |  628.289 |  628.922 ||   +0.04   +0.04   +0.02   +0.06   +0.01   +0.08   +0.05   +0.04   +0.08   -0.02   +0.08
       med   |  633.284 |  631.954 |  631.006 |  631.976 |  632.130 |  630.462 |  632.229 |  633.374 |  633.493 |  631.876 |  630.891 |  631.271
=== process binW.order3.2
SELFCHECK OK (256 whole-block lengths 1..256 blk x 12 variants; out/Xi/ivec/ret byte-identical, nothing written past 16*nblk)
bytes  blks  |     base |       c3 |     c3AA |       d4 |       c5 |       e2 |      cl4 |   baseAA |       w1 |     w1AA |       d5 |     d5AA ||      c3%    c3AA%      d4%      c5%      e2%     cl4%  baseAA%      w1%    w1AA%      d5%    d5AA%
16     1     |   23.630 |   12.542 |   12.502 |   12.496 |   12.518 |   12.515 |   12.555 |   25.338 |   12.591 |   12.531 |   12.513 |   12.520 ||  -46.92  -47.09  -47.12  -47.03  -47.04  -46.87   +7.23  -46.72  -46.97  -47.04  -47.01
       med   |   25.727 |   12.548 |   12.546 |   12.529 |   12.530 |   12.587 |   12.561 |   25.573 |   12.598 |   12.596 |   12.544 |   12.529
32     2     |   23.421 |   13.193 |   13.193 |   13.167 |   13.199 |   13.195 |   13.203 |   23.409 |   13.236 |   13.232 |   13.187 |   13.187 ||  -43.67  -43.67  -43.78  -43.65  -43.66  -43.63   -0.05  -43.49  -43.50  -43.70  -43.70
       med   |   23.686 |   13.203 |   13.202 |   13.184 |   13.205 |   13.206 |   13.209 |   23.636 |   13.240 |   13.239 |   13.192 |   13.192
48     3     |   24.280 |   15.080 |   15.086 |   15.134 |   15.185 |   15.081 |   15.092 |   24.253 |   15.196 |   15.191 |   15.094 |   15.079 ||  -37.89  -37.87  -37.67  -37.46  -37.89  -37.84   -0.11  -37.41  -37.43  -37.83  -37.89
       med   |   24.550 |   15.139 |   15.332 |   15.217 |   15.271 |   15.166 |   15.138 |   24.502 |   15.635 |   15.349 |   15.140 |   15.138
64     4     |   25.146 |   18.286 |   18.291 |   18.279 |   18.283 |   18.241 |   18.341 |   25.061 |   18.650 |   18.643 |   18.309 |   18.309 ||  -27.28  -27.26  -27.31  -27.29  -27.46  -27.06   -0.34  -25.83  -25.86  -27.19  -27.19
       med   |   25.419 |   18.307 |   18.309 |   18.309 |   18.510 |   18.468 |   18.361 |   25.360 |   19.053 |   18.930 |   18.328 |   18.330
80     5     |   25.999 |   25.994 |   25.988 |   25.994 |   25.989 |   25.996 |   26.007 |   25.987 |   25.993 |   25.998 |   25.990 |   26.009 ||   -0.02   -0.04   -0.02   -0.04   -0.01   +0.03   -0.05   -0.02   -0.00   -0.03   +0.04
       med   |   26.400 |   26.681 |   26.275 |   26.257 |   26.027 |   26.139 |   26.308 |   26.253 |   26.021 |   26.328 |   26.019 |   26.464
96     6     |   26.912 |   26.965 |   26.930 |   26.876 |   26.925 |   26.919 |   26.920 |   26.780 |   26.938 |   26.907 |   26.919 |   26.962 ||   +0.20   +0.07   -0.13   +0.05   +0.03   +0.03   -0.49   +0.10   -0.02   +0.02   +0.19
       med   |   27.257 |   27.620 |   26.988 |   26.982 |   26.978 |   26.969 |   27.203 |   27.171 |   26.973 |   27.466 |   26.975 |   27.388
112    7     |   27.462 |   27.422 |   27.486 |   27.489 |   27.487 |   27.524 |   27.525 |   27.449 |   27.484 |   27.490 |   27.487 |   27.426 ||   -0.15   +0.09   +0.10   +0.09   +0.22   +0.23   -0.05   +0.08   +0.10   +0.09   -0.13
       med   |   27.826 |   28.179 |   27.789 |   27.741 |   27.521 |   27.754 |   27.767 |   27.768 |   27.520 |   27.813 |   27.526 |   27.905
128    8     |   25.521 |   25.610 |   25.597 |   25.579 |   25.596 |   25.592 |   25.571 |   25.516 |   25.553 |   25.374 |   25.569 |   25.577 ||   +0.35   +0.30   +0.23   +0.30   +0.28   +0.20   -0.02   +0.13   -0.57   +0.19   +0.22
       med   |   25.952 |   26.130 |   25.805 |   25.850 |   25.627 |   25.880 |   25.765 |   25.813 |   25.624 |   26.102 |   25.626 |   25.796
256    16    |   45.431 |   45.382 |   45.349 |   45.331 |   45.311 |   45.350 |   45.361 |   45.537 |   45.353 |   45.335 |   45.365 |   45.327 ||   -0.11   -0.18   -0.22   -0.26   -0.18   -0.15   +0.23   -0.17   -0.21   -0.14   -0.23
       med   |   46.264 |   46.182 |   45.602 |   46.148 |   45.449 |   46.210 |   46.779 |   45.775 |   45.517 |   46.296 |   45.466 |   46.234
512    32    |   84.376 |   84.422 |   84.417 |   84.026 |   84.450 |   84.365 |   84.409 |   84.426 |   84.432 |   84.488 |   84.457 |   84.398 ||   +0.05   +0.05   -0.42   +0.09   -0.01   +0.04   +0.06   +0.07   +0.13   +0.09   +0.03
       med   |   85.209 |   85.436 |   85.301 |   85.468 |   85.436 |   84.939 |   86.315 |   85.520 |   85.974 |   85.669 |   85.618 |   84.790
1024   64    |  161.941 |  161.957 |  162.017 |  161.029 |  161.901 |  161.968 |  161.968 |  161.905 |  162.008 |  161.614 |  161.759 |  161.993 ||   +0.01   +0.05   -0.56   -0.02   +0.02   +0.02   -0.02   +0.04   -0.20   -0.11   +0.03
       med   |  163.719 |  164.999 |  162.948 |  165.429 |  163.095 |  163.566 |  163.412 |  163.215 |  163.912 |  163.311 |  164.084 |  163.429
4096   256   |  628.371 |  628.646 |  628.811 |  628.429 |  628.718 |  628.781 |  629.010 |  628.809 |  628.799 |  628.549 |  628.699 |  628.745 ||   +0.04   +0.07   +0.01   +0.06   +0.07   +0.10   +0.07   +0.07   +0.03   +0.05   +0.06
       med   |  635.008 |  633.192 |  631.402 |  632.913 |  632.111 |  630.614 |  632.025 |  633.027 |  633.445 |  631.209 |  631.463 |  631.166
=== process binW.order3.3
SELFCHECK OK (256 whole-block lengths 1..256 blk x 12 variants; out/Xi/ivec/ret byte-identical, nothing written past 16*nblk)
bytes  blks  |     base |       c3 |     c3AA |       d4 |       c5 |       e2 |      cl4 |   baseAA |       w1 |     w1AA |       d5 |     d5AA ||      c3%    c3AA%      d4%      c5%      e2%     cl4%  baseAA%      w1%    w1AA%      d5%    d5AA%
16     1     |   25.341 |   12.510 |   12.518 |   12.496 |   12.523 |   12.516 |   12.553 |   25.332 |   12.560 |   12.536 |   12.482 |   12.500 ||  -50.63  -50.60  -50.69  -50.58  -50.61  -50.46   -0.03  -50.44  -50.53  -50.74  -50.67
       med   |   25.716 |   12.548 |   12.546 |   12.529 |   12.530 |   12.586 |   12.561 |   25.534 |   12.618 |   12.598 |   12.544 |   12.529
32     2     |   23.391 |   13.194 |   13.188 |   13.171 |   13.198 |   13.197 |   13.204 |   23.403 |   13.235 |   13.234 |   13.187 |   13.188 ||  -43.59  -43.62  -43.69  -43.58  -43.58  -43.55   +0.05  -43.42  -43.42  -43.62  -43.62
       med   |   23.643 |   13.203 |   13.203 |   13.184 |   13.205 |   13.207 |   13.210 |   23.451 |   13.241 |   13.239 |   13.192 |   13.192
48     3     |   24.259 |   15.083 |   15.086 |   15.176 |   15.203 |   15.077 |   15.090 |   24.251 |   15.210 |   15.199 |   15.082 |   15.087 ||  -37.82  -37.81  -37.44  -37.33  -37.85  -37.80   -0.03  -37.30  -37.35  -37.83  -37.81
       med   |   24.497 |   15.138 |   15.234 |   15.262 |   15.269 |   15.169 |   15.137 |   24.512 |   15.664 |   15.235 |   15.135 |   15.141
64     4     |   25.120 |   18.287 |   18.289 |   18.287 |   18.282 |   18.243 |   18.345 |   25.050 |   18.646 |   18.645 |   18.311 |   18.310 ||  -27.20  -27.19  -27.20  -27.22  -27.37  -26.97   -0.28  -25.77  -25.77  -27.11  -27.11
       med   |   25.394 |   18.310 |   18.308 |   18.304 |   18.303 |   18.467 |   18.361 |   25.181 |   19.047 |   18.668 |   18.328 |   18.332
80     5     |   25.980 |   26.000 |   25.993 |   25.992 |   25.991 |   25.992 |   25.995 |   25.987 |   25.994 |   25.998 |   25.992 |   25.997 ||   +0.08   +0.05   +0.04   +0.04   +0.05   +0.06   +0.03   +0.05   +0.07   +0.05   +0.06
       med   |   26.085 |   26.317 |   26.329 |   26.247 |   26.038 |   26.086 |   26.129 |   26.088 |   26.027 |   26.580 |   26.101 |   26.449
96     6     |   26.898 |   26.896 |   26.893 |   26.885 |   26.885 |   26.918 |   26.929 |   26.759 |   26.934 |   26.889 |   26.883 |   26.950 ||   -0.01   -0.02   -0.05   -0.05   +0.08   +0.12   -0.52   +0.14   -0.03   -0.06   +0.19
       med   |   27.219 |   27.231 |   27.171 |   26.981 |   26.976 |   26.968 |   27.273 |   27.194 |   26.973 |   27.242 |   26.973 |   27.382
112    7     |   27.458 |   27.401 |   27.492 |   27.493 |   27.483 |   27.507 |   27.529 |   27.460 |   27.484 |   27.486 |   27.488 |   27.407 ||   -0.21   +0.12   +0.12   +0.09   +0.18   +0.26   +0.01   +0.09   +0.10   +0.11   -0.19
       med   |   27.771 |   27.777 |   27.695 |   27.729 |   27.521 |   27.588 |   27.854 |   27.792 |   27.521 |   27.795 |   27.529 |   27.585
128    8     |   25.514 |   25.571 |   25.578 |   25.571 |   25.576 |   25.584 |   25.562 |   25.516 |   25.552 |   25.378 |   25.600 |   25.556 ||   +0.22   +0.25   +0.22   +0.24   +0.27   +0.19   +0.01   +0.15   -0.53   +0.34   +0.17
       med   |   25.545 |   25.764 |   25.776 |   25.626 |   25.625 |   25.883 |   25.886 |   25.790 |   25.624 |   25.828 |   25.625 |   25.795
256    16    |   45.453 |   45.417 |   45.411 |   45.319 |   45.346 |   45.356 |   45.340 |   45.457 |   45.354 |   45.359 |   45.348 |   45.367 ||   -0.08   -0.09   -0.29   -0.24   -0.21   -0.25   +0.01   -0.22   -0.21   -0.23   -0.19
       med   |   46.326 |   46.248 |   45.610 |   45.955 |   45.469 |   46.155 |   46.837 |   45.640 |   45.569 |   46.698 |   45.851 |   45.988
512    32    |   84.318 |   84.468 |   84.371 |   84.521 |   84.455 |   84.379 |   84.395 |   84.393 |   84.379 |   84.451 |   84.482 |   84.439 ||   +0.18   +0.06   +0.24   +0.16   +0.07   +0.09   +0.09   +0.07   +0.16   +0.19   +0.14
       med   |   85.110 |   85.430 |   85.089 |   85.539 |   84.966 |   85.048 |   85.508 |   85.498 |   86.150 |   85.775 |   85.730 |   84.781
1024   64    |  161.959 |  161.990 |  161.851 |  161.096 |  162.065 |  161.810 |  161.946 |  161.964 |  161.850 |  161.946 |  161.812 |  161.775 ||   +0.02   -0.07   -0.53   +0.07   -0.09   -0.01   +0.00   -0.07   -0.01   -0.09   -0.11
       med   |  164.766 |  164.023 |  162.939 |  164.981 |  164.315 |  162.673 |  164.234 |  164.078 |  166.148 |  163.582 |  163.674 |  162.341
4096   256   |  628.694 |  628.777 |  628.717 |  628.689 |  628.807 |  628.611 |  629.029 |  628.712 |  628.762 |  628.380 |  628.521 |  628.923 ||   +0.01   +0.00   -0.00   +0.02   -0.01   +0.05   +0.00   +0.01   -0.05   -0.03   +0.04
       med   |  633.833 |  631.990 |  631.206 |  632.471 |  631.792 |  630.566 |  631.936 |  633.375 |  632.712 |  630.967 |  630.630 |  630.853
=== process binW.order3.4
SELFCHECK OK (256 whole-block lengths 1..256 blk x 12 variants; out/Xi/ivec/ret byte-identical, nothing written past 16*nblk)
bytes  blks  |     base |       c3 |     c3AA |       d4 |       c5 |       e2 |      cl4 |   baseAA |       w1 |     w1AA |       d5 |     d5AA ||      c3%    c3AA%      d4%      c5%      e2%     cl4%  baseAA%      w1%    w1AA%      d5%    d5AA%
16     1     |   25.336 |   12.533 |   12.503 |   12.522 |   12.523 |   12.516 |   12.530 |   25.321 |   12.562 |   12.535 |   12.513 |   12.493 ||  -50.53  -50.65  -50.57  -50.57  -50.60  -50.55   -0.06  -50.42  -50.53  -50.61  -50.69
       med   |   25.627 |   12.547 |   12.545 |   12.529 |   12.589 |   12.587 |   12.561 |   25.498 |   12.598 |   12.597 |   12.543 |   12.530
32     2     |   23.359 |   13.188 |   13.188 |   13.165 |   13.200 |   13.197 |   13.204 |   23.411 |   13.236 |   13.233 |   13.186 |   13.187 ||  -43.54  -43.54  -43.64  -43.49  -43.50  -43.47   +0.22  -43.34  -43.35  -43.55  -43.55
       med   |   23.632 |   13.203 |   13.204 |   13.183 |   13.205 |   13.207 |   13.209 |   23.631 |   13.240 |   13.239 |   13.192 |   13.192
48     3     |   24.239 |   15.079 |   15.082 |   15.116 |   15.173 |   15.063 |   15.082 |   24.259 |   15.206 |   15.200 |   15.070 |   15.071 ||  -37.79  -37.78  -37.64  -37.40  -37.85  -37.78   +0.08  -37.27  -37.29  -37.83  -37.82
       med   |   24.348 |   15.119 |   15.229 |   15.245 |   15.243 |   15.164 |   15.122 |   24.504 |   15.665 |   15.235 |   15.120 |   15.130
64     4     |   25.156 |   18.287 |   18.290 |   18.283 |   18.282 |   18.247 |   18.336 |   25.058 |   18.646 |   18.645 |   18.306 |   18.308 ||  -27.31  -27.29  -27.32  -27.33  -27.47  -27.11   -0.39  -25.88  -25.88  -27.23  -27.22
       med   |   25.388 |   18.310 |   18.308 |   18.302 |   18.304 |   18.465 |   18.361 |   25.358 |   19.046 |   18.668 |   18.328 |   18.329
80     5     |   25.983 |   25.998 |   25.998 |   25.990 |   26.000 |   25.993 |   26.001 |   25.989 |   25.984 |   26.004 |   25.992 |   25.995 ||   +0.06   +0.06   +0.03   +0.06   +0.04   +0.07   +0.02   +0.00   +0.08   +0.03   +0.05
       med   |   26.312 |   26.679 |   26.180 |   26.233 |   26.125 |   26.187 |   26.316 |   26.261 |   26.023 |   26.581 |   26.024 |   26.440
96     6     |   26.925 |   26.942 |   26.902 |   26.886 |   26.917 |   26.921 |   26.927 |   26.796 |   26.906 |   26.960 |   26.885 |   26.940 ||   +0.06   -0.09   -0.14   -0.03   -0.02   +0.00   -0.48   -0.07   +0.13   -0.15   +0.05
       med   |   27.211 |   27.641 |   27.124 |   27.215 |   26.974 |   26.965 |   27.194 |   27.173 |   26.975 |   27.467 |   26.975 |   27.271
112    7     |   27.462 |   27.435 |   27.490 |   27.496 |   27.486 |   27.517 |   27.518 |   27.427 |   27.484 |   27.486 |   27.494 |   27.393 ||   -0.10   +0.10   +0.13   +0.09   +0.20   +0.21   -0.13   +0.08   +0.09   +0.12   -0.25
       med   |   27.737 |   27.860 |   27.548 |   27.527 |   27.522 |   27.580 |   27.558 |   27.773 |   27.519 |   27.536 |   27.521 |   27.740
128    8     |   25.516 |   25.570 |   25.566 |   25.556 |   25.586 |   25.584 |   25.576 |   25.519 |   25.580 |   25.388 |   25.584 |   25.579 ||   +0.21   +0.19   +0.15   +0.27   +0.26   +0.23   +0.01   +0.25   -0.50   +0.26   +0.24
       med   |   25.543 |   25.633 |   25.632 |   25.626 |   25.627 |   25.670 |   26.110 |   25.545 |   25.625 |   26.041 |   25.633 |   25.797
256    16    |   45.451 |   45.348 |   45.406 |   45.351 |   45.344 |   45.369 |   45.353 |   45.549 |   45.352 |   45.517 |   45.367 |   45.322 ||   -0.23   -0.10   -0.22   -0.24   -0.18   -0.22   +0.22   -0.22   +0.15   -0.18   -0.28
       med   |   45.859 |   46.082 |   45.736 |   45.885 |   45.555 |   46.007 |   46.821 |   45.763 |   45.927 |   46.545 |   45.867 |   46.269
512    32    |   84.367 |   84.443 |   84.432 |   84.525 |   84.399 |   84.358 |   84.422 |   84.399 |   84.388 |   84.478 |   84.457 |   84.555 ||   +0.09   +0.08   +0.19   +0.04   -0.01   +0.07   +0.04   +0.03   +0.13   +0.11   +0.22
       med   |   85.397 |   85.432 |   85.368 |   85.557 |   84.737 |   85.420 |   86.532 |   85.176 |   85.883 |   85.960 |   85.788 |   85.823
1024   64    |  161.942 |  162.008 |  161.903 |  160.273 |  162.004 |  161.867 |  161.993 |  161.912 |  161.968 |  162.028 |  162.047 |  161.821 ||   +0.04   -0.02   -1.03   +0.04   -0.05   +0.03   -0.02   +0.02   +0.05   +0.06   -0.07
       med   |  165.967 |  164.056 |  162.992 |  165.112 |  163.000 |  163.229 |  165.695 |  162.993 |  163.909 |  163.274 |  164.375 |  164.231
4096   256   |  628.207 |  628.687 |  628.710 |  628.689 |  628.821 |  628.774 |  628.803 |  628.840 |  628.744 |  628.823 |  628.271 |  628.984 ||   +0.08   +0.08   +0.08   +0.10   +0.09   +0.09   +0.10   +0.09   +0.10   +0.01   +0.12
       med   |  634.011 |  632.487 |  630.732 |  632.675 |  632.223 |  631.645 |  633.884 |  631.591 |  633.398 |  631.558 |  630.862 |  631.995
=== process binW.order3.5
SELFCHECK OK (256 whole-block lengths 1..256 blk x 12 variants; out/Xi/ivec/ret byte-identical, nothing written past 16*nblk)
bytes  blks  |     base |       c3 |     c3AA |       d4 |       c5 |       e2 |      cl4 |   baseAA |       w1 |     w1AA |       d5 |     d5AA ||      c3%    c3AA%      d4%      c5%      e2%     cl4%  baseAA%      w1%    w1AA%      d5%    d5AA%
16     1     |   25.285 |   12.543 |   12.498 |   12.498 |   12.520 |   12.514 |   12.555 |   25.322 |   12.590 |   12.551 |   12.513 |   12.521 ||  -50.40  -50.57  -50.57  -50.49  -50.51  -50.35   +0.15  -50.21  -50.36  -50.51  -50.48
       med   |   25.497 |   12.548 |   12.548 |   12.529 |   12.530 |   12.587 |   12.561 |   25.503 |   12.601 |   12.596 |   12.543 |   12.528
32     2     |   23.370 |   13.193 |   13.192 |   13.167 |   13.197 |   13.195 |   13.204 |   23.407 |   13.236 |   13.233 |   13.187 |   13.187 ||  -43.55  -43.55  -43.66  -43.53  -43.54  -43.50   +0.16  -43.36  -43.38  -43.57  -43.57
       med   |   23.458 |   13.203 |   13.203 |   13.183 |   13.205 |   13.207 |   13.210 |   23.452 |   13.241 |   13.239 |   13.192 |   13.193
48     3     |   24.247 |   15.084 |   15.080 |   15.153 |   15.178 |   15.072 |   15.080 |   24.259 |   15.215 |   15.197 |   15.078 |   15.071 ||  -37.79  -37.81  -37.50  -37.40  -37.84  -37.81   +0.05  -37.25  -37.32  -37.82  -37.84
       med   |   24.544 |   15.120 |   15.226 |   15.261 |   15.237 |   15.164 |   15.122 |   24.506 |   15.668 |   15.235 |   15.118 |   15.128
64     4     |   25.150 |   18.290 |   18.287 |   18.280 |   18.287 |   18.244 |   18.341 |   25.054 |   18.651 |   18.650 |   18.306 |   18.306 ||  -27.28  -27.29  -27.32  -27.29  -27.46  -27.07   -0.38  -25.84  -25.84  -27.21  -27.21
       med   |   25.424 |   18.307 |   18.312 |   18.307 |   18.514 |   18.276 |   18.363 |   25.188 |   19.054 |   18.993 |   18.327 |   18.330
80     5     |   25.993 |   25.998 |   25.999 |   25.993 |   25.997 |   25.998 |   25.989 |   25.985 |   25.993 |   25.990 |   25.986 |   26.003 ||   +0.02   +0.02   -0.00   +0.02   +0.02   -0.01   -0.03   +0.00   -0.01   -0.03   +0.04
       med   |   26.361 |   26.319 |   26.309 |   26.238 |   26.127 |   26.123 |   26.544 |   26.243 |   26.022 |   26.770 |   26.022 |   26.454
96     6     |   26.913 |   26.916 |   26.924 |   26.891 |   26.937 |   26.908 |   26.936 |   26.746 |   26.915 |   26.936 |   26.888 |   26.933 ||   +0.01   +0.04   -0.08   +0.09   -0.02   +0.09   -0.62   +0.01   +0.09   -0.09   +0.08
       med   |   27.205 |   27.227 |   26.995 |   27.198 |   26.976 |   26.966 |   27.404 |   27.144 |   26.973 |   27.673 |   26.974 |   27.027
112    7     |   27.457 |   27.409 |   27.485 |   27.493 |   27.491 |   27.518 |   27.521 |   27.453 |   27.481 |   27.501 |   27.494 |   27.395 ||   -0.18   +0.10   +0.13   +0.12   +0.22   +0.23   -0.02   +0.08   +0.16   +0.13   -0.23
       med   |   27.770 |   27.728 |   27.753 |   27.714 |   27.524 |   27.610 |   28.065 |   27.792 |   27.522 |   28.244 |   27.523 |   27.587
128    8     |   25.523 |   25.607 |   25.568 |   25.555 |   25.597 |   25.576 |   25.592 |   25.524 |   25.555 |   25.617 |   25.598 |   25.577 ||   +0.33   +0.18   +0.13   +0.29   +0.21   +0.27   +0.01   +0.13   +0.37   +0.30   +0.21
       med   |   25.959 |   26.132 |   25.646 |   25.868 |   25.625 |   25.618 |   26.032 |   25.860 |   25.624 |   26.278 |   25.779 |   25.796
256    16    |   45.456 |   45.363 |   45.409 |   45.345 |   45.343 |   45.358 |   45.375 |   45.559 |   45.362 |   45.387 |   45.367 |   45.389 ||   -0.20   -0.10   -0.24   -0.25   -0.22   -0.18   +0.23   -0.21   -0.15   -0.20   -0.15
       med   |   46.284 |   46.027 |   45.770 |   45.971 |   45.479 |   46.129 |   46.574 |   45.790 |   45.980 |   46.277 |   45.669 |   46.011
512    32    |   84.375 |   84.493 |   84.458 |   84.285 |   84.285 |   84.370 |   84.366 |   84.413 |   84.414 |   84.526 |   84.468 |   84.526 ||   +0.14   +0.10   -0.11   -0.11   -0.01   -0.01   +0.05   +0.05   +0.18   +0.11   +0.18
       med   |   85.419 |   85.804 |   84.654 |   84.638 |   85.403 |   84.994 |   86.245 |   85.628 |   85.502 |   86.172 |   85.611 |   85.926
1024   64    |  161.888 |  162.052 |  161.986 |  162.053 |  161.988 |  161.938 |  161.867 |  161.952 |  161.968 |  162.032 |  161.787 |  162.240 ||   +0.10   +0.06   +0.10   +0.06   +0.03   -0.01   +0.04   +0.05   +0.09   -0.06   +0.22
       med   |  164.551 |  165.291 |  162.975 |  163.799 |  163.189 |  162.964 |  163.299 |  163.183 |  163.601 |  163.287 |  163.615 |  165.386
4096   256   |  628.610 |  628.782 |  628.750 |  628.771 |  628.549 |  628.768 |  628.716 |  628.774 |  628.734 |  628.955 |  626.756 |  629.014 ||   +0.03   +0.02   +0.03   -0.01   +0.03   +0.02   +0.03   +0.02   +0.05   -0.29   +0.06
       med   |  633.821 |  631.494 |  633.206 |  631.351 |  630.940 |  630.564 |  632.160 |  632.557 |  633.968 |  631.566 |  631.082 |  632.351
