## bin=binW host=r8g core=3 reps=300 nproc=5
## O1: base baseAA w1 w1AA d5 d5AA c3 c3AA d4 c5 e2 cl4
## O2: base cl4 e2 c5 d4 c3AA c3 d5AA d5 w1AA w1 baseAA
## O3: base c3 c3AA d4 c5 e2 cl4 baseAA w1 w1AA d5 d5AA
=== process binW.order1.1
SELFCHECK OK (256 whole-block lengths 1..256 blk x 12 variants; out/Xi/ivec/ret byte-identical, nothing written past 16*nblk)
bytes  blks  |     base |   baseAA |       w1 |     w1AA |       d5 |     d5AA |       c3 |     c3AA |       d4 |       c5 |       e2 |      cl4 ||  baseAA%      w1%    w1AA%      d5%    d5AA%      c3%    c3AA%      d4%      c5%      e2%     cl4%
16     1     |   25.317 |   25.345 |   12.571 |   12.589 |   12.502 |   12.497 |   12.516 |   12.525 |   12.497 |   12.506 |   12.501 |   12.493 ||   +0.11  -50.35  -50.27  -50.62  -50.64  -50.56  -50.53  -50.64  -50.60  -50.62  -50.65
       med   |   25.591 |   25.436 |   12.612 |   12.613 |   12.586 |   12.562 |   12.523 |   12.588 |   12.588 |   12.514 |   12.547 |   12.554
32     2     |   23.369 |   23.362 |   13.219 |   13.241 |   13.185 |   13.193 |   13.185 |   13.202 |   13.173 |   13.204 |   13.196 |   13.195 ||   -0.03  -43.43  -43.34  -43.58  -43.54  -43.58  -43.51  -43.63  -43.50  -43.53  -43.54
       med   |   23.610 |   23.523 |   13.245 |   13.245 |   13.234 |   13.198 |   13.272 |   13.208 |   13.340 |   13.212 |   13.201 |   13.280
48     3     |   24.266 |   24.262 |   15.185 |   15.184 |   15.095 |   15.082 |   15.102 |   15.099 |   15.085 |   15.129 |   15.068 |   15.085 ||   -0.01  -37.42  -37.42  -37.79  -37.85  -37.76  -37.77  -37.83  -37.65  -37.90  -37.83
       med   |   24.782 |   24.381 |   15.225 |   15.219 |   15.293 |   15.192 |   15.195 |   15.146 |   15.156 |   15.241 |   15.105 |   15.115
64     4     |   25.143 |   25.113 |   18.628 |   18.620 |   18.268 |   18.275 |   18.272 |   18.270 |   18.258 |   18.236 |   18.276 |   18.351 ||   -0.12  -25.91  -25.94  -27.34  -27.31  -27.33  -27.34  -27.38  -27.47  -27.31  -27.01
       med   |   25.624 |   25.172 |   18.652 |   18.649 |   18.547 |   18.651 |   18.517 |   18.539 |   18.899 |   18.260 |   18.294 |   18.687
80     5     |   25.996 |   25.994 |   26.003 |   25.999 |   25.994 |   25.994 |   25.995 |   25.991 |   25.990 |   25.984 |   25.994 |   25.998 ||   -0.01   +0.03   +0.01   -0.01   -0.01   -0.00   -0.02   -0.02   -0.04   -0.01   +0.01
       med   |   26.499 |   26.124 |   26.579 |   26.450 |   26.024 |   26.070 |   26.385 |   26.069 |   26.121 |   26.030 |   26.278 |   26.239
96     6     |   26.937 |   26.872 |   26.926 |   26.919 |   26.921 |   26.918 |   26.930 |   26.914 |   26.927 |   26.910 |   26.889 |   26.925 ||   -0.24   -0.04   -0.07   -0.06   -0.07   -0.02   -0.08   -0.04   -0.10   -0.18   -0.04
       med   |   27.402 |   26.962 |   27.360 |   27.243 |   27.024 |   26.959 |   27.217 |   26.962 |   27.045 |   26.958 |   27.036 |   27.048
112    7     |   27.451 |   27.362 |   27.527 |   27.525 |   27.469 |   27.516 |   27.495 |   27.519 |   27.515 |   27.516 |   27.500 |   27.404 ||   -0.32   +0.28   +0.27   +0.07   +0.24   +0.16   +0.25   +0.24   +0.24   +0.18   -0.17
       med   |   27.599 |   27.536 |   28.026 |   28.117 |   27.560 |   27.548 |   27.881 |   27.550 |   27.596 |   27.549 |   28.121 |   27.587
128    8     |   25.516 |   25.550 |   25.593 |   25.597 |   25.583 |   25.584 |   25.597 |   25.581 |   25.571 |   25.588 |   25.587 |   25.577 ||   +0.13   +0.30   +0.32   +0.26   +0.27   +0.32   +0.25   +0.21   +0.28   +0.28   +0.24
       med   |   25.548 |   25.614 |   26.201 |   26.299 |   25.792 |   25.611 |   25.866 |   25.766 |   25.613 |   25.613 |   26.031 |   25.872
256    16    |   45.484 |   45.374 |   45.350 |   45.359 |   45.363 |   45.359 |   45.467 |   45.345 |   45.328 |   45.367 |   45.367 |   45.352 ||   -0.24   -0.30   -0.28   -0.27   -0.27   -0.04   -0.31   -0.34   -0.26   -0.26   -0.29
       med   |   46.654 |   45.865 |   46.194 |   46.115 |   45.761 |   45.836 |   46.578 |   46.074 |   46.371 |   46.263 |   45.607 |   45.974
512    32    |   83.750 |   84.365 |   84.410 |   84.526 |   84.423 |   84.347 |   84.390 |   84.127 |   84.366 |   84.412 |   84.424 |   84.642 ||   +0.73   +0.79   +0.93   +0.80   +0.71   +0.76   +0.45   +0.74   +0.79   +0.81   +1.07
       med   |   84.973 |   85.444 |   85.979 |   86.491 |   85.466 |   85.494 |   85.606 |   85.312 |   85.171 |   85.677 |   86.387 |   85.523
1024   64    |  161.924 |  161.969 |  161.658 |  162.123 |  162.000 |  162.010 |  162.171 |  161.887 |  161.380 |  161.640 |  162.067 |  162.247 ||   +0.03   -0.16   +0.12   +0.05   +0.05   +0.15   -0.02   -0.34   -0.18   +0.09   +0.20
       med   |  164.315 |  164.794 |  164.279 |  163.764 |  163.864 |  164.050 |  164.683 |  162.949 |  163.117 |  163.934 |  166.238 |  165.220
4096   256   |  628.163 |  628.832 |  628.752 |  629.087 |  628.944 |  628.887 |  628.645 |  628.522 |  628.749 |  628.576 |  628.754 |  628.941 ||   +0.11   +0.09   +0.15   +0.12   +0.12   +0.08   +0.06   +0.09   +0.07   +0.09   +0.12
       med   |  631.719 |  633.057 |  630.248 |  630.958 |  631.615 |  630.204 |  632.437 |  630.098 |  630.736 |  631.086 |  635.765 |  631.412
=== process binW.order1.2
SELFCHECK OK (256 whole-block lengths 1..256 blk x 12 variants; out/Xi/ivec/ret byte-identical, nothing written past 16*nblk)
bytes  blks  |     base |   baseAA |       w1 |     w1AA |       d5 |     d5AA |       c3 |     c3AA |       d4 |       c5 |       e2 |      cl4 ||  baseAA%      w1%    w1AA%      d5%    d5AA%      c3%    c3AA%      d4%      c5%      e2%     cl4%
16     1     |   25.335 |   23.462 |   12.571 |   12.571 |   12.499 |   12.497 |   12.513 |   12.518 |   12.494 |   12.504 |   12.496 |   12.493 ||   -7.39  -50.38  -50.38  -50.67  -50.67  -50.61  -50.59  -50.68  -50.65  -50.68  -50.69
       med   |   25.712 |   25.551 |   12.612 |   12.613 |   12.588 |   12.562 |   12.535 |   12.588 |   12.563 |   12.514 |   12.547 |   12.553
32     2     |   23.365 |   23.362 |   13.242 |   13.242 |   13.185 |   13.191 |   13.184 |   13.203 |   13.171 |   13.204 |   13.196 |   13.196 ||   -0.01  -43.33  -43.32  -43.57  -43.54  -43.57  -43.49  -43.63  -43.49  -43.52  -43.52
       med   |   23.727 |   23.525 |   13.246 |   13.246 |   13.235 |   13.198 |   13.210 |   13.208 |   13.341 |   13.211 |   13.201 |   13.279
48     3     |   24.248 |   24.255 |   15.185 |   15.187 |   15.094 |   15.109 |   15.095 |   15.103 |   15.108 |   15.160 |   15.072 |   15.095 ||   +0.03  -37.38  -37.37  -37.75  -37.69  -37.75  -37.71  -37.70  -37.48  -37.84  -37.75
       med   |   24.827 |   24.380 |   15.229 |   15.222 |   15.237 |   15.217 |   15.232 |   15.200 |   15.178 |   15.250 |   15.122 |   15.277
64     4     |   25.153 |   25.109 |   18.626 |   18.626 |   18.269 |   18.268 |   18.279 |   18.270 |   18.254 |   18.233 |   18.271 |   18.345 ||   -0.17  -25.95  -25.95  -27.37  -27.37  -27.33  -27.36  -27.43  -27.51  -27.36  -27.06
       med   |   25.670 |   25.175 |   18.650 |   18.655 |   18.646 |   18.611 |   18.518 |   18.484 |   18.894 |   18.473 |   18.294 |   18.682
80     5     |   25.986 |   25.991 |   25.997 |   25.996 |   25.989 |   25.989 |   26.003 |   25.988 |   25.999 |   25.990 |   25.988 |   25.999 ||   +0.02   +0.04   +0.04   +0.01   +0.01   +0.06   +0.01   +0.05   +0.01   +0.01   +0.05
       med   |   26.485 |   26.122 |   26.580 |   26.448 |   26.024 |   26.143 |   26.448 |   26.128 |   26.154 |   26.020 |   26.332 |   26.240
96     6     |   26.916 |   26.870 |   26.939 |   26.920 |   26.924 |   26.921 |   26.919 |   26.907 |   26.924 |   26.923 |   26.920 |   26.960 ||   -0.17   +0.08   +0.02   +0.03   +0.02   +0.01   -0.04   +0.03   +0.02   +0.02   +0.16
       med   |   27.309 |   26.968 |   27.450 |   26.965 |   26.983 |   26.955 |   27.214 |   26.966 |   27.048 |   26.960 |   27.196 |   27.219
112    7     |   27.453 |   27.366 |   27.529 |   27.517 |   27.470 |   27.510 |   27.499 |   27.518 |   27.521 |   27.518 |   27.492 |   27.437 ||   -0.32   +0.27   +0.23   +0.06   +0.20   +0.17   +0.24   +0.24   +0.23   +0.14   -0.06
       med   |   27.520 |   27.480 |   28.052 |   27.553 |   27.619 |   27.550 |   27.922 |   27.587 |   27.556 |   27.554 |   27.591 |   27.719
128    8     |   25.517 |   25.538 |   25.419 |   25.576 |   25.544 |   25.560 |   25.588 |   25.576 |   25.587 |   25.582 |   25.564 |   25.555 ||   +0.08   -0.39   +0.23   +0.11   +0.17   +0.28   +0.23   +0.28   +0.26   +0.19   +0.15
       med   |   25.543 |   25.739 |   26.203 |   25.615 |   25.888 |   25.612 |   25.842 |   25.941 |   25.788 |   25.615 |   25.629 |   25.873
256    16    |   45.435 |   45.366 |   45.370 |   45.349 |   45.381 |   45.350 |   45.614 |   45.348 |   45.368 |   45.359 |   45.358 |   45.360 ||   -0.15   -0.14   -0.19   -0.12   -0.19   +0.40   -0.19   -0.15   -0.17   -0.17   -0.16
       med   |   46.428 |   45.846 |   46.938 |   45.906 |   45.884 |   45.758 |   46.641 |   46.328 |   46.215 |   46.165 |   45.570 |   46.028
512    32    |   84.358 |   84.356 |   84.392 |   84.484 |   84.386 |   84.450 |   84.349 |   84.400 |   84.392 |   84.409 |   84.460 |   84.547 ||   -0.00   +0.04   +0.15   +0.03   +0.11   -0.01   +0.05   +0.04   +0.06   +0.12   +0.22
       med   |   85.460 |   85.426 |   85.315 |   85.334 |   85.367 |   85.446 |   85.287 |   85.487 |   85.396 |   85.886 |   85.647 |   86.261
1024   64    |  161.882 |  161.672 |  161.796 |  162.314 |  161.830 |  162.055 |  161.991 |  161.826 |  162.539 |  161.821 |  162.012 |  161.828 ||   -0.13   -0.05   +0.27   -0.03   +0.11   +0.07   -0.04   +0.41   -0.04   +0.08   -0.03
       med   |  163.542 |  164.476 |  163.338 |  166.048 |  163.856 |  163.465 |  164.856 |  162.980 |  163.607 |  163.619 |  166.039 |  163.464
4096   256   |  628.178 |  628.712 |  627.894 |  629.119 |  628.872 |  628.865 |  628.877 |  628.626 |  628.646 |  628.890 |  628.677 |  628.861 ||   +0.09   -0.05   +0.15   +0.11   +0.11   +0.11   +0.07   +0.07   +0.11   +0.08   +0.11
       med   |  631.909 |  630.967 |  631.116 |  631.061 |  631.278 |  630.366 |  632.566 |  630.274 |  630.773 |  632.010 |  635.375 |  631.329
=== process binW.order1.3
SELFCHECK OK (256 whole-block lengths 1..256 blk x 12 variants; out/Xi/ivec/ret byte-identical, nothing written past 16*nblk)
bytes  blks  |     base |   baseAA |       w1 |     w1AA |       d5 |     d5AA |       c3 |     c3AA |       d4 |       c5 |       e2 |      cl4 ||  baseAA%      w1%    w1AA%      d5%    d5AA%      c3%    c3AA%      d4%      c5%      e2%     cl4%
16     1     |   25.357 |   25.407 |   12.572 |   12.573 |   12.494 |   12.546 |   12.516 |   12.526 |   12.496 |   12.484 |   12.520 |   12.494 ||   +0.20  -50.42  -50.42  -50.73  -50.52  -50.64  -50.60  -50.72  -50.77  -50.62  -50.73
       med   |   25.726 |   25.502 |   12.613 |   12.613 |   12.561 |   12.563 |   12.533 |   12.588 |   12.589 |   12.514 |   12.548 |   12.555
32     2     |   23.367 |   23.371 |   13.242 |   13.242 |   13.187 |   13.193 |   13.183 |   13.203 |   13.172 |   13.205 |   13.197 |   13.194 ||   +0.01  -43.33  -43.33  -43.57  -43.54  -43.58  -43.50  -43.63  -43.49  -43.52  -43.53
       med   |   23.855 |   23.523 |   13.246 |   13.246 |   13.234 |   13.200 |   13.207 |   13.209 |   13.341 |   13.212 |   13.202 |   13.233
48     3     |   24.256 |   24.251 |   15.186 |   15.190 |   15.089 |   15.092 |   15.103 |   15.088 |   15.093 |   15.130 |   15.070 |   15.093 ||   -0.02  -37.39  -37.38  -37.80  -37.78  -37.74  -37.80  -37.78  -37.63  -37.87  -37.78
       med   |   24.796 |   24.382 |   15.232 |   15.220 |   15.148 |   15.207 |   15.200 |   15.182 |   15.148 |   15.241 |   15.108 |   15.233
64     4     |   25.147 |   25.105 |   18.628 |   18.627 |   18.269 |   18.272 |   18.273 |   18.271 |   18.265 |   18.238 |   18.273 |   18.348 ||   -0.17  -25.92  -25.93  -27.35  -27.34  -27.34  -27.34  -27.37  -27.48  -27.33  -27.04
       med   |   25.696 |   25.175 |   18.657 |   18.660 |   18.477 |   18.649 |   18.595 |   18.698 |   18.931 |   18.261 |   18.293 |   18.371
80     5     |   25.976 |   25.996 |   25.997 |   26.000 |   25.987 |   25.991 |   25.994 |   25.995 |   25.989 |   25.988 |   25.988 |   25.996 ||   +0.08   +0.08   +0.09   +0.04   +0.06   +0.07   +0.07   +0.05   +0.05   +0.05   +0.08
       med   |   26.081 |   26.132 |   26.270 |   26.460 |   26.024 |   26.074 |   26.346 |   26.078 |   26.074 |   26.025 |   26.281 |   26.129
96     6     |   26.920 |   26.866 |   26.938 |   26.920 |   26.915 |   26.926 |   26.926 |   26.917 |   26.916 |   26.908 |   26.928 |   26.949 ||   -0.20   +0.06   +0.00   -0.02   +0.02   +0.02   -0.01   -0.02   -0.05   +0.03   +0.10
       med   |   26.966 |   26.967 |   27.366 |   27.392 |   26.962 |   26.960 |   27.113 |   26.960 |   26.959 |   26.969 |   27.177 |   27.222
112    7     |   27.462 |   27.436 |   27.532 |   27.522 |   27.412 |   27.512 |   27.520 |   27.515 |   27.511 |   27.516 |   27.487 |   27.425 ||   -0.09   +0.25   +0.22   -0.18   +0.18   +0.21   +0.19   +0.18   +0.20   +0.09   -0.14
       med   |   27.996 |   27.545 |   28.041 |   28.109 |   27.553 |   27.549 |   27.932 |   27.552 |   27.594 |   27.555 |   27.608 |   27.733
128    8     |   25.521 |   25.542 |   25.598 |   25.591 |   25.594 |   25.580 |   25.586 |   25.575 |   25.574 |   25.590 |   25.570 |   25.568 ||   +0.08   +0.30   +0.28   +0.29   +0.23   +0.26   +0.21   +0.21   +0.27   +0.19   +0.19
       med   |   26.005 |   25.737 |   26.187 |   26.289 |   25.795 |   25.612 |   25.841 |   25.781 |   25.611 |   25.769 |   25.764 |   25.864
256    16    |   45.402 |   45.348 |   45.418 |   45.348 |   45.368 |   45.366 |   45.476 |   45.394 |   45.367 |   45.375 |   45.357 |   45.328 ||   -0.12   +0.03   -0.12   -0.07   -0.08   +0.16   -0.02   -0.08   -0.06   -0.10   -0.16
       med   |   46.334 |   45.724 |   46.815 |   46.033 |   45.806 |   45.979 |   46.563 |   46.445 |   46.173 |   46.363 |   45.496 |   45.706
512    32    |   84.387 |   83.884 |   84.386 |   84.496 |   84.403 |   84.389 |   84.335 |   84.390 |   84.390 |   84.406 |   84.463 |   84.744 ||   -0.59   -0.00   +0.13   +0.02   +0.00   -0.06   +0.00   +0.00   +0.02   +0.09   +0.42
       med   |   85.928 |   85.011 |   85.320 |   85.569 |   85.226 |   85.388 |   85.777 |   85.608 |   85.511 |   85.874 |   86.598 |   85.894
1024   64    |  161.821 |  161.792 |  161.998 |  162.389 |  161.945 |  161.972 |  161.939 |  161.694 |  161.720 |  161.373 |  162.018 |  161.907 ||   -0.02   +0.11   +0.35   +0.08   +0.09   +0.07   -0.08   -0.06   -0.28   +0.12   +0.05
       med   |  163.282 |  163.897 |  163.966 |  164.184 |  163.941 |  163.655 |  164.888 |  163.155 |  162.909 |  163.012 |  166.122 |  163.406
4096   256   |  628.282 |  628.662 |  628.737 |  629.046 |  628.862 |  628.870 |  628.725 |  628.496 |  628.582 |  628.870 |  628.771 |  629.091 ||   +0.06   +0.07   +0.12   +0.09   +0.09   +0.07   +0.03   +0.05   +0.09   +0.08   +0.13
       med   |  632.302 |  632.073 |  630.466 |  630.771 |  631.576 |  630.093 |  632.303 |  630.181 |  630.497 |  631.502 |  634.995 |  632.276
=== process binW.order1.4
SELFCHECK OK (256 whole-block lengths 1..256 blk x 12 variants; out/Xi/ivec/ret byte-identical, nothing written past 16*nblk)
bytes  blks  |     base |   baseAA |       w1 |     w1AA |       d5 |     d5AA |       c3 |     c3AA |       d4 |       c5 |       e2 |      cl4 ||  baseAA%      w1%    w1AA%      d5%    d5AA%      c3%    c3AA%      d4%      c5%      e2%     cl4%
16     1     |   25.348 |   25.358 |   12.572 |   12.569 |   12.528 |   12.557 |   12.516 |   12.557 |   12.495 |   12.508 |   12.494 |   12.547 ||   +0.04  -50.40  -50.42  -50.58  -50.46  -50.62  -50.46  -50.71  -50.66  -50.71  -50.50
       med   |   25.705 |   25.557 |   12.612 |   12.613 |   12.587 |   12.563 |   12.524 |   12.588 |   12.563 |   12.514 |   12.547 |   12.553
32     2     |   23.354 |   23.362 |   13.241 |   13.242 |   13.187 |   13.193 |   13.184 |   13.203 |   13.174 |   13.205 |   13.196 |   13.196 ||   +0.04  -43.30  -43.30  -43.54  -43.51  -43.55  -43.47  -43.59  -43.46  -43.49  -43.50
       med   |   23.774 |   23.522 |   13.246 |   13.245 |   13.235 |   13.199 |   13.206 |   13.208 |   13.341 |   13.212 |   13.201 |   13.280
48     3     |   24.257 |   24.255 |   15.181 |   15.180 |   15.111 |   15.111 |   15.118 |   15.115 |   15.116 |   15.161 |   15.068 |   15.088 ||   -0.01  -37.42  -37.42  -37.71  -37.71  -37.67  -37.69  -37.68  -37.50  -37.88  -37.80
       med   |   24.488 |   24.380 |   15.237 |   15.222 |   15.322 |   15.218 |   15.212 |   15.183 |   15.177 |   15.248 |   15.125 |   15.125
64     4     |   25.114 |   25.108 |   18.628 |   18.631 |   18.265 |   18.270 |   18.272 |   18.266 |   18.257 |   18.234 |   18.271 |   18.341 ||   -0.02  -25.82  -25.81  -27.27  -27.25  -27.24  -27.27  -27.30  -27.39  -27.25  -26.97
       med   |   25.352 |   25.177 |   18.777 |   18.655 |   18.513 |   18.646 |   18.512 |   18.637 |   18.898 |   18.260 |   18.293 |   18.373
80     5     |   25.990 |   25.990 |   25.993 |   25.994 |   25.990 |   25.989 |   25.999 |   25.994 |   25.987 |   25.990 |   25.989 |   25.985 ||   -0.00   +0.01   +0.01   -0.00   -0.00   +0.03   +0.01   -0.01   -0.00   -0.01   -0.02
       med   |   26.504 |   26.123 |   26.386 |   26.452 |   26.021 |   26.024 |   26.375 |   26.113 |   26.082 |   26.020 |   26.133 |   26.288
96     6     |   26.925 |   26.865 |   26.926 |   26.930 |   26.922 |   26.906 |   26.925 |   26.919 |   26.923 |   26.922 |   26.939 |   26.939 ||   -0.22   +0.00   +0.02   -0.01   -0.07   +0.00   -0.02   -0.01   -0.01   +0.05   +0.05
       med   |   26.979 |   26.962 |   27.360 |   27.240 |   26.962 |   26.957 |   27.213 |   27.033 |   26.967 |   26.962 |   27.200 |   27.221
112    7     |   27.463 |   27.372 |   27.525 |   27.516 |   27.484 |   27.515 |   27.506 |   27.514 |   27.515 |   27.516 |   27.487 |   27.398 ||   -0.33   +0.23   +0.19   +0.08   +0.19   +0.16   +0.19   +0.19   +0.19   +0.09   -0.23
       med   |   28.062 |   27.538 |   28.055 |   28.110 |   27.548 |   27.546 |   27.910 |   27.585 |   27.551 |   27.552 |   27.533 |   27.703
128    8     |   25.518 |   25.528 |   25.411 |   25.597 |   25.589 |   25.577 |   25.590 |   25.596 |   25.581 |   25.591 |   25.571 |   25.576 ||   +0.04   -0.42   +0.31   +0.28   +0.23   +0.28   +0.31   +0.25   +0.29   +0.21   +0.23
       med   |   25.544 |   25.732 |   25.887 |   26.266 |   25.788 |   25.612 |   25.835 |   26.014 |   25.614 |   25.794 |   25.627 |   25.856
256    16    |   45.580 |   45.336 |   45.379 |   45.345 |   45.319 |   45.324 |   45.369 |   45.345 |   45.341 |   45.367 |   45.368 |   45.330 ||   -0.54   -0.44   -0.52   -0.57   -0.56   -0.46   -0.52   -0.52   -0.47   -0.46   -0.55
       med   |   46.791 |   45.917 |   46.824 |   46.081 |   45.844 |   45.657 |   46.508 |   46.122 |   46.295 |   46.330 |   45.888 |   46.080
512    32    |   84.388 |   84.360 |   84.432 |   84.449 |   84.409 |   84.423 |   84.427 |   84.379 |   84.366 |   84.392 |   84.455 |   84.487 ||   -0.03   +0.05   +0.07   +0.02   +0.04   +0.05   -0.01   -0.03   +0.00   +0.08   +0.12
       med   |   85.564 |   85.083 |   85.810 |   85.630 |   85.326 |   85.492 |   86.288 |   85.410 |   85.388 |   86.119 |   86.398 |   85.428
1024   64    |  161.859 |  161.875 |  161.804 |  162.554 |  161.857 |  162.042 |  161.927 |  161.707 |  161.952 |  161.940 |  161.996 |  161.635 ||   +0.01   -0.03   +0.43   -0.00   +0.11   +0.04   -0.09   +0.06   +0.05   +0.08   -0.14
       med   |  164.471 |  163.958 |  163.532 |  163.456 |  163.796 |  163.542 |  164.673 |  163.330 |  163.181 |  164.055 |  165.619 |  163.457
4096   256   |  628.139 |  628.756 |  628.715 |  629.177 |  628.849 |  628.816 |  628.755 |  628.662 |  628.721 |  628.567 |  628.672 |  628.833 ||   +0.10   +0.09   +0.17   +0.11   +0.11   +0.10   +0.08   +0.09   +0.07   +0.08   +0.11
       med   |  632.143 |  632.548 |  630.842 |  630.709 |  631.756 |  630.227 |  632.341 |  630.191 |  630.826 |  631.877 |  635.870 |  630.938
=== process binW.order1.5
SELFCHECK OK (256 whole-block lengths 1..256 blk x 12 variants; out/Xi/ivec/ret byte-identical, nothing written past 16*nblk)
bytes  blks  |     base |   baseAA |       w1 |     w1AA |       d5 |     d5AA |       c3 |     c3AA |       d4 |       c5 |       e2 |      cl4 ||  baseAA%      w1%    w1AA%      d5%    d5AA%      c3%    c3AA%      d4%      c5%      e2%     cl4%
16     1     |   25.301 |   24.964 |   12.572 |   12.573 |   12.526 |   12.555 |   12.515 |   12.523 |   12.495 |   12.509 |   12.525 |   12.497 ||   -1.33  -50.31  -50.31  -50.49  -50.38  -50.54  -50.51  -50.62  -50.56  -50.50  -50.61
       med   |   25.643 |   25.550 |   12.613 |   12.613 |   12.588 |   12.563 |   12.527 |   12.588 |   12.589 |   12.514 |   12.548 |   12.555
32     2     |   23.360 |   23.386 |   13.242 |   13.242 |   13.186 |   13.193 |   13.185 |   13.203 |   13.172 |   13.205 |   13.197 |   13.193 ||   +0.11  -43.31  -43.31  -43.55  -43.52  -43.56  -43.48  -43.61  -43.47  -43.51  -43.52
       med   |   23.785 |   23.521 |   13.246 |   13.246 |   13.234 |   13.198 |   13.274 |   13.208 |   13.341 |   13.212 |   13.201 |   13.234
48     3     |   24.284 |   24.243 |   15.191 |   15.184 |   15.096 |   15.100 |   15.095 |   15.107 |   15.092 |   15.173 |   15.059 |   15.085 ||   -0.17  -37.45  -37.47  -37.83  -37.82  -37.84  -37.79  -37.85  -37.52  -37.99  -37.88
       med   |   24.817 |   24.381 |   15.317 |   15.222 |   15.179 |   15.206 |   15.193 |   15.172 |   15.170 |   15.248 |   15.120 |   15.125
64     4     |   25.127 |   25.116 |   18.620 |   18.628 |   18.269 |   18.278 |   18.271 |   18.269 |   18.250 |   18.237 |   18.265 |   18.353 ||   -0.04  -25.89  -25.86  -27.29  -27.26  -27.28  -27.29  -27.37  -27.42  -27.31  -26.96
       med   |   25.677 |   25.174 |   18.772 |   18.651 |   18.484 |   18.651 |   18.515 |   18.306 |   18.891 |   18.261 |   18.292 |   18.371
80     5     |   25.993 |   25.993 |   25.992 |   26.000 |   25.990 |   25.982 |   26.002 |   25.985 |   25.987 |   25.993 |   25.990 |   26.001 ||   -0.00   -0.01   +0.03   -0.01   -0.05   +0.03   -0.03   -0.02   -0.00   -0.01   +0.03
       med   |   26.525 |   26.127 |   26.586 |   26.456 |   26.020 |   26.025 |   26.454 |   26.110 |   26.079 |   26.029 |   26.117 |   26.244
96     6     |   26.924 |   26.862 |   26.918 |   26.907 |   26.924 |   26.922 |   26.925 |   26.917 |   26.926 |   26.918 |   26.938 |   26.896 ||   -0.23   -0.02   -0.06   -0.00   -0.01   +0.00   -0.03   +0.01   -0.02   +0.05   -0.11
       med   |   27.407 |   26.964 |   27.228 |   27.384 |   26.964 |   26.958 |   27.216 |   27.028 |   27.052 |   26.959 |   27.168 |   27.215
112    7     |   27.458 |   27.427 |   27.518 |   27.520 |   27.492 |   27.513 |   27.524 |   27.513 |   27.519 |   27.514 |   27.498 |   27.487 ||   -0.11   +0.22   +0.23   +0.12   +0.20   +0.24   +0.20   +0.22   +0.21   +0.15   +0.10
       med   |   28.099 |   27.541 |   28.039 |   27.547 |   27.613 |   27.550 |   27.890 |   27.558 |   27.602 |   27.552 |   28.006 |   27.719
128    8     |   25.512 |   25.532 |   25.417 |   25.572 |   25.578 |   25.580 |   25.580 |   25.574 |   25.592 |   25.584 |   25.570 |   25.601 ||   +0.08   -0.37   +0.23   +0.26   +0.27   +0.27   +0.24   +0.31   +0.28   +0.23   +0.35
       med   |   25.542 |   25.602 |   25.609 |   26.064 |   25.890 |   25.612 |   25.845 |   25.777 |   25.770 |   25.779 |   25.748 |   25.859
256    16    |   45.473 |   45.368 |   45.705 |   45.346 |   45.420 |   45.335 |   45.749 |   45.252 |   45.358 |   45.403 |   45.372 |   45.355 ||   -0.23   +0.51   -0.28   -0.12   -0.30   +0.61   -0.48   -0.25   -0.15   -0.22   -0.26
       med   |   46.990 |   45.880 |   47.001 |   46.027 |   45.921 |   45.718 |   46.590 |   46.158 |   46.431 |   46.337 |   46.007 |   45.981
512    32    |   84.382 |   83.720 |   84.394 |   84.547 |   84.415 |   84.421 |   84.405 |   84.328 |   84.341 |   84.393 |   84.452 |   84.399 ||   -0.78   +0.01   +0.19   +0.04   +0.05   +0.03   -0.06   -0.05   +0.01   +0.08   +0.02
       med   |   86.027 |   84.966 |   85.846 |   85.594 |   85.568 |   85.094 |   85.758 |   85.411 |   85.156 |   85.581 |   86.337 |   85.218
1024   64    |  161.899 |  161.690 |  162.026 |  162.349 |  162.820 |  162.062 |  161.973 |  161.849 |  161.656 |  161.983 |  161.897 |  161.739 ||   -0.13   +0.08   +0.28   +0.57   +0.10   +0.05   -0.03   -0.15   +0.05   -0.00   -0.10
       med   |  164.512 |  163.740 |  164.298 |  164.237 |  163.941 |  163.172 |  164.484 |  163.237 |  162.798 |  165.346 |  165.280 |  162.390
4096   256   |  628.271 |  628.753 |  628.630 |  628.947 |  628.916 |  628.856 |  628.971 |  628.547 |  628.623 |  628.764 |  628.605 |  628.862 ||   +0.08   +0.06   +0.11   +0.10   +0.09   +0.11   +0.04   +0.06   +0.08   +0.05   +0.09
       med   |  632.309 |  632.659 |  630.946 |  630.731 |  631.588 |  630.134 |  632.551 |  629.904 |  630.532 |  630.888 |  635.752 |  630.306
=== process binW.order2.1
SELFCHECK OK (256 whole-block lengths 1..256 blk x 12 variants; out/Xi/ivec/ret byte-identical, nothing written past 16*nblk)
bytes  blks  |     base |      cl4 |       e2 |       c5 |       d4 |     c3AA |       c3 |     d5AA |       d5 |     w1AA |       w1 |   baseAA ||     cl4%      e2%      c5%      d4%    c3AA%      c3%    d5AA%      d5%    w1AA%      w1%  baseAA%
16     1     |   24.286 |   12.486 |   12.499 |   12.522 |   12.502 |   12.514 |   12.526 |   12.496 |   12.557 |   12.573 |   12.571 |   25.353 ||  -48.59  -48.53  -48.44  -48.52  -48.47  -48.42  -48.55  -48.29  -48.23  -48.24   +4.39
       med   |   25.801 |   12.549 |   12.533 |   12.529 |   12.563 |   12.523 |   12.588 |   12.562 |   12.562 |   12.611 |   12.613 |   25.670
32     2     |   23.365 |   13.193 |   13.197 |   13.202 |   13.182 |   13.185 |   13.202 |   13.187 |   13.193 |   13.241 |   13.243 |   23.410 ||  -43.53  -43.52  -43.50  -43.58  -43.57  -43.50  -43.56  -43.54  -43.33  -43.32   +0.19
       med   |   23.878 |   13.199 |   13.201 |   13.317 |   13.271 |   13.278 |   13.208 |   13.198 |   13.199 |   13.278 |   13.387 |   23.586
48     3     |   24.245 |   15.102 |   15.203 |   15.187 |   15.096 |   15.112 |   15.115 |   15.109 |   15.101 |   15.193 |   15.193 |   24.246 ||  -37.71  -37.29  -37.36  -37.73  -37.67  -37.66  -37.68  -37.71  -37.33  -37.34   +0.01
       med   |   24.474 |   15.445 |   15.521 |   15.267 |   15.170 |   15.210 |   15.171 |   15.163 |   15.159 |   15.448 |   15.226 |   24.425
64     4     |   25.140 |   18.345 |   18.274 |   18.284 |   18.253 |   18.262 |   18.264 |   18.266 |   18.266 |   18.629 |   18.623 |   25.126 ||  -27.03  -27.31  -27.27  -27.40  -27.36  -27.35  -27.34  -27.34  -25.90  -25.92   -0.05
       med   |   25.634 |   18.777 |   18.304 |   18.490 |   18.302 |   18.517 |   18.303 |   18.449 |   18.297 |   18.767 |   18.649 |   25.510
80     5     |   25.996 |   25.996 |   25.993 |   25.988 |   25.998 |   26.001 |   25.988 |   25.987 |   25.958 |   25.996 |   25.990 |   25.985 ||   -0.00   -0.01   -0.03   +0.01   +0.02   -0.03   -0.04   -0.15   +0.00   -0.02   -0.04
       med   |   26.739 |   26.023 |   26.081 |   26.232 |   26.508 |   26.495 |   26.557 |   26.031 |   26.023 |   26.565 |   26.431 |   26.230
96     6     |   26.897 |   26.935 |   26.884 |   26.946 |   26.939 |   26.921 |   26.932 |   26.923 |   26.747 |   26.926 |   26.931 |   26.878 ||   +0.14   -0.05   +0.18   +0.16   +0.09   +0.13   +0.10   -0.56   +0.11   +0.13   -0.07
       med   |   27.432 |   26.973 |   26.985 |   27.202 |   27.393 |   27.005 |   27.450 |   26.957 |   26.941 |   27.439 |   27.378 |   26.970
112    7     |   27.465 |   27.413 |   27.483 |   27.493 |   27.520 |   27.523 |   27.537 |   27.494 |   27.459 |   27.523 |   27.519 |   27.453 ||   -0.19   +0.06   +0.10   +0.20   +0.21   +0.26   +0.10   -0.02   +0.21   +0.19   -0.05
       med   |   28.125 |   27.520 |   27.523 |   27.720 |   27.798 |   27.826 |   28.020 |   27.554 |   27.555 |   28.128 |   27.989 |   27.591
128    8     |   25.517 |   25.584 |   25.565 |   25.602 |   25.595 |   25.599 |   25.598 |   25.590 |   25.593 |   25.595 |   25.587 |   25.520 ||   +0.26   +0.19   +0.33   +0.31   +0.32   +0.32   +0.28   +0.30   +0.30   +0.27   +0.01
       med   |   25.545 |   25.623 |   25.624 |   25.860 |   26.146 |   25.995 |   26.128 |   25.618 |   25.791 |   25.786 |   25.958 |   25.717
256    16    |   45.543 |   45.316 |   45.387 |   45.349 |   45.334 |   45.496 |   45.390 |   45.478 |   45.396 |   45.532 |   45.495 |   45.568 ||   -0.50   -0.34   -0.43   -0.46   -0.10   -0.34   -0.14   -0.32   -0.02   -0.11   +0.05
       med   |   46.896 |   45.531 |   45.575 |   46.189 |   46.219 |   46.562 |   46.408 |   46.041 |   46.169 |   46.926 |   46.410 |   46.730
512    32    |   84.133 |   84.208 |   84.320 |   84.443 |   84.504 |   84.387 |   84.341 |   84.326 |   84.427 |   84.422 |   84.245 |   84.477 ||   +0.09   +0.22   +0.37   +0.44   +0.30   +0.25   +0.23   +0.35   +0.34   +0.13   +0.41
       med   |   85.127 |   84.753 |   85.196 |   85.714 |   85.795 |   85.029 |   84.942 |   85.150 |   85.434 |   84.938 |   85.434 |   85.623
1024   64    |  161.878 |  162.021 |  162.012 |  161.813 |  161.984 |  161.926 |  161.874 |  161.966 |  161.961 |  162.015 |  161.885 |  161.506 ||   +0.09   +0.08   -0.04   +0.07   +0.03   -0.00   +0.05   +0.05   +0.08   +0.00   -0.23
       med   |  163.982 |  163.195 |  162.995 |  165.011 |  163.510 |  163.078 |  163.124 |  163.036 |  163.810 |  163.635 |  164.269 |  163.948
4096   256   |  628.140 |  628.515 |  628.696 |  628.641 |  628.750 |  628.672 |  628.649 |  628.538 |  628.830 |  628.869 |  628.791 |  629.026 ||   +0.06   +0.09   +0.08   +0.10   +0.08   +0.08   +0.06   +0.11   +0.12   +0.10   +0.14
       med   |  632.129 |  631.333 |  630.621 |  634.165 |  632.236 |  630.539 |  630.710 |  630.174 |  631.003 |  630.920 |  633.488 |  633.418
=== process binW.order2.2
SELFCHECK OK (256 whole-block lengths 1..256 blk x 12 variants; out/Xi/ivec/ret byte-identical, nothing written past 16*nblk)
bytes  blks  |     base |      cl4 |       e2 |       c5 |       d4 |     c3AA |       c3 |     d5AA |       d5 |     w1AA |       w1 |   baseAA ||     cl4%      e2%      c5%      d4%    c3AA%      c3%    d5AA%      d5%    w1AA%      w1%  baseAA%
16     1     |   25.331 |   12.489 |   12.496 |   12.522 |   12.556 |   12.516 |   12.519 |   12.503 |   12.555 |   12.572 |   12.571 |   25.326 ||  -50.70  -50.67  -50.57  -50.43  -50.59  -50.58  -50.64  -50.44  -50.37  -50.37   -0.02
       med   |   25.686 |   12.549 |   12.533 |   12.530 |   12.562 |   12.528 |   12.588 |   12.562 |   12.562 |   12.611 |   12.613 |   25.522
32     2     |   23.414 |   13.193 |   13.195 |   13.202 |   13.181 |   13.185 |   13.203 |   13.189 |   13.192 |   13.240 |   13.242 |   23.404 ||  -43.65  -43.64  -43.62  -43.70  -43.69  -43.61  -43.67  -43.66  -43.45  -43.44   -0.04
       med   |   23.875 |   13.199 |   13.202 |   13.318 |   13.187 |   13.278 |   13.209 |   13.198 |   13.198 |   13.276 |   13.306 |   23.619
48     3     |   24.253 |   15.082 |   15.089 |   15.177 |   15.094 |   15.100 |   15.095 |   15.088 |   15.090 |   15.206 |   15.178 |   24.249 ||  -37.82  -37.78  -37.42  -37.76  -37.74  -37.76  -37.79  -37.78  -37.30  -37.42   -0.02
       med   |   24.762 |   15.450 |   15.520 |   15.237 |   15.147 |   15.200 |   15.146 |   15.140 |   15.152 |   15.664 |   15.224 |   24.536
64     4     |   25.135 |   18.363 |   18.274 |   18.283 |   18.250 |   18.269 |   18.266 |   18.269 |   18.269 |   18.639 |   18.627 |   25.147 ||  -26.94  -27.30  -27.26  -27.39  -27.32  -27.33  -27.32  -27.32  -25.85  -25.89   +0.05
       med   |   25.606 |   18.956 |   18.299 |   18.302 |   18.302 |   18.516 |   18.303 |   18.445 |   18.313 |   19.070 |   18.649 |   25.429
80     5     |   25.993 |   25.992 |   25.995 |   25.984 |   25.995 |   26.002 |   25.993 |   25.991 |   25.955 |   25.992 |   25.987 |   25.990 ||   -0.00   +0.01   -0.04   +0.01   +0.04   -0.00   -0.01   -0.15   -0.00   -0.02   -0.01
       med   |   26.733 |   26.024 |   26.082 |   26.233 |   26.535 |   26.266 |   26.331 |   26.022 |   26.022 |   26.264 |   26.301 |   26.480
96     6     |   26.785 |   26.922 |   26.896 |   26.929 |   26.942 |   26.934 |   26.918 |   26.918 |   26.745 |   26.913 |   26.920 |   26.853 ||   +0.51   +0.41   +0.54   +0.58   +0.56   +0.50   +0.49   -0.15   +0.48   +0.50   +0.25
       med   |   27.184 |   26.972 |   26.981 |   27.196 |   27.391 |   27.210 |   27.389 |   26.956 |   26.943 |   27.212 |   27.016 |   27.074
112    7     |   27.465 |   27.420 |   27.476 |   27.497 |   27.510 |   27.528 |   27.429 |   27.505 |   27.457 |   27.413 |   27.520 |   27.459 ||   -0.17   +0.04   +0.12   +0.17   +0.23   -0.13   +0.15   -0.03   -0.19   +0.20   -0.02
       med   |   28.159 |   27.519 |   27.525 |   27.713 |   27.769 |   27.829 |   28.002 |   27.550 |   27.548 |   27.781 |   27.850 |   27.710
128    8     |   25.513 |   25.595 |   25.561 |   25.562 |   25.594 |   25.591 |   25.588 |   25.588 |   25.593 |   25.596 |   25.593 |   25.425 ||   +0.32   +0.19   +0.19   +0.32   +0.31   +0.29   +0.29   +0.31   +0.32   +0.31   -0.34
       med   |   26.091 |   25.623 |   25.622 |   25.625 |   26.146 |   25.967 |   25.857 |   25.615 |   25.787 |   25.781 |   25.793 |   25.744
256    16    |   45.402 |   45.311 |   45.401 |   45.255 |   45.530 |   45.379 |   45.300 |   45.472 |   45.329 |   45.491 |   45.341 |   45.553 ||   -0.20   -0.00   -0.32   +0.28   -0.05   -0.22   +0.16   -0.16   +0.20   -0.13   +0.33
       med   |   46.685 |   45.570 |   45.555 |   46.027 |   46.337 |   46.636 |   46.017 |   46.505 |   45.689 |   46.893 |   46.198 |   46.743
512    32    |   84.376 |   84.382 |   84.220 |   84.235 |   84.376 |   83.858 |   84.447 |   84.396 |   84.467 |   84.440 |   84.349 |   84.517 ||   +0.01   -0.19   -0.17   -0.00   -0.61   +0.08   +0.02   +0.11   +0.08   -0.03   +0.17
       med   |   85.553 |   84.772 |   84.568 |   85.470 |   85.843 |   84.884 |   85.697 |   85.294 |   85.614 |   85.394 |   86.096 |   86.059
1024   64    |  161.813 |  162.014 |  161.587 |  161.655 |  161.851 |  161.943 |  161.982 |  161.879 |  161.956 |  162.036 |  162.036 |  162.081 ||   +0.12   -0.14   -0.10   +0.02   +0.08   +0.10   +0.04   +0.09   +0.14   +0.14   +0.17
       med   |  163.109 |  163.201 |  163.125 |  164.607 |  165.109 |  163.392 |  165.358 |  164.034 |  163.219 |  164.264 |  165.769 |  163.996
4096   256   |  628.196 |  628.693 |  628.653 |  628.041 |  628.913 |  628.653 |  628.787 |  628.609 |  628.704 |  628.822 |  628.785 |  628.852 ||   +0.08   +0.07   -0.02   +0.11   +0.07   +0.09   +0.07   +0.08   +0.10   +0.09   +0.10
       med   |  631.253 |  631.824 |  631.272 |  633.711 |  630.283 |  630.745 |  630.764 |  630.468 |  630.420 |  630.566 |  632.938 |  632.451
=== process binW.order2.3
SELFCHECK OK (256 whole-block lengths 1..256 blk x 12 variants; out/Xi/ivec/ret byte-identical, nothing written past 16*nblk)
bytes  blks  |     base |      cl4 |       e2 |       c5 |       d4 |     c3AA |       c3 |     d5AA |       d5 |     w1AA |       w1 |   baseAA ||     cl4%      e2%      c5%      d4%    c3AA%      c3%    d5AA%      d5%    w1AA%      w1%  baseAA%
16     1     |   25.377 |   12.489 |   12.499 |   12.522 |   12.540 |   12.514 |   12.537 |   12.499 |   12.504 |   12.573 |   12.572 |   25.343 ||  -50.79  -50.75  -50.66  -50.58  -50.69  -50.60  -50.75  -50.73  -50.46  -50.46   -0.13
       med   |   25.778 |   12.549 |   12.533 |   12.530 |   12.562 |   12.524 |   12.588 |   12.562 |   12.562 |   12.610 |   12.613 |   25.626
32     2     |   23.361 |   13.193 |   13.195 |   13.201 |   13.181 |   13.185 |   13.202 |   13.188 |   13.192 |   13.242 |   13.243 |   23.398 ||  -43.53  -43.51  -43.49  -43.57  -43.56  -43.48  -43.54  -43.53  -43.32  -43.31   +0.16
       med   |   23.664 |   13.199 |   13.201 |   13.318 |   13.187 |   13.278 |   13.208 |   13.198 |   13.238 |   13.247 |   13.384 |   23.618
48     3     |   24.251 |   15.102 |   15.103 |   15.203 |   15.101 |   15.111 |   15.085 |   15.102 |   15.111 |   15.196 |   15.183 |   24.257 ||  -37.73  -37.72  -37.31  -37.73  -37.69  -37.80  -37.73  -37.69  -37.34  -37.39   +0.02
       med   |   24.762 |   15.445 |   15.521 |   15.271 |   15.172 |   15.215 |   15.177 |   15.165 |   15.163 |   15.425 |   15.223 |   24.496
64     4     |   25.059 |   18.363 |   18.267 |   18.275 |   18.253 |   18.275 |   18.262 |   18.264 |   18.265 |   18.627 |   18.628 |   25.150 ||  -26.72  -27.10  -27.07  -27.16  -27.07  -27.12  -27.12  -27.11  -25.67  -25.66   +0.36
       med   |   25.610 |   19.000 |   18.293 |   18.303 |   18.301 |   18.515 |   18.304 |   18.442 |   18.325 |   18.761 |   18.651 |   25.472
80     5     |   25.999 |   25.991 |   25.992 |   25.999 |   26.000 |   25.998 |   26.018 |   25.989 |   25.960 |   26.000 |   26.000 |   25.984 ||   -0.03   -0.03   -0.00   +0.00   -0.01   +0.07   -0.04   -0.15   +0.00   +0.00   -0.06
       med   |   26.674 |   26.024 |   26.082 |   26.224 |   26.451 |   26.423 |   26.557 |   26.025 |   26.022 |   26.555 |   26.376 |   26.245
96     6     |   26.914 |   26.929 |   26.915 |   26.933 |   26.936 |   26.921 |   26.927 |   26.921 |   26.748 |   26.905 |   26.932 |   26.866 ||   +0.05   +0.00   +0.07   +0.08   +0.02   +0.05   +0.02   -0.62   -0.03   +0.06   -0.18
       med   |   27.587 |   26.974 |   26.976 |   27.203 |   27.395 |   27.206 |   27.231 |   26.959 |   26.944 |   27.439 |   27.370 |   27.066
112    7     |   27.463 |   27.421 |   27.474 |   27.504 |   27.523 |   27.516 |   27.533 |   27.503 |   27.462 |   27.412 |   27.511 |   27.458 ||   -0.15   +0.04   +0.15   +0.22   +0.19   +0.25   +0.15   -0.00   -0.19   +0.17   -0.02
       med   |   28.148 |   27.520 |   27.521 |   27.718 |   27.956 |   27.624 |   28.013 |   27.552 |   27.548 |   27.773 |   28.068 |   27.687
128    8     |   25.516 |   25.402 |   25.564 |   25.592 |   25.596 |   25.595 |   25.591 |   25.588 |   25.590 |   25.591 |   25.581 |   25.519 ||   -0.45   +0.19   +0.30   +0.31   +0.31   +0.29   +0.28   +0.29   +0.30   +0.26   +0.01
       med   |   25.691 |   25.624 |   25.627 |   25.861 |   26.141 |   25.981 |   25.801 |   25.628 |   25.623 |   25.785 |   25.937 |   25.752
256    16    |   45.473 |   45.316 |   45.396 |   45.371 |   45.367 |   45.360 |   45.357 |   45.462 |   45.380 |   45.486 |   45.376 |   45.450 ||   -0.35   -0.17   -0.23   -0.24   -0.25   -0.26   -0.03   -0.21   +0.03   -0.21   -0.05
       med   |   46.746 |   45.587 |   45.597 |   46.264 |   46.320 |   46.021 |   46.290 |   46.494 |   46.333 |   46.888 |   46.220 |   46.139
512    32    |   84.365 |   84.479 |   84.462 |   84.428 |   84.403 |   84.391 |   84.368 |   84.401 |   84.390 |   84.446 |   84.367 |   84.456 ||   +0.13   +0.11   +0.07   +0.04   +0.03   +0.00   +0.04   +0.03   +0.10   +0.00   +0.11
       med   |   85.417 |   84.584 |   84.561 |   85.606 |   85.886 |   85.156 |   85.834 |   85.325 |   86.091 |   85.096 |   86.012 |   86.752
1024   64    |  161.829 |  161.989 |  161.961 |  162.031 |  161.841 |  161.930 |  161.869 |  161.946 |  162.006 |  161.984 |  161.975 |  162.148 ||   +0.10   +0.08   +0.12   +0.01   +0.06   +0.03   +0.07   +0.11   +0.10   +0.09   +0.20
       med   |  163.435 |  162.641 |  162.363 |  164.197 |  163.620 |  163.454 |  163.841 |  164.091 |  163.458 |  163.299 |  165.632 |  167.522
4096   256   |  628.113 |  628.825 |  628.718 |  628.684 |  628.905 |  628.549 |  628.660 |  628.578 |  628.811 |  628.837 |  628.842 |  628.933 ||   +0.11   +0.10   +0.09   +0.13   +0.07   +0.09   +0.07   +0.11   +0.12   +0.12   +0.13
       med   |  630.845 |  631.229 |  630.681 |  634.192 |  631.673 |  630.316 |  630.944 |  630.176 |  630.523 |  630.085 |  633.263 |  632.860
=== process binW.order2.4
SELFCHECK OK (256 whole-block lengths 1..256 blk x 12 variants; out/Xi/ivec/ret byte-identical, nothing written past 16*nblk)
bytes  blks  |     base |      cl4 |       e2 |       c5 |       d4 |     c3AA |       c3 |     d5AA |       d5 |     w1AA |       w1 |   baseAA ||     cl4%      e2%      c5%      d4%    c3AA%      c3%    d5AA%      d5%    w1AA%      w1%  baseAA%
16     1     |   25.339 |   12.489 |   12.497 |   12.516 |   12.556 |   12.515 |   12.516 |   12.516 |   12.556 |   12.573 |   12.570 |   25.334 ||  -50.71  -50.68  -50.60  -50.45  -50.61  -50.61  -50.60  -50.45  -50.38  -50.39   -0.02
       med   |   25.791 |   12.549 |   12.532 |   12.529 |   12.562 |   12.536 |   12.588 |   12.562 |   12.562 |   12.611 |   12.613 |   25.653
32     2     |   23.362 |   13.194 |   13.196 |   13.201 |   13.182 |   13.185 |   13.202 |   13.193 |   13.193 |   13.242 |   13.244 |   23.409 ||  -43.53  -43.52  -43.49  -43.58  -43.56  -43.49  -43.53  -43.53  -43.32  -43.31   +0.20
       med   |   23.513 |   13.199 |   13.202 |   13.316 |   13.188 |   13.278 |   13.208 |   13.197 |   13.198 |   13.278 |   13.306 |   23.615
48     3     |   24.279 |   15.094 |   15.114 |   15.180 |   15.093 |   15.106 |   15.096 |   15.092 |   15.088 |   15.188 |   15.187 |   24.260 ||  -37.83  -37.75  -37.48  -37.84  -37.78  -37.82  -37.84  -37.85  -37.45  -37.45   -0.08
       med   |   24.820 |   15.447 |   15.520 |   15.262 |   15.170 |   15.192 |   15.176 |   15.160 |   15.182 |   15.456 |   15.226 |   24.459
64     4     |   25.121 |   18.351 |   18.277 |   18.282 |   18.258 |   18.276 |   18.272 |   18.266 |   18.269 |   18.626 |   18.626 |   25.131 ||  -26.95  -27.24  -27.22  -27.32  -27.25  -27.26  -27.29  -27.27  -25.85  -25.85   +0.04
       med   |   25.608 |   18.776 |   18.302 |   18.303 |   18.302 |   18.516 |   18.303 |   18.455 |   18.295 |   18.664 |   18.650 |   25.690
80     5     |   25.994 |   25.990 |   25.988 |   25.994 |   26.022 |   26.004 |   25.999 |   25.994 |   25.961 |   26.000 |   25.991 |   25.978 ||   -0.02   -0.02   -0.00   +0.11   +0.04   +0.02   -0.00   -0.13   +0.02   -0.01   -0.06
       med   |   26.709 |   26.025 |   26.080 |   26.230 |   26.543 |   26.488 |   26.567 |   26.027 |   26.016 |   26.556 |   26.440 |   26.480
96     6     |   26.912 |   26.906 |   26.898 |   26.938 |   26.946 |   26.921 |   26.940 |   26.918 |   26.742 |   26.925 |   26.910 |   26.886 ||   -0.02   -0.05   +0.10   +0.13   +0.03   +0.10   +0.02   -0.63   +0.05   -0.01   -0.10
       med   |   27.563 |   26.974 |   26.982 |   27.204 |   27.411 |   27.042 |   27.446 |   26.957 |   26.945 |   27.217 |   27.380 |   27.070
112    7     |   27.467 |   27.404 |   27.471 |   27.488 |   27.513 |   27.519 |   27.524 |   27.501 |   27.451 |   27.521 |   27.519 |   27.460 ||   -0.23   +0.02   +0.08   +0.17   +0.19   +0.21   +0.13   -0.06   +0.20   +0.19   -0.03
       med   |   28.129 |   27.519 |   27.521 |   27.711 |   27.734 |   27.834 |   28.010 |   27.555 |   27.555 |   28.059 |   27.841 |   27.724
128    8     |   25.517 |   25.599 |   25.556 |   25.557 |   25.594 |   25.595 |   25.597 |   25.588 |   25.574 |   25.591 |   25.594 |   25.513 ||   +0.32   +0.15   +0.16   +0.30   +0.30   +0.31   +0.28   +0.22   +0.29   +0.30   -0.02
       med   |   25.679 |   25.624 |   25.622 |   25.858 |   26.145 |   25.981 |   26.126 |   25.615 |   25.671 |   25.783 |   25.955 |   25.694
256    16    |   45.404 |   45.321 |   45.385 |   45.291 |   45.601 |   45.340 |   45.371 |   45.471 |   45.432 |   45.511 |   45.505 |   45.498 ||   -0.18   -0.04   -0.25   +0.44   -0.14   -0.07   +0.15   +0.06   +0.24   +0.22   +0.21
       med   |   46.599 |   45.572 |   45.570 |   45.807 |   46.275 |   46.019 |   46.293 |   46.461 |   46.217 |   46.094 |   46.386 |   46.732
512    32    |   83.838 |   84.158 |   84.447 |   84.523 |   84.382 |   84.381 |   84.377 |   84.402 |   84.479 |   84.435 |   84.405 |   84.526 ||   +0.38   +0.73   +0.82   +0.65   +0.65   +0.64   +0.67   +0.77   +0.71   +0.68   +0.82
       med   |   85.169 |   84.764 |   85.181 |   85.814 |   85.784 |   85.194 |   84.628 |   85.355 |   86.344 |   85.362 |   85.879 |   85.993
1024   64    |  161.657 |  161.951 |  161.927 |  162.158 |  161.995 |  161.817 |  161.984 |  161.892 |  162.873 |  161.473 |  161.964 |  161.893 ||   +0.18   +0.17   +0.31   +0.21   +0.10   +0.20   +0.15   +0.75   -0.11   +0.19   +0.15
       med   |  164.177 |  163.021 |  163.261 |  165.844 |  165.134 |  163.465 |  163.288 |  162.945 |  164.269 |  163.086 |  165.732 |  164.389
4096   256   |  628.213 |  628.726 |  628.654 |  626.365 |  628.702 |  628.659 |  628.790 |  628.202 |  628.898 |  628.584 |  628.830 |  628.565 ||   +0.08   +0.07   -0.29   +0.08   +0.07   +0.09   -0.00   +0.11   +0.06   +0.10   +0.06
       med   |  631.677 |  631.005 |  630.429 |  633.583 |  631.732 |  630.380 |  630.643 |  630.157 |  630.619 |  630.356 |  632.993 |  632.187
=== process binW.order2.5
SELFCHECK OK (256 whole-block lengths 1..256 blk x 12 variants; out/Xi/ivec/ret byte-identical, nothing written past 16*nblk)
bytes  blks  |     base |      cl4 |       e2 |       c5 |       d4 |     c3AA |       c3 |     d5AA |       d5 |     w1AA |       w1 |   baseAA ||     cl4%      e2%      c5%      d4%    c3AA%      c3%    d5AA%      d5%    w1AA%      w1%  baseAA%
16     1     |   25.327 |   12.487 |   12.496 |   12.519 |   12.506 |   12.514 |   12.515 |   12.499 |   12.496 |   12.570 |   12.573 |   25.337 ||  -50.70  -50.66  -50.57  -50.62  -50.59  -50.59  -50.65  -50.66  -50.37  -50.36   +0.04
       med   |   25.695 |   12.549 |   12.532 |   12.530 |   12.562 |   12.559 |   12.588 |   12.562 |   12.563 |   12.611 |   12.613 |   25.596
32     2     |   23.361 |   13.194 |   13.195 |   13.199 |   13.182 |   13.184 |   13.203 |   13.192 |   13.191 |   13.242 |   13.243 |   23.405 ||  -43.52  -43.52  -43.50  -43.58  -43.57  -43.48  -43.53  -43.53  -43.32  -43.31   +0.18
       med   |   23.869 |   13.199 |   13.202 |   13.314 |   13.187 |   13.278 |   13.207 |   13.198 |   13.198 |   13.278 |   13.306 |   23.566
48     3     |   24.242 |   15.090 |   15.103 |   15.208 |   15.101 |   15.114 |   15.096 |   15.090 |   15.079 |   15.201 |   15.193 |   24.233 ||  -37.75  -37.70  -37.27  -37.71  -37.65  -37.73  -37.75  -37.80  -37.30  -37.33   -0.04
       med   |   24.640 |   15.446 |   15.522 |   15.271 |   15.171 |   15.222 |   15.174 |   15.164 |   15.225 |   15.657 |   15.366 |   24.347
64     4     |   25.108 |   18.357 |   18.268 |   18.285 |   18.255 |   18.272 |   18.261 |   18.265 |   18.263 |   18.630 |   18.626 |   25.122 ||  -26.89  -27.24  -27.18  -27.29  -27.23  -27.27  -27.25  -27.26  -25.80  -25.82   +0.06
       med   |   25.140 |   18.856 |   18.292 |   18.499 |   18.305 |   18.516 |   18.457 |   18.436 |   18.455 |   19.191 |   18.649 |   25.495
80     5     |   25.995 |   25.988 |   25.995 |   25.994 |   25.997 |   25.996 |   25.994 |   25.986 |   25.962 |   26.000 |   25.991 |   25.983 ||   -0.02   +0.00   -0.00   +0.01   +0.00   -0.01   -0.03   -0.12   +0.02   -0.01   -0.05
       med   |   26.554 |   26.020 |   26.081 |   26.230 |   26.454 |   26.255 |   26.540 |   26.024 |   26.027 |   26.558 |   26.371 |   26.225
96     6     |   26.913 |   26.929 |   26.896 |   26.901 |   26.922 |   26.912 |   26.922 |   26.920 |   26.743 |   26.926 |   26.917 |   26.882 ||   +0.06   -0.06   -0.05   +0.03   -0.00   +0.03   +0.03   -0.63   +0.05   +0.02   -0.12
       med   |   27.341 |   26.972 |   27.036 |   27.023 |   27.240 |   27.039 |   27.443 |   26.955 |   26.947 |   27.436 |   27.170 |   26.967
112    7     |   27.458 |   27.415 |   27.488 |   27.491 |   27.529 |   27.525 |   27.524 |   27.488 |   27.451 |   27.518 |   27.515 |   27.448 ||   -0.16   +0.11   +0.12   +0.26   +0.25   +0.24   +0.11   -0.03   +0.22   +0.21   -0.04
       med   |   27.808 |   27.518 |   27.522 |   27.706 |   27.945 |   27.795 |   28.015 |   27.551 |   27.548 |   27.960 |   27.852 |   27.565
128    8     |   25.520 |   25.592 |   25.554 |   25.575 |   25.590 |   25.594 |   25.579 |   25.589 |   25.595 |   25.604 |   25.571 |   25.516 ||   +0.28   +0.13   +0.22   +0.28   +0.29   +0.23   +0.27   +0.29   +0.33   +0.20   -0.01
       med   |   25.701 |   25.624 |   25.623 |   25.844 |   26.014 |   25.884 |   25.935 |   25.615 |   25.786 |   26.005 |   25.888 |   25.746
256    16    |   45.475 |   45.317 |   45.400 |   45.371 |   45.362 |   45.372 |   45.358 |   45.415 |   45.423 |   45.293 |   45.505 |   45.518 ||   -0.35   -0.17   -0.23   -0.25   -0.23   -0.26   -0.13   -0.12   -0.40   +0.07   +0.09
       med   |   46.719 |   45.596 |   45.582 |   46.159 |   46.289 |   46.295 |   46.334 |   46.095 |   46.247 |   46.067 |   46.230 |   46.628
512    32    |   84.374 |   84.458 |   84.400 |   84.548 |   84.377 |   84.389 |   84.395 |   84.399 |   84.482 |   84.434 |   84.396 |   84.464 ||   +0.10   +0.03   +0.21   +0.00   +0.02   +0.03   +0.03   +0.13   +0.07   +0.03   +0.11
       med   |   85.835 |   84.582 |   85.316 |   85.884 |   85.337 |   85.454 |   85.827 |   85.349 |   86.387 |   85.278 |   86.073 |   85.723
1024   64    |  161.799 |  161.913 |  161.997 |  160.249 |  161.931 |  161.842 |  161.289 |  161.934 |  161.981 |  161.492 |  161.978 |  162.144 ||   +0.07   +0.12   -0.96   +0.08   +0.03   -0.32   +0.08   +0.11   -0.19   +0.11   +0.21
       med   |  163.738 |  162.594 |  163.099 |  164.167 |  163.329 |  163.407 |  163.851 |  163.212 |  163.496 |  162.775 |  165.729 |  166.052
4096   256   |  628.139 |  628.601 |  628.413 |  628.846 |  628.566 |  628.567 |  628.778 |  628.679 |  628.836 |  628.871 |  628.725 |  628.630 ||   +0.07   +0.04   +0.11   +0.07   +0.07   +0.10   +0.09   +0.11   +0.12   +0.09   +0.08
       med   |  630.981 |  631.337 |  631.012 |  634.470 |  630.048 |  630.201 |  631.313 |  630.504 |  630.646 |  629.991 |  632.944 |  631.226
=== process binW.order3.1
SELFCHECK OK (256 whole-block lengths 1..256 blk x 12 variants; out/Xi/ivec/ret byte-identical, nothing written past 16*nblk)
bytes  blks  |     base |       c3 |     c3AA |       d4 |       c5 |       e2 |      cl4 |   baseAA |       w1 |     w1AA |       d5 |     d5AA ||      c3%    c3AA%      d4%      c5%      e2%     cl4%  baseAA%      w1%    w1AA%      d5%    d5AA%
16     1     |   25.307 |   12.508 |   12.498 |   12.520 |   12.524 |   12.515 |   12.548 |   25.302 |   12.537 |   12.535 |   12.499 |   12.516 ||  -50.58  -50.62  -50.53  -50.51  -50.55  -50.42   -0.02  -50.46  -50.47  -50.61  -50.54
       med   |   25.515 |   12.542 |   12.524 |   12.528 |   12.588 |   12.533 |   12.561 |   25.400 |   12.599 |   12.597 |   12.528 |   12.528
32     2     |   23.363 |   13.181 |   13.185 |   13.169 |   13.199 |   13.195 |   13.203 |   23.404 |   13.235 |   13.234 |   13.187 |   13.188 ||  -43.58  -43.57  -43.63  -43.50  -43.52  -43.49   +0.18  -43.35  -43.35  -43.56  -43.55
       med   |   23.480 |   13.203 |   13.203 |   13.184 |   13.204 |   13.203 |   13.289 |   23.456 |   13.314 |   13.239 |   13.192 |   13.261
48     3     |   24.251 |   15.093 |   15.082 |   15.127 |   15.183 |   15.068 |   15.085 |   24.252 |   15.222 |   15.198 |   15.078 |   15.076 ||  -37.77  -37.81  -37.62  -37.39  -37.87  -37.80   +0.00  -37.23  -37.33  -37.82  -37.83
       med   |   24.372 |   15.446 |   15.505 |   15.185 |   15.237 |   15.180 |   15.122 |   24.310 |   15.687 |   15.230 |   15.119 |   15.119
64     4     |   25.122 |   18.291 |   18.289 |   18.288 |   18.283 |   18.244 |   18.341 |   25.054 |   18.650 |   18.644 |   18.302 |   18.315 ||  -27.19  -27.20  -27.20  -27.22  -27.38  -26.99   -0.27  -25.76  -25.79  -27.15  -27.10
       med   |   25.309 |   18.776 |   18.309 |   18.525 |   18.299 |   18.432 |   18.360 |   25.182 |   19.225 |   18.874 |   18.330 |   18.533
80     5     |   25.986 |   25.991 |   25.997 |   25.986 |   25.992 |   25.994 |   25.990 |   25.987 |   25.997 |   25.993 |   25.996 |   26.008 ||   +0.02   +0.04   +0.00   +0.02   +0.03   +0.02   +0.00   +0.04   +0.03   +0.04   +0.09
       med   |   26.222 |   26.019 |   26.081 |   26.223 |   26.022 |   26.701 |   26.313 |   26.016 |   26.257 |   26.099 |   26.485 |   26.331
96     6     |   26.898 |   26.929 |   26.927 |   26.923 |   26.933 |   26.914 |   26.940 |   26.765 |   26.935 |   26.901 |   26.923 |   26.969 ||   +0.11   +0.11   +0.09   +0.13   +0.06   +0.16   -0.49   +0.14   +0.01   +0.09   +0.26
       med   |   27.371 |   26.973 |   26.975 |   27.057 |   26.975 |   27.491 |   27.463 |   26.964 |   26.982 |   27.192 |   27.323 |   27.215
112    7     |   27.463 |   27.422 |   27.487 |   27.497 |   27.484 |   27.526 |   27.528 |   27.414 |   27.475 |   27.493 |   27.494 |   27.398 ||   -0.15   +0.09   +0.12   +0.07   +0.23   +0.23   -0.18   +0.04   +0.11   +0.11   -0.24
       med   |   28.019 |   27.519 |   27.705 |   27.710 |   27.520 |   28.063 |   27.983 |   27.488 |   27.526 |   27.718 |   27.646 |   27.732
128    8     |   25.523 |   25.570 |   25.555 |   25.575 |   25.546 |   25.579 |   25.596 |   25.512 |   25.576 |   25.384 |   25.554 |   25.566 ||   +0.19   +0.13   +0.21   +0.09   +0.22   +0.29   -0.04   +0.21   -0.54   +0.12   +0.17
       med   |   25.919 |   25.623 |   25.815 |   25.778 |   25.624 |   26.020 |   26.289 |   25.543 |   25.631 |   25.860 |   25.635 |   25.764
256    16    |   45.550 |   45.126 |   45.398 |   45.345 |   45.343 |   45.387 |   45.391 |   45.546 |   45.354 |   45.332 |   45.360 |   45.400 ||   -0.93   -0.33   -0.45   -0.45   -0.36   -0.35   -0.01   -0.43   -0.48   -0.42   -0.33
       med   |   46.823 |   45.778 |   45.576 |   46.215 |   45.478 |   46.834 |   46.389 |   45.736 |   46.252 |   46.314 |   45.815 |   46.383
512    32    |   84.365 |   83.916 |   84.450 |   84.451 |   84.464 |   84.384 |   84.383 |   84.431 |   84.451 |   84.548 |   84.263 |   84.492 ||   -0.53   +0.10   +0.10   +0.12   +0.02   +0.02   +0.08   +0.10   +0.22   -0.12   +0.15
       med   |   85.255 |   84.693 |   84.571 |   85.609 |   85.314 |   85.201 |   84.936 |   86.078 |   85.767 |   86.013 |   84.574 |   85.435
1024   64    |  161.912 |  162.006 |  161.971 |  162.161 |  161.748 |  161.954 |  161.933 |  161.969 |  162.077 |  161.918 |  162.041 |  161.716 ||   +0.06   +0.04   +0.15   -0.10   +0.03   +0.01   +0.03   +0.10   +0.00   +0.08   -0.12
       med   |  163.604 |  163.256 |  163.116 |  165.648 |  162.976 |  163.291 |  163.609 |  166.029 |  163.966 |  163.060 |  164.660 |  164.756
4096   256   |  628.279 |  628.681 |  628.767 |  628.842 |  628.761 |  628.534 |  628.659 |  628.567 |  628.664 |  628.651 |  628.697 |  628.931 ||   +0.06   +0.08   +0.09   +0.08   +0.04   +0.06   +0.05   +0.06   +0.06   +0.07   +0.10
       med   |  632.576 |  631.165 |  631.398 |  635.909 |  631.178 |  630.160 |  631.636 |  632.861 |  632.731 |  630.407 |  634.340 |  630.505
=== process binW.order3.2
SELFCHECK OK (256 whole-block lengths 1..256 blk x 12 variants; out/Xi/ivec/ret byte-identical, nothing written past 16*nblk)
bytes  blks  |     base |       c3 |     c3AA |       d4 |       c5 |       e2 |      cl4 |   baseAA |       w1 |     w1AA |       d5 |     d5AA ||      c3%    c3AA%      d4%      c5%      e2%     cl4%  baseAA%      w1%    w1AA%      d5%    d5AA%
16     1     |   25.392 |   12.509 |   12.496 |   12.522 |   12.523 |   12.514 |   12.527 |   23.416 |   12.590 |   12.590 |   12.506 |   12.496 ||  -50.74  -50.79  -50.69  -50.68  -50.72  -50.67   -7.78  -50.42  -50.42  -50.75  -50.79
       med   |   25.749 |   12.543 |   12.529 |   12.529 |   12.589 |   12.523 |   12.561 |   25.463 |   12.598 |   12.597 |   12.528 |   12.528
32     2     |   23.416 |   13.184 |   13.186 |   13.171 |   13.197 |   13.195 |   13.204 |   23.408 |   13.234 |   13.234 |   13.186 |   13.187 ||  -43.70  -43.69  -43.75  -43.64  -43.65  -43.61   -0.03  -43.48  -43.48  -43.69  -43.68
       med   |   23.939 |   13.203 |   13.203 |   13.183 |   13.204 |   13.202 |   13.290 |   23.451 |   13.313 |   13.239 |   13.192 |   13.193
48     3     |   24.279 |   15.093 |   15.105 |   15.118 |   15.165 |   15.076 |   15.088 |   24.245 |   15.215 |   15.200 |   15.070 |   15.073 ||  -37.84  -37.79  -37.73  -37.54  -37.91  -37.86   -0.14  -37.34  -37.40  -37.93  -37.92
       med   |   24.801 |   15.443 |   15.513 |   15.186 |   15.238 |   15.183 |   15.122 |   24.313 |   15.688 |   15.232 |   15.119 |   15.120
64     4     |   25.127 |   18.294 |   18.291 |   18.285 |   18.279 |   18.245 |   18.340 |   25.043 |   18.668 |   18.644 |   18.310 |   18.314 ||  -27.19  -27.21  -27.23  -27.25  -27.39  -27.01   -0.33  -25.71  -25.80  -27.13  -27.12
       med   |   25.660 |   18.781 |   18.309 |   18.423 |   18.300 |   18.469 |   18.362 |   25.176 |   19.335 |   18.669 |   18.333 |   18.679
80     5     |   25.980 |   25.982 |   25.998 |   25.997 |   25.983 |   26.005 |   25.993 |   25.985 |   25.988 |   25.987 |   25.989 |   25.992 ||   +0.01   +0.07   +0.06   +0.01   +0.10   +0.05   +0.02   +0.03   +0.03   +0.03   +0.05
       med   |   26.123 |   26.025 |   26.081 |   26.236 |   26.020 |   26.734 |   26.699 |   26.016 |   26.128 |   26.090 |   26.333 |   26.324
96     6     |   26.911 |   26.923 |   26.935 |   26.898 |   26.929 |   26.933 |   26.928 |   26.738 |   26.927 |   26.935 |   26.915 |   26.930 ||   +0.04   +0.09   -0.05   +0.07   +0.08   +0.06   -0.65   +0.06   +0.09   +0.02   +0.07
       med   |   27.556 |   26.973 |   26.977 |   27.050 |   26.975 |   27.562 |   27.476 |   26.963 |   27.212 |   27.195 |   27.305 |   27.217
112    7     |   27.457 |   27.396 |   27.488 |   27.484 |   27.490 |   27.522 |   27.534 |   27.436 |   27.482 |   27.485 |   27.497 |   27.433 ||   -0.22   +0.11   +0.10   +0.12   +0.24   +0.28   -0.08   +0.09   +0.10   +0.14   -0.09
       med   |   28.024 |   27.519 |   27.520 |   27.577 |   27.521 |   28.018 |   28.110 |   27.491 |   27.604 |   27.705 |   27.941 |   27.749
128    8     |   25.520 |   25.577 |   25.558 |   25.566 |   25.558 |   25.594 |   25.592 |   25.516 |   25.604 |   25.372 |   25.566 |   25.581 ||   +0.22   +0.15   +0.18   +0.15   +0.29   +0.28   -0.02   +0.33   -0.58   +0.18   +0.24
       med   |   25.860 |   25.623 |   25.627 |   25.858 |   25.623 |   26.177 |   25.996 |   25.542 |   25.977 |   25.765 |   25.625 |   25.862
256    16    |   45.534 |   45.337 |   45.392 |   45.330 |   45.320 |   45.394 |   45.450 |   45.415 |   45.351 |   45.410 |   45.353 |   45.364 ||   -0.43   -0.31   -0.45   -0.47   -0.31   -0.18   -0.26   -0.40   -0.27   -0.40   -0.37
       med   |   46.969 |   45.562 |   45.573 |   46.093 |   45.480 |   46.791 |   46.307 |   45.735 |   46.229 |   46.368 |   46.013 |   46.138
512    32    |   84.393 |   84.376 |   84.445 |   84.460 |   84.380 |   83.505 |   84.418 |   84.418 |   84.463 |   84.490 |   84.257 |   84.576 ||   -0.02   +0.06   +0.08   -0.02   -1.05   +0.03   +0.03   +0.08   +0.11   -0.16   +0.22
       med   |   85.639 |   84.805 |   84.762 |   86.053 |   85.361 |   85.223 |   85.850 |   85.936 |   86.002 |   85.561 |   85.533 |   85.220
1024   64    |  161.882 |  162.023 |  162.014 |  161.627 |  161.980 |  161.487 |  161.976 |  161.412 |  162.011 |  161.192 |  162.036 |  162.216 ||   +0.09   +0.08   -0.16   +0.06   -0.24   +0.06   -0.29   +0.08   -0.43   +0.09   +0.21
       med   |  163.808 |  163.271 |  163.319 |  165.615 |  163.119 |  163.624 |  163.385 |  163.893 |  164.626 |  166.065 |  165.223 |  164.945
4096   256   |  628.265 |  628.689 |  628.660 |  628.422 |  628.681 |  628.556 |  628.788 |  628.122 |  628.672 |  628.114 |  628.577 |  628.846 ||   +0.07   +0.06   +0.02   +0.07   +0.05   +0.08   -0.02   +0.06   -0.02   +0.05   +0.09
       med   |  632.646 |  630.843 |  630.879 |  635.125 |  630.563 |  630.229 |  632.199 |  632.654 |  631.429 |  631.147 |  634.827 |  630.808
=== process binW.order3.3
SELFCHECK OK (256 whole-block lengths 1..256 blk x 12 variants; out/Xi/ivec/ret byte-identical, nothing written past 16*nblk)
bytes  blks  |     base |       c3 |     c3AA |       d4 |       c5 |       e2 |      cl4 |   baseAA |       w1 |     w1AA |       d5 |     d5AA ||      c3%    c3AA%      d4%      c5%      e2%     cl4%  baseAA%      w1%    w1AA%      d5%    d5AA%
16     1     |   25.318 |   12.508 |   12.498 |   12.495 |   12.522 |   12.515 |   12.528 |   25.323 |   12.590 |   12.551 |   12.513 |   12.520 ||  -50.60  -50.64  -50.65  -50.54  -50.57  -50.52   +0.02  -50.27  -50.42  -50.58  -50.55
       med   |   25.775 |   12.544 |   12.526 |   12.528 |   12.530 |   12.524 |   12.561 |   25.567 |   12.619 |   12.597 |   12.528 |   12.529
32     2     |   23.371 |   13.189 |   13.186 |   13.170 |   13.199 |   13.195 |   13.203 |   23.411 |   13.235 |   13.235 |   13.186 |   13.186 ||  -43.57  -43.58  -43.65  -43.53  -43.54  -43.51   +0.17  -43.37  -43.37  -43.58  -43.58
       med   |   23.883 |   13.202 |   13.203 |   13.183 |   13.205 |   13.203 |   13.241 |   23.497 |   13.316 |   13.239 |   13.192 |   13.194
48     3     |   24.254 |   15.094 |   15.097 |   15.130 |   15.183 |   15.087 |   15.076 |   24.246 |   15.218 |   15.196 |   15.084 |   15.088 ||  -37.77  -37.76  -37.62  -37.40  -37.80  -37.84   -0.03  -37.26  -37.35  -37.81  -37.79
       med   |   24.795 |   15.447 |   15.513 |   15.234 |   15.265 |   15.195 |   15.138 |   24.317 |   15.692 |   15.230 |   15.138 |   15.141
64     4     |   25.140 |   18.298 |   18.287 |   18.287 |   18.280 |   18.247 |   18.344 |   25.050 |   18.655 |   18.641 |   18.306 |   18.314 ||  -27.22  -27.26  -27.26  -27.29  -27.42  -27.03   -0.36  -25.80  -25.85  -27.18  -27.15
       med   |   25.600 |   18.780 |   18.307 |   18.422 |   18.301 |   18.473 |   18.588 |   25.174 |   19.244 |   18.666 |   18.329 |   18.682
80     5     |   25.991 |   25.991 |   25.996 |   25.996 |   25.990 |   26.001 |   25.989 |   25.984 |   25.986 |   25.992 |   25.983 |   25.990 ||   +0.00   +0.02   +0.02   -0.00   +0.04   -0.01   -0.02   -0.02   +0.01   -0.03   -0.00
       med   |   26.766 |   26.029 |   26.083 |   26.238 |   26.021 |   26.722 |   26.338 |   26.015 |   26.280 |   26.026 |   26.344 |   26.266
96     6     |   26.921 |   26.925 |   26.915 |   26.911 |   26.928 |   26.919 |   26.932 |   26.736 |   26.929 |   26.891 |   26.928 |   26.914 ||   +0.01   -0.02   -0.04   +0.03   -0.00   +0.04   -0.69   +0.03   -0.11   +0.03   -0.03
       med   |   27.189 |   26.972 |   26.977 |   27.038 |   26.973 |   27.509 |   27.458 |   26.964 |   27.218 |   26.980 |   27.026 |   27.174
112    7     |   27.461 |   27.421 |   27.478 |   27.498 |   27.487 |   27.526 |   27.428 |   27.432 |   27.481 |   27.478 |   27.494 |   27.463 ||   -0.15   +0.06   +0.14   +0.09   +0.24   -0.12   -0.11   +0.07   +0.06   +0.12   +0.01
       med   |   28.157 |   27.520 |   27.571 |   27.723 |   27.769 |   28.089 |   27.839 |   27.494 |   27.769 |   27.526 |   27.602 |   27.741
128    8     |   25.516 |   25.602 |   25.554 |   25.575 |   25.551 |   25.590 |   25.597 |   25.513 |   25.557 |   25.385 |   25.593 |   25.557 ||   +0.34   +0.15   +0.23   +0.14   +0.29   +0.32   -0.01   +0.16   -0.51   +0.30   +0.16
       med   |   25.689 |   25.622 |   25.623 |   25.851 |   25.623 |   26.181 |   26.149 |   25.555 |   25.942 |   25.856 |   25.973 |   25.770
256    16    |   45.562 |   45.317 |   45.394 |   45.334 |   45.321 |   45.357 |   45.625 |   45.476 |   45.364 |   45.341 |   45.363 |   45.327 ||   -0.54   -0.37   -0.50   -0.53   -0.45   +0.14   -0.19   -0.43   -0.49   -0.44   -0.52
       med   |   47.067 |   45.772 |   45.501 |   45.943 |   45.448 |   46.982 |   46.343 |   45.854 |   45.935 |   46.381 |   46.004 |   46.075
512    32    |   84.365 |   84.431 |   84.392 |   84.120 |   84.408 |   84.389 |   84.379 |   84.416 |   84.458 |   84.386 |   84.440 |   84.431 ||   +0.08   +0.03   -0.29   +0.05   +0.03   +0.02   +0.06   +0.11   +0.02   +0.09   +0.08
       med   |   86.001 |   84.606 |   84.555 |   85.777 |   85.571 |   85.310 |   85.319 |   85.489 |   85.973 |   86.416 |   85.667 |   84.795
1024   64    |  161.811 |  162.095 |  161.812 |  162.073 |  162.054 |  161.906 |  161.887 |  161.932 |  161.496 |  162.073 |  161.819 |  161.623 ||   +0.17   +0.00   +0.16   +0.15   +0.06   +0.05   +0.07   -0.19   +0.16   +0.00   -0.12
       med   |  163.115 |  163.541 |  162.958 |  165.563 |  163.732 |  163.029 |  164.990 |  163.827 |  164.754 |  166.151 |  164.833 |  162.317
4096   256   |  628.106 |  628.654 |  628.285 |  628.670 |  628.596 |  628.821 |  628.704 |  628.212 |  628.645 |  628.723 |  628.698 |  628.830 ||   +0.09   +0.03   +0.09   +0.08   +0.11   +0.10   +0.02   +0.09   +0.10   +0.09   +0.12
       med   |  632.039 |  631.031 |  631.090 |  634.289 |  630.625 |  630.390 |  632.927 |  630.803 |  632.269 |  630.288 |  634.722 |  630.676
=== process binW.order3.4
SELFCHECK OK (256 whole-block lengths 1..256 blk x 12 variants; out/Xi/ivec/ret byte-identical, nothing written past 16*nblk)
bytes  blks  |     base |       c3 |     c3AA |       d4 |       c5 |       e2 |      cl4 |   baseAA |       w1 |     w1AA |       d5 |     d5AA ||      c3%    c3AA%      d4%      c5%      e2%     cl4%  baseAA%      w1%    w1AA%      d5%    d5AA%
16     1     |   25.388 |   12.508 |   12.498 |   12.520 |   12.525 |   12.514 |   12.555 |   25.355 |   12.569 |   12.590 |   12.477 |   12.519 ||  -50.73  -50.77  -50.68  -50.67  -50.71  -50.55   -0.13  -50.49  -50.41  -50.85  -50.69
       med   |   25.746 |   12.544 |   12.527 |   12.529 |   12.590 |   12.525 |   12.561 |   25.518 |   12.597 |   12.597 |   12.528 |   12.528
32     2     |   23.364 |   13.184 |   13.187 |   13.172 |   13.198 |   13.195 |   13.203 |   23.391 |   13.236 |   13.235 |   13.185 |   13.187 ||  -43.57  -43.56  -43.62  -43.51  -43.52  -43.49   +0.12  -43.35  -43.35  -43.57  -43.56
       med   |   23.873 |   13.203 |   13.202 |   13.183 |   13.204 |   13.202 |   13.291 |   23.447 |   13.314 |   13.239 |   13.192 |   13.194
48     3     |   24.266 |   15.087 |   15.093 |   15.129 |   15.178 |   15.065 |   15.082 |   24.248 |   15.212 |   15.199 |   15.085 |   15.077 ||  -37.82  -37.80  -37.65  -37.45  -37.92  -37.85   -0.07  -37.31  -37.36  -37.83  -37.87
       med   |   24.490 |   15.450 |   15.528 |   15.194 |   15.239 |   15.170 |   15.123 |   24.309 |   15.690 |   15.230 |   15.121 |   15.121
64     4     |   25.128 |   18.298 |   18.289 |   18.295 |   18.282 |   18.251 |   18.338 |   25.050 |   18.655 |   18.646 |   18.302 |   18.308 ||  -27.18  -27.22  -27.19  -27.24  -27.37  -27.02   -0.31  -25.76  -25.79  -27.16  -27.14
       med   |   25.372 |   18.782 |   18.308 |   18.684 |   18.300 |   18.475 |   18.366 |   25.174 |   19.240 |   18.669 |   18.329 |   18.340
80     5     |   25.991 |   25.989 |   25.989 |   25.997 |   25.988 |   25.990 |   26.010 |   25.974 |   25.995 |   25.993 |   25.994 |   25.999 ||   -0.01   -0.01   +0.02   -0.01   -0.01   +0.07   -0.07   +0.01   +0.00   +0.01   +0.03
       med   |   26.258 |   26.023 |   26.084 |   26.263 |   26.150 |   26.345 |   26.550 |   26.019 |   26.036 |   26.080 |   26.325 |   26.239
96     6     |   26.930 |   26.941 |   26.940 |   26.926 |   26.909 |   26.938 |   26.936 |   26.741 |   26.909 |   26.906 |   26.915 |   26.951 ||   +0.04   +0.03   -0.02   -0.08   +0.03   +0.02   -0.70   -0.08   -0.09   -0.06   +0.08
       med   |   27.601 |   26.974 |   26.976 |   27.215 |   26.973 |   27.432 |   27.628 |   26.965 |   27.175 |   27.196 |   27.029 |   27.218
112    7     |   27.456 |   27.421 |   27.489 |   27.496 |   27.486 |   27.514 |   27.531 |   27.432 |   27.488 |   27.488 |   27.488 |   27.504 ||   -0.13   +0.12   +0.15   +0.11   +0.21   +0.27   -0.09   +0.12   +0.11   +0.11   +0.17
       med   |   27.727 |   27.520 |   27.522 |   27.722 |   27.535 |   28.076 |   28.036 |   27.501 |   27.733 |   27.527 |   27.760 |   27.728
128    8     |   25.519 |   25.563 |   25.576 |   25.557 |   25.569 |   25.594 |   25.587 |   25.513 |   25.575 |   25.380 |   25.579 |   25.573 ||   +0.17   +0.22   +0.15   +0.19   +0.29   +0.26   -0.03   +0.22   -0.55   +0.24   +0.21
       med   |   25.874 |   25.624 |   25.630 |   25.628 |   25.639 |   26.171 |   25.888 |   25.543 |   25.623 |   25.855 |   25.628 |   25.765
256    16    |   45.444 |   45.312 |   45.396 |   45.324 |   45.323 |   45.305 |   45.371 |   45.480 |   45.341 |   45.361 |   45.368 |   45.375 ||   -0.29   -0.11   -0.26   -0.27   -0.31   -0.16   +0.08   -0.23   -0.18   -0.17   -0.15
       med   |   46.850 |   45.571 |   45.516 |   46.243 |   45.450 |   46.323 |   46.343 |   45.736 |   46.336 |   46.370 |   45.984 |   46.184
512    32    |   84.361 |   84.443 |   84.417 |   84.150 |   83.390 |   83.849 |   84.421 |   84.210 |   84.445 |   84.439 |   84.444 |   84.709 ||   +0.10   +0.07   -0.25   -1.15   -0.61   +0.07   -0.18   +0.10   +0.09   +0.10   +0.41
       med   |   85.427 |   84.736 |   84.562 |   85.497 |   85.437 |   84.868 |   85.816 |   85.550 |   85.752 |   86.005 |   85.837 |   85.636
1024   64    |  161.858 |  161.983 |  161.969 |  162.103 |  162.023 |  161.793 |  161.964 |  161.904 |  161.811 |  162.048 |  161.941 |  162.169 ||   +0.08   +0.07   +0.15   +0.10   -0.04   +0.07   +0.03   -0.03   +0.12   +0.05   +0.19
       med   |  163.526 |  163.005 |  162.960 |  165.351 |  163.011 |  163.070 |  163.195 |  164.987 |  164.142 |  165.600 |  164.184 |  163.426
4096   256   |  628.141 |  628.658 |  628.734 |  628.741 |  628.503 |  628.739 |  628.750 |  628.508 |  628.665 |  628.790 |  628.705 |  628.990 ||   +0.08   +0.09   +0.10   +0.06   +0.10   +0.10   +0.06   +0.08   +0.10   +0.09   +0.14
       med   |  631.844 |  630.593 |  630.683 |  635.030 |  630.556 |  630.318 |  631.500 |  631.504 |  632.437 |  631.882 |  634.798 |  631.001
=== process binW.order3.5
SELFCHECK OK (256 whole-block lengths 1..256 blk x 12 variants; out/Xi/ivec/ret byte-identical, nothing written past 16*nblk)
bytes  blks  |     base |       c3 |     c3AA |       d4 |       c5 |       e2 |      cl4 |   baseAA |       w1 |     w1AA |       d5 |     d5AA ||      c3%    c3AA%      d4%      c5%      e2%     cl4%  baseAA%      w1%    w1AA%      d5%    d5AA%
16     1     |   25.394 |   12.506 |   12.497 |   12.496 |   12.521 |   12.514 |   12.551 |   25.356 |   12.590 |   12.590 |   12.477 |   12.492 ||  -50.75  -50.79  -50.79  -50.70  -50.72  -50.57   -0.15  -50.42  -50.42  -50.87  -50.81
       med   |   25.745 |   12.545 |   12.526 |   12.528 |   12.530 |   12.534 |   12.560 |   25.466 |   12.598 |   12.597 |   12.528 |   12.534
32     2     |   23.383 |   13.185 |   13.183 |   13.169 |   13.199 |   13.196 |   13.204 |   23.400 |   13.238 |   13.235 |   13.187 |   13.188 ||  -43.61  -43.62  -43.68  -43.55  -43.57  -43.53   +0.07  -43.39  -43.40  -43.60  -43.60
       med   |   23.630 |   13.203 |   13.202 |   13.184 |   13.204 |   13.203 |   13.291 |   23.497 |   13.315 |   13.239 |   13.191 |   13.261
48     3     |   24.270 |   15.074 |   15.091 |   15.111 |   15.180 |   15.082 |   15.071 |   24.253 |   15.205 |   15.198 |   15.081 |   15.078 ||  -37.89  -37.82  -37.74  -37.45  -37.86  -37.90   -0.07  -37.35  -37.38  -37.86  -37.87
       med   |   24.787 |   15.297 |   15.512 |   15.182 |   15.241 |   15.176 |   15.124 |   24.315 |   15.684 |   15.233 |   15.121 |   15.121
64     4     |   25.123 |   18.297 |   18.291 |   18.283 |   18.276 |   18.246 |   18.341 |   25.055 |   18.651 |   18.646 |   18.309 |   18.307 ||  -27.17  -27.20  -27.22  -27.25  -27.37  -26.99   -0.27  -25.76  -25.78  -27.12  -27.13
       med   |   25.606 |   18.781 |   18.307 |   18.427 |   18.300 |   18.475 |   18.362 |   25.179 |   19.158 |   18.675 |   18.329 |   18.340
80     5     |   25.994 |   25.995 |   25.998 |   25.991 |   25.989 |   26.001 |   26.001 |   25.987 |   25.989 |   25.989 |   25.992 |   25.993 ||   +0.00   +0.02   -0.01   -0.02   +0.03   +0.03   -0.03   -0.02   -0.02   -0.01   -0.00
       med   |   26.737 |   26.023 |   26.080 |   26.086 |   26.021 |   26.699 |   26.563 |   26.017 |   26.278 |   26.027 |   26.276 |   26.332
96     6     |   26.936 |   26.925 |   26.902 |   26.894 |   26.922 |   26.937 |   26.923 |   26.738 |   26.937 |   26.909 |   26.935 |   26.886 ||   -0.04   -0.13   -0.16   -0.05   +0.01   -0.05   -0.73   +0.01   -0.10   -0.00   -0.19
       med   |   27.516 |   26.973 |   26.976 |   27.039 |   26.974 |   27.458 |   27.456 |   26.963 |   27.160 |   26.983 |   27.208 |   27.218
112    7     |   27.457 |   27.415 |   27.484 |   27.497 |   27.488 |   27.521 |   27.522 |   27.424 |   27.482 |   27.483 |   27.486 |   27.509 ||   -0.15   +0.10   +0.15   +0.11   +0.23   +0.24   -0.12   +0.09   +0.10   +0.11   +0.19
       med   |   27.812 |   27.519 |   27.525 |   27.721 |   27.521 |   28.051 |   28.024 |   27.533 |   27.531 |   27.523 |   27.836 |   27.743
128    8     |   25.513 |   25.598 |   25.564 |   25.579 |   25.591 |   25.591 |   25.575 |   25.519 |   25.577 |   25.374 |   25.575 |   25.563 ||   +0.33   +0.20   +0.26   +0.31   +0.31   +0.24   +0.02   +0.25   -0.54   +0.24   +0.20
       med   |   25.707 |   25.622 |   25.623 |   25.789 |   25.624 |   26.180 |   25.964 |   25.544 |   25.786 |   25.780 |   25.854 |   25.768
256    16    |   45.470 |   45.331 |   45.398 |   45.381 |   45.329 |   45.381 |   45.351 |   45.479 |   45.379 |   45.408 |   45.348 |   45.364 ||   -0.31   -0.16   -0.19   -0.31   -0.19   -0.26   +0.02   -0.20   -0.13   -0.27   -0.23
       med   |   46.321 |   45.720 |   45.590 |   45.998 |   45.491 |   46.720 |   46.075 |   45.861 |   46.327 |   46.323 |   46.054 |   46.281
512    32    |   84.381 |   84.318 |   84.461 |   84.188 |   84.419 |   84.158 |   84.376 |   84.450 |   84.442 |   84.457 |   84.455 |   84.448 ||   -0.07   +0.10   -0.23   +0.05   -0.26   -0.01   +0.08   +0.07   +0.09   +0.09   +0.08
       med   |   85.515 |   84.699 |   84.561 |   85.646 |   85.340 |   85.367 |   84.576 |   85.853 |   86.077 |   86.227 |   85.787 |   86.139
1024   64    |  161.901 |  161.970 |  162.823 |  162.008 |  162.026 |  161.903 |  161.972 |  161.955 |  161.870 |  161.211 |  162.035 |  162.080 ||   +0.04   +0.57   +0.07   +0.08   +0.00   +0.04   +0.03   -0.02   -0.43   +0.08   +0.11
       med   |  163.188 |  163.124 |  163.246 |  164.530 |  163.147 |  163.481 |  164.939 |  164.525 |  163.183 |  163.274 |  166.268 |  164.464
4096   256   |  628.178 |  628.697 |  628.638 |  628.683 |  628.677 |  628.944 |  628.879 |  628.551 |  628.737 |  628.628 |  628.739 |  628.555 ||   +0.08   +0.07   +0.08   +0.08   +0.12   +0.11   +0.06   +0.09   +0.07   +0.09   +0.06
       med   |  632.061 |  630.967 |  631.141 |  634.678 |  630.370 |  630.380 |  633.292 |  631.777 |  633.274 |  630.530 |  635.138 |  630.688
