## bin=binW host=gv5 core=3 reps=300 nproc=5
## O1: base baseAA w1 w1AA d5 d5AA c3 c3AA d4 c5 e2 cl4
## O2: base cl4 e2 c5 d4 c3AA c3 d5AA d5 w1AA w1 baseAA
## O3: base c3 c3AA d4 c5 e2 cl4 baseAA w1 w1AA d5 d5AA
=== process binW.order1.1
SELFCHECK OK (256 whole-block lengths 1..256 blk x 12 variants; out/Xi/ivec/ret byte-identical, nothing written past 16*nblk)
bytes  blks  |     base |   baseAA |       w1 |     w1AA |       d5 |     d5AA |       c3 |     c3AA |       d4 |       c5 |       e2 |      cl4 ||  baseAA%      w1%    w1AA%      d5%    d5AA%      c3%    c3AA%      d4%      c5%      e2%     cl4%
16     1     |   19.622 |   19.623 |   10.605 |   10.605 |   10.558 |   10.558 |   10.565 |   10.566 |   10.558 |   10.567 |   10.566 |   10.557 ||   +0.01  -45.95  -45.95  -46.19  -46.19  -46.16  -46.15  -46.20  -46.15  -46.15  -46.20
       med   |   19.642 |   19.643 |   10.607 |   10.607 |   10.561 |   10.562 |   10.569 |   10.569 |   10.561 |   10.572 |   10.569 |   10.560
32     2     |   19.643 |   19.646 |   11.279 |   11.274 |   11.243 |   11.233 |   11.237 |   11.227 |   11.201 |   11.231 |   11.212 |   11.204 ||   +0.02  -42.58  -42.60  -42.76  -42.82  -42.79  -42.85  -42.98  -42.82  -42.92  -42.96
       med   |   19.663 |   19.663 |   11.288 |   11.287 |   11.251 |   11.250 |   11.244 |   11.243 |   11.208 |   11.238 |   11.219 |   11.212
48     3     |   20.354 |   20.357 |   12.276 |   12.274 |   12.148 |   12.150 |   12.169 |   12.170 |   12.137 |   12.177 |   12.199 |   12.148 ||   +0.02  -39.69  -39.70  -40.32  -40.31  -40.21  -40.21  -40.37  -40.17  -40.07  -40.32
       med   |   20.378 |   20.379 |   12.291 |   12.290 |   12.158 |   12.159 |   12.180 |   12.180 |   12.147 |   12.185 |   12.209 |   12.162
64     4     |   20.951 |   20.950 |   14.770 |   14.767 |   14.469 |   14.468 |   14.533 |   14.534 |   14.567 |   14.541 |   14.497 |   14.461 ||   -0.01  -29.50  -29.52  -30.94  -30.94  -30.64  -30.63  -30.47  -30.60  -30.81  -30.98
       med   |   20.975 |   20.974 |   14.788 |   14.787 |   14.487 |   14.486 |   14.550 |   14.551 |   14.582 |   14.558 |   14.516 |   14.476
80     5     |   21.601 |   21.601 |   21.608 |   21.608 |   21.614 |   21.605 |   21.605 |   21.608 |   21.607 |   21.603 |   21.595 |   21.585 ||   +0.00   +0.03   +0.03   +0.06   +0.02   +0.02   +0.04   +0.03   +0.01   -0.03   -0.07
       med   |   21.626 |   21.627 |   21.634 |   21.636 |   21.637 |   21.636 |   21.634 |   21.634 |   21.634 |   21.634 |   21.622 |   21.619
96     6     |   22.376 |   22.364 |   22.403 |   22.397 |   22.392 |   22.402 |   22.390 |   22.397 |   22.388 |   22.395 |   22.340 |   22.310 ||   -0.05   +0.12   +0.09   +0.07   +0.12   +0.06   +0.10   +0.05   +0.09   -0.16   -0.29
       med   |   22.406 |   22.408 |   22.429 |   22.428 |   22.429 |   22.429 |   22.428 |   22.430 |   22.430 |   22.429 |   22.370 |   22.367
112    7     |   22.833 |   22.841 |   22.861 |   22.860 |   22.854 |   22.858 |   22.861 |   22.863 |   22.859 |   22.861 |   22.757 |   22.750 ||   +0.04   +0.12   +0.12   +0.09   +0.11   +0.12   +0.13   +0.12   +0.13   -0.33   -0.36
       med   |   22.872 |   22.880 |   22.900 |   22.898 |   22.899 |   22.900 |   22.898 |   22.899 |   22.899 |   22.899 |   22.783 |   22.783
128    8     |   21.460 |   21.453 |   21.454 |   21.461 |   21.455 |   21.460 |   21.454 |   21.463 |   21.463 |   21.453 |   21.456 |   21.454 ||   -0.03   -0.03   +0.01   -0.02   +0.00   -0.03   +0.02   +0.02   -0.03   -0.01   -0.03
       med   |   21.481 |   21.480 |   21.484 |   21.485 |   21.483 |   21.485 |   21.484 |   21.485 |   21.484 |   21.484 |   21.485 |   21.485
256    16    |   38.173 |   38.176 |   38.179 |   38.181 |   38.178 |   38.170 |   38.177 |   38.172 |   38.171 |   38.173 |   38.175 |   38.176 ||   +0.01   +0.01   +0.02   +0.01   -0.01   +0.01   -0.00   -0.01   -0.00   +0.00   +0.01
       med   |   38.207 |   38.211 |   38.211 |   38.212 |   38.212 |   38.212 |   38.212 |   38.211 |   38.212 |   38.212 |   38.212 |   38.215
512    32    |   70.841 |   71.118 |   71.116 |   71.119 |   71.112 |   71.121 |   71.113 |   71.117 |   71.107 |   71.114 |   71.119 |   71.108 ||   +0.39   +0.39   +0.39   +0.38   +0.39   +0.38   +0.39   +0.38   +0.39   +0.39   +0.38
       med   |   71.149 |   71.156 |   71.164 |   71.170 |   71.166 |   71.169 |   71.164 |   71.164 |   71.166 |   71.168 |   71.167 |   71.182
1024   64    |  138.507 |  138.496 |  138.518 |  138.518 |  138.518 |  138.526 |  138.519 |  138.518 |  138.523 |  138.518 |  138.500 |  138.500 ||   -0.01   +0.01   +0.01   +0.01   +0.01   +0.01   +0.01   +0.01   +0.01   -0.01   -0.01
       med   |  138.540 |  138.548 |  138.552 |  138.555 |  138.558 |  138.556 |  138.550 |  138.552 |  138.553 |  138.554 |  138.549 |  138.586
4096   256   |  546.847 |  546.843 |  546.847 |  546.840 |  546.850 |  546.861 |  546.864 |  546.875 |  546.843 |  546.853 |  546.848 |  546.859 ||   -0.00   +0.00   -0.00   +0.00   +0.00   +0.00   +0.01   -0.00   +0.00   +0.00   +0.00
       med   |  547.019 |  546.981 |  546.992 |  547.019 |  547.020 |  547.036 |  547.034 |  547.014 |  547.015 |  547.041 |  547.010 |  547.033
=== process binW.order1.2
SELFCHECK OK (256 whole-block lengths 1..256 blk x 12 variants; out/Xi/ivec/ret byte-identical, nothing written past 16*nblk)
bytes  blks  |     base |   baseAA |       w1 |     w1AA |       d5 |     d5AA |       c3 |     c3AA |       d4 |       c5 |       e2 |      cl4 ||  baseAA%      w1%    w1AA%      d5%    d5AA%      c3%    c3AA%      d4%      c5%      e2%     cl4%
16     1     |   19.624 |   19.621 |   10.605 |   10.605 |   10.558 |   10.558 |   10.566 |   10.566 |   10.558 |   10.567 |   10.565 |   10.557 ||   -0.02  -45.96  -45.96  -46.20  -46.20  -46.16  -46.16  -46.20  -46.16  -46.16  -46.20
       med   |   19.643 |   19.644 |   10.607 |   10.607 |   10.561 |   10.562 |   10.570 |   10.569 |   10.561 |   10.573 |   10.569 |   10.560
32     2     |   19.644 |   19.643 |   11.277 |   11.276 |   11.243 |   11.232 |   11.236 |   11.230 |   11.199 |   11.232 |   11.213 |   11.206 ||   -0.00  -42.59  -42.60  -42.77  -42.82  -42.80  -42.83  -42.99  -42.82  -42.92  -42.95
       med   |   19.663 |   19.663 |   11.288 |   11.287 |   11.250 |   11.250 |   11.244 |   11.243 |   11.207 |   11.238 |   11.219 |   11.213
48     3     |   20.356 |   20.362 |   12.278 |   12.279 |   12.149 |   12.149 |   12.170 |   12.167 |   12.133 |   12.177 |   12.197 |   12.149 ||   +0.03  -39.68  -39.68  -40.32  -40.32  -40.21  -40.23  -40.40  -40.18  -40.08  -40.32
       med   |   20.378 |   20.379 |   12.291 |   12.290 |   12.158 |   12.159 |   12.180 |   12.180 |   12.142 |   12.186 |   12.209 |   12.163
64     4     |   20.949 |   20.948 |   14.770 |   14.767 |   14.468 |   14.468 |   14.535 |   14.532 |   14.504 |   14.542 |   14.498 |   14.461 ||   -0.00  -29.49  -29.51  -30.93  -30.93  -30.62  -30.63  -30.77  -30.58  -30.79  -30.97
       med   |   20.977 |   20.974 |   14.788 |   14.787 |   14.487 |   14.486 |   14.551 |   14.552 |   14.524 |   14.558 |   14.516 |   14.476
80     5     |   21.598 |   21.600 |   21.611 |   21.606 |   21.612 |   21.606 |   21.610 |   21.615 |   21.611 |   21.612 |   21.596 |   21.590 ||   +0.01   +0.06   +0.04   +0.06   +0.04   +0.06   +0.08   +0.06   +0.06   -0.01   -0.04
       med   |   21.628 |   21.626 |   21.636 |   21.635 |   21.636 |   21.636 |   21.636 |   21.635 |   21.636 |   21.636 |   21.621 |   21.617
96     6     |   22.377 |   22.366 |   22.396 |   22.394 |   22.396 |   22.394 |   22.402 |   22.403 |   22.393 |   22.385 |   22.333 |   22.309 ||   -0.05   +0.08   +0.08   +0.08   +0.07   +0.11   +0.12   +0.07   +0.03   -0.20   -0.30
       med   |   22.408 |   22.408 |   22.430 |   22.430 |   22.427 |   22.430 |   22.431 |   22.430 |   22.430 |   22.430 |   22.369 |   22.369
112    7     |   22.837 |   22.837 |   22.854 |   22.860 |   22.864 |   22.865 |   22.854 |   22.863 |   22.867 |   22.858 |   22.755 |   22.753 ||   +0.00   +0.07   +0.10   +0.12   +0.12   +0.07   +0.11   +0.13   +0.09   -0.36   -0.37
       med   |   22.874 |   22.884 |   22.899 |   22.899 |   22.900 |   22.901 |   22.901 |   22.900 |   22.900 |   22.900 |   22.784 |   22.783
128    8     |   21.453 |   21.454 |   21.460 |   21.458 |   21.464 |   21.462 |   21.457 |   21.456 |   21.464 |   21.455 |   21.464 |   21.462 ||   +0.00   +0.03   +0.02   +0.05   +0.04   +0.02   +0.01   +0.05   +0.01   +0.05   +0.04
       med   |   21.480 |   21.479 |   21.487 |   21.486 |   21.487 |   21.487 |   21.487 |   21.485 |   21.487 |   21.486 |   21.487 |   21.489
256    16    |   38.167 |   38.181 |   38.176 |   38.176 |   38.178 |   38.168 |   38.176 |   38.167 |   38.180 |   38.175 |   38.172 |   38.174 ||   +0.04   +0.02   +0.02   +0.03   +0.00   +0.02   +0.00   +0.04   +0.02   +0.01   +0.02
       med   |   38.211 |   38.210 |   38.213 |   38.212 |   38.215 |   38.211 |   38.210 |   38.214 |   38.211 |   38.211 |   38.211 |   38.215
512    32    |   70.642 |   71.077 |   71.102 |   71.109 |   71.115 |   71.039 |   71.103 |   71.118 |   71.120 |   71.116 |   71.108 |   71.119 ||   +0.62   +0.65   +0.66   +0.67   +0.56   +0.65   +0.67   +0.68   +0.67   +0.66   +0.67
       med   |   71.145 |   71.150 |   71.162 |   71.162 |   71.161 |   71.164 |   71.162 |   71.163 |   71.166 |   71.166 |   71.163 |   71.181
1024   64    |  138.497 |  138.501 |  138.508 |  138.504 |  138.496 |  138.509 |  138.494 |  138.496 |  138.508 |  138.499 |  138.499 |  138.495 ||   +0.00   +0.01   +0.00   -0.00   +0.01   -0.00   -0.00   +0.01   +0.00   +0.00   -0.00
       med   |  138.552 |  138.544 |  138.567 |  138.563 |  138.566 |  138.562 |  138.568 |  138.556 |  138.565 |  138.565 |  138.562 |  138.604
4096   256   |  546.866 |  546.859 |  546.871 |  546.891 |  546.895 |  546.888 |  546.877 |  546.906 |  546.875 |  546.851 |  546.871 |  546.874 ||   -0.00   +0.00   +0.00   +0.01   +0.00   +0.00   +0.01   +0.00   -0.00   +0.00   +0.00
       med   |  547.021 |  547.052 |  547.030 |  547.061 |  547.030 |  547.034 |  547.051 |  547.035 |  547.059 |  547.064 |  547.055 |  547.072
=== process binW.order1.3
SELFCHECK OK (256 whole-block lengths 1..256 blk x 12 variants; out/Xi/ivec/ret byte-identical, nothing written past 16*nblk)
bytes  blks  |     base |   baseAA |       w1 |     w1AA |       d5 |     d5AA |       c3 |     c3AA |       d4 |       c5 |       e2 |      cl4 ||  baseAA%      w1%    w1AA%      d5%    d5AA%      c3%    c3AA%      d4%      c5%      e2%     cl4%
16     1     |   19.618 |   19.619 |   10.605 |   10.605 |   10.557 |   10.558 |   10.566 |   10.566 |   10.557 |   10.566 |   10.564 |   10.556 ||   +0.00  -45.94  -45.95  -46.19  -46.18  -46.14  -46.14  -46.19  -46.14  -46.15  -46.19
       med   |   19.643 |   19.643 |   10.607 |   10.607 |   10.561 |   10.562 |   10.569 |   10.569 |   10.561 |   10.572 |   10.569 |   10.560
32     2     |   19.646 |   19.645 |   11.279 |   11.275 |   11.244 |   11.233 |   11.238 |   11.229 |   11.200 |   11.230 |   11.213 |   11.208 ||   -0.01  -42.59  -42.61  -42.77  -42.82  -42.80  -42.84  -42.99  -42.84  -42.92  -42.95
       med   |   19.662 |   19.663 |   11.288 |   11.287 |   11.251 |   11.250 |   11.244 |   11.243 |   11.206 |   11.238 |   11.219 |   11.214
48     3     |   20.355 |   20.358 |   12.275 |   12.278 |   12.144 |   12.148 |   12.170 |   12.169 |   12.133 |   12.175 |   12.198 |   12.156 ||   +0.02  -39.70  -39.68  -40.34  -40.32  -40.21  -40.21  -40.39  -40.18  -40.07  -40.28
       med   |   20.378 |   20.379 |   12.291 |   12.290 |   12.158 |   12.158 |   12.179 |   12.179 |   12.142 |   12.185 |   12.208 |   12.171
64     4     |   20.953 |   20.950 |   14.768 |   14.766 |   14.471 |   14.466 |   14.533 |   14.534 |   14.505 |   14.541 |   14.499 |   14.518 ||   -0.01  -29.52  -29.53  -30.94  -30.96  -30.64  -30.64  -30.77  -30.60  -30.80  -30.71
       med   |   20.975 |   20.973 |   14.786 |   14.786 |   14.486 |   14.485 |   14.551 |   14.550 |   14.523 |   14.558 |   14.516 |   14.535
80     5     |   21.600 |   21.604 |   21.613 |   21.607 |   21.614 |   21.607 |   21.611 |   21.607 |   21.605 |   21.610 |   21.594 |   21.592 ||   +0.02   +0.06   +0.03   +0.07   +0.03   +0.05   +0.03   +0.02   +0.05   -0.03   -0.04
       med   |   21.628 |   21.627 |   21.634 |   21.636 |   21.635 |   21.635 |   21.636 |   21.635 |   21.634 |   21.635 |   21.625 |   21.618
96     6     |   22.373 |   22.368 |   22.400 |   22.395 |   22.395 |   22.387 |   22.395 |   22.398 |   22.393 |   22.401 |   22.340 |   22.315 ||   -0.02   +0.12   +0.10   +0.10   +0.06   +0.10   +0.11   +0.09   +0.13   -0.15   -0.26
       med   |   22.408 |   22.408 |   22.429 |   22.431 |   22.428 |   22.428 |   22.428 |   22.429 |   22.429 |   22.430 |   22.370 |   22.366
112    7     |   22.841 |   22.844 |   22.844 |   22.857 |   22.856 |   22.858 |   22.853 |   22.863 |   22.855 |   22.861 |   22.746 |   22.755 ||   +0.01   +0.01   +0.07   +0.07   +0.07   +0.05   +0.10   +0.06   +0.09   -0.42   -0.38
       med   |   22.873 |   22.880 |   22.899 |   22.901 |   22.898 |   22.896 |   22.902 |   22.899 |   22.899 |   22.899 |   22.781 |   22.783
128    8     |   21.451 |   21.451 |   21.451 |   21.458 |   21.453 |   21.456 |   21.462 |   21.451 |   21.459 |   21.461 |   21.457 |   21.461 ||   +0.00   +0.00   +0.04   +0.01   +0.03   +0.05   +0.00   +0.04   +0.05   +0.03   +0.05
       med   |   21.480 |   21.479 |   21.484 |   21.483 |   21.483 |   21.484 |   21.485 |   21.484 |   21.484 |   21.484 |   21.484 |   21.486
256    16    |   38.168 |   38.176 |   38.171 |   38.173 |   38.174 |   38.178 |   38.183 |   38.178 |   38.181 |   38.171 |   38.179 |   38.176 ||   +0.02   +0.01   +0.01   +0.02   +0.02   +0.04   +0.02   +0.03   +0.01   +0.03   +0.02
       med   |   38.211 |   38.210 |   38.215 |   38.211 |   38.211 |   38.208 |   38.211 |   38.211 |   38.211 |   38.211 |   38.209 |   38.215
512    32    |   71.099 |   71.106 |   71.112 |   71.114 |   71.117 |   71.116 |   71.119 |   71.128 |   71.120 |   71.125 |   71.123 |   71.127 ||   +0.01   +0.02   +0.02   +0.02   +0.02   +0.03   +0.04   +0.03   +0.04   +0.03   +0.04
       med   |   71.147 |   71.154 |   71.169 |   71.164 |   71.166 |   71.165 |   71.167 |   71.164 |   71.164 |   71.168 |   71.170 |   71.183
1024   64    |  138.495 |  138.499 |  138.526 |  138.528 |  138.530 |  138.525 |  138.523 |  138.531 |  138.514 |  138.527 |  138.506 |  138.506 ||   +0.00   +0.02   +0.02   +0.03   +0.02   +0.02   +0.03   +0.01   +0.02   +0.01   +0.01
       med   |  138.553 |  138.554 |  138.564 |  138.561 |  138.569 |  138.564 |  138.567 |  138.561 |  138.571 |  138.559 |  138.566 |  138.583
4096   256   |  546.850 |  546.873 |  546.861 |  546.868 |  546.862 |  546.869 |  546.856 |  546.873 |  546.833 |  546.886 |  546.867 |  546.887 ||   +0.00   +0.00   +0.00   +0.00   +0.00   +0.00   +0.00   -0.00   +0.01   +0.00   +0.01
       med   |  546.992 |  547.004 |  547.054 |  547.016 |  547.017 |  547.038 |  547.042 |  547.032 |  547.033 |  547.024 |  547.069 |  547.033
=== process binW.order1.4
SELFCHECK OK (256 whole-block lengths 1..256 blk x 12 variants; out/Xi/ivec/ret byte-identical, nothing written past 16*nblk)
bytes  blks  |     base |   baseAA |       w1 |     w1AA |       d5 |     d5AA |       c3 |     c3AA |       d4 |       c5 |       e2 |      cl4 ||  baseAA%      w1%    w1AA%      d5%    d5AA%      c3%    c3AA%      d4%      c5%      e2%     cl4%
16     1     |   19.621 |   19.622 |   10.605 |   10.605 |   10.557 |   10.558 |   10.566 |   10.565 |   10.557 |   10.567 |   10.565 |   10.557 ||   +0.01  -45.95  -45.95  -46.20  -46.19  -46.15  -46.16  -46.20  -46.14  -46.16  -46.20
       med   |   19.642 |   19.643 |   10.607 |   10.607 |   10.561 |   10.561 |   10.569 |   10.569 |   10.561 |   10.572 |   10.569 |   10.560
32     2     |   19.645 |   19.647 |   11.279 |   11.274 |   11.243 |   11.231 |   11.234 |   11.227 |   11.200 |   11.230 |   11.212 |   11.207 ||   +0.01  -42.59  -42.61  -42.77  -42.83  -42.82  -42.85  -42.99  -42.84  -42.93  -42.95
       med   |   19.661 |   19.663 |   11.288 |   11.287 |   11.250 |   11.250 |   11.244 |   11.243 |   11.206 |   11.237 |   11.219 |   11.214
48     3     |   20.357 |   20.356 |   12.279 |   12.278 |   12.149 |   12.149 |   12.171 |   12.169 |   12.131 |   12.176 |   12.198 |   12.154 ||   -0.00  -39.68  -39.69  -40.32  -40.32  -40.21  -40.22  -40.41  -40.19  -40.08  -40.30
       med   |   20.379 |   20.380 |   12.291 |   12.291 |   12.158 |   12.158 |   12.180 |   12.180 |   12.143 |   12.185 |   12.209 |   12.171
64     4     |   20.952 |   20.944 |   14.769 |   14.762 |   14.469 |   14.463 |   14.536 |   14.536 |   14.504 |   14.536 |   14.501 |   14.519 ||   -0.04  -29.51  -29.54  -30.94  -30.97  -30.62  -30.62  -30.77  -30.62  -30.79  -30.70
       med   |   20.976 |   20.975 |   14.788 |   14.787 |   14.486 |   14.486 |   14.550 |   14.550 |   14.523 |   14.559 |   14.516 |   14.534
80     5     |   21.597 |   21.600 |   21.611 |   21.606 |   21.604 |   21.611 |   21.611 |   21.609 |   21.611 |   21.614 |   21.594 |   21.592 ||   +0.02   +0.06   +0.04   +0.03   +0.07   +0.07   +0.06   +0.06   +0.08   -0.01   -0.02
       med   |   21.627 |   21.626 |   21.634 |   21.636 |   21.634 |   21.635 |   21.634 |   21.635 |   21.635 |   21.634 |   21.622 |   21.619
96     6     |   22.377 |   22.380 |   22.403 |   22.393 |   22.394 |   22.397 |   22.398 |   22.401 |   22.392 |   22.391 |   22.339 |   22.316 ||   +0.02   +0.12   +0.07   +0.08   +0.09   +0.10   +0.11   +0.07   +0.07   -0.17   -0.27
       med   |   22.407 |   22.409 |   22.431 |   22.430 |   22.429 |   22.428 |   22.429 |   22.428 |   22.429 |   22.430 |   22.369 |   22.366
112    7     |   22.834 |   22.843 |   22.860 |   22.862 |   22.869 |   22.866 |   22.852 |   22.861 |   22.852 |   22.864 |   22.755 |   22.756 ||   +0.04   +0.11   +0.12   +0.15   +0.14   +0.08   +0.12   +0.08   +0.13   -0.34   -0.34
       med   |   22.872 |   22.883 |   22.899 |   22.899 |   22.899 |   22.900 |   22.899 |   22.899 |   22.899 |   22.899 |   22.783 |   22.782
128    8     |   21.457 |   21.445 |   21.460 |   21.459 |   21.463 |   21.461 |   21.461 |   21.462 |   21.464 |   21.462 |   21.459 |   21.458 ||   -0.06   +0.01   +0.01   +0.03   +0.02   +0.02   +0.02   +0.03   +0.02   +0.01   +0.00
       med   |   21.481 |   21.479 |   21.486 |   21.485 |   21.488 |   21.485 |   21.487 |   21.486 |   21.487 |   21.486 |   21.485 |   21.488
256    16    |   38.169 |   38.169 |   38.176 |   38.177 |   38.174 |   38.174 |   38.173 |   38.174 |   38.178 |   38.179 |   38.173 |   38.171 ||   +0.00   +0.02   +0.02   +0.01   +0.01   +0.01   +0.01   +0.02   +0.03   +0.01   +0.01
       med   |   38.206 |   38.209 |   38.209 |   38.211 |   38.209 |   38.210 |   38.211 |   38.209 |   38.211 |   38.210 |   38.211 |   38.216
512    32    |   71.087 |   71.102 |   71.119 |   71.119 |   71.119 |   71.117 |   71.121 |   71.115 |   71.115 |   71.107 |   70.985 |   71.121 ||   +0.02   +0.04   +0.04   +0.04   +0.04   +0.05   +0.04   +0.04   +0.03   -0.14   +0.05
       med   |   71.142 |   71.146 |   71.162 |   71.161 |   71.166 |   71.160 |   71.162 |   71.161 |   71.162 |   71.162 |   71.161 |   71.179
1024   64    |  138.495 |  138.494 |  138.530 |  138.530 |  138.535 |  138.530 |  138.528 |  138.514 |  138.526 |  138.526 |  138.500 |  138.507 ||   -0.00   +0.03   +0.03   +0.03   +0.03   +0.02   +0.01   +0.02   +0.02   +0.00   +0.01
       med   |  138.552 |  138.560 |  138.573 |  138.570 |  138.564 |  138.570 |  138.566 |  138.566 |  138.566 |  138.565 |  138.564 |  138.599
4096   256   |  546.831 |  546.871 |  546.872 |  546.858 |  546.884 |  546.847 |  546.874 |  546.899 |  546.867 |  546.860 |  546.861 |  546.850 ||   +0.01   +0.01   +0.01   +0.01   +0.00   +0.01   +0.01   +0.01   +0.01   +0.01   +0.00
       med   |  546.976 |  547.007 |  547.026 |  547.010 |  547.040 |  547.020 |  547.013 |  547.047 |  547.029 |  547.047 |  547.024 |  547.025
=== process binW.order1.5
SELFCHECK OK (256 whole-block lengths 1..256 blk x 12 variants; out/Xi/ivec/ret byte-identical, nothing written past 16*nblk)
bytes  blks  |     base |   baseAA |       w1 |     w1AA |       d5 |     d5AA |       c3 |     c3AA |       d4 |       c5 |       e2 |      cl4 ||  baseAA%      w1%    w1AA%      d5%    d5AA%      c3%    c3AA%      d4%      c5%      e2%     cl4%
16     1     |   19.617 |   19.623 |   10.605 |   10.605 |   10.558 |   10.557 |   10.566 |   10.566 |   10.558 |   10.567 |   10.565 |   10.556 ||   +0.03  -45.94  -45.94  -46.18  -46.18  -46.14  -46.14  -46.18  -46.13  -46.14  -46.19
       med   |   19.643 |   19.644 |   10.607 |   10.607 |   10.561 |   10.562 |   10.570 |   10.569 |   10.561 |   10.573 |   10.569 |   10.560
32     2     |   19.642 |   19.645 |   11.276 |   11.276 |   11.244 |   11.230 |   11.237 |   11.229 |   11.201 |   11.229 |   11.213 |   11.205 ||   +0.01  -42.59  -42.60  -42.76  -42.83  -42.79  -42.83  -42.98  -42.83  -42.91  -42.96
       med   |   19.662 |   19.663 |   11.287 |   11.286 |   11.251 |   11.250 |   11.244 |   11.244 |   11.208 |   11.238 |   11.221 |   11.212
48     3     |   20.358 |   20.355 |   12.277 |   12.277 |   12.149 |   12.147 |   12.171 |   12.170 |   12.131 |   12.176 |   12.200 |   12.148 ||   -0.01  -39.70  -39.70  -40.32  -40.33  -40.22  -40.22  -40.41  -40.19  -40.07  -40.33
       med   |   20.378 |   20.379 |   12.291 |   12.290 |   12.158 |   12.158 |   12.180 |   12.179 |   12.142 |   12.186 |   12.209 |   12.163
64     4     |   20.953 |   20.948 |   14.767 |   14.770 |   14.471 |   14.471 |   14.534 |   14.533 |   14.506 |   14.545 |   14.505 |   14.471 ||   -0.02  -29.52  -29.51  -30.94  -30.94  -30.64  -30.64  -30.77  -30.58  -30.77  -30.93
       med   |   20.976 |   20.974 |   14.787 |   14.790 |   14.486 |   14.487 |   14.551 |   14.553 |   14.525 |   14.566 |   14.524 |   14.488
80     5     |   21.602 |   21.600 |   21.610 |   21.604 |   21.611 |   21.611 |   21.605 |   21.612 |   21.612 |   21.610 |   21.592 |   21.590 ||   -0.01   +0.04   +0.01   +0.04   +0.04   +0.01   +0.04   +0.05   +0.04   -0.05   -0.06
       med   |   21.627 |   21.629 |   21.636 |   21.634 |   21.634 |   21.635 |   21.635 |   21.636 |   21.635 |   21.634 |   21.622 |   21.621
96     6     |   22.371 |   22.365 |   22.400 |   22.400 |   22.393 |   22.389 |   22.399 |   22.388 |   22.399 |   22.399 |   22.345 |   22.310 ||   -0.03   +0.13   +0.13   +0.10   +0.08   +0.13   +0.08   +0.13   +0.13   -0.12   -0.27
       med   |   22.408 |   22.408 |   22.431 |   22.429 |   22.430 |   22.429 |   22.430 |   22.430 |   22.431 |   22.430 |   22.371 |   22.368
112    7     |   22.844 |   22.847 |   22.859 |   22.850 |   22.859 |   22.855 |   22.851 |   22.852 |   22.859 |   22.859 |   22.750 |   22.747 ||   +0.01   +0.06   +0.02   +0.06   +0.05   +0.03   +0.03   +0.06   +0.07   -0.42   -0.43
       med   |   22.874 |   22.882 |   22.901 |   22.900 |   22.898 |   22.897 |   22.899 |   22.899 |   22.897 |   22.898 |   22.782 |   22.783
128    8     |   21.455 |   21.452 |   21.461 |   21.459 |   21.460 |   21.464 |   21.455 |   21.463 |   21.462 |   21.462 |   21.464 |   21.462 ||   -0.01   +0.03   +0.02   +0.02   +0.04   +0.00   +0.04   +0.03   +0.03   +0.04   +0.03
       med   |   21.480 |   21.481 |   21.485 |   21.486 |   21.485 |   21.487 |   21.486 |   21.488 |   21.487 |   21.486 |   21.486 |   21.488
256    16    |   38.173 |   38.178 |   38.177 |   38.172 |   38.174 |   38.181 |   38.174 |   38.174 |   38.176 |   38.171 |   38.175 |   38.179 ||   +0.01   +0.01   -0.00   +0.00   +0.02   +0.00   +0.00   +0.01   -0.00   +0.01   +0.02
       med   |   38.208 |   38.210 |   38.211 |   38.211 |   38.213 |   38.210 |   38.213 |   38.211 |   38.211 |   38.212 |   38.210 |   38.218
512    32    |   71.108 |   71.094 |   71.124 |   71.122 |   71.117 |   71.115 |   71.126 |   71.127 |   71.125 |   71.119 |   71.129 |   71.130 ||   -0.02   +0.02   +0.02   +0.01   +0.01   +0.02   +0.03   +0.02   +0.02   +0.03   +0.03
       med   |   71.150 |   71.156 |   71.167 |   71.168 |   71.167 |   71.168 |   71.167 |   71.167 |   71.167 |   71.168 |   71.168 |   71.195
1024   64    |  138.499 |  138.499 |  138.537 |  138.516 |  138.533 |  138.511 |  138.530 |  138.515 |  138.494 |  138.530 |  138.502 |  138.507 ||   +0.00   +0.03   +0.01   +0.02   +0.01   +0.02   +0.01   -0.00   +0.02   +0.00   +0.01
       med   |  138.545 |  138.555 |  138.569 |  138.577 |  138.571 |  138.572 |  138.572 |  138.571 |  138.570 |  138.575 |  138.575 |  138.605
4096   256   |  546.865 |  546.841 |  546.866 |  546.865 |  546.879 |  546.877 |  546.892 |  546.879 |  546.865 |  546.827 |  546.869 |  546.872 ||   -0.00   +0.00   +0.00   +0.00   +0.00   +0.00   +0.00   +0.00   -0.01   +0.00   +0.00
       med   |  547.024 |  547.005 |  547.051 |  547.029 |  547.037 |  547.033 |  547.055 |  547.057 |  547.032 |  547.078 |  547.021 |  547.017
=== process binW.order2.1
SELFCHECK OK (256 whole-block lengths 1..256 blk x 12 variants; out/Xi/ivec/ret byte-identical, nothing written past 16*nblk)
bytes  blks  |     base |      cl4 |       e2 |       c5 |       d4 |     c3AA |       c3 |     d5AA |       d5 |     w1AA |       w1 |   baseAA ||     cl4%      e2%      c5%      d4%    c3AA%      c3%    d5AA%      d5%    w1AA%      w1%  baseAA%
16     1     |   19.621 |   10.556 |   10.565 |   10.565 |   10.557 |   10.566 |   10.565 |   10.557 |   10.557 |   10.604 |   10.605 |   19.619 ||  -46.20  -46.15  -46.15  -46.19  -46.15  -46.15  -46.19  -46.20  -45.95  -45.95   -0.01
       med   |   19.642 |   10.560 |   10.569 |   10.571 |   10.561 |   10.569 |   10.569 |   10.561 |   10.561 |   10.607 |   10.607 |   19.643
32     2     |   19.645 |   11.204 |   11.213 |   11.231 |   11.196 |   11.238 |   11.227 |   11.244 |   11.231 |   11.279 |   11.276 |   19.644 ||  -42.97  -42.92  -42.83  -43.01  -42.80  -42.85  -42.76  -42.83  -42.59  -42.60   -0.01
       med   |   19.663 |   11.212 |   11.219 |   11.238 |   11.206 |   11.244 |   11.243 |   11.251 |   11.250 |   11.288 |   11.287 |   19.662
48     3     |   20.355 |   12.145 |   12.199 |   12.173 |   12.132 |   12.169 |   12.168 |   12.146 |   12.148 |   12.278 |   12.279 |   20.352 ||  -40.33  -40.07  -40.20  -40.40  -40.22  -40.22  -40.33  -40.32  -39.68  -39.68   -0.02
       med   |   20.378 |   12.162 |   12.208 |   12.185 |   12.141 |   12.179 |   12.179 |   12.157 |   12.158 |   12.291 |   12.290 |   20.379
64     4     |   20.951 |   14.459 |   14.502 |   14.540 |   14.502 |   14.531 |   14.532 |   14.466 |   14.470 |   14.770 |   14.766 |   20.952 ||  -30.99  -30.78  -30.60  -30.78  -30.64  -30.64  -30.95  -30.94  -29.50  -29.52   +0.00
       med   |   20.977 |   14.476 |   14.516 |   14.556 |   14.523 |   14.550 |   14.552 |   14.487 |   14.486 |   14.789 |   14.788 |   20.975
80     5     |   21.606 |   21.590 |   21.595 |   21.589 |   21.604 |   21.615 |   21.613 |   21.608 |   21.609 |   21.609 |   21.605 |   21.601 ||   -0.08   -0.05   -0.08   -0.01   +0.04   +0.03   +0.01   +0.01   +0.01   -0.01   -0.02
       med   |   21.627 |   21.621 |   21.621 |   21.616 |   21.635 |   21.634 |   21.633 |   21.635 |   21.633 |   21.634 |   21.637 |   21.627
96     6     |   22.370 |   22.308 |   22.342 |   22.303 |   22.401 |   22.398 |   22.398 |   22.391 |   22.397 |   22.394 |   22.397 |   22.365 ||   -0.28   -0.13   -0.30   +0.14   +0.12   +0.12   +0.09   +0.12   +0.11   +0.12   -0.02
       med   |   22.407 |   22.366 |   22.368 |   22.366 |   22.428 |   22.429 |   22.429 |   22.428 |   22.429 |   22.431 |   22.429 |   22.408
112    7     |   22.839 |   22.757 |   22.757 |   22.743 |   22.852 |   22.855 |   22.864 |   22.859 |   22.856 |   22.862 |   22.851 |   22.832 ||   -0.36   -0.36   -0.42   +0.06   +0.07   +0.11   +0.09   +0.08   +0.10   +0.05   -0.03
       med   |   22.870 |   22.782 |   22.783 |   22.782 |   22.900 |   22.898 |   22.899 |   22.901 |   22.899 |   22.900 |   22.901 |   22.873
128    8     |   21.443 |   21.456 |   21.459 |   21.462 |   21.463 |   21.460 |   21.459 |   21.462 |   21.461 |   21.460 |   21.459 |   21.456 ||   +0.06   +0.07   +0.09   +0.09   +0.08   +0.07   +0.09   +0.08   +0.08   +0.07   +0.06
       med   |   21.481 |   21.489 |   21.486 |   21.487 |   21.487 |   21.485 |   21.486 |   21.487 |   21.486 |   21.486 |   21.486 |   21.480
256    16    |   38.173 |   38.178 |   38.174 |   38.177 |   38.176 |   38.176 |   38.166 |   38.185 |   38.170 |   38.180 |   38.183 |   38.174 ||   +0.01   +0.00   +0.01   +0.01   +0.01   -0.02   +0.03   -0.01   +0.02   +0.03   +0.00
       med   |   38.206 |   38.216 |   38.211 |   38.217 |   38.212 |   38.211 |   38.210 |   38.216 |   38.210 |   38.211 |   38.214 |   38.206
512    32    |   71.106 |   71.125 |   71.106 |   71.117 |   71.116 |   71.121 |   71.115 |   71.055 |   71.120 |   71.126 |   71.116 |   71.085 ||   +0.03   -0.00   +0.01   +0.01   +0.02   +0.01   -0.07   +0.02   +0.03   +0.01   -0.03
       med   |   71.154 |   71.172 |   71.165 |   71.178 |   71.166 |   71.170 |   71.168 |   71.164 |   71.166 |   71.168 |   71.166 |   71.147
1024   64    |  138.499 |  138.510 |  138.513 |  138.498 |  138.526 |  138.524 |  138.509 |  138.531 |  138.529 |  138.525 |  138.533 |  138.494 ||   +0.01   +0.01   -0.00   +0.02   +0.02   +0.01   +0.02   +0.02   +0.02   +0.02   -0.00
       med   |  138.553 |  138.595 |  138.565 |  138.593 |  138.564 |  138.575 |  138.566 |  138.564 |  138.562 |  138.567 |  138.567 |  138.553
4096   256   |  546.865 |  546.864 |  546.839 |  546.873 |  546.861 |  546.870 |  546.873 |  546.881 |  546.874 |  546.880 |  546.892 |  546.845 ||   -0.00   -0.00   +0.00   -0.00   +0.00   +0.00   +0.00   +0.00   +0.00   +0.01   -0.00
       med   |  546.990 |  547.047 |  547.047 |  547.068 |  547.008 |  547.027 |  547.019 |  547.022 |  547.035 |  547.046 |  547.011 |  546.986
=== process binW.order2.2
SELFCHECK OK (256 whole-block lengths 1..256 blk x 12 variants; out/Xi/ivec/ret byte-identical, nothing written past 16*nblk)
bytes  blks  |     base |      cl4 |       e2 |       c5 |       d4 |     c3AA |       c3 |     d5AA |       d5 |     w1AA |       w1 |   baseAA ||     cl4%      e2%      c5%      d4%    c3AA%      c3%    d5AA%      d5%    w1AA%      w1%  baseAA%
16     1     |   19.611 |   10.557 |   10.565 |   10.565 |   10.557 |   10.566 |   10.565 |   10.557 |   10.558 |   10.605 |   10.605 |   19.626 ||  -46.17  -46.13  -46.13  -46.17  -46.12  -46.13  -46.17  -46.16  -45.92  -45.92   +0.07
       med   |   19.643 |   10.560 |   10.569 |   10.571 |   10.562 |   10.569 |   10.569 |   10.561 |   10.561 |   10.607 |   10.607 |   19.644
32     2     |   19.643 |   11.204 |   11.213 |   11.232 |   11.196 |   11.238 |   11.228 |   11.244 |   11.232 |   11.278 |   11.276 |   19.641 ||  -42.96  -42.92  -42.82  -43.01  -42.79  -42.84  -42.76  -42.82  -42.59  -42.59   -0.01
       med   |   19.662 |   11.212 |   11.219 |   11.238 |   11.206 |   11.244 |   11.243 |   11.251 |   11.250 |   11.288 |   11.288 |   19.662
48     3     |   20.357 |   12.146 |   12.200 |   12.175 |   12.132 |   12.171 |   12.168 |   12.147 |   12.148 |   12.279 |   12.278 |   20.357 ||  -40.33  -40.07  -40.19  -40.40  -40.21  -40.23  -40.33  -40.32  -39.68  -39.68   -0.00
       med   |   20.377 |   12.162 |   12.208 |   12.185 |   12.141 |   12.179 |   12.180 |   12.158 |   12.158 |   12.292 |   12.291 |   20.377
64     4     |   20.957 |   14.456 |   14.499 |   14.538 |   14.502 |   14.532 |   14.529 |   14.471 |   14.469 |   14.770 |   14.764 |   20.950 ||  -31.02  -30.81  -30.63  -30.80  -30.66  -30.67  -30.95  -30.96  -29.52  -29.55   -0.03
       med   |   20.976 |   14.475 |   14.516 |   14.556 |   14.523 |   14.550 |   14.550 |   14.487 |   14.485 |   14.790 |   14.788 |   20.974
80     5     |   21.607 |   21.582 |   21.595 |   21.587 |   21.602 |   21.606 |   21.608 |   21.610 |   21.611 |   21.615 |   21.606 |   21.604 ||   -0.11   -0.05   -0.09   -0.02   -0.00   +0.01   +0.02   +0.02   +0.04   -0.00   -0.01
       med   |   21.627 |   21.619 |   21.627 |   21.622 |   21.634 |   21.635 |   21.633 |   21.634 |   21.635 |   21.636 |   21.635 |   21.628
96     6     |   22.375 |   22.316 |   22.339 |   22.304 |   22.390 |   22.399 |   22.395 |   22.400 |   22.392 |   22.398 |   22.398 |   22.375 ||   -0.26   -0.16   -0.32   +0.07   +0.11   +0.09   +0.11   +0.08   +0.10   +0.10   +0.00
       med   |   22.407 |   22.367 |   22.373 |   22.366 |   22.430 |   22.430 |   22.429 |   22.429 |   22.429 |   22.430 |   22.430 |   22.407
112    7     |   22.841 |   22.757 |   22.756 |   22.759 |   22.851 |   22.864 |   22.860 |   22.859 |   22.860 |   22.865 |   22.864 |   22.838 ||   -0.37   -0.37   -0.36   +0.04   +0.10   +0.08   +0.08   +0.08   +0.10   +0.10   -0.01
       med   |   22.873 |   22.782 |   22.781 |   22.783 |   22.898 |   22.900 |   22.899 |   22.900 |   22.898 |   22.901 |   22.900 |   22.872
128    8     |   21.457 |   21.460 |   21.456 |   21.460 |   21.461 |   21.460 |   21.454 |   21.457 |   21.459 |   21.451 |   21.454 |   21.455 ||   +0.02   -0.00   +0.01   +0.02   +0.01   -0.01   +0.00   +0.01   -0.03   -0.01   -0.01
       med   |   21.480 |   21.486 |   21.484 |   21.484 |   21.485 |   21.484 |   21.484 |   21.484 |   21.484 |   21.484 |   21.484 |   21.481
256    16    |   38.167 |   38.178 |   38.172 |   38.178 |   38.174 |   38.173 |   38.175 |   38.177 |   38.171 |   38.166 |   38.173 |   38.169 ||   +0.03   +0.01   +0.03   +0.02   +0.02   +0.02   +0.02   +0.01   -0.00   +0.01   +0.00
       med   |   38.206 |   38.212 |   38.213 |   38.213 |   38.211 |   38.207 |   38.208 |   38.209 |   38.210 |   38.212 |   38.211 |   38.206
512    32    |   71.101 |   71.124 |   71.109 |   71.122 |   71.110 |   71.123 |   71.127 |   71.120 |   71.124 |   71.124 |   71.125 |   71.097 ||   +0.03   +0.01   +0.03   +0.01   +0.03   +0.04   +0.03   +0.03   +0.03   +0.03   -0.01
       med   |   71.149 |   71.173 |   71.167 |   71.174 |   71.168 |   71.163 |   71.173 |   71.167 |   71.165 |   71.164 |   71.162 |   71.147
1024   64    |  138.496 |  138.511 |  138.506 |  138.506 |  138.513 |  138.531 |  138.538 |  138.526 |  138.526 |  138.516 |  138.511 |  138.500 ||   +0.01   +0.01   +0.01   +0.01   +0.03   +0.03   +0.02   +0.02   +0.01   +0.01   +0.00
       med   |  138.554 |  138.612 |  138.568 |  138.609 |  138.563 |  138.561 |  138.574 |  138.566 |  138.563 |  138.569 |  138.562 |  138.554
4096   256   |  546.847 |  546.863 |  546.816 |  546.875 |  546.864 |  546.847 |  546.871 |  546.845 |  546.856 |  546.873 |  546.865 |  546.843 ||   +0.00   -0.01   +0.01   +0.00   +0.00   +0.00   -0.00   +0.00   +0.00   +0.00   -0.00
       med   |  546.962 |  547.042 |  547.024 |  547.023 |  547.013 |  547.020 |  547.003 |  547.020 |  547.032 |  547.002 |  547.021 |  546.979
=== process binW.order2.3
SELFCHECK OK (256 whole-block lengths 1..256 blk x 12 variants; out/Xi/ivec/ret byte-identical, nothing written past 16*nblk)
bytes  blks  |     base |      cl4 |       e2 |       c5 |       d4 |     c3AA |       c3 |     d5AA |       d5 |     w1AA |       w1 |   baseAA ||     cl4%      e2%      c5%      d4%    c3AA%      c3%    d5AA%      d5%    w1AA%      w1%  baseAA%
16     1     |   19.624 |   10.556 |   10.566 |   10.565 |   10.558 |   10.566 |   10.565 |   10.557 |   10.558 |   10.605 |   10.605 |   19.617 ||  -46.21  -46.16  -46.16  -46.20  -46.16  -46.16  -46.20  -46.20  -45.96  -45.96   -0.03
       med   |   19.642 |   10.560 |   10.569 |   10.571 |   10.561 |   10.569 |   10.569 |   10.561 |   10.562 |   10.607 |   10.607 |   19.643
32     2     |   19.647 |   11.205 |   11.213 |   11.232 |   11.195 |   11.236 |   11.229 |   11.243 |   11.234 |   11.277 |   11.276 |   19.637 ||  -42.97  -42.93  -42.83  -43.02  -42.81  -42.85  -42.77  -42.82  -42.60  -42.61   -0.05
       med   |   19.661 |   11.212 |   11.219 |   11.238 |   11.206 |   11.243 |   11.243 |   11.251 |   11.250 |   11.288 |   11.287 |   19.662
48     3     |   20.355 |   12.146 |   12.198 |   12.176 |   12.128 |   12.168 |   12.168 |   12.146 |   12.148 |   12.276 |   12.277 |   20.358 ||  -40.33  -40.08  -40.18  -40.42  -40.22  -40.22  -40.33  -40.32  -39.69  -39.69   +0.01
       med   |   20.378 |   12.162 |   12.209 |   12.185 |   12.142 |   12.180 |   12.180 |   12.158 |   12.157 |   12.291 |   12.290 |   20.376
64     4     |   20.953 |   14.460 |   14.501 |   14.537 |   14.505 |   14.529 |   14.532 |   14.469 |   14.466 |   14.769 |   14.765 |   20.951 ||  -30.99  -30.79  -30.62  -30.77  -30.66  -30.64  -30.95  -30.96  -29.51  -29.53   -0.01
       med   |   20.974 |   14.475 |   14.515 |   14.558 |   14.522 |   14.551 |   14.550 |   14.485 |   14.485 |   14.788 |   14.787 |   20.976
80     5     |   21.598 |   21.583 |   21.595 |   21.585 |   21.609 |   21.611 |   21.613 |   21.614 |   21.609 |   21.609 |   21.607 |   21.600 ||   -0.07   -0.01   -0.06   +0.05   +0.06   +0.07   +0.07   +0.05   +0.05   +0.04   +0.01
       med   |   21.626 |   21.621 |   21.621 |   21.620 |   21.635 |   21.634 |   21.634 |   21.634 |   21.634 |   21.635 |   21.634 |   21.626
96     6     |   22.373 |   22.314 |   22.336 |   22.314 |   22.395 |   22.387 |   22.396 |   22.390 |   22.389 |   22.392 |   22.388 |   22.370 ||   -0.26   -0.17   -0.27   +0.10   +0.06   +0.10   +0.07   +0.07   +0.08   +0.07   -0.01
       med   |   22.408 |   22.365 |   22.370 |   22.367 |   22.430 |   22.430 |   22.429 |   22.429 |   22.430 |   22.428 |   22.427 |   22.407
112    7     |   22.838 |   22.755 |   22.750 |   22.756 |   22.851 |   22.860 |   22.859 |   22.857 |   22.865 |   22.850 |   22.863 |   22.841 ||   -0.37   -0.39   -0.36   +0.05   +0.09   +0.09   +0.08   +0.11   +0.05   +0.11   +0.01
       med   |   22.873 |   22.784 |   22.782 |   22.783 |   22.897 |   22.900 |   22.896 |   22.898 |   22.898 |   22.899 |   22.900 |   22.872
128    8     |   21.457 |   21.464 |   21.459 |   21.464 |   21.456 |   21.454 |   21.465 |   21.461 |   21.449 |   21.464 |   21.458 |   21.460 ||   +0.03   +0.01   +0.04   -0.00   -0.01   +0.04   +0.02   -0.04   +0.03   +0.00   +0.02
       med   |   21.480 |   21.488 |   21.485 |   21.485 |   21.486 |   21.485 |   21.486 |   21.486 |   21.486 |   21.485 |   21.486 |   21.481
256    16    |   38.168 |   38.177 |   38.178 |   38.168 |   38.177 |   38.171 |   38.164 |   38.178 |   38.182 |   38.177 |   38.181 |   38.176 ||   +0.02   +0.03   +0.00   +0.02   +0.01   -0.01   +0.03   +0.04   +0.02   +0.03   +0.02
       med   |   38.210 |   38.216 |   38.212 |   38.215 |   38.211 |   38.211 |   38.210 |   38.213 |   38.210 |   38.212 |   38.210 |   38.206
512    32    |   70.977 |   71.016 |   71.111 |   70.979 |   71.114 |   71.126 |   71.108 |   71.108 |   71.102 |   71.121 |   71.119 |   71.017 ||   +0.05   +0.19   +0.00   +0.19   +0.21   +0.18   +0.18   +0.18   +0.20   +0.20   +0.06
       med   |   71.144 |   71.170 |   71.162 |   71.172 |   71.162 |   71.162 |   71.162 |   71.161 |   71.161 |   71.164 |   71.164 |   71.145
1024   64    |  138.500 |  138.502 |  138.506 |  138.503 |  138.507 |  138.511 |  138.524 |  138.531 |  138.536 |  138.530 |  138.510 |  138.502 ||   +0.00   +0.00   +0.00   +0.01   +0.01   +0.02   +0.02   +0.03   +0.02   +0.01   +0.00
       med   |  138.547 |  138.607 |  138.567 |  138.607 |  138.573 |  138.575 |  138.581 |  138.568 |  138.569 |  138.572 |  138.573 |  138.547
4096   256   |  546.813 |  546.860 |  546.832 |  546.850 |  546.850 |  546.879 |  546.841 |  546.847 |  546.867 |  546.872 |  546.849 |  546.830 ||   +0.01   +0.00   +0.01   +0.01   +0.01   +0.01   +0.01   +0.01   +0.01   +0.01   +0.00
       med   |  546.953 |  547.042 |  547.012 |  547.048 |  547.011 |  547.013 |  547.005 |  547.020 |  547.028 |  547.011 |  547.016 |  546.971
=== process binW.order2.4
SELFCHECK OK (256 whole-block lengths 1..256 blk x 12 variants; out/Xi/ivec/ret byte-identical, nothing written past 16*nblk)
bytes  blks  |     base |      cl4 |       e2 |       c5 |       d4 |     c3AA |       c3 |     d5AA |       d5 |     w1AA |       w1 |   baseAA ||     cl4%      e2%      c5%      d4%    c3AA%      c3%    d5AA%      d5%    w1AA%      w1%  baseAA%
16     1     |   19.621 |   10.557 |   10.565 |   10.565 |   10.558 |   10.565 |   10.566 |   10.557 |   10.558 |   10.605 |   10.605 |   19.621 ||  -46.20  -46.15  -46.16  -46.19  -46.15  -46.15  -46.20  -46.19  -45.95  -45.95   -0.00
       med   |   19.643 |   10.560 |   10.569 |   10.570 |   10.562 |   10.569 |   10.569 |   10.561 |   10.562 |   10.607 |   10.607 |   19.644
32     2     |   19.644 |   11.204 |   11.213 |   11.231 |   11.196 |   11.237 |   11.229 |   11.242 |   11.232 |   11.279 |   11.276 |   19.647 ||  -42.96  -42.92  -42.83  -43.01  -42.80  -42.84  -42.77  -42.82  -42.58  -42.60   +0.02
       med   |   19.662 |   11.212 |   11.219 |   11.238 |   11.206 |   11.244 |   11.243 |   11.251 |   11.250 |   11.288 |   11.287 |   19.662
48     3     |   20.355 |   12.147 |   12.197 |   12.175 |   12.131 |   12.171 |   12.170 |   12.146 |   12.148 |   12.277 |   12.278 |   20.356 ||  -40.33  -40.08  -40.19  -40.40  -40.21  -40.21  -40.33  -40.32  -39.68  -39.68   +0.00
       med   |   20.378 |   12.163 |   12.208 |   12.185 |   12.142 |   12.179 |   12.179 |   12.158 |   12.158 |   12.291 |   12.290 |   20.377
64     4     |   20.953 |   14.458 |   14.499 |   14.541 |   14.504 |   14.532 |   14.532 |   14.471 |   14.465 |   14.770 |   14.767 |   20.951 ||  -31.00  -30.80  -30.60  -30.78  -30.65  -30.65  -30.93  -30.97  -29.51  -29.53   -0.01
       med   |   20.976 |   14.475 |   14.516 |   14.556 |   14.522 |   14.550 |   14.550 |   14.486 |   14.485 |   14.788 |   14.787 |   20.976
80     5     |   21.602 |   21.593 |   21.595 |   21.577 |   21.611 |   21.609 |   21.601 |   21.610 |   21.608 |   21.610 |   21.608 |   21.599 ||   -0.04   -0.03   -0.11   +0.04   +0.04   -0.00   +0.04   +0.03   +0.04   +0.03   -0.01
       med   |   21.627 |   21.622 |   21.624 |   21.621 |   21.635 |   21.634 |   21.634 |   21.635 |   21.636 |   21.632 |   21.633 |   21.627
96     6     |   22.377 |   22.313 |   22.339 |   22.315 |   22.396 |   22.393 |   22.394 |   22.390 |   22.391 |   22.395 |   22.399 |   22.379 ||   -0.28   -0.17   -0.27   +0.09   +0.07   +0.08   +0.06   +0.06   +0.08   +0.10   +0.01
       med   |   22.407 |   22.366 |   22.370 |   22.367 |   22.429 |   22.432 |   22.428 |   22.430 |   22.429 |   22.430 |   22.429 |   22.407
112    7     |   22.835 |   22.750 |   22.752 |   22.756 |   22.851 |   22.857 |   22.857 |   22.860 |   22.858 |   22.850 |   22.864 |   22.838 ||   -0.37   -0.36   -0.34   +0.07   +0.10   +0.10   +0.11   +0.10   +0.07   +0.13   +0.01
       med   |   22.872 |   22.781 |   22.784 |   22.781 |   22.900 |   22.899 |   22.897 |   22.897 |   22.899 |   22.897 |   22.899 |   22.872
128    8     |   21.458 |   21.464 |   21.456 |   21.459 |   21.460 |   21.461 |   21.459 |   21.463 |   21.461 |   21.460 |   21.464 |   21.457 ||   +0.03   -0.01   +0.01   +0.01   +0.02   +0.00   +0.02   +0.01   +0.01   +0.03   -0.01
       med   |   21.481 |   21.488 |   21.486 |   21.486 |   21.486 |   21.487 |   21.486 |   21.486 |   21.485 |   21.485 |   21.485 |   21.482
256    16    |   38.177 |   38.168 |   38.176 |   38.173 |   38.164 |   38.168 |   38.172 |   38.178 |   38.168 |   38.168 |   38.178 |   38.166 ||   -0.02   -0.00   -0.01   -0.03   -0.02   -0.01   +0.00   -0.02   -0.02   +0.00   -0.03
       med   |   38.209 |   38.214 |   38.210 |   38.215 |   38.209 |   38.210 |   38.209 |   38.210 |   38.210 |   38.209 |   38.211 |   38.207
512    32    |   71.098 |   71.109 |   71.125 |   71.130 |   71.114 |   71.110 |   71.115 |   71.125 |   71.124 |   71.127 |   71.113 |   71.104 ||   +0.01   +0.04   +0.04   +0.02   +0.02   +0.02   +0.04   +0.04   +0.04   +0.02   +0.01
       med   |   71.148 |   71.179 |   71.168 |   71.177 |   71.166 |   71.166 |   71.168 |   71.167 |   71.164 |   71.163 |   71.166 |   71.149
1024   64    |  138.514 |  138.505 |  138.500 |  138.503 |  138.524 |  138.526 |  138.520 |  138.517 |  138.525 |  138.521 |  138.521 |  138.506 ||   -0.01   -0.01   -0.01   +0.01   +0.01   +0.00   +0.00   +0.01   +0.01   +0.01   -0.01
       med   |  138.538 |  138.602 |  138.554 |  138.586 |  138.554 |  138.569 |  138.554 |  138.560 |  138.554 |  138.555 |  138.552 |  138.541
4096   256   |  546.823 |  546.834 |  546.841 |  546.861 |  546.818 |  546.858 |  546.846 |  546.840 |  546.867 |  546.843 |  546.849 |  546.841 ||   +0.00   +0.00   +0.01   -0.00   +0.01   +0.00   +0.00   +0.01   +0.00   +0.00   +0.00
       med   |  546.960 |  547.024 |  547.003 |  547.021 |  546.996 |  546.990 |  546.989 |  546.991 |  546.980 |  546.987 |  546.975 |  546.947
=== process binW.order2.5
SELFCHECK OK (256 whole-block lengths 1..256 blk x 12 variants; out/Xi/ivec/ret byte-identical, nothing written past 16*nblk)
bytes  blks  |     base |      cl4 |       e2 |       c5 |       d4 |     c3AA |       c3 |     d5AA |       d5 |     w1AA |       w1 |   baseAA ||     cl4%      e2%      c5%      d4%    c3AA%      c3%    d5AA%      d5%    w1AA%      w1%  baseAA%
16     1     |   19.622 |   10.556 |   10.566 |   10.564 |   10.558 |   10.566 |   10.565 |   10.558 |   10.557 |   10.605 |   10.605 |   19.620 ||  -46.20  -46.16  -46.16  -46.19  -46.15  -46.16  -46.19  -46.20  -45.96  -45.95   -0.01
       med   |   19.641 |   10.560 |   10.569 |   10.571 |   10.561 |   10.569 |   10.569 |   10.561 |   10.562 |   10.607 |   10.607 |   19.643
32     2     |   19.643 |   11.203 |   11.212 |   11.232 |   11.195 |   11.236 |   11.228 |   11.243 |   11.232 |   11.278 |   11.275 |   19.640 ||  -42.96  -42.92  -42.82  -43.01  -42.80  -42.84  -42.76  -42.82  -42.59  -42.60   -0.01
       med   |   19.662 |   11.212 |   11.219 |   11.238 |   11.206 |   11.243 |   11.243 |   11.250 |   11.250 |   11.288 |   11.287 |   19.662
48     3     |   20.363 |   12.148 |   12.198 |   12.171 |   12.133 |   12.170 |   12.169 |   12.148 |   12.148 |   12.279 |   12.282 |   20.356 ||  -40.34  -40.10  -40.23  -40.42  -40.23  -40.24  -40.34  -40.34  -39.70  -39.68   -0.03
       med   |   20.378 |   12.163 |   12.208 |   12.185 |   12.142 |   12.179 |   12.179 |   12.159 |   12.158 |   12.291 |   12.295 |   20.377
64     4     |   20.953 |   14.455 |   14.501 |   14.536 |   14.500 |   14.530 |   14.530 |   14.469 |   14.463 |   14.770 |   14.768 |   20.952 ||  -31.01  -30.79  -30.63  -30.80  -30.65  -30.65  -30.95  -30.98  -29.51  -29.52   -0.01
       med   |   20.976 |   14.476 |   14.516 |   14.556 |   14.523 |   14.551 |   14.551 |   14.486 |   14.485 |   14.789 |   14.787 |   20.978
80     5     |   21.605 |   21.589 |   21.587 |   21.596 |   21.610 |   21.613 |   21.608 |   21.611 |   21.607 |   21.601 |   21.606 |   21.600 ||   -0.07   -0.08   -0.04   +0.03   +0.04   +0.02   +0.03   +0.01   -0.02   +0.01   -0.02
       med   |   21.628 |   21.621 |   21.622 |   21.619 |   21.633 |   21.635 |   21.635 |   21.635 |   21.635 |   21.637 |   21.635 |   21.626
96     6     |   22.372 |   22.310 |   22.342 |   22.316 |   22.400 |   22.399 |   22.392 |   22.399 |   22.392 |   22.398 |   22.392 |   22.362 ||   -0.28   -0.13   -0.25   +0.12   +0.12   +0.09   +0.12   +0.09   +0.12   +0.09   -0.05
       med   |   22.405 |   22.366 |   22.368 |   22.366 |   22.429 |   22.429 |   22.430 |   22.430 |   22.428 |   22.431 |   22.427 |   22.407
112    7     |   22.831 |   22.752 |   22.760 |   22.751 |   22.864 |   22.857 |   22.857 |   22.858 |   22.860 |   22.861 |   22.857 |   22.830 ||   -0.34   -0.31   -0.35   +0.15   +0.12   +0.12   +0.12   +0.13   +0.13   +0.11   -0.00
       med   |   22.873 |   22.783 |   22.781 |   22.781 |   22.897 |   22.897 |   22.900 |   22.899 |   22.898 |   22.901 |   22.898 |   22.873
128    8     |   21.447 |   21.462 |   21.457 |   21.454 |   21.465 |   21.456 |   21.461 |   21.464 |   21.460 |   21.461 |   21.462 |   21.457 ||   +0.07   +0.05   +0.03   +0.08   +0.04   +0.07   +0.08   +0.06   +0.07   +0.07   +0.05
       med   |   21.480 |   21.488 |   21.488 |   21.490 |   21.486 |   21.488 |   21.485 |   21.488 |   21.487 |   21.487 |   21.488 |   21.481
256    16    |   38.174 |   38.178 |   38.175 |   38.174 |   38.178 |   38.172 |   38.167 |   38.175 |   38.168 |   38.165 |   38.179 |   38.168 ||   +0.01   +0.00   +0.00   +0.01   -0.00   -0.02   +0.00   -0.01   -0.02   +0.01   -0.01
       med   |   38.212 |   38.218 |   38.213 |   38.215 |   38.211 |   38.211 |   38.211 |   38.213 |   38.212 |   38.211 |   38.212 |   38.208
512    32    |   71.109 |   71.119 |   71.009 |   71.078 |   71.123 |   71.104 |   71.114 |   71.113 |   71.122 |   71.121 |   71.125 |   71.098 ||   +0.01   -0.14   -0.04   +0.02   -0.01   +0.01   +0.01   +0.02   +0.02   +0.02   -0.01
       med   |   71.143 |   71.179 |   71.166 |   71.175 |   71.164 |   71.163 |   71.166 |   71.164 |   71.164 |   71.165 |   71.165 |   71.149
1024   64    |  138.495 |  138.504 |  138.496 |  138.506 |  138.527 |  138.526 |  138.534 |  138.529 |  138.532 |  138.519 |  138.528 |  138.500 ||   +0.01   +0.00   +0.01   +0.02   +0.02   +0.03   +0.02   +0.03   +0.02   +0.02   +0.00
       med   |  138.554 |  138.611 |  138.564 |  138.586 |  138.561 |  138.564 |  138.562 |  138.568 |  138.562 |  138.562 |  138.561 |  138.553
4096   256   |  546.847 |  546.860 |  546.853 |  546.878 |  546.872 |  546.864 |  546.885 |  546.877 |  546.880 |  546.871 |  546.857 |  546.845 ||   +0.00   +0.00   +0.01   +0.00   +0.00   +0.01   +0.01   +0.01   +0.00   +0.00   -0.00
       med   |  547.093 |  547.096 |  547.066 |  547.083 |  547.096 |  547.090 |  547.139 |  547.121 |  547.074 |  547.072 |  547.104 |  547.078
=== process binW.order3.1
SELFCHECK OK (256 whole-block lengths 1..256 blk x 12 variants; out/Xi/ivec/ret byte-identical, nothing written past 16*nblk)
bytes  blks  |     base |       c3 |     c3AA |       d4 |       c5 |       e2 |      cl4 |   baseAA |       w1 |     w1AA |       d5 |     d5AA ||      c3%    c3AA%      d4%      c5%      e2%     cl4%  baseAA%      w1%    w1AA%      d5%    d5AA%
16     1     |   19.622 |   10.565 |   10.565 |   10.558 |   10.564 |   10.566 |   10.551 |   19.618 |   10.607 |   10.607 |   10.558 |   10.558 ||  -46.15  -46.15  -46.19  -46.16  -46.15  -46.23   -0.02  -45.94  -45.94  -46.19  -46.19
       med   |   19.641 |   10.569 |   10.569 |   10.562 |   10.571 |   10.569 |   10.556 |   19.641 |   10.609 |   10.608 |   10.562 |   10.562
32     2     |   19.645 |   11.214 |   11.215 |   11.183 |   11.231 |   11.241 |   11.243 |   19.644 |   11.261 |   11.261 |   11.217 |   11.215 ||  -42.91  -42.91  -43.07  -42.83  -42.78  -42.77   -0.00  -42.67  -42.68  -42.90  -42.91
       med   |   19.662 |   11.223 |   11.222 |   11.190 |   11.239 |   11.249 |   11.268 |   19.662 |   11.266 |   11.266 |   11.224 |   11.223
48     3     |   20.352 |   12.165 |   12.166 |   12.122 |   12.172 |   12.205 |   12.146 |   20.359 |   12.287 |   12.289 |   12.145 |   12.148 ||  -40.23  -40.22  -40.44  -40.19  -40.03  -40.32   +0.04  -39.63  -39.62  -40.32  -40.31
       med   |   20.378 |   12.177 |   12.177 |   12.137 |   12.186 |   12.215 |   12.157 |   20.378 |   12.301 |   12.302 |   12.158 |   12.158
64     4     |   20.948 |   14.506 |   14.509 |   14.472 |   14.539 |   14.495 |   14.486 |   20.947 |   14.767 |   14.762 |   14.450 |   14.449 ||  -30.75  -30.74  -30.92  -30.59  -30.81  -30.85   -0.01  -29.51  -29.53  -31.02  -31.03
       med   |   20.975 |   14.525 |   14.525 |   14.488 |   14.556 |   14.514 |   14.502 |   20.976 |   14.784 |   14.783 |   14.467 |   14.467
80     5     |   21.604 |   21.589 |   21.595 |   21.595 |   21.595 |   21.611 |   21.609 |   21.603 |   21.593 |   21.587 |   21.597 |   21.590 ||   -0.07   -0.04   -0.04   -0.04   +0.03   +0.02   -0.01   -0.05   -0.08   -0.03   -0.07
       med   |   21.626 |   21.621 |   21.624 |   21.618 |   21.620 |   21.633 |   21.636 |   21.627 |   21.624 |   21.622 |   21.622 |   21.619
96     6     |   22.375 |   22.316 |   22.344 |   22.314 |   22.345 |   22.394 |   22.395 |   22.375 |   22.337 |   22.321 |   22.342 |   22.311 ||   -0.27   -0.14   -0.27   -0.14   +0.09   +0.09   +0.00   -0.17   -0.24   -0.15   -0.29
       med   |   22.408 |   22.369 |   22.370 |   22.367 |   22.370 |   22.430 |   22.430 |   22.409 |   22.372 |   22.367 |   22.372 |   22.367
112    7     |   22.827 |   22.757 |   22.753 |   22.751 |   22.744 |   22.857 |   22.864 |   22.832 |   22.751 |   22.752 |   22.754 |   22.757 ||   -0.31   -0.33   -0.34   -0.37   +0.13   +0.16   +0.02   -0.34   -0.33   -0.32   -0.31
       med   |   22.874 |   22.784 |   22.784 |   22.782 |   22.782 |   22.900 |   22.897 |   22.873 |   22.783 |   22.782 |   22.782 |   22.782
128    8     |   21.456 |   21.462 |   21.458 |   21.457 |   21.456 |   21.456 |   21.459 |   21.449 |   21.459 |   21.460 |   21.463 |   21.456 ||   +0.03   +0.01   +0.01   +0.00   +0.00   +0.01   -0.03   +0.01   +0.02   +0.04   +0.00
       med   |   21.480 |   21.488 |   21.486 |   21.487 |   21.485 |   21.484 |   21.486 |   21.480 |   21.486 |   21.488 |   21.486 |   21.488
256    16    |   38.166 |   38.178 |   38.173 |   38.172 |   38.174 |   38.174 |   38.170 |   38.165 |   38.175 |   38.176 |   38.174 |   38.176 ||   +0.03   +0.02   +0.02   +0.02   +0.02   +0.01   -0.00   +0.02   +0.03   +0.02   +0.03
       med   |   38.206 |   38.215 |   38.210 |   38.216 |   38.211 |   38.210 |   38.212 |   38.205 |   38.212 |   38.214 |   38.211 |   38.216
512    32    |   71.092 |   71.117 |   71.119 |   71.116 |   71.121 |   71.113 |   71.120 |   71.099 |   71.119 |   71.121 |   71.124 |   71.114 ||   +0.03   +0.04   +0.03   +0.04   +0.03   +0.04   +0.01   +0.04   +0.04   +0.04   +0.03
       med   |   71.147 |   71.175 |   71.163 |   71.175 |   71.163 |   71.166 |   71.167 |   71.146 |   71.163 |   71.175 |   71.165 |   71.173
1024   64    |  138.494 |  138.500 |  138.500 |  138.507 |  138.504 |  138.524 |  138.522 |  138.500 |  138.497 |  138.511 |  138.504 |  138.507 ||   +0.00   +0.00   +0.01   +0.01   +0.02   +0.02   +0.00   +0.00   +0.01   +0.01   +0.01
       med   |  138.553 |  138.594 |  138.564 |  138.609 |  138.566 |  138.565 |  138.571 |  138.557 |  138.566 |  138.612 |  138.565 |  138.604
4096   256   |  546.830 |  546.842 |  546.836 |  546.858 |  546.848 |  546.888 |  546.875 |  546.845 |  546.865 |  546.842 |  546.835 |  546.860 ||   +0.00   +0.00   +0.01   +0.00   +0.01   +0.01   +0.00   +0.01   +0.00   +0.00   +0.01
       med   |  547.036 |  547.042 |  547.068 |  547.082 |  547.040 |  547.049 |  547.038 |  546.986 |  547.030 |  547.052 |  547.013 |  547.036
=== process binW.order3.2
SELFCHECK OK (256 whole-block lengths 1..256 blk x 12 variants; out/Xi/ivec/ret byte-identical, nothing written past 16*nblk)
bytes  blks  |     base |       c3 |     c3AA |       d4 |       c5 |       e2 |      cl4 |   baseAA |       w1 |     w1AA |       d5 |     d5AA ||      c3%    c3AA%      d4%      c5%      e2%     cl4%  baseAA%      w1%    w1AA%      d5%    d5AA%
16     1     |   19.621 |   10.565 |   10.565 |   10.558 |   10.564 |   10.565 |   10.551 |   19.619 |   10.606 |   10.607 |   10.558 |   10.557 ||  -46.15  -46.15  -46.19  -46.16  -46.15  -46.23   -0.01  -45.94  -45.94  -46.19  -46.19
       med   |   19.641 |   10.569 |   10.569 |   10.562 |   10.570 |   10.569 |   10.556 |   19.642 |   10.608 |   10.608 |   10.562 |   10.562
32     2     |   19.648 |   11.215 |   11.216 |   11.183 |   11.230 |   11.242 |   11.245 |   19.644 |   11.260 |   11.262 |   11.216 |   11.214 ||  -42.92  -42.92  -43.09  -42.84  -42.78  -42.77   -0.02  -42.69  -42.68  -42.91  -42.92
       med   |   19.662 |   11.222 |   11.222 |   11.190 |   11.238 |   11.249 |   11.267 |   19.662 |   11.266 |   11.266 |   11.222 |   11.223
48     3     |   20.355 |   12.166 |   12.168 |   12.126 |   12.175 |   12.203 |   12.144 |   20.357 |   12.284 |   12.288 |   12.148 |   12.146 ||  -40.23  -40.22  -40.43  -40.19  -40.05  -40.34   +0.01  -39.65  -39.63  -40.32  -40.33
       med   |   20.378 |   12.176 |   12.177 |   12.136 |   12.184 |   12.215 |   12.156 |   20.377 |   12.299 |   12.301 |   12.157 |   12.157
64     4     |   20.955 |   14.509 |   14.508 |   14.470 |   14.540 |   14.494 |   14.485 |   20.953 |   14.764 |   14.765 |   14.451 |   14.452 ||  -30.76  -30.77  -30.95  -30.61  -30.84  -30.88   -0.01  -29.55  -29.54  -31.04  -31.03
       med   |   20.975 |   14.526 |   14.525 |   14.486 |   14.557 |   14.515 |   14.502 |   20.976 |   14.783 |   14.786 |   14.466 |   14.467
80     5     |   21.604 |   21.583 |   21.590 |   21.591 |   21.597 |   21.604 |   21.603 |   21.606 |   21.597 |   21.593 |   21.594 |   21.586 ||   -0.10   -0.06   -0.06   -0.04   -0.00   -0.01   +0.01   -0.03   -0.05   -0.05   -0.09
       med   |   21.628 |   21.621 |   21.622 |   21.619 |   21.625 |   21.635 |   21.634 |   21.628 |   21.624 |   21.620 |   21.622 |   21.619
96     6     |   22.371 |   22.315 |   22.341 |   22.310 |   22.343 |   22.399 |   22.396 |   22.368 |   22.340 |   22.308 |   22.340 |   22.312 ||   -0.25   -0.14   -0.28   -0.13   +0.12   +0.11   -0.01   -0.14   -0.28   -0.14   -0.26
       med   |   22.407 |   22.366 |   22.369 |   22.367 |   22.370 |   22.429 |   22.429 |   22.409 |   22.370 |   22.365 |   22.369 |   22.368
112    7     |   22.842 |   22.754 |   22.748 |   22.750 |   22.750 |   22.861 |   22.863 |   22.836 |   22.752 |   22.751 |   22.752 |   22.752 ||   -0.38   -0.41   -0.40   -0.40   +0.09   +0.09   -0.03   -0.39   -0.40   -0.39   -0.39
       med   |   22.872 |   22.783 |   22.782 |   22.780 |   22.783 |   22.899 |   22.897 |   22.874 |   22.783 |   22.781 |   22.781 |   22.780
128    8     |   21.457 |   21.459 |   21.455 |   21.458 |   21.461 |   21.460 |   21.462 |   21.451 |   21.457 |   21.464 |   21.460 |   21.463 ||   +0.01   -0.01   +0.01   +0.02   +0.01   +0.02   -0.03   +0.00   +0.03   +0.02   +0.03
       med   |   21.481 |   21.487 |   21.485 |   21.488 |   21.484 |   21.487 |   21.485 |   21.479 |   21.488 |   21.488 |   21.486 |   21.488
256    16    |   38.174 |   38.170 |   38.177 |   38.178 |   38.174 |   38.174 |   38.171 |   38.169 |   38.179 |   38.170 |   38.169 |   38.180 ||   -0.01   +0.01   +0.01   +0.00   -0.00   -0.01   -0.01   +0.01   -0.01   -0.01   +0.01
       med   |   38.210 |   38.214 |   38.214 |   38.215 |   38.214 |   38.210 |   38.208 |   38.209 |   38.211 |   38.214 |   38.211 |   38.214
512    32    |   71.093 |   71.123 |   71.127 |   71.125 |   71.120 |   71.114 |   71.114 |   71.105 |   71.092 |   71.131 |   71.110 |   71.112 ||   +0.04   +0.05   +0.04   +0.04   +0.03   +0.03   +0.02   -0.00   +0.05   +0.02   +0.03
       med   |   71.147 |   71.179 |   71.165 |   71.174 |   71.164 |   71.164 |   71.161 |   71.147 |   71.163 |   71.183 |   71.164 |   71.173
1024   64    |  138.495 |  138.505 |  138.504 |  138.506 |  138.504 |  138.524 |  138.525 |  138.500 |  138.504 |  138.514 |  138.506 |  138.501 ||   +0.01   +0.01   +0.01   +0.01   +0.02   +0.02   +0.00   +0.01   +0.01   +0.01   +0.00
       med   |  138.552 |  138.596 |  138.564 |  138.591 |  138.560 |  138.562 |  138.564 |  138.553 |  138.566 |  138.614 |  138.565 |  138.604
4096   256   |  546.823 |  546.856 |  546.870 |  546.871 |  546.857 |  546.885 |  546.835 |  546.848 |  546.855 |  546.812 |  546.881 |  546.852 ||   +0.01   +0.01   +0.01   +0.01   +0.01   +0.00   +0.00   +0.01   -0.00   +0.01   +0.01
       med   |  546.991 |  547.056 |  547.042 |  547.050 |  547.015 |  547.037 |  547.021 |  546.999 |  547.007 |  547.052 |  547.056 |  547.058
=== process binW.order3.3
SELFCHECK OK (256 whole-block lengths 1..256 blk x 12 variants; out/Xi/ivec/ret byte-identical, nothing written past 16*nblk)
bytes  blks  |     base |       c3 |     c3AA |       d4 |       c5 |       e2 |      cl4 |   baseAA |       w1 |     w1AA |       d5 |     d5AA ||      c3%    c3AA%      d4%      c5%      e2%     cl4%  baseAA%      w1%    w1AA%      d5%    d5AA%
16     1     |   19.622 |   10.566 |   10.565 |   10.558 |   10.565 |   10.566 |   10.551 |   19.621 |   10.606 |   10.606 |   10.558 |   10.557 ||  -46.16  -46.16  -46.19  -46.16  -46.15  -46.23   -0.00  -45.95  -45.95  -46.19  -46.20
       med   |   19.643 |   10.569 |   10.569 |   10.562 |   10.571 |   10.569 |   10.555 |   19.643 |   10.608 |   10.608 |   10.562 |   10.562
32     2     |   19.644 |   11.214 |   11.215 |   11.184 |   11.232 |   11.242 |   11.245 |   19.641 |   11.260 |   11.261 |   11.218 |   11.215 ||  -42.91  -42.91  -43.07  -42.82  -42.77  -42.75   -0.02  -42.68  -42.68  -42.90  -42.91
       med   |   19.662 |   11.222 |   11.222 |   11.190 |   11.238 |   11.249 |   11.268 |   19.662 |   11.266 |   11.266 |   11.223 |   11.223
48     3     |   20.358 |   12.164 |   12.168 |   12.127 |   12.175 |   12.203 |   12.145 |   20.359 |   12.286 |   12.286 |   12.146 |   12.143 ||  -40.25  -40.23  -40.43  -40.20  -40.06  -40.34   +0.00  -39.65  -39.65  -40.34  -40.35
       med   |   20.378 |   12.176 |   12.177 |   12.137 |   12.185 |   12.214 |   12.157 |   20.377 |   12.301 |   12.301 |   12.157 |   12.157
64     4     |   20.951 |   14.503 |   14.507 |   14.470 |   14.536 |   14.495 |   14.488 |   20.950 |   14.763 |   14.762 |   14.449 |   14.449 ||  -30.78  -30.76  -30.94  -30.62  -30.82  -30.85   -0.01  -29.54  -29.54  -31.04  -31.03
       med   |   20.974 |   14.525 |   14.525 |   14.486 |   14.556 |   14.514 |   14.502 |   20.976 |   14.784 |   14.783 |   14.466 |   14.467
80     5     |   21.602 |   21.594 |   21.594 |   21.590 |   21.586 |   21.609 |   21.603 |   21.601 |   21.593 |   21.589 |   21.595 |   21.583 ||   -0.04   -0.04   -0.05   -0.07   +0.03   +0.01   -0.01   -0.04   -0.06   -0.03   -0.09
       med   |   21.627 |   21.619 |   21.621 |   21.619 |   21.622 |   21.634 |   21.633 |   21.626 |   21.625 |   21.619 |   21.623 |   21.620
96     6     |   22.378 |   22.303 |   22.339 |   22.316 |   22.341 |   22.394 |   22.390 |   22.380 |   22.336 |   22.313 |   22.329 |   22.310 ||   -0.34   -0.17   -0.27   -0.16   +0.07   +0.06   +0.01   -0.19   -0.29   -0.22   -0.30
       med   |   22.407 |   22.365 |   22.369 |   22.367 |   22.370 |   22.429 |   22.429 |   22.407 |   22.371 |   22.365 |   22.369 |   22.365
112    7     |   22.836 |   22.749 |   22.748 |   22.754 |   22.754 |   22.858 |   22.861 |   22.840 |   22.748 |   22.753 |   22.751 |   22.751 ||   -0.38   -0.38   -0.36   -0.36   +0.09   +0.11   +0.02   -0.39   -0.36   -0.37   -0.37
       med   |   22.874 |   22.784 |   22.781 |   22.783 |   22.783 |   22.900 |   22.899 |   22.873 |   22.783 |   22.783 |   22.784 |   22.783
128    8     |   21.458 |   21.463 |   21.460 |   21.457 |   21.456 |   21.461 |   21.456 |   21.452 |   21.461 |   21.463 |   21.458 |   21.460 ||   +0.02   +0.01   -0.01   -0.01   +0.01   -0.01   -0.03   +0.01   +0.02   -0.00   +0.01
       med   |   21.480 |   21.485 |   21.484 |   21.484 |   21.484 |   21.485 |   21.484 |   21.480 |   21.483 |   21.486 |   21.484 |   21.485
256    16    |   38.178 |   38.177 |   38.173 |   38.176 |   38.174 |   38.176 |   38.175 |   38.177 |   38.177 |   38.176 |   38.175 |   38.170 ||   -0.00   -0.01   -0.01   -0.01   -0.01   -0.01   -0.00   -0.00   -0.01   -0.01   -0.02
       med   |   38.208 |   38.214 |   38.210 |   38.217 |   38.209 |   38.211 |   38.210 |   38.208 |   38.212 |   38.214 |   38.213 |   38.215
512    32    |   71.103 |   71.122 |   71.121 |   71.125 |   71.121 |   71.125 |   71.121 |   71.096 |   71.110 |   71.127 |   71.111 |   71.124 ||   +0.03   +0.02   +0.03   +0.03   +0.03   +0.02   -0.01   +0.01   +0.03   +0.01   +0.03
       med   |   71.148 |   71.179 |   71.168 |   71.177 |   71.166 |   71.163 |   71.167 |   71.144 |   71.167 |   71.175 |   71.169 |   71.182
1024   64    |  138.498 |  138.504 |  138.501 |  138.501 |  138.504 |  138.511 |  138.524 |  138.498 |  138.506 |  138.502 |  138.507 |  138.510 ||   +0.00   +0.00   +0.00   +0.00   +0.01   +0.02   +0.00   +0.01   +0.00   +0.01   +0.01
       med   |  138.550 |  138.593 |  138.565 |  138.601 |  138.565 |  138.564 |  138.562 |  138.556 |  138.565 |  138.605 |  138.573 |  138.594
4096   256   |  546.828 |  546.844 |  546.881 |  546.840 |  546.851 |  546.885 |  546.886 |  546.832 |  546.826 |  546.851 |  546.860 |  546.833 ||   +0.00   +0.01   +0.00   +0.00   +0.01   +0.01   +0.00   -0.00   +0.00   +0.01   +0.00
       med   |  546.991 |  547.047 |  547.056 |  547.046 |  547.067 |  547.086 |  547.039 |  547.014 |  547.025 |  547.040 |  547.044 |  547.082
=== process binW.order3.4
SELFCHECK OK (256 whole-block lengths 1..256 blk x 12 variants; out/Xi/ivec/ret byte-identical, nothing written past 16*nblk)
bytes  blks  |     base |       c3 |     c3AA |       d4 |       c5 |       e2 |      cl4 |   baseAA |       w1 |     w1AA |       d5 |     d5AA ||      c3%    c3AA%      d4%      c5%      e2%     cl4%  baseAA%      w1%    w1AA%      d5%    d5AA%
16     1     |   19.623 |   10.565 |   10.565 |   10.558 |   10.564 |   10.566 |   10.551 |   19.613 |   10.606 |   10.606 |   10.558 |   10.558 ||  -46.16  -46.16  -46.20  -46.17  -46.16  -46.23   -0.05  -45.95  -45.95  -46.20  -46.20
       med   |   19.643 |   10.569 |   10.569 |   10.562 |   10.571 |   10.569 |   10.555 |   19.642 |   10.608 |   10.608 |   10.562 |   10.562
32     2     |   19.642 |   11.216 |   11.213 |   11.184 |   11.232 |   11.241 |   11.245 |   19.644 |   11.260 |   11.259 |   11.217 |   11.216 ||  -42.90  -42.91  -43.06  -42.82  -42.77  -42.75   +0.01  -42.67  -42.68  -42.89  -42.90
       med   |   19.661 |   11.222 |   11.222 |   11.190 |   11.238 |   11.249 |   11.268 |   19.660 |   11.266 |   11.266 |   11.223 |   11.223
48     3     |   20.355 |   12.167 |   12.164 |   12.126 |   12.177 |   12.206 |   12.147 |   20.353 |   12.285 |   12.288 |   12.148 |   12.148 ||  -40.22  -40.24  -40.43  -40.18  -40.04  -40.33   -0.01  -39.64  -39.63  -40.32  -40.32
       med   |   20.377 |   12.177 |   12.177 |   12.137 |   12.185 |   12.215 |   12.157 |   20.377 |   12.300 |   12.301 |   12.157 |   12.157
64     4     |   20.956 |   14.506 |   14.505 |   14.470 |   14.534 |   14.499 |   14.484 |   20.950 |   14.760 |   14.762 |   14.447 |   14.448 ||  -30.78  -30.78  -30.95  -30.65  -30.81  -30.89   -0.03  -29.57  -29.56  -31.06  -31.06
       med   |   20.975 |   14.524 |   14.525 |   14.487 |   14.556 |   14.514 |   14.501 |   20.974 |   14.783 |   14.782 |   14.466 |   14.466
80     5     |   21.603 |   21.590 |   21.592 |   21.584 |   21.588 |   21.610 |   21.605 |   21.599 |   21.596 |   21.585 |   21.591 |   21.591 ||   -0.06   -0.05   -0.09   -0.07   +0.03   +0.01   -0.02   -0.03   -0.08   -0.05   -0.05
       med   |   21.627 |   21.620 |   21.624 |   21.619 |   21.620 |   21.635 |   21.633 |   21.628 |   21.621 |   21.623 |   21.622 |   21.620
96     6     |   22.375 |   22.311 |   22.339 |   22.313 |   22.335 |   22.391 |   22.390 |   22.371 |   22.341 |   22.307 |   22.332 |   22.312 ||   -0.28   -0.16   -0.27   -0.18   +0.07   +0.07   -0.01   -0.15   -0.30   -0.19   -0.28
       med   |   22.406 |   22.365 |   22.369 |   22.366 |   22.371 |   22.428 |   22.430 |   22.406 |   22.370 |   22.363 |   22.371 |   22.367
112    7     |   22.841 |   22.751 |   22.755 |   22.749 |   22.755 |   22.864 |   22.850 |   22.834 |   22.755 |   22.749 |   22.750 |   22.746 ||   -0.39   -0.37   -0.40   -0.37   +0.10   +0.04   -0.03   -0.38   -0.40   -0.40   -0.41
       med   |   22.871 |   22.782 |   22.784 |   22.781 |   22.782 |   22.900 |   22.897 |   22.874 |   22.785 |   22.781 |   22.783 |   22.783
128    8     |   21.459 |   21.461 |   21.458 |   21.461 |   21.458 |   21.456 |   21.460 |   21.453 |   21.460 |   21.462 |   21.459 |   21.456 ||   +0.01   -0.00   +0.01   -0.00   -0.01   +0.00   -0.03   +0.01   +0.02   +0.00   -0.01
       med   |   21.480 |   21.489 |   21.487 |   21.489 |   21.486 |   21.485 |   21.485 |   21.480 |   21.485 |   21.488 |   21.485 |   21.487
256    16    |   38.167 |   38.174 |   38.168 |   38.170 |   38.174 |   38.174 |   38.173 |   38.173 |   38.170 |   38.177 |   38.177 |   38.181 ||   +0.02   +0.00   +0.01   +0.02   +0.02   +0.01   +0.02   +0.01   +0.03   +0.02   +0.04
       med   |   38.207 |   38.214 |   38.211 |   38.215 |   38.209 |   38.210 |   38.210 |   38.210 |   38.209 |   38.217 |   38.209 |   38.217
512    32    |   71.109 |   71.120 |   71.115 |   71.109 |   71.120 |   71.121 |   71.118 |   70.717 |   71.122 |   71.102 |   71.127 |   71.115 ||   +0.02   +0.01   +0.00   +0.02   +0.02   +0.01   -0.55   +0.02   -0.01   +0.03   +0.01
       med   |   71.145 |   71.173 |   71.158 |   71.168 |   71.161 |   71.156 |   71.161 |   71.143 |   71.162 |   71.172 |   71.165 |   71.174
1024   64    |  138.492 |  138.509 |  138.502 |  138.505 |  138.505 |  138.531 |  138.521 |  138.495 |  138.501 |  138.512 |  138.508 |  138.504 ||   +0.01   +0.01   +0.01   +0.01   +0.03   +0.02   +0.00   +0.01   +0.01   +0.01   +0.01
       med   |  138.550 |  138.606 |  138.565 |  138.597 |  138.565 |  138.568 |  138.561 |  138.555 |  138.562 |  138.591 |  138.567 |  138.593
4096   256   |  546.840 |  546.884 |  546.852 |  546.871 |  546.875 |  546.871 |  546.888 |  546.840 |  546.865 |  546.845 |  546.865 |  546.872 ||   +0.01   +0.00   +0.01   +0.01   +0.01   +0.01   +0.00   +0.00   +0.00   +0.00   +0.01
       med   |  547.096 |  547.078 |  547.078 |  547.143 |  547.182 |  547.064 |  547.044 |  547.043 |  547.064 |  547.121 |  547.139 |  547.101
=== process binW.order3.5
SELFCHECK OK (256 whole-block lengths 1..256 blk x 12 variants; out/Xi/ivec/ret byte-identical, nothing written past 16*nblk)
bytes  blks  |     base |       c3 |     c3AA |       d4 |       c5 |       e2 |      cl4 |   baseAA |       w1 |     w1AA |       d5 |     d5AA ||      c3%    c3AA%      d4%      c5%      e2%     cl4%  baseAA%      w1%    w1AA%      d5%    d5AA%
16     1     |   19.622 |   10.566 |   10.565 |   10.558 |   10.563 |   10.566 |   10.550 |   19.621 |   10.607 |   10.606 |   10.558 |   10.558 ||  -46.15  -46.16  -46.19  -46.17  -46.15  -46.23   -0.00  -45.95  -45.95  -46.19  -46.19
       med   |   19.642 |   10.569 |   10.569 |   10.562 |   10.571 |   10.569 |   10.555 |   19.643 |   10.608 |   10.608 |   10.562 |   10.562
32     2     |   19.644 |   11.216 |   11.214 |   11.183 |   11.232 |   11.242 |   11.245 |   19.644 |   11.261 |   11.259 |   11.214 |   11.216 ||  -42.90  -42.91  -43.07  -42.82  -42.77  -42.75   +0.00  -42.68  -42.68  -42.91  -42.90
       med   |   19.662 |   11.222 |   11.222 |   11.190 |   11.238 |   11.249 |   11.268 |   19.662 |   11.266 |   11.266 |   11.223 |   11.224
48     3     |   20.357 |   12.166 |   12.168 |   12.124 |   12.177 |   12.205 |   12.148 |   20.354 |   12.289 |   12.284 |   12.148 |   12.160 ||  -40.24  -40.23  -40.44  -40.18  -40.05  -40.33   -0.02  -39.63  -39.66  -40.32  -40.27
       med   |   20.377 |   12.177 |   12.177 |   12.137 |   12.185 |   12.215 |   12.157 |   20.379 |   12.300 |   12.302 |   12.158 |   12.171
64     4     |   20.953 |   14.510 |   14.509 |   14.471 |   14.536 |   14.495 |   14.485 |   20.952 |   14.765 |   14.759 |   14.448 |   14.490 ||  -30.75  -30.76  -30.94  -30.63  -30.82  -30.87   -0.01  -29.53  -29.56  -31.04  -30.85
       med   |   20.975 |   14.526 |   14.525 |   14.487 |   14.557 |   14.514 |   14.501 |   20.975 |   14.785 |   14.784 |   14.466 |   14.507
80     5     |   21.598 |   21.590 |   21.597 |   21.589 |   21.597 |   21.611 |   21.614 |   21.602 |   21.595 |   21.596 |   21.595 |   21.584 ||   -0.04   -0.01   -0.04   -0.01   +0.06   +0.07   +0.02   -0.01   -0.01   -0.01   -0.06
       med   |   21.628 |   21.619 |   21.622 |   21.618 |   21.622 |   21.634 |   21.632 |   21.628 |   21.621 |   21.623 |   21.620 |   21.622
96     6     |   22.376 |   22.301 |   22.334 |   22.307 |   22.346 |   22.398 |   22.396 |   22.372 |   22.337 |   22.319 |   22.333 |   22.313 ||   -0.34   -0.18   -0.31   -0.13   +0.10   +0.09   -0.02   -0.17   -0.25   -0.19   -0.28
       med   |   22.407 |   22.366 |   22.368 |   22.365 |   22.372 |   22.429 |   22.430 |   22.407 |   22.369 |   22.365 |   22.369 |   22.366
112    7     |   22.834 |   22.759 |   22.750 |   22.755 |   22.757 |   22.851 |   22.859 |   22.829 |   22.745 |   22.757 |   22.753 |   22.753 ||   -0.33   -0.37   -0.34   -0.34   +0.07   +0.11   -0.02   -0.39   -0.34   -0.36   -0.35
       med   |   22.873 |   22.783 |   22.782 |   22.782 |   22.782 |   22.902 |   22.897 |   22.876 |   22.785 |   22.782 |   22.782 |   22.784
128    8     |   21.457 |   21.458 |   21.460 |   21.462 |   21.460 |   21.453 |   21.459 |   21.450 |   21.460 |   21.457 |   21.448 |   21.461 ||   +0.01   +0.01   +0.02   +0.01   -0.02   +0.01   -0.03   +0.02   +0.00   -0.04   +0.02
       med   |   21.481 |   21.488 |   21.486 |   21.487 |   21.485 |   21.486 |   21.486 |   21.479 |   21.485 |   21.488 |   21.486 |   21.487
256    16    |   38.173 |   38.178 |   38.177 |   38.169 |   38.173 |   38.170 |   38.176 |   38.174 |   38.174 |   38.171 |   38.168 |   38.177 ||   +0.01   +0.01   -0.01   +0.00   -0.01   +0.01   +0.00   +0.00   -0.01   -0.01   +0.01
       med   |   38.207 |   38.214 |   38.211 |   38.213 |   38.212 |   38.210 |   38.209 |   38.207 |   38.210 |   38.215 |   38.209 |   38.214
512    32    |   71.104 |   71.115 |   71.123 |   71.112 |   71.122 |   71.116 |   71.123 |   70.703 |   71.114 |   71.112 |   71.127 |   71.112 ||   +0.02   +0.03   +0.01   +0.03   +0.02   +0.03   -0.56   +0.01   +0.01   +0.03   +0.01
       med   |   71.147 |   71.178 |   71.165 |   71.173 |   71.167 |   71.165 |   71.169 |   71.145 |   71.164 |   71.173 |   71.167 |   71.173
1024   64    |  138.494 |  138.507 |  138.504 |  138.507 |  138.503 |  138.519 |  138.535 |  138.502 |  138.508 |  138.507 |  138.502 |  138.504 ||   +0.01   +0.01   +0.01   +0.01   +0.02   +0.03   +0.01   +0.01   +0.01   +0.01   +0.01
       med   |  138.553 |  138.595 |  138.570 |  138.601 |  138.569 |  138.567 |  138.577 |  138.556 |  138.563 |  138.611 |  138.571 |  138.598
4096   256   |  546.848 |  546.851 |  546.826 |  546.876 |  546.870 |  546.867 |  546.899 |  546.831 |  546.846 |  546.851 |  546.811 |  546.855 ||   +0.00   -0.00   +0.01   +0.00   +0.00   +0.01   -0.00   -0.00   +0.00   -0.01   +0.00
       med   |  547.092 |  547.082 |  547.058 |  547.098 |  547.048 |  547.081 |  547.117 |  547.060 |  547.019 |  547.066 |  547.034 |  547.068
