## bin=binW host=gv3 core=3 reps=300 nproc=5
## O1: base baseAA w1 w1AA d5 d5AA c3 c3AA d4 c5 e2 cl4
## O2: base cl4 e2 c5 d4 c3AA c3 d5AA d5 w1AA w1 baseAA
## O3: base c3 c3AA d4 c5 e2 cl4 baseAA w1 w1AA d5 d5AA
=== process binW.order1.1
SELFCHECK OK (256 whole-block lengths 1..256 blk x 12 variants; out/Xi/ivec/ret byte-identical, nothing written past 16*nblk)
bytes  blks  |     base |   baseAA |       w1 |     w1AA |       d5 |     d5AA |       c3 |     c3AA |       d4 |       c5 |       e2 |      cl4 ||  baseAA%      w1%    w1AA%      d5%    d5AA%      c3%    c3AA%      d4%      c5%      e2%     cl4%
16     1     |   26.254 |   26.332 |   13.877 |   13.964 |   13.876 |   13.935 |   13.946 |   13.945 |   13.867 |   13.985 |   13.687 |   13.948 ||   +0.30  -47.14  -46.81  -47.15  -46.92  -46.88  -46.88  -47.18  -46.73  -47.87  -46.87
       med   |   26.744 |   27.137 |   14.108 |   14.096 |   14.098 |   14.097 |   14.151 |   14.150 |   14.100 |   14.205 |   14.015 |   14.062
32     2     |   26.454 |   26.499 |   15.305 |   15.305 |   15.212 |   15.300 |   15.220 |   15.271 |   15.265 |   15.266 |   15.273 |   15.277 ||   +0.17  -42.14  -42.15  -42.50  -42.16  -42.47  -42.27  -42.30  -42.29  -42.27  -42.25
       med   |   26.742 |   26.679 |   15.316 |   15.320 |   15.320 |   15.320 |   15.303 |   15.351 |   15.308 |   15.282 |   15.291 |   15.291
48     3     |   27.801 |   27.724 |   18.915 |   18.914 |   18.622 |   18.632 |   18.627 |   18.636 |   18.634 |   18.609 |   18.633 |   18.655 ||   -0.28  -31.96  -31.97  -33.02  -32.98  -33.00  -32.97  -32.97  -33.06  -32.98  -32.90
       med   |   28.219 |   27.947 |   19.028 |   19.162 |   18.659 |   18.940 |   18.917 |   18.934 |   18.667 |   18.939 |   18.663 |   18.709
64     4     |   28.919 |   28.899 |   23.132 |   23.128 |   22.576 |   22.568 |   22.592 |   22.588 |   22.603 |   22.523 |   22.570 |   22.715 ||   -0.07  -20.01  -20.02  -21.93  -21.96  -21.88  -21.89  -21.84  -22.11  -21.95  -21.45
       med   |   29.196 |   29.106 |   23.168 |   23.162 |   22.661 |   22.875 |   22.780 |   23.096 |   22.671 |   22.772 |   22.592 |   22.991
80     5     |   29.950 |   29.997 |   30.050 |   30.043 |   30.041 |   30.042 |   30.039 |   30.047 |   30.045 |   30.048 |   30.108 |   30.114 ||   +0.16   +0.33   +0.31   +0.30   +0.31   +0.30   +0.32   +0.32   +0.33   +0.53   +0.55
       med   |   30.149 |   30.250 |   30.262 |   30.309 |   30.348 |   30.334 |   30.308 |   30.298 |   30.222 |   30.312 |   30.211 |   30.245
96     6     |   30.898 |   30.861 |   30.847 |   30.838 |   30.848 |   30.855 |   30.864 |   30.866 |   30.756 |   30.872 |   30.463 |   30.804 ||   -0.12   -0.16   -0.19   -0.16   -0.14   -0.11   -0.10   -0.46   -0.08   -1.41   -0.30
       med   |   31.075 |   31.186 |   31.027 |   31.035 |   31.052 |   31.052 |   31.037 |   31.051 |   31.019 |   31.067 |   31.052 |   31.066
112    7     |   31.825 |   31.711 |   31.710 |   31.747 |   31.762 |   31.763 |   31.764 |   31.761 |   31.759 |   31.765 |   31.873 |   31.873 ||   -0.36   -0.36   -0.25   -0.20   -0.20   -0.19   -0.20   -0.21   -0.19   +0.15   +0.15
       med   |   32.117 |   32.207 |   32.082 |   32.100 |   32.178 |   32.166 |   32.144 |   32.133 |   32.028 |   32.337 |   32.035 |   32.284
128    8     |   30.108 |   30.043 |   30.098 |   30.091 |   30.110 |   30.100 |   29.949 |   30.065 |   30.092 |   30.106 |   29.934 |   29.937 ||   -0.22   -0.03   -0.06   +0.01   -0.03   -0.53   -0.14   -0.05   -0.01   -0.58   -0.57
       med   |   30.238 |   30.278 |   30.262 |   30.269 |   30.467 |   30.336 |   30.328 |   30.361 |   30.247 |   30.386 |   30.060 |   30.145
256    16    |   52.201 |   52.388 |   52.084 |   52.046 |   52.181 |   52.144 |   52.128 |   52.195 |   52.158 |   52.143 |   52.064 |   52.230 ||   +0.36   -0.22   -0.30   -0.04   -0.11   -0.14   -0.01   -0.08   -0.11   -0.26   +0.06
       med   |   52.785 |   52.921 |   52.621 |   52.620 |   52.622 |   52.515 |   52.632 |   52.662 |   52.563 |   52.622 |   52.629 |   52.644
512    32    |   95.029 |   94.827 |   94.075 |   94.904 |   94.803 |   93.495 |   93.591 |   94.831 |   94.674 |   94.497 |   94.444 |   94.492 ||   -0.21   -1.00   -0.13   -0.24   -1.61   -1.51   -0.21   -0.37   -0.56   -0.62   -0.56
       med   |   96.028 |   96.118 |   95.474 |   95.768 |   95.526 |   95.503 |   95.529 |   95.943 |   95.431 |   95.614 |   95.752 |   95.766
1024   64    |  181.003 |  180.220 |  179.637 |  180.009 |  179.413 |  179.661 |  179.957 |  179.334 |  179.908 |  179.756 |  179.825 |  179.406 ||   -0.43   -0.75   -0.55   -0.88   -0.74   -0.58   -0.92   -0.60   -0.69   -0.65   -0.88
       med   |  182.510 |  182.827 |  181.440 |  181.542 |  181.406 |  181.435 |  181.445 |  181.599 |  181.376 |  181.579 |  181.844 |  181.668
4096   256   |  694.569 |  693.750 |  691.315 |  689.769 |  689.911 |  691.349 |  690.981 |  689.923 |  690.841 |  689.797 |  692.292 |  692.301 ||   -0.12   -0.47   -0.69   -0.67   -0.46   -0.52   -0.67   -0.54   -0.69   -0.33   -0.33
       med   |  700.364 |  700.246 |  694.422 |  694.644 |  695.000 |  693.899 |  694.362 |  694.388 |  693.622 |  695.234 |  695.933 |  695.429
=== process binW.order1.2
SELFCHECK OK (256 whole-block lengths 1..256 blk x 12 variants; out/Xi/ivec/ret byte-identical, nothing written past 16*nblk)
bytes  blks  |     base |   baseAA |       w1 |     w1AA |       d5 |     d5AA |       c3 |     c3AA |       d4 |       c5 |       e2 |      cl4 ||  baseAA%      w1%    w1AA%      d5%    d5AA%      c3%    c3AA%      d4%      c5%      e2%     cl4%
16     1     |   26.324 |   26.210 |   13.967 |   13.915 |   13.837 |   13.936 |   13.864 |   13.951 |   13.947 |   14.029 |   13.688 |   13.936 ||   -0.43  -46.94  -47.14  -47.44  -47.06  -47.33  -47.00  -47.02  -46.70  -48.00  -47.06
       med   |   26.541 |   26.846 |   14.098 |   14.099 |   14.096 |   14.097 |   14.149 |   14.151 |   14.099 |   14.207 |   14.052 |   14.062
32     2     |   26.460 |   26.462 |   15.302 |   15.305 |   15.205 |   15.300 |   15.226 |   15.254 |   15.180 |   15.266 |   15.264 |   15.280 ||   +0.01  -42.17  -42.16  -42.54  -42.18  -42.46  -42.35  -42.63  -42.31  -42.31  -42.25
       med   |   26.737 |   26.695 |   15.318 |   15.386 |   15.320 |   15.323 |   15.306 |   15.316 |   15.310 |   15.285 |   15.293 |   15.294
48     3     |   27.700 |   27.712 |   18.879 |   18.880 |   18.627 |   18.629 |   18.629 |   18.638 |   18.620 |   18.608 |   18.605 |   18.650 ||   +0.04  -31.85  -31.84  -32.76  -32.75  -32.75  -32.71  -32.78  -32.82  -32.84  -32.67
       med   |   28.062 |   27.950 |   19.020 |   19.034 |   18.655 |   18.934 |   18.936 |   19.041 |   18.665 |   18.939 |   18.662 |   18.710
64     4     |   28.935 |   28.881 |   23.121 |   23.125 |   22.577 |   22.575 |   22.588 |   22.596 |   22.601 |   22.519 |   22.572 |   22.713 ||   -0.19  -20.09  -20.08  -21.97  -21.98  -21.94  -21.91  -21.89  -22.18  -21.99  -21.50
       med   |   29.211 |   29.104 |   23.154 |   23.158 |   22.660 |   22.881 |   22.672 |   23.099 |   22.669 |   22.799 |   22.595 |   22.982
80     5     |   29.950 |   29.986 |   30.046 |   30.045 |   30.056 |   30.043 |   30.021 |   30.016 |   30.045 |   30.063 |   30.123 |   30.125 ||   +0.12   +0.32   +0.32   +0.35   +0.31   +0.24   +0.22   +0.32   +0.38   +0.58   +0.58
       med   |   30.204 |   30.194 |   30.294 |   30.274 |   30.341 |   30.327 |   30.302 |   30.321 |   30.241 |   30.316 |   30.224 |   30.228
96     6     |   30.906 |   30.802 |   30.870 |   30.876 |   30.877 |   30.869 |   30.867 |   30.870 |   30.850 |   30.875 |   30.824 |   30.831 ||   -0.34   -0.12   -0.10   -0.09   -0.12   -0.13   -0.12   -0.18   -0.10   -0.27   -0.24
       med   |   31.081 |   31.047 |   31.028 |   31.034 |   31.052 |   31.061 |   31.043 |   31.053 |   31.023 |   31.076 |   31.052 |   31.067
112    7     |   31.799 |   31.707 |   31.761 |   31.760 |   31.766 |   31.770 |   31.756 |   31.761 |   31.754 |   31.761 |   31.875 |   31.874 ||   -0.29   -0.12   -0.12   -0.11   -0.09   -0.13   -0.12   -0.14   -0.12   +0.24   +0.23
       med   |   32.488 |   32.552 |   32.405 |   32.379 |   32.678 |   32.639 |   33.297 |   34.355 |   33.557 |   33.783 |   34.884 |   33.265
128    8     |   30.097 |   30.035 |   30.087 |   30.012 |   30.041 |   30.040 |   30.018 |   30.108 |   30.100 |   29.973 |   29.929 |   29.941 ||   -0.20   -0.03   -0.28   -0.19   -0.19   -0.26   +0.04   +0.01   -0.41   -0.56   -0.52
       med   |   30.234 |   30.201 |   30.248 |   30.393 |   30.496 |   30.356 |   30.300 |   30.384 |   30.250 |   30.399 |   29.987 |   30.103
256    16    |   52.172 |   52.365 |   52.036 |   52.134 |   52.137 |   52.169 |   52.180 |   51.876 |   51.940 |   52.059 |   51.889 |   51.666 ||   +0.37   -0.26   -0.07   -0.07   -0.00   +0.02   -0.57   -0.44   -0.22   -0.54   -0.97
       med   |   52.762 |   52.908 |   52.596 |   52.604 |   52.576 |   52.563 |   52.687 |   52.601 |   52.534 |   52.691 |   52.633 |   52.670
512    32    |   95.277 |   95.275 |   94.676 |   94.232 |   94.679 |   95.012 |   93.855 |   94.628 |   94.554 |   94.901 |   94.262 |   94.535 ||   -0.00   -0.63   -1.10   -0.63   -0.28   -1.49   -0.68   -0.76   -0.40   -1.07   -0.78
       med   |   96.087 |   96.265 |   95.469 |   95.651 |   95.558 |   95.838 |   95.530 |   95.828 |   95.412 |   95.645 |   95.684 |   95.797
1024   64    |  180.403 |  180.271 |  179.889 |  179.875 |  179.913 |  179.319 |  179.429 |  179.911 |  179.836 |  179.919 |  179.618 |  179.809 ||   -0.07   -0.28   -0.29   -0.27   -0.60   -0.54   -0.27   -0.31   -0.27   -0.44   -0.33
       med   |  182.613 |  182.952 |  181.310 |  181.518 |  181.457 |  181.358 |  181.318 |  181.438 |  181.253 |  181.576 |  181.433 |  181.600
4096   256   |  695.189 |  692.895 |  691.226 |  691.260 |  690.909 |  689.989 |  691.302 |  690.458 |  690.658 |  690.211 |  692.123 |  692.341 ||   -0.33   -0.57   -0.57   -0.62   -0.75   -0.56   -0.68   -0.65   -0.72   -0.44   -0.41
       med   |  699.870 |  700.125 |  694.383 |  694.984 |  695.004 |  694.018 |  694.702 |  693.784 |  694.366 |  695.198 |  694.903 |  695.264
=== process binW.order1.3
SELFCHECK OK (256 whole-block lengths 1..256 blk x 12 variants; out/Xi/ivec/ret byte-identical, nothing written past 16*nblk)
bytes  blks  |     base |   baseAA |       w1 |     w1AA |       d5 |     d5AA |       c3 |     c3AA |       d4 |       c5 |       e2 |      cl4 ||  baseAA%      w1%    w1AA%      d5%    d5AA%      c3%    c3AA%      d4%      c5%      e2%     cl4%
16     1     |   26.225 |   26.194 |   13.942 |   14.001 |   13.882 |   13.931 |   13.938 |   13.964 |   13.882 |   14.036 |   13.880 |   13.936 ||   -0.12  -46.84  -46.61  -47.06  -46.88  -46.85  -46.75  -47.07  -46.48  -47.07  -46.86
       med   |   26.724 |   27.089 |   14.109 |   14.095 |   14.098 |   14.100 |   14.154 |   14.154 |   14.101 |   14.207 |   14.060 |   14.060
32     2     |   26.439 |   26.455 |   15.306 |   15.306 |   15.207 |   15.304 |   15.223 |   15.285 |   15.187 |   15.269 |   15.278 |   15.280 ||   +0.06  -42.11  -42.11  -42.49  -42.12  -42.42  -42.19  -42.56  -42.25  -42.22  -42.21
       med   |   26.767 |   26.692 |   15.317 |   15.319 |   15.321 |   15.327 |   15.309 |   15.316 |   15.312 |   15.292 |   15.295 |   15.296
48     3     |   27.787 |   27.726 |   18.920 |   18.904 |   18.619 |   18.622 |   18.620 |   18.781 |   18.642 |   18.611 |   18.627 |   18.665 ||   -0.22  -31.91  -31.97  -32.99  -32.98  -32.99  -32.41  -32.91  -33.02  -32.97  -32.83
       med   |   28.126 |   27.958 |   19.024 |   19.097 |   18.855 |   18.992 |   18.980 |   19.050 |   18.783 |   19.005 |   18.728 |   18.761
64     4     |   28.919 |   28.885 |   23.130 |   23.131 |   22.573 |   22.580 |   22.588 |   22.592 |   22.600 |   22.522 |   22.570 |   22.720 ||   -0.12  -20.02  -20.02  -21.94  -21.92  -21.89  -21.88  -21.85  -22.12  -21.96  -21.44
       med   |   29.108 |   29.109 |   23.157 |   23.161 |   22.664 |   22.893 |   22.786 |   23.108 |   22.670 |   22.561 |   22.594 |   22.995
80     5     |   29.953 |   29.985 |   30.051 |   30.050 |   30.008 |   30.043 |   30.044 |   30.026 |   30.012 |   30.047 |   30.112 |   30.125 ||   +0.11   +0.33   +0.32   +0.18   +0.30   +0.30   +0.24   +0.20   +0.31   +0.53   +0.57
       med   |   30.164 |   30.208 |   30.295 |   30.260 |   30.344 |   30.353 |   30.287 |   30.313 |   30.217 |   30.318 |   30.240 |   30.227
96     6     |   30.885 |   30.871 |   30.868 |   30.880 |   30.878 |   30.878 |   30.873 |   30.823 |   30.865 |   30.874 |   30.829 |   30.826 ||   -0.05   -0.05   -0.02   -0.02   -0.02   -0.04   -0.20   -0.06   -0.03   -0.18   -0.19
       med   |   31.017 |   31.105 |   31.038 |   31.035 |   31.132 |   31.069 |   31.059 |   31.044 |   31.026 |   31.114 |   31.055 |   31.068
112    7     |   31.814 |   31.717 |   31.755 |   31.696 |   31.763 |   31.762 |   31.757 |   31.763 |   31.758 |   31.768 |   31.857 |   31.876 ||   -0.30   -0.18   -0.37   -0.16   -0.16   -0.18   -0.16   -0.18   -0.15   +0.13   +0.20
       med   |   32.137 |   32.126 |   32.126 |   32.036 |   32.203 |   32.121 |   32.171 |   32.162 |   32.028 |   32.311 |   32.140 |   32.035
128    8     |   30.036 |   30.030 |   29.429 |   30.095 |   30.100 |   30.114 |   30.106 |   30.029 |   30.089 |   30.109 |   29.931 |   29.929 ||   -0.02   -2.02   +0.20   +0.22   +0.26   +0.23   -0.02   +0.18   +0.25   -0.35   -0.35
       med   |   30.223 |   30.281 |   30.244 |   30.301 |   30.461 |   30.350 |   30.306 |   30.344 |   30.261 |   30.393 |   30.070 |   30.055
256    16    |   52.173 |   52.357 |   52.058 |   51.948 |   51.845 |   52.071 |   52.216 |   52.072 |   52.189 |   52.172 |   52.230 |   52.229 ||   +0.35   -0.22   -0.43   -0.63   -0.20   +0.08   -0.19   +0.03   -0.00   +0.11   +0.11
       med   |   52.775 |   52.939 |   52.598 |   52.570 |   52.577 |   52.563 |   52.675 |   52.644 |   52.569 |   52.645 |   52.684 |   52.625
512    32    |   94.516 |   95.317 |   94.537 |   94.304 |   94.777 |   94.401 |   93.644 |   94.195 |   94.186 |   94.566 |   94.443 |   94.457 ||   +0.85   +0.02   -0.22   +0.28   -0.12   -0.92   -0.34   -0.35   +0.05   -0.08   -0.06
       med   |   96.186 |   96.179 |   95.498 |   95.630 |   95.494 |   95.606 |   95.567 |   95.705 |   95.343 |   95.667 |   95.420 |   95.810
1024   64    |  180.029 |  180.303 |  179.269 |  179.930 |  179.825 |  179.774 |  179.671 |  179.888 |  178.530 |  179.912 |  179.560 |  179.200 ||   +0.15   -0.42   -0.05   -0.11   -0.14   -0.20   -0.08   -0.83   -0.06   -0.26   -0.46
       med   |  182.474 |  182.813 |  181.384 |  181.405 |  181.278 |  181.375 |  181.292 |  181.546 |  181.177 |  181.588 |  181.358 |  181.622
4096   256   |  695.091 |  693.247 |  691.020 |  690.481 |  691.210 |  690.585 |  690.736 |  690.992 |  691.043 |  690.385 |  691.681 |  691.896 ||   -0.27   -0.59   -0.66   -0.56   -0.65   -0.63   -0.59   -0.58   -0.68   -0.49   -0.46
       med   |  699.798 |  699.720 |  694.115 |  694.270 |  694.540 |  693.863 |  694.568 |  693.739 |  693.553 |  694.885 |  695.016 |  695.176
=== process binW.order1.4
SELFCHECK OK (256 whole-block lengths 1..256 blk x 12 variants; out/Xi/ivec/ret byte-identical, nothing written past 16*nblk)
bytes  blks  |     base |   baseAA |       w1 |     w1AA |       d5 |     d5AA |       c3 |     c3AA |       d4 |       c5 |       e2 |      cl4 ||  baseAA%      w1%    w1AA%      d5%    d5AA%      c3%    c3AA%      d4%      c5%      e2%     cl4%
16     1     |   26.147 |   26.151 |   13.936 |   13.963 |   13.835 |   13.933 |   13.967 |   13.984 |   13.856 |   13.984 |   13.685 |   13.908 ||   +0.02  -46.70  -46.60  -47.09  -46.71  -46.58  -46.52  -47.01  -46.52  -47.66  -46.81
       med   |   26.393 |   26.488 |   14.084 |   14.108 |   14.095 |   14.098 |   14.151 |   14.152 |   14.099 |   14.206 |   13.995 |   14.058
32     2     |   26.487 |   26.494 |   15.304 |   15.304 |   15.205 |   15.215 |   15.226 |   15.275 |   15.271 |   15.261 |   15.281 |   15.276 ||   +0.03  -42.22  -42.22  -42.59  -42.56  -42.52  -42.33  -42.34  -42.38  -42.31  -42.33
       med   |   26.811 |   26.692 |   15.316 |   15.383 |   15.324 |   15.326 |   15.311 |   15.312 |   15.311 |   15.288 |   15.294 |   15.295
48     3     |   27.648 |   27.706 |   18.866 |   18.873 |   18.619 |   18.619 |   18.629 |   18.639 |   18.626 |   18.607 |   18.605 |   18.645 ||   +0.21  -31.76  -31.74  -32.66  -32.66  -32.62  -32.58  -32.63  -32.70  -32.71  -32.56
       med   |   28.357 |   27.951 |   19.010 |   19.074 |   18.836 |   18.937 |   18.943 |   19.039 |   18.679 |   18.943 |   18.662 |   18.712
64     4     |   28.963 |   28.890 |   23.128 |   23.131 |   22.578 |   22.578 |   22.589 |   22.588 |   22.599 |   22.521 |   22.572 |   22.724 ||   -0.25  -20.15  -20.13  -22.04  -22.04  -22.01  -22.01  -21.97  -22.24  -22.07  -21.54
       med   |   29.272 |   29.107 |   23.156 |   23.162 |   22.665 |   22.889 |   22.683 |   23.102 |   22.669 |   22.781 |   22.594 |   22.997
80     5     |   29.954 |   29.977 |   30.048 |   30.048 |   30.017 |   30.037 |   30.034 |   30.049 |   30.044 |   30.057 |   30.118 |   30.120 ||   +0.08   +0.32   +0.31   +0.21   +0.28   +0.27   +0.32   +0.30   +0.35   +0.55   +0.55
       med   |   30.243 |   30.224 |   30.279 |   30.271 |   30.327 |   30.349 |   30.287 |   30.303 |   30.251 |   30.325 |   30.211 |   30.255
96     6     |   30.892 |   30.864 |   30.897 |   30.871 |   30.856 |   30.877 |   30.871 |   30.880 |   30.867 |   30.880 |   30.835 |   30.827 ||   -0.09   +0.02   -0.07   -0.12   -0.05   -0.07   -0.04   -0.08   -0.04   -0.18   -0.21
       med   |   31.030 |   31.140 |   31.023 |   31.028 |   31.065 |   31.102 |   31.076 |   31.049 |   31.009 |   31.182 |   31.048 |   31.069
112    7     |   31.827 |   32.036 |   31.784 |   31.783 |   32.170 |   31.794 |   31.985 |   32.101 |   31.782 |   32.101 |   31.882 |   31.906 ||   +0.66   -0.13   -0.14   +1.08   -0.10   +0.50   +0.86   -0.14   +0.86   +0.17   +0.25
       med   |   34.416 |   35.120 |   34.173 |   34.517 |   34.639 |   34.286 |   34.739 |   34.234 |   34.112 |   34.095 |   34.595 |   34.609
128    8     |   30.109 |   30.044 |   30.106 |   30.110 |   30.066 |   30.058 |   30.044 |   30.042 |   30.059 |   30.008 |   29.935 |   29.692 ||   -0.21   -0.01   +0.00   -0.14   -0.17   -0.22   -0.22   -0.17   -0.34   -0.58   -1.39
       med   |   30.236 |   30.281 |   30.246 |   30.410 |   30.411 |   30.360 |   30.340 |   30.291 |   30.230 |   30.393 |   29.988 |   30.060
256    16    |   52.251 |   52.352 |   52.125 |   52.084 |   51.979 |   51.984 |   52.185 |   52.163 |   52.053 |   52.150 |   52.229 |   52.174 ||   +0.19   -0.24   -0.32   -0.52   -0.51   -0.13   -0.17   -0.38   -0.19   -0.04   -0.15
       med   |   52.866 |   52.943 |   52.555 |   52.615 |   52.669 |   52.516 |   52.693 |   52.654 |   52.545 |   52.659 |   52.676 |   52.627
512    32    |   95.015 |   95.416 |   94.450 |   93.837 |   93.887 |   94.994 |   93.558 |   94.794 |   94.423 |   94.086 |   94.474 |   94.353 ||   +0.42   -0.59   -1.24   -1.19   -0.02   -1.53   -0.23   -0.62   -0.98   -0.57   -0.70
       med   |   96.150 |   96.301 |   95.578 |   95.707 |   95.424 |   95.842 |   95.514 |   95.621 |   95.447 |   95.658 |   95.660 |   95.756
1024   64    |  181.051 |  180.980 |  178.952 |  179.936 |  179.916 |  179.855 |  179.238 |  179.676 |  179.649 |  179.789 |  179.901 |  179.686 ||   -0.04   -1.16   -0.62   -0.63   -0.66   -1.00   -0.76   -0.77   -0.70   -0.64   -0.75
       med   |  182.660 |  182.996 |  181.416 |  181.747 |  181.483 |  181.407 |  181.327 |  181.507 |  181.355 |  181.655 |  181.651 |  181.689
4096   256   |  693.904 |  693.712 |  689.916 |  690.560 |  690.213 |  689.938 |  690.558 |  690.452 |  690.543 |  691.176 |  691.850 |  692.298 ||   -0.03   -0.57   -0.48   -0.53   -0.57   -0.48   -0.50   -0.48   -0.39   -0.30   -0.23
       med   |  700.102 |  700.121 |  694.760 |  694.728 |  695.427 |  694.185 |  694.758 |  693.875 |  694.143 |  695.654 |  695.720 |  695.380
=== process binW.order1.5
SELFCHECK OK (256 whole-block lengths 1..256 blk x 12 variants; out/Xi/ivec/ret byte-identical, nothing written past 16*nblk)
bytes  blks  |     base |   baseAA |       w1 |     w1AA |       d5 |     d5AA |       c3 |     c3AA |       d4 |       c5 |       e2 |      cl4 ||  baseAA%      w1%    w1AA%      d5%    d5AA%      c3%    c3AA%      d4%      c5%      e2%     cl4%
16     1     |   26.163 |   26.131 |   13.860 |   13.966 |   13.839 |   13.925 |   13.936 |   14.021 |   13.951 |   13.907 |   13.876 |   13.969 ||   -0.12  -47.02  -46.62  -47.10  -46.77  -46.73  -46.41  -46.68  -46.84  -46.96  -46.61
       med   |   26.429 |   26.520 |   14.099 |   14.099 |   14.098 |   14.100 |   14.153 |   14.156 |   14.101 |   14.205 |   14.016 |   14.061
32     2     |   26.465 |   26.497 |   15.302 |   15.304 |   15.206 |   15.305 |   15.221 |   15.274 |   15.187 |   15.270 |   15.277 |   15.280 ||   +0.12  -42.18  -42.17  -42.54  -42.17  -42.49  -42.29  -42.62  -42.30  -42.27  -42.26
       med   |   26.778 |   26.698 |   15.319 |   15.332 |   15.327 |   15.323 |   15.305 |   15.314 |   15.312 |   15.290 |   15.295 |   15.297
48     3     |   27.713 |   27.719 |   18.873 |   18.877 |   18.620 |   18.613 |   18.627 |   18.627 |   18.625 |   18.604 |   18.602 |   18.649 ||   +0.02  -31.90  -31.88  -32.81  -32.84  -32.79  -32.78  -32.79  -32.87  -32.88  -32.71
       med   |   28.216 |   27.973 |   19.235 |   19.100 |   18.898 |   18.970 |   18.930 |   19.045 |   18.733 |   18.944 |   18.725 |   18.755
64     4     |   28.942 |   28.887 |   23.134 |   23.132 |   22.576 |   22.576 |   22.588 |   22.588 |   22.609 |   22.521 |   22.570 |   22.717 ||   -0.19  -20.07  -20.07  -22.00  -22.00  -21.95  -21.95  -21.88  -22.18  -22.02  -21.51
       med   |   29.223 |   29.111 |   23.165 |   23.167 |   22.662 |   22.894 |   22.870 |   23.098 |   22.669 |   22.771 |   22.594 |   22.975
80     5     |   29.961 |   29.986 |   30.054 |   30.052 |   30.059 |   30.047 |   30.005 |   30.056 |   30.046 |   30.036 |   30.121 |   30.124 ||   +0.09   +0.31   +0.31   +0.33   +0.29   +0.15   +0.32   +0.28   +0.25   +0.54   +0.54
       med   |   30.174 |   30.303 |   30.262 |   30.260 |   30.322 |   30.357 |   30.310 |   30.288 |   30.271 |   30.338 |   30.214 |   30.247
96     6     |   30.893 |   30.870 |   30.830 |   30.879 |   30.845 |   30.889 |   30.876 |   30.859 |   30.854 |   30.877 |   30.826 |   30.820 ||   -0.08   -0.21   -0.05   -0.16   -0.01   -0.06   -0.11   -0.13   -0.05   -0.22   -0.24
       med   |   31.077 |   31.082 |   31.030 |   31.049 |   31.060 |   31.051 |   31.074 |   31.037 |   31.021 |   31.106 |   31.050 |   31.062
112    7     |   31.863 |   31.862 |   31.761 |   31.763 |   31.772 |   31.791 |   31.784 |   31.768 |   31.771 |   31.769 |   31.877 |   31.879 ||   -0.00   -0.32   -0.31   -0.28   -0.23   -0.25   -0.30   -0.29   -0.30   +0.04   +0.05
       med   |   34.669 |   35.031 |   34.334 |   34.566 |   34.748 |   34.308 |   34.805 |   34.391 |   34.282 |   34.243 |   34.717 |   34.710
128    8     |   30.105 |   30.036 |   30.106 |   30.043 |   30.114 |   30.110 |   30.048 |   30.044 |   30.104 |   30.118 |   29.938 |   29.936 ||   -0.23   +0.00   -0.21   +0.03   +0.02   -0.19   -0.20   -0.00   +0.04   -0.55   -0.56
       med   |   30.245 |   30.275 |   30.254 |   30.345 |   30.490 |   30.343 |   30.339 |   30.272 |   30.198 |   30.394 |   29.996 |   30.063
256    16    |   51.987 |   52.359 |   52.192 |   51.953 |   51.996 |   52.120 |   52.124 |   52.087 |   52.141 |   52.016 |   52.224 |   52.235 ||   +0.72   +0.39   -0.07   +0.02   +0.26   +0.26   +0.19   +0.30   +0.06   +0.46   +0.48
       med   |   52.816 |   52.955 |   52.575 |   52.601 |   52.618 |   52.516 |   52.621 |   52.624 |   52.547 |   52.624 |   52.690 |   52.657
512    32    |   95.037 |   94.981 |   93.986 |   94.638 |   94.764 |   94.300 |   93.630 |   93.922 |   93.528 |   93.928 |   94.673 |   94.066 ||   -0.06   -1.11   -0.42   -0.29   -0.78   -1.48   -1.17   -1.59   -1.17   -0.38   -1.02
       med   |   95.894 |   96.094 |   95.535 |   95.714 |   95.558 |   95.552 |   95.539 |   95.644 |   95.365 |   95.708 |   95.919 |   95.789
1024   64    |  179.867 |  180.198 |  179.634 |  179.382 |  179.762 |  179.830 |  179.897 |  179.912 |  179.740 |  179.873 |  179.714 |  178.948 ||   +0.18   -0.13   -0.27   -0.06   -0.02   +0.02   +0.03   -0.07   +0.00   -0.09   -0.51
       med   |  182.461 |  182.670 |  181.422 |  181.548 |  181.392 |  181.451 |  181.244 |  181.364 |  181.224 |  181.482 |  181.630 |  181.671
4096   256   |  693.982 |  692.071 |  690.092 |  690.339 |  690.648 |  690.081 |  690.473 |  691.393 |  689.843 |  690.601 |  692.159 |  691.777 ||   -0.28   -0.56   -0.52   -0.48   -0.56   -0.51   -0.37   -0.60   -0.49   -0.26   -0.32
       med   |  700.263 |  700.193 |  694.601 |  694.803 |  695.017 |  694.293 |  694.659 |  694.437 |  693.870 |  695.237 |  695.407 |  695.330
=== process binW.order2.1
SELFCHECK OK (256 whole-block lengths 1..256 blk x 12 variants; out/Xi/ivec/ret byte-identical, nothing written past 16*nblk)
bytes  blks  |     base |      cl4 |       e2 |       c5 |       d4 |     c3AA |       c3 |     d5AA |       d5 |     w1AA |       w1 |   baseAA ||     cl4%      e2%      c5%      d4%    c3AA%      c3%    d5AA%      d5%    w1AA%      w1%  baseAA%
16     1     |   26.317 |   13.941 |   13.700 |   13.919 |   13.907 |   13.943 |   13.938 |   13.828 |   13.871 |   13.872 |   13.963 |   26.313 ||  -47.03  -47.94  -47.11  -47.15  -47.02  -47.04  -47.46  -47.29  -47.29  -46.94   -0.01
       med   |   26.454 |   14.065 |   13.949 |   14.161 |   14.098 |   14.154 |   14.155 |   14.101 |   14.098 |   14.096 |   14.106 |   26.492
32     2     |   26.440 |   15.277 |   15.265 |   15.291 |   15.179 |   15.269 |   15.269 |   15.207 |   15.277 |   15.307 |   15.305 |   26.534 ||  -42.22  -42.27  -42.17  -42.59  -42.25  -42.25  -42.49  -42.22  -42.11  -42.12   +0.35
       med   |   26.703 |   15.291 |   15.292 |   15.304 |   15.312 |   15.303 |   15.304 |   15.318 |   15.322 |   15.318 |   15.317 |   26.694
48     3     |   27.576 |   18.645 |   18.604 |   18.599 |   18.631 |   18.627 |   18.626 |   18.632 |   18.624 |   18.870 |   18.889 |   27.647 ||  -32.39  -32.54  -32.55  -32.44  -32.45  -32.46  -32.43  -32.46  -31.57  -31.50   +0.26
       med   |   27.897 |   18.717 |   18.664 |   18.622 |   18.667 |   18.840 |   18.903 |   18.861 |   18.933 |   19.020 |   19.024 |   28.033
64     4     |   28.919 |   22.718 |   22.572 |   22.583 |   22.614 |   22.594 |   22.587 |   22.569 |   22.586 |   23.127 |   23.131 |   28.929 ||  -21.44  -21.95  -21.91  -21.80  -21.87  -21.90  -21.96  -21.90  -20.03  -20.02   +0.04
       med   |   29.091 |   22.750 |   22.666 |   22.628 |   22.893 |   22.681 |   22.882 |   22.655 |   22.895 |   23.157 |   23.209 |   29.097
80     5     |   29.951 |   30.106 |   30.094 |   30.126 |   30.014 |   30.049 |   30.047 |   30.047 |   30.051 |   30.048 |   30.035 |   29.949 ||   +0.52   +0.48   +0.58   +0.21   +0.33   +0.32   +0.32   +0.33   +0.32   +0.28   -0.01
       med   |   30.208 |   30.254 |   30.255 |   30.257 |   30.311 |   30.291 |   30.249 |   30.088 |   30.226 |   30.231 |   30.338 |   30.144
96     6     |   30.902 |   30.839 |   30.822 |   30.824 |   30.874 |   30.861 |   30.858 |   30.855 |   30.869 |   30.865 |   30.872 |   30.897 ||   -0.20   -0.26   -0.25   -0.09   -0.13   -0.14   -0.15   -0.11   -0.12   -0.10   -0.02
       med   |   31.071 |   31.062 |   31.064 |   31.071 |   31.097 |   31.033 |   31.025 |   30.959 |   31.029 |   31.024 |   31.053 |   31.003
112    7     |   31.816 |   31.878 |   31.853 |   31.878 |   31.772 |   31.760 |   31.757 |   31.757 |   31.753 |   31.757 |   31.758 |   31.824 ||   +0.20   +0.12   +0.19   -0.14   -0.18   -0.19   -0.19   -0.20   -0.18   -0.18   +0.03
       med   |   34.226 |   34.890 |   34.089 |   32.400 |   33.389 |   34.392 |   34.456 |   34.487 |   34.453 |   34.468 |   34.536 |   34.176
128    8     |   30.097 |   29.930 |   29.918 |   29.681 |   30.015 |   30.056 |   30.098 |   30.102 |   30.091 |   30.097 |   30.006 |   30.103 ||   -0.56   -0.59   -1.38   -0.27   -0.14   +0.00   +0.01   -0.02   -0.00   -0.30   +0.02
       med   |   30.344 |   30.076 |   30.327 |   30.235 |   30.398 |   30.310 |   30.250 |   30.228 |   30.290 |   30.253 |   30.358 |   30.181
256    16    |   52.288 |   52.170 |   52.141 |   52.243 |   52.110 |   52.098 |   52.137 |   52.146 |   52.149 |   52.008 |   52.130 |   52.285 ||   -0.22   -0.28   -0.09   -0.34   -0.36   -0.29   -0.27   -0.27   -0.53   -0.30   -0.00
       med   |   52.829 |   52.687 |   52.655 |   52.856 |   52.704 |   52.751 |   52.602 |   52.588 |   52.633 |   52.628 |   52.581 |   52.871
512    32    |   95.218 |   94.446 |   94.448 |   94.551 |   94.990 |   94.534 |   94.526 |   93.945 |   93.675 |   93.883 |   94.260 |   94.901 ||   -0.81   -0.81   -0.70   -0.24   -0.72   -0.73   -1.34   -1.62   -1.40   -1.01   -0.33
       med   |   96.140 |   95.782 |   95.471 |   95.594 |   95.726 |   95.398 |   95.669 |   95.407 |   95.715 |   95.509 |   95.803 |   95.924
1024   64    |  179.959 |  179.768 |  179.095 |  179.733 |  178.983 |  179.022 |  179.744 |  179.815 |  180.003 |  179.606 |  179.931 |  179.888 ||   -0.11   -0.48   -0.13   -0.54   -0.52   -0.12   -0.08   +0.02   -0.20   -0.02   -0.04
       med   |  182.558 |  181.712 |  181.411 |  181.697 |  181.482 |  181.309 |  181.601 |  181.357 |  181.622 |  181.347 |  181.576 |  182.125
4096   256   |  694.451 |  692.079 |  691.978 |  692.134 |  691.199 |  690.250 |  690.831 |  690.062 |  690.363 |  690.216 |  690.158 |  691.139 ||   -0.34   -0.36   -0.33   -0.47   -0.61   -0.52   -0.63   -0.59   -0.61   -0.62   -0.48
       med   |  699.893 |  696.279 |  695.533 |  695.782 |  694.086 |  693.482 |  695.240 |  696.243 |  694.372 |  694.351 |  695.782 |  698.895
=== process binW.order2.2
SELFCHECK OK (256 whole-block lengths 1..256 blk x 12 variants; out/Xi/ivec/ret byte-identical, nothing written past 16*nblk)
bytes  blks  |     base |      cl4 |       e2 |       c5 |       d4 |     c3AA |       c3 |     d5AA |       d5 |     w1AA |       w1 |   baseAA ||     cl4%      e2%      c5%      d4%    c3AA%      c3%    d5AA%      d5%    w1AA%      w1%  baseAA%
16     1     |   26.136 |   13.941 |   13.883 |   13.880 |   13.873 |   13.945 |   13.939 |   13.956 |   13.937 |   13.857 |   13.954 |   26.114 ||  -46.66  -46.88  -46.89  -46.92  -46.64  -46.66  -46.60  -46.67  -46.98  -46.61   -0.08
       med   |   26.667 |   14.060 |   13.956 |   14.161 |   14.098 |   14.151 |   14.152 |   14.101 |   14.100 |   14.104 |   14.102 |   26.747
32     2     |   26.527 |   15.276 |   15.265 |   15.291 |   15.188 |   15.224 |   15.271 |   15.308 |   15.205 |   15.305 |   15.304 |   26.475 ||  -42.41  -42.45  -42.36  -42.74  -42.61  -42.43  -42.29  -42.68  -42.31  -42.31   -0.20
       med   |   26.716 |   15.291 |   15.291 |   15.303 |   15.343 |   15.304 |   15.353 |   15.317 |   15.356 |   15.318 |   15.317 |   26.704
48     3     |   27.758 |   18.656 |   18.635 |   18.599 |   18.639 |   18.629 |   18.643 |   18.625 |   18.650 |   18.923 |   18.917 |   27.436 ||  -32.79  -32.86  -33.00  -32.85  -32.89  -32.84  -32.90  -32.81  -31.83  -31.85   -1.16
       med   |   27.904 |   18.826 |   18.665 |   18.630 |   18.670 |   18.829 |   19.044 |   18.843 |   18.948 |   19.025 |   19.024 |   28.012
64     4     |   28.916 |   22.721 |   22.567 |   22.585 |   22.616 |   22.583 |   22.594 |   22.581 |   22.576 |   23.131 |   23.131 |   28.913 ||  -21.43  -21.96  -21.89  -21.79  -21.90  -21.86  -21.91  -21.93  -20.01  -20.01   -0.01
       med   |   29.062 |   23.011 |   22.854 |   22.631 |   22.894 |   22.678 |   22.889 |   22.657 |   22.890 |   23.156 |   23.243 |   29.112
80     5     |   29.954 |   30.110 |   30.123 |   30.095 |   30.015 |   30.054 |   30.010 |   30.053 |   30.045 |   30.030 |   30.021 |   29.954 ||   +0.52   +0.56   +0.47   +0.20   +0.33   +0.19   +0.33   +0.30   +0.25   +0.22   +0.00
       med   |   30.252 |   30.296 |   30.257 |   30.259 |   30.304 |   30.286 |   30.306 |   30.086 |   30.324 |   30.231 |   30.333 |   30.142
96     6     |   30.917 |   30.820 |   30.828 |   30.852 |   30.861 |   30.861 |   30.865 |   30.869 |   30.865 |   30.861 |   30.877 |   30.901 ||   -0.32   -0.29   -0.21   -0.18   -0.18   -0.17   -0.16   -0.17   -0.18   -0.13   -0.05
       med   |   31.086 |   31.095 |   31.081 |   31.077 |   31.166 |   31.034 |   31.032 |   30.952 |   31.040 |   31.021 |   31.070 |   30.996
112    7     |   31.823 |   31.872 |   31.809 |   31.875 |   31.757 |   31.756 |   31.759 |   31.736 |   31.758 |   31.747 |   31.760 |   31.819 ||   +0.16   -0.04   +0.17   -0.21   -0.21   -0.20   -0.27   -0.20   -0.24   -0.20   -0.01
       med   |   32.277 |   32.248 |   32.195 |   32.024 |   32.181 |   32.133 |   32.129 |   32.131 |   32.188 |   32.133 |   32.326 |   32.089
128    8     |   30.110 |   29.923 |   29.948 |   29.684 |   29.948 |   30.099 |   30.100 |   30.092 |   30.115 |   30.099 |   30.012 |   30.096 ||   -0.62   -0.54   -1.42   -0.54   -0.04   -0.04   -0.06   +0.02   -0.04   -0.33   -0.05
       med   |   30.341 |   30.087 |   30.292 |   30.204 |   30.382 |   30.286 |   30.253 |   30.159 |   30.395 |   30.259 |   30.315 |   30.186
256    16    |   52.171 |   51.939 |   52.225 |   52.215 |   52.060 |   51.971 |   52.163 |   52.187 |   52.133 |   52.029 |   52.020 |   52.251 ||   -0.45   +0.10   +0.08   -0.21   -0.38   -0.02   +0.03   -0.07   -0.27   -0.29   +0.15
       med   |   52.822 |   52.711 |   52.778 |   52.770 |   52.637 |   52.682 |   52.657 |   52.567 |   52.622 |   52.680 |   52.555 |   52.766
512    32    |   94.875 |   94.373 |   94.484 |   94.760 |   94.424 |   94.310 |   94.700 |   94.042 |   94.903 |   93.869 |   94.840 |   94.856 ||   -0.53   -0.41   -0.12   -0.47   -0.60   -0.18   -0.88   +0.03   -1.06   -0.04   -0.02
       med   |   96.039 |   95.737 |   95.562 |   95.912 |   95.645 |   95.435 |   95.715 |   95.504 |   95.819 |   95.480 |   95.762 |   95.829
1024   64    |  180.757 |  179.758 |  179.700 |  179.749 |  179.641 |  179.657 |  179.665 |  179.828 |  179.824 |  178.956 |  180.092 |  180.054 ||   -0.55   -0.59   -0.56   -0.62   -0.61   -0.60   -0.51   -0.52   -1.00   -0.37   -0.39
       med   |  182.529 |  181.847 |  181.381 |  181.697 |  181.386 |  181.314 |  181.542 |  181.384 |  181.557 |  181.260 |  181.620 |  182.212
4096   256   |  694.051 |  691.607 |  691.428 |  692.311 |  691.168 |  690.205 |  691.476 |  690.730 |  689.944 |  689.726 |  689.964 |  692.093 ||   -0.35   -0.38   -0.25   -0.42   -0.55   -0.37   -0.48   -0.59   -0.62   -0.59   -0.28
       med   |  700.149 |  696.008 |  695.393 |  696.013 |  694.262 |  693.548 |  694.973 |  695.870 |  694.513 |  694.154 |  696.264 |  699.125
=== process binW.order2.3
SELFCHECK OK (256 whole-block lengths 1..256 blk x 12 variants; out/Xi/ivec/ret byte-identical, nothing written past 16*nblk)
bytes  blks  |     base |      cl4 |       e2 |       c5 |       d4 |     c3AA |       c3 |     d5AA |       d5 |     w1AA |       w1 |   baseAA ||     cl4%      e2%      c5%      d4%    c3AA%      c3%    d5AA%      d5%    w1AA%      w1%  baseAA%
16     1     |   26.176 |   13.935 |   13.885 |   13.866 |   13.950 |   13.951 |   13.943 |   14.061 |   13.939 |   13.847 |   13.937 |   26.166 ||  -46.76  -46.96  -47.03  -46.70  -46.70  -46.73  -46.28  -46.75  -47.10  -46.76   -0.04
       med   |   26.489 |   14.057 |   13.960 |   14.160 |   14.102 |   14.153 |   14.152 |   14.100 |   14.100 |   14.103 |   14.095 |   26.352
32     2     |   26.450 |   15.278 |   15.271 |   15.289 |   15.191 |   15.223 |   15.284 |   15.306 |   15.208 |   15.303 |   15.305 |   26.519 ||  -42.24  -42.27  -42.20  -42.57  -42.45  -42.22  -42.13  -42.50  -42.15  -42.14   +0.26
       med   |   26.727 |   15.291 |   15.292 |   15.303 |   15.305 |   15.304 |   15.354 |   15.319 |   15.357 |   15.318 |   15.386 |   26.754
48     3     |   27.736 |   18.647 |   18.602 |   18.606 |   18.628 |   18.626 |   18.626 |   18.626 |   18.630 |   18.870 |   18.887 |   27.675 ||  -32.77  -32.93  -32.92  -32.84  -32.85  -32.84  -32.84  -32.83  -31.97  -31.90   -0.22
       med   |   27.908 |   18.713 |   18.665 |   18.622 |   18.670 |   18.832 |   18.908 |   18.895 |   18.941 |   19.027 |   19.244 |   28.059
64     4     |   28.916 |   22.718 |   22.568 |   22.584 |   22.607 |   22.591 |   22.589 |   22.580 |   22.573 |   23.129 |   23.071 |   28.928 ||  -21.44  -21.95  -21.90  -21.82  -21.88  -21.88  -21.91  -21.94  -20.01  -20.21   +0.04
       med   |   29.100 |   23.006 |   22.605 |   22.631 |   22.890 |   22.676 |   22.891 |   22.657 |   22.895 |   23.159 |   23.422 |   29.146
80     5     |   29.961 |   30.109 |   30.124 |   30.131 |   30.039 |   30.054 |   30.048 |   30.045 |   30.050 |   30.041 |   30.013 |   29.959 ||   +0.49   +0.54   +0.57   +0.26   +0.31   +0.29   +0.28   +0.30   +0.27   +0.17   -0.01
       med   |   30.223 |   30.248 |   30.265 |   30.280 |   30.329 |   30.285 |   30.299 |   30.089 |   30.341 |   30.235 |   30.340 |   30.103
96     6     |   30.903 |   30.784 |   30.807 |   30.825 |   30.862 |   30.861 |   30.862 |   30.863 |   30.853 |   30.854 |   30.872 |   30.893 ||   -0.38   -0.31   -0.25   -0.13   -0.13   -0.13   -0.13   -0.16   -0.16   -0.10   -0.03
       med   |   31.077 |   31.100 |   31.085 |   31.082 |   31.065 |   31.036 |   31.023 |   31.021 |   31.059 |   31.025 |   31.098 |   31.009
112    7     |   31.846 |   31.896 |   31.823 |   31.876 |   31.954 |   31.779 |   31.773 |   31.764 |   31.768 |   31.767 |   31.851 |   31.833 ||   +0.16   -0.07   +0.09   +0.34   -0.21   -0.23   -0.26   -0.25   -0.25   +0.02   -0.04
       med   |   34.341 |   34.938 |   34.742 |   34.739 |   34.290 |   34.266 |   34.580 |   34.272 |   34.483 |   34.302 |   34.683 |   34.148
128    8     |   30.106 |   29.907 |   29.698 |   29.943 |   30.106 |   30.104 |   30.112 |   30.040 |   30.100 |   30.110 |   30.102 |   30.095 ||   -0.66   -1.35   -0.54   -0.00   -0.01   +0.02   -0.22   -0.02   +0.01   -0.01   -0.04
       med   |   30.320 |   30.246 |   30.339 |   30.220 |   30.393 |   30.311 |   30.249 |   30.147 |   30.374 |   30.239 |   30.332 |   30.176
256    16    |   52.311 |   52.235 |   52.243 |   52.236 |   51.936 |   52.144 |   52.037 |   52.195 |   52.180 |   52.185 |   52.001 |   52.286 ||   -0.15   -0.13   -0.14   -0.72   -0.32   -0.52   -0.22   -0.25   -0.24   -0.59   -0.05
       med   |   52.871 |   52.687 |   52.689 |   52.861 |   52.684 |   52.701 |   52.530 |   52.581 |   52.648 |   52.688 |   52.557 |   52.847
512    32    |   94.996 |   94.652 |   94.539 |   94.654 |   94.096 |   93.975 |   94.868 |   93.942 |   94.525 |   93.972 |   95.033 |   95.022 ||   -0.36   -0.48   -0.36   -0.95   -1.08   -0.13   -1.11   -0.50   -1.08   +0.04   +0.03
       med   |   96.115 |   95.709 |   95.460 |   96.028 |   95.698 |   95.363 |   95.665 |   95.490 |   95.757 |   95.491 |   95.766 |   95.809
1024   64    |  180.161 |  179.923 |  179.840 |  179.929 |  179.285 |  179.754 |  180.003 |  180.023 |  179.086 |  179.768 |  179.796 |  180.087 ||   -0.13   -0.18   -0.13   -0.49   -0.23   -0.09   -0.08   -0.60   -0.22   -0.20   -0.04
       med   |  182.645 |  181.773 |  181.394 |  181.871 |  181.596 |  181.268 |  181.692 |  181.473 |  181.561 |  181.469 |  181.607 |  182.162
4096   256   |  695.451 |  690.724 |  691.216 |  691.195 |  690.248 |  690.376 |  691.023 |  690.335 |  689.855 |  690.698 |  691.388 |  692.175 ||   -0.68   -0.61   -0.61   -0.75   -0.73   -0.64   -0.74   -0.80   -0.68   -0.58   -0.47
       med   |  700.378 |  696.341 |  695.556 |  695.851 |  694.247 |  693.622 |  695.152 |  695.899 |  693.977 |  694.157 |  696.251 |  698.865
=== process binW.order2.4
SELFCHECK OK (256 whole-block lengths 1..256 blk x 12 variants; out/Xi/ivec/ret byte-identical, nothing written past 16*nblk)
bytes  blks  |     base |      cl4 |       e2 |       c5 |       d4 |     c3AA |       c3 |     d5AA |       d5 |     w1AA |       w1 |   baseAA ||     cl4%      e2%      c5%      d4%    c3AA%      c3%    d5AA%      d5%    w1AA%      w1%  baseAA%
16     1     |   26.177 |   13.935 |   13.689 |   13.894 |   13.935 |   13.954 |   13.846 |   13.954 |   13.929 |   13.833 |   13.968 |   26.152 ||  -46.76  -47.71  -46.92  -46.77  -46.69  -47.11  -46.69  -46.79  -47.16  -46.64   -0.10
       med   |   26.404 |   14.069 |   14.014 |   14.161 |   14.100 |   14.150 |   14.152 |   14.099 |   14.100 |   14.098 |   14.110 |   26.374
32     2     |   26.523 |   15.277 |   15.265 |   15.290 |   15.179 |   15.225 |   15.222 |   15.308 |   15.213 |   15.305 |   15.304 |   26.532 ||  -42.40  -42.45  -42.35  -42.77  -42.60  -42.61  -42.28  -42.64  -42.29  -42.30   +0.03
       med   |   26.719 |   15.345 |   15.291 |   15.305 |   15.346 |   15.304 |   15.301 |   15.319 |   15.321 |   15.320 |   15.317 |   26.718
48     3     |   27.758 |   18.652 |   18.603 |   18.597 |   18.639 |   18.630 |   18.627 |   18.628 |   18.639 |   18.884 |   18.882 |   27.688 ||  -32.80  -32.98  -33.00  -32.85  -32.88  -32.89  -32.89  -32.85  -31.97  -31.97   -0.25
       med   |   27.908 |   18.715 |   18.663 |   18.621 |   18.668 |   18.850 |   19.043 |   18.844 |   18.942 |   19.021 |   19.024 |   28.095
64     4     |   28.917 |   22.716 |   22.566 |   22.583 |   22.610 |   22.584 |   22.594 |   22.580 |   22.581 |   23.127 |   23.132 |   28.937 ||  -21.44  -21.96  -21.90  -21.81  -21.90  -21.86  -21.91  -21.91  -20.02  -20.00   +0.07
       med   |   29.062 |   22.739 |   22.600 |   22.627 |   22.891 |   22.680 |   22.782 |   22.643 |   22.894 |   23.156 |   23.244 |   29.144
80     5     |   29.958 |   30.104 |   30.117 |   30.106 |   30.039 |   29.994 |   30.035 |   30.046 |   30.030 |   30.052 |   30.023 |   29.979 ||   +0.49   +0.53   +0.49   +0.27   +0.12   +0.26   +0.29   +0.24   +0.31   +0.21   +0.07
       med   |   30.236 |   30.283 |   30.247 |   30.254 |   30.323 |   30.298 |   30.334 |   30.097 |   30.325 |   30.216 |   30.341 |   30.157
96     6     |   30.911 |   30.779 |   30.822 |   30.786 |   30.847 |   30.855 |   30.860 |   30.842 |   30.866 |   30.853 |   30.870 |   30.900 ||   -0.43   -0.29   -0.40   -0.21   -0.18   -0.17   -0.22   -0.15   -0.19   -0.13   -0.04
       med   |   31.073 |   31.101 |   31.054 |   31.093 |   31.117 |   31.039 |   31.032 |   31.022 |   31.048 |   31.017 |   31.175 |   31.004
112    7     |   31.830 |   31.878 |   31.880 |   31.881 |   31.765 |   31.777 |   31.771 |   31.774 |   31.780 |   31.775 |   31.791 |   31.835 ||   +0.15   +0.16   +0.16   -0.21   -0.17   -0.19   -0.18   -0.16   -0.17   -0.12   +0.01
       med   |   34.696 |   34.777 |   34.705 |   34.713 |   34.267 |   34.253 |   34.459 |   34.275 |   34.353 |   34.278 |   34.661 |   34.457
128    8     |   30.116 |   29.933 |   29.929 |   29.822 |   30.012 |   30.049 |   30.110 |   30.101 |   30.100 |   30.092 |   30.023 |   30.093 ||   -0.61   -0.62   -0.98   -0.34   -0.22   -0.02   -0.05   -0.05   -0.08   -0.31   -0.08
       med   |   30.317 |   30.248 |   30.161 |   30.152 |   30.418 |   30.307 |   30.279 |   30.149 |   30.348 |   30.241 |   30.304 |   30.195
256    16    |   52.244 |   52.237 |   52.220 |   51.922 |   52.181 |   52.111 |   52.089 |   52.125 |   52.118 |   52.153 |   52.141 |   52.122 ||   -0.01   -0.05   -0.62   -0.12   -0.26   -0.30   -0.23   -0.24   -0.17   -0.20   -0.23
       med   |   52.781 |   52.637 |   52.680 |   52.828 |   52.700 |   52.700 |   52.581 |   52.524 |   52.583 |   52.612 |   52.577 |   52.817
512    32    |   95.351 |   94.568 |   94.468 |   94.074 |   93.513 |   94.795 |   93.500 |   93.664 |   94.266 |   94.786 |   93.777 |   94.828 ||   -0.82   -0.93   -1.34   -1.93   -0.58   -1.94   -1.77   -1.14   -0.59   -1.65   -0.55
       med   |   96.206 |   95.834 |   95.446 |   95.849 |   95.543 |   95.434 |   95.792 |   95.414 |   95.784 |   95.537 |   95.656 |   95.812
1024   64    |  179.940 |  179.476 |  179.881 |  179.590 |  179.504 |  179.712 |  179.891 |  179.754 |  179.670 |  179.255 |  179.538 |  179.791 ||   -0.26   -0.03   -0.19   -0.24   -0.13   -0.03   -0.10   -0.15   -0.38   -0.22   -0.08
       med   |  182.548 |  181.676 |  181.309 |  181.724 |  181.402 |  181.255 |  181.379 |  181.268 |  181.406 |  181.253 |  181.462 |  181.897
4096   256   |  694.518 |  691.915 |  691.474 |  691.841 |  690.949 |  690.021 |  691.408 |  691.409 |  689.754 |  689.143 |  690.795 |  693.264 ||   -0.37   -0.44   -0.39   -0.51   -0.65   -0.45   -0.45   -0.69   -0.77   -0.54   -0.18
       med   |  700.457 |  696.535 |  694.747 |  696.207 |  694.291 |  693.650 |  694.923 |  695.380 |  693.982 |  694.092 |  695.797 |  699.080
=== process binW.order2.5
SELFCHECK OK (256 whole-block lengths 1..256 blk x 12 variants; out/Xi/ivec/ret byte-identical, nothing written past 16*nblk)
bytes  blks  |     base |      cl4 |       e2 |       c5 |       d4 |     c3AA |       c3 |     d5AA |       d5 |     w1AA |       w1 |   baseAA ||     cl4%      e2%      c5%      d4%    c3AA%      c3%    d5AA%      d5%    w1AA%      w1%  baseAA%
16     1     |   26.133 |   13.975 |   13.700 |   13.847 |   13.845 |   13.946 |   13.945 |   14.062 |   13.868 |   13.824 |   13.956 |   26.128 ||  -46.53  -47.58  -47.01  -47.02  -46.63  -46.64  -46.19  -46.93  -47.10  -46.60   -0.02
       med   |   26.358 |   14.064 |   13.957 |   14.160 |   14.096 |   14.152 |   14.151 |   14.100 |   14.099 |   14.097 |   14.096 |   26.330
32     2     |   26.454 |   15.279 |   15.269 |   15.287 |   15.182 |   15.224 |   15.230 |   15.309 |   15.222 |   15.305 |   15.307 |   26.525 ||  -42.24  -42.28  -42.21  -42.61  -42.45  -42.43  -42.13  -42.46  -42.14  -42.14   +0.27
       med   |   26.698 |   15.291 |   15.291 |   15.306 |   15.347 |   15.309 |   15.315 |   15.322 |   15.353 |   15.328 |   15.328 |   26.742
48     3     |   27.552 |   18.645 |   18.610 |   18.602 |   18.623 |   18.625 |   18.631 |   18.623 |   18.690 |   18.880 |   18.873 |   27.522 ||  -32.33  -32.46  -32.48  -32.41  -32.40  -32.38  -32.41  -32.17  -31.48  -31.50   -0.11
       med   |   27.915 |   18.717 |   18.662 |   18.622 |   18.666 |   18.840 |   18.913 |   18.847 |   18.935 |   19.023 |   19.022 |   28.060
64     4     |   28.912 |   22.714 |   22.571 |   22.584 |   22.607 |   22.585 |   22.588 |   22.586 |   22.574 |   23.133 |   23.123 |   28.926 ||  -21.44  -21.93  -21.89  -21.81  -21.88  -21.87  -21.88  -21.92  -19.99  -20.02   +0.05
       med   |   29.067 |   23.012 |   22.602 |   22.629 |   22.893 |   22.678 |   22.880 |   22.658 |   22.895 |   23.156 |   23.249 |   29.155
80     5     |   29.947 |   30.106 |   30.128 |   30.130 |   30.033 |   30.048 |   30.034 |   30.049 |   30.036 |   30.049 |   30.032 |   29.976 ||   +0.53   +0.60   +0.61   +0.29   +0.34   +0.29   +0.34   +0.30   +0.34   +0.28   +0.10
       med   |   30.233 |   30.277 |   30.271 |   30.326 |   30.306 |   30.290 |   30.268 |   30.087 |   30.227 |   30.230 |   30.316 |   30.109
96     6     |   30.921 |   30.827 |   30.828 |   30.828 |   30.880 |   30.853 |   30.862 |   30.861 |   30.873 |   30.854 |   30.879 |   30.892 ||   -0.30   -0.30   -0.30   -0.13   -0.22   -0.19   -0.19   -0.16   -0.22   -0.14   -0.09
       med   |   31.070 |   31.095 |   31.058 |   31.062 |   31.071 |   31.032 |   31.036 |   30.955 |   30.983 |   30.960 |   31.043 |   30.985
112    7     |   31.825 |   31.893 |   31.882 |   31.889 |   32.014 |   31.759 |   31.775 |   31.780 |   31.875 |   31.771 |   32.019 |   31.844 ||   +0.21   +0.18   +0.20   +0.59   -0.21   -0.16   -0.14   +0.16   -0.17   +0.61   +0.06
       med   |   34.377 |   34.721 |   34.643 |   34.590 |   34.144 |   34.100 |   34.361 |   34.115 |   34.707 |   34.116 |   34.683 |   34.279
128    8     |   30.116 |   29.944 |   29.650 |   29.870 |   30.112 |   30.047 |   30.104 |   30.102 |   30.103 |   30.096 |   30.021 |   30.098 ||   -0.57   -1.55   -0.82   -0.01   -0.23   -0.04   -0.04   -0.04   -0.07   -0.31   -0.06
       med   |   30.342 |   30.227 |   30.258 |   30.156 |   30.384 |   30.310 |   30.258 |   30.155 |   30.283 |   30.235 |   30.300 |   30.177
256    16    |   52.119 |   52.240 |   51.652 |   52.221 |   52.161 |   52.186 |   52.041 |   51.955 |   52.155 |   51.940 |   51.989 |   52.301 ||   +0.23   -0.90   +0.20   +0.08   +0.13   -0.15   -0.32   +0.07   -0.34   -0.25   +0.35
       med   |   52.818 |   52.683 |   52.653 |   52.767 |   52.721 |   52.686 |   52.630 |   52.593 |   52.622 |   52.617 |   52.563 |   52.839
512    32    |   94.757 |   94.719 |   94.543 |   94.694 |   94.903 |   94.098 |   94.742 |   94.846 |   93.913 |   94.725 |   93.914 |   94.769 ||   -0.04   -0.23   -0.07   +0.15   -0.70   -0.02   +0.09   -0.89   -0.03   -0.89   +0.01
       med   |   96.033 |   95.758 |   95.514 |   95.790 |   95.682 |   95.482 |   95.694 |   95.378 |   95.590 |   95.482 |   95.671 |   95.774
1024   64    |  180.096 |  179.745 |  179.718 |  179.727 |  179.288 |  179.883 |  179.816 |  179.250 |  179.950 |  179.651 |  179.863 |  179.865 ||   -0.20   -0.21   -0.20   -0.45   -0.12   -0.16   -0.47   -0.08   -0.25   -0.13   -0.13
       med   |  182.492 |  181.752 |  181.227 |  181.840 |  181.663 |  181.099 |  181.588 |  181.269 |  181.388 |  181.358 |  181.530 |  182.048
4096   256   |  693.546 |  692.279 |  692.205 |  691.618 |  690.965 |  690.419 |  690.318 |  690.631 |  690.654 |  689.292 |  690.771 |  693.418 ||   -0.18   -0.19   -0.28   -0.37   -0.45   -0.47   -0.42   -0.42   -0.61   -0.40   -0.02
       med   |  700.465 |  696.030 |  695.619 |  696.116 |  694.236 |  693.676 |  695.181 |  695.463 |  694.218 |  694.096 |  696.020 |  698.814
=== process binW.order3.1
SELFCHECK OK (256 whole-block lengths 1..256 blk x 12 variants; out/Xi/ivec/ret byte-identical, nothing written past 16*nblk)
bytes  blks  |     base |       c3 |     c3AA |       d4 |       c5 |       e2 |      cl4 |   baseAA |       w1 |     w1AA |       d5 |     d5AA ||      c3%    c3AA%      d4%      c5%      e2%     cl4%  baseAA%      w1%    w1AA%      d5%    d5AA%
16     1     |   26.142 |   13.946 |   13.691 |   13.902 |   13.881 |   13.991 |   13.938 |   26.121 |   13.953 |   13.862 |   13.698 |   13.914 ||  -46.65  -47.63  -46.82  -46.90  -46.48  -46.68   -0.08  -46.63  -46.98  -47.60  -46.78
       med   |   26.668 |   14.062 |   13.956 |   14.047 |   14.159 |   14.152 |   14.101 |   26.734 |   14.102 |   14.083 |   13.993 |   14.036
32     2     |   26.508 |   15.260 |   15.248 |   15.233 |   15.291 |   15.202 |   15.272 |   26.445 |   15.288 |   15.285 |   15.232 |   15.240 ||  -42.43  -42.48  -42.54  -42.31  -42.65  -42.39   -0.24  -42.33  -42.34  -42.54  -42.51
       med   |   26.699 |   15.278 |   15.280 |   15.277 |   15.308 |   15.243 |   15.364 |   26.624 |   15.383 |   15.299 |   15.284 |   15.284
48     3     |   27.538 |   18.620 |   18.625 |   18.650 |   18.609 |   18.613 |   18.687 |   27.563 |   19.030 |   19.024 |   18.620 |   18.618 ||  -32.39  -32.37  -32.27  -32.42  -32.41  -32.14   +0.09  -30.90  -30.92  -32.38  -32.39
       med   |   28.216 |   18.660 |   18.828 |   18.682 |   18.903 |   18.881 |   18.882 |   28.082 |   19.164 |   19.165 |   18.644 |   18.645
64     4     |   28.964 |   22.613 |   22.617 |   22.622 |   22.580 |   22.600 |   22.752 |   28.915 |   23.148 |   23.138 |   22.606 |   22.610 ||  -21.93  -21.91  -21.90  -22.04  -21.97  -21.45   -0.17  -20.08  -20.12  -21.95  -21.94
       med   |   29.103 |   22.639 |   22.643 |   22.659 |   22.639 |   22.676 |   23.026 |   29.054 |   23.773 |   23.497 |   22.633 |   22.900
80     5     |   29.957 |   30.093 |   30.128 |   30.122 |   30.123 |   30.044 |   30.042 |   29.956 |   30.124 |   30.116 |   30.122 |   30.120 ||   +0.45   +0.57   +0.55   +0.55   +0.29   +0.28   -0.01   +0.56   +0.53   +0.55   +0.54
       med   |   30.236 |   30.271 |   30.260 |   30.348 |   30.339 |   30.288 |   30.295 |   30.092 |   30.202 |   30.316 |   30.249 |   30.254
96     6     |   30.919 |   30.831 |   30.822 |   30.832 |   30.807 |   30.848 |   30.860 |   30.899 |   30.837 |   30.830 |   30.828 |   30.829 ||   -0.29   -0.31   -0.28   -0.36   -0.23   -0.19   -0.07   -0.26   -0.29   -0.29   -0.29
       med   |   31.084 |   31.099 |   31.065 |   31.064 |   31.107 |   31.040 |   31.037 |   30.989 |   31.028 |   31.102 |   31.064 |   31.068
112    7     |   31.827 |   31.872 |   31.814 |   31.865 |   31.868 |   31.758 |   31.759 |   31.811 |   31.854 |   31.790 |   31.867 |   31.874 ||   +0.14   -0.04   +0.12   +0.13   -0.22   -0.21   -0.05   +0.09   -0.12   +0.13   +0.15
       med   |   32.162 |   32.011 |   32.005 |   32.007 |   32.017 |   32.092 |   32.114 |   32.022 |   31.958 |   32.038 |   32.007 |   32.006
128    8     |   30.107 |   29.942 |   29.760 |   29.936 |   29.936 |   30.047 |   30.072 |   30.104 |   29.927 |   29.940 |   29.929 |   29.943 ||   -0.55   -1.15   -0.57   -0.57   -0.20   -0.12   -0.01   -0.60   -0.56   -0.59   -0.54
       med   |   30.332 |   30.162 |   30.244 |   30.176 |   30.277 |   30.312 |   30.252 |   30.204 |   30.051 |   30.277 |   30.145 |   30.145
256    16    |   52.283 |   52.001 |   52.186 |   52.196 |   52.080 |   52.188 |   51.988 |   52.076 |   52.015 |   52.244 |   52.083 |   51.523 ||   -0.54   -0.19   -0.17   -0.39   -0.18   -0.57   -0.40   -0.51   -0.07   -0.38   -1.45
       med   |   52.832 |   52.619 |   52.647 |   52.685 |   52.750 |   52.692 |   52.488 |   52.654 |   52.574 |   52.807 |   52.705 |   52.702
512    32    |   95.164 |   94.069 |   94.486 |   94.525 |   94.460 |   94.671 |   93.881 |   94.844 |   94.441 |   94.484 |   94.481 |   94.186 ||   -1.15   -0.71   -0.67   -0.74   -0.52   -1.35   -0.34   -0.76   -0.71   -0.72   -1.03
       med   |   96.156 |   95.856 |   95.534 |   95.844 |   95.400 |   95.395 |   95.769 |   95.779 |   95.503 |   95.815 |   95.629 |   95.809
1024   64    |  179.958 |  179.766 |  179.755 |  179.894 |  179.940 |  179.920 |  179.520 |  179.757 |  179.935 |  179.803 |  179.275 |  178.851 ||   -0.11   -0.11   -0.04   -0.01   -0.02   -0.24   -0.11   -0.01   -0.09   -0.38   -0.61
       med   |  182.358 |  181.799 |  181.284 |  181.757 |  181.143 |  181.098 |  181.569 |  181.745 |  181.416 |  181.911 |  181.542 |  181.677
4096   256   |  694.019 |  692.152 |  691.266 |  692.309 |  692.221 |  690.393 |  691.372 |  693.399 |  691.442 |  692.202 |  691.764 |  692.047 ||   -0.27   -0.40   -0.25   -0.26   -0.52   -0.38   -0.09   -0.37   -0.26   -0.32   -0.28
       med   |  700.454 |  695.915 |  695.288 |  695.957 |  694.840 |  693.635 |  694.740 |  699.670 |  695.562 |  695.971 |  695.667 |  695.219
=== process binW.order3.2
SELFCHECK OK (256 whole-block lengths 1..256 blk x 12 variants; out/Xi/ivec/ret byte-identical, nothing written past 16*nblk)
bytes  blks  |     base |       c3 |     c3AA |       d4 |       c5 |       e2 |      cl4 |   baseAA |       w1 |     w1AA |       d5 |     d5AA ||      c3%    c3AA%      d4%      c5%      e2%     cl4%  baseAA%      w1%    w1AA%      d5%    d5AA%
16     1     |   26.135 |   13.985 |   13.883 |   13.805 |   13.867 |   13.943 |   13.946 |   26.124 |   13.981 |   13.880 |   13.694 |   13.924 ||  -46.49  -46.88  -47.18  -46.94  -46.65  -46.64   -0.04  -46.50  -46.89  -47.60  -46.72
       med   |   26.352 |   14.060 |   13.941 |   14.035 |   14.161 |   14.149 |   14.100 |   26.178 |   14.107 |   14.014 |   13.980 |   14.049
32     2     |   26.539 |   15.254 |   15.252 |   15.230 |   15.290 |   15.206 |   15.319 |   26.469 |   15.289 |   15.288 |   15.239 |   15.237 ||  -42.52  -42.53  -42.61  -42.39  -42.71  -42.28   -0.26  -42.39  -42.40  -42.58  -42.59
       med   |   26.784 |   15.279 |   15.281 |   15.276 |   15.304 |   15.221 |   15.374 |   26.796 |   15.384 |   15.298 |   15.283 |   15.283
48     3     |   27.782 |   18.598 |   18.617 |   18.607 |   18.607 |   18.607 |   18.691 |   27.538 |   18.987 |   18.991 |   18.596 |   18.588 ||  -33.06  -32.99  -33.02  -33.02  -33.02  -32.72   -0.88  -31.66  -31.64  -33.06  -33.09
       med   |   28.509 |   18.683 |   18.823 |   18.680 |   18.913 |   18.879 |   18.940 |   28.211 |   19.164 |   19.163 |   18.646 |   18.645
64     4     |   28.928 |   22.612 |   22.619 |   22.620 |   22.586 |   22.603 |   22.751 |   28.922 |   23.143 |   23.144 |   22.608 |   22.606 ||  -21.83  -21.81  -21.80  -21.92  -21.86  -21.35   -0.02  -20.00  -19.99  -21.85  -21.85
       med   |   29.208 |   22.640 |   22.645 |   22.655 |   22.637 |   22.793 |   23.020 |   29.116 |   23.768 |   23.498 |   22.631 |   22.909
80     5     |   29.963 |   30.105 |   30.117 |   30.119 |   30.123 |   30.050 |   30.036 |   29.979 |   30.119 |   30.131 |   30.116 |   30.118 ||   +0.48   +0.51   +0.52   +0.54   +0.29   +0.24   +0.05   +0.52   +0.56   +0.51   +0.52
       med   |   30.262 |   30.286 |   30.254 |   30.242 |   30.247 |   30.292 |   30.306 |   30.025 |   30.210 |   30.332 |   30.235 |   30.258
96     6     |   30.895 |   30.826 |   30.827 |   30.847 |   30.666 |   30.871 |   30.868 |   30.898 |   30.836 |   30.828 |   30.834 |   30.822 ||   -0.22   -0.22   -0.15   -0.74   -0.08   -0.09   +0.01   -0.19   -0.22   -0.20   -0.24
       med   |   31.083 |   31.069 |   31.057 |   31.068 |   31.118 |   31.039 |   31.027 |   30.984 |   31.040 |   31.106 |   31.056 |   31.068
112    7     |   31.853 |   31.891 |   31.880 |   31.888 |   31.887 |   31.767 |   31.772 |   31.816 |   31.887 |   31.893 |   31.876 |   31.911 ||   +0.12   +0.09   +0.11   +0.11   -0.27   -0.25   -0.11   +0.11   +0.12   +0.07   +0.18
       med   |   34.475 |   34.683 |   34.611 |   34.619 |   34.890 |   34.087 |   34.235 |   34.154 |   34.553 |   34.726 |   34.626 |   34.613
128    8     |   30.114 |   29.940 |   29.941 |   29.933 |   29.837 |   30.098 |   30.100 |   30.102 |   29.929 |   29.936 |   29.930 |   29.940 ||   -0.58   -0.57   -0.60   -0.92   -0.05   -0.05   -0.04   -0.61   -0.59   -0.61   -0.58
       med   |   30.329 |   30.245 |   30.261 |   30.225 |   30.142 |   30.360 |   30.247 |   30.200 |   29.989 |   30.280 |   30.076 |   30.084
256    16    |   52.321 |   52.245 |   52.079 |   52.204 |   51.619 |   52.156 |   52.130 |   52.197 |   52.176 |   52.245 |   52.224 |   52.229 ||   -0.14   -0.46   -0.22   -1.34   -0.32   -0.36   -0.24   -0.28   -0.15   -0.18   -0.18
       med   |   52.905 |   52.678 |   52.572 |   52.627 |   52.797 |   52.682 |   52.500 |   52.652 |   52.568 |   52.859 |   52.669 |   52.652
512    32    |   95.079 |   94.719 |   94.512 |   94.538 |   94.234 |   93.830 |   95.015 |   94.808 |   94.461 |   94.455 |   94.522 |   94.056 ||   -0.38   -0.60   -0.57   -0.89   -1.31   -0.07   -0.29   -0.65   -0.66   -0.59   -1.08
       med   |   96.029 |   95.844 |   95.443 |   95.840 |   95.687 |   95.501 |   95.727 |   95.788 |   95.395 |   95.674 |   95.541 |   95.751
1024   64    |  180.139 |  179.677 |  179.677 |  179.683 |  179.736 |  179.436 |  179.941 |  178.637 |  179.483 |  178.887 |  179.542 |  179.338 ||   -0.26   -0.26   -0.25   -0.22   -0.39   -0.11   -0.83   -0.36   -0.69   -0.33   -0.44
       med   |  182.629 |  181.721 |  181.173 |  181.726 |  180.982 |  181.095 |  181.398 |  182.016 |  181.215 |  181.787 |  181.534 |  181.560
4096   256   |  694.018 |  691.741 |  691.797 |  691.880 |  691.943 |  689.894 |  691.178 |  693.513 |  691.895 |  692.007 |  691.906 |  691.370 ||   -0.33   -0.32   -0.31   -0.30   -0.59   -0.41   -0.07   -0.31   -0.29   -0.30   -0.38
       med   |  699.999 |  695.897 |  695.428 |  695.814 |  694.657 |  693.732 |  694.635 |  699.461 |  695.280 |  695.871 |  695.729 |  694.900
=== process binW.order3.3
SELFCHECK OK (256 whole-block lengths 1..256 blk x 12 variants; out/Xi/ivec/ret byte-identical, nothing written past 16*nblk)
bytes  blks  |     base |       c3 |     c3AA |       d4 |       c5 |       e2 |      cl4 |   baseAA |       w1 |     w1AA |       d5 |     d5AA ||      c3%    c3AA%      d4%      c5%      e2%     cl4%  baseAA%      w1%    w1AA%      d5%    d5AA%
16     1     |   26.251 |   13.895 |   13.715 |   13.892 |   13.839 |   13.947 |   13.936 |   26.226 |   13.937 |   13.925 |   13.695 |   13.921 ||  -47.07  -47.75  -47.08  -47.28  -46.87  -46.91   -0.10  -46.91  -46.95  -47.83  -46.97
       med   |   26.703 |   14.050 |   13.954 |   14.037 |   14.120 |   14.150 |   14.099 |   26.740 |   14.090 |   14.028 |   14.014 |   14.039
32     2     |   26.539 |   15.251 |   15.251 |   15.236 |   15.291 |   15.207 |   15.279 |   26.503 |   15.291 |   15.285 |   15.242 |   15.245 ||  -42.53  -42.53  -42.59  -42.38  -42.70  -42.43   -0.13  -42.38  -42.40  -42.56  -42.56
       med   |   26.763 |   15.280 |   15.293 |   15.279 |   15.318 |   15.242 |   15.377 |   26.618 |   15.386 |   15.302 |   15.287 |   15.287
48     3     |   27.614 |   18.626 |   18.619 |   18.652 |   18.603 |   18.615 |   18.656 |   27.645 |   19.032 |   19.026 |   18.617 |   18.621 ||  -32.55  -32.58  -32.45  -32.63  -32.59  -32.44   +0.11  -31.08  -31.10  -32.58  -32.57
       med   |   28.228 |   18.676 |   18.822 |   18.682 |   18.923 |   18.904 |   18.824 |   27.987 |   19.170 |   19.164 |   18.645 |   18.645
64     4     |   28.921 |   22.614 |   22.617 |   22.624 |   22.582 |   22.600 |   22.750 |   28.916 |   23.142 |   23.136 |   22.608 |   22.610 ||  -21.81  -21.80  -21.77  -21.92  -21.86  -21.34   -0.02  -19.98  -20.00  -21.83  -21.82
       med   |   29.169 |   22.641 |   22.644 |   22.654 |   22.639 |   22.786 |   22.917 |   29.059 |   23.582 |   23.501 |   22.631 |   22.676
80     5     |   29.964 |   30.110 |   30.111 |   30.110 |   30.100 |   30.044 |   30.052 |   29.978 |   30.118 |   30.108 |   30.113 |   30.123 ||   +0.49   +0.49   +0.49   +0.45   +0.27   +0.29   +0.05   +0.51   +0.48   +0.50   +0.53
       med   |   30.256 |   30.275 |   30.259 |   30.251 |   30.350 |   30.302 |   30.312 |   30.112 |   30.210 |   30.324 |   30.243 |   30.251
96     6     |   30.900 |   30.795 |   30.796 |   30.832 |   30.775 |   30.867 |   30.832 |   30.895 |   30.786 |   30.835 |   30.791 |   30.788 ||   -0.34   -0.34   -0.22   -0.41   -0.11   -0.22   -0.02   -0.37   -0.21   -0.35   -0.36
       med   |   31.077 |   31.099 |   31.069 |   31.095 |   31.128 |   31.050 |   31.046 |   30.984 |   31.035 |   31.105 |   31.061 |   31.068
112    7     |   31.824 |   31.877 |   31.831 |   31.877 |   31.869 |   31.765 |   31.764 |   31.776 |   31.870 |   31.835 |   31.872 |   31.868 ||   +0.17   +0.02   +0.17   +0.14   -0.18   -0.19   -0.15   +0.15   +0.04   +0.15   +0.14
       med   |   32.089 |   32.030 |   32.001 |   32.009 |   32.046 |   32.094 |   32.106 |   32.006 |   31.953 |   32.034 |   32.007 |   32.002
128    8     |   30.106 |   29.941 |   29.948 |   29.818 |   29.933 |   30.045 |   30.109 |   30.104 |   29.828 |   29.941 |   29.928 |   29.897 ||   -0.55   -0.53   -0.96   -0.58   -0.20   +0.01   -0.01   -0.92   -0.55   -0.59   -0.69
       med   |   30.307 |   30.254 |   30.365 |   30.155 |   30.342 |   30.296 |   30.251 |   30.177 |   30.054 |   30.252 |   30.108 |   30.084
256    16    |   52.236 |   51.981 |   52.244 |   52.163 |   52.248 |   52.102 |   52.144 |   52.201 |   52.166 |   52.238 |   52.190 |   51.863 ||   -0.49   +0.02   -0.14   +0.02   -0.25   -0.18   -0.07   -0.13   +0.01   -0.09   -0.71
       med   |   52.885 |   52.715 |   52.671 |   52.743 |   52.796 |   52.656 |   52.525 |   52.659 |   52.568 |   52.814 |   52.722 |   52.619
512    32    |   94.340 |   94.723 |   94.465 |   94.527 |   94.545 |   94.558 |   94.414 |   94.783 |   94.314 |   94.379 |   94.491 |   94.529 ||   +0.41   +0.13   +0.20   +0.22   +0.23   +0.08   +0.47   -0.03   +0.04   +0.16   +0.20
       med   |   96.116 |   95.779 |   95.690 |   95.768 |   95.843 |   95.444 |   95.708 |   95.740 |   95.590 |   95.933 |   95.657 |   95.703
1024   64    |  179.528 |  179.681 |  179.673 |  179.785 |  179.383 |  179.273 |  179.934 |  180.102 |  178.963 |  179.873 |  179.877 |  179.705 ||   +0.09   +0.08   +0.14   -0.08   -0.14   +0.23   +0.32   -0.31   +0.19   +0.19   +0.10
       med   |  182.546 |  181.649 |  181.270 |  181.723 |  181.238 |  181.196 |  181.452 |  182.032 |  181.353 |  181.723 |  181.686 |  181.627
4096   256   |  694.790 |  692.199 |  692.072 |  692.436 |  692.306 |  690.506 |  690.398 |  689.635 |  691.010 |  692.097 |  692.403 |  692.375 ||   -0.37   -0.39   -0.34   -0.36   -0.62   -0.63   -0.74   -0.54   -0.39   -0.34   -0.35
       med   |  700.346 |  696.149 |  695.453 |  695.915 |  694.793 |  693.369 |  694.908 |  699.557 |  695.284 |  695.670 |  695.510 |  695.204
=== process binW.order3.4
SELFCHECK OK (256 whole-block lengths 1..256 blk x 12 variants; out/Xi/ivec/ret byte-identical, nothing written past 16*nblk)
bytes  blks  |     base |       c3 |     c3AA |       d4 |       c5 |       e2 |      cl4 |   baseAA |       w1 |     w1AA |       d5 |     d5AA ||      c3%    c3AA%      d4%      c5%      e2%     cl4%  baseAA%      w1%    w1AA%      d5%    d5AA%
16     1     |   26.128 |   13.883 |   13.882 |   13.703 |   13.878 |   13.949 |   13.943 |   26.123 |   14.007 |   13.876 |   13.699 |   13.913 ||  -46.86  -46.87  -47.55  -46.89  -46.61  -46.64   -0.02  -46.39  -46.89  -47.57  -46.75
       med   |   26.704 |   14.062 |   13.961 |   14.044 |   14.118 |   14.148 |   14.099 |   26.747 |   14.102 |   14.028 |   13.994 |   14.046
32     2     |   26.449 |   15.254 |   15.248 |   15.229 |   15.291 |   15.206 |   15.267 |   26.456 |   15.291 |   15.284 |   15.233 |   15.248 ||  -42.33  -42.35  -42.42  -42.19  -42.51  -42.28   +0.02  -42.19  -42.21  -42.41  -42.35
       med   |   26.759 |   15.279 |   15.281 |   15.276 |   15.303 |   15.298 |   15.374 |   26.681 |   15.384 |   15.298 |   15.284 |   15.284
48     3     |   27.620 |   18.617 |   18.619 |   18.648 |   18.610 |   18.610 |   18.658 |   27.485 |   19.041 |   19.035 |   18.621 |   18.619 ||  -32.59  -32.59  -32.48  -32.62  -32.62  -32.45   -0.49  -31.06  -31.08  -32.58  -32.59
       med   |   28.291 |   18.685 |   18.826 |   18.681 |   18.922 |   18.892 |   18.824 |   28.003 |   19.172 |   19.167 |   18.649 |   18.647
64     4     |   28.924 |   22.619 |   22.613 |   22.620 |   22.578 |   22.591 |   22.751 |   28.918 |   23.150 |   23.136 |   22.605 |   22.611 ||  -21.80  -21.82  -21.79  -21.94  -21.89  -21.34   -0.02  -19.96  -20.01  -21.84  -21.83
       med   |   29.173 |   22.650 |   22.651 |   22.652 |   22.634 |   22.646 |   23.032 |   29.064 |   23.779 |   23.500 |   22.630 |   22.832
80     5     |   29.967 |   30.108 |   30.120 |   30.118 |   30.111 |   30.040 |   30.058 |   29.959 |   30.123 |   30.121 |   30.117 |   30.122 ||   +0.47   +0.51   +0.51   +0.48   +0.25   +0.31   -0.03   +0.52   +0.52   +0.50   +0.52
       med   |   30.250 |   30.296 |   30.252 |   30.344 |   30.358 |   30.305 |   30.307 |   30.098 |   30.224 |   30.345 |   30.254 |   30.251
96     6     |   30.906 |   30.825 |   30.828 |   30.869 |   30.831 |   30.877 |   30.861 |   30.915 |   30.825 |   30.829 |   30.831 |   30.837 ||   -0.26   -0.25   -0.12   -0.24   -0.09   -0.15   +0.03   -0.26   -0.25   -0.24   -0.22
       med   |   31.102 |   31.092 |   31.062 |   31.091 |   31.123 |   31.056 |   31.040 |   31.021 |   30.853 |   31.102 |   31.076 |   31.073
112    7     |   31.817 |   31.877 |   31.811 |   31.870 |   31.862 |   31.646 |   31.760 |   31.811 |   31.874 |   31.816 |   31.874 |   31.877 ||   +0.19   -0.02   +0.17   +0.14   -0.54   -0.18   -0.02   +0.18   -0.00   +0.18   +0.19
       med   |   32.154 |   32.018 |   32.002 |   32.000 |   32.020 |   32.137 |   32.143 |   32.018 |   31.977 |   32.049 |   32.014 |   32.007
128    8     |   30.100 |   29.933 |   29.729 |   29.927 |   29.943 |   30.100 |   30.111 |   30.087 |   29.925 |   29.929 |   29.934 |   29.933 ||   -0.55   -1.23   -0.57   -0.52   +0.00   +0.04   -0.04   -0.58   -0.57   -0.55   -0.55
       med   |   30.335 |   30.217 |   30.328 |   30.148 |   30.360 |   30.335 |   30.259 |   30.139 |   30.001 |   30.245 |   29.989 |   30.085
256    16    |   52.217 |   52.230 |   52.219 |   52.145 |   52.222 |   52.183 |   52.110 |   52.132 |   52.098 |   52.248 |   51.928 |   52.227 ||   +0.03   +0.00   -0.14   +0.01   -0.06   -0.20   -0.16   -0.23   +0.06   -0.55   +0.02
       med   |   52.888 |   52.693 |   52.604 |   52.709 |   52.842 |   52.689 |   52.532 |   52.725 |   52.549 |   52.867 |   52.679 |   52.698
512    32    |   95.119 |   94.499 |   94.392 |   93.875 |   94.443 |   94.390 |   94.959 |   94.832 |   93.685 |   94.526 |   94.490 |   94.444 ||   -0.65   -0.76   -1.31   -0.71   -0.77   -0.17   -0.30   -1.51   -0.62   -0.66   -0.71
       med   |   96.055 |   95.618 |   95.442 |   95.849 |   95.665 |   95.504 |   95.734 |   95.955 |   95.414 |   95.779 |   95.680 |   95.659
1024   64    |  180.117 |  179.926 |  179.883 |  179.665 |  178.591 |  179.068 |  179.565 |  179.544 |  179.050 |  179.888 |  179.842 |  179.540 ||   -0.11   -0.13   -0.25   -0.85   -0.58   -0.31   -0.32   -0.59   -0.13   -0.15   -0.32
       med   |  182.600 |  181.726 |  181.502 |  181.762 |  181.156 |  181.262 |  181.534 |  182.264 |  181.385 |  181.746 |  181.446 |  181.568
4096   256   |  694.581 |  691.661 |  691.902 |  691.901 |  692.158 |  689.900 |  691.051 |  692.837 |  692.208 |  691.870 |  692.085 |  692.225 ||   -0.42   -0.39   -0.39   -0.35   -0.67   -0.51   -0.25   -0.34   -0.39   -0.36   -0.34
       med   |  700.350 |  696.366 |  695.239 |  695.444 |  694.575 |  693.471 |  694.601 |  699.264 |  695.581 |  695.740 |  695.746 |  695.139
=== process binW.order3.5
SELFCHECK OK (256 whole-block lengths 1..256 blk x 12 variants; out/Xi/ivec/ret byte-identical, nothing written past 16*nblk)
bytes  blks  |     base |       c3 |     c3AA |       d4 |       c5 |       e2 |      cl4 |   baseAA |       w1 |     w1AA |       d5 |     d5AA ||      c3%    c3AA%      d4%      c5%      e2%     cl4%  baseAA%      w1%    w1AA%      d5%    d5AA%
16     1     |   26.168 |   13.950 |   13.815 |   13.892 |   13.843 |   13.939 |   13.941 |   26.125 |   13.900 |   13.855 |   13.707 |   13.913 ||  -46.69  -47.21  -46.91  -47.10  -46.73  -46.72   -0.16  -46.88  -47.05  -47.62  -46.83
       med   |   26.674 |   14.060 |   13.953 |   14.043 |   14.160 |   14.152 |   14.099 |   26.733 |   14.099 |   14.086 |   13.996 |   14.042
32     2     |   26.453 |   15.257 |   15.255 |   15.230 |   15.290 |   15.206 |   15.308 |   26.442 |   15.290 |   15.284 |   15.236 |   15.237 ||  -42.32  -42.33  -42.43  -42.20  -42.51  -42.13   -0.04  -42.20  -42.22  -42.40  -42.40
       med   |   26.721 |   15.278 |   15.280 |   15.276 |   15.304 |   15.224 |   15.376 |   26.615 |   15.384 |   15.298 |   15.283 |   15.283
48     3     |   27.593 |   18.614 |   18.618 |   18.650 |   18.607 |   18.618 |   18.660 |   27.555 |   19.037 |   19.038 |   18.623 |   18.621 ||  -32.54  -32.52  -32.41  -32.57  -32.53  -32.37   -0.14  -31.01  -31.00  -32.51  -32.51
       med   |   28.094 |   18.651 |   18.821 |   18.681 |   18.922 |   18.892 |   18.877 |   27.955 |   19.163 |   19.166 |   18.647 |   18.645
64     4     |   28.922 |   22.617 |   22.619 |   22.623 |   22.581 |   22.590 |   22.754 |   28.918 |   23.145 |   23.148 |   22.600 |   22.615 ||  -21.80  -21.79  -21.78  -21.92  -21.89  -21.33   -0.01  -19.98  -19.97  -21.86  -21.81
       med   |   29.158 |   22.658 |   22.645 |   22.654 |   22.801 |   22.795 |   23.031 |   29.035 |   23.777 |   23.501 |   22.632 |   22.916
80     5     |   29.963 |   30.009 |   30.112 |   30.108 |   30.120 |   30.047 |   30.050 |   29.977 |   30.102 |   30.122 |   30.121 |   30.118 ||   +0.15   +0.50   +0.48   +0.53   +0.28   +0.29   +0.05   +0.46   +0.53   +0.53   +0.52
       med   |   30.252 |   30.276 |   30.245 |   30.329 |   30.351 |   30.300 |   30.313 |   30.103 |   30.201 |   30.317 |   30.302 |   30.253
96     6     |   30.909 |   30.810 |   30.733 |   30.783 |   30.841 |   30.848 |   30.841 |   30.907 |   30.811 |   30.801 |   30.802 |   30.811 ||   -0.32   -0.57   -0.41   -0.22   -0.20   -0.22   -0.01   -0.32   -0.35   -0.35   -0.32
       med   |   31.083 |   31.097 |   31.078 |   31.072 |   31.142 |   31.039 |   31.043 |   30.997 |   30.907 |   31.110 |   31.067 |   31.071
112    7     |   31.787 |   31.877 |   31.829 |   31.879 |   31.879 |   31.768 |   31.766 |   31.780 |   31.874 |   31.806 |   31.853 |   31.877 ||   +0.28   +0.13   +0.29   +0.29   -0.06   -0.06   -0.02   +0.28   +0.06   +0.21   +0.28
       med   |   32.121 |   32.036 |   32.008 |   32.016 |   32.033 |   32.099 |   32.112 |   32.074 |   31.957 |   32.046 |   32.010 |   31.988
128    8     |   30.109 |   29.792 |   29.640 |   29.881 |   29.946 |   30.052 |   30.099 |   30.099 |   29.935 |   29.943 |   29.871 |   29.944 ||   -1.05   -1.56   -0.76   -0.54   -0.19   -0.03   -0.03   -0.58   -0.55   -0.79   -0.55
       med   |   30.331 |   30.211 |   30.259 |   30.160 |   30.346 |   30.312 |   30.251 |   30.169 |   30.069 |   30.279 |   30.118 |   30.075
256    16    |   51.791 |   52.226 |   51.959 |   52.145 |   52.237 |   51.733 |   51.949 |   52.118 |   52.023 |   52.272 |   52.215 |   52.222 ||   +0.84   +0.32   +0.68   +0.86   -0.11   +0.30   +0.63   +0.45   +0.93   +0.82   +0.83
       med   |   52.869 |   52.683 |   52.668 |   52.758 |   52.774 |   52.670 |   52.511 |   52.713 |   52.562 |   52.880 |   52.639 |   52.627
512    32    |   95.260 |   94.748 |   94.456 |   94.484 |   94.451 |   94.689 |   94.225 |   94.824 |   94.370 |   94.399 |   94.524 |   94.389 ||   -0.54   -0.84   -0.81   -0.85   -0.60   -1.09   -0.46   -0.93   -0.90   -0.77   -0.91
       med   |   96.111 |   95.776 |   95.503 |   95.747 |   95.493 |   95.482 |   95.595 |   95.782 |   95.555 |   95.960 |   95.826 |   95.725
1024   64    |  179.787 |  179.613 |  179.744 |  179.605 |  179.649 |  179.232 |  179.990 |  179.759 |  179.829 |  179.874 |  179.884 |  179.528 ||   -0.10   -0.02   -0.10   -0.08   -0.31   +0.11   -0.02   +0.02   +0.05   +0.05   -0.14
       med   |  182.498 |  181.787 |  181.643 |  181.844 |  181.538 |  181.403 |  181.627 |  182.120 |  181.424 |  181.768 |  181.839 |  181.662
4096   256   |  694.369 |  691.931 |  691.605 |  692.105 |  692.096 |  690.133 |  689.985 |  691.361 |  691.726 |  691.802 |  692.221 |  692.235 ||   -0.35   -0.40   -0.33   -0.33   -0.61   -0.63   -0.43   -0.38   -0.37   -0.31   -0.31
       med   |  700.198 |  696.069 |  695.019 |  695.466 |  694.819 |  693.466 |  695.083 |  699.567 |  695.598 |  695.758 |  695.985 |  694.945
