## bin=binX host=gv4 core=3 reps=300 nproc=5
## O1: base baseAA w1 w1AA c3 c3AA c5 d5 d4 cl4 kb dsp0
## O2: base dsp0 kb cl4 d4 d5 c5 c3AA c3 w1AA w1 baseAA
## O3: base c5 d5 d4 cl4 kb dsp0 baseAA w1 w1AA c3 c3AA
=== process binX.order1.1
SELFCHECK OK (256 whole-block lengths 1..256 blk x 12 variants; out/Xi/ivec/ret byte-identical, nothing written past 16*nblk)
bytes  blks  |     base |   baseAA |       w1 |     w1AA |       c3 |     c3AA |       c5 |       d5 |       d4 |      cl4 |       kb |     dsp0 ||  baseAA%      w1%    w1AA%      c3%    c3AA%      c5%      d5%      d4%     cl4%      kb%    dsp0%
16     1     |   25.406 |   25.486 |   12.572 |   12.572 |   12.516 |   12.530 |   12.506 |   12.497 |   12.477 |   12.546 |   12.561 |   25.439 ||   +0.32  -50.52  -50.52  -50.74  -50.68  -50.77  -50.81  -50.89  -50.62  -50.56   +0.13
       med   |   25.621 |   25.909 |   12.613 |   12.613 |   12.537 |   12.589 |   12.516 |   12.530 |   12.526 |   12.554 |   12.612 |   25.785
32     2     |   23.360 |   23.424 |   13.242 |   13.243 |   13.186 |   13.203 |   13.204 |   13.187 |   13.166 |   13.194 |   13.228 |   23.378 ||   +0.27  -43.31  -43.31  -43.55  -43.48  -43.48  -43.55  -43.64  -43.52  -43.37   +0.08
       med   |   23.597 |   24.293 |   13.246 |   13.306 |   13.279 |   13.210 |   13.214 |   13.193 |   13.229 |   13.199 |   13.233 |   23.799
48     3     |   24.253 |   24.255 |   15.191 |   15.189 |   15.090 |   15.075 |   15.119 |   15.083 |   15.156 |   15.083 |   15.087 |   24.209 ||   +0.01  -37.37  -37.37  -37.78  -37.84  -37.66  -37.81  -37.51  -37.81  -37.79   -0.18
       med   |   24.355 |   25.178 |   15.393 |   15.526 |   15.294 |   15.148 |   15.176 |   15.126 |   15.505 |   15.122 |   15.121 |   24.636
64     4     |   25.131 |   25.112 |   18.636 |   18.627 |   18.271 |   18.275 |   18.235 |   18.309 |   18.281 |   18.350 |   18.421 |   25.133 ||   -0.08  -25.84  -25.88  -27.30  -27.28  -27.44  -27.15  -27.26  -26.98  -26.70   +0.01
       med   |   25.409 |   25.959 |   18.850 |   18.962 |   18.513 |   18.514 |   18.265 |   18.329 |   18.519 |   18.520 |   18.444 |   25.560
80     5     |   25.985 |   26.023 |   25.990 |   25.986 |   25.993 |   26.015 |   26.000 |   25.988 |   25.994 |   26.005 |   25.989 |   25.994 ||   +0.15   +0.02   +0.00   +0.03   +0.12   +0.06   +0.01   +0.03   +0.08   +0.02   +0.03
       med   |   26.067 |   26.959 |   26.144 |   26.279 |   26.570 |   26.600 |   26.460 |   26.022 |   26.026 |   26.571 |   26.019 |   26.261
96     6     |   26.906 |   26.978 |   26.918 |   26.931 |   26.923 |   26.919 |   26.926 |   26.897 |   26.891 |   26.911 |   26.900 |   26.934 ||   +0.27   +0.04   +0.09   +0.06   +0.05   +0.07   -0.03   -0.06   +0.02   -0.02   +0.10
       med   |   27.178 |   27.745 |   27.038 |   27.217 |   27.447 |   27.597 |   27.213 |   26.980 |   26.973 |   27.460 |   26.975 |   27.038
112    7     |   27.461 |   27.467 |   27.512 |   27.512 |   27.535 |   27.518 |   27.500 |   27.494 |   27.483 |   27.503 |   27.487 |   27.416 ||   +0.02   +0.19   +0.18   +0.27   +0.21   +0.14   +0.12   +0.08   +0.15   +0.09   -0.17
       med   |   27.831 |   28.403 |   27.554 |   27.736 |   27.967 |   28.145 |   27.947 |   27.592 |   27.519 |   28.024 |   27.523 |   27.589
128    8     |   25.523 |   25.595 |   25.415 |   25.594 |   25.596 |   25.594 |   25.595 |   25.560 |   25.546 |   25.390 |   25.600 |   25.566 ||   +0.28   -0.42   +0.28   +0.29   +0.28   +0.28   +0.14   +0.09   -0.52   +0.30   +0.17
       med   |   25.866 |   26.233 |   25.779 |   26.000 |   26.066 |   26.330 |   25.868 |   25.826 |   25.623 |   26.039 |   25.624 |   25.796
256    16    |   45.426 |   45.368 |   45.341 |   45.378 |   45.362 |   45.361 |   45.403 |   45.347 |   45.359 |   45.446 |   45.363 |   45.356 ||   -0.13   -0.19   -0.11   -0.14   -0.14   -0.05   -0.17   -0.15   +0.04   -0.14   -0.15
       med   |   46.053 |   46.450 |   45.856 |   46.023 |   46.077 |   45.795 |   46.758 |   45.905 |   45.742 |   46.327 |   45.552 |   46.376
512    32    |   84.331 |   84.406 |   84.405 |   84.484 |   84.401 |   84.529 |   84.405 |   84.435 |   84.441 |   84.430 |   84.476 |   84.659 ||   +0.09   +0.09   +0.18   +0.08   +0.23   +0.09   +0.12   +0.13   +0.12   +0.17   +0.39
       med   |   85.590 |   85.595 |   85.606 |   85.572 |   85.566 |   85.269 |   85.086 |   84.789 |   85.956 |   85.955 |   84.624 |   85.842
1024   64    |  161.677 |  161.868 |  162.013 |  162.149 |  161.987 |  162.097 |  161.849 |  161.957 |  162.024 |  162.042 |  162.035 |  161.732 ||   +0.12   +0.21   +0.29   +0.19   +0.26   +0.11   +0.17   +0.21   +0.23   +0.22   +0.03
       med   |  163.673 |  164.915 |  164.117 |  164.258 |  163.539 |  163.596 |  164.105 |  162.252 |  164.091 |  164.395 |  163.472 |  163.586
4096   256   |  628.424 |  628.625 |  628.742 |  629.106 |  628.752 |  628.866 |  628.808 |  628.679 |  628.762 |  628.620 |  628.657 |  628.681 ||   +0.03   +0.05   +0.11   +0.05   +0.07   +0.06   +0.04   +0.05   +0.03   +0.04   +0.04
       med   |  633.911 |  632.473 |  630.784 |  631.068 |  630.845 |  630.231 |  631.627 |  630.656 |  634.207 |  632.279 |  632.441 |  631.198
=== process binX.order1.2
SELFCHECK OK (256 whole-block lengths 1..256 blk x 12 variants; out/Xi/ivec/ret byte-identical, nothing written past 16*nblk)
bytes  blks  |     base |   baseAA |       w1 |     w1AA |       c3 |     c3AA |       c5 |       d5 |       d4 |      cl4 |       kb |     dsp0 ||  baseAA%      w1%    w1AA%      c3%    c3AA%      c5%      d5%      d4%     cl4%      kb%    dsp0%
16     1     |   25.358 |   25.398 |   12.571 |   12.572 |   12.512 |   12.545 |   12.507 |   12.496 |   12.481 |   12.547 |   12.560 |   25.503 ||   +0.16  -50.43  -50.42  -50.66  -50.53  -50.68  -50.72  -50.78  -50.52  -50.47   +0.57
       med   |   25.670 |   25.935 |   12.613 |   12.613 |   12.537 |   12.589 |   12.516 |   12.529 |   12.526 |   12.554 |   12.612 |   25.847
32     2     |   23.368 |   23.369 |   13.242 |   13.243 |   13.187 |   13.203 |   13.206 |   13.186 |   13.173 |   13.194 |   13.228 |   23.377 ||   +0.01  -43.33  -43.33  -43.57  -43.50  -43.49  -43.57  -43.63  -43.54  -43.39   +0.04
       med   |   23.596 |   24.361 |   13.246 |   13.306 |   13.279 |   13.208 |   13.214 |   13.192 |   13.185 |   13.199 |   13.234 |   23.783
48     3     |   24.263 |   24.271 |   15.184 |   15.189 |   15.103 |   15.092 |   15.135 |   15.089 |   15.179 |   15.089 |   15.084 |   24.213 ||   +0.03  -37.42  -37.40  -37.75  -37.80  -37.62  -37.81  -37.44  -37.81  -37.83   -0.20
       med   |   24.489 |   25.251 |   15.388 |   15.425 |   15.188 |   15.170 |   15.196 |   15.135 |   15.505 |   15.131 |   15.127 |   24.435
64     4     |   25.125 |   25.154 |   18.633 |   18.626 |   18.262 |   18.269 |   18.240 |   18.311 |   18.282 |   18.342 |   18.421 |   25.118 ||   +0.11  -25.84  -25.87  -27.31  -27.29  -27.40  -27.12  -27.24  -27.00  -26.69   -0.03
       med   |   25.182 |   25.979 |   18.850 |   18.956 |   18.304 |   18.513 |   18.263 |   18.331 |   18.312 |   18.372 |   18.444 |   25.361
80     5     |   25.985 |   26.008 |   25.994 |   25.991 |   25.999 |   26.002 |   25.992 |   25.993 |   25.988 |   25.994 |   25.991 |   25.987 ||   +0.09   +0.04   +0.02   +0.06   +0.07   +0.03   +0.03   +0.01   +0.04   +0.02   +0.01
       med   |   26.063 |   26.957 |   26.223 |   26.107 |   26.461 |   26.660 |   26.461 |   26.123 |   26.025 |   26.281 |   26.018 |   26.139
96     6     |   26.923 |   26.946 |   26.918 |   26.925 |   26.924 |   26.915 |   26.910 |   26.889 |   26.935 |   26.924 |   26.903 |   26.882 ||   +0.08   -0.02   +0.01   +0.00   -0.03   -0.05   -0.13   +0.04   +0.00   -0.08   -0.15
       med   |   27.187 |   27.749 |   26.964 |   27.209 |   27.237 |   27.449 |   27.218 |   26.980 |   26.975 |   27.221 |   26.974 |   27.041
112    7     |   27.464 |   27.454 |   27.509 |   27.519 |   27.449 |   27.519 |   27.493 |   27.478 |   27.480 |   27.481 |   27.492 |   27.508 ||   -0.03   +0.16   +0.20   -0.05   +0.20   +0.11   +0.05   +0.06   +0.06   +0.10   +0.16
       med   |   27.788 |   28.398 |   27.639 |   27.747 |   27.795 |   27.773 |   27.948 |   27.536 |   27.520 |   27.758 |   27.522 |   27.908
128    8     |   25.515 |   25.580 |   25.411 |   25.573 |   25.574 |   25.596 |   25.588 |   25.573 |   25.562 |   25.384 |   25.603 |   25.571 ||   +0.26   -0.41   +0.23   +0.23   +0.32   +0.29   +0.23   +0.18   -0.51   +0.35   +0.22
       med   |   25.544 |   26.080 |   25.778 |   25.781 |   25.921 |   26.326 |   25.863 |   25.825 |   25.623 |   26.013 |   25.624 |   25.793
256    16    |   45.498 |   45.585 |   45.349 |   45.360 |   45.379 |   45.353 |   45.471 |   45.347 |   45.366 |   45.683 |   45.345 |   45.345 ||   +0.19   -0.33   -0.30   -0.26   -0.32   -0.06   -0.33   -0.29   +0.41   -0.34   -0.34
       med   |   46.441 |   46.419 |   45.861 |   46.109 |   46.189 |   45.845 |   46.678 |   46.089 |   45.863 |   46.363 |   45.526 |   45.958
512    32    |   84.366 |   84.366 |   84.428 |   84.506 |   84.407 |   84.423 |   84.367 |   84.297 |   84.363 |   84.475 |   84.376 |   84.544 ||   +0.00   +0.07   +0.17   +0.05   +0.07   +0.00   -0.08   -0.00   +0.13   +0.01   +0.21
       med   |   85.525 |   84.738 |   85.599 |   85.559 |   85.450 |   85.314 |   85.173 |   85.082 |   85.850 |   85.574 |   85.510 |   85.903
1024   64    |  161.845 |  161.899 |  161.912 |  162.113 |  161.883 |  162.083 |  161.938 |  161.980 |  161.981 |  162.056 |  161.982 |  161.845 ||   +0.03   +0.04   +0.17   +0.02   +0.15   +0.06   +0.08   +0.08   +0.13   +0.08   -0.00
       med   |  163.813 |  164.452 |  163.504 |  163.967 |  163.227 |  163.471 |  164.149 |  163.161 |  163.049 |  165.161 |  163.837 |  163.370
4096   256   |  628.409 |  628.556 |  628.429 |  629.083 |  628.893 |  628.716 |  628.619 |  628.815 |  628.721 |  628.867 |  628.790 |  628.730 ||   +0.02   +0.00   +0.11   +0.08   +0.05   +0.03   +0.06   +0.05   +0.07   +0.06   +0.05
       med   |  633.723 |  630.961 |  630.835 |  631.109 |  630.992 |  630.278 |  631.397 |  630.376 |  631.746 |  631.405 |  632.394 |  631.228
=== process binX.order1.3
SELFCHECK OK (256 whole-block lengths 1..256 blk x 12 variants; out/Xi/ivec/ret byte-identical, nothing written past 16*nblk)
bytes  blks  |     base |   baseAA |       w1 |     w1AA |       c3 |     c3AA |       c5 |       d5 |       d4 |      cl4 |       kb |     dsp0 ||  baseAA%      w1%    w1AA%      c3%    c3AA%      c5%      d5%      d4%     cl4%      kb%    dsp0%
16     1     |   25.337 |   25.379 |   12.571 |   12.571 |   12.514 |   12.582 |   12.508 |   12.495 |   12.471 |   12.491 |   12.558 |   25.408 ||   +0.17  -50.38  -50.39  -50.61  -50.34  -50.63  -50.68  -50.78  -50.70  -50.44   +0.28
       med   |   25.646 |   25.834 |   12.613 |   12.613 |   12.524 |   12.589 |   12.530 |   12.530 |   12.525 |   12.554 |   12.612 |   25.686
32     2     |   23.362 |   23.403 |   13.242 |   13.241 |   13.187 |   13.203 |   13.206 |   13.187 |   13.173 |   13.194 |   13.228 |   23.371 ||   +0.18  -43.32  -43.32  -43.55  -43.49  -43.47  -43.55  -43.61  -43.52  -43.38   +0.04
       med   |   23.594 |   24.363 |   13.246 |   13.385 |   13.280 |   13.210 |   13.213 |   13.192 |   13.188 |   13.199 |   13.234 |   23.797
48     3     |   24.259 |   24.533 |   15.187 |   15.187 |   15.097 |   15.109 |   15.127 |   15.088 |   15.158 |   15.086 |   15.096 |   24.209 ||   +1.13  -37.40  -37.40  -37.77  -37.72  -37.65  -37.80  -37.52  -37.81  -37.77   -0.21
       med   |   24.483 |   25.215 |   15.390 |   15.237 |   15.183 |   15.175 |   15.194 |   15.139 |   15.506 |   15.122 |   15.129 |   24.632
64     4     |   25.133 |   25.121 |   18.628 |   18.622 |   18.269 |   18.270 |   18.238 |   18.310 |   18.287 |   18.349 |   18.423 |   25.162 ||   -0.05  -25.88  -25.90  -27.31  -27.31  -27.43  -27.15  -27.24  -26.99  -26.70   +0.12
       med   |   25.411 |   25.754 |   18.843 |   18.954 |   18.310 |   18.516 |   18.263 |   18.329 |   18.511 |   18.370 |   18.444 |   25.563
80     5     |   25.989 |   26.001 |   25.993 |   25.996 |   26.006 |   25.984 |   26.001 |   25.987 |   25.990 |   25.994 |   25.988 |   25.985 ||   +0.04   +0.02   +0.03   +0.06   -0.02   +0.05   -0.01   +0.01   +0.02   -0.00   -0.02
       med   |   26.031 |   26.958 |   26.269 |   26.250 |   26.497 |   26.290 |   26.460 |   26.124 |   26.028 |   26.325 |   26.018 |   26.128
96     6     |   26.894 |   26.918 |   26.932 |   26.919 |   26.932 |   26.924 |   26.925 |   26.892 |   26.890 |   26.928 |   26.895 |   26.915 ||   +0.09   +0.14   +0.09   +0.14   +0.11   +0.12   -0.01   -0.02   +0.12   +0.00   +0.08
       med   |   27.110 |   27.746 |   27.032 |   26.966 |   27.393 |   27.231 |   26.964 |   26.979 |   26.974 |   27.469 |   26.975 |   27.376
112    7     |   27.448 |   27.364 |   27.517 |   27.524 |   27.510 |   27.524 |   27.501 |   27.490 |   27.486 |   27.482 |   27.485 |   27.416 ||   -0.31   +0.25   +0.28   +0.22   +0.27   +0.19   +0.15   +0.14   +0.12   +0.13   -0.12
       med   |   27.773 |   28.001 |   27.619 |   27.765 |   27.969 |   28.137 |   27.949 |   27.525 |   27.519 |   28.020 |   27.531 |   27.594
128    8     |   25.521 |   25.594 |   25.415 |   25.560 |   25.576 |   25.594 |   25.581 |   25.565 |   25.556 |   25.384 |   25.603 |   25.613 ||   +0.28   -0.41   +0.15   +0.22   +0.28   +0.24   +0.17   +0.14   -0.54   +0.32   +0.36
       med   |   25.854 |   26.205 |   25.614 |   26.000 |   25.938 |   26.324 |   25.863 |   25.816 |   25.623 |   25.771 |   25.625 |   25.798
256    16    |   45.450 |   45.410 |   45.366 |   45.304 |   45.382 |   45.351 |   45.374 |   45.349 |   45.366 |   45.454 |   45.355 |   45.350 ||   -0.09   -0.19   -0.32   -0.15   -0.22   -0.17   -0.22   -0.18   +0.01   -0.21   -0.22
       med   |   46.255 |   46.458 |   45.938 |   45.646 |   46.226 |   45.966 |   46.548 |   45.874 |   45.999 |   46.759 |   45.573 |   46.050
512    32    |   84.369 |   84.386 |   84.384 |   84.546 |   84.405 |   84.378 |   84.416 |   84.111 |   84.424 |   84.492 |   84.420 |   84.547 ||   +0.02   +0.02   +0.21   +0.04   +0.01   +0.06   -0.31   +0.07   +0.15   +0.06   +0.21
       med   |   85.607 |   85.573 |   85.529 |   85.513 |   85.378 |   85.546 |   85.715 |   84.727 |   85.387 |   85.342 |   85.600 |   85.872
1024   64    |  161.821 |  161.670 |  161.756 |  162.124 |  161.950 |  162.025 |  161.901 |  161.540 |  161.853 |  162.059 |  162.054 |  162.235 ||   -0.09   -0.04   +0.19   +0.08   +0.13   +0.05   -0.17   +0.02   +0.15   +0.14   +0.26
       med   |  163.786 |  164.021 |  163.698 |  163.638 |  163.175 |  163.370 |  163.337 |  162.696 |  163.767 |  164.822 |  164.439 |  165.549
4096   256   |  628.324 |  628.565 |  628.784 |  629.051 |  628.657 |  628.708 |  628.684 |  628.679 |  628.707 |  628.804 |  628.758 |  629.008 ||   +0.04   +0.07   +0.12   +0.05   +0.06   +0.06   +0.06   +0.06   +0.08   +0.07   +0.11
       med   |  633.683 |  631.918 |  631.707 |  632.636 |  631.032 |  630.264 |  632.006 |  630.766 |  633.322 |  632.756 |  631.587 |  633.916
=== process binX.order1.4
SELFCHECK OK (256 whole-block lengths 1..256 blk x 12 variants; out/Xi/ivec/ret byte-identical, nothing written past 16*nblk)
bytes  blks  |     base |   baseAA |       w1 |     w1AA |       c3 |     c3AA |       c5 |       d5 |       d4 |      cl4 |       kb |     dsp0 ||  baseAA%      w1%    w1AA%      c3%    c3AA%      c5%      d5%      d4%     cl4%      kb%    dsp0%
16     1     |   25.193 |   24.316 |   12.572 |   12.570 |   12.514 |   12.521 |   12.509 |   12.520 |   12.481 |   12.547 |   12.558 |   25.406 ||   -3.48  -50.10  -50.10  -50.33  -50.30  -50.35  -50.31  -50.46  -50.20  -50.15   +0.84
       med   |   25.665 |   25.948 |   12.613 |   12.613 |   12.523 |   12.588 |   12.561 |   12.529 |   12.526 |   12.554 |   12.612 |   25.834
32     2     |   23.360 |   23.371 |   13.242 |   13.241 |   13.186 |   13.202 |   13.206 |   13.186 |   13.169 |   13.194 |   13.228 |   23.378 ||   +0.04  -43.31  -43.32  -43.56  -43.48  -43.47  -43.55  -43.63  -43.52  -43.37   +0.08
       med   |   23.597 |   24.366 |   13.246 |   13.306 |   13.280 |   13.209 |   13.213 |   13.192 |   13.254 |   13.199 |   13.234 |   23.782
48     3     |   24.264 |   24.263 |   15.192 |   15.195 |   15.108 |   15.096 |   15.131 |   15.079 |   15.125 |   15.091 |   15.098 |   24.202 ||   -0.01  -37.39  -37.38  -37.74  -37.78  -37.64  -37.85  -37.67  -37.81  -37.77   -0.26
       med   |   24.354 |   24.943 |   15.394 |   15.449 |   15.277 |   15.175 |   15.203 |   15.140 |   15.451 |   15.125 |   15.129 |   24.451
64     4     |   25.126 |   25.117 |   18.629 |   18.631 |   18.271 |   18.269 |   18.238 |   18.311 |   18.288 |   18.351 |   18.422 |   25.114 ||   -0.04  -25.86  -25.85  -27.28  -27.29  -27.41  -27.12  -27.21  -26.97  -26.68   -0.05
       med   |   25.177 |   25.991 |   18.852 |   18.917 |   18.307 |   18.516 |   18.267 |   18.332 |   18.514 |   18.518 |   18.442 |   25.558
80     5     |   25.985 |   26.006 |   25.987 |   25.995 |   25.994 |   25.990 |   25.996 |   25.991 |   25.985 |   25.996 |   25.991 |   25.995 ||   +0.08   +0.01   +0.04   +0.04   +0.02   +0.04   +0.02   +0.00   +0.04   +0.02   +0.04
       med   |   26.054 |   26.954 |   26.154 |   26.245 |   26.442 |   26.550 |   26.460 |   26.023 |   26.024 |   26.583 |   26.018 |   26.387
96     6     |   26.926 |   26.892 |   26.926 |   26.923 |   26.930 |   26.926 |   26.915 |   26.898 |   26.897 |   26.958 |   26.892 |   26.957 ||   -0.13   -0.00   -0.01   +0.01   -0.00   -0.04   -0.10   -0.11   +0.12   -0.13   +0.12
       med   |   27.187 |   27.747 |   27.038 |   27.208 |   27.436 |   27.446 |   27.215 |   26.977 |   26.975 |   27.469 |   26.975 |   27.387
112    7     |   27.452 |   27.447 |   27.521 |   27.522 |   27.494 |   27.515 |   27.519 |   27.475 |   27.479 |   27.485 |   27.486 |   27.423 ||   -0.02   +0.25   +0.25   +0.15   +0.23   +0.24   +0.08   +0.10   +0.12   +0.12   -0.11
       med   |   27.554 |   28.398 |   27.643 |   27.747 |   27.812 |   28.135 |   27.949 |   27.528 |   27.520 |   27.768 |   27.521 |   27.901
128    8     |   25.516 |   25.593 |   25.424 |   25.589 |   25.569 |   25.597 |   25.571 |   25.561 |   25.544 |   25.416 |   25.552 |   25.574 ||   +0.30   -0.36   +0.29   +0.21   +0.32   +0.22   +0.18   +0.11   -0.39   +0.14   +0.23
       med   |   25.548 |   26.223 |   25.752 |   25.760 |   25.924 |   26.324 |   25.856 |   25.730 |   25.624 |   26.036 |   25.624 |   25.789
256    16    |   45.426 |   45.363 |   45.376 |   45.334 |   45.379 |   45.330 |   45.405 |   45.351 |   45.369 |   45.611 |   45.362 |   45.375 ||   -0.14   -0.11   -0.20   -0.10   -0.21   -0.05   -0.16   -0.12   +0.41   -0.14   -0.11
       med   |   46.302 |   46.468 |   45.912 |   45.959 |   46.298 |   46.209 |   46.824 |   45.915 |   45.899 |   46.345 |   45.455 |   46.008
512    32    |   84.395 |   84.387 |   84.367 |   84.524 |   84.392 |   84.443 |   84.362 |   84.155 |   84.428 |   84.483 |   84.500 |   84.679 ||   -0.01   -0.03   +0.15   -0.00   +0.06   -0.04   -0.28   +0.04   +0.10   +0.12   +0.34
       med   |   85.665 |   85.488 |   85.526 |   85.570 |   85.513 |   85.356 |   85.604 |   84.749 |   85.950 |   85.349 |   85.942 |   85.836
1024   64    |  161.696 |  161.918 |  161.869 |  162.094 |  161.978 |  162.042 |  161.184 |  162.024 |  161.850 |  162.054 |  162.181 |  162.087 ||   +0.14   +0.11   +0.25   +0.17   +0.21   -0.32   +0.20   +0.09   +0.22   +0.30   +0.24
       med   |  164.292 |  163.692 |  162.407 |  164.123 |  163.471 |  163.171 |  164.274 |  163.196 |  165.411 |  163.784 |  164.088 |  164.704
4096   256   |  628.370 |  628.590 |  628.779 |  629.005 |  628.751 |  628.823 |  628.864 |  628.439 |  628.681 |  628.909 |  628.698 |  628.798 ||   +0.04   +0.07   +0.10   +0.06   +0.07   +0.08   +0.01   +0.05   +0.09   +0.05   +0.07
       med   |  633.850 |  632.082 |  631.288 |  631.203 |  630.865 |  630.285 |  631.919 |  630.533 |  632.634 |  631.471 |  631.020 |  631.409
=== process binX.order1.5
SELFCHECK OK (256 whole-block lengths 1..256 blk x 12 variants; out/Xi/ivec/ret byte-identical, nothing written past 16*nblk)
bytes  blks  |     base |   baseAA |       w1 |     w1AA |       c3 |     c3AA |       c5 |       d5 |       d4 |      cl4 |       kb |     dsp0 ||  baseAA%      w1%    w1AA%      c3%    c3AA%      c5%      d5%      d4%     cl4%      kb%    dsp0%
16     1     |   23.796 |   24.188 |   12.572 |   12.572 |   12.516 |   12.523 |   12.509 |   12.499 |   12.474 |   12.529 |   12.572 |   25.408 ||   +1.65  -47.17  -47.17  -47.40  -47.37  -47.43  -47.47  -47.58  -47.35  -47.17   +6.78
       med   |   25.587 |   25.850 |   12.613 |   12.613 |   12.524 |   12.588 |   12.516 |   12.529 |   12.526 |   12.553 |   12.611 |   25.714
32     2     |   23.367 |   23.377 |   13.242 |   13.242 |   13.187 |   13.202 |   13.205 |   13.185 |   13.172 |   13.193 |   13.225 |   23.368 ||   +0.04  -43.33  -43.33  -43.56  -43.50  -43.49  -43.57  -43.63  -43.54  -43.40   +0.00
       med   |   23.597 |   24.177 |   13.246 |   13.307 |   13.279 |   13.208 |   13.214 |   13.192 |   13.184 |   13.200 |   13.233 |   23.562
48     3     |   24.266 |   24.268 |   15.188 |   15.189 |   15.099 |   15.071 |   15.133 |   15.071 |   15.167 |   15.088 |   15.097 |   24.226 ||   +0.01  -37.41  -37.41  -37.78  -37.89  -37.64  -37.89  -37.50  -37.82  -37.78   -0.16
       med   |   24.483 |   25.160 |   15.385 |   15.484 |   15.155 |   15.147 |   15.170 |   15.121 |   15.505 |   15.122 |   15.123 |   24.633
64     4     |   25.116 |   25.104 |   18.636 |   18.630 |   18.268 |   18.272 |   18.239 |   18.306 |   18.279 |   18.350 |   18.425 |   25.145 ||   -0.05  -25.80  -25.82  -27.27  -27.25  -27.38  -27.11  -27.22  -26.94  -26.64   +0.11
       med   |   25.362 |   25.965 |   18.852 |   18.777 |   18.302 |   18.514 |   18.264 |   18.332 |   18.310 |   18.373 |   18.445 |   25.564
80     5     |   25.990 |   26.016 |   26.002 |   25.996 |   25.982 |   25.990 |   25.998 |   25.988 |   25.996 |   26.009 |   25.989 |   25.990 ||   +0.10   +0.04   +0.02   -0.03   -0.00   +0.03   -0.01   +0.02   +0.07   -0.01   -0.00
       med   |   26.261 |   26.961 |   26.269 |   26.258 |   26.301 |   26.300 |   26.425 |   26.115 |   26.026 |   26.574 |   26.017 |   26.339
96     6     |   26.928 |   26.952 |   26.927 |   26.919 |   26.924 |   26.926 |   26.907 |   26.889 |   26.912 |   26.961 |   26.890 |   26.958 ||   +0.09   -0.01   -0.03   -0.01   -0.01   -0.08   -0.14   -0.06   +0.12   -0.14   +0.11
       med   |   27.176 |   27.741 |   27.038 |   27.198 |   27.376 |   27.422 |   27.216 |   26.984 |   26.970 |   27.464 |   26.974 |   27.386
112    7     |   27.459 |   27.362 |   27.514 |   27.522 |   27.504 |   27.519 |   27.506 |   27.485 |   27.483 |   27.490 |   27.493 |   27.497 ||   -0.35   +0.20   +0.23   +0.17   +0.22   +0.17   +0.09   +0.09   +0.11   +0.13   +0.14
       med   |   27.779 |   27.952 |   27.557 |   27.747 |   27.962 |   28.134 |   27.954 |   27.528 |   27.521 |   28.020 |   27.519 |   27.907
128    8     |   25.522 |   25.612 |   25.424 |   25.555 |   25.598 |   25.576 |   25.593 |   25.572 |   25.562 |   25.389 |   25.591 |   25.570 ||   +0.35   -0.38   +0.13   +0.30   +0.21   +0.28   +0.20   +0.16   -0.52   +0.27   +0.19
       med   |   25.700 |   26.224 |   25.618 |   26.002 |   26.037 |   26.005 |   25.868 |   25.768 |   25.624 |   26.032 |   25.625 |   25.634
256    16    |   45.456 |   45.358 |   45.343 |   45.306 |   45.349 |   45.336 |   45.354 |   45.331 |   45.356 |   45.458 |   45.350 |   45.329 ||   -0.22   -0.25   -0.33   -0.24   -0.26   -0.22   -0.27   -0.22   +0.01   -0.23   -0.28
       med   |   46.017 |   46.327 |   45.949 |   45.664 |   46.215 |   45.949 |   46.479 |   45.878 |   45.958 |   46.466 |   45.477 |   45.933
512    32    |   84.367 |   83.967 |   84.384 |   84.468 |   84.413 |   84.440 |   84.239 |   84.053 |   84.432 |   84.498 |   84.443 |   84.257 ||   -0.47   +0.02   +0.12   +0.06   +0.09   -0.15   -0.37   +0.08   +0.16   +0.09   -0.13
       med   |   85.727 |   85.471 |   85.150 |   85.515 |   85.303 |   85.369 |   85.542 |   84.672 |   85.920 |   85.328 |   85.743 |   84.858
1024   64    |  161.945 |  161.524 |  162.002 |  162.166 |  161.838 |  161.976 |  161.930 |  161.501 |  161.818 |  162.060 |  162.034 |  161.793 ||   -0.26   +0.04   +0.14   -0.07   +0.02   -0.01   -0.27   -0.08   +0.07   +0.05   -0.09
       med   |  164.196 |  163.962 |  163.989 |  164.286 |  164.063 |  163.100 |  164.087 |  162.760 |  166.078 |  164.512 |  162.991 |  162.464
4096   256   |  628.187 |  628.706 |  628.740 |  629.006 |  628.633 |  628.869 |  628.626 |  628.518 |  628.721 |  628.790 |  628.674 |  628.723 ||   +0.08   +0.09   +0.13   +0.07   +0.11   +0.07   +0.05   +0.09   +0.10   +0.08   +0.09
       med   |  634.024 |  631.713 |  631.490 |  631.266 |  630.635 |  630.308 |  631.543 |  630.850 |  633.100 |  631.909 |  632.263 |  631.202
=== process binX.order2.1
SELFCHECK OK (256 whole-block lengths 1..256 blk x 12 variants; out/Xi/ivec/ret byte-identical, nothing written past 16*nblk)
bytes  blks  |     base |     dsp0 |       kb |      cl4 |       d4 |       d5 |       c5 |     c3AA |       c3 |     w1AA |       w1 |   baseAA ||    dsp0%      kb%     cl4%      d4%      d5%      c5%    c3AA%      c3%    w1AA%      w1%  baseAA%
16     1     |   25.344 |   25.383 |   12.570 |   12.555 |   12.494 |   12.541 |   12.507 |   12.509 |   12.524 |   12.550 |   12.559 |   25.482 ||   +0.16  -50.40  -50.46  -50.70  -50.52  -50.65  -50.64  -50.58  -50.48  -50.45   +0.55
       med   |   25.671 |   25.787 |   12.613 |   12.561 |   12.587 |   12.563 |   12.515 |   12.548 |   12.533 |   12.596 |   12.612 |   25.908
32     2     |   23.363 |   23.369 |   13.239 |   13.204 |   13.176 |   13.194 |   13.205 |   13.186 |   13.187 |   13.235 |   13.236 |   23.402 ||   +0.03  -43.33  -43.48  -43.60  -43.52  -43.48  -43.56  -43.55  -43.35  -43.35   +0.17
       med   |   23.599 |   23.796 |   13.243 |   13.291 |   13.341 |   13.199 |   13.214 |   13.203 |   13.205 |   13.239 |   13.294 |   23.863
48     3     |   24.274 |   24.204 |   15.099 |   15.090 |   15.111 |   15.098 |   15.121 |   15.082 |   15.102 |   15.203 |   15.202 |   24.250 ||   -0.29  -37.80  -37.84  -37.75  -37.80  -37.71  -37.87  -37.79  -37.37  -37.37   -0.10
       med   |   24.489 |   25.006 |   15.149 |   15.155 |   15.355 |   15.163 |   15.189 |   15.146 |   15.395 |   15.244 |   15.357 |   24.875
64     4     |   25.123 |   25.144 |   18.376 |   18.348 |   18.256 |   18.271 |   18.232 |   18.289 |   18.290 |   18.645 |   18.645 |   25.172 ||   +0.09  -26.86  -26.97  -27.33  -27.28  -27.43  -27.20  -27.20  -25.79  -25.78   +0.20
       med   |   25.182 |   25.889 |   18.544 |   18.645 |   18.506 |   18.441 |   18.262 |   18.309 |   18.320 |   18.667 |   18.904 |   25.709
80     5     |   25.988 |   26.010 |   25.996 |   25.988 |   25.998 |   25.993 |   26.005 |   25.985 |   25.992 |   25.989 |   25.993 |   26.001 ||   +0.09   +0.03   +0.00   +0.04   +0.02   +0.06   -0.01   +0.02   +0.00   +0.02   +0.05
       med   |   26.058 |   26.776 |   26.181 |   26.256 |   26.342 |   26.206 |   26.460 |   26.026 |   26.025 |   26.307 |   26.019 |   26.629
96     6     |   26.887 |   26.947 |   26.928 |   26.914 |   26.929 |   26.919 |   26.927 |   26.890 |   26.928 |   26.954 |   26.895 |   26.897 ||   +0.22   +0.15   +0.10   +0.16   +0.12   +0.15   +0.01   +0.15   +0.25   +0.03   +0.04
       med   |   26.970 |   27.674 |   27.036 |   26.960 |   27.419 |   27.201 |   27.217 |   26.976 |   26.972 |   27.419 |   26.975 |   27.413
112    7     |   27.454 |   27.493 |   27.518 |   27.518 |   27.495 |   27.518 |   27.455 |   27.487 |   27.487 |   27.485 |   27.484 |   27.363 ||   +0.15   +0.24   +0.23   +0.15   +0.24   +0.00   +0.12   +0.12   +0.11   +0.11   -0.33
       med   |   27.744 |   28.249 |   27.642 |   27.551 |   27.971 |   27.563 |   27.944 |   27.521 |   27.520 |   27.968 |   27.521 |   27.974
128    8     |   25.517 |   25.568 |   25.492 |   25.581 |   25.594 |   25.589 |   25.594 |   25.562 |   25.560 |   25.385 |   25.592 |   25.589 ||   +0.20   -0.10   +0.25   +0.30   +0.28   +0.30   +0.18   +0.17   -0.52   +0.29   +0.28
       med   |   25.786 |   26.174 |   25.781 |   25.624 |   26.028 |   26.069 |   25.862 |   25.826 |   25.624 |   26.031 |   25.626 |   26.042
256    16    |   45.422 |   45.332 |   45.348 |   45.307 |   45.479 |   45.345 |   45.376 |   45.349 |   45.363 |   45.451 |   45.365 |   45.350 ||   -0.20   -0.16   -0.25   +0.12   -0.17   -0.10   -0.16   -0.13   +0.06   -0.13   -0.16
       med   |   45.943 |   46.202 |   46.098 |   45.621 |   46.568 |   45.713 |   46.639 |   45.995 |   46.060 |   46.616 |   45.686 |   46.091
512    32    |   84.374 |   84.510 |   84.404 |   84.525 |   84.392 |   84.462 |   84.404 |   84.503 |   84.476 |   84.488 |   84.458 |   84.484 ||   +0.16   +0.04   +0.18   +0.02   +0.10   +0.04   +0.15   +0.12   +0.13   +0.10   +0.13
       med   |   85.671 |   85.570 |   85.601 |   85.465 |   85.192 |   85.499 |   85.168 |   85.322 |   85.945 |   85.601 |   85.888 |   86.038
1024   64    |  161.843 |  162.082 |  161.915 |  162.106 |  162.156 |  162.426 |  161.779 |  161.666 |  162.003 |  162.054 |  161.836 |  162.050 ||   +0.15   +0.04   +0.16   +0.19   +0.36   -0.04   -0.11   +0.10   +0.13   -0.00   +0.13
       med   |  163.373 |  165.724 |  163.318 |  162.769 |  163.980 |  163.994 |  164.355 |  163.236 |  164.938 |  164.269 |  164.468 |  163.359
4096   256   |  628.257 |  627.935 |  628.787 |  628.984 |  628.866 |  628.824 |  628.827 |  628.668 |  628.674 |  628.739 |  628.758 |  628.862 ||   -0.05   +0.08   +0.12   +0.10   +0.09   +0.09   +0.07   +0.07   +0.08   +0.08   +0.10
       med   |  632.379 |  631.182 |  630.846 |  631.495 |  630.884 |  630.227 |  631.382 |  630.590 |  632.883 |  631.934 |  631.902 |  632.096
=== process binX.order2.2
SELFCHECK OK (256 whole-block lengths 1..256 blk x 12 variants; out/Xi/ivec/ret byte-identical, nothing written past 16*nblk)
bytes  blks  |     base |     dsp0 |       kb |      cl4 |       d4 |       d5 |       c5 |     c3AA |       c3 |     w1AA |       w1 |   baseAA ||    dsp0%      kb%     cl4%      d4%      d5%      c5%    c3AA%      c3%    w1AA%      w1%  baseAA%
16     1     |   23.572 |   23.302 |   12.571 |   12.554 |   12.496 |   12.508 |   12.509 |   12.512 |   12.502 |   12.533 |   12.558 |   25.186 ||   -1.14  -46.67  -46.74  -46.99  -46.94  -46.93  -46.92  -46.96  -46.83  -46.73   +6.85
       med   |   25.648 |   25.815 |   12.613 |   12.561 |   12.543 |   12.563 |   12.572 |   12.548 |   12.532 |   12.598 |   12.612 |   25.717
32     2     |   23.374 |   23.385 |   13.239 |   13.206 |   13.175 |   13.193 |   13.206 |   13.186 |   13.195 |   13.233 |   13.236 |   23.408 ||   +0.05  -43.36  -43.50  -43.64  -43.56  -43.50  -43.59  -43.55  -43.39  -43.37   +0.14
       med   |   23.598 |   24.197 |   13.242 |   13.240 |   13.341 |   13.198 |   13.213 |   13.203 |   13.204 |   13.239 |   13.293 |   23.869
48     3     |   24.256 |   24.223 |   15.110 |   15.087 |   15.104 |   15.107 |   15.121 |   15.091 |   15.098 |   15.200 |   15.194 |   24.240 ||   -0.13  -37.71  -37.80  -37.73  -37.72  -37.66  -37.79  -37.76  -37.34  -37.36   -0.07
       med   |   24.495 |   25.008 |   15.151 |   15.166 |   15.196 |   15.157 |   15.200 |   15.144 |   15.394 |   15.352 |   15.236 |   24.868
64     4     |   25.129 |   25.117 |   18.376 |   18.344 |   18.256 |   18.268 |   18.235 |   18.288 |   18.293 |   18.648 |   18.648 |   25.109 ||   -0.05  -26.87  -27.00  -27.35  -27.30  -27.43  -27.22  -27.20  -25.79  -25.79   -0.08
       med   |   25.185 |   25.833 |   18.541 |   18.472 |   18.427 |   18.438 |   18.265 |   18.308 |   18.319 |   18.668 |   18.680 |   25.377
80     5     |   25.985 |   25.991 |   25.986 |   25.999 |   26.005 |   25.994 |   26.001 |   25.994 |   25.989 |   26.009 |   25.986 |   26.000 ||   +0.02   +0.01   +0.05   +0.08   +0.04   +0.06   +0.03   +0.02   +0.09   +0.01   +0.06
       med   |   26.281 |   26.775 |   26.071 |   26.296 |   26.548 |   26.315 |   26.459 |   26.315 |   26.022 |   26.574 |   26.018 |   26.501
96     6     |   26.913 |   26.955 |   26.927 |   26.929 |   26.925 |   26.911 |   26.926 |   26.888 |   26.926 |   26.888 |   26.905 |   26.865 ||   +0.16   +0.05   +0.06   +0.05   -0.01   +0.05   -0.10   +0.05   -0.09   -0.03   -0.18
       med   |   26.968 |   27.671 |   27.011 |   26.967 |   27.377 |   27.172 |   27.221 |   27.040 |   26.974 |   27.451 |   26.974 |   26.994
112    7     |   27.448 |   27.507 |   27.524 |   27.520 |   27.502 |   27.517 |   27.498 |   27.494 |   27.481 |   27.480 |   27.482 |   27.441 ||   +0.21   +0.28   +0.26   +0.20   +0.25   +0.18   +0.17   +0.12   +0.12   +0.12   -0.03
       med   |   27.581 |   28.243 |   27.642 |   27.553 |   27.978 |   27.558 |   27.951 |   27.535 |   27.521 |   27.829 |   27.520 |   27.963
128    8     |   25.519 |   25.600 |   25.422 |   25.564 |   25.588 |   25.575 |   25.596 |   25.561 |   25.550 |   25.383 |   25.554 |   25.581 ||   +0.32   -0.38   +0.17   +0.27   +0.22   +0.30   +0.17   +0.12   -0.53   +0.14   +0.24
       med   |   25.545 |   26.220 |   25.780 |   25.622 |   25.995 |   25.613 |   25.881 |   25.770 |   25.625 |   25.917 |   25.624 |   25.931
256    16    |   45.477 |   45.396 |   45.360 |   45.307 |   45.377 |   45.350 |   45.570 |   45.321 |   45.361 |   45.489 |   45.354 |   45.349 ||   -0.18   -0.26   -0.37   -0.22   -0.28   +0.20   -0.34   -0.25   +0.03   -0.27   -0.28
       med   |   46.236 |   46.276 |   46.034 |   45.763 |   46.603 |   45.697 |   46.648 |   45.748 |   46.078 |   46.457 |   45.863 |   45.956
512    32    |   84.362 |   84.459 |   84.408 |   84.529 |   84.416 |   84.481 |   84.401 |   84.198 |   84.409 |   84.406 |   84.448 |   84.358 ||   +0.12   +0.06   +0.20   +0.06   +0.14   +0.05   -0.19   +0.06   +0.05   +0.10   -0.00
       med   |   85.574 |   84.965 |   85.270 |   85.393 |   85.643 |   85.336 |   85.111 |   85.134 |   85.496 |   85.604 |   85.860 |   85.069
1024   64    |  161.959 |  161.881 |  161.999 |  162.126 |  162.012 |  162.065 |  161.935 |  161.477 |  162.059 |  162.037 |  162.037 |  162.058 ||   -0.05   +0.02   +0.10   +0.03   +0.07   -0.01   -0.30   +0.06   +0.05   +0.05   +0.06
       med   |  165.720 |  163.125 |  163.424 |  163.490 |  164.202 |  162.832 |  164.082 |  163.135 |  164.367 |  164.944 |  163.487 |  165.012
4096   256   |  628.207 |  628.821 |  628.604 |  629.034 |  628.802 |  628.827 |  628.793 |  628.736 |  628.734 |  628.553 |  628.790 |  628.990 ||   +0.10   +0.06   +0.13   +0.09   +0.10   +0.09   +0.08   +0.08   +0.06   +0.09   +0.12
       med   |  633.563 |  631.073 |  631.263 |  631.341 |  630.623 |  630.477 |  631.258 |  630.740 |  632.875 |  630.917 |  631.129 |  631.322
=== process binX.order2.3
SELFCHECK OK (256 whole-block lengths 1..256 blk x 12 variants; out/Xi/ivec/ret byte-identical, nothing written past 16*nblk)
bytes  blks  |     base |     dsp0 |       kb |      cl4 |       d4 |       d5 |       c5 |     c3AA |       c3 |     w1AA |       w1 |   baseAA ||    dsp0%      kb%     cl4%      d4%      d5%      c5%    c3AA%      c3%    w1AA%      w1%  baseAA%
16     1     |   25.377 |   25.430 |   12.573 |   12.525 |   12.494 |   12.509 |   12.509 |   12.515 |   12.501 |   12.533 |   12.559 |   25.422 ||   +0.21  -50.46  -50.64  -50.77  -50.71  -50.71  -50.69  -50.74  -50.61  -50.51   +0.18
       med   |   25.612 |   25.832 |   12.613 |   12.561 |   12.588 |   12.563 |   12.517 |   12.549 |   12.534 |   12.597 |   12.612 |   25.711
32     2     |   23.361 |   23.380 |   13.239 |   13.204 |   13.172 |   13.193 |   13.205 |   13.190 |   13.194 |   13.234 |   13.236 |   23.399 ||   +0.08  -43.33  -43.48  -43.61  -43.52  -43.47  -43.54  -43.52  -43.35  -43.34   +0.16
       med   |   23.593 |   24.082 |   13.243 |   13.292 |   13.341 |   13.199 |   13.213 |   13.203 |   13.203 |   13.240 |   13.240 |   23.643
48     3     |   24.269 |   24.216 |   15.093 |   15.090 |   15.097 |   15.099 |   15.123 |   15.071 |   15.093 |   15.204 |   15.203 |   24.270 ||   -0.22  -37.81  -37.82  -37.79  -37.79  -37.69  -37.90  -37.81  -37.35  -37.36   +0.00
       med   |   24.477 |   25.002 |   15.141 |   15.130 |   15.162 |   15.139 |   15.173 |   15.126 |   15.395 |   15.354 |   15.368 |   24.868
64     4     |   25.142 |   25.116 |   18.374 |   18.345 |   18.253 |   18.274 |   18.240 |   18.293 |   18.287 |   18.643 |   18.648 |   25.132 ||   -0.10  -26.92  -27.03  -27.40  -27.32  -27.45  -27.24  -27.27  -25.85  -25.83   -0.04
       med   |   25.331 |   25.241 |   18.543 |   18.374 |   18.306 |   18.444 |   18.265 |   18.309 |   18.314 |   18.669 |   18.872 |   25.704
80     5     |   25.989 |   25.984 |   26.001 |   25.989 |   25.999 |   26.003 |   25.995 |   25.993 |   25.992 |   25.988 |   25.995 |   26.002 ||   -0.02   +0.05   +0.00   +0.04   +0.06   +0.02   +0.02   +0.01   -0.00   +0.02   +0.05
       med   |   26.026 |   26.081 |   26.184 |   26.025 |   26.454 |   26.660 |   26.459 |   26.322 |   26.034 |   26.028 |   26.018 |   26.505
96     6     |   26.871 |   26.957 |   26.910 |   26.920 |   26.930 |   26.920 |   26.905 |   26.905 |   26.915 |   26.922 |   26.918 |   26.932 ||   +0.32   +0.14   +0.18   +0.22   +0.18   +0.13   +0.12   +0.16   +0.19   +0.17   +0.23
       med   |   27.165 |   27.676 |   27.040 |   26.964 |   27.361 |   27.439 |   27.217 |   27.217 |   26.974 |   27.457 |   26.974 |   27.412
112    7     |   27.465 |   27.417 |   27.521 |   27.516 |   27.424 |   27.512 |   27.490 |   27.491 |   27.490 |   27.488 |   27.485 |   27.444 ||   -0.18   +0.20   +0.18   -0.15   +0.17   +0.09   +0.09   +0.09   +0.08   +0.07   -0.08
       med   |   27.772 |   28.244 |   27.642 |   27.841 |   27.950 |   27.566 |   27.952 |   27.773 |   27.523 |   27.527 |   27.520 |   28.020
128    8     |   25.519 |   25.569 |   25.420 |   25.572 |   25.600 |   25.593 |   25.594 |   25.571 |   25.568 |   25.382 |   25.571 |   25.532 ||   +0.19   -0.39   +0.21   +0.32   +0.29   +0.29   +0.20   +0.19   -0.54   +0.20   +0.05
       med   |   25.845 |   25.630 |   25.782 |   25.618 |   26.039 |   26.328 |   25.861 |   25.839 |   25.624 |   26.031 |   25.624 |   25.953
256    16    |   45.423 |   45.402 |   45.364 |   45.345 |   45.368 |   45.363 |   45.345 |   45.341 |   45.362 |   45.454 |   45.363 |   45.361 ||   -0.05   -0.13   -0.17   -0.12   -0.13   -0.17   -0.18   -0.14   +0.07   -0.13   -0.14
       med   |   45.860 |   46.289 |   46.036 |   45.886 |   45.819 |   46.248 |   46.091 |   45.668 |   46.090 |   46.342 |   45.553 |   45.677
512    32    |   84.355 |   84.319 |   84.405 |   84.525 |   84.437 |   84.487 |   84.429 |   84.445 |   84.416 |   84.473 |   84.489 |   84.405 ||   -0.04   +0.06   +0.20   +0.10   +0.16   +0.09   +0.11   +0.07   +0.14   +0.16   +0.06
       med   |   85.599 |   84.581 |   84.977 |   85.723 |   85.448 |   85.245 |   86.249 |   85.475 |   85.723 |   85.698 |   86.057 |   85.121
1024   64    |  163.048 |  162.036 |  161.828 |  161.911 |  162.026 |  162.035 |  161.909 |  161.106 |  162.076 |  162.005 |  161.998 |  162.148 ||   -0.62   -0.75   -0.70   -0.63   -0.62   -0.70   -1.19   -0.60   -0.64   -0.64   -0.55
       med   |  165.416 |  164.012 |  162.857 |  163.877 |  163.499 |  162.874 |  163.549 |  162.415 |  165.719 |  163.436 |  164.974 |  166.078
4096   256   |  628.264 |  628.153 |  628.716 |  628.906 |  628.871 |  628.836 |  628.782 |  628.737 |  628.823 |  628.770 |  628.741 |  628.784 ||   -0.02   +0.07   +0.10   +0.10   +0.09   +0.08   +0.08   +0.09   +0.08   +0.08   +0.08
       med   |  633.316 |  632.823 |  631.867 |  630.991 |  630.929 |  630.121 |  630.707 |  630.272 |  633.542 |  632.612 |  630.999 |  631.345
=== process binX.order2.4
SELFCHECK OK (256 whole-block lengths 1..256 blk x 12 variants; out/Xi/ivec/ret byte-identical, nothing written past 16*nblk)
bytes  blks  |     base |     dsp0 |       kb |      cl4 |       d4 |       d5 |       c5 |     c3AA |       c3 |     w1AA |       w1 |   baseAA ||    dsp0%      kb%     cl4%      d4%      d5%      c5%    c3AA%      c3%    w1AA%      w1%  baseAA%
16     1     |   25.320 |   25.429 |   12.573 |   12.555 |   12.494 |   12.523 |   12.509 |   12.540 |   12.525 |   12.590 |   12.560 |   25.374 ||   +0.43  -50.34  -50.42  -50.65  -50.54  -50.60  -50.47  -50.53  -50.28  -50.40   +0.21
       med   |   25.663 |   25.905 |   12.613 |   12.561 |   12.585 |   12.563 |   12.572 |   12.547 |   12.532 |   12.597 |   12.611 |   25.800
32     2     |   23.348 |   23.382 |   13.238 |   13.204 |   13.172 |   13.189 |   13.205 |   13.184 |   13.188 |   13.235 |   13.236 |   23.400 ||   +0.14  -43.30  -43.45  -43.58  -43.51  -43.44  -43.53  -43.52  -43.31  -43.31   +0.22
       med   |   23.558 |   24.216 |   13.242 |   13.241 |   13.342 |   13.198 |   13.213 |   13.202 |   13.203 |   13.239 |   13.241 |   23.738
48     3     |   24.270 |   24.226 |   15.102 |   15.090 |   15.104 |   15.085 |   15.116 |   15.079 |   15.097 |   15.204 |   15.205 |   24.284 ||   -0.18  -37.78  -37.83  -37.77  -37.85  -37.72  -37.87  -37.80  -37.36  -37.35   +0.06
       med   |   24.482 |   25.013 |   15.146 |   15.166 |   15.205 |   15.158 |   15.195 |   15.143 |   15.393 |   15.243 |   15.367 |   24.875
64     4     |   25.106 |   25.104 |   18.380 |   18.341 |   18.253 |   18.270 |   18.234 |   18.288 |   18.291 |   18.646 |   18.642 |   25.118 ||   -0.01  -26.79  -26.95  -27.30  -27.23  -27.37  -27.16  -27.15  -25.73  -25.75   +0.05
       med   |   25.329 |   25.906 |   18.543 |   18.374 |   18.510 |   18.442 |   18.262 |   18.308 |   18.315 |   18.671 |   18.685 |   25.706
80     5     |   25.983 |   26.004 |   25.996 |   25.994 |   26.004 |   25.987 |   26.001 |   25.990 |   25.988 |   25.997 |   25.996 |   25.994 ||   +0.08   +0.05   +0.05   +0.08   +0.02   +0.07   +0.03   +0.02   +0.05   +0.05   +0.04
       med   |   26.064 |   26.780 |   26.218 |   26.276 |   26.546 |   26.280 |   26.453 |   26.118 |   26.024 |   26.579 |   26.017 |   26.281
96     6     |   26.905 |   26.945 |   26.922 |   26.941 |   26.936 |   26.935 |   26.923 |   26.889 |   26.908 |   26.956 |   26.890 |   26.925 ||   +0.15   +0.06   +0.13   +0.11   +0.11   +0.07   -0.06   +0.01   +0.19   -0.06   +0.07
       med   |   27.176 |   27.677 |   26.968 |   27.223 |   27.242 |   27.420 |   27.213 |   26.983 |   26.969 |   27.469 |   26.976 |   27.377
112    7     |   27.456 |   27.497 |   27.519 |   27.516 |   27.513 |   27.528 |   27.494 |   27.482 |   27.485 |   27.492 |   27.488 |   27.363 ||   +0.15   +0.23   +0.22   +0.21   +0.26   +0.14   +0.09   +0.10   +0.13   +0.12   -0.34
       med   |   27.777 |   28.245 |   27.645 |   27.620 |   28.005 |   27.999 |   27.948 |   27.523 |   27.521 |   28.025 |   27.524 |   28.010
128    8     |   25.520 |   25.605 |   25.415 |   25.597 |   25.592 |   25.598 |   25.601 |   25.569 |   25.560 |   25.405 |   25.572 |   25.586 ||   +0.33   -0.41   +0.30   +0.28   +0.30   +0.31   +0.19   +0.16   -0.45   +0.20   +0.26
       med   |   25.860 |   26.158 |   25.777 |   25.997 |   26.040 |   26.323 |   25.867 |   25.825 |   25.625 |   26.037 |   25.624 |   25.988
256    16    |   45.412 |   45.340 |   45.349 |   45.341 |   45.359 |   45.348 |   45.341 |   45.330 |   45.356 |   45.368 |   45.367 |   45.391 ||   -0.16   -0.14   -0.16   -0.12   -0.14   -0.16   -0.18   -0.12   -0.10   -0.10   -0.05
       med   |   45.778 |   45.983 |   45.997 |   45.663 |   46.089 |   46.304 |   46.186 |   45.894 |   46.028 |   46.701 |   45.552 |   46.131
512    32    |   84.387 |   84.462 |   84.421 |   84.516 |   84.128 |   84.400 |   84.431 |   84.489 |   84.457 |   84.457 |   84.381 |   84.426 ||   +0.09   +0.04   +0.15   -0.31   +0.02   +0.05   +0.12   +0.08   +0.08   -0.01   +0.05
       med   |   85.512 |   85.264 |   85.271 |   85.747 |   85.281 |   85.322 |   85.684 |   84.999 |   85.738 |   85.139 |   85.454 |   86.000
1024   64    |  161.853 |  162.101 |  162.091 |  162.123 |  161.985 |  162.015 |  161.896 |  161.878 |  161.849 |  162.052 |  162.032 |  162.228 ||   +0.15   +0.15   +0.17   +0.08   +0.10   +0.03   +0.02   -0.00   +0.12   +0.11   +0.23
       med   |  163.218 |  165.166 |  163.817 |  164.372 |  162.868 |  163.619 |  163.707 |  162.268 |  163.655 |  164.434 |  164.720 |  165.421
4096   256   |  628.317 |  628.774 |  628.789 |  629.027 |  628.715 |  628.859 |  626.228 |  628.751 |  628.646 |  628.941 |  628.699 |  628.967 ||   +0.07   +0.08   +0.11   +0.06   +0.09   -0.33   +0.07   +0.05   +0.10   +0.06   +0.10
       med   |  633.194 |  630.870 |  630.861 |  631.712 |  630.848 |  630.258 |  631.178 |  630.458 |  631.764 |  631.422 |  632.120 |  631.649
=== process binX.order2.5
SELFCHECK OK (256 whole-block lengths 1..256 blk x 12 variants; out/Xi/ivec/ret byte-identical, nothing written past 16*nblk)
bytes  blks  |     base |     dsp0 |       kb |      cl4 |       d4 |       d5 |       c5 |     c3AA |       c3 |     w1AA |       w1 |   baseAA ||    dsp0%      kb%     cl4%      d4%      d5%      c5%    c3AA%      c3%    w1AA%      w1%  baseAA%
16     1     |   25.365 |   25.558 |   12.570 |   12.554 |   12.493 |   12.502 |   12.508 |   12.538 |   12.500 |   12.551 |   12.558 |   25.377 ||   +0.76  -50.45  -50.51  -50.75  -50.71  -50.69  -50.57  -50.72  -50.52  -50.49   +0.05
       med   |   25.658 |   25.904 |   12.613 |   12.561 |   12.587 |   12.563 |   12.572 |   12.548 |   12.532 |   12.596 |   12.612 |   25.837
32     2     |   23.416 |   23.372 |   13.238 |   13.204 |   13.173 |   13.193 |   13.204 |   13.184 |   13.195 |   13.232 |   13.235 |   23.395 ||   -0.19  -43.47  -43.61  -43.75  -43.66  -43.61  -43.70  -43.65  -43.49  -43.48   -0.09
       med   |   23.596 |   24.217 |   13.242 |   13.241 |   13.341 |   13.198 |   13.214 |   13.203 |   13.204 |   13.239 |   13.240 |   23.645
48     3     |   24.251 |   24.204 |   15.093 |   15.098 |   15.105 |   15.105 |   15.128 |   15.080 |   15.112 |   15.197 |   15.195 |   24.253 ||   -0.19  -37.76  -37.74  -37.71  -37.71  -37.62  -37.82  -37.68  -37.34  -37.35   +0.01
       med   |   24.478 |   24.669 |   15.148 |   15.234 |   15.326 |   15.166 |   15.194 |   15.143 |   15.394 |   15.243 |   15.366 |   24.875
64     4     |   25.133 |   25.120 |   18.378 |   18.344 |   18.249 |   18.268 |   18.240 |   18.291 |   18.291 |   18.648 |   18.645 |   25.105 ||   -0.05  -26.88  -27.01  -27.39  -27.32  -27.43  -27.22  -27.22  -25.81  -25.82   -0.11
       med   |   25.379 |   25.906 |   18.543 |   18.640 |   18.414 |   18.321 |   18.265 |   18.308 |   18.316 |   18.670 |   18.689 |   25.706
80     5     |   25.984 |   26.006 |   25.991 |   25.987 |   25.995 |   26.001 |   25.992 |   25.993 |   25.983 |   26.000 |   25.994 |   25.998 ||   +0.09   +0.03   +0.01   +0.04   +0.07   +0.03   +0.03   -0.00   +0.06   +0.04   +0.05
       med   |   26.066 |   26.773 |   26.108 |   26.276 |   26.533 |   26.567 |   26.462 |   26.116 |   26.022 |   26.346 |   26.019 |   26.519
96     6     |   26.918 |   26.958 |   26.912 |   26.933 |   26.938 |   26.930 |   26.905 |   26.892 |   26.938 |   26.944 |   26.889 |   26.860 ||   +0.15   -0.02   +0.05   +0.08   +0.04   -0.05   -0.10   +0.07   +0.10   -0.11   -0.22
       med   |   27.181 |   27.679 |   27.038 |   27.222 |   27.426 |   27.455 |   27.221 |   26.984 |   26.974 |   27.241 |   26.975 |   26.991
112    7     |   27.452 |   27.405 |   27.499 |   27.517 |   27.502 |   27.512 |   27.499 |   27.488 |   27.478 |   27.493 |   27.493 |   27.461 ||   -0.17   +0.17   +0.23   +0.18   +0.22   +0.17   +0.13   +0.09   +0.15   +0.15   +0.03
       med   |   27.804 |   27.896 |   27.641 |   27.611 |   27.818 |   27.655 |   27.952 |   27.599 |   27.520 |   27.822 |   27.524 |   28.005
128    8     |   25.521 |   25.553 |   25.423 |   25.592 |   25.597 |   25.589 |   25.587 |   25.565 |   25.566 |   25.575 |   25.597 |   25.591 ||   +0.13   -0.38   +0.28   +0.30   +0.27   +0.26   +0.17   +0.18   +0.21   +0.30   +0.27
       med   |   25.849 |   26.323 |   25.778 |   25.770 |   26.044 |   26.327 |   25.872 |   25.824 |   25.625 |   26.268 |   25.625 |   25.971
256    16    |   45.455 |   45.395 |   45.363 |   45.298 |   45.362 |   45.342 |   45.367 |   45.349 |   45.367 |   45.407 |   45.360 |   45.341 ||   -0.13   -0.20   -0.35   -0.21   -0.25   -0.20   -0.23   -0.19   -0.11   -0.21   -0.25
       med   |   46.158 |   46.222 |   46.087 |   45.681 |   46.081 |   46.029 |   46.826 |   46.059 |   45.988 |   46.277 |   45.541 |   45.811
512    32    |   84.346 |   84.440 |   84.384 |   84.458 |   84.382 |   84.511 |   84.416 |   84.512 |   84.386 |   84.480 |   84.465 |   84.508 ||   +0.11   +0.05   +0.13   +0.04   +0.20   +0.08   +0.20   +0.05   +0.16   +0.14   +0.19
       med   |   85.426 |   84.735 |   85.557 |   85.659 |   85.490 |   85.369 |   85.628 |   84.640 |   85.879 |   85.631 |   85.953 |   86.000
1024   64    |  161.874 |  162.047 |  161.832 |  162.191 |  161.955 |  162.082 |  162.280 |  160.769 |  161.984 |  161.999 |  161.935 |  162.032 ||   +0.11   -0.03   +0.20   +0.05   +0.13   +0.25   -0.68   +0.07   +0.08   +0.04   +0.10
       med   |  165.874 |  164.002 |  163.601 |  163.893 |  163.343 |  163.072 |  163.720 |  163.268 |  166.196 |  165.502 |  163.475 |  162.979
4096   256   |  627.787 |  628.650 |  628.577 |  629.054 |  628.895 |  628.845 |  628.772 |  628.521 |  628.713 |  628.858 |  628.780 |  628.813 ||   +0.14   +0.13   +0.20   +0.18   +0.17   +0.16   +0.12   +0.15   +0.17   +0.16   +0.16
       med   |  633.522 |  632.330 |  630.880 |  631.274 |  630.717 |  630.217 |  631.302 |  630.418 |  632.809 |  631.404 |  631.284 |  631.504
=== process binX.order3.1
SELFCHECK OK (256 whole-block lengths 1..256 blk x 12 variants; out/Xi/ivec/ret byte-identical, nothing written past 16*nblk)
bytes  blks  |     base |       c5 |       d5 |       d4 |      cl4 |       kb |     dsp0 |   baseAA |       w1 |     w1AA |       c3 |     c3AA ||      c5%      d5%      d4%     cl4%      kb%    dsp0%  baseAA%      w1%    w1AA%      c3%    c3AA%
16     1     |   25.330 |   12.523 |   12.558 |   12.501 |   12.543 |   12.571 |   25.458 |   25.373 |   12.571 |   12.570 |   12.517 |   12.529 ||  -50.56  -50.42  -50.65  -50.48  -50.37   +0.50   +0.17  -50.37  -50.38  -50.59  -50.54
       med   |   25.633 |   12.529 |   12.563 |   12.562 |   12.560 |   12.612 |   25.697 |   25.624 |   12.618 |   12.612 |   12.588 |   12.588
32     2     |   23.379 |   13.198 |   13.194 |   13.170 |   13.204 |   13.239 |   23.373 |   23.417 |   13.242 |   13.242 |   13.202 |   13.204 ||  -43.54  -43.56  -43.66  -43.52  -43.37   -0.03   +0.17  -43.36  -43.36  -43.53  -43.52
       med   |   23.666 |   13.205 |   13.277 |   13.187 |   13.292 |   13.321 |   23.607 |   23.855 |   13.247 |   13.246 |   13.208 |   13.406
48     3     |   24.254 |   15.183 |   15.085 |   15.094 |   15.082 |   15.094 |   24.219 |   24.263 |   15.186 |   15.185 |   15.095 |   15.089 ||  -37.40  -37.81  -37.77  -37.82  -37.77   -0.15   +0.04  -37.39  -37.39  -37.76  -37.79
       med   |   24.547 |   15.235 |   15.141 |   15.160 |   15.123 |   15.144 |   24.477 |   24.692 |   15.399 |   15.218 |   15.145 |   15.176
64     4     |   25.123 |   18.282 |   18.268 |   18.252 |   18.351 |   18.376 |   25.127 |   25.112 |   18.630 |   18.631 |   18.268 |   18.274 ||  -27.23  -27.29  -27.35  -26.96  -26.86   +0.01   -0.05  -25.85  -25.84  -27.29  -27.26
       med   |   25.363 |   18.302 |   18.290 |   18.308 |   18.721 |   18.397 |   25.270 |   25.171 |   18.751 |   18.657 |   18.305 |   18.464
80     5     |   25.996 |   25.995 |   25.995 |   25.993 |   25.994 |   25.994 |   25.993 |   25.997 |   25.998 |   26.006 |   25.993 |   25.992 ||   -0.00   -0.00   -0.01   -0.01   -0.01   -0.01   +0.00   +0.01   +0.04   -0.01   -0.01
       med   |   26.443 |   26.468 |   26.457 |   26.046 |   26.240 |   26.109 |   26.091 |   26.356 |   26.217 |   26.544 |   26.104 |   26.244
96     6     |   26.884 |   26.929 |   26.926 |   26.920 |   26.932 |   26.912 |   26.923 |   26.864 |   26.921 |   26.927 |   26.905 |   26.926 ||   +0.17   +0.16   +0.13   +0.18   +0.10   +0.14   -0.08   +0.14   +0.16   +0.08   +0.15
       med   |   27.261 |   27.672 |   27.831 |   26.970 |   27.011 |   26.960 |   27.022 |   27.119 |   27.077 |   27.450 |   27.037 |   27.106
112    7     |   27.475 |   27.414 |   27.539 |   27.520 |   27.523 |   27.517 |   27.429 |   27.445 |   27.521 |   27.520 |   27.519 |   27.481 ||   -0.22   +0.23   +0.16   +0.18   +0.15   -0.17   -0.11   +0.17   +0.16   +0.16   +0.02
       med   |   27.791 |   27.904 |   28.548 |   27.785 |   27.747 |   27.566 |   27.613 |   27.746 |   27.621 |   27.923 |   27.548 |   27.733
128    8     |   25.518 |   25.565 |   25.592 |   25.593 |   25.583 |   25.588 |   25.591 |   25.569 |   25.571 |   25.590 |   25.593 |   25.589 ||   +0.18   +0.29   +0.30   +0.26   +0.27   +0.29   +0.20   +0.21   +0.28   +0.30   +0.28
       med   |   25.681 |   25.776 |   26.414 |   25.939 |   25.617 |   25.615 |   25.767 |   25.604 |   25.616 |   26.036 |   25.622 |   25.612
256    16    |   45.493 |   45.388 |   45.375 |   45.378 |   45.354 |   45.354 |   45.716 |   45.359 |   45.339 |   45.353 |   45.376 |   45.368 ||   -0.23   -0.26   -0.25   -0.31   -0.31   +0.49   -0.29   -0.34   -0.31   -0.26   -0.28
       med   |   46.426 |   46.280 |   46.242 |   46.310 |   45.903 |   46.028 |   46.685 |   45.958 |   46.282 |   45.976 |   45.960 |   45.938
512    32    |   84.412 |   84.491 |   84.327 |   84.424 |   84.401 |   84.411 |   84.442 |   84.381 |   84.424 |   84.520 |   84.367 |   84.366 ||   +0.09   -0.10   +0.01   -0.01   -0.00   +0.03   -0.04   +0.01   +0.13   -0.05   -0.05
       med   |   85.466 |   85.266 |   84.819 |   85.557 |   85.419 |   85.525 |   85.418 |   84.772 |   85.735 |   86.599 |   84.705 |   85.205
1024   64    |  161.742 |  162.026 |  161.377 |  161.994 |  161.978 |  161.894 |  161.987 |  161.900 |  161.578 |  161.832 |  161.849 |  161.837 ||   +0.18   -0.23   +0.16   +0.15   +0.09   +0.15   +0.10   -0.10   +0.06   +0.07   +0.06
       med   |  164.046 |  164.478 |  163.407 |  163.719 |  163.211 |  163.171 |  163.810 |  163.407 |  163.013 |  165.704 |  162.743 |  163.148
4096   256   |  628.334 |  628.670 |  628.721 |  628.810 |  628.942 |  628.791 |  628.900 |  628.797 |  628.538 |  628.793 |  628.020 |  628.601 ||   +0.05   +0.06   +0.08   +0.10   +0.07   +0.09   +0.07   +0.03   +0.07   -0.05   +0.04
       med   |  633.886 |  631.441 |  631.807 |  631.705 |  632.385 |  630.549 |  632.269 |  630.909 |  630.262 |  632.005 |  630.520 |  631.085
=== process binX.order3.2
SELFCHECK OK (256 whole-block lengths 1..256 blk x 12 variants; out/Xi/ivec/ret byte-identical, nothing written past 16*nblk)
bytes  blks  |     base |       c5 |       d5 |       d4 |      cl4 |       kb |     dsp0 |   baseAA |       w1 |     w1AA |       c3 |     c3AA ||      c5%      d5%      d4%     cl4%      kb%    dsp0%  baseAA%      w1%    w1AA%      c3%    c3AA%
16     1     |   25.323 |   12.518 |   12.510 |   12.497 |   12.539 |   12.570 |   25.424 |   23.734 |   12.573 |   12.570 |   12.520 |   12.528 ||  -50.57  -50.60  -50.65  -50.48  -50.36   +0.40   -6.28  -50.35  -50.36  -50.56  -50.53
       med   |   25.705 |   12.530 |   12.563 |   12.563 |   12.561 |   12.611 |   25.745 |   25.710 |   12.616 |   12.612 |   12.588 |   12.588
32     2     |   23.393 |   13.199 |   13.194 |   13.172 |   13.203 |   13.239 |   23.377 |   23.413 |   13.242 |   13.242 |   13.202 |   13.204 ||  -43.58  -43.60  -43.69  -43.56  -43.41   -0.07   +0.09  -43.40  -43.39  -43.57  -43.56
       med   |   23.493 |   13.205 |   13.198 |   13.230 |   13.292 |   13.324 |   23.632 |   24.011 |   13.247 |   13.246 |   13.208 |   13.408
48     3     |   24.272 |   15.173 |   15.092 |   15.118 |   15.087 |   15.102 |   24.210 |   24.259 |   15.185 |   15.187 |   15.109 |   15.109 ||  -37.49  -37.82  -37.71  -37.84  -37.78   -0.26   -0.05  -37.44  -37.43  -37.75  -37.75
       med   |   24.550 |   15.260 |   15.170 |   15.205 |   15.138 |   15.228 |   24.795 |   24.886 |   15.400 |   15.225 |   15.169 |   15.222
64     4     |   25.133 |   18.281 |   18.266 |   18.254 |   18.347 |   18.375 |   25.133 |   25.121 |   18.625 |   18.625 |   18.272 |   18.277 ||  -27.26  -27.32  -27.37  -27.00  -26.89   -0.00   -0.05  -25.90  -25.89  -27.30  -27.28
       med   |   25.433 |   18.300 |   18.292 |   18.419 |   18.717 |   18.394 |   25.564 |   25.523 |   18.655 |   18.649 |   18.303 |   18.594
80     5     |   25.987 |   26.007 |   26.000 |   25.994 |   25.994 |   25.998 |   26.000 |   26.000 |   25.999 |   25.993 |   25.993 |   25.988 ||   +0.08   +0.05   +0.03   +0.03   +0.04   +0.05   +0.05   +0.05   +0.02   +0.02   +0.00
       med   |   26.251 |   26.774 |   26.510 |   26.050 |   26.098 |   26.118 |   26.168 |   26.509 |   26.267 |   26.547 |   26.449 |   26.251
96     6     |   26.917 |   26.910 |   26.924 |   26.930 |   26.922 |   26.919 |   26.938 |   26.857 |   26.926 |   26.930 |   26.931 |   26.925 ||   -0.03   +0.03   +0.05   +0.02   +0.01   +0.08   -0.22   +0.04   +0.05   +0.05   +0.03
       med   |   27.324 |   27.327 |   27.827 |   27.214 |   27.020 |   26.967 |   27.192 |   27.362 |   27.188 |   27.447 |   27.347 |   27.096
112    7     |   27.460 |   27.436 |   27.531 |   27.519 |   27.521 |   27.514 |   27.420 |   27.442 |   27.520 |   27.525 |   27.519 |   27.496 ||   -0.09   +0.26   +0.21   +0.22   +0.20   -0.14   -0.06   +0.22   +0.24   +0.22   +0.13
       med   |   27.829 |   28.246 |   28.550 |   27.780 |   27.622 |   27.599 |   27.635 |   28.001 |   27.609 |   28.019 |   27.607 |   27.646
128    8     |   25.528 |   25.558 |   25.602 |   25.590 |   25.590 |   25.582 |   25.588 |   25.555 |   25.595 |   25.592 |   25.595 |   25.591 ||   +0.12   +0.29   +0.24   +0.24   +0.21   +0.24   +0.11   +0.26   +0.25   +0.26   +0.25
       med   |   25.955 |   25.707 |   26.411 |   25.616 |   25.846 |   25.713 |   25.763 |   25.604 |   25.883 |   26.000 |   26.036 |   25.775
256    16    |   45.457 |   45.362 |   45.342 |   45.342 |   44.869 |   45.324 |   45.418 |   45.310 |   45.323 |   45.331 |   45.337 |   45.364 ||   -0.21   -0.25   -0.25   -1.29   -0.29   -0.09   -0.32   -0.30   -0.28   -0.26   -0.21
       med   |   45.899 |   46.279 |   45.958 |   46.262 |   45.701 |   45.945 |   46.630 |   45.625 |   45.607 |   46.446 |   45.699 |   45.945
512    32    |   84.368 |   84.364 |   84.349 |   84.486 |   84.435 |   84.009 |   84.430 |   84.360 |   84.400 |   84.344 |   84.410 |   83.773 ||   -0.00   -0.02   +0.14   +0.08   -0.43   +0.07   -0.01   +0.04   -0.03   +0.05   -0.70
       med   |   85.610 |   84.914 |   85.988 |   85.677 |   85.815 |   85.347 |   85.685 |   85.002 |   85.712 |   86.643 |   85.294 |   84.712
1024   64    |  161.905 |  162.068 |  161.896 |  162.029 |  161.865 |  161.953 |  161.895 |  161.883 |  161.704 |  162.119 |  161.607 |  161.863 ||   +0.10   -0.01   +0.08   -0.02   +0.03   -0.01   -0.01   -0.12   +0.13   -0.18   -0.03
       med   |  164.569 |  164.732 |  164.667 |  164.225 |  163.846 |  163.252 |  163.119 |  162.553 |  163.449 |  164.034 |  163.132 |  163.038
4096   256   |  628.207 |  628.668 |  628.726 |  628.963 |  628.890 |  628.832 |  628.821 |  628.505 |  628.648 |  628.937 |  628.279 |  628.635 ||   +0.07   +0.08   +0.12   +0.11   +0.10   +0.10   +0.05   +0.07   +0.12   +0.01   +0.07
       med   |  632.851 |  631.827 |  630.841 |  632.276 |  631.422 |  630.439 |  631.982 |  631.058 |  630.495 |  634.486 |  630.948 |  630.178
=== process binX.order3.3
SELFCHECK OK (256 whole-block lengths 1..256 blk x 12 variants; out/Xi/ivec/ret byte-identical, nothing written past 16*nblk)
bytes  blks  |     base |       c5 |       d5 |       d4 |      cl4 |       kb |     dsp0 |   baseAA |       w1 |     w1AA |       c3 |     c3AA ||      c5%      d5%      d4%     cl4%      kb%    dsp0%  baseAA%      w1%    w1AA%      c3%    c3AA%
16     1     |   25.457 |   12.522 |   12.557 |   12.497 |   12.555 |   12.573 |   25.456 |   24.166 |   12.572 |   12.570 |   12.520 |   12.522 ||  -50.81  -50.67  -50.91  -50.68  -50.61   -0.01   -5.07  -50.62  -50.62  -50.82  -50.81
       med   |   25.767 |   12.530 |   12.563 |   12.560 |   12.561 |   12.613 |   25.728 |   25.700 |   12.619 |   12.612 |   12.589 |   12.588
32     2     |   23.362 |   13.198 |   13.193 |   13.171 |   13.204 |   13.238 |   23.375 |   23.361 |   13.242 |   13.242 |   13.189 |   13.202 ||  -43.51  -43.53  -43.62  -43.48  -43.34   +0.05   -0.01  -43.32  -43.32  -43.55  -43.49
       med   |   23.479 |   13.205 |   13.198 |   13.188 |   13.291 |   13.244 |   23.508 |   23.639 |   13.247 |   13.246 |   13.208 |   13.208
48     3     |   24.269 |   15.194 |   15.109 |   15.111 |   15.092 |   15.098 |   24.203 |   24.247 |   15.191 |   15.186 |   15.092 |   15.097 ||  -37.40  -37.74  -37.74  -37.81  -37.79   -0.27   -0.09  -37.40  -37.43  -37.81  -37.79
       med   |   24.555 |   15.259 |   15.188 |   15.182 |   15.136 |   15.217 |   24.351 |   24.591 |   15.393 |   15.222 |   15.175 |   15.175
64     4     |   25.112 |   18.282 |   18.262 |   18.253 |   18.342 |   18.378 |   25.118 |   25.113 |   18.619 |   18.627 |   18.270 |   18.272 ||  -27.20  -27.28  -27.31  -26.96  -26.82   +0.02   +0.00  -25.85  -25.83  -27.25  -27.24
       med   |   25.448 |   18.300 |   18.293 |   18.321 |   18.713 |   18.394 |   25.238 |   25.505 |   18.846 |   18.650 |   18.302 |   18.304
80     5     |   25.988 |   26.017 |   25.999 |   25.993 |   25.982 |   25.996 |   25.992 |   25.986 |   26.003 |   25.998 |   25.988 |   25.991 ||   +0.11   +0.04   +0.02   -0.02   +0.03   +0.01   -0.01   +0.06   +0.04   +0.00   +0.01
       med   |   26.248 |   26.772 |   26.507 |   26.053 |   26.101 |   26.254 |   26.106 |   26.251 |   26.269 |   26.540 |   26.022 |   26.189
96     6     |   26.921 |   26.947 |   26.924 |   26.920 |   26.925 |   26.915 |   26.931 |   26.861 |   26.924 |   26.929 |   26.913 |   26.926 ||   +0.10   +0.01   -0.00   +0.02   -0.02   +0.04   -0.22   +0.01   +0.03   -0.03   +0.02
       med   |   27.198 |   27.353 |   27.824 |   26.973 |   26.967 |   26.977 |   27.026 |   27.115 |   27.182 |   27.446 |   27.022 |   27.161
112    7     |   27.471 |   27.393 |   27.524 |   27.514 |   27.524 |   27.515 |   27.417 |   27.441 |   27.507 |   27.512 |   27.510 |   27.506 ||   -0.28   +0.19   +0.16   +0.19   +0.16   -0.19   -0.11   +0.13   +0.15   +0.14   +0.13
       med   |   27.835 |   28.239 |   28.073 |   27.756 |   27.619 |   27.609 |   27.620 |   27.739 |   27.628 |   28.009 |   27.547 |   27.643
128    8     |   25.520 |   25.575 |   25.603 |   25.589 |   25.594 |   25.578 |   25.588 |   25.572 |   25.570 |   25.596 |   25.589 |   25.587 ||   +0.21   +0.32   +0.27   +0.29   +0.23   +0.26   +0.20   +0.19   +0.30   +0.27   +0.26
       med   |   25.989 |   26.132 |   26.408 |   25.618 |   25.849 |   25.616 |   25.624 |   25.604 |   25.947 |   26.046 |   25.613 |   25.614
256    16    |   45.406 |   45.361 |   45.343 |   45.339 |   45.352 |   45.339 |   45.446 |   45.357 |   45.384 |   45.349 |   45.355 |   45.313 ||   -0.10   -0.14   -0.15   -0.12   -0.15   +0.09   -0.11   -0.05   -0.13   -0.11   -0.21
       med   |   45.951 |   46.320 |   45.984 |   45.806 |   45.705 |   46.056 |   46.670 |   45.972 |   46.206 |   45.912 |   45.929 |   45.992
512    32    |   84.415 |   84.493 |   84.388 |   84.493 |   84.407 |   84.372 |   84.441 |   84.364 |   84.396 |   84.505 |   84.376 |   84.390 ||   +0.09   -0.03   +0.09   -0.01   -0.05   +0.03   -0.06   -0.02   +0.11   -0.05   -0.03
       med   |   85.493 |   85.389 |   85.867 |   85.710 |   85.833 |   85.450 |   85.370 |   85.115 |   85.506 |   86.665 |   84.946 |   85.236
1024   64    |  161.927 |  162.042 |  161.596 |  162.065 |  161.844 |  161.946 |  161.948 |  160.963 |  161.842 |  161.814 |  162.014 |  161.837 ||   +0.07   -0.20   +0.08   -0.05   +0.01   +0.01   -0.60   -0.05   -0.07   +0.05   -0.06
       med   |  164.169 |  164.659 |  164.727 |  164.185 |  164.048 |  163.304 |  163.516 |  162.274 |  162.977 |  163.577 |  163.030 |  163.077
4096   256   |  628.720 |  628.765 |  628.748 |  628.478 |  628.768 |  628.687 |  628.947 |  628.676 |  628.611 |  629.105 |  628.937 |  628.736 ||   +0.01   +0.00   -0.04   +0.01   -0.01   +0.04   -0.01   -0.02   +0.06   +0.03   +0.00
       med   |  634.409 |  631.356 |  631.335 |  631.874 |  631.090 |  631.122 |  631.730 |  630.947 |  630.491 |  632.210 |  631.184 |  631.794
=== process binX.order3.4
SELFCHECK OK (256 whole-block lengths 1..256 blk x 12 variants; out/Xi/ivec/ret byte-identical, nothing written past 16*nblk)
bytes  blks  |     base |       c5 |       d5 |       d4 |      cl4 |       kb |     dsp0 |   baseAA |       w1 |     w1AA |       c3 |     c3AA ||      c5%      d5%      d4%     cl4%      kb%    dsp0%  baseAA%      w1%    w1AA%      c3%    c3AA%
16     1     |   25.393 |   12.520 |   12.556 |   12.495 |   12.543 |   12.573 |   25.500 |   25.414 |   12.571 |   12.570 |   12.518 |   12.558 ||  -50.69  -50.55  -50.79  -50.61  -50.49   +0.42   +0.08  -50.50  -50.50  -50.70  -50.54
       med   |   25.608 |   12.530 |   12.563 |   12.561 |   12.561 |   12.613 |   25.755 |   25.661 |   12.618 |   12.612 |   12.589 |   12.589
32     2     |   23.359 |   13.199 |   13.193 |   13.172 |   13.205 |   13.239 |   23.367 |   23.388 |   13.242 |   13.242 |   13.191 |   13.191 ||  -43.50  -43.52  -43.61  -43.47  -43.32   +0.03   +0.12  -43.31  -43.31  -43.53  -43.53
       med   |   23.606 |   13.205 |   13.276 |   13.187 |   13.292 |   13.244 |   23.686 |   23.633 |   13.247 |   13.247 |   13.208 |   13.378
48     3     |   24.242 |   15.176 |   15.094 |   15.098 |   15.084 |   15.100 |   24.203 |   24.258 |   15.186 |   15.187 |   15.092 |   15.089 ||  -37.40  -37.74  -37.72  -37.78  -37.71   -0.16   +0.07  -37.36  -37.35  -37.75  -37.76
       med   |   24.328 |   15.236 |   15.154 |   15.149 |   15.231 |   15.150 |   24.359 |   24.538 |   15.385 |   15.224 |   15.149 |   15.153
64     4     |   25.121 |   18.283 |   18.272 |   18.252 |   18.348 |   18.369 |   25.116 |   25.116 |   18.629 |   18.630 |   18.268 |   18.271 ||  -27.22  -27.26  -27.34  -26.96  -26.88   -0.02   -0.02  -25.84  -25.84  -27.28  -27.27
       med   |   25.329 |   18.303 |   18.297 |   18.295 |   18.731 |   18.395 |   25.208 |   25.396 |   18.655 |   18.650 |   18.306 |   18.306
80     5     |   25.988 |   26.006 |   25.990 |   25.991 |   25.995 |   25.989 |   25.992 |   25.991 |   25.992 |   25.999 |   25.992 |   25.995 ||   +0.07   +0.01   +0.01   +0.03   +0.00   +0.02   +0.01   +0.02   +0.04   +0.02   +0.03
       med   |   26.083 |   26.773 |   26.871 |   26.055 |   26.097 |   26.083 |   26.093 |   26.349 |   26.233 |   26.451 |   26.257 |   26.069
96     6     |   26.861 |   26.944 |   26.920 |   26.929 |   26.938 |   26.914 |   26.921 |   26.853 |   26.929 |   26.930 |   26.930 |   26.926 ||   +0.31   +0.22   +0.26   +0.29   +0.20   +0.22   -0.03   +0.25   +0.26   +0.26   +0.24
       med   |   26.966 |   27.677 |   27.398 |   27.205 |   27.024 |   26.961 |   26.967 |   27.118 |   26.989 |   27.316 |   26.964 |   27.229
112    7     |   27.451 |   27.408 |   27.524 |   27.507 |   27.518 |   27.518 |   27.525 |   27.440 |   27.515 |   27.526 |   27.521 |   27.496 ||   -0.15   +0.27   +0.21   +0.25   +0.25   +0.27   -0.04   +0.24   +0.28   +0.26   +0.16
       med   |   27.562 |   28.239 |   28.318 |   27.765 |   27.624 |   27.557 |   27.639 |   27.733 |   27.635 |   28.004 |   27.552 |   27.738
128    8     |   25.516 |   25.574 |   25.595 |   25.589 |   25.590 |   25.572 |   25.590 |   25.557 |   25.578 |   25.587 |   25.590 |   25.588 ||   +0.23   +0.31   +0.28   +0.29   +0.22   +0.29   +0.16   +0.24   +0.28   +0.29   +0.28
       med   |   25.849 |   26.123 |   26.411 |   25.622 |   25.743 |   25.618 |   25.668 |   25.605 |   25.800 |   26.024 |   25.613 |   25.811
256    16    |   45.417 |   45.351 |   45.348 |   45.343 |   45.328 |   45.328 |   45.337 |   45.365 |   45.345 |   45.340 |   45.343 |   45.335 ||   -0.14   -0.15   -0.16   -0.20   -0.20   -0.18   -0.11   -0.16   -0.17   -0.16   -0.18
       med   |   46.328 |   46.284 |   46.153 |   46.275 |   45.715 |   45.980 |   46.661 |   46.022 |   46.091 |   46.266 |   45.669 |   45.920
512    32    |   84.314 |   84.359 |   84.382 |   84.441 |   84.399 |   84.362 |   84.413 |   84.331 |   84.410 |   84.475 |   84.508 |   84.356 ||   +0.05   +0.08   +0.15   +0.10   +0.06   +0.12   +0.02   +0.11   +0.19   +0.23   +0.05
       med   |   85.460 |   84.848 |   85.387 |   85.603 |   85.312 |   84.969 |   85.645 |   85.131 |   85.527 |   86.670 |   85.179 |   85.541
1024   64    |  161.839 |  161.889 |  161.940 |  162.081 |  161.875 |  161.939 |  161.419 |  161.829 |  161.770 |  162.024 |  161.274 |  161.837 ||   +0.03   +0.06   +0.15   +0.02   +0.06   -0.26   -0.01   -0.04   +0.11   -0.35   -0.00
       med   |  163.215 |  163.167 |  164.984 |  164.026 |  164.748 |  163.570 |  165.010 |  162.811 |  163.328 |  165.524 |  162.750 |  163.371
4096   256   |  628.208 |  628.679 |  628.667 |  628.823 |  628.827 |  628.687 |  628.795 |  628.688 |  628.365 |  628.975 |  628.662 |  628.791 ||   +0.07   +0.07   +0.10   +0.10   +0.08   +0.09   +0.08   +0.02   +0.12   +0.07   +0.09
       med   |  633.018 |  631.167 |  630.877 |  631.744 |  631.880 |  630.511 |  634.042 |  630.928 |  630.807 |  632.804 |  630.775 |  632.328
=== process binX.order3.5
SELFCHECK OK (256 whole-block lengths 1..256 blk x 12 variants; out/Xi/ivec/ret byte-identical, nothing written past 16*nblk)
bytes  blks  |     base |       c5 |       d5 |       d4 |      cl4 |       kb |     dsp0 |   baseAA |       w1 |     w1AA |       c3 |     c3AA ||      c5%      d5%      d4%     cl4%      kb%    dsp0%  baseAA%      w1%    w1AA%      c3%    c3AA%
16     1     |   25.404 |   12.522 |   12.523 |   12.497 |   12.542 |   12.572 |   25.331 |   23.299 |   12.571 |   12.571 |   12.520 |   12.519 ||  -50.71  -50.70  -50.81  -50.63  -50.51   -0.29   -8.29  -50.52  -50.52  -50.72  -50.72
       med   |   25.720 |   12.530 |   12.563 |   12.561 |   12.561 |   12.612 |   25.722 |   25.648 |   12.616 |   12.612 |   12.589 |   12.589
32     2     |   23.396 |   13.201 |   13.194 |   13.172 |   13.205 |   13.238 |   23.383 |   23.389 |   13.242 |   13.242 |   13.187 |   13.203 ||  -43.58  -43.61  -43.70  -43.56  -43.42   -0.06   -0.03  -43.40  -43.40  -43.64  -43.57
       med   |   23.672 |   13.205 |   13.198 |   13.222 |   13.243 |   13.315 |   23.855 |   23.693 |   13.247 |   13.246 |   13.208 |   13.395
48     3     |   24.247 |   15.167 |   15.077 |   15.090 |   15.076 |   15.096 |   24.217 |   24.266 |   15.187 |   15.184 |   15.093 |   15.098 ||  -37.45  -37.82  -37.76  -37.82  -37.74   -0.12   +0.08  -37.36  -37.38  -37.76  -37.73
       med   |   24.353 |   15.235 |   15.175 |   15.145 |   15.123 |   15.219 |   24.616 |   24.874 |   15.411 |   15.220 |   15.143 |   15.214
64     4     |   25.127 |   18.284 |   18.266 |   18.253 |   18.350 |   18.374 |   25.114 |   25.119 |   18.629 |   18.627 |   18.275 |   18.276 ||  -27.23  -27.31  -27.36  -26.97  -26.87   -0.05   -0.03  -25.86  -25.87  -27.27  -27.26
       med   |   25.203 |   18.301 |   18.312 |   18.493 |   18.597 |   18.394 |   25.345 |   25.398 |   18.660 |   18.652 |   18.302 |   18.593
80     5     |   25.988 |   25.999 |   26.002 |   25.992 |   25.987 |   25.995 |   26.004 |   25.991 |   25.990 |   25.994 |   25.990 |   25.989 ||   +0.04   +0.06   +0.02   -0.00   +0.03   +0.06   +0.01   +0.01   +0.03   +0.01   +0.01
       med   |   26.361 |   26.774 |   26.875 |   26.264 |   26.104 |   26.086 |   26.307 |   26.299 |   26.255 |   26.323 |   26.454 |   26.240
96     6     |   26.921 |   26.978 |   26.933 |   26.932 |   26.924 |   26.921 |   26.925 |   26.856 |   26.925 |   26.929 |   26.919 |   26.924 ||   +0.21   +0.05   +0.04   +0.01   +0.00   +0.02   -0.24   +0.02   +0.03   -0.01   +0.01
       med   |   27.304 |   27.679 |   27.830 |   27.210 |   26.964 |   27.214 |   27.213 |   27.114 |   27.161 |   27.300 |   27.102 |   27.179
112    7     |   27.455 |   27.391 |   27.517 |   27.515 |   27.522 |   27.525 |   27.420 |   27.439 |   27.515 |   27.530 |   27.522 |   27.494 ||   -0.23   +0.22   +0.22   +0.24   +0.25   -0.13   -0.06   +0.22   +0.27   +0.25   +0.14
       med   |   27.759 |   28.164 |   28.049 |   27.753 |   27.621 |   27.749 |   27.618 |   27.741 |   27.938 |   28.005 |   27.853 |   27.736
128    8     |   25.516 |   25.577 |   25.579 |   25.586 |   25.585 |   25.592 |   25.577 |   25.568 |   25.598 |   25.589 |   25.594 |   25.575 ||   +0.24   +0.25   +0.28   +0.27   +0.30   +0.24   +0.21   +0.32   +0.29   +0.31   +0.23
       med   |   25.551 |   26.120 |   25.611 |   25.896 |   25.611 |   25.892 |   25.886 |   25.605 |   26.036 |   26.023 |   26.020 |   25.804
256    16    |   45.451 |   45.326 |   45.339 |   45.349 |   45.340 |   45.349 |   45.345 |   45.351 |   45.345 |   45.373 |   45.335 |   45.352 ||   -0.28   -0.25   -0.22   -0.24   -0.22   -0.23   -0.22   -0.23   -0.17   -0.25   -0.22
       med   |   45.927 |   46.092 |   45.696 |   46.541 |   45.918 |   46.130 |   46.633 |   45.797 |   46.500 |   46.564 |   46.023 |   45.971
512    32    |   84.396 |   84.441 |   83.262 |   84.391 |   84.403 |   84.404 |   84.468 |   84.338 |   84.414 |   84.583 |   84.486 |   84.191 ||   +0.05   -1.34   -0.01   +0.01   +0.01   +0.09   -0.07   +0.02   +0.22   +0.11   -0.24
       med   |   85.537 |   85.395 |   84.493 |   85.599 |   86.113 |   85.452 |   85.952 |   84.967 |   85.626 |   86.628 |   85.286 |   85.424
1024   64    |  161.828 |  162.032 |  161.828 |  161.856 |  161.942 |  161.925 |  161.910 |  161.852 |  161.875 |  162.119 |  162.033 |  161.837 ||   +0.13   +0.00   +0.02   +0.07   +0.06   +0.05   +0.01   +0.03   +0.18   +0.13   +0.01
       med   |  163.990 |  164.455 |  163.625 |  163.564 |  163.617 |  163.601 |  163.354 |  163.286 |  163.872 |  165.374 |  163.374 |  163.342
4096   256   |  628.154 |  628.209 |  628.720 |  628.721 |  628.675 |  628.811 |  628.968 |  628.836 |  628.495 |  628.742 |  628.845 |  628.529 ||   +0.01   +0.09   +0.09   +0.08   +0.10   +0.13   +0.11   +0.05   +0.09   +0.11   +0.06
       med   |  632.557 |  631.162 |  632.378 |  631.859 |  634.225 |  631.921 |  631.913 |  631.024 |  630.705 |  634.213 |  630.823 |  632.496
