## bin=binX host=r8g core=3 reps=300 nproc=5
## O1: base baseAA w1 w1AA c3 c3AA c5 d5 d4 cl4 kb dsp0
## O2: base dsp0 kb cl4 d4 d5 c5 c3AA c3 w1AA w1 baseAA
## O3: base c5 d5 d4 cl4 kb dsp0 baseAA w1 w1AA c3 c3AA
=== process binX.order1.1
SELFCHECK OK (256 whole-block lengths 1..256 blk x 12 variants; out/Xi/ivec/ret byte-identical, nothing written past 16*nblk)
bytes  blks  |     base |   baseAA |       w1 |     w1AA |       c3 |     c3AA |       c5 |       d5 |       d4 |      cl4 |       kb |     dsp0 ||  baseAA%      w1%    w1AA%      c3%    c3AA%      c5%      d5%      d4%     cl4%      kb%    dsp0%
16     1     |   25.384 |   25.422 |   12.570 |   12.571 |   12.513 |   12.581 |   12.511 |   12.493 |   12.477 |   12.546 |   12.590 |   25.452 ||   +0.15  -50.48  -50.48  -50.70  -50.44  -50.71  -50.79  -50.85  -50.58  -50.40   +0.27
       med   |   25.604 |   25.572 |   12.612 |   12.613 |   12.587 |   12.588 |   12.573 |   12.535 |   12.526 |   12.553 |   12.598 |   25.767
32     2     |   23.406 |   23.368 |   13.241 |   13.242 |   13.182 |   13.203 |   13.206 |   13.188 |   13.162 |   13.195 |   13.226 |   23.371 ||   -0.16  -43.43  -43.43  -43.68  -43.59  -43.58  -43.66  -43.77  -43.63  -43.49   -0.15
       med   |   23.814 |   23.524 |   13.246 |   13.245 |   13.208 |   13.208 |   13.212 |   13.193 |   13.271 |   13.199 |   13.233 |   23.627
48     3     |   24.250 |   24.260 |   15.186 |   15.182 |   15.079 |   15.101 |   15.118 |   15.077 |   15.202 |   15.085 |   15.090 |   24.213 ||   +0.04  -37.38  -37.39  -37.82  -37.73  -37.66  -37.83  -37.31  -37.79  -37.77   -0.15
       med   |   24.491 |   24.383 |   15.400 |   15.218 |   15.187 |   15.186 |   15.197 |   15.125 |   15.662 |   15.114 |   15.121 |   24.509
64     4     |   25.131 |   25.119 |   18.622 |   18.628 |   18.268 |   18.276 |   18.234 |   18.308 |   18.295 |   18.345 |   18.423 |   25.119 ||   -0.05  -25.90  -25.88  -27.31  -27.28  -27.44  -27.15  -27.20  -27.00  -26.69   -0.05
       med   |   25.773 |   25.173 |   18.848 |   18.650 |   18.517 |   18.702 |   18.263 |   18.545 |   19.199 |   18.381 |   18.443 |   25.403
80     5     |   25.981 |   25.994 |   25.997 |   25.988 |   26.001 |   25.992 |   25.989 |   25.988 |   25.992 |   25.991 |   25.994 |   25.989 ||   +0.05   +0.06   +0.03   +0.08   +0.04   +0.03   +0.03   +0.04   +0.04   +0.05   +0.03
       med   |   26.244 |   26.126 |   26.577 |   26.454 |   26.338 |   26.082 |   26.459 |   26.125 |   26.259 |   26.020 |   26.266 |   26.274
96     6     |   26.902 |   26.867 |   26.928 |   26.922 |   26.915 |   26.925 |   26.907 |   26.909 |   26.911 |   26.944 |   26.918 |   26.958 ||   -0.13   +0.10   +0.07   +0.05   +0.09   +0.02   +0.03   +0.04   +0.16   +0.06   +0.21
       med   |   26.994 |   26.966 |   27.385 |   27.396 |   27.240 |   26.962 |   27.216 |   26.979 |   26.973 |   26.976 |   27.275 |   27.219
112    7     |   27.461 |   27.356 |   27.517 |   27.521 |   27.505 |   27.516 |   27.514 |   27.493 |   27.487 |   27.479 |   27.494 |   27.506 ||   -0.38   +0.20   +0.22   +0.16   +0.20   +0.19   +0.12   +0.10   +0.07   +0.12   +0.16
       med   |   28.100 |   27.533 |   27.771 |   28.115 |   27.833 |   27.547 |   27.950 |   27.588 |   27.523 |   27.521 |   27.680 |   27.748
128    8     |   25.521 |   25.538 |   25.589 |   25.577 |   25.602 |   25.584 |   25.593 |   25.555 |   25.566 |   25.382 |   25.563 |   25.550 ||   +0.07   +0.27   +0.22   +0.32   +0.25   +0.29   +0.14   +0.18   -0.54   +0.17   +0.12
       med   |   26.016 |   25.737 |   26.202 |   25.989 |   25.844 |   25.612 |   25.857 |   25.779 |   25.781 |   25.628 |   25.623 |   25.756
256    16    |   45.457 |   45.362 |   45.355 |   45.349 |   45.395 |   45.327 |   45.739 |   45.315 |   45.355 |   45.326 |   45.360 |   45.332 ||   -0.21   -0.23   -0.24   -0.14   -0.29   +0.62   -0.31   -0.22   -0.29   -0.21   -0.28
       med   |   46.625 |   45.843 |   46.854 |   46.052 |   45.966 |   45.669 |   46.640 |   45.958 |   45.912 |   45.939 |   45.891 |   46.211
512    32    |   84.349 |   84.348 |   84.398 |   84.544 |   84.396 |   84.386 |   83.954 |   84.197 |   84.442 |   84.395 |   84.445 |   84.654 ||   -0.00   +0.06   +0.23   +0.06   +0.04   -0.47   -0.18   +0.11   +0.05   +0.11   +0.36
       med   |   85.006 |   85.040 |   86.057 |   85.661 |   85.688 |   85.421 |   85.858 |   85.043 |   85.959 |   86.451 |   85.518 |   86.113
1024   64    |  161.867 |  161.900 |  161.950 |  162.094 |  161.986 |  162.049 |  162.010 |  161.856 |  161.996 |  162.028 |  162.024 |  161.607 ||   +0.02   +0.05   +0.14   +0.07   +0.11   +0.09   -0.01   +0.08   +0.10   +0.10   -0.16
       med   |  163.625 |  164.810 |  162.898 |  163.929 |  164.091 |  163.386 |  164.519 |  162.178 |  165.436 |  163.668 |  166.635 |  162.466
4096   256   |  628.147 |  628.318 |  628.074 |  629.019 |  628.833 |  628.735 |  628.699 |  628.285 |  628.723 |  628.684 |  628.826 |  628.574 ||   +0.03   -0.01   +0.14   +0.11   +0.09   +0.09   +0.02   +0.09   +0.09   +0.11   +0.07
       med   |  631.654 |  634.645 |  630.647 |  630.616 |  631.667 |  630.212 |  632.082 |  629.958 |  632.606 |  630.946 |  634.529 |  630.971
=== process binX.order1.2
SELFCHECK OK (256 whole-block lengths 1..256 blk x 12 variants; out/Xi/ivec/ret byte-identical, nothing written past 16*nblk)
bytes  blks  |     base |   baseAA |       w1 |     w1AA |       c3 |     c3AA |       c5 |       d5 |       d4 |      cl4 |       kb |     dsp0 ||  baseAA%      w1%    w1AA%      c3%    c3AA%      c5%      d5%      d4%     cl4%      kb%    dsp0%
16     1     |   25.381 |   25.360 |   12.569 |   12.574 |   12.512 |   12.520 |   12.510 |   12.494 |   12.475 |   12.548 |   12.589 |   25.423 ||   -0.08  -50.48  -50.46  -50.70  -50.67  -50.71  -50.77  -50.85  -50.56  -50.40   +0.17
       med   |   25.750 |   25.594 |   12.611 |   12.614 |   12.585 |   12.588 |   12.573 |   12.530 |   12.525 |   12.553 |   12.618 |   25.758
32     2     |   23.361 |   23.359 |   13.241 |   13.241 |   13.183 |   13.202 |   13.205 |   13.188 |   13.165 |   13.193 |   13.227 |   23.368 ||   -0.01  -43.32  -43.32  -43.57  -43.49  -43.47  -43.55  -43.64  -43.52  -43.38   +0.03
       med   |   23.605 |   23.523 |   13.246 |   13.245 |   13.205 |   13.207 |   13.212 |   13.192 |   13.341 |   13.198 |   13.232 |   23.568
48     3     |   24.265 |   24.265 |   15.184 |   15.188 |   15.106 |   15.097 |   15.128 |   15.065 |   15.186 |   15.089 |   15.099 |   24.222 ||   +0.00  -37.42  -37.41  -37.74  -37.78  -37.65  -37.91  -37.41  -37.81  -37.78   -0.17
       med   |   24.799 |   24.379 |   15.399 |   15.224 |   15.193 |   15.222 |   15.193 |   15.142 |   15.662 |   15.122 |   15.130 |   24.519
64     4     |   25.154 |   25.144 |   18.634 |   18.632 |   18.269 |   18.293 |   18.239 |   18.309 |   18.283 |   18.349 |   18.427 |   25.125 ||   -0.04  -25.92  -25.93  -27.37  -27.27  -27.49  -27.21  -27.31  -27.05  -26.74   -0.11
       med   |   25.666 |   25.176 |   18.853 |   18.652 |   18.588 |   18.811 |   18.264 |   18.678 |   19.201 |   18.371 |   18.445 |   25.393
80     5     |   25.984 |   25.995 |   26.001 |   26.011 |   25.996 |   25.995 |   25.990 |   25.988 |   25.988 |   25.992 |   25.990 |   25.994 ||   +0.04   +0.06   +0.10   +0.04   +0.04   +0.02   +0.01   +0.02   +0.03   +0.02   +0.04
       med   |   26.115 |   26.131 |   26.584 |   26.455 |   26.022 |   26.027 |   26.444 |   26.025 |   26.161 |   26.024 |   26.024 |   26.245
96     6     |   26.901 |   26.870 |   26.928 |   26.930 |   26.918 |   26.915 |   26.919 |   26.883 |   26.928 |   26.918 |   26.933 |   26.950 ||   -0.12   +0.10   +0.10   +0.06   +0.05   +0.07   -0.07   +0.10   +0.06   +0.12   +0.18
       med   |   27.406 |   26.968 |   27.404 |   27.204 |   27.017 |   26.958 |   27.219 |   26.977 |   27.048 |   26.985 |   26.980 |   27.223
112    7     |   27.451 |   27.371 |   27.531 |   27.526 |   27.483 |   27.517 |   27.520 |   27.484 |   27.483 |   27.488 |   27.489 |   27.495 ||   -0.29   +0.29   +0.28   +0.12   +0.24   +0.25   +0.12   +0.12   +0.13   +0.14   +0.16
       med   |   27.512 |   27.538 |   28.041 |   28.117 |   27.603 |   27.548 |   27.950 |   27.525 |   27.523 |   27.522 |   27.526 |   27.721
128    8     |   25.523 |   25.526 |   25.429 |   25.580 |   25.589 |   25.588 |   25.592 |   25.557 |   25.574 |   25.382 |   25.595 |   25.564 ||   +0.01   -0.37   +0.22   +0.26   +0.25   +0.27   +0.13   +0.20   -0.56   +0.28   +0.16
       med   |   26.014 |   25.608 |   26.194 |   26.160 |   25.875 |   25.610 |   25.842 |   25.772 |   25.624 |   25.719 |   25.632 |   25.868
256    16    |   45.420 |   45.395 |   45.341 |   45.293 |   45.373 |   45.361 |   45.412 |   45.348 |   45.365 |   45.415 |   45.373 |   45.357 ||   -0.06   -0.17   -0.28   -0.10   -0.13   -0.02   -0.16   -0.12   -0.01   -0.10   -0.14
       med   |   46.994 |   45.967 |   46.341 |   45.671 |   45.797 |   45.959 |   46.516 |   46.387 |   46.380 |   46.251 |   46.024 |   45.787
512    32    |   84.368 |   84.373 |   84.378 |   84.478 |   84.412 |   84.439 |   83.643 |   84.158 |   84.485 |   84.486 |   84.450 |   84.428 ||   +0.01   +0.01   +0.13   +0.05   +0.09   -0.86   -0.25   +0.14   +0.14   +0.10   +0.07
       med   |   85.571 |   85.452 |   85.925 |   85.873 |   85.451 |   85.706 |   85.774 |   85.045 |   86.064 |   86.034 |   85.942 |   85.939
1024   64    |  161.738 |  161.655 |  161.424 |  162.097 |  162.006 |  162.053 |  161.958 |  161.821 |  161.850 |  162.032 |  162.021 |  161.815 ||   -0.05   -0.19   +0.22   +0.17   +0.19   +0.14   +0.05   +0.07   +0.18   +0.17   +0.05
       med   |  163.680 |  164.446 |  163.328 |  163.471 |  164.091 |  164.242 |  164.470 |  162.797 |  163.694 |  165.989 |  165.388 |  164.747
4096   256   |  628.180 |  628.923 |  628.639 |  629.125 |  628.895 |  628.883 |  628.862 |  628.702 |  628.667 |  628.716 |  628.637 |  628.839 ||   +0.12   +0.07   +0.15   +0.11   +0.11   +0.11   +0.08   +0.08   +0.09   +0.07   +0.10
       med   |  632.024 |  633.902 |  630.772 |  632.124 |  631.747 |  630.546 |  632.887 |  630.585 |  631.721 |  631.834 |  634.414 |  632.581
=== process binX.order1.3
SELFCHECK OK (256 whole-block lengths 1..256 blk x 12 variants; out/Xi/ivec/ret byte-identical, nothing written past 16*nblk)
bytes  blks  |     base |   baseAA |       w1 |     w1AA |       c3 |     c3AA |       c5 |       d5 |       d4 |      cl4 |       kb |     dsp0 ||  baseAA%      w1%    w1AA%      c3%    c3AA%      c5%      d5%      d4%     cl4%      kb%    dsp0%
16     1     |   23.630 |   23.467 |   12.571 |   12.572 |   12.515 |   12.529 |   12.510 |   12.493 |   12.477 |   12.530 |   12.590 |   24.710 ||   -0.69  -46.80  -46.80  -47.04  -46.98  -47.06  -47.13  -47.20  -46.97  -46.72   +4.57
       med   |   25.591 |   25.508 |   12.612 |   12.613 |   12.585 |   12.588 |   12.573 |   12.531 |   12.525 |   12.553 |   12.597 |   25.622
32     2     |   23.363 |   23.374 |   13.241 |   13.241 |   13.183 |   13.201 |   13.205 |   13.186 |   13.168 |   13.194 |   13.227 |   23.369 ||   +0.04  -43.32  -43.32  -43.58  -43.50  -43.48  -43.56  -43.64  -43.53  -43.38   +0.02
       med   |   23.556 |   23.521 |   13.246 |   13.245 |   13.192 |   13.208 |   13.212 |   13.192 |   13.341 |   13.199 |   13.233 |   23.517
48     3     |   24.250 |   24.257 |   15.182 |   15.186 |   15.081 |   15.098 |   15.119 |   15.079 |   15.201 |   15.078 |   15.095 |   24.202 ||   +0.03  -37.39  -37.38  -37.81  -37.74  -37.65  -37.82  -37.31  -37.82  -37.75   -0.20
       med   |   24.451 |   24.381 |   15.385 |   15.219 |   15.184 |   15.208 |   15.218 |   15.126 |   15.662 |   15.114 |   15.120 |   24.378
64     4     |   25.131 |   25.111 |   18.627 |   18.624 |   18.267 |   18.274 |   18.236 |   18.313 |   18.287 |   18.341 |   18.422 |   25.134 ||   -0.08  -25.88  -25.89  -27.31  -27.29  -27.44  -27.13  -27.24  -27.02  -26.70   +0.01
       med   |   25.669 |   25.174 |   18.849 |   18.650 |   18.594 |   18.710 |   18.260 |   18.554 |   19.198 |   18.371 |   18.441 |   25.239
80     5     |   26.003 |   25.991 |   26.000 |   25.995 |   25.988 |   25.985 |   25.994 |   25.991 |   25.989 |   25.988 |   25.989 |   25.993 ||   -0.05   -0.01   -0.03   -0.06   -0.07   -0.04   -0.05   -0.05   -0.06   -0.05   -0.04
       med   |   26.510 |   26.127 |   26.582 |   26.453 |   26.022 |   26.027 |   26.456 |   26.024 |   26.120 |   26.031 |   26.127 |   26.239
96     6     |   26.930 |   26.872 |   26.934 |   26.937 |   26.920 |   26.924 |   26.910 |   26.888 |   26.922 |   26.894 |   26.917 |   26.942 ||   -0.22   +0.02   +0.03   -0.04   -0.02   -0.07   -0.16   -0.03   -0.13   -0.05   +0.04
       med   |   27.409 |   26.966 |   27.366 |   27.392 |   26.963 |   26.955 |   27.215 |   26.977 |   27.030 |   26.979 |   26.975 |   27.218
112    7     |   27.468 |   27.361 |   27.517 |   27.521 |   27.487 |   27.507 |   27.495 |   27.489 |   27.491 |   27.488 |   27.495 |   27.420 ||   -0.39   +0.18   +0.19   +0.07   +0.14   +0.10   +0.08   +0.08   +0.07   +0.10   -0.18
       med   |   28.076 |   27.536 |   28.038 |   28.114 |   27.551 |   27.547 |   27.886 |   27.522 |   27.543 |   27.520 |   27.691 |   27.720
128    8     |   25.515 |   25.532 |   25.426 |   25.590 |   25.591 |   25.588 |   25.573 |   25.561 |   25.558 |   25.389 |   25.541 |   25.557 ||   +0.07   -0.35   +0.30   +0.30   +0.29   +0.23   +0.18   +0.17   -0.49   +0.10   +0.16
       med   |   25.553 |   25.611 |   25.965 |   25.961 |   25.795 |   25.611 |   25.842 |   25.771 |   25.772 |   25.692 |   25.626 |   25.872
256    16    |   45.433 |   45.338 |   45.348 |   45.339 |   45.421 |   45.350 |   45.371 |   45.358 |   45.367 |   45.424 |   45.372 |   45.335 ||   -0.21   -0.19   -0.21   -0.03   -0.18   -0.14   -0.17   -0.14   -0.02   -0.13   -0.22
       med   |   46.879 |   45.865 |   46.886 |   46.132 |   45.835 |   45.828 |   46.494 |   46.342 |   45.914 |   46.320 |   46.066 |   46.056
512    32    |   84.383 |   83.920 |   84.368 |   84.541 |   84.520 |   84.373 |   84.394 |   84.463 |   84.351 |   84.437 |   84.380 |   84.480 ||   -0.55   -0.02   +0.19   +0.16   -0.01   +0.01   +0.09   -0.04   +0.06   -0.00   +0.12
       med   |   85.867 |   85.120 |   85.277 |   85.910 |   85.507 |   85.406 |   85.804 |   85.045 |   85.495 |   85.427 |   85.727 |   85.872
1024   64    |  161.900 |  161.865 |  161.934 |  162.076 |  162.162 |  161.988 |  161.862 |  161.870 |  162.046 |  162.036 |  162.087 |  162.115 ||   -0.02   +0.02   +0.11   +0.16   +0.05   -0.02   -0.02   +0.09   +0.08   +0.12   +0.13
       med   |  164.232 |  164.984 |  163.744 |  163.630 |  164.167 |  164.218 |  164.299 |  162.738 |  165.388 |  165.783 |  166.305 |  163.660
4096   256   |  628.198 |  628.821 |  628.620 |  629.070 |  628.864 |  628.847 |  628.524 |  628.722 |  628.633 |  628.782 |  628.518 |  628.947 ||   +0.10   +0.07   +0.14   +0.11   +0.10   +0.05   +0.08   +0.07   +0.09   +0.05   +0.12
       med   |  631.797 |  633.371 |  630.496 |  630.767 |  631.621 |  630.109 |  632.471 |  630.637 |  632.791 |  633.904 |  635.630 |  631.958
=== process binX.order1.4
SELFCHECK OK (256 whole-block lengths 1..256 blk x 12 variants; out/Xi/ivec/ret byte-identical, nothing written past 16*nblk)
bytes  blks  |     base |   baseAA |       w1 |     w1AA |       c3 |     c3AA |       c5 |       d5 |       d4 |      cl4 |       kb |     dsp0 ||  baseAA%      w1%    w1AA%      c3%    c3AA%      c5%      d5%      d4%     cl4%      kb%    dsp0%
16     1     |   25.413 |   24.808 |   12.572 |   12.573 |   12.515 |   12.544 |   12.511 |   12.520 |   12.479 |   12.492 |   12.589 |   25.454 ||   -2.38  -50.53  -50.53  -50.75  -50.64  -50.77  -50.74  -50.90  -50.84  -50.46   +0.16
       med   |   25.734 |   25.504 |   12.612 |   12.613 |   12.585 |   12.588 |   12.573 |   12.528 |   12.526 |   12.554 |   12.596 |   25.694
32     2     |   23.365 |   23.359 |   13.241 |   13.241 |   13.184 |   13.202 |   13.204 |   13.187 |   13.164 |   13.193 |   13.227 |   23.362 ||   -0.03  -43.33  -43.33  -43.58  -43.50  -43.49  -43.56  -43.66  -43.54  -43.39   -0.01
       med   |   23.867 |   23.523 |   13.247 |   13.245 |   13.192 |   13.208 |   13.212 |   13.193 |   13.341 |   13.199 |   13.233 |   23.602
48     3     |   24.255 |   24.248 |   15.185 |   15.184 |   15.079 |   15.101 |   15.117 |   15.075 |   15.156 |   15.081 |   15.091 |   24.217 ||   -0.03  -37.39  -37.40  -37.83  -37.74  -37.68  -37.85  -37.51  -37.82  -37.78   -0.16
       med   |   24.903 |   24.381 |   15.399 |   15.219 |   15.178 |   15.199 |   15.169 |   15.125 |   15.663 |   15.114 |   15.122 |   24.547
64     4     |   25.112 |   25.097 |   18.636 |   18.634 |   18.274 |   18.289 |   18.234 |   18.312 |   18.287 |   18.352 |   18.418 |   25.116 ||   -0.06  -25.79  -25.80  -27.23  -27.17  -27.39  -27.08  -27.18  -26.92  -26.66   +0.01
       med   |   25.370 |   25.173 |   18.857 |   18.763 |   18.589 |   18.809 |   18.263 |   18.553 |   19.089 |   18.374 |   18.443 |   25.456
80     5     |   25.994 |   25.990 |   26.007 |   25.988 |   25.988 |   25.993 |   25.999 |   25.989 |   25.995 |   25.988 |   25.994 |   26.008 ||   -0.02   +0.05   -0.02   -0.02   -0.00   +0.02   -0.02   +0.01   -0.02   +0.00   +0.05
       med   |   26.524 |   26.129 |   26.584 |   26.280 |   26.026 |   26.025 |   26.454 |   26.025 |   26.127 |   26.024 |   26.227 |   26.331
96     6     |   26.920 |   26.859 |   26.930 |   26.916 |   26.912 |   26.919 |   26.923 |   26.893 |   26.881 |   26.888 |   26.888 |   26.912 ||   -0.23   +0.04   -0.02   -0.03   -0.00   +0.01   -0.10   -0.15   -0.12   -0.12   -0.03
       med   |   26.994 |   26.963 |   27.217 |   27.390 |   26.959 |   26.958 |   27.216 |   26.979 |   27.048 |   26.979 |   27.028 |   27.220
112    7     |   27.453 |   27.439 |   27.562 |   27.512 |   27.486 |   27.513 |   27.519 |   27.488 |   27.479 |   27.482 |   27.481 |   27.409 ||   -0.05   +0.40   +0.22   +0.12   +0.22   +0.24   +0.13   +0.10   +0.11   +0.10   -0.16
       med   |   27.904 |   27.538 |   28.071 |   28.111 |   27.549 |   27.547 |   27.915 |   27.521 |   27.518 |   27.521 |   27.773 |   27.722
128    8     |   25.517 |   25.520 |   25.413 |   25.595 |   25.589 |   25.581 |   25.586 |   25.568 |   25.570 |   25.382 |   25.569 |   25.554 ||   +0.01   -0.41   +0.30   +0.28   +0.25   +0.27   +0.20   +0.21   -0.53   +0.20   +0.14
       med   |   26.015 |   25.728 |   26.195 |   26.184 |   25.763 |   25.611 |   25.843 |   25.769 |   25.623 |   25.769 |   25.726 |   25.629
256    16    |   45.424 |   45.390 |   45.337 |   45.341 |   45.399 |   45.331 |   45.383 |   45.329 |   45.358 |   45.309 |   45.338 |   45.330 ||   -0.07   -0.19   -0.18   -0.05   -0.20   -0.09   -0.21   -0.15   -0.25   -0.19   -0.21
       med   |   46.300 |   45.966 |   46.291 |   45.686 |   45.841 |   45.660 |   46.393 |   46.367 |   46.378 |   46.042 |   46.003 |   46.087
512    32    |   84.341 |   83.835 |   84.398 |   84.539 |   84.399 |   84.381 |   84.399 |   84.371 |   84.386 |   84.508 |   84.069 |   84.579 ||   -0.60   +0.07   +0.24   +0.07   +0.05   +0.07   +0.04   +0.05   +0.20   -0.32   +0.28
       med   |   85.561 |   85.613 |   85.799 |   85.689 |   85.432 |   85.590 |   85.798 |   84.594 |   85.949 |   86.071 |   86.068 |   85.445
1024   64    |  161.799 |  161.919 |  161.970 |  162.121 |  161.965 |  162.059 |  161.829 |  162.060 |  161.956 |  162.096 |  162.035 |  161.700 ||   +0.07   +0.11   +0.20   +0.10   +0.16   +0.02   +0.16   +0.10   +0.18   +0.15   -0.06
       med   |  163.546 |  165.100 |  164.846 |  163.721 |  163.707 |  163.439 |  164.393 |  162.977 |  163.600 |  166.155 |  165.242 |  163.051
4096   256   |  628.197 |  628.941 |  628.740 |  629.112 |  628.856 |  628.874 |  628.827 |  628.663 |  628.628 |  628.520 |  628.535 |  628.929 ||   +0.12   +0.09   +0.15   +0.10   +0.11   +0.10   +0.07   +0.07   +0.05   +0.05   +0.12
       med   |  632.271 |  634.025 |  630.420 |  630.574 |  631.894 |  630.173 |  632.265 |  630.068 |  631.946 |  630.514 |  635.008 |  630.726
=== process binX.order1.5
SELFCHECK OK (256 whole-block lengths 1..256 blk x 12 variants; out/Xi/ivec/ret byte-identical, nothing written past 16*nblk)
bytes  blks  |     base |   baseAA |       w1 |     w1AA |       c3 |     c3AA |       c5 |       d5 |       d4 |      cl4 |       kb |     dsp0 ||  baseAA%      w1%    w1AA%      c3%    c3AA%      c5%      d5%      d4%     cl4%      kb%    dsp0%
16     1     |   25.418 |   25.371 |   12.570 |   12.571 |   12.515 |   12.580 |   12.510 |   12.495 |   12.513 |   12.546 |   12.589 |   25.410 ||   -0.18  -50.55  -50.54  -50.76  -50.51  -50.78  -50.84  -50.77  -50.64  -50.47   -0.03
       med   |   25.706 |   25.549 |   12.612 |   12.613 |   12.536 |   12.588 |   12.573 |   12.530 |   12.525 |   12.553 |   12.596 |   25.707
32     2     |   23.340 |   23.366 |   13.241 |   13.242 |   13.184 |   13.203 |   13.206 |   13.186 |   13.165 |   13.194 |   13.227 |   23.366 ||   +0.11  -43.27  -43.27  -43.51  -43.43  -43.42  -43.50  -43.59  -43.47  -43.33   +0.11
       med   |   23.763 |   23.525 |   13.246 |   13.245 |   13.205 |   13.207 |   13.212 |   13.192 |   13.341 |   13.199 |   13.233 |   23.612
48     3     |   24.246 |   24.236 |   15.194 |   15.192 |   15.109 |   15.105 |   15.129 |   15.090 |   15.189 |   15.088 |   15.102 |   24.216 ||   -0.04  -37.33  -37.34  -37.68  -37.70  -37.60  -37.77  -37.35  -37.77  -37.71   -0.12
       med   |   24.497 |   24.382 |   15.390 |   15.227 |   15.199 |   15.199 |   15.240 |   15.141 |   15.662 |   15.126 |   15.129 |   24.445
64     4     |   25.111 |   25.117 |   18.631 |   18.626 |   18.272 |   18.269 |   18.238 |   18.311 |   18.288 |   18.348 |   18.419 |   25.126 ||   +0.02  -25.81  -25.83  -27.23  -27.25  -27.37  -27.08  -27.17  -26.93  -26.65   +0.06
       med   |   25.365 |   25.172 |   18.853 |   18.649 |   18.591 |   18.791 |   18.468 |   18.560 |   18.786 |   18.374 |   18.443 |   25.332
80     5     |   25.984 |   25.993 |   25.998 |   25.997 |   25.991 |   25.998 |   25.976 |   25.981 |   25.990 |   25.990 |   25.987 |   25.986 ||   +0.04   +0.05   +0.05   +0.03   +0.05   -0.03   -0.01   +0.02   +0.02   +0.01   +0.01
       med   |   26.522 |   26.133 |   26.340 |   26.485 |   26.021 |   26.031 |   26.406 |   26.025 |   26.026 |   26.025 |   26.257 |   26.118
96     6     |   26.893 |   26.865 |   26.920 |   26.932 |   26.924 |   26.905 |   26.912 |   26.883 |   26.916 |   26.903 |   26.893 |   26.923 ||   -0.11   +0.10   +0.14   +0.11   +0.04   +0.07   -0.04   +0.08   +0.03   -0.00   +0.11
       med   |   26.988 |   26.968 |   27.392 |   27.394 |   26.960 |   26.956 |   27.220 |   26.979 |   27.045 |   26.983 |   27.039 |   27.220
112    7     |   27.462 |   27.369 |   27.516 |   27.512 |   27.485 |   27.521 |   27.482 |   27.481 |   27.481 |   27.484 |   27.492 |   27.417 ||   -0.34   +0.19   +0.18   +0.08   +0.21   +0.07   +0.07   +0.07   +0.08   +0.11   -0.16
       med   |   28.027 |   27.531 |   28.071 |   28.111 |   27.554 |   27.548 |   27.949 |   27.524 |   27.521 |   27.524 |   27.855 |   27.720
128    8     |   25.527 |   25.534 |   25.594 |   25.593 |   25.588 |   25.582 |   25.579 |   25.581 |   25.583 |   25.391 |   25.605 |   25.555 ||   +0.03   +0.26   +0.26   +0.24   +0.22   +0.21   +0.21   +0.22   -0.53   +0.31   +0.11
       med   |   26.019 |   25.741 |   26.208 |   26.282 |   25.794 |   25.613 |   25.840 |   25.772 |   25.623 |   25.635 |   26.000 |   25.628
256    16    |   45.418 |   45.374 |   45.360 |   45.304 |   45.379 |   45.349 |   45.386 |   45.322 |   45.381 |   45.056 |   45.363 |   45.365 ||   -0.10   -0.13   -0.25   -0.09   -0.15   -0.07   -0.21   -0.08   -0.80   -0.12   -0.12
       med   |   46.272 |   45.950 |   46.223 |   46.152 |   45.862 |   45.878 |   46.425 |   46.431 |   46.359 |   46.261 |   46.064 |   46.061
512    32    |   84.371 |   84.375 |   84.421 |   84.497 |   84.407 |   84.405 |   84.362 |   84.301 |   84.368 |   84.468 |   84.439 |   84.510 ||   +0.00   +0.06   +0.15   +0.04   +0.04   -0.01   -0.08   -0.00   +0.11   +0.08   +0.16
       med   |   85.642 |   85.425 |   85.944 |   85.645 |   85.601 |   85.570 |   85.664 |   85.070 |   85.370 |   85.554 |   86.298 |   84.888
1024   64    |  161.107 |  161.887 |  161.994 |  162.137 |  161.978 |  161.819 |  161.941 |  161.858 |  161.821 |  162.106 |  162.023 |  162.103 ||   +0.48   +0.55   +0.64   +0.54   +0.44   +0.52   +0.47   +0.44   +0.62   +0.57   +0.62
       med   |  163.139 |  164.463 |  164.129 |  163.744 |  164.123 |  163.513 |  164.162 |  162.866 |  164.991 |  165.732 |  166.214 |  165.133
4096   256   |  628.183 |  628.556 |  628.491 |  629.140 |  628.829 |  628.898 |  628.679 |  628.742 |  628.558 |  628.802 |  628.766 |  628.838 ||   +0.06   +0.05   +0.15   +0.10   +0.11   +0.08   +0.09   +0.06   +0.10   +0.09   +0.10
       med   |  631.894 |  633.678 |  630.196 |  630.809 |  632.136 |  630.472 |  632.710 |  631.174 |  632.304 |  630.764 |  635.764 |  632.142
=== process binX.order2.1
SELFCHECK OK (256 whole-block lengths 1..256 blk x 12 variants; out/Xi/ivec/ret byte-identical, nothing written past 16*nblk)
bytes  blks  |     base |     dsp0 |       kb |      cl4 |       d4 |       d5 |       c5 |     c3AA |       c3 |     w1AA |       w1 |   baseAA ||    dsp0%      kb%     cl4%      d4%      d5%      c5%    c3AA%      c3%    w1AA%      w1%  baseAA%
16     1     |   23.547 |   23.309 |   12.573 |   12.552 |   12.499 |   12.531 |   12.509 |   12.509 |   12.499 |   12.570 |   12.590 |   23.349 ||   -1.01  -46.61  -46.69  -46.92  -46.78  -46.88  -46.88  -46.92  -46.62  -46.53   -0.84
       med   |   25.647 |   25.512 |   12.611 |   12.561 |   12.587 |   12.563 |   12.573 |   12.547 |   12.548 |   12.596 |   12.596 |   25.569
32     2     |   23.415 |   23.359 |   13.238 |   13.204 |   13.171 |   13.192 |   13.205 |   13.183 |   13.192 |   13.235 |   13.235 |   23.402 ||   -0.24  -43.46  -43.61  -43.75  -43.66  -43.60  -43.70  -43.66  -43.48  -43.48   -0.05
       med   |   23.837 |   23.393 |   13.269 |   13.208 |   13.230 |   13.198 |   13.212 |   13.201 |   13.309 |   13.239 |   13.239 |   23.649
48     3     |   24.266 |   24.203 |   15.103 |   15.082 |   15.082 |   15.092 |   15.113 |   15.078 |   15.088 |   15.198 |   15.196 |   24.267 ||   -0.26  -37.76  -37.85  -37.85  -37.81  -37.72  -37.87  -37.82  -37.37  -37.38   +0.00
       med   |   24.854 |   24.242 |   15.158 |   15.122 |   15.163 |   15.207 |   15.170 |   15.126 |   15.505 |   15.230 |   15.228 |   24.532
64     4     |   25.157 |   25.101 |   18.369 |   18.344 |   18.255 |   18.271 |   18.237 |   18.292 |   18.297 |   18.642 |   18.645 |   25.157 ||   -0.22  -26.98  -27.08  -27.44  -27.37  -27.51  -27.29  -27.27  -25.90  -25.88   +0.00
       med   |   25.679 |   25.149 |   18.569 |   18.573 |   18.576 |   18.678 |   18.262 |   18.555 |   19.116 |   18.669 |   18.667 |   25.391
80     5     |   26.008 |   25.978 |   26.086 |   25.996 |   25.991 |   25.994 |   26.001 |   26.000 |   25.995 |   25.990 |   25.989 |   26.013 ||   -0.11   +0.30   -0.05   -0.06   -0.05   -0.02   -0.03   -0.05   -0.07   -0.07   +0.02
       med   |   26.577 |   26.025 |   26.578 |   26.451 |   26.020 |   26.077 |   26.460 |   26.140 |   26.130 |   26.023 |   26.031 |   26.320
96     6     |   26.923 |   26.935 |   26.951 |   26.934 |   26.913 |   26.924 |   26.910 |   26.889 |   26.926 |   26.914 |   26.924 |   26.872 ||   +0.04   +0.10   +0.04   -0.04   +0.00   -0.05   -0.13   +0.01   -0.03   +0.00   -0.19
       med   |   27.004 |   26.974 |   27.431 |   27.396 |   26.959 |   26.962 |   27.220 |   27.038 |   27.035 |   26.974 |   26.986 |   27.132
112    7     |   27.451 |   27.408 |   27.543 |   27.522 |   27.494 |   27.515 |   27.492 |   27.493 |   27.489 |   27.482 |   27.496 |   27.451 ||   -0.15   +0.34   +0.26   +0.16   +0.23   +0.15   +0.15   +0.14   +0.11   +0.17   +0.00
       med   |   28.138 |   27.522 |   28.055 |   28.115 |   27.547 |   27.549 |   27.895 |   27.597 |   27.542 |   27.519 |   27.610 |   27.766
128    8     |   25.514 |   25.580 |   25.417 |   25.599 |   25.587 |   25.581 |   25.586 |   25.564 |   25.578 |   25.372 |   25.567 |   25.581 ||   +0.26   -0.38   +0.33   +0.29   +0.26   +0.28   +0.20   +0.25   -0.56   +0.21   +0.26
       med   |   26.008 |   25.622 |   25.946 |   26.267 |   25.787 |   25.611 |   25.837 |   25.995 |   25.633 |   25.624 |   25.625 |   25.936
256    16    |   45.478 |   45.325 |   45.343 |   45.364 |   45.368 |   45.343 |   45.384 |   45.419 |   45.364 |   45.379 |   45.363 |   45.346 ||   -0.34   -0.30   -0.25   -0.24   -0.30   -0.21   -0.13   -0.25   -0.22   -0.25   -0.29
       med   |   46.734 |   45.840 |   46.889 |   46.164 |   45.790 |   45.678 |   46.546 |   46.481 |   46.361 |   46.206 |   46.052 |   45.711
512    32    |   84.380 |   84.448 |   84.387 |   84.470 |   84.388 |   84.506 |   84.405 |   84.503 |   84.459 |   84.510 |   84.441 |   84.436 ||   +0.08   +0.01   +0.11   +0.01   +0.15   +0.03   +0.15   +0.09   +0.15   +0.07   +0.07
       med   |   85.663 |   85.611 |   85.887 |   85.480 |   85.327 |   85.564 |   85.739 |   85.000 |   85.565 |   85.951 |   85.775 |   85.867
1024   64    |  161.831 |  162.035 |  161.981 |  162.135 |  162.061 |  162.062 |  161.974 |  161.913 |  161.851 |  161.916 |  162.068 |  162.042 ||   +0.13   +0.09   +0.19   +0.14   +0.14   +0.09   +0.05   +0.01   +0.05   +0.15   +0.13
       med   |  163.856 |  164.946 |  164.115 |  163.671 |  163.734 |  163.380 |  164.809 |  162.687 |  164.629 |  163.553 |  166.478 |  164.220
4096   256   |  628.133 |  628.741 |  628.730 |  628.970 |  628.870 |  628.841 |  628.760 |  628.543 |  628.643 |  628.716 |  628.591 |  629.088 ||   +0.10   +0.10   +0.13   +0.12   +0.11   +0.10   +0.07   +0.08   +0.09   +0.07   +0.15
       med   |  632.500 |  632.467 |  630.655 |  631.181 |  631.658 |  630.067 |  632.697 |  629.832 |  631.927 |  630.856 |  634.581 |  631.573
=== process binX.order2.2
SELFCHECK OK (256 whole-block lengths 1..256 blk x 12 variants; out/Xi/ivec/ret byte-identical, nothing written past 16*nblk)
bytes  blks  |     base |     dsp0 |       kb |      cl4 |       d4 |       d5 |       c5 |     c3AA |       c3 |     w1AA |       w1 |   baseAA ||    dsp0%      kb%     cl4%      d4%      d5%      c5%    c3AA%      c3%    w1AA%      w1%  baseAA%
16     1     |   25.361 |   25.388 |   12.571 |   12.530 |   12.499 |   12.556 |   12.510 |   12.511 |   12.501 |   12.572 |   12.589 |   25.347 ||   +0.10  -50.43  -50.59  -50.72  -50.49  -50.67  -50.67  -50.71  -50.43  -50.36   -0.06
       med   |   25.805 |   25.567 |   12.610 |   12.561 |   12.587 |   12.562 |   12.573 |   12.547 |   12.548 |   12.597 |   12.596 |   25.708
32     2     |   23.359 |   23.357 |   13.238 |   13.202 |   13.174 |   13.193 |   13.205 |   13.181 |   13.185 |   13.235 |   13.235 |   23.402 ||   -0.01  -43.33  -43.48  -43.60  -43.52  -43.47  -43.57  -43.55  -43.34  -43.34   +0.18
       med   |   23.663 |   23.439 |   13.269 |   13.208 |   13.243 |   13.269 |   13.212 |   13.201 |   13.308 |   13.239 |   13.239 |   23.698
48     3     |   24.246 |   24.198 |   15.108 |   15.089 |   15.100 |   15.116 |   15.123 |   15.084 |   15.088 |   15.196 |   15.197 |   24.245 ||   -0.20  -37.69  -37.77  -37.72  -37.66  -37.62  -37.79  -37.77  -37.32  -37.32   -0.00
       med   |   25.021 |   24.242 |   15.233 |   15.138 |   15.202 |   15.230 |   15.190 |   15.152 |   15.504 |   15.232 |   15.231 |   24.762
64     4     |   25.124 |   25.111 |   18.373 |   18.341 |   18.257 |   18.269 |   18.236 |   18.291 |   18.299 |   18.646 |   18.647 |   25.164 ||   -0.05  -26.87  -27.00  -27.33  -27.28  -27.42  -27.20  -27.16  -25.78  -25.78   +0.16
       med   |   25.831 |   25.150 |   18.680 |   18.365 |   18.622 |   18.742 |   18.264 |   18.646 |   19.106 |   18.676 |   18.667 |   25.616
80     5     |   25.979 |   25.993 |   26.003 |   25.991 |   25.996 |   25.988 |   25.997 |   25.992 |   25.988 |   25.993 |   25.994 |   25.998 ||   +0.06   +0.09   +0.05   +0.06   +0.03   +0.07   +0.05   +0.03   +0.06   +0.06   +0.07
       med   |   26.248 |   26.026 |   26.590 |   26.451 |   26.234 |   26.032 |   26.371 |   26.023 |   26.110 |   26.078 |   26.328 |   26.313
96     6     |   26.907 |   26.919 |   26.924 |   26.916 |   26.924 |   26.907 |   26.917 |   26.872 |   26.883 |   26.878 |   26.918 |   26.879 ||   +0.05   +0.06   +0.04   +0.06   +0.00   +0.04   -0.13   -0.09   -0.11   +0.04   -0.10
       med   |   26.970 |   26.972 |   27.533 |   27.151 |   27.176 |   26.955 |   27.220 |   26.986 |   26.971 |   26.975 |   27.248 |   27.229
112    7     |   27.458 |   27.423 |   27.533 |   27.518 |   27.417 |   27.514 |   27.483 |   27.490 |   27.483 |   27.488 |   27.488 |   27.441 ||   -0.13   +0.27   +0.22   -0.15   +0.21   +0.09   +0.12   +0.09   +0.11   +0.11   -0.06
       med   |   27.589 |   27.520 |   28.063 |   27.845 |   27.671 |   27.545 |   27.944 |   27.585 |   27.523 |   27.519 |   27.950 |   27.882
128    8     |   25.511 |   25.563 |   25.604 |   25.573 |   25.589 |   25.569 |   25.586 |   25.555 |   25.559 |   25.376 |   25.563 |   25.577 ||   +0.20   +0.37   +0.24   +0.31   +0.23   +0.30   +0.18   +0.19   -0.53   +0.21   +0.26
       med   |   25.741 |   25.622 |   26.203 |   25.612 |   25.910 |   25.610 |   25.763 |   25.780 |   25.623 |   25.622 |   25.759 |   25.905
256    16    |   45.424 |   45.354 |   45.356 |   45.314 |   45.378 |   45.315 |   45.574 |   45.350 |   45.365 |   45.385 |   45.359 |   45.385 ||   -0.15   -0.15   -0.24   -0.10   -0.24   +0.33   -0.16   -0.13   -0.09   -0.14   -0.09
       med   |   46.202 |   45.741 |   46.422 |   45.901 |   45.960 |   45.682 |   46.683 |   45.927 |   46.126 |   46.194 |   46.062 |   46.148
512    32    |   84.376 |   84.421 |   84.389 |   84.578 |   84.462 |   84.472 |   84.030 |   84.508 |   84.379 |   84.474 |   84.462 |   84.422 ||   +0.05   +0.02   +0.24   +0.10   +0.11   -0.41   +0.16   +0.00   +0.12   +0.10   +0.05
       med   |   85.604 |   85.145 |   85.448 |   85.946 |   85.383 |   85.555 |   85.341 |   84.998 |   85.968 |   86.019 |   86.468 |   85.969
1024   64    |  161.780 |  162.029 |  161.988 |  162.125 |  161.986 |  161.809 |  161.923 |  162.089 |  162.032 |  162.076 |  162.052 |  162.005 ||   +0.15   +0.13   +0.21   +0.13   +0.02   +0.09   +0.19   +0.16   +0.18   +0.17   +0.14
       med   |  163.686 |  163.549 |  164.238 |  163.736 |  163.889 |  163.123 |  164.645 |  162.702 |  165.129 |  165.861 |  165.971 |  165.780
4096   256   |  628.149 |  628.514 |  628.737 |  629.144 |  628.850 |  628.782 |  628.740 |  628.754 |  628.654 |  628.498 |  628.651 |  628.981 ||   +0.06   +0.09   +0.16   +0.11   +0.10   +0.09   +0.10   +0.08   +0.06   +0.08   +0.13
       med   |  632.399 |  633.215 |  630.620 |  630.864 |  631.644 |  630.201 |  632.272 |  630.110 |  632.518 |  631.883 |  634.125 |  630.961
=== process binX.order2.3
SELFCHECK OK (256 whole-block lengths 1..256 blk x 12 variants; out/Xi/ivec/ret byte-identical, nothing written past 16*nblk)
bytes  blks  |     base |     dsp0 |       kb |      cl4 |       d4 |       d5 |       c5 |     c3AA |       c3 |     w1AA |       w1 |   baseAA ||    dsp0%      kb%     cl4%      d4%      d5%      c5%    c3AA%      c3%    w1AA%      w1%  baseAA%
16     1     |   23.448 |   23.305 |   12.572 |   12.554 |   12.499 |   12.556 |   12.510 |   12.512 |   12.498 |   12.576 |   12.562 |   24.672 ||   -0.61  -46.38  -46.46  -46.70  -46.45  -46.65  -46.64  -46.70  -46.37  -46.43   +5.22
       med   |   25.732 |   25.578 |   12.611 |   12.561 |   12.587 |   12.562 |   12.575 |   12.547 |   12.531 |   12.616 |   12.596 |   25.718
32     2     |   23.361 |   23.355 |   13.238 |   13.202 |   13.114 |   13.192 |   13.205 |   13.182 |   13.185 |   13.235 |   13.235 |   23.408 ||   -0.03  -43.33  -43.49  -43.86  -43.53  -43.47  -43.57  -43.56  -43.35  -43.35   +0.20
       med   |   23.730 |   23.423 |   13.272 |   13.209 |   13.229 |   13.198 |   13.212 |   13.199 |   13.307 |   13.239 |   13.239 |   23.757
48     3     |   24.241 |   24.206 |   15.108 |   15.086 |   15.102 |   15.104 |   15.122 |   15.083 |   15.162 |   15.198 |   15.199 |   24.270 ||   -0.15  -37.68  -37.77  -37.70  -37.69  -37.62  -37.78  -37.46  -37.31  -37.30   +0.12
       med   |   24.587 |   24.239 |   15.228 |   15.139 |   15.315 |   15.221 |   15.213 |   15.186 |   15.511 |   15.233 |   15.229 |   24.710
64     4     |   25.121 |   25.085 |   18.374 |   18.340 |   18.253 |   18.269 |   18.239 |   18.293 |   18.288 |   18.647 |   18.643 |   25.146 ||   -0.14  -26.86  -26.99  -27.34  -27.28  -27.39  -27.18  -27.20  -25.77  -25.79   +0.10
       med   |   25.634 |   25.150 |   18.625 |   18.540 |   18.603 |   18.739 |   18.261 |   18.919 |   18.954 |   18.670 |   18.668 |   25.509
80     5     |   25.986 |   25.986 |   26.002 |   25.991 |   25.995 |   25.995 |   25.990 |   25.996 |   25.987 |   25.986 |   25.994 |   26.009 ||   -0.00   +0.06   +0.02   +0.03   +0.04   +0.02   +0.04   +0.01   +0.00   +0.03   +0.09
       med   |   26.149 |   26.035 |   26.564 |   26.237 |   26.317 |   26.076 |   26.390 |   26.222 |   26.083 |   26.026 |   26.311 |   26.539
96     6     |   26.907 |   26.937 |   26.932 |   26.901 |   26.920 |   26.909 |   26.914 |   26.900 |   26.935 |   26.937 |   26.935 |   26.876 ||   +0.11   +0.09   -0.02   +0.05   +0.01   +0.03   -0.03   +0.10   +0.11   +0.10   -0.12
       med   |   27.255 |   26.974 |   27.435 |   27.207 |   27.184 |   26.956 |   27.220 |   27.033 |   26.981 |   26.973 |   27.169 |   27.193
112    7     |   27.460 |   27.434 |   27.526 |   27.521 |   27.464 |   27.516 |   27.498 |   27.480 |   27.481 |   27.487 |   27.489 |   27.355 ||   -0.09   +0.24   +0.22   +0.02   +0.20   +0.14   +0.07   +0.08   +0.10   +0.11   -0.38
       med   |   27.929 |   27.524 |   28.052 |   28.042 |   27.613 |   27.548 |   27.950 |   27.524 |   27.522 |   27.526 |   27.792 |   27.767
128    8     |   25.518 |   25.597 |   25.422 |   25.593 |   25.587 |   25.589 |   25.588 |   25.566 |   25.573 |   25.390 |   25.562 |   25.583 ||   +0.31   -0.38   +0.29   +0.27   +0.28   +0.27   +0.19   +0.22   -0.50   +0.17   +0.25
       med   |   25.900 |   25.624 |   26.028 |   26.143 |   25.872 |   25.618 |   25.845 |   25.702 |   25.637 |   25.870 |   25.630 |   25.870
256    16    |   45.410 |   45.337 |   45.362 |   45.364 |   45.382 |   45.350 |   45.701 |   45.333 |   45.359 |   45.436 |   45.351 |   45.363 ||   -0.16   -0.11   -0.10   -0.06   -0.13   +0.64   -0.17   -0.11   +0.06   -0.13   -0.10
       med   |   46.595 |   45.668 |   46.864 |   46.063 |   45.835 |   45.663 |   46.685 |   46.480 |   45.906 |   46.139 |   46.021 |   46.107
512    32    |   84.367 |   84.454 |   84.345 |   84.475 |   84.394 |   84.428 |   84.235 |   84.187 |   84.435 |   84.494 |   84.453 |   84.459 ||   +0.10   -0.03   +0.13   +0.03   +0.07   -0.16   -0.21   +0.08   +0.15   +0.10   +0.11
       med   |   85.516 |   85.119 |   85.711 |   85.519 |   85.051 |   85.573 |   85.888 |   85.162 |   85.591 |   85.895 |   86.641 |   85.921
1024   64    |  161.851 |  162.010 |  161.889 |  162.122 |  161.960 |  162.019 |  161.928 |  162.004 |  161.966 |  162.055 |  162.030 |  162.016 ||   +0.10   +0.02   +0.17   +0.07   +0.10   +0.05   +0.09   +0.07   +0.13   +0.11   +0.10
       med   |  164.524 |  163.108 |  163.708 |  163.709 |  162.422 |  163.386 |  164.539 |  163.248 |  163.537 |  164.569 |  163.960 |  164.668
4096   256   |  628.159 |  628.569 |  628.764 |  628.994 |  628.861 |  628.784 |  628.894 |  628.539 |  628.679 |  628.692 |  628.797 |  628.912 ||   +0.07   +0.10   +0.13   +0.11   +0.10   +0.12   +0.06   +0.08   +0.08   +0.10   +0.12
       med   |  632.032 |  632.381 |  631.452 |  630.382 |  631.485 |  630.075 |  632.081 |  629.946 |  631.815 |  634.410 |  634.343 |  632.538
=== process binX.order2.4
SELFCHECK OK (256 whole-block lengths 1..256 blk x 12 variants; out/Xi/ivec/ret byte-identical, nothing written past 16*nblk)
bytes  blks  |     base |     dsp0 |       kb |      cl4 |       d4 |       d5 |       c5 |     c3AA |       c3 |     w1AA |       w1 |   baseAA ||    dsp0%      kb%     cl4%      d4%      d5%      c5%    c3AA%      c3%    w1AA%      w1%  baseAA%
16     1     |   25.340 |   25.379 |   12.572 |   12.554 |   12.522 |   12.557 |   12.510 |   12.509 |   12.495 |   12.591 |   12.591 |   25.385 ||   +0.15  -50.39  -50.46  -50.58  -50.45  -50.63  -50.64  -50.69  -50.31  -50.31   +0.18
       med   |   25.701 |   25.473 |   12.611 |   12.561 |   12.587 |   12.563 |   12.573 |   12.547 |   12.532 |   12.596 |   12.596 |   25.707
32     2     |   23.351 |   23.366 |   13.238 |   13.204 |   13.172 |   13.193 |   13.204 |   13.182 |   13.188 |   13.235 |   13.235 |   23.411 ||   +0.06  -43.31  -43.46  -43.59  -43.50  -43.45  -43.55  -43.52  -43.32  -43.32   +0.25
       med   |   23.954 |   23.387 |   13.268 |   13.209 |   13.230 |   13.197 |   13.212 |   13.267 |   13.308 |   13.239 |   13.239 |   23.827
48     3     |   24.253 |   24.207 |   15.106 |   15.088 |   15.097 |   15.106 |   15.112 |   15.069 |   15.099 |   15.198 |   15.195 |   24.259 ||   -0.19  -37.71  -37.79  -37.75  -37.71  -37.69  -37.87  -37.74  -37.33  -37.35   +0.03
       med   |   24.518 |   24.241 |   15.205 |   15.126 |   15.210 |   15.213 |   15.175 |   15.122 |   15.510 |   15.231 |   15.228 |   24.855
64     4     |   25.149 |   25.103 |   18.375 |   18.342 |   18.256 |   18.265 |   18.244 |   18.293 |   18.292 |   18.648 |   18.643 |   25.122 ||   -0.18  -26.93  -27.06  -27.41  -27.37  -27.46  -27.26  -27.27  -25.85  -25.87   -0.11
       med   |   25.356 |   25.150 |   18.626 |   18.362 |   18.623 |   18.739 |   18.266 |   18.608 |   19.101 |   18.673 |   18.667 |   25.368
80     5     |   25.989 |   25.982 |   26.006 |   25.994 |   25.991 |   25.992 |   25.992 |   25.990 |   25.988 |   25.990 |   25.989 |   26.000 ||   -0.03   +0.07   +0.02   +0.01   +0.01   +0.01   +0.00   -0.01   +0.00   -0.00   +0.04
       med   |   26.768 |   26.027 |   26.576 |   26.313 |   26.259 |   26.084 |   26.401 |   26.087 |   26.176 |   26.098 |   26.241 |   26.531
96     6     |   26.918 |   26.931 |   26.923 |   26.922 |   26.908 |   26.920 |   26.916 |   26.887 |   26.932 |   26.932 |   26.891 |   26.860 ||   +0.05   +0.02   +0.02   -0.04   +0.01   -0.01   -0.12   +0.05   +0.05   -0.10   -0.22
       med   |   27.561 |   26.974 |   27.213 |   27.394 |   26.959 |   26.959 |   27.219 |   26.976 |   27.045 |   26.975 |   26.984 |   26.995
112    7     |   27.469 |   27.417 |   27.528 |   27.515 |   27.402 |   27.508 |   27.499 |   27.484 |   27.483 |   27.476 |   27.478 |   27.454 ||   -0.19   +0.21   +0.17   -0.25   +0.14   +0.11   +0.05   +0.05   +0.02   +0.03   -0.06
       med   |   28.207 |   27.520 |   28.069 |   27.897 |   27.555 |   27.545 |   27.952 |   27.520 |   27.595 |   27.520 |   27.863 |   27.849
128    8     |   25.515 |   25.563 |   25.412 |   25.592 |   25.589 |   25.577 |   25.596 |   25.559 |   25.579 |   25.382 |   25.561 |   25.527 ||   +0.18   -0.40   +0.30   +0.29   +0.24   +0.32   +0.17   +0.25   -0.52   +0.18   +0.05
       med   |   26.044 |   25.624 |   25.901 |   25.960 |   25.794 |   25.612 |   25.853 |   25.770 |   25.636 |   25.622 |   25.637 |   25.611
256    16    |   45.403 |   45.337 |   45.572 |   45.348 |   45.353 |   45.324 |   45.564 |   45.269 |   45.358 |   45.347 |   45.343 |   45.353 ||   -0.14   +0.37   -0.12   -0.11   -0.17   +0.36   -0.29   -0.10   -0.12   -0.13   -0.11
       med   |   46.108 |   45.725 |   46.898 |   46.089 |   45.799 |   45.646 |   46.564 |   45.935 |   46.365 |   46.160 |   45.998 |   46.174
512    32    |   84.318 |   84.461 |   84.396 |   84.391 |   84.428 |   84.497 |   84.391 |   84.458 |   84.468 |   84.469 |   84.463 |   84.441 ||   +0.17   +0.09   +0.09   +0.13   +0.21   +0.09   +0.17   +0.18   +0.18   +0.17   +0.15
       med   |   85.896 |   84.885 |   85.634 |   85.474 |   85.420 |   85.377 |   85.534 |   85.448 |   85.422 |   85.569 |   86.244 |   85.410
1024   64    |  161.929 |  161.990 |  161.924 |  162.108 |  161.974 |  162.075 |  161.964 |  161.776 |  161.982 |  162.072 |  162.041 |  162.036 ||   +0.04   -0.00   +0.11   +0.03   +0.09   +0.02   -0.09   +0.03   +0.09   +0.07   +0.07
       med   |  164.026 |  164.423 |  164.062 |  163.421 |  163.885 |  162.456 |  164.460 |  163.575 |  165.407 |  165.749 |  164.862 |  163.164
4096   256   |  628.148 |  628.658 |  628.605 |  629.030 |  628.812 |  628.755 |  628.664 |  628.632 |  628.650 |  628.760 |  628.695 |  628.973 ||   +0.08   +0.07   +0.14   +0.11   +0.10   +0.08   +0.08   +0.08   +0.10   +0.09   +0.13
       med   |  632.358 |  632.884 |  630.473 |  630.662 |  631.613 |  630.935 |  632.044 |  630.014 |  631.889 |  631.293 |  634.682 |  631.477
=== process binX.order2.5
SELFCHECK OK (256 whole-block lengths 1..256 blk x 12 variants; out/Xi/ivec/ret byte-identical, nothing written past 16*nblk)
bytes  blks  |     base |     dsp0 |       kb |      cl4 |       d4 |       d5 |       c5 |     c3AA |       c3 |     w1AA |       w1 |   baseAA ||    dsp0%      kb%     cl4%      d4%      d5%      c5%    c3AA%      c3%    w1AA%      w1%  baseAA%
16     1     |   25.338 |   25.380 |   12.571 |   12.552 |   12.501 |   12.548 |   12.510 |   12.510 |   12.502 |   12.590 |   12.590 |   25.371 ||   +0.17  -50.39  -50.46  -50.66  -50.48  -50.63  -50.63  -50.66  -50.31  -50.31   +0.13
       med   |   25.578 |   25.480 |   12.612 |   12.560 |   12.587 |   12.563 |   12.573 |   12.547 |   12.548 |   12.596 |   12.596 |   25.614
32     2     |   23.417 |   23.353 |   13.239 |   13.202 |   13.171 |   13.192 |   13.205 |   13.182 |   13.189 |   13.235 |   13.235 |   23.397 ||   -0.27  -43.47  -43.62  -43.76  -43.66  -43.61  -43.71  -43.68  -43.48  -43.48   -0.09
       med   |   23.950 |   23.397 |   13.270 |   13.208 |   13.229 |   13.197 |   13.212 |   13.192 |   13.308 |   13.239 |   13.239 |   23.710
48     3     |   24.252 |   24.201 |   15.104 |   15.074 |   15.103 |   15.081 |   15.116 |   15.080 |   15.128 |   15.197 |   15.201 |   24.254 ||   -0.21  -37.72  -37.84  -37.72  -37.82  -37.67  -37.82  -37.62  -37.34  -37.32   +0.01
       med   |   24.534 |   24.242 |   15.237 |   15.120 |   15.302 |   15.214 |   15.170 |   15.127 |   15.514 |   15.229 |   15.229 |   24.500
64     4     |   25.160 |   25.103 |   18.377 |   18.342 |   18.255 |   18.274 |   18.238 |   18.295 |   18.291 |   18.640 |   18.646 |   25.118 ||   -0.23  -26.96  -27.10  -27.44  -27.37  -27.51  -27.29  -27.30  -25.91  -25.89   -0.17
       med   |   25.901 |   25.149 |   18.685 |   18.361 |   18.595 |   18.743 |   18.262 |   18.956 |   19.111 |   18.864 |   18.668 |   25.560
80     5     |   25.992 |   25.988 |   25.999 |   26.001 |   25.987 |   25.990 |   25.998 |   25.981 |   25.994 |   25.991 |   25.988 |   25.999 ||   -0.02   +0.03   +0.04   -0.02   -0.01   +0.02   -0.04   +0.01   -0.00   -0.01   +0.03
       med   |   26.739 |   26.027 |   26.579 |   26.449 |   26.020 |   26.088 |   26.434 |   26.020 |   26.129 |   26.024 |   26.299 |   26.543
96     6     |   26.939 |   26.923 |   27.023 |   26.942 |   26.925 |   26.917 |   26.903 |   26.882 |   26.911 |   26.904 |   26.938 |   26.869 ||   -0.06   +0.31   +0.01   -0.05   -0.08   -0.13   -0.21   -0.10   -0.13   -0.01   -0.26
       med   |   27.593 |   26.973 |   27.431 |   27.392 |   26.959 |   26.968 |   27.212 |   26.976 |   27.045 |   26.974 |   27.241 |   27.162
112    7     |   27.456 |   27.408 |   27.520 |   27.501 |   27.419 |   27.520 |   27.493 |   27.488 |   27.480 |   27.473 |   27.490 |   27.472 ||   -0.18   +0.23   +0.16   -0.13   +0.23   +0.13   +0.11   +0.08   +0.06   +0.12   +0.06
       med   |   27.843 |   27.519 |   28.061 |   28.111 |   27.546 |   27.598 |   27.908 |   27.522 |   27.523 |   27.520 |   27.768 |   27.965
128    8     |   25.520 |   25.583 |   25.409 |   25.570 |   25.591 |   25.580 |   25.595 |   25.559 |   25.581 |   25.366 |   25.561 |   25.557 ||   +0.25   -0.43   +0.20   +0.28   +0.24   +0.30   +0.16   +0.24   -0.60   +0.16   +0.15
       med   |   26.075 |   25.622 |   26.196 |   25.962 |   25.799 |   25.610 |   25.851 |   25.630 |   25.625 |   25.623 |   25.627 |   25.779
256    16    |   45.407 |   45.378 |   45.362 |   45.361 |   45.373 |   45.350 |   45.781 |   45.314 |   45.385 |   45.354 |   45.370 |   45.133 ||   -0.06   -0.10   -0.10   -0.07   -0.12   +0.82   -0.20   -0.05   -0.12   -0.08   -0.60
       med   |   46.465 |   45.748 |   46.336 |   46.053 |   45.880 |   45.921 |   46.643 |   46.331 |   46.450 |   45.976 |   45.991 |   45.805
512    32    |   84.375 |   84.431 |   84.382 |   84.517 |   84.388 |   84.379 |   84.407 |   84.084 |   84.449 |   84.487 |   84.439 |   84.540 ||   +0.07   +0.01   +0.17   +0.02   +0.00   +0.04   -0.34   +0.09   +0.13   +0.08   +0.20
       med   |   85.693 |   85.299 |   86.057 |   85.493 |   85.302 |   85.112 |   85.566 |   85.439 |   85.744 |   86.042 |   86.468 |   86.121
1024   64    |  161.821 |  161.920 |  162.022 |  162.130 |  162.008 |  162.012 |  162.000 |  162.031 |  161.992 |  162.040 |  162.011 |  162.209 ||   +0.06   +0.12   +0.19   +0.12   +0.12   +0.11   +0.13   +0.11   +0.14   +0.12   +0.24
       med   |  163.669 |  162.262 |  164.329 |  163.547 |  163.986 |  163.349 |  164.493 |  163.433 |  162.989 |  165.394 |  165.145 |  165.920
4096   256   |  628.159 |  628.641 |  628.723 |  628.999 |  628.850 |  628.774 |  628.437 |  628.538 |  628.722 |  628.692 |  628.765 |  628.962 ||   +0.08   +0.09   +0.13   +0.11   +0.10   +0.04   +0.06   +0.09   +0.08   +0.10   +0.13
       med   |  631.678 |  631.396 |  630.971 |  630.753 |  631.530 |  630.086 |  631.990 |  630.346 |  632.216 |  632.290 |  633.304 |  633.199
=== process binX.order3.1
SELFCHECK OK (256 whole-block lengths 1..256 blk x 12 variants; out/Xi/ivec/ret byte-identical, nothing written past 16*nblk)
bytes  blks  |     base |       c5 |       d5 |       d4 |      cl4 |       kb |     dsp0 |   baseAA |       w1 |     w1AA |       c3 |     c3AA ||      c5%      d5%      d4%     cl4%      kb%    dsp0%  baseAA%      w1%    w1AA%      c3%    c3AA%
16     1     |   25.313 |   12.520 |   12.556 |   12.499 |   12.552 |   12.571 |   25.456 |   23.586 |   12.570 |   12.570 |   12.515 |   12.519 ||  -50.54  -50.40  -50.62  -50.41  -50.34   +0.57   -6.82  -50.34  -50.34  -50.56  -50.54
       med   |   25.760 |   12.538 |   12.562 |   12.562 |   12.561 |   12.610 |   25.941 |   25.872 |   12.613 |   12.611 |   12.585 |   12.588
32     2     |   23.381 |   13.199 |   13.191 |   13.181 |   13.203 |   13.239 |   23.387 |   23.411 |   13.242 |   13.241 |   13.184 |   13.203 ||  -43.55  -43.58  -43.62  -43.53  -43.38   +0.02   +0.13  -43.37  -43.37  -43.61  -43.53
       med   |   23.967 |   13.325 |   13.198 |   13.186 |   13.209 |   13.320 |   23.963 |   23.764 |   13.246 |   13.245 |   13.207 |   13.208
48     3     |   24.254 |   15.182 |   15.093 |   15.106 |   15.077 |   15.118 |   24.213 |   24.274 |   15.187 |   15.189 |   15.083 |   15.107 ||  -37.40  -37.77  -37.72  -37.84  -37.67   -0.17   +0.08  -37.38  -37.37  -37.81  -37.71
       med   |   24.810 |   15.263 |   15.241 |   15.170 |   15.135 |   15.338 |   24.836 |   24.658 |   15.397 |   15.531 |   15.166 |   15.178
64     4     |   25.106 |   18.287 |   18.272 |   18.254 |   18.343 |   18.375 |   25.122 |   25.114 |   18.627 |   18.632 |   18.271 |   18.268 ||  -27.16  -27.22  -27.29  -26.94  -26.81   +0.06   +0.03  -25.81  -25.78  -27.22  -27.24
       med   |   25.625 |   18.932 |   18.446 |   18.483 |   18.370 |   18.551 |   25.566 |   25.380 |   18.754 |   18.837 |   18.306 |   18.653
80     5     |   25.986 |   25.988 |   26.004 |   25.992 |   26.002 |   25.995 |   25.998 |   25.992 |   26.000 |   25.998 |   25.988 |   25.990 ||   +0.01   +0.07   +0.02   +0.06   +0.03   +0.04   +0.02   +0.05   +0.05   +0.01   +0.02
       med   |   26.303 |   26.025 |   26.676 |   26.196 |   26.883 |   26.298 |   26.454 |   26.621 |   26.837 |   26.892 |   26.220 |   26.103
96     6     |   26.890 |   26.915 |   26.923 |   26.918 |   26.929 |   26.934 |   26.931 |   26.869 |   26.925 |   26.949 |   26.914 |   26.926 ||   +0.09   +0.12   +0.10   +0.14   +0.16   +0.15   -0.08   +0.13   +0.22   +0.09   +0.13
       med   |   27.189 |   26.973 |   27.359 |   27.228 |   27.621 |   27.298 |   27.052 |   27.299 |   27.512 |   27.827 |   27.030 |   27.032
112    7     |   27.459 |   27.410 |   27.537 |   27.525 |   27.531 |   27.517 |   27.434 |   27.453 |   27.521 |   27.520 |   27.520 |   27.472 ||   -0.18   +0.29   +0.24   +0.26   +0.21   -0.09   -0.02   +0.23   +0.22   +0.22   +0.05
       med   |   28.146 |   27.519 |   28.188 |   27.800 |   28.286 |   27.960 |   27.793 |   28.069 |   27.768 |   28.253 |   27.553 |   27.598
128    8     |   25.523 |   25.571 |   25.606 |   25.592 |   25.590 |   25.595 |   25.602 |   25.563 |   25.593 |   25.784 |   25.587 |   25.585 ||   +0.19   +0.33   +0.27   +0.26   +0.28   +0.31   +0.16   +0.27   +1.02   +0.25   +0.24
       med   |   26.342 |   25.624 |   26.045 |   26.013 |   26.404 |   26.022 |   26.058 |   26.074 |   26.000 |   26.420 |   25.770 |   25.616
256    16    |   45.466 |   45.342 |   45.337 |   45.341 |   45.348 |   45.351 |   45.412 |   45.340 |   45.350 |   45.398 |   45.399 |   45.365 ||   -0.27   -0.28   -0.28   -0.26   -0.25   -0.12   -0.28   -0.26   -0.15   -0.15   -0.22
       med   |   46.100 |   45.689 |   45.688 |   45.732 |   46.023 |   45.990 |   46.211 |   45.928 |   45.764 |   46.784 |   46.306 |   46.183
512    32    |   84.371 |   84.469 |   84.413 |   84.476 |   84.482 |   84.379 |   84.395 |   84.335 |   84.390 |   84.490 |   84.450 |   84.378 ||   +0.12   +0.05   +0.12   +0.13   +0.01   +0.03   -0.04   +0.02   +0.14   +0.09   +0.01
       med   |   85.614 |   84.704 |   85.930 |   85.516 |   86.039 |   85.451 |   85.812 |   85.896 |   85.430 |   86.595 |   85.514 |   85.307
1024   64    |  161.924 |  161.996 |  161.864 |  161.725 |  161.912 |  161.838 |  161.972 |  161.777 |  161.972 |  162.087 |  162.097 |  161.912 ||   +0.04   -0.04   -0.12   -0.01   -0.05   +0.03   -0.09   +0.03   +0.10   +0.11   -0.01
       med   |  163.301 |  162.863 |  164.186 |  163.946 |  163.232 |  163.718 |  165.089 |  165.758 |  163.162 |  164.177 |  164.649 |  163.742
4096   256   |  628.237 |  628.732 |  628.205 |  628.846 |  628.808 |  628.561 |  628.725 |  628.536 |  628.708 |  628.925 |  628.730 |  628.845 ||   +0.08   -0.01   +0.10   +0.09   +0.05   +0.08   +0.05   +0.08   +0.11   +0.08   +0.10
       med   |  632.328 |  630.944 |  631.553 |  631.449 |  630.227 |  630.411 |  631.901 |  630.994 |  631.287 |  630.756 |  631.895 |  631.279
=== process binX.order3.2
SELFCHECK OK (256 whole-block lengths 1..256 blk x 12 variants; out/Xi/ivec/ret byte-identical, nothing written past 16*nblk)
bytes  blks  |     base |       c5 |       d5 |       d4 |      cl4 |       kb |     dsp0 |   baseAA |       w1 |     w1AA |       c3 |     c3AA ||      c5%      d5%      d4%     cl4%      kb%    dsp0%  baseAA%      w1%    w1AA%      c3%    c3AA%
16     1     |   25.386 |   12.519 |   12.555 |   12.496 |   12.544 |   12.571 |   25.431 |   25.392 |   12.568 |   12.569 |   12.516 |   12.518 ||  -50.69  -50.54  -50.77  -50.59  -50.48   +0.18   +0.02  -50.49  -50.49  -50.70  -50.69
       med   |   25.764 |   12.530 |   12.562 |   12.562 |   12.560 |   12.610 |   25.845 |   25.889 |   12.614 |   12.611 |   12.563 |   12.588
32     2     |   23.352 |   13.202 |   13.193 |   13.181 |   13.203 |   13.241 |   23.376 |   23.358 |   13.242 |   13.243 |   13.183 |   13.203 ||  -43.47  -43.50  -43.56  -43.46  -43.30   +0.10   +0.02  -43.29  -43.29  -43.55  -43.46
       med   |   23.702 |   13.331 |   13.198 |   13.186 |   13.209 |   13.319 |   23.954 |   23.582 |   13.246 |   13.318 |   13.208 |   13.208
48     3     |   24.247 |   15.190 |   15.105 |   15.108 |   15.088 |   15.096 |   24.212 |   24.260 |   15.189 |   15.190 |   15.100 |   15.108 ||  -37.35  -37.70  -37.69  -37.77  -37.74   -0.15   +0.05  -37.36  -37.36  -37.73  -37.69
       med   |   24.498 |   15.273 |   15.247 |   15.176 |   15.133 |   15.336 |   24.450 |   24.554 |   15.401 |   15.242 |   15.175 |   15.176
64     4     |   25.113 |   18.285 |   18.267 |   18.251 |   18.337 |   18.380 |   25.137 |   25.115 |   18.631 |   18.622 |   18.265 |   18.269 ||  -27.19  -27.26  -27.33  -26.98  -26.81   +0.10   +0.01  -25.81  -25.85  -27.27  -27.25
       med   |   25.911 |   18.935 |   18.307 |   18.526 |   18.363 |   18.678 |   25.663 |   25.404 |   18.770 |   18.886 |   18.319 |   18.526
80     5     |   25.990 |   25.983 |   26.000 |   25.994 |   25.993 |   25.995 |   26.010 |   26.004 |   25.990 |   25.993 |   25.990 |   25.987 ||   -0.03   +0.04   +0.02   +0.01   +0.02   +0.08   +0.05   -0.00   +0.01   -0.00   -0.01
       med   |   26.796 |   26.022 |   26.667 |   26.091 |   26.309 |   26.507 |   26.547 |   26.571 |   26.464 |   26.641 |   26.020 |   26.253
96     6     |   26.924 |   26.927 |   26.940 |   26.931 |   26.924 |   26.933 |   26.918 |   26.876 |   26.923 |   26.923 |   26.908 |   26.914 ||   +0.01   +0.06   +0.02   +0.00   +0.03   -0.03   -0.18   -0.01   -0.01   -0.06   -0.04
       med   |   27.712 |   26.974 |   27.432 |   27.329 |   27.232 |   27.342 |   27.230 |   27.462 |   27.456 |   27.827 |   27.026 |   27.022
112    7     |   27.461 |   27.400 |   27.521 |   27.512 |   27.538 |   27.519 |   27.444 |   27.446 |   27.512 |   27.528 |   27.514 |   27.493 ||   -0.22   +0.22   +0.18   +0.28   +0.21   -0.06   -0.06   +0.18   +0.24   +0.19   +0.12
       med   |   28.239 |   27.521 |   28.277 |   27.858 |   28.285 |   27.935 |   28.009 |   28.071 |   27.762 |   28.547 |   27.626 |   27.661
128    8     |   25.521 |   25.600 |   25.597 |   25.593 |   25.591 |   25.597 |   25.588 |   25.562 |   25.591 |   25.582 |   25.589 |   25.593 ||   +0.31   +0.30   +0.28   +0.28   +0.30   +0.26   +0.16   +0.28   +0.24   +0.27   +0.28
       med   |   25.904 |   25.623 |   26.056 |   26.031 |   26.404 |   26.024 |   25.861 |   26.135 |   25.829 |   26.333 |   25.770 |   25.775
256    16    |   45.450 |   44.926 |   45.389 |   45.364 |   45.374 |   45.308 |   45.308 |   45.398 |   45.336 |   45.366 |   45.320 |   45.342 ||   -1.15   -0.13   -0.19   -0.17   -0.31   -0.31   -0.12   -0.25   -0.19   -0.29   -0.24
       med   |   46.665 |   45.815 |   46.031 |   46.257 |   46.357 |   45.856 |   45.873 |   46.304 |   46.311 |   46.716 |   45.672 |   46.209
512    32    |   84.197 |   84.405 |   84.255 |   84.328 |   84.386 |   84.394 |   84.385 |   84.377 |   84.394 |   84.577 |   84.414 |   84.190 ||   +0.25   +0.07   +0.16   +0.22   +0.23   +0.22   +0.21   +0.23   +0.45   +0.26   -0.01
       med   |   85.689 |   84.618 |   85.526 |   85.729 |   85.362 |   85.560 |   84.997 |   85.812 |   85.077 |   86.525 |   85.490 |   85.306
1024   64    |  161.852 |  162.038 |  161.879 |  161.837 |  162.000 |  161.935 |  161.904 |  161.892 |  161.781 |  161.988 |  162.078 |  161.632 ||   +0.11   +0.02   -0.01   +0.09   +0.05   +0.03   +0.02   -0.04   +0.08   +0.14   -0.14
       med   |  163.679 |  162.958 |  163.850 |  163.363 |  165.351 |  163.636 |  163.192 |  164.970 |  164.308 |  163.719 |  164.179 |  163.251
4096   256   |  628.177 |  628.658 |  628.175 |  628.703 |  628.705 |  628.642 |  628.846 |  628.828 |  628.764 |  628.843 |  628.832 |  628.657 ||   +0.08   -0.00   +0.08   +0.08   +0.07   +0.11   +0.10   +0.09   +0.11   +0.10   +0.08
       med   |  631.780 |  631.100 |  631.961 |  631.286 |  630.193 |  630.615 |  631.649 |  630.390 |  630.917 |  630.734 |  630.557 |  632.914
=== process binX.order3.3
SELFCHECK OK (256 whole-block lengths 1..256 blk x 12 variants; out/Xi/ivec/ret byte-identical, nothing written past 16*nblk)
bytes  blks  |     base |       c5 |       d5 |       d4 |      cl4 |       kb |     dsp0 |   baseAA |       w1 |     w1AA |       c3 |     c3AA ||      c5%      d5%      d4%     cl4%      kb%    dsp0%  baseAA%      w1%    w1AA%      c3%    c3AA%
16     1     |   25.320 |   12.520 |   12.557 |   12.526 |   12.555 |   12.572 |   25.436 |   25.357 |   12.571 |   12.571 |   12.516 |   12.520 ||  -50.55  -50.41  -50.53  -50.42  -50.35   +0.46   +0.14  -50.35  -50.35  -50.57  -50.56
       med   |   25.658 |   12.558 |   12.562 |   12.563 |   12.561 |   12.610 |   25.713 |   25.608 |   12.617 |   12.611 |   12.588 |   12.588
32     2     |   23.421 |   13.201 |   13.192 |   13.181 |   13.204 |   13.238 |   23.366 |   23.362 |   13.242 |   13.242 |   13.186 |   13.203 ||  -43.64  -43.68  -43.72  -43.63  -43.48   -0.24   -0.25  -43.46  -43.46  -43.70  -43.63
       med   |   24.082 |   13.329 |   13.198 |   13.187 |   13.209 |   13.320 |   23.952 |   23.505 |   13.246 |   13.246 |   13.208 |   13.208
48     3     |   24.238 |   15.169 |   15.090 |   15.089 |   15.087 |   15.113 |   24.220 |   24.247 |   15.190 |   15.187 |   15.101 |   15.093 ||  -37.42  -37.74  -37.75  -37.75  -37.65   -0.07   +0.04  -37.33  -37.34  -37.70  -37.73
       med   |   24.765 |   15.236 |   15.226 |   15.145 |   15.121 |   15.338 |   24.815 |   24.446 |   15.393 |   15.221 |   15.153 |   15.150
64     4     |   25.133 |   18.281 |   18.272 |   18.259 |   18.344 |   18.370 |   25.117 |   25.113 |   18.633 |   18.629 |   18.264 |   18.270 ||  -27.26  -27.30  -27.35  -27.01  -26.91   -0.07   -0.08  -25.86  -25.88  -27.33  -27.31
       med   |   25.698 |   18.932 |   18.324 |   18.525 |   18.362 |   18.576 |   25.654 |   25.221 |   18.682 |   18.652 |   18.304 |   18.656
80     5     |   25.992 |   25.985 |   25.994 |   25.987 |   25.999 |   25.992 |   25.993 |   25.986 |   25.991 |   25.992 |   25.987 |   25.995 ||   -0.03   +0.01   -0.02   +0.02   -0.00   +0.00   -0.02   -0.00   +0.00   -0.02   +0.01
       med   |   26.334 |   26.021 |   26.550 |   26.042 |   26.458 |   26.454 |   26.248 |   26.104 |   26.463 |   26.797 |   26.023 |   26.168
96     6     |   26.931 |   26.928 |   26.918 |   26.922 |   26.926 |   26.916 |   26.922 |   26.864 |   26.927 |   26.928 |   26.915 |   26.913 ||   -0.01   -0.05   -0.03   -0.02   -0.05   -0.03   -0.25   -0.01   -0.01   -0.06   -0.07
       med   |   27.474 |   26.973 |   27.374 |   27.218 |   27.242 |   27.028 |   27.112 |   26.993 |   27.243 |   27.827 |   27.023 |   27.033
112    7     |   27.453 |   27.405 |   27.516 |   27.516 |   27.518 |   27.515 |   27.524 |   27.431 |   27.519 |   27.522 |   27.513 |   27.484 ||   -0.17   +0.23   +0.23   +0.24   +0.23   +0.26   -0.08   +0.24   +0.25   +0.22   +0.11
       med   |   27.498 |   27.519 |   28.147 |   27.636 |   27.938 |   27.850 |   28.015 |   27.818 |   27.564 |   28.462 |   27.616 |   27.580
128    8     |   25.516 |   25.580 |   25.587 |   25.584 |   25.590 |   25.588 |   25.594 |   25.547 |   25.584 |   25.602 |   25.582 |   25.575 ||   +0.25   +0.28   +0.27   +0.29   +0.28   +0.30   +0.12   +0.27   +0.33   +0.26   +0.23
       med   |   26.133 |   25.623 |   26.048 |   25.626 |   25.782 |   25.903 |   26.129 |   25.758 |   26.121 |   26.410 |   25.614 |   25.751
256    16    |   45.493 |   45.356 |   45.315 |   45.354 |   45.376 |   45.379 |   45.377 |   45.378 |   45.147 |   45.385 |   45.367 |   45.355 ||   -0.30   -0.39   -0.30   -0.26   -0.25   -0.25   -0.25   -0.76   -0.24   -0.28   -0.30
       med   |   46.533 |   45.727 |   45.882 |   45.904 |   46.201 |   46.363 |   46.278 |   46.201 |   45.945 |   46.715 |   46.127 |   46.187
512    32    |   84.352 |   84.357 |   84.338 |   84.393 |   84.355 |   84.369 |   84.333 |   84.303 |   84.389 |   84.521 |   84.404 |   84.390 ||   +0.01   -0.02   +0.05   +0.00   +0.02   -0.02   -0.06   +0.04   +0.20   +0.06   +0.05
       med   |   84.724 |   84.624 |   85.803 |   85.477 |   85.774 |   85.740 |   85.282 |   85.275 |   86.082 |   86.374 |   84.924 |   85.737
1024   64    |  161.811 |  162.043 |  161.590 |  162.002 |  162.037 |  161.256 |  161.938 |  161.952 |  161.860 |  162.465 |  161.774 |  161.971 ||   +0.14   -0.14   +0.12   +0.14   -0.34   +0.08   +0.09   +0.03   +0.40   -0.02   +0.10
       med   |  163.468 |  163.511 |  163.937 |  163.557 |  164.492 |  163.148 |  163.232 |  166.066 |  163.035 |  165.811 |  162.525 |  164.177
4096   256   |  628.203 |  628.738 |  628.662 |  628.803 |  628.809 |  628.539 |  628.781 |  628.659 |  628.626 |  628.894 |  628.358 |  628.441 ||   +0.09   +0.07   +0.10   +0.10   +0.05   +0.09   +0.07   +0.07   +0.11   +0.02   +0.04
       med   |  631.905 |  630.861 |  630.251 |  631.567 |  630.157 |  630.264 |  631.452 |  630.245 |  630.519 |  630.530 |  630.609 |  632.702
=== process binX.order3.4
SELFCHECK OK (256 whole-block lengths 1..256 blk x 12 variants; out/Xi/ivec/ret byte-identical, nothing written past 16*nblk)
bytes  blks  |     base |       c5 |       d5 |       d4 |      cl4 |       kb |     dsp0 |   baseAA |       w1 |     w1AA |       c3 |     c3AA ||      c5%      d5%      d4%     cl4%      kb%    dsp0%  baseAA%      w1%    w1AA%      c3%    c3AA%
16     1     |   25.464 |   12.521 |   12.548 |   12.502 |   12.554 |   12.572 |   24.725 |   23.713 |   12.569 |   12.571 |   12.515 |   12.526 ||  -50.83  -50.72  -50.90  -50.70  -50.63   -2.90   -6.88  -50.64  -50.63  -50.85  -50.81
       med   |   25.810 |   12.530 |   12.562 |   12.562 |   12.560 |   12.611 |   25.842 |   25.888 |   12.614 |   12.611 |   12.586 |   12.588
32     2     |   23.359 |   13.201 |   13.191 |   13.174 |   13.202 |   13.238 |   23.391 |   23.416 |   13.242 |   13.241 |   13.186 |   13.204 ||  -43.49  -43.53  -43.60  -43.48  -43.33   +0.13   +0.24  -43.31  -43.32  -43.55  -43.48
       med   |   23.705 |   13.330 |   13.198 |   13.187 |   13.210 |   13.320 |   23.963 |   23.748 |   13.246 |   13.246 |   13.207 |   13.209
48     3     |   24.254 |   15.177 |   15.103 |   15.107 |   15.095 |   15.101 |   24.222 |   24.256 |   15.194 |   15.192 |   15.090 |   15.096 ||  -37.42  -37.73  -37.71  -37.76  -37.74   -0.13   +0.01  -37.35  -37.36  -37.78  -37.76
       med   |   24.810 |   15.265 |   15.220 |   15.174 |   15.139 |   15.238 |   24.813 |   24.597 |   15.398 |   15.230 |   15.174 |   15.178
64     4     |   25.146 |   18.287 |   18.267 |   18.267 |   18.337 |   18.373 |   25.136 |   25.137 |   18.627 |   18.625 |   18.265 |   18.269 ||  -27.28  -27.36  -27.35  -27.08  -26.93   -0.04   -0.04  -25.92  -25.93  -27.36  -27.35
       med   |   25.896 |   18.937 |   18.320 |   18.525 |   18.363 |   18.565 |   25.443 |   25.436 |   18.651 |   18.652 |   18.309 |   18.722
80     5     |   25.993 |   25.989 |   25.995 |   25.988 |   26.000 |   26.012 |   25.998 |   25.984 |   25.993 |   25.995 |   25.995 |   25.996 ||   -0.02   +0.01   -0.02   +0.03   +0.07   +0.02   -0.04   +0.00   +0.01   +0.01   +0.01
       med   |   26.780 |   26.025 |   26.365 |   26.057 |   26.736 |   26.526 |   26.552 |   26.288 |   26.503 |   26.641 |   26.210 |   26.211
96     6     |   26.935 |   26.910 |   26.918 |   26.932 |   26.923 |   26.932 |   26.915 |   26.857 |   26.922 |   26.919 |   26.912 |   26.926 ||   -0.09   -0.06   -0.01   -0.05   -0.01   -0.07   -0.29   -0.05   -0.06   -0.09   -0.03
       med   |   27.578 |   26.976 |   27.430 |   27.216 |   27.227 |   27.254 |   27.263 |   26.995 |   27.592 |   27.821 |   26.961 |   27.041
112    7     |   27.463 |   27.404 |   27.512 |   27.517 |   27.557 |   27.513 |   27.532 |   27.423 |   27.521 |   27.532 |   27.518 |   27.474 ||   -0.21   +0.18   +0.20   +0.34   +0.18   +0.25   -0.14   +0.21   +0.25   +0.20   +0.04
       med   |   28.135 |   27.519 |   27.860 |   27.794 |   28.284 |   27.906 |   28.022 |   28.053 |   27.867 |   28.544 |   27.553 |   27.589
128    8     |   25.515 |   25.590 |   25.600 |   25.582 |   25.564 |   25.595 |   25.591 |   25.549 |   25.589 |   25.601 |   25.576 |   25.579 ||   +0.29   +0.33   +0.26   +0.19   +0.31   +0.30   +0.13   +0.29   +0.34   +0.24   +0.25
       med   |   26.256 |   25.623 |   26.037 |   26.010 |   26.064 |   26.026 |   26.011 |   25.702 |   25.879 |   26.412 |   25.612 |   25.757
256    16    |   45.580 |   45.359 |   45.352 |   45.322 |   45.372 |   45.331 |   45.429 |   45.475 |   45.347 |   45.364 |   45.380 |   45.340 ||   -0.49   -0.50   -0.56   -0.46   -0.55   -0.33   -0.23   -0.51   -0.47   -0.44   -0.53
       med   |   46.719 |   45.868 |   45.690 |   46.186 |   46.379 |   45.923 |   46.370 |   46.297 |   46.430 |   46.301 |   46.284 |   46.057
512    32    |   84.403 |   84.437 |   84.237 |   84.446 |   84.367 |   84.382 |   84.350 |   84.299 |   84.380 |   84.341 |   84.416 |   84.375 ||   +0.04   -0.20   +0.05   -0.04   -0.03   -0.06   -0.12   -0.03   -0.07   +0.02   -0.03
       med   |   85.690 |   84.631 |   85.852 |   85.997 |   86.044 |   85.439 |   85.325 |   85.344 |   84.965 |   85.704 |   85.115 |   85.300
1024   64    |  161.899 |  162.071 |  161.851 |  161.829 |  161.980 |  161.982 |  161.951 |  161.984 |  161.852 |  162.028 |  162.107 |  161.821 ||   +0.11   -0.03   -0.04   +0.05   +0.05   +0.03   +0.05   -0.03   +0.08   +0.13   -0.05
       med   |  164.858 |  163.522 |  165.298 |  163.465 |  164.441 |  163.314 |  162.802 |  164.388 |  163.984 |  165.729 |  164.477 |  163.025
4096   256   |  628.187 |  628.607 |  628.761 |  628.819 |  628.700 |  628.688 |  628.773 |  628.535 |  628.604 |  628.794 |  628.829 |  628.749 ||   +0.07   +0.09   +0.10   +0.08   +0.08   +0.09   +0.06   +0.07   +0.10   +0.10   +0.09
       med   |  632.111 |  631.223 |  632.755 |  631.168 |  629.947 |  631.379 |  631.201 |  631.948 |  632.065 |  630.637 |  630.564 |  631.891
=== process binX.order3.5
SELFCHECK OK (256 whole-block lengths 1..256 blk x 12 variants; out/Xi/ivec/ret byte-identical, nothing written past 16*nblk)
bytes  blks  |     base |       c5 |       d5 |       d4 |      cl4 |       kb |     dsp0 |   baseAA |       w1 |     w1AA |       c3 |     c3AA ||      c5%      d5%      d4%     cl4%      kb%    dsp0%  baseAA%      w1%    w1AA%      c3%    c3AA%
16     1     |   25.398 |   12.520 |   12.556 |   12.498 |   12.555 |   12.573 |   24.995 |   23.452 |   12.569 |   12.570 |   12.514 |   12.520 ||  -50.71  -50.56  -50.79  -50.57  -50.50   -1.59   -7.66  -50.51  -50.51  -50.73  -50.71
       med   |   25.653 |   12.529 |   12.563 |   12.562 |   12.560 |   12.610 |   25.937 |   25.650 |   12.614 |   12.612 |   12.585 |   12.588
32     2     |   23.415 |   13.202 |   13.192 |   13.175 |   13.203 |   13.240 |   23.376 |   23.373 |   13.240 |   13.243 |   13.185 |   13.202 ||  -43.62  -43.66  -43.73  -43.61  -43.46   -0.16   -0.18  -43.45  -43.44  -43.69  -43.62
       med   |   24.184 |   13.330 |   13.198 |   13.187 |   13.209 |   13.320 |   23.974 |   23.752 |   13.246 |   13.380 |   13.207 |   13.208
48     3     |   24.274 |   15.173 |   15.096 |   15.098 |   15.081 |   15.119 |   24.218 |   24.233 |   15.186 |   15.188 |   15.079 |   15.100 ||  -37.49  -37.81  -37.80  -37.87  -37.72   -0.23   -0.17  -37.44  -37.43  -37.88  -37.79
       med   |   24.982 |   15.234 |   15.234 |   15.152 |   15.124 |   15.342 |   24.913 |   24.601 |   15.395 |   15.227 |   15.149 |   15.165
64     4     |   25.149 |   18.287 |   18.267 |   18.255 |   18.337 |   18.375 |   25.146 |   25.101 |   18.629 |   18.627 |   18.265 |   18.268 ||  -27.28  -27.36  -27.41  -27.09  -26.93   -0.01   -0.19  -25.93  -25.93  -27.37  -27.36
       med   |   25.369 |   18.936 |   18.299 |   18.522 |   18.362 |   18.580 |   25.845 |   25.195 |   18.653 |   18.658 |   18.306 |   18.549
80     5     |   25.991 |   25.989 |   26.008 |   25.993 |   26.007 |   26.003 |   25.992 |   26.000 |   25.989 |   26.007 |   25.994 |   25.995 ||   -0.01   +0.07   +0.01   +0.06   +0.05   +0.01   +0.04   -0.01   +0.06   +0.02   +0.02
       med   |   26.794 |   26.032 |   26.597 |   26.063 |   26.737 |   26.515 |   26.283 |   26.523 |   26.320 |   26.889 |   26.020 |   26.177
96     6     |   26.947 |   26.930 |   26.938 |   26.936 |   26.929 |   26.937 |   26.925 |   26.869 |   26.924 |   26.935 |   26.916 |   26.913 ||   -0.06   -0.03   -0.04   -0.07   -0.04   -0.08   -0.29   -0.09   -0.04   -0.12   -0.13
       med   |   27.621 |   26.972 |   27.505 |   27.234 |   27.298 |   27.308 |   27.230 |   27.390 |   27.442 |   27.821 |   26.960 |   27.039
112    7     |   27.443 |   27.401 |   27.526 |   27.520 |   27.539 |   27.524 |   27.415 |   27.447 |   27.512 |   27.526 |   27.516 |   27.494 ||   -0.15   +0.30   +0.28   +0.35   +0.30   -0.10   +0.01   +0.25   +0.30   +0.27   +0.19
       med   |   27.762 |   27.520 |   28.202 |   27.579 |   28.284 |   27.973 |   27.781 |   28.036 |   27.818 |   28.273 |   27.629 |   27.592
128    8     |   25.521 |   25.578 |   25.598 |   25.595 |   25.593 |   25.592 |   25.593 |   25.561 |   25.585 |   25.594 |   25.585 |   25.588 ||   +0.22   +0.30   +0.29   +0.28   +0.28   +0.28   +0.16   +0.25   +0.28   +0.25   +0.26
       med   |   25.905 |   25.623 |   26.039 |   26.024 |   26.111 |   26.031 |   26.031 |   26.055 |   25.945 |   26.256 |   25.611 |   25.754
256    16    |   45.417 |   45.361 |   45.338 |   45.356 |   45.366 |   45.333 |   45.461 |   45.362 |   45.343 |   45.575 |   45.359 |   45.391 ||   -0.12   -0.17   -0.14   -0.11   -0.18   +0.10   -0.12   -0.16   +0.35   -0.13   -0.06
       med   |   46.698 |   45.869 |   45.789 |   46.136 |   46.442 |   46.355 |   46.325 |   45.768 |   46.335 |   46.709 |   46.244 |   46.111
512    32    |   84.389 |   84.449 |   84.400 |   84.419 |   84.377 |   84.343 |   84.392 |   84.365 |   84.382 |   84.458 |   84.420 |   84.364 ||   +0.07   +0.01   +0.04   -0.01   -0.05   +0.00   -0.03   -0.01   +0.08   +0.04   -0.03
       med   |   85.543 |   84.717 |   85.377 |   85.312 |   85.335 |   84.984 |   85.927 |   85.870 |   85.021 |   85.539 |   85.412 |   85.276
1024   64    |  161.854 |  161.587 |  161.862 |  162.029 |  161.926 |  161.935 |  161.933 |  161.950 |  161.936 |  162.093 |  162.087 |  161.744 ||   -0.17   +0.00   +0.11   +0.04   +0.05   +0.05   +0.06   +0.05   +0.15   +0.14   -0.07
       med   |  164.589 |  163.221 |  164.044 |  163.988 |  163.985 |  163.572 |  165.290 |  165.341 |  163.277 |  164.100 |  163.357 |  163.298
4096   256   |  628.239 |  628.591 |  628.068 |  628.558 |  628.778 |  628.651 |  628.767 |  628.446 |  628.659 |  628.768 |  628.801 |  628.535 ||   +0.06   -0.03   +0.05   +0.09   +0.07   +0.08   +0.03   +0.07   +0.08   +0.09   +0.05
       med   |  630.948 |  631.067 |  630.235 |  631.407 |  629.984 |  630.390 |  630.384 |  630.193 |  631.684 |  630.351 |  630.523 |  632.001
