## bin=binX host=gv5 core=3 reps=300 nproc=5
## O1: base baseAA w1 w1AA c3 c3AA c5 d5 d4 cl4 kb dsp0
## O2: base dsp0 kb cl4 d4 d5 c5 c3AA c3 w1AA w1 baseAA
## O3: base c5 d5 d4 cl4 kb dsp0 baseAA w1 w1AA c3 c3AA
=== process binX.order1.1
SELFCHECK OK (256 whole-block lengths 1..256 blk x 12 variants; out/Xi/ivec/ret byte-identical, nothing written past 16*nblk)
bytes  blks  |     base |   baseAA |       w1 |     w1AA |       c3 |     c3AA |       c5 |       d5 |       d4 |      cl4 |       kb |     dsp0 ||  baseAA%      w1%    w1AA%      c3%    c3AA%      c5%      d5%      d4%     cl4%      kb%    dsp0%
16     1     |   19.622 |   19.618 |   10.605 |   10.605 |   10.565 |   10.565 |   10.567 |   10.558 |   10.558 |   10.557 |   10.607 |   19.626 ||   -0.02  -45.96  -45.95  -46.16  -46.16  -46.15  -46.20  -46.20  -46.20  -45.95   +0.02
       med   |   19.641 |   19.647 |   10.607 |   10.607 |   10.569 |   10.569 |   10.572 |   10.562 |   10.562 |   10.561 |   10.609 |   19.650
32     2     |   19.645 |   19.645 |   11.277 |   11.276 |   11.236 |   11.229 |   11.232 |   11.215 |   11.183 |   11.205 |   11.271 |   19.652 ||   +0.00  -42.59  -42.60  -42.80  -42.84  -42.82  -42.91  -43.07  -42.96  -42.62   +0.04
       med   |   19.662 |   19.663 |   11.288 |   11.287 |   11.243 |   11.243 |   11.238 |   11.223 |   11.190 |   11.212 |   11.278 |   19.673
48     3     |   20.354 |   20.358 |   12.278 |   12.276 |   12.167 |   12.170 |   12.176 |   12.148 |   12.127 |   12.149 |   12.211 |   20.361 ||   +0.02  -39.68  -39.69  -40.22  -40.21  -40.18  -40.32  -40.42  -40.31  -40.01   +0.03
       med   |   20.378 |   20.379 |   12.290 |   12.290 |   12.179 |   12.180 |   12.185 |   12.158 |   12.137 |   12.162 |   12.224 |   20.382
64     4     |   20.954 |   20.946 |   14.765 |   14.768 |   14.532 |   14.533 |   14.542 |   14.450 |   14.469 |   14.462 |   14.581 |   20.920 ||   -0.04  -29.54  -29.52  -30.65  -30.64  -30.60  -31.04  -30.95  -30.98  -30.41   -0.16
       med   |   20.975 |   20.973 |   14.788 |   14.787 |   14.549 |   14.550 |   14.558 |   14.467 |   14.486 |   14.476 |   14.602 |   20.978
80     5     |   21.600 |   21.606 |   21.610 |   21.606 |   21.600 |   21.613 |   21.604 |   21.593 |   21.591 |   21.585 |   21.597 |   21.595 ||   +0.02   +0.04   +0.03   -0.00   +0.06   +0.02   -0.04   -0.04   -0.07   -0.02   -0.02
       med   |   21.629 |   21.627 |   21.634 |   21.636 |   21.636 |   21.635 |   21.634 |   21.620 |   21.624 |   21.619 |   21.626 |   21.619
96     6     |   22.373 |   22.370 |   22.386 |   22.401 |   22.395 |   22.397 |   22.397 |   22.316 |   22.339 |   22.316 |   22.335 |   22.310 ||   -0.01   +0.06   +0.13   +0.10   +0.11   +0.11   -0.26   -0.15   -0.26   -0.17   -0.28
       med   |   22.406 |   22.408 |   22.430 |   22.428 |   22.428 |   22.428 |   22.429 |   22.368 |   22.370 |   22.367 |   22.370 |   22.367
112    7     |   22.839 |   22.845 |   22.858 |   22.862 |   22.868 |   22.857 |   22.863 |   22.748 |   22.753 |   22.752 |   22.749 |   22.751 ||   +0.02   +0.08   +0.10   +0.13   +0.08   +0.10   -0.40   -0.38   -0.38   -0.39   -0.38
       med   |   22.873 |   22.881 |   22.900 |   22.898 |   22.901 |   22.898 |   22.899 |   22.781 |   22.783 |   22.783 |   22.784 |   22.782
128    8     |   21.458 |   21.454 |   21.465 |   21.461 |   21.460 |   21.460 |   21.461 |   21.458 |   21.457 |   21.465 |   21.457 |   21.458 ||   -0.02   +0.03   +0.01   +0.01   +0.01   +0.01   +0.00   -0.01   +0.03   -0.01   +0.00
       med   |   21.480 |   21.479 |   21.487 |   21.487 |   21.485 |   21.486 |   21.485 |   21.487 |   21.485 |   21.486 |   21.485 |   21.487
256    16    |   38.170 |   38.178 |   38.172 |   38.176 |   38.175 |   38.167 |   38.172 |   38.176 |   38.178 |   38.174 |   38.174 |   38.167 ||   +0.02   +0.01   +0.02   +0.01   -0.01   +0.01   +0.02   +0.02   +0.01   +0.01   -0.01
       med   |   38.207 |   38.210 |   38.210 |   38.210 |   38.213 |   38.209 |   38.210 |   38.214 |   38.210 |   38.213 |   38.210 |   38.216
512    32    |   71.095 |   71.112 |   71.112 |   71.120 |   71.121 |   71.123 |   71.123 |   71.119 |   71.125 |   71.125 |   71.125 |   71.129 ||   +0.02   +0.02   +0.03   +0.04   +0.04   +0.04   +0.03   +0.04   +0.04   +0.04   +0.05
       med   |   71.149 |   71.154 |   71.170 |   71.167 |   71.168 |   71.169 |   71.168 |   71.185 |   71.169 |   71.173 |   71.168 |   71.178
1024   64    |  138.506 |  138.494 |  138.519 |  138.500 |  138.524 |  138.526 |  138.519 |  138.497 |  138.493 |  138.498 |  138.507 |  138.500 ||   -0.01   +0.01   -0.01   +0.01   +0.01   +0.01   -0.01   -0.01   -0.01   +0.00   -0.01
       med   |  138.533 |  138.544 |  138.549 |  138.552 |  138.549 |  138.554 |  138.548 |  138.601 |  138.546 |  138.575 |  138.558 |  138.612
4096   256   |  546.856 |  546.859 |  546.882 |  546.875 |  546.856 |  546.869 |  546.871 |  546.867 |  546.827 |  546.865 |  546.865 |  546.870 ||   +0.00   +0.00   +0.00   +0.00   +0.00   +0.00   +0.00   -0.01   +0.00   +0.00   +0.00
       med   |  547.093 |  547.082 |  547.113 |  547.109 |  547.059 |  547.091 |  547.084 |  547.092 |  547.098 |  547.067 |  547.072 |  547.085
=== process binX.order1.2
SELFCHECK OK (256 whole-block lengths 1..256 blk x 12 variants; out/Xi/ivec/ret byte-identical, nothing written past 16*nblk)
bytes  blks  |     base |   baseAA |       w1 |     w1AA |       c3 |     c3AA |       c5 |       d5 |       d4 |      cl4 |       kb |     dsp0 ||  baseAA%      w1%    w1AA%      c3%    c3AA%      c5%      d5%      d4%     cl4%      kb%    dsp0%
16     1     |   19.620 |   19.624 |   10.605 |   10.605 |   10.565 |   10.565 |   10.567 |   10.558 |   10.558 |   10.556 |   10.607 |   19.625 ||   +0.02  -45.95  -45.95  -46.15  -46.15  -46.14  -46.19  -46.19  -46.20  -45.94   +0.02
       med   |   19.649 |   19.642 |   10.607 |   10.607 |   10.569 |   10.569 |   10.572 |   10.562 |   10.562 |   10.560 |   10.608 |   19.646
32     2     |   19.641 |   19.646 |   11.277 |   11.275 |   11.238 |   11.228 |   11.231 |   11.215 |   11.184 |   11.206 |   11.272 |   19.655 ||   +0.02  -42.58  -42.59  -42.79  -42.84  -42.82  -42.90  -43.06  -42.95  -42.61   +0.07
       med   |   19.662 |   19.662 |   11.288 |   11.287 |   11.244 |   11.243 |   11.238 |   11.223 |   11.190 |   11.212 |   11.278 |   19.673
48     3     |   20.355 |   20.359 |   12.278 |   12.280 |   12.169 |   12.169 |   12.177 |   12.146 |   12.125 |   12.148 |   12.212 |   20.360 ||   +0.02  -39.68  -39.67  -40.22  -40.22  -40.18  -40.33  -40.43  -40.32  -40.01   +0.03
       med   |   20.378 |   20.380 |   12.291 |   12.291 |   12.180 |   12.180 |   12.185 |   12.158 |   12.137 |   12.163 |   12.224 |   20.385
64     4     |   20.948 |   20.954 |   14.769 |   14.764 |   14.534 |   14.532 |   14.543 |   14.454 |   14.471 |   14.457 |   14.581 |   20.926 ||   +0.03  -29.50  -29.52  -30.62  -30.63  -30.58  -31.00  -30.92  -30.99  -30.39   -0.11
       med   |   20.977 |   20.973 |   14.788 |   14.788 |   14.551 |   14.551 |   14.557 |   14.467 |   14.487 |   14.476 |   14.601 |   20.980
80     5     |   21.600 |   21.603 |   21.604 |   21.610 |   21.607 |   21.611 |   21.611 |   21.579 |   21.595 |   21.586 |   21.587 |   21.586 ||   +0.02   +0.02   +0.05   +0.03   +0.05   +0.05   -0.10   -0.02   -0.06   -0.06   -0.07
       med   |   21.627 |   21.626 |   21.634 |   21.634 |   21.635 |   21.633 |   21.636 |   21.616 |   21.621 |   21.619 |   21.621 |   21.620
96     6     |   22.377 |   22.365 |   22.385 |   22.386 |   22.397 |   22.395 |   22.394 |   22.313 |   22.337 |   22.311 |   22.336 |   22.313 ||   -0.05   +0.04   +0.04   +0.09   +0.08   +0.08   -0.28   -0.18   -0.29   -0.18   -0.29
       med   |   22.408 |   22.407 |   22.429 |   22.428 |   22.430 |   22.429 |   22.429 |   22.367 |   22.370 |   22.367 |   22.369 |   22.367
112    7     |   22.836 |   22.845 |   22.844 |   22.866 |   22.863 |   22.860 |   22.862 |   22.755 |   22.753 |   22.757 |   22.755 |   22.756 ||   +0.04   +0.03   +0.13   +0.12   +0.10   +0.11   -0.36   -0.37   -0.35   -0.35   -0.35
       med   |   22.875 |   22.882 |   22.901 |   22.899 |   22.900 |   22.898 |   22.900 |   22.782 |   22.782 |   22.783 |   22.783 |   22.784
128    8     |   21.456 |   21.455 |   21.453 |   21.456 |   21.452 |   21.456 |   21.461 |   21.457 |   21.455 |   21.461 |   21.462 |   21.459 ||   -0.01   -0.02   +0.00   -0.02   +0.00   +0.02   +0.00   -0.01   +0.02   +0.03   +0.01
       med   |   21.481 |   21.480 |   21.485 |   21.485 |   21.484 |   21.484 |   21.486 |   21.486 |   21.485 |   21.486 |   21.484 |   21.486
256    16    |   38.170 |   38.164 |   38.173 |   38.177 |   38.175 |   38.165 |   38.170 |   38.174 |   38.178 |   38.175 |   38.168 |   38.172 ||   -0.02   +0.01   +0.02   +0.01   -0.01   -0.00   +0.01   +0.02   +0.01   -0.00   +0.01
       med   |   38.207 |   38.210 |   38.209 |   38.210 |   38.211 |   38.210 |   38.213 |   38.214 |   38.209 |   38.215 |   38.210 |   38.215
512    32    |   71.105 |   71.106 |   71.119 |   71.113 |   71.115 |   71.121 |   71.118 |   71.118 |   71.117 |   71.121 |   71.115 |   71.117 ||   +0.00   +0.02   +0.01   +0.01   +0.02   +0.02   +0.02   +0.02   +0.02   +0.01   +0.02
       med   |   71.144 |   71.150 |   71.164 |   71.166 |   71.163 |   71.165 |   71.166 |   71.174 |   71.166 |   71.179 |   71.165 |   71.174
1024   64    |  138.497 |  138.498 |  138.520 |  138.513 |  138.528 |  138.513 |  138.524 |  138.494 |  138.496 |  138.507 |  138.498 |  138.501 ||   +0.00   +0.02   +0.01   +0.02   +0.01   +0.02   -0.00   -0.00   +0.01   +0.00   +0.00
       med   |  138.544 |  138.550 |  138.561 |  138.561 |  138.563 |  138.564 |  138.561 |  138.601 |  138.569 |  138.617 |  138.562 |  138.585
4096   256   |  546.854 |  546.857 |  546.882 |  546.893 |  546.841 |  546.893 |  546.862 |  546.857 |  546.865 |  546.891 |  546.887 |  546.862 ||   +0.00   +0.01   +0.01   -0.00   +0.01   +0.00   +0.00   +0.00   +0.01   +0.01   +0.00
       med   |  547.073 |  547.102 |  547.110 |  547.129 |  547.078 |  547.073 |  547.123 |  547.167 |  547.137 |  547.160 |  547.087 |  547.074
=== process binX.order1.3
SELFCHECK OK (256 whole-block lengths 1..256 blk x 12 variants; out/Xi/ivec/ret byte-identical, nothing written past 16*nblk)
bytes  blks  |     base |   baseAA |       w1 |     w1AA |       c3 |     c3AA |       c5 |       d5 |       d4 |      cl4 |       kb |     dsp0 ||  baseAA%      w1%    w1AA%      c3%    c3AA%      c5%      d5%      d4%     cl4%      kb%    dsp0%
16     1     |   19.619 |   19.619 |   10.605 |   10.605 |   10.566 |   10.566 |   10.568 |   10.558 |   10.558 |   10.556 |   10.607 |   19.617 ||   -0.00  -45.95  -45.95  -46.15  -46.15  -46.14  -46.18  -46.19  -46.20  -45.94   -0.01
       med   |   19.640 |   19.643 |   10.607 |   10.607 |   10.569 |   10.569 |   10.572 |   10.562 |   10.562 |   10.560 |   10.608 |   19.644
32     2     |   19.643 |   19.645 |   11.279 |   11.277 |   11.237 |   11.227 |   11.231 |   11.215 |   11.183 |   11.204 |   11.272 |   19.654 ||   +0.01  -42.58  -42.59  -42.79  -42.84  -42.82  -42.91  -43.07  -42.96  -42.62   +0.06
       med   |   19.662 |   19.663 |   11.288 |   11.287 |   11.244 |   11.243 |   11.238 |   11.224 |   11.190 |   11.212 |   11.278 |   19.673
48     3     |   20.360 |   20.357 |   12.279 |   12.276 |   12.170 |   12.169 |   12.175 |   12.148 |   12.126 |   12.148 |   12.214 |   20.363 ||   -0.02  -39.69  -39.71  -40.23  -40.23  -40.20  -40.33  -40.44  -40.34  -40.01   +0.01
       med   |   20.377 |   20.377 |   12.291 |   12.290 |   12.179 |   12.180 |   12.185 |   12.157 |   12.137 |   12.162 |   12.224 |   20.382
64     4     |   20.953 |   20.949 |   14.770 |   14.760 |   14.535 |   14.533 |   14.539 |   14.450 |   14.471 |   14.458 |   14.585 |   20.926 ||   -0.02  -29.51  -29.56  -30.63  -30.64  -30.61  -31.03  -30.94  -31.00  -30.39   -0.13
       med   |   20.975 |   20.973 |   14.788 |   14.787 |   14.550 |   14.551 |   14.558 |   14.465 |   14.487 |   14.476 |   14.603 |   20.979
80     5     |   21.598 |   21.602 |   21.608 |   21.610 |   21.609 |   21.612 |   21.611 |   21.590 |   21.595 |   21.591 |   21.588 |   21.591 ||   +0.02   +0.04   +0.05   +0.05   +0.06   +0.06   -0.04   -0.02   -0.04   -0.05   -0.03
       med   |   21.627 |   21.626 |   21.636 |   21.634 |   21.636 |   21.635 |   21.636 |   21.618 |   21.619 |   21.620 |   21.620 |   21.620
96     6     |   22.375 |   22.374 |   22.395 |   22.398 |   22.392 |   22.393 |   22.393 |   22.314 |   22.341 |   22.311 |   22.346 |   22.316 ||   -0.01   +0.09   +0.10   +0.08   +0.08   +0.08   -0.27   -0.15   -0.29   -0.13   -0.26
       med   |   22.407 |   22.409 |   22.428 |   22.428 |   22.429 |   22.429 |   22.430 |   22.367 |   22.370 |   22.366 |   22.370 |   22.367
112    7     |   22.834 |   22.846 |   22.855 |   22.867 |   22.861 |   22.859 |   22.864 |   22.754 |   22.756 |   22.756 |   22.757 |   22.751 ||   +0.05   +0.09   +0.14   +0.11   +0.11   +0.13   -0.35   -0.34   -0.34   -0.34   -0.37
       med   |   22.873 |   22.881 |   22.899 |   22.898 |   22.899 |   22.899 |   22.897 |   22.784 |   22.782 |   22.784 |   22.782 |   22.783
128    8     |   21.456 |   21.456 |   21.458 |   21.454 |   21.455 |   21.460 |   21.458 |   21.463 |   21.454 |   21.460 |   21.460 |   21.445 ||   +0.00   +0.01   -0.01   -0.00   +0.02   +0.01   +0.04   -0.01   +0.02   +0.02   -0.05
       med   |   21.480 |   21.479 |   21.484 |   21.484 |   21.484 |   21.482 |   21.484 |   21.486 |   21.482 |   21.486 |   21.484 |   21.486
256    16    |   38.160 |   37.927 |   38.172 |   38.174 |   38.179 |   38.177 |   38.172 |   38.179 |   38.175 |   38.171 |   38.177 |   38.178 ||   -0.61   +0.03   +0.04   +0.05   +0.05   +0.03   +0.05   +0.04   +0.03   +0.05   +0.05
       med   |   38.208 |   38.210 |   38.211 |   38.213 |   38.211 |   38.211 |   38.212 |   38.215 |   38.212 |   38.215 |   38.212 |   38.216
512    32    |   71.106 |   71.109 |   71.112 |   71.112 |   71.118 |   71.115 |   71.121 |   71.132 |   71.125 |   71.132 |   71.127 |   71.130 ||   +0.00   +0.01   +0.01   +0.02   +0.01   +0.02   +0.04   +0.03   +0.04   +0.03   +0.03
       med   |   71.144 |   71.153 |   71.166 |   71.167 |   71.164 |   71.165 |   71.167 |   71.174 |   71.166 |   71.182 |   71.166 |   71.174
1024   64    |  138.498 |  138.495 |  138.530 |  138.522 |  138.527 |  138.520 |  138.514 |  138.501 |  138.503 |  138.502 |  138.510 |  138.508 ||   -0.00   +0.02   +0.02   +0.02   +0.02   +0.01   +0.00   +0.00   +0.00   +0.01   +0.01
       med   |  138.553 |  138.556 |  138.566 |  138.562 |  138.565 |  138.566 |  138.566 |  138.595 |  138.567 |  138.601 |  138.581 |  138.613
4096   256   |  546.863 |  546.871 |  546.880 |  546.882 |  546.894 |  546.867 |  546.872 |  546.866 |  546.860 |  546.857 |  546.861 |  546.838 ||   +0.00   +0.00   +0.00   +0.01   +0.00   +0.00   +0.00   -0.00   -0.00   -0.00   -0.00
       med   |  547.079 |  547.082 |  547.114 |  547.132 |  547.093 |  547.115 |  547.097 |  547.111 |  547.101 |  547.093 |  547.085 |  547.090
=== process binX.order1.4
SELFCHECK OK (256 whole-block lengths 1..256 blk x 12 variants; out/Xi/ivec/ret byte-identical, nothing written past 16*nblk)
bytes  blks  |     base |   baseAA |       w1 |     w1AA |       c3 |     c3AA |       c5 |       d5 |       d4 |      cl4 |       kb |     dsp0 ||  baseAA%      w1%    w1AA%      c3%    c3AA%      c5%      d5%      d4%     cl4%      kb%    dsp0%
16     1     |   19.622 |   19.619 |   10.605 |   10.605 |   10.566 |   10.566 |   10.568 |   10.558 |   10.558 |   10.557 |   10.607 |   19.626 ||   -0.02  -45.95  -45.96  -46.15  -46.15  -46.14  -46.19  -46.20  -46.20  -45.95   +0.02
       med   |   19.641 |   19.640 |   10.607 |   10.607 |   10.570 |   10.570 |   10.572 |   10.562 |   10.562 |   10.560 |   10.609 |   19.646
32     2     |   19.645 |   19.646 |   11.279 |   11.276 |   11.238 |   11.228 |   11.232 |   11.215 |   11.184 |   11.205 |   11.272 |   19.651 ||   +0.01  -42.59  -42.60  -42.79  -42.84  -42.82  -42.91  -43.07  -42.96  -42.62   +0.03
       med   |   19.661 |   19.663 |   11.288 |   11.288 |   11.244 |   11.243 |   11.238 |   11.223 |   11.190 |   11.212 |   11.278 |   19.672
48     3     |   20.354 |   20.359 |   12.278 |   12.279 |   12.170 |   12.169 |   12.176 |   12.147 |   12.125 |   12.146 |   12.212 |   20.364 ||   +0.03  -39.68  -39.67  -40.21  -40.21  -40.18  -40.32  -40.43  -40.32  -40.00   +0.05
       med   |   20.378 |   20.380 |   12.291 |   12.290 |   12.179 |   12.180 |   12.185 |   12.158 |   12.137 |   12.162 |   12.224 |   20.383
64     4     |   20.957 |   20.946 |   14.771 |   14.767 |   14.530 |   14.531 |   14.538 |   14.449 |   14.471 |   14.454 |   14.582 |   20.926 ||   -0.05  -29.52  -29.54  -30.67  -30.66  -30.63  -31.05  -30.95  -31.03  -30.42   -0.15
       med   |   20.976 |   20.973 |   14.788 |   14.787 |   14.550 |   14.551 |   14.558 |   14.466 |   14.488 |   14.476 |   14.602 |   20.980
80     5     |   21.600 |   21.602 |   21.611 |   21.608 |   21.607 |   21.610 |   21.608 |   21.589 |   21.591 |   21.590 |   21.594 |   21.593 ||   +0.01   +0.05   +0.04   +0.04   +0.05   +0.04   -0.05   -0.04   -0.05   -0.03   -0.03
       med   |   21.628 |   21.627 |   21.635 |   21.632 |   21.634 |   21.635 |   21.635 |   21.618 |   21.621 |   21.619 |   21.621 |   21.620
96     6     |   22.378 |   22.368 |   22.395 |   22.392 |   22.396 |   22.385 |   22.398 |   22.321 |   22.336 |   22.317 |   22.336 |   22.310 ||   -0.04   +0.08   +0.07   +0.08   +0.03   +0.09   -0.25   -0.19   -0.27   -0.19   -0.30
       med   |   22.406 |   22.409 |   22.428 |   22.429 |   22.430 |   22.430 |   22.428 |   22.367 |   22.371 |   22.366 |   22.369 |   22.368
112    7     |   22.833 |   22.837 |   22.863 |   22.861 |   22.854 |   22.858 |   22.865 |   22.750 |   22.755 |   22.756 |   22.752 |   22.754 ||   +0.02   +0.13   +0.12   +0.09   +0.11   +0.14   -0.36   -0.34   -0.34   -0.36   -0.35
       med   |   22.874 |   22.880 |   22.899 |   22.900 |   22.899 |   22.900 |   22.901 |   22.785 |   22.784 |   22.783 |   22.783 |   22.784
128    8     |   21.450 |   21.457 |   21.459 |   21.460 |   21.460 |   21.447 |   21.461 |   21.456 |   21.459 |   21.460 |   21.458 |   21.454 ||   +0.04   +0.04   +0.05   +0.05   -0.01   +0.05   +0.03   +0.04   +0.05   +0.04   +0.02
       med   |   21.480 |   21.481 |   21.483 |   21.483 |   21.485 |   21.483 |   21.484 |   21.485 |   21.484 |   21.486 |   21.484 |   21.488
256    16    |   38.163 |   38.172 |   38.171 |   38.170 |   38.181 |   38.178 |   38.179 |   38.174 |   38.176 |   38.174 |   38.174 |   38.178 ||   +0.03   +0.02   +0.02   +0.05   +0.04   +0.04   +0.03   +0.03   +0.03   +0.03   +0.04
       med   |   38.206 |   38.210 |   38.211 |   38.211 |   38.211 |   38.209 |   38.211 |   38.213 |   38.212 |   38.215 |   38.210 |   38.217
512    32    |   71.103 |   71.100 |   71.123 |   71.134 |   71.124 |   71.120 |   71.121 |   71.124 |   71.121 |   71.122 |   71.128 |   71.131 ||   -0.00   +0.03   +0.04   +0.03   +0.02   +0.03   +0.03   +0.03   +0.03   +0.04   +0.04
       med   |   71.146 |   71.157 |   71.162 |   71.168 |   71.163 |   71.168 |   71.167 |   71.180 |   71.166 |   71.176 |   71.169 |   71.173
1024   64    |  138.496 |  138.495 |  138.519 |  138.522 |  138.535 |  138.528 |  138.525 |  138.501 |  138.506 |  138.508 |  138.505 |  138.506 ||   -0.00   +0.02   +0.02   +0.03   +0.02   +0.02   +0.00   +0.01   +0.01   +0.01   +0.01
       med   |  138.553 |  138.561 |  138.565 |  138.562 |  138.565 |  138.566 |  138.565 |  138.603 |  138.562 |  138.613 |  138.570 |  138.590
4096   256   |  546.822 |  546.877 |  546.859 |  546.876 |  546.871 |  546.849 |  546.866 |  546.874 |  546.853 |  546.850 |  546.883 |  546.856 ||   +0.01   +0.01   +0.01   +0.01   +0.00   +0.01   +0.01   +0.01   +0.01   +0.01   +0.01
       med   |  547.094 |  547.107 |  547.085 |  547.067 |  547.084 |  547.085 |  547.131 |  547.114 |  547.073 |  547.101 |  547.095 |  547.082
=== process binX.order1.5
SELFCHECK OK (256 whole-block lengths 1..256 blk x 12 variants; out/Xi/ivec/ret byte-identical, nothing written past 16*nblk)
bytes  blks  |     base |   baseAA |       w1 |     w1AA |       c3 |     c3AA |       c5 |       d5 |       d4 |      cl4 |       kb |     dsp0 ||  baseAA%      w1%    w1AA%      c3%    c3AA%      c5%      d5%      d4%     cl4%      kb%    dsp0%
16     1     |   19.621 |   19.621 |   10.605 |   10.605 |   10.565 |   10.566 |   10.566 |   10.558 |   10.558 |   10.556 |   10.607 |   19.618 ||   +0.00  -45.95  -45.95  -46.15  -46.15  -46.15  -46.19  -46.19  -46.20  -45.94   -0.01
       med   |   19.645 |   19.642 |   10.607 |   10.607 |   10.569 |   10.569 |   10.572 |   10.562 |   10.562 |   10.560 |   10.609 |   19.644
32     2     |   19.646 |   19.644 |   11.278 |   11.276 |   11.236 |   11.227 |   11.231 |   11.216 |   11.184 |   11.206 |   11.271 |   19.655 ||   -0.01  -42.60  -42.60  -42.81  -42.86  -42.84  -42.91  -43.08  -42.96  -42.63   +0.04
       med   |   19.661 |   19.663 |   11.287 |   11.287 |   11.244 |   11.243 |   11.238 |   11.223 |   11.190 |   11.212 |   11.278 |   19.672
48     3     |   20.355 |   20.355 |   12.277 |   12.279 |   12.169 |   12.170 |   12.175 |   12.149 |   12.125 |   12.149 |   12.213 |   20.365 ||   +0.00  -39.68  -39.68  -40.22  -40.21  -40.18  -40.32  -40.43  -40.31  -40.00   +0.05
       med   |   20.378 |   20.380 |   12.291 |   12.290 |   12.180 |   12.180 |   12.185 |   12.158 |   12.137 |   12.163 |   12.223 |   20.384
64     4     |   20.953 |   20.950 |   14.764 |   14.765 |   14.534 |   14.534 |   14.537 |   14.448 |   14.464 |   14.461 |   14.579 |   20.928 ||   -0.01  -29.54  -29.53  -30.63  -30.63  -30.62  -31.04  -30.97  -30.99  -30.42   -0.12
       med   |   20.976 |   20.972 |   14.788 |   14.787 |   14.550 |   14.550 |   14.557 |   14.466 |   14.487 |   14.475 |   14.602 |   20.980
80     5     |   21.602 |   21.602 |   21.610 |   21.608 |   21.613 |   21.608 |   21.613 |   21.587 |   21.593 |   21.590 |   21.598 |   21.583 ||   -0.00   +0.04   +0.03   +0.05   +0.03   +0.05   -0.07   -0.04   -0.06   -0.02   -0.09
       med   |   21.628 |   21.626 |   21.634 |   21.634 |   21.636 |   21.635 |   21.635 |   21.620 |   21.623 |   21.622 |   21.622 |   21.620
96     6     |   22.365 |   22.380 |   22.390 |   22.395 |   22.396 |   22.393 |   22.396 |   22.308 |   22.341 |   22.311 |   22.342 |   22.313 ||   +0.06   +0.11   +0.13   +0.14   +0.12   +0.14   -0.26   -0.11   -0.24   -0.11   -0.24
       med   |   22.408 |   22.408 |   22.428 |   22.429 |   22.428 |   22.427 |   22.429 |   22.366 |   22.370 |   22.366 |   22.370 |   22.367
112    7     |   22.835 |   22.846 |   22.855 |   22.851 |   22.864 |   22.858 |   22.859 |   22.754 |   22.757 |   22.751 |   22.753 |   22.750 ||   +0.05   +0.09   +0.07   +0.13   +0.10   +0.11   -0.35   -0.34   -0.36   -0.36   -0.37
       med   |   22.874 |   22.882 |   22.900 |   22.899 |   22.900 |   22.901 |   22.900 |   22.784 |   22.784 |   22.783 |   22.782 |   22.783
128    8     |   21.455 |   21.456 |   21.461 |   21.455 |   21.464 |   21.453 |   21.464 |   21.463 |   21.456 |   21.460 |   21.464 |   21.465 ||   +0.01   +0.03   +0.00   +0.04   -0.01   +0.04   +0.04   +0.00   +0.02   +0.04   +0.04
       med   |   21.481 |   21.480 |   21.487 |   21.485 |   21.487 |   21.484 |   21.486 |   21.488 |   21.485 |   21.488 |   21.486 |   21.486
256    16    |   38.174 |   38.168 |   38.176 |   38.172 |   38.180 |   38.162 |   38.178 |   38.176 |   38.175 |   38.179 |   38.179 |   38.177 ||   -0.02   +0.00   -0.01   +0.01   -0.03   +0.01   +0.00   +0.00   +0.01   +0.01   +0.01
       med   |   38.208 |   38.210 |   38.210 |   38.211 |   38.210 |   38.212 |   38.211 |   38.215 |   38.213 |   38.214 |   38.214 |   38.215
512    32    |   71.103 |   71.109 |   71.117 |   71.123 |   71.127 |   71.123 |   71.099 |   71.121 |   71.110 |   71.127 |   71.115 |   71.134 ||   +0.01   +0.02   +0.03   +0.03   +0.03   -0.01   +0.02   +0.01   +0.03   +0.02   +0.04
       med   |   71.146 |   71.153 |   71.162 |   71.167 |   71.165 |   71.167 |   71.165 |   71.180 |   71.163 |   71.180 |   71.167 |   71.174
1024   64    |  138.499 |  138.496 |  138.524 |  138.529 |  138.532 |  138.524 |  138.523 |  138.506 |  138.501 |  138.510 |  138.512 |  138.513 ||   -0.00   +0.02   +0.02   +0.02   +0.02   +0.02   +0.01   +0.00   +0.01   +0.01   +0.01
       med   |  138.555 |  138.554 |  138.563 |  138.562 |  138.562 |  138.563 |  138.561 |  138.607 |  138.564 |  138.600 |  138.574 |  138.607
4096   256   |  546.846 |  546.866 |  546.850 |  546.864 |  546.862 |  546.850 |  546.873 |  546.873 |  546.828 |  546.877 |  546.863 |  546.817 ||   +0.00   +0.00   +0.00   +0.00   +0.00   +0.00   +0.00   -0.00   +0.01   +0.00   -0.01
       med   |  547.011 |  547.038 |  547.071 |  547.130 |  547.110 |  547.062 |  547.042 |  547.069 |  547.063 |  547.114 |  547.119 |  547.074
=== process binX.order2.1
SELFCHECK OK (256 whole-block lengths 1..256 blk x 12 variants; out/Xi/ivec/ret byte-identical, nothing written past 16*nblk)
bytes  blks  |     base |     dsp0 |       kb |      cl4 |       d4 |       d5 |       c5 |     c3AA |       c3 |     w1AA |       w1 |   baseAA ||    dsp0%      kb%     cl4%      d4%      d5%      c5%    c3AA%      c3%    w1AA%      w1%  baseAA%
16     1     |   19.620 |   19.626 |   10.605 |   10.550 |   10.557 |   10.558 |   10.566 |   10.565 |   10.566 |   10.607 |   10.607 |   19.623 ||   +0.03  -45.95  -46.23  -46.19  -46.19  -46.15  -46.15  -46.15  -45.94  -45.94   +0.01
       med   |   19.641 |   19.645 |   10.607 |   10.555 |   10.561 |   10.562 |   10.573 |   10.569 |   10.570 |   10.609 |   10.609 |   19.647
32     2     |   19.643 |   19.655 |   11.279 |   11.246 |   11.200 |   11.234 |   11.230 |   11.215 |   11.217 |   11.260 |   11.258 |   19.646 ||   +0.06  -42.58  -42.75  -42.98  -42.81  -42.83  -42.91  -42.90  -42.68  -42.69   +0.02
       med   |   19.662 |   19.672 |   11.289 |   11.268 |   11.207 |   11.250 |   11.238 |   11.223 |   11.222 |   11.267 |   11.267 |   19.663
48     3     |   20.356 |   20.364 |   12.227 |   12.144 |   12.133 |   12.147 |   12.175 |   12.168 |   12.168 |   12.290 |   12.288 |   20.358 ||   +0.04  -39.94  -40.34  -40.40  -40.33  -40.19  -40.22  -40.23  -39.63  -39.64   +0.01
       med   |   20.378 |   20.384 |   12.240 |   12.157 |   12.143 |   12.158 |   12.185 |   12.177 |   12.178 |   12.302 |   12.300 |   20.381
64     4     |   20.953 |   20.928 |   14.593 |   14.485 |   14.503 |   14.468 |   14.537 |   14.508 |   14.509 |   14.768 |   14.763 |   20.950 ||   -0.12  -30.36  -30.87  -30.78  -30.95  -30.62  -30.76  -30.75  -29.52  -29.54   -0.02
       med   |   20.975 |   20.980 |   14.613 |   14.500 |   14.523 |   14.486 |   14.557 |   14.525 |   14.525 |   14.785 |   14.784 |   20.975
80     5     |   21.600 |   21.591 |   21.606 |   21.612 |   21.607 |   21.609 |   21.609 |   21.588 |   21.597 |   21.592 |   21.591 |   21.601 ||   -0.04   +0.03   +0.06   +0.04   +0.04   +0.04   -0.06   -0.01   -0.04   -0.04   +0.01
       med   |   21.626 |   21.620 |   21.635 |   21.634 |   21.634 |   21.633 |   21.637 |   21.618 |   21.624 |   21.620 |   21.621 |   21.626
96     6     |   22.377 |   22.311 |   22.399 |   22.388 |   22.398 |   22.395 |   22.398 |   22.311 |   22.341 |   22.299 |   22.340 |   22.375 ||   -0.29   +0.10   +0.05   +0.10   +0.08   +0.10   -0.29   -0.16   -0.35   -0.16   -0.00
       med   |   22.408 |   22.368 |   22.427 |   22.429 |   22.428 |   22.427 |   22.430 |   22.367 |   22.369 |   22.367 |   22.370 |   22.409
112    7     |   22.838 |   22.754 |   22.859 |   22.851 |   22.858 |   22.866 |   22.859 |   22.751 |   22.756 |   22.746 |   22.751 |   22.846 ||   -0.36   +0.09   +0.06   +0.09   +0.13   +0.09   -0.38   -0.36   -0.40   -0.38   +0.03
       med   |   22.874 |   22.783 |   22.901 |   22.900 |   22.901 |   22.900 |   22.901 |   22.783 |   22.783 |   22.782 |   22.783 |   22.884
128    8     |   21.456 |   21.458 |   21.460 |   21.458 |   21.458 |   21.461 |   21.461 |   21.457 |   21.461 |   21.449 |   21.460 |   21.455 ||   +0.01   +0.02   +0.01   +0.01   +0.02   +0.02   +0.00   +0.02   -0.03   +0.02   -0.01
       med   |   21.480 |   21.485 |   21.483 |   21.486 |   21.484 |   21.485 |   21.485 |   21.485 |   21.485 |   21.487 |   21.484 |   21.480
256    16    |   38.173 |   38.174 |   38.176 |   38.174 |   38.166 |   38.176 |   38.175 |   38.181 |   38.170 |   38.178 |   38.179 |   38.178 ||   +0.00   +0.01   +0.00   -0.02   +0.01   +0.00   +0.02   -0.01   +0.01   +0.01   +0.01
       med   |   38.211 |   38.215 |   38.212 |   38.209 |   38.212 |   38.211 |   38.212 |   38.215 |   38.209 |   38.216 |   38.210 |   38.211
512    32    |   71.100 |   71.119 |   71.115 |   71.125 |   71.121 |   71.125 |   71.127 |   71.124 |   71.123 |   71.109 |   71.118 |   71.113 ||   +0.03   +0.02   +0.04   +0.03   +0.04   +0.04   +0.03   +0.03   +0.01   +0.03   +0.02
       med   |   71.146 |   71.169 |   71.164 |   71.163 |   71.165 |   71.164 |   71.164 |   71.181 |   71.167 |   71.179 |   71.168 |   71.151
1024   64    |  138.499 |  138.505 |  138.525 |  138.525 |  138.524 |  138.525 |  138.509 |  138.503 |  138.510 |  138.506 |  138.505 |  138.495 ||   +0.00   +0.02   +0.02   +0.02   +0.02   +0.01   +0.00   +0.01   +0.01   +0.00   -0.00
       med   |  138.552 |  138.587 |  138.575 |  138.564 |  138.577 |  138.571 |  138.571 |  138.601 |  138.570 |  138.603 |  138.572 |  138.565
4096   256   |  546.819 |  546.853 |  546.867 |  546.881 |  546.870 |  546.856 |  546.850 |  546.865 |  546.862 |  546.830 |  546.861 |  546.846 ||   +0.01   +0.01   +0.01   +0.01   +0.01   +0.01   +0.01   +0.01   +0.00   +0.01   +0.00
       med   |  547.060 |  547.096 |  547.077 |  547.101 |  547.111 |  547.069 |  547.095 |  547.128 |  547.087 |  547.058 |  547.141 |  547.103
=== process binX.order2.2
SELFCHECK OK (256 whole-block lengths 1..256 blk x 12 variants; out/Xi/ivec/ret byte-identical, nothing written past 16*nblk)
bytes  blks  |     base |     dsp0 |       kb |      cl4 |       d4 |       d5 |       c5 |     c3AA |       c3 |     w1AA |       w1 |   baseAA ||    dsp0%      kb%     cl4%      d4%      d5%      c5%    c3AA%      c3%    w1AA%      w1%  baseAA%
16     1     |   19.609 |   19.624 |   10.605 |   10.551 |   10.557 |   10.557 |   10.566 |   10.566 |   10.566 |   10.606 |   10.607 |   19.623 ||   +0.07  -45.92  -46.20  -46.16  -46.16  -46.12  -46.12  -46.12  -45.91  -45.91   +0.07
       med   |   19.642 |   19.647 |   10.607 |   10.555 |   10.561 |   10.561 |   10.572 |   10.569 |   10.569 |   10.608 |   10.609 |   19.646
32     2     |   19.646 |   19.657 |   11.278 |   11.245 |   11.200 |   11.231 |   11.231 |   11.215 |   11.216 |   11.261 |   11.262 |   19.645 ||   +0.06  -42.60  -42.76  -42.99  -42.83  -42.83  -42.91  -42.91  -42.68  -42.68   -0.00
       med   |   19.662 |   19.672 |   11.289 |   11.268 |   11.207 |   11.250 |   11.238 |   11.222 |   11.222 |   11.266 |   11.266 |   19.664
48     3     |   20.355 |   20.362 |   12.231 |   12.145 |   12.132 |   12.148 |   12.176 |   12.168 |   12.167 |   12.288 |   12.286 |   20.359 ||   +0.04  -39.91  -40.33  -40.40  -40.32  -40.18  -40.22  -40.23  -39.63  -39.64   +0.02
       med   |   20.377 |   20.383 |   12.240 |   12.156 |   12.142 |   12.159 |   12.185 |   12.177 |   12.177 |   12.302 |   12.300 |   20.378
64     4     |   20.951 |   20.923 |   14.598 |   14.485 |   14.508 |   14.470 |   14.541 |   14.507 |   14.506 |   14.764 |   14.767 |   20.952 ||   -0.13  -30.33  -30.86  -30.75  -30.93  -30.60  -30.76  -30.76  -29.53  -29.52   +0.01
       med   |   20.976 |   20.977 |   14.613 |   14.501 |   14.523 |   14.487 |   14.559 |   14.525 |   14.526 |   14.784 |   14.785 |   20.976
80     5     |   21.604 |   21.588 |   21.607 |   21.614 |   21.606 |   21.610 |   21.612 |   21.588 |   21.590 |   21.591 |   21.591 |   21.602 ||   -0.07   +0.01   +0.05   +0.01   +0.03   +0.04   -0.07   -0.06   -0.06   -0.06   -0.01
       med   |   21.627 |   21.620 |   21.634 |   21.635 |   21.634 |   21.634 |   21.634 |   21.618 |   21.621 |   21.622 |   21.625 |   21.628
96     6     |   22.378 |   22.310 |   22.398 |   22.398 |   22.398 |   22.397 |   22.391 |   22.311 |   22.343 |   22.313 |   22.341 |   22.370 ||   -0.30   +0.09   +0.09   +0.09   +0.09   +0.06   -0.30   -0.16   -0.29   -0.16   -0.04
       med   |   22.406 |   22.366 |   22.429 |   22.428 |   22.430 |   22.430 |   22.428 |   22.367 |   22.372 |   22.367 |   22.371 |   22.407
112    7     |   22.842 |   22.753 |   22.863 |   22.864 |   22.860 |   22.852 |   22.858 |   22.760 |   22.750 |   22.748 |   22.754 |   22.831 ||   -0.39   +0.09   +0.09   +0.08   +0.04   +0.07   -0.36   -0.40   -0.41   -0.39   -0.05
       med   |   22.874 |   22.785 |   22.900 |   22.900 |   22.899 |   22.899 |   22.902 |   22.783 |   22.782 |   22.783 |   22.783 |   22.882
128    8     |   21.456 |   21.459 |   21.462 |   21.455 |   21.463 |   21.461 |   21.457 |   21.466 |   21.456 |   21.462 |   21.456 |   21.454 ||   +0.01   +0.03   -0.01   +0.03   +0.02   +0.00   +0.04   -0.00   +0.03   +0.00   -0.01
       med   |   21.480 |   21.488 |   21.487 |   21.485 |   21.486 |   21.487 |   21.484 |   21.487 |   21.487 |   21.488 |   21.486 |   21.480
256    16    |   38.176 |   38.171 |   38.177 |   38.173 |   38.168 |   38.165 |   38.179 |   38.181 |   38.178 |   38.176 |   38.180 |   38.177 ||   -0.01   +0.00   -0.01   -0.02   -0.03   +0.01   +0.01   +0.01   +0.00   +0.01   +0.00
       med   |   38.210 |   38.215 |   38.214 |   38.211 |   38.211 |   38.211 |   38.211 |   38.218 |   38.211 |   38.219 |   38.213 |   38.211
512    32    |   71.101 |   71.123 |   71.116 |   71.124 |   71.111 |   71.128 |   71.120 |   71.127 |   71.125 |   71.127 |   71.126 |   71.086 ||   +0.03   +0.02   +0.03   +0.01   +0.04   +0.03   +0.04   +0.03   +0.04   +0.03   -0.02
       med   |   71.145 |   71.173 |   71.166 |   71.164 |   71.168 |   71.168 |   71.166 |   71.175 |   71.164 |   71.183 |   71.168 |   71.151
1024   64    |  138.495 |  138.502 |  138.525 |  138.525 |  138.529 |  138.525 |  138.520 |  138.502 |  138.504 |  138.500 |  138.512 |  138.496 ||   +0.01   +0.02   +0.02   +0.02   +0.02   +0.02   +0.00   +0.01   +0.00   +0.01   +0.00
       med   |  138.552 |  138.597 |  138.563 |  138.567 |  138.563 |  138.563 |  138.561 |  138.590 |  138.561 |  138.609 |  138.575 |  138.562
4096   256   |  546.866 |  546.865 |  546.855 |  546.870 |  546.877 |  546.855 |  546.880 |  546.888 |  546.850 |  546.846 |  546.860 |  546.875 ||   -0.00   -0.00   +0.00   +0.00   -0.00   +0.00   +0.00   -0.00   -0.00   -0.00   +0.00
       med   |  547.004 |  547.077 |  547.096 |  547.096 |  547.087 |  547.120 |  547.083 |  547.068 |  547.079 |  547.089 |  547.109 |  547.108
=== process binX.order2.3
SELFCHECK OK (256 whole-block lengths 1..256 blk x 12 variants; out/Xi/ivec/ret byte-identical, nothing written past 16*nblk)
bytes  blks  |     base |     dsp0 |       kb |      cl4 |       d4 |       d5 |       c5 |     c3AA |       c3 |     w1AA |       w1 |   baseAA ||    dsp0%      kb%     cl4%      d4%      d5%      c5%    c3AA%      c3%    w1AA%      w1%  baseAA%
16     1     |   19.621 |   19.618 |   10.605 |   10.551 |   10.558 |   10.557 |   10.566 |   10.566 |   10.565 |   10.606 |   10.607 |   19.619 ||   -0.01  -45.95  -46.23  -46.19  -46.19  -46.15  -46.15  -46.15  -45.94  -45.94   -0.01
       med   |   19.653 |   19.644 |   10.607 |   10.556 |   10.561 |   10.561 |   10.572 |   10.569 |   10.569 |   10.608 |   10.609 |   19.644
32     2     |   19.640 |   19.650 |   11.279 |   11.244 |   11.199 |   11.233 |   11.229 |   11.217 |   11.217 |   11.261 |   11.261 |   19.645 ||   +0.05  -42.57  -42.75  -42.98  -42.81  -42.83  -42.89  -42.89  -42.66  -42.66   +0.02
       med   |   19.662 |   19.673 |   11.288 |   11.268 |   11.207 |   11.250 |   11.238 |   11.222 |   11.222 |   11.266 |   11.266 |   19.663
48     3     |   20.359 |   20.363 |   12.228 |   12.145 |   12.131 |   12.149 |   12.175 |   12.167 |   12.168 |   12.288 |   12.284 |   20.356 ||   +0.02  -39.94  -40.35  -40.41  -40.32  -40.20  -40.24  -40.23  -39.65  -39.66   -0.01
       med   |   20.379 |   20.383 |   12.240 |   12.157 |   12.142 |   12.158 |   12.186 |   12.176 |   12.178 |   12.302 |   12.301 |   20.379
64     4     |   20.954 |   20.924 |   14.598 |   14.483 |   14.506 |   14.468 |   14.538 |   14.503 |   14.506 |   14.764 |   14.765 |   20.952 ||   -0.14  -30.33  -30.88  -30.77  -30.95  -30.62  -30.79  -30.77  -29.54  -29.54   -0.01
       med   |   20.976 |   20.980 |   14.614 |   14.501 |   14.523 |   14.485 |   14.558 |   14.526 |   14.526 |   14.784 |   14.785 |   20.974
80     5     |   21.603 |   21.595 |   21.608 |   21.606 |   21.611 |   21.607 |   21.613 |   21.591 |   21.593 |   21.579 |   21.595 |   21.599 ||   -0.04   +0.02   +0.01   +0.04   +0.02   +0.04   -0.06   -0.05   -0.11   -0.04   -0.02
       med   |   21.627 |   21.620 |   21.634 |   21.632 |   21.634 |   21.632 |   21.634 |   21.615 |   21.622 |   21.620 |   21.621 |   21.628
96     6     |   22.372 |   22.312 |   22.401 |   22.389 |   22.394 |   22.391 |   22.395 |   22.306 |   22.336 |   22.309 |   22.334 |   22.380 ||   -0.27   +0.13   +0.07   +0.10   +0.09   +0.10   -0.29   -0.16   -0.28   -0.17   +0.03
       med   |   22.407 |   22.367 |   22.430 |   22.430 |   22.429 |   22.430 |   22.429 |   22.365 |   22.369 |   22.367 |   22.369 |   22.410
112    7     |   22.837 |   22.756 |   22.857 |   22.861 |   22.859 |   22.863 |   22.860 |   22.748 |   22.751 |   22.755 |   22.746 |   22.847 ||   -0.36   +0.09   +0.10   +0.09   +0.11   +0.10   -0.39   -0.38   -0.36   -0.40   +0.04
       med   |   22.874 |   22.783 |   22.900 |   22.900 |   22.901 |   22.900 |   22.899 |   22.783 |   22.784 |   22.783 |   22.784 |   22.881
128    8     |   21.453 |   21.455 |   21.453 |   21.451 |   21.452 |   21.458 |   21.456 |   21.458 |   21.450 |   21.458 |   21.456 |   21.457 ||   +0.01   -0.00   -0.01   -0.00   +0.02   +0.01   +0.02   -0.01   +0.02   +0.01   +0.02
       med   |   21.480 |   21.486 |   21.485 |   21.485 |   21.483 |   21.483 |   21.484 |   21.486 |   21.484 |   21.486 |   21.484 |   21.479
256    16    |   38.165 |   38.176 |   38.176 |   38.172 |   38.170 |   38.166 |   38.176 |   38.172 |   38.178 |   38.174 |   38.168 |   38.177 ||   +0.03   +0.03   +0.02   +0.01   +0.00   +0.03   +0.02   +0.03   +0.02   +0.01   +0.03
       med   |   38.206 |   38.214 |   38.212 |   38.209 |   38.211 |   38.211 |   38.211 |   38.213 |   38.209 |   38.213 |   38.209 |   38.210
512    32    |   71.101 |   71.131 |   71.123 |   71.120 |   71.120 |   71.118 |   71.120 |   71.126 |   71.126 |   71.127 |   71.117 |   71.094 ||   +0.04   +0.03   +0.03   +0.03   +0.02   +0.03   +0.04   +0.04   +0.04   +0.02   -0.01
       med   |   71.149 |   71.181 |   71.167 |   71.167 |   71.166 |   71.165 |   71.165 |   71.173 |   71.166 |   71.181 |   71.167 |   71.148
1024   64    |  138.496 |  138.504 |  138.524 |  138.532 |  138.518 |  138.526 |  138.523 |  138.506 |  138.510 |  138.501 |  138.515 |  138.495 ||   +0.01   +0.02   +0.03   +0.02   +0.02   +0.02   +0.01   +0.01   +0.00   +0.01   -0.00
       med   |  138.552 |  138.602 |  138.566 |  138.562 |  138.565 |  138.565 |  138.567 |  138.584 |  138.565 |  138.609 |  138.579 |  138.556
4096   256   |  546.831 |  546.855 |  546.881 |  546.849 |  546.850 |  546.862 |  546.867 |  546.870 |  546.868 |  546.863 |  546.852 |  546.846 ||   +0.00   +0.01   +0.00   +0.00   +0.01   +0.01   +0.01   +0.01   +0.01   +0.00   +0.00
       med   |  547.060 |  547.095 |  547.048 |  547.111 |  547.087 |  547.074 |  547.073 |  547.082 |  547.078 |  547.111 |  547.067 |  547.082
=== process binX.order2.4
SELFCHECK OK (256 whole-block lengths 1..256 blk x 12 variants; out/Xi/ivec/ret byte-identical, nothing written past 16*nblk)
bytes  blks  |     base |     dsp0 |       kb |      cl4 |       d4 |       d5 |       c5 |     c3AA |       c3 |     w1AA |       w1 |   baseAA ||    dsp0%      kb%     cl4%      d4%      d5%      c5%    c3AA%      c3%    w1AA%      w1%  baseAA%
16     1     |   19.620 |   19.620 |   10.605 |   10.551 |   10.557 |   10.557 |   10.567 |   10.563 |   10.566 |   10.607 |   10.607 |   19.624 ||   -0.00  -45.95  -46.23  -46.19  -46.19  -46.14  -46.16  -46.15  -45.94  -45.94   +0.02
       med   |   19.645 |   19.652 |   10.607 |   10.556 |   10.562 |   10.562 |   10.572 |   10.569 |   10.569 |   10.609 |   10.609 |   19.641
32     2     |   19.642 |   19.657 |   11.278 |   11.245 |   11.201 |   11.232 |   11.231 |   11.216 |   11.217 |   11.259 |   11.260 |   19.646 ||   +0.07  -42.59  -42.75  -42.98  -42.82  -42.82  -42.90  -42.89  -42.68  -42.68   +0.02
       med   |   19.660 |   19.673 |   11.288 |   11.267 |   11.206 |   11.250 |   11.238 |   11.222 |   11.222 |   11.266 |   11.266 |   19.663
48     3     |   20.357 |   20.363 |   12.228 |   12.145 |   12.131 |   12.148 |   12.176 |   12.169 |   12.168 |   12.289 |   12.288 |   20.358 ||   +0.03  -39.93  -40.34  -40.41  -40.32  -40.19  -40.22  -40.23  -39.63  -39.64   +0.00
       med   |   20.377 |   20.384 |   12.240 |   12.157 |   12.142 |   12.158 |   12.186 |   12.176 |   12.177 |   12.302 |   12.300 |   20.379
64     4     |   20.955 |   20.923 |   14.596 |   14.483 |   14.500 |   14.467 |   14.541 |   14.506 |   14.506 |   14.763 |   14.764 |   20.950 ||   -0.15  -30.34  -30.88  -30.80  -30.96  -30.61  -30.78  -30.77  -29.55  -29.54   -0.02
       med   |   20.976 |   20.980 |   14.614 |   14.502 |   14.523 |   14.486 |   14.558 |   14.525 |   14.525 |   14.784 |   14.785 |   20.974
80     5     |   21.607 |   21.591 |   21.610 |   21.611 |   21.611 |   21.613 |   21.612 |   21.594 |   21.594 |   21.589 |   21.592 |   21.602 ||   -0.07   +0.01   +0.02   +0.02   +0.03   +0.02   -0.06   -0.06   -0.09   -0.07   -0.02
       med   |   21.629 |   21.621 |   21.634 |   21.635 |   21.634 |   21.634 |   21.635 |   21.616 |   21.624 |   21.619 |   21.623 |   21.626
96     6     |   22.366 |   22.320 |   22.394 |   22.394 |   22.395 |   22.399 |   22.387 |   22.311 |   22.339 |   22.314 |   22.341 |   22.372 ||   -0.21   +0.13   +0.13   +0.13   +0.15   +0.09   -0.25   -0.12   -0.23   -0.11   +0.03
       med   |   22.405 |   22.368 |   22.429 |   22.428 |   22.429 |   22.429 |   22.429 |   22.365 |   22.370 |   22.365 |   22.372 |   22.408
112    7     |   22.836 |   22.751 |   22.858 |   22.861 |   22.869 |   22.861 |   22.863 |   22.746 |   22.749 |   22.756 |   22.754 |   22.835 ||   -0.37   +0.09   +0.11   +0.14   +0.11   +0.12   -0.39   -0.38   -0.35   -0.36   -0.01
       med   |   22.872 |   22.783 |   22.899 |   22.898 |   22.901 |   22.898 |   22.899 |   22.783 |   22.780 |   22.782 |   22.783 |   22.880
128    8     |   21.447 |   21.461 |   21.460 |   21.458 |   21.458 |   21.465 |   21.461 |   21.463 |   21.460 |   21.454 |   21.458 |   21.454 ||   +0.06   +0.06   +0.05   +0.05   +0.08   +0.06   +0.08   +0.06   +0.03   +0.05   +0.03
       med   |   21.481 |   21.488 |   21.485 |   21.486 |   21.486 |   21.486 |   21.485 |   21.488 |   21.487 |   21.488 |   21.485 |   21.480
256    16    |   38.167 |   38.180 |   38.173 |   38.165 |   38.178 |   38.173 |   38.179 |   38.183 |   38.181 |   38.178 |   38.166 |   38.178 ||   +0.03   +0.01   -0.01   +0.03   +0.01   +0.03   +0.04   +0.04   +0.03   -0.00   +0.03
       med   |   38.209 |   38.215 |   38.212 |   38.211 |   38.213 |   38.212 |   38.209 |   38.215 |   38.215 |   38.214 |   38.213 |   38.211
512    32    |   71.105 |   71.122 |   71.127 |   71.119 |   71.123 |   71.127 |   71.123 |   71.118 |   71.120 |   71.127 |   71.128 |   71.101 ||   +0.02   +0.03   +0.02   +0.03   +0.03   +0.03   +0.02   +0.02   +0.03   +0.03   -0.01
       med   |   71.149 |   71.174 |   71.166 |   71.166 |   71.165 |   71.169 |   71.165 |   71.175 |   71.168 |   71.175 |   71.168 |   71.151
1024   64    |  138.496 |  138.506 |  138.526 |  138.510 |  138.530 |  138.516 |  138.527 |  138.504 |  138.501 |  138.502 |  138.512 |  138.496 ||   +0.01   +0.02   +0.01   +0.02   +0.01   +0.02   +0.01   +0.00   +0.00   +0.01   -0.00
       med   |  138.551 |  138.594 |  138.562 |  138.565 |  138.561 |  138.566 |  138.562 |  138.608 |  138.559 |  138.612 |  138.570 |  138.554
4096   256   |  546.851 |  546.875 |  546.870 |  546.870 |  546.879 |  546.869 |  546.850 |  546.855 |  546.870 |  546.847 |  546.866 |  546.864 ||   +0.00   +0.00   +0.00   +0.01   +0.00   -0.00   +0.00   +0.00   -0.00   +0.00   +0.00
       med   |  547.053 |  547.119 |  547.119 |  547.067 |  547.111 |  547.085 |  547.046 |  547.105 |  547.106 |  547.078 |  547.066 |  547.062
=== process binX.order2.5
SELFCHECK OK (256 whole-block lengths 1..256 blk x 12 variants; out/Xi/ivec/ret byte-identical, nothing written past 16*nblk)
bytes  blks  |     base |     dsp0 |       kb |      cl4 |       d4 |       d5 |       c5 |     c3AA |       c3 |     w1AA |       w1 |   baseAA ||    dsp0%      kb%     cl4%      d4%      d5%      c5%    c3AA%      c3%    w1AA%      w1%  baseAA%
16     1     |   19.619 |   19.622 |   10.605 |   10.552 |   10.557 |   10.557 |   10.567 |   10.566 |   10.564 |   10.606 |   10.606 |   19.620 ||   +0.01  -45.95  -46.22  -46.19  -46.19  -46.14  -46.15  -46.15  -45.94  -45.94   +0.01
       med   |   19.642 |   19.646 |   10.607 |   10.556 |   10.561 |   10.562 |   10.572 |   10.569 |   10.569 |   10.608 |   10.608 |   19.639
32     2     |   19.644 |   19.652 |   11.279 |   11.247 |   11.199 |   11.234 |   11.233 |   11.215 |   11.217 |   11.260 |   11.260 |   19.647 ||   +0.04  -42.58  -42.75  -42.99  -42.81  -42.82  -42.91  -42.90  -42.68  -42.68   +0.02
       med   |   19.663 |   19.673 |   11.289 |   11.268 |   11.207 |   11.251 |   11.239 |   11.222 |   11.223 |   11.267 |   11.267 |   19.664
48     3     |   20.355 |   20.358 |   12.228 |   12.147 |   12.130 |   12.144 |   12.173 |   12.166 |   12.167 |   12.286 |   12.288 |   20.354 ||   +0.02  -39.92  -40.32  -40.41  -40.34  -40.19  -40.23  -40.22  -39.64  -39.63   -0.00
       med   |   20.378 |   20.384 |   12.240 |   12.157 |   12.142 |   12.158 |   12.186 |   12.178 |   12.177 |   12.302 |   12.301 |   20.380
64     4     |   20.953 |   20.925 |   14.595 |   14.487 |   14.506 |   14.469 |   14.544 |   14.508 |   14.504 |   14.768 |   14.763 |   20.945 ||   -0.13  -30.34  -30.86  -30.77  -30.95  -30.59  -30.76  -30.78  -29.52  -29.54   -0.04
       med   |   20.975 |   20.979 |   14.613 |   14.501 |   14.523 |   14.485 |   14.557 |   14.525 |   14.526 |   14.785 |   14.784 |   20.972
80     5     |   21.600 |   21.587 |   21.614 |   21.612 |   21.610 |   21.612 |   21.609 |   21.594 |   21.597 |   21.590 |   21.593 |   21.603 ||   -0.06   +0.06   +0.06   +0.05   +0.06   +0.04   -0.03   -0.01   -0.04   -0.03   +0.02
       med   |   21.627 |   21.620 |   21.634 |   21.635 |   21.635 |   21.633 |   21.635 |   21.624 |   21.622 |   21.621 |   21.622 |   21.628
96     6     |   22.371 |   22.316 |   22.396 |   22.399 |   22.398 |   22.388 |   22.397 |   22.315 |   22.332 |   22.305 |   22.343 |   22.373 ||   -0.25   +0.11   +0.12   +0.12   +0.08   +0.12   -0.25   -0.17   -0.30   -0.13   +0.01
       med   |   22.405 |   22.365 |   22.429 |   22.428 |   22.428 |   22.429 |   22.428 |   22.365 |   22.370 |   22.367 |   22.368 |   22.408
112    7     |   22.833 |   22.753 |   22.847 |   22.863 |   22.861 |   22.862 |   22.864 |   22.755 |   22.754 |   22.756 |   22.744 |   22.842 ||   -0.35   +0.06   +0.13   +0.12   +0.13   +0.13   -0.34   -0.35   -0.34   -0.39   +0.04
       med   |   22.873 |   22.784 |   22.901 |   22.899 |   22.899 |   22.902 |   22.899 |   22.784 |   22.783 |   22.782 |   22.784 |   22.881
128    8     |   21.459 |   21.460 |   21.460 |   21.462 |   21.458 |   21.460 |   21.463 |   21.456 |   21.464 |   21.463 |   21.459 |   21.455 ||   +0.00   +0.01   +0.01   -0.00   +0.00   +0.02   -0.02   +0.02   +0.01   +0.00   -0.02
       med   |   21.481 |   21.488 |   21.486 |   21.487 |   21.486 |   21.487 |   21.487 |   21.488 |   21.486 |   21.487 |   21.487 |   21.480
256    16    |   38.168 |   38.171 |   38.166 |   38.173 |   38.180 |   38.182 |   38.177 |   38.173 |   38.168 |   38.176 |   38.180 |   38.175 ||   +0.01   -0.00   +0.01   +0.03   +0.04   +0.02   +0.01   +0.00   +0.02   +0.03   +0.02
       med   |   38.207 |   38.215 |   38.210 |   38.210 |   38.211 |   38.210 |   38.211 |   38.212 |   38.211 |   38.216 |   38.211 |   38.209
512    32    |   71.101 |   71.127 |   71.115 |   71.118 |   71.121 |   71.119 |   71.115 |   71.109 |   71.119 |   71.121 |   71.123 |   71.110 ||   +0.04   +0.02   +0.02   +0.03   +0.03   +0.02   +0.01   +0.03   +0.03   +0.03   +0.01
       med   |   71.146 |   71.179 |   71.165 |   71.161 |   71.165 |   71.167 |   71.165 |   71.178 |   71.162 |   71.176 |   71.164 |   71.153
1024   64    |  138.498 |  138.502 |  138.526 |  138.517 |  138.527 |  138.530 |  138.533 |  138.504 |  138.501 |  138.511 |  138.503 |  138.496 ||   +0.00   +0.02   +0.01   +0.02   +0.02   +0.03   +0.00   +0.00   +0.01   +0.00   -0.00
       med   |  138.553 |  138.614 |  138.561 |  138.562 |  138.564 |  138.562 |  138.564 |  138.598 |  138.570 |  138.607 |  138.568 |  138.554
4096   256   |  546.833 |  546.860 |  546.866 |  546.871 |  546.847 |  546.833 |  546.862 |  546.846 |  546.840 |  546.872 |  546.856 |  546.832 ||   +0.00   +0.01   +0.01   +0.00   +0.00   +0.01   +0.00   +0.00   +0.01   +0.00   -0.00
       med   |  547.014 |  547.082 |  547.070 |  547.087 |  547.070 |  547.106 |  547.069 |  547.077 |  547.082 |  547.092 |  547.092 |  547.075
=== process binX.order3.1
SELFCHECK OK (256 whole-block lengths 1..256 blk x 12 variants; out/Xi/ivec/ret byte-identical, nothing written past 16*nblk)
bytes  blks  |     base |       c5 |       d5 |       d4 |      cl4 |       kb |     dsp0 |   baseAA |       w1 |     w1AA |       c3 |     c3AA ||      c5%      d5%      d4%     cl4%      kb%    dsp0%  baseAA%      w1%    w1AA%      c3%    c3AA%
16     1     |   19.620 |   10.564 |   10.557 |   10.557 |   10.551 |   10.605 |   19.625 |   19.619 |   10.605 |   10.605 |   10.566 |   10.565 ||  -46.15  -46.19  -46.19  -46.22  -45.95   +0.03   -0.00  -45.95  -45.95  -46.15  -46.15
       med   |   19.644 |   10.571 |   10.562 |   10.561 |   10.557 |   10.607 |   19.643 |   19.640 |   10.607 |   10.607 |   10.569 |   10.569
32     2     |   19.640 |   11.232 |   11.230 |   11.199 |   11.246 |   11.278 |   19.656 |   19.642 |   11.277 |   11.276 |   11.236 |   11.229 ||  -42.81  -42.82  -42.98  -42.74  -42.58   +0.08   +0.01  -42.58  -42.59  -42.79  -42.83
       med   |   19.662 |   11.238 |   11.249 |   11.206 |   11.268 |   11.288 |   19.673 |   19.662 |   11.288 |   11.287 |   11.243 |   11.243
48     3     |   20.356 |   12.176 |   12.150 |   12.130 |   12.146 |   12.230 |   20.359 |   20.361 |   12.276 |   12.278 |   12.168 |   12.170 ||  -40.19  -40.31  -40.41  -40.33  -39.92   +0.01   +0.02  -39.69  -39.69  -40.22  -40.21
       med   |   20.379 |   12.185 |   12.158 |   12.142 |   12.157 |   12.240 |   20.384 |   20.381 |   12.290 |   12.290 |   12.180 |   12.179
64     4     |   20.948 |   14.534 |   14.466 |   14.505 |   14.487 |   14.596 |   20.959 |   20.952 |   14.772 |   14.766 |   14.534 |   14.530 ||  -30.62  -30.94  -30.76  -30.84  -30.32   +0.05   +0.02  -29.48  -29.51  -30.62  -30.64
       med   |   20.975 |   14.557 |   14.485 |   14.523 |   14.501 |   14.614 |   20.982 |   20.975 |   14.788 |   14.787 |   14.551 |   14.550
80     5     |   21.604 |   21.587 |   21.611 |   21.609 |   21.605 |   21.607 |   21.603 |   21.602 |   21.605 |   21.609 |   21.612 |   21.613 ||   -0.08   +0.03   +0.03   +0.01   +0.02   -0.00   -0.01   +0.00   +0.02   +0.04   +0.04
       med   |   21.629 |   21.618 |   21.636 |   21.636 |   21.635 |   21.636 |   21.636 |   21.629 |   21.635 |   21.635 |   21.634 |   21.636
96     6     |   22.373 |   22.307 |   22.394 |   22.391 |   22.397 |   22.377 |   22.401 |   22.377 |   22.396 |   22.392 |   22.402 |   22.398 ||   -0.30   +0.10   +0.08   +0.11   +0.02   +0.13   +0.02   +0.10   +0.09   +0.13   +0.11
       med   |   22.407 |   22.366 |   22.428 |   22.428 |   22.429 |   22.431 |   22.430 |   22.408 |   22.428 |   22.429 |   22.428 |   22.428
112    7     |   22.840 |   22.753 |   22.863 |   22.861 |   22.851 |   22.858 |   22.861 |   22.838 |   22.858 |   22.860 |   22.863 |   22.845 ||   -0.38   +0.10   +0.09   +0.05   +0.08   +0.09   -0.01   +0.08   +0.09   +0.10   +0.02
       med   |   22.875 |   22.783 |   22.901 |   22.901 |   22.899 |   22.899 |   22.902 |   22.883 |   22.901 |   22.900 |   22.899 |   22.901
128    8     |   21.457 |   21.462 |   21.458 |   21.458 |   21.457 |   21.461 |   21.458 |   21.444 |   21.461 |   21.459 |   21.461 |   21.461 ||   +0.02   +0.00   +0.01   +0.00   +0.02   +0.00   -0.06   +0.02   +0.01   +0.02   +0.02
       med   |   21.481 |   21.489 |   21.488 |   21.486 |   21.487 |   21.487 |   21.487 |   21.482 |   21.487 |   21.486 |   21.486 |   21.487
256    16    |   38.171 |   38.175 |   38.181 |   38.163 |   38.178 |   38.179 |   38.175 |   38.170 |   38.176 |   38.172 |   38.174 |   38.177 ||   +0.01   +0.03   -0.02   +0.02   +0.02   +0.01   -0.00   +0.01   +0.00   +0.01   +0.01
       med   |   38.211 |   38.219 |   38.213 |   38.213 |   38.209 |   38.213 |   38.209 |   38.210 |   38.212 |   38.210 |   38.210 |   38.213
512    32    |   70.930 |   71.122 |   71.103 |   71.121 |   71.120 |   71.114 |   71.109 |   71.112 |   71.108 |   71.120 |   71.127 |   71.109 ||   +0.27   +0.24   +0.27   +0.27   +0.26   +0.25   +0.26   +0.25   +0.27   +0.28   +0.25
       med   |   71.149 |   71.174 |   71.160 |   71.163 |   71.161 |   71.163 |   71.161 |   71.153 |   71.167 |   71.165 |   71.168 |   71.160
1024   64    |  138.498 |  138.506 |  138.529 |  138.535 |  138.536 |  138.520 |  138.526 |  138.496 |  138.522 |  138.530 |  138.536 |  138.529 ||   +0.01   +0.02   +0.03   +0.03   +0.02   +0.02   -0.00   +0.02   +0.02   +0.03   +0.02
       med   |  138.551 |  138.600 |  138.564 |  138.560 |  138.567 |  138.558 |  138.569 |  138.553 |  138.575 |  138.564 |  138.576 |  138.560
4096   256   |  546.830 |  546.855 |  546.879 |  546.907 |  546.885 |  546.893 |  546.862 |  546.864 |  546.894 |  546.889 |  546.900 |  546.851 ||   +0.00   +0.01   +0.01   +0.01   +0.01   +0.01   +0.01   +0.01   +0.01   +0.01   +0.00
       med   |  547.066 |  547.098 |  547.121 |  547.058 |  547.050 |  547.102 |  547.114 |  547.073 |  547.101 |  547.082 |  547.067 |  547.075
=== process binX.order3.2
SELFCHECK OK (256 whole-block lengths 1..256 blk x 12 variants; out/Xi/ivec/ret byte-identical, nothing written past 16*nblk)
bytes  blks  |     base |       c5 |       d5 |       d4 |      cl4 |       kb |     dsp0 |   baseAA |       w1 |     w1AA |       c3 |     c3AA ||      c5%      d5%      d4%     cl4%      kb%    dsp0%  baseAA%      w1%    w1AA%      c3%    c3AA%
16     1     |   19.621 |   10.564 |   10.557 |   10.558 |   10.551 |   10.605 |   19.624 |   19.617 |   10.605 |   10.605 |   10.565 |   10.566 ||  -46.16  -46.19  -46.19  -46.22  -45.95   +0.02   -0.02  -45.95  -45.95  -46.15  -46.15
       med   |   19.646 |   10.571 |   10.562 |   10.561 |   10.556 |   10.607 |   19.646 |   19.643 |   10.607 |   10.607 |   10.569 |   10.569
32     2     |   19.645 |   11.231 |   11.235 |   11.199 |   11.247 |   11.278 |   19.648 |   19.645 |   11.278 |   11.277 |   11.238 |   11.229 ||  -42.83  -42.81  -42.99  -42.75  -42.59   +0.02   -0.00  -42.59  -42.60  -42.80  -42.84
       med   |   19.663 |   11.238 |   11.250 |   11.207 |   11.268 |   11.288 |   19.674 |   19.663 |   11.288 |   11.287 |   11.244 |   11.243
48     3     |   20.359 |   12.175 |   12.149 |   12.133 |   12.147 |   12.227 |   20.364 |   20.357 |   12.280 |   12.277 |   12.169 |   12.169 ||  -40.20  -40.33  -40.40  -40.33  -39.94   +0.03   -0.01  -39.68  -39.70  -40.23  -40.23
       med   |   20.378 |   12.185 |   12.158 |   12.142 |   12.157 |   12.240 |   20.384 |   20.380 |   12.290 |   12.290 |   12.180 |   12.180
64     4     |   20.947 |   14.531 |   14.467 |   14.507 |   14.485 |   14.599 |   20.962 |   20.953 |   14.769 |   14.770 |   14.529 |   14.532 ||  -30.63  -30.94  -30.74  -30.85  -30.31   +0.07   +0.03  -29.50  -29.49  -30.64  -30.63
       med   |   20.977 |   14.557 |   14.485 |   14.523 |   14.503 |   14.614 |   20.982 |   20.974 |   14.788 |   14.787 |   14.549 |   14.550
80     5     |   21.604 |   21.591 |   21.612 |   21.606 |   21.606 |   21.612 |   21.610 |   21.603 |   21.611 |   21.611 |   21.613 |   21.608 ||   -0.06   +0.04   +0.01   +0.01   +0.04   +0.03   -0.01   +0.03   +0.03   +0.04   +0.02
       med   |   21.628 |   21.618 |   21.633 |   21.634 |   21.636 |   21.633 |   21.635 |   21.626 |   21.633 |   21.635 |   21.635 |   21.634
96     6     |   22.373 |   22.318 |   22.397 |   22.398 |   22.398 |   22.397 |   22.400 |   22.375 |   22.399 |   22.392 |   22.395 |   22.399 ||   -0.25   +0.11   +0.11   +0.11   +0.11   +0.12   +0.01   +0.11   +0.08   +0.10   +0.11
       med   |   22.407 |   22.367 |   22.430 |   22.430 |   22.428 |   22.427 |   22.429 |   22.408 |   22.431 |   22.428 |   22.428 |   22.428
112    7     |   22.834 |   22.754 |   22.864 |   22.861 |   22.850 |   22.858 |   22.862 |   22.836 |   22.861 |   22.859 |   22.864 |   22.860 ||   -0.35   +0.13   +0.12   +0.07   +0.10   +0.12   +0.01   +0.11   +0.11   +0.13   +0.11
       med   |   22.872 |   22.782 |   22.900 |   22.898 |   22.901 |   22.899 |   22.900 |   22.882 |   22.899 |   22.900 |   22.897 |   22.900
128    8     |   21.458 |   21.458 |   21.464 |   21.458 |   21.461 |   21.459 |   21.463 |   21.449 |   21.460 |   21.456 |   21.458 |   21.449 ||   +0.00   +0.03   +0.00   +0.01   +0.00   +0.02   -0.04   +0.01   -0.01   -0.00   -0.04
       med   |   21.481 |   21.486 |   21.485 |   21.485 |   21.484 |   21.484 |   21.485 |   21.479 |   21.485 |   21.484 |   21.483 |   21.485
256    16    |   38.165 |   38.175 |   38.173 |   38.177 |   38.178 |   38.177 |   38.158 |   38.169 |   38.170 |   38.179 |   38.172 |   38.180 ||   +0.03   +0.02   +0.03   +0.03   +0.03   -0.02   +0.01   +0.01   +0.04   +0.02   +0.04
       med   |   38.207 |   38.216 |   38.210 |   38.211 |   38.211 |   38.210 |   38.212 |   38.209 |   38.211 |   38.211 |   38.210 |   38.212
512    32    |   71.102 |   71.121 |   71.100 |   71.115 |   71.119 |   71.124 |   71.133 |   71.100 |   71.121 |   71.120 |   71.117 |   71.119 ||   +0.03   -0.00   +0.02   +0.02   +0.03   +0.04   -0.00   +0.03   +0.03   +0.02   +0.02
       med   |   71.144 |   71.183 |   71.163 |   71.164 |   71.162 |   71.167 |   71.186 |   71.153 |   71.166 |   71.168 |   71.163 |   71.165
1024   64    |  138.497 |  138.507 |  138.530 |  138.524 |  138.525 |  138.526 |  138.527 |  138.496 |  138.526 |  138.528 |  138.532 |  138.522 ||   +0.01   +0.02   +0.02   +0.02   +0.02   +0.02   -0.00   +0.02   +0.02   +0.03   +0.02
       med   |  138.554 |  138.594 |  138.564 |  138.567 |  138.564 |  138.562 |  138.574 |  138.554 |  138.567 |  138.566 |  138.570 |  138.565
4096   256   |  546.846 |  546.870 |  546.847 |  546.886 |  546.864 |  546.875 |  546.830 |  546.865 |  546.889 |  546.854 |  546.869 |  546.859 ||   +0.00   +0.00   +0.01   +0.00   +0.01   -0.00   +0.00   +0.01   +0.00   +0.00   +0.00
       med   |  547.076 |  547.105 |  547.086 |  547.100 |  547.064 |  547.081 |  547.101 |  547.053 |  547.077 |  547.087 |  547.096 |  547.110
=== process binX.order3.3
SELFCHECK OK (256 whole-block lengths 1..256 blk x 12 variants; out/Xi/ivec/ret byte-identical, nothing written past 16*nblk)
bytes  blks  |     base |       c5 |       d5 |       d4 |      cl4 |       kb |     dsp0 |   baseAA |       w1 |     w1AA |       c3 |     c3AA ||      c5%      d5%      d4%     cl4%      kb%    dsp0%  baseAA%      w1%    w1AA%      c3%    c3AA%
16     1     |   19.618 |   10.565 |   10.558 |   10.557 |   10.550 |   10.605 |   19.626 |   19.622 |   10.605 |   10.605 |   10.566 |   10.565 ||  -46.15  -46.18  -46.18  -46.22  -45.94   +0.04   +0.02  -45.94  -45.94  -46.14  -46.15
       med   |   19.641 |   10.571 |   10.562 |   10.561 |   10.556 |   10.607 |   19.645 |   19.646 |   10.607 |   10.607 |   10.569 |   10.569
32     2     |   19.645 |   11.232 |   11.234 |   11.199 |   11.244 |   11.279 |   19.655 |   19.644 |   11.278 |   11.275 |   11.237 |   11.229 ||  -42.83  -42.81  -42.99  -42.76  -42.59   +0.05   -0.00  -42.59  -42.61  -42.80  -42.84
       med   |   19.662 |   11.238 |   11.250 |   11.206 |   11.268 |   11.289 |   19.672 |   19.663 |   11.288 |   11.287 |   11.244 |   11.243
48     3     |   20.351 |   12.173 |   12.149 |   12.131 |   12.147 |   12.225 |   20.361 |   20.355 |   12.277 |   12.278 |   12.168 |   12.164 ||  -40.19  -40.30  -40.39  -40.32  -39.93   +0.05   +0.02  -39.67  -39.67  -40.21  -40.23
       med   |   20.376 |   12.185 |   12.158 |   12.141 |   12.157 |   12.240 |   20.383 |   20.378 |   12.290 |   12.290 |   12.181 |   12.179
64     4     |   20.954 |   14.538 |   14.468 |   14.505 |   14.484 |   14.600 |   20.957 |   20.948 |   14.770 |   14.768 |   14.536 |   14.531 ||  -30.62  -30.95  -30.78  -30.88  -30.32   +0.01   -0.03  -29.51  -29.52  -30.63  -30.65
       med   |   20.976 |   14.556 |   14.486 |   14.524 |   14.503 |   14.614 |   20.982 |   20.974 |   14.787 |   14.787 |   14.551 |   14.551
80     5     |   21.601 |   21.591 |   21.611 |   21.608 |   21.606 |   21.606 |   21.612 |   21.602 |   21.609 |   21.608 |   21.614 |   21.602 ||   -0.05   +0.04   +0.03   +0.02   +0.02   +0.05   +0.01   +0.04   +0.03   +0.06   +0.00
       med   |   21.627 |   21.621 |   21.634 |   21.634 |   21.634 |   21.637 |   21.633 |   21.627 |   21.634 |   21.635 |   21.635 |   21.634
96     6     |   22.377 |   22.312 |   22.393 |   22.401 |   22.402 |   22.393 |   22.396 |   22.371 |   22.400 |   22.379 |   22.397 |   22.392 ||   -0.29   +0.07   +0.11   +0.11   +0.07   +0.09   -0.02   +0.10   +0.01   +0.09   +0.07
       med   |   22.407 |   22.367 |   22.429 |   22.429 |   22.429 |   22.430 |   22.428 |   22.407 |   22.430 |   22.428 |   22.430 |   22.428
112    7     |   22.822 |   22.747 |   22.865 |   22.864 |   22.853 |   22.865 |   22.852 |   22.850 |   22.855 |   22.861 |   22.866 |   22.861 ||   -0.33   +0.19   +0.18   +0.14   +0.19   +0.13   +0.12   +0.14   +0.17   +0.19   +0.17
       med   |   22.873 |   22.783 |   22.898 |   22.900 |   22.901 |   22.901 |   22.899 |   22.882 |   22.902 |   22.900 |   22.900 |   22.900
128    8     |   21.454 |   21.459 |   21.461 |   21.450 |   21.462 |   21.460 |   21.464 |   21.459 |   21.457 |   21.461 |   21.458 |   21.463 ||   +0.02   +0.03   -0.02   +0.04   +0.03   +0.05   +0.02   +0.01   +0.04   +0.02   +0.04
       med   |   21.479 |   21.487 |   21.486 |   21.486 |   21.487 |   21.485 |   21.487 |   21.479 |   21.486 |   21.485 |   21.486 |   21.487
256    16    |   38.171 |   38.170 |   38.175 |   38.169 |   38.179 |   38.174 |   38.180 |   38.170 |   38.171 |   38.132 |   38.171 |   38.177 ||   -0.00   +0.01   -0.00   +0.02   +0.01   +0.02   -0.00   +0.00   -0.10   +0.00   +0.02
       med   |   38.208 |   38.217 |   38.212 |   38.214 |   38.212 |   38.210 |   38.211 |   38.211 |   38.211 |   38.213 |   38.210 |   38.213
512    32    |   71.096 |   71.115 |   71.113 |   71.120 |   71.115 |   71.123 |   71.127 |   71.110 |   71.115 |   71.118 |   71.123 |   71.113 ||   +0.03   +0.02   +0.03   +0.03   +0.04   +0.04   +0.02   +0.03   +0.03   +0.04   +0.02
       med   |   71.146 |   71.175 |   71.163 |   71.169 |   71.166 |   71.167 |   71.166 |   71.153 |   71.163 |   71.164 |   71.165 |   71.164
1024   64    |  138.495 |  138.498 |  138.499 |  138.502 |  138.496 |  138.526 |  138.528 |  138.496 |  138.513 |  138.530 |  138.531 |  138.512 ||   +0.00   +0.00   +0.01   +0.00   +0.02   +0.02   +0.00   +0.01   +0.02   +0.03   +0.01
       med   |  138.543 |  138.605 |  138.558 |  138.562 |  138.560 |  138.566 |  138.559 |  138.546 |  138.560 |  138.556 |  138.569 |  138.562
4096   256   |  546.892 |  546.872 |  546.875 |  546.893 |  546.894 |  546.875 |  546.875 |  546.903 |  546.871 |  546.874 |  546.813 |  546.877 ||   -0.00   -0.00   +0.00   +0.00   -0.00   -0.00   +0.00   -0.00   -0.00   -0.01   -0.00
       med   |  547.088 |  547.115 |  547.077 |  547.117 |  547.111 |  547.074 |  547.102 |  547.120 |  547.074 |  547.091 |  547.100 |  547.090
=== process binX.order3.4
SELFCHECK OK (256 whole-block lengths 1..256 blk x 12 variants; out/Xi/ivec/ret byte-identical, nothing written past 16*nblk)
bytes  blks  |     base |       c5 |       d5 |       d4 |      cl4 |       kb |     dsp0 |   baseAA |       w1 |     w1AA |       c3 |     c3AA ||      c5%      d5%      d4%     cl4%      kb%    dsp0%  baseAA%      w1%    w1AA%      c3%    c3AA%
16     1     |   19.616 |   10.562 |   10.557 |   10.557 |   10.551 |   10.605 |   19.626 |   19.619 |   10.605 |   10.605 |   10.566 |   10.565 ||  -46.16  -46.18  -46.18  -46.21  -45.94   +0.05   +0.01  -45.94  -45.94  -46.14  -46.14
       med   |   19.640 |   10.571 |   10.561 |   10.561 |   10.557 |   10.607 |   19.643 |   19.653 |   10.607 |   10.607 |   10.569 |   10.569
32     2     |   19.647 |   11.231 |   11.233 |   11.201 |   11.244 |   11.280 |   19.656 |   19.647 |   11.279 |   11.275 |   11.236 |   11.228 ||  -42.83  -42.83  -42.99  -42.77  -42.59   +0.05   +0.00  -42.59  -42.61  -42.81  -42.85
       med   |   19.663 |   11.238 |   11.250 |   11.207 |   11.267 |   11.289 |   19.672 |   19.663 |   11.288 |   11.288 |   11.244 |   11.243
48     3     |   20.355 |   12.176 |   12.149 |   12.133 |   12.143 |   12.226 |   20.365 |   20.356 |   12.276 |   12.278 |   12.170 |   12.170 ||  -40.18  -40.32  -40.39  -40.34  -39.93   +0.05   +0.01  -39.69  -39.68  -40.21  -40.21
       med   |   20.377 |   12.185 |   12.158 |   12.142 |   12.157 |   12.240 |   20.383 |   20.379 |   12.291 |   12.290 |   12.180 |   12.179
64     4     |   20.951 |   14.541 |   14.466 |   14.506 |   14.487 |   14.597 |   20.959 |   20.948 |   14.769 |   14.764 |   14.531 |   14.532 ||  -30.60  -30.96  -30.77  -30.85  -30.33   +0.03   -0.01  -29.51  -29.53  -30.64  -30.64
       med   |   20.975 |   14.556 |   14.485 |   14.523 |   14.502 |   14.614 |   20.982 |   20.974 |   14.788 |   14.787 |   14.549 |   14.549
80     5     |   21.602 |   21.584 |   21.604 |   21.612 |   21.612 |   21.604 |   21.607 |   21.600 |   21.609 |   21.609 |   21.611 |   21.611 ||   -0.08   +0.01   +0.05   +0.05   +0.01   +0.02   -0.01   +0.04   +0.03   +0.04   +0.04
       med   |   21.628 |   21.617 |   21.636 |   21.634 |   21.633 |   21.633 |   21.635 |   21.627 |   21.635 |   21.634 |   21.634 |   21.635
96     6     |   22.378 |   22.311 |   22.396 |   22.399 |   22.397 |   22.395 |   22.403 |   22.380 |   22.399 |   22.396 |   22.397 |   22.394 ||   -0.30   +0.08   +0.09   +0.09   +0.07   +0.11   +0.01   +0.09   +0.08   +0.08   +0.07
       med   |   22.407 |   22.367 |   22.428 |   22.430 |   22.427 |   22.430 |   22.426 |   22.409 |   22.429 |   22.428 |   22.429 |   22.429
112    7     |   22.828 |   22.749 |   22.852 |   22.862 |   22.858 |   22.862 |   22.865 |   22.850 |   22.857 |   22.858 |   22.861 |   22.865 ||   -0.35   +0.10   +0.15   +0.13   +0.15   +0.16   +0.10   +0.13   +0.13   +0.14   +0.16
       med   |   22.872 |   22.783 |   22.898 |   22.899 |   22.901 |   22.900 |   22.900 |   22.883 |   22.900 |   22.899 |   22.899 |   22.901
128    8     |   21.444 |   21.456 |   21.458 |   21.463 |   21.460 |   21.459 |   21.456 |   21.457 |   21.454 |   21.461 |   21.462 |   21.454 ||   +0.05   +0.06   +0.09   +0.07   +0.07   +0.05   +0.06   +0.05   +0.08   +0.08   +0.04
       med   |   21.478 |   21.486 |   21.485 |   21.485 |   21.484 |   21.484 |   21.483 |   21.480 |   21.484 |   21.485 |   21.485 |   21.484
256    16    |   38.175 |   38.174 |   38.182 |   38.179 |   38.172 |   38.166 |   38.173 |   38.174 |   38.170 |   38.172 |   38.177 |   38.178 ||   -0.00   +0.02   +0.01   -0.01   -0.02   -0.00   -0.00   -0.01   -0.01   +0.00   +0.01
       med   |   38.209 |   38.215 |   38.210 |   38.211 |   38.212 |   38.213 |   38.208 |   38.209 |   38.211 |   38.218 |   38.211 |   38.210
512    32    |   71.104 |   71.123 |   71.121 |   71.119 |   71.115 |   71.104 |   71.113 |   71.107 |   71.113 |   71.114 |   71.120 |   71.121 ||   +0.03   +0.02   +0.02   +0.01   -0.00   +0.01   +0.00   +0.01   +0.01   +0.02   +0.02
       med   |   71.149 |   71.173 |   71.168 |   71.167 |   71.166 |   71.166 |   71.172 |   71.155 |   71.168 |   71.167 |   71.166 |   71.166
1024   64    |  138.499 |  138.503 |  138.530 |  138.514 |  138.532 |  138.530 |  138.535 |  138.496 |  138.532 |  138.508 |  138.508 |  138.538 ||   +0.00   +0.02   +0.01   +0.02   +0.02   +0.03   -0.00   +0.02   +0.01   +0.01   +0.03
       med   |  138.553 |  138.599 |  138.570 |  138.562 |  138.564 |  138.563 |  138.583 |  138.558 |  138.568 |  138.563 |  138.562 |  138.572
4096   256   |  546.845 |  546.871 |  546.884 |  546.875 |  546.872 |  546.890 |  546.896 |  546.865 |  546.833 |  546.878 |  546.881 |  546.871 ||   +0.00   +0.01   +0.01   +0.01   +0.01   +0.01   +0.00   -0.00   +0.01   +0.01   +0.00
       med   |  547.062 |  547.066 |  547.066 |  547.038 |  547.071 |  547.082 |  547.095 |  547.019 |  547.036 |  547.072 |  547.077 |  547.088
=== process binX.order3.5
SELFCHECK OK (256 whole-block lengths 1..256 blk x 12 variants; out/Xi/ivec/ret byte-identical, nothing written past 16*nblk)
bytes  blks  |     base |       c5 |       d5 |       d4 |      cl4 |       kb |     dsp0 |   baseAA |       w1 |     w1AA |       c3 |     c3AA ||      c5%      d5%      d4%     cl4%      kb%    dsp0%  baseAA%      w1%    w1AA%      c3%    c3AA%
16     1     |   19.619 |   10.565 |   10.558 |   10.558 |   10.551 |   10.605 |   19.622 |   19.622 |   10.605 |   10.605 |   10.566 |   10.566 ||  -46.15  -46.19  -46.19  -46.22  -45.94   +0.01   +0.01  -45.95  -45.95  -46.15  -46.15
       med   |   19.640 |   10.570 |   10.562 |   10.561 |   10.555 |   10.607 |   19.649 |   19.643 |   10.607 |   10.607 |   10.569 |   10.569
32     2     |   19.644 |   11.232 |   11.234 |   11.199 |   11.246 |   11.279 |   19.655 |   19.645 |   11.277 |   11.276 |   11.236 |   11.229 ||  -42.82  -42.81  -42.99  -42.75  -42.59   +0.05   +0.01  -42.59  -42.60  -42.80  -42.84
       med   |   19.662 |   11.238 |   11.250 |   11.206 |   11.268 |   11.289 |   19.671 |   19.663 |   11.288 |   11.288 |   11.244 |   11.243
48     3     |   20.357 |   12.175 |   12.147 |   12.132 |   12.147 |   12.229 |   20.366 |   20.358 |   12.279 |   12.278 |   12.171 |   12.170 ||  -40.19  -40.33  -40.41  -40.33  -39.93   +0.04   +0.00  -39.68  -39.68  -40.21  -40.22
       med   |   20.378 |   12.185 |   12.158 |   12.142 |   12.157 |   12.240 |   20.383 |   20.379 |   12.291 |   12.291 |   12.180 |   12.180
64     4     |   20.954 |   14.538 |   14.469 |   14.504 |   14.484 |   14.597 |   20.952 |   20.950 |   14.766 |   14.764 |   14.530 |   14.528 ||  -30.62  -30.95  -30.78  -30.88  -30.34   -0.01   -0.02  -29.53  -29.54  -30.66  -30.67
       med   |   20.977 |   14.557 |   14.485 |   14.522 |   14.500 |   14.614 |   20.982 |   20.973 |   14.788 |   14.787 |   14.551 |   14.549
80     5     |   21.606 |   21.592 |   21.604 |   21.606 |   21.613 |   21.604 |   21.612 |   21.599 |   21.605 |   21.604 |   21.608 |   21.610 ||   -0.06   -0.01   +0.00   +0.03   -0.01   +0.03   -0.03   -0.00   -0.01   +0.01   +0.02
       med   |   21.627 |   21.621 |   21.635 |   21.634 |   21.635 |   21.635 |   21.635 |   21.627 |   21.634 |   21.634 |   21.633 |   21.635
96     6     |   22.374 |   22.310 |   22.399 |   22.397 |   22.398 |   22.392 |   22.399 |   22.371 |   22.396 |   22.397 |   22.399 |   22.396 ||   -0.29   +0.11   +0.10   +0.10   +0.08   +0.11   -0.02   +0.10   +0.10   +0.11   +0.10
       med   |   22.408 |   22.367 |   22.429 |   22.428 |   22.429 |   22.429 |   22.429 |   22.408 |   22.429 |   22.428 |   22.431 |   22.430
112    7     |   22.841 |   22.756 |   22.862 |   22.866 |   22.863 |   22.862 |   22.864 |   22.842 |   22.848 |   22.866 |   22.868 |   22.860 ||   -0.37   +0.09   +0.11   +0.09   +0.09   +0.10   +0.00   +0.03   +0.11   +0.12   +0.08
       med   |   22.872 |   22.783 |   22.898 |   22.898 |   22.899 |   22.898 |   22.898 |   22.883 |   22.899 |   22.900 |   22.900 |   22.900
128    8     |   21.457 |   21.456 |   21.456 |   21.459 |   21.456 |   21.462 |   21.453 |   21.458 |   21.459 |   21.449 |   21.452 |   21.452 ||   -0.01   -0.00   +0.01   -0.01   +0.02   -0.02   +0.01   +0.01   -0.04   -0.02   -0.02
       med   |   21.480 |   21.487 |   21.486 |   21.484 |   21.485 |   21.483 |   21.485 |   21.482 |   21.484 |   21.484 |   21.486 |   21.484
256    16    |   38.176 |   38.174 |   38.176 |   38.178 |   38.172 |   38.179 |   38.180 |   38.173 |   38.176 |   38.179 |   38.172 |   38.176 ||   -0.00   +0.00   +0.01   -0.01   +0.01   +0.01   -0.01   +0.00   +0.01   -0.01   +0.00
       med   |   38.207 |   38.217 |   38.211 |   38.211 |   38.210 |   38.210 |   38.212 |   38.210 |   38.211 |   38.210 |   38.210 |   38.211
512    32    |   71.104 |   71.121 |   71.118 |   71.117 |   71.122 |   71.125 |   71.114 |   71.101 |   71.120 |   71.118 |   71.027 |   71.116 ||   +0.02   +0.02   +0.02   +0.03   +0.03   +0.01   -0.00   +0.02   +0.02   -0.11   +0.02
       med   |   71.147 |   71.173 |   71.165 |   71.166 |   71.164 |   71.164 |   71.164 |   71.152 |   71.163 |   71.166 |   71.164 |   71.164
1024   64    |  138.495 |  138.512 |  138.515 |  138.528 |  138.518 |  138.530 |  138.522 |  138.495 |  138.518 |  138.531 |  138.530 |  138.529 ||   +0.01   +0.01   +0.02   +0.02   +0.03   +0.02   +0.00   +0.02   +0.03   +0.02   +0.02
       med   |  138.551 |  138.600 |  138.559 |  138.564 |  138.560 |  138.574 |  138.565 |  138.553 |  138.558 |  138.560 |  138.566 |  138.562
4096   256   |  546.847 |  546.875 |  546.871 |  546.899 |  546.890 |  546.870 |  546.903 |  546.878 |  546.861 |  546.888 |  546.894 |  546.851 ||   +0.01   +0.00   +0.01   +0.01   +0.00   +0.01   +0.01   +0.00   +0.01   +0.01   +0.00
       med   |  547.033 |  547.077 |  547.075 |  547.058 |  547.085 |  547.120 |  547.059 |  547.066 |  547.082 |  547.087 |  547.115 |  547.116
