## bin=binY host=gv5 core=3 reps=300 nproc=5
## O1: base baseAA w1 w1AA c3 c3AA e1 e2 e3 e4 e5 e7
## O2: base e7 e5 e4 e3 e2 e1 c3AA c3 w1AA w1 baseAA
## O3: base e1 e2 e3 e4 e5 e7 baseAA w1 w1AA c3 c3AA
=== process binY.order1.1
SELFCHECK OK (256 whole-block lengths 1..256 blk x 12 variants; out/Xi/ivec/ret byte-identical, nothing written past 16*nblk)
bytes  blks  |     base |   baseAA |       w1 |     w1AA |       c3 |     c3AA |       e1 |       e2 |       e3 |       e4 |       e5 |       e7 ||  baseAA%      w1%    w1AA%      c3%    c3AA%      e1%      e2%      e3%      e4%      e5%      e7%
16     1     |   19.618 |   19.619 |   10.605 |   10.605 |   10.566 |   10.566 |   10.552 |   10.565 |   10.552 |   10.605 |   10.585 |   10.555 ||   +0.01  -45.95  -45.94  -46.14  -46.14  -46.21  -46.15  -46.22  -45.94  -46.05  -46.20
       med   |   19.643 |   19.642 |   10.607 |   10.607 |   10.569 |   10.569 |   10.555 |   10.569 |   10.555 |   10.608 |   10.593 |   10.560
32     2     |   19.647 |   19.647 |   11.278 |   11.276 |   11.236 |   11.224 |   11.199 |   11.226 |   11.259 |   11.200 |   11.232 |   11.205 ||   +0.00  -42.60  -42.61  -42.81  -42.87  -43.00  -42.86  -42.69  -43.00  -42.83  -42.97
       med   |   19.663 |   19.664 |   11.288 |   11.287 |   11.244 |   11.243 |   11.208 |   11.248 |   11.268 |   11.213 |   11.242 |   11.213
48     3     |   20.348 |   20.355 |   12.280 |   12.277 |   12.170 |   12.168 |   12.136 |   12.207 |   12.194 |   12.167 |   12.162 |   12.147 ||   +0.03  -39.65  -39.67  -40.19  -40.20  -40.36  -40.01  -40.07  -40.21  -40.23  -40.30
       med   |   20.378 |   20.379 |   12.290 |   12.290 |   12.180 |   12.180 |   12.148 |   12.215 |   12.205 |   12.177 |   12.172 |   12.156
64     4     |   20.950 |   20.949 |   14.771 |   14.768 |   14.533 |   14.532 |   14.539 |   14.498 |   14.525 |   14.507 |   14.521 |   14.593 ||   -0.00  -29.49  -29.51  -30.63  -30.63  -30.60  -30.79  -30.67  -30.75  -30.68  -30.34
       med   |   20.974 |   20.972 |   14.787 |   14.786 |   14.550 |   14.550 |   14.555 |   14.514 |   14.541 |   14.524 |   14.539 |   14.614
80     5     |   21.601 |   21.598 |   21.608 |   21.608 |   21.614 |   21.614 |   21.611 |   21.607 |   21.608 |   21.613 |   21.610 |   21.609 ||   -0.02   +0.03   +0.03   +0.06   +0.06   +0.05   +0.02   +0.03   +0.06   +0.04   +0.04
       med   |   21.628 |   21.628 |   21.634 |   21.636 |   21.636 |   21.635 |   21.635 |   21.635 |   21.634 |   21.635 |   21.635 |   21.635
96     6     |   22.372 |   22.371 |   22.398 |   22.401 |   22.398 |   22.392 |   22.398 |   22.391 |   22.388 |   22.397 |   22.398 |   22.392 ||   -0.00   +0.12   +0.13   +0.12   +0.09   +0.12   +0.09   +0.08   +0.11   +0.12   +0.09
       med   |   22.406 |   22.407 |   22.428 |   22.428 |   22.429 |   22.431 |   22.431 |   22.429 |   22.431 |   22.429 |   22.430 |   22.429
112    7     |   22.835 |   22.845 |   22.856 |   22.858 |   22.864 |   22.859 |   22.850 |   22.854 |   22.868 |   22.858 |   22.856 |   22.866 ||   +0.04   +0.09   +0.10   +0.13   +0.11   +0.07   +0.08   +0.15   +0.10   +0.09   +0.14
       med   |   22.873 |   22.881 |   22.901 |   22.900 |   22.900 |   22.899 |   22.899 |   22.898 |   22.899 |   22.900 |   22.898 |   22.899
128    8     |   21.453 |   21.455 |   21.465 |   21.459 |   21.456 |   21.458 |   21.459 |   21.464 |   21.458 |   21.457 |   21.459 |   21.460 ||   +0.01   +0.05   +0.03   +0.01   +0.02   +0.03   +0.05   +0.02   +0.01   +0.03   +0.03
       med   |   21.480 |   21.479 |   21.485 |   21.485 |   21.486 |   21.486 |   21.487 |   21.485 |   21.485 |   21.486 |   21.485 |   21.485
256    16    |   38.158 |   38.173 |   38.170 |   38.179 |   38.173 |   38.173 |   38.171 |   38.177 |   38.179 |   38.171 |   38.161 |   38.172 ||   +0.04   +0.03   +0.06   +0.04   +0.04   +0.03   +0.05   +0.06   +0.03   +0.01   +0.04
       med   |   38.209 |   38.209 |   38.210 |   38.210 |   38.212 |   38.212 |   38.209 |   38.210 |   38.215 |   38.215 |   38.212 |   38.211
512    32    |   71.097 |   71.102 |   71.111 |   71.123 |   71.117 |   71.116 |   71.120 |   71.116 |   71.123 |   71.120 |   71.126 |   71.121 ||   +0.01   +0.02   +0.04   +0.03   +0.03   +0.03   +0.03   +0.04   +0.03   +0.04   +0.03
       med   |   71.148 |   71.151 |   71.167 |   71.165 |   71.165 |   71.163 |   71.164 |   71.165 |   71.166 |   71.163 |   71.166 |   71.167
1024   64    |  138.496 |  138.500 |  138.519 |  138.501 |  138.501 |  138.536 |  138.535 |  138.536 |  138.529 |  138.524 |  138.537 |  138.523 ||   +0.00   +0.02   +0.00   +0.00   +0.03   +0.03   +0.03   +0.02   +0.02   +0.03   +0.02
       med   |  138.535 |  138.549 |  138.573 |  138.575 |  138.571 |  138.579 |  138.573 |  138.572 |  138.574 |  138.572 |  138.580 |  138.573
4096   256   |  546.840 |  546.852 |  546.886 |  546.889 |  546.882 |  546.852 |  546.880 |  546.883 |  546.880 |  546.880 |  546.885 |  546.872 ||   +0.00   +0.01   +0.01   +0.01   +0.00   +0.01   +0.01   +0.01   +0.01   +0.01   +0.01
       med   |  547.024 |  547.052 |  547.077 |  547.080 |  547.077 |  547.069 |  547.048 |  547.050 |  547.073 |  547.090 |  547.107 |  547.083
=== process binY.order1.2
SELFCHECK OK (256 whole-block lengths 1..256 blk x 12 variants; out/Xi/ivec/ret byte-identical, nothing written past 16*nblk)
bytes  blks  |     base |   baseAA |       w1 |     w1AA |       c3 |     c3AA |       e1 |       e2 |       e3 |       e4 |       e5 |       e7 ||  baseAA%      w1%    w1AA%      c3%    c3AA%      e1%      e2%      e3%      e4%      e5%      e7%
16     1     |   19.622 |   19.617 |   10.605 |   10.605 |   10.565 |   10.565 |   10.552 |   10.565 |   10.552 |   10.606 |   10.584 |   10.556 ||   -0.03  -45.95  -45.95  -46.16  -46.16  -46.23  -46.16  -46.22  -45.95  -46.06  -46.20
       med   |   19.642 |   19.643 |   10.607 |   10.607 |   10.569 |   10.569 |   10.555 |   10.569 |   10.555 |   10.608 |   10.593 |   10.560
32     2     |   19.642 |   19.649 |   11.278 |   11.276 |   11.238 |   11.230 |   11.199 |   11.226 |   11.261 |   11.200 |   11.235 |   11.206 ||   +0.04  -42.58  -42.59  -42.79  -42.83  -42.98  -42.85  -42.67  -42.98  -42.80  -42.95
       med   |   19.661 |   19.662 |   11.288 |   11.287 |   11.244 |   11.243 |   11.207 |   11.248 |   11.267 |   11.213 |   11.242 |   11.213
48     3     |   20.359 |   20.357 |   12.278 |   12.280 |   12.171 |   12.173 |   12.134 |   12.206 |   12.196 |   12.163 |   12.163 |   12.148 ||   -0.01  -39.69  -39.68  -40.22  -40.21  -40.40  -40.05  -40.10  -40.26  -40.26  -40.33
       med   |   20.379 |   20.381 |   12.291 |   12.292 |   12.180 |   12.180 |   12.149 |   12.216 |   12.206 |   12.177 |   12.173 |   12.158
64     4     |   20.947 |   20.953 |   14.768 |   14.764 |   14.532 |   14.533 |   14.537 |   14.495 |   14.526 |   14.507 |   14.522 |   14.598 ||   +0.03  -29.50  -29.52  -30.62  -30.62  -30.60  -30.80  -30.65  -30.75  -30.67  -30.31
       med   |   20.975 |   20.974 |   14.788 |   14.786 |   14.550 |   14.551 |   14.557 |   14.515 |   14.541 |   14.524 |   14.538 |   14.614
80     5     |   21.603 |   21.607 |   21.600 |   21.607 |   21.608 |   21.603 |   21.611 |   21.610 |   21.611 |   21.604 |   21.610 |   21.611 ||   +0.01   -0.02   +0.01   +0.02   +0.00   +0.04   +0.03   +0.04   +0.00   +0.03   +0.03
       med   |   21.628 |   21.629 |   21.633 |   21.635 |   21.635 |   21.634 |   21.634 |   21.635 |   21.634 |   21.636 |   21.633 |   21.634
96     6     |   22.375 |   22.379 |   22.401 |   22.389 |   22.394 |   22.389 |   22.394 |   22.394 |   22.392 |   22.398 |   22.395 |   22.397 ||   +0.02   +0.11   +0.06   +0.09   +0.06   +0.09   +0.09   +0.08   +0.10   +0.09   +0.10
       med   |   22.405 |   22.408 |   22.430 |   22.429 |   22.428 |   22.431 |   22.428 |   22.428 |   22.429 |   22.430 |   22.430 |   22.428
112    7     |   22.842 |   22.843 |   22.862 |   22.859 |   22.864 |   22.865 |   22.859 |   22.866 |   22.854 |   22.862 |   22.860 |   22.862 ||   +0.00   +0.09   +0.07   +0.10   +0.10   +0.07   +0.10   +0.05   +0.09   +0.08   +0.09
       med   |   22.870 |   22.883 |   22.898 |   22.898 |   22.900 |   22.898 |   22.900 |   22.899 |   22.897 |   22.899 |   22.898 |   22.899
128    8     |   21.454 |   21.453 |   21.463 |   21.458 |   21.461 |   21.459 |   21.461 |   21.461 |   21.459 |   21.460 |   21.461 |   21.457 ||   -0.00   +0.04   +0.02   +0.03   +0.03   +0.03   +0.03   +0.02   +0.03   +0.04   +0.01
       med   |   21.482 |   21.479 |   21.486 |   21.487 |   21.485 |   21.486 |   21.485 |   21.486 |   21.487 |   21.485 |   21.487 |   21.488
256    16    |   38.093 |   38.168 |   38.177 |   38.168 |   38.177 |   38.179 |   38.166 |   38.169 |   38.175 |   38.176 |   38.181 |   38.160 ||   +0.20   +0.22   +0.20   +0.22   +0.23   +0.19   +0.20   +0.22   +0.22   +0.23   +0.18
       med   |   38.207 |   38.210 |   38.210 |   38.212 |   38.210 |   38.210 |   38.210 |   38.209 |   38.212 |   38.210 |   38.211 |   38.209
512    32    |   71.093 |   71.107 |   71.119 |   71.119 |   71.116 |   71.123 |   71.120 |   71.133 |   71.118 |   71.121 |   71.126 |   71.120 ||   +0.02   +0.04   +0.04   +0.03   +0.04   +0.04   +0.06   +0.04   +0.04   +0.05   +0.04
       med   |   71.144 |   71.153 |   71.162 |   71.162 |   71.164 |   71.167 |   71.163 |   71.166 |   71.164 |   71.165 |   71.162 |   71.165
1024   64    |  138.498 |  138.500 |  138.525 |  138.527 |  138.520 |  138.507 |  138.526 |  138.520 |  138.513 |  138.508 |  138.524 |  138.522 ||   +0.00   +0.02   +0.02   +0.02   +0.01   +0.02   +0.02   +0.01   +0.01   +0.02   +0.02
       med   |  138.553 |  138.559 |  138.565 |  138.564 |  138.565 |  138.561 |  138.565 |  138.562 |  138.564 |  138.562 |  138.565 |  138.561
4096   256   |  546.859 |  546.861 |  546.851 |  546.881 |  546.871 |  546.857 |  546.851 |  546.851 |  546.833 |  546.861 |  546.860 |  546.862 ||   +0.00   -0.00   +0.00   +0.00   -0.00   -0.00   -0.00   -0.00   +0.00   +0.00   +0.00
       med   |  547.097 |  547.081 |  547.115 |  547.107 |  547.111 |  547.091 |  547.137 |  547.112 |  547.100 |  547.143 |  547.131 |  547.135
=== process binY.order1.3
SELFCHECK OK (256 whole-block lengths 1..256 blk x 12 variants; out/Xi/ivec/ret byte-identical, nothing written past 16*nblk)
bytes  blks  |     base |   baseAA |       w1 |     w1AA |       c3 |     c3AA |       e1 |       e2 |       e3 |       e4 |       e5 |       e7 ||  baseAA%      w1%    w1AA%      c3%    c3AA%      e1%      e2%      e3%      e4%      e5%      e7%
16     1     |   19.621 |   19.620 |   10.605 |   10.605 |   10.566 |   10.566 |   10.551 |   10.566 |   10.552 |   10.605 |   10.581 |   10.556 ||   -0.01  -45.95  -45.95  -46.15  -46.15  -46.23  -46.15  -46.22  -45.95  -46.07  -46.20
       med   |   19.643 |   19.643 |   10.607 |   10.607 |   10.569 |   10.569 |   10.555 |   10.569 |   10.556 |   10.609 |   10.593 |   10.560
32     2     |   19.645 |   19.645 |   11.278 |   11.275 |   11.237 |   11.228 |   11.199 |   11.227 |   11.260 |   11.199 |   11.235 |   11.207 ||   +0.00  -42.59  -42.61  -42.80  -42.84  -42.99  -42.85  -42.68  -42.99  -42.81  -42.95
       med   |   19.662 |   19.664 |   11.288 |   11.287 |   11.244 |   11.243 |   11.208 |   11.248 |   11.267 |   11.213 |   11.242 |   11.213
48     3     |   20.357 |   20.359 |   12.277 |   12.277 |   12.169 |   12.168 |   12.137 |   12.206 |   12.197 |   12.164 |   12.162 |   12.144 ||   +0.01  -39.69  -39.69  -40.22  -40.23  -40.38  -40.04  -40.08  -40.25  -40.25  -40.35
       med   |   20.378 |   20.379 |   12.290 |   12.291 |   12.180 |   12.180 |   12.148 |   12.215 |   12.206 |   12.177 |   12.172 |   12.157
64     4     |   20.950 |   20.951 |   14.766 |   14.767 |   14.533 |   14.529 |   14.537 |   14.496 |   14.522 |   14.508 |   14.519 |   14.597 ||   +0.00  -29.52  -29.52  -30.63  -30.65  -30.61  -30.81  -30.68  -30.75  -30.70  -30.32
       med   |   20.975 |   20.973 |   14.787 |   14.786 |   14.550 |   14.550 |   14.555 |   14.514 |   14.541 |   14.525 |   14.538 |   14.613
80     5     |   21.598 |   21.601 |   21.610 |   21.608 |   21.612 |   21.607 |   21.611 |   21.610 |   21.610 |   21.608 |   21.611 |   21.606 ||   +0.02   +0.06   +0.05   +0.07   +0.04   +0.06   +0.06   +0.06   +0.05   +0.06   +0.04
       med   |   21.627 |   21.627 |   21.634 |   21.635 |   21.635 |   21.634 |   21.633 |   21.634 |   21.634 |   21.633 |   21.635 |   21.632
96     6     |   22.374 |   22.379 |   22.406 |   22.399 |   22.393 |   22.396 |   22.388 |   22.402 |   22.396 |   22.400 |   22.392 |   22.400 ||   +0.02   +0.14   +0.11   +0.08   +0.10   +0.06   +0.12   +0.10   +0.11   +0.08   +0.11
       med   |   22.407 |   22.407 |   22.429 |   22.431 |   22.429 |   22.431 |   22.429 |   22.427 |   22.430 |   22.431 |   22.430 |   22.429
112    7     |   22.833 |   22.848 |   22.861 |   22.861 |   22.861 |   22.857 |   22.864 |   22.850 |   22.863 |   22.860 |   22.862 |   22.860 ||   +0.07   +0.12   +0.12   +0.12   +0.11   +0.14   +0.08   +0.13   +0.12   +0.13   +0.12
       med   |   22.873 |   22.882 |   22.901 |   22.899 |   22.900 |   22.899 |   22.900 |   22.899 |   22.898 |   22.898 |   22.897 |   22.899
128    8     |   21.453 |   21.455 |   21.460 |   21.462 |   21.459 |   21.460 |   21.455 |   21.461 |   21.460 |   21.463 |   21.458 |   21.457 ||   +0.01   +0.03   +0.04   +0.03   +0.03   +0.01   +0.04   +0.03   +0.05   +0.02   +0.02
       med   |   21.481 |   21.479 |   21.486 |   21.484 |   21.487 |   21.485 |   21.486 |   21.486 |   21.485 |   21.486 |   21.486 |   21.486
256    16    |   38.167 |   38.175 |   38.177 |   38.173 |   38.172 |   38.174 |   38.172 |   38.167 |   38.176 |   38.168 |   38.170 |   38.168 ||   +0.02   +0.03   +0.01   +0.01   +0.02   +0.01   -0.00   +0.02   +0.00   +0.01   +0.00
       med   |   38.209 |   38.209 |   38.210 |   38.208 |   38.212 |   38.210 |   38.211 |   38.209 |   38.210 |   38.210 |   38.210 |   38.210
512    32    |   71.108 |   71.098 |   71.119 |   71.121 |   71.122 |   71.128 |   71.122 |   71.126 |   71.118 |   71.103 |   71.118 |   71.118 ||   -0.01   +0.02   +0.02   +0.02   +0.03   +0.02   +0.03   +0.01   -0.01   +0.01   +0.01
       med   |   71.150 |   71.155 |   71.168 |   71.166 |   71.168 |   71.172 |   71.170 |   71.166 |   71.166 |   71.169 |   71.170 |   71.168
1024   64    |  138.506 |  138.493 |  138.517 |  138.518 |  138.523 |  138.524 |  138.524 |  138.521 |  138.523 |  138.504 |  138.518 |  138.520 ||   -0.01   +0.01   +0.01   +0.01   +0.01   +0.01   +0.01   +0.01   -0.00   +0.01   +0.01
       med   |  138.536 |  138.552 |  138.552 |  138.556 |  138.553 |  138.559 |  138.551 |  138.554 |  138.549 |  138.551 |  138.554 |  138.549
4096   256   |  546.832 |  546.846 |  546.850 |  546.857 |  546.856 |  546.885 |  546.860 |  546.854 |  546.842 |  546.851 |  546.865 |  546.869 ||   +0.00   +0.00   +0.00   +0.00   +0.01   +0.01   +0.00   +0.00   +0.00   +0.01   +0.01
       med   |  547.029 |  547.045 |  547.062 |  547.051 |  547.061 |  547.050 |  547.041 |  547.048 |  547.040 |  547.056 |  547.066 |  547.056
=== process binY.order1.4
SELFCHECK OK (256 whole-block lengths 1..256 blk x 12 variants; out/Xi/ivec/ret byte-identical, nothing written past 16*nblk)
bytes  blks  |     base |   baseAA |       w1 |     w1AA |       c3 |     c3AA |       e1 |       e2 |       e3 |       e4 |       e5 |       e7 ||  baseAA%      w1%    w1AA%      c3%    c3AA%      e1%      e2%      e3%      e4%      e5%      e7%
16     1     |   19.621 |   19.620 |   10.605 |   10.605 |   10.566 |   10.565 |   10.552 |   10.566 |   10.552 |   10.606 |   10.585 |   10.556 ||   -0.01  -45.95  -45.95  -46.15  -46.15  -46.22  -46.15  -46.22  -45.95  -46.05  -46.20
       med   |   19.644 |   19.643 |   10.607 |   10.607 |   10.569 |   10.569 |   10.556 |   10.569 |   10.555 |   10.608 |   10.593 |   10.560
32     2     |   19.638 |   19.646 |   11.278 |   11.275 |   11.236 |   11.230 |   11.200 |   11.226 |   11.260 |   11.199 |   11.235 |   11.206 ||   +0.04  -42.57  -42.58  -42.78  -42.81  -42.97  -42.83  -42.66  -42.97  -42.79  -42.94
       med   |   19.661 |   19.663 |   11.288 |   11.287 |   11.244 |   11.243 |   11.208 |   11.249 |   11.268 |   11.214 |   11.243 |   11.213
48     3     |   20.350 |   20.356 |   12.280 |   12.279 |   12.170 |   12.169 |   12.134 |   12.206 |   12.194 |   12.166 |   12.162 |   12.147 ||   +0.03  -39.66  -39.66  -40.20  -40.20  -40.38  -40.02  -40.08  -40.22  -40.24  -40.31
       med   |   20.377 |   20.379 |   12.291 |   12.291 |   12.179 |   12.179 |   12.149 |   12.215 |   12.207 |   12.177 |   12.172 |   12.157
64     4     |   20.949 |   20.949 |   14.768 |   14.769 |   14.531 |   14.532 |   14.538 |   14.494 |   14.524 |   14.503 |   14.520 |   14.596 ||   +0.00  -29.51  -29.50  -30.64  -30.63  -30.60  -30.81  -30.67  -30.77  -30.69  -30.33
       med   |   20.977 |   20.975 |   14.788 |   14.787 |   14.549 |   14.550 |   14.557 |   14.515 |   14.542 |   14.525 |   14.539 |   14.614
80     5     |   21.607 |   21.596 |   21.606 |   21.612 |   21.609 |   21.608 |   21.605 |   21.605 |   21.615 |   21.606 |   21.607 |   21.613 ||   -0.05   -0.01   +0.02   +0.01   +0.01   -0.01   -0.01   +0.04   -0.00   +0.00   +0.03
       med   |   21.629 |   21.628 |   21.633 |   21.634 |   21.634 |   21.634 |   21.633 |   21.636 |   21.635 |   21.633 |   21.635 |   21.634
96     6     |   22.379 |   22.377 |   22.395 |   22.394 |   22.401 |   22.400 |   22.394 |   22.389 |   22.389 |   22.403 |   22.395 |   22.397 ||   -0.01   +0.07   +0.07   +0.10   +0.09   +0.07   +0.04   +0.04   +0.11   +0.07   +0.08
       med   |   22.407 |   22.405 |   22.428 |   22.428 |   22.427 |   22.427 |   22.428 |   22.431 |   22.431 |   22.429 |   22.429 |   22.428
112    7     |   22.835 |   22.845 |   22.861 |   22.860 |   22.859 |   22.859 |   22.865 |   22.861 |   22.862 |   22.855 |   22.862 |   22.854 ||   +0.04   +0.12   +0.11   +0.11   +0.10   +0.13   +0.11   +0.12   +0.09   +0.12   +0.08
       med   |   22.873 |   22.881 |   22.903 |   22.898 |   22.901 |   22.898 |   22.901 |   22.899 |   22.899 |   22.900 |   22.900 |   22.898
128    8     |   21.451 |   21.458 |   21.461 |   21.464 |   21.460 |   21.452 |   21.460 |   21.461 |   21.456 |   21.457 |   21.459 |   21.460 ||   +0.03   +0.05   +0.06   +0.05   +0.01   +0.04   +0.05   +0.03   +0.03   +0.04   +0.04
       med   |   21.482 |   21.479 |   21.484 |   21.485 |   21.485 |   21.484 |   21.485 |   21.483 |   21.485 |   21.486 |   21.484 |   21.485
256    16    |   38.160 |   38.176 |   38.174 |   38.167 |   38.176 |   38.180 |   38.181 |   38.177 |   38.171 |   38.181 |   38.175 |   38.164 ||   +0.04   +0.04   +0.02   +0.04   +0.05   +0.05   +0.04   +0.03   +0.06   +0.04   +0.01
       med   |   38.209 |   38.210 |   38.210 |   38.212 |   38.210 |   38.212 |   38.210 |   38.213 |   38.209 |   38.209 |   38.212 |   38.210
512    32    |   71.109 |   71.063 |   71.111 |   71.126 |   71.110 |   71.132 |   71.133 |   71.122 |   71.122 |   71.125 |   71.130 |   71.116 ||   -0.06   +0.00   +0.02   +0.00   +0.03   +0.03   +0.02   +0.02   +0.02   +0.03   +0.01
       med   |   71.147 |   71.152 |   71.163 |   71.161 |   71.163 |   71.168 |   71.172 |   71.161 |   71.165 |   71.165 |   71.167 |   71.165
1024   64    |  138.512 |  138.492 |  138.523 |  138.524 |  138.525 |  138.514 |  138.517 |  138.520 |  138.523 |  138.529 |  138.524 |  138.512 ||   -0.01   +0.01   +0.01   +0.01   +0.00   +0.00   +0.01   +0.01   +0.01   +0.01   +0.00
       med   |  138.542 |  138.546 |  138.554 |  138.550 |  138.557 |  138.552 |  138.552 |  138.552 |  138.553 |  138.557 |  138.550 |  138.551
4096   256   |  546.851 |  546.850 |  546.843 |  546.861 |  546.847 |  546.830 |  546.855 |  546.865 |  546.864 |  546.846 |  546.861 |  546.842 ||   -0.00   -0.00   +0.00   -0.00   -0.00   +0.00   +0.00   +0.00   -0.00   +0.00   -0.00
       med   |  546.997 |  547.032 |  547.029 |  547.024 |  547.018 |  547.022 |  547.024 |  547.034 |  547.064 |  547.010 |  547.018 |  547.031
=== process binY.order1.5
SELFCHECK OK (256 whole-block lengths 1..256 blk x 12 variants; out/Xi/ivec/ret byte-identical, nothing written past 16*nblk)
bytes  blks  |     base |   baseAA |       w1 |     w1AA |       c3 |     c3AA |       e1 |       e2 |       e3 |       e4 |       e5 |       e7 ||  baseAA%      w1%    w1AA%      c3%    c3AA%      e1%      e2%      e3%      e4%      e5%      e7%
16     1     |   19.620 |   19.619 |   10.605 |   10.605 |   10.566 |   10.565 |   10.551 |   10.566 |   10.551 |   10.605 |   10.584 |   10.555 ||   -0.00  -45.95  -45.95  -46.15  -46.15  -46.22  -46.15  -46.22  -45.95  -46.06  -46.20
       med   |   19.642 |   19.641 |   10.607 |   10.607 |   10.569 |   10.569 |   10.555 |   10.569 |   10.555 |   10.608 |   10.593 |   10.560
32     2     |   19.643 |   19.642 |   11.278 |   11.276 |   11.237 |   11.230 |   11.202 |   11.226 |   11.260 |   11.198 |   11.236 |   11.207 ||   -0.00  -42.58  -42.60  -42.79  -42.83  -42.97  -42.85  -42.68  -43.00  -42.80  -42.95
       med   |   19.663 |   19.663 |   11.288 |   11.287 |   11.244 |   11.243 |   11.208 |   11.248 |   11.267 |   11.214 |   11.242 |   11.213
48     3     |   20.356 |   20.360 |   12.274 |   12.276 |   12.166 |   12.170 |   12.139 |   12.203 |   12.197 |   12.165 |   12.164 |   12.145 ||   +0.02  -39.70  -39.69  -40.23  -40.21  -40.37  -40.05  -40.08  -40.24  -40.25  -40.33
       med   |   20.378 |   20.379 |   12.291 |   12.290 |   12.179 |   12.180 |   12.148 |   12.215 |   12.206 |   12.177 |   12.172 |   12.156
64     4     |   20.949 |   20.949 |   14.769 |   14.760 |   14.533 |   14.534 |   14.539 |   14.496 |   14.524 |   14.495 |   14.522 |   14.596 ||   -0.00  -29.50  -29.54  -30.63  -30.62  -30.60  -30.80  -30.67  -30.81  -30.68  -30.33
       med   |   20.973 |   20.973 |   14.788 |   14.787 |   14.550 |   14.550 |   14.555 |   14.514 |   14.542 |   14.524 |   14.538 |   14.614
80     5     |   21.597 |   21.601 |   21.608 |   21.606 |   21.608 |   21.608 |   21.611 |   21.612 |   21.610 |   21.608 |   21.607 |   21.611 ||   +0.02   +0.05   +0.04   +0.05   +0.05   +0.06   +0.07   +0.06   +0.05   +0.05   +0.06
       med   |   21.628 |   21.627 |   21.634 |   21.634 |   21.636 |   21.634 |   21.634 |   21.635 |   21.633 |   21.632 |   21.634 |   21.634
96     6     |   22.372 |   22.375 |   22.398 |   22.386 |   22.392 |   22.385 |   22.399 |   22.395 |   22.378 |   22.385 |   22.393 |   22.392 ||   +0.02   +0.12   +0.07   +0.09   +0.06   +0.12   +0.10   +0.03   +0.06   +0.10   +0.09
       med   |   22.407 |   22.407 |   22.430 |   22.429 |   22.429 |   22.429 |   22.429 |   22.428 |   22.427 |   22.428 |   22.428 |   22.430
112    7     |   22.834 |   22.845 |   22.860 |   22.860 |   22.845 |   22.866 |   22.863 |   22.853 |   22.851 |   22.856 |   22.859 |   22.859 ||   +0.05   +0.11   +0.11   +0.05   +0.14   +0.13   +0.08   +0.07   +0.10   +0.11   +0.11
       med   |   22.874 |   22.880 |   22.898 |   22.898 |   22.900 |   22.901 |   22.899 |   22.901 |   22.900 |   22.900 |   22.900 |   22.902
128    8     |   21.444 |   21.447 |   21.460 |   21.462 |   21.462 |   21.458 |   21.463 |   21.459 |   21.454 |   21.459 |   21.461 |   21.462 ||   +0.02   +0.07   +0.08   +0.09   +0.07   +0.09   +0.07   +0.05   +0.07   +0.08   +0.08
       med   |   21.481 |   21.478 |   21.486 |   21.485 |   21.486 |   21.486 |   21.486 |   21.486 |   21.483 |   21.487 |   21.486 |   21.484
256    16    |   38.163 |   38.176 |   38.184 |   38.178 |   38.164 |   38.177 |   38.174 |   38.177 |   38.174 |   38.172 |   38.179 |   38.177 ||   +0.03   +0.06   +0.04   +0.00   +0.04   +0.03   +0.04   +0.03   +0.03   +0.04   +0.04
       med   |   38.209 |   38.210 |   38.211 |   38.210 |   38.210 |   38.211 |   38.210 |   38.209 |   38.208 |   38.212 |   38.210 |   38.209
512    32    |   71.103 |   71.099 |   71.110 |   71.115 |   71.118 |   71.104 |   71.117 |   71.114 |   71.122 |   71.090 |   71.112 |   71.120 ||   -0.01   +0.01   +0.02   +0.02   +0.00   +0.02   +0.02   +0.03   -0.02   +0.01   +0.02
       med   |   71.145 |   71.149 |   71.166 |   71.161 |   71.164 |   71.170 |   71.163 |   71.160 |   71.165 |   71.159 |   71.162 |   71.164
1024   64    |  138.496 |  138.495 |  138.524 |  138.500 |  138.498 |  138.496 |  138.500 |  138.517 |  138.499 |  138.501 |  138.495 |  138.504 ||   -0.00   +0.02   +0.00   +0.00   +0.00   +0.00   +0.02   +0.00   +0.00   -0.00   +0.01
       med   |  138.540 |  138.540 |  138.562 |  138.561 |  138.558 |  138.556 |  138.560 |  138.560 |  138.555 |  138.558 |  138.553 |  138.553
4096   256   |  546.880 |  546.846 |  546.886 |  546.883 |  546.889 |  546.875 |  546.881 |  546.887 |  546.881 |  546.840 |  546.862 |  546.913 ||   -0.01   +0.00   +0.00   +0.00   -0.00   +0.00   +0.00   +0.00   -0.01   -0.00   +0.01
       med   |  547.063 |  547.047 |  547.098 |  547.077 |  547.119 |  547.106 |  547.098 |  547.078 |  547.069 |  547.076 |  547.073 |  547.103
=== process binY.order2.1
SELFCHECK OK (256 whole-block lengths 1..256 blk x 12 variants; out/Xi/ivec/ret byte-identical, nothing written past 16*nblk)
bytes  blks  |     base |       e7 |       e5 |       e4 |       e3 |       e2 |       e1 |     c3AA |       c3 |     w1AA |       w1 |   baseAA ||      e7%      e5%      e4%      e3%      e2%      e1%    c3AA%      c3%    w1AA%      w1%  baseAA%
16     1     |   19.618 |   10.556 |   10.583 |   10.605 |   10.551 |   10.565 |   10.552 |   10.566 |   10.565 |   10.605 |   10.605 |   19.622 ||  -46.19  -46.05  -45.94  -46.22  -46.15  -46.21  -46.14  -46.15  -45.94  -45.94   +0.02
       med   |   19.643 |   10.561 |   10.593 |   10.608 |   10.555 |   10.569 |   10.555 |   10.569 |   10.569 |   10.607 |   10.607 |   19.644
32     2     |   19.644 |   11.206 |   11.233 |   11.207 |   11.240 |   11.242 |   11.195 |   11.238 |   11.229 |   11.278 |   11.274 |   19.645 ||  -42.95  -42.82  -42.95  -42.78  -42.77  -43.01  -42.79  -42.84  -42.58  -42.61   +0.01
       med   |   19.661 |   11.213 |   11.242 |   11.214 |   11.267 |   11.249 |   11.207 |   11.244 |   11.243 |   11.288 |   11.287 |   19.662
48     3     |   20.357 |   12.147 |   12.160 |   12.167 |   12.197 |   12.205 |   12.135 |   12.171 |   12.170 |   12.279 |   12.280 |   20.358 ||  -40.33  -40.27  -40.23  -40.09  -40.04  -40.39  -40.21  -40.22  -39.68  -39.68   +0.00
       med   |   20.378 |   12.157 |   12.172 |   12.177 |   12.207 |   12.215 |   12.149 |   12.180 |   12.180 |   12.291 |   12.291 |   20.379
64     4     |   20.949 |   14.600 |   14.522 |   14.505 |   14.526 |   14.499 |   14.537 |   14.532 |   14.534 |   14.767 |   14.769 |   20.954 ||  -30.31  -30.68  -30.76  -30.66  -30.79  -30.61  -30.63  -30.62  -29.51  -29.50   +0.02
       med   |   20.976 |   14.614 |   14.537 |   14.524 |   14.542 |   14.515 |   14.556 |   14.550 |   14.552 |   14.788 |   14.788 |   20.976
80     5     |   21.607 |   21.585 |   21.609 |   21.611 |   21.613 |   21.611 |   21.607 |   21.610 |   21.609 |   21.611 |   21.612 |   21.603 ||   -0.10   +0.01   +0.02   +0.03   +0.02   +0.00   +0.02   +0.01   +0.02   +0.02   -0.02
       med   |   21.629 |   21.624 |   21.634 |   21.634 |   21.633 |   21.635 |   21.636 |   21.635 |   21.635 |   21.634 |   21.635 |   21.628
96     6     |   22.375 |   22.313 |   22.399 |   22.389 |   22.402 |   22.396 |   22.395 |   22.398 |   22.400 |   22.394 |   22.395 |   22.371 ||   -0.28   +0.11   +0.06   +0.12   +0.09   +0.09   +0.10   +0.11   +0.08   +0.09   -0.02
       med   |   22.408 |   22.368 |   22.428 |   22.430 |   22.431 |   22.429 |   22.429 |   22.431 |   22.431 |   22.430 |   22.429 |   22.407
112    7     |   22.837 |   22.755 |   22.861 |   22.861 |   22.858 |   22.867 |   22.861 |   22.859 |   22.861 |   22.863 |   22.863 |   22.831 ||   -0.36   +0.11   +0.10   +0.09   +0.13   +0.11   +0.10   +0.11   +0.11   +0.11   -0.03
       med   |   22.873 |   22.782 |   22.899 |   22.899 |   22.902 |   22.900 |   22.899 |   22.901 |   22.900 |   22.901 |   22.900 |   22.874
128    8     |   21.455 |   21.462 |   21.462 |   21.461 |   21.463 |   21.462 |   21.455 |   21.464 |   21.460 |   21.459 |   21.465 |   21.456 ||   +0.03   +0.03   +0.03   +0.04   +0.03   +0.00   +0.04   +0.02   +0.02   +0.05   +0.00
       med   |   21.480 |   21.489 |   21.486 |   21.487 |   21.486 |   21.486 |   21.486 |   21.488 |   21.487 |   21.488 |   21.487 |   21.481
256    16    |   38.169 |   38.178 |   38.172 |   38.173 |   38.181 |   38.172 |   38.173 |   38.178 |   38.176 |   38.172 |   38.176 |   38.168 ||   +0.02   +0.01   +0.01   +0.03   +0.01   +0.01   +0.03   +0.02   +0.01   +0.02   -0.00
       med   |   38.206 |   38.215 |   38.210 |   38.211 |   38.213 |   38.211 |   38.210 |   38.211 |   38.212 |   38.212 |   38.211 |   38.207
512    32    |   71.102 |   71.122 |   71.125 |   71.111 |   71.121 |   71.127 |   71.117 |   71.130 |   71.125 |   71.122 |   71.122 |   71.110 ||   +0.03   +0.03   +0.01   +0.03   +0.03   +0.02   +0.04   +0.03   +0.03   +0.03   +0.01
       med   |   71.146 |   71.175 |   71.166 |   71.168 |   71.167 |   71.168 |   71.167 |   71.167 |   71.163 |   71.166 |   71.169 |   71.145
1024   64    |  138.496 |  138.504 |  138.531 |  138.530 |  138.522 |  138.533 |  138.534 |  138.524 |  138.529 |  138.521 |  138.528 |  138.496 ||   +0.01   +0.03   +0.02   +0.02   +0.03   +0.03   +0.02   +0.02   +0.02   +0.02   +0.00
       med   |  138.554 |  138.603 |  138.566 |  138.566 |  138.561 |  138.573 |  138.562 |  138.564 |  138.567 |  138.561 |  138.560 |  138.554
4096   256   |  546.841 |  546.865 |  546.879 |  546.857 |  546.878 |  546.885 |  546.861 |  546.890 |  546.895 |  546.894 |  546.883 |  546.833 ||   +0.00   +0.01   +0.00   +0.01   +0.01   +0.00   +0.01   +0.01   +0.01   +0.01   -0.00
       med   |  547.032 |  547.086 |  547.074 |  547.043 |  547.067 |  547.060 |  547.036 |  547.089 |  547.090 |  547.039 |  547.047 |  547.032
=== process binY.order2.2
SELFCHECK OK (256 whole-block lengths 1..256 blk x 12 variants; out/Xi/ivec/ret byte-identical, nothing written past 16*nblk)
bytes  blks  |     base |       e7 |       e5 |       e4 |       e3 |       e2 |       e1 |     c3AA |       c3 |     w1AA |       w1 |   baseAA ||      e7%      e5%      e4%      e3%      e2%      e1%    c3AA%      c3%    w1AA%      w1%  baseAA%
16     1     |   19.618 |   10.555 |   10.584 |   10.606 |   10.551 |   10.566 |   10.550 |   10.565 |   10.565 |   10.605 |   10.605 |   19.618 ||  -46.20  -46.05  -45.94  -46.22  -46.14  -46.22  -46.14  -46.15  -45.94  -45.94   -0.00
       med   |   19.644 |   10.560 |   10.593 |   10.608 |   10.555 |   10.569 |   10.555 |   10.569 |   10.569 |   10.607 |   10.607 |   19.642
32     2     |   19.643 |   11.205 |   11.232 |   11.208 |   11.238 |   11.242 |   11.194 |   11.237 |   11.228 |   11.278 |   11.276 |   19.641 ||  -42.95  -42.82  -42.94  -42.79  -42.77  -43.02  -42.79  -42.84  -42.58  -42.60   -0.01
       med   |   19.662 |   11.213 |   11.242 |   11.214 |   11.267 |   11.249 |   11.207 |   11.244 |   11.243 |   11.288 |   11.287 |   19.661
48     3     |   20.355 |   12.147 |   12.159 |   12.164 |   12.195 |   12.203 |   12.137 |   12.169 |   12.168 |   12.278 |   12.276 |   20.354 ||  -40.32  -40.26  -40.24  -40.09  -40.05  -40.37  -40.22  -40.22  -39.68  -39.69   -0.01
       med   |   20.378 |   12.157 |   12.171 |   12.176 |   12.206 |   12.215 |   12.148 |   12.179 |   12.180 |   12.290 |   12.290 |   20.378
64     4     |   20.955 |   14.593 |   14.521 |   14.503 |   14.524 |   14.498 |   14.539 |   14.532 |   14.530 |   14.770 |   14.763 |   20.945 ||  -30.36  -30.71  -30.79  -30.69  -30.81  -30.62  -30.65  -30.66  -29.52  -29.55   -0.05
       med   |   20.975 |   14.613 |   14.537 |   14.525 |   14.542 |   14.514 |   14.556 |   14.551 |   14.551 |   14.789 |   14.787 |   20.976
80     5     |   21.599 |   21.591 |   21.612 |   21.608 |   21.614 |   21.611 |   21.604 |   21.609 |   21.610 |   21.609 |   21.610 |   21.601 ||   -0.04   +0.06   +0.04   +0.07   +0.05   +0.02   +0.04   +0.05   +0.04   +0.05   +0.01
       med   |   21.625 |   21.620 |   21.635 |   21.634 |   21.634 |   21.634 |   21.635 |   21.633 |   21.634 |   21.633 |   21.635 |   21.629
96     6     |   22.378 |   22.314 |   22.399 |   22.397 |   22.389 |   22.398 |   22.402 |   22.399 |   22.399 |   22.396 |   22.397 |   22.366 ||   -0.29   +0.09   +0.09   +0.05   +0.09   +0.11   +0.09   +0.10   +0.08   +0.08   -0.06
       med   |   22.408 |   22.366 |   22.427 |   22.431 |   22.429 |   22.430 |   22.429 |   22.429 |   22.429 |   22.428 |   22.431 |   22.407
112    7     |   22.837 |   22.748 |   22.845 |   22.863 |   22.861 |   22.852 |   22.848 |   22.863 |   22.868 |   22.859 |   22.860 |   22.819 ||   -0.39   +0.03   +0.11   +0.11   +0.06   +0.05   +0.11   +0.13   +0.10   +0.10   -0.08
       med   |   22.873 |   22.782 |   22.899 |   22.900 |   22.900 |   22.899 |   22.900 |   22.903 |   22.900 |   22.900 |   22.899 |   22.873
128    8     |   21.455 |   21.462 |   21.456 |   21.458 |   21.461 |   21.460 |   21.460 |   21.461 |   21.459 |   21.463 |   21.459 |   21.455 ||   +0.04   +0.01   +0.02   +0.03   +0.03   +0.03   +0.03   +0.02   +0.04   +0.02   +0.00
       med   |   21.482 |   21.488 |   21.486 |   21.486 |   21.486 |   21.484 |   21.485 |   21.486 |   21.485 |   21.487 |   21.486 |   21.480
256    16    |   37.891 |   38.171 |   38.174 |   38.176 |   38.180 |   38.167 |   38.172 |   38.171 |   38.171 |   38.169 |   38.178 |   38.172 ||   +0.74   +0.75   +0.75   +0.76   +0.73   +0.74   +0.74   +0.74   +0.73   +0.76   +0.74
       med   |   38.208 |   38.215 |   38.211 |   38.211 |   38.213 |   38.211 |   38.209 |   38.210 |   38.210 |   38.208 |   38.211 |   38.206
512    32    |   70.709 |   71.125 |   71.104 |   71.110 |   71.124 |   71.110 |   71.127 |   71.113 |   71.104 |   71.105 |   71.110 |   71.097 ||   +0.59   +0.56   +0.57   +0.59   +0.57   +0.59   +0.57   +0.56   +0.56   +0.57   +0.55
       med   |   71.144 |   71.183 |   71.162 |   71.165 |   71.163 |   71.163 |   71.169 |   71.164 |   71.161 |   71.164 |   71.162 |   71.148
1024   64    |  138.495 |  138.526 |  138.523 |  138.530 |  138.523 |  138.530 |  138.523 |  138.530 |  138.499 |  138.531 |  138.536 |  138.495 ||   +0.02   +0.02   +0.02   +0.02   +0.03   +0.02   +0.03   +0.00   +0.03   +0.03   +0.00
       med   |  138.540 |  138.612 |  138.571 |  138.577 |  138.569 |  138.571 |  138.576 |  138.571 |  138.572 |  138.571 |  138.571 |  138.541
4096   256   |  546.826 |  546.846 |  546.885 |  546.907 |  546.850 |  546.880 |  546.854 |  546.878 |  546.861 |  546.875 |  546.888 |  546.845 ||   +0.00   +0.01   +0.01   +0.00   +0.01   +0.01   +0.01   +0.01   +0.01   +0.01   +0.00
       med   |  547.021 |  547.080 |  547.044 |  547.061 |  547.066 |  547.083 |  547.048 |  547.082 |  547.057 |  547.051 |  547.056 |  547.048
=== process binY.order2.3
SELFCHECK OK (256 whole-block lengths 1..256 blk x 12 variants; out/Xi/ivec/ret byte-identical, nothing written past 16*nblk)
bytes  blks  |     base |       e7 |       e5 |       e4 |       e3 |       e2 |       e1 |     c3AA |       c3 |     w1AA |       w1 |   baseAA ||      e7%      e5%      e4%      e3%      e2%      e1%    c3AA%      c3%    w1AA%      w1%  baseAA%
16     1     |   19.626 |   10.556 |   10.584 |   10.606 |   10.552 |   10.566 |   10.551 |   10.565 |   10.564 |   10.605 |   10.604 |   19.617 ||  -46.21  -46.07  -45.96  -46.24  -46.16  -46.24  -46.17  -46.17  -45.97  -45.97   -0.04
       med   |   19.642 |   10.561 |   10.594 |   10.608 |   10.556 |   10.569 |   10.555 |   10.569 |   10.569 |   10.607 |   10.607 |   19.643
32     2     |   19.642 |   11.207 |   11.233 |   11.207 |   11.239 |   11.240 |   11.192 |   11.237 |   11.228 |   11.278 |   11.276 |   19.647 ||  -42.94  -42.81  -42.94  -42.78  -42.78  -43.02  -42.79  -42.84  -42.58  -42.59   +0.03
       med   |   19.661 |   11.213 |   11.242 |   11.214 |   11.267 |   11.249 |   11.207 |   11.244 |   11.243 |   11.288 |   11.287 |   19.661
48     3     |   20.357 |   12.146 |   12.162 |   12.165 |   12.195 |   12.206 |   12.140 |   12.171 |   12.169 |   12.279 |   12.278 |   20.350 ||  -40.34  -40.26  -40.24  -40.10  -40.04  -40.36  -40.21  -40.22  -39.68  -39.69   -0.04
       med   |   20.377 |   12.157 |   12.172 |   12.177 |   12.207 |   12.216 |   12.149 |   12.180 |   12.180 |   12.291 |   12.290 |   20.378
64     4     |   20.952 |   14.596 |   14.518 |   14.510 |   14.525 |   14.497 |   14.537 |   14.534 |   14.529 |   14.770 |   14.764 |   20.951 ||  -30.34  -30.71  -30.75  -30.68  -30.81  -30.62  -30.64  -30.66  -29.51  -29.53   -0.01
       med   |   20.978 |   14.615 |   14.538 |   14.524 |   14.543 |   14.515 |   14.557 |   14.551 |   14.551 |   14.789 |   14.788 |   20.977
80     5     |   21.603 |   21.592 |   21.606 |   21.614 |   21.612 |   21.612 |   21.608 |   21.612 |   21.609 |   21.607 |   21.612 |   21.600 ||   -0.05   +0.02   +0.05   +0.04   +0.04   +0.03   +0.04   +0.03   +0.02   +0.04   -0.02
       med   |   21.629 |   21.621 |   21.636 |   21.636 |   21.636 |   21.635 |   21.634 |   21.636 |   21.638 |   21.635 |   21.635 |   21.628
96     6     |   22.373 |   22.307 |   22.396 |   22.394 |   22.395 |   22.397 |   22.392 |   22.392 |   22.402 |   22.393 |   22.400 |   22.382 ||   -0.30   +0.10   +0.09   +0.10   +0.11   +0.09   +0.08   +0.13   +0.09   +0.12   +0.04
       med   |   22.408 |   22.368 |   22.431 |   22.432 |   22.430 |   22.431 |   22.430 |   22.430 |   22.430 |   22.430 |   22.430 |   22.410
112    7     |   22.829 |   22.750 |   22.862 |   22.866 |   22.860 |   22.842 |   22.865 |   22.856 |   22.859 |   22.860 |   22.858 |   22.831 ||   -0.35   +0.15   +0.17   +0.14   +0.06   +0.16   +0.12   +0.13   +0.14   +0.13   +0.01
       med   |   22.874 |   22.784 |   22.899 |   22.901 |   22.900 |   22.899 |   22.901 |   22.900 |   22.899 |   22.901 |   22.899 |   22.875
128    8     |   21.453 |   21.458 |   21.461 |   21.462 |   21.463 |   21.463 |   21.462 |   21.460 |   21.456 |   21.457 |   21.461 |   21.458 ||   +0.02   +0.04   +0.04   +0.05   +0.04   +0.04   +0.03   +0.01   +0.02   +0.04   +0.02
       med   |   21.482 |   21.489 |   21.487 |   21.487 |   21.488 |   21.488 |   21.486 |   21.486 |   21.488 |   21.488 |   21.489 |   21.482
256    16    |   38.166 |   38.183 |   38.172 |   38.177 |   38.168 |   38.173 |   38.173 |   38.179 |   38.180 |   38.177 |   38.182 |   38.177 ||   +0.04   +0.02   +0.03   +0.01   +0.02   +0.02   +0.03   +0.04   +0.03   +0.04   +0.03
       med   |   38.208 |   38.217 |   38.211 |   38.211 |   38.211 |   38.210 |   38.212 |   38.212 |   38.212 |   38.211 |   38.215 |   38.208
512    32    |   71.113 |   71.121 |   71.126 |   71.121 |   71.099 |   71.122 |   71.122 |   71.120 |   71.121 |   71.125 |   71.130 |   71.110 ||   +0.01   +0.02   +0.01   -0.02   +0.01   +0.01   +0.01   +0.01   +0.02   +0.02   -0.00
       med   |   71.148 |   71.178 |   71.168 |   71.166 |   71.167 |   71.168 |   71.169 |   71.167 |   71.168 |   71.167 |   71.171 |   71.148
1024   64    |  138.500 |  138.512 |  138.536 |  138.516 |  138.525 |  138.530 |  138.524 |  138.534 |  138.535 |  138.529 |  138.529 |  138.499 ||   +0.01   +0.03   +0.01   +0.02   +0.02   +0.02   +0.02   +0.03   +0.02   +0.02   -0.00
       med   |  138.558 |  138.614 |  138.563 |  138.567 |  138.565 |  138.565 |  138.569 |  138.562 |  138.565 |  138.563 |  138.567 |  138.555
4096   256   |  546.827 |  546.876 |  546.855 |  546.885 |  546.876 |  546.862 |  546.865 |  546.885 |  546.879 |  546.873 |  546.860 |  546.861 ||   +0.01   +0.01   +0.01   +0.01   +0.01   +0.01   +0.01   +0.01   +0.01   +0.01   +0.01
       med   |  547.020 |  547.057 |  547.044 |  547.115 |  547.101 |  547.059 |  547.058 |  547.059 |  547.061 |  547.060 |  547.090 |  547.017
=== process binY.order2.4
SELFCHECK OK (256 whole-block lengths 1..256 blk x 12 variants; out/Xi/ivec/ret byte-identical, nothing written past 16*nblk)
bytes  blks  |     base |       e7 |       e5 |       e4 |       e3 |       e2 |       e1 |     c3AA |       c3 |     w1AA |       w1 |   baseAA ||      e7%      e5%      e4%      e3%      e2%      e1%    c3AA%      c3%    w1AA%      w1%  baseAA%
16     1     |   19.620 |   10.556 |   10.585 |   10.605 |   10.552 |   10.566 |   10.551 |   10.565 |   10.566 |   10.605 |   10.605 |   19.622 ||  -46.20  -46.05  -45.95  -46.22  -46.15  -46.22  -46.15  -46.15  -45.95  -45.95   +0.01
       med   |   19.643 |   10.561 |   10.593 |   10.608 |   10.556 |   10.569 |   10.555 |   10.569 |   10.569 |   10.607 |   10.607 |   19.643
32     2     |   19.640 |   11.205 |   11.234 |   11.208 |   11.240 |   11.243 |   11.196 |   11.238 |   11.229 |   11.277 |   11.275 |   19.643 ||  -42.95  -42.80  -42.93  -42.77  -42.75  -42.99  -42.78  -42.82  -42.58  -42.59   +0.02
       med   |   19.662 |   11.213 |   11.242 |   11.214 |   11.267 |   11.249 |   11.207 |   11.244 |   11.243 |   11.288 |   11.287 |   19.662
48     3     |   20.357 |   12.145 |   12.161 |   12.163 |   12.195 |   12.203 |   12.136 |   12.170 |   12.169 |   12.277 |   12.276 |   20.357 ||  -40.34  -40.26  -40.25  -40.09  -40.05  -40.38  -40.22  -40.22  -39.69  -39.70   +0.00
       med   |   20.378 |   12.157 |   12.171 |   12.177 |   12.206 |   12.215 |   12.149 |   12.180 |   12.180 |   12.291 |   12.289 |   20.378
64     4     |   20.956 |   14.598 |   14.518 |   14.504 |   14.523 |   14.495 |   14.537 |   14.532 |   14.532 |   14.772 |   14.767 |   20.955 ||  -30.34  -30.72  -30.79  -30.70  -30.83  -30.63  -30.65  -30.65  -29.51  -29.53   -0.00
       med   |   20.974 |   14.614 |   14.537 |   14.525 |   14.542 |   14.514 |   14.555 |   14.550 |   14.550 |   14.787 |   14.787 |   20.976
80     5     |   21.600 |   21.589 |   21.607 |   21.607 |   21.611 |   21.610 |   21.611 |   21.612 |   21.609 |   21.607 |   21.608 |   21.599 ||   -0.05   +0.03   +0.03   +0.05   +0.05   +0.05   +0.06   +0.04   +0.03   +0.04   -0.00
       med   |   21.626 |   21.620 |   21.634 |   21.633 |   21.634 |   21.634 |   21.634 |   21.635 |   21.634 |   21.634 |   21.634 |   21.627
96     6     |   22.376 |   22.316 |   22.397 |   22.396 |   22.397 |   22.395 |   22.394 |   22.395 |   22.396 |   22.399 |   22.397 |   22.373 ||   -0.27   +0.10   +0.09   +0.10   +0.09   +0.08   +0.09   +0.09   +0.10   +0.09   -0.01
       med   |   22.407 |   22.366 |   22.429 |   22.430 |   22.432 |   22.428 |   22.429 |   22.430 |   22.430 |   22.430 |   22.429 |   22.408
112    7     |   22.844 |   22.748 |   22.860 |   22.868 |   22.857 |   22.857 |   22.861 |   22.856 |   22.862 |   22.858 |   22.855 |   22.836 ||   -0.42   +0.07   +0.10   +0.06   +0.06   +0.08   +0.05   +0.08   +0.06   +0.05   -0.03
       med   |   22.874 |   22.784 |   22.897 |   22.902 |   22.899 |   22.899 |   22.901 |   22.900 |   22.900 |   22.899 |   22.902 |   22.873
128    8     |   21.456 |   21.461 |   21.455 |   21.458 |   21.454 |   21.458 |   21.457 |   21.454 |   21.462 |   21.457 |   21.459 |   21.455 ||   +0.02   -0.01   +0.01   -0.01   +0.01   +0.00   -0.01   +0.03   +0.01   +0.01   -0.00
       med   |   21.482 |   21.487 |   21.486 |   21.486 |   21.484 |   21.487 |   21.485 |   21.485 |   21.485 |   21.486 |   21.485 |   21.481
256    16    |   38.168 |   38.163 |   38.172 |   38.170 |   38.177 |   38.167 |   38.183 |   38.178 |   38.174 |   38.177 |   38.170 |   38.172 ||   -0.01   +0.01   +0.01   +0.02   -0.00   +0.04   +0.03   +0.02   +0.03   +0.01   +0.01
       med   |   38.209 |   38.215 |   38.211 |   38.211 |   38.211 |   38.210 |   38.210 |   38.210 |   38.210 |   38.209 |   38.212 |   38.209
512    32    |   71.101 |   71.110 |   71.124 |   71.117 |   71.111 |   71.125 |   71.119 |   71.110 |   71.116 |   71.125 |   71.103 |   71.093 ||   +0.01   +0.03   +0.02   +0.01   +0.03   +0.02   +0.01   +0.02   +0.03   +0.00   -0.01
       med   |   71.147 |   71.179 |   71.165 |   71.165 |   71.168 |   71.186 |   71.164 |   71.164 |   71.166 |   71.167 |   71.167 |   71.145
1024   64    |  138.500 |  138.502 |  138.524 |  138.530 |  138.534 |  138.525 |  138.526 |  138.515 |  138.529 |  138.512 |  138.530 |  138.499 ||   +0.00   +0.02   +0.02   +0.02   +0.02   +0.02   +0.01   +0.02   +0.01   +0.02   -0.00
       med   |  138.558 |  138.596 |  138.565 |  138.565 |  138.564 |  138.572 |  138.564 |  138.573 |  138.569 |  138.564 |  138.566 |  138.554
4096   256   |  546.849 |  546.867 |  546.843 |  546.884 |  546.864 |  546.886 |  546.864 |  546.875 |  546.880 |  546.870 |  546.867 |  546.860 ||   +0.00   -0.00   +0.01   +0.00   +0.01   +0.00   +0.00   +0.01   +0.00   +0.00   +0.00
       med   |  547.030 |  547.084 |  547.029 |  547.051 |  547.048 |  547.057 |  547.052 |  547.038 |  547.010 |  547.029 |  547.054 |  546.992
=== process binY.order2.5
SELFCHECK OK (256 whole-block lengths 1..256 blk x 12 variants; out/Xi/ivec/ret byte-identical, nothing written past 16*nblk)
bytes  blks  |     base |       e7 |       e5 |       e4 |       e3 |       e2 |       e1 |     c3AA |       c3 |     w1AA |       w1 |   baseAA ||      e7%      e5%      e4%      e3%      e2%      e1%    c3AA%      c3%    w1AA%      w1%  baseAA%
16     1     |   19.620 |   10.556 |   10.583 |   10.606 |   10.551 |   10.566 |   10.550 |   10.566 |   10.565 |   10.605 |   10.605 |   19.618 ||  -46.20  -46.06  -45.94  -46.22  -46.15  -46.23  -46.15  -46.15  -45.95  -45.95   -0.01
       med   |   19.642 |   10.561 |   10.594 |   10.609 |   10.555 |   10.569 |   10.555 |   10.569 |   10.569 |   10.607 |   10.607 |   19.643
32     2     |   19.643 |   11.205 |   11.233 |   11.208 |   11.237 |   11.241 |   11.195 |   11.237 |   11.227 |   11.278 |   11.276 |   19.642 ||  -42.96  -42.81  -42.94  -42.79  -42.77  -43.01  -42.80  -42.84  -42.58  -42.60   -0.01
       med   |   19.661 |   11.213 |   11.242 |   11.214 |   11.267 |   11.249 |   11.207 |   11.244 |   11.243 |   11.288 |   11.286 |   19.662
48     3     |   20.358 |   12.145 |   12.162 |   12.166 |   12.194 |   12.205 |   12.139 |   12.171 |   12.168 |   12.278 |   12.277 |   20.358 ||  -40.34  -40.26  -40.24  -40.10  -40.05  -40.37  -40.21  -40.23  -39.69  -39.70   +0.00
       med   |   20.377 |   12.157 |   12.171 |   12.177 |   12.206 |   12.214 |   12.148 |   12.179 |   12.180 |   12.290 |   12.291 |   20.378
64     4     |   20.953 |   14.595 |   14.517 |   14.508 |   14.528 |   14.496 |   14.536 |   14.534 |   14.533 |   14.770 |   14.769 |   20.954 ||  -30.35  -30.72  -30.76  -30.67  -30.81  -30.63  -30.64  -30.64  -29.51  -29.52   +0.00
       med   |   20.976 |   14.614 |   14.538 |   14.525 |   14.543 |   14.514 |   14.556 |   14.551 |   14.551 |   14.789 |   14.789 |   20.977
80     5     |   21.604 |   21.587 |   21.608 |   21.602 |   21.606 |   21.604 |   21.606 |   21.610 |   21.613 |   21.606 |   21.605 |   21.602 ||   -0.08   +0.02   -0.01   +0.01   +0.00   +0.01   +0.03   +0.04   +0.01   +0.01   -0.01
       med   |   21.627 |   21.622 |   21.633 |   21.633 |   21.634 |   21.635 |   21.633 |   21.634 |   21.633 |   21.634 |   21.634 |   21.627
96     6     |   22.367 |   22.315 |   22.399 |   22.397 |   22.392 |   22.399 |   22.393 |   22.394 |   22.396 |   22.400 |   22.398 |   22.378 ||   -0.23   +0.15   +0.14   +0.12   +0.15   +0.12   +0.12   +0.13   +0.15   +0.14   +0.05
       med   |   22.406 |   22.365 |   22.428 |   22.428 |   22.431 |   22.430 |   22.427 |   22.429 |   22.429 |   22.429 |   22.428 |   22.406
112    7     |   22.837 |   22.751 |   22.864 |   22.859 |   22.858 |   22.860 |   22.860 |   22.863 |   22.860 |   22.854 |   22.862 |   22.839 ||   -0.37   +0.12   +0.10   +0.09   +0.10   +0.10   +0.12   +0.10   +0.08   +0.11   +0.01
       med   |   22.875 |   22.783 |   22.900 |   22.899 |   22.899 |   22.897 |   22.902 |   22.898 |   22.900 |   22.899 |   22.897 |   22.874
128    8     |   21.450 |   21.465 |   21.457 |   21.454 |   21.462 |   21.458 |   21.459 |   21.458 |   21.459 |   21.459 |   21.458 |   21.450 ||   +0.07   +0.03   +0.02   +0.05   +0.04   +0.04   +0.04   +0.04   +0.04   +0.04   +0.00
       med   |   21.481 |   21.486 |   21.484 |   21.483 |   21.484 |   21.484 |   21.483 |   21.484 |   21.485 |   21.484 |   21.484 |   21.480
256    16    |   38.167 |   38.172 |   38.171 |   38.175 |   38.176 |   38.177 |   38.183 |   38.183 |   38.170 |   38.178 |   38.172 |   38.176 ||   +0.01   +0.01   +0.02   +0.02   +0.03   +0.04   +0.04   +0.01   +0.03   +0.01   +0.02
       med   |   38.209 |   38.215 |   38.212 |   38.210 |   38.210 |   38.212 |   38.212 |   38.211 |   38.209 |   38.213 |   38.211 |   38.209
512    32    |   71.101 |   71.116 |   71.117 |   71.124 |   71.112 |   71.121 |   71.119 |   71.120 |   71.119 |   71.110 |   71.118 |   71.104 ||   +0.02   +0.02   +0.03   +0.01   +0.03   +0.02   +0.03   +0.02   +0.01   +0.02   +0.00
       med   |   71.147 |   71.178 |   71.167 |   71.165 |   71.168 |   71.165 |   71.169 |   71.164 |   71.167 |   71.167 |   71.167 |   71.149
1024   64    |  138.496 |  138.504 |  138.526 |  138.529 |  138.529 |  138.525 |  138.531 |  138.524 |  138.516 |  138.528 |  138.527 |  138.500 ||   +0.01   +0.02   +0.02   +0.02   +0.02   +0.03   +0.02   +0.01   +0.02   +0.02   +0.00
       med   |  138.551 |  138.599 |  138.561 |  138.567 |  138.564 |  138.560 |  138.568 |  138.560 |  138.559 |  138.559 |  138.560 |  138.554
4096   256   |  546.840 |  546.850 |  546.869 |  546.869 |  546.861 |  546.890 |  546.885 |  546.863 |  546.861 |  546.876 |  546.891 |  546.829 ||   +0.00   +0.01   +0.01   +0.00   +0.01   +0.01   +0.00   +0.00   +0.01   +0.01   -0.00
       med   |  547.026 |  547.044 |  547.042 |  547.041 |  547.039 |  547.048 |  547.062 |  547.039 |  547.038 |  547.053 |  547.058 |  547.020
=== process binY.order3.1
SELFCHECK OK (256 whole-block lengths 1..256 blk x 12 variants; out/Xi/ivec/ret byte-identical, nothing written past 16*nblk)
bytes  blks  |     base |       e1 |       e2 |       e3 |       e4 |       e5 |       e7 |   baseAA |       w1 |     w1AA |       c3 |     c3AA ||      e1%      e2%      e3%      e4%      e5%      e7%  baseAA%      w1%    w1AA%      c3%    c3AA%
16     1     |   19.623 |   10.552 |   10.566 |   10.552 |   10.606 |   10.585 |   10.557 |   19.624 |   10.606 |   10.606 |   10.565 |   10.565 ||  -46.23  -46.16  -46.23  -45.95  -46.06  -46.20   +0.00  -45.95  -45.95  -46.16  -46.16
       med   |   19.644 |   10.555 |   10.569 |   10.555 |   10.608 |   10.594 |   10.561 |   19.644 |   10.609 |   10.608 |   10.569 |   10.569
32     2     |   19.643 |   11.185 |   11.213 |   11.215 |   11.189 |   11.225 |   11.206 |   19.645 |   11.261 |   11.261 |   11.216 |   11.216 ||  -43.06  -42.92  -42.91  -43.04  -42.86  -42.95   +0.01  -42.67  -42.67  -42.90  -42.90
       med   |   19.664 |   11.192 |   11.220 |   11.223 |   11.195 |   11.231 |   11.213 |   19.663 |   11.267 |   11.266 |   11.223 |   11.223
48     3     |   20.356 |   12.140 |   12.198 |   12.198 |   12.172 |   12.160 |   12.144 |   20.359 |   12.286 |   12.290 |   12.167 |   12.165 ||  -40.36  -40.08  -40.08  -40.20  -40.26  -40.34   +0.01  -39.64  -39.63  -40.23  -40.24
       med   |   20.378 |   12.152 |   12.209 |   12.208 |   12.183 |   12.171 |   12.157 |   20.378 |   12.299 |   12.302 |   12.177 |   12.176
64     4     |   20.951 |   14.521 |   14.499 |   14.532 |   14.515 |   14.500 |   14.598 |   20.956 |   14.763 |   14.765 |   14.509 |   14.509 ||  -30.69  -30.79  -30.64  -30.72  -30.79  -30.32   +0.02  -29.53  -29.53  -30.75  -30.75
       med   |   20.976 |   14.539 |   14.516 |   14.547 |   14.531 |   14.517 |   14.614 |   20.975 |   14.784 |   14.784 |   14.525 |   14.526
80     5     |   21.601 |   21.590 |   21.590 |   21.590 |   21.595 |   21.593 |   21.592 |   21.604 |   21.599 |   21.591 |   21.593 |   21.587 ||   -0.05   -0.05   -0.06   -0.03   -0.04   -0.04   +0.01   -0.01   -0.05   -0.04   -0.07
       med   |   21.626 |   21.620 |   21.620 |   21.620 |   21.622 |   21.617 |   21.623 |   21.627 |   21.623 |   21.621 |   21.622 |   21.621
96     6     |   22.375 |   22.302 |   22.343 |   22.308 |   22.330 |   22.313 |   22.338 |   22.371 |   22.338 |   22.308 |   22.335 |   22.311 ||   -0.32   -0.14   -0.30   -0.20   -0.28   -0.16   -0.01   -0.16   -0.30   -0.18   -0.28
       med   |   22.407 |   22.367 |   22.372 |   22.366 |   22.372 |   22.367 |   22.372 |   22.409 |   22.370 |   22.366 |   22.370 |   22.369
112    7     |   22.840 |   22.755 |   22.758 |   22.750 |   22.752 |   22.752 |   22.754 |   22.837 |   22.755 |   22.755 |   22.750 |   22.759 ||   -0.37   -0.36   -0.39   -0.39   -0.38   -0.37   -0.01   -0.37   -0.37   -0.39   -0.35
       med   |   22.873 |   22.784 |   22.783 |   22.784 |   22.786 |   22.785 |   22.786 |   22.875 |   22.784 |   22.784 |   22.784 |   22.784
128    8     |   21.450 |   21.463 |   21.463 |   21.462 |   21.459 |   21.465 |   21.463 |   21.452 |   21.460 |   21.466 |   21.462 |   21.462 ||   +0.06   +0.06   +0.06   +0.04   +0.07   +0.06   +0.01   +0.05   +0.07   +0.05   +0.05
       med   |   21.480 |   21.489 |   21.486 |   21.487 |   21.487 |   21.488 |   21.486 |   21.481 |   21.486 |   21.488 |   21.486 |   21.488
256    16    |   38.177 |   38.174 |   38.176 |   38.176 |   38.180 |   38.182 |   38.172 |   38.170 |   38.176 |   38.181 |   38.176 |   38.181 ||   -0.01   -0.00   -0.00   +0.01   +0.01   -0.01   -0.02   -0.00   +0.01   -0.00   +0.01
       med   |   38.208 |   38.216 |   38.212 |   38.216 |   38.212 |   38.214 |   38.213 |   38.207 |   38.212 |   38.214 |   38.211 |   38.218
512    32    |   70.658 |   71.102 |   71.105 |   71.121 |   71.119 |   71.124 |   71.117 |   71.040 |   71.125 |   71.122 |   71.093 |   71.115 ||   +0.63   +0.63   +0.66   +0.65   +0.66   +0.65   +0.54   +0.66   +0.66   +0.62   +0.65
       med   |   71.147 |   71.175 |   71.159 |   71.179 |   71.161 |   71.176 |   71.162 |   71.141 |   71.162 |   71.173 |   71.165 |   71.172
1024   64    |  138.495 |  138.501 |  138.503 |  138.500 |  138.504 |  138.512 |  138.503 |  138.498 |  138.498 |  138.504 |  138.504 |  138.501 ||   +0.00   +0.01   +0.00   +0.01   +0.01   +0.01   +0.00   +0.00   +0.01   +0.01   +0.00
       med   |  138.542 |  138.616 |  138.580 |  138.601 |  138.573 |  138.600 |  138.575 |  138.542 |  138.571 |  138.591 |  138.583 |  138.605
4096   256   |  546.861 |  546.874 |  546.890 |  546.876 |  546.851 |  546.865 |  546.840 |  546.842 |  546.861 |  546.875 |  546.860 |  546.859 ||   +0.00   +0.01   +0.00   -0.00   +0.00   -0.00   -0.00   +0.00   +0.00   -0.00   -0.00
       med   |  547.027 |  547.091 |  547.056 |  547.065 |  547.053 |  547.069 |  547.078 |  547.018 |  547.043 |  547.048 |  547.038 |  547.061
=== process binY.order3.2
SELFCHECK OK (256 whole-block lengths 1..256 blk x 12 variants; out/Xi/ivec/ret byte-identical, nothing written past 16*nblk)
bytes  blks  |     base |       e1 |       e2 |       e3 |       e4 |       e5 |       e7 |   baseAA |       w1 |     w1AA |       c3 |     c3AA ||      e1%      e2%      e3%      e4%      e5%      e7%  baseAA%      w1%    w1AA%      c3%    c3AA%
16     1     |   19.614 |   10.552 |   10.565 |   10.552 |   10.606 |   10.586 |   10.555 |   19.623 |   10.607 |   10.607 |   10.566 |   10.564 ||  -46.20  -46.13  -46.20  -45.93  -46.03  -46.18   +0.05  -45.92  -45.92  -46.13  -46.14
       med   |   19.642 |   10.555 |   10.569 |   10.555 |   10.608 |   10.594 |   10.561 |   19.642 |   10.609 |   10.609 |   10.569 |   10.569
32     2     |   19.639 |   11.185 |   11.212 |   11.215 |   11.189 |   11.225 |   11.207 |   19.645 |   11.261 |   11.260 |   11.215 |   11.216 ||  -43.05  -42.91  -42.90  -43.03  -42.85  -42.94   +0.03  -42.66  -42.66  -42.90  -42.89
       med   |   19.661 |   11.192 |   11.220 |   11.222 |   11.194 |   11.231 |   11.213 |   19.661 |   11.266 |   11.266 |   11.222 |   11.222
48     3     |   20.356 |   12.139 |   12.199 |   12.197 |   12.169 |   12.162 |   12.146 |   20.358 |   12.290 |   12.286 |   12.165 |   12.163 ||  -40.37  -40.07  -40.08  -40.22  -40.25  -40.33   +0.01  -39.62  -39.64  -40.24  -40.25
       med   |   20.377 |   12.152 |   12.208 |   12.208 |   12.183 |   12.171 |   12.157 |   20.376 |   12.300 |   12.301 |   12.177 |   12.176
64     4     |   20.951 |   14.520 |   14.498 |   14.527 |   14.511 |   14.500 |   14.598 |   20.951 |   14.764 |   14.760 |   14.509 |   14.510 ||  -30.70  -30.80  -30.66  -30.74  -30.79  -30.33   +0.00  -29.53  -29.55  -30.75  -30.74
       med   |   20.976 |   14.539 |   14.516 |   14.548 |   14.531 |   14.517 |   14.615 |   20.977 |   14.783 |   14.784 |   14.526 |   14.524
80     5     |   21.598 |   21.594 |   21.594 |   21.590 |   21.597 |   21.593 |   21.586 |   21.599 |   21.588 |   21.590 |   21.595 |   21.594 ||   -0.02   -0.02   -0.04   -0.01   -0.02   -0.06   +0.00   -0.05   -0.04   -0.02   -0.02
       med   |   21.628 |   21.622 |   21.624 |   21.620 |   21.623 |   21.621 |   21.621 |   21.628 |   21.621 |   21.620 |   21.621 |   21.622
96     6     |   22.368 |   22.315 |   22.334 |   22.315 |   22.335 |   22.308 |   22.339 |   22.375 |   22.333 |   22.316 |   22.334 |   22.306 ||   -0.24   -0.15   -0.24   -0.15   -0.27   -0.13   +0.03   -0.16   -0.23   -0.15   -0.28
       med   |   22.408 |   22.365 |   22.368 |   22.366 |   22.370 |   22.365 |   22.371 |   22.408 |   22.369 |   22.364 |   22.370 |   22.368
112    7     |   22.833 |   22.755 |   22.755 |   22.754 |   22.748 |   22.749 |   22.752 |   22.844 |   22.748 |   22.751 |   22.752 |   22.757 ||   -0.34   -0.34   -0.35   -0.37   -0.37   -0.35   +0.05   -0.37   -0.36   -0.36   -0.33
       med   |   22.874 |   22.782 |   22.781 |   22.783 |   22.783 |   22.782 |   22.783 |   22.874 |   22.781 |   22.782 |   22.783 |   22.782
128    8     |   21.449 |   21.459 |   21.454 |   21.464 |   21.461 |   21.462 |   21.462 |   21.453 |   21.458 |   21.464 |   21.460 |   21.453 ||   +0.05   +0.02   +0.07   +0.06   +0.06   +0.06   +0.02   +0.04   +0.07   +0.05   +0.02
       med   |   21.479 |   21.487 |   21.485 |   21.486 |   21.487 |   21.488 |   21.486 |   21.480 |   21.485 |   21.487 |   21.486 |   21.488
256    16    |   38.173 |   38.178 |   38.170 |   38.171 |   38.172 |   38.180 |   38.174 |   38.169 |   38.179 |   38.175 |   38.181 |   38.174 ||   +0.01   -0.01   -0.01   -0.00   +0.02   +0.00   -0.01   +0.01   +0.01   +0.02   +0.00
       med   |   38.209 |   38.212 |   38.210 |   38.217 |   38.210 |   38.216 |   38.211 |   38.208 |   38.211 |   38.215 |   38.215 |   38.214
512    32    |   70.857 |   71.124 |   71.124 |   71.116 |   71.116 |   71.123 |   71.118 |   70.747 |   71.123 |   71.068 |   71.116 |   71.108 ||   +0.38   +0.38   +0.37   +0.37   +0.38   +0.37   -0.15   +0.38   +0.30   +0.37   +0.35
       med   |   71.144 |   71.172 |   71.162 |   71.170 |   71.161 |   71.183 |   71.160 |   71.142 |   71.162 |   71.181 |   71.163 |   71.169
1024   64    |  138.497 |  138.507 |  138.505 |  138.502 |  138.501 |  138.510 |  138.506 |  138.500 |  138.506 |  138.501 |  138.506 |  138.511 ||   +0.01   +0.01   +0.00   +0.00   +0.01   +0.01   +0.00   +0.01   +0.00   +0.01   +0.01
       med   |  138.552 |  138.613 |  138.562 |  138.611 |  138.561 |  138.600 |  138.565 |  138.554 |  138.568 |  138.603 |  138.577 |  138.588
4096   256   |  546.849 |  546.862 |  546.851 |  546.866 |  546.871 |  546.838 |  546.857 |  546.835 |  546.866 |  546.867 |  546.841 |  546.861 ||   +0.00   +0.00   +0.00   +0.00   -0.00   +0.00   -0.00   +0.00   +0.00   -0.00   +0.00
       med   |  547.034 |  547.046 |  547.027 |  547.050 |  547.030 |  547.040 |  547.055 |  546.987 |  547.024 |  547.062 |  547.039 |  547.073
=== process binY.order3.3
SELFCHECK OK (256 whole-block lengths 1..256 blk x 12 variants; out/Xi/ivec/ret byte-identical, nothing written past 16*nblk)
bytes  blks  |     base |       e1 |       e2 |       e3 |       e4 |       e5 |       e7 |   baseAA |       w1 |     w1AA |       c3 |     c3AA ||      e1%      e2%      e3%      e4%      e5%      e7%  baseAA%      w1%    w1AA%      c3%    c3AA%
16     1     |   19.622 |   10.551 |   10.564 |   10.551 |   10.606 |   10.587 |   10.556 |   19.617 |   10.606 |   10.606 |   10.566 |   10.565 ||  -46.23  -46.16  -46.23  -45.95  -46.05  -46.20   -0.02  -45.95  -45.95  -46.15  -46.15
       med   |   19.642 |   10.555 |   10.569 |   10.555 |   10.608 |   10.594 |   10.561 |   19.643 |   10.609 |   10.608 |   10.569 |   10.569
32     2     |   19.639 |   11.185 |   11.213 |   11.215 |   11.187 |   11.225 |   11.204 |   19.640 |   11.260 |   11.259 |   11.216 |   11.218 ||  -43.05  -42.91  -42.89  -43.04  -42.84  -42.95   +0.00  -42.67  -42.67  -42.89  -42.88
       med   |   19.662 |   11.191 |   11.219 |   11.222 |   11.194 |   11.231 |   11.213 |   19.661 |   11.266 |   11.266 |   11.222 |   11.223
48     3     |   20.356 |   12.143 |   12.198 |   12.197 |   12.169 |   12.159 |   12.147 |   20.353 |   12.289 |   12.288 |   12.167 |   12.177 ||  -40.35  -40.08  -40.08  -40.22  -40.26  -40.33   -0.01  -39.63  -39.63  -40.23  -40.18
       med   |   20.378 |   12.153 |   12.209 |   12.208 |   12.184 |   12.171 |   12.157 |   20.378 |   12.301 |   12.302 |   12.177 |   12.190
64     4     |   20.948 |   14.523 |   14.500 |   14.530 |   14.516 |   14.496 |   14.598 |   20.952 |   14.766 |   14.765 |   14.507 |   14.551 ||  -30.67  -30.78  -30.64  -30.71  -30.80  -30.31   +0.02  -29.51  -29.52  -30.75  -30.54
       med   |   20.975 |   14.538 |   14.515 |   14.547 |   14.531 |   14.517 |   14.614 |   20.976 |   14.783 |   14.784 |   14.525 |   14.571
80     5     |   21.596 |   21.592 |   21.591 |   21.587 |   21.596 |   21.587 |   21.599 |   21.603 |   21.591 |   21.589 |   21.591 |   21.592 ||   -0.02   -0.02   -0.04   -0.00   -0.04   +0.01   +0.03   -0.02   -0.03   -0.02   -0.02
       med   |   21.626 |   21.621 |   21.621 |   21.619 |   21.630 |   21.617 |   21.621 |   21.628 |   21.621 |   21.620 |   21.624 |   21.621
96     6     |   22.378 |   22.314 |   22.338 |   22.312 |   22.344 |   22.299 |   22.338 |   22.377 |   22.339 |   22.315 |   22.335 |   22.313 ||   -0.28   -0.18   -0.29   -0.15   -0.35   -0.18   -0.00   -0.17   -0.28   -0.19   -0.29
       med   |   22.407 |   22.367 |   22.368 |   22.366 |   22.370 |   22.366 |   22.371 |   22.408 |   22.370 |   22.366 |   22.370 |   22.368
112    7     |   22.834 |   22.753 |   22.748 |   22.756 |   22.754 |   22.749 |   22.754 |   22.840 |   22.756 |   22.750 |   22.748 |   22.752 ||   -0.36   -0.38   -0.34   -0.35   -0.38   -0.35   +0.02   -0.34   -0.37   -0.38   -0.36
       med   |   22.874 |   22.784 |   22.782 |   22.782 |   22.783 |   22.781 |   22.783 |   22.875 |   22.782 |   22.782 |   22.783 |   22.782
128    8     |   21.450 |   21.460 |   21.462 |   21.461 |   21.465 |   21.465 |   21.456 |   21.457 |   21.449 |   21.453 |   21.453 |   21.461 ||   +0.05   +0.06   +0.05   +0.07   +0.07   +0.03   +0.03   -0.00   +0.02   +0.02   +0.05
       med   |   21.480 |   21.488 |   21.485 |   21.488 |   21.486 |   21.488 |   21.487 |   21.481 |   21.486 |   21.486 |   21.486 |   21.487
256    16    |   38.171 |   38.170 |   38.163 |   38.172 |   38.169 |   38.170 |   38.168 |   38.175 |   38.173 |   38.170 |   38.171 |   38.179 ||   -0.00   -0.02   +0.00   -0.00   -0.00   -0.01   +0.01   +0.01   -0.00   -0.00   +0.02
       med   |   38.210 |   38.214 |   38.211 |   38.216 |   38.210 |   38.218 |   38.210 |   38.208 |   38.211 |   38.215 |   38.213 |   38.214
512    32    |   71.098 |   71.010 |   71.094 |   71.121 |   71.116 |   71.127 |   71.126 |   71.093 |   71.124 |   71.125 |   71.127 |   71.118 ||   -0.12   -0.01   +0.03   +0.02   +0.04   +0.04   -0.01   +0.04   +0.04   +0.04   +0.03
       med   |   71.144 |   71.177 |   71.165 |   71.177 |   71.167 |   71.178 |   71.164 |   71.144 |   71.166 |   71.179 |   71.165 |   71.177
1024   64    |  138.495 |  138.505 |  138.505 |  138.500 |  138.496 |  138.508 |  138.504 |  138.499 |  138.505 |  138.515 |  138.503 |  138.508 ||   +0.01   +0.01   +0.00   +0.00   +0.01   +0.01   +0.00   +0.01   +0.01   +0.01   +0.01
       med   |  138.554 |  138.602 |  138.566 |  138.597 |  138.570 |  138.608 |  138.571 |  138.555 |  138.566 |  138.606 |  138.564 |  138.593
4096   256   |  546.856 |  546.889 |  546.880 |  546.876 |  546.865 |  546.859 |  546.859 |  546.854 |  546.859 |  546.888 |  546.872 |  546.877 ||   +0.01   +0.00   +0.00   +0.00   +0.00   +0.00   -0.00   +0.00   +0.01   +0.00   +0.00
       med   |  547.028 |  547.074 |  547.067 |  547.083 |  547.037 |  547.069 |  547.058 |  547.031 |  547.018 |  547.128 |  547.044 |  547.072
=== process binY.order3.4
SELFCHECK OK (256 whole-block lengths 1..256 blk x 12 variants; out/Xi/ivec/ret byte-identical, nothing written past 16*nblk)
bytes  blks  |     base |       e1 |       e2 |       e3 |       e4 |       e5 |       e7 |   baseAA |       w1 |     w1AA |       c3 |     c3AA ||      e1%      e2%      e3%      e4%      e5%      e7%  baseAA%      w1%    w1AA%      c3%    c3AA%
16     1     |   19.619 |   10.551 |   10.565 |   10.552 |   10.605 |   10.586 |   10.557 |   19.624 |   10.607 |   10.606 |   10.566 |   10.565 ||  -46.22  -46.15  -46.22  -45.94  -46.04  -46.19   +0.03  -45.94  -45.94  -46.15  -46.15
       med   |   19.642 |   10.555 |   10.569 |   10.555 |   10.608 |   10.594 |   10.561 |   19.642 |   10.609 |   10.609 |   10.569 |   10.569
32     2     |   19.642 |   11.184 |   11.213 |   11.215 |   11.187 |   11.224 |   11.207 |   19.642 |   11.260 |   11.261 |   11.215 |   11.217 ||  -43.06  -42.91  -42.90  -43.04  -42.86  -42.94   -0.00  -42.68  -42.67  -42.90  -42.89
       med   |   19.662 |   11.191 |   11.219 |   11.222 |   11.194 |   11.231 |   11.213 |   19.663 |   11.266 |   11.266 |   11.222 |   11.223
48     3     |   20.347 |   12.140 |   12.196 |   12.197 |   12.173 |   12.159 |   12.148 |   20.361 |   12.285 |   12.289 |   12.168 |   12.179 ||  -40.33  -40.06  -40.06  -40.17  -40.24  -40.30   +0.07  -39.62  -39.60  -40.20  -40.14
       med   |   20.377 |   12.152 |   12.209 |   12.208 |   12.183 |   12.171 |   12.157 |   20.377 |   12.301 |   12.301 |   12.176 |   12.189
64     4     |   20.944 |   14.521 |   14.492 |   14.525 |   14.506 |   14.500 |   14.594 |   20.950 |   14.765 |   14.760 |   14.509 |   14.553 ||  -30.67  -30.81  -30.65  -30.74  -30.77  -30.32   +0.03  -29.50  -29.53  -30.73  -30.52
       med   |   20.977 |   14.539 |   14.515 |   14.547 |   14.530 |   14.518 |   14.614 |   20.974 |   14.783 |   14.784 |   14.526 |   14.572
80     5     |   21.601 |   21.589 |   21.595 |   21.589 |   21.595 |   21.584 |   21.601 |   21.597 |   21.596 |   21.591 |   21.593 |   21.590 ||   -0.06   -0.03   -0.06   -0.03   -0.08   -0.00   -0.02   -0.02   -0.05   -0.04   -0.05
       med   |   21.628 |   21.618 |   21.622 |   21.620 |   21.624 |   21.619 |   21.623 |   21.628 |   21.622 |   21.621 |   21.622 |   21.620
96     6     |   22.377 |   22.313 |   22.335 |   22.312 |   22.332 |   22.308 |   22.340 |   22.373 |   22.343 |   22.308 |   22.345 |   22.315 ||   -0.28   -0.19   -0.29   -0.20   -0.31   -0.16   -0.02   -0.15   -0.30   -0.14   -0.27
       med   |   22.407 |   22.367 |   22.371 |   22.366 |   22.371 |   22.365 |   22.370 |   22.407 |   22.371 |   22.368 |   22.372 |   22.367
112    7     |   22.831 |   22.756 |   22.755 |   22.758 |   22.749 |   22.751 |   22.754 |   22.826 |   22.753 |   22.749 |   22.754 |   22.754 ||   -0.33   -0.34   -0.32   -0.36   -0.35   -0.34   -0.02   -0.34   -0.36   -0.34   -0.34
       med   |   22.875 |   22.784 |   22.783 |   22.784 |   22.781 |   22.784 |   22.782 |   22.875 |   22.783 |   22.783 |   22.782 |   22.784
128    8     |   21.457 |   21.454 |   21.457 |   21.454 |   21.460 |   21.461 |   21.457 |   21.458 |   21.460 |   21.458 |   21.455 |   21.457 ||   -0.01   +0.00   -0.01   +0.01   +0.02   +0.00   +0.00   +0.01   +0.00   -0.01   +0.00
       med   |   21.479 |   21.484 |   21.483 |   21.484 |   21.484 |   21.487 |   21.482 |   21.480 |   21.486 |   21.486 |   21.484 |   21.485
256    16    |   38.177 |   38.182 |   38.174 |   38.183 |   38.179 |   38.180 |   38.174 |   38.173 |   38.179 |   38.179 |   38.180 |   38.169 ||   +0.01   -0.01   +0.01   +0.00   +0.01   -0.01   -0.01   +0.00   +0.00   +0.01   -0.02
       med   |   38.210 |   38.214 |   38.211 |   38.216 |   38.211 |   38.217 |   38.212 |   38.209 |   38.212 |   38.217 |   38.212 |   38.216
512    32    |   71.098 |   71.125 |   71.123 |   71.123 |   71.127 |   71.116 |   71.125 |   71.104 |   71.125 |   71.125 |   71.123 |   71.128 ||   +0.04   +0.04   +0.04   +0.04   +0.03   +0.04   +0.01   +0.04   +0.04   +0.04   +0.04
       med   |   71.146 |   71.178 |   71.168 |   71.177 |   71.165 |   71.173 |   71.166 |   71.146 |   71.166 |   71.179 |   71.167 |   71.179
1024   64    |  138.496 |  138.506 |  138.506 |  138.507 |  138.502 |  138.512 |  138.504 |  138.501 |  138.504 |  138.518 |  138.502 |  138.506 ||   +0.01   +0.01   +0.01   +0.00   +0.01   +0.01   +0.00   +0.01   +0.02   +0.00   +0.01
       med   |  138.548 |  138.598 |  138.565 |  138.603 |  138.564 |  138.616 |  138.569 |  138.553 |  138.564 |  138.614 |  138.564 |  138.607
4096   256   |  546.838 |  546.848 |  546.851 |  546.865 |  546.831 |  546.849 |  546.832 |  546.838 |  546.856 |  546.841 |  546.846 |  546.837 ||   +0.00   +0.00   +0.00   -0.00   +0.00   -0.00   +0.00   +0.00   +0.00   +0.00   -0.00
       med   |  547.007 |  547.047 |  547.013 |  547.054 |  547.022 |  547.053 |  547.033 |  546.975 |  547.037 |  547.023 |  547.030 |  547.053
=== process binY.order3.5
SELFCHECK OK (256 whole-block lengths 1..256 blk x 12 variants; out/Xi/ivec/ret byte-identical, nothing written past 16*nblk)
bytes  blks  |     base |       e1 |       e2 |       e3 |       e4 |       e5 |       e7 |   baseAA |       w1 |     w1AA |       c3 |     c3AA ||      e1%      e2%      e3%      e4%      e5%      e7%  baseAA%      w1%    w1AA%      c3%    c3AA%
16     1     |   19.626 |   10.551 |   10.565 |   10.550 |   10.605 |   10.586 |   10.557 |   19.623 |   10.607 |   10.606 |   10.565 |   10.566 ||  -46.24  -46.17  -46.25  -45.96  -46.06  -46.21   -0.02  -45.96  -45.96  -46.17  -46.17
       med   |   19.642 |   10.555 |   10.569 |   10.555 |   10.608 |   10.594 |   10.561 |   19.642 |   10.608 |   10.609 |   10.569 |   10.569
32     2     |   19.645 |   11.185 |   11.212 |   11.215 |   11.185 |   11.224 |   11.206 |   19.643 |   11.261 |   11.259 |   11.217 |   11.217 ||  -43.07  -42.93  -42.91  -43.07  -42.87  -42.96   -0.01  -42.68  -42.69  -42.90  -42.90
       med   |   19.662 |   11.192 |   11.220 |   11.222 |   11.194 |   11.231 |   11.213 |   19.661 |   11.266 |   11.266 |   11.222 |   11.222
48     3     |   20.355 |   12.140 |   12.199 |   12.199 |   12.172 |   12.161 |   12.148 |   20.357 |   12.289 |   12.287 |   12.167 |   12.167 ||  -40.36  -40.07  -40.07  -40.20  -40.25  -40.32   +0.01  -39.63  -39.64  -40.22  -40.22
       med   |   20.378 |   12.153 |   12.209 |   12.208 |   12.184 |   12.171 |   12.157 |   20.378 |   12.301 |   12.301 |   12.177 |   12.177
64     4     |   20.952 |   14.516 |   14.499 |   14.522 |   14.511 |   14.502 |   14.596 |   20.952 |   14.764 |   14.764 |   14.506 |   14.505 ||  -30.72  -30.80  -30.69  -30.74  -30.78  -30.34   +0.00  -29.53  -29.53  -30.76  -30.77
       med   |   20.975 |   14.538 |   14.516 |   14.547 |   14.530 |   14.517 |   14.614 |   20.977 |   14.783 |   14.785 |   14.525 |   14.524
80     5     |   21.604 |   21.586 |   21.594 |   21.590 |   21.598 |   21.591 |   21.594 |   21.603 |   21.592 |   21.590 |   21.592 |   21.591 ||   -0.08   -0.05   -0.06   -0.02   -0.06   -0.05   -0.00   -0.05   -0.06   -0.05   -0.06
       med   |   21.628 |   21.617 |   21.623 |   21.619 |   21.629 |   21.620 |   21.621 |   21.628 |   21.619 |   21.619 |   21.624 |   21.619
96     6     |   22.371 |   22.316 |   22.340 |   22.316 |   22.338 |   22.312 |   22.343 |   22.377 |   22.335 |   22.313 |   22.336 |   22.310 ||   -0.25   -0.14   -0.25   -0.15   -0.26   -0.13   +0.03   -0.16   -0.26   -0.15   -0.27
       med   |   22.407 |   22.367 |   22.370 |   22.364 |   22.369 |   22.366 |   22.370 |   22.407 |   22.370 |   22.366 |   22.370 |   22.367
112    7     |   22.833 |   22.755 |   22.749 |   22.749 |   22.755 |   22.753 |   22.751 |   22.842 |   22.745 |   22.748 |   22.752 |   22.756 ||   -0.34   -0.37   -0.37   -0.34   -0.35   -0.36   +0.04   -0.39   -0.37   -0.36   -0.34
       med   |   22.874 |   22.783 |   22.783 |   22.783 |   22.782 |   22.782 |   22.783 |   22.872 |   22.785 |   22.782 |   22.783 |   22.784
128    8     |   21.456 |   21.459 |   21.461 |   21.459 |   21.459 |   21.462 |   21.461 |   21.449 |   21.456 |   21.463 |   21.458 |   21.450 ||   +0.01   +0.02   +0.02   +0.01   +0.03   +0.02   -0.03   +0.00   +0.03   +0.01   -0.03
       med   |   21.480 |   21.487 |   21.484 |   21.486 |   21.484 |   21.486 |   21.484 |   21.481 |   21.486 |   21.488 |   21.485 |   21.488
256    16    |   38.172 |   38.176 |   38.174 |   38.177 |   38.175 |   38.180 |   38.182 |   38.168 |   38.167 |   38.172 |   38.171 |   38.168 ||   +0.01   +0.01   +0.01   +0.01   +0.02   +0.03   -0.01   -0.01   +0.00   -0.00   -0.01
       med   |   38.207 |   38.214 |   38.211 |   38.213 |   38.211 |   38.215 |   38.211 |   38.209 |   38.209 |   38.216 |   38.210 |   38.215
512    32    |   71.101 |   71.126 |   71.125 |   71.121 |   71.123 |   71.124 |   71.120 |   71.103 |   71.112 |   71.123 |   71.123 |   71.128 ||   +0.03   +0.03   +0.03   +0.03   +0.03   +0.03   +0.00   +0.02   +0.03   +0.03   +0.04
       med   |   71.145 |   71.174 |   71.169 |   71.179 |   71.164 |   71.173 |   71.163 |   71.148 |   71.167 |   71.182 |   71.165 |   71.173
1024   64    |  138.499 |  138.512 |  138.500 |  138.506 |  138.504 |  138.507 |  138.500 |  138.498 |  138.497 |  138.504 |  138.508 |  138.509 ||   +0.01   +0.00   +0.01   +0.00   +0.01   +0.00   -0.00   -0.00   +0.00   +0.01   +0.01
       med   |  138.554 |  138.608 |  138.570 |  138.591 |  138.567 |  138.603 |  138.566 |  138.555 |  138.563 |  138.607 |  138.578 |  138.593
4096   256   |  546.856 |  546.868 |  546.841 |  546.871 |  546.862 |  546.861 |  546.875 |  546.851 |  546.852 |  546.889 |  546.885 |  546.860 ||   +0.00   -0.00   +0.00   +0.00   +0.00   +0.00   -0.00   -0.00   +0.01   +0.01   +0.00
       med   |  547.074 |  547.108 |  547.068 |  547.075 |  547.067 |  547.112 |  547.086 |  547.077 |  547.092 |  547.065 |  547.048 |  547.096
