## bin=binY host=gv4 core=3 reps=300 nproc=5
## O1: base baseAA w1 w1AA c3 c3AA e1 e2 e3 e4 e5 e7
## O2: base e7 e5 e4 e3 e2 e1 c3AA c3 w1AA w1 baseAA
## O3: base e1 e2 e3 e4 e5 e7 baseAA w1 w1AA c3 c3AA
=== process binY.order1.1
SELFCHECK OK (256 whole-block lengths 1..256 blk x 12 variants; out/Xi/ivec/ret byte-identical, nothing written past 16*nblk)
bytes  blks  |     base |   baseAA |       w1 |     w1AA |       c3 |     c3AA |       e1 |       e2 |       e3 |       e4 |       e5 |       e7 ||  baseAA%      w1%    w1AA%      c3%    c3AA%      e1%      e2%      e3%      e4%      e5%      e7%
16     1     |   25.386 |   25.448 |   12.571 |   12.573 |   12.515 |   12.522 |   12.519 |   12.522 |   12.520 |   12.514 |   12.516 |   12.521 ||   +0.24  -50.48  -50.47  -50.70  -50.67  -50.69  -50.67  -50.68  -50.70  -50.70  -50.68
       med   |   25.610 |   25.887 |   12.613 |   12.613 |   12.563 |   12.589 |   12.554 |   12.589 |   12.558 |   12.603 |   12.539 |   12.551
32     2     |   23.360 |   23.365 |   13.241 |   13.211 |   13.188 |   13.203 |   13.178 |   13.203 |   13.206 |   13.198 |   13.179 |   13.197 ||   +0.02  -43.32  -43.44  -43.55  -43.48  -43.59  -43.48  -43.47  -43.50  -43.58  -43.51
       med   |   23.509 |   24.354 |   13.246 |   13.247 |   13.280 |   13.208 |   13.197 |   13.214 |   13.212 |   13.220 |   13.207 |   13.202
48     3     |   24.260 |   24.247 |   15.185 |   15.186 |   15.094 |   15.093 |   15.105 |   15.057 |   15.096 |   15.106 |   15.093 |   15.150 ||   -0.05  -37.41  -37.40  -37.78  -37.79  -37.73  -37.93  -37.77  -37.73  -37.78  -37.55
       med   |   24.416 |   25.190 |   15.378 |   15.323 |   15.235 |   15.149 |   15.181 |   15.114 |   15.261 |   15.170 |   15.199 |   15.219
64     4     |   25.124 |   25.107 |   18.632 |   18.634 |   18.268 |   18.264 |   18.291 |   18.247 |   18.294 |   18.333 |   18.271 |   18.272 ||   -0.06  -25.84  -25.83  -27.29  -27.30  -27.20  -27.37  -27.18  -27.03  -27.28  -27.27
       med   |   25.199 |   25.846 |   18.771 |   18.834 |   18.311 |   18.517 |   18.318 |   18.413 |   18.438 |   18.761 |   18.297 |   18.296
80     5     |   25.988 |   25.999 |   25.988 |   25.992 |   25.997 |   26.000 |   25.996 |   25.995 |   25.987 |   26.000 |   25.994 |   25.995 ||   +0.04   +0.00   +0.02   +0.03   +0.05   +0.03   +0.03   -0.00   +0.05   +0.02   +0.03
       med   |   26.295 |   26.870 |   26.108 |   26.122 |   26.463 |   26.490 |   26.459 |   26.115 |   26.025 |   26.730 |   26.021 |   26.135
96     6     |   26.922 |   26.888 |   26.923 |   26.919 |   26.929 |   26.938 |   26.926 |   26.928 |   26.931 |   26.924 |   26.925 |   26.932 ||   -0.13   +0.01   -0.01   +0.03   +0.06   +0.02   +0.02   +0.03   +0.01   +0.01   +0.04
       med   |   27.189 |   27.747 |   27.038 |   26.969 |   27.379 |   27.424 |   27.221 |   26.970 |   26.960 |   27.235 |   26.959 |   27.424
112    7     |   27.457 |   27.359 |   27.521 |   27.517 |   27.539 |   27.504 |   27.495 |   27.522 |   27.511 |   27.522 |   27.515 |   27.517 ||   -0.36   +0.23   +0.22   +0.30   +0.17   +0.14   +0.23   +0.20   +0.24   +0.21   +0.22
       med   |   27.787 |   27.781 |   27.605 |   27.736 |   27.975 |   27.617 |   27.953 |   27.582 |   27.548 |   27.875 |   27.548 |   27.768
128    8     |   25.519 |   25.547 |   25.422 |   25.594 |   25.605 |   25.592 |   25.595 |   25.588 |   25.588 |   25.601 |   25.587 |   25.594 ||   +0.11   -0.38   +0.29   +0.34   +0.29   +0.30   +0.27   +0.27   +0.32   +0.27   +0.29
       med   |   25.855 |   25.724 |   25.779 |   25.997 |   26.040 |   26.299 |   25.865 |   25.762 |   25.612 |   26.397 |   25.612 |   25.813
256    16    |   45.434 |   45.433 |   45.349 |   45.366 |   45.381 |   45.344 |   45.460 |   45.359 |   45.381 |   45.371 |   45.333 |   45.374 ||   -0.00   -0.19   -0.15   -0.12   -0.20   +0.06   -0.17   -0.12   -0.14   -0.22   -0.13
       med   |   45.749 |   46.443 |   45.800 |   45.947 |   46.200 |   46.272 |   46.545 |   46.028 |   46.386 |   46.703 |   46.444 |   46.540
512    32    |   84.383 |   83.976 |   84.401 |   84.514 |   84.423 |   84.466 |   84.511 |   84.341 |   83.664 |   84.416 |   84.393 |   84.338 ||   -0.48   +0.02   +0.16   +0.05   +0.10   +0.15   -0.05   -0.85   +0.04   +0.01   -0.05
       med   |   85.624 |   85.335 |   85.438 |   85.638 |   85.102 |   84.799 |   86.274 |   85.381 |   85.064 |   85.784 |   84.709 |   85.573
1024   64    |  161.924 |  162.001 |  161.967 |  162.304 |  162.063 |  162.050 |  161.887 |  161.692 |  161.804 |  161.995 |  161.983 |  161.973 ||   +0.05   +0.03   +0.23   +0.09   +0.08   -0.02   -0.14   -0.07   +0.04   +0.04   +0.03
       med   |  163.600 |  164.822 |  163.519 |  163.851 |  163.512 |  163.736 |  163.777 |  163.134 |  163.135 |  165.175 |  163.153 |  164.411
4096   256   |  628.317 |  628.862 |  628.728 |  629.018 |  628.818 |  628.865 |  628.770 |  628.411 |  628.638 |  628.700 |  628.841 |  628.899 ||   +0.09   +0.07   +0.11   +0.08   +0.09   +0.07   +0.02   +0.05   +0.06   +0.08   +0.09
       med   |  634.321 |  632.433 |  630.912 |  632.458 |  630.957 |  632.210 |  631.693 |  630.407 |  630.713 |  632.467 |  631.143 |  632.131
=== process binY.order1.2
SELFCHECK OK (256 whole-block lengths 1..256 blk x 12 variants; out/Xi/ivec/ret byte-identical, nothing written past 16*nblk)
bytes  blks  |     base |   baseAA |       w1 |     w1AA |       c3 |     c3AA |       e1 |       e2 |       e3 |       e4 |       e5 |       e7 ||  baseAA%      w1%    w1AA%      c3%    c3AA%      e1%      e2%      e3%      e4%      e5%      e7%
16     1     |   25.392 |   25.454 |   12.570 |   12.529 |   12.515 |   12.521 |   12.520 |   12.516 |   12.518 |   12.540 |   12.515 |   12.520 ||   +0.24  -50.50  -50.66  -50.71  -50.69  -50.69  -50.71  -50.70  -50.61  -50.71  -50.69
       med   |   25.623 |   25.892 |   12.613 |   12.613 |   12.561 |   12.589 |   12.558 |   12.589 |   12.559 |   12.604 |   12.540 |   12.550
32     2     |   23.366 |   23.467 |   13.243 |   13.242 |   13.186 |   13.203 |   13.180 |   13.201 |   13.206 |   13.201 |   13.182 |   13.198 ||   +0.43  -43.32  -43.33  -43.57  -43.49  -43.59  -43.50  -43.48  -43.50  -43.59  -43.52
       med   |   23.526 |   24.342 |   13.248 |   13.307 |   13.279 |   13.208 |   13.197 |   13.210 |   13.214 |   13.221 |   13.208 |   13.202
48     3     |   24.252 |   24.254 |   15.182 |   15.189 |   15.108 |   15.087 |   15.101 |   15.063 |   15.094 |   15.113 |   15.084 |   15.147 ||   +0.01  -37.40  -37.37  -37.71  -37.79  -37.73  -37.89  -37.76  -37.68  -37.80  -37.55
       med   |   24.420 |   24.989 |   15.228 |   15.370 |   15.263 |   15.148 |   15.164 |   15.113 |   15.260 |   15.223 |   15.173 |   15.223
64     4     |   25.106 |   25.118 |   18.629 |   18.631 |   18.271 |   18.266 |   18.287 |   18.255 |   18.303 |   18.332 |   18.268 |   18.275 ||   +0.05  -25.80  -25.79  -27.23  -27.24  -27.16  -27.29  -27.09  -26.98  -27.23  -27.21
       med   |   25.172 |   25.837 |   18.844 |   18.962 |   18.316 |   18.511 |   18.309 |   18.516 |   18.541 |   18.755 |   18.415 |   18.295
80     5     |   26.003 |   25.994 |   26.003 |   25.992 |   25.999 |   26.000 |   26.000 |   25.996 |   25.996 |   25.989 |   25.992 |   26.001 ||   -0.03   +0.00   -0.04   -0.01   -0.01   -0.01   -0.02   -0.03   -0.05   -0.04   -0.01
       med   |   26.297 |   26.677 |   26.177 |   26.110 |   26.460 |   26.598 |   26.460 |   26.028 |   26.021 |   26.617 |   26.021 |   26.457
96     6     |   26.910 |   26.989 |   26.940 |   26.923 |   26.935 |   26.926 |   26.909 |   26.926 |   26.917 |   26.919 |   26.906 |   26.937 ||   +0.29   +0.11   +0.04   +0.09   +0.06   -0.01   +0.06   +0.02   +0.03   -0.02   +0.10
       med   |   27.185 |   27.747 |   27.039 |   26.974 |   27.376 |   27.160 |   27.222 |   26.968 |   26.960 |   27.265 |   26.960 |   27.429
112    7     |   27.462 |   27.360 |   27.517 |   27.526 |   27.478 |   27.512 |   27.525 |   27.517 |   27.520 |   27.514 |   27.508 |   27.530 ||   -0.37   +0.20   +0.23   +0.06   +0.18   +0.23   +0.20   +0.21   +0.19   +0.17   +0.25
       med   |   27.796 |   28.399 |   27.634 |   27.776 |   27.815 |   28.262 |   27.957 |   27.556 |   27.547 |   27.862 |   27.549 |   27.999
128    8     |   25.521 |   25.590 |   25.415 |   25.597 |   25.582 |   25.591 |   25.594 |   25.594 |   25.588 |   25.570 |   25.569 |   25.572 ||   +0.27   -0.42   +0.30   +0.24   +0.27   +0.29   +0.29   +0.26   +0.19   +0.19   +0.20
       med   |   25.791 |   26.123 |   25.771 |   25.991 |   26.034 |   25.964 |   25.859 |   26.048 |   25.612 |   26.063 |   25.609 |   25.945
256    16    |   45.482 |   45.585 |   45.358 |   45.329 |   45.358 |   45.350 |   45.351 |   45.366 |   45.330 |   45.389 |   45.383 |   45.378 ||   +0.22   -0.27   -0.34   -0.27   -0.29   -0.29   -0.26   -0.33   -0.20   -0.22   -0.23
       med   |   46.125 |   46.480 |   45.857 |   45.949 |   46.339 |   46.203 |   46.114 |   46.006 |   46.024 |   46.863 |   46.674 |   46.589
512    32    |   84.373 |   84.369 |   84.393 |   84.516 |   84.439 |   84.503 |   84.376 |   83.062 |   84.371 |   84.416 |   84.393 |   84.358 ||   -0.00   +0.02   +0.17   +0.08   +0.15   +0.00   -1.55   -0.00   +0.05   +0.02   -0.02
       med   |   85.550 |   85.481 |   85.540 |   85.540 |   85.427 |   85.488 |   86.240 |   84.924 |   85.000 |   85.749 |   84.861 |   85.913
1024   64    |  161.692 |  161.901 |  161.938 |  162.087 |  161.996 |  162.048 |  161.876 |  161.470 |  161.810 |  161.630 |  162.016 |  161.736 ||   +0.13   +0.15   +0.24   +0.19   +0.22   +0.11   -0.14   +0.07   -0.04   +0.20   +0.03
       med   |  164.298 |  163.447 |  163.006 |  164.149 |  163.347 |  163.451 |  164.167 |  163.601 |  164.078 |  164.589 |  163.692 |  165.430
4096   256   |  628.447 |  628.773 |  628.717 |  628.790 |  628.764 |  628.762 |  628.773 |  628.390 |  628.588 |  628.574 |  628.702 |  628.810 ||   +0.05   +0.04   +0.05   +0.05   +0.05   +0.05   -0.01   +0.02   +0.02   +0.04   +0.06
       med   |  633.332 |  631.640 |  632.145 |  632.461 |  631.121 |  631.587 |  631.793 |  631.115 |  631.384 |  632.436 |  630.990 |  631.990
=== process binY.order1.3
SELFCHECK OK (256 whole-block lengths 1..256 blk x 12 variants; out/Xi/ivec/ret byte-identical, nothing written past 16*nblk)
bytes  blks  |     base |   baseAA |       w1 |     w1AA |       c3 |     c3AA |       e1 |       e2 |       e3 |       e4 |       e5 |       e7 ||  baseAA%      w1%    w1AA%      c3%    c3AA%      e1%      e2%      e3%      e4%      e5%      e7%
16     1     |   24.110 |   23.883 |   12.572 |   12.575 |   12.516 |   12.546 |   12.524 |   12.582 |   12.522 |   12.556 |   12.515 |   12.520 ||   -0.94  -47.86  -47.85  -48.09  -47.97  -48.05  -47.81  -48.06  -47.92  -48.09  -48.07
       med   |   25.556 |   25.799 |   12.613 |   12.613 |   12.538 |   12.589 |   12.558 |   12.589 |   12.558 |   12.605 |   12.538 |   12.550
32     2     |   23.356 |   23.371 |   13.242 |   13.243 |   13.187 |   13.203 |   13.184 |   13.204 |   13.205 |   13.199 |   13.180 |   13.178 ||   +0.06  -43.30  -43.30  -43.54  -43.47  -43.55  -43.47  -43.46  -43.49  -43.57  -43.58
       med   |   23.484 |   23.862 |   13.246 |   13.306 |   13.279 |   13.209 |   13.210 |   13.212 |   13.212 |   13.220 |   13.193 |   13.202
48     3     |   24.247 |   24.245 |   15.189 |   15.185 |   15.091 |   15.095 |   15.109 |   15.067 |   15.093 |   15.104 |   15.078 |   15.146 ||   -0.01  -37.36  -37.37  -37.76  -37.75  -37.69  -37.86  -37.75  -37.71  -37.81  -37.54
       med   |   24.353 |   25.200 |   15.377 |   15.228 |   15.158 |   15.150 |   15.162 |   15.110 |   15.261 |   15.222 |   15.137 |   15.218
64     4     |   25.149 |   25.129 |   18.628 |   18.629 |   18.266 |   18.268 |   18.290 |   18.243 |   18.295 |   18.332 |   18.273 |   18.275 ||   -0.08  -25.93  -25.93  -27.37  -27.36  -27.28  -27.46  -27.25  -27.11  -27.34  -27.33
       med   |   25.428 |   25.990 |   18.841 |   18.964 |   18.300 |   18.305 |   18.309 |   18.606 |   18.441 |   18.753 |   18.415 |   18.297
80     5     |   25.989 |   26.000 |   26.000 |   25.996 |   25.990 |   25.999 |   25.993 |   25.991 |   26.000 |   25.992 |   25.997 |   26.008 ||   +0.04   +0.04   +0.03   +0.00   +0.04   +0.02   +0.01   +0.04   +0.01   +0.03   +0.07
       med   |   26.288 |   26.958 |   26.187 |   26.265 |   26.541 |   26.587 |   26.460 |   26.079 |   26.076 |   26.475 |   26.019 |   26.537
96     6     |   26.912 |   26.954 |   26.922 |   26.936 |   26.923 |   26.924 |   26.916 |   26.922 |   26.909 |   26.935 |   26.911 |   26.932 ||   +0.16   +0.04   +0.09   +0.04   +0.04   +0.01   +0.03   -0.01   +0.09   -0.01   +0.07
       med   |   26.967 |   27.748 |   27.039 |   27.276 |   27.234 |   27.166 |   27.219 |   27.030 |   26.970 |   27.372 |   26.957 |   27.204
112    7     |   27.449 |   27.445 |   27.521 |   27.518 |   27.492 |   27.525 |   27.503 |   27.518 |   27.519 |   27.519 |   27.516 |   27.531 ||   -0.02   +0.26   +0.25   +0.16   +0.28   +0.20   +0.25   +0.26   +0.25   +0.24   +0.30
       med   |   27.784 |   28.401 |   27.641 |   27.625 |   27.963 |   28.130 |   27.909 |   27.556 |   27.548 |   28.284 |   27.549 |   27.986
128    8     |   25.514 |   25.587 |   25.420 |   25.598 |   25.589 |   25.590 |   25.590 |   25.591 |   25.583 |   25.591 |   25.569 |   25.584 ||   +0.29   -0.37   +0.33   +0.29   +0.30   +0.30   +0.30   +0.27   +0.30   +0.22   +0.27
       med   |   25.548 |   26.152 |   25.777 |   25.998 |   26.032 |   25.785 |   25.865 |   26.022 |   25.611 |   26.336 |   25.611 |   25.774
256    16    |   45.443 |   45.419 |   45.344 |   45.325 |   45.354 |   45.353 |   45.399 |   45.390 |   45.394 |   45.125 |   45.350 |   45.478 ||   -0.05   -0.22   -0.26   -0.20   -0.20   -0.10   -0.12   -0.11   -0.70   -0.21   +0.08
       med   |   46.246 |   46.409 |   45.867 |   45.886 |   46.207 |   46.385 |   46.110 |   46.018 |   46.384 |   46.417 |   46.069 |   46.612
512    32    |   84.346 |   84.301 |   84.407 |   84.421 |   84.429 |   84.542 |   84.406 |   82.946 |   84.397 |   84.344 |   84.447 |   84.440 ||   -0.05   +0.07   +0.09   +0.10   +0.23   +0.07   -1.66   +0.06   -0.00   +0.12   +0.11
       med   |   85.924 |   85.080 |   85.511 |   85.483 |   85.202 |   85.276 |   85.517 |   84.957 |   84.736 |   85.841 |   85.171 |   86.041
1024   64    |  161.877 |  161.956 |  161.977 |  162.137 |  161.880 |  162.103 |  161.839 |  161.450 |  161.830 |  161.887 |  162.049 |  161.632 ||   +0.05   +0.06   +0.16   +0.00   +0.14   -0.02   -0.26   -0.03   +0.01   +0.11   -0.15
       med   |  163.498 |  164.645 |  163.504 |  163.573 |  163.622 |  163.345 |  163.897 |  163.037 |  163.286 |  163.427 |  163.507 |  164.712
4096   256   |  628.656 |  628.730 |  628.823 |  628.962 |  628.846 |  628.504 |  628.707 |  628.293 |  628.739 |  628.341 |  628.658 |  628.393 ||   +0.01   +0.03   +0.05   +0.03   -0.02   +0.01   -0.06   +0.01   -0.05   +0.00   -0.04
       med   |  636.394 |  631.396 |  630.971 |  631.210 |  630.774 |  630.317 |  631.370 |  630.311 |  630.381 |  630.936 |  630.925 |  630.835
=== process binY.order1.4
SELFCHECK OK (256 whole-block lengths 1..256 blk x 12 variants; out/Xi/ivec/ret byte-identical, nothing written past 16*nblk)
bytes  blks  |     base |   baseAA |       w1 |     w1AA |       c3 |     c3AA |       e1 |       e2 |       e3 |       e4 |       e5 |       e7 ||  baseAA%      w1%    w1AA%      c3%    c3AA%      e1%      e2%      e3%      e4%      e5%      e7%
16     1     |   25.382 |   25.462 |   12.571 |   12.571 |   12.514 |   12.528 |   12.519 |   12.537 |   12.520 |   12.555 |   12.514 |   12.520 ||   +0.31  -50.47  -50.47  -50.70  -50.64  -50.68  -50.61  -50.68  -50.54  -50.70  -50.67
       med   |   25.610 |   25.882 |   12.613 |   12.613 |   12.523 |   12.588 |   12.558 |   12.589 |   12.559 |   12.606 |   12.539 |   12.550
32     2     |   23.357 |   23.375 |   13.242 |   13.242 |   13.183 |   13.204 |   13.179 |   13.205 |   13.206 |   13.200 |   13.181 |   13.180 ||   +0.08  -43.31  -43.31  -43.56  -43.47  -43.58  -43.47  -43.46  -43.49  -43.57  -43.57
       med   |   23.598 |   24.362 |   13.246 |   13.388 |   13.280 |   13.210 |   13.198 |   13.211 |   13.212 |   13.221 |   13.195 |   13.202
48     3     |   24.250 |   24.251 |   15.185 |   15.186 |   15.096 |   15.089 |   15.101 |   15.065 |   15.104 |   15.101 |   15.089 |   15.153 ||   +0.00  -37.38  -37.38  -37.75  -37.78  -37.73  -37.88  -37.72  -37.73  -37.78  -37.51
       med   |   24.481 |   25.209 |   15.371 |   15.235 |   15.154 |   15.149 |   15.188 |   15.111 |   15.261 |   15.226 |   15.195 |   15.222
64     4     |   25.104 |   25.104 |   18.630 |   18.627 |   18.265 |   18.267 |   18.290 |   18.238 |   18.299 |   18.332 |   18.270 |   18.272 ||   +0.00  -25.79  -25.80  -27.24  -27.23  -27.14  -27.35  -27.11  -26.97  -27.22  -27.21
       med   |   25.340 |   25.472 |   18.660 |   18.655 |   18.297 |   18.506 |   18.312 |   18.283 |   18.434 |   18.759 |   18.294 |   18.612
80     5     |   25.987 |   25.997 |   25.999 |   25.991 |   26.001 |   25.996 |   26.000 |   25.991 |   25.992 |   25.995 |   25.987 |   25.994 ||   +0.04   +0.05   +0.02   +0.06   +0.04   +0.05   +0.02   +0.02   +0.03   +0.00   +0.03
       med   |   26.254 |   26.343 |   26.171 |   26.243 |   26.510 |   26.490 |   26.455 |   26.096 |   26.032 |   26.726 |   26.018 |   26.470
96     6     |   26.907 |   26.874 |   26.924 |   26.926 |   26.925 |   26.925 |   26.926 |   26.923 |   26.923 |   26.929 |   26.921 |   26.925 ||   -0.12   +0.06   +0.07   +0.07   +0.07   +0.07   +0.06   +0.06   +0.08   +0.05   +0.07
       med   |   27.172 |   27.223 |   27.038 |   27.189 |   27.382 |   27.408 |   27.218 |   27.338 |   26.963 |   27.253 |   26.961 |   27.181
112    7     |   27.462 |   27.454 |   27.513 |   27.524 |   27.529 |   27.525 |   27.506 |   27.518 |   27.516 |   27.530 |   27.517 |   27.516 ||   -0.03   +0.19   +0.22   +0.24   +0.23   +0.16   +0.20   +0.20   +0.25   +0.20   +0.20
       med   |   27.765 |   28.400 |   27.561 |   27.637 |   27.967 |   28.134 |   27.947 |   27.567 |   27.548 |   28.285 |   27.547 |   27.730
128    8     |   25.523 |   25.549 |   25.405 |   25.593 |   25.598 |   25.587 |   25.595 |   25.580 |   25.584 |   25.592 |   25.574 |   25.594 ||   +0.10   -0.46   +0.28   +0.29   +0.25   +0.28   +0.23   +0.24   +0.27   +0.20   +0.28
       med   |   25.544 |   26.073 |   25.778 |   25.935 |   26.032 |   25.772 |   25.864 |   25.774 |   25.611 |   25.948 |   25.612 |   26.067
256    16    |   45.509 |   45.367 |   45.346 |   45.315 |   45.366 |   45.331 |   45.400 |   45.371 |   45.370 |   45.368 |   45.387 |   45.370 ||   -0.31   -0.36   -0.43   -0.31   -0.39   -0.24   -0.30   -0.31   -0.31   -0.27   -0.30
       med   |   46.056 |   46.453 |   45.863 |   45.819 |   46.222 |   45.990 |   46.395 |   46.147 |   46.210 |   46.828 |   46.499 |   45.997
512    32    |   84.134 |   84.315 |   84.418 |   84.420 |   84.405 |   84.400 |   84.396 |   84.243 |   84.391 |   84.403 |   84.425 |   84.399 ||   +0.21   +0.34   +0.34   +0.32   +0.32   +0.31   +0.13   +0.31   +0.32   +0.35   +0.32
       med   |   85.562 |   84.562 |   85.326 |   85.530 |   85.510 |   85.351 |   86.157 |   85.374 |   85.514 |   85.847 |   85.194 |   85.985
1024   64    |  161.864 |  161.685 |  161.846 |  162.143 |  161.963 |  162.108 |  161.796 |  161.351 |  161.833 |  161.839 |  160.876 |  161.855 ||   -0.11   -0.01   +0.17   +0.06   +0.15   -0.04   -0.32   -0.02   -0.02   -0.61   -0.01
       med   |  163.604 |  163.060 |  163.549 |  163.415 |  163.225 |  163.226 |  163.917 |  162.880 |  163.136 |  163.133 |  163.242 |  163.386
4096   256   |  628.022 |  628.635 |  628.688 |  628.616 |  628.811 |  628.806 |  628.649 |  628.265 |  628.461 |  628.648 |  628.674 |  628.789 ||   +0.10   +0.11   +0.09   +0.13   +0.12   +0.10   +0.04   +0.07   +0.10   +0.10   +0.12
       med   |  633.399 |  631.152 |  630.834 |  631.073 |  630.665 |  630.576 |  631.065 |  630.524 |  630.606 |  630.389 |  631.227 |  630.303
=== process binY.order1.5
SELFCHECK OK (256 whole-block lengths 1..256 blk x 12 variants; out/Xi/ivec/ret byte-identical, nothing written past 16*nblk)
bytes  blks  |     base |   baseAA |       w1 |     w1AA |       c3 |     c3AA |       e1 |       e2 |       e3 |       e4 |       e5 |       e7 ||  baseAA%      w1%    w1AA%      c3%    c3AA%      e1%      e2%      e3%      e4%      e5%      e7%
16     1     |   24.715 |   24.192 |   12.571 |   12.571 |   12.514 |   12.526 |   12.522 |   12.582 |   12.525 |   12.557 |   12.514 |   12.521 ||   -2.12  -49.14  -49.14  -49.37  -49.32  -49.33  -49.09  -49.32  -49.19  -49.37  -49.34
       med   |   25.668 |   25.934 |   12.613 |   12.613 |   12.538 |   12.589 |   12.558 |   12.589 |   12.558 |   12.606 |   12.537 |   12.552
32     2     |   23.378 |   23.371 |   13.241 |   13.243 |   13.182 |   13.202 |   13.183 |   13.204 |   13.201 |   13.200 |   13.181 |   13.181 ||   -0.03  -43.36  -43.35  -43.61  -43.53  -43.61  -43.52  -43.53  -43.54  -43.62  -43.62
       med   |   23.601 |   24.331 |   13.245 |   13.306 |   13.280 |   13.211 |   13.227 |   13.211 |   13.211 |   13.220 |   13.208 |   13.202
48     3     |   24.270 |   24.272 |   15.191 |   15.182 |   15.109 |   15.117 |   15.107 |   15.084 |   15.086 |   15.119 |   15.093 |   15.158 ||   +0.01  -37.41  -37.44  -37.75  -37.71  -37.75  -37.85  -37.84  -37.70  -37.81  -37.54
       med   |   24.492 |   25.213 |   15.378 |   15.438 |   15.178 |   15.176 |   15.189 |   15.134 |   15.263 |   15.195 |   15.151 |   15.248
64     4     |   25.118 |   25.120 |   18.632 |   18.627 |   18.269 |   18.267 |   18.291 |   18.253 |   18.301 |   18.322 |   18.269 |   18.273 ||   +0.01  -25.82  -25.84  -27.27  -27.28  -27.18  -27.33  -27.14  -27.06  -27.27  -27.25
       med   |   25.392 |   25.640 |   18.838 |   18.653 |   18.303 |   18.307 |   18.311 |   18.569 |   18.439 |   18.553 |   18.295 |   18.657
80     5     |   25.998 |   26.012 |   25.996 |   25.996 |   26.006 |   26.001 |   25.996 |   25.993 |   25.990 |   25.998 |   25.991 |   25.996 ||   +0.05   -0.01   -0.01   +0.03   +0.01   -0.01   -0.02   -0.03   -0.00   -0.03   -0.01
       med   |   26.290 |   26.959 |   26.085 |   26.292 |   26.543 |   26.508 |   26.454 |   26.080 |   26.072 |   26.379 |   26.018 |   26.519
96     6     |   26.909 |   26.928 |   26.926 |   26.928 |   26.941 |   26.931 |   26.927 |   26.918 |   26.913 |   26.940 |   26.920 |   26.941 ||   +0.07   +0.06   +0.07   +0.12   +0.08   +0.07   +0.04   +0.02   +0.12   +0.04   +0.12
       med   |   27.181 |   27.741 |   27.040 |   27.017 |   27.389 |   27.426 |   27.220 |   26.975 |   26.960 |   27.623 |   26.958 |   27.430
112    7     |   27.458 |   27.433 |   27.520 |   27.522 |   27.506 |   27.528 |   27.498 |   27.515 |   27.517 |   27.517 |   27.520 |   27.523 ||   -0.09   +0.23   +0.23   +0.17   +0.26   +0.15   +0.21   +0.21   +0.22   +0.23   +0.24
       med   |   27.775 |   28.400 |   27.644 |   27.758 |   27.976 |   28.138 |   27.955 |   27.554 |   27.546 |   27.974 |   27.549 |   27.998
128    8     |   25.514 |   25.580 |   25.419 |   25.547 |   25.605 |   25.597 |   25.591 |   25.595 |   25.588 |   25.594 |   25.591 |   25.593 ||   +0.26   -0.37   +0.13   +0.35   +0.33   +0.30   +0.32   +0.29   +0.31   +0.30   +0.31
       med   |   25.552 |   26.241 |   25.780 |   25.998 |   26.038 |   26.320 |   25.855 |   26.014 |   25.611 |   26.079 |   25.611 |   26.068
256    16    |   45.528 |   45.366 |   45.366 |   45.401 |   45.361 |   45.345 |   45.347 |   45.375 |   45.382 |   45.344 |   45.506 |   45.442 ||   -0.36   -0.36   -0.28   -0.37   -0.40   -0.40   -0.34   -0.32   -0.40   -0.05   -0.19
       med   |   46.442 |   46.149 |   45.936 |   46.032 |   46.066 |   46.472 |   46.134 |   46.002 |   46.333 |   46.754 |   46.516 |   46.665
512    32    |   84.366 |   84.350 |   84.392 |   84.520 |   84.402 |   84.445 |   84.396 |   84.309 |   84.389 |   84.376 |   84.335 |   84.395 ||   -0.02   +0.03   +0.18   +0.04   +0.09   +0.04   -0.07   +0.03   +0.01   -0.04   +0.03
       med   |   85.466 |   85.562 |   85.390 |   85.601 |   85.471 |   85.243 |   86.141 |   84.949 |   85.430 |   85.416 |   85.046 |   86.122
1024   64    |  161.891 |  161.844 |  161.814 |  162.140 |  161.210 |  162.055 |  161.805 |  161.720 |  161.695 |  161.831 |  161.398 |  161.800 ||   -0.03   -0.05   +0.15   -0.42   +0.10   -0.05   -0.11   -0.12   -0.04   -0.30   -0.06
       med   |  163.524 |  163.193 |  163.184 |  163.484 |  163.305 |  163.268 |  164.034 |  163.132 |  163.281 |  163.090 |  163.815 |  164.992
4096   256   |  628.179 |  628.403 |  628.736 |  628.894 |  628.817 |  628.870 |  628.779 |  628.386 |  627.983 |  628.629 |  628.649 |  628.768 ||   +0.04   +0.09   +0.11   +0.10   +0.11   +0.10   +0.03   -0.03   +0.07   +0.07   +0.09
       med   |  633.427 |  630.706 |  630.801 |  631.082 |  630.774 |  630.225 |  631.803 |  630.567 |  630.739 |  630.549 |  630.800 |  631.876
=== process binY.order2.1
SELFCHECK OK (256 whole-block lengths 1..256 blk x 12 variants; out/Xi/ivec/ret byte-identical, nothing written past 16*nblk)
bytes  blks  |     base |       e7 |       e5 |       e4 |       e3 |       e2 |       e1 |     c3AA |       c3 |     w1AA |       w1 |   baseAA ||      e7%      e5%      e4%      e3%      e2%      e1%    c3AA%      c3%    w1AA%      w1%  baseAA%
16     1     |   25.342 |   12.505 |   12.511 |   12.555 |   12.544 |   12.516 |   12.521 |   12.521 |   12.583 |   12.571 |   12.573 |   25.323 ||  -50.65  -50.63  -50.46  -50.50  -50.61  -50.59  -50.59  -50.35  -50.40  -50.39   -0.07
       med   |   25.601 |   12.514 |   12.521 |   12.603 |   12.557 |   12.588 |   12.559 |   12.588 |   12.589 |   12.612 |   12.613 |   25.628
32     2     |   23.367 |   13.175 |   13.177 |   13.194 |   13.206 |   13.197 |   13.185 |   13.203 |   13.203 |   13.242 |   13.243 |   23.410 ||  -43.62  -43.61  -43.54  -43.48  -43.52  -43.57  -43.50  -43.50  -43.33  -43.33   +0.18
       med   |   23.572 |   13.180 |   13.207 |   13.221 |   13.211 |   13.209 |   13.196 |   13.209 |   13.210 |   13.246 |   13.305 |   23.724
48     3     |   24.239 |   15.145 |   15.085 |   15.129 |   15.080 |   15.065 |   15.101 |   15.083 |   15.096 |   15.187 |   15.183 |   24.247 ||  -37.52  -37.77  -37.58  -37.78  -37.85  -37.70  -37.77  -37.72  -37.35  -37.36   +0.03
       med   |   24.522 |   15.209 |   15.138 |   15.475 |   15.122 |   15.118 |   15.152 |   15.148 |   15.342 |   15.221 |   15.329 |   24.477
64     4     |   25.128 |   18.283 |   18.277 |   18.318 |   18.296 |   18.244 |   18.289 |   18.264 |   18.266 |   18.630 |   18.631 |   25.150 ||  -27.24  -27.26  -27.10  -27.19  -27.39  -27.21  -27.32  -27.31  -25.86  -25.85   +0.09
       med   |   25.333 |   18.301 |   18.727 |   18.728 |   18.321 |   18.281 |   18.310 |   18.294 |   18.512 |   18.649 |   18.859 |   25.567
80     5     |   25.993 |   25.985 |   25.989 |   25.995 |   25.996 |   25.997 |   25.995 |   25.997 |   25.969 |   25.993 |   26.014 |   25.992 ||   -0.03   -0.01   +0.01   +0.01   +0.02   +0.01   +0.02   -0.09   -0.00   +0.08   -0.01
       med   |   26.334 |   26.375 |   26.377 |   26.038 |   26.100 |   26.317 |   26.102 |   26.217 |   26.195 |   26.025 |   26.325 |   26.467
96     6     |   26.907 |   26.898 |   26.950 |   26.917 |   26.930 |   26.922 |   26.938 |   26.920 |   26.733 |   26.926 |   26.945 |   26.888 ||   -0.03   +0.16   +0.04   +0.09   +0.06   +0.11   +0.05   -0.65   +0.07   +0.14   -0.07
       med   |   27.218 |   27.265 |   27.460 |   27.207 |   26.968 |   26.961 |   27.025 |   27.184 |   26.970 |   27.216 |   27.220 |   27.347
112    7     |   27.450 |   27.492 |   27.532 |   27.522 |   27.519 |   27.519 |   27.530 |   27.498 |   27.465 |   27.520 |   27.533 |   27.454 ||   +0.15   +0.30   +0.26   +0.25   +0.25   +0.29   +0.17   +0.05   +0.26   +0.30   +0.01
       med   |   27.775 |   28.179 |   28.025 |   27.718 |   27.623 |   27.776 |   27.636 |   27.550 |   27.773 |   27.676 |   27.787 |   27.846
128    8     |   25.516 |   25.601 |   25.599 |   25.590 |   25.589 |   25.594 |   25.600 |   25.595 |   25.597 |   25.587 |   25.590 |   25.520 ||   +0.34   +0.33   +0.29   +0.29   +0.31   +0.33   +0.31   +0.32   +0.28   +0.29   +0.02
       med   |   25.687 |   26.123 |   26.145 |   25.616 |   25.869 |   25.886 |   25.762 |   25.872 |   25.936 |   25.766 |   25.781 |   25.924
256    16    |   45.459 |   45.411 |   45.326 |   45.372 |   45.357 |   45.329 |   45.380 |   45.557 |   45.344 |   45.478 |   45.351 |   45.427 ||   -0.11   -0.29   -0.19   -0.23   -0.29   -0.18   +0.22   -0.25   +0.04   -0.24   -0.07
       med   |   46.346 |   46.315 |   45.913 |   46.444 |   46.124 |   45.757 |   46.374 |   45.795 |   45.816 |   45.701 |   46.089 |   46.589
512    32    |   84.250 |   84.436 |   84.401 |   84.438 |   84.387 |   84.412 |   84.451 |   84.376 |   84.439 |   84.419 |   84.337 |   84.443 ||   +0.22   +0.18   +0.22   +0.16   +0.19   +0.24   +0.15   +0.22   +0.20   +0.10   +0.23
       med   |   85.436 |   85.554 |   85.993 |   85.774 |   86.098 |   84.984 |   85.600 |   84.593 |   86.349 |   85.679 |   84.902 |   85.447
1024   64    |  161.919 |  162.054 |  161.649 |  162.042 |  161.984 |  161.905 |  161.792 |  161.831 |  162.104 |  162.085 |  161.703 |  161.851 ||   +0.08   -0.17   +0.08   +0.04   -0.01   -0.08   -0.05   +0.11   +0.10   -0.13   -0.04
       med   |  165.177 |  165.613 |  162.766 |  164.001 |  165.202 |  163.081 |  163.762 |  162.108 |  163.743 |  164.363 |  163.815 |  165.157
4096   256   |  628.491 |  628.595 |  628.609 |  628.831 |  628.992 |  628.855 |  628.963 |  628.753 |  628.894 |  628.801 |  628.781 |  628.928 ||   +0.02   +0.02   +0.05   +0.08   +0.06   +0.08   +0.04   +0.06   +0.05   +0.05   +0.07
       med   |  634.873 |  633.020 |  633.072 |  632.008 |  633.856 |  630.682 |  633.154 |  630.526 |  632.740 |  632.146 |  632.108 |  633.014
=== process binY.order2.2
SELFCHECK OK (256 whole-block lengths 1..256 blk x 12 variants; out/Xi/ivec/ret byte-identical, nothing written past 16*nblk)
bytes  blks  |     base |       e7 |       e5 |       e4 |       e3 |       e2 |       e1 |     c3AA |       c3 |     w1AA |       w1 |   baseAA ||      e7%      e5%      e4%      e3%      e2%      e1%    c3AA%      c3%    w1AA%      w1%  baseAA%
16     1     |   25.320 |   12.506 |   12.514 |   12.556 |   12.521 |   12.516 |   12.552 |   12.518 |   12.582 |   12.573 |   12.572 |   25.314 ||  -50.61  -50.58  -50.41  -50.55  -50.57  -50.43  -50.56  -50.31  -50.34  -50.35   -0.02
       med   |   25.555 |   12.514 |   12.522 |   12.602 |   12.558 |   12.588 |   12.558 |   12.589 |   12.589 |   12.613 |   12.613 |   25.534
32     2     |   23.400 |   13.175 |   13.177 |   13.194 |   13.199 |   13.195 |   13.181 |   13.191 |   13.203 |   13.242 |   13.242 |   23.416 ||  -43.70  -43.69  -43.62  -43.59  -43.61  -43.67  -43.63  -43.58  -43.41  -43.41   +0.07
       med   |   23.481 |   13.180 |   13.207 |   13.221 |   13.211 |   13.209 |   13.196 |   13.208 |   13.208 |   13.246 |   13.306 |   23.726
48     3     |   24.254 |   15.149 |   15.085 |   15.101 |   15.085 |   15.064 |   15.099 |   15.090 |   15.085 |   15.183 |   15.187 |   24.255 ||  -37.54  -37.80  -37.74  -37.80  -37.89  -37.75  -37.78  -37.80  -37.40  -37.38   +0.00
       med   |   24.483 |   15.205 |   15.133 |   15.473 |   15.123 |   15.123 |   15.155 |   15.146 |   15.220 |   15.222 |   15.332 |   24.559
64     4     |   25.124 |   18.282 |   18.274 |   18.318 |   18.292 |   18.243 |   18.292 |   18.270 |   18.267 |   18.626 |   18.626 |   25.143 ||  -27.23  -27.26  -27.09  -27.20  -27.39  -27.19  -27.28  -27.29  -25.86  -25.86   +0.07
       med   |   25.172 |   18.301 |   18.538 |   18.583 |   18.320 |   18.276 |   18.309 |   18.297 |   18.458 |   18.656 |   18.861 |   25.531
80     5     |   25.989 |   26.022 |   26.004 |   25.991 |   25.992 |   25.997 |   25.991 |   25.987 |   25.963 |   25.994 |   25.999 |   25.982 ||   +0.12   +0.06   +0.01   +0.01   +0.03   +0.01   -0.01   -0.10   +0.02   +0.04   -0.03
       med   |   26.424 |   26.684 |   26.671 |   26.056 |   26.028 |   26.110 |   26.094 |   26.221 |   26.200 |   26.291 |   26.321 |   26.538
96     6     |   26.909 |   26.896 |   26.924 |   26.919 |   26.915 |   26.912 |   26.922 |   26.921 |   26.739 |   26.924 |   26.932 |   26.895 ||   -0.05   +0.06   +0.04   +0.02   +0.01   +0.05   +0.05   -0.63   +0.06   +0.09   -0.05
       med   |   26.967 |   27.315 |   27.256 |   27.026 |   26.964 |   26.965 |   27.013 |   26.962 |   26.986 |   27.201 |   27.218 |   27.432
112    7     |   27.454 |   27.435 |   27.531 |   27.512 |   27.504 |   27.515 |   27.416 |   27.505 |   27.465 |   27.453 |   27.531 |   27.457 ||   -0.07   +0.28   +0.21   +0.18   +0.22   -0.14   +0.18   +0.04   -0.01   +0.28   +0.01
       med   |   27.783 |   28.183 |   28.039 |   27.747 |   27.555 |   27.557 |   27.637 |   27.737 |   27.687 |   27.607 |   27.783 |   27.605
128    8     |   25.520 |   25.617 |   25.594 |   25.586 |   25.548 |   25.587 |   25.590 |   25.596 |   25.592 |   25.588 |   25.596 |   25.523 ||   +0.38   +0.29   +0.26   +0.11   +0.26   +0.27   +0.30   +0.28   +0.27   +0.30   +0.01
       med   |   25.683 |   26.132 |   26.139 |   25.617 |   25.870 |   25.620 |   25.864 |   25.880 |   25.943 |   25.618 |   26.014 |   25.923
256    16    |   45.413 |   45.388 |   45.327 |   45.339 |   45.329 |   45.354 |   45.393 |   45.511 |   45.350 |   45.470 |   45.372 |   45.491 ||   -0.05   -0.19   -0.16   -0.18   -0.13   -0.04   +0.22   -0.14   +0.13   -0.09   +0.17
       med   |   46.323 |   46.294 |   45.974 |   46.468 |   46.109 |   45.738 |   46.859 |   45.667 |   45.808 |   46.063 |   46.062 |   46.491
512    32    |   84.358 |   84.462 |   84.383 |   84.422 |   84.389 |   84.397 |   84.390 |   84.405 |   84.381 |   84.462 |   84.326 |   84.544 ||   +0.12   +0.03   +0.08   +0.04   +0.05   +0.04   +0.06   +0.03   +0.12   -0.04   +0.22
       med   |   85.400 |   85.667 |   85.875 |   85.514 |   85.728 |   85.041 |   85.395 |   84.904 |   85.471 |   85.551 |   84.773 |   86.573
1024   64    |  161.863 |  162.064 |  161.839 |  161.984 |  161.856 |  161.915 |  161.929 |  161.837 |  162.010 |  161.988 |  161.890 |  162.077 ||   +0.12   -0.02   +0.07   -0.00   +0.03   +0.04   -0.02   +0.09   +0.08   +0.02   +0.13
       med   |  164.917 |  165.345 |  163.165 |  164.028 |  165.085 |  163.328 |  164.160 |  162.591 |  164.940 |  163.957 |  162.335 |  165.471
4096   256   |  628.243 |  628.537 |  628.531 |  628.875 |  628.868 |  628.625 |  628.879 |  628.793 |  628.791 |  628.774 |  628.740 |  628.899 ||   +0.05   +0.05   +0.10   +0.10   +0.06   +0.10   +0.09   +0.09   +0.08   +0.08   +0.10
       med   |  633.265 |  631.337 |  633.135 |  632.074 |  631.511 |  630.631 |  631.015 |  630.348 |  632.038 |  631.474 |  631.390 |  632.478
=== process binY.order2.3
SELFCHECK OK (256 whole-block lengths 1..256 blk x 12 variants; out/Xi/ivec/ret byte-identical, nothing written past 16*nblk)
bytes  blks  |     base |       e7 |       e5 |       e4 |       e3 |       e2 |       e1 |     c3AA |       c3 |     w1AA |       w1 |   baseAA ||      e7%      e5%      e4%      e3%      e2%      e1%    c3AA%      c3%    w1AA%      w1%  baseAA%
16     1     |   25.324 |   12.503 |   12.514 |   12.516 |   12.522 |   12.516 |   12.517 |   12.527 |   12.581 |   12.570 |   12.571 |   25.329 ||  -50.63  -50.58  -50.58  -50.55  -50.58  -50.57  -50.53  -50.32  -50.36  -50.36   +0.02
       med   |   25.709 |   12.514 |   12.523 |   12.601 |   12.558 |   12.588 |   12.558 |   12.589 |   12.589 |   12.613 |   12.613 |   25.723
32     2     |   23.368 |   13.174 |   13.177 |   13.189 |   13.198 |   13.200 |   13.192 |   13.203 |   13.201 |   13.242 |   13.243 |   23.395 ||  -43.62  -43.61  -43.56  -43.52  -43.51  -43.55  -43.50  -43.51  -43.33  -43.33   +0.12
       med   |   23.606 |   13.180 |   13.208 |   13.221 |   13.211 |   13.215 |   13.265 |   13.208 |   13.208 |   13.246 |   13.306 |   23.621
48     3     |   24.240 |   15.136 |   15.094 |   15.121 |   15.087 |   15.078 |   15.099 |   15.100 |   15.102 |   15.186 |   15.187 |   24.265 ||  -37.56  -37.73  -37.62  -37.76  -37.80  -37.71  -37.71  -37.70  -37.35  -37.35   +0.10
       med   |   24.530 |   15.237 |   15.154 |   15.475 |   15.136 |   15.144 |   15.171 |   15.168 |   15.201 |   15.226 |   15.332 |   24.674
64     4     |   25.125 |   18.283 |   18.276 |   18.327 |   18.297 |   18.245 |   18.288 |   18.271 |   18.272 |   18.625 |   18.630 |   25.121 ||  -27.23  -27.26  -27.06  -27.17  -27.38  -27.21  -27.28  -27.28  -25.87  -25.85   -0.01
       med   |   25.327 |   18.299 |   18.526 |   18.710 |   18.321 |   18.280 |   18.309 |   18.293 |   18.524 |   18.650 |   18.657 |   25.353
80     5     |   25.997 |   25.998 |   26.005 |   25.991 |   25.996 |   25.993 |   25.993 |   25.992 |   25.973 |   25.994 |   26.010 |   25.982 ||   +0.01   +0.03   -0.02   -0.00   -0.02   -0.02   -0.02   -0.09   -0.01   +0.05   -0.06
       med   |   26.377 |   26.683 |   26.701 |   26.028 |   26.244 |   26.120 |   26.101 |   26.223 |   26.205 |   26.275 |   26.322 |   26.481
96     6     |   26.885 |   26.910 |   26.924 |   26.927 |   26.916 |   26.916 |   26.932 |   26.922 |   26.744 |   26.923 |   26.943 |   26.880 ||   +0.09   +0.15   +0.15   +0.11   +0.11   +0.17   +0.13   -0.53   +0.14   +0.21   -0.02
       med   |   27.170 |   27.241 |   27.601 |   26.961 |   27.009 |   26.962 |   27.024 |   26.960 |   27.021 |   27.219 |   27.222 |   27.341
112    7     |   27.462 |   27.402 |   27.514 |   27.519 |   27.523 |   27.514 |   27.522 |   27.506 |   27.464 |   27.412 |   27.509 |   27.460 ||   -0.22   +0.19   +0.21   +0.22   +0.19   +0.22   +0.16   +0.01   -0.18   +0.17   -0.01
       med   |   27.780 |   28.175 |   27.914 |   27.740 |   27.741 |   27.559 |   27.631 |   27.649 |   27.782 |   27.624 |   27.779 |   27.859
128    8     |   25.519 |   25.608 |   25.575 |   25.586 |   25.594 |   25.594 |   25.595 |   25.585 |   25.589 |   25.574 |   25.571 |   25.518 ||   +0.35   +0.22   +0.26   +0.29   +0.30   +0.30   +0.26   +0.27   +0.21   +0.20   -0.01
       med   |   25.542 |   26.126 |   25.614 |   25.907 |   25.863 |   25.618 |   25.761 |   25.870 |   25.951 |   25.786 |   25.621 |   25.959
256    16    |   45.455 |   45.359 |   45.361 |   45.374 |   45.371 |   45.354 |   45.399 |   45.469 |   45.366 |   45.476 |   45.357 |   45.443 ||   -0.21   -0.21   -0.18   -0.19   -0.22   -0.12   +0.03   -0.20   +0.05   -0.22   -0.03
       med   |   46.309 |   46.287 |   45.975 |   46.566 |   46.337 |   46.116 |   46.922 |   45.703 |   46.092 |   45.969 |   45.747 |   46.618
512    32    |   84.418 |   84.513 |   84.411 |   84.392 |   84.376 |   84.397 |   84.350 |   84.389 |   84.434 |   84.418 |   84.333 |   84.532 ||   +0.11   -0.01   -0.03   -0.05   -0.03   -0.08   -0.03   +0.02   -0.00   -0.10   +0.14
       med   |   85.983 |   85.546 |   85.757 |   85.609 |   85.371 |   84.981 |   86.115 |   84.924 |   85.563 |   85.354 |   84.752 |   86.560
1024   64    |  161.859 |  162.041 |  161.882 |  162.481 |  162.013 |  161.919 |  162.002 |  161.956 |  162.002 |  162.111 |  161.924 |  162.007 ||   +0.11   +0.01   +0.38   +0.09   +0.04   +0.09   +0.06   +0.09   +0.16   +0.04   +0.09
       med   |  163.160 |  164.149 |  164.888 |  164.620 |  163.697 |  163.671 |  165.804 |  163.149 |  163.006 |  164.308 |  163.241 |  164.554
4096   256   |  628.248 |  628.545 |  628.702 |  628.500 |  629.010 |  628.639 |  628.936 |  628.831 |  628.792 |  628.896 |  628.813 |  628.922 ||   +0.05   +0.07   +0.04   +0.12   +0.06   +0.11   +0.09   +0.09   +0.10   +0.09   +0.11
       med   |  633.062 |  631.475 |  630.551 |  632.262 |  632.412 |  630.195 |  631.995 |  630.574 |  631.617 |  631.941 |  631.761 |  632.235
=== process binY.order2.4
SELFCHECK OK (256 whole-block lengths 1..256 blk x 12 variants; out/Xi/ivec/ret byte-identical, nothing written past 16*nblk)
bytes  blks  |     base |       e7 |       e5 |       e4 |       e3 |       e2 |       e1 |     c3AA |       c3 |     w1AA |       w1 |   baseAA ||      e7%      e5%      e4%      e3%      e2%      e1%    c3AA%      c3%    w1AA%      w1%  baseAA%
16     1     |   25.323 |   12.506 |   12.512 |   12.555 |   12.542 |   12.514 |   12.524 |   12.538 |   12.562 |   12.572 |   12.572 |   25.322 ||  -50.61  -50.59  -50.42  -50.47  -50.58  -50.54  -50.49  -50.39  -50.35  -50.35   -0.00
       med   |   25.734 |   12.514 |   12.522 |   12.602 |   12.558 |   12.586 |   12.558 |   12.589 |   12.588 |   12.613 |   12.613 |   25.678
32     2     |   23.394 |   13.173 |   13.176 |   13.198 |   13.201 |   13.196 |   13.191 |   13.202 |   13.203 |   13.242 |   13.242 |   23.404 ||  -43.69  -43.68  -43.58  -43.57  -43.59  -43.61  -43.57  -43.56  -43.40  -43.40   +0.04
       med   |   23.606 |   13.180 |   13.207 |   13.221 |   13.211 |   13.210 |   13.195 |   13.208 |   13.382 |   13.246 |   13.306 |   23.541
48     3     |   24.256 |   15.151 |   15.078 |   15.104 |   15.095 |   15.082 |   15.111 |   15.100 |   15.108 |   15.184 |   15.184 |   24.256 ||  -37.54  -37.84  -37.73  -37.77  -37.82  -37.70  -37.75  -37.72  -37.40  -37.40   +0.00
       med   |   24.503 |   15.237 |   15.158 |   15.475 |   15.139 |   15.143 |   15.174 |   15.167 |   15.245 |   15.224 |   15.338 |   24.481
64     4     |   25.141 |   18.283 |   18.271 |   18.321 |   18.301 |   18.245 |   18.284 |   18.267 |   18.273 |   18.629 |   18.623 |   25.147 ||  -27.28  -27.33  -27.13  -27.21  -27.43  -27.28  -27.34  -27.32  -25.90  -25.93   +0.02
       med   |   25.412 |   18.300 |   18.649 |   18.705 |   18.327 |   18.279 |   18.310 |   18.295 |   18.476 |   18.650 |   18.659 |   25.548
80     5     |   25.992 |   26.006 |   25.998 |   25.993 |   25.995 |   25.993 |   25.997 |   25.989 |   25.961 |   25.995 |   26.005 |   25.989 ||   +0.05   +0.02   +0.00   +0.01   +0.00   +0.02   -0.01   -0.12   +0.01   +0.05   -0.01
       med   |   26.102 |   26.687 |   26.400 |   26.265 |   26.241 |   26.095 |   26.104 |   26.031 |   26.200 |   26.026 |   26.325 |   26.268
96     6     |   26.891 |   26.907 |   26.931 |   26.921 |   26.925 |   26.913 |   26.918 |   26.921 |   26.745 |   26.924 |   26.934 |   26.881 ||   +0.06   +0.15   +0.11   +0.13   +0.08   +0.10   +0.11   -0.54   +0.12   +0.16   -0.04
       med   |   27.114 |   27.230 |   27.288 |   27.202 |   27.190 |   26.962 |   27.026 |   27.188 |   27.046 |   26.965 |   27.221 |   27.375
112    7     |   27.465 |   27.413 |   27.517 |   27.526 |   27.514 |   27.516 |   27.404 |   27.500 |   27.455 |   27.487 |   27.536 |   27.462 ||   -0.19   +0.19   +0.22   +0.18   +0.19   -0.22   +0.13   -0.04   +0.08   +0.26   -0.01
       med   |   27.785 |   28.175 |   27.553 |   27.746 |   27.745 |   27.556 |   27.634 |   27.732 |   27.775 |   27.628 |   27.787 |   27.838
128    8     |   25.518 |   25.617 |   25.578 |   25.591 |   25.593 |   25.591 |   25.575 |   25.596 |   25.580 |   25.590 |   25.592 |   25.522 ||   +0.39   +0.23   +0.28   +0.29   +0.29   +0.22   +0.31   +0.24   +0.28   +0.29   +0.01
       med   |   25.543 |   26.135 |   25.612 |   25.942 |   25.855 |   25.616 |   25.756 |   25.877 |   25.890 |   25.620 |   25.843 |   25.937
256    16    |   45.417 |   45.363 |   45.355 |   45.369 |   45.366 |   45.367 |   45.367 |   45.553 |   45.367 |   45.434 |   45.360 |   45.470 ||   -0.12   -0.14   -0.11   -0.11   -0.11   -0.11   +0.30   -0.11   +0.04   -0.13   +0.12
       med   |   45.901 |   46.295 |   45.703 |   46.920 |   45.792 |   46.165 |   46.604 |   45.734 |   45.952 |   45.838 |   45.992 |   46.655
512    32    |   84.304 |   84.368 |   84.325 |   84.407 |   84.395 |   84.396 |   84.561 |   84.389 |   84.358 |   84.408 |   84.267 |   84.452 ||   +0.08   +0.03   +0.12   +0.11   +0.11   +0.31   +0.10   +0.06   +0.12   -0.04   +0.18
       med   |   85.642 |   85.393 |   84.598 |   85.710 |   85.999 |   85.428 |   86.171 |   84.655 |   85.609 |   85.033 |   84.933 |   86.969
1024   64    |  161.850 |  162.064 |  161.392 |  161.891 |  161.942 |  161.953 |  161.990 |  160.152 |  162.126 |  162.054 |  161.951 |  161.968 ||   +0.13   -0.28   +0.03   +0.06   +0.06   +0.09   -1.05   +0.17   +0.13   +0.06   +0.07
       med   |  163.196 |  164.381 |  162.917 |  163.618 |  163.726 |  163.827 |  165.769 |  163.073 |  165.958 |  163.394 |  163.215 |  167.204
4096   256   |  628.329 |  628.785 |  628.638 |  628.426 |  628.927 |  628.580 |  628.847 |  628.741 |  628.734 |  628.888 |  628.818 |  628.822 ||   +0.07   +0.05   +0.02   +0.10   +0.04   +0.08   +0.07   +0.06   +0.09   +0.08   +0.08
       med   |  633.345 |  631.146 |  630.595 |  631.824 |  631.758 |  630.274 |  631.987 |  630.501 |  633.438 |  631.376 |  631.521 |  631.702
=== process binY.order2.5
SELFCHECK OK (256 whole-block lengths 1..256 blk x 12 variants; out/Xi/ivec/ret byte-identical, nothing written past 16*nblk)
bytes  blks  |     base |       e7 |       e5 |       e4 |       e3 |       e2 |       e1 |     c3AA |       c3 |     w1AA |       w1 |   baseAA ||      e7%      e5%      e4%      e3%      e2%      e1%    c3AA%      c3%    w1AA%      w1%  baseAA%
16     1     |   25.396 |   12.506 |   12.513 |   12.555 |   12.545 |   12.516 |   12.524 |   12.520 |   12.582 |   12.572 |   12.571 |   25.381 ||  -50.75  -50.73  -50.56  -50.60  -50.72  -50.69  -50.70  -50.46  -50.50  -50.50   -0.06
       med   |   25.694 |   12.514 |   12.540 |   12.602 |   12.558 |   12.587 |   12.558 |   12.589 |   12.589 |   12.613 |   12.613 |   25.585
32     2     |   23.359 |   13.174 |   13.177 |   13.192 |   13.198 |   13.197 |   13.187 |   13.188 |   13.201 |   13.242 |   13.242 |   23.410 ||  -43.60  -43.59  -43.53  -43.50  -43.51  -43.55  -43.54  -43.49  -43.31  -43.31   +0.22
       med   |   23.618 |   13.180 |   13.207 |   13.220 |   13.211 |   13.209 |   13.197 |   13.208 |   13.208 |   13.246 |   13.305 |   23.673
48     3     |   24.257 |   15.149 |   15.088 |   15.160 |   15.085 |   15.073 |   15.097 |   15.092 |   15.098 |   15.185 |   15.188 |   24.236 ||  -37.55  -37.80  -37.50  -37.81  -37.86  -37.76  -37.78  -37.76  -37.40  -37.39   -0.09
       med   |   24.590 |   15.209 |   15.136 |   15.477 |   15.127 |   15.115 |   15.153 |   15.174 |   15.223 |   15.222 |   15.352 |   24.277
64     4     |   25.120 |   18.280 |   18.271 |   18.326 |   18.303 |   18.243 |   18.292 |   18.269 |   18.273 |   18.629 |   18.630 |   25.124 ||  -27.23  -27.27  -27.05  -27.14  -27.38  -27.18  -27.27  -27.26  -25.84  -25.84   +0.02
       med   |   25.169 |   18.302 |   18.540 |   18.714 |   18.320 |   18.279 |   18.488 |   18.297 |   18.473 |   18.651 |   18.919 |   25.551
80     5     |   25.993 |   25.998 |   25.997 |   25.992 |   25.996 |   25.997 |   26.002 |   25.992 |   25.965 |   25.991 |   26.003 |   25.992 ||   +0.02   +0.01   -0.00   +0.01   +0.01   +0.03   -0.01   -0.11   -0.01   +0.04   -0.01
       med   |   26.447 |   26.677 |   26.654 |   26.274 |   26.031 |   26.124 |   26.106 |   26.215 |   26.204 |   26.359 |   26.323 |   26.467
96     6     |   26.898 |   26.902 |   26.935 |   26.915 |   26.925 |   26.925 |   26.927 |   26.920 |   26.741 |   26.921 |   26.933 |   26.884 ||   +0.01   +0.14   +0.06   +0.10   +0.10   +0.10   +0.08   -0.59   +0.08   +0.13   -0.05
       med   |   26.976 |   27.410 |   27.461 |   27.069 |   27.023 |   26.963 |   27.034 |   27.044 |   26.987 |   27.240 |   27.049 |   27.167
112    7     |   27.449 |   27.501 |   27.522 |   27.516 |   27.519 |   27.519 |   27.516 |   27.503 |   27.457 |   27.522 |   27.527 |   27.452 ||   +0.19   +0.27   +0.25   +0.25   +0.26   +0.25   +0.20   +0.03   +0.27   +0.29   +0.01
       med   |   27.490 |   28.179 |   28.016 |   27.588 |   27.742 |   27.552 |   27.635 |   27.624 |   27.741 |   27.842 |   27.750 |   27.938
128    8     |   25.515 |   25.600 |   25.590 |   25.576 |   25.591 |   25.588 |   25.590 |   25.584 |   25.591 |   25.593 |   25.588 |   25.517 ||   +0.33   +0.29   +0.24   +0.30   +0.29   +0.29   +0.27   +0.30   +0.30   +0.28   +0.01
       med   |   25.542 |   25.631 |   26.144 |   25.613 |   25.864 |   25.615 |   25.875 |   25.617 |   25.984 |   25.873 |   25.751 |   25.863
256    16    |   45.522 |   45.398 |   45.353 |   45.372 |   45.352 |   45.373 |   45.389 |   45.544 |   45.354 |   45.450 |   45.360 |   45.440 ||   -0.27   -0.37   -0.33   -0.37   -0.33   -0.29   +0.05   -0.37   -0.16   -0.36   -0.18
       med   |   46.139 |   46.291 |   46.240 |   46.385 |   45.928 |   46.164 |   46.831 |   45.693 |   45.926 |   46.178 |   45.926 |   46.573
512    32    |   84.401 |   84.268 |   84.333 |   84.397 |   84.390 |   84.365 |   84.421 |   84.375 |   84.434 |   84.402 |   84.205 |   84.462 ||   -0.16   -0.08   -0.01   -0.01   -0.04   +0.02   -0.03   +0.04   +0.00   -0.23   +0.07
       med   |   86.004 |   85.609 |   85.859 |   85.405 |   85.714 |   84.727 |   86.659 |   84.743 |   85.580 |   85.116 |   84.669 |   86.726
1024   64    |  161.935 |  162.039 |  161.888 |  162.071 |  161.917 |  161.930 |  161.982 |  161.971 |  162.032 |  161.982 |  161.849 |  161.587 ||   +0.06   -0.03   +0.08   -0.01   -0.00   +0.03   +0.02   +0.06   +0.03   -0.05   -0.21
       med   |  163.960 |  164.605 |  163.862 |  164.098 |  163.234 |  163.142 |  163.965 |  163.141 |  163.929 |  163.507 |  162.986 |  163.787
4096   256   |  628.174 |  628.519 |  628.177 |  628.846 |  628.848 |  628.504 |  628.873 |  628.516 |  628.683 |  628.765 |  628.768 |  628.803 ||   +0.05   +0.00   +0.11   +0.11   +0.05   +0.11   +0.05   +0.08   +0.09   +0.09   +0.10
       med   |  633.247 |  633.095 |  631.580 |  631.589 |  632.795 |  630.163 |  633.426 |  630.583 |  631.208 |  631.182 |  631.505 |  632.103
=== process binY.order3.1
SELFCHECK OK (256 whole-block lengths 1..256 blk x 12 variants; out/Xi/ivec/ret byte-identical, nothing written past 16*nblk)
bytes  blks  |     base |       e1 |       e2 |       e3 |       e4 |       e5 |       e7 |   baseAA |       w1 |     w1AA |       c3 |     c3AA ||      e1%      e2%      e3%      e4%      e5%      e7%  baseAA%      w1%    w1AA%      c3%    c3AA%
16     1     |   25.336 |   12.529 |   12.502 |   12.530 |   12.502 |   12.478 |   12.506 |   23.854 |   12.561 |   12.532 |   12.514 |   12.512 ||  -50.55  -50.65  -50.54  -50.65  -50.75  -50.64   -5.85  -50.42  -50.54  -50.61  -50.61
       med   |   25.666 |   12.549 |   12.546 |   12.550 |   12.602 |   12.531 |   12.515 |   25.621 |   12.612 |   12.616 |   12.549 |   12.548
32     2     |   23.356 |   13.178 |   13.196 |   13.192 |   13.191 |   13.182 |   13.175 |   23.413 |   13.236 |   13.234 |   13.190 |   13.185 ||  -43.58  -43.50  -43.52  -43.52  -43.56  -43.59   +0.24  -43.33  -43.34  -43.53  -43.55
       med   |   23.627 |   13.184 |   13.202 |   13.199 |   13.197 |   13.189 |   13.184 |   23.630 |   13.241 |   13.240 |   13.203 |   13.203
48     3     |   24.254 |   15.077 |   15.067 |   15.074 |   15.095 |   15.119 |   15.151 |   24.251 |   15.219 |   15.203 |   15.079 |   15.086 ||  -37.84  -37.88  -37.85  -37.76  -37.66  -37.53   -0.01  -37.25  -37.31  -37.83  -37.80
       med   |   24.424 |   15.148 |   15.140 |   15.267 |   15.396 |   15.197 |   15.244 |   24.489 |   15.666 |   15.246 |   15.254 |   15.161
64     4     |   25.127 |   18.295 |   18.273 |   18.299 |   18.320 |   18.270 |   18.282 |   25.098 |   18.647 |   18.646 |   18.288 |   18.290 ||  -27.19  -27.28  -27.17  -27.09  -27.29  -27.24   -0.12  -25.79  -25.79  -27.22  -27.21
       med   |   25.334 |   18.314 |   18.293 |   18.486 |   18.336 |   18.288 |   18.301 |   25.347 |   18.901 |   18.669 |   18.309 |   18.427
80     5     |   25.992 |   25.997 |   26.001 |   25.988 |   25.999 |   25.988 |   25.987 |   25.986 |   25.993 |   25.997 |   25.992 |   25.991 ||   +0.02   +0.04   -0.02   +0.03   -0.02   -0.02   -0.02   +0.01   +0.02   +0.00   -0.00
       med   |   26.124 |   26.669 |   26.130 |   26.123 |   26.060 |   26.127 |   26.116 |   26.133 |   26.023 |   26.565 |   26.018 |   26.263
96     6     |   26.913 |   26.950 |   26.891 |   26.877 |   26.908 |   26.940 |   26.884 |   26.768 |   26.904 |   26.901 |   26.881 |   26.925 ||   +0.13   -0.08   -0.13   -0.02   +0.10   -0.11   -0.54   -0.03   -0.05   -0.12   +0.04
       med   |   27.177 |   27.632 |   27.066 |   26.984 |   26.977 |   27.068 |   26.984 |   26.967 |   26.974 |   27.460 |   26.976 |   27.266
112    7     |   27.456 |   27.500 |   27.481 |   27.489 |   27.492 |   27.495 |   27.411 |   27.433 |   27.483 |   27.488 |   27.479 |   27.412 ||   +0.16   +0.09   +0.12   +0.13   +0.14   -0.16   -0.08   +0.10   +0.12   +0.08   -0.16
       med   |   27.751 |   28.166 |   27.744 |   27.718 |   27.523 |   27.747 |   27.667 |   27.769 |   27.520 |   28.026 |   27.524 |   27.830
128    8     |   25.518 |   25.588 |   25.567 |   25.575 |   25.560 |   25.583 |   25.380 |   25.522 |   25.575 |   25.388 |   25.594 |   25.575 ||   +0.28   +0.20   +0.22   +0.17   +0.26   -0.54   +0.02   +0.22   -0.51   +0.30   +0.22
       med   |   25.670 |   25.770 |   25.633 |   25.771 |   25.628 |   25.773 |   25.631 |   25.546 |   25.624 |   26.136 |   25.627 |   25.776
256    16    |   45.426 |   45.344 |   45.398 |   45.345 |   45.332 |   45.354 |   45.342 |   45.489 |   45.360 |   45.353 |   45.364 |   45.347 ||   -0.18   -0.06   -0.18   -0.21   -0.16   -0.18   +0.14   -0.15   -0.16   -0.14   -0.17
       med   |   45.851 |   46.234 |   45.839 |   46.168 |   45.472 |   46.073 |   46.350 |   45.769 |   45.604 |   46.552 |   45.604 |   46.307
512    32    |   84.352 |   84.372 |   84.436 |   84.529 |   84.397 |   84.468 |   84.405 |   84.401 |   84.387 |   84.488 |   84.462 |   84.420 ||   +0.02   +0.10   +0.21   +0.05   +0.14   +0.06   +0.06   +0.04   +0.16   +0.13   +0.08
       med   |   85.510 |   85.000 |   85.726 |   85.753 |   85.260 |   84.718 |   85.775 |   85.070 |   86.040 |   85.559 |   85.578 |   85.372
1024   64    |  161.877 |  162.019 |  162.006 |  162.140 |  161.975 |  161.970 |  161.940 |  161.950 |  161.761 |  162.031 |  162.034 |  161.668 ||   +0.09   +0.08   +0.16   +0.06   +0.06   +0.04   +0.04   -0.07   +0.09   +0.10   -0.13
       med   |  163.228 |  163.832 |  163.084 |  163.405 |  163.062 |  163.333 |  164.238 |  163.212 |  163.456 |  165.148 |  164.244 |  164.940
4096   256   |  628.251 |  628.848 |  628.599 |  628.718 |  628.638 |  628.777 |  628.813 |  628.590 |  628.640 |  628.567 |  628.665 |  628.927 ||   +0.10   +0.06   +0.07   +0.06   +0.08   +0.09   +0.05   +0.06   +0.05   +0.07   +0.11
       med   |  634.398 |  633.359 |  630.844 |  633.146 |  631.125 |  632.493 |  630.573 |  632.943 |  633.620 |  632.920 |  631.691 |  633.571
=== process binY.order3.2
SELFCHECK OK (256 whole-block lengths 1..256 blk x 12 variants; out/Xi/ivec/ret byte-identical, nothing written past 16*nblk)
bytes  blks  |     base |       e1 |       e2 |       e3 |       e4 |       e5 |       e7 |   baseAA |       w1 |     w1AA |       c3 |     c3AA ||      e1%      e2%      e3%      e4%      e5%      e7%  baseAA%      w1%    w1AA%      c3%    c3AA%
16     1     |   25.363 |   12.527 |   12.521 |   12.529 |   12.503 |   12.476 |   12.505 |   25.375 |   12.536 |   12.534 |   12.496 |   12.508 ||  -50.61  -50.63  -50.60  -50.71  -50.81  -50.70   +0.05  -50.57  -50.58  -50.73  -50.68
       med   |   25.583 |   12.549 |   12.546 |   12.550 |   12.601 |   12.531 |   12.514 |   25.581 |   12.597 |   12.597 |   12.549 |   12.548
32     2     |   23.373 |   13.179 |   13.197 |   13.192 |   13.183 |   13.182 |   13.174 |   23.413 |   13.236 |   13.234 |   13.189 |   13.185 ||  -43.61  -43.54  -43.56  -43.60  -43.60  -43.64   +0.17  -43.37  -43.38  -43.57  -43.59
       med   |   23.472 |   13.184 |   13.202 |   13.198 |   13.200 |   13.188 |   13.179 |   23.641 |   13.240 |   13.239 |   13.202 |   13.204
48     3     |   24.265 |   15.072 |   15.055 |   15.080 |   15.109 |   15.107 |   15.144 |   24.244 |   15.197 |   15.198 |   15.078 |   15.082 ||  -37.89  -37.96  -37.85  -37.73  -37.74  -37.59   -0.09  -37.37  -37.37  -37.86  -37.85
       med   |   24.510 |   15.133 |   15.210 |   15.340 |   15.404 |   15.174 |   15.218 |   24.503 |   15.634 |   15.337 |   15.124 |   15.141
64     4     |   25.141 |   18.293 |   18.278 |   18.303 |   18.318 |   18.272 |   18.284 |   25.055 |   18.651 |   18.646 |   18.286 |   18.290 ||  -27.24  -27.30  -27.20  -27.14  -27.32  -27.28   -0.34  -25.82  -25.84  -27.27  -27.25
       med   |   25.378 |   18.313 |   18.295 |   18.326 |   18.337 |   18.287 |   18.301 |   25.192 |   19.048 |   18.971 |   18.308 |   18.426
80     5     |   25.988 |   26.010 |   25.995 |   25.989 |   25.996 |   25.994 |   25.995 |   25.990 |   25.988 |   25.996 |   25.992 |   26.005 ||   +0.08   +0.03   +0.00   +0.03   +0.02   +0.03   +0.01   +0.00   +0.03   +0.02   +0.07
       med   |   26.280 |   26.683 |   26.273 |   26.082 |   26.101 |   26.111 |   26.099 |   26.260 |   26.026 |   26.269 |   26.025 |   26.461
96     6     |   26.902 |   26.951 |   26.933 |   26.881 |   26.935 |   26.932 |   26.895 |   26.787 |   26.913 |   26.952 |   26.894 |   26.905 ||   +0.18   +0.12   -0.08   +0.12   +0.11   -0.02   -0.43   +0.04   +0.19   -0.03   +0.01
       med   |   26.975 |   27.616 |   27.208 |   26.985 |   26.978 |   26.992 |   26.975 |   27.180 |   26.973 |   27.462 |   26.977 |   27.387
112    7     |   27.457 |   27.427 |   27.479 |   27.492 |   27.490 |   27.483 |   27.413 |   27.443 |   27.478 |   27.483 |   27.481 |   27.422 ||   -0.11   +0.08   +0.13   +0.12   +0.10   -0.16   -0.05   +0.08   +0.09   +0.09   -0.13
       med   |   27.720 |   28.166 |   27.700 |   27.523 |   27.522 |   27.533 |   27.582 |   27.796 |   27.520 |   27.542 |   27.522 |   27.896
128    8     |   25.516 |   25.604 |   25.603 |   25.557 |   25.584 |   25.577 |   25.387 |   25.515 |   25.562 |   25.389 |   25.607 |   25.568 ||   +0.34   +0.34   +0.16   +0.27   +0.24   -0.51   -0.00   +0.18   -0.50   +0.36   +0.21
       med   |   25.758 |   25.715 |   25.784 |   25.628 |   25.635 |   25.692 |   25.627 |   25.552 |   25.624 |   26.122 |   25.634 |   25.789
256    16    |   45.440 |   45.336 |   45.400 |   45.320 |   45.319 |   45.373 |   45.357 |   45.418 |   45.346 |   45.331 |   45.347 |   45.338 ||   -0.23   -0.09   -0.26   -0.27   -0.15   -0.18   -0.05   -0.21   -0.24   -0.21   -0.22
       med   |   45.898 |   46.086 |   45.698 |   45.875 |   45.452 |   45.944 |   46.414 |   45.769 |   45.878 |   46.550 |   45.833 |   46.259
512    32    |   84.385 |   84.411 |   84.408 |   84.553 |   84.475 |   84.460 |   84.392 |   84.144 |   84.434 |   84.380 |   84.457 |   84.571 ||   +0.03   +0.03   +0.20   +0.11   +0.09   +0.01   -0.29   +0.06   -0.01   +0.09   +0.22
       med   |   85.741 |   84.869 |   84.906 |   85.823 |   85.301 |   84.643 |   85.328 |   85.188 |   85.343 |   85.688 |   85.371 |   85.684
1024   64    |  161.895 |  161.762 |  161.850 |  162.109 |  162.027 |  161.976 |  161.923 |  161.948 |  162.028 |  161.971 |  161.816 |  162.092 ||   -0.08   -0.03   +0.13   +0.08   +0.05   +0.02   +0.03   +0.08   +0.05   -0.05   +0.12
       med   |  163.639 |  163.281 |  163.035 |  163.616 |  163.198 |  163.121 |  163.127 |  163.712 |  163.436 |  164.810 |  163.996 |  164.640
4096   256   |  628.287 |  628.648 |  628.764 |  628.779 |  628.744 |  628.678 |  628.731 |  628.510 |  628.721 |  628.743 |  628.725 |  628.580 ||   +0.06   +0.08   +0.08   +0.07   +0.06   +0.07   +0.04   +0.07   +0.07   +0.07   +0.05
       med   |  632.576 |  630.961 |  631.032 |  631.801 |  631.890 |  631.058 |  630.692 |  632.309 |  632.373 |  631.068 |  630.966 |  631.117
=== process binY.order3.3
SELFCHECK OK (256 whole-block lengths 1..256 blk x 12 variants; out/Xi/ivec/ret byte-identical, nothing written past 16*nblk)
bytes  blks  |     base |       e1 |       e2 |       e3 |       e4 |       e5 |       e7 |   baseAA |       w1 |     w1AA |       c3 |     c3AA ||      e1%      e2%      e3%      e4%      e5%      e7%  baseAA%      w1%    w1AA%      c3%    c3AA%
16     1     |   25.324 |   12.528 |   12.516 |   12.528 |   12.505 |   12.478 |   12.505 |   25.326 |   12.561 |   12.534 |   12.509 |   12.512 ||  -50.53  -50.58  -50.53  -50.62  -50.73  -50.62   +0.01  -50.40  -50.50  -50.61  -50.59
       med   |   25.613 |   12.548 |   12.548 |   12.549 |   12.602 |   12.530 |   12.514 |   25.549 |   12.618 |   12.597 |   12.548 |   12.548
32     2     |   23.405 |   13.178 |   13.197 |   13.193 |   13.182 |   13.183 |   13.175 |   23.415 |   13.235 |   13.232 |   13.189 |   13.185 ||  -43.70  -43.62  -43.63  -43.68  -43.67  -43.71   +0.04  -43.45  -43.46  -43.65  -43.67
       med   |   23.624 |   13.183 |   13.202 |   13.198 |   13.241 |   13.189 |   13.180 |   23.637 |   13.241 |   13.239 |   13.203 |   13.202
48     3     |   24.251 |   15.089 |   15.076 |   15.084 |   15.128 |   15.105 |   15.153 |   24.256 |   15.225 |   15.203 |   15.084 |   15.091 ||  -37.78  -37.83  -37.80  -37.62  -37.72  -37.52   +0.02  -37.22  -37.31  -37.80  -37.77
       med   |   24.513 |   15.151 |   15.211 |   15.378 |   15.407 |   15.204 |   15.246 |   24.501 |   15.668 |   15.354 |   15.142 |   15.164
64     4     |   25.120 |   18.292 |   18.275 |   18.298 |   18.319 |   18.273 |   18.284 |   25.130 |   18.647 |   18.636 |   18.288 |   18.288 ||  -27.18  -27.25  -27.16  -27.08  -27.26  -27.22   +0.04  -25.77  -25.81  -27.20  -27.20
       med   |   25.180 |   18.312 |   18.293 |   18.321 |   18.337 |   18.287 |   18.304 |   25.355 |   18.952 |   18.669 |   18.308 |   18.417
80     5     |   25.991 |   25.996 |   25.993 |   25.993 |   26.000 |   25.990 |   25.997 |   25.988 |   25.992 |   25.993 |   25.992 |   25.986 ||   +0.02   +0.01   +0.01   +0.03   -0.00   +0.02   -0.01   +0.00   +0.01   +0.00   -0.02
       med   |   26.088 |   26.681 |   26.263 |   26.236 |   26.127 |   26.239 |   26.096 |   26.019 |   26.028 |   26.337 |   26.019 |   26.249
96     6     |   26.905 |   26.958 |   26.934 |   26.877 |   26.922 |   26.930 |   26.883 |   26.764 |   26.921 |   26.923 |   26.905 |   26.931 ||   +0.20   +0.11   -0.10   +0.07   +0.09   -0.08   -0.52   +0.06   +0.07   +0.00   +0.10
       med   |   26.970 |   27.655 |   26.985 |   27.182 |   26.978 |   27.055 |   26.974 |   26.967 |   26.974 |   27.229 |   26.976 |   27.362
112    7     |   27.458 |   27.427 |   27.492 |   27.495 |   27.494 |   27.487 |   27.394 |   27.426 |   27.479 |   27.496 |   27.479 |   27.408 ||   -0.11   +0.12   +0.13   +0.13   +0.10   -0.24   -0.12   +0.07   +0.13   +0.08   -0.18
       med   |   27.799 |   27.777 |   27.591 |   27.524 |   27.523 |   27.604 |   27.532 |   27.783 |   27.521 |   28.021 |   27.522 |   27.587
128    8     |   25.522 |   25.600 |   25.592 |   25.599 |   25.569 |   25.574 |   25.387 |   25.521 |   25.560 |   25.386 |   25.565 |   25.574 ||   +0.31   +0.28   +0.30   +0.18   +0.21   -0.53   -0.00   +0.15   -0.53   +0.17   +0.21
       med   |   25.853 |   26.128 |   25.633 |   25.626 |   25.626 |   25.639 |   25.637 |   25.546 |   25.625 |   26.033 |   25.624 |   25.792
256    16    |   45.436 |   45.415 |   45.399 |   45.331 |   45.314 |   45.372 |   45.355 |   45.554 |   45.352 |   45.343 |   45.365 |   45.334 ||   -0.05   -0.08   -0.23   -0.27   -0.14   -0.18   +0.26   -0.18   -0.21   -0.16   -0.22
       med   |   46.205 |   46.281 |   45.751 |   46.349 |   45.418 |   46.117 |   46.315 |   45.778 |   45.555 |   46.728 |   45.707 |   46.369
512    32    |   84.388 |   84.370 |   84.423 |   84.188 |   84.364 |   84.441 |   84.379 |   84.408 |   84.382 |   84.472 |   84.459 |   84.717 ||   -0.02   +0.04   -0.24   -0.03   +0.06   -0.01   +0.02   -0.01   +0.10   +0.08   +0.39
       med   |   85.669 |   85.095 |   84.943 |   85.454 |   85.451 |   85.126 |   85.487 |   85.647 |   86.035 |   85.358 |   85.740 |   85.308
1024   64    |  161.891 |  161.936 |  162.003 |  160.955 |  162.009 |  162.005 |  161.905 |  161.911 |  162.006 |  161.864 |  161.937 |  161.773 ||   +0.03   +0.07   -0.58   +0.07   +0.07   +0.01   +0.01   +0.07   -0.02   +0.03   -0.07
       med   |  164.803 |  164.162 |  163.132 |  164.166 |  162.965 |  163.118 |  163.103 |  164.595 |  163.679 |  164.632 |  163.891 |  163.032
4096   256   |  628.256 |  628.728 |  628.743 |  628.790 |  628.803 |  628.303 |  627.907 |  628.753 |  628.671 |  628.780 |  628.718 |  628.938 ||   +0.08   +0.08   +0.08   +0.09   +0.01   -0.06   +0.08   +0.07   +0.08   +0.07   +0.11
       med   |  634.621 |  633.527 |  631.207 |  632.067 |  632.156 |  631.424 |  630.854 |  632.087 |  632.780 |  630.933 |  630.756 |  631.280
=== process binY.order3.4
SELFCHECK OK (256 whole-block lengths 1..256 blk x 12 variants; out/Xi/ivec/ret byte-identical, nothing written past 16*nblk)
bytes  blks  |     base |       e1 |       e2 |       e3 |       e4 |       e5 |       e7 |   baseAA |       w1 |     w1AA |       c3 |     c3AA ||      e1%      e2%      e3%      e4%      e5%      e7%  baseAA%      w1%    w1AA%      c3%    c3AA%
16     1     |   23.738 |   12.530 |   12.525 |   12.530 |   12.475 |   12.477 |   12.507 |   25.310 |   12.590 |   12.591 |   12.515 |   12.540 ||  -47.21  -47.24  -47.22  -47.45  -47.44  -47.31   +6.63  -46.96  -46.96  -47.28  -47.17
       med   |   25.615 |   12.548 |   12.546 |   12.549 |   12.600 |   12.531 |   12.515 |   25.532 |   12.598 |   12.597 |   12.549 |   12.548
32     2     |   23.369 |   13.179 |   13.196 |   13.194 |   13.183 |   13.184 |   13.175 |   23.407 |   13.236 |   13.234 |   13.192 |   13.185 ||  -43.60  -43.53  -43.54  -43.59  -43.58  -43.62   +0.16  -43.36  -43.37  -43.55  -43.58
       med   |   23.654 |   13.184 |   13.202 |   13.198 |   13.201 |   13.189 |   13.182 |   23.617 |   13.241 |   13.239 |   13.203 |   13.203
48     3     |   24.276 |   15.066 |   15.068 |   15.078 |   15.105 |   15.097 |   15.154 |   24.254 |   15.206 |   15.201 |   15.067 |   15.073 ||  -37.94  -37.93  -37.89  -37.78  -37.81  -37.58   -0.09  -37.36  -37.38  -37.93  -37.91
       med   |   24.508 |   15.131 |   15.208 |   15.440 |   15.406 |   15.173 |   15.215 |   24.508 |   15.667 |   15.351 |   15.124 |   15.130
64     4     |   25.148 |   18.298 |   18.270 |   18.303 |   18.315 |   18.269 |   18.286 |   25.057 |   18.649 |   18.641 |   18.291 |   18.285 ||  -27.24  -27.35  -27.22  -27.17  -27.36  -27.29   -0.36  -25.84  -25.87  -27.27  -27.29
       med   |   25.348 |   18.313 |   18.294 |   18.478 |   18.335 |   18.287 |   18.302 |   25.182 |   19.050 |   18.668 |   18.308 |   18.308
80     5     |   25.991 |   26.011 |   25.995 |   25.988 |   25.989 |   25.994 |   25.990 |   25.984 |   25.982 |   26.001 |   25.989 |   25.995 ||   +0.08   +0.02   -0.01   -0.01   +0.01   -0.01   -0.03   -0.03   +0.04   -0.01   +0.02
       med   |   26.331 |   26.681 |   26.338 |   26.239 |   26.124 |   26.109 |   26.087 |   26.255 |   26.026 |   26.582 |   26.023 |   26.423
96     6     |   26.925 |   26.915 |   26.944 |   26.882 |   26.926 |   26.939 |   26.883 |   26.770 |   26.947 |   26.917 |   26.895 |   26.934 ||   -0.04   +0.07   -0.16   +0.00   +0.05   -0.16   -0.58   +0.08   -0.03   -0.11   +0.03
       med   |   27.204 |   27.258 |   27.082 |   26.980 |   26.977 |   26.983 |   26.975 |   26.966 |   26.974 |   27.253 |   26.976 |   27.380
112    7     |   27.458 |   27.417 |   27.494 |   27.484 |   27.486 |   27.472 |   27.413 |   27.430 |   27.480 |   27.491 |   27.484 |   27.399 ||   -0.15   +0.13   +0.09   +0.10   +0.05   -0.16   -0.10   +0.08   +0.12   +0.10   -0.21
       med   |   27.774 |   27.834 |   27.759 |   27.524 |   27.522 |   27.562 |   27.557 |   27.739 |   27.521 |   27.790 |   27.528 |   27.594
128    8     |   25.510 |   25.566 |   25.559 |   25.575 |   25.579 |   25.565 |   25.384 |   25.519 |   25.563 |   25.389 |   25.598 |   25.573 ||   +0.22   +0.19   +0.25   +0.27   +0.22   -0.49   +0.04   +0.21   -0.47   +0.35   +0.25
       med   |   25.858 |   25.634 |   25.635 |   25.626 |   25.625 |   25.694 |   25.630 |   25.784 |   25.624 |   26.053 |   25.625 |   25.795
256    16    |   45.458 |   45.378 |   45.404 |   45.350 |   45.343 |   45.379 |   45.372 |   45.537 |   45.362 |   45.438 |   45.369 |   45.353 ||   -0.18   -0.12   -0.24   -0.25   -0.18   -0.19   +0.17   -0.21   -0.04   -0.20   -0.23
       med   |   45.742 |   46.219 |   45.828 |   46.335 |   45.596 |   46.155 |   46.389 |   45.762 |   45.595 |   46.632 |   45.816 |   46.466
512    32    |   84.380 |   84.484 |   84.450 |   84.413 |   84.373 |   84.218 |   84.398 |   84.416 |   84.349 |   84.507 |   84.466 |   84.510 ||   +0.12   +0.08   +0.04   -0.01   -0.19   +0.02   +0.04   -0.04   +0.15   +0.10   +0.15
       med   |   85.445 |   85.751 |   84.861 |   85.486 |   84.734 |   84.812 |   85.308 |   85.509 |   85.916 |   85.746 |   85.575 |   85.763
1024   64    |  161.930 |  162.038 |  161.953 |  161.156 |  161.891 |  162.014 |  162.025 |  161.954 |  162.052 |  162.106 |  161.736 |  161.562 ||   +0.07   +0.01   -0.48   -0.02   +0.05   +0.06   +0.01   +0.08   +0.11   -0.12   -0.23
       med   |  163.928 |  164.069 |  163.198 |  165.268 |  162.339 |  164.506 |  163.299 |  163.587 |  166.435 |  165.529 |  162.961 |  162.462
4096   256   |  628.239 |  628.715 |  628.731 |  628.790 |  628.487 |  628.731 |  627.860 |  628.816 |  628.734 |  628.827 |  627.786 |  628.759 ||   +0.08   +0.08   +0.09   +0.04   +0.08   -0.06   +0.09   +0.08   +0.09   -0.07   +0.08
       med   |  633.689 |  631.189 |  631.178 |  632.919 |  632.062 |  631.084 |  630.701 |  632.765 |  632.939 |  631.904 |  630.567 |  632.139
=== process binY.order3.5
SELFCHECK OK (256 whole-block lengths 1..256 blk x 12 variants; out/Xi/ivec/ret byte-identical, nothing written past 16*nblk)
bytes  blks  |     base |       e1 |       e2 |       e3 |       e4 |       e5 |       e7 |   baseAA |       w1 |     w1AA |       c3 |     c3AA ||      e1%      e2%      e3%      e4%      e5%      e7%  baseAA%      w1%    w1AA%      c3%    c3AA%
16     1     |   25.319 |   12.528 |   12.526 |   12.529 |   12.503 |   12.478 |   12.507 |   23.671 |   12.592 |   12.533 |   12.517 |   12.539 ||  -50.52  -50.53  -50.51  -50.62  -50.72  -50.60   -6.51  -50.27  -50.50  -50.56  -50.47
       med   |   25.628 |   12.549 |   12.544 |   12.549 |   12.602 |   12.531 |   12.515 |   25.498 |   12.597 |   12.597 |   12.549 |   12.548
32     2     |   23.350 |   13.177 |   13.197 |   13.193 |   13.191 |   13.184 |   13.175 |   23.408 |   13.235 |   13.232 |   13.193 |   13.183 ||  -43.57  -43.48  -43.50  -43.51  -43.54  -43.58   +0.25  -43.32  -43.33  -43.50  -43.54
       med   |   23.479 |   13.183 |   13.201 |   13.198 |   13.241 |   13.190 |   13.180 |   23.641 |   13.241 |   13.239 |   13.202 |   13.204
48     3     |   24.258 |   15.071 |   15.066 |   15.089 |   15.107 |   15.114 |   15.155 |   24.257 |   15.206 |   15.203 |   15.081 |   15.070 ||  -37.87  -37.89  -37.80  -37.72  -37.69  -37.52   -0.00  -37.31  -37.33  -37.83  -37.87
       med   |   24.347 |   15.130 |   15.209 |   15.388 |   15.408 |   15.178 |   15.213 |   24.504 |   15.669 |   15.240 |   15.122 |   15.197
64     4     |   25.133 |   18.293 |   18.273 |   18.301 |   18.318 |   18.266 |   18.275 |   25.062 |   18.652 |   18.640 |   18.285 |   18.286 ||  -27.21  -27.29  -27.18  -27.11  -27.32  -27.29   -0.28  -25.79  -25.83  -27.24  -27.24
       med   |   25.192 |   18.313 |   18.293 |   18.325 |   18.337 |   18.287 |   18.300 |   25.190 |   19.045 |   18.668 |   18.308 |   18.310
80     5     |   25.980 |   25.995 |   25.998 |   25.992 |   25.989 |   25.990 |   25.986 |   25.992 |   25.993 |   25.991 |   25.997 |   26.003 ||   +0.06   +0.07   +0.04   +0.03   +0.04   +0.02   +0.04   +0.05   +0.04   +0.06   +0.09
       med   |   26.106 |   26.354 |   26.420 |   26.022 |   26.055 |   26.101 |   26.222 |   26.028 |   26.025 |   26.684 |   26.023 |   26.417
96     6     |   26.944 |   26.943 |   26.949 |   26.890 |   26.941 |   26.948 |   26.887 |   26.817 |   26.921 |   26.937 |   26.888 |   26.956 ||   -0.00   +0.02   -0.20   -0.01   +0.02   -0.21   -0.47   -0.09   -0.02   -0.21   +0.05
       med   |   27.217 |   27.664 |   26.997 |   26.978 |   26.978 |   27.051 |   26.978 |   27.176 |   26.975 |   27.456 |   26.975 |   27.331
112    7     |   27.464 |   27.445 |   27.484 |   27.484 |   27.491 |   27.486 |   27.429 |   27.443 |   27.488 |   27.499 |   27.494 |   27.401 ||   -0.07   +0.07   +0.07   +0.10   +0.08   -0.13   -0.08   +0.09   +0.13   +0.11   -0.23
       med   |   27.815 |   28.178 |   27.768 |   27.522 |   27.520 |   27.610 |   27.536 |   27.783 |   27.521 |   28.024 |   27.528 |   27.787
128    8     |   25.518 |   25.564 |   25.607 |   25.578 |   25.597 |   25.607 |   25.376 |   25.512 |   25.558 |   25.385 |   25.596 |   25.589 ||   +0.18   +0.35   +0.23   +0.31   +0.35   -0.56   -0.02   +0.16   -0.52   +0.31   +0.28
       med   |   25.851 |   25.630 |   25.963 |   25.779 |   25.627 |   25.785 |   25.841 |   25.550 |   25.624 |   26.047 |   25.626 |   25.795
256    16    |   45.441 |   45.452 |   45.402 |   45.334 |   45.300 |   45.399 |   45.416 |   45.556 |   45.366 |   45.366 |   45.358 |   45.363 ||   +0.02   -0.09   -0.24   -0.31   -0.09   -0.06   +0.25   -0.17   -0.17   -0.18   -0.17
       med   |   46.218 |   46.277 |   45.624 |   45.990 |   45.480 |   46.067 |   46.466 |   45.772 |   45.586 |   46.639 |   45.770 |   46.291
512    32    |   84.337 |   84.512 |   84.340 |   84.514 |   84.383 |   84.385 |   83.781 |   84.404 |   84.344 |   84.502 |   84.459 |   84.634 ||   +0.21   +0.00   +0.21   +0.05   +0.06   -0.66   +0.08   +0.01   +0.20   +0.14   +0.35
       med   |   85.406 |   85.290 |   85.339 |   85.532 |   84.994 |   84.647 |   85.652 |   85.163 |   86.059 |   85.294 |   85.367 |   85.359
1024   64    |  161.934 |  161.975 |  162.002 |  162.145 |  162.025 |  161.989 |  161.851 |  161.905 |  161.995 |  162.084 |  161.821 |  161.755 ||   +0.03   +0.04   +0.13   +0.06   +0.03   -0.05   -0.02   +0.04   +0.09   -0.07   -0.11
       med   |  164.488 |  164.715 |  162.915 |  164.492 |  165.079 |  163.069 |  163.177 |  163.214 |  165.776 |  165.179 |  163.983 |  163.782
4096   256   |  628.309 |  628.689 |  628.700 |  628.514 |  628.779 |  628.644 |  628.740 |  628.794 |  628.757 |  628.856 |  628.519 |  628.846 ||   +0.06   +0.06   +0.03   +0.07   +0.05   +0.07   +0.08   +0.07   +0.09   +0.03   +0.09
       med   |  633.795 |  631.444 |  631.242 |  631.784 |  633.813 |  631.069 |  630.587 |  632.904 |  632.827 |  632.060 |  630.957 |  631.260
