## bin=binZ host=gv3 core=3 reps=300 nproc=5
## O1: base baseAA w1 c3 e1 e3 e6 e8 d5 c5 cl4 dsp0
## O2: base dsp0 cl4 c5 d5 e8 e6 e3 e1 c3 w1 baseAA
## O3: base e6 e8 d5 c5 cl4 dsp0 baseAA w1 c3 e1 e3
=== process binZ.order1.1
SELFCHECK OK (256 whole-block lengths 1..256 blk x 12 variants; out/Xi/ivec/ret byte-identical, nothing written past 16*nblk)
bytes  blks  |     base |   baseAA |       w1 |       c3 |       e1 |       e3 |       e6 |       e8 |       d5 |       c5 |      cl4 |     dsp0 ||  baseAA%      w1%      c3%      e1%      e3%      e6%      e8%      d5%      c5%     cl4%    dsp0%
16     1     |   26.304 |   26.362 |   13.945 |   14.026 |   13.742 |   13.926 |   13.997 |   13.979 |   13.890 |   13.930 |   13.950 |   26.470 ||   +0.22  -46.98  -46.68  -47.76  -47.06  -46.79  -46.85  -47.19  -47.04  -46.97   +0.63
       med   |   26.551 |   26.818 |   14.096 |   14.149 |   14.057 |   14.093 |   14.131 |   14.061 |   14.044 |   14.162 |   14.100 |   27.033
32     2     |   26.432 |   26.487 |   15.306 |   15.265 |   15.194 |   15.198 |   15.212 |   15.228 |   15.271 |   15.289 |   15.306 |   26.426 ||   +0.21  -42.09  -42.25  -42.52  -42.50  -42.45  -42.39  -42.23  -42.16  -42.09   -0.02
       med   |   26.719 |   26.699 |   15.319 |   15.301 |   15.296 |   15.212 |   15.226 |   15.241 |   15.283 |   15.333 |   15.319 |   26.724
48     3     |   27.412 |   27.713 |   18.866 |   18.626 |   18.629 |   18.677 |   18.650 |   18.584 |   18.580 |   18.600 |   18.641 |   27.715 ||   +1.10  -31.18  -32.05  -32.04  -31.86  -31.96  -32.20  -32.22  -32.15  -32.00   +1.11
       med   |   28.022 |   27.969 |   19.022 |   18.655 |   18.834 |   18.765 |   18.715 |   18.662 |   18.880 |   18.922 |   18.815 |   28.000
64     4     |   28.922 |   28.880 |   23.125 |   22.589 |   22.638 |   22.628 |   22.667 |   22.651 |   22.608 |   22.584 |   22.750 |   28.916 ||   -0.15  -20.04  -21.90  -21.73  -21.76  -21.63  -21.68  -21.83  -21.91  -21.34   -0.02
       med   |   29.151 |   29.109 |   23.247 |   22.926 |   22.680 |   22.654 |   22.866 |   22.690 |   22.913 |   22.627 |   22.769 |   29.108
80     5     |   29.947 |   29.985 |   30.043 |   29.795 |   30.050 |   29.522 |   30.018 |   30.055 |   30.104 |   30.127 |   30.043 |   30.056 ||   +0.13   +0.32   -0.51   +0.34   -1.42   +0.24   +0.36   +0.52   +0.60   +0.32   +0.36
       med   |   30.204 |   30.338 |   30.268 |   30.298 |   30.322 |   30.332 |   30.299 |   30.321 |   30.234 |   30.336 |   30.254 |   30.315
96     6     |   30.942 |   30.752 |   30.865 |   30.872 |   30.895 |   30.866 |   30.880 |   30.874 |   30.834 |   30.826 |   30.869 |   30.868 ||   -0.61   -0.25   -0.23   -0.15   -0.25   -0.20   -0.22   -0.35   -0.38   -0.24   -0.24
       med   |   31.079 |   31.121 |   31.036 |   31.030 |   31.125 |   31.062 |   31.068 |   31.052 |   31.043 |   31.106 |   31.029 |   31.066
112    7     |   31.821 |   31.676 |   31.762 |   31.766 |   31.766 |   31.766 |   31.766 |   31.763 |   31.843 |   31.786 |   31.766 |   31.772 ||   -0.46   -0.19   -0.17   -0.17   -0.17   -0.17   -0.18   +0.07   -0.11   -0.17   -0.16
       med   |   32.280 |   32.343 |   32.246 |   32.299 |   32.435 |   32.479 |   32.459 |   32.491 |   32.322 |   32.415 |   32.199 |   32.377
128    8     |   30.111 |   30.019 |   30.042 |   30.059 |   30.112 |   30.106 |   30.006 |   30.109 |   29.932 |   29.929 |   30.093 |   30.099 ||   -0.31   -0.23   -0.17   +0.00   -0.02   -0.35   -0.01   -0.59   -0.61   -0.06   -0.04
       med   |   30.239 |   30.298 |   30.251 |   30.401 |   30.417 |   30.336 |   30.347 |   30.281 |   30.046 |   30.323 |   30.232 |   30.329
256    16    |   52.198 |   52.385 |   52.175 |   52.004 |   52.194 |   52.035 |   52.126 |   52.134 |   52.009 |   51.915 |   52.118 |   52.163 ||   +0.36   -0.05   -0.37   -0.01   -0.31   -0.14   -0.12   -0.36   -0.54   -0.15   -0.07
       med   |   52.765 |   52.956 |   52.581 |   52.643 |   52.637 |   52.520 |   52.659 |   52.661 |   52.579 |   52.775 |   52.667 |   52.581
512    32    |   94.803 |   95.239 |   93.977 |   93.738 |   94.076 |   94.031 |   93.923 |   94.948 |   94.716 |   94.751 |   94.111 |   94.731 ||   +0.46   -0.87   -1.12   -0.77   -0.81   -0.93   +0.15   -0.09   -0.05   -0.73   -0.08
       med   |   96.058 |   96.250 |   95.615 |   95.607 |   95.524 |   95.597 |   95.537 |   95.700 |   95.610 |   95.735 |   95.472 |   95.689
1024   64    |  180.256 |  180.838 |  179.032 |  179.643 |  179.697 |  179.870 |  178.115 |  179.310 |  179.661 |  179.727 |  179.629 |  179.904 ||   +0.32   -0.68   -0.34   -0.31   -0.21   -1.19   -0.52   -0.33   -0.29   -0.35   -0.20
       med   |  182.751 |  182.879 |  181.420 |  181.591 |  181.463 |  181.439 |  181.428 |  181.483 |  181.595 |  181.436 |  181.534 |  181.469
4096   256   |  694.929 |  693.572 |  691.159 |  691.154 |  690.548 |  691.135 |  690.879 |  690.441 |  691.510 |  692.202 |  690.868 |  689.677 ||   -0.20   -0.54   -0.54   -0.63   -0.55   -0.58   -0.65   -0.49   -0.39   -0.58   -0.76
       med   |  700.383 |  700.609 |  694.419 |  694.893 |  695.087 |  694.058 |  694.340 |  693.983 |  695.952 |  695.195 |  695.200 |  694.676
=== process binZ.order1.2
SELFCHECK OK (256 whole-block lengths 1..256 blk x 12 variants; out/Xi/ivec/ret byte-identical, nothing written past 16*nblk)
bytes  blks  |     base |   baseAA |       w1 |       c3 |       e1 |       e3 |       e6 |       e8 |       d5 |       c5 |      cl4 |     dsp0 ||  baseAA%      w1%      c3%      e1%      e3%      e6%      e8%      d5%      c5%     cl4%    dsp0%
16     1     |   26.256 |   26.343 |   13.863 |   13.996 |   13.744 |   13.939 |   13.995 |   13.982 |   13.703 |   13.942 |   13.831 |   26.395 ||   +0.33  -47.20  -46.69  -47.65  -46.91  -46.70  -46.75  -47.81  -46.90  -47.32   +0.53
       med   |   26.729 |   27.190 |   14.092 |   14.148 |   14.054 |   14.098 |   14.078 |   14.061 |   14.045 |   14.161 |   14.097 |   27.451
32     2     |   26.452 |   26.474 |   15.306 |   15.267 |   15.195 |   15.198 |   15.213 |   15.228 |   15.268 |   15.290 |   15.308 |   26.421 ||   +0.09  -42.14  -42.28  -42.56  -42.55  -42.49  -42.43  -42.28  -42.20  -42.13   -0.12
       med   |   26.723 |   26.712 |   15.381 |   15.300 |   15.307 |   15.213 |   15.227 |   15.240 |   15.284 |   15.332 |   15.321 |   26.724
48     3     |   27.745 |   27.728 |   18.914 |   18.630 |   18.636 |   18.681 |   18.654 |   18.619 |   18.618 |   18.608 |   18.656 |   27.715 ||   -0.06  -31.83  -32.85  -32.83  -32.67  -32.77  -32.89  -32.90  -32.93  -32.76   -0.10
       med   |   28.024 |   27.972 |   19.037 |   18.658 |   18.837 |   18.836 |   18.823 |   18.772 |   18.884 |   18.930 |   18.827 |   28.012
64     4     |   28.925 |   28.880 |   23.129 |   22.601 |   22.632 |   22.625 |   22.669 |   22.650 |   22.615 |   22.580 |   22.748 |   28.909 ||   -0.15  -20.04  -21.86  -21.76  -21.78  -21.63  -21.69  -21.82  -21.94  -21.36   -0.05
       med   |   29.053 |   29.110 |   23.246 |   22.926 |   22.679 |   22.656 |   22.871 |   22.690 |   22.916 |   22.635 |   22.769 |   29.124
80     5     |   29.978 |   29.983 |   29.651 |   30.026 |   30.035 |   30.006 |   30.036 |   29.920 |   30.110 |   30.102 |   30.051 |   30.019 ||   +0.02   -1.09   +0.16   +0.19   +0.09   +0.19   -0.19   +0.44   +0.41   +0.24   +0.14
       med   |   30.199 |   30.228 |   30.302 |   30.283 |   30.348 |   30.318 |   30.315 |   30.327 |   30.239 |   30.350 |   30.257 |   30.276
96     6     |   30.906 |   30.869 |   30.864 |   30.855 |   30.881 |   30.859 |   30.835 |   30.867 |   30.772 |   30.830 |   30.851 |   30.857 ||   -0.12   -0.14   -0.16   -0.08   -0.15   -0.23   -0.13   -0.43   -0.24   -0.18   -0.16
       med   |   31.068 |   31.086 |   31.037 |   31.033 |   31.113 |   31.077 |   31.107 |   31.057 |   31.053 |   31.110 |   31.020 |   31.049
112    7     |   31.828 |   31.706 |   31.759 |   31.751 |   31.761 |   31.753 |   31.765 |   31.763 |   31.871 |   31.790 |   31.753 |   31.761 ||   -0.38   -0.22   -0.24   -0.21   -0.24   -0.20   -0.21   +0.13   -0.12   -0.24   -0.21
       med   |   32.136 |   32.137 |   32.090 |   32.103 |   32.159 |   32.155 |   32.168 |   32.137 |   31.981 |   32.025 |   32.022 |   32.171
128    8     |   30.035 |   30.041 |   30.101 |   30.074 |   30.098 |   30.111 |   30.109 |   30.104 |   29.925 |   29.943 |   30.033 |   30.110 ||   +0.02   +0.22   +0.13   +0.21   +0.25   +0.25   +0.23   -0.37   -0.31   -0.01   +0.25
       med   |   30.220 |   30.296 |   30.255 |   30.377 |   30.458 |   30.365 |   30.370 |   30.362 |   29.978 |   30.310 |   30.213 |   30.308
256    16    |   51.380 |   52.344 |   51.993 |   51.894 |   52.201 |   52.126 |   52.144 |   52.088 |   52.182 |   52.231 |   51.934 |   51.778 ||   +1.88   +1.19   +1.00   +1.60   +1.45   +1.49   +1.38   +1.56   +1.66   +1.08   +0.77
       med   |   52.800 |   52.952 |   52.579 |   52.629 |   52.617 |   52.606 |   52.715 |   52.654 |   52.546 |   52.772 |   52.568 |   52.567
512    32    |   95.394 |   95.207 |   94.402 |   94.699 |   94.021 |   93.753 |   94.618 |   94.875 |   94.440 |   94.460 |   94.464 |   94.916 ||   -0.20   -1.04   -0.73   -1.44   -1.72   -0.81   -0.54   -1.00   -0.98   -0.97   -0.50
       med   |   96.189 |   96.362 |   95.510 |   95.776 |   95.446 |   95.620 |   95.584 |   95.633 |   95.606 |   95.710 |   95.416 |   95.711
1024   64    |  180.290 |  180.735 |  178.024 |  179.638 |  179.983 |  179.878 |  179.084 |  179.773 |  179.689 |  179.757 |  179.220 |  179.948 ||   +0.25   -1.26   -0.36   -0.17   -0.23   -0.67   -0.29   -0.33   -0.30   -0.59   -0.19
       med   |  182.732 |  183.021 |  181.433 |  181.548 |  181.500 |  181.531 |  181.478 |  181.378 |  181.552 |  181.593 |  181.403 |  181.584
4096   256   |  694.118 |  691.539 |  690.693 |  691.280 |  691.158 |  690.240 |  690.139 |  689.947 |  691.626 |  691.732 |  690.606 |  691.343 ||   -0.37   -0.49   -0.41   -0.43   -0.56   -0.57   -0.60   -0.36   -0.34   -0.51   -0.40
       med   |  700.121 |  699.824 |  694.208 |  694.750 |  694.822 |  693.903 |  694.321 |  693.903 |  695.404 |  695.067 |  695.356 |  694.511
=== process binZ.order1.3
SELFCHECK OK (256 whole-block lengths 1..256 blk x 12 variants; out/Xi/ivec/ret byte-identical, nothing written past 16*nblk)
bytes  blks  |     base |   baseAA |       w1 |       c3 |       e1 |       e3 |       e6 |       e8 |       d5 |       c5 |      cl4 |     dsp0 ||  baseAA%      w1%      c3%      e1%      e3%      e6%      e8%      d5%      c5%     cl4%    dsp0%
16     1     |   26.315 |   26.256 |   13.962 |   14.115 |   13.738 |   13.934 |   13.990 |   13.978 |   13.913 |   13.975 |   13.940 |   26.599 ||   -0.23  -46.94  -46.36  -47.79  -47.05  -46.84  -46.88  -47.13  -46.90  -47.03   +1.08
       med   |   26.551 |   26.759 |   14.094 |   14.148 |   14.079 |   14.095 |   14.081 |   14.062 |   14.045 |   14.163 |   14.091 |   27.105
32     2     |   26.461 |   26.455 |   15.304 |   15.266 |   15.189 |   15.198 |   15.217 |   15.227 |   15.269 |   15.290 |   15.304 |   26.430 ||   -0.02  -42.17  -42.31  -42.60  -42.56  -42.49  -42.45  -42.30  -42.22  -42.16   -0.12
       med   |   26.715 |   26.696 |   15.331 |   15.306 |   15.298 |   15.222 |   15.243 |   15.249 |   15.287 |   15.316 |   15.328 |   26.715
48     3     |   27.727 |   27.704 |   18.877 |   18.622 |   18.632 |   18.678 |   18.645 |   18.578 |   18.583 |   18.611 |   18.643 |   27.710 ||   -0.08  -31.92  -32.84  -32.80  -32.63  -32.75  -32.99  -32.98  -32.88  -32.76   -0.06
       med   |   28.000 |   27.975 |   19.226 |   18.778 |   18.842 |   18.832 |   18.956 |   18.766 |   18.729 |   19.068 |   18.893 |   27.996
64     4     |   28.908 |   28.896 |   23.123 |   22.596 |   22.634 |   22.624 |   22.671 |   22.649 |   22.606 |   22.578 |   22.747 |   28.905 ||   -0.04  -20.01  -21.83  -21.70  -21.74  -21.57  -21.65  -21.80  -21.90  -21.31   -0.01
       med   |   29.155 |   29.111 |   23.163 |   22.912 |   22.678 |   22.652 |   22.912 |   22.689 |   22.912 |   22.634 |   22.771 |   29.108
80     5     |   29.948 |   29.995 |   30.053 |   30.053 |   30.046 |   30.051 |   30.045 |   30.039 |   30.104 |   30.119 |   30.036 |   30.048 ||   +0.16   +0.35   +0.35   +0.32   +0.34   +0.32   +0.30   +0.52   +0.57   +0.29   +0.33
       med   |   30.239 |   30.255 |   30.292 |   30.292 |   30.350 |   30.344 |   30.336 |   30.318 |   30.169 |   30.334 |   30.259 |   30.282
96     6     |   30.924 |   30.864 |   30.778 |   30.866 |   30.882 |   30.878 |   30.881 |   30.859 |   30.823 |   30.834 |   30.879 |   30.851 ||   -0.19   -0.47   -0.19   -0.13   -0.15   -0.14   -0.21   -0.32   -0.29   -0.14   -0.24
       med   |   31.063 |   31.167 |   31.029 |   31.032 |   31.048 |   31.063 |   31.059 |   31.057 |   31.031 |   31.111 |   31.033 |   31.042
112    7     |   31.825 |   31.712 |   31.764 |   31.769 |   31.769 |   31.773 |   31.768 |   31.693 |   31.873 |   31.875 |   31.766 |   31.769 ||   -0.36   -0.19   -0.18   -0.18   -0.17   -0.18   -0.41   +0.15   +0.15   -0.18   -0.18
       med   |   32.368 |   32.434 |   32.269 |   32.400 |   32.563 |   33.526 |   33.589 |   32.762 |   32.512 |   32.618 |   32.364 |   32.481
128    8     |   30.088 |   30.036 |   30.040 |   30.107 |   30.103 |   30.112 |   30.117 |   30.111 |   29.924 |   29.941 |   30.088 |   30.104 ||   -0.17   -0.16   +0.06   +0.05   +0.08   +0.10   +0.07   -0.54   -0.49   -0.00   +0.05
       med   |   30.233 |   30.303 |   30.255 |   30.381 |   30.440 |   30.331 |   30.356 |   30.381 |   29.990 |   30.280 |   30.227 |   30.302
256    16    |   52.208 |   52.497 |   52.107 |   51.757 |   52.002 |   52.130 |   51.537 |   51.847 |   52.215 |   52.248 |   51.874 |   52.089 ||   +0.55   -0.19   -0.86   -0.39   -0.15   -1.29   -0.69   +0.01   +0.08   -0.64   -0.23
       med   |   52.819 |   52.932 |   52.581 |   52.586 |   52.584 |   52.560 |   52.632 |   52.673 |   52.554 |   52.829 |   52.631 |   52.578
512    32    |   94.966 |   95.445 |   93.543 |   94.366 |   94.889 |   94.940 |   93.595 |   94.045 |   94.537 |   94.761 |   94.534 |   94.788 ||   +0.50   -1.50   -0.63   -0.08   -0.03   -1.44   -0.97   -0.45   -0.22   -0.46   -0.19
       med   |   96.153 |   96.225 |   95.558 |   95.728 |   95.506 |   95.713 |   95.490 |   95.555 |   95.569 |   95.784 |   95.574 |   95.686
1024   64    |  180.244 |  181.066 |  179.150 |  179.949 |  179.441 |  179.720 |  179.830 |  178.898 |  179.715 |  179.631 |  179.866 |  179.645 ||   +0.46   -0.61   -0.16   -0.45   -0.29   -0.23   -0.75   -0.29   -0.34   -0.21   -0.33
       med   |  182.642 |  182.859 |  181.412 |  181.596 |  181.441 |  181.441 |  181.510 |  181.436 |  181.481 |  181.458 |  181.500 |  181.478
4096   256   |  693.672 |  691.756 |  690.713 |  691.408 |  690.010 |  690.989 |  691.292 |  691.399 |  692.135 |  691.880 |  690.580 |  690.328 ||   -0.28   -0.43   -0.33   -0.53   -0.39   -0.34   -0.33   -0.22   -0.26   -0.45   -0.48
       med   |  700.061 |  699.878 |  694.590 |  694.505 |  694.695 |  693.980 |  694.353 |  693.802 |  695.701 |  695.151 |  695.243 |  694.380
=== process binZ.order1.4
SELFCHECK OK (256 whole-block lengths 1..256 blk x 12 variants; out/Xi/ivec/ret byte-identical, nothing written past 16*nblk)
bytes  blks  |     base |   baseAA |       w1 |       c3 |       e1 |       e3 |       e6 |       e8 |       d5 |       c5 |      cl4 |     dsp0 ||  baseAA%      w1%      c3%      e1%      e3%      e6%      e8%      d5%      c5%     cl4%    dsp0%
16     1     |   26.133 |   26.205 |   13.961 |   14.119 |   13.735 |   13.935 |   13.995 |   13.979 |   13.887 |   13.951 |   13.799 |   26.304 ||   +0.28  -46.58  -45.97  -47.44  -46.68  -46.44  -46.51  -46.86  -46.61  -47.20   +0.66
       med   |   26.771 |   27.064 |   14.107 |   14.151 |   14.012 |   14.086 |   14.128 |   14.065 |   14.046 |   14.163 |   14.099 |   27.435
32     2     |   26.528 |   26.490 |   15.305 |   15.265 |   15.193 |   15.199 |   15.215 |   15.229 |   15.270 |   15.291 |   15.306 |   26.432 ||   -0.15  -42.31  -42.46  -42.73  -42.71  -42.65  -42.59  -42.44  -42.36  -42.30   -0.36
       med   |   26.737 |   26.702 |   15.385 |   15.302 |   15.314 |   15.213 |   15.227 |   15.242 |   15.284 |   15.306 |   15.320 |   26.723
48     3     |   27.457 |   27.718 |   18.910 |   18.630 |   18.635 |   18.683 |   18.649 |   18.623 |   18.624 |   18.610 |   18.659 |   27.716 ||   +0.95  -31.13  -32.15  -32.13  -31.96  -32.08  -32.17  -32.17  -32.22  -32.04   +0.94
       med   |   28.023 |   27.966 |   19.203 |   18.834 |   18.837 |   18.844 |   18.817 |   18.733 |   18.883 |   18.927 |   18.819 |   27.992
64     4     |   28.928 |   28.898 |   23.130 |   22.591 |   22.632 |   22.626 |   22.675 |   22.653 |   22.605 |   22.575 |   22.745 |   28.907 ||   -0.10  -20.04  -21.90  -21.76  -21.79  -21.62  -21.69  -21.86  -21.96  -21.37   -0.07
       med   |   29.156 |   29.075 |   23.160 |   22.919 |   22.679 |   22.655 |   22.915 |   22.690 |   22.911 |   22.632 |   22.769 |   29.089
80     5     |   29.954 |   29.988 |   30.035 |   30.047 |   30.044 |   30.060 |   30.018 |   30.046 |   30.109 |   30.104 |   30.037 |   30.048 ||   +0.11   +0.27   +0.31   +0.30   +0.35   +0.22   +0.31   +0.52   +0.50   +0.28   +0.31
       med   |   30.199 |   30.191 |   30.268 |   30.275 |   30.359 |   30.486 |   30.296 |   30.312 |   30.195 |   30.275 |   30.257 |   30.306
96     6     |   30.900 |   30.858 |   30.858 |   30.852 |   30.881 |   30.853 |   30.888 |   30.868 |   30.793 |   30.807 |   30.845 |   30.860 ||   -0.14   -0.14   -0.16   -0.06   -0.15   -0.04   -0.10   -0.35   -0.30   -0.18   -0.13
       med   |   31.097 |   31.034 |   31.022 |   31.039 |   31.107 |   31.053 |   31.064 |   31.061 |   31.042 |   31.112 |   31.027 |   31.059
112    7     |   31.812 |   31.714 |   31.762 |   31.745 |   31.765 |   31.770 |   31.763 |   31.760 |   31.875 |   31.809 |   31.764 |   31.768 ||   -0.31   -0.16   -0.21   -0.15   -0.13   -0.15   -0.16   +0.20   -0.01   -0.15   -0.14
       med   |   32.178 |   32.114 |   32.113 |   32.089 |   32.194 |   32.179 |   32.189 |   32.181 |   31.971 |   32.229 |   32.110 |   32.193
128    8     |   30.104 |   30.041 |   30.045 |   30.115 |   30.007 |   30.104 |   30.111 |   30.104 |   29.932 |   29.949 |   30.098 |   30.111 ||   -0.21   -0.20   +0.04   -0.32   -0.00   +0.02   +0.00   -0.57   -0.52   -0.02   +0.02
       med   |   30.282 |   30.256 |   30.253 |   30.387 |   30.447 |   30.324 |   30.333 |   30.352 |   29.990 |   30.261 |   30.217 |   30.314
256    16    |   52.270 |   52.350 |   52.027 |   51.950 |   52.150 |   51.967 |   52.192 |   52.096 |   52.224 |   52.241 |   52.194 |   51.917 ||   +0.15   -0.47   -0.61   -0.23   -0.58   -0.15   -0.33   -0.09   -0.06   -0.15   -0.68
       med   |   52.911 |   52.931 |   52.602 |   52.611 |   52.626 |   52.533 |   52.661 |   52.674 |   52.586 |   52.761 |   52.641 |   52.580
512    32    |   94.971 |   94.884 |   93.917 |   93.491 |   94.244 |   93.622 |   94.016 |   94.459 |   94.405 |   94.453 |   93.799 |   94.069 ||   -0.09   -1.11   -1.56   -0.77   -1.42   -1.01   -0.54   -0.60   -0.55   -1.23   -0.95
       med   |   96.065 |   96.230 |   95.516 |   95.653 |   95.603 |   95.505 |   95.534 |   95.599 |   95.647 |   95.727 |   95.484 |   95.642
1024   64    |  180.707 |  181.007 |  178.609 |  179.327 |  179.648 |  179.651 |  179.792 |  179.786 |  179.539 |  179.934 |  179.780 |  179.844 ||   +0.17   -1.16   -0.76   -0.59   -0.58   -0.51   -0.51   -0.65   -0.43   -0.51   -0.48
       med   |  182.559 |  182.953 |  181.419 |  181.707 |  181.430 |  181.357 |  181.376 |  181.453 |  181.508 |  181.493 |  181.570 |  181.569
4096   256   |  693.154 |  693.563 |  691.148 |  690.671 |  691.064 |  691.226 |  690.965 |  691.007 |  691.904 |  692.039 |  691.252 |  690.995 ||   +0.06   -0.29   -0.36   -0.30   -0.28   -0.32   -0.31   -0.18   -0.16   -0.27   -0.31
       med   |  700.215 |  700.628 |  694.754 |  694.608 |  694.810 |  694.004 |  694.197 |  694.054 |  695.613 |  695.067 |  695.286 |  694.594
=== process binZ.order1.5
SELFCHECK OK (256 whole-block lengths 1..256 blk x 12 variants; out/Xi/ivec/ret byte-identical, nothing written past 16*nblk)
bytes  blks  |     base |   baseAA |       w1 |       c3 |       e1 |       e3 |       e6 |       e8 |       d5 |       c5 |      cl4 |     dsp0 ||  baseAA%      w1%      c3%      e1%      e3%      e6%      e8%      d5%      c5%     cl4%    dsp0%
16     1     |   26.134 |   26.137 |   13.960 |   14.014 |   13.757 |   13.941 |   13.991 |   13.979 |   13.898 |   13.955 |   13.939 |   26.289 ||   +0.01  -46.58  -46.38  -47.36  -46.66  -46.46  -46.51  -46.82  -46.60  -46.66   +0.59
       med   |   26.709 |   27.045 |   14.107 |   14.149 |   14.099 |   14.100 |   14.128 |   14.062 |   14.036 |   14.162 |   14.091 |   27.425
32     2     |   26.436 |   26.456 |   15.306 |   15.266 |   15.192 |   15.201 |   15.211 |   15.225 |   15.274 |   15.292 |   15.307 |   26.440 ||   +0.08  -42.10  -42.25  -42.53  -42.50  -42.46  -42.41  -42.22  -42.15  -42.10   +0.02
       med   |   26.728 |   26.650 |   15.320 |   15.302 |   15.300 |   15.221 |   15.236 |   15.247 |   15.285 |   15.317 |   15.328 |   26.734
48     3     |   27.676 |   27.719 |   18.930 |   18.629 |   18.633 |   18.688 |   18.650 |   18.598 |   18.621 |   18.606 |   18.661 |   27.749 ||   +0.16  -31.60  -32.69  -32.67  -32.47  -32.61  -32.80  -32.72  -32.77  -32.57   +0.27
       med   |   27.947 |   27.961 |   19.230 |   18.656 |   18.831 |   18.846 |   18.724 |   18.703 |   18.709 |   18.920 |   18.818 |   28.015
64     4     |   28.911 |   28.886 |   23.129 |   22.591 |   22.636 |   22.632 |   22.672 |   22.647 |   22.608 |   22.582 |   22.751 |   28.912 ||   -0.09  -20.00  -21.86  -21.71  -21.72  -21.58  -21.67  -21.80  -21.89  -21.31   +0.00
       med   |   29.144 |   29.072 |   23.240 |   22.915 |   22.678 |   22.656 |   22.868 |   22.697 |   22.915 |   22.630 |   22.770 |   29.119
80     5     |   29.958 |   29.984 |   30.049 |   30.050 |   30.061 |   30.034 |   30.028 |   30.046 |   30.112 |   30.109 |   30.034 |   30.044 ||   +0.09   +0.30   +0.31   +0.34   +0.25   +0.23   +0.29   +0.51   +0.50   +0.25   +0.29
       med   |   30.219 |   30.178 |   30.276 |   30.301 |   30.369 |   30.334 |   30.304 |   30.325 |   30.165 |   30.330 |   30.233 |   30.288
96     6     |   30.897 |   30.866 |   30.859 |   30.873 |   30.861 |   30.860 |   30.873 |   30.876 |   30.824 |   30.826 |   30.864 |   30.872 ||   -0.10   -0.12   -0.08   -0.12   -0.12   -0.08   -0.07   -0.24   -0.23   -0.11   -0.08
       med   |   31.060 |   31.110 |   31.029 |   31.019 |   31.078 |   31.063 |   31.050 |   31.081 |   31.038 |   31.087 |   31.034 |   31.052
112    7     |   31.660 |   31.717 |   31.754 |   31.757 |   31.758 |   31.757 |   31.754 |   31.759 |   31.872 |   31.832 |   31.751 |   31.761 ||   +0.18   +0.29   +0.30   +0.31   +0.31   +0.30   +0.31   +0.67   +0.54   +0.29   +0.32
       med   |   32.260 |   32.240 |   32.114 |   32.289 |   32.332 |   32.408 |   32.297 |   32.382 |   32.263 |   32.339 |   32.155 |   32.268
128    8     |   30.095 |   30.030 |   30.098 |   30.047 |   30.008 |   30.109 |   30.103 |   30.112 |   29.933 |   29.936 |   30.088 |   30.101 ||   -0.21   +0.01   -0.16   -0.29   +0.05   +0.03   +0.06   -0.54   -0.53   -0.02   +0.02
       med   |   30.227 |   30.320 |   30.244 |   30.424 |   30.465 |   30.307 |   30.333 |   30.378 |   29.989 |   30.282 |   30.221 |   30.298
256    16    |   52.161 |   52.371 |   52.040 |   52.180 |   52.050 |   52.146 |   52.127 |   52.054 |   52.200 |   52.256 |   52.119 |   51.946 ||   +0.40   -0.23   +0.04   -0.21   -0.03   -0.07   -0.20   +0.08   +0.18   -0.08   -0.41
       med   |   52.826 |   52.928 |   52.629 |   52.628 |   52.566 |   52.600 |   52.629 |   52.696 |   52.579 |   52.725 |   52.678 |   52.624
512    32    |   95.088 |   95.277 |   94.665 |   94.860 |   93.999 |   94.770 |   94.554 |   94.756 |   94.372 |   94.444 |   93.873 |   94.295 ||   +0.20   -0.45   -0.24   -1.15   -0.33   -0.56   -0.35   -0.75   -0.68   -1.28   -0.83
       med   |   96.049 |   96.358 |   95.563 |   95.803 |   95.642 |   95.586 |   95.524 |   95.650 |   95.434 |   95.590 |   95.494 |   95.647
1024   64    |  180.086 |  181.061 |  179.187 |  179.637 |  179.344 |  179.806 |  179.583 |  179.094 |  179.726 |  179.689 |  179.070 |  179.106 ||   +0.54   -0.50   -0.25   -0.41   -0.16   -0.28   -0.55   -0.20   -0.22   -0.56   -0.54
       med   |  182.756 |  182.998 |  181.492 |  181.475 |  181.410 |  181.433 |  181.482 |  181.444 |  181.583 |  181.518 |  181.500 |  181.566
4096   256   |  694.745 |  692.637 |  690.513 |  690.073 |  691.220 |  690.708 |  691.421 |  690.996 |  692.300 |  690.963 |  691.025 |  690.285 ||   -0.30   -0.61   -0.67   -0.51   -0.58   -0.48   -0.54   -0.35   -0.54   -0.54   -0.64
       med   |  700.397 |  700.626 |  694.587 |  694.755 |  695.136 |  693.992 |  694.358 |  693.986 |  695.913 |  695.202 |  695.157 |  694.624
=== process binZ.order2.1
SELFCHECK OK (256 whole-block lengths 1..256 blk x 12 variants; out/Xi/ivec/ret byte-identical, nothing written past 16*nblk)
bytes  blks  |     base |     dsp0 |      cl4 |       c5 |       d5 |       e8 |       e6 |       e3 |       e1 |       c3 |       w1 |   baseAA ||    dsp0%     cl4%      c5%      d5%      e8%      e6%      e3%      e1%      c3%      w1%  baseAA%
16     1     |   26.313 |   26.909 |   13.947 |   13.913 |   13.702 |   13.892 |   13.992 |   13.941 |   13.953 |   13.947 |   13.939 |   26.297 ||   +2.27  -46.99  -47.12  -47.92  -47.21  -46.82  -47.02  -46.97  -47.00  -47.02   -0.06
       med   |   26.543 |   27.241 |   14.098 |   14.180 |   14.029 |   14.161 |   14.130 |   14.099 |   14.049 |   14.153 |   14.096 |   26.507
32     2     |   26.434 |   26.416 |   15.269 |   15.268 |   15.244 |   15.274 |   15.211 |   15.195 |   15.192 |   15.273 |   15.305 |   26.434 ||   -0.07  -42.24  -42.24  -42.33  -42.22  -42.45  -42.52  -42.53  -42.22  -42.10   -0.00
       med   |   26.734 |   26.664 |   15.356 |   15.281 |   15.283 |   15.292 |   15.227 |   15.217 |   15.349 |   15.303 |   15.319 |   26.729
48     3     |   27.431 |   27.715 |   18.637 |   18.607 |   18.581 |   18.575 |   18.646 |   18.672 |   18.633 |   18.635 |   18.879 |   27.778 ||   +1.04  -32.06  -32.17  -32.26  -32.28  -32.02  -31.93  -32.07  -32.07  -31.17   +1.27
       med   |   28.012 |   27.901 |   18.882 |   18.924 |   18.721 |   18.691 |   18.722 |   18.709 |   18.734 |   18.911 |   19.018 |   28.043
64     4     |   28.914 |   28.862 |   22.751 |   22.520 |   22.608 |   22.597 |   22.673 |   22.635 |   22.626 |   22.592 |   23.130 |   28.921 ||   -0.18  -21.31  -22.11  -21.81  -21.85  -21.58  -21.72  -21.75  -21.86  -20.00   +0.03
       med   |   29.061 |   29.064 |   22.775 |   22.560 |   22.633 |   22.982 |   22.910 |   22.656 |   22.677 |   23.100 |   23.154 |   29.179
80     5     |   29.965 |   30.110 |   30.049 |   30.052 |   30.120 |   30.116 |   30.029 |   30.042 |   30.042 |   30.046 |   30.048 |   29.944 ||   +0.48   +0.28   +0.29   +0.52   +0.50   +0.21   +0.25   +0.26   +0.27   +0.28   -0.07
       med   |   30.161 |   30.369 |   30.280 |   30.274 |   30.357 |   30.370 |   30.277 |   30.312 |   30.219 |   30.315 |   30.216 |   30.136
96     6     |   30.906 |   30.832 |   30.872 |   30.870 |   30.823 |   30.835 |   30.859 |   30.875 |   30.873 |   30.859 |   30.868 |   30.899 ||   -0.24   -0.11   -0.12   -0.27   -0.23   -0.15   -0.10   -0.11   -0.15   -0.12   -0.02
       med   |   31.068 |   31.111 |   31.026 |   31.039 |   31.124 |   31.103 |   31.081 |   31.055 |   31.029 |   31.066 |   31.025 |   31.043
112    7     |   31.825 |   31.884 |   31.761 |   31.765 |   31.881 |   31.881 |   31.767 |   31.767 |   31.763 |   31.764 |   31.766 |   31.819 ||   +0.19   -0.20   -0.19   +0.18   +0.18   -0.18   -0.18   -0.20   -0.19   -0.19   -0.02
       med   |   32.335 |   32.362 |   32.119 |   32.198 |   32.359 |   32.266 |   32.163 |   32.186 |   32.032 |   32.327 |   32.317 |   32.242
128    8     |   30.016 |   29.707 |   30.050 |   30.111 |   29.931 |   29.948 |   30.091 |   30.100 |   30.071 |   30.036 |   30.101 |   30.104 ||   -1.03   +0.11   +0.31   -0.28   -0.23   +0.25   +0.28   +0.18   +0.06   +0.28   +0.29
       med   |   30.223 |   30.197 |   30.288 |   30.380 |   30.431 |   30.266 |   30.345 |   30.364 |   30.242 |   30.388 |   30.207 |   30.221
256    16    |   52.236 |   52.224 |   52.175 |   52.191 |   51.954 |   52.229 |   52.138 |   51.967 |   52.128 |   52.168 |   52.141 |   52.250 ||   -0.02   -0.12   -0.09   -0.54   -0.01   -0.19   -0.52   -0.21   -0.13   -0.18   +0.03
       med   |   52.798 |   52.676 |   52.604 |   52.652 |   52.812 |   52.746 |   52.721 |   52.624 |   52.576 |   52.634 |   52.600 |   52.619
512    32    |   95.274 |   94.603 |   94.802 |   94.693 |   94.497 |   94.608 |   93.484 |   93.650 |   93.658 |   94.912 |   94.021 |   94.815 ||   -0.70   -0.50   -0.61   -0.81   -0.70   -1.88   -1.70   -1.70   -0.38   -1.32   -0.48
       med   |   96.120 |   95.830 |   95.474 |   95.694 |   95.689 |   95.882 |   95.592 |   95.651 |   95.430 |   95.662 |   95.500 |   95.943
1024   64    |  180.851 |  179.710 |  179.880 |  179.970 |  179.065 |  179.833 |  179.905 |  178.560 |  179.721 |  179.869 |  179.833 |  179.934 ||   -0.63   -0.54   -0.49   -0.99   -0.56   -0.52   -1.27   -0.62   -0.54   -0.56   -0.51
       med   |  182.571 |  181.829 |  181.339 |  181.659 |  181.321 |  181.648 |  181.411 |  181.451 |  181.309 |  181.602 |  181.475 |  182.203
4096   256   |  694.753 |  691.837 |  691.139 |  690.655 |  692.202 |  686.777 |  691.295 |  690.807 |  690.013 |  691.351 |  690.392 |  693.749 ||   -0.42   -0.52   -0.59   -0.37   -1.15   -0.50   -0.57   -0.68   -0.49   -0.63   -0.14
       med   |  700.137 |  695.806 |  694.585 |  694.470 |  695.885 |  694.685 |  694.409 |  693.833 |  694.415 |  695.077 |  695.092 |  699.313
=== process binZ.order2.2
SELFCHECK OK (256 whole-block lengths 1..256 blk x 12 variants; out/Xi/ivec/ret byte-identical, nothing written past 16*nblk)
bytes  blks  |     base |     dsp0 |      cl4 |       c5 |       d5 |       e8 |       e6 |       e3 |       e1 |       c3 |       w1 |   baseAA ||    dsp0%     cl4%      c5%      d5%      e8%      e6%      e3%      e1%      c3%      w1%  baseAA%
16     1     |   26.139 |   26.365 |   13.977 |   13.899 |   13.697 |   13.899 |   13.993 |   13.935 |   13.748 |   14.030 |   13.940 |   26.128 ||   +0.86  -46.53  -46.83  -47.60  -46.83  -46.47  -46.69  -47.41  -46.33  -46.67   -0.04
       med   |   26.393 |   26.805 |   14.099 |   14.151 |   13.996 |   14.160 |   14.132 |   14.084 |   14.052 |   14.154 |   14.100 |   26.355
32     2     |   26.456 |   26.411 |   15.269 |   15.264 |   15.231 |   15.276 |   15.213 |   15.199 |   15.194 |   15.265 |   15.305 |   26.554 ||   -0.17  -42.29  -42.30  -42.43  -42.26  -42.50  -42.55  -42.57  -42.30  -42.15   +0.37
       med   |   26.719 |   26.628 |   15.366 |   15.281 |   15.284 |   15.291 |   15.227 |   15.211 |   15.288 |   15.302 |   15.316 |   26.821
48     3     |   27.530 |   27.706 |   18.637 |   18.596 |   18.585 |   18.572 |   18.651 |   18.669 |   18.626 |   18.650 |   18.877 |   27.753 ||   +0.64  -32.30  -32.45  -32.49  -32.54  -32.25  -32.19  -32.34  -32.25  -31.43   +0.81
       med   |   27.963 |   27.936 |   18.883 |   18.925 |   18.789 |   18.694 |   18.829 |   18.710 |   18.717 |   18.920 |   19.017 |   28.081
64     4     |   28.918 |   28.866 |   22.743 |   22.517 |   22.607 |   22.589 |   22.670 |   22.630 |   22.632 |   22.603 |   23.123 |   28.957 ||   -0.18  -21.35  -22.14  -21.82  -21.88  -21.61  -21.74  -21.74  -21.84  -20.04   +0.13
       med   |   29.138 |   29.153 |   22.772 |   22.562 |   22.632 |   22.892 |   22.866 |   22.666 |   22.675 |   23.101 |   23.154 |   29.170
80     5     |   29.951 |   30.111 |   30.037 |   30.027 |   30.101 |   30.114 |   30.048 |   30.049 |   30.027 |   30.052 |   30.048 |   29.958 ||   +0.53   +0.29   +0.25   +0.50   +0.55   +0.32   +0.33   +0.25   +0.34   +0.32   +0.02
       med   |   30.230 |   30.278 |   30.262 |   30.276 |   30.353 |   30.372 |   30.342 |   30.308 |   30.190 |   30.323 |   30.212 |   30.117
96     6     |   30.897 |   30.836 |   30.860 |   30.867 |   30.832 |   30.830 |   30.874 |   30.875 |   30.868 |   30.883 |   30.870 |   30.900 ||   -0.20   -0.12   -0.10   -0.21   -0.22   -0.07   -0.07   -0.09   -0.05   -0.09   +0.01
       med   |   31.011 |   31.111 |   31.023 |   31.030 |   31.181 |   31.106 |   31.056 |   31.051 |   31.016 |   31.077 |   31.025 |   31.014
112    7     |   31.928 |   31.891 |   31.769 |   31.787 |   31.865 |   31.895 |   31.797 |   31.768 |   31.773 |   31.786 |   31.791 |   31.874 ||   -0.12   -0.50   -0.44   -0.20   -0.10   -0.41   -0.50   -0.49   -0.45   -0.43   -0.17
       med   |   34.493 |   34.945 |   34.111 |   34.445 |   34.630 |   34.973 |   34.681 |   34.136 |   34.099 |   34.097 |   34.138 |   34.591
128    8     |   30.095 |   29.636 |   30.094 |   30.112 |   29.797 |   29.936 |   30.009 |   30.100 |   30.099 |   30.110 |   30.091 |   29.985 ||   -1.52   -0.00   +0.06   -0.99   -0.53   -0.28   +0.02   +0.02   +0.05   -0.01   -0.36
       med   |   30.238 |   30.281 |   30.256 |   30.419 |   30.296 |   30.293 |   30.345 |   30.347 |   30.250 |   30.390 |   30.227 |   30.213
256    16    |   52.137 |   52.129 |   51.575 |   51.980 |   52.226 |   52.236 |   51.839 |   52.090 |   52.143 |   52.089 |   52.127 |   52.221 ||   -0.01   -1.08   -0.30   +0.17   +0.19   -0.57   -0.09   +0.01   -0.09   -0.02   +0.16
       med   |   52.807 |   52.681 |   52.594 |   52.619 |   52.803 |   52.664 |   52.602 |   52.655 |   52.542 |   52.682 |   52.602 |   52.673
512    32    |   95.225 |   94.647 |   94.527 |   93.594 |   93.729 |   94.706 |   93.558 |   94.623 |   94.174 |   94.092 |   93.728 |   94.823 ||   -0.61   -0.73   -1.71   -1.57   -0.55   -1.75   -0.63   -1.10   -1.19   -1.57   -0.42
       med   |   96.028 |   95.751 |   95.521 |   95.681 |   95.641 |   95.846 |   95.603 |   95.655 |   95.425 |   95.724 |   95.453 |   95.986
1024   64    |  180.133 |  179.939 |  179.307 |  179.907 |  178.517 |  179.103 |  178.869 |  179.251 |  179.690 |  180.098 |  179.029 |  179.769 ||   -0.11   -0.46   -0.13   -0.90   -0.57   -0.70   -0.49   -0.25   -0.02   -0.61   -0.20
       med   |  182.452 |  181.673 |  181.399 |  181.422 |  181.339 |  181.618 |  181.353 |  181.450 |  181.203 |  181.578 |  181.458 |  182.147
4096   256   |  695.282 |  692.337 |  691.253 |  691.025 |  692.029 |  692.037 |  690.635 |  690.384 |  690.260 |  690.801 |  691.056 |  691.419 ||   -0.42   -0.58   -0.61   -0.47   -0.47   -0.67   -0.70   -0.72   -0.64   -0.61   -0.56
       med   |  700.174 |  695.851 |  694.670 |  694.780 |  695.943 |  694.732 |  694.318 |  694.216 |  694.093 |  694.888 |  695.141 |  699.295
=== process binZ.order2.3
SELFCHECK OK (256 whole-block lengths 1..256 blk x 12 variants; out/Xi/ivec/ret byte-identical, nothing written past 16*nblk)
bytes  blks  |     base |     dsp0 |      cl4 |       c5 |       d5 |       e8 |       e6 |       e3 |       e1 |       c3 |       w1 |   baseAA ||    dsp0%     cl4%      c5%      d5%      e8%      e6%      e3%      e1%      c3%      w1%  baseAA%
16     1     |   26.154 |   26.325 |   13.949 |   13.912 |   13.694 |   13.895 |   13.996 |   13.757 |   13.937 |   13.876 |   13.956 |   26.134 ||   +0.65  -46.67  -46.81  -47.64  -46.87  -46.49  -47.40  -46.71  -46.94  -46.64   -0.08
       med   |   26.702 |   27.634 |   14.101 |   14.198 |   13.991 |   14.161 |   14.124 |   14.095 |   14.017 |   14.149 |   14.101 |   26.746
32     2     |   26.518 |   26.414 |   15.269 |   15.267 |   15.237 |   15.279 |   15.213 |   15.196 |   15.196 |   15.279 |   15.301 |   26.478 ||   -0.39  -42.42  -42.43  -42.54  -42.38  -42.63  -42.70  -42.70  -42.38  -42.30   -0.15
       med   |   26.727 |   26.643 |   15.354 |   15.281 |   15.283 |   15.293 |   15.237 |   15.215 |   15.353 |   15.303 |   15.317 |   26.730
48     3     |   27.784 |   27.717 |   18.657 |   18.605 |   18.619 |   18.586 |   18.646 |   18.679 |   18.630 |   18.625 |   18.904 |   27.614 ||   -0.24  -32.85  -33.04  -32.99  -33.10  -32.89  -32.77  -32.95  -32.97  -31.96   -0.61
       med   |   27.995 |   27.917 |   18.875 |   18.928 |   18.731 |   18.703 |   18.724 |   18.714 |   18.729 |   18.913 |   19.021 |   28.134
64     4     |   28.918 |   28.877 |   22.749 |   22.522 |   22.610 |   22.592 |   22.667 |   22.632 |   22.630 |   22.589 |   23.124 |   28.917 ||   -0.14  -21.33  -22.12  -21.81  -21.88  -21.62  -21.74  -21.74  -21.88  -20.03   -0.00
       med   |   29.067 |   29.041 |   22.779 |   22.558 |   22.633 |   22.972 |   22.864 |   22.869 |   22.689 |   23.096 |   23.154 |   29.134
80     5     |   29.951 |   30.123 |   30.049 |   30.045 |   30.109 |   30.116 |   30.052 |   30.006 |   30.051 |   30.035 |   30.047 |   29.953 ||   +0.57   +0.33   +0.31   +0.53   +0.55   +0.34   +0.18   +0.33   +0.28   +0.32   +0.01
       med   |   30.161 |   30.338 |   30.288 |   30.230 |   30.362 |   30.349 |   30.293 |   30.306 |   30.228 |   30.325 |   30.229 |   30.114
96     6     |   30.892 |   30.832 |   30.842 |   30.875 |   30.825 |   30.828 |   30.878 |   30.878 |   30.860 |   30.868 |   30.858 |   30.869 ||   -0.19   -0.16   -0.06   -0.22   -0.21   -0.05   -0.05   -0.10   -0.08   -0.11   -0.08
       med   |   31.010 |   31.119 |   31.043 |   31.024 |   31.120 |   31.111 |   31.049 |   31.064 |   30.912 |   31.101 |   31.012 |   30.993
112    7     |   31.832 |   31.878 |   31.754 |   31.756 |   31.877 |   31.882 |   31.754 |   31.750 |   31.753 |   31.752 |   31.731 |   31.818 ||   +0.15   -0.25   -0.24   +0.14   +0.16   -0.25   -0.26   -0.25   -0.25   -0.32   -0.04
       med   |   32.237 |   32.304 |   32.114 |   32.133 |   32.300 |   32.252 |   32.086 |   32.144 |   32.016 |   32.329 |   32.205 |   32.140
128    8     |   30.047 |   29.929 |   30.105 |   30.103 |   29.956 |   29.688 |   30.094 |   30.109 |   30.041 |   30.094 |   30.034 |   30.102 ||   -0.39   +0.19   +0.19   -0.30   -1.20   +0.16   +0.21   -0.02   +0.16   -0.04   +0.18
       med   |   30.238 |   30.254 |   30.255 |   30.394 |   30.520 |   30.251 |   30.266 |   30.377 |   30.172 |   30.402 |   30.210 |   30.214
256    16    |   52.200 |   52.232 |   51.798 |   52.126 |   52.242 |   51.931 |   51.965 |   51.928 |   52.160 |   52.143 |   52.113 |   52.243 ||   +0.06   -0.77   -0.14   +0.08   -0.52   -0.45   -0.52   -0.08   -0.11   -0.17   +0.08
       med   |   52.807 |   52.685 |   52.579 |   52.660 |   52.644 |   52.651 |   52.558 |   52.706 |   52.543 |   52.634 |   52.601 |   52.666
512    32    |   95.119 |   94.430 |   94.248 |   94.645 |   94.668 |   94.742 |   94.646 |   94.780 |   93.962 |   94.792 |   94.095 |   94.879 ||   -0.72   -0.92   -0.50   -0.47   -0.40   -0.50   -0.36   -1.22   -0.34   -1.08   -0.25
       med   |   96.006 |   95.765 |   95.467 |   95.724 |   95.947 |   95.867 |   95.507 |   95.784 |   95.405 |   95.730 |   95.502 |   96.001
1024   64    |  180.916 |  179.476 |  179.791 |  180.010 |  179.905 |  179.713 |  179.873 |  178.665 |  179.237 |  179.869 |  179.964 |  179.857 ||   -0.80   -0.62   -0.50   -0.56   -0.66   -0.58   -1.24   -0.93   -0.58   -0.53   -0.59
       med   |  182.614 |  181.685 |  181.255 |  181.675 |  181.617 |  181.528 |  181.412 |  181.369 |  181.298 |  181.565 |  181.425 |  182.335
4096   256   |  693.966 |  691.842 |  690.020 |  691.229 |  691.242 |  692.064 |  690.952 |  690.840 |  690.275 |  691.504 |  691.314 |  693.626 ||   -0.31   -0.57   -0.39   -0.39   -0.27   -0.43   -0.45   -0.53   -0.35   -0.38   -0.05
       med   |  700.340 |  696.115 |  694.764 |  694.723 |  695.314 |  694.743 |  694.334 |  694.311 |  693.754 |  695.214 |  695.868 |  699.346
=== process binZ.order2.4
SELFCHECK OK (256 whole-block lengths 1..256 blk x 12 variants; out/Xi/ivec/ret byte-identical, nothing written past 16*nblk)
bytes  blks  |     base |     dsp0 |      cl4 |       c5 |       d5 |       e8 |       e6 |       e3 |       e1 |       c3 |       w1 |   baseAA ||    dsp0%     cl4%      c5%      d5%      e8%      e6%      e3%      e1%      c3%      w1%  baseAA%
16     1     |   26.306 |   26.395 |   13.956 |   13.901 |   13.703 |   13.891 |   13.996 |   13.939 |   13.948 |   13.965 |   13.934 |   26.324 ||   +0.34  -46.95  -47.16  -47.91  -47.20  -46.80  -47.01  -46.98  -46.91  -47.03   +0.07
       med   |   26.531 |   27.206 |   14.099 |   14.197 |   13.990 |   14.161 |   14.127 |   14.097 |   14.014 |   14.150 |   14.092 |   26.524
32     2     |   26.449 |   26.416 |   15.270 |   15.265 |   15.236 |   15.273 |   15.213 |   15.197 |   15.192 |   15.274 |   15.306 |   26.490 ||   -0.12  -42.27  -42.28  -42.39  -42.25  -42.48  -42.54  -42.56  -42.25  -42.13   +0.16
       med   |   26.733 |   26.679 |   15.352 |   15.281 |   15.283 |   15.293 |   15.237 |   15.217 |   15.353 |   15.305 |   15.328 |   26.721
48     3     |   27.519 |   27.727 |   18.638 |   18.605 |   18.587 |   18.581 |   18.646 |   18.671 |   18.623 |   18.640 |   18.875 |   27.601 ||   +0.76  -32.27  -32.39  -32.46  -32.48  -32.25  -32.15  -32.33  -32.27  -31.41   +0.30
       med   |   28.027 |   27.949 |   18.879 |   18.881 |   18.731 |   18.757 |   18.816 |   18.751 |   18.928 |   18.943 |   19.044 |   28.103
64     4     |   28.926 |   28.863 |   22.745 |   22.520 |   22.597 |   22.598 |   22.672 |   22.626 |   22.633 |   22.588 |   23.128 |   28.920 ||   -0.22  -21.37  -22.14  -21.88  -21.88  -21.62  -21.78  -21.75  -21.91  -20.04   -0.02
       med   |   29.148 |   29.058 |   22.780 |   22.557 |   22.629 |   22.983 |   22.866 |   22.659 |   22.681 |   22.994 |   23.151 |   29.124
80     5     |   29.949 |   30.102 |   30.052 |   30.023 |   30.117 |   30.113 |   30.011 |   30.051 |   30.041 |   30.020 |   30.047 |   29.956 ||   +0.51   +0.34   +0.25   +0.56   +0.55   +0.21   +0.34   +0.31   +0.24   +0.33   +0.03
       med   |   30.193 |   30.284 |   30.273 |   30.261 |   30.350 |   30.268 |   30.293 |   30.313 |   30.229 |   30.326 |   30.216 |   30.151
96     6     |   30.913 |   30.844 |   30.868 |   30.873 |   30.885 |   30.830 |   30.871 |   30.865 |   30.856 |   30.873 |   30.871 |   30.900 ||   -0.22   -0.15   -0.13   -0.09   -0.27   -0.14   -0.15   -0.18   -0.13   -0.14   -0.04
       med   |   31.066 |   31.111 |   31.028 |   31.032 |   31.224 |   31.104 |   31.058 |   31.044 |   30.958 |   31.102 |   31.028 |   31.019
112    7     |   31.817 |   31.879 |   31.764 |   31.760 |   31.883 |   31.881 |   31.760 |   31.761 |   31.769 |   31.768 |   31.769 |   31.831 ||   +0.19   -0.17   -0.18   +0.21   +0.20   -0.18   -0.18   -0.15   -0.16   -0.15   +0.04
       med   |   32.309 |   32.380 |   32.176 |   32.311 |   32.373 |   32.275 |   32.202 |   32.221 |   32.036 |   32.279 |   32.222 |   32.251
128    8     |   30.109 |   29.894 |   30.097 |   30.095 |   29.940 |   29.670 |   30.106 |   30.111 |   30.100 |   30.017 |   30.069 |   30.096 ||   -0.72   -0.04   -0.05   -0.56   -1.46   -0.01   +0.01   -0.03   -0.31   -0.13   -0.05
       med   |   30.237 |   30.251 |   30.243 |   30.259 |   30.477 |   30.295 |   30.315 |   30.359 |   30.243 |   30.387 |   30.231 |   30.222
256    16    |   52.245 |   52.242 |   52.098 |   52.190 |   52.232 |   52.246 |   52.131 |   51.668 |   52.176 |   51.958 |   52.145 |   52.194 ||   -0.01   -0.28   -0.11   -0.02   +0.00   -0.22   -1.10   -0.13   -0.55   -0.19   -0.10
       med   |   52.776 |   52.679 |   52.640 |   52.639 |   52.724 |   52.737 |   52.632 |   52.684 |   52.562 |   52.663 |   52.638 |   52.621
512    32    |   94.319 |   94.686 |   94.466 |   93.973 |   94.283 |   94.686 |   94.898 |   93.917 |   94.092 |   94.827 |   94.868 |   94.993 ||   +0.39   +0.16   -0.37   -0.04   +0.39   +0.61   -0.43   -0.24   +0.54   +0.58   +0.71
       med   |   96.082 |   95.731 |   95.515 |   95.674 |   95.622 |   95.722 |   95.546 |   95.631 |   95.409 |   95.706 |   95.562 |   95.881
1024   64    |  180.120 |  179.709 |  179.697 |  179.769 |  179.921 |  179.712 |  179.833 |  179.786 |  179.788 |  179.865 |  179.711 |  180.083 ||   -0.23   -0.23   -0.19   -0.11   -0.23   -0.16   -0.19   -0.18   -0.14   -0.23   -0.02
       med   |  182.446 |  181.795 |  181.435 |  181.477 |  181.405 |  181.535 |  181.293 |  181.412 |  181.190 |  181.589 |  181.458 |  182.273
4096   256   |  694.359 |  690.889 |  691.074 |  691.485 |  692.226 |  691.840 |  691.280 |  690.354 |  690.999 |  691.361 |  691.100 |  692.418 ||   -0.50   -0.47   -0.41   -0.31   -0.36   -0.44   -0.58   -0.48   -0.43   -0.47   -0.28
       med   |  700.225 |  696.040 |  694.353 |  694.446 |  695.625 |  694.960 |  694.486 |  693.909 |  694.186 |  694.919 |  695.293 |  699.162
=== process binZ.order2.5
SELFCHECK OK (256 whole-block lengths 1..256 blk x 12 variants; out/Xi/ivec/ret byte-identical, nothing written past 16*nblk)
bytes  blks  |     base |     dsp0 |      cl4 |       c5 |       d5 |       e8 |       e6 |       e3 |       e1 |       c3 |       w1 |   baseAA ||    dsp0%     cl4%      c5%      d5%      e8%      e6%      e3%      e1%      c3%      w1%  baseAA%
16     1     |   26.128 |   26.357 |   13.945 |   13.912 |   13.692 |   13.894 |   13.993 |   13.931 |   13.937 |   13.944 |   13.909 |   26.129 ||   +0.88  -46.63  -46.75  -47.60  -46.83  -46.45  -46.68  -46.66  -46.63  -46.77   +0.00
       med   |   26.715 |   27.614 |   14.098 |   14.179 |   13.987 |   14.160 |   14.134 |   14.054 |   14.075 |   14.154 |   14.091 |   26.775
32     2     |   26.443 |   26.422 |   15.264 |   15.268 |   15.238 |   15.278 |   15.215 |   15.198 |   15.194 |   15.272 |   15.307 |   26.527 ||   -0.08  -42.28  -42.26  -42.37  -42.22  -42.46  -42.52  -42.54  -42.25  -42.11   +0.32
       med   |   26.721 |   26.693 |   15.359 |   15.284 |   15.287 |   15.309 |   15.240 |   15.220 |   15.287 |   15.310 |   15.330 |   26.696
48     3     |   27.737 |   27.734 |   18.652 |   18.605 |   18.625 |   18.583 |   18.646 |   18.684 |   18.637 |   18.641 |   18.919 |   27.763 ||   -0.01  -32.75  -32.93  -32.85  -33.00  -32.78  -32.64  -32.81  -32.79  -31.79   +0.09
       med   |   27.891 |   27.899 |   18.875 |   18.899 |   18.876 |   18.836 |   18.719 |   18.714 |   18.836 |   18.920 |   19.059 |   28.084
64     4     |   28.918 |   28.863 |   22.745 |   22.521 |   22.601 |   22.598 |   22.666 |   22.631 |   22.633 |   22.605 |   23.131 |   28.925 ||   -0.19  -21.34  -22.12  -21.85  -21.85  -21.62  -21.74  -21.73  -21.83  -20.01   +0.03
       med   |   29.134 |   29.069 |   22.773 |   22.557 |   22.631 |   22.974 |   22.864 |   22.662 |   22.677 |   23.103 |   23.157 |   29.124
80     5     |   29.950 |   30.075 |   30.051 |   30.004 |   30.105 |   30.117 |   30.029 |   30.053 |   30.044 |   30.049 |   30.048 |   29.959 ||   +0.42   +0.33   +0.18   +0.52   +0.56   +0.26   +0.34   +0.31   +0.33   +0.33   +0.03
       med   |   30.202 |   30.292 |   30.273 |   30.244 |   30.355 |   30.349 |   30.314 |   30.321 |   30.233 |   30.326 |   30.214 |   30.134
96     6     |   30.899 |   30.816 |   30.832 |   30.841 |   30.826 |   30.779 |   30.894 |   30.797 |   30.845 |   30.890 |   30.843 |   30.898 ||   -0.27   -0.22   -0.19   -0.24   -0.39   -0.02   -0.33   -0.18   -0.03   -0.18   -0.01
       med   |   31.057 |   31.126 |   31.029 |   31.038 |   31.129 |   31.093 |   31.070 |   31.048 |   31.022 |   31.107 |   30.984 |   31.019
112    7     |   31.813 |   31.878 |   31.758 |   31.771 |   31.880 |   31.857 |   31.761 |   31.766 |   31.762 |   31.765 |   31.764 |   31.824 ||   +0.20   -0.17   -0.13   +0.21   +0.14   -0.17   -0.15   -0.16   -0.15   -0.15   +0.03
       med   |   32.241 |   32.194 |   32.105 |   32.125 |   32.287 |   32.045 |   32.130 |   32.131 |   32.017 |   32.218 |   32.158 |   32.108
128    8     |   30.025 |   29.926 |   30.049 |   30.112 |   29.864 |   29.683 |   30.113 |   30.111 |   30.090 |   30.105 |   30.101 |   29.998 ||   -0.33   +0.08   +0.29   -0.53   -1.14   +0.30   +0.29   +0.22   +0.27   +0.26   -0.09
       med   |   30.234 |   30.238 |   30.249 |   30.362 |   30.527 |   30.201 |   30.328 |   30.377 |   30.247 |   30.407 |   30.169 |   30.217
256    16    |   52.191 |   52.229 |   52.134 |   51.627 |   52.230 |   52.249 |   52.177 |   52.079 |   52.011 |   52.035 |   51.970 |   52.212 ||   +0.07   -0.11   -1.08   +0.07   +0.11   -0.03   -0.21   -0.34   -0.30   -0.42   +0.04
       med   |   52.746 |   52.685 |   52.581 |   52.629 |   52.652 |   52.693 |   52.632 |   52.636 |   52.498 |   52.705 |   52.629 |   52.669
512    32    |   95.288 |   94.626 |   93.900 |   94.928 |   94.569 |   94.293 |   94.555 |   94.718 |   94.674 |   94.639 |   94.487 |   94.568 ||   -0.69   -1.46   -0.38   -0.75   -1.04   -0.77   -0.60   -0.64   -0.68   -0.84   -0.76
       med   |   96.126 |   95.716 |   95.622 |   95.697 |   95.717 |   95.680 |   95.511 |   95.647 |   95.438 |   95.709 |   95.467 |   95.869
1024   64    |  180.594 |  179.871 |  179.556 |  179.988 |  178.876 |  179.889 |  178.889 |  178.891 |  179.859 |  179.702 |  179.698 |  179.689 ||   -0.40   -0.57   -0.34   -0.95   -0.39   -0.94   -0.94   -0.41   -0.49   -0.50   -0.50
       med   |  182.490 |  181.709 |  181.395 |  181.615 |  181.510 |  181.616 |  181.413 |  181.342 |  181.344 |  181.562 |  181.359 |  182.436
4096   256   |  694.861 |  692.069 |  691.410 |  690.750 |  692.028 |  692.326 |  691.231 |  690.375 |  690.685 |  690.947 |  690.342 |  693.934 ||   -0.40   -0.50   -0.59   -0.41   -0.36   -0.52   -0.65   -0.60   -0.56   -0.65   -0.13
       med   |  699.847 |  695.739 |  694.676 |  694.622 |  695.944 |  694.909 |  694.356 |  694.044 |  694.159 |  695.035 |  695.418 |  699.332
=== process binZ.order3.1
SELFCHECK OK (256 whole-block lengths 1..256 blk x 12 variants; out/Xi/ivec/ret byte-identical, nothing written past 16*nblk)
bytes  blks  |     base |       e6 |       e8 |       d5 |       c5 |      cl4 |     dsp0 |   baseAA |       w1 |       c3 |       e1 |       e3 ||      e6%      e8%      d5%      c5%     cl4%    dsp0%  baseAA%      w1%      c3%      e1%      e3%
16     1     |   26.252 |   13.968 |   13.897 |   13.895 |   13.770 |   13.936 |   26.402 |   26.262 |   13.861 |   13.817 |   13.909 |   13.933 ||  -46.79  -47.06  -47.07  -47.55  -46.91   +0.57   +0.04  -47.20  -47.37  -47.02  -46.93
       med   |   26.712 |   14.047 |   13.964 |   14.098 |   14.012 |   14.064 |   27.631 |   26.808 |   14.072 |   14.016 |   14.025 |   14.025
32     2     |   26.450 |   15.265 |   15.274 |   15.208 |   15.269 |   15.279 |   26.419 |   26.524 |   15.286 |   15.252 |   15.252 |   15.279 ||  -42.29  -42.25  -42.50  -42.27  -42.23   -0.12   +0.28  -42.21  -42.34  -42.33  -42.23
       med   |   26.716 |   15.320 |   15.288 |   15.318 |   15.285 |   15.348 |   26.682 |   26.728 |   15.300 |   15.280 |   15.287 |   15.325
48     3     |   27.700 |   18.663 |   18.583 |   18.639 |   18.606 |   18.661 |   27.715 |   27.707 |   19.027 |   18.624 |   18.646 |   18.661 ||  -32.62  -32.91  -32.71  -32.83  -32.63   +0.06   +0.02  -31.31  -32.76  -32.68  -32.63
       med   |   28.275 |   18.694 |   18.822 |   19.207 |   18.933 |   18.883 |   27.917 |   28.008 |   19.197 |   18.692 |   18.704 |   18.685
64     4     |   28.924 |   22.727 |   22.594 |   22.590 |   22.521 |   22.719 |   28.870 |   28.913 |   23.131 |   22.616 |   22.674 |   22.722 ||  -21.43  -21.89  -21.90  -22.14  -21.45   -0.19   -0.04  -20.03  -21.81  -21.61  -21.44
       med   |   29.183 |   23.044 |   22.617 |   22.938 |   22.557 |   22.979 |   29.078 |   29.163 |   23.378 |   22.787 |   22.996 |   22.742
80     5     |   29.959 |   30.106 |   30.122 |   30.011 |   30.059 |   30.118 |   30.123 |   29.953 |   30.123 |   30.132 |   30.115 |   30.102 ||   +0.49   +0.54   +0.17   +0.33   +0.53   +0.54   -0.02   +0.55   +0.58   +0.52   +0.48
       med   |   30.170 |   30.271 |   30.244 |   30.263 |   30.296 |   30.255 |   30.240 |   30.256 |   30.337 |   30.369 |   30.251 |   30.166
96     6     |   30.900 |   30.789 |   30.801 |   30.861 |   30.867 |   30.823 |   30.822 |   30.895 |   30.779 |   30.885 |   30.818 |   30.793 ||   -0.36   -0.32   -0.13   -0.11   -0.25   -0.25   -0.02   -0.39   -0.05   -0.27   -0.35
       med   |   31.057 |   31.110 |   31.048 |   31.034 |   31.055 |   31.073 |   31.066 |   31.106 |   31.101 |   31.116 |   31.090 |   31.034
112    7     |   31.815 |   31.876 |   31.813 |   31.764 |   31.762 |   31.875 |   31.864 |   31.831 |   31.875 |   31.880 |   31.866 |   31.865 ||   +0.19   -0.01   -0.16   -0.17   +0.19   +0.15   +0.05   +0.19   +0.21   +0.16   +0.16
       med   |   32.035 |   32.138 |   31.975 |   32.030 |   32.142 |   32.037 |   32.005 |   32.079 |   32.005 |   32.024 |   32.023 |   31.955
128    8     |   30.109 |   29.936 |   29.764 |   30.108 |   30.103 |   29.710 |   29.920 |   30.102 |   29.658 |   30.032 |   29.941 |   29.936 ||   -0.57   -1.15   -0.00   -0.02   -1.33   -0.63   -0.02   -1.50   -0.25   -0.56   -0.57
       med   |   30.310 |   30.151 |   30.189 |   30.260 |   30.341 |   30.157 |   30.153 |   30.231 |   30.206 |   30.437 |   30.179 |   29.982
256    16    |   52.246 |   52.234 |   52.169 |   51.384 |   52.212 |   51.957 |   52.202 |   52.226 |   52.227 |   52.269 |   52.241 |   52.218 ||   -0.02   -0.15   -1.65   -0.07   -0.55   -0.09   -0.04   -0.04   +0.04   -0.01   -0.05
       med   |   52.814 |   52.603 |   52.577 |   52.617 |   52.635 |   52.713 |   52.748 |   52.794 |   52.686 |   52.833 |   52.640 |   52.572
512    32    |   95.274 |   94.454 |   94.179 |   93.590 |   93.921 |   94.474 |   94.452 |   94.962 |   94.486 |   94.393 |   94.527 |   94.458 ||   -0.86   -1.15   -1.77   -1.42   -0.84   -0.86   -0.33   -0.83   -0.93   -0.78   -0.86
       med   |   96.143 |   95.794 |   95.442 |   95.618 |   95.571 |   95.655 |   95.688 |   96.029 |   95.769 |   95.775 |   95.903 |   95.496
1024   64    |  181.075 |  179.719 |  179.667 |  179.735 |  179.743 |  179.850 |  179.703 |  180.109 |  179.570 |  179.666 |  179.873 |  179.719 ||   -0.75   -0.78   -0.74   -0.74   -0.68   -0.76   -0.53   -0.83   -0.78   -0.66   -0.75
       med   |  182.675 |  181.796 |  181.380 |  181.430 |  181.413 |  181.681 |  181.426 |  182.412 |  181.576 |  181.585 |  181.837 |  181.306
4096   256   |  693.078 |  692.045 |  692.032 |  691.220 |  690.964 |  692.104 |  691.750 |  692.915 |  692.074 |  692.341 |  692.211 |  691.316 ||   -0.15   -0.15   -0.27   -0.31   -0.14   -0.19   -0.02   -0.14   -0.11   -0.13   -0.25
       med   |  700.158 |  695.662 |  695.159 |  694.604 |  693.596 |  694.497 |  695.212 |  698.210 |  694.785 |  695.261 |  695.966 |  694.696
=== process binZ.order3.2
SELFCHECK OK (256 whole-block lengths 1..256 blk x 12 variants; out/Xi/ivec/ret byte-identical, nothing written past 16*nblk)
bytes  blks  |     base |       e6 |       e8 |       d5 |       c5 |      cl4 |     dsp0 |   baseAA |       w1 |       c3 |       e1 |       e3 ||      e6%      e8%      d5%      c5%     cl4%    dsp0%  baseAA%      w1%      c3%      e1%      e3%
16     1     |   26.134 |   13.966 |   13.898 |   13.868 |   13.890 |   13.940 |   26.505 |   26.145 |   13.854 |   13.695 |   13.922 |   13.885 ||  -46.56  -46.82  -46.94  -46.85  -46.66   +1.42   +0.04  -46.99  -47.60  -46.73  -46.87
       med   |   26.702 |   14.048 |   13.977 |   14.091 |   14.060 |   14.063 |   27.607 |   26.811 |   14.089 |   13.940 |   14.028 |   13.990
32     2     |   26.437 |   15.252 |   15.276 |   15.205 |   15.266 |   15.274 |   26.415 |   26.490 |   15.288 |   15.253 |   15.248 |   15.281 ||  -42.31  -42.22  -42.48  -42.26  -42.22   -0.08   +0.20  -42.17  -42.30  -42.32  -42.20
       med   |   26.698 |   15.311 |   15.288 |   15.318 |   15.282 |   15.346 |   26.678 |   26.730 |   15.301 |   15.279 |   15.288 |   15.325
48     3     |   27.756 |   18.662 |   18.588 |   18.632 |   18.608 |   18.657 |   27.708 |   27.538 |   19.038 |   18.619 |   18.635 |   18.666 ||  -32.76  -33.03  -32.87  -32.96  -32.78   -0.17   -0.79  -31.41  -32.92  -32.86  -32.75
       med   |   28.219 |   18.839 |   18.691 |   18.936 |   18.934 |   18.891 |   27.961 |   27.976 |   19.166 |   18.681 |   18.703 |   18.686
64     4     |   28.939 |   22.721 |   22.596 |   22.591 |   22.525 |   22.717 |   28.862 |   28.917 |   23.138 |   22.613 |   22.672 |   22.722 ||  -21.49  -21.92  -21.94  -22.16  -21.50   -0.26   -0.07  -20.05  -21.86  -21.66  -21.48
       med   |   29.188 |   23.044 |   22.617 |   22.891 |   22.558 |   22.745 |   29.067 |   29.155 |   23.381 |   22.647 |   22.997 |   22.741
80     5     |   29.955 |   30.101 |   30.111 |   30.040 |   30.047 |   30.116 |   30.095 |   29.966 |   30.124 |   30.147 |   30.100 |   30.102 ||   +0.49   +0.52   +0.28   +0.31   +0.54   +0.47   +0.04   +0.57   +0.64   +0.48   +0.49
       med   |   30.166 |   30.271 |   30.321 |   30.240 |   30.302 |   30.253 |   30.254 |   30.244 |   30.353 |   30.381 |   30.253 |   30.164
96     6     |   30.901 |   30.842 |   30.826 |   30.862 |   30.860 |   30.824 |   30.780 |   30.901 |   30.782 |   30.804 |   30.802 |   30.794 ||   -0.19   -0.24   -0.13   -0.13   -0.25   -0.39   +0.00   -0.39   -0.32   -0.32   -0.35
       med   |   31.048 |   31.118 |   31.095 |   31.030 |   31.059 |   31.056 |   31.063 |   31.085 |   31.099 |   31.117 |   31.103 |   31.033
112    7     |   31.816 |   31.879 |   31.846 |   31.762 |   31.769 |   31.871 |   31.881 |   31.823 |   31.882 |   31.874 |   31.870 |   31.869 ||   +0.20   +0.09   -0.17   -0.15   +0.17   +0.20   +0.02   +0.21   +0.18   +0.17   +0.17
       med   |   32.009 |   32.141 |   32.024 |   32.090 |   32.164 |   32.018 |   32.015 |   32.082 |   32.031 |   32.001 |   32.026 |   31.978
128    8     |   30.110 |   29.945 |   29.645 |   30.096 |   30.092 |   29.934 |   29.932 |   30.080 |   29.860 |   29.939 |   29.942 |   29.911 ||   -0.55   -1.55   -0.05   -0.06   -0.59   -0.59   -0.10   -0.83   -0.57   -0.56   -0.66
       med   |   30.339 |   30.154 |   30.222 |   30.290 |   30.388 |   30.191 |   30.158 |   30.334 |   30.153 |   30.146 |   30.208 |   29.978
256    16    |   52.034 |   52.048 |   52.216 |   52.143 |   52.001 |   52.232 |   51.870 |   52.298 |   52.208 |   52.246 |   52.225 |   52.028 ||   +0.03   +0.35   +0.21   -0.06   +0.38   -0.31   +0.51   +0.33   +0.41   +0.37   -0.01
       med   |   52.827 |   52.629 |   52.604 |   52.620 |   52.656 |   52.687 |   52.698 |   52.858 |   52.692 |   52.657 |   52.687 |   52.526
512    32    |   95.279 |   94.630 |   94.452 |   93.491 |   94.312 |   94.452 |   94.444 |   94.839 |   94.737 |   94.443 |   94.792 |   94.453 ||   -0.68   -0.87   -1.88   -1.01   -0.87   -0.88   -0.46   -0.57   -0.88   -0.51   -0.87
       med   |   96.127 |   95.888 |   95.460 |   95.471 |   95.535 |   95.578 |   95.579 |   95.951 |   95.787 |   95.518 |   95.885 |   95.379
1024   64    |  180.082 |  179.699 |  179.802 |  178.230 |  179.661 |  179.656 |  179.541 |  179.864 |  179.859 |  179.175 |  178.618 |  179.556 ||   -0.21   -0.16   -1.03   -0.23   -0.24   -0.30   -0.12   -0.12   -0.50   -0.81   -0.29
       med   |  182.462 |  181.605 |  181.250 |  181.354 |  181.280 |  181.611 |  181.059 |  182.137 |  181.583 |  181.459 |  181.725 |  181.277
4096   256   |  694.015 |  692.036 |  691.919 |  690.951 |  691.021 |  691.498 |  691.990 |  691.614 |  691.973 |  691.761 |  691.881 |  691.963 ||   -0.29   -0.30   -0.44   -0.43   -0.36   -0.29   -0.35   -0.29   -0.32   -0.31   -0.30
       med   |  700.278 |  696.072 |  695.103 |  694.957 |  693.900 |  695.134 |  695.017 |  698.244 |  694.888 |  695.288 |  695.602 |  694.973
=== process binZ.order3.3
SELFCHECK OK (256 whole-block lengths 1..256 blk x 12 variants; out/Xi/ivec/ret byte-identical, nothing written past 16*nblk)
bytes  blks  |     base |       e6 |       e8 |       d5 |       c5 |      cl4 |     dsp0 |   baseAA |       w1 |       c3 |       e1 |       e3 ||      e6%      e8%      d5%      c5%     cl4%    dsp0%  baseAA%      w1%      c3%      e1%      e3%
16     1     |   26.329 |   13.973 |   13.900 |   13.917 |   13.889 |   13.934 |   26.541 |   26.319 |   13.847 |   13.878 |   13.898 |   13.870 ||  -46.93  -47.21  -47.14  -47.25  -47.08   +0.81   -0.04  -47.41  -47.29  -47.21  -47.32
       med   |   26.553 |   14.047 |   13.978 |   14.094 |   13.974 |   14.062 |   27.208 |   26.585 |   14.084 |   14.013 |   14.028 |   14.018
32     2     |   26.444 |   15.249 |   15.274 |   15.213 |   15.267 |   15.279 |   26.413 |   26.461 |   15.286 |   15.251 |   15.262 |   15.284 ||  -42.34  -42.24  -42.47  -42.27  -42.22   -0.12   +0.06  -42.19  -42.33  -42.29  -42.20
       med   |   26.762 |   15.323 |   15.288 |   15.318 |   15.282 |   15.345 |   26.647 |   26.735 |   15.299 |   15.280 |   15.287 |   15.325
48     3     |   27.760 |   18.661 |   18.572 |   18.631 |   18.608 |   18.655 |   27.717 |   27.738 |   18.991 |   18.620 |   18.637 |   18.651 ||  -32.78  -33.10  -32.88  -32.97  -32.80   -0.15   -0.08  -31.59  -32.93  -32.87  -32.82
       med   |   28.220 |   18.693 |   18.693 |   19.094 |   18.931 |   18.882 |   27.921 |   28.027 |   19.177 |   18.687 |   18.702 |   18.685
64     4     |   28.934 |   22.721 |   22.594 |   22.570 |   22.520 |   22.713 |   28.872 |   28.918 |   23.127 |   22.616 |   22.678 |   22.721 ||  -21.47  -21.91  -21.99  -22.17  -21.50   -0.21   -0.05  -20.07  -21.84  -21.62  -21.47
       med   |   29.193 |   23.039 |   22.619 |   23.064 |   22.553 |   22.741 |   29.072 |   29.143 |   23.437 |   22.641 |   22.998 |   22.744
80     5     |   29.950 |   30.061 |   30.117 |   30.033 |   30.049 |   30.126 |   30.111 |   29.968 |   30.124 |   30.115 |   30.124 |   30.097 ||   +0.37   +0.56   +0.28   +0.33   +0.59   +0.54   +0.06   +0.58   +0.55   +0.58   +0.49
       med   |   30.153 |   30.267 |   30.363 |   30.269 |   30.305 |   30.254 |   30.252 |   30.218 |   30.271 |   30.348 |   30.261 |   30.161
96     6     |   30.904 |   30.851 |   30.836 |   30.904 |   30.840 |   30.828 |   30.822 |   30.841 |   30.816 |   30.824 |   30.837 |   30.824 ||   -0.17   -0.22   +0.00   -0.21   -0.25   -0.27   -0.21   -0.29   -0.26   -0.22   -0.26
       med   |   31.064 |   31.114 |   31.108 |   31.039 |   31.055 |   31.095 |   31.073 |   31.098 |   31.102 |   31.061 |   31.078 |   31.060
112    7     |   31.818 |   31.870 |   31.803 |   31.752 |   31.763 |   31.828 |   31.877 |   31.827 |   31.876 |   31.881 |   31.881 |   31.864 ||   +0.16   -0.05   -0.21   -0.17   +0.03   +0.18   +0.03   +0.18   +0.20   +0.20   +0.14
       med   |   32.077 |   32.148 |   32.014 |   32.102 |   32.181 |   32.075 |   32.113 |   32.219 |   32.038 |   32.033 |   32.023 |   32.000
128    8     |   30.114 |   29.934 |   29.941 |   30.052 |   30.109 |   29.941 |   29.776 |   30.110 |   29.935 |   29.942 |   29.928 |   29.938 ||   -0.60   -0.57   -0.21   -0.02   -0.57   -1.12   -0.01   -0.59   -0.57   -0.62   -0.59
       med   |   30.356 |   30.198 |   30.156 |   30.278 |   30.351 |   30.144 |   30.155 |   30.237 |   30.212 |   30.129 |   30.149 |   29.982
256    16    |   52.259 |   52.235 |   51.875 |   52.089 |   52.073 |   52.231 |   52.237 |   52.218 |   52.047 |   51.996 |   52.233 |   52.061 ||   -0.05   -0.73   -0.32   -0.36   -0.05   -0.04   -0.08   -0.41   -0.50   -0.05   -0.38
       med   |   52.850 |   52.642 |   52.611 |   52.636 |   52.647 |   52.672 |   52.721 |   52.848 |   52.691 |   52.790 |   52.680 |   52.576
512    32    |   94.730 |   94.462 |   93.692 |   94.356 |   94.617 |   94.272 |   94.532 |   95.010 |   94.741 |   94.617 |   94.462 |   94.478 ||   -0.28   -1.10   -0.39   -0.12   -0.48   -0.21   +0.30   +0.01   -0.12   -0.28   -0.27
       med   |   96.003 |   95.699 |   95.518 |   95.598 |   95.468 |   95.673 |   95.757 |   95.928 |   95.894 |   95.629 |   95.838 |   95.501
1024   64    |  179.941 |  179.723 |  179.189 |  179.857 |  179.526 |  179.299 |  179.831 |  179.734 |  179.415 |  179.662 |  179.402 |  179.654 ||   -0.12   -0.42   -0.05   -0.23   -0.36   -0.06   -0.12   -0.29   -0.16   -0.30   -0.16
       med   |  182.423 |  181.640 |  181.185 |  181.376 |  181.293 |  181.513 |  181.255 |  182.148 |  181.637 |  181.268 |  181.893 |  181.183
4096   256   |  693.928 |  692.159 |  692.106 |  691.013 |  689.985 |  692.120 |  691.882 |  691.669 |  691.841 |  691.948 |  692.212 |  691.985 ||   -0.25   -0.26   -0.42   -0.57   -0.26   -0.29   -0.33   -0.30   -0.29   -0.25   -0.28
       med   |  700.148 |  695.841 |  695.298 |  694.719 |  693.930 |  695.098 |  694.924 |  698.442 |  694.903 |  695.543 |  695.757 |  695.110
=== process binZ.order3.4
SELFCHECK OK (256 whole-block lengths 1..256 blk x 12 variants; out/Xi/ivec/ret byte-identical, nothing written past 16*nblk)
bytes  blks  |     base |       e6 |       e8 |       d5 |       c5 |      cl4 |     dsp0 |   baseAA |       w1 |       c3 |       e1 |       e3 ||      e6%      e8%      d5%      c5%     cl4%    dsp0%  baseAA%      w1%      c3%      e1%      e3%
16     1     |   26.243 |   13.951 |   13.895 |   13.863 |   13.886 |   13.942 |   26.504 |   26.208 |   13.867 |   13.877 |   13.940 |   13.892 ||  -46.84  -47.05  -47.17  -47.09  -46.87   +0.99   -0.13  -47.16  -47.12  -46.88  -47.06
       med   |   26.708 |   14.047 |   13.970 |   14.090 |   14.057 |   14.065 |   27.625 |   26.792 |   14.085 |   14.017 |   14.025 |   14.013
32     2     |   26.452 |   15.271 |   15.278 |   15.206 |   15.266 |   15.280 |   26.418 |   26.524 |   15.253 |   15.251 |   15.257 |   15.272 ||  -42.27  -42.24  -42.51  -42.29  -42.24   -0.13   +0.27  -42.34  -42.35  -42.32  -42.26
       med   |   26.714 |   15.317 |   15.288 |   15.318 |   15.282 |   15.348 |   26.665 |   26.741 |   15.300 |   15.279 |   15.287 |   15.325
48     3     |   27.580 |   18.659 |   18.581 |   18.631 |   18.609 |   18.663 |   27.723 |   27.510 |   19.027 |   18.622 |   18.642 |   18.664 ||  -32.35  -32.63  -32.45  -32.53  -32.33   +0.52   -0.25  -31.01  -32.48  -32.41  -32.33
       med   |   28.250 |   18.691 |   18.820 |   18.945 |   18.937 |   18.935 |   27.926 |   27.975 |   19.186 |   18.693 |   18.701 |   18.688
64     4     |   28.962 |   22.725 |   22.592 |   22.584 |   22.523 |   22.712 |   28.869 |   28.921 |   23.128 |   22.613 |   22.678 |   22.717 ||  -21.53  -21.99  -22.02  -22.23  -21.58   -0.32   -0.14  -20.14  -21.92  -21.70  -21.56
       med   |   29.237 |   23.045 |   22.616 |   22.660 |   22.555 |   22.742 |   29.062 |   29.172 |   23.332 |   22.646 |   22.989 |   22.742
80     5     |   29.963 |   30.105 |   30.110 |   30.049 |   30.029 |   30.124 |   30.113 |   29.955 |   30.121 |   30.134 |   30.112 |   30.100 ||   +0.47   +0.49   +0.29   +0.22   +0.54   +0.50   -0.03   +0.53   +0.57   +0.50   +0.46
       med   |   30.191 |   30.263 |   30.313 |   30.264 |   30.297 |   30.328 |   30.249 |   30.194 |   30.303 |   30.373 |   30.251 |   30.162
96     6     |   30.902 |   30.826 |   30.822 |   30.868 |   30.852 |   30.781 |   30.795 |   30.835 |   30.806 |   30.853 |   30.786 |   30.779 ||   -0.24   -0.26   -0.11   -0.16   -0.39   -0.35   -0.21   -0.31   -0.16   -0.38   -0.40
       med   |   31.052 |   31.112 |   31.106 |   31.034 |   31.052 |   31.095 |   31.066 |   31.081 |   31.100 |   31.119 |   31.065 |   31.047
112    7     |   31.797 |   31.879 |   31.815 |   31.762 |   31.763 |   31.875 |   31.874 |   31.755 |   31.867 |   31.899 |   31.873 |   31.864 ||   +0.26   +0.06   -0.11   -0.11   +0.25   +0.24   -0.13   +0.22   +0.32   +0.24   +0.21
       med   |   32.069 |   32.030 |   32.004 |   32.047 |   32.116 |   32.028 |   32.011 |   32.164 |   32.018 |   32.027 |   32.010 |   31.966
128    8     |   30.115 |   29.931 |   29.932 |   30.045 |   30.109 |   29.810 |   29.940 |   30.103 |   29.935 |   29.944 |   29.747 |   29.925 ||   -0.61   -0.61   -0.23   -0.02   -1.01   -0.58   -0.04   -0.60   -0.57   -1.22   -0.63
       med   |   30.361 |   30.207 |   30.202 |   30.264 |   30.373 |   30.222 |   30.148 |   30.232 |   30.152 |   30.391 |   30.130 |   29.980
256    16    |   52.215 |   52.028 |   52.235 |   51.856 |   52.179 |   52.244 |   52.232 |   52.170 |   51.812 |   52.220 |   52.028 |   52.225 ||   -0.36   +0.04   -0.69   -0.07   +0.06   +0.03   -0.09   -0.77   +0.01   -0.36   +0.02
       med   |   52.813 |   52.641 |   52.608 |   52.607 |   52.668 |   52.717 |   52.689 |   52.698 |   52.627 |   52.768 |   52.710 |   52.533
512    32    |   95.155 |   94.487 |   94.461 |   93.907 |   94.352 |   94.452 |   94.443 |   94.946 |   94.498 |   94.496 |   94.688 |   93.495 ||   -0.70   -0.73   -1.31   -0.84   -0.74   -0.75   -0.22   -0.69   -0.69   -0.49   -1.74
       med   |   95.944 |   95.667 |   95.444 |   95.582 |   95.519 |   95.660 |   95.425 |   95.932 |   95.827 |   95.593 |   95.814 |   95.370
1024   64    |  180.450 |  179.125 |  179.852 |  179.729 |  179.346 |  179.748 |  179.689 |  179.643 |  179.740 |  178.307 |  179.387 |  179.430 ||   -0.73   -0.33   -0.40   -0.61   -0.39   -0.42   -0.45   -0.39   -1.19   -0.59   -0.56
       med   |  182.611 |  181.790 |  181.190 |  181.401 |  181.268 |  181.655 |  181.208 |  182.149 |  181.639 |  181.361 |  181.761 |  180.888
4096   256   |  693.939 |  691.999 |  691.894 |  691.045 |  690.154 |  691.059 |  691.837 |  690.479 |  691.916 |  692.280 |  691.915 |  691.738 ||   -0.28   -0.29   -0.42   -0.55   -0.42   -0.30   -0.50   -0.29   -0.24   -0.29   -0.32
       med   |  700.148 |  696.020 |  695.050 |  694.754 |  693.861 |  695.100 |  695.157 |  698.082 |  694.835 |  695.692 |  695.981 |  694.639
=== process binZ.order3.5
SELFCHECK OK (256 whole-block lengths 1..256 blk x 12 variants; out/Xi/ivec/ret byte-identical, nothing written past 16*nblk)
bytes  blks  |     base |       e6 |       e8 |       d5 |       c5 |      cl4 |     dsp0 |   baseAA |       w1 |       c3 |       e1 |       e3 ||      e6%      e8%      d5%      c5%     cl4%    dsp0%  baseAA%      w1%      c3%      e1%      e3%
16     1     |   26.194 |   13.987 |   13.904 |   13.869 |   13.892 |   13.973 |   26.426 |   26.170 |   13.868 |   13.686 |   13.913 |   13.885 ||  -46.60  -46.92  -47.05  -46.97  -46.66   +0.89   -0.09  -47.06  -47.75  -46.89  -46.99
       med   |   26.485 |   14.046 |   13.977 |   14.094 |   14.037 |   14.059 |   26.847 |   26.431 |   14.093 |   13.941 |   14.025 |   13.999
32     2     |   26.464 |   15.274 |   15.277 |   15.226 |   15.265 |   15.279 |   26.408 |   26.524 |   15.285 |   15.246 |   15.253 |   15.270 ||  -42.28  -42.27  -42.47  -42.32  -42.27   -0.21   +0.23  -42.24  -42.39  -42.37  -42.30
       med   |   26.774 |   15.328 |   15.290 |   15.324 |   15.293 |   15.352 |   26.661 |   26.744 |   15.299 |   15.283 |   15.307 |   15.338
48     3     |   27.773 |   18.658 |   18.572 |   18.625 |   18.605 |   18.653 |   27.725 |   27.623 |   18.990 |   18.592 |   18.641 |   18.649 ||  -32.82  -33.13  -32.94  -33.01  -32.84   -0.18   -0.54  -31.63  -33.06  -32.88  -32.85
       med   |   28.409 |   18.696 |   18.704 |   18.911 |   18.935 |   18.885 |   27.908 |   28.024 |   19.180 |   18.686 |   18.701 |   18.682
64     4     |   28.916 |   22.725 |   22.591 |   22.579 |   22.522 |   22.711 |   28.861 |   28.920 |   23.138 |   22.618 |   22.675 |   22.720 ||  -21.41  -21.87  -21.91  -22.11  -21.46   -0.19   +0.01  -19.98  -21.78  -21.58  -21.43
       med   |   29.261 |   23.045 |   22.615 |   22.665 |   22.750 |   22.744 |   29.083 |   29.166 |   23.272 |   22.642 |   22.973 |   22.742
80     5     |   29.954 |   30.101 |   30.125 |   30.042 |   30.054 |   30.113 |   30.119 |   29.950 |   30.112 |   30.139 |   30.095 |   30.087 ||   +0.49   +0.57   +0.30   +0.33   +0.53   +0.55   -0.01   +0.53   +0.62   +0.47   +0.45
       med   |   30.178 |   30.265 |   30.361 |   30.281 |   30.308 |   30.317 |   30.242 |   30.232 |   30.264 |   30.381 |   30.248 |   30.160
96     6     |   30.898 |   30.829 |   30.787 |   30.795 |   30.871 |   30.836 |   30.803 |   30.897 |   30.809 |   30.847 |   30.829 |   30.834 ||   -0.22   -0.36   -0.33   -0.09   -0.20   -0.31   -0.00   -0.29   -0.17   -0.22   -0.21
       med   |   31.040 |   31.099 |   31.100 |   31.038 |   31.058 |   31.063 |   31.059 |   31.084 |   31.098 |   31.116 |   31.058 |   31.048
112    7     |   31.812 |   31.880 |   31.874 |   31.769 |   31.783 |   31.870 |   31.875 |   31.830 |   31.880 |   31.886 |   31.879 |   31.872 ||   +0.21   +0.20   -0.13   -0.09   +0.18   +0.20   +0.06   +0.21   +0.23   +0.21   +0.19
       med   |   33.869 |   34.679 |   34.635 |   34.213 |   34.190 |   34.683 |   34.667 |   33.899 |   34.685 |   34.787 |   34.643 |   34.630
128    8     |   30.147 |   29.929 |   29.752 |   30.102 |   30.107 |   29.950 |   29.936 |   30.023 |   29.846 |   29.961 |   29.940 |   29.928 ||   -0.72   -1.31   -0.15   -0.13   -0.65   -0.70   -0.41   -1.00   -0.62   -0.69   -0.73
       med   |   30.384 |   30.163 |   30.191 |   30.293 |   30.408 |   30.245 |   30.138 |   30.308 |   30.194 |   30.412 |   30.199 |   29.981
256    16    |   52.172 |   51.796 |   52.073 |   52.077 |   51.957 |   52.238 |   52.128 |   52.227 |   52.229 |   52.269 |   52.240 |   52.002 ||   -0.72   -0.19   -0.18   -0.41   +0.13   -0.09   +0.11   +0.11   +0.19   +0.13   -0.33
       med   |   52.737 |   52.673 |   52.581 |   52.594 |   52.696 |   52.704 |   52.634 |   52.799 |   52.711 |   52.796 |   52.707 |   52.552
512    32    |   94.906 |   94.555 |   94.761 |   93.591 |   93.612 |   94.634 |   94.556 |   94.768 |   94.721 |   94.647 |   94.735 |   94.553 ||   -0.37   -0.15   -1.38   -1.36   -0.29   -0.37   -0.14   -0.19   -0.27   -0.18   -0.37
       med   |   96.131 |   95.760 |   95.772 |   95.506 |   95.527 |   95.689 |   95.360 |   95.890 |   95.855 |   95.713 |   95.780 |   95.519
1024   64    |  180.042 |  179.797 |  179.633 |  179.644 |  179.806 |  179.629 |  178.575 |  179.745 |  179.850 |  179.494 |  179.543 |  179.344 ||   -0.14   -0.23   -0.22   -0.13   -0.23   -0.82   -0.16   -0.11   -0.30   -0.28   -0.39
       med   |  182.302 |  181.758 |  181.201 |  181.338 |  181.287 |  181.629 |  180.936 |  182.131 |  181.661 |  181.483 |  181.716 |  181.198
4096   256   |  692.446 |  691.357 |  691.357 |  691.173 |  690.835 |  691.664 |  692.123 |  690.851 |  691.473 |  691.823 |  691.789 |  691.823 ||   -0.16   -0.16   -0.18   -0.23   -0.11   -0.05   -0.23   -0.14   -0.09   -0.09   -0.09
       med   |  700.245 |  695.905 |  695.040 |  694.592 |  694.006 |  694.817 |  694.768 |  698.286 |  694.588 |  695.418 |  695.955 |  694.953
