=== process 1
SELFCHECK OK (256 whole-block lengths 1..256 blk x 6 variants; out/Xi/ivec/ret byte-identical)
bytes  blks  |     base |   baseAA |  awslcfb |  awslc8x |    tuned |    fuse8 ||  baseAA% awslcfb% awslc8x%   tuned%   fuse8%
16     1     |   23.311 |   23.291 |   18.202 |   25.547 |   12.339 |   17.492 ||   -0.08  -21.92   +9.59  -47.07  -24.96
       med   |   23.472 |   24.087 |   18.241 |   26.021 |   12.346 |   17.528
32     2     |   23.414 |   23.400 |   20.578 |   25.668 |   13.374 |   18.115 ||   -0.06  -12.11   +9.63  -42.88  -22.63
       med   |   23.509 |   23.890 |   20.637 |   27.116 |   13.387 |   18.191
48     3     |   24.238 |   24.265 |   21.560 |   26.306 |   13.672 |   18.964 ||   +0.11  -11.05   +8.53  -43.59  -21.76
       med   |   24.298 |   25.022 |   21.611 |   29.113 |   14.847 |   19.179
64     4     |   25.139 |   25.156 |   21.465 |   27.452 |   14.874 |   19.467 ||   +0.07  -14.61   +9.20  -40.83  -22.56
       med   |   25.208 |   25.822 |   21.573 |   30.271 |   14.895 |   19.653
80     5     |   25.986 |   25.994 |   32.115 |   29.701 |   16.649 |   20.530 ||   +0.03  +23.58  +14.29  -35.93  -21.00
       med   |   26.015 |   26.791 |   32.191 |   30.035 |   16.795 |   20.791
96     6     |   26.953 |   26.861 |   33.107 |   30.582 |   18.794 |   21.426 ||   -0.34  +22.83  +13.47  -30.27  -20.50
       med   |   27.247 |   27.583 |   33.182 |   31.118 |   18.821 |   21.450
112    7     |   27.455 |   27.382 |   34.082 |   31.915 |   20.843 |   22.322 ||   -0.26  +24.14  +16.25  -24.08  -18.69
       med   |   27.589 |   27.976 |   34.259 |   32.169 |   21.132 |   23.177
128    8     |   25.380 |   25.583 |   34.464 |   32.860 |   22.913 |   22.994 ||   +0.80  +35.79  +29.47   -9.72   -9.40
       med   |   25.620 |   26.052 |   34.531 |   33.241 |   22.959 |   23.113
256    16    |   45.469 |   45.421 |   60.924 |   55.376 |   45.332 |   45.348 ||   -0.11  +33.99  +21.79   -0.30   -0.26
       med   |   45.938 |   46.061 |   63.380 |   56.363 |   45.454 |   45.454
512    32    |   84.305 |   84.425 |  114.174 |   94.238 |   84.486 |   84.457 ||   +0.14  +35.43  +11.78   +0.21   +0.18
       med   |   84.550 |   85.342 |  114.393 |   95.404 |   85.358 |   85.519
1024   64    |  161.958 |  162.043 |  220.774 |  171.835 |  162.095 |  162.198 ||   +0.05  +36.32   +6.10   +0.08   +0.15
       med   |  162.430 |  164.412 |  221.801 |  173.736 |  162.341 |  163.557
4096   256   |  628.856 |  628.832 |  861.816 |  639.796 |  629.114 |  628.572 ||   -0.00  +37.05   +1.74   +0.04   -0.05
       med   |  630.206 |  632.473 |  863.347 |  641.766 |  630.710 |  634.249
=== process 2
SELFCHECK OK (256 whole-block lengths 1..256 blk x 6 variants; out/Xi/ivec/ret byte-identical)
bytes  blks  |     base |   baseAA |  awslcfb |  awslc8x |    tuned |    fuse8 ||  baseAA% awslcfb% awslc8x%   tuned%   fuse8%
16     1     |   23.317 |   23.303 |   18.208 |   25.678 |   12.339 |   17.492 ||   -0.06  -21.91  +10.12  -47.08  -24.98
       med   |   23.471 |   24.087 |   18.236 |   26.036 |   12.346 |   17.531
32     2     |   23.410 |   23.377 |   20.575 |   25.667 |   13.377 |   18.109 ||   -0.14  -12.11   +9.64  -42.86  -22.65
       med   |   23.433 |   24.105 |   20.637 |   27.079 |   13.386 |   18.208
48     3     |   24.254 |   24.254 |   21.568 |   26.306 |   13.669 |   19.078 ||   +0.00  -11.07   +8.46  -43.64  -21.34
       med   |   24.352 |   24.951 |   21.605 |   29.159 |   14.842 |   19.090
64     4     |   25.129 |   25.115 |   21.469 |   27.415 |   14.872 |   19.471 ||   -0.06  -14.56   +9.10  -40.82  -22.51
       med   |   25.211 |   25.642 |   21.520 |   30.277 |   14.893 |   19.483
80     5     |   25.991 |   25.994 |   32.111 |   29.432 |   16.653 |   20.524 ||   +0.01  +23.54  +13.24  -35.93  -21.03
       med   |   26.096 |   26.558 |   32.186 |   29.879 |   16.722 |   20.563
96     6     |   26.941 |   26.919 |   33.034 |   30.547 |   18.796 |   21.431 ||   -0.08  +22.61  +13.38  -30.23  -20.45
       med   |   27.243 |   27.606 |   33.146 |   30.852 |   18.816 |   21.451
112    7     |   27.461 |   27.446 |   34.073 |   32.064 |   20.848 |   22.321 ||   -0.05  +24.08  +16.76  -24.08  -18.72
       med   |   27.587 |   28.166 |   34.256 |   32.389 |   21.130 |   23.215
128    8     |   25.379 |   25.577 |   34.470 |   32.833 |   22.911 |   22.962 ||   +0.78  +35.82  +29.37   -9.72   -9.53
       med   |   25.544 |   26.161 |   34.524 |   33.168 |   22.953 |   23.110
256    16    |   45.486 |   45.454 |   61.661 |   55.535 |   45.291 |   45.352 ||   -0.07  +35.56  +22.09   -0.43   -0.29
       med   |   45.936 |   46.078 |   63.353 |   56.442 |   45.460 |   45.472
512    32    |   84.455 |   84.479 |  114.175 |   94.415 |   84.470 |   84.492 ||   +0.03  +35.19  +11.79   +0.02   +0.04
       med   |   84.534 |   85.484 |  114.293 |   95.433 |   84.623 |   85.686
1024   64    |  162.000 |  162.161 |  220.799 |  171.742 |  162.046 |  162.060 ||   +0.10  +36.30   +6.01   +0.03   +0.04
       med   |  162.383 |  164.956 |  221.887 |  173.257 |  162.333 |  165.458
4096   256   |  628.764 |  628.851 |  861.635 |  639.660 |  628.836 |  628.804 ||   +0.01  +37.04   +1.73   +0.01   +0.01
       med   |  630.358 |  631.413 |  862.940 |  641.282 |  630.357 |  633.026
=== process 3
SELFCHECK OK (256 whole-block lengths 1..256 blk x 6 variants; out/Xi/ivec/ret byte-identical)
bytes  blks  |     base |   baseAA |  awslcfb |  awslc8x |    tuned |    fuse8 ||  baseAA% awslcfb% awslc8x%   tuned%   fuse8%
16     1     |   23.315 |   23.295 |   18.163 |   25.529 |   12.340 |   17.490 ||   -0.08  -22.10   +9.50  -47.07  -24.98
       med   |   23.466 |   23.958 |   18.194 |   26.043 |   12.346 |   17.541
32     2     |   23.411 |   23.388 |   20.829 |   25.950 |   13.370 |   18.108 ||   -0.10  -11.03  +10.85  -42.89  -22.65
       med   |   23.506 |   24.107 |   21.009 |   27.044 |   13.386 |   18.189
48     3     |   24.256 |   24.260 |   21.562 |   26.251 |   13.670 |   19.075 ||   +0.01  -11.11   +8.22  -43.64  -21.36
       med   |   24.349 |   24.798 |   21.593 |   29.041 |   14.943 |   19.091
64     4     |   25.107 |   25.154 |   21.582 |   27.465 |   14.872 |   19.468 ||   +0.19  -14.04   +9.39  -40.77  -22.46
       med   |   25.207 |   25.825 |   21.780 |   30.306 |   14.892 |   19.484
80     5     |   25.988 |   25.996 |   32.111 |   29.586 |   16.650 |   20.538 ||   +0.03  +23.56  +13.85  -35.93  -20.97
       med   |   26.015 |   26.675 |   32.181 |   29.885 |   16.689 |   20.735
96     6     |   26.943 |   26.965 |   33.031 |   30.527 |   18.796 |   21.185 ||   +0.08  +22.59  +13.30  -30.24  -21.37
       med   |   27.270 |   27.610 |   33.148 |   30.864 |   18.817 |   21.450
112    7     |   27.458 |   27.349 |   34.057 |   31.914 |   20.845 |   22.824 ||   -0.40  +24.04  +16.23  -24.08  -16.88
       med   |   27.587 |   27.974 |   34.252 |   32.397 |   20.863 |   23.186
128    8     |   25.362 |   25.574 |   34.466 |   32.817 |   22.920 |   22.922 ||   +0.83  +35.90  +29.39   -9.63   -9.62
       med   |   25.647 |   25.966 |   34.528 |   33.312 |   22.954 |   23.108
256    16    |   45.456 |   45.408 |   60.845 |   55.370 |   45.312 |   45.320 ||   -0.11  +33.85  +21.81   -0.32   -0.30
       med   |   45.912 |   46.158 |   63.450 |   56.370 |   45.391 |   45.640
512    32    |   84.476 |   84.516 |  114.158 |   94.230 |   84.438 |   84.511 ||   +0.05  +35.14  +11.55   -0.05   +0.04
       med   |   84.528 |   85.688 |  114.298 |   95.424 |   85.385 |   84.866
1024   64    |  161.998 |  161.958 |  220.761 |  171.792 |  162.110 |  161.631 ||   -0.02  +36.27   +6.05   +0.07   -0.23
       med   |  162.221 |  163.288 |  221.907 |  173.704 |  162.294 |  164.062
4096   256   |  628.058 |  628.823 |  861.684 |  639.119 |  628.891 |  628.823 ||   +0.12  +37.20   +1.76   +0.13   +0.12
       med   |  630.492 |  631.260 |  863.093 |  641.153 |  630.307 |  633.822
