=== process 1
SELFCHECK OK (256 whole-block lengths 1..256 blk x 6 variants; out/Xi/ivec/ret byte-identical)
bytes  blks  |     base |   baseAA |  awslcfb |  awslc8x |    tuned |    fuse8 ||  baseAA% awslcfb% awslc8x%   tuned%   fuse8%
16     1     |   19.621 |   19.624 |   15.731 |   21.774 |   10.537 |   15.152 ||   +0.01  -19.83  +10.97  -46.30  -22.78
       med   |   19.644 |   19.644 |   15.792 |   21.890 |   10.545 |   15.154
32     2     |   19.644 |   19.643 |   17.754 |   21.793 |   11.339 |   16.062 ||   -0.00   -9.62  +10.94  -42.27  -18.23
       med   |   19.661 |   19.661 |   17.778 |   21.842 |   11.346 |   16.062
48     3     |   20.360 |   20.360 |   18.417 |   22.146 |   11.189 |   16.366 ||   +0.00   -9.54   +8.77  -45.04  -19.62
       med   |   20.379 |   20.379 |   18.438 |   22.179 |   11.254 |   16.367
64     4     |   20.948 |   20.950 |   18.334 |   22.611 |   12.159 |   16.671 ||   +0.01  -12.48   +7.94  -41.96  -20.42
       med   |   20.976 |   20.976 |   18.424 |   22.639 |   12.166 |   16.677
80     5     |   21.603 |   21.607 |   26.813 |   23.604 |   13.604 |   17.579 ||   +0.02  +24.12   +9.26  -37.03  -18.63
       med   |   21.628 |   21.627 |   26.838 |   23.632 |   13.619 |   17.581
96     6     |   22.379 |   22.383 |   27.862 |   24.903 |   15.639 |   18.222 ||   +0.02  +24.50  +11.28  -30.12  -18.57
       med   |   22.404 |   22.407 |   27.888 |   24.925 |   15.659 |   18.234
112    7     |   22.838 |   22.852 |   28.402 |   25.886 |   17.526 |   18.611 ||   +0.06  +24.36  +13.34  -23.26  -18.51
       med   |   22.871 |   22.880 |   28.429 |   25.918 |   17.559 |   18.631
128    8     |   21.456 |   21.460 |   28.570 |   26.452 |   19.736 |   19.738 ||   +0.02  +33.16  +23.29   -8.02   -8.01
       med   |   21.479 |   21.480 |   28.596 |   26.476 |   19.743 |   19.743
256    16    |   38.182 |   38.188 |   50.566 |   44.372 |   38.183 |   38.167 ||   +0.02  +32.43  +16.21   +0.00   -0.04
       med   |   38.207 |   38.209 |   50.623 |   44.407 |   38.210 |   38.212
512    32    |   71.111 |   71.121 |   94.937 |   78.215 |   71.124 |   71.124 ||   +0.01  +33.50   +9.99   +0.02   +0.02
       med   |   71.147 |   71.154 |   95.022 |   78.621 |   71.167 |   71.181
1024   64    |  138.515 |  138.496 |  183.648 |  146.387 |  138.504 |  138.501 ||   -0.01  +32.58   +5.68   -0.01   -0.01
       med   |  138.547 |  138.548 |  183.801 |  146.479 |  138.555 |  138.599
4096   256   |  546.864 |  546.860 |  716.964 |  554.922 |  546.836 |  546.885 ||   -0.00  +31.10   +1.47   -0.01   +0.00
       med   |  547.150 |  547.165 |  718.410 |  555.210 |  547.146 |  547.202
=== process 2
SELFCHECK OK (256 whole-block lengths 1..256 blk x 6 variants; out/Xi/ivec/ret byte-identical)
bytes  blks  |     base |   baseAA |  awslcfb |  awslc8x |    tuned |    fuse8 ||  baseAA% awslcfb% awslc8x%   tuned%   fuse8%
16     1     |   19.624 |   19.624 |   15.671 |   21.686 |   10.532 |   15.153 ||   -0.00  -20.14  +10.51  -46.33  -22.78
       med   |   19.643 |   19.646 |   15.740 |   21.886 |   10.545 |   15.154
32     2     |   19.647 |   19.646 |   17.905 |   21.795 |   11.339 |   16.062 ||   -0.00   -8.87  +10.94  -42.29  -18.25
       med   |   19.663 |   19.664 |   17.934 |   21.839 |   11.347 |   16.062
48     3     |   20.356 |   20.358 |   18.422 |   22.143 |   11.186 |   16.365 ||   +0.01   -9.50   +8.78  -45.05  -19.60
       med   |   20.377 |   20.381 |   18.439 |   22.178 |   11.254 |   16.366
64     4     |   20.949 |   20.955 |   18.354 |   22.609 |   12.157 |   16.672 ||   +0.03  -12.38   +7.93  -41.97  -20.42
       med   |   20.975 |   20.975 |   18.468 |   22.636 |   12.166 |   16.675
80     5     |   21.601 |   21.604 |   26.802 |   23.601 |   13.603 |   17.578 ||   +0.01  +24.07   +9.25  -37.03  -18.63
       med   |   21.627 |   21.624 |   26.840 |   23.628 |   13.620 |   17.580
96     6     |   22.378 |   22.377 |   27.852 |   24.896 |   15.643 |   18.187 ||   -0.01  +24.46  +11.25  -30.10  -18.73
       med   |   22.405 |   22.406 |   27.881 |   24.923 |   15.660 |   18.233
112    7     |   22.840 |   22.847 |   28.403 |   25.891 |   17.528 |   18.608 ||   +0.03  +24.36  +13.36  -23.26  -18.53
       med   |   22.874 |   22.880 |   28.427 |   25.919 |   17.557 |   18.629
128    8     |   21.452 |   21.457 |   28.557 |   26.460 |   19.737 |   19.738 ||   +0.02  +33.12  +23.35   -7.99   -7.99
       med   |   21.480 |   21.480 |   28.588 |   26.483 |   19.743 |   19.743
256    16    |   38.167 |   38.177 |   50.566 |   44.373 |   38.170 |   38.179 ||   +0.03  +32.48  +16.26   +0.01   +0.03
       med   |   38.208 |   38.211 |   50.615 |   44.410 |   38.212 |   38.214
512    32    |   71.089 |   71.112 |   94.921 |   78.343 |   71.130 |   71.116 ||   +0.03  +33.52  +10.20   +0.06   +0.04
       med   |   71.148 |   71.152 |   95.026 |   78.582 |   71.164 |   71.168
1024   64    |  138.500 |  138.505 |  183.615 |  146.116 |  138.500 |  138.522 ||   +0.00  +32.57   +5.50   -0.00   +0.02
       med   |  138.550 |  138.559 |  183.782 |  146.653 |  138.573 |  138.599
4096   256   |  546.870 |  546.869 |  717.017 |  554.819 |  546.879 |  546.835 ||   -0.00  +31.11   +1.45   +0.00   -0.01
       med   |  547.146 |  547.184 |  718.296 |  555.168 |  547.174 |  547.160
=== process 3
SELFCHECK OK (256 whole-block lengths 1..256 blk x 6 variants; out/Xi/ivec/ret byte-identical)
bytes  blks  |     base |   baseAA |  awslcfb |  awslc8x |    tuned |    fuse8 ||  baseAA% awslcfb% awslc8x%   tuned%   fuse8%
16     1     |   19.624 |   19.624 |   15.721 |   21.732 |   10.536 |   15.153 ||   +0.00  -19.89  +10.74  -46.31  -22.78
       med   |   19.642 |   19.644 |   15.794 |   21.883 |   10.545 |   15.154
32     2     |   19.639 |   19.641 |   17.757 |   21.777 |   11.337 |   16.062 ||   +0.01   -9.59  +10.88  -42.28  -18.22
       med   |   19.662 |   19.663 |   17.777 |   21.838 |   11.347 |   16.063
48     3     |   20.356 |   20.359 |   18.410 |   22.147 |   11.190 |   16.365 ||   +0.01   -9.56   +8.80  -45.03  -19.61
       med   |   20.378 |   20.377 |   18.438 |   22.175 |   11.253 |   16.366
64     4     |   20.958 |   20.954 |   18.309 |   22.613 |   12.156 |   16.671 ||   -0.02  -12.64   +7.90  -42.00  -20.45
       med   |   20.974 |   20.975 |   18.423 |   22.639 |   12.167 |   16.676
80     5     |   21.602 |   21.607 |   26.815 |   23.603 |   13.602 |   17.578 ||   +0.02  +24.13   +9.26  -37.03  -18.63
       med   |   21.630 |   21.627 |   26.841 |   23.628 |   13.619 |   17.581
96     6     |   22.380 |   22.378 |   27.866 |   24.904 |   15.639 |   18.223 ||   -0.01  +24.52  +11.28  -30.12  -18.57
       med   |   22.411 |   22.408 |   27.892 |   24.927 |   15.662 |   18.237
112    7     |   22.833 |   22.846 |   28.400 |   25.904 |   17.529 |   18.607 ||   +0.05  +24.38  +13.45  -23.23  -18.51
       med   |   22.874 |   22.883 |   28.429 |   25.918 |   17.557 |   18.630
128    8     |   21.449 |   21.462 |   28.568 |   26.461 |   19.739 |   19.737 ||   +0.06  +33.19  +23.37   -7.97   -7.98
       med   |   21.482 |   21.479 |   28.596 |   26.480 |   19.743 |   19.743
256    16    |   38.168 |   38.169 |   50.566 |   44.350 |   38.183 |   38.178 ||   +0.00  +32.48  +16.20   +0.04   +0.03
       med   |   38.208 |   38.213 |   50.628 |   44.406 |   38.208 |   38.211
512    32    |   71.109 |   71.116 |   94.934 |   78.468 |   71.125 |   71.122 ||   +0.01  +33.50  +10.35   +0.02   +0.02
       med   |   71.147 |   71.154 |   95.018 |   78.610 |   71.167 |   71.173
1024   64    |  138.502 |  138.495 |  183.632 |  146.327 |  138.512 |  138.516 ||   -0.01  +32.58   +5.65   +0.01   +0.01
       med   |  138.553 |  138.554 |  183.790 |  146.523 |  138.564 |  138.604
4096   256   |  546.860 |  546.880 |  716.987 |  554.798 |  546.889 |  546.902 ||   +0.00  +31.11   +1.45   +0.01   +0.01
       med   |  547.141 |  547.178 |  718.279 |  555.178 |  547.158 |  547.222
