=== process 1
SELFCHECK OK (256 whole-block lengths 1..256 blk x 6 variants; out/Xi/ivec/ret byte-identical)
bytes  blks  |     base |   baseAA |  awslcfb |  awslc8x |    tuned |    fuse8 ||  baseAA% awslcfb% awslc8x%   tuned%   fuse8%
16     1     |   23.315 |   23.296 |   18.134 |   25.637 |   12.338 |   17.498 ||   -0.08  -22.22   +9.96  -47.08  -24.95
       med   |   23.552 |   23.472 |   18.349 |   25.957 |   12.346 |   17.690
32     2     |   23.407 |   23.375 |   20.576 |   25.666 |   13.376 |   18.113 ||   -0.14  -12.10   +9.65  -42.86  -22.62
       med   |   23.582 |   23.458 |   20.711 |   27.042 |   13.386 |   18.530
48     3     |   24.256 |   24.235 |   21.563 |   26.261 |   13.680 |   19.078 ||   -0.08  -11.10   +8.27  -43.60  -21.35
       med   |   24.428 |   24.324 |   21.975 |   29.097 |   15.000 |   19.180
64     4     |   25.119 |   25.146 |   21.464 |   27.296 |   14.871 |   19.473 ||   +0.11  -14.55   +8.67  -40.80  -22.48
       med   |   25.183 |   25.173 |   21.712 |   30.210 |   14.888 |   19.649
80     5     |   25.985 |   25.994 |   32.033 |   29.383 |   16.647 |   20.540 ||   +0.04  +23.28  +13.08  -35.94  -20.95
       med   |   26.015 |   26.084 |   32.186 |   29.839 |   16.827 |   20.561
96     6     |   26.925 |   26.935 |   33.018 |   30.497 |   18.797 |   21.433 ||   +0.04  +22.63  +13.27  -30.19  -20.40
       med   |   27.257 |   26.978 |   33.152 |   30.689 |   18.820 |   21.480
112    7     |   27.455 |   27.367 |   34.051 |   31.880 |   20.848 |   22.323 ||   -0.32  +24.03  +16.12  -24.06  -18.69
       med   |   27.710 |   27.536 |   34.259 |   32.154 |   21.134 |   23.169
128    8     |   25.385 |   25.580 |   34.476 |   32.837 |   22.737 |   23.101 ||   +0.77  +35.81  +29.36  -10.43   -9.00
       med   |   25.628 |   25.604 |   34.542 |   33.007 |   22.958 |   23.548
256    16    |   45.479 |   45.476 |   62.528 |   55.495 |   45.310 |   45.341 ||   -0.01  +37.49  +22.02   -0.37   -0.30
       med   |   45.911 |   46.107 |   63.373 |   56.543 |   45.374 |   46.098
512    32    |   84.483 |   84.498 |  114.147 |   94.243 |   84.358 |   84.469 ||   +0.02  +35.11  +11.55   -0.15   -0.02
       med   |   85.373 |   85.319 |  114.735 |   95.378 |   84.893 |   84.896
1024   64    |  161.986 |  161.913 |  220.829 |  171.791 |  162.099 |  161.796 ||   -0.05  +36.33   +6.05   +0.07   -0.12
       med   |  163.015 |  163.761 |  221.875 |  173.248 |  163.024 |  163.323
4096   256   |  628.749 |  628.784 |  861.732 |  638.724 |  628.808 |  628.795 ||   +0.01  +37.06   +1.59   +0.01   +0.01
       med   |  629.937 |  630.727 |  863.059 |  640.742 |  630.766 |  630.092
=== process 2
SELFCHECK OK (256 whole-block lengths 1..256 blk x 6 variants; out/Xi/ivec/ret byte-identical)
bytes  blks  |     base |   baseAA |  awslcfb |  awslc8x |    tuned |    fuse8 ||  baseAA% awslcfb% awslc8x%   tuned%   fuse8%
16     1     |   23.310 |   23.299 |   18.149 |   25.559 |   12.339 |   17.495 ||   -0.05  -22.14   +9.65  -47.06  -24.95
       med   |   23.489 |   23.496 |   18.334 |   25.890 |   12.346 |   17.676
32     2     |   23.408 |   23.370 |   20.567 |   25.672 |   13.376 |   18.109 ||   -0.16  -12.14   +9.67  -42.86  -22.64
       med   |   23.500 |   23.559 |   20.782 |   27.084 |   13.386 |   18.561
48     3     |   24.239 |   24.264 |   21.556 |   26.212 |   13.679 |   19.076 ||   +0.10  -11.07   +8.14  -43.57  -21.30
       med   |   24.398 |   24.373 |   21.604 |   29.103 |   14.974 |   19.110
64     4     |   25.150 |   25.110 |   21.470 |   27.430 |   14.873 |   19.478 ||   -0.16  -14.63   +9.07  -40.86  -22.55
       med   |   25.176 |   25.182 |   21.590 |   30.163 |   14.892 |   19.647
80     5     |   25.992 |   25.989 |   32.062 |   29.371 |   16.645 |   20.542 ||   -0.01  +23.35  +13.00  -35.96  -20.97
       med   |   26.016 |   26.019 |   32.190 |   29.818 |   16.716 |   20.563
96     6     |   26.933 |   26.931 |   33.035 |   30.549 |   18.797 |   21.389 ||   -0.01  +22.66  +13.43  -30.21  -20.58
       med   |   27.230 |   26.982 |   33.289 |   30.691 |   18.829 |   21.452
112    7     |   27.454 |   27.359 |   34.074 |   31.887 |   20.848 |   22.324 ||   -0.35  +24.11  +16.15  -24.06  -18.69
       med   |   27.552 |   27.549 |   34.272 |   32.102 |   20.880 |   23.162
128    8     |   25.376 |   25.569 |   34.451 |   32.837 |   22.933 |   23.101 ||   +0.76  +35.76  +29.40   -9.63   -8.96
       med   |   25.617 |   25.606 |   34.526 |   32.994 |   22.962 |   23.498
256    16    |   45.466 |   45.389 |   62.576 |   55.367 |   45.345 |   45.374 ||   -0.17  +37.63  +21.78   -0.27   -0.20
       med   |   45.917 |   45.993 |   63.321 |   56.661 |   45.456 |   46.154
512    32    |   84.432 |   84.251 |  114.125 |   94.217 |   84.367 |   84.460 ||   -0.21  +35.17  +11.59   -0.08   +0.03
       med   |   84.532 |   85.018 |  114.489 |   95.132 |   84.836 |   84.769
1024   64    |  161.964 |  162.031 |  220.787 |  171.678 |  161.625 |  162.097 ||   +0.04  +36.32   +6.00   -0.21   +0.08
       med   |  162.745 |  163.739 |  221.925 |  173.042 |  163.162 |  163.313
4096   256   |  628.474 |  628.854 |  861.740 |  638.992 |  628.797 |  628.919 ||   +0.06  +37.12   +1.67   +0.05   +0.07
       med   |  630.076 |  631.350 |  863.151 |  640.552 |  630.775 |  630.953
=== process 3
SELFCHECK OK (256 whole-block lengths 1..256 blk x 6 variants; out/Xi/ivec/ret byte-identical)
bytes  blks  |     base |   baseAA |  awslcfb |  awslc8x |    tuned |    fuse8 ||  baseAA% awslcfb% awslc8x%   tuned%   fuse8%
16     1     |   23.312 |   23.300 |   18.153 |   25.622 |   12.340 |   17.495 ||   -0.05  -22.13   +9.91  -47.07  -24.96
       med   |   23.493 |   23.496 |   18.384 |   25.881 |   12.347 |   17.675
32     2     |   23.399 |   23.365 |   20.572 |   25.584 |   13.371 |   18.114 ||   -0.15  -12.08   +9.34  -42.86  -22.59
       med   |   23.521 |   23.537 |   20.646 |   27.086 |   13.386 |   18.458
48     3     |   24.258 |   24.248 |   21.561 |   26.268 |   13.679 |   19.076 ||   -0.04  -11.12   +8.29  -43.61  -21.36
       med   |   24.309 |   24.345 |   21.602 |   29.124 |   14.984 |   19.091
64     4     |   25.141 |   25.150 |   21.467 |   27.419 |   14.872 |   19.466 ||   +0.03  -14.61   +9.06  -40.85  -22.57
       med   |   25.179 |   25.172 |   21.657 |   30.225 |   14.889 |   19.646
80     5     |   25.987 |   25.992 |   31.993 |   29.471 |   16.649 |   20.540 ||   +0.02  +23.11  +13.40  -35.94  -20.96
       med   |   26.016 |   26.072 |   32.187 |   29.860 |   16.698 |   20.560
96     6     |   26.943 |   26.923 |   33.079 |   30.594 |   18.801 |   21.429 ||   -0.08  +22.77  +13.55  -30.22  -20.47
       med   |   27.528 |   26.973 |   33.158 |   30.871 |   18.835 |   21.451
112    7     |   27.458 |   27.353 |   34.058 |   31.895 |   20.850 |   22.315 ||   -0.38  +24.04  +16.16  -24.06  -18.73
       med   |   27.558 |   27.609 |   34.262 |   32.144 |   21.142 |   23.177
128    8     |   25.361 |   25.579 |   34.480 |   32.820 |   22.939 |   22.997 ||   +0.86  +35.96  +29.42   -9.55   -9.32
       med   |   25.620 |   25.617 |   34.526 |   33.006 |   23.221 |   23.553
256    16    |   45.450 |   45.442 |   61.771 |   55.375 |   45.280 |   45.352 ||   -0.02  +35.91  +21.84   -0.37   -0.22
       med   |   45.904 |   45.936 |   63.272 |   56.731 |   45.386 |   46.120
512    32    |   84.440 |   84.366 |  114.173 |   94.071 |   84.491 |   84.544 ||   -0.09  +35.21  +11.41   +0.06   +0.12
       med   |   84.546 |   84.962 |  114.485 |   95.382 |   84.655 |   85.378
1024   64    |  162.059 |  161.968 |  220.787 |  171.823 |  162.078 |  162.036 ||   -0.06  +36.24   +6.03   +0.01   -0.01
       med   |  162.910 |  163.502 |  221.938 |  173.220 |  163.243 |  163.342
4096   256   |  628.731 |  628.813 |  861.799 |  638.911 |  628.862 |  628.686 ||   +0.01  +37.07   +1.62   +0.02   -0.01
       med   |  629.900 |  630.614 |  863.112 |  640.465 |  630.413 |  630.176
