### process 1
SELFCHECK OK (18 sizes x 5 variants, out/Xi/ivec byte-identical)
bytes  blks  |     base |       AA |     expA |     prep |     both ||      AA%    expA%    prep%    both%
128    8     |   30.117 |   30.114 |   27.312 |   30.122 |   30.110 ||   -0.01   -9.31   +0.02   -0.03
       med   |   30.358 |   30.395 |   27.829 |   30.378 |   30.320
256    16    |   52.353 |   52.342 |   51.580 |   52.402 |   52.293 ||   -0.02   -1.48   +0.09   -0.11
       med   |   52.874 |   53.005 |   52.665 |   52.853 |   52.800
512    32    |   94.430 |   94.717 |   94.666 |   95.254 |   95.110 ||   +0.30   +0.25   +0.87   +0.72
       med   |   95.887 |   95.907 |   95.435 |   96.068 |   95.733
1024   64    |  180.505 |  180.048 |  179.555 |  180.549 |  180.099 ||   -0.25   -0.53   +0.02   -0.22
       med   |  182.243 |  182.472 |  181.369 |  182.572 |  182.250
4096   256   |  694.202 |  693.672 |  691.473 |  693.644 |  694.032 ||   -0.08   -0.39   -0.08   -0.02
       med   |  698.924 |  698.567 |  694.948 |  698.465 |  698.922
### process 2
SELFCHECK OK (18 sizes x 5 variants, out/Xi/ivec byte-identical)
bytes  blks  |     base |       AA |     expA |     prep |     both ||      AA%    expA%    prep%    both%
128    8     |   30.114 |   30.118 |   27.313 |   30.110 |   30.113 ||   +0.01   -9.30   -0.01   -0.00
       med   |   30.341 |   30.398 |   27.810 |   30.303 |   30.252
256    16    |   52.323 |   52.438 |   52.213 |   52.425 |   52.345 ||   +0.22   -0.21   +0.20   +0.04
       med   |   52.885 |   52.918 |   52.694 |   52.882 |   52.784
512    32    |   94.831 |   95.214 |   94.672 |   94.938 |   95.308 ||   +0.40   -0.17   +0.11   +0.50
       med   |   96.032 |   95.784 |   95.646 |   95.808 |   95.738
1024   64    |  179.828 |  180.868 |  179.755 |  180.750 |  180.070 ||   +0.58   -0.04   +0.51   +0.13
       med   |  182.367 |  182.498 |  181.353 |  182.584 |  182.252
4096   256   |  693.997 |  694.969 |  691.528 |  694.178 |  695.003 ||   +0.14   -0.36   +0.03   +0.14
       med   |  698.889 |  698.632 |  695.548 |  698.606 |  698.912
### process 3
SELFCHECK OK (18 sizes x 5 variants, out/Xi/ivec byte-identical)
bytes  blks  |     base |       AA |     expA |     prep |     both ||      AA%    expA%    prep%    both%
128    8     |   30.116 |   30.012 |   27.517 |   30.116 |   30.104 ||   -0.35   -8.63   -0.00   -0.04
       med   |   30.356 |   30.420 |   27.883 |   30.303 |   30.333
256    16    |   52.321 |   52.438 |   52.210 |   52.405 |   52.297 ||   +0.22   -0.21   +0.16   -0.05
       med   |   52.898 |   52.999 |   52.628 |   52.850 |   52.684
512    32    |   95.119 |   94.886 |   94.026 |   95.161 |   95.104 ||   -0.25   -1.15   +0.04   -0.02
       med   |   95.966 |   96.094 |   95.452 |   95.913 |   95.786
1024   64    |  180.229 |  180.782 |  179.652 |  179.987 |  181.178 ||   +0.31   -0.32   -0.13   +0.53
       med   |  182.440 |  182.535 |  181.454 |  182.558 |  181.992
4096   256   |  694.038 |  694.774 |  691.616 |  693.288 |  693.930 ||   +0.11   -0.35   -0.11   -0.02
       med   |  698.894 |  698.738 |  695.308 |  698.379 |  698.923
