=== R4A: base AA ppload4 ppload8 ppload16
SELFCHECK OK (18 sizes x 5 variants, out/Xi/ivec byte-identical)
bytes  blks  |     base |       AA |     expA |     prep |     both ||      AA%    expA%    prep%    both%
128    8     |   25.524 |   25.593 |   25.378 |   25.536 |   25.547 ||   +0.27   -0.57   +0.05   +0.09
       med   |   25.550 |   25.726 |   25.561 |   25.898 |   25.611
256    16    |   45.437 |   45.348 |   45.762 |   46.506 |   46.581 ||   -0.19   +0.72   +2.35   +2.52
       med   |   45.618 |   45.603 |   46.201 |   47.042 |   46.713
512    32    |   84.369 |   84.342 |   84.535 |   84.747 |   85.638 ||   -0.03   +0.20   +0.45   +1.50
       med   |   85.321 |   85.123 |   85.584 |   84.978 |   85.906
1024   64    |  161.868 |  161.850 |  161.934 |  161.887 |  163.142 ||   -0.01   +0.04   +0.01   +0.79
       med   |  162.897 |  163.202 |  163.601 |  162.630 |  163.505
4096   256   |  628.332 |  628.796 |  628.792 |  628.955 |  629.956 ||   +0.07   +0.07   +0.10   +0.26
       med   |  630.183 |  630.500 |  630.052 |  630.336 |  631.370
=== R4B: base AA ppload32 pptail32 prol48
SELFCHECK FAIL nblk=9 variant prep: out=0 xi=0 ivec=1
SELFCHECK FAIL nblk=10 variant prep: out=0 xi=0 ivec=1
SELFCHECK FAIL nblk=11 variant prep: out=0 xi=0 ivec=1
SELFCHECK FAIL nblk=12 variant prep: out=0 xi=0 ivec=1
SELFCHECK FAIL nblk=13 variant prep: out=0 xi=0 ivec=1
SELFCHECK FAIL nblk=14 variant prep: out=0 xi=0 ivec=1
SELFCHECK FAIL nblk=15 variant prep: out=0 xi=0 ivec=1
SELFCHECK FAIL nblk=17 variant prep: out=0 xi=0 ivec=1
SELFCHECK FAIL nblk=23 variant prep: out=0 xi=0 ivec=1
SELFCHECK FAIL nblk=31 variant prep: out=0 xi=0 ivec=1
SELFCHECK FAIL nblk=33 variant prep: out=0 xi=0 ivec=1
SELFCHECK FAIL nblk=255 variant prep: out=0 xi=0 ivec=1
bytes  blks  |     base |       AA |     expA |     prep |     both ||      AA%    expA%    prep%    both%
128    8     |   25.527 |   25.578 |   25.384 |   25.590 |   28.666 ||   +0.20   -0.56   +0.25  +12.30
       med   |   25.652 |   25.725 |   25.552 |   25.613 |   28.723
256    16    |   45.426 |   45.343 |   48.401 |   48.454 |   48.590 ||   -0.18   +6.55   +6.67   +6.97
       med   |   45.719 |   45.613 |   48.893 |   48.705 |   48.922
512    32    |   84.386 |   84.276 |   86.915 |   87.727 |   87.658 ||   -0.13   +3.00   +3.96   +3.88
       med   |   84.774 |   84.686 |   87.763 |   87.863 |   88.013
1024   64    |  161.513 |  161.810 |  164.525 |  165.214 |  164.743 ||   +0.18   +1.86   +2.29   +2.00
       med   |  162.918 |  163.275 |  165.419 |  165.458 |  165.941
4096   256   |  628.509 |  628.862 |  631.466 |  632.023 |  632.015 ||   +0.06   +0.47   +0.56   +0.56
       med   |  630.416 |  631.618 |  632.938 |  633.121 |  634.561
=== R4C: base AA prol96 ppload96 drain0
SELFCHECK FAIL nblk=8 variant both: out=0 xi=1 ivec=0
SELFCHECK FAIL nblk=16 variant both: out=0 xi=1 ivec=0
SELFCHECK FAIL nblk=24 variant both: out=0 xi=1 ivec=0
SELFCHECK FAIL nblk=32 variant both: out=0 xi=1 ivec=0
SELFCHECK FAIL nblk=64 variant both: out=0 xi=1 ivec=0
SELFCHECK FAIL nblk=256 variant both: out=0 xi=1 ivec=0
bytes  blks  |     base |       AA |     expA |     prep |     both ||      AA%    expA%    prep%    both%
128    8     |   25.525 |   25.593 |   33.215 |   25.588 |   19.588 ||   +0.26  +30.13   +0.25  -23.26
       med   |   25.549 |   25.733 |   33.441 |   25.611 |   19.938
256    16    |   45.476 |   45.365 |   53.158 |   54.106 |   39.417 ||   -0.24  +16.89  +18.98  -13.32
       med   |   45.900 |   45.824 |   53.824 |   54.704 |   39.910
512    32    |   84.379 |   84.320 |   92.224 |   92.510 |   78.288 ||   -0.07   +9.30   +9.64   -7.22
       med   |   84.662 |   84.586 |   92.436 |   93.192 |   79.102
1024   64    |  161.904 |  161.928 |  169.550 |  170.253 |  155.855 ||   +0.01   +4.72   +5.16   -3.74
       med   |  162.268 |  162.754 |  170.154 |  170.831 |  157.358
4096   256   |  628.317 |  628.737 |  635.931 |  637.091 |  622.603 ||   +0.07   +1.21   +1.40   -0.91
       med   |  630.408 |  631.434 |  637.643 |  638.391 |  625.234
