### process 1
SELFCHECK OK (18 sizes x 5 variants, out/Xi/ivec byte-identical)
bytes  blks  |     base |       AA |     expA |     prep |     both ||      AA%    expA%    prep%    both%
128    8     |   21.464 |   21.464 |   19.619 |   21.462 |   21.467 ||   +0.00   -8.59   -0.01   +0.01
       med   |   21.487 |   21.488 |   19.647 |   21.485 |   21.489
256    16    |   38.184 |   38.183 |   38.187 |   38.189 |   38.178 ||   -0.00   +0.01   +0.01   -0.02
       med   |   38.211 |   38.212 |   38.212 |   38.213 |   38.211
512    32    |   71.116 |   71.134 |   71.146 |   71.128 |   71.130 ||   +0.02   +0.04   +0.02   +0.02
       med   |   71.162 |   71.172 |   71.184 |   71.169 |   71.165
1024   64    |  138.530 |  138.496 |  138.516 |  138.495 |  138.532 ||   -0.02   -0.01   -0.02   +0.00
       med   |  138.548 |  138.563 |  138.579 |  138.563 |  138.553
4096   256   |  546.894 |  546.870 |  546.878 |  546.851 |  546.866 ||   -0.00   -0.00   -0.01   -0.01
       med   |  547.082 |  547.080 |  547.105 |  547.095 |  547.091
### process 2
SELFCHECK OK (18 sizes x 5 variants, out/Xi/ivec byte-identical)
bytes  blks  |     base |       AA |     expA |     prep |     both ||      AA%    expA%    prep%    both%
128    8     |   21.469 |   21.469 |   19.622 |   21.462 |   21.461 ||   +0.00   -8.61   -0.03   -0.04
       med   |   21.490 |   21.489 |   19.648 |   21.490 |   21.490
256    16    |   38.188 |   38.192 |   38.190 |   38.187 |   38.185 ||   +0.01   +0.00   -0.00   -0.01
       med   |   38.221 |   38.223 |   38.223 |   38.222 |   38.223
512    32    |   71.134 |   71.130 |   71.143 |   71.134 |   71.120 ||   -0.01   +0.01   +0.00   -0.02
       med   |   71.174 |   71.181 |   71.196 |   71.182 |   71.175
1024   64    |  138.522 |  138.496 |  138.537 |  138.495 |  138.530 ||   -0.02   +0.01   -0.02   +0.01
       med   |  138.568 |  138.589 |  138.607 |  138.591 |  138.575
4096   256   |  546.902 |  546.970 |  546.889 |  546.960 |  546.914 ||   +0.01   -0.00   +0.01   +0.00
       med   |  547.100 |  547.100 |  547.109 |  547.104 |  547.081
### process 3
SELFCHECK OK (18 sizes x 5 variants, out/Xi/ivec byte-identical)
bytes  blks  |     base |       AA |     expA |     prep |     both ||      AA%    expA%    prep%    both%
128    8     |   21.464 |   21.462 |   19.621 |   21.464 |   21.460 ||   -0.01   -8.59   -0.00   -0.02
       med   |   21.485 |   21.485 |   19.644 |   21.485 |   21.486
256    16    |   38.174 |   38.177 |   38.182 |   38.176 |   38.182 ||   +0.01   +0.02   +0.00   +0.02
       med   |   38.210 |   38.212 |   38.212 |   38.216 |   38.213
512    32    |   71.126 |   71.112 |   71.141 |   71.124 |   71.127 ||   -0.02   +0.02   -0.00   +0.00
       med   |   71.164 |   71.176 |   71.185 |   71.173 |   71.166
1024   64    |  138.528 |  138.496 |  138.512 |  138.494 |  138.522 ||   -0.02   -0.01   -0.02   -0.00
       med   |  138.552 |  138.565 |  138.577 |  138.565 |  138.547
4096   256   |  546.858 |  546.871 |  546.854 |  546.876 |  546.878 ||   +0.00   -0.00   +0.00   +0.00
       med   |  547.014 |  547.010 |  547.037 |  547.008 |  546.999
