=== R4A: base AA ppload4 ppload8 ppload16
SELFCHECK OK (18 sizes x 5 variants, out/Xi/ivec byte-identical)
bytes  blks  |     base |       AA |     expA |     prep |     both ||      AA%    expA%    prep%    both%
128    8     |   25.526 |   25.599 |   25.368 |   25.531 |   25.600 ||   +0.29   -0.62   +0.02   +0.29
       med   |   25.656 |   26.054 |   25.647 |   25.742 |   25.808
256    16    |   45.516 |   45.364 |   45.852 |   46.312 |   46.627 ||   -0.33   +0.74   +1.75   +2.44
       med   |   45.933 |   46.108 |   46.076 |   46.968 |   46.781
512    32    |   84.370 |   84.374 |   84.507 |   84.193 |   85.663 ||   +0.00   +0.16   -0.21   +1.53
       med   |   85.302 |   84.724 |   85.454 |   85.087 |   85.937
1024   64    |  161.625 |  161.944 |  161.744 |  162.298 |  163.172 ||   +0.20   +0.07   +0.42   +0.96
       med   |  163.228 |  162.407 |  163.290 |  162.833 |  163.612
4096   256   |  628.633 |  628.578 |  628.933 |  627.999 |  630.010 ||   -0.01   +0.05   -0.10   +0.22
       med   |  630.270 |  630.047 |  630.549 |  630.235 |  631.236
=== R4B: base AA ppload32 pptail32 prol48
SELFCHECK FAIL nblk=9 variant prep: out=0 xi=0 ivec=1
SELFCHECK FAIL nblk=10 variant prep: out=0 xi=0 ivec=1
SELFCHECK FAIL nblk=11 variant prep: out=0 xi=0 ivec=1
SELFCHECK FAIL nblk=12 variant prep: out=0 xi=0 ivec=1
SELFCHECK FAIL nblk=13 variant prep: out=0 xi=0 ivec=1
SELFCHECK FAIL nblk=14 variant prep: out=0 xi=0 ivec=1
SELFCHECK FAIL nblk=15 variant prep: out=0 xi=0 ivec=1
SELFCHECK FAIL nblk=17 variant prep: out=0 xi=0 ivec=1
SELFCHECK FAIL nblk=23 variant prep: out=0 xi=0 ivec=1
SELFCHECK FAIL nblk=31 variant prep: out=0 xi=0 ivec=1
SELFCHECK FAIL nblk=33 variant prep: out=0 xi=0 ivec=1
SELFCHECK FAIL nblk=255 variant prep: out=0 xi=0 ivec=1
bytes  blks  |     base |       AA |     expA |     prep |     both ||      AA%    expA%    prep%    both%
128    8     |   25.524 |   25.595 |   25.372 |   25.592 |   28.673 ||   +0.28   -0.59   +0.27  +12.34
       med   |   25.690 |   25.918 |   25.599 |   25.666 |   28.731
256    16    |   45.424 |   45.339 |   48.432 |   48.500 |   48.617 ||   -0.19   +6.62   +6.77   +7.03
       med   |   45.913 |   45.812 |   48.911 |   48.711 |   48.929
512    32    |   84.378 |   84.356 |   86.790 |   87.691 |   87.612 ||   -0.03   +2.86   +3.93   +3.83
       med   |   85.340 |   84.734 |   87.601 |   87.817 |   87.832
1024   64    |  161.914 |  161.933 |  164.488 |  165.048 |  164.677 ||   +0.01   +1.59   +1.94   +1.71
       med   |  163.108 |  162.345 |  165.345 |  165.433 |  165.633
4096   256   |  628.230 |  628.799 |  631.282 |  631.938 |  632.004 ||   +0.09   +0.49   +0.59   +0.60
       med   |  630.288 |  630.067 |  632.896 |  633.063 |  633.565
=== R4C: base AA prol96 ppload96 drain0
SELFCHECK FAIL nblk=8 variant both: out=0 xi=1 ivec=0
SELFCHECK FAIL nblk=16 variant both: out=0 xi=1 ivec=0
SELFCHECK FAIL nblk=24 variant both: out=0 xi=1 ivec=0
SELFCHECK FAIL nblk=32 variant both: out=0 xi=1 ivec=0
SELFCHECK FAIL nblk=64 variant both: out=0 xi=1 ivec=0
SELFCHECK FAIL nblk=256 variant both: out=0 xi=1 ivec=0
bytes  blks  |     base |       AA |     expA |     prep |     both ||      AA%    expA%    prep%    both%
128    8     |   25.518 |   25.589 |   33.220 |   25.595 |   19.370 ||   +0.28  +30.18   +0.30  -24.09
       med   |   25.592 |   25.999 |   33.441 |   25.610 |   19.849
256    16    |   45.437 |   45.355 |   53.221 |   54.137 |   39.460 ||   -0.18  +17.13  +19.15  -13.15
       med   |   45.875 |   45.997 |   53.824 |   54.732 |   39.796
512    32    |   84.366 |   84.360 |   92.274 |   92.218 |   77.951 ||   -0.01   +9.37   +9.31   -7.60
       med   |   85.301 |   84.702 |   92.481 |   93.187 |   79.032
1024   64    |  161.158 |  161.846 |  169.814 |  170.291 |  155.373 ||   +0.43   +5.37   +5.67   -3.59
       med   |  163.160 |  162.363 |  170.546 |  170.873 |  157.026
4096   256   |  628.490 |  628.716 |  635.524 |  637.251 |  622.664 ||   +0.04   +1.12   +1.39   -0.93
       med   |  630.345 |  629.909 |  637.736 |  638.630 |  624.591
