### process 1
SELFCHECK OK (18 sizes x 5 variants, out/Xi/ivec byte-identical)
bytes  blks  |     base |       AA |     expA |     prep |     both ||      AA%    expA%    prep%    both%
128    8     |   25.522 |   25.597 |   23.005 |   25.594 |   25.530 ||   +0.30   -9.86   +0.29   +0.03
       med   |   25.755 |   26.176 |   23.239 |   25.819 |   26.231
256    16    |   45.430 |   45.357 |   45.316 |   45.355 |   45.542 ||   -0.16   -0.25   -0.16   +0.25
       med   |   45.708 |   45.934 |   45.600 |   45.877 |   46.032
512    32    |   84.380 |   83.776 |   84.413 |   84.272 |   84.383 ||   -0.71   +0.04   -0.13   +0.00
       med   |   85.304 |   84.992 |   85.401 |   85.146 |   85.080
1024   64    |  161.917 |  161.761 |  162.174 |  161.768 |  161.835 ||   -0.10   +0.16   -0.09   -0.05
       med   |  163.224 |  162.986 |  163.362 |  163.070 |  162.917
4096   256   |  628.775 |  628.378 |  628.906 |  628.582 |  628.221 ||   -0.06   +0.02   -0.03   -0.09
       med   |  630.141 |  630.487 |  630.912 |  630.009 |  629.750
### process 2
SELFCHECK OK (18 sizes x 5 variants, out/Xi/ivec byte-identical)
bytes  blks  |     base |       AA |     expA |     prep |     both ||      AA%    expA%    prep%    both%
128    8     |   25.529 |   25.598 |   23.008 |   25.591 |   25.527 ||   +0.27   -9.87   +0.24   -0.01
       med   |   25.753 |   26.194 |   23.241 |   25.766 |   26.143
256    16    |   45.419 |   45.390 |   45.337 |   45.370 |   45.399 ||   -0.06   -0.18   -0.11   -0.04
       med   |   45.748 |   46.160 |   45.740 |   45.958 |   46.126
512    32    |   84.378 |   84.320 |   84.502 |   83.842 |   84.349 ||   -0.07   +0.15   -0.64   -0.03
       med   |   84.592 |   84.720 |   84.895 |   84.492 |   85.426
1024   64    |  161.909 |  161.917 |  162.060 |  161.788 |  161.940 ||   +0.01   +0.09   -0.07   +0.02
       med   |  163.167 |  162.659 |  163.132 |  162.827 |  163.317
4096   256   |  628.644 |  628.573 |  628.776 |  628.616 |  628.139 ||   -0.01   +0.02   -0.00   -0.08
       med   |  630.288 |  630.135 |  630.754 |  630.165 |  629.996
### process 3
SELFCHECK OK (18 sizes x 5 variants, out/Xi/ivec byte-identical)
bytes  blks  |     base |       AA |     expA |     prep |     both ||      AA%    expA%    prep%    both%
128    8     |   25.523 |   25.594 |   23.003 |   25.556 |   25.532 ||   +0.28   -9.87   +0.13   +0.03
       med   |   25.688 |   25.827 |   23.238 |   25.767 |   26.097
256    16    |   45.413 |   45.349 |   45.328 |   45.405 |   45.537 ||   -0.14   -0.19   -0.02   +0.27
       med   |   45.723 |   45.833 |   45.697 |   45.987 |   46.109
512    32    |   84.364 |   83.814 |   84.477 |   84.366 |   84.384 ||   -0.65   +0.13   +0.00   +0.02
       med   |   84.710 |   84.519 |   85.195 |   84.560 |   85.374
1024   64    |  161.947 |  161.940 |  162.029 |  161.905 |  161.886 ||   -0.00   +0.05   -0.03   -0.04
       med   |  163.197 |  163.050 |  163.023 |  163.017 |  163.220
4096   256   |  628.701 |  628.438 |  628.836 |  628.731 |  628.095 ||   -0.04   +0.02   +0.00   -0.10
       med   |  630.284 |  629.994 |  630.583 |  630.279 |  630.013
