# date=2026-08-28T23:50:12Z
# host=ip-172-31-44-56
# model=Neoverse-V2
AWS Graviton4 AWS Graviton4 CPU @ 2.8GHz
# profile=all mode=small reps=160 processes=7 pinned_cpu=3
file,sha256,text_bytes
hanno-enc-entry.o,8988bf398f1a4083f76954af5185b578c0a6ffc5db61beee6b7f387a93f23d01,5140
entry-wrapper.o,04f61abf29a10d4ffd318e322c706fd907163d477e95183d183a8047492c299d,172
entry-short.o,9c28e1304a14639d5853f75cbef7b0fd75e9a8b863a14f5ba88f6d31bbe31d01,1252
entry-large.o,0221ad45f575a5cf272b915f5fc32e98c9742512e2bdec467bc1900a333649a8,3708
entry-fast-tail.o,2a2cbd57b79bd274c698b2c26a08bc5500b7794338f3e9a428229d48ab0ad59b,4380
entry-late-tag.o,8417a714dad9e7dabe037f849f510400c9ae693a2fe1821bbcf8f39b730dc36c,3864
entry-x8-enc.o,78605a647e192cc843d63e5ce89ba72ccd1788acc748f900edc54a9aad6b15d3,8624
# SELFCHECK OK: 1..256 blocks, 4 variants
RES,1,16,enc-8x,12.851,12.866
RES,1,16,enc-4x-entry,10.913,10.919
RES,1,16,enc-4x-fast-tail,10.942,10.947
RES,1,16,enc-4x-late-tag,26.736,26.977
RES,1,32,enc-8x,13.958,14.008
RES,1,32,enc-4x-entry,13.666,13.779
RES,1,32,enc-4x-fast-tail,13.747,13.790
RES,1,32,enc-4x-late-tag,34.400,34.858
RES,1,48,enc-8x,17.578,17.813
RES,1,48,enc-4x-entry,17.729,17.887
RES,1,48,enc-4x-fast-tail,17.634,17.702
RES,1,48,enc-4x-late-tag,41.551,42.219
RES,1,64,enc-8x,18.723,18.874
RES,1,64,enc-4x-entry,36.126,36.454
RES,1,64,enc-4x-fast-tail,20.657,20.798
RES,1,64,enc-4x-late-tag,36.283,36.551
RES,1,80,enc-8x,26.651,26.996
RES,1,80,enc-4x-entry,43.710,44.113
RES,1,80,enc-4x-fast-tail,27.831,27.961
RES,1,80,enc-4x-late-tag,43.595,44.091
RES,1,96,enc-8x,27.482,27.870
RES,1,96,enc-4x-entry,51.018,51.448
RES,1,96,enc-4x-fast-tail,30.616,30.742
RES,1,96,enc-4x-late-tag,51.060,51.553
RES,1,112,enc-8x,28.451,28.871
RES,1,112,enc-4x-entry,58.246,58.923
RES,1,112,enc-4x-fast-tail,34.670,34.810
RES,1,112,enc-4x-late-tag,58.308,58.820
RES,1,128,enc-8x,26.664,26.982
RES,1,128,enc-4x-entry,45.481,45.720
RES,1,128,enc-4x-fast-tail,35.843,36.098
RES,1,128,enc-4x-late-tag,45.436,45.653
# SELFCHECK OK: 1..256 blocks, 4 variants
RES,2,16,enc-8x,12.848,12.864
RES,2,16,enc-4x-entry,10.914,10.919
RES,2,16,enc-4x-fast-tail,10.941,10.947
RES,2,16,enc-4x-late-tag,26.741,27.369
RES,2,32,enc-8x,13.963,14.067
RES,2,32,enc-4x-entry,13.665,13.680
RES,2,32,enc-4x-fast-tail,13.770,13.789
RES,2,32,enc-4x-late-tag,34.615,34.841
RES,2,48,enc-8x,17.577,17.685
RES,2,48,enc-4x-entry,17.740,17.869
RES,2,48,enc-4x-fast-tail,17.626,17.710
RES,2,48,enc-4x-late-tag,41.690,42.230
RES,2,64,enc-8x,18.701,18.919
RES,2,64,enc-4x-entry,36.083,36.481
RES,2,64,enc-4x-fast-tail,20.575,20.873
RES,2,64,enc-4x-late-tag,36.178,36.577
RES,2,80,enc-8x,26.559,26.764
RES,2,80,enc-4x-entry,43.699,44.107
RES,2,80,enc-4x-fast-tail,27.831,27.959
RES,2,80,enc-4x-late-tag,43.902,44.088
RES,2,96,enc-8x,27.503,27.791
RES,2,96,enc-4x-entry,50.986,51.461
RES,2,96,enc-4x-fast-tail,30.615,30.738
RES,2,96,enc-4x-late-tag,51.079,51.486
RES,2,112,enc-8x,28.424,28.595
RES,2,112,enc-4x-entry,58.272,58.831
RES,2,112,enc-4x-fast-tail,34.672,34.803
RES,2,112,enc-4x-late-tag,58.404,58.842
RES,2,128,enc-8x,26.686,26.951
RES,2,128,enc-4x-entry,45.474,45.669
RES,2,128,enc-4x-fast-tail,35.849,36.045
RES,2,128,enc-4x-late-tag,45.429,45.660
# SELFCHECK OK: 1..256 blocks, 4 variants
RES,3,16,enc-8x,12.849,12.862
RES,3,16,enc-4x-entry,10.913,10.919
RES,3,16,enc-4x-fast-tail,10.940,10.946
RES,3,16,enc-4x-late-tag,26.743,27.251
RES,3,32,enc-8x,13.958,14.001
RES,3,32,enc-4x-entry,13.664,13.681
RES,3,32,enc-4x-fast-tail,13.769,13.844
RES,3,32,enc-4x-late-tag,34.484,34.810
RES,3,48,enc-8x,17.576,17.685
RES,3,48,enc-4x-entry,17.737,17.787
RES,3,48,enc-4x-fast-tail,17.623,17.704
RES,3,48,enc-4x-late-tag,41.472,42.211
RES,3,64,enc-8x,18.700,18.814
RES,3,64,enc-4x-entry,36.013,36.346
RES,3,64,enc-4x-fast-tail,20.760,20.793
RES,3,64,enc-4x-late-tag,36.163,36.407
RES,3,80,enc-8x,26.623,26.767
RES,3,80,enc-4x-entry,43.383,44.118
RES,3,80,enc-4x-fast-tail,27.827,27.949
RES,3,80,enc-4x-late-tag,43.920,44.074
RES,3,96,enc-8x,27.448,27.771
RES,3,96,enc-4x-entry,50.968,51.435
RES,3,96,enc-4x-fast-tail,30.621,30.736
RES,3,96,enc-4x-late-tag,51.067,51.357
RES,3,112,enc-8x,28.429,28.627
RES,3,112,enc-4x-entry,58.588,58.907
RES,3,112,enc-4x-fast-tail,34.679,34.805
RES,3,112,enc-4x-late-tag,58.458,58.836
RES,3,128,enc-8x,26.690,26.957
RES,3,128,enc-4x-entry,45.474,45.677
RES,3,128,enc-4x-fast-tail,35.838,36.144
RES,3,128,enc-4x-late-tag,45.431,45.678
# SELFCHECK OK: 1..256 blocks, 4 variants
RES,4,16,enc-8x,12.837,12.864
RES,4,16,enc-4x-entry,10.912,10.919
RES,4,16,enc-4x-fast-tail,10.941,10.947
RES,4,16,enc-4x-late-tag,26.737,26.927
RES,4,32,enc-8x,13.965,14.003
RES,4,32,enc-4x-entry,13.665,13.681
RES,4,32,enc-4x-fast-tail,13.766,13.789
RES,4,32,enc-4x-late-tag,34.433,34.796
RES,4,48,enc-8x,17.574,17.719
RES,4,48,enc-4x-entry,17.748,18.030
RES,4,48,enc-4x-fast-tail,17.635,17.699
RES,4,48,enc-4x-late-tag,41.449,42.186
RES,4,64,enc-8x,18.702,18.819
RES,4,64,enc-4x-entry,36.027,36.466
RES,4,64,enc-4x-fast-tail,20.683,20.797
RES,4,64,enc-4x-late-tag,36.169,36.535
RES,4,80,enc-8x,26.548,26.967
RES,4,80,enc-4x-entry,43.687,44.107
RES,4,80,enc-4x-fast-tail,27.834,27.954
RES,4,80,enc-4x-late-tag,43.731,44.090
RES,4,96,enc-8x,27.638,27.822
RES,4,96,enc-4x-entry,51.009,51.609
RES,4,96,enc-4x-fast-tail,30.610,30.737
RES,4,96,enc-4x-late-tag,51.045,51.571
RES,4,112,enc-8x,28.440,28.843
RES,4,112,enc-4x-entry,58.481,58.856
RES,4,112,enc-4x-fast-tail,34.679,34.803
RES,4,112,enc-4x-late-tag,58.423,58.834
RES,4,128,enc-8x,26.682,26.953
RES,4,128,enc-4x-entry,45.477,45.670
RES,4,128,enc-4x-fast-tail,35.838,36.157
RES,4,128,enc-4x-late-tag,45.434,45.669
# SELFCHECK OK: 1..256 blocks, 4 variants
RES,5,16,enc-8x,12.839,12.864
RES,5,16,enc-4x-entry,10.912,10.919
RES,5,16,enc-4x-fast-tail,10.942,10.947
RES,5,16,enc-4x-late-tag,26.739,27.465
RES,5,32,enc-8x,13.960,13.999
RES,5,32,enc-4x-entry,13.661,13.680
RES,5,32,enc-4x-fast-tail,13.755,13.786
RES,5,32,enc-4x-late-tag,34.478,34.827
RES,5,48,enc-8x,17.574,17.689
RES,5,48,enc-4x-entry,17.750,18.136
RES,5,48,enc-4x-fast-tail,17.627,17.701
RES,5,48,enc-4x-late-tag,41.504,42.205
RES,5,64,enc-8x,18.704,18.863
RES,5,64,enc-4x-entry,36.045,36.489
RES,5,64,enc-4x-fast-tail,20.758,20.872
RES,5,64,enc-4x-late-tag,36.203,36.538
RES,5,80,enc-8x,26.640,26.919
RES,5,80,enc-4x-entry,43.768,44.142
RES,5,80,enc-4x-fast-tail,27.831,27.954
RES,5,80,enc-4x-late-tag,43.609,44.092
RES,5,96,enc-8x,27.490,27.788
RES,5,96,enc-4x-entry,50.979,51.624
RES,5,96,enc-4x-fast-tail,30.616,30.741
RES,5,96,enc-4x-late-tag,51.040,51.465
RES,5,112,enc-8x,28.436,28.620
RES,5,112,enc-4x-entry,58.031,58.881
RES,5,112,enc-4x-fast-tail,34.679,34.808
RES,5,112,enc-4x-late-tag,58.302,58.829
RES,5,128,enc-8x,26.689,26.961
RES,5,128,enc-4x-entry,45.503,45.679
RES,5,128,enc-4x-fast-tail,35.840,36.101
RES,5,128,enc-4x-late-tag,45.432,45.670
# SELFCHECK OK: 1..256 blocks, 4 variants
RES,6,16,enc-8x,12.836,12.863
RES,6,16,enc-4x-entry,10.913,10.919
RES,6,16,enc-4x-fast-tail,10.942,10.946
RES,6,16,enc-4x-late-tag,26.740,27.278
RES,6,32,enc-8x,13.958,14.060
RES,6,32,enc-4x-entry,13.661,13.680
RES,6,32,enc-4x-fast-tail,13.761,13.839
RES,6,32,enc-4x-late-tag,34.556,34.762
RES,6,48,enc-8x,17.571,17.749
RES,6,48,enc-4x-entry,17.732,17.965
RES,6,48,enc-4x-fast-tail,17.627,17.708
RES,6,48,enc-4x-late-tag,41.908,42.388
RES,6,64,enc-8x,18.699,18.826
RES,6,64,enc-4x-entry,36.115,36.480
RES,6,64,enc-4x-fast-tail,20.728,20.798
RES,6,64,enc-4x-late-tag,36.223,36.541
RES,6,80,enc-8x,26.638,26.761
RES,6,80,enc-4x-entry,43.522,44.117
RES,6,80,enc-4x-fast-tail,27.830,27.948
RES,6,80,enc-4x-late-tag,43.929,44.079
RES,6,96,enc-8x,27.497,27.786
RES,6,96,enc-4x-entry,50.988,51.479
RES,6,96,enc-4x-fast-tail,30.604,30.737
RES,6,96,enc-4x-late-tag,51.078,51.517
RES,6,112,enc-8x,28.407,28.746
RES,6,112,enc-4x-entry,58.228,58.871
RES,6,112,enc-4x-fast-tail,34.671,34.812
RES,6,112,enc-4x-late-tag,58.334,58.783
RES,6,128,enc-8x,26.688,26.945
RES,6,128,enc-4x-entry,45.420,45.747
RES,6,128,enc-4x-fast-tail,35.845,36.146
RES,6,128,enc-4x-late-tag,45.461,45.691
# SELFCHECK OK: 1..256 blocks, 4 variants
RES,7,16,enc-8x,12.837,12.864
RES,7,16,enc-4x-entry,10.913,10.919
RES,7,16,enc-4x-fast-tail,10.939,10.946
RES,7,16,enc-4x-late-tag,26.733,27.355
RES,7,32,enc-8x,13.959,13.998
RES,7,32,enc-4x-entry,13.664,13.680
RES,7,32,enc-4x-fast-tail,13.752,13.791
RES,7,32,enc-4x-late-tag,34.379,34.837
RES,7,48,enc-8x,17.572,17.749
RES,7,48,enc-4x-entry,17.733,18.017
RES,7,48,enc-4x-fast-tail,17.623,17.697
RES,7,48,enc-4x-late-tag,41.519,42.212
RES,7,64,enc-8x,18.699,18.722
RES,7,64,enc-4x-entry,36.049,36.484
RES,7,64,enc-4x-fast-tail,20.763,20.789
RES,7,64,enc-4x-late-tag,36.165,36.541
RES,7,80,enc-8x,26.512,26.758
RES,7,80,enc-4x-entry,43.665,44.114
RES,7,80,enc-4x-fast-tail,27.833,27.949
RES,7,80,enc-4x-late-tag,43.896,44.093
RES,7,96,enc-8x,27.472,27.781
RES,7,96,enc-4x-entry,50.655,51.514
RES,7,96,enc-4x-fast-tail,30.584,30.735
RES,7,96,enc-4x-late-tag,51.064,51.501
RES,7,112,enc-8x,28.402,28.770
RES,7,112,enc-4x-entry,58.362,58.919
RES,7,112,enc-4x-fast-tail,34.679,34.804
RES,7,112,enc-4x-late-tag,58.426,58.856
RES,7,128,enc-8x,26.688,26.948
RES,7,128,enc-4x-entry,45.473,45.691
RES,7,128,enc-4x-fast-tail,35.842,36.134
RES,7,128,enc-4x-late-tag,45.430,45.645
DONE: 7 correctness gates
