# date=2026-08-28T23:50:35Z
# host=ip-172-31-44-56
# model=Neoverse-V2
AWS Graviton4 AWS Graviton4 CPU @ 2.8GHz
# profile=all mode=large reps=160 processes=7 pinned_cpu=3
file,sha256,text_bytes
hanno-enc-entry.o,8988bf398f1a4083f76954af5185b578c0a6ffc5db61beee6b7f387a93f23d01,5140
entry-wrapper.o,04f61abf29a10d4ffd318e322c706fd907163d477e95183d183a8047492c299d,172
entry-short.o,9c28e1304a14639d5853f75cbef7b0fd75e9a8b863a14f5ba88f6d31bbe31d01,1252
entry-large.o,0221ad45f575a5cf272b915f5fc32e98c9742512e2bdec467bc1900a333649a8,3708
entry-fast-tail.o,2a2cbd57b79bd274c698b2c26a08bc5500b7794338f3e9a428229d48ab0ad59b,4380
entry-late-tag.o,8417a714dad9e7dabe037f849f510400c9ae693a2fe1821bbcf8f39b730dc36c,3864
entry-x8-enc.o,78605a647e192cc843d63e5ce89ba72ccd1788acc748f900edc54a9aad6b15d3,8624
# SELFCHECK OK: 1..256 blocks, 4 variants
RES,1,1344,enc-8x,224.212,224.514
RES,1,1344,enc-4x-entry,314.612,314.903
RES,1,1344,enc-4x-fast-tail,355.997,356.271
RES,1,1344,enc-4x-late-tag,314.588,314.904
RES,1,2048,enc-8x,325.849,326.400
RES,1,2048,enc-4x-entry,473.860,474.473
RES,1,2048,enc-4x-fast-tail,541.347,541.589
RES,1,2048,enc-4x-late-tag,474.026,474.439
RES,1,4096,enc-8x,645.167,645.940
RES,1,4096,enc-4x-entry,936.426,937.373
RES,1,4096,enc-4x-fast-tail,1080.386,1080.813
RES,1,4096,enc-4x-late-tag,936.179,937.298
RES,1,8192,enc-8x,1283.869,1284.663
RES,1,8192,enc-4x-entry,1860.738,1862.805
RES,1,8192,enc-4x-fast-tail,2158.229,2159.164
RES,1,8192,enc-4x-late-tag,1860.661,1862.819
RES,1,16384,enc-8x,2560.028,2561.614
RES,1,16384,enc-4x-entry,3709.665,3714.415
RES,1,16384,enc-4x-fast-tail,4313.718,4315.776
RES,1,16384,enc-4x-late-tag,3709.702,3713.887
RES,1,32768,enc-8x,5113.514,5116.345
RES,1,32768,enc-4x-entry,7340.099,7481.559
RES,1,32768,enc-4x-fast-tail,8626.495,8630.044
RES,1,32768,enc-4x-late-tag,7344.260,7486.514
# SELFCHECK OK: 1..256 blocks, 4 variants
RES,2,1344,enc-8x,224.281,224.537
RES,2,1344,enc-4x-entry,314.585,314.906
RES,2,1344,enc-4x-fast-tail,356.040,356.318
RES,2,1344,enc-4x-late-tag,314.667,314.944
RES,2,2048,enc-8x,325.884,326.629
RES,2,2048,enc-4x-entry,474.037,474.371
RES,2,2048,enc-4x-fast-tail,541.372,541.596
RES,2,2048,enc-4x-late-tag,473.992,474.394
RES,2,4096,enc-8x,645.519,646.046
RES,2,4096,enc-4x-entry,936.290,937.110
RES,2,4096,enc-4x-fast-tail,1080.349,1080.791
RES,2,4096,enc-4x-late-tag,935.768,937.135
RES,2,8192,enc-8x,1283.855,1284.751
RES,2,8192,enc-4x-entry,1859.339,1862.844
RES,2,8192,enc-4x-fast-tail,2158.342,2159.191
RES,2,8192,enc-4x-late-tag,1861.060,1862.805
RES,2,16384,enc-8x,2560.792,2561.765
RES,2,16384,enc-4x-entry,3708.554,3714.105
RES,2,16384,enc-4x-fast-tail,4314.226,4316.028
RES,2,16384,enc-4x-late-tag,3710.278,3714.027
RES,2,32768,enc-8x,5113.400,5116.478
RES,2,32768,enc-4x-entry,7347.970,7475.446
RES,2,32768,enc-4x-fast-tail,8627.347,8630.857
RES,2,32768,enc-4x-late-tag,7391.267,7483.582
# SELFCHECK OK: 1..256 blocks, 4 variants
RES,3,1344,enc-8x,224.205,224.510
RES,3,1344,enc-4x-entry,314.877,315.140
RES,3,1344,enc-4x-fast-tail,356.039,356.283
RES,3,1344,enc-4x-late-tag,314.688,315.072
RES,3,2048,enc-8x,325.880,326.647
RES,3,2048,enc-4x-entry,474.420,474.852
RES,3,2048,enc-4x-fast-tail,541.418,541.670
RES,3,2048,enc-4x-late-tag,474.274,474.803
RES,3,4096,enc-8x,645.494,646.134
RES,3,4096,enc-4x-entry,937.049,938.105
RES,3,4096,enc-4x-fast-tail,1080.321,1080.889
RES,3,4096,enc-4x-late-tag,936.638,937.960
RES,3,8192,enc-8x,1284.116,1284.827
RES,3,8192,enc-4x-entry,1861.763,1864.680
RES,3,8192,enc-4x-fast-tail,2158.392,2159.151
RES,3,8192,enc-4x-late-tag,1862.850,1864.708
RES,3,16384,enc-8x,2560.493,2561.774
RES,3,16384,enc-4x-entry,3708.572,3718.422
RES,3,16384,enc-4x-fast-tail,4314.122,4316.453
RES,3,16384,enc-4x-late-tag,3711.127,3718.549
RES,3,32768,enc-8x,5113.224,5116.400
RES,3,32768,enc-4x-entry,7431.140,7466.594
RES,3,32768,enc-4x-fast-tail,8626.372,8629.710
RES,3,32768,enc-4x-late-tag,7457.591,7470.886
# SELFCHECK OK: 1..256 blocks, 4 variants
RES,4,1344,enc-8x,224.267,224.469
RES,4,1344,enc-4x-entry,314.572,314.870
RES,4,1344,enc-4x-fast-tail,356.014,356.272
RES,4,1344,enc-4x-late-tag,314.623,314.908
RES,4,2048,enc-8x,325.985,326.623
RES,4,2048,enc-4x-entry,473.941,474.415
RES,4,2048,enc-4x-fast-tail,541.106,541.605
RES,4,2048,enc-4x-late-tag,473.896,474.387
RES,4,4096,enc-8x,645.324,646.111
RES,4,4096,enc-4x-entry,936.200,937.221
RES,4,4096,enc-4x-fast-tail,1080.359,1080.725
RES,4,4096,enc-4x-late-tag,936.036,937.155
RES,4,8192,enc-8x,1283.827,1284.717
RES,4,8192,enc-4x-entry,1860.039,1862.797
RES,4,8192,enc-4x-fast-tail,2158.116,2159.042
RES,4,8192,enc-4x-late-tag,1860.649,1862.735
RES,4,16384,enc-8x,2560.536,2561.634
RES,4,16384,enc-4x-entry,3709.242,3714.126
RES,4,16384,enc-4x-fast-tail,4314.461,4316.119
RES,4,16384,enc-4x-late-tag,3710.249,3713.545
RES,4,32768,enc-8x,5111.815,5116.184
RES,4,32768,enc-4x-entry,7366.431,7482.669
RES,4,32768,enc-4x-fast-tail,8626.838,8630.200
RES,4,32768,enc-4x-late-tag,7411.515,7493.182
# SELFCHECK OK: 1..256 blocks, 4 variants
RES,5,1344,enc-8x,224.241,224.504
RES,5,1344,enc-4x-entry,314.804,315.096
RES,5,1344,enc-4x-fast-tail,356.070,356.321
RES,5,1344,enc-4x-late-tag,314.778,315.099
RES,5,2048,enc-8x,325.945,326.534
RES,5,2048,enc-4x-entry,474.403,474.801
RES,5,2048,enc-4x-fast-tail,541.425,541.662
RES,5,2048,enc-4x-late-tag,474.420,474.806
RES,5,4096,enc-8x,645.048,646.040
RES,5,4096,enc-4x-entry,936.979,938.091
RES,5,4096,enc-4x-fast-tail,1080.302,1080.804
RES,5,4096,enc-4x-late-tag,937.203,938.015
RES,5,8192,enc-8x,1283.374,1284.774
RES,5,8192,enc-4x-entry,1862.119,1864.782
RES,5,8192,enc-4x-fast-tail,2158.028,2159.187
RES,5,8192,enc-4x-late-tag,1862.226,1864.645
RES,5,16384,enc-8x,2560.593,2561.613
RES,5,16384,enc-4x-entry,3711.880,3718.637
RES,5,16384,enc-4x-fast-tail,4313.803,4315.444
RES,5,16384,enc-4x-late-tag,3714.474,3718.730
RES,5,32768,enc-8x,5112.632,5116.524
RES,5,32768,enc-4x-entry,7452.298,7470.520
RES,5,32768,enc-4x-fast-tail,8626.568,8630.339
RES,5,32768,enc-4x-late-tag,7462.991,7472.726
# SELFCHECK OK: 1..256 blocks, 4 variants
RES,6,1344,enc-8x,224.221,224.500
RES,6,1344,enc-4x-entry,314.487,314.790
RES,6,1344,enc-4x-fast-tail,355.988,356.295
RES,6,1344,enc-4x-late-tag,314.395,314.791
RES,6,2048,enc-8x,325.869,326.640
RES,6,2048,enc-4x-entry,474.004,474.375
RES,6,2048,enc-4x-fast-tail,541.370,541.620
RES,6,2048,enc-4x-late-tag,473.783,474.296
RES,6,4096,enc-8x,645.242,646.089
RES,6,4096,enc-4x-entry,936.307,937.214
RES,6,4096,enc-4x-fast-tail,1080.329,1080.793
RES,6,4096,enc-4x-late-tag,936.142,937.109
RES,6,8192,enc-8x,1283.889,1284.691
RES,6,8192,enc-4x-entry,1860.153,1862.763
RES,6,8192,enc-4x-fast-tail,2158.303,2159.102
RES,6,8192,enc-4x-late-tag,1860.138,1862.814
RES,6,16384,enc-8x,2560.438,2561.792
RES,6,16384,enc-4x-entry,3709.704,3714.486
RES,6,16384,enc-4x-fast-tail,4314.032,4315.689
RES,6,16384,enc-4x-late-tag,3709.675,3714.048
RES,6,32768,enc-8x,5114.738,5116.347
RES,6,32768,enc-4x-entry,7395.387,7479.045
RES,6,32768,enc-4x-fast-tail,8627.205,8629.831
RES,6,32768,enc-4x-late-tag,7392.513,7483.130
# SELFCHECK OK: 1..256 blocks, 4 variants
RES,7,1344,enc-8x,223.932,224.513
RES,7,1344,enc-4x-entry,314.815,315.120
RES,7,1344,enc-4x-fast-tail,356.063,356.304
RES,7,1344,enc-4x-late-tag,314.796,315.089
RES,7,2048,enc-8x,325.934,326.683
RES,7,2048,enc-4x-entry,474.248,474.844
RES,7,2048,enc-4x-fast-tail,541.304,541.611
RES,7,2048,enc-4x-late-tag,474.296,474.836
RES,7,4096,enc-8x,645.317,646.096
RES,7,4096,enc-4x-entry,937.104,938.125
RES,7,4096,enc-4x-fast-tail,1080.376,1080.688
RES,7,4096,enc-4x-late-tag,936.933,938.072
RES,7,8192,enc-8x,1283.789,1284.734
RES,7,8192,enc-4x-entry,1861.351,1864.493
RES,7,8192,enc-4x-fast-tail,2158.018,2158.978
RES,7,8192,enc-4x-late-tag,1862.201,1864.686
RES,7,16384,enc-8x,2560.493,2561.536
RES,7,16384,enc-4x-entry,3712.596,3718.556
RES,7,16384,enc-4x-fast-tail,4313.268,4315.162
RES,7,16384,enc-4x-late-tag,3711.282,3718.680
RES,7,32768,enc-8x,5113.466,5116.074
RES,7,32768,enc-4x-entry,7442.722,7468.886
RES,7,32768,enc-4x-fast-tail,8625.511,8629.863
RES,7,32768,enc-4x-late-tag,7457.325,7475.471
DONE: 7 correctness gates
