# date=2026-08-28T23:50:12Z
# host=ip-172-31-11-58
# model=Neoverse-N1
AWS Graviton2 AWS Graviton2 CPU @ 2.5GHz
# profile=g2 mode=small reps=160 processes=7 pinned_cpu=3
file,sha256,text_bytes
hanno-enc-entry.o,8988bf398f1a4083f76954af5185b578c0a6ffc5db61beee6b7f387a93f23d01,5140
entry-wrapper.o,04f61abf29a10d4ffd318e322c706fd907163d477e95183d183a8047492c299d,172
entry-short.o,9c28e1304a14639d5853f75cbef7b0fd75e9a8b863a14f5ba88f6d31bbe31d01,1252
entry-large.o,0221ad45f575a5cf272b915f5fc32e98c9742512e2bdec467bc1900a333649a8,3708
entry-fast-tail.o,2a2cbd57b79bd274c698b2c26a08bc5500b7794338f3e9a428229d48ab0ad59b,4380
entry-late-tag.o,8417a714dad9e7dabe037f849f510400c9ae693a2fe1821bbcf8f39b730dc36c,3864
entry-x8-enc.o,78605a647e192cc843d63e5ce89ba72ccd1788acc748f900edc54a9aad6b15d3,8624
# SELFCHECK OK: 1..256 blocks, 3 variants
RES,1,16,enc-4x-entry,22.602,23.202
RES,1,16,enc-4x-fast-tail,23.101,23.162
RES,1,16,enc-4x-late-tag,32.399,32.553
RES,1,32,enc-4x-entry,27.601,28.802
RES,1,32,enc-4x-fast-tail,27.633,27.785
RES,1,32,enc-4x-late-tag,45.200,45.349
RES,1,48,enc-4x-entry,33.601,34.002
RES,1,48,enc-4x-fast-tail,33.868,34.017
RES,1,48,enc-4x-late-tag,60.138,60.460
RES,1,64,enc-4x-entry,63.769,64.398
RES,1,64,enc-4x-fast-tail,41.201,41.347
RES,1,64,enc-4x-late-tag,63.118,63.847
RES,1,80,enc-4x-entry,79.740,80.475
RES,1,80,enc-4x-fast-tail,55.636,55.652
RES,1,80,enc-4x-late-tag,79.915,80.759
RES,1,96,enc-4x-entry,92.144,94.265
RES,1,96,enc-4x-fast-tail,60.743,60.886
RES,1,96,enc-4x-late-tag,91.944,92.598
RES,1,112,enc-4x-entry,106.285,110.103
RES,1,112,enc-4x-fast-tail,66.538,66.688
RES,1,112,enc-4x-late-tag,106.250,108.129
RES,1,128,enc-4x-entry,73.740,73.952
RES,1,128,enc-4x-fast-tail,68.541,68.737
RES,1,128,enc-4x-late-tag,74.806,74.971
# SELFCHECK OK: 1..256 blocks, 3 variants
RES,2,16,enc-4x-entry,22.602,23.202
RES,2,16,enc-4x-fast-tail,23.101,23.162
RES,2,16,enc-4x-late-tag,32.401,32.551
RES,2,32,enc-4x-entry,27.602,28.802
RES,2,32,enc-4x-fast-tail,27.633,27.786
RES,2,32,enc-4x-late-tag,45.200,45.351
RES,2,48,enc-4x-entry,33.601,33.980
RES,2,48,enc-4x-fast-tail,33.868,34.021
RES,2,48,enc-4x-late-tag,60.144,60.460
RES,2,64,enc-4x-entry,63.773,64.624
RES,2,64,enc-4x-fast-tail,41.201,41.351
RES,2,64,enc-4x-late-tag,63.276,63.948
RES,2,80,enc-4x-entry,79.747,80.489
RES,2,80,enc-4x-fast-tail,55.643,55.652
RES,2,80,enc-4x-late-tag,79.214,80.223
RES,2,96,enc-4x-entry,92.749,94.323
RES,2,96,enc-4x-fast-tail,60.747,60.900
RES,2,96,enc-4x-late-tag,91.947,92.938
RES,2,112,enc-4x-entry,107.484,109.295
RES,2,112,enc-4x-fast-tail,66.540,66.693
RES,2,112,enc-4x-late-tag,105.888,107.647
RES,2,128,enc-4x-entry,73.740,73.952
RES,2,128,enc-4x-fast-tail,68.541,68.730
RES,2,128,enc-4x-late-tag,74.811,74.972
# SELFCHECK OK: 1..256 blocks, 3 variants
RES,3,16,enc-4x-entry,22.602,23.344
RES,3,16,enc-4x-fast-tail,23.101,23.248
RES,3,16,enc-4x-late-tag,32.206,32.548
RES,3,32,enc-4x-entry,27.601,28.802
RES,3,32,enc-4x-fast-tail,27.633,27.809
RES,3,32,enc-4x-late-tag,45.201,45.350
RES,3,48,enc-4x-entry,33.601,33.983
RES,3,48,enc-4x-fast-tail,33.868,34.020
RES,3,48,enc-4x-late-tag,60.140,60.496
RES,3,64,enc-4x-entry,63.782,64.591
RES,3,64,enc-4x-fast-tail,41.201,41.350
RES,3,64,enc-4x-late-tag,63.304,63.945
RES,3,80,enc-4x-entry,79.750,80.494
RES,3,80,enc-4x-fast-tail,55.641,55.653
RES,3,80,enc-4x-late-tag,78.756,80.147
RES,3,96,enc-4x-entry,92.750,94.304
RES,3,96,enc-4x-fast-tail,60.740,60.890
RES,3,96,enc-4x-late-tag,91.948,93.130
RES,3,112,enc-4x-entry,107.497,109.258
RES,3,112,enc-4x-fast-tail,66.541,66.691
RES,3,112,enc-4x-late-tag,105.885,107.779
RES,3,128,enc-4x-entry,73.740,73.972
RES,3,128,enc-4x-fast-tail,68.541,68.707
RES,3,128,enc-4x-late-tag,74.890,75.040
# SELFCHECK OK: 1..256 blocks, 3 variants
RES,4,16,enc-4x-entry,22.602,23.202
RES,4,16,enc-4x-fast-tail,23.101,23.250
RES,4,16,enc-4x-late-tag,32.401,32.551
RES,4,32,enc-4x-entry,27.602,28.802
RES,4,32,enc-4x-fast-tail,27.633,27.792
RES,4,32,enc-4x-late-tag,45.201,45.351
RES,4,48,enc-4x-entry,33.601,34.001
RES,4,48,enc-4x-fast-tail,33.868,34.021
RES,4,48,enc-4x-late-tag,60.141,60.527
RES,4,64,enc-4x-entry,63.781,64.519
RES,4,64,enc-4x-fast-tail,41.201,41.350
RES,4,64,enc-4x-late-tag,63.268,63.855
RES,4,80,enc-4x-entry,79.899,80.582
RES,4,80,enc-4x-fast-tail,55.641,55.653
RES,4,80,enc-4x-late-tag,79.310,80.149
RES,4,96,enc-4x-entry,92.750,94.521
RES,4,96,enc-4x-fast-tail,60.742,60.893
RES,4,96,enc-4x-late-tag,91.943,93.461
RES,4,112,enc-4x-entry,107.499,109.385
RES,4,112,enc-4x-fast-tail,66.546,66.693
RES,4,112,enc-4x-late-tag,105.888,107.983
RES,4,128,enc-4x-entry,73.741,73.945
RES,4,128,enc-4x-fast-tail,68.545,68.710
RES,4,128,enc-4x-late-tag,74.887,75.043
# SELFCHECK OK: 1..256 blocks, 3 variants
RES,5,16,enc-4x-entry,22.602,23.343
RES,5,16,enc-4x-fast-tail,23.101,23.250
RES,5,16,enc-4x-late-tag,32.401,32.551
RES,5,32,enc-4x-entry,27.602,28.802
RES,5,32,enc-4x-fast-tail,27.633,27.831
RES,5,32,enc-4x-late-tag,45.201,45.352
RES,5,48,enc-4x-entry,33.601,33.972
RES,5,48,enc-4x-fast-tail,33.868,34.022
RES,5,48,enc-4x-late-tag,60.145,60.576
RES,5,64,enc-4x-entry,63.786,64.412
RES,5,64,enc-4x-fast-tail,41.201,41.352
RES,5,64,enc-4x-late-tag,63.123,63.770
RES,5,80,enc-4x-entry,79.750,80.383
RES,5,80,enc-4x-fast-tail,55.644,55.657
RES,5,80,enc-4x-late-tag,78.902,80.897
RES,5,96,enc-4x-entry,92.750,94.617
RES,5,96,enc-4x-fast-tail,60.744,60.877
RES,5,96,enc-4x-late-tag,91.943,93.080
RES,5,112,enc-4x-entry,107.710,110.016
RES,5,112,enc-4x-fast-tail,66.541,66.695
RES,5,112,enc-4x-late-tag,105.896,108.938
RES,5,128,enc-4x-entry,73.748,73.957
RES,5,128,enc-4x-fast-tail,68.548,68.750
RES,5,128,enc-4x-late-tag,74.713,74.882
# SELFCHECK OK: 1..256 blocks, 3 variants
RES,6,16,enc-4x-entry,22.601,23.245
RES,6,16,enc-4x-fast-tail,23.101,23.248
RES,6,16,enc-4x-late-tag,32.401,32.549
RES,6,32,enc-4x-entry,27.602,28.947
RES,6,32,enc-4x-fast-tail,27.633,27.789
RES,6,32,enc-4x-late-tag,45.200,45.352
RES,6,48,enc-4x-entry,33.601,34.001
RES,6,48,enc-4x-fast-tail,33.868,34.022
RES,6,48,enc-4x-late-tag,60.143,60.484
RES,6,64,enc-4x-entry,63.771,64.332
RES,6,64,enc-4x-fast-tail,41.201,41.351
RES,6,64,enc-4x-late-tag,63.297,65.133
RES,6,80,enc-4x-entry,79.745,80.412
RES,6,80,enc-4x-fast-tail,55.640,55.656
RES,6,80,enc-4x-late-tag,79.032,80.040
RES,6,96,enc-4x-entry,92.747,94.150
RES,6,96,enc-4x-fast-tail,60.744,60.891
RES,6,96,enc-4x-late-tag,93.146,93.817
RES,6,112,enc-4x-entry,107.489,109.165
RES,6,112,enc-4x-fast-tail,66.543,66.693
RES,6,112,enc-4x-late-tag,105.891,107.745
RES,6,128,enc-4x-entry,73.746,73.986
RES,6,128,enc-4x-fast-tail,68.547,68.730
RES,6,128,enc-4x-late-tag,74.806,74.974
# SELFCHECK OK: 1..256 blocks, 3 variants
RES,7,16,enc-4x-entry,22.602,23.202
RES,7,16,enc-4x-fast-tail,23.102,23.249
RES,7,16,enc-4x-late-tag,32.400,32.551
RES,7,32,enc-4x-entry,27.602,28.802
RES,7,32,enc-4x-fast-tail,27.633,27.791
RES,7,32,enc-4x-late-tag,45.201,45.353
RES,7,48,enc-4x-entry,33.601,34.001
RES,7,48,enc-4x-fast-tail,33.868,34.021
RES,7,48,enc-4x-late-tag,60.141,60.531
RES,7,64,enc-4x-entry,63.780,64.676
RES,7,64,enc-4x-fast-tail,41.201,41.353
RES,7,64,enc-4x-late-tag,63.125,64.412
RES,7,80,enc-4x-entry,79.901,80.430
RES,7,80,enc-4x-fast-tail,55.641,55.657
RES,7,80,enc-4x-late-tag,78.313,80.302
RES,7,96,enc-4x-entry,92.893,94.694
RES,7,96,enc-4x-fast-tail,60.745,60.894
RES,7,96,enc-4x-late-tag,91.950,93.391
RES,7,112,enc-4x-entry,107.498,109.630
RES,7,112,enc-4x-fast-tail,66.542,66.692
RES,7,112,enc-4x-late-tag,105.892,108.176
RES,7,128,enc-4x-entry,73.742,73.962
RES,7,128,enc-4x-fast-tail,68.541,68.720
RES,7,128,enc-4x-late-tag,74.813,74.978
DONE: 7 correctness gates
