# date=2026-08-28T23:50:13Z
# host=ip-172-31-42-229
# model=Neoverse-V3
AWS Graviton5 AWS Graviton5 CPU @ 3.3GHz
# profile=all mode=small reps=160 processes=7 pinned_cpu=3
file,sha256,text_bytes
hanno-enc-entry.o,8988bf398f1a4083f76954af5185b578c0a6ffc5db61beee6b7f387a93f23d01,5140
entry-wrapper.o,04f61abf29a10d4ffd318e322c706fd907163d477e95183d183a8047492c299d,172
entry-short.o,9c28e1304a14639d5853f75cbef7b0fd75e9a8b863a14f5ba88f6d31bbe31d01,1252
entry-large.o,0221ad45f575a5cf272b915f5fc32e98c9742512e2bdec467bc1900a333649a8,3708
entry-fast-tail.o,2a2cbd57b79bd274c698b2c26a08bc5500b7794338f3e9a428229d48ab0ad59b,4380
entry-late-tag.o,8417a714dad9e7dabe037f849f510400c9ae693a2fe1821bbcf8f39b730dc36c,3864
entry-x8-enc.o,78605a647e192cc843d63e5ce89ba72ccd1788acc748f900edc54a9aad6b15d3,8624
# SELFCHECK OK: 1..256 blocks, 4 variants
RES,1,16,enc-8x,10.573,10.592
RES,1,16,enc-4x-entry,9.367,9.372
RES,1,16,enc-4x-fast-tail,9.331,9.402
RES,1,16,enc-4x-late-tag,22.759,22.933
RES,1,32,enc-8x,11.038,11.064
RES,1,32,enc-4x-entry,10.709,10.718
RES,1,32,enc-4x-fast-tail,10.717,10.733
RES,1,32,enc-4x-late-tag,29.301,29.448
RES,1,48,enc-8x,13.841,13.864
RES,1,48,enc-4x-entry,13.933,13.954
RES,1,48,enc-4x-fast-tail,14.020,14.041
RES,1,48,enc-4x-late-tag,35.519,35.698
RES,1,64,enc-8x,14.982,15.014
RES,1,64,enc-4x-entry,29.064,29.203
RES,1,64,enc-4x-fast-tail,16.810,16.899
RES,1,64,enc-4x-late-tag,29.069,29.227
RES,1,80,enc-8x,21.651,21.767
RES,1,80,enc-4x-entry,35.693,35.826
RES,1,80,enc-4x-fast-tail,22.002,22.116
RES,1,80,enc-4x-late-tag,35.679,35.806
RES,1,96,enc-8x,22.248,22.363
RES,1,96,enc-4x-entry,41.911,42.292
RES,1,96,enc-4x-fast-tail,24.625,24.748
RES,1,96,enc-4x-late-tag,41.970,42.286
RES,1,112,enc-8x,22.775,22.899
RES,1,112,enc-4x-entry,48.273,48.549
RES,1,112,enc-4x-fast-tail,27.949,28.079
RES,1,112,enc-4x-late-tag,47.913,48.451
RES,1,128,enc-8x,21.450,21.568
RES,1,128,enc-4x-entry,38.090,38.221
RES,1,128,enc-4x-fast-tail,29.229,29.362
RES,1,128,enc-4x-late-tag,38.182,38.322
# SELFCHECK OK: 1..256 blocks, 4 variants
RES,2,16,enc-8x,10.574,10.604
RES,2,16,enc-4x-entry,9.368,9.375
RES,2,16,enc-4x-fast-tail,9.338,9.388
RES,2,16,enc-4x-late-tag,22.774,22.927
RES,2,32,enc-8x,11.037,11.064
RES,2,32,enc-4x-entry,10.706,10.715
RES,2,32,enc-4x-fast-tail,10.705,10.718
RES,2,32,enc-4x-late-tag,29.284,29.440
RES,2,48,enc-8x,13.835,13.857
RES,2,48,enc-4x-entry,13.933,13.956
RES,2,48,enc-4x-fast-tail,13.978,13.994
RES,2,48,enc-4x-late-tag,35.525,35.697
RES,2,64,enc-8x,14.958,14.988
RES,2,64,enc-4x-entry,29.032,29.332
RES,2,64,enc-4x-fast-tail,16.790,16.868
RES,2,64,enc-4x-late-tag,29.050,29.360
RES,2,80,enc-8x,21.636,21.752
RES,2,80,enc-4x-entry,35.688,35.823
RES,2,80,enc-4x-fast-tail,21.980,22.098
RES,2,80,enc-4x-late-tag,35.670,35.810
RES,2,96,enc-8x,22.223,22.339
RES,2,96,enc-4x-entry,41.984,42.195
RES,2,96,enc-4x-fast-tail,24.603,24.726
RES,2,96,enc-4x-late-tag,41.991,42.189
RES,2,112,enc-8x,22.785,22.907
RES,2,112,enc-4x-entry,48.410,48.548
RES,2,112,enc-4x-fast-tail,27.949,28.072
RES,2,112,enc-4x-late-tag,48.310,48.454
RES,2,128,enc-8x,21.458,21.579
RES,2,128,enc-4x-entry,38.081,38.212
RES,2,128,enc-4x-fast-tail,29.257,29.381
RES,2,128,enc-4x-late-tag,38.174,38.310
# SELFCHECK OK: 1..256 blocks, 4 variants
RES,3,16,enc-8x,10.576,10.598
RES,3,16,enc-4x-entry,9.368,9.378
RES,3,16,enc-4x-fast-tail,9.341,9.355
RES,3,16,enc-4x-late-tag,22.806,22.922
RES,3,32,enc-8x,11.053,11.105
RES,3,32,enc-4x-entry,10.712,10.722
RES,3,32,enc-4x-fast-tail,10.706,10.721
RES,3,32,enc-4x-late-tag,29.251,29.445
RES,3,48,enc-8x,13.843,13.867
RES,3,48,enc-4x-entry,13.934,13.963
RES,3,48,enc-4x-fast-tail,13.980,13.997
RES,3,48,enc-4x-late-tag,35.515,35.691
RES,3,64,enc-8x,14.966,15.001
RES,3,64,enc-4x-entry,29.020,29.393
RES,3,64,enc-4x-fast-tail,16.797,16.864
RES,3,64,enc-4x-late-tag,29.105,29.355
RES,3,80,enc-8x,21.629,21.754
RES,3,80,enc-4x-entry,35.694,35.823
RES,3,80,enc-4x-fast-tail,21.977,22.094
RES,3,80,enc-4x-late-tag,35.487,35.801
RES,3,96,enc-8x,22.228,22.341
RES,3,96,enc-4x-entry,42.035,42.299
RES,3,96,enc-4x-fast-tail,24.599,24.727
RES,3,96,enc-4x-late-tag,41.888,42.294
RES,3,112,enc-8x,22.779,22.896
RES,3,112,enc-4x-entry,48.292,48.591
RES,3,112,enc-4x-fast-tail,27.933,28.057
RES,3,112,enc-4x-late-tag,47.342,48.416
RES,3,128,enc-8x,21.446,21.570
RES,3,128,enc-4x-entry,38.057,38.216
RES,3,128,enc-4x-fast-tail,29.239,29.366
RES,3,128,enc-4x-late-tag,38.137,38.314
# SELFCHECK OK: 1..256 blocks, 4 variants
RES,4,16,enc-8x,10.572,10.590
RES,4,16,enc-4x-entry,9.367,9.372
RES,4,16,enc-4x-fast-tail,9.338,9.352
RES,4,16,enc-4x-late-tag,22.758,22.886
RES,4,32,enc-8x,11.040,11.063
RES,4,32,enc-4x-entry,10.706,10.718
RES,4,32,enc-4x-fast-tail,10.714,10.731
RES,4,32,enc-4x-late-tag,29.236,29.462
RES,4,48,enc-8x,13.835,13.856
RES,4,48,enc-4x-entry,13.933,13.959
RES,4,48,enc-4x-fast-tail,14.012,14.037
RES,4,48,enc-4x-late-tag,35.465,35.697
RES,4,64,enc-8x,14.964,14.989
RES,4,64,enc-4x-entry,29.025,29.365
RES,4,64,enc-4x-fast-tail,16.795,16.864
RES,4,64,enc-4x-late-tag,29.067,29.351
RES,4,80,enc-8x,21.634,21.752
RES,4,80,enc-4x-entry,35.687,35.822
RES,4,80,enc-4x-fast-tail,21.979,22.099
RES,4,80,enc-4x-late-tag,35.670,35.801
RES,4,96,enc-8x,22.222,22.340
RES,4,96,enc-4x-entry,41.954,42.289
RES,4,96,enc-4x-fast-tail,24.606,24.722
RES,4,96,enc-4x-late-tag,41.947,42.246
RES,4,112,enc-8x,22.778,22.896
RES,4,112,enc-4x-entry,48.249,48.609
RES,4,112,enc-4x-fast-tail,27.935,28.055
RES,4,112,enc-4x-late-tag,47.123,48.474
RES,4,128,enc-8x,21.453,21.566
RES,4,128,enc-4x-entry,38.078,38.211
RES,4,128,enc-4x-fast-tail,29.236,29.362
RES,4,128,enc-4x-late-tag,38.180,38.319
# SELFCHECK OK: 1..256 blocks, 4 variants
RES,5,16,enc-8x,10.571,10.589
RES,5,16,enc-4x-entry,9.367,9.372
RES,5,16,enc-4x-fast-tail,9.332,9.405
RES,5,16,enc-4x-late-tag,22.758,22.882
RES,5,32,enc-8x,11.043,11.105
RES,5,32,enc-4x-entry,10.709,10.719
RES,5,32,enc-4x-fast-tail,10.706,10.719
RES,5,32,enc-4x-late-tag,29.322,29.457
RES,5,48,enc-8x,13.845,13.867
RES,5,48,enc-4x-entry,13.925,13.953
RES,5,48,enc-4x-fast-tail,13.981,13.999
RES,5,48,enc-4x-late-tag,35.392,35.700
RES,5,64,enc-8x,14.979,15.006
RES,5,64,enc-4x-entry,28.616,29.395
RES,5,64,enc-4x-fast-tail,16.792,16.865
RES,5,64,enc-4x-late-tag,29.116,29.369
RES,5,80,enc-8x,21.647,21.675
RES,5,80,enc-4x-entry,35.687,35.819
RES,5,80,enc-4x-fast-tail,21.980,22.098
RES,5,80,enc-4x-late-tag,35.506,35.800
RES,5,96,enc-8x,22.249,22.266
RES,5,96,enc-4x-entry,42.027,42.290
RES,5,96,enc-4x-fast-tail,24.602,24.724
RES,5,96,enc-4x-late-tag,41.996,42.294
RES,5,112,enc-8x,22.799,22.915
RES,5,112,enc-4x-entry,48.294,48.580
RES,5,112,enc-4x-fast-tail,27.928,28.056
RES,5,112,enc-4x-late-tag,47.330,48.435
RES,5,128,enc-8x,21.469,21.577
RES,5,128,enc-4x-entry,38.088,38.218
RES,5,128,enc-4x-fast-tail,29.235,29.363
RES,5,128,enc-4x-late-tag,38.177,38.323
# SELFCHECK OK: 1..256 blocks, 4 variants
RES,6,16,enc-8x,10.573,10.602
RES,6,16,enc-4x-entry,9.366,9.372
RES,6,16,enc-4x-fast-tail,9.334,9.403
RES,6,16,enc-4x-late-tag,22.762,22.909
RES,6,32,enc-8x,11.042,11.106
RES,6,32,enc-4x-entry,10.709,10.719
RES,6,32,enc-4x-fast-tail,10.718,10.733
RES,6,32,enc-4x-late-tag,29.281,29.431
RES,6,48,enc-8x,13.838,13.855
RES,6,48,enc-4x-entry,13.935,13.963
RES,6,48,enc-4x-fast-tail,14.018,14.040
RES,6,48,enc-4x-late-tag,35.526,35.695
RES,6,64,enc-8x,14.960,14.990
RES,6,64,enc-4x-entry,29.064,29.381
RES,6,64,enc-4x-fast-tail,16.813,16.886
RES,6,64,enc-4x-late-tag,29.079,29.355
RES,6,80,enc-8x,21.633,21.661
RES,6,80,enc-4x-entry,35.694,35.821
RES,6,80,enc-4x-fast-tail,22.000,22.121
RES,6,80,enc-4x-late-tag,35.667,35.792
RES,6,96,enc-8x,22.226,22.337
RES,6,96,enc-4x-entry,42.043,42.303
RES,6,96,enc-4x-fast-tail,24.627,24.749
RES,6,96,enc-4x-late-tag,42.008,42.282
RES,6,112,enc-8x,22.781,22.897
RES,6,112,enc-4x-entry,48.031,48.596
RES,6,112,enc-4x-fast-tail,27.954,28.078
RES,6,112,enc-4x-late-tag,47.332,48.507
RES,6,128,enc-8x,21.445,21.487
RES,6,128,enc-4x-entry,38.088,38.221
RES,6,128,enc-4x-fast-tail,29.235,29.362
RES,6,128,enc-4x-late-tag,38.182,38.325
# SELFCHECK OK: 1..256 blocks, 4 variants
RES,7,16,enc-8x,10.571,10.590
RES,7,16,enc-4x-entry,9.365,9.372
RES,7,16,enc-4x-fast-tail,9.337,9.406
RES,7,16,enc-4x-late-tag,22.761,22.896
RES,7,32,enc-8x,11.041,11.100
RES,7,32,enc-4x-entry,10.706,10.717
RES,7,32,enc-4x-fast-tail,10.707,10.719
RES,7,32,enc-4x-late-tag,29.253,29.443
RES,7,48,enc-8x,13.845,13.863
RES,7,48,enc-4x-entry,13.932,13.957
RES,7,48,enc-4x-fast-tail,13.980,13.995
RES,7,48,enc-4x-late-tag,35.392,35.648
RES,7,64,enc-8x,14.976,15.007
RES,7,64,enc-4x-entry,29.084,29.323
RES,7,64,enc-4x-fast-tail,16.796,16.866
RES,7,64,enc-4x-late-tag,29.068,29.356
RES,7,80,enc-8x,21.633,21.747
RES,7,80,enc-4x-entry,35.696,35.821
RES,7,80,enc-4x-fast-tail,21.983,22.093
RES,7,80,enc-4x-late-tag,35.650,35.774
RES,7,96,enc-8x,22.223,22.337
RES,7,96,enc-4x-entry,42.024,42.297
RES,7,96,enc-4x-fast-tail,24.595,24.722
RES,7,96,enc-4x-late-tag,41.995,42.283
RES,7,112,enc-8x,22.774,22.893
RES,7,112,enc-4x-entry,48.248,48.598
RES,7,112,enc-4x-fast-tail,27.930,28.057
RES,7,112,enc-4x-late-tag,48.208,48.440
RES,7,128,enc-8x,21.453,21.569
RES,7,128,enc-4x-entry,38.088,38.214
RES,7,128,enc-4x-fast-tail,29.239,29.362
RES,7,128,enc-4x-late-tag,38.168,38.326
DONE: 7 correctness gates
