# date=2026-08-28T23:50:12Z
# host=ip-172-31-4-159
# model=Neoverse-V1
AWS Graviton3 AWS Graviton3 CPU @ 2.6GHz
# profile=all mode=small reps=160 processes=7 pinned_cpu=3
file,sha256,text_bytes
hanno-enc-entry.o,8988bf398f1a4083f76954af5185b578c0a6ffc5db61beee6b7f387a93f23d01,5140
entry-wrapper.o,04f61abf29a10d4ffd318e322c706fd907163d477e95183d183a8047492c299d,172
entry-short.o,9c28e1304a14639d5853f75cbef7b0fd75e9a8b863a14f5ba88f6d31bbe31d01,1252
entry-large.o,0221ad45f575a5cf272b915f5fc32e98c9742512e2bdec467bc1900a333649a8,3708
entry-fast-tail.o,2a2cbd57b79bd274c698b2c26a08bc5500b7794338f3e9a428229d48ab0ad59b,4380
entry-late-tag.o,8417a714dad9e7dabe037f849f510400c9ae693a2fe1821bbcf8f39b730dc36c,3864
entry-x8-enc.o,78605a647e192cc843d63e5ce89ba72ccd1788acc748f900edc54a9aad6b15d3,8624
# SELFCHECK OK: 1..256 blocks, 4 variants
RES,1,16,enc-8x,15.148,15.163
RES,1,16,enc-4x-entry,13.256,13.265
RES,1,16,enc-4x-fast-tail,13.447,13.805
RES,1,16,enc-4x-late-tag,28.883,29.400
RES,1,32,enc-8x,16.526,16.981
RES,1,32,enc-4x-entry,17.732,17.949
RES,1,32,enc-4x-fast-tail,17.803,17.950
RES,1,32,enc-4x-late-tag,36.548,37.253
RES,1,48,enc-8x,20.991,21.126
RES,1,48,enc-4x-entry,22.209,22.760
RES,1,48,enc-4x-fast-tail,22.252,22.401
RES,1,48,enc-4x-late-tag,44.775,45.234
RES,1,64,enc-8x,21.830,22.035
RES,1,64,enc-4x-entry,42.155,43.359
RES,1,64,enc-4x-fast-tail,25.770,26.072
RES,1,64,enc-4x-late-tag,42.916,43.381
RES,1,80,enc-8x,31.583,31.942
RES,1,80,enc-4x-entry,51.621,51.856
RES,1,80,enc-4x-fast-tail,33.349,33.990
RES,1,80,enc-4x-late-tag,51.605,51.919
RES,1,96,enc-8x,32.492,32.852
RES,1,96,enc-4x-entry,59.884,60.724
RES,1,96,enc-4x-fast-tail,37.322,37.653
RES,1,96,enc-4x-late-tag,59.700,60.598
RES,1,112,enc-8x,33.488,34.140
RES,1,112,enc-4x-entry,68.736,69.337
RES,1,112,enc-4x-fast-tail,41.592,42.080
RES,1,112,enc-4x-late-tag,67.903,69.263
RES,1,128,enc-8x,31.259,31.737
RES,1,128,enc-4x-entry,49.586,49.978
RES,1,128,enc-4x-fast-tail,43.463,43.825
RES,1,128,enc-4x-late-tag,49.341,49.703
# SELFCHECK OK: 1..256 blocks, 4 variants
RES,2,16,enc-8x,15.151,15.164
RES,2,16,enc-4x-entry,13.257,13.264
RES,2,16,enc-4x-fast-tail,13.442,13.886
RES,2,16,enc-4x-late-tag,28.655,29.257
RES,2,32,enc-8x,16.523,16.980
RES,2,32,enc-4x-entry,17.802,18.054
RES,2,32,enc-4x-fast-tail,17.810,17.948
RES,2,32,enc-4x-late-tag,36.589,37.194
RES,2,48,enc-8x,20.992,21.127
RES,2,48,enc-4x-entry,22.266,22.813
RES,2,48,enc-4x-fast-tail,22.204,22.386
RES,2,48,enc-4x-late-tag,44.522,45.145
RES,2,64,enc-8x,21.835,22.038
RES,2,64,enc-4x-entry,42.877,43.422
RES,2,64,enc-4x-fast-tail,25.793,26.074
RES,2,64,enc-4x-late-tag,42.733,43.369
RES,2,80,enc-8x,31.686,31.972
RES,2,80,enc-4x-entry,51.475,51.890
RES,2,80,enc-4x-fast-tail,33.491,33.814
RES,2,80,enc-4x-late-tag,51.585,51.943
RES,2,96,enc-8x,32.359,32.901
RES,2,96,enc-4x-entry,59.721,60.782
RES,2,96,enc-4x-fast-tail,37.112,37.656
RES,2,96,enc-4x-late-tag,58.870,60.504
RES,2,112,enc-8x,33.587,34.075
RES,2,112,enc-4x-entry,68.680,69.366
RES,2,112,enc-4x-fast-tail,41.352,42.052
RES,2,112,enc-4x-late-tag,68.463,69.322
RES,2,128,enc-8x,31.543,31.777
RES,2,128,enc-4x-entry,48.856,49.891
RES,2,128,enc-4x-fast-tail,43.573,43.856
RES,2,128,enc-4x-late-tag,48.614,49.657
# SELFCHECK OK: 1..256 blocks, 4 variants
RES,3,16,enc-8x,15.151,15.163
RES,3,16,enc-4x-entry,13.255,13.265
RES,3,16,enc-4x-fast-tail,13.445,13.891
RES,3,16,enc-4x-late-tag,28.752,29.285
RES,3,32,enc-8x,16.524,16.979
RES,3,32,enc-4x-entry,17.803,17.950
RES,3,32,enc-4x-fast-tail,17.804,17.949
RES,3,32,enc-4x-late-tag,36.386,37.073
RES,3,48,enc-8x,20.996,21.127
RES,3,48,enc-4x-entry,22.335,22.828
RES,3,48,enc-4x-fast-tail,22.201,22.388
RES,3,48,enc-4x-late-tag,44.505,45.212
RES,3,64,enc-8x,21.835,22.083
RES,3,64,enc-4x-entry,42.545,43.407
RES,3,64,enc-4x-fast-tail,25.714,26.046
RES,3,64,enc-4x-late-tag,42.829,43.351
RES,3,80,enc-8x,31.603,31.941
RES,3,80,enc-4x-entry,51.503,51.871
RES,3,80,enc-4x-fast-tail,33.352,33.978
RES,3,80,enc-4x-late-tag,51.644,51.927
RES,3,96,enc-8x,32.494,32.808
RES,3,96,enc-4x-entry,59.965,60.846
RES,3,96,enc-4x-fast-tail,37.269,37.653
RES,3,96,enc-4x-late-tag,59.191,60.499
RES,3,112,enc-8x,33.464,34.086
RES,3,112,enc-4x-entry,68.512,69.366
RES,3,112,enc-4x-fast-tail,41.408,42.044
RES,3,112,enc-4x-late-tag,68.448,69.280
RES,3,128,enc-8x,31.405,31.747
RES,3,128,enc-4x-entry,48.643,49.840
RES,3,128,enc-4x-fast-tail,43.468,43.835
RES,3,128,enc-4x-late-tag,48.618,49.671
# SELFCHECK OK: 1..256 blocks, 4 variants
RES,4,16,enc-8x,15.152,15.161
RES,4,16,enc-4x-entry,13.254,13.265
RES,4,16,enc-4x-fast-tail,13.445,13.693
RES,4,16,enc-4x-late-tag,28.831,29.347
RES,4,32,enc-8x,16.533,16.974
RES,4,32,enc-4x-entry,17.783,17.986
RES,4,32,enc-4x-fast-tail,17.810,17.948
RES,4,32,enc-4x-late-tag,36.591,37.308
RES,4,48,enc-8x,20.993,21.123
RES,4,48,enc-4x-entry,22.481,22.922
RES,4,48,enc-4x-fast-tail,22.203,22.383
RES,4,48,enc-4x-late-tag,44.791,45.116
RES,4,64,enc-8x,21.834,22.050
RES,4,64,enc-4x-entry,42.279,43.441
RES,4,64,enc-4x-fast-tail,25.695,26.065
RES,4,64,enc-4x-late-tag,42.560,43.374
RES,4,80,enc-8x,31.603,31.954
RES,4,80,enc-4x-entry,51.672,51.850
RES,4,80,enc-4x-fast-tail,33.359,34.082
RES,4,80,enc-4x-late-tag,51.480,51.975
RES,4,96,enc-8x,32.449,32.861
RES,4,96,enc-4x-entry,59.885,60.763
RES,4,96,enc-4x-fast-tail,37.247,37.638
RES,4,96,enc-4x-late-tag,59.556,60.444
RES,4,112,enc-8x,33.501,34.159
RES,4,112,enc-4x-entry,68.639,69.304
RES,4,112,enc-4x-fast-tail,41.390,42.073
RES,4,112,enc-4x-late-tag,68.651,69.288
RES,4,128,enc-8x,31.194,31.749
RES,4,128,enc-4x-entry,49.241,49.879
RES,4,128,enc-4x-fast-tail,43.573,43.809
RES,4,128,enc-4x-late-tag,48.687,49.799
# SELFCHECK OK: 1..256 blocks, 4 variants
RES,5,16,enc-8x,15.148,15.160
RES,5,16,enc-4x-entry,13.255,13.264
RES,5,16,enc-4x-fast-tail,13.441,13.819
RES,5,16,enc-4x-late-tag,28.658,29.315
RES,5,32,enc-8x,16.519,16.919
RES,5,32,enc-4x-entry,17.783,17.988
RES,5,32,enc-4x-fast-tail,17.811,17.946
RES,5,32,enc-4x-late-tag,36.544,37.271
RES,5,48,enc-8x,20.990,21.112
RES,5,48,enc-4x-entry,22.211,22.774
RES,5,48,enc-4x-fast-tail,22.214,22.406
RES,5,48,enc-4x-late-tag,44.772,45.140
RES,5,64,enc-8x,21.837,22.080
RES,5,64,enc-4x-entry,42.040,43.356
RES,5,64,enc-4x-fast-tail,25.616,26.070
RES,5,64,enc-4x-late-tag,42.706,43.406
RES,5,80,enc-8x,31.354,31.921
RES,5,80,enc-4x-entry,51.630,51.861
RES,5,80,enc-4x-fast-tail,33.352,33.996
RES,5,80,enc-4x-late-tag,51.626,51.915
RES,5,96,enc-8x,32.510,32.725
RES,5,96,enc-4x-entry,59.887,60.637
RES,5,96,enc-4x-fast-tail,37.103,37.664
RES,5,96,enc-4x-late-tag,59.682,60.535
RES,5,112,enc-8x,33.346,34.143
RES,5,112,enc-4x-entry,68.694,69.358
RES,5,112,enc-4x-fast-tail,41.645,42.073
RES,5,112,enc-4x-late-tag,68.317,69.304
RES,5,128,enc-8x,31.400,31.737
RES,5,128,enc-4x-entry,49.488,49.861
RES,5,128,enc-4x-fast-tail,43.558,43.864
RES,5,128,enc-4x-late-tag,49.083,49.710
# SELFCHECK OK: 1..256 blocks, 4 variants
RES,6,16,enc-8x,15.149,15.161
RES,6,16,enc-4x-entry,13.255,13.265
RES,6,16,enc-4x-fast-tail,13.444,13.936
RES,6,16,enc-4x-late-tag,28.771,29.200
RES,6,32,enc-8x,16.520,16.850
RES,6,32,enc-4x-entry,17.785,17.915
RES,6,32,enc-4x-fast-tail,17.810,17.950
RES,6,32,enc-4x-late-tag,36.539,37.108
RES,6,48,enc-8x,20.998,21.136
RES,6,48,enc-4x-entry,22.212,22.861
RES,6,48,enc-4x-fast-tail,22.208,22.372
RES,6,48,enc-4x-late-tag,44.813,45.082
RES,6,64,enc-8x,21.782,22.084
RES,6,64,enc-4x-entry,42.038,43.392
RES,6,64,enc-4x-fast-tail,25.677,26.046
RES,6,64,enc-4x-late-tag,42.710,43.387
RES,6,80,enc-8x,31.361,32.127
RES,6,80,enc-4x-entry,51.535,51.810
RES,6,80,enc-4x-fast-tail,33.353,33.906
RES,6,80,enc-4x-late-tag,51.473,51.893
RES,6,96,enc-8x,32.480,32.931
RES,6,96,enc-4x-entry,60.034,60.700
RES,6,96,enc-4x-fast-tail,37.143,37.632
RES,6,96,enc-4x-late-tag,59.473,60.517
RES,6,112,enc-8x,33.475,34.074
RES,6,112,enc-4x-entry,68.549,69.256
RES,6,112,enc-4x-fast-tail,41.607,42.028
RES,6,112,enc-4x-late-tag,68.438,69.294
RES,6,128,enc-8x,31.336,31.753
RES,6,128,enc-4x-entry,49.206,49.880
RES,6,128,enc-4x-fast-tail,43.564,43.880
RES,6,128,enc-4x-late-tag,48.850,49.667
# SELFCHECK OK: 1..256 blocks, 4 variants
RES,7,16,enc-8x,15.149,15.159
RES,7,16,enc-4x-entry,13.257,13.267
RES,7,16,enc-4x-fast-tail,13.445,13.937
RES,7,16,enc-4x-late-tag,28.729,29.253
RES,7,32,enc-8x,16.524,16.986
RES,7,32,enc-4x-entry,17.726,17.956
RES,7,32,enc-4x-fast-tail,17.811,17.950
RES,7,32,enc-4x-late-tag,36.672,37.133
RES,7,48,enc-8x,20.996,21.136
RES,7,48,enc-4x-entry,22.326,22.873
RES,7,48,enc-4x-fast-tail,22.269,22.380
RES,7,48,enc-4x-late-tag,44.747,45.194
RES,7,64,enc-8x,21.819,22.044
RES,7,64,enc-4x-entry,41.980,43.369
RES,7,64,enc-4x-fast-tail,25.612,26.118
RES,7,64,enc-4x-late-tag,42.879,43.399
RES,7,80,enc-8x,31.680,32.118
RES,7,80,enc-4x-entry,51.142,51.826
RES,7,80,enc-4x-fast-tail,33.475,33.950
RES,7,80,enc-4x-late-tag,51.638,51.942
RES,7,96,enc-8x,32.431,32.775
RES,7,96,enc-4x-entry,59.399,60.685
RES,7,96,enc-4x-fast-tail,37.323,37.643
RES,7,96,enc-4x-late-tag,59.607,60.552
RES,7,112,enc-8x,33.248,34.087
RES,7,112,enc-4x-entry,68.673,69.362
RES,7,112,enc-4x-fast-tail,41.488,42.053
RES,7,112,enc-4x-late-tag,67.843,69.262
RES,7,128,enc-8x,31.332,31.726
RES,7,128,enc-4x-entry,49.285,49.905
RES,7,128,enc-4x-fast-tail,43.440,43.895
RES,7,128,enc-4x-late-tag,48.862,49.648
DONE: 7 correctness gates
