# date=2026-09-09T11:59:13Z
# host=ip-172-31-42-229
# model=Neoverse-V3
# mode=small layout=8x-first reps=160 processes=7 pinned_cpu=3
file,sha256,text_bytes
finalists-4x-entry.o,e688785d552bc16e2e8042067f9b9ac06b748d2cc2bcd1159dc958c74c7e8bf2,5140
finalists-8x.o,28bf660efcc2c2e1363ec87070d15cde5e6ca7d44c9845b1cc37d0ac824324af,7504
finalists-compact.o,78605a647e192cc843d63e5ce89ba72ccd1788acc748f900edc54a9aad6b15d3,8624
# SELFCHECK OK: 1..256 blocks, 3 variants
RES,1,16,enc-8x-final,9.449,9.454
RES,1,16,enc-4x-shared,9.360,9.365
RES,1,16,enc-8x-compact,10.566,10.585
RES,1,32,enc-8x-final,10.250,10.263
RES,1,32,enc-4x-shared,10.621,10.634
RES,1,32,enc-8x-compact,11.027,11.060
RES,1,48,enc-8x-final,12.376,12.397
RES,1,48,enc-4x-shared,13.944,13.971
RES,1,48,enc-8x-compact,13.837,13.860
RES,1,64,enc-8x-final,14.464,14.481
RES,1,64,enc-4x-shared,29.053,29.332
RES,1,64,enc-8x-compact,14.978,15.005
RES,1,80,enc-8x-final,21.651,21.672
RES,1,80,enc-4x-shared,35.676,35.803
RES,1,80,enc-8x-compact,21.648,21.671
RES,1,96,enc-8x-final,22.238,22.265
RES,1,96,enc-4x-shared,41.921,42.293
RES,1,96,enc-8x-compact,22.248,22.275
RES,1,112,enc-8x-final,22.780,22.795
RES,1,112,enc-4x-shared,48.312,48.589
RES,1,112,enc-8x-compact,22.796,22.915
RES,1,128,enc-8x-final,21.475,21.496
RES,1,128,enc-4x-shared,38.079,38.209
RES,1,128,enc-8x-compact,21.427,21.488
# SELFCHECK OK: 1..256 blocks, 3 variants
RES,2,16,enc-8x-final,9.449,9.454
RES,2,16,enc-4x-shared,9.343,9.352
RES,2,16,enc-8x-compact,10.565,10.586
RES,2,32,enc-8x-final,10.250,10.261
RES,2,32,enc-4x-shared,10.750,10.766
RES,2,32,enc-8x-compact,11.028,11.089
RES,2,48,enc-8x-final,12.376,12.396
RES,2,48,enc-4x-shared,13.952,13.980
RES,2,48,enc-8x-compact,13.841,13.857
RES,2,64,enc-8x-final,14.461,14.478
RES,2,64,enc-4x-shared,29.051,29.322
RES,2,64,enc-8x-compact,14.982,15.003
RES,2,80,enc-8x-final,21.655,21.674
RES,2,80,enc-4x-shared,35.677,35.833
RES,2,80,enc-8x-compact,21.642,21.669
RES,2,96,enc-8x-final,22.246,22.267
RES,2,96,enc-4x-shared,41.904,42.269
RES,2,96,enc-8x-compact,22.250,22.270
RES,2,112,enc-8x-final,22.782,22.797
RES,2,112,enc-4x-shared,48.064,48.582
RES,2,112,enc-8x-compact,22.797,22.815
RES,2,128,enc-8x-final,21.472,21.498
RES,2,128,enc-4x-shared,38.091,38.216
RES,2,128,enc-8x-compact,21.425,21.488
# SELFCHECK OK: 1..256 blocks, 3 variants
RES,3,16,enc-8x-final,9.449,9.453
RES,3,16,enc-4x-shared,9.347,9.352
RES,3,16,enc-8x-compact,10.572,10.584
RES,3,32,enc-8x-final,10.251,10.261
RES,3,32,enc-4x-shared,10.626,10.764
RES,3,32,enc-8x-compact,11.024,11.066
RES,3,48,enc-8x-final,12.371,12.393
RES,3,48,enc-4x-shared,13.952,13.975
RES,3,48,enc-8x-compact,13.841,13.857
RES,3,64,enc-8x-final,14.463,14.477
RES,3,64,enc-4x-shared,29.136,29.332
RES,3,64,enc-8x-compact,14.975,15.003
RES,3,80,enc-8x-final,21.652,21.676
RES,3,80,enc-4x-shared,35.674,35.802
RES,3,80,enc-8x-compact,21.643,21.663
RES,3,96,enc-8x-final,22.243,22.264
RES,3,96,enc-4x-shared,42.013,42.296
RES,3,96,enc-8x-compact,22.242,22.271
RES,3,112,enc-8x-final,22.757,22.874
RES,3,112,enc-4x-shared,48.306,48.570
RES,3,112,enc-8x-compact,22.799,22.813
RES,3,128,enc-8x-final,21.453,21.475
RES,3,128,enc-4x-shared,38.090,38.213
RES,3,128,enc-8x-compact,21.424,21.483
# SELFCHECK OK: 1..256 blocks, 3 variants
RES,4,16,enc-8x-final,9.449,9.453
RES,4,16,enc-4x-shared,9.344,9.352
RES,4,16,enc-8x-compact,10.572,10.584
RES,4,32,enc-8x-final,10.250,10.262
RES,4,32,enc-4x-shared,10.747,10.765
RES,4,32,enc-8x-compact,11.023,11.104
RES,4,48,enc-8x-final,12.366,12.392
RES,4,48,enc-4x-shared,13.956,13.982
RES,4,48,enc-8x-compact,13.841,13.861
RES,4,64,enc-8x-final,14.450,14.465
RES,4,64,enc-4x-shared,29.051,29.323
RES,4,64,enc-8x-compact,14.980,15.003
RES,4,80,enc-8x-final,21.637,21.660
RES,4,80,enc-4x-shared,35.676,35.800
RES,4,80,enc-8x-compact,21.643,21.669
RES,4,96,enc-8x-final,22.229,22.244
RES,4,96,enc-4x-shared,41.894,42.290
RES,4,96,enc-8x-compact,22.247,22.271
RES,4,112,enc-8x-final,22.756,22.876
RES,4,112,enc-4x-shared,48.182,48.582
RES,4,112,enc-8x-compact,22.795,22.813
RES,4,128,enc-8x-final,21.457,21.484
RES,4,128,enc-4x-shared,38.085,38.205
RES,4,128,enc-8x-compact,21.420,21.486
# SELFCHECK OK: 1..256 blocks, 3 variants
RES,5,16,enc-8x-final,9.449,9.453
RES,5,16,enc-4x-shared,9.360,9.366
RES,5,16,enc-8x-compact,10.568,10.585
RES,5,32,enc-8x-final,10.252,10.261
RES,5,32,enc-4x-shared,10.627,10.764
RES,5,32,enc-8x-compact,11.030,11.093
RES,5,48,enc-8x-final,12.373,12.395
RES,5,48,enc-4x-shared,13.959,13.982
RES,5,48,enc-8x-compact,13.834,13.860
RES,5,64,enc-8x-final,14.460,14.480
RES,5,64,enc-4x-shared,29.123,29.364
RES,5,64,enc-8x-compact,14.980,15.007
RES,5,80,enc-8x-final,21.652,21.675
RES,5,80,enc-4x-shared,35.682,35.805
RES,5,80,enc-8x-compact,21.647,21.668
RES,5,96,enc-8x-final,22.239,22.267
RES,5,96,enc-4x-shared,42.014,42.293
RES,5,96,enc-8x-compact,22.244,22.276
RES,5,112,enc-8x-final,22.775,22.891
RES,5,112,enc-4x-shared,48.369,48.593
RES,5,112,enc-8x-compact,22.796,22.899
RES,5,128,enc-8x-final,21.472,21.508
RES,5,128,enc-4x-shared,38.079,38.207
RES,5,128,enc-8x-compact,21.426,21.542
# SELFCHECK OK: 1..256 blocks, 3 variants
RES,6,16,enc-8x-final,9.449,9.454
RES,6,16,enc-4x-shared,9.347,9.352
RES,6,16,enc-8x-compact,10.567,10.585
RES,6,32,enc-8x-final,10.251,10.262
RES,6,32,enc-4x-shared,10.750,10.765
RES,6,32,enc-8x-compact,11.054,11.108
RES,6,48,enc-8x-final,12.371,12.396
RES,6,48,enc-4x-shared,13.962,13.984
RES,6,48,enc-8x-compact,13.843,13.861
RES,6,64,enc-8x-final,14.465,14.480
RES,6,64,enc-4x-shared,29.032,29.313
RES,6,64,enc-8x-compact,14.979,15.006
RES,6,80,enc-8x-final,21.656,21.679
RES,6,80,enc-4x-shared,35.683,35.805
RES,6,80,enc-8x-compact,21.649,21.760
RES,6,96,enc-8x-final,22.241,22.354
RES,6,96,enc-4x-shared,41.912,42.254
RES,6,96,enc-8x-compact,22.248,22.277
RES,6,112,enc-8x-final,22.782,22.797
RES,6,112,enc-4x-shared,48.332,48.588
RES,6,112,enc-8x-compact,22.798,22.915
RES,6,128,enc-8x-final,21.473,21.499
RES,6,128,enc-4x-shared,38.085,38.208
RES,6,128,enc-8x-compact,21.426,21.539
# SELFCHECK OK: 1..256 blocks, 3 variants
RES,7,16,enc-8x-final,9.448,9.453
RES,7,16,enc-4x-shared,9.347,9.353
RES,7,16,enc-8x-compact,10.572,10.584
RES,7,32,enc-8x-final,10.248,10.260
RES,7,32,enc-4x-shared,10.746,10.765
RES,7,32,enc-8x-compact,11.029,11.111
RES,7,48,enc-8x-final,12.367,12.394
RES,7,48,enc-4x-shared,13.955,13.983
RES,7,48,enc-8x-compact,13.840,13.858
RES,7,64,enc-8x-final,14.462,14.479
RES,7,64,enc-4x-shared,29.045,29.374
RES,7,64,enc-8x-compact,14.979,15.003
RES,7,80,enc-8x-final,21.653,21.677
RES,7,80,enc-4x-shared,35.608,35.800
RES,7,80,enc-8x-compact,21.645,21.757
RES,7,96,enc-8x-final,22.225,22.335
RES,7,96,enc-4x-shared,41.994,42.290
RES,7,96,enc-8x-compact,22.250,22.364
RES,7,112,enc-8x-final,22.756,22.777
RES,7,112,enc-4x-shared,48.233,48.590
RES,7,112,enc-8x-compact,22.798,22.918
RES,7,128,enc-8x-final,21.457,21.568
RES,7,128,enc-4x-shared,38.083,38.211
RES,7,128,enc-8x-compact,21.430,21.545
DONE: 7 correctness gates
