# date=2026-09-09T11:59:16Z
# host=ip-172-31-44-56
# model=Neoverse-V2
# mode=small layout=8x-first reps=160 processes=7 pinned_cpu=3
file,sha256,text_bytes
finalists-4x-entry.o,e688785d552bc16e2e8042067f9b9ac06b748d2cc2bcd1159dc958c74c7e8bf2,5140
finalists-8x.o,28bf660efcc2c2e1363ec87070d15cde5e6ca7d44c9845b1cc37d0ac824324af,7504
finalists-compact.o,78605a647e192cc843d63e5ce89ba72ccd1788acc748f900edc54a9aad6b15d3,8624
# SELFCHECK OK: 1..256 blocks, 3 variants
RES,1,16,enc-8x-final,12.286,12.322
RES,1,16,enc-4x-shared,10.914,10.918
RES,1,16,enc-8x-compact,12.908,12.925
RES,1,32,enc-8x-final,13.029,13.088
RES,1,32,enc-4x-shared,13.666,13.678
RES,1,32,enc-8x-compact,13.898,13.925
RES,1,48,enc-8x-final,15.867,15.972
RES,1,48,enc-4x-shared,17.739,17.868
RES,1,48,enc-8x-compact,17.563,18.126
RES,1,64,enc-8x-final,18.153,18.170
RES,1,64,enc-4x-shared,36.154,36.762
RES,1,64,enc-8x-compact,18.699,18.822
RES,1,80,enc-8x-final,26.594,26.731
RES,1,80,enc-4x-shared,43.901,44.269
RES,1,80,enc-8x-compact,26.705,26.876
RES,1,96,enc-8x-final,27.412,27.605
RES,1,96,enc-4x-shared,51.023,51.856
RES,1,96,enc-8x-compact,27.608,27.847
RES,1,112,enc-8x-final,28.522,28.673
RES,1,112,enc-4x-shared,58.526,59.060
RES,1,112,enc-8x-compact,28.054,28.890
RES,1,128,enc-8x-final,26.602,27.171
RES,1,128,enc-4x-shared,45.566,45.730
RES,1,128,enc-8x-compact,26.740,26.946
# SELFCHECK OK: 1..256 blocks, 3 variants
RES,2,16,enc-8x-final,12.298,12.323
RES,2,16,enc-4x-shared,10.913,10.918
RES,2,16,enc-8x-compact,12.906,12.925
RES,2,32,enc-8x-final,13.030,13.088
RES,2,32,enc-4x-shared,13.665,13.678
RES,2,32,enc-8x-compact,13.898,13.925
RES,2,48,enc-8x-final,15.866,15.881
RES,2,48,enc-4x-shared,17.744,17.868
RES,2,48,enc-8x-compact,17.564,18.161
RES,2,64,enc-8x-final,18.163,18.267
RES,2,64,enc-4x-shared,36.198,36.651
RES,2,64,enc-8x-compact,18.696,18.813
RES,2,80,enc-8x-final,26.596,26.734
RES,2,80,enc-4x-shared,43.511,44.169
RES,2,80,enc-8x-compact,26.719,26.904
RES,2,96,enc-8x-final,27.444,27.613
RES,2,96,enc-4x-shared,50.953,51.699
RES,2,96,enc-8x-compact,27.657,27.838
RES,2,112,enc-8x-final,28.484,28.664
RES,2,112,enc-4x-shared,58.506,58.896
RES,2,112,enc-8x-compact,28.787,29.016
RES,2,128,enc-8x-final,26.764,27.161
RES,2,128,enc-4x-shared,45.569,45.769
RES,2,128,enc-8x-compact,26.724,27.008
# SELFCHECK OK: 1..256 blocks, 3 variants
RES,3,16,enc-8x-final,12.296,12.322
RES,3,16,enc-4x-shared,10.912,10.919
RES,3,16,enc-8x-compact,12.909,12.925
RES,3,32,enc-8x-final,13.033,13.087
RES,3,32,enc-4x-shared,13.666,13.681
RES,3,32,enc-8x-compact,13.899,13.925
RES,3,48,enc-8x-final,15.861,15.880
RES,3,48,enc-4x-shared,17.745,17.836
RES,3,48,enc-8x-compact,17.561,18.259
RES,3,64,enc-8x-final,18.156,18.263
RES,3,64,enc-4x-shared,36.265,36.856
RES,3,64,enc-8x-compact,18.698,18.855
RES,3,80,enc-8x-final,26.603,26.758
RES,3,80,enc-4x-shared,43.759,44.183
RES,3,80,enc-8x-compact,26.703,26.910
RES,3,96,enc-8x-final,27.462,27.615
RES,3,96,enc-4x-shared,51.129,51.755
RES,3,96,enc-8x-compact,27.607,27.867
RES,3,112,enc-8x-final,28.505,28.669
RES,3,112,enc-4x-shared,58.542,59.059
RES,3,112,enc-8x-compact,28.757,28.996
RES,3,128,enc-8x-final,26.711,27.163
RES,3,128,enc-4x-shared,45.462,45.768
RES,3,128,enc-8x-compact,26.796,27.021
# SELFCHECK OK: 1..256 blocks, 3 variants
RES,4,16,enc-8x-final,12.299,12.321
RES,4,16,enc-4x-shared,10.914,10.919
RES,4,16,enc-8x-compact,12.906,12.925
RES,4,32,enc-8x-final,13.031,13.090
RES,4,32,enc-4x-shared,13.667,13.678
RES,4,32,enc-8x-compact,13.897,13.923
RES,4,48,enc-8x-final,15.863,15.881
RES,4,48,enc-4x-shared,17.745,17.861
RES,4,48,enc-8x-compact,17.565,18.021
RES,4,64,enc-8x-final,18.155,18.174
RES,4,64,enc-4x-shared,36.053,36.814
RES,4,64,enc-8x-compact,18.697,18.933
RES,4,80,enc-8x-final,26.595,26.731
RES,4,80,enc-4x-shared,43.918,44.249
RES,4,80,enc-8x-compact,26.706,26.876
RES,4,96,enc-8x-final,27.467,27.644
RES,4,96,enc-4x-shared,50.971,51.816
RES,4,96,enc-8x-compact,27.617,27.830
RES,4,112,enc-8x-final,28.453,28.647
RES,4,112,enc-4x-shared,58.351,59.046
RES,4,112,enc-8x-compact,28.753,29.007
RES,4,128,enc-8x-final,26.775,27.169
RES,4,128,enc-4x-shared,45.573,45.785
RES,4,128,enc-8x-compact,26.729,26.919
# SELFCHECK OK: 1..256 blocks, 3 variants
RES,5,16,enc-8x-final,12.296,12.322
RES,5,16,enc-4x-shared,10.913,10.919
RES,5,16,enc-8x-compact,12.912,12.925
RES,5,32,enc-8x-final,13.031,13.089
RES,5,32,enc-4x-shared,13.667,13.678
RES,5,32,enc-8x-compact,13.892,13.924
RES,5,48,enc-8x-final,15.866,15.882
RES,5,48,enc-4x-shared,17.737,17.832
RES,5,48,enc-8x-compact,17.564,18.271
RES,5,64,enc-8x-final,18.160,18.177
RES,5,64,enc-4x-shared,36.200,36.774
RES,5,64,enc-8x-compact,18.701,18.986
RES,5,80,enc-8x-final,26.601,26.731
RES,5,80,enc-4x-shared,43.293,44.199
RES,5,80,enc-8x-compact,26.685,26.922
RES,5,96,enc-8x-final,27.467,27.617
RES,5,96,enc-4x-shared,50.710,51.741
RES,5,96,enc-8x-compact,27.507,27.822
RES,5,112,enc-8x-final,28.570,28.675
RES,5,112,enc-4x-shared,58.342,58.883
RES,5,112,enc-8x-compact,28.741,28.864
RES,5,128,enc-8x-final,26.710,27.119
RES,5,128,enc-4x-shared,45.578,45.765
RES,5,128,enc-8x-compact,26.890,27.026
# SELFCHECK OK: 1..256 blocks, 3 variants
RES,6,16,enc-8x-final,12.291,12.322
RES,6,16,enc-4x-shared,10.913,10.918
RES,6,16,enc-8x-compact,12.912,12.925
RES,6,32,enc-8x-final,13.030,13.088
RES,6,32,enc-4x-shared,13.665,13.679
RES,6,32,enc-8x-compact,13.899,13.922
RES,6,48,enc-8x-final,15.867,15.880
RES,6,48,enc-4x-shared,17.741,17.881
RES,6,48,enc-8x-compact,17.568,18.262
RES,6,64,enc-8x-final,18.153,18.170
RES,6,64,enc-4x-shared,36.198,36.753
RES,6,64,enc-8x-compact,18.694,18.997
RES,6,80,enc-8x-final,26.616,26.835
RES,6,80,enc-4x-shared,42.522,44.216
RES,6,80,enc-8x-compact,26.673,26.889
RES,6,96,enc-8x-final,27.464,27.623
RES,6,96,enc-4x-shared,50.707,51.822
RES,6,96,enc-8x-compact,27.633,27.840
RES,6,112,enc-8x-final,28.453,28.741
RES,6,112,enc-4x-shared,58.485,59.087
RES,6,112,enc-8x-compact,28.754,28.976
RES,6,128,enc-8x-final,26.714,27.121
RES,6,128,enc-4x-shared,45.477,45.699
RES,6,128,enc-8x-compact,26.766,27.038
# SELFCHECK OK: 1..256 blocks, 3 variants
RES,7,16,enc-8x-final,12.285,12.322
RES,7,16,enc-4x-shared,10.914,10.918
RES,7,16,enc-8x-compact,12.912,12.925
RES,7,32,enc-8x-final,13.032,13.088
RES,7,32,enc-4x-shared,13.664,13.677
RES,7,32,enc-8x-compact,13.900,13.928
RES,7,48,enc-8x-final,15.867,15.882
RES,7,48,enc-4x-shared,17.749,17.875
RES,7,48,enc-8x-compact,17.577,18.255
RES,7,64,enc-8x-final,18.152,18.173
RES,7,64,enc-4x-shared,36.096,36.780
RES,7,64,enc-8x-compact,18.701,19.001
RES,7,80,enc-8x-final,26.588,26.734
RES,7,80,enc-4x-shared,43.610,44.197
RES,7,80,enc-8x-compact,26.701,26.883
RES,7,96,enc-8x-final,27.425,27.616
RES,7,96,enc-4x-shared,51.096,51.754
RES,7,96,enc-8x-compact,27.618,27.849
RES,7,112,enc-8x-final,28.512,28.657
RES,7,112,enc-4x-shared,58.490,59.015
RES,7,112,enc-8x-compact,28.734,28.991
RES,7,128,enc-8x-final,26.788,27.169
RES,7,128,enc-4x-shared,45.553,45.652
RES,7,128,enc-8x-compact,26.720,27.016
DONE: 7 correctness gates
