# date=2026-09-09T11:59:30Z
# host=ip-172-31-44-56
# model=Neoverse-V2
# mode=large layout=4x-first reps=160 processes=7 pinned_cpu=3
file,sha256,text_bytes
finalists-4x-entry.o,e688785d552bc16e2e8042067f9b9ac06b748d2cc2bcd1159dc958c74c7e8bf2,5140
finalists-8x.o,28bf660efcc2c2e1363ec87070d15cde5e6ca7d44c9845b1cc37d0ac824324af,7504
finalists-compact.o,78605a647e192cc843d63e5ce89ba72ccd1788acc748f900edc54a9aad6b15d3,8624
# SELFCHECK OK: 1..256 blocks, 3 variants
RES,1,1344,enc-4x-shared,315.546,316.024
RES,1,1344,enc-8x-final,224.675,225.423
RES,1,1344,enc-8x-compact,224.118,224.547
RES,1,2048,enc-4x-shared,475.547,476.115
RES,1,2048,enc-8x-final,326.065,327.300
RES,1,2048,enc-8x-compact,325.617,325.868
RES,1,4096,enc-4x-shared,938.921,940.564
RES,1,4096,enc-8x-final,645.469,648.064
RES,1,4096,enc-8x-compact,644.954,645.232
RES,1,8192,enc-4x-shared,1863.896,1869.047
RES,1,8192,enc-8x-final,1283.608,1289.735
RES,1,8192,enc-8x-compact,1283.051,1283.887
RES,1,16384,enc-4x-shared,3718.140,3726.755
RES,1,16384,enc-8x-final,2560.367,2572.086
RES,1,16384,enc-8x-compact,2559.693,2560.978
RES,1,32768,enc-4x-shared,7350.615,7480.384
RES,1,32768,enc-8x-final,5113.692,5135.527
RES,1,32768,enc-8x-compact,5112.517,5115.768
# SELFCHECK OK: 1..256 blocks, 3 variants
RES,2,1344,enc-4x-shared,316.206,316.594
RES,2,1344,enc-8x-final,224.671,225.274
RES,2,1344,enc-8x-compact,224.357,224.621
RES,2,2048,enc-4x-shared,476.639,477.224
RES,2,2048,enc-8x-final,326.063,327.066
RES,2,2048,enc-8x-compact,325.630,325.936
RES,2,4096,enc-4x-shared,940.958,942.920
RES,2,4096,enc-8x-final,645.408,647.778
RES,2,4096,enc-8x-compact,644.867,645.253
RES,2,8192,enc-4x-shared,1868.227,1874.099
RES,2,8192,enc-8x-final,1283.933,1288.557
RES,2,8192,enc-8x-compact,1283.267,1283.781
RES,2,16384,enc-4x-shared,3719.565,3736.680
RES,2,16384,enc-8x-final,2560.195,2571.272
RES,2,16384,enc-8x-compact,2559.424,2560.817
RES,2,32768,enc-4x-shared,7380.570,7487.824
RES,2,32768,enc-8x-final,5113.869,5136.908
RES,2,32768,enc-8x-compact,5112.406,5115.651
# SELFCHECK OK: 1..256 blocks, 3 variants
RES,3,1344,enc-4x-shared,315.413,315.894
RES,3,1344,enc-8x-final,224.670,225.194
RES,3,1344,enc-8x-compact,224.173,224.516
RES,3,2048,enc-4x-shared,475.409,475.933
RES,3,2048,enc-8x-final,325.934,327.208
RES,3,2048,enc-8x-compact,325.564,325.841
RES,3,4096,enc-4x-shared,938.358,940.181
RES,3,4096,enc-8x-final,645.296,647.932
RES,3,4096,enc-8x-compact,644.844,645.240
RES,3,8192,enc-4x-shared,1865.350,1868.674
RES,3,8192,enc-8x-final,1283.819,1288.842
RES,3,8192,enc-8x-compact,1283.112,1283.648
RES,3,16384,enc-4x-shared,3715.113,3726.078
RES,3,16384,enc-8x-final,2560.250,2571.003
RES,3,16384,enc-8x-compact,2559.644,2560.783
RES,3,32768,enc-4x-shared,7183.257,7486.391
RES,3,32768,enc-8x-final,5114.076,5136.049
RES,3,32768,enc-8x-compact,5113.081,5115.677
# SELFCHECK OK: 1..256 blocks, 3 variants
RES,4,1344,enc-4x-shared,315.511,316.098
RES,4,1344,enc-8x-final,224.587,225.293
RES,4,1344,enc-8x-compact,224.251,224.560
RES,4,2048,enc-4x-shared,475.441,476.082
RES,4,2048,enc-8x-final,325.997,327.438
RES,4,2048,enc-8x-compact,325.604,325.819
RES,4,4096,enc-4x-shared,938.697,940.273
RES,4,4096,enc-8x-final,645.376,647.811
RES,4,4096,enc-8x-compact,644.855,645.187
RES,4,8192,enc-4x-shared,1863.608,1868.811
RES,4,8192,enc-8x-final,1283.594,1286.744
RES,4,8192,enc-8x-compact,1283.103,1283.812
RES,4,16384,enc-4x-shared,3715.990,3726.257
RES,4,16384,enc-8x-final,2559.672,2570.794
RES,4,16384,enc-8x-compact,2559.666,2561.062
RES,4,32768,enc-4x-shared,7213.890,7461.241
RES,4,32768,enc-8x-final,5113.251,5137.856
RES,4,32768,enc-8x-compact,5112.905,5115.684
# SELFCHECK OK: 1..256 blocks, 3 variants
RES,5,1344,enc-4x-shared,315.710,316.161
RES,5,1344,enc-8x-final,224.626,225.336
RES,5,1344,enc-8x-compact,224.271,224.567
RES,5,2048,enc-4x-shared,475.671,476.249
RES,5,2048,enc-8x-final,326.011,327.116
RES,5,2048,enc-8x-compact,325.529,325.822
RES,5,4096,enc-4x-shared,938.742,940.806
RES,5,4096,enc-8x-final,645.247,648.010
RES,5,4096,enc-8x-compact,644.853,645.240
RES,5,8192,enc-4x-shared,1865.338,1869.530
RES,5,8192,enc-8x-final,1283.595,1289.640
RES,5,8192,enc-8x-compact,1283.081,1283.742
RES,5,16384,enc-4x-shared,3719.084,3728.005
RES,5,16384,enc-8x-final,2560.369,2569.863
RES,5,16384,enc-8x-compact,2559.604,2560.748
RES,5,32768,enc-4x-shared,7391.578,7477.870
RES,5,32768,enc-8x-final,5113.339,5131.822
RES,5,32768,enc-8x-compact,5112.995,5115.558
# SELFCHECK OK: 1..256 blocks, 3 variants
RES,6,1344,enc-4x-shared,315.410,315.924
RES,6,1344,enc-8x-final,224.591,225.181
RES,6,1344,enc-8x-compact,224.270,224.587
RES,6,2048,enc-4x-shared,475.412,476.020
RES,6,2048,enc-8x-final,326.031,327.077
RES,6,2048,enc-8x-compact,325.585,325.849
RES,6,4096,enc-4x-shared,938.528,940.291
RES,6,4096,enc-8x-final,645.461,647.903
RES,6,4096,enc-8x-compact,644.843,645.188
RES,6,8192,enc-4x-shared,1864.373,1868.797
RES,6,8192,enc-8x-final,1283.857,1288.950
RES,6,8192,enc-8x-compact,1283.141,1283.931
RES,6,16384,enc-4x-shared,3714.624,3726.214
RES,6,16384,enc-8x-final,2560.386,2572.138
RES,6,16384,enc-8x-compact,2559.628,2561.093
RES,6,32768,enc-4x-shared,7276.268,7481.777
RES,6,32768,enc-8x-final,5113.091,5139.147
RES,6,32768,enc-8x-compact,5113.108,5117.232
# SELFCHECK OK: 1..256 blocks, 3 variants
RES,7,1344,enc-4x-shared,316.141,316.640
RES,7,1344,enc-8x-final,224.611,225.584
RES,7,1344,enc-8x-compact,224.308,224.560
RES,7,2048,enc-4x-shared,476.579,477.309
RES,7,2048,enc-8x-final,326.049,327.409
RES,7,2048,enc-8x-compact,325.616,325.865
RES,7,4096,enc-4x-shared,940.049,943.057
RES,7,4096,enc-8x-final,645.274,648.126
RES,7,4096,enc-8x-compact,644.838,645.296
RES,7,8192,enc-4x-shared,1869.338,1874.486
RES,7,8192,enc-8x-final,1283.655,1289.490
RES,7,8192,enc-8x-compact,1283.125,1283.899
RES,7,16384,enc-4x-shared,3721.985,3737.419
RES,7,16384,enc-8x-final,2560.293,2572.227
RES,7,16384,enc-8x-compact,2559.631,2560.768
RES,7,32768,enc-4x-shared,7363.977,7475.341
RES,7,32768,enc-8x-final,5113.754,5135.035
RES,7,32768,enc-8x-compact,5113.318,5116.408
DONE: 7 correctness gates
