# date=2026-09-09T12:01:43Z
# host=ip-172-31-4-159
# model=Neoverse-V1
# mode=large layout=8x-first reps=160 processes=7 pinned_cpu=3
file,sha256,text_bytes
finalists-4x-entry.o,e688785d552bc16e2e8042067f9b9ac06b748d2cc2bcd1159dc958c74c7e8bf2,5140
finalists-8x.o,28bf660efcc2c2e1363ec87070d15cde5e6ca7d44c9845b1cc37d0ac824324af,7504
finalists-compact.o,78605a647e192cc843d63e5ce89ba72ccd1788acc748f900edc54a9aad6b15d3,8624
# SELFCHECK OK: 1..256 blocks, 3 variants
RES,1,1344,enc-8x-final,247.976,248.887
RES,1,1344,enc-4x-shared,352.728,354.569
RES,1,1344,enc-8x-compact,246.219,247.070
RES,1,2048,enc-8x-final,360.211,361.334
RES,1,2048,enc-4x-shared,528.254,531.186
RES,1,2048,enc-8x-compact,357.444,358.082
RES,1,4096,enc-8x-final,710.177,713.584
RES,1,4096,enc-4x-shared,1038.882,1044.008
RES,1,4096,enc-8x-compact,705.645,707.135
RES,1,8192,enc-8x-final,1409.646,1417.427
RES,1,8192,enc-4x-shared,2058.770,2070.048
RES,1,8192,enc-8x-compact,1402.260,1404.897
RES,1,16384,enc-8x-final,2812.259,2827.093
RES,1,16384,enc-4x-shared,4097.492,4120.240
RES,1,16384,enc-8x-compact,2795.399,2800.078
RES,1,32768,enc-8x-final,5614.408,5645.317
RES,1,32768,enc-4x-shared,8178.501,8203.039
RES,1,32768,enc-8x-compact,5576.772,5588.219
# SELFCHECK OK: 1..256 blocks, 3 variants
RES,2,1344,enc-8x-final,248.049,248.896
RES,2,1344,enc-4x-shared,352.716,354.145
RES,2,1344,enc-8x-compact,246.647,247.165
RES,2,2048,enc-8x-final,359.818,361.159
RES,2,2048,enc-4x-shared,528.334,530.764
RES,2,2048,enc-8x-compact,357.271,358.136
RES,2,4096,enc-8x-final,710.000,713.257
RES,2,4096,enc-4x-shared,1037.964,1043.270
RES,2,4096,enc-8x-compact,705.795,707.097
RES,2,8192,enc-8x-final,1410.797,1417.021
RES,2,8192,enc-4x-shared,2057.976,2068.722
RES,2,8192,enc-8x-compact,1402.162,1404.440
RES,2,16384,enc-8x-final,2811.682,2825.400
RES,2,16384,enc-4x-shared,4100.744,4122.098
RES,2,16384,enc-8x-compact,2794.566,2799.315
RES,2,32768,enc-8x-final,5624.991,5645.081
RES,2,32768,enc-4x-shared,8178.899,8203.017
RES,2,32768,enc-8x-compact,5578.060,5587.756
# SELFCHECK OK: 1..256 blocks, 3 variants
RES,3,1344,enc-8x-final,247.831,248.839
RES,3,1344,enc-4x-shared,352.802,354.216
RES,3,1344,enc-8x-compact,246.584,247.153
RES,3,2048,enc-8x-final,360.115,361.138
RES,3,2048,enc-4x-shared,528.127,530.571
RES,3,2048,enc-8x-compact,357.241,358.213
RES,3,4096,enc-8x-final,710.432,713.092
RES,3,4096,enc-4x-shared,1037.864,1042.664
RES,3,4096,enc-8x-compact,705.602,707.000
RES,3,8192,enc-8x-final,1407.217,1416.934
RES,3,8192,enc-4x-shared,2057.496,2068.538
RES,3,8192,enc-8x-compact,1402.221,1404.858
RES,3,16384,enc-8x-final,2817.221,2826.606
RES,3,16384,enc-4x-shared,4097.442,4122.658
RES,3,16384,enc-8x-compact,2795.365,2799.522
RES,3,32768,enc-8x-final,5621.069,5646.097
RES,3,32768,enc-4x-shared,8178.299,8203.413
RES,3,32768,enc-8x-compact,5576.593,5588.874
# SELFCHECK OK: 1..256 blocks, 3 variants
RES,4,1344,enc-8x-final,247.892,248.933
RES,4,1344,enc-4x-shared,352.741,354.440
RES,4,1344,enc-8x-compact,246.577,247.094
RES,4,2048,enc-8x-final,359.823,361.184
RES,4,2048,enc-4x-shared,528.105,530.840
RES,4,2048,enc-8x-compact,357.400,358.269
RES,4,4096,enc-8x-final,709.890,713.103
RES,4,4096,enc-4x-shared,1038.063,1043.687
RES,4,4096,enc-8x-compact,705.956,707.205
RES,4,8192,enc-8x-final,1412.671,1418.039
RES,4,8192,enc-4x-shared,2057.942,2070.338
RES,4,8192,enc-8x-compact,1401.871,1404.342
RES,4,16384,enc-8x-final,2817.237,2826.180
RES,4,16384,enc-4x-shared,4102.992,4121.140
RES,4,16384,enc-8x-compact,2793.189,2799.265
RES,4,32768,enc-8x-final,5624.022,5643.607
RES,4,32768,enc-4x-shared,8178.856,8210.864
RES,4,32768,enc-8x-compact,5576.124,5588.483
# SELFCHECK OK: 1..256 blocks, 3 variants
RES,5,1344,enc-8x-final,247.806,248.976
RES,5,1344,enc-4x-shared,352.683,354.413
RES,5,1344,enc-8x-compact,246.649,247.098
RES,5,2048,enc-8x-final,359.447,361.184
RES,5,2048,enc-4x-shared,528.023,530.835
RES,5,2048,enc-8x-compact,357.584,358.092
RES,5,4096,enc-8x-final,710.444,713.016
RES,5,4096,enc-4x-shared,1038.011,1043.098
RES,5,4096,enc-8x-compact,705.967,707.072
RES,5,8192,enc-8x-final,1411.752,1417.355
RES,5,8192,enc-4x-shared,2058.624,2069.434
RES,5,8192,enc-8x-compact,1402.243,1404.740
RES,5,16384,enc-8x-final,2811.573,2826.317
RES,5,16384,enc-4x-shared,4099.594,4142.526
RES,5,16384,enc-8x-compact,2794.672,2799.714
RES,5,32768,enc-8x-final,5617.804,5644.213
RES,5,32768,enc-4x-shared,8224.874,8245.683
RES,5,32768,enc-8x-compact,5579.182,5590.401
# SELFCHECK OK: 1..256 blocks, 3 variants
RES,6,1344,enc-8x-final,247.962,248.959
RES,6,1344,enc-4x-shared,354.423,356.033
RES,6,1344,enc-8x-compact,246.678,247.151
RES,6,2048,enc-8x-final,359.957,361.323
RES,6,2048,enc-4x-shared,530.610,533.388
RES,6,2048,enc-8x-compact,357.532,358.161
RES,6,4096,enc-8x-final,710.098,713.325
RES,6,4096,enc-4x-shared,1043.020,1049.069
RES,6,4096,enc-8x-compact,705.792,707.114
RES,6,8192,enc-8x-final,1410.325,1418.063
RES,6,8192,enc-4x-shared,2068.479,2081.056
RES,6,8192,enc-8x-compact,1401.854,1404.492
RES,6,16384,enc-8x-final,2810.038,2826.290
RES,6,16384,enc-4x-shared,4098.888,4120.790
RES,6,16384,enc-8x-compact,2794.833,2799.710
RES,6,32768,enc-8x-final,5617.638,5644.497
RES,6,32768,enc-4x-shared,8181.928,8211.839
RES,6,32768,enc-8x-compact,5577.755,5589.423
# SELFCHECK OK: 1..256 blocks, 3 variants
RES,7,1344,enc-8x-final,247.708,248.903
RES,7,1344,enc-4x-shared,352.699,354.348
RES,7,1344,enc-8x-compact,246.625,247.125
RES,7,2048,enc-8x-final,359.611,361.180
RES,7,2048,enc-4x-shared,528.261,530.648
RES,7,2048,enc-8x-compact,357.431,358.071
RES,7,4096,enc-8x-final,709.662,713.181
RES,7,4096,enc-4x-shared,1038.066,1042.775
RES,7,4096,enc-8x-compact,705.793,707.264
RES,7,8192,enc-8x-final,1412.839,1417.285
RES,7,8192,enc-4x-shared,2057.858,2068.782
RES,7,8192,enc-8x-compact,1402.038,1404.649
RES,7,16384,enc-8x-final,2815.942,2828.233
RES,7,16384,enc-4x-shared,4099.203,4123.212
RES,7,16384,enc-8x-compact,2794.362,2799.199
RES,7,32768,enc-8x-final,5622.234,5645.258
RES,7,32768,enc-4x-shared,8180.963,8222.390
RES,7,32768,enc-8x-compact,5578.060,5589.067
DONE: 7 correctness gates
