# date=2026-09-09T11:59:02Z
# host=ip-172-31-44-56
# model=Neoverse-V2
# mode=small layout=4x-first reps=160 processes=7 pinned_cpu=3
file,sha256,text_bytes
finalists-4x-entry.o,e688785d552bc16e2e8042067f9b9ac06b748d2cc2bcd1159dc958c74c7e8bf2,5140
finalists-8x.o,28bf660efcc2c2e1363ec87070d15cde5e6ca7d44c9845b1cc37d0ac824324af,7504
finalists-compact.o,78605a647e192cc843d63e5ce89ba72ccd1788acc748f900edc54a9aad6b15d3,8624
# SELFCHECK OK: 1..256 blocks, 3 variants
RES,1,16,enc-4x-shared,10.905,10.913
RES,1,16,enc-8x-final,12.284,12.321
RES,1,16,enc-8x-compact,12.884,12.901
RES,1,32,enc-4x-shared,13.678,14.044
RES,1,32,enc-8x-final,13.030,13.049
RES,1,32,enc-8x-compact,13.893,14.119
RES,1,48,enc-4x-shared,17.731,17.870
RES,1,48,enc-8x-final,15.867,16.100
RES,1,48,enc-8x-compact,17.555,17.778
RES,1,64,enc-4x-shared,36.128,36.682
RES,1,64,enc-8x-final,18.157,18.266
RES,1,64,enc-8x-compact,18.701,18.844
RES,1,80,enc-4x-shared,43.753,44.162
RES,1,80,enc-8x-final,26.598,26.767
RES,1,80,enc-8x-compact,26.582,26.749
RES,1,96,enc-4x-shared,51.063,51.677
RES,1,96,enc-8x-final,27.404,27.613
RES,1,96,enc-8x-compact,27.480,27.638
RES,1,112,enc-4x-shared,58.577,59.107
RES,1,112,enc-8x-final,28.504,28.658
RES,1,112,enc-8x-compact,28.515,28.642
RES,1,128,enc-4x-shared,45.485,45.758
RES,1,128,enc-8x-final,26.983,27.180
RES,1,128,enc-8x-compact,26.863,27.128
# SELFCHECK OK: 1..256 blocks, 3 variants
RES,2,16,enc-4x-shared,10.904,10.913
RES,2,16,enc-8x-final,12.295,12.322
RES,2,16,enc-8x-compact,12.886,12.902
RES,2,32,enc-4x-shared,13.676,14.035
RES,2,32,enc-8x-final,13.027,13.047
RES,2,32,enc-8x-compact,13.896,13.928
RES,2,48,enc-4x-shared,17.742,17.984
RES,2,48,enc-8x-final,15.867,16.065
RES,2,48,enc-8x-compact,17.554,17.740
RES,2,64,enc-4x-shared,36.050,36.649
RES,2,64,enc-8x-final,18.149,18.265
RES,2,64,enc-8x-compact,18.706,18.869
RES,2,80,enc-4x-shared,43.851,44.155
RES,2,80,enc-8x-final,26.607,26.753
RES,2,80,enc-8x-compact,26.582,26.730
RES,2,96,enc-4x-shared,51.068,51.711
RES,2,96,enc-8x-final,27.422,27.608
RES,2,96,enc-8x-compact,27.458,27.631
RES,2,112,enc-4x-shared,58.590,59.102
RES,2,112,enc-8x-final,28.363,28.663
RES,2,112,enc-8x-compact,28.471,28.628
RES,2,128,enc-4x-shared,45.564,45.765
RES,2,128,enc-8x-final,26.948,27.176
RES,2,128,enc-8x-compact,26.829,27.111
# SELFCHECK OK: 1..256 blocks, 3 variants
RES,3,16,enc-4x-shared,10.905,10.912
RES,3,16,enc-8x-final,12.290,12.323
RES,3,16,enc-8x-compact,12.888,12.902
RES,3,32,enc-4x-shared,13.675,14.029
RES,3,32,enc-8x-final,13.029,13.052
RES,3,32,enc-8x-compact,13.900,14.367
RES,3,48,enc-4x-shared,17.744,17.868
RES,3,48,enc-8x-final,15.868,16.132
RES,3,48,enc-8x-compact,17.556,17.806
RES,3,64,enc-4x-shared,36.107,36.644
RES,3,64,enc-8x-final,18.155,18.262
RES,3,64,enc-8x-compact,18.707,18.876
RES,3,80,enc-4x-shared,43.883,44.137
RES,3,80,enc-8x-final,26.601,26.774
RES,3,80,enc-8x-compact,26.583,26.750
RES,3,96,enc-4x-shared,51.072,51.637
RES,3,96,enc-8x-final,27.443,27.611
RES,3,96,enc-8x-compact,27.481,27.632
RES,3,112,enc-4x-shared,58.574,59.110
RES,3,112,enc-8x-final,28.468,28.672
RES,3,112,enc-8x-compact,28.476,28.646
RES,3,128,enc-4x-shared,45.466,45.753
RES,3,128,enc-8x-final,27.001,27.174
RES,3,128,enc-8x-compact,26.833,27.119
# SELFCHECK OK: 1..256 blocks, 3 variants
RES,4,16,enc-4x-shared,10.906,10.913
RES,4,16,enc-8x-final,12.301,12.323
RES,4,16,enc-8x-compact,12.889,12.902
RES,4,32,enc-4x-shared,13.674,14.038
RES,4,32,enc-8x-final,13.032,13.048
RES,4,32,enc-8x-compact,13.892,14.038
RES,4,48,enc-4x-shared,17.745,17.795
RES,4,48,enc-8x-final,15.866,16.089
RES,4,48,enc-8x-compact,17.560,17.814
RES,4,64,enc-4x-shared,36.133,36.606
RES,4,64,enc-8x-final,18.156,18.260
RES,4,64,enc-8x-compact,18.705,18.823
RES,4,80,enc-4x-shared,43.579,44.057
RES,4,80,enc-8x-final,26.597,26.755
RES,4,80,enc-8x-compact,26.577,26.727
RES,4,96,enc-4x-shared,51.158,51.660
RES,4,96,enc-8x-final,27.430,27.601
RES,4,96,enc-8x-compact,27.474,27.652
RES,4,112,enc-4x-shared,58.540,59.065
RES,4,112,enc-8x-final,28.035,28.651
RES,4,112,enc-8x-compact,28.408,28.619
RES,4,128,enc-4x-shared,45.560,45.728
RES,4,128,enc-8x-final,26.993,27.119
RES,4,128,enc-8x-compact,26.862,27.134
# SELFCHECK OK: 1..256 blocks, 3 variants
RES,5,16,enc-4x-shared,10.906,10.913
RES,5,16,enc-8x-final,12.289,12.320
RES,5,16,enc-8x-compact,12.889,12.902
RES,5,32,enc-4x-shared,13.674,13.797
RES,5,32,enc-8x-final,13.030,13.048
RES,5,32,enc-8x-compact,13.897,14.435
RES,5,48,enc-4x-shared,17.754,17.801
RES,5,48,enc-8x-final,15.866,15.988
RES,5,48,enc-8x-compact,17.557,17.807
RES,5,64,enc-4x-shared,36.120,36.507
RES,5,64,enc-8x-final,18.164,18.264
RES,5,64,enc-8x-compact,18.705,18.839
RES,5,80,enc-4x-shared,43.853,44.191
RES,5,80,enc-8x-final,26.605,26.748
RES,5,80,enc-8x-compact,26.577,26.721
RES,5,96,enc-4x-shared,51.050,51.724
RES,5,96,enc-8x-final,27.426,27.612
RES,5,96,enc-8x-compact,27.467,27.626
RES,5,112,enc-4x-shared,58.540,59.129
RES,5,112,enc-8x-final,28.406,28.562
RES,5,112,enc-8x-compact,28.611,28.710
RES,5,128,enc-4x-shared,45.450,45.710
RES,5,128,enc-8x-final,26.977,27.116
RES,5,128,enc-8x-compact,26.755,27.133
# SELFCHECK OK: 1..256 blocks, 3 variants
RES,6,16,enc-4x-shared,10.906,10.913
RES,6,16,enc-8x-final,12.291,12.323
RES,6,16,enc-8x-compact,12.889,12.900
RES,6,32,enc-4x-shared,13.676,14.040
RES,6,32,enc-8x-final,13.033,13.047
RES,6,32,enc-8x-compact,13.899,14.012
RES,6,48,enc-4x-shared,17.742,17.861
RES,6,48,enc-8x-final,15.868,16.112
RES,6,48,enc-8x-compact,17.558,17.803
RES,6,64,enc-4x-shared,36.129,36.557
RES,6,64,enc-8x-final,18.156,18.177
RES,6,64,enc-8x-compact,18.706,18.727
RES,6,80,enc-4x-shared,43.788,44.253
RES,6,80,enc-8x-final,26.576,26.748
RES,6,80,enc-8x-compact,26.580,26.726
RES,6,96,enc-4x-shared,51.130,51.739
RES,6,96,enc-8x-final,27.417,27.615
RES,6,96,enc-8x-compact,27.408,27.619
RES,6,112,enc-4x-shared,58.528,59.171
RES,6,112,enc-8x-final,28.132,28.646
RES,6,112,enc-8x-compact,28.337,28.649
RES,6,128,enc-4x-shared,45.534,45.721
RES,6,128,enc-8x-final,27.032,27.119
RES,6,128,enc-8x-compact,26.850,27.126
# SELFCHECK OK: 1..256 blocks, 3 variants
RES,7,16,enc-4x-shared,10.904,10.913
RES,7,16,enc-8x-final,12.290,12.320
RES,7,16,enc-8x-compact,12.888,12.900
RES,7,32,enc-4x-shared,13.675,13.977
RES,7,32,enc-8x-final,13.029,13.051
RES,7,32,enc-8x-compact,13.899,14.434
RES,7,48,enc-4x-shared,17.743,17.867
RES,7,48,enc-8x-final,15.866,16.102
RES,7,48,enc-8x-compact,17.554,17.801
RES,7,64,enc-4x-shared,36.120,36.510
RES,7,64,enc-8x-final,18.152,18.175
RES,7,64,enc-8x-compact,18.708,18.825
RES,7,80,enc-4x-shared,43.871,44.104
RES,7,80,enc-8x-final,26.605,26.762
RES,7,80,enc-8x-compact,26.586,26.748
RES,7,96,enc-4x-shared,51.051,51.739
RES,7,96,enc-8x-final,27.434,27.629
RES,7,96,enc-8x-compact,27.465,27.648
RES,7,112,enc-4x-shared,58.564,59.120
RES,7,112,enc-8x-final,28.233,28.658
RES,7,112,enc-8x-compact,28.398,28.651
RES,7,128,enc-4x-shared,45.471,45.712
RES,7,128,enc-8x-final,27.056,27.184
RES,7,128,enc-8x-compact,26.836,27.148
DONE: 7 correctness gates
