# date=2026-09-09T11:59:02Z
# host=ip-172-31-42-229
# model=Neoverse-V3
# mode=small layout=4x-first reps=160 processes=7 pinned_cpu=3
file,sha256,text_bytes
finalists-4x-entry.o,e688785d552bc16e2e8042067f9b9ac06b748d2cc2bcd1159dc958c74c7e8bf2,5140
finalists-8x.o,28bf660efcc2c2e1363ec87070d15cde5e6ca7d44c9845b1cc37d0ac824324af,7504
finalists-compact.o,78605a647e192cc843d63e5ce89ba72ccd1788acc748f900edc54a9aad6b15d3,8624
# SELFCHECK OK: 1..256 blocks, 3 variants
RES,1,16,enc-4x-shared,9.366,9.371
RES,1,16,enc-8x-final,9.450,9.453
RES,1,16,enc-8x-compact,10.567,10.585
RES,1,32,enc-4x-shared,10.595,10.611
RES,1,32,enc-8x-final,10.252,10.262
RES,1,32,enc-8x-compact,11.055,11.104
RES,1,48,enc-4x-shared,13.936,13.966
RES,1,48,enc-8x-final,12.365,12.389
RES,1,48,enc-8x-compact,13.842,13.862
RES,1,64,enc-4x-shared,29.028,29.325
RES,1,64,enc-8x-final,14.453,14.468
RES,1,64,enc-8x-compact,14.979,15.005
RES,1,80,enc-4x-shared,35.554,35.807
RES,1,80,enc-8x-final,21.636,21.658
RES,1,80,enc-8x-compact,21.645,21.668
RES,1,96,enc-4x-shared,41.888,42.256
RES,1,96,enc-8x-final,22.228,22.252
RES,1,96,enc-8x-compact,22.243,22.263
RES,1,112,enc-4x-shared,48.286,48.568
RES,1,112,enc-8x-final,22.753,22.780
RES,1,112,enc-8x-compact,22.784,22.894
RES,1,128,enc-4x-shared,38.085,38.211
RES,1,128,enc-8x-final,21.451,21.477
RES,1,128,enc-8x-compact,21.474,21.510
# SELFCHECK OK: 1..256 blocks, 3 variants
RES,2,16,enc-4x-shared,9.365,9.370
RES,2,16,enc-8x-final,9.448,9.452
RES,2,16,enc-8x-compact,10.566,10.584
RES,2,32,enc-4x-shared,10.588,10.614
RES,2,32,enc-8x-final,10.250,10.261
RES,2,32,enc-8x-compact,11.033,11.058
RES,2,48,enc-4x-shared,13.944,13.967
RES,2,48,enc-8x-final,12.372,12.392
RES,2,48,enc-8x-compact,13.834,13.855
RES,2,64,enc-4x-shared,29.113,29.325
RES,2,64,enc-8x-final,14.463,14.481
RES,2,64,enc-8x-compact,14.955,14.986
RES,2,80,enc-4x-shared,35.681,35.807
RES,2,80,enc-8x-final,21.653,21.680
RES,2,80,enc-8x-compact,21.628,21.738
RES,2,96,enc-4x-shared,41.989,42.239
RES,2,96,enc-8x-final,22.242,22.357
RES,2,96,enc-8x-compact,22.223,22.331
RES,2,112,enc-4x-shared,48.312,48.585
RES,2,112,enc-8x-final,22.779,22.893
RES,2,112,enc-8x-compact,22.762,22.873
RES,2,128,enc-4x-shared,38.072,38.213
RES,2,128,enc-8x-final,21.474,21.585
RES,2,128,enc-8x-compact,21.459,21.565
# SELFCHECK OK: 1..256 blocks, 3 variants
RES,3,16,enc-4x-shared,9.364,9.370
RES,3,16,enc-8x-final,9.448,9.452
RES,3,16,enc-8x-compact,10.568,10.585
RES,3,32,enc-4x-shared,10.593,10.700
RES,3,32,enc-8x-final,10.247,10.262
RES,3,32,enc-8x-compact,11.033,11.061
RES,3,48,enc-4x-shared,13.947,13.971
RES,3,48,enc-8x-final,12.368,12.392
RES,3,48,enc-8x-compact,13.839,13.862
RES,3,64,enc-4x-shared,29.046,29.314
RES,3,64,enc-8x-final,14.462,14.479
RES,3,64,enc-8x-compact,14.975,15.007
RES,3,80,enc-4x-shared,35.673,35.804
RES,3,80,enc-8x-final,21.654,21.767
RES,3,80,enc-8x-compact,21.641,21.760
RES,3,96,enc-4x-shared,41.986,42.248
RES,3,96,enc-8x-final,22.242,22.361
RES,3,96,enc-8x-compact,22.241,22.358
RES,3,112,enc-4x-shared,48.327,48.580
RES,3,112,enc-8x-final,22.777,22.897
RES,3,112,enc-8x-compact,22.786,22.902
RES,3,128,enc-4x-shared,38.083,38.216
RES,3,128,enc-8x-final,21.466,21.588
RES,3,128,enc-8x-compact,21.483,21.597
# SELFCHECK OK: 1..256 blocks, 3 variants
RES,4,16,enc-4x-shared,9.365,9.370
RES,4,16,enc-8x-final,9.447,9.453
RES,4,16,enc-8x-compact,10.565,10.585
RES,4,32,enc-4x-shared,10.593,10.716
RES,4,32,enc-8x-final,10.250,10.261
RES,4,32,enc-8x-compact,11.035,11.104
RES,4,48,enc-4x-shared,13.946,13.972
RES,4,48,enc-8x-final,12.365,12.389
RES,4,48,enc-8x-compact,13.841,13.862
RES,4,64,enc-4x-shared,29.020,29.324
RES,4,64,enc-8x-final,14.463,14.480
RES,4,64,enc-8x-compact,14.975,15.005
RES,4,80,enc-4x-shared,35.670,35.800
RES,4,80,enc-8x-final,21.647,21.770
RES,4,80,enc-8x-compact,21.638,21.758
RES,4,96,enc-4x-shared,42.000,42.265
RES,4,96,enc-8x-final,22.241,22.358
RES,4,96,enc-8x-compact,22.246,22.361
RES,4,112,enc-4x-shared,48.301,48.596
RES,4,112,enc-8x-final,22.777,22.899
RES,4,112,enc-8x-compact,22.787,22.802
RES,4,128,enc-4x-shared,38.083,38.217
RES,4,128,enc-8x-final,21.474,21.589
RES,4,128,enc-8x-compact,21.481,21.596
# SELFCHECK OK: 1..256 blocks, 3 variants
RES,5,16,enc-4x-shared,9.364,9.370
RES,5,16,enc-8x-final,9.449,9.454
RES,5,16,enc-8x-compact,10.567,10.584
RES,5,32,enc-4x-shared,10.592,10.613
RES,5,32,enc-8x-final,10.251,10.262
RES,5,32,enc-8x-compact,11.042,11.103
RES,5,48,enc-4x-shared,13.941,13.967
RES,5,48,enc-8x-final,12.377,12.393
RES,5,48,enc-8x-compact,13.842,13.865
RES,5,64,enc-4x-shared,29.121,29.317
RES,5,64,enc-8x-final,14.466,14.478
RES,5,64,enc-8x-compact,14.981,15.006
RES,5,80,enc-4x-shared,35.678,35.805
RES,5,80,enc-8x-final,21.655,21.769
RES,5,80,enc-8x-compact,21.649,21.760
RES,5,96,enc-4x-shared,41.990,42.251
RES,5,96,enc-8x-final,22.245,22.359
RES,5,96,enc-8x-compact,22.247,22.358
RES,5,112,enc-4x-shared,48.347,48.569
RES,5,112,enc-8x-final,22.775,22.890
RES,5,112,enc-8x-compact,22.785,22.905
RES,5,128,enc-4x-shared,38.084,38.218
RES,5,128,enc-8x-final,21.470,21.591
RES,5,128,enc-8x-compact,21.477,21.593
# SELFCHECK OK: 1..256 blocks, 3 variants
RES,6,16,enc-4x-shared,9.364,9.370
RES,6,16,enc-8x-final,9.449,9.453
RES,6,16,enc-8x-compact,10.569,10.587
RES,6,32,enc-4x-shared,10.594,10.613
RES,6,32,enc-8x-final,10.251,10.262
RES,6,32,enc-8x-compact,11.036,11.102
RES,6,48,enc-4x-shared,13.938,13.962
RES,6,48,enc-8x-final,12.373,12.386
RES,6,48,enc-8x-compact,13.835,13.862
RES,6,64,enc-4x-shared,29.030,29.336
RES,6,64,enc-8x-final,14.450,14.466
RES,6,64,enc-8x-compact,14.977,15.008
RES,6,80,enc-4x-shared,35.676,35.806
RES,6,80,enc-8x-final,21.634,21.750
RES,6,80,enc-8x-compact,21.643,21.757
RES,6,96,enc-4x-shared,41.904,42.277
RES,6,96,enc-8x-final,22.227,22.339
RES,6,96,enc-8x-compact,22.240,22.357
RES,6,112,enc-4x-shared,48.299,48.600
RES,6,112,enc-8x-final,22.761,22.876
RES,6,112,enc-8x-compact,22.784,22.900
RES,6,128,enc-4x-shared,38.088,38.212
RES,6,128,enc-8x-final,21.455,21.569
RES,6,128,enc-8x-compact,21.479,21.504
# SELFCHECK OK: 1..256 blocks, 3 variants
RES,7,16,enc-4x-shared,9.366,9.371
RES,7,16,enc-8x-final,9.449,9.454
RES,7,16,enc-8x-compact,10.567,10.587
RES,7,32,enc-4x-shared,10.596,10.699
RES,7,32,enc-8x-final,10.250,10.262
RES,7,32,enc-8x-compact,11.037,11.092
RES,7,48,enc-4x-shared,13.941,13.966
RES,7,48,enc-8x-final,12.367,12.388
RES,7,48,enc-8x-compact,13.839,13.864
RES,7,64,enc-4x-shared,29.025,29.319
RES,7,64,enc-8x-final,14.451,14.467
RES,7,64,enc-8x-compact,14.978,15.005
RES,7,80,enc-4x-shared,35.675,35.804
RES,7,80,enc-8x-final,21.633,21.659
RES,7,80,enc-8x-compact,21.644,21.759
RES,7,96,enc-4x-shared,41.897,42.245
RES,7,96,enc-8x-final,22.222,22.335
RES,7,96,enc-8x-compact,22.245,22.358
RES,7,112,enc-4x-shared,48.204,48.571
RES,7,112,enc-8x-final,22.760,22.877
RES,7,112,enc-8x-compact,22.788,22.802
RES,7,128,enc-4x-shared,38.089,38.217
RES,7,128,enc-8x-final,21.451,21.477
RES,7,128,enc-8x-compact,21.475,21.505
DONE: 7 correctness gates
