# date=2026-09-09T12:01:00Z
# host=ip-172-31-42-229
# model=Neoverse-V3
# mode=large layout=8x-first reps=160 processes=7 pinned_cpu=3
file,sha256,text_bytes
finalists-4x-entry.o,e688785d552bc16e2e8042067f9b9ac06b748d2cc2bcd1159dc958c74c7e8bf2,5140
finalists-8x.o,28bf660efcc2c2e1363ec87070d15cde5e6ca7d44c9845b1cc37d0ac824324af,7504
finalists-compact.o,78605a647e192cc843d63e5ce89ba72ccd1788acc748f900edc54a9aad6b15d3,8624
# SELFCHECK OK: 1..256 blocks, 3 variants
RES,1,1344,enc-8x-final,189.233,189.504
RES,1,1344,enc-4x-shared,254.610,254.852
RES,1,1344,enc-8x-compact,189.308,189.567
RES,1,2048,enc-8x-final,275.178,275.474
RES,1,2048,enc-4x-shared,379.746,380.110
RES,1,2048,enc-8x-compact,275.459,275.706
RES,1,4096,enc-8x-final,547.519,547.949
RES,1,4096,enc-4x-shared,744.087,744.825
RES,1,4096,enc-8x-compact,547.673,548.141
RES,1,8192,enc-8x-final,1091.946,1092.891
RES,1,8192,enc-4x-shared,1472.674,1474.170
RES,1,8192,enc-8x-compact,1092.183,1093.088
RES,1,16384,enc-8x-final,2181.071,2182.733
RES,1,16384,enc-4x-shared,2930.505,2933.175
RES,1,16384,enc-8x-compact,2181.313,2182.968
RES,1,32768,enc-8x-final,4358.850,4362.744
RES,1,32768,enc-4x-shared,5845.512,5851.467
RES,1,32768,enc-8x-compact,4359.671,4362.890
# SELFCHECK OK: 1..256 blocks, 3 variants
RES,2,1344,enc-8x-final,189.137,189.456
RES,2,1344,enc-4x-shared,254.661,254.885
RES,2,1344,enc-8x-compact,189.313,189.551
RES,2,2048,enc-8x-final,275.199,275.458
RES,2,2048,enc-4x-shared,379.814,380.214
RES,2,2048,enc-8x-compact,275.403,275.673
RES,2,4096,enc-8x-final,547.408,547.861
RES,2,4096,enc-4x-shared,744.111,744.918
RES,2,4096,enc-8x-compact,547.642,548.118
RES,2,8192,enc-8x-final,1091.952,1092.840
RES,2,8192,enc-4x-shared,1472.901,1474.209
RES,2,8192,enc-8x-compact,1092.164,1093.066
RES,2,16384,enc-8x-final,2184.280,2185.930
RES,2,16384,enc-4x-shared,2929.348,2932.476
RES,2,16384,enc-8x-compact,2181.005,2182.580
RES,2,32768,enc-8x-final,4359.716,4362.918
RES,2,32768,enc-4x-shared,5845.539,5851.986
RES,2,32768,enc-8x-compact,4359.589,4363.006
# SELFCHECK OK: 1..256 blocks, 3 variants
RES,3,1344,enc-8x-final,189.207,189.434
RES,3,1344,enc-4x-shared,254.585,254.792
RES,3,1344,enc-8x-compact,189.287,189.522
RES,3,2048,enc-8x-final,275.202,275.431
RES,3,2048,enc-4x-shared,379.758,380.072
RES,3,2048,enc-8x-compact,275.445,275.684
RES,3,4096,enc-8x-final,547.402,547.906
RES,3,4096,enc-4x-shared,743.825,744.698
RES,3,4096,enc-8x-compact,547.635,548.114
RES,3,8192,enc-8x-final,1091.937,1092.732
RES,3,8192,enc-4x-shared,1472.503,1474.046
RES,3,8192,enc-8x-compact,1092.142,1093.011
RES,3,16384,enc-8x-final,2180.654,2182.390
RES,3,16384,enc-4x-shared,2929.777,2932.798
RES,3,16384,enc-8x-compact,2184.500,2186.140
RES,3,32768,enc-8x-final,4359.432,4362.553
RES,3,32768,enc-4x-shared,5845.888,5851.886
RES,3,32768,enc-8x-compact,4359.673,4362.797
# SELFCHECK OK: 1..256 blocks, 3 variants
RES,4,1344,enc-8x-final,189.098,189.436
RES,4,1344,enc-4x-shared,254.608,254.773
RES,4,1344,enc-8x-compact,189.189,189.525
RES,4,2048,enc-8x-final,275.162,275.369
RES,4,2048,enc-4x-shared,379.673,380.004
RES,4,2048,enc-8x-compact,275.417,275.611
RES,4,4096,enc-8x-final,547.407,547.830
RES,4,4096,enc-4x-shared,743.875,744.557
RES,4,4096,enc-8x-compact,547.608,548.033
RES,4,8192,enc-8x-final,1091.861,1092.702
RES,4,8192,enc-4x-shared,1472.443,1473.831
RES,4,8192,enc-8x-compact,1092.103,1092.891
RES,4,16384,enc-8x-final,2180.744,2182.644
RES,4,16384,enc-4x-shared,2929.862,2932.725
RES,4,16384,enc-8x-compact,2181.064,2182.784
RES,4,32768,enc-8x-final,4359.330,4361.995
RES,4,32768,enc-4x-shared,5845.276,5850.697
RES,4,32768,enc-8x-compact,4359.242,4362.293
# SELFCHECK OK: 1..256 blocks, 3 variants
RES,5,1344,enc-8x-final,189.224,189.428
RES,5,1344,enc-4x-shared,254.676,254.848
RES,5,1344,enc-8x-compact,189.296,189.504
RES,5,2048,enc-8x-final,275.214,275.416
RES,5,2048,enc-4x-shared,379.846,380.174
RES,5,2048,enc-8x-compact,275.416,275.641
RES,5,4096,enc-8x-final,547.470,547.820
RES,5,4096,enc-4x-shared,744.000,744.731
RES,5,4096,enc-8x-compact,547.671,548.009
RES,5,8192,enc-8x-final,1092.021,1092.774
RES,5,8192,enc-4x-shared,1472.988,1474.273
RES,5,8192,enc-8x-compact,1092.148,1092.921
RES,5,16384,enc-8x-final,2180.576,2182.389
RES,5,16384,enc-4x-shared,2929.939,2932.843
RES,5,16384,enc-8x-compact,2184.600,2186.222
RES,5,32768,enc-8x-final,4360.037,4363.089
RES,5,32768,enc-4x-shared,5844.873,5852.149
RES,5,32768,enc-8x-compact,4363.206,4366.613
# SELFCHECK OK: 1..256 blocks, 3 variants
RES,6,1344,enc-8x-final,189.126,189.478
RES,6,1344,enc-4x-shared,254.613,254.815
RES,6,1344,enc-8x-compact,189.198,189.545
RES,6,2048,enc-8x-final,275.209,275.444
RES,6,2048,enc-4x-shared,379.667,380.068
RES,6,2048,enc-8x-compact,275.408,275.680
RES,6,4096,enc-8x-final,547.421,547.919
RES,6,4096,enc-4x-shared,744.072,744.799
RES,6,4096,enc-8x-compact,547.718,548.153
RES,6,8192,enc-8x-final,1091.907,1092.903
RES,6,8192,enc-4x-shared,1472.444,1474.135
RES,6,8192,enc-8x-compact,1092.224,1093.201
RES,6,16384,enc-8x-final,2184.425,2186.519
RES,6,16384,enc-4x-shared,2929.597,2932.946
RES,6,16384,enc-8x-compact,2181.283,2185.972
RES,6,32768,enc-8x-final,4359.278,4362.874
RES,6,32768,enc-4x-shared,5855.501,5860.472
RES,6,32768,enc-8x-compact,4359.897,4362.991
# SELFCHECK OK: 1..256 blocks, 3 variants
RES,7,1344,enc-8x-final,189.188,189.467
RES,7,1344,enc-4x-shared,254.619,254.817
RES,7,1344,enc-8x-compact,189.307,189.562
RES,7,2048,enc-8x-final,275.243,275.467
RES,7,2048,enc-4x-shared,379.783,380.139
RES,7,2048,enc-8x-compact,275.447,275.696
RES,7,4096,enc-8x-final,547.495,547.920
RES,7,4096,enc-4x-shared,743.940,744.763
RES,7,4096,enc-8x-compact,547.650,548.130
RES,7,8192,enc-8x-final,1091.980,1092.911
RES,7,8192,enc-4x-shared,1472.790,1474.221
RES,7,8192,enc-8x-compact,1092.287,1093.133
RES,7,16384,enc-8x-final,2181.055,2182.497
RES,7,16384,enc-4x-shared,2930.027,2933.251
RES,7,16384,enc-8x-compact,2181.072,2182.991
RES,7,32768,enc-8x-final,4359.468,4362.692
RES,7,32768,enc-4x-shared,5846.267,5852.399
RES,7,32768,enc-8x-compact,4359.993,4362.971
DONE: 7 correctness gates
