# date=2026-09-09T11:59:18Z
# host=ip-172-31-4-159
# model=Neoverse-V1
# mode=small layout=8x-first reps=160 processes=7 pinned_cpu=3
file,sha256,text_bytes
finalists-4x-entry.o,e688785d552bc16e2e8042067f9b9ac06b748d2cc2bcd1159dc958c74c7e8bf2,5140
finalists-8x.o,28bf660efcc2c2e1363ec87070d15cde5e6ca7d44c9845b1cc37d0ac824324af,7504
finalists-compact.o,78605a647e192cc843d63e5ce89ba72ccd1788acc748f900edc54a9aad6b15d3,8624
# SELFCHECK OK: 1..256 blocks, 3 variants
RES,1,16,enc-8x-final,13.516,13.608
RES,1,16,enc-4x-shared,13.256,13.265
RES,1,16,enc-8x-compact,15.259,15.334
RES,1,32,enc-8x-final,15.580,15.865
RES,1,32,enc-4x-shared,17.806,17.926
RES,1,32,enc-8x-compact,16.543,16.648
RES,1,48,enc-8x-final,19.328,19.510
RES,1,48,enc-4x-shared,22.059,22.456
RES,1,48,enc-8x-compact,21.038,21.174
RES,1,64,enc-8x-final,21.189,21.322
RES,1,64,enc-4x-shared,42.014,43.488
RES,1,64,enc-8x-compact,21.717,21.999
RES,1,80,enc-8x-final,31.615,32.116
RES,1,80,enc-4x-shared,51.730,51.961
RES,1,80,enc-8x-compact,31.534,31.898
RES,1,96,enc-8x-final,32.739,33.294
RES,1,96,enc-4x-shared,60.142,60.744
RES,1,96,enc-8x-compact,32.617,32.874
RES,1,112,enc-8x-final,33.412,33.798
RES,1,112,enc-4x-shared,68.866,69.770
RES,1,112,enc-8x-compact,33.957,34.779
RES,1,128,enc-8x-final,31.352,31.737
RES,1,128,enc-4x-shared,49.088,49.834
RES,1,128,enc-8x-compact,31.175,31.882
# SELFCHECK OK: 1..256 blocks, 3 variants
RES,2,16,enc-8x-final,13.557,13.608
RES,2,16,enc-4x-shared,13.256,13.265
RES,2,16,enc-8x-compact,15.258,15.269
RES,2,32,enc-8x-final,15.581,15.870
RES,2,32,enc-4x-shared,17.811,17.911
RES,2,32,enc-8x-compact,16.542,16.840
RES,2,48,enc-8x-final,19.326,19.509
RES,2,48,enc-4x-shared,22.255,22.473
RES,2,48,enc-8x-compact,21.052,21.184
RES,2,64,enc-8x-final,21.191,21.233
RES,2,64,enc-4x-shared,42.065,43.470
RES,2,64,enc-8x-compact,21.855,21.995
RES,2,80,enc-8x-final,31.656,32.080
RES,2,80,enc-4x-shared,51.753,51.977
RES,2,80,enc-8x-compact,31.547,31.877
RES,2,96,enc-8x-final,32.729,33.326
RES,2,96,enc-4x-shared,60.117,60.764
RES,2,96,enc-8x-compact,32.523,32.870
RES,2,112,enc-8x-final,33.414,33.767
RES,2,112,enc-4x-shared,68.868,69.647
RES,2,112,enc-8x-compact,34.251,34.760
RES,2,128,enc-8x-final,31.319,31.756
RES,2,128,enc-4x-shared,49.518,49.855
RES,2,128,enc-8x-compact,31.258,31.834
# SELFCHECK OK: 1..256 blocks, 3 variants
RES,3,16,enc-8x-final,13.566,13.642
RES,3,16,enc-4x-shared,13.255,13.264
RES,3,16,enc-8x-compact,15.261,15.331
RES,3,32,enc-8x-final,15.580,15.864
RES,3,32,enc-4x-shared,17.808,17.917
RES,3,32,enc-8x-compact,16.540,16.648
RES,3,48,enc-8x-final,19.323,19.528
RES,3,48,enc-4x-shared,22.339,22.496
RES,3,48,enc-8x-compact,21.042,21.170
RES,3,64,enc-8x-final,21.187,21.333
RES,3,64,enc-4x-shared,42.096,43.525
RES,3,64,enc-8x-compact,21.859,22.041
RES,3,80,enc-8x-final,31.523,32.095
RES,3,80,enc-4x-shared,51.745,51.976
RES,3,80,enc-8x-compact,31.556,31.892
RES,3,96,enc-8x-final,32.651,33.333
RES,3,96,enc-4x-shared,59.867,60.949
RES,3,96,enc-8x-compact,32.532,32.855
RES,3,112,enc-8x-final,33.416,33.729
RES,3,112,enc-4x-shared,68.824,69.563
RES,3,112,enc-8x-compact,34.284,34.661
RES,3,128,enc-8x-final,31.416,31.735
RES,3,128,enc-4x-shared,48.798,49.833
RES,3,128,enc-8x-compact,31.168,31.829
# SELFCHECK OK: 1..256 blocks, 3 variants
RES,4,16,enc-8x-final,13.595,13.608
RES,4,16,enc-4x-shared,13.256,13.263
RES,4,16,enc-8x-compact,15.259,15.270
RES,4,32,enc-8x-final,15.576,15.917
RES,4,32,enc-4x-shared,17.806,17.917
RES,4,32,enc-8x-compact,16.544,16.857
RES,4,48,enc-8x-final,19.325,19.511
RES,4,48,enc-4x-shared,22.253,22.481
RES,4,48,enc-8x-compact,21.049,21.194
RES,4,64,enc-8x-final,21.190,21.334
RES,4,64,enc-4x-shared,42.267,43.471
RES,4,64,enc-8x-compact,21.661,22.029
RES,4,80,enc-8x-final,31.457,32.067
RES,4,80,enc-4x-shared,51.719,51.996
RES,4,80,enc-8x-compact,31.454,31.882
RES,4,96,enc-8x-final,32.780,33.284
RES,4,96,enc-4x-shared,60.030,60.806
RES,4,96,enc-8x-compact,32.519,32.853
RES,4,112,enc-8x-final,33.397,33.817
RES,4,112,enc-4x-shared,68.839,69.505
RES,4,112,enc-8x-compact,34.314,34.699
RES,4,128,enc-8x-final,31.414,31.729
RES,4,128,enc-4x-shared,49.554,49.775
RES,4,128,enc-8x-compact,31.163,31.823
# SELFCHECK OK: 1..256 blocks, 3 variants
RES,5,16,enc-8x-final,13.515,13.607
RES,5,16,enc-4x-shared,13.251,13.264
RES,5,16,enc-8x-compact,15.257,15.270
RES,5,32,enc-8x-final,15.577,15.856
RES,5,32,enc-4x-shared,17.810,17.900
RES,5,32,enc-8x-compact,16.534,16.646
RES,5,48,enc-8x-final,19.324,19.468
RES,5,48,enc-4x-shared,22.228,22.481
RES,5,48,enc-8x-compact,21.041,21.174
RES,5,64,enc-8x-final,21.187,21.319
RES,5,64,enc-4x-shared,42.146,43.501
RES,5,64,enc-8x-compact,21.852,22.037
RES,5,80,enc-8x-final,31.580,32.074
RES,5,80,enc-4x-shared,51.712,51.975
RES,5,80,enc-8x-compact,31.133,31.899
RES,5,96,enc-8x-final,32.450,33.283
RES,5,96,enc-4x-shared,59.970,60.830
RES,5,96,enc-8x-compact,32.509,32.845
RES,5,112,enc-8x-final,33.438,33.757
RES,5,112,enc-4x-shared,68.838,69.633
RES,5,112,enc-8x-compact,34.244,34.704
RES,5,128,enc-8x-final,31.382,31.683
RES,5,128,enc-4x-shared,49.346,49.800
RES,5,128,enc-8x-compact,31.160,31.799
# SELFCHECK OK: 1..256 blocks, 3 variants
RES,6,16,enc-8x-final,13.513,13.606
RES,6,16,enc-4x-shared,13.254,13.263
RES,6,16,enc-8x-compact,15.259,15.270
RES,6,32,enc-8x-final,15.582,15.868
RES,6,32,enc-4x-shared,17.808,17.927
RES,6,32,enc-8x-compact,16.530,16.654
RES,6,48,enc-8x-final,19.326,19.477
RES,6,48,enc-4x-shared,22.057,22.446
RES,6,48,enc-8x-compact,21.052,21.179
RES,6,64,enc-8x-final,21.190,21.317
RES,6,64,enc-4x-shared,42.173,43.481
RES,6,64,enc-8x-compact,21.847,22.009
RES,6,80,enc-8x-final,31.677,32.098
RES,6,80,enc-4x-shared,51.772,51.959
RES,6,80,enc-8x-compact,31.448,31.891
RES,6,96,enc-8x-final,32.519,33.366
RES,6,96,enc-4x-shared,60.027,60.831
RES,6,96,enc-8x-compact,32.510,32.843
RES,6,112,enc-8x-final,33.340,33.719
RES,6,112,enc-4x-shared,67.883,69.579
RES,6,112,enc-8x-compact,34.219,34.696
RES,6,128,enc-8x-final,31.319,31.724
RES,6,128,enc-4x-shared,48.796,49.835
RES,6,128,enc-8x-compact,31.257,31.822
# SELFCHECK OK: 1..256 blocks, 3 variants
RES,7,16,enc-8x-final,13.515,13.606
RES,7,16,enc-4x-shared,13.256,13.264
RES,7,16,enc-8x-compact,15.258,15.270
RES,7,32,enc-8x-final,15.580,15.866
RES,7,32,enc-4x-shared,17.814,17.931
RES,7,32,enc-8x-compact,16.539,16.647
RES,7,48,enc-8x-final,19.330,19.519
RES,7,48,enc-4x-shared,22.183,22.448
RES,7,48,enc-8x-compact,21.049,21.179
RES,7,64,enc-8x-final,21.187,21.315
RES,7,64,enc-4x-shared,41.951,43.472
RES,7,64,enc-8x-compact,21.839,22.032
RES,7,80,enc-8x-final,31.600,32.084
RES,7,80,enc-4x-shared,51.715,51.997
RES,7,80,enc-8x-compact,31.643,31.899
RES,7,96,enc-8x-final,32.810,33.296
RES,7,96,enc-4x-shared,60.123,60.890
RES,7,96,enc-8x-compact,32.629,32.857
RES,7,112,enc-8x-final,33.411,33.765
RES,7,112,enc-4x-shared,68.630,69.565
RES,7,112,enc-8x-compact,34.341,34.732
RES,7,128,enc-8x-final,31.417,31.750
RES,7,128,enc-4x-shared,49.206,49.818
RES,7,128,enc-8x-compact,31.162,31.810
DONE: 7 correctness gates
