# date=2026-09-09T11:59:02Z
# host=ip-172-31-4-159
# model=Neoverse-V1
# mode=small layout=4x-first reps=160 processes=7 pinned_cpu=3
file,sha256,text_bytes
finalists-4x-entry.o,e688785d552bc16e2e8042067f9b9ac06b748d2cc2bcd1159dc958c74c7e8bf2,5140
finalists-8x.o,28bf660efcc2c2e1363ec87070d15cde5e6ca7d44c9845b1cc37d0ac824324af,7504
finalists-compact.o,78605a647e192cc843d63e5ce89ba72ccd1788acc748f900edc54a9aad6b15d3,8624
# SELFCHECK OK: 1..256 blocks, 3 variants
RES,1,16,enc-4x-shared,13.243,13.376
RES,1,16,enc-8x-final,13.590,13.607
RES,1,16,enc-8x-compact,15.162,15.232
RES,1,32,enc-4x-shared,17.780,18.422
RES,1,32,enc-8x-final,15.571,15.667
RES,1,32,enc-8x-compact,16.624,16.867
RES,1,48,enc-4x-shared,22.184,22.383
RES,1,48,enc-8x-final,19.319,19.728
RES,1,48,enc-8x-compact,21.057,21.258
RES,1,64,enc-4x-shared,42.846,43.517
RES,1,64,enc-8x-final,21.185,21.333
RES,1,64,enc-8x-compact,21.895,22.039
RES,1,80,enc-4x-shared,51.603,51.930
RES,1,80,enc-8x-final,31.463,32.083
RES,1,80,enc-8x-compact,31.668,32.125
RES,1,96,enc-4x-shared,60.118,60.629
RES,1,96,enc-8x-final,32.697,33.355
RES,1,96,enc-8x-compact,32.511,33.327
RES,1,112,enc-4x-shared,68.931,69.587
RES,1,112,enc-8x-final,33.441,33.849
RES,1,112,enc-8x-compact,33.434,33.745
RES,1,128,enc-4x-shared,49.327,49.951
RES,1,128,enc-8x-final,31.417,31.764
RES,1,128,enc-8x-compact,31.417,31.754
# SELFCHECK OK: 1..256 blocks, 3 variants
RES,2,16,enc-4x-shared,13.247,13.391
RES,2,16,enc-8x-final,13.521,13.647
RES,2,16,enc-8x-compact,15.167,15.177
RES,2,32,enc-4x-shared,17.840,18.466
RES,2,32,enc-8x-final,15.582,15.677
RES,2,32,enc-8x-compact,16.627,16.766
RES,2,48,enc-4x-shared,22.198,22.381
RES,2,48,enc-8x-final,19.332,19.633
RES,2,48,enc-8x-compact,21.063,21.259
RES,2,64,enc-4x-shared,42.664,43.558
RES,2,64,enc-8x-final,21.190,21.323
RES,2,64,enc-8x-compact,21.911,22.041
RES,2,80,enc-4x-shared,51.282,51.879
RES,2,80,enc-8x-final,31.648,32.099
RES,2,80,enc-8x-compact,31.810,32.128
RES,2,96,enc-4x-shared,60.161,60.572
RES,2,96,enc-8x-final,32.720,33.320
RES,2,96,enc-8x-compact,32.800,33.351
RES,2,112,enc-4x-shared,68.943,69.575
RES,2,112,enc-8x-final,33.455,33.871
RES,2,112,enc-8x-compact,33.395,33.767
RES,2,128,enc-4x-shared,49.326,49.942
RES,2,128,enc-8x-final,31.413,31.731
RES,2,128,enc-8x-compact,31.121,31.724
# SELFCHECK OK: 1..256 blocks, 3 variants
RES,3,16,enc-4x-shared,13.247,13.257
RES,3,16,enc-8x-final,13.517,13.612
RES,3,16,enc-8x-compact,15.166,15.177
RES,3,32,enc-4x-shared,17.707,18.381
RES,3,32,enc-8x-final,15.581,15.673
RES,3,32,enc-8x-compact,16.625,16.748
RES,3,48,enc-4x-shared,22.130,22.387
RES,3,48,enc-8x-final,19.333,19.706
RES,3,48,enc-8x-compact,21.070,21.266
RES,3,64,enc-4x-shared,42.878,43.528
RES,3,64,enc-8x-final,21.188,21.381
RES,3,64,enc-8x-compact,21.907,22.042
RES,3,80,enc-4x-shared,51.223,51.878
RES,3,80,enc-8x-final,31.361,32.079
RES,3,80,enc-8x-compact,31.768,32.139
RES,3,96,enc-4x-shared,60.163,60.674
RES,3,96,enc-8x-final,32.684,33.318
RES,3,96,enc-8x-compact,32.816,33.317
RES,3,112,enc-4x-shared,69.106,69.565
RES,3,112,enc-8x-final,33.413,33.796
RES,3,112,enc-8x-compact,33.436,33.766
RES,3,128,enc-4x-shared,49.469,49.981
RES,3,128,enc-8x-final,31.399,31.741
RES,3,128,enc-8x-compact,31.378,31.748
# SELFCHECK OK: 1..256 blocks, 3 variants
RES,4,16,enc-4x-shared,13.247,13.386
RES,4,16,enc-8x-final,13.522,13.649
RES,4,16,enc-8x-compact,15.162,15.176
RES,4,32,enc-4x-shared,17.823,18.256
RES,4,32,enc-8x-final,15.575,15.675
RES,4,32,enc-8x-compact,16.630,16.874
RES,4,48,enc-4x-shared,22.141,22.381
RES,4,48,enc-8x-final,19.332,19.649
RES,4,48,enc-8x-compact,21.062,21.226
RES,4,64,enc-4x-shared,42.412,43.502
RES,4,64,enc-8x-final,21.190,21.313
RES,4,64,enc-8x-compact,21.908,22.042
RES,4,80,enc-4x-shared,51.389,51.888
RES,4,80,enc-8x-final,31.388,32.076
RES,4,80,enc-8x-compact,31.654,32.120
RES,4,96,enc-4x-shared,60.175,60.708
RES,4,96,enc-8x-final,32.648,33.364
RES,4,96,enc-8x-compact,32.795,33.344
RES,4,112,enc-4x-shared,69.144,69.527
RES,4,112,enc-8x-final,33.415,33.843
RES,4,112,enc-8x-compact,33.400,33.748
RES,4,128,enc-4x-shared,49.403,49.987
RES,4,128,enc-8x-final,31.413,31.734
RES,4,128,enc-8x-compact,31.360,31.720
# SELFCHECK OK: 1..256 blocks, 3 variants
RES,5,16,enc-4x-shared,13.246,13.693
RES,5,16,enc-8x-final,13.593,13.652
RES,5,16,enc-8x-compact,15.163,15.176
RES,5,32,enc-4x-shared,17.817,18.393
RES,5,32,enc-8x-final,15.574,15.596
RES,5,32,enc-8x-compact,16.626,16.753
RES,5,48,enc-4x-shared,22.252,22.402
RES,5,48,enc-8x-final,19.329,19.613
RES,5,48,enc-8x-compact,21.070,21.228
RES,5,64,enc-4x-shared,42.938,43.506
RES,5,64,enc-8x-final,21.192,21.321
RES,5,64,enc-8x-compact,21.910,22.056
RES,5,80,enc-4x-shared,51.175,51.915
RES,5,80,enc-8x-final,31.642,32.072
RES,5,80,enc-8x-compact,31.673,32.155
RES,5,96,enc-4x-shared,60.171,60.733
RES,5,96,enc-8x-final,32.223,33.296
RES,5,96,enc-8x-compact,32.812,33.357
RES,5,112,enc-4x-shared,68.991,69.616
RES,5,112,enc-8x-final,33.413,33.840
RES,5,112,enc-8x-compact,33.475,33.756
RES,5,128,enc-4x-shared,49.395,49.969
RES,5,128,enc-8x-final,31.440,31.722
RES,5,128,enc-8x-compact,31.396,31.721
# SELFCHECK OK: 1..256 blocks, 3 variants
RES,6,16,enc-4x-shared,13.246,13.260
RES,6,16,enc-8x-final,13.518,13.611
RES,6,16,enc-8x-compact,15.167,15.177
RES,6,32,enc-4x-shared,17.830,18.339
RES,6,32,enc-8x-final,15.577,15.669
RES,6,32,enc-8x-compact,16.625,16.748
RES,6,48,enc-4x-shared,22.029,22.382
RES,6,48,enc-8x-final,19.331,19.607
RES,6,48,enc-8x-compact,21.069,21.280
RES,6,64,enc-4x-shared,42.579,43.562
RES,6,64,enc-8x-final,21.190,21.419
RES,6,64,enc-8x-compact,21.904,22.046
RES,6,80,enc-4x-shared,51.146,51.891
RES,6,80,enc-8x-final,31.484,32.073
RES,6,80,enc-8x-compact,31.754,32.113
RES,6,96,enc-4x-shared,59.729,60.615
RES,6,96,enc-8x-final,32.670,33.294
RES,6,96,enc-8x-compact,32.803,33.389
RES,6,112,enc-4x-shared,68.999,69.595
RES,6,112,enc-8x-final,33.448,33.854
RES,6,112,enc-8x-compact,33.222,33.766
RES,6,128,enc-4x-shared,49.471,49.933
RES,6,128,enc-8x-final,31.362,31.723
RES,6,128,enc-8x-compact,31.188,31.721
# SELFCHECK OK: 1..256 blocks, 3 variants
RES,7,16,enc-4x-shared,13.247,13.399
RES,7,16,enc-8x-final,13.592,13.649
RES,7,16,enc-8x-compact,15.165,15.175
RES,7,32,enc-4x-shared,17.828,18.137
RES,7,32,enc-8x-final,15.577,15.674
RES,7,32,enc-8x-compact,16.623,16.774
RES,7,48,enc-4x-shared,22.026,22.365
RES,7,48,enc-8x-final,19.328,19.657
RES,7,48,enc-8x-compact,21.066,21.239
RES,7,64,enc-4x-shared,43.123,43.577
RES,7,64,enc-8x-final,21.186,21.315
RES,7,64,enc-8x-compact,21.898,22.048
RES,7,80,enc-4x-shared,51.161,51.949
RES,7,80,enc-8x-final,31.553,32.076
RES,7,80,enc-8x-compact,31.763,32.126
RES,7,96,enc-4x-shared,60.170,60.750
RES,7,96,enc-8x-final,32.585,33.310
RES,7,96,enc-8x-compact,32.725,33.347
RES,7,112,enc-4x-shared,69.031,69.495
RES,7,112,enc-8x-final,33.448,33.840
RES,7,112,enc-8x-compact,33.159,33.793
RES,7,128,enc-4x-shared,49.423,49.948
RES,7,128,enc-8x-final,31.378,31.726
RES,7,128,enc-8x-compact,31.376,31.749
DONE: 7 correctness gates
