# date=2026-09-09T12:01:25Z
# host=ip-172-31-44-56
# model=Neoverse-V2
# mode=large layout=8x-first reps=160 processes=7 pinned_cpu=3
file,sha256,text_bytes
finalists-4x-entry.o,e688785d552bc16e2e8042067f9b9ac06b748d2cc2bcd1159dc958c74c7e8bf2,5140
finalists-8x.o,28bf660efcc2c2e1363ec87070d15cde5e6ca7d44c9845b1cc37d0ac824324af,7504
finalists-compact.o,78605a647e192cc843d63e5ce89ba72ccd1788acc748f900edc54a9aad6b15d3,8624
# SELFCHECK OK: 1..256 blocks, 3 variants
RES,1,1344,enc-8x-final,224.251,224.513
RES,1,1344,enc-4x-shared,314.658,315.264
RES,1,1344,enc-8x-compact,224.267,224.760
RES,1,2048,enc-8x-final,325.628,326.008
RES,1,2048,enc-4x-shared,473.872,474.474
RES,1,2048,enc-8x-compact,325.701,326.088
RES,1,4096,enc-8x-final,644.937,645.608
RES,1,4096,enc-4x-shared,934.685,936.563
RES,1,4096,enc-8x-compact,645.009,645.665
RES,1,8192,enc-8x-final,1283.029,1284.377
RES,1,8192,enc-4x-shared,1856.905,1860.964
RES,1,8192,enc-8x-compact,1283.285,1284.558
RES,1,16384,enc-8x-final,2559.478,2561.887
RES,1,16384,enc-4x-shared,3697.200,3708.667
RES,1,16384,enc-8x-compact,2560.146,2561.866
RES,1,32768,enc-8x-final,5113.219,5117.158
RES,1,32768,enc-4x-shared,7410.076,7474.439
RES,1,32768,enc-8x-compact,5112.797,5117.657
# SELFCHECK OK: 1..256 blocks, 3 variants
RES,2,1344,enc-8x-final,224.255,224.471
RES,2,1344,enc-4x-shared,314.895,315.539
RES,2,1344,enc-8x-compact,224.381,224.699
RES,2,2048,enc-8x-final,325.589,326.000
RES,2,2048,enc-4x-shared,474.514,474.918
RES,2,2048,enc-8x-compact,325.597,325.993
RES,2,4096,enc-8x-final,644.836,645.486
RES,2,4096,enc-4x-shared,936.223,937.816
RES,2,4096,enc-8x-compact,645.011,645.442
RES,2,8192,enc-8x-final,1283.047,1284.282
RES,2,8192,enc-4x-shared,1858.150,1863.482
RES,2,8192,enc-8x-compact,1283.244,1284.021
RES,2,16384,enc-8x-final,2559.435,2561.774
RES,2,16384,enc-4x-shared,3705.544,3715.129
RES,2,16384,enc-8x-compact,2559.991,2561.615
RES,2,32768,enc-8x-final,5112.988,5118.023
RES,2,32768,enc-4x-shared,7439.011,7464.481
RES,2,32768,enc-8x-compact,5112.519,5117.169
# SELFCHECK OK: 1..256 blocks, 3 variants
RES,3,1344,enc-8x-final,224.211,224.471
RES,3,1344,enc-4x-shared,314.725,315.407
RES,3,1344,enc-8x-compact,224.353,224.629
RES,3,2048,enc-8x-final,325.631,325.983
RES,3,2048,enc-4x-shared,473.901,474.627
RES,3,2048,enc-8x-compact,325.719,326.126
RES,3,4096,enc-8x-final,644.838,645.461
RES,3,4096,enc-4x-shared,935.369,936.811
RES,3,4096,enc-8x-compact,644.906,645.390
RES,3,8192,enc-8x-final,1283.037,1284.083
RES,3,8192,enc-4x-shared,1856.399,1861.580
RES,3,8192,enc-8x-compact,1282.924,1284.110
RES,3,16384,enc-8x-final,2559.178,2561.665
RES,3,16384,enc-4x-shared,3699.466,3710.210
RES,3,16384,enc-8x-compact,2559.456,2561.836
RES,3,32768,enc-8x-final,5112.648,5118.390
RES,3,32768,enc-4x-shared,7419.591,7474.879
RES,3,32768,enc-8x-compact,5112.415,5117.464
# SELFCHECK OK: 1..256 blocks, 3 variants
RES,4,1344,enc-8x-final,224.200,224.542
RES,4,1344,enc-4x-shared,315.203,315.879
RES,4,1344,enc-8x-compact,224.394,224.754
RES,4,2048,enc-8x-final,325.661,326.112
RES,4,2048,enc-4x-shared,475.078,475.685
RES,4,2048,enc-8x-compact,325.656,326.121
RES,4,4096,enc-8x-final,644.871,645.799
RES,4,4096,enc-4x-shared,937.530,939.483
RES,4,4096,enc-8x-compact,644.879,645.602
RES,4,8192,enc-8x-final,1283.022,1284.861
RES,4,8192,enc-4x-shared,1860.906,1866.722
RES,4,8192,enc-8x-compact,1282.985,1284.396
RES,4,16384,enc-8x-final,2559.461,2562.555
RES,4,16384,enc-4x-shared,3712.244,3720.864
RES,4,16384,enc-8x-compact,2559.444,2562.597
RES,4,32768,enc-8x-final,5112.496,5120.147
RES,4,32768,enc-4x-shared,7423.611,7463.001
RES,4,32768,enc-8x-compact,5111.962,5118.211
# SELFCHECK OK: 1..256 blocks, 3 variants
RES,5,1344,enc-8x-final,224.182,224.493
RES,5,1344,enc-4x-shared,314.763,315.369
RES,5,1344,enc-8x-compact,224.224,224.769
RES,5,2048,enc-8x-final,325.591,325.997
RES,5,2048,enc-4x-shared,473.894,474.393
RES,5,2048,enc-8x-compact,325.698,326.140
RES,5,4096,enc-8x-final,644.801,645.408
RES,5,4096,enc-4x-shared,934.623,936.603
RES,5,4096,enc-8x-compact,644.935,645.876
RES,5,8192,enc-8x-final,1283.241,1284.361
RES,5,8192,enc-4x-shared,1856.194,1860.986
RES,5,8192,enc-8x-compact,1283.139,1284.318
RES,5,16384,enc-8x-final,2559.686,2561.798
RES,5,16384,enc-4x-shared,3699.641,3708.954
RES,5,16384,enc-8x-compact,2559.992,2561.544
RES,5,32768,enc-8x-final,5112.933,5117.245
RES,5,32768,enc-4x-shared,7406.621,7462.796
RES,5,32768,enc-8x-compact,5112.725,5116.772
# SELFCHECK OK: 1..256 blocks, 3 variants
RES,6,1344,enc-8x-final,224.240,224.471
RES,6,1344,enc-4x-shared,315.304,315.811
RES,6,1344,enc-8x-compact,224.364,224.724
RES,6,2048,enc-8x-final,325.668,326.125
RES,6,2048,enc-4x-shared,475.093,475.585
RES,6,2048,enc-8x-compact,325.680,325.975
RES,6,4096,enc-8x-final,644.877,645.420
RES,6,4096,enc-4x-shared,937.049,939.078
RES,6,4096,enc-8x-compact,644.972,645.611
RES,6,8192,enc-8x-final,1283.148,1284.241
RES,6,8192,enc-4x-shared,1861.518,1866.541
RES,6,8192,enc-8x-compact,1283.157,1284.430
RES,6,16384,enc-8x-final,2559.284,2562.491
RES,6,16384,enc-4x-shared,3710.874,3720.986
RES,6,16384,enc-8x-compact,2559.623,2561.885
RES,6,32768,enc-8x-final,5112.849,5118.749
RES,6,32768,enc-4x-shared,7421.875,7468.318
RES,6,32768,enc-8x-compact,5113.628,5117.649
# SELFCHECK OK: 1..256 blocks, 3 variants
RES,7,1344,enc-8x-final,224.220,224.478
RES,7,1344,enc-4x-shared,315.429,316.043
RES,7,1344,enc-8x-compact,224.275,224.605
RES,7,2048,enc-8x-final,325.690,326.050
RES,7,2048,enc-4x-shared,475.082,475.599
RES,7,2048,enc-8x-compact,325.659,325.995
RES,7,4096,enc-8x-final,644.814,645.390
RES,7,4096,enc-4x-shared,937.430,939.223
RES,7,4096,enc-8x-compact,644.934,645.467
RES,7,8192,enc-8x-final,1282.984,1284.023
RES,7,8192,enc-4x-shared,1861.755,1866.575
RES,7,8192,enc-8x-compact,1283.325,1284.292
RES,7,16384,enc-8x-final,2559.648,2561.885
RES,7,16384,enc-4x-shared,3711.237,3721.624
RES,7,16384,enc-8x-compact,2559.713,2561.648
RES,7,32768,enc-8x-final,5113.000,5116.544
RES,7,32768,enc-4x-shared,7425.879,7465.723
RES,7,32768,enc-8x-compact,5112.261,5116.740
DONE: 7 correctness gates
