# date=2026-08-27T21:53:26Z
# host=ip-172-31-11-58
# model=Neoverse-N1
# reps=200 processes=9 pinned_cpu=3
# SELFCHECK OK: 1..256 blocks, 3 variants
RES,1,16,dec-basic,18.803,19.004
RES,1,16,dec-fasttail,17.303,17.306
RES,1,16,dec-mem2,25.451,25.610
RES,1,32,dec-basic,29.608,30.405
RES,1,32,dec-fasttail,24.904,24.904
RES,1,32,dec-mem2,42.868,43.128
RES,1,48,dec-basic,41.184,41.605
RES,1,48,dec-fasttail,31.604,31.605
RES,1,48,dec-mem2,61.004,61.422
RES,1,64,dec-basic,40.803,40.806
RES,1,64,dec-fasttail,41.205,41.206
RES,1,64,dec-mem2,79.805,80.166
RES,1,80,dec-basic,51.605,52.011
RES,1,80,dec-fasttail,51.604,51.606
RES,1,80,dec-mem2,93.722,95.782
RES,1,96,dec-basic,62.768,63.215
RES,1,96,dec-fasttail,57.568,58.017
RES,1,96,dec-mem2,112.606,113.050
RES,1,112,dec-basic,74.291,74.764
RES,1,112,dec-fasttail,63.931,64.434
RES,1,112,dec-mem2,129.694,131.080
RES,1,128,dec-basic,69.007,69.494
RES,1,128,dec-fasttail,69.407,69.428
RES,1,128,dec-mem2,73.239,73.811
# SELFCHECK OK: 1..256 blocks, 3 variants
RES,2,16,dec-basic,18.803,19.003
RES,2,16,dec-fasttail,17.303,17.304
RES,2,16,dec-mem2,25.478,25.604
RES,2,32,dec-basic,29.899,30.405
RES,2,32,dec-fasttail,24.904,24.904
RES,2,32,dec-mem2,42.849,43.128
RES,2,48,dec-basic,40.473,41.605
RES,2,48,dec-fasttail,31.604,31.605
RES,2,48,dec-mem2,61.009,61.419
RES,2,64,dec-basic,40.803,40.806
RES,2,64,dec-fasttail,41.205,41.206
RES,2,64,dec-mem2,79.805,80.164
RES,2,80,dec-basic,51.605,51.992
RES,2,80,dec-fasttail,51.605,51.607
RES,2,80,dec-mem2,94.406,94.986
RES,2,96,dec-basic,62.768,63.209
RES,2,96,dec-fasttail,57.568,58.014
RES,2,96,dec-mem2,112.605,113.046
RES,2,112,dec-basic,74.290,74.764
RES,2,112,dec-fasttail,63.931,64.429
RES,2,112,dec-mem2,129.211,130.955
RES,2,128,dec-basic,69.008,69.010
RES,2,128,dec-fasttail,69.407,69.409
RES,2,128,dec-mem2,72.807,73.659
# SELFCHECK OK: 1..256 blocks, 3 variants
RES,3,16,dec-basic,18.803,19.003
RES,3,16,dec-fasttail,17.303,17.303
RES,3,16,dec-mem2,25.551,25.604
RES,3,32,dec-basic,30.033,30.405
RES,3,32,dec-fasttail,24.904,24.904
RES,3,32,dec-mem2,42.868,43.146
RES,3,48,dec-basic,40.807,41.605
RES,3,48,dec-fasttail,31.604,31.605
RES,3,48,dec-mem2,61.008,61.421
RES,3,64,dec-basic,40.803,40.806
RES,3,64,dec-fasttail,41.166,41.206
RES,3,64,dec-mem2,79.805,80.167
RES,3,80,dec-basic,51.605,51.607
RES,3,80,dec-fasttail,51.605,52.007
RES,3,80,dec-mem2,94.523,95.209
RES,3,96,dec-basic,62.768,63.210
RES,3,96,dec-fasttail,57.568,58.023
RES,3,96,dec-mem2,112.308,112.752
RES,3,112,dec-basic,74.291,74.770
RES,3,112,dec-fasttail,63.931,64.008
RES,3,112,dec-mem2,129.411,131.023
RES,3,128,dec-basic,69.008,69.010
RES,3,128,dec-fasttail,69.407,69.753
RES,3,128,dec-mem2,72.808,73.521
# SELFCHECK OK: 1..256 blocks, 3 variants
RES,4,16,dec-basic,18.803,19.003
RES,4,16,dec-fasttail,17.303,17.304
RES,4,16,dec-mem2,25.582,25.604
RES,4,32,dec-basic,29.960,30.405
RES,4,32,dec-fasttail,24.904,24.904
RES,4,32,dec-mem2,42.865,43.132
RES,4,48,dec-basic,40.807,41.605
RES,4,48,dec-fasttail,31.604,31.605
RES,4,48,dec-mem2,61.029,61.421
RES,4,64,dec-basic,40.803,40.806
RES,4,64,dec-fasttail,41.205,41.206
RES,4,64,dec-mem2,79.804,80.165
RES,4,80,dec-basic,51.605,52.006
RES,4,80,dec-fasttail,51.205,51.606
RES,4,80,dec-mem2,94.406,95.635
RES,4,96,dec-basic,62.768,63.197
RES,4,96,dec-fasttail,57.568,58.015
RES,4,96,dec-mem2,112.604,113.050
RES,4,112,dec-basic,74.290,74.766
RES,4,112,dec-fasttail,63.931,64.009
RES,4,112,dec-mem2,129.706,130.862
RES,4,128,dec-basic,69.006,69.011
RES,4,128,dec-fasttail,69.407,69.411
RES,4,128,dec-mem2,72.807,73.364
# SELFCHECK OK: 1..256 blocks, 3 variants
RES,5,16,dec-basic,18.803,19.004
RES,5,16,dec-fasttail,17.303,17.304
RES,5,16,dec-mem2,25.494,25.604
RES,5,32,dec-basic,30.026,30.405
RES,5,32,dec-fasttail,24.904,24.904
RES,5,32,dec-mem2,42.867,43.145
RES,5,48,dec-basic,41.127,41.605
RES,5,48,dec-fasttail,31.604,31.605
RES,5,48,dec-mem2,61.026,61.422
RES,5,64,dec-basic,40.803,40.806
RES,5,64,dec-fasttail,41.205,41.206
RES,5,64,dec-mem2,79.805,80.168
RES,5,80,dec-basic,51.605,51.607
RES,5,80,dec-fasttail,51.605,52.010
RES,5,80,dec-mem2,94.406,94.935
RES,5,96,dec-basic,62.768,63.210
RES,5,96,dec-fasttail,57.568,57.579
RES,5,96,dec-mem2,112.606,113.054
RES,5,112,dec-basic,74.291,74.766
RES,5,112,dec-fasttail,63.931,64.009
RES,5,112,dec-mem2,129.697,131.087
RES,5,128,dec-basic,69.006,69.010
RES,5,128,dec-fasttail,69.407,69.417
RES,5,128,dec-mem2,72.807,73.433
# SELFCHECK OK: 1..256 blocks, 3 variants
RES,6,16,dec-basic,18.803,19.003
RES,6,16,dec-fasttail,17.303,17.303
RES,6,16,dec-mem2,25.528,25.604
RES,6,32,dec-basic,30.085,30.405
RES,6,32,dec-fasttail,24.904,24.904
RES,6,32,dec-mem2,42.848,43.112
RES,6,48,dec-basic,40.807,41.605
RES,6,48,dec-fasttail,31.604,31.605
RES,6,48,dec-mem2,61.009,61.387
RES,6,64,dec-basic,40.803,40.806
RES,6,64,dec-fasttail,41.205,41.210
RES,6,64,dec-mem2,79.799,80.145
RES,6,80,dec-basic,51.605,51.607
RES,6,80,dec-fasttail,51.605,51.988
RES,6,80,dec-mem2,94.406,95.191
RES,6,96,dec-basic,62.768,63.163
RES,6,96,dec-fasttail,57.568,57.579
RES,6,96,dec-mem2,112.606,113.030
RES,6,112,dec-basic,74.291,74.738
RES,6,112,dec-fasttail,63.932,64.408
RES,6,112,dec-mem2,129.682,130.871
RES,6,128,dec-basic,69.007,69.009
RES,6,128,dec-fasttail,69.407,69.834
RES,6,128,dec-mem2,72.807,73.324
# SELFCHECK OK: 1..256 blocks, 3 variants
RES,7,16,dec-basic,18.803,19.004
RES,7,16,dec-fasttail,17.303,17.303
RES,7,16,dec-mem2,25.578,25.604
RES,7,32,dec-basic,30.219,30.405
RES,7,32,dec-fasttail,24.904,24.904
RES,7,32,dec-mem2,42.868,43.133
RES,7,48,dec-basic,40.806,41.605
RES,7,48,dec-fasttail,31.604,31.605
RES,7,48,dec-mem2,61.009,61.396
RES,7,64,dec-basic,40.803,40.806
RES,7,64,dec-fasttail,41.154,41.206
RES,7,64,dec-mem2,79.805,80.147
RES,7,80,dec-basic,51.605,51.607
RES,7,80,dec-fasttail,51.593,51.810
RES,7,80,dec-mem2,94.806,95.189
RES,7,96,dec-basic,62.768,62.769
RES,7,96,dec-fasttail,57.568,57.578
RES,7,96,dec-mem2,112.307,112.739
RES,7,112,dec-basic,74.290,74.739
RES,7,112,dec-fasttail,63.931,64.009
RES,7,112,dec-mem2,129.900,131.098
RES,7,128,dec-basic,69.007,69.009
RES,7,128,dec-fasttail,69.407,69.885
RES,7,128,dec-mem2,72.807,73.513
# SELFCHECK OK: 1..256 blocks, 3 variants
RES,8,16,dec-basic,18.803,19.003
RES,8,16,dec-fasttail,17.303,17.303
RES,8,16,dec-mem2,25.476,25.604
RES,8,32,dec-basic,30.150,30.405
RES,8,32,dec-fasttail,24.904,24.904
RES,8,32,dec-mem2,42.868,43.128
RES,8,48,dec-basic,40.397,41.605
RES,8,48,dec-fasttail,31.604,31.605
RES,8,48,dec-mem2,61.009,61.410
RES,8,64,dec-basic,40.803,40.806
RES,8,64,dec-fasttail,41.205,41.206
RES,8,64,dec-mem2,79.805,80.164
RES,8,80,dec-basic,51.605,52.004
RES,8,80,dec-fasttail,51.605,51.607
RES,8,80,dec-mem2,93.672,94.979
RES,8,96,dec-basic,62.768,62.769
RES,8,96,dec-fasttail,57.568,57.587
RES,8,96,dec-mem2,112.609,113.047
RES,8,112,dec-basic,74.290,74.762
RES,8,112,dec-fasttail,63.931,64.420
RES,8,112,dec-mem2,129.687,130.969
RES,8,128,dec-basic,69.006,69.494
RES,8,128,dec-fasttail,69.407,69.789
RES,8,128,dec-mem2,73.236,73.896
# SELFCHECK OK: 1..256 blocks, 3 variants
RES,9,16,dec-basic,18.803,19.004
RES,9,16,dec-fasttail,17.303,17.303
RES,9,16,dec-mem2,25.574,25.604
RES,9,32,dec-basic,29.978,30.405
RES,9,32,dec-fasttail,24.904,24.904
RES,9,32,dec-mem2,42.866,43.119
RES,9,48,dec-basic,41.204,41.605
RES,9,48,dec-fasttail,31.604,31.605
RES,9,48,dec-mem2,61.009,61.398
RES,9,64,dec-basic,40.803,40.806
RES,9,64,dec-fasttail,41.170,41.206
RES,9,64,dec-mem2,79.804,80.149
RES,9,80,dec-basic,51.605,51.989
RES,9,80,dec-fasttail,51.605,51.606
RES,9,80,dec-mem2,94.406,94.899
RES,9,96,dec-basic,62.768,63.161
RES,9,96,dec-fasttail,57.568,57.579
RES,9,96,dec-mem2,112.606,113.028
RES,9,112,dec-basic,74.291,74.738
RES,9,112,dec-fasttail,63.931,64.010
RES,9,112,dec-mem2,129.660,130.913
RES,9,128,dec-basic,69.007,69.491
RES,9,128,dec-fasttail,69.407,69.410
RES,9,128,dec-mem2,73.239,73.951
DONE: 9 correctness gates
