# date=2026-08-27T20:20:48Z
# host=ip-172-31-11-58
# model=Neoverse-N1
# reps=200 processes=9 pinned_cpu=3
# SELFCHECK OK: 1..256 blocks, 7 variants
RES,1,16,enc-basic,23.054,23.403
RES,1,16,enc-dual,22.803,22.803
RES,1,16,enc-fasttail,22.937,23.203
RES,1,16,enc-reload,22.455,22.803
RES,1,16,enc-mem2,34.779,35.026
RES,1,16,enc-mem2tail,35.111,35.334
RES,1,16,enc-scalarrk,32.003,32.635
RES,1,32,enc-basic,35.003,35.043
RES,1,32,enc-dual,34.403,34.404
RES,1,32,enc-fasttail,27.703,27.704
RES,1,32,enc-reload,34.032,34.204
RES,1,32,enc-mem2,44.279,44.544
RES,1,32,enc-mem2tail,37.185,37.502
RES,1,32,enc-scalarrk,45.203,45.463
RES,1,48,enc-basic,48.004,48.804
RES,1,48,enc-dual,49.052,49.351
RES,1,48,enc-fasttail,33.969,34.049
RES,1,48,enc-reload,45.803,47.411
RES,1,48,enc-mem2,53.505,53.899
RES,1,48,enc-mem2tail,43.403,43.415
RES,1,48,enc-scalarrk,59.253,59.600
RES,1,64,enc-basic,50.659,51.605
RES,1,64,enc-dual,40.804,40.810
RES,1,64,enc-fasttail,41.279,41.280
RES,1,64,enc-reload,49.600,50.004
RES,1,64,enc-mem2,49.004,49.342
RES,1,64,enc-mem2tail,49.511,50.515
RES,1,64,enc-scalarrk,63.685,63.904
RES,1,80,enc-basic,62.335,64.406
RES,1,80,enc-dual,55.904,56.282
RES,1,80,enc-fasttail,55.304,55.660
RES,1,80,enc-reload,63.204,63.587
RES,1,80,enc-mem2,69.240,70.390
RES,1,80,enc-mem2tail,70.204,70.587
RES,1,80,enc-scalarrk,78.531,79.353
RES,1,96,enc-basic,76.569,78.806
RES,1,96,enc-dual,67.605,68.028
RES,1,96,enc-fasttail,60.671,61.065
RES,1,96,enc-reload,76.445,77.225
RES,1,96,enc-mem2,79.814,80.808
RES,1,96,enc-mem2tail,72.887,73.327
RES,1,96,enc-scalarrk,92.205,95.342
RES,1,112,enc-basic,89.944,90.858
RES,1,112,enc-dual,81.105,81.559
RES,1,112,enc-fasttail,66.602,67.057
RES,1,112,enc-reload,89.578,89.829
RES,1,112,enc-mem2,89.649,90.260
RES,1,112,enc-mem2tail,77.405,77.865
RES,1,112,enc-scalarrk,105.606,107.187
RES,1,128,enc-basic,68.806,69.207
RES,1,128,enc-dual,69.120,69.620
RES,1,128,enc-fasttail,68.606,69.086
RES,1,128,enc-reload,68.007,68.008
RES,1,128,enc-mem2,78.007,80.491
RES,1,128,enc-mem2tail,79.172,79.694
RES,1,128,enc-scalarrk,73.481,73.942
# SELFCHECK OK: 1..256 blocks, 2 variants
RES,1,16,dec-basic,18.803,19.003
RES,1,16,dec-mem2,25.101,25.112
RES,1,32,dec-basic,29.808,30.663
RES,1,32,dec-mem2,42.802,43.082
RES,1,48,dec-basic,40.805,41.604
RES,1,48,dec-mem2,60.508,60.827
RES,1,64,dec-basic,40.768,40.771
RES,1,64,dec-mem2,79.604,79.968
RES,1,80,dec-basic,51.570,51.577
RES,1,80,dec-mem2,93.881,95.346
RES,1,96,dec-basic,62.865,63.286
RES,1,96,dec-mem2,112.805,113.253
RES,1,112,dec-basic,74.174,74.655
RES,1,112,dec-mem2,129.018,131.698
RES,1,128,dec-basic,69.049,69.061
RES,1,128,dec-mem2,74.202,74.727
# SELFCHECK OK: 1..256 blocks, 7 variants
RES,2,16,enc-basic,23.009,23.486
RES,2,16,enc-dual,22.803,22.805
RES,2,16,enc-fasttail,23.054,23.203
RES,2,16,enc-reload,22.220,22.803
RES,2,16,enc-mem2,34.780,34.863
RES,2,16,enc-mem2tail,36.077,36.365
RES,2,16,enc-scalarrk,32.402,32.403
RES,2,32,enc-basic,35.003,35.263
RES,2,32,enc-dual,34.403,34.404
RES,2,32,enc-fasttail,27.703,27.704
RES,2,32,enc-reload,34.203,34.204
RES,2,32,enc-mem2,44.283,44.547
RES,2,32,enc-mem2tail,36.736,37.503
RES,2,32,enc-scalarrk,45.203,45.465
RES,2,48,enc-basic,48.293,48.805
RES,2,48,enc-dual,49.052,49.355
RES,2,48,enc-fasttail,33.970,34.049
RES,2,48,enc-reload,45.804,46.331
RES,2,48,enc-mem2,53.544,53.899
RES,2,48,enc-mem2tail,43.403,43.405
RES,2,48,enc-scalarrk,59.254,59.589
RES,2,64,enc-basic,50.562,51.605
RES,2,64,enc-dual,40.804,40.810
RES,2,64,enc-fasttail,41.279,41.281
RES,2,64,enc-reload,49.560,50.005
RES,2,64,enc-mem2,49.204,49.545
RES,2,64,enc-mem2tail,49.393,49.721
RES,2,64,enc-scalarrk,63.701,63.835
RES,2,80,enc-basic,62.278,64.406
RES,2,80,enc-dual,55.904,56.260
RES,2,80,enc-fasttail,55.304,55.665
RES,2,80,enc-reload,63.204,63.589
RES,2,80,enc-mem2,70.204,70.558
RES,2,80,enc-mem2tail,71.642,72.086
RES,2,80,enc-scalarrk,79.046,80.562
RES,2,96,enc-basic,76.967,78.845
RES,2,96,enc-dual,67.605,68.024
RES,2,96,enc-fasttail,60.671,61.068
RES,2,96,enc-reload,76.762,77.228
RES,2,96,enc-mem2,80.007,80.565
RES,2,96,enc-mem2tail,73.103,73.527
RES,2,96,enc-scalarrk,91.805,95.424
RES,2,112,enc-basic,89.860,90.858
RES,2,112,enc-dual,81.105,81.560
RES,2,112,enc-fasttail,66.603,67.062
RES,2,112,enc-reload,89.591,89.933
RES,2,112,enc-mem2,89.986,90.462
RES,2,112,enc-mem2tail,78.804,79.262
RES,2,112,enc-scalarrk,105.605,107.408
RES,2,128,enc-basic,68.806,69.286
RES,2,128,enc-dual,69.120,69.123
RES,2,128,enc-fasttail,68.606,68.608
RES,2,128,enc-reload,68.007,68.497
RES,2,128,enc-mem2,78.007,79.719
RES,2,128,enc-mem2tail,79.006,79.506
RES,2,128,enc-scalarrk,73.601,73.631
# SELFCHECK OK: 1..256 blocks, 2 variants
RES,2,16,dec-basic,18.803,19.003
RES,2,16,dec-mem2,25.102,25.104
RES,2,32,dec-basic,30.559,30.663
RES,2,32,dec-mem2,42.802,43.080
RES,2,48,dec-basic,41.204,41.605
RES,2,48,dec-mem2,60.510,60.822
RES,2,64,dec-basic,40.761,40.771
RES,2,64,dec-mem2,79.603,79.967
RES,2,80,dec-basic,51.570,51.577
RES,2,80,dec-mem2,94.405,95.290
RES,2,96,dec-basic,62.865,63.296
RES,2,96,dec-mem2,112.805,113.253
RES,2,112,dec-basic,74.174,74.642
RES,2,112,dec-mem2,129.485,131.422
RES,2,128,dec-basic,69.049,69.059
RES,2,128,dec-mem2,74.202,74.698
# SELFCHECK OK: 1..256 blocks, 7 variants
RES,3,16,enc-basic,23.003,23.403
RES,3,16,enc-dual,22.803,22.803
RES,3,16,enc-fasttail,23.016,23.203
RES,3,16,enc-reload,22.394,22.803
RES,3,16,enc-mem2,35.202,35.430
RES,3,16,enc-mem2tail,36.139,36.370
RES,3,16,enc-scalarrk,32.402,32.403
RES,3,32,enc-basic,35.003,35.004
RES,3,32,enc-dual,34.403,34.404
RES,3,32,enc-fasttail,27.703,27.704
RES,3,32,enc-reload,34.204,34.204
RES,3,32,enc-mem2,45.059,45.354
RES,3,32,enc-mem2tail,35.620,35.622
RES,3,32,enc-scalarrk,45.203,45.477
RES,3,48,enc-basic,48.327,48.805
RES,3,48,enc-dual,49.054,49.358
RES,3,48,enc-fasttail,33.969,34.049
RES,3,48,enc-reload,45.804,46.107
RES,3,48,enc-mem2,54.246,54.623
RES,3,48,enc-mem2tail,43.403,43.404
RES,3,48,enc-scalarrk,59.254,59.634
RES,3,64,enc-basic,50.691,51.605
RES,3,64,enc-dual,40.804,40.806
RES,3,64,enc-fasttail,41.279,41.280
RES,3,64,enc-reload,49.606,50.005
RES,3,64,enc-mem2,48.504,48.605
RES,3,64,enc-mem2tail,49.002,49.005
RES,3,64,enc-scalarrk,63.361,63.854
RES,3,80,enc-basic,62.285,64.406
RES,3,80,enc-dual,55.904,55.906
RES,3,80,enc-fasttail,55.304,55.306
RES,3,80,enc-reload,63.205,63.595
RES,3,80,enc-mem2,68.820,69.613
RES,3,80,enc-mem2tail,71.202,71.597
RES,3,80,enc-scalarrk,79.204,79.605
RES,3,96,enc-basic,76.779,78.846
RES,3,96,enc-dual,67.605,68.023
RES,3,96,enc-fasttail,60.671,60.674
RES,3,96,enc-reload,76.589,77.247
RES,3,96,enc-mem2,79.764,80.204
RES,3,96,enc-mem2tail,72.205,72.638
RES,3,96,enc-scalarrk,92.204,95.419
RES,3,112,enc-basic,89.925,90.858
RES,3,112,enc-dual,81.105,81.575
RES,3,112,enc-fasttail,66.602,67.069
RES,3,112,enc-reload,89.605,89.883
RES,3,112,enc-mem2,89.567,90.045
RES,3,112,enc-mem2tail,78.106,78.570
RES,3,112,enc-scalarrk,105.605,107.570
RES,3,128,enc-basic,68.806,69.207
RES,3,128,enc-dual,69.120,69.123
RES,3,128,enc-fasttail,68.605,68.608
RES,3,128,enc-reload,68.007,68.008
RES,3,128,enc-mem2,78.007,78.537
RES,3,128,enc-mem2tail,78.406,79.126
RES,3,128,enc-scalarrk,73.481,73.485
# SELFCHECK OK: 1..256 blocks, 2 variants
RES,3,16,dec-basic,18.803,19.003
RES,3,16,dec-mem2,25.117,25.120
RES,3,32,dec-basic,29.808,30.663
RES,3,32,dec-mem2,42.783,43.062
RES,3,48,dec-basic,41.160,41.386
RES,3,48,dec-mem2,60.394,60.709
RES,3,64,dec-basic,40.768,40.771
RES,3,64,dec-mem2,79.604,79.961
RES,3,80,dec-basic,51.570,51.577
RES,3,80,dec-mem2,94.405,95.442
RES,3,96,dec-basic,62.866,63.281
RES,3,96,dec-mem2,112.806,113.250
RES,3,112,dec-basic,74.174,74.634
RES,3,112,dec-mem2,129.506,131.409
RES,3,128,dec-basic,69.049,69.057
RES,3,128,dec-mem2,73.602,73.611
# SELFCHECK OK: 1..256 blocks, 7 variants
RES,4,16,enc-basic,23.004,23.418
RES,4,16,enc-dual,22.803,22.804
RES,4,16,enc-fasttail,22.937,23.203
RES,4,16,enc-reload,22.217,22.803
RES,4,16,enc-mem2,34.780,35.033
RES,4,16,enc-mem2tail,35.727,36.145
RES,4,16,enc-scalarrk,32.002,32.403
RES,4,32,enc-basic,35.003,35.264
RES,4,32,enc-dual,34.403,34.406
RES,4,32,enc-fasttail,27.703,27.704
RES,4,32,enc-reload,34.109,34.204
RES,4,32,enc-mem2,44.282,44.547
RES,4,32,enc-mem2tail,36.657,37.502
RES,4,32,enc-scalarrk,45.203,45.464
RES,4,48,enc-basic,48.344,48.805
RES,4,48,enc-dual,49.053,49.354
RES,4,48,enc-fasttail,33.969,34.049
RES,4,48,enc-reload,45.804,46.125
RES,4,48,enc-mem2,53.527,53.900
RES,4,48,enc-mem2tail,43.403,43.404
RES,4,48,enc-scalarrk,59.252,59.606
RES,4,64,enc-basic,50.580,51.605
RES,4,64,enc-dual,40.805,40.806
RES,4,64,enc-fasttail,41.278,41.280
RES,4,64,enc-reload,49.578,50.005
RES,4,64,enc-mem2,49.204,49.206
RES,4,64,enc-mem2tail,49.393,49.405
RES,4,64,enc-scalarrk,63.704,63.805
RES,4,80,enc-basic,62.197,64.406
RES,4,80,enc-dual,55.904,55.905
RES,4,80,enc-fasttail,55.304,55.305
RES,4,80,enc-reload,63.205,63.586
RES,4,80,enc-mem2,70.006,70.484
RES,4,80,enc-mem2tail,71.691,72.088
RES,4,80,enc-scalarrk,78.736,80.545
RES,4,96,enc-basic,76.660,78.820
RES,4,96,enc-dual,67.604,68.019
RES,4,96,enc-fasttail,60.671,60.676
RES,4,96,enc-reload,76.704,77.223
RES,4,96,enc-mem2,80.006,80.607
RES,4,96,enc-mem2tail,73.094,73.517
RES,4,96,enc-scalarrk,91.805,95.420
RES,4,112,enc-basic,89.865,90.853
RES,4,112,enc-dual,81.105,81.560
RES,4,112,enc-fasttail,66.603,66.807
RES,4,112,enc-reload,89.605,89.906
RES,4,112,enc-mem2,89.971,90.464
RES,4,112,enc-mem2tail,78.804,79.259
RES,4,112,enc-scalarrk,105.609,108.928
RES,4,128,enc-basic,68.806,69.207
RES,4,128,enc-dual,69.120,69.123
RES,4,128,enc-fasttail,68.607,68.608
RES,4,128,enc-reload,68.007,68.008
RES,4,128,enc-mem2,78.007,79.225
RES,4,128,enc-mem2tail,79.006,79.501
RES,4,128,enc-scalarrk,73.606,74.076
# SELFCHECK OK: 1..256 blocks, 2 variants
RES,4,16,dec-basic,18.803,19.003
RES,4,16,dec-mem2,25.119,25.120
RES,4,32,dec-basic,30.311,30.664
RES,4,32,dec-mem2,42.782,43.053
RES,4,48,dec-basic,41.203,41.411
RES,4,48,dec-mem2,60.393,60.729
RES,4,64,dec-basic,40.764,40.770
RES,4,64,dec-mem2,79.604,79.961
RES,4,80,dec-basic,51.570,51.576
RES,4,80,dec-mem2,94.405,95.224
RES,4,96,dec-basic,62.867,62.870
RES,4,96,dec-mem2,112.805,113.245
RES,4,112,dec-basic,74.174,74.621
RES,4,112,dec-mem2,129.518,131.448
RES,4,128,dec-basic,69.049,69.058
RES,4,128,dec-mem2,74.077,74.117
# SELFCHECK OK: 1..256 blocks, 7 variants
RES,5,16,enc-basic,23.273,23.403
RES,5,16,enc-dual,22.803,22.803
RES,5,16,enc-fasttail,22.937,23.203
RES,5,16,enc-reload,22.326,22.803
RES,5,16,enc-mem2,35.202,35.266
RES,5,16,enc-mem2tail,36.123,36.352
RES,5,16,enc-scalarrk,32.003,32.403
RES,5,32,enc-basic,35.003,35.122
RES,5,32,enc-dual,34.403,34.410
RES,5,32,enc-fasttail,27.703,27.705
RES,5,32,enc-reload,33.891,34.204
RES,5,32,enc-mem2,45.056,45.314
RES,5,32,enc-mem2tail,35.620,35.640
RES,5,32,enc-scalarrk,45.203,45.459
RES,5,48,enc-basic,48.348,48.805
RES,5,48,enc-dual,49.052,49.351
RES,5,48,enc-fasttail,33.969,34.049
RES,5,48,enc-reload,45.804,45.806
RES,5,48,enc-mem2,54.218,54.630
RES,5,48,enc-mem2tail,43.403,43.413
RES,5,48,enc-scalarrk,59.254,59.580
RES,5,64,enc-basic,50.669,51.605
RES,5,64,enc-dual,40.804,40.806
RES,5,64,enc-fasttail,41.279,41.280
RES,5,64,enc-reload,49.582,50.005
RES,5,64,enc-mem2,48.504,48.505
RES,5,64,enc-mem2tail,49.003,49.005
RES,5,64,enc-scalarrk,63.709,63.859
RES,5,80,enc-basic,62.267,64.406
RES,5,80,enc-dual,55.903,55.905
RES,5,80,enc-fasttail,55.304,55.305
RES,5,80,enc-reload,63.205,63.577
RES,5,80,enc-mem2,68.864,69.631
RES,5,80,enc-mem2tail,71.204,71.581
RES,5,80,enc-scalarrk,79.204,79.582
RES,5,96,enc-basic,76.897,78.842
RES,5,96,enc-dual,67.605,67.609
RES,5,96,enc-fasttail,60.671,60.675
RES,5,96,enc-reload,76.773,77.215
RES,5,96,enc-mem2,79.764,80.177
RES,5,96,enc-mem2tail,72.205,72.618
RES,5,96,enc-scalarrk,92.187,95.412
RES,5,112,enc-basic,89.885,90.686
RES,5,112,enc-dual,81.105,81.554
RES,5,112,enc-fasttail,66.603,66.807
RES,5,112,enc-reload,89.593,90.033
RES,5,112,enc-mem2,89.568,90.023
RES,5,112,enc-mem2tail,78.104,78.120
RES,5,112,enc-scalarrk,105.605,107.616
RES,5,128,enc-basic,68.806,69.207
RES,5,128,enc-dual,69.120,69.123
RES,5,128,enc-fasttail,68.606,68.608
RES,5,128,enc-reload,68.006,68.008
RES,5,128,enc-mem2,78.007,78.507
RES,5,128,enc-mem2tail,78.406,79.010
RES,5,128,enc-scalarrk,73.480,73.564
# SELFCHECK OK: 1..256 blocks, 2 variants
RES,5,16,dec-basic,18.803,19.003
RES,5,16,dec-mem2,25.119,25.120
RES,5,32,dec-basic,29.805,30.663
RES,5,32,dec-mem2,42.782,43.062
RES,5,48,dec-basic,41.125,41.603
RES,5,48,dec-mem2,60.394,60.700
RES,5,64,dec-basic,40.763,40.770
RES,5,64,dec-mem2,79.604,79.965
RES,5,80,dec-basic,51.570,51.577
RES,5,80,dec-mem2,94.405,95.435
RES,5,96,dec-basic,62.865,62.870
RES,5,96,dec-mem2,112.805,113.256
RES,5,112,dec-basic,74.174,74.628
RES,5,112,dec-mem2,129.533,131.407
RES,5,128,dec-basic,69.049,69.058
RES,5,128,dec-mem2,74.079,74.109
# SELFCHECK OK: 1..256 blocks, 7 variants
RES,6,16,enc-basic,23.003,23.403
RES,6,16,enc-dual,22.803,22.803
RES,6,16,enc-fasttail,23.032,23.203
RES,6,16,enc-reload,22.765,22.803
RES,6,16,enc-mem2,34.780,35.007
RES,6,16,enc-mem2tail,35.110,35.329
RES,6,16,enc-scalarrk,32.004,32.403
RES,6,32,enc-basic,35.003,35.004
RES,6,32,enc-dual,34.403,34.404
RES,6,32,enc-fasttail,27.703,27.704
RES,6,32,enc-reload,33.904,34.204
RES,6,32,enc-mem2,44.282,44.540
RES,6,32,enc-mem2tail,37.146,37.502
RES,6,32,enc-scalarrk,45.203,45.460
RES,6,48,enc-basic,48.328,48.805
RES,6,48,enc-dual,49.050,49.350
RES,6,48,enc-fasttail,33.969,34.049
RES,6,48,enc-reload,45.804,46.109
RES,6,48,enc-mem2,53.517,53.902
RES,6,48,enc-mem2tail,43.403,43.407
RES,6,48,enc-scalarrk,59.254,59.607
RES,6,64,enc-basic,50.642,51.605
RES,6,64,enc-dual,40.805,40.806
RES,6,64,enc-fasttail,41.279,41.280
RES,6,64,enc-reload,49.206,50.005
RES,6,64,enc-mem2,49.004,49.204
RES,6,64,enc-mem2tail,49.409,50.205
RES,6,64,enc-scalarrk,63.711,63.806
RES,6,80,enc-basic,62.286,64.406
RES,6,80,enc-dual,55.904,55.905
RES,6,80,enc-fasttail,55.304,55.305
RES,6,80,enc-reload,63.205,63.579
RES,6,80,enc-mem2,69.250,70.320
RES,6,80,enc-mem2tail,70.204,70.581
RES,6,80,enc-scalarrk,79.194,79.326
RES,6,96,enc-basic,76.712,78.859
RES,6,96,enc-dual,67.605,68.013
RES,6,96,enc-fasttail,60.671,60.676
RES,6,96,enc-reload,76.146,77.222
RES,6,96,enc-mem2,79.913,80.725
RES,6,96,enc-mem2tail,72.889,73.318
RES,6,96,enc-scalarrk,92.198,93.612
RES,6,112,enc-basic,89.900,90.853
RES,6,112,enc-dual,81.106,81.559
RES,6,112,enc-fasttail,66.603,66.809
RES,6,112,enc-reload,89.591,89.937
RES,6,112,enc-mem2,89.649,90.145
RES,6,112,enc-mem2tail,77.406,77.865
RES,6,112,enc-scalarrk,105.605,107.576
RES,6,128,enc-basic,68.806,69.207
RES,6,128,enc-dual,69.120,69.619
RES,6,128,enc-fasttail,68.605,68.608
RES,6,128,enc-reload,68.007,68.008
RES,6,128,enc-mem2,78.007,80.490
RES,6,128,enc-mem2tail,79.150,79.699
RES,6,128,enc-scalarrk,73.481,73.565
# SELFCHECK OK: 1..256 blocks, 2 variants
RES,6,16,dec-basic,18.803,19.003
RES,6,16,dec-mem2,25.101,25.104
RES,6,32,dec-basic,30.086,30.663
RES,6,32,dec-mem2,42.802,43.064
RES,6,48,dec-basic,41.203,41.604
RES,6,48,dec-mem2,60.494,60.811
RES,6,64,dec-basic,40.763,40.770
RES,6,64,dec-mem2,79.604,79.946
RES,6,80,dec-basic,51.570,51.576
RES,6,80,dec-mem2,94.405,95.535
RES,6,96,dec-basic,62.861,62.872
RES,6,96,dec-mem2,112.805,113.255
RES,6,112,dec-basic,74.174,74.632
RES,6,112,dec-mem2,129.473,131.417
RES,6,128,dec-basic,69.049,69.058
RES,6,128,dec-mem2,74.202,74.212
# SELFCHECK OK: 1..256 blocks, 7 variants
RES,7,16,enc-basic,23.015,23.403
RES,7,16,enc-dual,22.803,22.803
RES,7,16,enc-fasttail,23.056,23.203
RES,7,16,enc-reload,21.903,22.803
RES,7,16,enc-mem2,34.780,35.008
RES,7,16,enc-mem2tail,36.139,36.363
RES,7,16,enc-scalarrk,32.003,32.403
RES,7,32,enc-basic,35.003,35.004
RES,7,32,enc-dual,34.403,34.409
RES,7,32,enc-fasttail,27.703,27.704
RES,7,32,enc-reload,33.605,34.204
RES,7,32,enc-mem2,44.282,44.544
RES,7,32,enc-mem2tail,37.062,37.502
RES,7,32,enc-scalarrk,45.203,45.463
RES,7,48,enc-basic,48.324,48.804
RES,7,48,enc-dual,49.051,49.352
RES,7,48,enc-fasttail,33.969,34.049
RES,7,48,enc-reload,45.804,46.125
RES,7,48,enc-mem2,53.547,53.899
RES,7,48,enc-mem2tail,43.403,43.404
RES,7,48,enc-scalarrk,59.254,59.636
RES,7,64,enc-basic,50.207,51.605
RES,7,64,enc-dual,40.804,40.806
RES,7,64,enc-fasttail,41.279,41.280
RES,7,64,enc-reload,49.207,50.005
RES,7,64,enc-mem2,49.204,49.206
RES,7,64,enc-mem2tail,49.396,49.405
RES,7,64,enc-scalarrk,63.727,63.853
RES,7,80,enc-basic,62.239,64.406
RES,7,80,enc-dual,55.904,55.910
RES,7,80,enc-fasttail,55.304,55.682
RES,7,80,enc-reload,63.205,63.582
RES,7,80,enc-mem2,70.203,70.488
RES,7,80,enc-mem2tail,71.689,72.087
RES,7,80,enc-scalarrk,80.003,80.670
RES,7,96,enc-basic,76.460,78.922
RES,7,96,enc-dual,67.605,68.044
RES,7,96,enc-fasttail,60.671,60.674
RES,7,96,enc-reload,76.798,77.252
RES,7,96,enc-mem2,80.005,80.634
RES,7,96,enc-mem2tail,73.101,73.543
RES,7,96,enc-scalarrk,91.805,93.537
RES,7,112,enc-basic,89.929,90.862
RES,7,112,enc-dual,81.106,81.585
RES,7,112,enc-fasttail,66.602,66.807
RES,7,112,enc-reload,89.120,89.936
RES,7,112,enc-mem2,90.005,90.488
RES,7,112,enc-mem2tail,78.805,79.276
RES,7,112,enc-scalarrk,105.610,112.154
RES,7,128,enc-basic,68.806,69.207
RES,7,128,enc-dual,69.120,69.125
RES,7,128,enc-fasttail,68.606,68.609
RES,7,128,enc-reload,68.007,68.008
RES,7,128,enc-mem2,78.007,79.225
RES,7,128,enc-mem2tail,79.006,79.530
RES,7,128,enc-scalarrk,73.525,74.020
# SELFCHECK OK: 1..256 blocks, 2 variants
RES,7,16,dec-basic,18.803,19.003
RES,7,16,dec-mem2,25.118,25.120
RES,7,32,dec-basic,30.290,30.663
RES,7,32,dec-mem2,42.782,43.055
RES,7,48,dec-basic,41.204,41.504
RES,7,48,dec-mem2,60.393,60.694
RES,7,64,dec-basic,40.768,40.771
RES,7,64,dec-mem2,79.604,79.946
RES,7,80,dec-basic,51.570,51.577
RES,7,80,dec-mem2,94.405,95.281
RES,7,96,dec-basic,62.865,63.257
RES,7,96,dec-mem2,112.806,113.224
RES,7,112,dec-basic,74.174,74.628
RES,7,112,dec-mem2,129.527,131.453
RES,7,128,dec-basic,69.049,69.513
RES,7,128,dec-mem2,73.602,73.649
# SELFCHECK OK: 1..256 blocks, 7 variants
RES,8,16,enc-basic,23.028,23.467
RES,8,16,enc-dual,22.802,22.805
RES,8,16,enc-fasttail,22.981,23.203
RES,8,16,enc-reload,22.796,22.803
RES,8,16,enc-mem2,34.780,35.051
RES,8,16,enc-mem2tail,36.070,36.355
RES,8,16,enc-scalarrk,32.290,32.607
RES,8,32,enc-basic,35.003,35.004
RES,8,32,enc-dual,34.403,34.404
RES,8,32,enc-fasttail,27.703,27.704
RES,8,32,enc-reload,33.865,34.204
RES,8,32,enc-mem2,44.280,44.559
RES,8,32,enc-mem2tail,36.725,37.502
RES,8,32,enc-scalarrk,45.203,45.480
RES,8,48,enc-basic,48.329,48.804
RES,8,48,enc-dual,49.050,49.355
RES,8,48,enc-fasttail,33.969,34.049
RES,8,48,enc-reload,45.804,46.157
RES,8,48,enc-mem2,53.557,53.899
RES,8,48,enc-mem2tail,43.403,43.405
RES,8,48,enc-scalarrk,59.254,59.653
RES,8,64,enc-basic,50.588,51.605
RES,8,64,enc-dual,40.805,40.809
RES,8,64,enc-fasttail,41.279,41.280
RES,8,64,enc-reload,49.562,50.004
RES,8,64,enc-mem2,49.204,49.540
RES,8,64,enc-mem2tail,49.371,49.743
RES,8,64,enc-scalarrk,63.362,63.860
RES,8,80,enc-basic,62.247,64.406
RES,8,80,enc-dual,55.904,55.906
RES,8,80,enc-fasttail,55.304,55.682
RES,8,80,enc-reload,63.205,63.599
RES,8,80,enc-mem2,70.203,70.476
RES,8,80,enc-mem2tail,71.640,72.100
RES,8,80,enc-scalarrk,79.991,80.610
RES,8,96,enc-basic,76.625,78.847
RES,8,96,enc-dual,67.605,68.037
RES,8,96,enc-fasttail,60.671,61.092
RES,8,96,enc-reload,76.427,77.247
RES,8,96,enc-mem2,80.005,80.591
RES,8,96,enc-mem2tail,73.104,73.525
RES,8,96,enc-scalarrk,91.805,95.416
RES,8,112,enc-basic,89.878,90.861
RES,8,112,enc-dual,81.105,81.566
RES,8,112,enc-fasttail,66.602,67.084
RES,8,112,enc-reload,89.575,89.987
RES,8,112,enc-mem2,89.962,90.473
RES,8,112,enc-mem2tail,78.805,79.258
RES,8,112,enc-scalarrk,105.610,108.427
RES,8,128,enc-basic,68.806,69.208
RES,8,128,enc-dual,69.121,69.616
RES,8,128,enc-fasttail,68.606,68.609
RES,8,128,enc-reload,68.007,68.015
RES,8,128,enc-mem2,78.007,79.704
RES,8,128,enc-mem2tail,79.006,79.512
RES,8,128,enc-scalarrk,73.525,73.634
# SELFCHECK OK: 1..256 blocks, 2 variants
RES,8,16,dec-basic,18.803,19.003
RES,8,16,dec-mem2,25.101,25.113
RES,8,32,dec-basic,30.215,30.663
RES,8,32,dec-mem2,42.801,43.069
RES,8,48,dec-basic,41.203,41.605
RES,8,48,dec-mem2,60.510,60.814
RES,8,64,dec-basic,40.764,40.771
RES,8,64,dec-mem2,79.603,79.949
RES,8,80,dec-basic,51.570,51.577
RES,8,80,dec-mem2,94.405,95.362
RES,8,96,dec-basic,62.864,63.286
RES,8,96,dec-mem2,112.805,113.234
RES,8,112,dec-basic,74.174,74.633
RES,8,112,dec-mem2,129.501,131.408
RES,8,128,dec-basic,69.048,69.066
RES,8,128,dec-mem2,74.202,74.701
# SELFCHECK OK: 1..256 blocks, 7 variants
RES,9,16,enc-basic,23.053,23.403
RES,9,16,enc-dual,22.803,22.803
RES,9,16,enc-fasttail,23.069,23.203
RES,9,16,enc-reload,21.903,22.803
RES,9,16,enc-mem2,34.779,35.020
RES,9,16,enc-mem2tail,35.110,35.334
RES,9,16,enc-scalarrk,32.402,32.642
RES,9,32,enc-basic,35.003,35.279
RES,9,32,enc-dual,34.403,34.656
RES,9,32,enc-fasttail,27.703,27.704
RES,9,32,enc-reload,33.885,34.204
RES,9,32,enc-mem2,44.279,44.549
RES,9,32,enc-mem2tail,37.248,37.503
RES,9,32,enc-scalarrk,45.203,45.468
RES,9,48,enc-basic,48.315,48.805
RES,9,48,enc-dual,49.052,49.362
RES,9,48,enc-fasttail,33.969,34.049
RES,9,48,enc-reload,45.804,46.195
RES,9,48,enc-mem2,53.204,53.899
RES,9,48,enc-mem2tail,43.403,43.407
RES,9,48,enc-scalarrk,59.257,59.604
RES,9,64,enc-basic,50.581,51.605
RES,9,64,enc-dual,40.804,40.814
RES,9,64,enc-fasttail,41.279,41.280
RES,9,64,enc-reload,49.209,50.004
RES,9,64,enc-mem2,49.004,49.345
RES,9,64,enc-mem2tail,49.446,50.538
RES,9,64,enc-scalarrk,63.692,63.862
RES,9,80,enc-basic,62.222,64.406
RES,9,80,enc-dual,55.904,56.283
RES,9,80,enc-fasttail,55.304,55.683
RES,9,80,enc-reload,63.205,63.595
RES,9,80,enc-mem2,68.810,70.335
RES,9,80,enc-mem2tail,70.203,70.603
RES,9,80,enc-scalarrk,79.204,79.357
RES,9,96,enc-basic,76.576,78.888
RES,9,96,enc-dual,67.605,68.045
RES,9,96,enc-fasttail,60.671,61.096
RES,9,96,enc-reload,76.805,77.255
RES,9,96,enc-mem2,79.805,80.827
RES,9,96,enc-mem2tail,72.903,73.345
RES,9,96,enc-scalarrk,92.204,93.327
RES,9,112,enc-basic,89.912,90.861
RES,9,112,enc-dual,81.106,81.569
RES,9,112,enc-fasttail,66.602,67.056
RES,9,112,enc-reload,89.596,90.064
RES,9,112,enc-mem2,89.649,90.303
RES,9,112,enc-mem2tail,77.406,77.866
RES,9,112,enc-scalarrk,105.605,107.711
RES,9,128,enc-basic,68.806,69.330
RES,9,128,enc-dual,69.121,69.918
RES,9,128,enc-fasttail,68.607,68.608
RES,9,128,enc-reload,68.007,68.516
RES,9,128,enc-mem2,78.007,80.007
RES,9,128,enc-mem2tail,79.166,79.719
RES,9,128,enc-scalarrk,73.481,74.008
# SELFCHECK OK: 1..256 blocks, 2 variants
RES,9,16,dec-basic,18.803,19.003
RES,9,16,dec-mem2,25.119,25.120
RES,9,32,dec-basic,30.271,30.663
RES,9,32,dec-mem2,42.783,43.071
RES,9,48,dec-basic,40.806,41.604
RES,9,48,dec-mem2,60.393,60.694
RES,9,64,dec-basic,40.768,40.771
RES,9,64,dec-mem2,79.604,79.959
RES,9,80,dec-basic,51.571,51.582
RES,9,80,dec-mem2,94.405,95.452
RES,9,96,dec-basic,62.867,63.284
RES,9,96,dec-mem2,112.805,113.234
RES,9,112,dec-basic,74.174,74.660
RES,9,112,dec-mem2,129.526,131.403
RES,9,128,dec-basic,69.049,69.538
RES,9,128,dec-mem2,74.079,74.592
DONE: 18 correctness gates
