# date=2026-08-28T19:47:12Z
# host=ip-172-31-11-58
# model=Neoverse-N1
# reps=21 processes=7 pinned_cpu=3
file,sha256,text_bytes
hanno-enc-basic.o,6bf67814c5bd307443fa4243487852774007a03a27bd5c3045c9c9a5f9f349a8,3416
hanno-enc-large.o,8417a714dad9e7dabe037f849f510400c9ae693a2fe1821bbcf8f39b730dc36c,3864
hanno-dec-control.o,558e532ee85b1f10590f4d6aa1ca98163830a3727cfd6a44043549d2b665971f,3584
hanno-dec-large.o,613a41fe0c8dab5873b66e97ad0258853bb6d225aa41416ba902f0f239f221a7,1944
x8-enc.o,62c9074409d484c273aceb8db1da51613971d45be6d57c3e0ec49629c5e836dc,4876
x8-dec.o,ad470d127116f1d3d432d30a84a07f91be0d84cf2ed29f62b216a3a0a17b3adb,6232
# SELFCHECK OK: 1..256 blocks, 3 variants
RES,1,256,enc-hanno-large,129.900,130.157
RES,1,256,enc-hanno-basic,125.110,126.109
RES,1,256,enc-x8-eor,182.553,182.791
RES,1,512,enc-hanno-large,242.829,243.018
RES,1,512,enc-hanno-basic,239.189,239.452
RES,1,512,enc-x8-eor,309.389,309.661
RES,1,1344,enc-hanno-large,609.212,609.466
RES,1,1344,enc-hanno-basic,609.161,609.378
RES,1,1344,enc-x8-eor,707.413,707.736
RES,1,2048,enc-hanno-large,918.582,919.140
RES,1,2048,enc-hanno-basic,921.706,923.617
RES,1,2048,enc-x8-eor,1070.923,1071.458
RES,1,4096,enc-hanno-large,1817.901,1818.821
RES,1,4096,enc-hanno-basic,1830.667,1836.215
RES,1,4096,enc-x8-eor,2085.993,2086.500
RES,1,8192,enc-hanno-large,3616.437,3617.987
RES,1,8192,enc-hanno-basic,3648.454,3659.813
RES,1,8192,enc-x8-eor,4116.485,4117.579
RES,1,16384,enc-hanno-large,7213.866,7216.774
RES,1,16384,enc-hanno-basic,7288.994,7309.518
RES,1,16384,enc-x8-eor,8178.124,8179.679
RES,1,32768,enc-hanno-large,14414.441,14420.149
RES,1,32768,enc-hanno-basic,14608.737,14616.958
RES,1,32768,enc-x8-eor,16296.726,16303.486
# SELFCHECK OK: 1..256 blocks, 3 variants
RES,1,256,dec-hanno-basic,125.506,125.758
RES,1,256,dec-hanno-control,131.637,132.162
RES,1,256,dec-x8-eor,141.904,142.206
RES,1,512,dec-hanno-basic,237.928,238.177
RES,1,512,dec-hanno-control,246.023,246.117
RES,1,512,dec-x8-eor,270.469,270.680
RES,1,1344,dec-hanno-basic,604.648,604.843
RES,1,1344,dec-hanno-control,618.770,619.001
RES,1,1344,dec-x8-eor,721.269,721.697
RES,1,2048,dec-hanno-basic,912.343,912.997
RES,1,2048,dec-hanno-control,934.059,934.402
RES,1,2048,dec-x8-eor,1051.094,1051.508
RES,1,4096,dec-hanno-basic,1812.066,1812.508
RES,1,4096,dec-hanno-control,1852.380,1853.444
RES,1,4096,dec-x8-eor,2092.007,2092.531
RES,1,8192,dec-hanno-basic,3611.025,3612.191
RES,1,8192,dec-hanno-control,3686.974,3689.205
RES,1,8192,dec-x8-eor,4173.296,4175.043
RES,1,16384,dec-hanno-basic,7207.382,7212.138
RES,1,16384,dec-hanno-control,7358.309,7361.376
RES,1,16384,dec-x8-eor,8337.565,8339.972
RES,1,32768,dec-hanno-basic,14435.863,14451.759
RES,1,32768,dec-hanno-control,14753.798,14759.905
RES,1,32768,dec-x8-eor,16664.855,16670.248
# SELFCHECK OK: 1..256 blocks, 3 variants
RES,2,256,enc-hanno-large,129.895,130.102
RES,2,256,enc-hanno-basic,125.103,125.487
RES,2,256,enc-x8-eor,182.598,182.802
RES,2,512,enc-hanno-large,242.373,242.556
RES,2,512,enc-hanno-basic,239.159,239.451
RES,2,512,enc-x8-eor,309.401,309.673
RES,2,1344,enc-hanno-large,607.880,608.080
RES,2,1344,enc-hanno-basic,609.155,609.342
RES,2,1344,enc-x8-eor,707.361,707.734
RES,2,2048,enc-hanno-large,917.036,917.480
RES,2,2048,enc-hanno-basic,921.654,923.623
RES,2,2048,enc-x8-eor,1070.951,1071.256
RES,2,4096,enc-hanno-large,1816.168,1817.167
RES,2,4096,enc-hanno-basic,1830.653,1836.324
RES,2,4096,enc-x8-eor,2086.164,2086.641
RES,2,8192,enc-hanno-large,3615.812,3617.302
RES,2,8192,enc-hanno-basic,3659.942,3662.923
RES,2,8192,enc-x8-eor,4116.184,4117.461
RES,2,16384,enc-hanno-large,7212.750,7215.850
RES,2,16384,enc-hanno-basic,7286.508,7311.874
RES,2,16384,enc-x8-eor,8177.067,8179.604
RES,2,32768,enc-hanno-large,14415.263,14418.054
RES,2,32768,enc-hanno-basic,14611.369,14615.781
RES,2,32768,enc-x8-eor,16298.550,16304.368
# SELFCHECK OK: 1..256 blocks, 3 variants
RES,2,256,dec-hanno-basic,125.495,125.748
RES,2,256,dec-hanno-control,131.763,132.108
RES,2,256,dec-x8-eor,142.040,142.245
RES,2,512,dec-hanno-basic,237.937,238.143
RES,2,512,dec-hanno-control,244.841,245.224
RES,2,512,dec-x8-eor,270.458,270.675
RES,2,1344,dec-hanno-basic,604.593,604.880
RES,2,1344,dec-hanno-control,618.281,618.657
RES,2,1344,dec-x8-eor,721.180,721.569
RES,2,2048,dec-hanno-basic,912.635,912.977
RES,2,2048,dec-hanno-control,930.675,931.290
RES,2,2048,dec-x8-eor,1051.158,1051.662
RES,2,4096,dec-hanno-basic,1811.917,1812.943
RES,2,4096,dec-hanno-control,1846.253,1847.182
RES,2,4096,dec-x8-eor,2091.817,2092.656
RES,2,8192,dec-hanno-basic,3610.748,3612.082
RES,2,8192,dec-hanno-control,3675.130,3676.760
RES,2,8192,dec-x8-eor,4173.811,4174.844
RES,2,16384,dec-hanno-basic,7208.616,7211.385
RES,2,16384,dec-hanno-control,7333.712,7336.291
RES,2,16384,dec-x8-eor,8335.851,8340.615
RES,2,32768,dec-hanno-basic,14438.068,14462.608
RES,2,32768,dec-hanno-control,14703.344,14710.658
RES,2,32768,dec-x8-eor,16667.442,16671.561
# SELFCHECK OK: 1..256 blocks, 3 variants
RES,3,256,enc-hanno-large,129.899,130.226
RES,3,256,enc-hanno-basic,125.100,125.285
RES,3,256,enc-x8-eor,182.599,182.789
RES,3,512,enc-hanno-large,242.756,243.017
RES,3,512,enc-hanno-basic,239.105,239.415
RES,3,512,enc-x8-eor,309.445,309.721
RES,3,1344,enc-hanno-large,609.282,609.488
RES,3,1344,enc-hanno-basic,609.118,609.673
RES,3,1344,enc-x8-eor,707.441,707.822
RES,3,2048,enc-hanno-large,918.616,918.935
RES,3,2048,enc-hanno-basic,922.013,923.716
RES,3,2048,enc-x8-eor,1070.855,1071.187
RES,3,4096,enc-hanno-large,1818.271,1819.029
RES,3,4096,enc-hanno-basic,1831.343,1836.196
RES,3,4096,enc-x8-eor,2086.148,2086.625
RES,3,8192,enc-hanno-large,3615.855,3617.721
RES,3,8192,enc-hanno-basic,3649.086,3660.818
RES,3,8192,enc-x8-eor,4115.855,4117.097
RES,3,16384,enc-hanno-large,7213.088,7215.910
RES,3,16384,enc-hanno-basic,7286.838,7310.540
RES,3,16384,enc-x8-eor,8177.227,8179.538
RES,3,32768,enc-hanno-large,14412.558,14420.443
RES,3,32768,enc-hanno-basic,14611.573,14616.020
RES,3,32768,enc-x8-eor,16304.140,16308.670
# SELFCHECK OK: 1..256 blocks, 3 variants
RES,3,256,dec-hanno-basic,125.640,125.731
RES,3,256,dec-hanno-control,131.613,132.090
RES,3,256,dec-x8-eor,142.036,142.190
RES,3,512,dec-hanno-basic,237.942,238.229
RES,3,512,dec-hanno-control,244.561,245.088
RES,3,512,dec-x8-eor,270.484,270.664
RES,3,1344,dec-hanno-basic,604.738,604.873
RES,3,1344,dec-hanno-control,618.317,618.615
RES,3,1344,dec-x8-eor,721.348,721.670
RES,3,2048,dec-hanno-basic,912.511,913.014
RES,3,2048,dec-hanno-control,930.643,931.209
RES,3,2048,dec-x8-eor,1051.301,1051.612
RES,3,4096,dec-hanno-basic,1811.864,1812.617
RES,3,4096,dec-hanno-control,1846.348,1847.208
RES,3,4096,dec-x8-eor,2092.065,2092.641
RES,3,8192,dec-hanno-basic,3610.451,3612.463
RES,3,8192,dec-hanno-control,3674.833,3676.357
RES,3,8192,dec-x8-eor,4173.861,4175.319
RES,3,16384,dec-hanno-basic,7208.721,7212.380
RES,3,16384,dec-hanno-control,7334.810,7338.317
RES,3,16384,dec-x8-eor,8336.334,8340.305
RES,3,32768,dec-hanno-basic,14437.910,14459.413
RES,3,32768,dec-hanno-control,14700.639,14713.358
RES,3,32768,dec-x8-eor,16664.692,16673.157
# SELFCHECK OK: 1..256 blocks, 3 variants
RES,4,256,enc-hanno-large,130.045,130.240
RES,4,256,enc-hanno-basic,125.102,125.465
RES,4,256,enc-x8-eor,182.596,182.803
RES,4,512,enc-hanno-large,242.323,242.643
RES,4,512,enc-hanno-basic,239.137,239.423
RES,4,512,enc-x8-eor,309.411,309.735
RES,4,1344,enc-hanno-large,608.025,608.258
RES,4,1344,enc-hanno-basic,609.228,609.957
RES,4,1344,enc-x8-eor,707.475,707.816
RES,4,2048,enc-hanno-large,917.006,917.747
RES,4,2048,enc-hanno-basic,921.750,923.886
RES,4,2048,enc-x8-eor,1070.943,1071.505
RES,4,4096,enc-hanno-large,1816.566,1817.384
RES,4,4096,enc-hanno-basic,1831.184,1835.831
RES,4,4096,enc-x8-eor,2086.191,2086.925
RES,4,8192,enc-hanno-large,3615.965,3618.314
RES,4,8192,enc-hanno-basic,3649.448,3661.222
RES,4,8192,enc-x8-eor,4116.607,4118.712
RES,4,16384,enc-hanno-large,7213.869,7215.944
RES,4,16384,enc-hanno-basic,7287.784,7311.222
RES,4,16384,enc-x8-eor,8177.087,8180.973
RES,4,32768,enc-hanno-large,14412.112,14423.318
RES,4,32768,enc-hanno-basic,14607.941,14617.828
RES,4,32768,enc-x8-eor,16301.117,16309.455
# SELFCHECK OK: 1..256 blocks, 3 variants
RES,4,256,dec-hanno-basic,125.497,125.814
RES,4,256,dec-hanno-control,131.848,132.093
RES,4,256,dec-x8-eor,141.886,142.271
RES,4,512,dec-hanno-basic,238.060,238.258
RES,4,512,dec-hanno-control,245.826,246.098
RES,4,512,dec-x8-eor,270.453,270.735
RES,4,1344,dec-hanno-basic,604.778,605.116
RES,4,1344,dec-hanno-control,618.749,619.300
RES,4,1344,dec-x8-eor,721.349,721.846
RES,4,2048,dec-hanno-basic,912.676,913.131
RES,4,2048,dec-hanno-control,934.052,934.558
RES,4,2048,dec-x8-eor,1051.178,1051.672
RES,4,4096,dec-hanno-basic,1812.149,1813.126
RES,4,4096,dec-hanno-control,1852.662,1854.029
RES,4,4096,dec-x8-eor,2092.144,2093.151
RES,4,8192,dec-hanno-basic,3611.123,3614.392
RES,4,8192,dec-hanno-control,3689.432,3694.117
RES,4,8192,dec-x8-eor,4174.025,4178.165
RES,4,16384,dec-hanno-basic,7208.882,7212.663
RES,4,16384,dec-hanno-control,7359.274,7362.555
RES,4,16384,dec-x8-eor,8338.799,8341.756
RES,4,32768,dec-hanno-basic,14440.487,14473.947
RES,4,32768,dec-hanno-control,14757.987,14767.548
RES,4,32768,dec-x8-eor,16665.627,16680.684
# SELFCHECK OK: 1..256 blocks, 3 variants
RES,5,256,enc-hanno-large,129.902,130.107
RES,5,256,enc-hanno-basic,125.106,125.418
RES,5,256,enc-x8-eor,182.462,182.782
RES,5,512,enc-hanno-large,242.346,242.619
RES,5,512,enc-hanno-basic,239.197,239.408
RES,5,512,enc-x8-eor,309.462,309.807
RES,5,1344,enc-hanno-large,607.871,608.501
RES,5,1344,enc-hanno-basic,609.337,610.664
RES,5,1344,enc-x8-eor,707.542,708.077
RES,5,2048,enc-hanno-large,917.038,917.371
RES,5,2048,enc-hanno-basic,921.824,923.578
RES,5,2048,enc-x8-eor,1070.807,1071.218
RES,5,4096,enc-hanno-large,1816.505,1817.376
RES,5,4096,enc-hanno-basic,1830.629,1834.014
RES,5,4096,enc-x8-eor,2085.766,2086.702
RES,5,8192,enc-hanno-large,3616.029,3617.888
RES,5,8192,enc-hanno-basic,3648.525,3660.757
RES,5,8192,enc-x8-eor,4116.707,4117.772
RES,5,16384,enc-hanno-large,7212.706,7216.050
RES,5,16384,enc-hanno-basic,7290.909,7310.815
RES,5,16384,enc-x8-eor,8177.963,8179.492
RES,5,32768,enc-hanno-large,14411.481,14418.471
RES,5,32768,enc-hanno-basic,14609.793,14615.156
RES,5,32768,enc-x8-eor,16295.620,16304.892
# SELFCHECK OK: 1..256 blocks, 3 variants
RES,5,256,dec-hanno-basic,125.501,125.746
RES,5,256,dec-hanno-control,131.790,132.213
RES,5,256,dec-x8-eor,142.051,142.249
RES,5,512,dec-hanno-basic,237.976,238.160
RES,5,512,dec-hanno-control,245.874,246.044
RES,5,512,dec-x8-eor,270.526,270.709
RES,5,1344,dec-hanno-basic,604.738,604.841
RES,5,1344,dec-hanno-control,618.713,619.097
RES,5,1344,dec-x8-eor,721.317,721.677
RES,5,2048,dec-hanno-basic,912.676,913.062
RES,5,2048,dec-hanno-control,934.262,934.480
RES,5,2048,dec-x8-eor,1051.188,1051.452
RES,5,4096,dec-hanno-basic,1812.072,1812.885
RES,5,4096,dec-hanno-control,1852.673,1853.477
RES,5,4096,dec-x8-eor,2092.137,2092.675
RES,5,8192,dec-hanno-basic,3611.353,3612.867
RES,5,8192,dec-hanno-control,3689.093,3690.146
RES,5,8192,dec-x8-eor,4173.902,4174.749
RES,5,16384,dec-hanno-basic,7208.619,7210.942
RES,5,16384,dec-hanno-control,7358.564,7362.070
RES,5,16384,dec-x8-eor,8337.465,8340.427
RES,5,32768,dec-hanno-basic,14442.484,14457.318
RES,5,32768,dec-hanno-control,14754.462,14760.161
RES,5,32768,dec-x8-eor,16663.405,16670.708
# SELFCHECK OK: 1..256 blocks, 3 variants
RES,6,256,enc-hanno-large,129.900,130.222
RES,6,256,enc-hanno-basic,125.101,125.441
RES,6,256,enc-x8-eor,182.588,182.761
RES,6,512,enc-hanno-large,242.351,242.662
RES,6,512,enc-hanno-basic,239.178,239.496
RES,6,512,enc-x8-eor,309.423,309.664
RES,6,1344,enc-hanno-large,607.937,608.113
RES,6,1344,enc-hanno-basic,609.128,609.316
RES,6,1344,enc-x8-eor,707.534,707.830
RES,6,2048,enc-hanno-large,917.048,918.958
RES,6,2048,enc-hanno-basic,921.997,923.794
RES,6,2048,enc-x8-eor,1070.740,1071.251
RES,6,4096,enc-hanno-large,1816.506,1818.830
RES,6,4096,enc-hanno-basic,1830.874,1836.457
RES,6,4096,enc-x8-eor,2086.191,2086.557
RES,6,8192,enc-hanno-large,3615.352,3616.522
RES,6,8192,enc-hanno-basic,3649.616,3660.640
RES,6,8192,enc-x8-eor,4115.908,4117.316
RES,6,16384,enc-hanno-large,7212.948,7217.683
RES,6,16384,enc-hanno-basic,7288.792,7311.623
RES,6,16384,enc-x8-eor,8176.831,8179.553
RES,6,32768,enc-hanno-large,14411.971,14419.260
RES,6,32768,enc-hanno-basic,14606.566,14617.170
RES,6,32768,enc-x8-eor,16299.188,16305.560
# SELFCHECK OK: 1..256 blocks, 3 variants
RES,6,256,dec-hanno-basic,125.491,125.686
RES,6,256,dec-hanno-control,132.173,132.574
RES,6,256,dec-x8-eor,141.907,142.228
RES,6,512,dec-hanno-basic,237.933,238.183
RES,6,512,dec-hanno-control,246.500,246.720
RES,6,512,dec-x8-eor,270.510,270.661
RES,6,1344,dec-hanno-basic,604.699,604.897
RES,6,1344,dec-hanno-control,617.660,618.125
RES,6,1344,dec-x8-eor,721.368,721.662
RES,6,2048,dec-hanno-basic,912.477,912.943
RES,6,2048,dec-hanno-control,932.468,932.906
RES,6,2048,dec-x8-eor,1051.080,1051.490
RES,6,4096,dec-hanno-basic,1811.998,1812.666
RES,6,4096,dec-hanno-control,1847.129,1847.902
RES,6,4096,dec-x8-eor,2092.147,2092.795
RES,6,8192,dec-hanno-basic,3610.674,3612.632
RES,6,8192,dec-hanno-control,3675.856,3677.378
RES,6,8192,dec-x8-eor,4173.673,4175.167
RES,6,16384,dec-hanno-basic,7208.181,7211.752
RES,6,16384,dec-hanno-control,7334.079,7337.252
RES,6,16384,dec-x8-eor,8336.468,8339.520
RES,6,32768,dec-hanno-basic,14444.221,14470.845
RES,6,32768,dec-hanno-control,14702.592,14710.242
RES,6,32768,dec-x8-eor,16663.097,16668.254
# SELFCHECK OK: 1..256 blocks, 3 variants
RES,7,256,enc-hanno-large,129.898,130.192
RES,7,256,enc-hanno-basic,125.104,125.434
RES,7,256,enc-x8-eor,182.575,182.822
RES,7,512,enc-hanno-large,242.923,242.992
RES,7,512,enc-hanno-basic,239.235,239.714
RES,7,512,enc-x8-eor,309.411,309.716
RES,7,1344,enc-hanno-large,609.313,609.453
RES,7,1344,enc-hanno-basic,609.092,609.402
RES,7,1344,enc-x8-eor,707.436,707.706
RES,7,2048,enc-hanno-large,917.157,918.580
RES,7,2048,enc-hanno-basic,921.621,923.714
RES,7,2048,enc-x8-eor,1070.918,1071.235
RES,7,4096,enc-hanno-large,1816.294,1818.163
RES,7,4096,enc-hanno-basic,1833.067,1836.125
RES,7,4096,enc-x8-eor,2086.065,2086.873
RES,7,8192,enc-hanno-large,3616.274,3618.303
RES,7,8192,enc-hanno-basic,3650.927,3658.508
RES,7,8192,enc-x8-eor,4116.033,4117.053
RES,7,16384,enc-hanno-large,7214.211,7216.568
RES,7,16384,enc-hanno-basic,7285.462,7311.265
RES,7,16384,enc-x8-eor,8177.850,8179.654
RES,7,32768,enc-hanno-large,14413.339,14418.404
RES,7,32768,enc-hanno-basic,14608.458,14614.767
RES,7,32768,enc-x8-eor,16303.597,16309.767
# SELFCHECK OK: 1..256 blocks, 3 variants
RES,7,256,dec-hanno-basic,125.604,125.707
RES,7,256,dec-hanno-control,131.647,132.084
RES,7,256,dec-x8-eor,142.052,142.185
RES,7,512,dec-hanno-basic,238.100,238.173
RES,7,512,dec-hanno-control,244.889,245.240
RES,7,512,dec-x8-eor,270.492,270.764
RES,7,1344,dec-hanno-basic,604.724,604.970
RES,7,1344,dec-hanno-control,616.363,618.598
RES,7,1344,dec-x8-eor,721.250,721.575
RES,7,2048,dec-hanno-basic,912.632,912.888
RES,7,2048,dec-hanno-control,930.943,931.382
RES,7,2048,dec-x8-eor,1051.186,1051.500
RES,7,4096,dec-hanno-basic,1812.001,1812.584
RES,7,4096,dec-hanno-control,1846.197,1847.426
RES,7,4096,dec-x8-eor,2092.077,2092.681
RES,7,8192,dec-hanno-basic,3610.805,3612.442
RES,7,8192,dec-hanno-control,3674.367,3676.238
RES,7,8192,dec-x8-eor,4173.407,4174.865
RES,7,16384,dec-hanno-basic,7208.047,7212.597
RES,7,16384,dec-hanno-control,7333.749,7336.839
RES,7,16384,dec-x8-eor,8336.293,8340.287
RES,7,32768,dec-hanno-basic,14438.018,14444.954
RES,7,32768,dec-hanno-control,14698.160,14707.393
RES,7,32768,dec-x8-eor,16665.909,16671.167
DONE: 14 correctness gates
