# date=2026-08-28T22:15:23Z
# host=ip-172-31-44-56
# model=Neoverse-V2
# reps=160 processes=7 pinned_cpu=3
file,sha256,text_bytes
hybrid-x8-enc.o,78605a647e192cc843d63e5ce89ba72ccd1788acc748f900edc54a9aad6b15d3,8624
hybrid-fast-tail.o,2a2cbd57b79bd274c698b2c26a08bc5500b7794338f3e9a428229d48ab0ad59b,4380
hybrid-late-tag.o,8417a714dad9e7dabe037f849f510400c9ae693a2fe1821bbcf8f39b730dc36c,3864
hybrid-short-original.o,b6453c3badaf4634813c31f926bac871e45904db2baecd06c2eac259d924cd43,1424
hanno-enc-hybrid.o,70c3aa577f032368a8ae67d16fc3e33de4f7ce2fafed8893529010882b08bf74,5312
# SELFCHECK OK: 1..256 blocks, 4 variants
RES,1,16,enc-8x,12.845,12.865
RES,1,16,enc-4x-hybrid,10.950,10.956
RES,1,16,enc-4x-fast-tail,10.928,10.947
RES,1,16,enc-4x-late-tag,26.741,26.851
RES,1,32,enc-8x,13.957,13.998
RES,1,32,enc-4x-hybrid,13.710,13.865
RES,1,32,enc-4x-fast-tail,13.762,13.817
RES,1,32,enc-4x-late-tag,34.398,34.688
RES,1,48,enc-8x,17.574,17.784
RES,1,48,enc-4x-hybrid,17.599,17.785
RES,1,48,enc-4x-fast-tail,17.627,17.707
RES,1,48,enc-4x-late-tag,41.618,42.078
RES,1,64,enc-8x,18.700,18.933
RES,1,64,enc-4x-hybrid,36.300,36.686
RES,1,64,enc-4x-fast-tail,20.759,20.792
RES,1,64,enc-4x-late-tag,36.303,36.889
RES,1,80,enc-8x,26.624,26.762
RES,1,80,enc-4x-hybrid,43.635,44.077
RES,1,80,enc-4x-fast-tail,27.839,27.953
RES,1,80,enc-4x-late-tag,43.949,44.193
RES,1,96,enc-8x,27.616,27.779
RES,1,96,enc-4x-hybrid,51.237,51.609
RES,1,96,enc-4x-fast-tail,30.622,30.738
RES,1,96,enc-4x-late-tag,50.959,51.729
RES,1,112,enc-8x,28.370,28.573
RES,1,112,enc-4x-hybrid,58.268,58.920
RES,1,112,enc-4x-fast-tail,34.681,34.813
RES,1,112,enc-4x-late-tag,58.537,59.091
RES,1,128,enc-8x,26.685,26.951
RES,1,128,enc-4x-hybrid,45.456,45.674
RES,1,128,enc-4x-fast-tail,35.849,36.135
RES,1,128,enc-4x-late-tag,45.396,45.524
# SELFCHECK OK: 1..256 blocks, 4 variants
RES,2,16,enc-8x,12.833,12.867
RES,2,16,enc-4x-hybrid,10.950,10.956
RES,2,16,enc-4x-fast-tail,10.943,10.947
RES,2,16,enc-4x-late-tag,26.739,26.850
RES,2,32,enc-8x,13.957,13.999
RES,2,32,enc-4x-hybrid,13.708,13.870
RES,2,32,enc-4x-fast-tail,13.755,13.816
RES,2,32,enc-4x-late-tag,34.416,34.669
RES,2,48,enc-8x,17.574,17.754
RES,2,48,enc-4x-hybrid,17.597,17.758
RES,2,48,enc-4x-fast-tail,17.621,17.702
RES,2,48,enc-4x-late-tag,41.711,42.098
RES,2,64,enc-8x,18.699,18.822
RES,2,64,enc-4x-hybrid,36.420,36.705
RES,2,64,enc-4x-fast-tail,20.764,20.796
RES,2,64,enc-4x-late-tag,36.312,36.921
RES,2,80,enc-8x,26.627,26.766
RES,2,80,enc-4x-hybrid,43.342,44.076
RES,2,80,enc-4x-fast-tail,27.835,27.951
RES,2,80,enc-4x-late-tag,43.957,44.158
RES,2,96,enc-8x,27.480,27.776
RES,2,96,enc-4x-hybrid,51.193,51.560
RES,2,96,enc-4x-fast-tail,30.596,30.738
RES,2,96,enc-4x-late-tag,50.923,51.643
RES,2,112,enc-8x,28.435,28.568
RES,2,112,enc-4x-hybrid,58.309,59.042
RES,2,112,enc-4x-fast-tail,34.676,34.811
RES,2,112,enc-4x-late-tag,58.576,59.037
RES,2,128,enc-8x,26.676,26.956
RES,2,128,enc-4x-hybrid,45.447,45.731
RES,2,128,enc-4x-fast-tail,35.840,36.117
RES,2,128,enc-4x-late-tag,45.399,45.523
# SELFCHECK OK: 1..256 blocks, 4 variants
RES,3,16,enc-8x,12.846,12.866
RES,3,16,enc-4x-hybrid,10.951,10.956
RES,3,16,enc-4x-fast-tail,10.925,10.946
RES,3,16,enc-4x-late-tag,26.737,26.848
RES,3,32,enc-8x,13.968,14.070
RES,3,32,enc-4x-hybrid,13.709,13.990
RES,3,32,enc-4x-fast-tail,13.769,13.793
RES,3,32,enc-4x-late-tag,34.462,34.658
RES,3,48,enc-8x,17.574,17.696
RES,3,48,enc-4x-hybrid,17.605,17.975
RES,3,48,enc-4x-fast-tail,17.623,17.705
RES,3,48,enc-4x-late-tag,41.894,42.204
RES,3,64,enc-8x,18.704,18.720
RES,3,64,enc-4x-hybrid,36.421,36.706
RES,3,64,enc-4x-fast-tail,20.763,20.789
RES,3,64,enc-4x-late-tag,36.292,36.929
RES,3,80,enc-8x,26.622,26.859
RES,3,80,enc-4x-hybrid,43.755,44.085
RES,3,80,enc-4x-fast-tail,27.832,27.948
RES,3,80,enc-4x-late-tag,43.953,44.305
RES,3,96,enc-8x,27.508,27.808
RES,3,96,enc-4x-hybrid,51.238,51.548
RES,3,96,enc-4x-fast-tail,30.612,30.740
RES,3,96,enc-4x-late-tag,50.900,51.645
RES,3,112,enc-8x,28.434,28.814
RES,3,112,enc-4x-hybrid,58.422,58.906
RES,3,112,enc-4x-fast-tail,34.680,34.807
RES,3,112,enc-4x-late-tag,58.453,59.073
RES,3,128,enc-8x,26.684,26.948
RES,3,128,enc-4x-hybrid,45.428,45.679
RES,3,128,enc-4x-fast-tail,35.843,36.127
RES,3,128,enc-4x-late-tag,45.401,45.524
# SELFCHECK OK: 1..256 blocks, 4 variants
RES,4,16,enc-8x,12.836,12.870
RES,4,16,enc-4x-hybrid,10.951,10.955
RES,4,16,enc-4x-fast-tail,10.942,10.946
RES,4,16,enc-4x-late-tag,26.740,26.851
RES,4,32,enc-8x,13.984,14.047
RES,4,32,enc-4x-hybrid,13.711,13.846
RES,4,32,enc-4x-fast-tail,13.762,13.832
RES,4,32,enc-4x-late-tag,34.472,34.733
RES,4,48,enc-8x,17.582,17.778
RES,4,48,enc-4x-hybrid,17.602,17.956
RES,4,48,enc-4x-fast-tail,17.634,17.704
RES,4,48,enc-4x-late-tag,41.601,42.073
RES,4,64,enc-8x,18.699,18.824
RES,4,64,enc-4x-hybrid,36.423,36.629
RES,4,64,enc-4x-fast-tail,20.761,20.785
RES,4,64,enc-4x-late-tag,36.302,36.640
RES,4,80,enc-8x,26.538,26.820
RES,4,80,enc-4x-hybrid,43.087,44.103
RES,4,80,enc-4x-fast-tail,27.829,27.953
RES,4,80,enc-4x-late-tag,43.925,44.181
RES,4,96,enc-8x,27.492,27.816
RES,4,96,enc-4x-hybrid,51.141,51.471
RES,4,96,enc-4x-fast-tail,30.610,30.740
RES,4,96,enc-4x-late-tag,51.008,51.648
RES,4,112,enc-8x,28.404,28.783
RES,4,112,enc-4x-hybrid,58.298,58.953
RES,4,112,enc-4x-fast-tail,34.666,34.813
RES,4,112,enc-4x-late-tag,58.420,59.108
RES,4,128,enc-8x,26.694,26.968
RES,4,128,enc-4x-hybrid,45.475,45.864
RES,4,128,enc-4x-fast-tail,35.846,36.127
RES,4,128,enc-4x-late-tag,45.386,45.515
# SELFCHECK OK: 1..256 blocks, 4 variants
RES,5,16,enc-8x,12.849,12.867
RES,5,16,enc-4x-hybrid,10.951,10.956
RES,5,16,enc-4x-fast-tail,10.941,10.946
RES,5,16,enc-4x-late-tag,26.737,26.843
RES,5,32,enc-8x,13.954,14.005
RES,5,32,enc-4x-hybrid,13.713,13.988
RES,5,32,enc-4x-fast-tail,13.758,13.806
RES,5,32,enc-4x-late-tag,34.502,34.722
RES,5,48,enc-8x,17.574,17.749
RES,5,48,enc-4x-hybrid,17.593,17.958
RES,5,48,enc-4x-fast-tail,17.625,17.705
RES,5,48,enc-4x-late-tag,41.618,42.098
RES,5,64,enc-8x,18.704,19.123
RES,5,64,enc-4x-hybrid,36.431,36.729
RES,5,64,enc-4x-fast-tail,20.765,20.790
RES,5,64,enc-4x-late-tag,36.274,36.848
RES,5,80,enc-8x,26.570,26.763
RES,5,80,enc-4x-hybrid,43.748,44.071
RES,5,80,enc-4x-fast-tail,27.831,27.955
RES,5,80,enc-4x-late-tag,43.925,44.250
RES,5,96,enc-8x,27.478,27.777
RES,5,96,enc-4x-hybrid,51.171,51.462
RES,5,96,enc-4x-fast-tail,30.609,30.741
RES,5,96,enc-4x-late-tag,51.007,51.660
RES,5,112,enc-8x,28.364,28.570
RES,5,112,enc-4x-hybrid,58.275,58.957
RES,5,112,enc-4x-fast-tail,34.682,34.811
RES,5,112,enc-4x-late-tag,58.363,59.060
RES,5,128,enc-8x,26.690,26.949
RES,5,128,enc-4x-hybrid,45.450,45.665
RES,5,128,enc-4x-fast-tail,35.844,36.097
RES,5,128,enc-4x-late-tag,45.399,45.521
# SELFCHECK OK: 1..256 blocks, 4 variants
RES,6,16,enc-8x,12.851,12.866
RES,6,16,enc-4x-hybrid,10.951,10.956
RES,6,16,enc-4x-fast-tail,10.942,10.947
RES,6,16,enc-4x-late-tag,26.741,26.849
RES,6,32,enc-8x,13.962,14.002
RES,6,32,enc-4x-hybrid,13.711,13.861
RES,6,32,enc-4x-fast-tail,13.769,13.806
RES,6,32,enc-4x-late-tag,34.571,34.719
RES,6,48,enc-8x,17.586,17.782
RES,6,48,enc-4x-hybrid,17.601,17.917
RES,6,48,enc-4x-fast-tail,17.638,17.715
RES,6,48,enc-4x-late-tag,41.630,42.074
RES,6,64,enc-8x,18.704,18.833
RES,6,64,enc-4x-hybrid,36.299,36.679
RES,6,64,enc-4x-fast-tail,20.581,20.790
RES,6,64,enc-4x-late-tag,36.194,36.648
RES,6,80,enc-8x,26.557,26.770
RES,6,80,enc-4x-hybrid,42.953,44.054
RES,6,80,enc-4x-fast-tail,27.830,27.957
RES,6,80,enc-4x-late-tag,43.918,44.275
RES,6,96,enc-8x,27.484,27.781
RES,6,96,enc-4x-hybrid,51.225,51.499
RES,6,96,enc-4x-fast-tail,30.596,30.740
RES,6,96,enc-4x-late-tag,51.147,51.643
RES,6,112,enc-8x,28.375,28.576
RES,6,112,enc-4x-hybrid,58.278,58.941
RES,6,112,enc-4x-fast-tail,34.677,34.812
RES,6,112,enc-4x-late-tag,58.521,59.109
RES,6,128,enc-8x,26.690,26.954
RES,6,128,enc-4x-hybrid,45.472,46.114
RES,6,128,enc-4x-fast-tail,35.838,35.973
RES,6,128,enc-4x-late-tag,45.395,45.520
# SELFCHECK OK: 1..256 blocks, 4 variants
RES,7,16,enc-8x,12.851,12.867
RES,7,16,enc-4x-hybrid,10.950,10.955
RES,7,16,enc-4x-fast-tail,10.929,10.947
RES,7,16,enc-4x-late-tag,26.737,26.853
RES,7,32,enc-8x,13.954,13.998
RES,7,32,enc-4x-hybrid,13.712,13.873
RES,7,32,enc-4x-fast-tail,13.768,13.811
RES,7,32,enc-4x-late-tag,34.602,34.752
RES,7,48,enc-8x,17.573,17.811
RES,7,48,enc-4x-hybrid,17.590,17.799
RES,7,48,enc-4x-fast-tail,17.645,17.712
RES,7,48,enc-4x-late-tag,41.876,42.223
RES,7,64,enc-8x,18.702,18.826
RES,7,64,enc-4x-hybrid,36.236,36.672
RES,7,64,enc-4x-fast-tail,20.764,20.870
RES,7,64,enc-4x-late-tag,36.321,36.760
RES,7,80,enc-8x,26.629,26.783
RES,7,80,enc-4x-hybrid,42.887,44.096
RES,7,80,enc-4x-fast-tail,27.820,27.972
RES,7,80,enc-4x-late-tag,43.972,44.275
RES,7,96,enc-8x,27.514,27.788
RES,7,96,enc-4x-hybrid,51.165,51.558
RES,7,96,enc-4x-fast-tail,30.617,30.739
RES,7,96,enc-4x-late-tag,50.942,51.587
RES,7,112,enc-8x,28.434,28.570
RES,7,112,enc-4x-hybrid,58.298,58.975
RES,7,112,enc-4x-fast-tail,34.684,34.817
RES,7,112,enc-4x-late-tag,58.369,59.057
RES,7,128,enc-8x,26.696,26.957
RES,7,128,enc-4x-hybrid,45.541,45.762
RES,7,128,enc-4x-fast-tail,35.836,35.976
RES,7,128,enc-4x-late-tag,45.392,45.514
DONE: 7 correctness gates
