# date=2026-08-28T22:15:23Z
# host=ip-172-31-42-229
# model=Neoverse-V3
# reps=160 processes=7 pinned_cpu=3
file,sha256,text_bytes
hybrid-x8-enc.o,78605a647e192cc843d63e5ce89ba72ccd1788acc748f900edc54a9aad6b15d3,8624
hybrid-fast-tail.o,2a2cbd57b79bd274c698b2c26a08bc5500b7794338f3e9a428229d48ab0ad59b,4380
hybrid-late-tag.o,8417a714dad9e7dabe037f849f510400c9ae693a2fe1821bbcf8f39b730dc36c,3864
hybrid-short-original.o,b6453c3badaf4634813c31f926bac871e45904db2baecd06c2eac259d924cd43,1424
hanno-enc-hybrid.o,70c3aa577f032368a8ae67d16fc3e33de4f7ce2fafed8893529010882b08bf74,5312
# SELFCHECK OK: 1..256 blocks, 4 variants
RES,1,16,enc-8x,10.569,10.591
RES,1,16,enc-4x-hybrid,9.341,9.347
RES,1,16,enc-4x-fast-tail,9.334,9.350
RES,1,16,enc-4x-late-tag,22.758,22.915
RES,1,32,enc-8x,11.046,11.102
RES,1,32,enc-4x-hybrid,10.727,10.742
RES,1,32,enc-4x-fast-tail,10.705,10.720
RES,1,32,enc-4x-late-tag,29.253,29.447
RES,1,48,enc-8x,13.844,13.864
RES,1,48,enc-4x-hybrid,13.965,13.986
RES,1,48,enc-4x-fast-tail,13.981,13.996
RES,1,48,enc-4x-late-tag,35.542,35.694
RES,1,64,enc-8x,14.968,15.001
RES,1,64,enc-4x-hybrid,29.095,29.383
RES,1,64,enc-4x-fast-tail,16.803,16.865
RES,1,64,enc-4x-late-tag,29.054,29.339
RES,1,80,enc-8x,21.635,21.752
RES,1,80,enc-4x-hybrid,35.664,35.802
RES,1,80,enc-4x-fast-tail,21.977,22.098
RES,1,80,enc-4x-late-tag,35.646,35.781
RES,1,96,enc-8x,22.227,22.344
RES,1,96,enc-4x-hybrid,41.948,42.288
RES,1,96,enc-4x-fast-tail,24.602,24.727
RES,1,96,enc-4x-late-tag,41.952,42.261
RES,1,112,enc-8x,22.782,22.901
RES,1,112,enc-4x-hybrid,48.235,48.468
RES,1,112,enc-4x-fast-tail,27.929,28.061
RES,1,112,enc-4x-late-tag,48.195,48.506
RES,1,128,enc-8x,21.454,21.570
RES,1,128,enc-4x-hybrid,38.157,38.308
RES,1,128,enc-4x-fast-tail,29.236,29.367
RES,1,128,enc-4x-late-tag,38.181,38.314
# SELFCHECK OK: 1..256 blocks, 4 variants
RES,2,16,enc-8x,10.572,10.589
RES,2,16,enc-4x-hybrid,9.339,9.344
RES,2,16,enc-4x-fast-tail,9.334,9.350
RES,2,16,enc-4x-late-tag,22.756,22.904
RES,2,32,enc-8x,11.039,11.100
RES,2,32,enc-4x-hybrid,10.727,10.740
RES,2,32,enc-4x-fast-tail,10.712,10.746
RES,2,32,enc-4x-late-tag,29.309,29.465
RES,2,48,enc-8x,13.846,13.867
RES,2,48,enc-4x-hybrid,13.964,13.985
RES,2,48,enc-4x-fast-tail,14.020,14.043
RES,2,48,enc-4x-late-tag,35.496,35.696
RES,2,64,enc-8x,14.983,15.004
RES,2,64,enc-4x-hybrid,29.059,29.354
RES,2,64,enc-4x-fast-tail,16.796,16.863
RES,2,64,enc-4x-late-tag,29.061,29.382
RES,2,80,enc-8x,21.651,21.766
RES,2,80,enc-4x-hybrid,35.655,35.788
RES,2,80,enc-4x-fast-tail,21.976,22.098
RES,2,80,enc-4x-late-tag,35.326,35.801
RES,2,96,enc-8x,22.246,22.366
RES,2,96,enc-4x-hybrid,41.971,42.251
RES,2,96,enc-4x-fast-tail,24.608,24.731
RES,2,96,enc-4x-late-tag,42.029,42.260
RES,2,112,enc-8x,22.797,22.920
RES,2,112,enc-4x-hybrid,48.253,48.403
RES,2,112,enc-4x-fast-tail,27.936,28.060
RES,2,112,enc-4x-late-tag,47.318,48.450
RES,2,128,enc-8x,21.475,21.580
RES,2,128,enc-4x-hybrid,38.177,38.310
RES,2,128,enc-4x-fast-tail,29.236,29.370
RES,2,128,enc-4x-late-tag,38.173,38.313
# SELFCHECK OK: 1..256 blocks, 4 variants
RES,3,16,enc-8x,10.569,10.588
RES,3,16,enc-4x-hybrid,9.340,9.344
RES,3,16,enc-4x-fast-tail,9.334,9.347
RES,3,16,enc-4x-late-tag,22.755,22.901
RES,3,32,enc-8x,11.039,11.100
RES,3,32,enc-4x-hybrid,10.699,10.714
RES,3,32,enc-4x-fast-tail,10.733,10.748
RES,3,32,enc-4x-late-tag,29.314,29.466
RES,3,48,enc-8x,13.848,13.868
RES,3,48,enc-4x-hybrid,13.966,13.984
RES,3,48,enc-4x-fast-tail,13.981,13.999
RES,3,48,enc-4x-late-tag,35.451,35.679
RES,3,64,enc-8x,14.977,15.008
RES,3,64,enc-4x-hybrid,29.072,29.361
RES,3,64,enc-4x-fast-tail,16.806,16.865
RES,3,64,enc-4x-late-tag,29.112,29.359
RES,3,80,enc-8x,21.656,21.766
RES,3,80,enc-4x-hybrid,35.652,35.786
RES,3,80,enc-4x-fast-tail,21.979,22.090
RES,3,80,enc-4x-late-tag,35.668,35.802
RES,3,96,enc-8x,22.245,22.360
RES,3,96,enc-4x-hybrid,41.929,42.243
RES,3,96,enc-4x-fast-tail,24.607,24.726
RES,3,96,enc-4x-late-tag,41.951,42.265
RES,3,112,enc-8x,22.798,22.919
RES,3,112,enc-4x-hybrid,47.114,48.441
RES,3,112,enc-4x-fast-tail,27.933,28.062
RES,3,112,enc-4x-late-tag,47.569,48.499
RES,3,128,enc-8x,21.471,21.593
RES,3,128,enc-4x-hybrid,38.179,38.309
RES,3,128,enc-4x-fast-tail,29.235,29.368
RES,3,128,enc-4x-late-tag,38.183,38.315
# SELFCHECK OK: 1..256 blocks, 4 variants
RES,4,16,enc-8x,10.570,10.592
RES,4,16,enc-4x-hybrid,9.341,9.348
RES,4,16,enc-4x-fast-tail,9.337,9.351
RES,4,16,enc-4x-late-tag,22.762,22.909
RES,4,32,enc-8x,11.044,11.105
RES,4,32,enc-4x-hybrid,10.702,10.716
RES,4,32,enc-4x-fast-tail,10.733,10.748
RES,4,32,enc-4x-late-tag,29.183,29.440
RES,4,48,enc-8x,13.846,13.865
RES,4,48,enc-4x-hybrid,13.969,13.986
RES,4,48,enc-4x-fast-tail,14.018,14.038
RES,4,48,enc-4x-late-tag,35.397,35.660
RES,4,64,enc-8x,14.986,15.009
RES,4,64,enc-4x-hybrid,29.154,29.390
RES,4,64,enc-4x-fast-tail,16.808,16.884
RES,4,64,enc-4x-late-tag,29.068,29.355
RES,4,80,enc-8x,21.653,21.775
RES,4,80,enc-4x-hybrid,35.664,35.800
RES,4,80,enc-4x-fast-tail,22.003,22.119
RES,4,80,enc-4x-late-tag,35.657,35.804
RES,4,96,enc-8x,22.241,22.367
RES,4,96,enc-4x-hybrid,42.012,42.283
RES,4,96,enc-4x-fast-tail,24.625,24.752
RES,4,96,enc-4x-late-tag,41.905,42.238
RES,4,112,enc-8x,22.798,22.918
RES,4,112,enc-4x-hybrid,47.320,48.484
RES,4,112,enc-4x-fast-tail,27.958,28.081
RES,4,112,enc-4x-late-tag,47.120,48.477
RES,4,128,enc-8x,21.477,21.504
RES,4,128,enc-4x-hybrid,38.106,38.320
RES,4,128,enc-4x-fast-tail,29.239,29.366
RES,4,128,enc-4x-late-tag,38.171,38.310
# SELFCHECK OK: 1..256 blocks, 4 variants
RES,5,16,enc-8x,10.572,10.592
RES,5,16,enc-4x-hybrid,9.344,9.348
RES,5,16,enc-4x-fast-tail,9.337,9.349
RES,5,16,enc-4x-late-tag,22.758,22.934
RES,5,32,enc-8x,11.037,11.098
RES,5,32,enc-4x-hybrid,10.699,10.716
RES,5,32,enc-4x-fast-tail,10.716,10.749
RES,5,32,enc-4x-late-tag,29.190,29.442
RES,5,48,enc-8x,13.834,13.857
RES,5,48,enc-4x-hybrid,13.968,13.985
RES,5,48,enc-4x-fast-tail,13.984,13.999
RES,5,48,enc-4x-late-tag,35.506,35.660
RES,5,64,enc-8x,14.967,14.989
RES,5,64,enc-4x-hybrid,29.090,29.382
RES,5,64,enc-4x-fast-tail,16.801,16.863
RES,5,64,enc-4x-late-tag,29.048,29.345
RES,5,80,enc-8x,21.632,21.660
RES,5,80,enc-4x-hybrid,35.321,35.801
RES,5,80,enc-4x-fast-tail,21.983,22.093
RES,5,80,enc-4x-late-tag,35.665,35.796
RES,5,96,enc-8x,22.223,22.252
RES,5,96,enc-4x-hybrid,41.900,42.269
RES,5,96,enc-4x-fast-tail,24.601,24.726
RES,5,96,enc-4x-late-tag,41.981,42.263
RES,5,112,enc-8x,22.773,22.894
RES,5,112,enc-4x-hybrid,47.167,48.430
RES,5,112,enc-4x-fast-tail,27.928,28.060
RES,5,112,enc-4x-late-tag,47.373,48.527
RES,5,128,enc-8x,21.451,21.490
RES,5,128,enc-4x-hybrid,38.174,38.310
RES,5,128,enc-4x-fast-tail,29.230,29.365
RES,5,128,enc-4x-late-tag,38.170,38.314
# SELFCHECK OK: 1..256 blocks, 4 variants
RES,6,16,enc-8x,10.571,10.591
RES,6,16,enc-4x-hybrid,9.342,9.347
RES,6,16,enc-4x-fast-tail,9.335,9.352
RES,6,16,enc-4x-late-tag,22.761,22.903
RES,6,32,enc-8x,11.046,11.103
RES,6,32,enc-4x-hybrid,10.699,10.716
RES,6,32,enc-4x-fast-tail,10.732,10.747
RES,6,32,enc-4x-late-tag,29.303,29.465
RES,6,48,enc-8x,13.846,13.867
RES,6,48,enc-4x-hybrid,13.966,13.985
RES,6,48,enc-4x-fast-tail,14.020,14.042
RES,6,48,enc-4x-late-tag,35.415,35.711
RES,6,64,enc-8x,14.981,15.008
RES,6,64,enc-4x-hybrid,29.035,29.356
RES,6,64,enc-4x-fast-tail,16.803,16.883
RES,6,64,enc-4x-late-tag,29.119,29.369
RES,6,80,enc-8x,21.651,21.767
RES,6,80,enc-4x-hybrid,35.649,35.787
RES,6,80,enc-4x-fast-tail,21.999,22.125
RES,6,80,enc-4x-late-tag,35.670,35.801
RES,6,96,enc-8x,22.248,22.274
RES,6,96,enc-4x-hybrid,41.911,42.281
RES,6,96,enc-4x-fast-tail,24.623,24.754
RES,6,96,enc-4x-late-tag,41.905,42.285
RES,6,112,enc-8x,22.800,22.920
RES,6,112,enc-4x-hybrid,47.687,48.403
RES,6,112,enc-4x-fast-tail,27.952,28.083
RES,6,112,enc-4x-late-tag,47.234,48.490
RES,6,128,enc-8x,21.474,21.589
RES,6,128,enc-4x-hybrid,38.163,38.310
RES,6,128,enc-4x-fast-tail,29.239,29.366
RES,6,128,enc-4x-late-tag,38.163,38.310
# SELFCHECK OK: 1..256 blocks, 4 variants
RES,7,16,enc-8x,10.569,10.588
RES,7,16,enc-4x-hybrid,9.343,9.347
RES,7,16,enc-4x-fast-tail,9.334,9.348
RES,7,16,enc-4x-late-tag,22.760,22.894
RES,7,32,enc-8x,11.039,11.099
RES,7,32,enc-4x-hybrid,10.700,10.713
RES,7,32,enc-4x-fast-tail,10.730,10.746
RES,7,32,enc-4x-late-tag,29.320,29.466
RES,7,48,enc-8x,13.844,13.865
RES,7,48,enc-4x-hybrid,13.967,13.983
RES,7,48,enc-4x-fast-tail,14.021,14.042
RES,7,48,enc-4x-late-tag,35.458,35.693
RES,7,64,enc-8x,14.981,15.005
RES,7,64,enc-4x-hybrid,29.037,29.355
RES,7,64,enc-4x-fast-tail,16.814,16.884
RES,7,64,enc-4x-late-tag,29.069,29.350
RES,7,80,enc-8x,21.652,21.766
RES,7,80,enc-4x-hybrid,35.651,35.787
RES,7,80,enc-4x-fast-tail,21.998,22.123
RES,7,80,enc-4x-late-tag,35.549,35.802
RES,7,96,enc-8x,22.244,22.364
RES,7,96,enc-4x-hybrid,41.935,42.276
RES,7,96,enc-4x-fast-tail,24.629,24.752
RES,7,96,enc-4x-late-tag,42.031,42.237
RES,7,112,enc-8x,22.802,22.914
RES,7,112,enc-4x-hybrid,48.206,48.411
RES,7,112,enc-4x-fast-tail,27.950,28.082
RES,7,112,enc-4x-late-tag,47.523,48.468
RES,7,128,enc-8x,21.471,21.500
RES,7,128,enc-4x-hybrid,38.179,38.311
RES,7,128,enc-4x-fast-tail,29.239,29.366
RES,7,128,enc-4x-late-tag,38.177,38.314
DONE: 7 correctness gates
