# date=2026-08-28T22:58:23Z
# host=ip-172-31-4-159
# model=Neoverse-V1
# profile=all mode=small reps=160 processes=7 pinned_cpu=3
file,sha256,text_bytes
integrated.o,23bbee0c872b782d8d086b62dd7c943edc31845c205490d8b4dd4fcb0457e9e4,4892
integrated-fast-tail.o,2a2cbd57b79bd274c698b2c26a08bc5500b7794338f3e9a428229d48ab0ad59b,4380
integrated-late-tag.o,8417a714dad9e7dabe037f849f510400c9ae693a2fe1821bbcf8f39b730dc36c,3864
integrated-x8-enc.o,78605a647e192cc843d63e5ce89ba72ccd1788acc748f900edc54a9aad6b15d3,8624
# SELFCHECK OK: 1..256 blocks, 4 variants
RES,1,16,enc-8x,15.152,15.163
RES,1,16,enc-4x-integrated,28.656,28.987
RES,1,16,enc-4x-fast-tail,13.444,13.688
RES,1,16,enc-4x-late-tag,28.831,29.485
RES,1,32,enc-8x,16.518,16.696
RES,1,32,enc-4x-integrated,29.241,30.236
RES,1,32,enc-4x-fast-tail,17.802,17.947
RES,1,32,enc-4x-late-tag,36.526,37.717
RES,1,48,enc-8x,20.991,21.133
RES,1,48,enc-4x-integrated,29.818,30.963
RES,1,48,enc-4x-fast-tail,22.227,22.408
RES,1,48,enc-4x-late-tag,44.836,45.581
RES,1,64,enc-8x,21.815,22.009
RES,1,64,enc-4x-integrated,42.606,43.344
RES,1,64,enc-4x-fast-tail,25.706,26.155
RES,1,64,enc-4x-late-tag,42.811,43.368
RES,1,80,enc-8x,31.643,31.987
RES,1,80,enc-4x-integrated,50.366,51.355
RES,1,80,enc-4x-fast-tail,33.347,33.855
RES,1,80,enc-4x-late-tag,51.634,51.983
RES,1,96,enc-8x,32.498,32.772
RES,1,96,enc-4x-integrated,52.689,52.942
RES,1,96,enc-4x-fast-tail,37.225,37.718
RES,1,96,enc-4x-late-tag,59.515,60.536
RES,1,112,enc-8x,33.368,34.174
RES,1,112,enc-4x-integrated,53.001,54.067
RES,1,112,enc-4x-fast-tail,41.639,42.067
RES,1,112,enc-4x-late-tag,68.351,69.292
RES,1,128,enc-8x,31.469,31.766
RES,1,128,enc-4x-integrated,49.373,49.845
RES,1,128,enc-4x-fast-tail,43.579,43.911
RES,1,128,enc-4x-late-tag,48.915,49.839
# SELFCHECK OK: 1..256 blocks, 4 variants
RES,2,16,enc-8x,15.152,15.163
RES,2,16,enc-4x-integrated,28.801,29.001
RES,2,16,enc-4x-fast-tail,13.444,13.689
RES,2,16,enc-4x-late-tag,28.883,29.405
RES,2,32,enc-8x,16.534,16.695
RES,2,32,enc-4x-integrated,29.232,30.211
RES,2,32,enc-4x-fast-tail,17.805,17.948
RES,2,32,enc-4x-late-tag,36.580,37.825
RES,2,48,enc-8x,20.994,21.130
RES,2,48,enc-4x-integrated,29.617,30.963
RES,2,48,enc-4x-fast-tail,22.203,22.419
RES,2,48,enc-4x-late-tag,44.803,45.602
RES,2,64,enc-8x,21.835,21.998
RES,2,64,enc-4x-integrated,42.444,43.383
RES,2,64,enc-4x-fast-tail,25.679,26.128
RES,2,64,enc-4x-late-tag,42.970,43.328
RES,2,80,enc-8x,31.616,31.989
RES,2,80,enc-4x-integrated,50.871,51.376
RES,2,80,enc-4x-fast-tail,33.341,33.770
RES,2,80,enc-4x-late-tag,51.592,51.802
RES,2,96,enc-8x,32.480,32.806
RES,2,96,enc-4x-integrated,52.680,52.923
RES,2,96,enc-4x-fast-tail,37.180,37.743
RES,2,96,enc-4x-late-tag,58.942,60.525
RES,2,112,enc-8x,33.348,34.076
RES,2,112,enc-4x-integrated,53.337,53.977
RES,2,112,enc-4x-fast-tail,41.699,42.062
RES,2,112,enc-4x-late-tag,68.500,69.349
RES,2,128,enc-8x,31.459,31.761
RES,2,128,enc-4x-integrated,49.449,49.850
RES,2,128,enc-4x-fast-tail,43.476,43.916
RES,2,128,enc-4x-late-tag,49.455,49.768
# SELFCHECK OK: 1..256 blocks, 4 variants
RES,3,16,enc-8x,15.151,15.162
RES,3,16,enc-4x-integrated,28.799,29.037
RES,3,16,enc-4x-fast-tail,13.439,13.685
RES,3,16,enc-4x-late-tag,28.826,29.475
RES,3,32,enc-8x,16.519,16.982
RES,3,32,enc-4x-integrated,29.232,30.221
RES,3,32,enc-4x-fast-tail,17.804,17.950
RES,3,32,enc-4x-late-tag,36.659,37.761
RES,3,48,enc-8x,20.997,21.144
RES,3,48,enc-4x-integrated,29.617,30.990
RES,3,48,enc-4x-fast-tail,22.079,22.401
RES,3,48,enc-4x-late-tag,44.839,45.680
RES,3,64,enc-8x,21.840,22.087
RES,3,64,enc-4x-integrated,42.644,43.426
RES,3,64,enc-4x-fast-tail,25.537,26.134
RES,3,64,enc-4x-late-tag,43.010,43.380
RES,3,80,enc-8x,31.349,31.990
RES,3,80,enc-4x-integrated,50.863,51.413
RES,3,80,enc-4x-fast-tail,33.346,34.014
RES,3,80,enc-4x-late-tag,51.690,51.940
RES,3,96,enc-8x,32.432,32.808
RES,3,96,enc-4x-integrated,52.671,52.883
RES,3,96,enc-4x-fast-tail,37.173,37.684
RES,3,96,enc-4x-late-tag,59.802,60.590
RES,3,112,enc-8x,33.491,34.077
RES,3,112,enc-4x-integrated,53.032,54.056
RES,3,112,enc-4x-fast-tail,41.810,42.113
RES,3,112,enc-4x-late-tag,68.519,69.395
RES,3,128,enc-8x,31.500,31.735
RES,3,128,enc-4x-integrated,49.407,49.776
RES,3,128,enc-4x-fast-tail,43.429,43.895
RES,3,128,enc-4x-late-tag,49.228,49.780
# SELFCHECK OK: 1..256 blocks, 4 variants
RES,4,16,enc-8x,15.151,15.278
RES,4,16,enc-4x-integrated,28.819,28.985
RES,4,16,enc-4x-fast-tail,13.441,13.687
RES,4,16,enc-4x-late-tag,28.900,29.414
RES,4,32,enc-8x,16.527,16.980
RES,4,32,enc-4x-integrated,29.232,30.232
RES,4,32,enc-4x-fast-tail,17.808,17.947
RES,4,32,enc-4x-late-tag,36.620,37.551
RES,4,48,enc-8x,21.000,21.138
RES,4,48,enc-4x-integrated,30.001,30.987
RES,4,48,enc-4x-fast-tail,22.269,22.362
RES,4,48,enc-4x-late-tag,44.846,45.764
RES,4,64,enc-8x,21.822,22.005
RES,4,64,enc-4x-integrated,42.678,43.390
RES,4,64,enc-4x-fast-tail,25.714,26.154
RES,4,64,enc-4x-late-tag,43.044,43.378
RES,4,80,enc-8x,31.360,31.935
RES,4,80,enc-4x-integrated,50.859,51.343
RES,4,80,enc-4x-fast-tail,33.361,33.824
RES,4,80,enc-4x-late-tag,51.641,51.918
RES,4,96,enc-8x,32.386,32.847
RES,4,96,enc-4x-integrated,52.674,52.878
RES,4,96,enc-4x-fast-tail,37.226,37.675
RES,4,96,enc-4x-late-tag,59.725,60.633
RES,4,112,enc-8x,33.460,34.137
RES,4,112,enc-4x-integrated,53.391,53.995
RES,4,112,enc-4x-fast-tail,41.658,42.075
RES,4,112,enc-4x-late-tag,68.138,69.316
RES,4,128,enc-8x,31.514,31.750
RES,4,128,enc-4x-integrated,49.408,49.779
RES,4,128,enc-4x-fast-tail,43.318,43.884
RES,4,128,enc-4x-late-tag,48.991,49.750
# SELFCHECK OK: 1..256 blocks, 4 variants
RES,5,16,enc-8x,15.150,15.159
RES,5,16,enc-4x-integrated,28.771,29.054
RES,5,16,enc-4x-fast-tail,13.443,13.690
RES,5,16,enc-4x-late-tag,28.843,29.434
RES,5,32,enc-8x,16.519,16.698
RES,5,32,enc-4x-integrated,29.241,30.269
RES,5,32,enc-4x-fast-tail,17.806,17.947
RES,5,32,enc-4x-late-tag,36.423,37.567
RES,5,48,enc-8x,20.991,21.138
RES,5,48,enc-4x-integrated,29.617,30.906
RES,5,48,enc-4x-fast-tail,22.201,22.416
RES,5,48,enc-4x-late-tag,44.802,45.586
RES,5,64,enc-8x,21.818,22.058
RES,5,64,enc-4x-integrated,42.873,43.399
RES,5,64,enc-4x-fast-tail,25.714,26.129
RES,5,64,enc-4x-late-tag,42.969,43.331
RES,5,80,enc-8x,31.476,31.922
RES,5,80,enc-4x-integrated,50.962,51.369
RES,5,80,enc-4x-fast-tail,33.350,33.751
RES,5,80,enc-4x-late-tag,51.400,51.809
RES,5,96,enc-8x,32.440,32.798
RES,5,96,enc-4x-integrated,52.681,52.913
RES,5,96,enc-4x-fast-tail,37.125,37.693
RES,5,96,enc-4x-late-tag,58.989,60.477
RES,5,112,enc-8x,33.341,34.126
RES,5,112,enc-4x-integrated,53.417,53.986
RES,5,112,enc-4x-fast-tail,41.567,42.059
RES,5,112,enc-4x-late-tag,68.481,69.378
RES,5,128,enc-8x,31.396,31.755
RES,5,128,enc-4x-integrated,49.433,49.855
RES,5,128,enc-4x-fast-tail,42.714,43.866
RES,5,128,enc-4x-late-tag,48.648,49.769
# SELFCHECK OK: 1..256 blocks, 4 variants
RES,6,16,enc-8x,15.151,15.161
RES,6,16,enc-4x-integrated,28.656,28.999
RES,6,16,enc-4x-fast-tail,13.442,13.689
RES,6,16,enc-4x-late-tag,28.849,29.424
RES,6,32,enc-8x,16.519,16.817
RES,6,32,enc-4x-integrated,29.241,30.231
RES,6,32,enc-4x-fast-tail,17.804,17.947
RES,6,32,enc-4x-late-tag,36.565,37.678
RES,6,48,enc-8x,20.992,21.126
RES,6,48,enc-4x-integrated,30.554,30.979
RES,6,48,enc-4x-fast-tail,22.201,22.411
RES,6,48,enc-4x-late-tag,44.844,45.713
RES,6,64,enc-8x,21.831,22.008
RES,6,64,enc-4x-integrated,42.613,43.406
RES,6,64,enc-4x-fast-tail,25.709,26.128
RES,6,64,enc-4x-late-tag,42.445,43.377
RES,6,80,enc-8x,31.680,31.956
RES,6,80,enc-4x-integrated,50.916,51.357
RES,6,80,enc-4x-fast-tail,33.349,33.756
RES,6,80,enc-4x-late-tag,51.593,51.791
RES,6,96,enc-8x,32.422,32.829
RES,6,96,enc-4x-integrated,52.672,52.926
RES,6,96,enc-4x-fast-tail,37.162,37.727
RES,6,96,enc-4x-late-tag,59.128,60.496
RES,6,112,enc-8x,33.548,34.142
RES,6,112,enc-4x-integrated,52.882,54.048
RES,6,112,enc-4x-fast-tail,41.421,42.039
RES,6,112,enc-4x-late-tag,68.319,69.419
RES,6,128,enc-8x,31.426,31.753
RES,6,128,enc-4x-integrated,49.024,49.850
RES,6,128,enc-4x-fast-tail,43.465,43.884
RES,6,128,enc-4x-late-tag,48.649,49.738
# SELFCHECK OK: 1..256 blocks, 4 variants
RES,7,16,enc-8x,15.153,15.165
RES,7,16,enc-4x-integrated,28.563,29.048
RES,7,16,enc-4x-fast-tail,13.299,13.579
RES,7,16,enc-4x-late-tag,28.823,29.341
RES,7,32,enc-8x,16.528,16.985
RES,7,32,enc-4x-integrated,29.375,30.216
RES,7,32,enc-4x-fast-tail,17.805,17.949
RES,7,32,enc-4x-late-tag,36.587,37.561
RES,7,48,enc-8x,20.996,21.129
RES,7,48,enc-4x-integrated,30.563,30.989
RES,7,48,enc-4x-fast-tail,22.203,22.389
RES,7,48,enc-4x-late-tag,44.858,45.634
RES,7,64,enc-8x,21.832,22.022
RES,7,64,enc-4x-integrated,43.018,43.376
RES,7,64,enc-4x-fast-tail,25.714,26.170
RES,7,64,enc-4x-late-tag,42.754,43.379
RES,7,80,enc-8x,31.615,32.006
RES,7,80,enc-4x-integrated,51.018,51.333
RES,7,80,enc-4x-fast-tail,33.320,33.772
RES,7,80,enc-4x-late-tag,51.574,51.923
RES,7,96,enc-8x,32.506,32.864
RES,7,96,enc-4x-integrated,52.673,52.898
RES,7,96,enc-4x-fast-tail,37.292,37.712
RES,7,96,enc-4x-late-tag,59.679,60.582
RES,7,112,enc-8x,33.370,34.131
RES,7,112,enc-4x-integrated,53.190,53.929
RES,7,112,enc-4x-fast-tail,41.408,42.068
RES,7,112,enc-4x-late-tag,68.526,69.326
RES,7,128,enc-8x,31.296,31.757
RES,7,128,enc-4x-integrated,49.054,49.834
RES,7,128,enc-4x-fast-tail,43.567,43.926
RES,7,128,enc-4x-late-tag,48.648,49.773
DONE: 7 correctness gates
