# date=2026-08-28T22:58:55Z
# host=ip-172-31-11-58
# model=Neoverse-N1
# profile=g2 mode=large reps=160 processes=7 pinned_cpu=3
file,sha256,text_bytes
integrated.o,23bbee0c872b782d8d086b62dd7c943edc31845c205490d8b4dd4fcb0457e9e4,4892
integrated-fast-tail.o,2a2cbd57b79bd274c698b2c26a08bc5500b7794338f3e9a428229d48ab0ad59b,4380
integrated-late-tag.o,8417a714dad9e7dabe037f849f510400c9ae693a2fe1821bbcf8f39b730dc36c,3864
integrated-x8-enc.o,78605a647e192cc843d63e5ce89ba72ccd1788acc748f900edc54a9aad6b15d3,8624
# SELFCHECK OK: 1..256 blocks, 3 variants
RES,1,1344,enc-4x-integrated,609.065,609.752
RES,1,1344,enc-4x-fast-tail,622.013,622.634
RES,1,1344,enc-4x-late-tag,609.565,609.960
RES,1,2048,enc-4x-integrated,918.316,919.144
RES,1,2048,enc-4x-fast-tail,941.909,942.625
RES,1,2048,enc-4x-late-tag,918.616,919.225
RES,1,4096,enc-4x-integrated,1817.669,1818.669
RES,1,4096,enc-4x-fast-tail,1873.003,1874.593
RES,1,4096,enc-4x-late-tag,1817.940,1818.975
RES,1,8192,enc-4x-integrated,3617.144,3619.009
RES,1,8192,enc-4x-fast-tail,3736.049,3738.687
RES,1,8192,enc-4x-late-tag,3616.506,3618.646
RES,1,16384,enc-4x-integrated,7213.633,7216.906
RES,1,16384,enc-4x-fast-tail,7461.522,7466.373
RES,1,16384,enc-4x-late-tag,7214.020,7217.587
RES,1,32768,enc-4x-integrated,14412.018,14418.353
RES,1,32768,enc-4x-fast-tail,14914.994,14925.406
RES,1,32768,enc-4x-late-tag,14413.224,14419.263
# SELFCHECK OK: 1..256 blocks, 3 variants
RES,2,1344,enc-4x-integrated,608.521,609.008
RES,2,1344,enc-4x-fast-tail,621.847,622.673
RES,2,1344,enc-4x-late-tag,609.840,610.180
RES,2,2048,enc-4x-integrated,917.507,918.212
RES,2,2048,enc-4x-fast-tail,941.828,942.597
RES,2,2048,enc-4x-late-tag,919.162,919.729
RES,2,4096,enc-4x-integrated,1817.576,1818.759
RES,2,4096,enc-4x-fast-tail,1873.258,1874.542
RES,2,4096,enc-4x-late-tag,1818.169,1819.187
RES,2,8192,enc-4x-integrated,3615.462,3617.233
RES,2,8192,enc-4x-fast-tail,3735.195,3738.175
RES,2,8192,enc-4x-late-tag,3616.214,3618.607
RES,2,16384,enc-4x-integrated,7212.980,7216.726
RES,2,16384,enc-4x-fast-tail,7461.501,7465.791
RES,2,16384,enc-4x-late-tag,7213.216,7218.198
RES,2,32768,enc-4x-integrated,14413.576,14422.152
RES,2,32768,enc-4x-fast-tail,14916.301,14925.408
RES,2,32768,enc-4x-late-tag,14412.058,14420.759
# SELFCHECK OK: 1..256 blocks, 3 variants
RES,3,1344,enc-4x-integrated,608.396,608.849
RES,3,1344,enc-4x-fast-tail,621.817,622.456
RES,3,1344,enc-4x-late-tag,609.306,609.614
RES,3,2048,enc-4x-integrated,917.575,918.117
RES,3,2048,enc-4x-fast-tail,941.801,942.553
RES,3,2048,enc-4x-late-tag,918.352,918.935
RES,3,4096,enc-4x-integrated,1816.782,1817.871
RES,3,4096,enc-4x-fast-tail,1873.076,1874.585
RES,3,4096,enc-4x-late-tag,1817.756,1818.922
RES,3,8192,enc-4x-integrated,3615.370,3617.338
RES,3,8192,enc-4x-fast-tail,3736.158,3738.460
RES,3,8192,enc-4x-late-tag,3616.526,3618.534
RES,3,16384,enc-4x-integrated,7212.888,7217.017
RES,3,16384,enc-4x-fast-tail,7461.988,7465.935
RES,3,16384,enc-4x-late-tag,7214.025,7217.710
RES,3,32768,enc-4x-integrated,14414.478,14422.510
RES,3,32768,enc-4x-fast-tail,14915.534,14924.605
RES,3,32768,enc-4x-late-tag,14411.792,14419.207
# SELFCHECK OK: 1..256 blocks, 3 variants
RES,4,1344,enc-4x-integrated,608.417,608.723
RES,4,1344,enc-4x-fast-tail,622.013,622.519
RES,4,1344,enc-4x-late-tag,609.295,609.613
RES,4,2048,enc-4x-integrated,917.663,918.170
RES,4,2048,enc-4x-fast-tail,942.112,942.680
RES,4,2048,enc-4x-late-tag,918.393,919.035
RES,4,4096,enc-4x-integrated,1817.066,1818.048
RES,4,4096,enc-4x-fast-tail,1873.482,1874.611
RES,4,4096,enc-4x-late-tag,1817.703,1818.815
RES,4,8192,enc-4x-integrated,3615.438,3617.359
RES,4,8192,enc-4x-fast-tail,3736.599,3739.231
RES,4,8192,enc-4x-late-tag,3616.515,3618.349
RES,4,16384,enc-4x-integrated,7212.795,7216.567
RES,4,16384,enc-4x-fast-tail,7461.885,7466.440
RES,4,16384,enc-4x-late-tag,7214.366,7217.852
RES,4,32768,enc-4x-integrated,14411.191,14418.070
RES,4,32768,enc-4x-fast-tail,14916.824,14925.619
RES,4,32768,enc-4x-late-tag,14411.949,14418.423
# SELFCHECK OK: 1..256 blocks, 3 variants
RES,5,1344,enc-4x-integrated,608.515,608.900
RES,5,1344,enc-4x-fast-tail,621.891,622.575
RES,5,1344,enc-4x-late-tag,609.856,610.198
RES,5,2048,enc-4x-integrated,917.742,918.277
RES,5,2048,enc-4x-fast-tail,942.128,942.630
RES,5,2048,enc-4x-late-tag,919.144,919.766
RES,5,4096,enc-4x-integrated,1816.694,1818.058
RES,5,4096,enc-4x-fast-tail,1873.343,1874.591
RES,5,4096,enc-4x-late-tag,1818.227,1819.364
RES,5,8192,enc-4x-integrated,3615.519,3617.661
RES,5,8192,enc-4x-fast-tail,3736.678,3739.478
RES,5,8192,enc-4x-late-tag,3617.010,3618.963
RES,5,16384,enc-4x-integrated,7214.225,7218.014
RES,5,16384,enc-4x-fast-tail,7461.896,7466.476
RES,5,16384,enc-4x-late-tag,7214.552,7218.459
RES,5,32768,enc-4x-integrated,14416.179,14423.191
RES,5,32768,enc-4x-fast-tail,14917.544,14925.454
RES,5,32768,enc-4x-late-tag,14413.120,14419.676
# SELFCHECK OK: 1..256 blocks, 3 variants
RES,6,1344,enc-4x-integrated,608.627,609.097
RES,6,1344,enc-4x-fast-tail,622.043,622.670
RES,6,1344,enc-4x-late-tag,609.888,610.209
RES,6,2048,enc-4x-integrated,917.718,918.216
RES,6,2048,enc-4x-fast-tail,942.004,942.635
RES,6,2048,enc-4x-late-tag,919.141,919.722
RES,6,4096,enc-4x-integrated,1816.876,1817.995
RES,6,4096,enc-4x-fast-tail,1873.461,1874.515
RES,6,4096,enc-4x-late-tag,1818.174,1819.288
RES,6,8192,enc-4x-integrated,3615.521,3617.758
RES,6,8192,enc-4x-fast-tail,3736.029,3738.718
RES,6,8192,enc-4x-late-tag,3616.695,3618.861
RES,6,16384,enc-4x-integrated,7213.091,7217.207
RES,6,16384,enc-4x-fast-tail,7461.007,7466.750
RES,6,16384,enc-4x-late-tag,7214.729,7218.490
RES,6,32768,enc-4x-integrated,14411.331,14422.460
RES,6,32768,enc-4x-fast-tail,14916.579,14925.783
RES,6,32768,enc-4x-late-tag,14409.624,14419.746
# SELFCHECK OK: 1..256 blocks, 3 variants
RES,7,1344,enc-4x-integrated,608.432,608.863
RES,7,1344,enc-4x-fast-tail,621.909,622.490
RES,7,1344,enc-4x-late-tag,609.299,609.591
RES,7,2048,enc-4x-integrated,917.459,918.168
RES,7,2048,enc-4x-fast-tail,941.943,942.606
RES,7,2048,enc-4x-late-tag,918.397,918.953
RES,7,4096,enc-4x-integrated,1816.892,1818.061
RES,7,4096,enc-4x-fast-tail,1873.311,1874.620
RES,7,4096,enc-4x-late-tag,1817.942,1818.841
RES,7,8192,enc-4x-integrated,3616.151,3617.749
RES,7,8192,enc-4x-fast-tail,3736.469,3738.594
RES,7,8192,enc-4x-late-tag,3616.852,3618.848
RES,7,16384,enc-4x-integrated,7213.309,7216.913
RES,7,16384,enc-4x-fast-tail,7461.683,7466.312
RES,7,16384,enc-4x-late-tag,7213.964,7217.912
RES,7,32768,enc-4x-integrated,14412.588,14420.440
RES,7,32768,enc-4x-fast-tail,14917.526,14924.943
RES,7,32768,enc-4x-late-tag,14411.891,14419.651
DONE: 7 correctness gates
