# date=2026-08-28T22:58:25Z
# host=ip-172-31-42-229
# model=Neoverse-V3
# profile=all mode=small reps=160 processes=7 pinned_cpu=3
file,sha256,text_bytes
integrated.o,23bbee0c872b782d8d086b62dd7c943edc31845c205490d8b4dd4fcb0457e9e4,4892
integrated-fast-tail.o,2a2cbd57b79bd274c698b2c26a08bc5500b7794338f3e9a428229d48ab0ad59b,4380
integrated-late-tag.o,8417a714dad9e7dabe037f849f510400c9ae693a2fe1821bbcf8f39b730dc36c,3864
integrated-x8-enc.o,78605a647e192cc843d63e5ce89ba72ccd1788acc748f900edc54a9aad6b15d3,8624
# SELFCHECK OK: 1..256 blocks, 4 variants
RES,1,16,enc-8x,10.575,10.592
RES,1,16,enc-4x-integrated,22.480,22.617
RES,1,16,enc-4x-fast-tail,9.332,9.350
RES,1,16,enc-4x-late-tag,22.758,22.878
RES,1,32,enc-8x,11.035,11.063
RES,1,32,enc-4x-integrated,22.852,23.963
RES,1,32,enc-4x-fast-tail,10.720,10.733
RES,1,32,enc-4x-late-tag,29.251,29.463
RES,1,48,enc-8x,13.840,13.857
RES,1,48,enc-4x-integrated,24.267,24.617
RES,1,48,enc-4x-fast-tail,13.979,13.994
RES,1,48,enc-4x-late-tag,35.443,35.694
RES,1,64,enc-8x,14.965,14.987
RES,1,64,enc-4x-integrated,28.998,29.348
RES,1,64,enc-4x-fast-tail,16.797,16.856
RES,1,64,enc-4x-late-tag,29.058,29.360
RES,1,80,enc-8x,21.631,21.660
RES,1,80,enc-4x-integrated,35.331,35.585
RES,1,80,enc-4x-fast-tail,21.975,22.081
RES,1,80,enc-4x-late-tag,35.499,35.805
RES,1,96,enc-8x,22.225,22.336
RES,1,96,enc-4x-integrated,36.103,36.504
RES,1,96,enc-4x-fast-tail,24.599,24.717
RES,1,96,enc-4x-late-tag,42.001,42.299
RES,1,112,enc-8x,22.778,22.898
RES,1,112,enc-4x-integrated,37.419,37.548
RES,1,112,enc-4x-fast-tail,27.931,28.061
RES,1,112,enc-4x-late-tag,47.435,48.454
RES,1,128,enc-8x,21.448,21.479
RES,1,128,enc-4x-integrated,38.155,38.317
RES,1,128,enc-4x-fast-tail,29.230,29.365
RES,1,128,enc-4x-late-tag,38.172,38.331
# SELFCHECK OK: 1..256 blocks, 4 variants
RES,2,16,enc-8x,10.574,10.594
RES,2,16,enc-4x-integrated,22.434,22.611
RES,2,16,enc-4x-fast-tail,9.338,9.405
RES,2,16,enc-4x-late-tag,22.755,22.872
RES,2,32,enc-8x,11.044,11.106
RES,2,32,enc-4x-integrated,23.025,23.952
RES,2,32,enc-4x-fast-tail,10.709,10.733
RES,2,32,enc-4x-late-tag,29.250,29.455
RES,2,48,enc-8x,13.837,13.865
RES,2,48,enc-4x-integrated,24.233,24.653
RES,2,48,enc-4x-fast-tail,13.980,13.994
RES,2,48,enc-4x-late-tag,35.471,35.691
RES,2,64,enc-8x,14.984,15.004
RES,2,64,enc-4x-integrated,29.070,29.353
RES,2,64,enc-4x-fast-tail,16.800,16.863
RES,2,64,enc-4x-late-tag,29.058,29.361
RES,2,80,enc-8x,21.652,21.769
RES,2,80,enc-4x-integrated,35.239,35.617
RES,2,80,enc-4x-fast-tail,21.976,22.095
RES,2,80,enc-4x-late-tag,35.166,35.804
RES,2,96,enc-8x,22.245,22.266
RES,2,96,enc-4x-integrated,36.167,36.493
RES,2,96,enc-4x-fast-tail,24.602,24.725
RES,2,96,enc-4x-late-tag,41.932,42.295
RES,2,112,enc-8x,22.800,22.817
RES,2,112,enc-4x-integrated,37.417,37.552
RES,2,112,enc-4x-fast-tail,27.932,28.057
RES,2,112,enc-4x-late-tag,47.209,48.443
RES,2,128,enc-8x,21.471,21.496
RES,2,128,enc-4x-integrated,38.178,38.317
RES,2,128,enc-4x-fast-tail,29.234,29.365
RES,2,128,enc-4x-late-tag,38.180,38.327
# SELFCHECK OK: 1..256 blocks, 4 variants
RES,3,16,enc-8x,10.570,10.589
RES,3,16,enc-4x-integrated,22.465,22.615
RES,3,16,enc-4x-fast-tail,9.332,9.401
RES,3,16,enc-4x-late-tag,22.759,22.923
RES,3,32,enc-8x,11.036,11.062
RES,3,32,enc-4x-integrated,22.953,23.941
RES,3,32,enc-4x-fast-tail,10.718,10.732
RES,3,32,enc-4x-late-tag,29.249,29.457
RES,3,48,enc-8x,13.832,13.856
RES,3,48,enc-4x-integrated,24.288,24.615
RES,3,48,enc-4x-fast-tail,14.021,14.042
RES,3,48,enc-4x-late-tag,35.491,35.693
RES,3,64,enc-8x,14.967,14.986
RES,3,64,enc-4x-integrated,29.096,29.348
RES,3,64,enc-4x-fast-tail,16.806,16.881
RES,3,64,enc-4x-late-tag,29.064,29.359
RES,3,80,enc-8x,21.636,21.654
RES,3,80,enc-4x-integrated,35.261,35.578
RES,3,80,enc-4x-fast-tail,21.999,22.028
RES,3,80,enc-4x-late-tag,35.374,35.802
RES,3,96,enc-8x,22.220,22.245
RES,3,96,enc-4x-integrated,36.104,36.478
RES,3,96,enc-4x-fast-tail,24.627,24.752
RES,3,96,enc-4x-late-tag,41.895,42.241
RES,3,112,enc-8x,22.780,22.795
RES,3,112,enc-4x-integrated,37.418,37.546
RES,3,112,enc-4x-fast-tail,27.953,28.083
RES,3,112,enc-4x-late-tag,47.313,48.454
RES,3,128,enc-8x,21.452,21.477
RES,3,128,enc-4x-integrated,38.187,38.320
RES,3,128,enc-4x-fast-tail,29.233,29.365
RES,3,128,enc-4x-late-tag,38.187,38.330
# SELFCHECK OK: 1..256 blocks, 4 variants
RES,4,16,enc-8x,10.569,10.590
RES,4,16,enc-4x-integrated,22.504,22.644
RES,4,16,enc-4x-fast-tail,9.337,9.382
RES,4,16,enc-4x-late-tag,22.759,22.923
RES,4,32,enc-8x,11.043,11.102
RES,4,32,enc-4x-integrated,22.901,23.888
RES,4,32,enc-4x-fast-tail,10.706,10.717
RES,4,32,enc-4x-late-tag,29.295,29.449
RES,4,48,enc-8x,13.834,13.858
RES,4,48,enc-4x-integrated,24.164,24.608
RES,4,48,enc-4x-fast-tail,13.982,13.994
RES,4,48,enc-4x-late-tag,35.530,35.704
RES,4,64,enc-8x,14.963,14.988
RES,4,64,enc-4x-integrated,29.066,29.348
RES,4,64,enc-4x-fast-tail,16.797,16.859
RES,4,64,enc-4x-late-tag,29.054,29.339
RES,4,80,enc-8x,21.628,21.659
RES,4,80,enc-4x-integrated,35.237,35.654
RES,4,80,enc-4x-fast-tail,21.979,22.005
RES,4,80,enc-4x-late-tag,35.635,35.765
RES,4,96,enc-8x,22.226,22.341
RES,4,96,enc-4x-integrated,36.112,36.496
RES,4,96,enc-4x-fast-tail,24.602,24.716
RES,4,96,enc-4x-late-tag,41.981,42.282
RES,4,112,enc-8x,22.777,22.795
RES,4,112,enc-4x-integrated,37.423,37.550
RES,4,112,enc-4x-fast-tail,27.924,28.061
RES,4,112,enc-4x-late-tag,48.240,48.454
RES,4,128,enc-8x,21.449,21.481
RES,4,128,enc-4x-integrated,38.182,38.318
RES,4,128,enc-4x-fast-tail,29.226,29.362
RES,4,128,enc-4x-late-tag,38.174,38.328
# SELFCHECK OK: 1..256 blocks, 4 variants
RES,5,16,enc-8x,10.570,10.591
RES,5,16,enc-4x-integrated,22.478,22.613
RES,5,16,enc-4x-fast-tail,9.337,9.406
RES,5,16,enc-4x-late-tag,22.762,22.880
RES,5,32,enc-8x,11.037,11.061
RES,5,32,enc-4x-integrated,22.910,23.900
RES,5,32,enc-4x-fast-tail,10.703,10.717
RES,5,32,enc-4x-late-tag,29.271,29.452
RES,5,48,enc-8x,13.837,13.855
RES,5,48,enc-4x-integrated,24.275,24.604
RES,5,48,enc-4x-fast-tail,13.974,13.994
RES,5,48,enc-4x-late-tag,35.482,35.671
RES,5,64,enc-8x,14.961,14.986
RES,5,64,enc-4x-integrated,28.961,29.322
RES,5,64,enc-4x-fast-tail,16.797,16.863
RES,5,64,enc-4x-late-tag,29.024,29.355
RES,5,80,enc-8x,21.634,21.655
RES,5,80,enc-4x-integrated,35.226,35.632
RES,5,80,enc-4x-fast-tail,21.978,22.094
RES,5,80,enc-4x-late-tag,35.614,35.799
RES,5,96,enc-8x,22.221,22.332
RES,5,96,enc-4x-integrated,36.093,36.479
RES,5,96,enc-4x-fast-tail,24.602,24.722
RES,5,96,enc-4x-late-tag,41.945,42.282
RES,5,112,enc-8x,22.780,22.895
RES,5,112,enc-4x-integrated,37.413,37.543
RES,5,112,enc-4x-fast-tail,27.933,28.060
RES,5,112,enc-4x-late-tag,48.165,48.446
RES,5,128,enc-8x,21.445,21.484
RES,5,128,enc-4x-integrated,38.181,38.320
RES,5,128,enc-4x-fast-tail,29.240,29.367
RES,5,128,enc-4x-late-tag,38.176,38.328
# SELFCHECK OK: 1..256 blocks, 4 variants
RES,6,16,enc-8x,10.570,10.593
RES,6,16,enc-4x-integrated,22.488,22.624
RES,6,16,enc-4x-fast-tail,9.333,9.356
RES,6,16,enc-4x-late-tag,22.760,22.927
RES,6,32,enc-8x,11.042,11.087
RES,6,32,enc-4x-integrated,23.096,23.942
RES,6,32,enc-4x-fast-tail,10.719,10.732
RES,6,32,enc-4x-late-tag,29.219,29.481
RES,6,48,enc-8x,13.844,13.864
RES,6,48,enc-4x-integrated,24.343,24.673
RES,6,48,enc-4x-fast-tail,14.015,14.038
RES,6,48,enc-4x-late-tag,35.518,35.699
RES,6,64,enc-8x,14.981,15.007
RES,6,64,enc-4x-integrated,29.070,29.327
RES,6,64,enc-4x-fast-tail,16.805,16.872
RES,6,64,enc-4x-late-tag,29.053,29.350
RES,6,80,enc-8x,21.651,21.676
RES,6,80,enc-4x-integrated,35.250,35.630
RES,6,80,enc-4x-fast-tail,22.004,22.032
RES,6,80,enc-4x-late-tag,35.673,35.803
RES,6,96,enc-8x,22.247,22.265
RES,6,96,enc-4x-integrated,36.215,36.489
RES,6,96,enc-4x-fast-tail,24.627,24.748
RES,6,96,enc-4x-late-tag,42.030,42.296
RES,6,112,enc-8x,22.801,22.920
RES,6,112,enc-4x-integrated,37.409,37.540
RES,6,112,enc-4x-fast-tail,27.955,28.069
RES,6,112,enc-4x-late-tag,47.697,48.447
RES,6,128,enc-8x,21.450,21.490
RES,6,128,enc-4x-integrated,38.183,38.317
RES,6,128,enc-4x-fast-tail,29.238,29.367
RES,6,128,enc-4x-late-tag,38.159,38.327
# SELFCHECK OK: 1..256 blocks, 4 variants
RES,7,16,enc-8x,10.570,10.601
RES,7,16,enc-4x-integrated,22.437,22.615
RES,7,16,enc-4x-fast-tail,9.334,9.403
RES,7,16,enc-4x-late-tag,22.762,22.886
RES,7,32,enc-8x,11.042,11.100
RES,7,32,enc-4x-integrated,23.060,23.941
RES,7,32,enc-4x-fast-tail,10.720,10.731
RES,7,32,enc-4x-late-tag,29.305,29.451
RES,7,48,enc-8x,13.844,13.863
RES,7,48,enc-4x-integrated,24.180,24.654
RES,7,48,enc-4x-fast-tail,14.018,14.039
RES,7,48,enc-4x-late-tag,35.521,35.690
RES,7,64,enc-8x,14.983,15.007
RES,7,64,enc-4x-integrated,29.038,29.354
RES,7,64,enc-4x-fast-tail,16.811,16.880
RES,7,64,enc-4x-late-tag,29.045,29.360
RES,7,80,enc-8x,21.650,21.682
RES,7,80,enc-4x-integrated,35.308,35.621
RES,7,80,enc-4x-fast-tail,21.979,22.031
RES,7,80,enc-4x-late-tag,35.422,35.793
RES,7,96,enc-8x,22.249,22.361
RES,7,96,enc-4x-integrated,36.225,36.512
RES,7,96,enc-4x-fast-tail,24.606,24.725
RES,7,96,enc-4x-late-tag,41.926,42.302
RES,7,112,enc-8x,22.797,22.920
RES,7,112,enc-4x-integrated,37.417,37.544
RES,7,112,enc-4x-fast-tail,27.926,28.051
RES,7,112,enc-4x-late-tag,47.302,48.469
RES,7,128,enc-8x,21.470,21.507
RES,7,128,enc-4x-integrated,38.187,38.315
RES,7,128,enc-4x-fast-tail,29.241,29.367
RES,7,128,enc-4x-late-tag,38.174,38.323
DONE: 7 correctness gates
