# date=2026-08-28T22:58:24Z
# host=ip-172-31-44-56
# model=Neoverse-V2
# profile=all mode=small reps=160 processes=7 pinned_cpu=3
file,sha256,text_bytes
integrated.o,23bbee0c872b782d8d086b62dd7c943edc31845c205490d8b4dd4fcb0457e9e4,4892
integrated-fast-tail.o,2a2cbd57b79bd274c698b2c26a08bc5500b7794338f3e9a428229d48ab0ad59b,4380
integrated-late-tag.o,8417a714dad9e7dabe037f849f510400c9ae693a2fe1821bbcf8f39b730dc36c,3864
integrated-x8-enc.o,78605a647e192cc843d63e5ce89ba72ccd1788acc748f900edc54a9aad6b15d3,8624
# SELFCHECK OK: 1..256 blocks, 4 variants
RES,1,16,enc-8x,12.848,12.865
RES,1,16,enc-4x-integrated,26.479,27.429
RES,1,16,enc-4x-fast-tail,10.929,10.947
RES,1,16,enc-4x-late-tag,26.738,26.868
RES,1,32,enc-8x,13.956,14.001
RES,1,32,enc-4x-integrated,27.292,27.810
RES,1,32,enc-4x-fast-tail,13.760,13.785
RES,1,32,enc-4x-late-tag,34.502,34.789
RES,1,48,enc-8x,17.589,17.820
RES,1,48,enc-4x-integrated,28.221,28.607
RES,1,48,enc-4x-fast-tail,17.626,17.707
RES,1,48,enc-4x-late-tag,41.568,42.173
RES,1,64,enc-8x,18.702,18.809
RES,1,64,enc-4x-integrated,36.180,36.576
RES,1,64,enc-4x-fast-tail,20.759,20.905
RES,1,64,enc-4x-late-tag,36.224,36.543
RES,1,80,enc-8x,26.635,27.041
RES,1,80,enc-4x-integrated,43.320,43.784
RES,1,80,enc-4x-fast-tail,27.831,27.952
RES,1,80,enc-4x-late-tag,43.835,44.151
RES,1,96,enc-8x,27.497,27.977
RES,1,96,enc-4x-integrated,44.188,44.634
RES,1,96,enc-4x-fast-tail,30.606,30.736
RES,1,96,enc-4x-late-tag,51.021,51.483
RES,1,112,enc-8x,28.434,28.837
RES,1,112,enc-4x-integrated,45.031,45.308
RES,1,112,enc-4x-fast-tail,34.677,34.848
RES,1,112,enc-4x-late-tag,58.288,58.825
RES,1,128,enc-8x,26.698,28.154
RES,1,128,enc-4x-integrated,45.420,45.562
RES,1,128,enc-4x-fast-tail,35.828,35.975
RES,1,128,enc-4x-late-tag,45.421,45.560
# SELFCHECK OK: 1..256 blocks, 4 variants
RES,2,16,enc-8x,12.836,12.865
RES,2,16,enc-4x-integrated,26.490,26.937
RES,2,16,enc-4x-fast-tail,10.928,10.947
RES,2,16,enc-4x-late-tag,26.739,26.854
RES,2,32,enc-8x,13.968,13.999
RES,2,32,enc-4x-integrated,27.179,27.802
RES,2,32,enc-4x-fast-tail,13.766,13.786
RES,2,32,enc-4x-late-tag,34.537,34.775
RES,2,48,enc-8x,17.577,17.817
RES,2,48,enc-4x-integrated,28.223,29.438
RES,2,48,enc-4x-fast-tail,17.632,17.718
RES,2,48,enc-4x-late-tag,41.567,42.201
RES,2,64,enc-8x,18.704,18.814
RES,2,64,enc-4x-integrated,36.241,36.582
RES,2,64,enc-4x-fast-tail,20.767,20.924
RES,2,64,enc-4x-late-tag,36.180,36.532
RES,2,80,enc-8x,27.021,28.184
RES,2,80,enc-4x-integrated,43.054,43.767
RES,2,80,enc-4x-fast-tail,27.833,27.952
RES,2,80,enc-4x-late-tag,43.299,44.125
RES,2,96,enc-8x,27.712,29.095
RES,2,96,enc-4x-integrated,44.216,44.646
RES,2,96,enc-4x-fast-tail,30.625,30.766
RES,2,96,enc-4x-late-tag,51.085,51.565
RES,2,112,enc-8x,28.536,29.833
RES,2,112,enc-4x-integrated,45.044,45.264
RES,2,112,enc-4x-fast-tail,34.677,34.955
RES,2,112,enc-4x-late-tag,58.415,58.905
RES,2,128,enc-8x,26.842,28.169
RES,2,128,enc-4x-integrated,45.414,45.580
RES,2,128,enc-4x-fast-tail,35.837,36.051
RES,2,128,enc-4x-late-tag,45.417,45.559
# SELFCHECK OK: 1..256 blocks, 4 variants
RES,3,16,enc-8x,12.848,12.864
RES,3,16,enc-4x-integrated,26.495,27.606
RES,3,16,enc-4x-fast-tail,10.941,10.947
RES,3,16,enc-4x-late-tag,26.740,26.862
RES,3,32,enc-8x,13.961,14.001
RES,3,32,enc-4x-integrated,27.034,27.802
RES,3,32,enc-4x-fast-tail,13.756,13.785
RES,3,32,enc-4x-late-tag,34.534,34.752
RES,3,48,enc-8x,17.582,17.814
RES,3,48,enc-4x-integrated,28.221,29.380
RES,3,48,enc-4x-fast-tail,17.633,17.709
RES,3,48,enc-4x-late-tag,41.570,42.277
RES,3,64,enc-8x,18.701,18.718
RES,3,64,enc-4x-integrated,36.191,36.547
RES,3,64,enc-4x-fast-tail,20.722,20.936
RES,3,64,enc-4x-late-tag,36.159,36.531
RES,3,80,enc-8x,26.969,28.184
RES,3,80,enc-4x-integrated,43.352,43.766
RES,3,80,enc-4x-fast-tail,27.835,27.951
RES,3,80,enc-4x-late-tag,43.764,44.108
RES,3,96,enc-8x,27.788,29.083
RES,3,96,enc-4x-integrated,44.198,44.630
RES,3,96,enc-4x-fast-tail,30.608,30.739
RES,3,96,enc-4x-late-tag,51.108,51.546
RES,3,112,enc-8x,28.453,29.968
RES,3,112,enc-4x-integrated,45.040,45.289
RES,3,112,enc-4x-fast-tail,34.681,34.818
RES,3,112,enc-4x-late-tag,58.482,58.933
RES,3,128,enc-8x,26.959,28.479
RES,3,128,enc-4x-integrated,45.409,45.557
RES,3,128,enc-4x-fast-tail,35.840,35.977
RES,3,128,enc-4x-late-tag,45.430,45.558
# SELFCHECK OK: 1..256 blocks, 4 variants
RES,4,16,enc-8x,12.847,12.866
RES,4,16,enc-4x-integrated,26.487,27.433
RES,4,16,enc-4x-fast-tail,10.928,10.947
RES,4,16,enc-4x-late-tag,26.741,26.862
RES,4,32,enc-8x,13.957,14.000
RES,4,32,enc-4x-integrated,27.077,27.801
RES,4,32,enc-4x-fast-tail,13.768,13.786
RES,4,32,enc-4x-late-tag,34.561,34.831
RES,4,48,enc-8x,17.577,17.815
RES,4,48,enc-4x-integrated,28.221,28.724
RES,4,48,enc-4x-fast-tail,17.628,17.711
RES,4,48,enc-4x-late-tag,41.444,42.188
RES,4,64,enc-8x,18.698,18.720
RES,4,64,enc-4x-integrated,36.157,36.520
RES,4,64,enc-4x-fast-tail,20.763,20.925
RES,4,64,enc-4x-late-tag,36.171,36.529
RES,4,80,enc-8x,26.938,29.680
RES,4,80,enc-4x-integrated,43.397,43.773
RES,4,80,enc-4x-fast-tail,27.834,28.019
RES,4,80,enc-4x-late-tag,43.711,44.120
RES,4,96,enc-8x,27.874,30.536
RES,4,96,enc-4x-integrated,44.203,44.566
RES,4,96,enc-4x-fast-tail,30.624,30.868
RES,4,96,enc-4x-late-tag,51.086,51.503
RES,4,112,enc-8x,28.570,31.194
RES,4,112,enc-4x-integrated,45.047,45.290
RES,4,112,enc-4x-fast-tail,34.682,34.916
RES,4,112,enc-4x-late-tag,58.440,58.880
RES,4,128,enc-8x,26.957,28.673
RES,4,128,enc-4x-integrated,45.410,45.556
RES,4,128,enc-4x-fast-tail,35.839,35.981
RES,4,128,enc-4x-late-tag,45.449,45.563
# SELFCHECK OK: 1..256 blocks, 4 variants
RES,5,16,enc-8x,12.831,12.868
RES,5,16,enc-4x-integrated,26.482,27.423
RES,5,16,enc-4x-fast-tail,10.931,10.947
RES,5,16,enc-4x-late-tag,26.740,26.880
RES,5,32,enc-8x,13.968,14.014
RES,5,32,enc-4x-integrated,26.981,27.806
RES,5,32,enc-4x-fast-tail,13.769,13.787
RES,5,32,enc-4x-late-tag,34.491,34.882
RES,5,48,enc-8x,17.588,17.884
RES,5,48,enc-4x-integrated,28.221,28.832
RES,5,48,enc-4x-fast-tail,17.636,17.874
RES,5,48,enc-4x-late-tag,41.469,42.197
RES,5,64,enc-8x,18.704,18.721
RES,5,64,enc-4x-integrated,36.169,36.525
RES,5,64,enc-4x-fast-tail,20.761,20.941
RES,5,64,enc-4x-late-tag,36.169,36.531
RES,5,80,enc-8x,26.654,28.011
RES,5,80,enc-4x-integrated,43.476,43.770
RES,5,80,enc-4x-fast-tail,27.832,27.952
RES,5,80,enc-4x-late-tag,43.826,44.194
RES,5,96,enc-8x,27.829,28.931
RES,5,96,enc-4x-integrated,44.195,44.604
RES,5,96,enc-4x-fast-tail,30.607,30.771
RES,5,96,enc-4x-late-tag,51.036,51.488
RES,5,112,enc-8x,28.442,29.801
RES,5,112,enc-4x-integrated,45.036,45.224
RES,5,112,enc-4x-fast-tail,34.683,34.992
RES,5,112,enc-4x-late-tag,58.562,59.130
RES,5,128,enc-8x,27.003,28.270
RES,5,128,enc-4x-integrated,45.415,45.632
RES,5,128,enc-4x-fast-tail,35.833,35.978
RES,5,128,enc-4x-late-tag,45.423,45.548
# SELFCHECK OK: 1..256 blocks, 4 variants
RES,6,16,enc-8x,12.837,12.865
RES,6,16,enc-4x-integrated,26.471,26.977
RES,6,16,enc-4x-fast-tail,10.942,10.947
RES,6,16,enc-4x-late-tag,26.740,26.852
RES,6,32,enc-8x,13.965,14.000
RES,6,32,enc-4x-integrated,27.271,27.810
RES,6,32,enc-4x-fast-tail,13.771,13.785
RES,6,32,enc-4x-late-tag,34.559,34.832
RES,6,48,enc-8x,17.575,17.814
RES,6,48,enc-4x-integrated,28.221,29.570
RES,6,48,enc-4x-fast-tail,17.640,17.716
RES,6,48,enc-4x-late-tag,41.451,42.207
RES,6,64,enc-8x,18.704,18.818
RES,6,64,enc-4x-integrated,36.148,36.529
RES,6,64,enc-4x-fast-tail,20.610,20.932
RES,6,64,enc-4x-late-tag,36.168,36.541
RES,6,80,enc-8x,26.666,27.980
RES,6,80,enc-4x-integrated,43.448,43.774
RES,6,80,enc-4x-fast-tail,27.837,28.075
RES,6,80,enc-4x-late-tag,43.345,44.120
RES,6,96,enc-8x,27.493,28.635
RES,6,96,enc-4x-integrated,44.194,44.609
RES,6,96,enc-4x-fast-tail,30.619,30.853
RES,6,96,enc-4x-late-tag,50.803,51.502
RES,6,112,enc-8x,28.447,28.825
RES,6,112,enc-4x-integrated,45.044,45.236
RES,6,112,enc-4x-fast-tail,34.682,34.899
RES,6,112,enc-4x-late-tag,58.420,58.993
RES,6,128,enc-8x,26.687,27.053
RES,6,128,enc-4x-integrated,45.419,45.572
RES,6,128,enc-4x-fast-tail,35.837,35.982
RES,6,128,enc-4x-late-tag,45.421,45.551
# SELFCHECK OK: 1..256 blocks, 4 variants
RES,7,16,enc-8x,12.839,12.864
RES,7,16,enc-4x-integrated,26.464,26.900
RES,7,16,enc-4x-fast-tail,10.928,10.947
RES,7,16,enc-4x-late-tag,26.739,26.870
RES,7,32,enc-8x,13.956,13.999
RES,7,32,enc-4x-integrated,27.449,28.034
RES,7,32,enc-4x-fast-tail,13.766,13.786
RES,7,32,enc-4x-late-tag,34.474,34.877
RES,7,48,enc-8x,17.577,17.816
RES,7,48,enc-4x-integrated,28.216,29.466
RES,7,48,enc-4x-fast-tail,17.640,17.705
RES,7,48,enc-4x-late-tag,41.573,42.158
RES,7,64,enc-8x,18.701,18.718
RES,7,64,enc-4x-integrated,36.157,36.522
RES,7,64,enc-4x-fast-tail,20.765,20.935
RES,7,64,enc-4x-late-tag,36.188,36.609
RES,7,80,enc-8x,26.628,27.246
RES,7,80,enc-4x-integrated,43.439,43.789
RES,7,80,enc-4x-fast-tail,27.840,27.989
RES,7,80,enc-4x-late-tag,43.952,44.171
RES,7,96,enc-8x,27.885,29.169
RES,7,96,enc-4x-integrated,44.303,44.612
RES,7,96,enc-4x-fast-tail,30.587,30.741
RES,7,96,enc-4x-late-tag,51.117,51.576
RES,7,112,enc-8x,28.618,29.885
RES,7,112,enc-4x-integrated,45.040,45.274
RES,7,112,enc-4x-fast-tail,34.679,34.974
RES,7,112,enc-4x-late-tag,58.518,59.094
RES,7,128,enc-8x,26.866,28.362
RES,7,128,enc-4x-integrated,45.425,45.574
RES,7,128,enc-4x-fast-tail,35.832,35.978
RES,7,128,enc-4x-late-tag,45.428,45.561
DONE: 7 correctness gates
