# date=2026-08-28T22:58:50Z
# host=ip-172-31-4-159
# model=Neoverse-V1
# profile=all mode=large reps=160 processes=7 pinned_cpu=3
file,sha256,text_bytes
integrated.o,23bbee0c872b782d8d086b62dd7c943edc31845c205490d8b4dd4fcb0457e9e4,4892
integrated-fast-tail.o,2a2cbd57b79bd274c698b2c26a08bc5500b7794338f3e9a428229d48ab0ad59b,4380
integrated-late-tag.o,8417a714dad9e7dabe037f849f510400c9ae693a2fe1821bbcf8f39b730dc36c,3864
integrated-x8-enc.o,78605a647e192cc843d63e5ce89ba72ccd1788acc748f900edc54a9aad6b15d3,8624
# SELFCHECK OK: 1..256 blocks, 4 variants
RES,1,1344,enc-8x,248.239,248.733
RES,1,1344,enc-4x-integrated,352.500,353.030
RES,1,1344,enc-4x-fast-tail,414.004,415.089
RES,1,1344,enc-4x-late-tag,352.571,353.086
RES,1,2048,enc-8x,359.745,360.269
RES,1,2048,enc-4x-integrated,527.951,528.386
RES,1,2048,enc-4x-fast-tail,629.351,629.859
RES,1,2048,enc-4x-late-tag,528.038,528.568
RES,1,4096,enc-8x,709.683,710.606
RES,1,4096,enc-4x-integrated,1037.986,1038.580
RES,1,4096,enc-4x-fast-tail,1253.113,1254.464
RES,1,4096,enc-4x-late-tag,1037.568,1038.696
RES,1,8192,enc-8x,1408.871,1410.992
RES,1,8192,enc-4x-integrated,2057.894,2058.970
RES,1,8192,enc-4x-fast-tail,2501.192,2503.165
RES,1,8192,enc-4x-late-tag,2057.825,2059.225
RES,1,16384,enc-8x,2807.741,2812.201
RES,1,16384,enc-4x-integrated,4097.982,4099.824
RES,1,16384,enc-4x-fast-tail,4997.605,5001.579
RES,1,16384,enc-4x-late-tag,4097.832,4100.131
RES,1,32768,enc-8x,5602.140,5611.677
RES,1,32768,enc-4x-integrated,8179.992,8184.620
RES,1,32768,enc-4x-fast-tail,9992.092,9999.325
RES,1,32768,enc-4x-late-tag,8182.008,8186.222
# SELFCHECK OK: 1..256 blocks, 4 variants
RES,2,1344,enc-8x,248.260,248.639
RES,2,1344,enc-4x-integrated,352.643,352.980
RES,2,1344,enc-4x-fast-tail,414.205,415.070
RES,2,1344,enc-4x-late-tag,352.698,353.219
RES,2,2048,enc-8x,359.907,360.356
RES,2,2048,enc-4x-integrated,527.943,528.353
RES,2,2048,enc-4x-fast-tail,629.172,629.893
RES,2,2048,enc-4x-late-tag,527.986,528.479
RES,2,4096,enc-8x,709.108,710.592
RES,2,4096,enc-4x-integrated,1037.979,1038.541
RES,2,4096,enc-4x-fast-tail,1253.150,1254.227
RES,2,4096,enc-4x-late-tag,1037.944,1038.907
RES,2,8192,enc-8x,1408.881,1411.237
RES,2,8192,enc-4x-integrated,2057.740,2058.741
RES,2,8192,enc-4x-fast-tail,2501.159,2503.253
RES,2,8192,enc-4x-late-tag,2057.611,2059.229
RES,2,16384,enc-8x,2806.982,2811.068
RES,2,16384,enc-4x-integrated,4097.545,4099.575
RES,2,16384,enc-4x-fast-tail,4997.606,5001.843
RES,2,16384,enc-4x-late-tag,4097.551,4099.409
RES,2,32768,enc-8x,5600.897,5610.773
RES,2,32768,enc-4x-integrated,8178.997,8183.327
RES,2,32768,enc-4x-fast-tail,9992.968,10000.351
RES,2,32768,enc-4x-late-tag,8179.496,8186.013
# SELFCHECK OK: 1..256 blocks, 4 variants
RES,3,1344,enc-8x,248.171,248.599
RES,3,1344,enc-4x-integrated,352.624,353.024
RES,3,1344,enc-4x-fast-tail,414.036,414.993
RES,3,1344,enc-4x-late-tag,352.485,353.078
RES,3,2048,enc-8x,359.679,360.330
RES,3,2048,enc-4x-integrated,527.962,528.425
RES,3,2048,enc-4x-fast-tail,628.914,629.848
RES,3,2048,enc-4x-late-tag,527.677,528.451
RES,3,4096,enc-8x,709.588,710.510
RES,3,4096,enc-4x-integrated,1038.005,1038.781
RES,3,4096,enc-4x-fast-tail,1253.171,1254.270
RES,3,4096,enc-4x-late-tag,1037.845,1038.901
RES,3,8192,enc-8x,1408.825,1410.892
RES,3,8192,enc-4x-integrated,2057.902,2058.776
RES,3,8192,enc-4x-fast-tail,2500.817,2503.339
RES,3,8192,enc-4x-late-tag,2058.136,2059.315
RES,3,16384,enc-8x,2807.274,2811.457
RES,3,16384,enc-4x-integrated,4098.098,4099.933
RES,3,16384,enc-4x-fast-tail,4996.651,5001.673
RES,3,16384,enc-4x-late-tag,4098.138,4100.384
RES,3,32768,enc-8x,5599.315,5610.325
RES,3,32768,enc-4x-integrated,8180.685,8184.347
RES,3,32768,enc-4x-fast-tail,9993.190,10001.324
RES,3,32768,enc-4x-late-tag,8180.159,8185.692
# SELFCHECK OK: 1..256 blocks, 4 variants
RES,4,1344,enc-8x,248.240,248.605
RES,4,1344,enc-4x-integrated,352.603,352.954
RES,4,1344,enc-4x-fast-tail,414.019,415.076
RES,4,1344,enc-4x-late-tag,352.504,353.030
RES,4,2048,enc-8x,359.753,360.326
RES,4,2048,enc-4x-integrated,527.936,528.323
RES,4,2048,enc-4x-fast-tail,629.040,629.835
RES,4,2048,enc-4x-late-tag,527.930,528.533
RES,4,4096,enc-8x,709.089,710.554
RES,4,4096,enc-4x-integrated,1037.554,1038.439
RES,4,4096,enc-4x-fast-tail,1252.262,1254.319
RES,4,4096,enc-4x-late-tag,1037.984,1038.817
RES,4,8192,enc-8x,1408.851,1410.982
RES,4,8192,enc-4x-integrated,2057.338,2058.517
RES,4,8192,enc-4x-fast-tail,2501.214,2503.024
RES,4,8192,enc-4x-late-tag,2057.603,2058.838
RES,4,16384,enc-8x,2807.448,2811.583
RES,4,16384,enc-4x-integrated,4096.834,4098.763
RES,4,16384,enc-4x-fast-tail,4997.194,5001.218
RES,4,16384,enc-4x-late-tag,4097.751,4100.086
RES,4,32768,enc-8x,5602.499,5610.509
RES,4,32768,enc-4x-integrated,8179.066,8182.413
RES,4,32768,enc-4x-fast-tail,9993.154,10001.360
RES,4,32768,enc-4x-late-tag,8177.698,8183.528
# SELFCHECK OK: 1..256 blocks, 4 variants
RES,5,1344,enc-8x,248.206,248.642
RES,5,1344,enc-4x-integrated,352.359,352.996
RES,5,1344,enc-4x-fast-tail,414.165,415.109
RES,5,1344,enc-4x-late-tag,352.474,353.164
RES,5,2048,enc-8x,359.917,360.342
RES,5,2048,enc-4x-integrated,527.716,528.318
RES,5,2048,enc-4x-fast-tail,629.295,629.830
RES,5,2048,enc-4x-late-tag,528.012,528.636
RES,5,4096,enc-8x,709.096,710.429
RES,5,4096,enc-4x-integrated,1037.801,1038.386
RES,5,4096,enc-4x-fast-tail,1253.156,1254.223
RES,5,4096,enc-4x-late-tag,1037.962,1038.760
RES,5,8192,enc-8x,1408.963,1411.066
RES,5,8192,enc-4x-integrated,2057.613,2058.769
RES,5,8192,enc-4x-fast-tail,2501.472,2503.420
RES,5,8192,enc-4x-late-tag,2057.701,2059.375
RES,5,16384,enc-8x,2806.982,2811.899
RES,5,16384,enc-4x-integrated,4097.124,4098.952
RES,5,16384,enc-4x-fast-tail,4996.508,5001.381
RES,5,16384,enc-4x-late-tag,4097.707,4099.717
RES,5,32768,enc-8x,5600.086,5610.227
RES,5,32768,enc-4x-integrated,8179.567,8182.551
RES,5,32768,enc-4x-fast-tail,9993.458,10000.921
RES,5,32768,enc-4x-late-tag,8179.350,8185.917
# SELFCHECK OK: 1..256 blocks, 4 variants
RES,6,1344,enc-8x,248.237,248.639
RES,6,1344,enc-4x-integrated,352.616,352.989
RES,6,1344,enc-4x-fast-tail,413.785,415.040
RES,6,1344,enc-4x-late-tag,352.641,353.074
RES,6,2048,enc-8x,359.862,360.354
RES,6,2048,enc-4x-integrated,527.865,528.358
RES,6,2048,enc-4x-fast-tail,629.149,629.932
RES,6,2048,enc-4x-late-tag,527.995,528.651
RES,6,4096,enc-8x,709.471,710.475
RES,6,4096,enc-4x-integrated,1037.620,1038.479
RES,6,4096,enc-4x-fast-tail,1253.151,1254.412
RES,6,4096,enc-4x-late-tag,1037.910,1038.600
RES,6,8192,enc-8x,1408.912,1410.954
RES,6,8192,enc-4x-integrated,2057.394,2058.685
RES,6,8192,enc-4x-fast-tail,2501.264,2503.111
RES,6,8192,enc-4x-late-tag,2057.851,2059.053
RES,6,16384,enc-8x,2806.369,2811.446
RES,6,16384,enc-4x-integrated,4097.674,4099.201
RES,6,16384,enc-4x-fast-tail,4996.908,5001.411
RES,6,16384,enc-4x-late-tag,4097.657,4099.712
RES,6,32768,enc-8x,5602.623,5611.721
RES,6,32768,enc-4x-integrated,8178.329,8183.269
RES,6,32768,enc-4x-fast-tail,9991.487,10000.431
RES,6,32768,enc-4x-late-tag,8179.767,8184.282
# SELFCHECK OK: 1..256 blocks, 4 variants
RES,7,1344,enc-8x,248.243,248.673
RES,7,1344,enc-4x-integrated,352.610,353.011
RES,7,1344,enc-4x-fast-tail,413.943,415.085
RES,7,1344,enc-4x-late-tag,352.509,353.101
RES,7,2048,enc-8x,359.712,360.377
RES,7,2048,enc-4x-integrated,527.967,528.336
RES,7,2048,enc-4x-fast-tail,628.921,629.824
RES,7,2048,enc-4x-late-tag,527.973,528.536
RES,7,4096,enc-8x,709.530,710.504
RES,7,4096,enc-4x-integrated,1037.894,1038.517
RES,7,4096,enc-4x-fast-tail,1253.095,1254.384
RES,7,4096,enc-4x-late-tag,1037.952,1038.793
RES,7,8192,enc-8x,1409.308,1411.072
RES,7,8192,enc-4x-integrated,2057.733,2058.823
RES,7,8192,enc-4x-fast-tail,2501.119,2503.172
RES,7,8192,enc-4x-late-tag,2057.786,2059.015
RES,7,16384,enc-8x,2806.840,2811.414
RES,7,16384,enc-4x-integrated,4097.622,4099.348
RES,7,16384,enc-4x-fast-tail,4997.797,5001.259
RES,7,16384,enc-4x-late-tag,4097.178,4099.629
RES,7,32768,enc-8x,5600.998,5611.222
RES,7,32768,enc-4x-integrated,8177.998,8183.112
RES,7,32768,enc-4x-fast-tail,9992.781,10001.860
RES,7,32768,enc-4x-late-tag,8180.837,8229.898
DONE: 7 correctness gates
