# date=2026-08-28T22:58:23Z
# host=ip-172-31-11-58
# model=Neoverse-N1
# profile=g2 mode=small reps=160 processes=7 pinned_cpu=3
file,sha256,text_bytes
integrated.o,23bbee0c872b782d8d086b62dd7c943edc31845c205490d8b4dd4fcb0457e9e4,4892
integrated-fast-tail.o,2a2cbd57b79bd274c698b2c26a08bc5500b7794338f3e9a428229d48ab0ad59b,4380
integrated-late-tag.o,8417a714dad9e7dabe037f849f510400c9ae693a2fe1821bbcf8f39b730dc36c,3864
integrated-x8-enc.o,78605a647e192cc843d63e5ce89ba72ccd1788acc748f900edc54a9aad6b15d3,8624
# SELFCHECK OK: 1..256 blocks, 3 variants
RES,1,16,enc-4x-integrated,32.601,32.965
RES,1,16,enc-4x-fast-tail,23.102,23.162
RES,1,16,enc-4x-late-tag,32.401,32.560
RES,1,32,enc-4x-integrated,33.044,33.557
RES,1,32,enc-4x-fast-tail,27.633,27.795
RES,1,32,enc-4x-late-tag,45.199,45.358
RES,1,48,enc-4x-integrated,39.384,39.542
RES,1,48,enc-4x-fast-tail,33.869,34.029
RES,1,48,enc-4x-late-tag,60.152,60.679
RES,1,64,enc-4x-integrated,64.468,64.498
RES,1,64,enc-4x-fast-tail,41.202,41.358
RES,1,64,enc-4x-late-tag,63.128,63.487
RES,1,80,enc-4x-integrated,79.444,79.612
RES,1,80,enc-4x-fast-tail,55.646,55.661
RES,1,80,enc-4x-late-tag,79.949,81.290
RES,1,96,enc-4x-integrated,80.456,83.509
RES,1,96,enc-4x-fast-tail,60.748,60.901
RES,1,96,enc-4x-late-tag,91.950,93.484
RES,1,112,enc-4x-integrated,87.754,88.095
RES,1,112,enc-4x-fast-tail,66.553,66.706
RES,1,112,enc-4x-late-tag,106.709,109.546
RES,1,128,enc-4x-integrated,73.458,74.231
RES,1,128,enc-4x-fast-tail,68.548,68.784
RES,1,128,enc-4x-late-tag,74.789,74.953
# SELFCHECK OK: 1..256 blocks, 3 variants
RES,2,16,enc-4x-integrated,32.601,32.990
RES,2,16,enc-4x-fast-tail,23.102,23.162
RES,2,16,enc-4x-late-tag,32.401,32.559
RES,2,32,enc-4x-integrated,33.149,33.556
RES,2,32,enc-4x-fast-tail,27.633,27.803
RES,2,32,enc-4x-late-tag,45.201,45.360
RES,2,48,enc-4x-integrated,39.384,39.541
RES,2,48,enc-4x-fast-tail,33.869,34.025
RES,2,48,enc-4x-late-tag,60.144,60.896
RES,2,64,enc-4x-integrated,64.751,64.890
RES,2,64,enc-4x-fast-tail,41.202,41.357
RES,2,64,enc-4x-late-tag,63.237,63.562
RES,2,80,enc-4x-integrated,79.445,79.610
RES,2,80,enc-4x-fast-tail,55.645,55.662
RES,2,80,enc-4x-late-tag,78.757,79.842
RES,2,96,enc-4x-integrated,80.458,83.510
RES,2,96,enc-4x-fast-tail,60.745,60.883
RES,2,96,enc-4x-late-tag,91.951,93.656
RES,2,112,enc-4x-integrated,87.753,88.101
RES,2,112,enc-4x-fast-tail,66.544,66.690
RES,2,112,enc-4x-late-tag,105.904,109.251
RES,2,128,enc-4x-integrated,73.329,74.223
RES,2,128,enc-4x-fast-tail,68.552,68.825
RES,2,128,enc-4x-late-tag,74.893,75.056
# SELFCHECK OK: 1..256 blocks, 3 variants
RES,3,16,enc-4x-integrated,32.601,33.001
RES,3,16,enc-4x-fast-tail,23.102,23.162
RES,3,16,enc-4x-late-tag,32.401,32.559
RES,3,32,enc-4x-integrated,33.279,33.561
RES,3,32,enc-4x-fast-tail,27.633,27.796
RES,3,32,enc-4x-late-tag,45.201,45.363
RES,3,48,enc-4x-integrated,39.384,39.544
RES,3,48,enc-4x-fast-tail,33.869,34.029
RES,3,48,enc-4x-late-tag,60.146,60.658
RES,3,64,enc-4x-integrated,64.671,64.834
RES,3,64,enc-4x-fast-tail,41.202,41.362
RES,3,64,enc-4x-late-tag,63.132,63.533
RES,3,80,enc-4x-integrated,79.447,79.617
RES,3,80,enc-4x-fast-tail,55.646,55.665
RES,3,80,enc-4x-late-tag,78.758,81.135
RES,3,96,enc-4x-integrated,80.461,83.517
RES,3,96,enc-4x-fast-tail,60.748,60.901
RES,3,96,enc-4x-late-tag,92.177,94.174
RES,3,112,enc-4x-integrated,87.759,88.211
RES,3,112,enc-4x-fast-tail,66.556,66.623
RES,3,112,enc-4x-late-tag,105.912,109.304
RES,3,128,enc-4x-integrated,73.377,74.091
RES,3,128,enc-4x-fast-tail,68.548,68.801
RES,3,128,enc-4x-late-tag,74.894,75.060
# SELFCHECK OK: 1..256 blocks, 3 variants
RES,4,16,enc-4x-integrated,32.602,32.956
RES,4,16,enc-4x-fast-tail,23.102,23.162
RES,4,16,enc-4x-late-tag,32.401,32.563
RES,4,32,enc-4x-integrated,33.048,33.560
RES,4,32,enc-4x-fast-tail,27.633,27.796
RES,4,32,enc-4x-late-tag,45.200,45.363
RES,4,48,enc-4x-integrated,39.384,39.546
RES,4,48,enc-4x-fast-tail,33.869,34.029
RES,4,48,enc-4x-late-tag,60.151,60.580
RES,4,64,enc-4x-integrated,64.671,64.831
RES,4,64,enc-4x-fast-tail,41.202,41.362
RES,4,64,enc-4x-late-tag,63.139,63.655
RES,4,80,enc-4x-integrated,80.001,80.130
RES,4,80,enc-4x-fast-tail,55.649,55.703
RES,4,80,enc-4x-late-tag,78.881,80.644
RES,4,96,enc-4x-integrated,80.786,83.499
RES,4,96,enc-4x-fast-tail,60.748,60.867
RES,4,96,enc-4x-late-tag,93.158,94.194
RES,4,112,enc-4x-integrated,88.058,88.219
RES,4,112,enc-4x-fast-tail,66.547,66.710
RES,4,112,enc-4x-late-tag,105.915,109.336
RES,4,128,enc-4x-integrated,73.356,74.139
RES,4,128,enc-4x-fast-tail,68.553,68.765
RES,4,128,enc-4x-late-tag,74.893,75.062
# SELFCHECK OK: 1..256 blocks, 3 variants
RES,5,16,enc-4x-integrated,32.602,33.002
RES,5,16,enc-4x-fast-tail,23.101,23.162
RES,5,16,enc-4x-late-tag,32.401,32.559
RES,5,32,enc-4x-integrated,33.014,33.558
RES,5,32,enc-4x-fast-tail,27.633,27.799
RES,5,32,enc-4x-late-tag,45.200,45.364
RES,5,48,enc-4x-integrated,39.384,39.544
RES,5,48,enc-4x-fast-tail,33.869,34.029
RES,5,48,enc-4x-late-tag,60.118,60.494
RES,5,64,enc-4x-integrated,64.466,64.549
RES,5,64,enc-4x-fast-tail,41.202,41.361
RES,5,64,enc-4x-late-tag,63.133,64.071
RES,5,80,enc-4x-integrated,79.447,79.468
RES,5,80,enc-4x-fast-tail,55.646,55.669
RES,5,80,enc-4x-late-tag,78.166,81.250
RES,5,96,enc-4x-integrated,82.154,83.514
RES,5,96,enc-4x-fast-tail,60.747,60.893
RES,5,96,enc-4x-late-tag,93.156,94.168
RES,5,112,enc-4x-integrated,88.048,88.215
RES,5,112,enc-4x-fast-tail,66.546,66.575
RES,5,112,enc-4x-late-tag,108.021,110.033
RES,5,128,enc-4x-integrated,73.235,74.224
RES,5,128,enc-4x-fast-tail,68.556,68.795
RES,5,128,enc-4x-late-tag,74.793,74.957
# SELFCHECK OK: 1..256 blocks, 3 variants
RES,6,16,enc-4x-integrated,32.601,32.963
RES,6,16,enc-4x-fast-tail,23.102,23.162
RES,6,16,enc-4x-late-tag,32.401,32.557
RES,6,32,enc-4x-integrated,32.982,33.558
RES,6,32,enc-4x-fast-tail,27.633,27.796
RES,6,32,enc-4x-late-tag,45.200,45.361
RES,6,48,enc-4x-integrated,39.385,39.543
RES,6,48,enc-4x-fast-tail,33.869,34.028
RES,6,48,enc-4x-late-tag,60.148,60.584
RES,6,64,enc-4x-integrated,64.666,64.790
RES,6,64,enc-4x-fast-tail,41.202,41.360
RES,6,64,enc-4x-late-tag,63.289,63.589
RES,6,80,enc-4x-integrated,79.854,80.017
RES,6,80,enc-4x-fast-tail,55.647,55.663
RES,6,80,enc-4x-late-tag,78.624,79.816
RES,6,96,enc-4x-integrated,80.456,83.503
RES,6,96,enc-4x-fast-tail,60.747,60.884
RES,6,96,enc-4x-late-tag,91.960,93.874
RES,6,112,enc-4x-integrated,88.056,88.222
RES,6,112,enc-4x-fast-tail,66.547,66.708
RES,6,112,enc-4x-late-tag,106.337,109.636
RES,6,128,enc-4x-integrated,73.333,74.235
RES,6,128,enc-4x-fast-tail,68.551,68.818
RES,6,128,enc-4x-late-tag,74.898,75.059
# SELFCHECK OK: 1..256 blocks, 3 variants
RES,7,16,enc-4x-integrated,32.602,32.997
RES,7,16,enc-4x-fast-tail,23.101,23.162
RES,7,16,enc-4x-late-tag,32.401,32.561
RES,7,32,enc-4x-integrated,33.037,33.559
RES,7,32,enc-4x-fast-tail,27.633,27.798
RES,7,32,enc-4x-late-tag,45.200,45.361
RES,7,48,enc-4x-integrated,39.385,39.546
RES,7,48,enc-4x-fast-tail,33.869,34.030
RES,7,48,enc-4x-late-tag,60.148,60.576
RES,7,64,enc-4x-integrated,64.467,64.502
RES,7,64,enc-4x-fast-tail,41.202,41.359
RES,7,64,enc-4x-late-tag,63.132,63.520
RES,7,80,enc-4x-integrated,79.447,79.614
RES,7,80,enc-4x-fast-tail,55.647,55.671
RES,7,80,enc-4x-late-tag,79.204,80.997
RES,7,96,enc-4x-integrated,81.123,83.516
RES,7,96,enc-4x-fast-tail,60.746,60.893
RES,7,96,enc-4x-late-tag,91.960,93.620
RES,7,112,enc-4x-integrated,87.757,88.210
RES,7,112,enc-4x-fast-tail,66.548,66.684
RES,7,112,enc-4x-late-tag,106.492,109.418
RES,7,128,enc-4x-integrated,73.391,74.132
RES,7,128,enc-4x-fast-tail,68.548,68.759
RES,7,128,enc-4x-late-tag,74.791,74.956
DONE: 7 correctness gates
