# date=2026-08-28T22:58:47Z
# host=ip-172-31-44-56
# model=Neoverse-V2
# profile=all mode=large reps=160 processes=7 pinned_cpu=3
file,sha256,text_bytes
integrated.o,23bbee0c872b782d8d086b62dd7c943edc31845c205490d8b4dd4fcb0457e9e4,4892
integrated-fast-tail.o,2a2cbd57b79bd274c698b2c26a08bc5500b7794338f3e9a428229d48ab0ad59b,4380
integrated-late-tag.o,8417a714dad9e7dabe037f849f510400c9ae693a2fe1821bbcf8f39b730dc36c,3864
integrated-x8-enc.o,78605a647e192cc843d63e5ce89ba72ccd1788acc748f900edc54a9aad6b15d3,8624
# SELFCHECK OK: 1..256 blocks, 4 variants
RES,1,1344,enc-8x,224.182,224.610
RES,1,1344,enc-4x-integrated,314.415,314.880
RES,1,1344,enc-4x-fast-tail,356.072,356.442
RES,1,1344,enc-4x-late-tag,314.594,314.941
RES,1,2048,enc-8x,325.983,349.651
RES,1,2048,enc-4x-integrated,473.228,474.048
RES,1,2048,enc-4x-fast-tail,541.463,541.763
RES,1,2048,enc-4x-late-tag,473.908,474.413
RES,1,4096,enc-8x,645.396,646.217
RES,1,4096,enc-4x-integrated,933.875,936.636
RES,1,4096,enc-4x-fast-tail,1080.606,1081.037
RES,1,4096,enc-4x-late-tag,936.184,937.346
RES,1,8192,enc-8x,1283.844,1284.859
RES,1,8192,enc-4x-integrated,1856.307,1861.686
RES,1,8192,enc-4x-fast-tail,2158.729,2159.507
RES,1,8192,enc-4x-late-tag,1859.570,1863.243
RES,1,16384,enc-8x,2560.901,2752.549
RES,1,16384,enc-4x-integrated,3700.301,3712.423
RES,1,16384,enc-4x-fast-tail,4314.015,4316.189
RES,1,16384,enc-4x-late-tag,3704.573,3714.581
RES,1,32768,enc-8x,5115.069,5551.586
RES,1,32768,enc-4x-integrated,7443.013,7483.567
RES,1,32768,enc-4x-fast-tail,8626.153,8629.722
RES,1,32768,enc-4x-late-tag,7460.603,7489.530
# SELFCHECK OK: 1..256 blocks, 4 variants
RES,2,1344,enc-8x,224.313,224.869
RES,2,1344,enc-4x-integrated,314.371,314.720
RES,2,1344,enc-4x-fast-tail,356.131,356.434
RES,2,1344,enc-4x-late-tag,314.646,314.945
RES,2,2048,enc-8x,325.807,327.026
RES,2,2048,enc-4x-integrated,473.543,474.067
RES,2,2048,enc-4x-fast-tail,541.561,541.787
RES,2,2048,enc-4x-late-tag,473.919,474.416
RES,2,4096,enc-8x,645.321,646.143
RES,2,4096,enc-4x-integrated,934.163,936.681
RES,2,4096,enc-4x-fast-tail,1080.638,1081.006
RES,2,4096,enc-4x-late-tag,935.354,937.300
RES,2,8192,enc-8x,1284.036,1284.780
RES,2,8192,enc-4x-integrated,1856.547,1861.676
RES,2,8192,enc-4x-fast-tail,2158.410,2159.451
RES,2,8192,enc-4x-late-tag,1861.256,1863.181
RES,2,16384,enc-8x,2561.094,2562.025
RES,2,16384,enc-4x-integrated,3695.929,3712.035
RES,2,16384,enc-4x-fast-tail,4315.003,4316.351
RES,2,16384,enc-4x-late-tag,3709.447,3714.430
RES,2,32768,enc-8x,5115.756,5567.134
RES,2,32768,enc-4x-integrated,7438.945,7480.648
RES,2,32768,enc-4x-fast-tail,8625.678,8629.226
RES,2,32768,enc-4x-late-tag,7449.262,7484.339
# SELFCHECK OK: 1..256 blocks, 4 variants
RES,3,1344,enc-8x,224.412,247.960
RES,3,1344,enc-4x-integrated,314.447,314.816
RES,3,1344,enc-4x-fast-tail,356.114,356.369
RES,3,1344,enc-4x-late-tag,314.711,315.003
RES,3,2048,enc-8x,325.984,326.632
RES,3,2048,enc-4x-integrated,473.613,474.150
RES,3,2048,enc-4x-fast-tail,541.442,541.768
RES,3,2048,enc-4x-late-tag,474.095,474.522
RES,3,4096,enc-8x,645.321,646.461
RES,3,4096,enc-4x-integrated,933.967,936.762
RES,3,4096,enc-4x-fast-tail,1080.607,1080.966
RES,3,4096,enc-4x-late-tag,936.193,937.285
RES,3,8192,enc-8x,1283.909,1284.789
RES,3,8192,enc-4x-integrated,1853.089,1861.742
RES,3,8192,enc-4x-fast-tail,2158.792,2159.430
RES,3,8192,enc-4x-late-tag,1861.438,1863.250
RES,3,16384,enc-8x,2560.237,2562.207
RES,3,16384,enc-4x-integrated,3695.365,3711.637
RES,3,16384,enc-4x-fast-tail,4314.857,4316.441
RES,3,16384,enc-4x-late-tag,3709.370,3714.559
RES,3,32768,enc-8x,5115.334,5117.974
RES,3,32768,enc-4x-integrated,7356.496,7475.027
RES,3,32768,enc-4x-fast-tail,8628.201,8630.996
RES,3,32768,enc-4x-late-tag,7385.349,7490.716
# SELFCHECK OK: 1..256 blocks, 4 variants
RES,4,1344,enc-8x,224.165,224.579
RES,4,1344,enc-4x-integrated,314.764,315.112
RES,4,1344,enc-4x-fast-tail,356.149,356.429
RES,4,1344,enc-4x-late-tag,315.010,315.304
RES,4,2048,enc-8x,325.861,326.741
RES,4,2048,enc-4x-integrated,473.844,474.586
RES,4,2048,enc-4x-fast-tail,541.492,541.793
RES,4,2048,enc-4x-late-tag,474.319,474.899
RES,4,4096,enc-8x,645.404,646.590
RES,4,4096,enc-4x-integrated,934.213,937.599
RES,4,4096,enc-4x-fast-tail,1080.382,1080.934
RES,4,4096,enc-4x-late-tag,937.205,938.238
RES,4,8192,enc-8x,1331.837,1396.396
RES,4,8192,enc-4x-integrated,1857.637,1863.636
RES,4,8192,enc-4x-fast-tail,2158.067,2159.047
RES,4,8192,enc-4x-late-tag,1860.648,1864.849
RES,4,16384,enc-8x,2563.077,2752.079
RES,4,16384,enc-4x-integrated,3699.586,3716.655
RES,4,16384,enc-4x-fast-tail,4314.462,4315.997
RES,4,16384,enc-4x-late-tag,3714.335,3719.180
RES,4,32768,enc-8x,5115.712,5516.803
RES,4,32768,enc-4x-integrated,7422.136,7461.920
RES,4,32768,enc-4x-fast-tail,8626.789,8629.744
RES,4,32768,enc-4x-late-tag,7454.926,7468.697
# SELFCHECK OK: 1..256 blocks, 4 variants
RES,5,1344,enc-8x,224.316,224.688
RES,5,1344,enc-4x-integrated,315.002,315.360
RES,5,1344,enc-4x-fast-tail,356.071,356.380
RES,5,1344,enc-4x-late-tag,315.218,315.626
RES,5,2048,enc-8x,334.185,350.794
RES,5,2048,enc-4x-integrated,474.556,475.289
RES,5,2048,enc-4x-fast-tail,541.529,541.782
RES,5,2048,enc-4x-late-tag,475.170,475.657
RES,5,4096,enc-8x,645.452,692.453
RES,5,4096,enc-4x-integrated,935.876,939.260
RES,5,4096,enc-4x-fast-tail,1080.427,1080.892
RES,5,4096,enc-4x-late-tag,938.954,939.925
RES,5,8192,enc-8x,1284.065,1285.026
RES,5,8192,enc-4x-integrated,1858.920,1867.414
RES,5,8192,enc-4x-fast-tail,2158.764,2159.427
RES,5,8192,enc-4x-late-tag,1864.555,1869.134
RES,5,16384,enc-8x,2560.929,2562.208
RES,5,16384,enc-4x-integrated,3700.685,3723.597
RES,5,16384,enc-4x-fast-tail,4314.913,4316.278
RES,5,16384,enc-4x-late-tag,3722.378,3726.625
RES,5,32768,enc-8x,5255.756,5567.400
RES,5,32768,enc-4x-integrated,7433.430,7472.054
RES,5,32768,enc-4x-fast-tail,8625.181,8629.231
RES,5,32768,enc-4x-late-tag,7459.958,7477.558
# SELFCHECK OK: 1..256 blocks, 4 variants
RES,6,1344,enc-8x,240.373,253.706
RES,6,1344,enc-4x-integrated,314.332,314.689
RES,6,1344,enc-4x-fast-tail,356.036,356.299
RES,6,1344,enc-4x-late-tag,314.488,314.822
RES,6,2048,enc-8x,357.013,364.094
RES,6,2048,enc-4x-integrated,473.333,473.919
RES,6,2048,enc-4x-fast-tail,541.406,541.649
RES,6,2048,enc-4x-late-tag,473.815,474.277
RES,6,4096,enc-8x,683.112,694.309
RES,6,4096,enc-4x-integrated,934.396,936.618
RES,6,4096,enc-4x-fast-tail,1080.301,1080.824
RES,6,4096,enc-4x-late-tag,935.868,937.089
RES,6,8192,enc-8x,1358.068,1377.627
RES,6,8192,enc-4x-integrated,1855.022,1861.473
RES,6,8192,enc-4x-fast-tail,2158.104,2158.988
RES,6,8192,enc-4x-late-tag,1859.233,1863.002
RES,6,16384,enc-8x,2708.401,2741.690
RES,6,16384,enc-4x-integrated,3695.688,3711.206
RES,6,16384,enc-4x-fast-tail,4314.311,4315.943
RES,6,16384,enc-4x-late-tag,3708.517,3714.278
RES,6,32768,enc-8x,5160.824,5473.022
RES,6,32768,enc-4x-integrated,7441.302,7478.879
RES,6,32768,enc-4x-fast-tail,8626.997,8630.168
RES,6,32768,enc-4x-late-tag,7470.662,7485.388
# SELFCHECK OK: 1..256 blocks, 4 variants
RES,7,1344,enc-8x,225.125,239.278
RES,7,1344,enc-4x-integrated,314.473,314.836
RES,7,1344,enc-4x-fast-tail,356.120,356.380
RES,7,1344,enc-4x-late-tag,314.758,315.055
RES,7,2048,enc-8x,344.472,354.130
RES,7,2048,enc-4x-integrated,473.583,474.103
RES,7,2048,enc-4x-fast-tail,541.362,541.634
RES,7,2048,enc-4x-late-tag,473.918,474.413
RES,7,4096,enc-8x,683.012,714.302
RES,7,4096,enc-4x-integrated,933.968,936.415
RES,7,4096,enc-4x-fast-tail,1080.308,1080.764
RES,7,4096,enc-4x-late-tag,935.639,937.058
RES,7,8192,enc-8x,1284.696,1372.051
RES,7,8192,enc-4x-integrated,1854.323,1861.648
RES,7,8192,enc-4x-fast-tail,2158.335,2159.269
RES,7,8192,enc-4x-late-tag,1859.603,1862.855
RES,7,16384,enc-8x,2643.554,2751.995
RES,7,16384,enc-4x-integrated,3698.618,3710.261
RES,7,16384,enc-4x-fast-tail,4313.877,4315.499
RES,7,16384,enc-4x-late-tag,3707.400,3714.051
RES,7,32768,enc-8x,5423.826,5519.928
RES,7,32768,enc-4x-integrated,7445.079,7489.542
RES,7,32768,enc-4x-fast-tail,8625.488,8629.160
RES,7,32768,enc-4x-late-tag,7486.860,7494.985
DONE: 7 correctness gates
