# date=2026-08-28T22:58:43Z
# host=ip-172-31-42-229
# model=Neoverse-V3
# profile=all mode=large reps=160 processes=7 pinned_cpu=3
file,sha256,text_bytes
integrated.o,23bbee0c872b782d8d086b62dd7c943edc31845c205490d8b4dd4fcb0457e9e4,4892
integrated-fast-tail.o,2a2cbd57b79bd274c698b2c26a08bc5500b7794338f3e9a428229d48ab0ad59b,4380
integrated-late-tag.o,8417a714dad9e7dabe037f849f510400c9ae693a2fe1821bbcf8f39b730dc36c,3864
integrated-x8-enc.o,78605a647e192cc843d63e5ce89ba72ccd1788acc748f900edc54a9aad6b15d3,8624
# SELFCHECK OK: 1..256 blocks, 4 variants
RES,1,1344,enc-8x,189.291,189.439
RES,1,1344,enc-4x-integrated,254.750,254.883
RES,1,1344,enc-4x-fast-tail,288.542,288.815
RES,1,1344,enc-4x-late-tag,254.769,254.871
RES,1,2048,enc-8x,275.226,275.439
RES,1,2048,enc-4x-integrated,379.825,380.143
RES,1,2048,enc-4x-fast-tail,438.742,439.125
RES,1,2048,enc-4x-late-tag,379.866,380.178
RES,1,4096,enc-8x,547.432,547.920
RES,1,4096,enc-4x-integrated,744.083,744.712
RES,1,4096,enc-4x-fast-tail,875.562,876.571
RES,1,4096,enc-4x-late-tag,744.165,744.868
RES,1,8192,enc-8x,1091.956,1093.034
RES,1,8192,enc-4x-integrated,1473.197,1474.478
RES,1,8192,enc-4x-fast-tail,1749.656,1752.231
RES,1,8192,enc-4x-late-tag,1472.780,1474.542
RES,1,16384,enc-8x,2181.259,2183.571
RES,1,16384,enc-4x-integrated,2930.188,2934.525
RES,1,16384,enc-4x-fast-tail,3498.144,3503.017
RES,1,16384,enc-4x-late-tag,2930.128,2934.384
RES,1,32768,enc-8x,4359.873,4364.585
RES,1,32768,enc-4x-integrated,5845.819,5858.777
RES,1,32768,enc-4x-fast-tail,6991.905,7005.254
RES,1,32768,enc-4x-late-tag,5846.255,5853.299
# SELFCHECK OK: 1..256 blocks, 4 variants
RES,2,1344,enc-8x,189.300,189.609
RES,2,1344,enc-4x-integrated,254.793,255.055
RES,2,1344,enc-4x-fast-tail,288.569,288.987
RES,2,1344,enc-4x-late-tag,254.799,255.048
RES,2,2048,enc-8x,275.282,275.585
RES,2,2048,enc-4x-integrated,379.862,380.351
RES,2,2048,enc-4x-fast-tail,438.830,439.381
RES,2,2048,enc-4x-late-tag,379.921,380.442
RES,2,4096,enc-8x,547.544,548.030
RES,2,4096,enc-4x-integrated,744.190,745.206
RES,2,4096,enc-4x-fast-tail,875.667,876.871
RES,2,4096,enc-4x-late-tag,744.120,745.022
RES,2,8192,enc-8x,1092.088,1093.144
RES,2,8192,enc-4x-integrated,1472.840,1474.773
RES,2,8192,enc-4x-fast-tail,1749.869,1751.940
RES,2,8192,enc-4x-late-tag,1472.685,1474.768
RES,2,16384,enc-8x,2181.350,2184.599
RES,2,16384,enc-4x-integrated,2930.067,2935.520
RES,2,16384,enc-4x-fast-tail,3498.284,3503.561
RES,2,16384,enc-4x-late-tag,2931.372,2935.654
RES,2,32768,enc-8x,4361.961,4367.649
RES,2,32768,enc-4x-integrated,5849.202,5856.906
RES,2,32768,enc-4x-fast-tail,6998.663,7005.638
RES,2,32768,enc-4x-late-tag,5851.645,5860.077
# SELFCHECK OK: 1..256 blocks, 4 variants
RES,3,1344,enc-8x,189.283,189.447
RES,3,1344,enc-4x-integrated,254.676,254.821
RES,3,1344,enc-4x-fast-tail,288.543,288.820
RES,3,1344,enc-4x-late-tag,254.682,254.818
RES,3,2048,enc-8x,275.221,275.454
RES,3,2048,enc-4x-integrated,379.689,380.036
RES,3,2048,enc-4x-fast-tail,438.727,439.212
RES,3,2048,enc-4x-late-tag,379.788,380.090
RES,3,4096,enc-8x,547.525,547.952
RES,3,4096,enc-4x-integrated,743.914,744.698
RES,3,4096,enc-4x-fast-tail,875.778,876.761
RES,3,4096,enc-4x-late-tag,744.028,744.864
RES,3,8192,enc-8x,1091.983,1092.748
RES,3,8192,enc-4x-integrated,1472.631,1474.186
RES,3,8192,enc-4x-fast-tail,1749.075,1751.575
RES,3,8192,enc-4x-late-tag,1472.719,1474.380
RES,3,16384,enc-8x,2181.049,2182.592
RES,3,16384,enc-4x-integrated,2929.721,2933.311
RES,3,16384,enc-4x-fast-tail,3496.537,3500.689
RES,3,16384,enc-4x-late-tag,2929.505,2932.941
RES,3,32768,enc-8x,4359.679,4363.042
RES,3,32768,enc-4x-integrated,5845.944,5852.262
RES,3,32768,enc-4x-fast-tail,6991.357,7004.387
RES,3,32768,enc-4x-late-tag,5846.045,5853.407
# SELFCHECK OK: 1..256 blocks, 4 variants
RES,4,1344,enc-8x,189.289,189.451
RES,4,1344,enc-4x-integrated,254.672,254.819
RES,4,1344,enc-4x-fast-tail,288.549,288.825
RES,4,1344,enc-4x-late-tag,254.683,254.810
RES,4,2048,enc-8x,275.261,275.491
RES,4,2048,enc-4x-integrated,379.702,380.145
RES,4,2048,enc-4x-fast-tail,438.765,439.330
RES,4,2048,enc-4x-late-tag,379.799,380.163
RES,4,4096,enc-8x,547.511,547.900
RES,4,4096,enc-4x-integrated,744.013,744.667
RES,4,4096,enc-4x-fast-tail,875.607,876.502
RES,4,4096,enc-4x-late-tag,743.940,744.674
RES,4,8192,enc-8x,1091.995,1092.719
RES,4,8192,enc-4x-integrated,1472.495,1474.004
RES,4,8192,enc-4x-fast-tail,1749.252,1750.976
RES,4,8192,enc-4x-late-tag,1472.649,1473.894
RES,4,16384,enc-8x,2181.057,2182.613
RES,4,16384,enc-4x-integrated,2929.751,2932.750
RES,4,16384,enc-4x-fast-tail,3496.334,3500.493
RES,4,16384,enc-4x-late-tag,2929.981,2932.705
RES,4,32768,enc-8x,4359.525,4363.026
RES,4,32768,enc-4x-integrated,5846.082,5853.099
RES,4,32768,enc-4x-fast-tail,6991.952,7002.757
RES,4,32768,enc-4x-late-tag,5846.155,5852.243
# SELFCHECK OK: 1..256 blocks, 4 variants
RES,5,1344,enc-8x,189.290,189.485
RES,5,1344,enc-4x-integrated,254.675,254.876
RES,5,1344,enc-4x-fast-tail,288.570,288.916
RES,5,1344,enc-4x-late-tag,254.692,254.894
RES,5,2048,enc-8x,275.197,275.501
RES,5,2048,enc-4x-integrated,379.687,380.071
RES,5,2048,enc-4x-fast-tail,438.872,439.240
RES,5,2048,enc-4x-late-tag,379.732,380.100
RES,5,4096,enc-8x,547.523,547.881
RES,5,4096,enc-4x-integrated,744.002,744.624
RES,5,4096,enc-4x-fast-tail,875.601,876.718
RES,5,4096,enc-4x-late-tag,743.946,744.710
RES,5,8192,enc-8x,1092.008,1092.661
RES,5,8192,enc-4x-integrated,1472.424,1474.059
RES,5,8192,enc-4x-fast-tail,1749.610,1751.586
RES,5,8192,enc-4x-late-tag,1472.557,1474.015
RES,5,16384,enc-8x,2181.122,2182.708
RES,5,16384,enc-4x-integrated,2929.898,2933.047
RES,5,16384,enc-4x-fast-tail,3496.210,3501.062
RES,5,16384,enc-4x-late-tag,2929.817,2932.870
RES,5,32768,enc-8x,4359.752,4363.545
RES,5,32768,enc-4x-integrated,5846.408,5852.498
RES,5,32768,enc-4x-fast-tail,6992.417,7004.111
RES,5,32768,enc-4x-late-tag,5845.511,5854.706
# SELFCHECK OK: 1..256 blocks, 4 variants
RES,6,1344,enc-8x,189.193,189.558
RES,6,1344,enc-4x-integrated,254.669,254.869
RES,6,1344,enc-4x-fast-tail,288.560,288.914
RES,6,1344,enc-4x-late-tag,254.660,254.915
RES,6,2048,enc-8x,275.249,275.524
RES,6,2048,enc-4x-integrated,379.715,380.087
RES,6,2048,enc-4x-fast-tail,438.742,439.316
RES,6,2048,enc-4x-late-tag,379.781,380.201
RES,6,4096,enc-8x,547.468,547.895
RES,6,4096,enc-4x-integrated,743.992,744.756
RES,6,4096,enc-4x-fast-tail,875.601,876.505
RES,6,4096,enc-4x-late-tag,744.058,744.705
RES,6,8192,enc-8x,1091.996,1092.686
RES,6,8192,enc-4x-integrated,1472.639,1474.160
RES,6,8192,enc-4x-fast-tail,1749.279,1751.460
RES,6,8192,enc-4x-late-tag,1472.581,1474.104
RES,6,16384,enc-8x,2181.139,2182.664
RES,6,16384,enc-4x-integrated,2929.853,2933.008
RES,6,16384,enc-4x-fast-tail,3496.472,3501.294
RES,6,16384,enc-4x-late-tag,2929.976,2933.065
RES,6,32768,enc-8x,4358.628,4363.201
RES,6,32768,enc-4x-integrated,5845.923,5855.099
RES,6,32768,enc-4x-fast-tail,6991.365,7001.522
RES,6,32768,enc-4x-late-tag,5845.637,5853.511
# SELFCHECK OK: 1..256 blocks, 4 variants
RES,7,1344,enc-8x,189.197,189.479
RES,7,1344,enc-4x-integrated,254.651,254.888
RES,7,1344,enc-4x-fast-tail,288.546,288.888
RES,7,1344,enc-4x-late-tag,254.695,254.891
RES,7,2048,enc-8x,275.217,275.453
RES,7,2048,enc-4x-integrated,379.701,380.106
RES,7,2048,enc-4x-fast-tail,438.736,439.214
RES,7,2048,enc-4x-late-tag,379.724,380.116
RES,7,4096,enc-8x,547.528,547.906
RES,7,4096,enc-4x-integrated,744.003,744.695
RES,7,4096,enc-4x-fast-tail,875.548,876.771
RES,7,4096,enc-4x-late-tag,744.038,744.678
RES,7,8192,enc-8x,1091.957,1092.574
RES,7,8192,enc-4x-integrated,1472.426,1473.986
RES,7,8192,enc-4x-fast-tail,1749.237,1751.525
RES,7,8192,enc-4x-late-tag,1472.585,1473.929
RES,7,16384,enc-8x,2181.026,2182.574
RES,7,16384,enc-4x-integrated,2929.868,2932.682
RES,7,16384,enc-4x-fast-tail,3496.452,3500.794
RES,7,16384,enc-4x-late-tag,2929.993,2933.041
RES,7,32768,enc-8x,4359.678,4363.370
RES,7,32768,enc-4x-integrated,5845.553,5856.027
RES,7,32768,enc-4x-fast-tail,6992.177,7002.751
RES,7,32768,enc-4x-late-tag,5846.243,5852.443
DONE: 7 correctness gates
