# date=2026-08-27T20:13:04Z
# host=ip-172-31-42-229
# model=Neoverse-V3
# reps=160 processes=7 pinned_cpu=3
PR_T4_LOCAL_T4_TEXT_IDENTICAL=yes
file,sha256,text_bytes
x8-enc.o,78605a647e192cc843d63e5ce89ba72ccd1788acc748f900edc54a9aad6b15d3,8624
x8-dec.o,67b973958a85e2d22bc580de78338726033a6ca014de682cf1ad0b96eb44dc94,5960
pr-dec.o,3ce0f1d097c025d9391cc8a3d4154fcad7275017a391489851fa089443a9a727,5960
t4p8-dec.o,275f142edf840275c3b5a830d9893d4648e97dfbefa83243e42759d72787151d,8832
jenc-basic.o,6bf67814c5bd307443fa4243487852774007a03a27bd5c3045c9c9a5f9f349a8,3416
jenc-dual_acc.o,966d7c853822aacf9850734f4777833380b119946732302d0be165263f62fb99,1940
jenc-fast_tail.o,2a2cbd57b79bd274c698b2c26a08bc5500b7794338f3e9a428229d48ab0ad59b,4380
jenc-reload_round_keys_partial.o,d6151bb5d4314ed7a6f2cf632f70cca95a11978fcd78281feeae1b674a7c9938,3544
jenc-scalar_iv_mem2_late_tag.o,ba582625f86619e917388158c25dd44c365caa7dd7da6bbb8bc568ed79e41126,4252
jenc-scalar_iv_mem2_late_tag_fast_tail.o,091e8947381102005a4e16b1bebaae140b9f87be55908858d97748a20156e0fd,4596
jenc-scalar_iv_mem_late_tag_scalar_rk.o,8417a714dad9e7dabe037f849f510400c9ae693a2fe1821bbcf8f39b730dc36c,3864
jdec-basic.o,613a41fe0c8dab5873b66e97ad0258853bb6d225aa41416ba902f0f239f221a7,1944
jdec-scalar_iv_mem2_late_tag.o,558e532ee85b1f10590f4d6aa1ca98163830a3727cfd6a44043549d2b665971f,3584
# SELFCHECK OK: 1..256 blocks, 5 variants
RES,1,16,pr-t4,10.558,10.561
RES,1,16,local-t4,10.557,10.561
RES,1,16,t4p8,10.544,10.555
RES,1,16,john-basic,9.472,9.478
RES,1,16,john-mem2,17.737,17.753
RES,1,32,pr-t4,11.234,11.241
RES,1,32,local-t4,11.217,11.222
RES,1,32,t4p8,11.319,11.326
RES,1,32,john-basic,15.812,15.817
RES,1,32,john-mem2,29.870,29.901
RES,1,48,pr-t4,12.149,12.158
RES,1,48,local-t4,12.156,12.167
RES,1,48,t4p8,11.220,11.237
RES,1,48,john-basic,22.103,22.116
RES,1,48,john-mem2,42.059,42.319
RES,1,64,pr-t4,14.463,14.481
RES,1,64,local-t4,14.451,14.464
RES,1,64,t4p8,12.152,12.161
RES,1,64,john-basic,15.135,15.157
RES,1,64,john-mem2,52.858,53.174
RES,1,80,pr-t4,21.614,21.633
RES,1,80,local-t4,21.594,21.639
RES,1,80,t4p8,21.608,21.632
RES,1,80,john-basic,19.367,19.384
RES,1,80,john-mem2,65.997,66.317
RES,1,96,pr-t4,22.397,22.434
RES,1,96,local-t4,22.340,22.438
RES,1,96,t4p8,22.380,22.415
RES,1,96,john-basic,24.642,24.662
RES,1,96,john-mem2,78.678,79.794
RES,1,112,pr-t4,22.867,22.904
RES,1,112,local-t4,22.763,22.789
RES,1,112,t4p8,22.844,22.870
RES,1,112,john-basic,30.624,30.635
RES,1,112,john-mem2,91.501,92.104
RES,1,128,pr-t4,21.462,21.486
RES,1,128,local-t4,21.465,21.491
RES,1,128,t4p8,19.612,19.624
RES,1,128,john-basic,26.663,26.719
RES,1,128,john-mem2,42.601,42.645
# SELFCHECK OK: 1..256 blocks, 5 variants
RES,2,16,pr-t4,10.557,10.561
RES,2,16,local-t4,10.558,10.561
RES,2,16,t4p8,10.540,10.555
RES,2,16,john-basic,9.463,9.469
RES,2,16,john-mem2,17.734,17.752
RES,2,32,pr-t4,11.233,11.242
RES,2,32,local-t4,11.216,11.223
RES,2,32,t4p8,11.319,11.329
RES,2,32,john-basic,15.814,15.819
RES,2,32,john-mem2,29.873,30.119
RES,2,48,pr-t4,12.149,12.159
RES,2,48,local-t4,12.157,12.166
RES,2,48,t4p8,11.227,11.237
RES,2,48,john-basic,22.103,22.114
RES,2,48,john-mem2,42.051,42.283
RES,2,64,pr-t4,14.498,14.518
RES,2,64,local-t4,14.470,14.488
RES,2,64,t4p8,12.153,12.162
RES,2,64,john-basic,15.153,15.174
RES,2,64,john-mem2,52.845,53.223
RES,2,80,pr-t4,21.616,21.635
RES,2,80,local-t4,21.595,21.636
RES,2,80,t4p8,21.617,21.633
RES,2,80,john-basic,19.490,19.515
RES,2,80,john-mem2,65.906,66.576
RES,2,96,pr-t4,22.405,22.434
RES,2,96,local-t4,22.324,22.437
RES,2,96,t4p8,22.375,22.412
RES,2,96,john-basic,24.644,24.665
RES,2,96,john-mem2,78.620,79.237
RES,2,112,pr-t4,22.865,22.904
RES,2,112,local-t4,22.758,22.789
RES,2,112,t4p8,22.842,22.873
RES,2,112,john-basic,30.624,30.638
RES,2,112,john-mem2,91.450,91.949
RES,2,128,pr-t4,21.465,21.486
RES,2,128,local-t4,21.468,21.493
RES,2,128,t4p8,19.611,19.625
RES,2,128,john-basic,26.731,26.804
RES,2,128,john-mem2,42.590,42.645
# SELFCHECK OK: 1..256 blocks, 5 variants
RES,3,16,pr-t4,10.558,10.562
RES,3,16,local-t4,10.558,10.562
RES,3,16,t4p8,10.541,10.555
RES,3,16,john-basic,9.471,9.477
RES,3,16,john-mem2,17.733,17.758
RES,3,32,pr-t4,11.234,11.243
RES,3,32,local-t4,11.218,11.223
RES,3,32,t4p8,11.319,11.327
RES,3,32,john-basic,15.815,15.821
RES,3,32,john-mem2,29.878,29.903
RES,3,48,pr-t4,12.153,12.164
RES,3,48,local-t4,12.158,12.166
RES,3,48,t4p8,11.215,11.237
RES,3,48,john-basic,22.113,22.115
RES,3,48,john-mem2,42.065,42.323
RES,3,64,pr-t4,14.497,14.516
RES,3,64,local-t4,14.476,14.490
RES,3,64,t4p8,12.155,12.162
RES,3,64,john-basic,15.146,15.170
RES,3,64,john-mem2,52.853,53.234
RES,3,80,pr-t4,21.609,21.634
RES,3,80,local-t4,21.591,21.639
RES,3,80,t4p8,21.610,21.633
RES,3,80,john-basic,19.489,19.516
RES,3,80,john-mem2,65.996,66.852
RES,3,96,pr-t4,22.406,22.433
RES,3,96,local-t4,22.326,22.434
RES,3,96,t4p8,22.370,22.412
RES,3,96,john-basic,24.641,24.663
RES,3,96,john-mem2,78.296,79.245
RES,3,112,pr-t4,22.863,22.905
RES,3,112,local-t4,22.757,22.788
RES,3,112,t4p8,22.844,22.873
RES,3,112,john-basic,30.627,30.640
RES,3,112,john-mem2,91.490,92.025
RES,3,128,pr-t4,21.451,21.482
RES,3,128,local-t4,21.465,21.489
RES,3,128,t4p8,19.610,19.625
RES,3,128,john-basic,26.728,26.805
RES,3,128,john-mem2,42.601,42.646
# SELFCHECK OK: 1..256 blocks, 5 variants
RES,4,16,pr-t4,10.558,10.561
RES,4,16,local-t4,10.558,10.562
RES,4,16,t4p8,10.542,10.554
RES,4,16,john-basic,9.469,9.477
RES,4,16,john-mem2,18.524,18.779
RES,4,32,pr-t4,11.234,11.242
RES,4,32,local-t4,11.216,11.222
RES,4,32,t4p8,11.318,11.328
RES,4,32,john-basic,15.811,15.817
RES,4,32,john-mem2,30.781,30.950
RES,4,48,pr-t4,12.158,12.166
RES,4,48,local-t4,12.158,12.167
RES,4,48,t4p8,11.214,11.234
RES,4,48,john-basic,22.104,22.117
RES,4,48,john-mem2,42.963,43.251
RES,4,64,pr-t4,14.498,14.514
RES,4,64,local-t4,14.471,14.488
RES,4,64,t4p8,12.154,12.162
RES,4,64,john-basic,15.135,15.158
RES,4,64,john-mem2,53.857,54.189
RES,4,80,pr-t4,21.610,21.635
RES,4,80,local-t4,21.602,21.637
RES,4,80,t4p8,21.613,21.632
RES,4,80,john-basic,19.367,19.386
RES,4,80,john-mem2,67.001,67.318
RES,4,96,pr-t4,22.403,22.434
RES,4,96,local-t4,22.328,22.439
RES,4,96,t4p8,22.366,22.412
RES,4,96,john-basic,24.645,24.661
RES,4,96,john-mem2,79.684,80.302
RES,4,112,pr-t4,22.862,22.902
RES,4,112,local-t4,22.753,22.789
RES,4,112,t4p8,22.839,22.872
RES,4,112,john-basic,30.624,30.637
RES,4,112,john-mem2,92.391,93.353
RES,4,128,pr-t4,21.458,21.484
RES,4,128,local-t4,21.460,21.489
RES,4,128,t4p8,19.613,19.625
RES,4,128,john-basic,26.661,26.721
RES,4,128,john-mem2,41.676,41.762
# SELFCHECK OK: 1..256 blocks, 5 variants
RES,5,16,pr-t4,10.559,10.562
RES,5,16,local-t4,10.559,10.562
RES,5,16,t4p8,10.544,10.556
RES,5,16,john-basic,9.472,9.479
RES,5,16,john-mem2,17.731,17.886
RES,5,32,pr-t4,11.234,11.242
RES,5,32,local-t4,11.216,11.223
RES,5,32,t4p8,11.321,11.329
RES,5,32,john-basic,15.812,15.821
RES,5,32,john-mem2,29.881,30.428
RES,5,48,pr-t4,12.156,12.165
RES,5,48,local-t4,12.157,12.167
RES,5,48,t4p8,11.219,11.235
RES,5,48,john-basic,22.103,22.116
RES,5,48,john-mem2,42.053,42.780
RES,5,64,pr-t4,14.499,14.517
RES,5,64,local-t4,14.474,14.489
RES,5,64,t4p8,12.151,12.162
RES,5,64,john-basic,15.133,15.159
RES,5,64,john-mem2,52.851,53.256
RES,5,80,pr-t4,21.615,21.636
RES,5,80,local-t4,21.600,21.639
RES,5,80,t4p8,21.607,21.634
RES,5,80,john-basic,19.365,19.385
RES,5,80,john-mem2,65.997,68.571
RES,5,96,pr-t4,22.400,22.435
RES,5,96,local-t4,22.329,22.436
RES,5,96,t4p8,22.368,22.411
RES,5,96,john-basic,24.644,24.662
RES,5,96,john-mem2,78.570,79.633
RES,5,112,pr-t4,22.858,22.904
RES,5,112,local-t4,22.764,22.789
RES,5,112,t4p8,22.835,22.870
RES,5,112,john-basic,30.619,30.637
RES,5,112,john-mem2,91.494,94.059
RES,5,128,pr-t4,21.463,21.486
RES,5,128,local-t4,21.468,21.492
RES,5,128,t4p8,19.612,19.625
RES,5,128,john-basic,26.670,26.718
RES,5,128,john-mem2,42.590,42.645
# SELFCHECK OK: 1..256 blocks, 5 variants
RES,6,16,pr-t4,10.559,10.562
RES,6,16,local-t4,10.558,10.562
RES,6,16,t4p8,10.542,10.555
RES,6,16,john-basic,9.470,9.479
RES,6,16,john-mem2,18.334,18.413
RES,6,32,pr-t4,11.233,11.241
RES,6,32,local-t4,11.216,11.223
RES,6,32,t4p8,11.317,11.328
RES,6,32,john-basic,15.812,15.818
RES,6,32,john-mem2,30.511,30.756
RES,6,48,pr-t4,12.157,12.165
RES,6,48,local-t4,12.159,12.167
RES,6,48,t4p8,11.215,11.234
RES,6,48,john-basic,22.105,22.116
RES,6,48,john-mem2,42.881,43.140
RES,6,64,pr-t4,14.497,14.516
RES,6,64,local-t4,14.472,14.488
RES,6,64,t4p8,12.152,12.161
RES,6,64,john-basic,15.137,15.159
RES,6,64,john-mem2,53.991,54.351
RES,6,80,pr-t4,21.613,21.635
RES,6,80,local-t4,21.596,21.639
RES,6,80,t4p8,21.604,21.633
RES,6,80,john-basic,19.362,19.385
RES,6,80,john-mem2,67.000,67.548
RES,6,96,pr-t4,22.403,22.431
RES,6,96,local-t4,22.328,22.436
RES,6,96,t4p8,22.367,22.412
RES,6,96,john-basic,24.644,24.661
RES,6,96,john-mem2,79.381,80.280
RES,6,112,pr-t4,22.866,22.904
RES,6,112,local-t4,22.759,22.789
RES,6,112,t4p8,22.840,22.871
RES,6,112,john-basic,30.623,30.636
RES,6,112,john-mem2,92.357,93.139
RES,6,128,pr-t4,21.458,21.483
RES,6,128,local-t4,21.465,21.493
RES,6,128,t4p8,19.612,19.624
RES,6,128,john-basic,26.662,26.720
RES,6,128,john-mem2,41.942,42.003
# SELFCHECK OK: 1..256 blocks, 5 variants
RES,7,16,pr-t4,10.558,10.562
RES,7,16,local-t4,10.558,10.562
RES,7,16,t4p8,10.544,10.555
RES,7,16,john-basic,9.469,9.477
RES,7,16,john-mem2,18.515,18.543
RES,7,32,pr-t4,11.235,11.242
RES,7,32,local-t4,11.216,11.223
RES,7,32,t4p8,11.319,11.328
RES,7,32,john-basic,15.811,15.817
RES,7,32,john-mem2,30.517,30.542
RES,7,48,pr-t4,12.156,12.166
RES,7,48,local-t4,12.158,12.168
RES,7,48,t4p8,11.221,11.233
RES,7,48,john-basic,22.103,22.115
RES,7,48,john-mem2,42.655,42.883
RES,7,64,pr-t4,14.500,14.518
RES,7,64,local-t4,14.472,14.488
RES,7,64,t4p8,12.154,12.162
RES,7,64,john-basic,15.135,15.158
RES,7,64,john-mem2,53.856,54.209
RES,7,80,pr-t4,21.608,21.635
RES,7,80,local-t4,21.601,21.638
RES,7,80,t4p8,21.604,21.632
RES,7,80,john-basic,19.361,19.385
RES,7,80,john-mem2,66.996,67.409
RES,7,96,pr-t4,22.402,22.435
RES,7,96,local-t4,22.337,22.439
RES,7,96,t4p8,22.375,22.414
RES,7,96,john-basic,24.647,24.661
RES,7,96,john-mem2,79.570,80.066
RES,7,112,pr-t4,22.867,22.907
RES,7,112,local-t4,22.758,22.790
RES,7,112,t4p8,22.846,22.874
RES,7,112,john-basic,30.623,30.639
RES,7,112,john-mem2,92.354,93.490
RES,7,128,pr-t4,21.458,21.489
RES,7,128,local-t4,21.463,21.489
RES,7,128,t4p8,19.605,19.625
RES,7,128,john-basic,26.678,26.720
RES,7,128,john-mem2,41.926,42.015
DONE: 7 correctness gates
