# date=2026-08-27T20:13:03Z
# host=ip-172-31-44-56
# model=Neoverse-V2
# reps=160 processes=7 pinned_cpu=3
PR_T4_LOCAL_T4_TEXT_IDENTICAL=yes
file,sha256,text_bytes
x8-enc.o,78605a647e192cc843d63e5ce89ba72ccd1788acc748f900edc54a9aad6b15d3,8624
x8-dec.o,67b973958a85e2d22bc580de78338726033a6ca014de682cf1ad0b96eb44dc94,5960
pr-dec.o,3ce0f1d097c025d9391cc8a3d4154fcad7275017a391489851fa089443a9a727,5960
t4p8-dec.o,275f142edf840275c3b5a830d9893d4648e97dfbefa83243e42759d72787151d,8832
jenc-basic.o,6bf67814c5bd307443fa4243487852774007a03a27bd5c3045c9c9a5f9f349a8,3416
jenc-dual_acc.o,966d7c853822aacf9850734f4777833380b119946732302d0be165263f62fb99,1940
jenc-fast_tail.o,2a2cbd57b79bd274c698b2c26a08bc5500b7794338f3e9a428229d48ab0ad59b,4380
jenc-reload_round_keys_partial.o,d6151bb5d4314ed7a6f2cf632f70cca95a11978fcd78281feeae1b674a7c9938,3544
jenc-scalar_iv_mem2_late_tag.o,ba582625f86619e917388158c25dd44c365caa7dd7da6bbb8bc568ed79e41126,4252
jenc-scalar_iv_mem2_late_tag_fast_tail.o,091e8947381102005a4e16b1bebaae140b9f87be55908858d97748a20156e0fd,4596
jenc-scalar_iv_mem_late_tag_scalar_rk.o,8417a714dad9e7dabe037f849f510400c9ae693a2fe1821bbcf8f39b730dc36c,3864
jdec-basic.o,613a41fe0c8dab5873b66e97ad0258853bb6d225aa41416ba902f0f239f221a7,1944
jdec-scalar_iv_mem2_late_tag.o,558e532ee85b1f10590f4d6aa1ca98163830a3727cfd6a44043549d2b665971f,3584
# SELFCHECK OK: 1..256 blocks, 5 variants
RES,1,16,pr-t4,12.518,12.559
RES,1,16,local-t4,12.521,12.531
RES,1,16,t4p8,12.325,12.367
RES,1,16,john-basic,11.117,11.133
RES,1,16,john-mem2,21.193,21.302
RES,1,32,pr-t4,13.193,13.199
RES,1,32,local-t4,13.186,13.193
RES,1,32,t4p8,13.352,13.370
RES,1,32,john-basic,18.576,18.627
RES,1,32,john-mem2,36.007,36.216
RES,1,48,pr-t4,15.148,15.219
RES,1,48,local-t4,15.150,15.204
RES,1,48,t4p8,14.417,14.593
RES,1,48,john-basic,26.053,26.151
RES,1,48,john-mem2,50.518,50.942
RES,1,64,pr-t4,18.289,18.332
RES,1,64,local-t4,18.354,18.376
RES,1,64,t4p8,14.886,14.933
RES,1,64,john-basic,18.572,18.911
RES,1,64,john-mem2,62.299,63.340
RES,1,80,pr-t4,26.012,26.050
RES,1,80,local-t4,26.023,26.342
RES,1,80,t4p8,26.039,26.165
RES,1,80,john-basic,24.025,24.268
RES,1,80,john-mem2,77.929,79.441
RES,1,96,pr-t4,26.930,26.964
RES,1,96,local-t4,26.934,27.149
RES,1,96,t4p8,26.862,26.996
RES,1,96,john-basic,30.302,30.479
RES,1,96,john-mem2,92.402,94.312
RES,1,112,pr-t4,27.508,27.541
RES,1,112,local-t4,27.489,27.824
RES,1,112,t4p8,27.465,27.576
RES,1,112,john-basic,37.272,37.506
RES,1,112,john-mem2,107.739,109.551
RES,1,128,pr-t4,25.616,25.645
RES,1,128,local-t4,25.402,26.004
RES,1,128,t4p8,22.910,23.147
RES,1,128,john-basic,32.443,32.785
RES,1,128,john-mem2,46.973,47.554
# SELFCHECK OK: 1..256 blocks, 5 variants
RES,2,16,pr-t4,12.522,12.556
RES,2,16,local-t4,12.520,12.531
RES,2,16,t4p8,12.326,12.368
RES,2,16,john-basic,11.117,11.122
RES,2,16,john-mem2,21.392,21.640
RES,2,32,pr-t4,13.194,13.198
RES,2,32,local-t4,13.187,13.193
RES,2,32,t4p8,13.349,13.369
RES,2,32,john-basic,18.571,18.626
RES,2,32,john-mem2,35.941,36.734
RES,2,48,pr-t4,15.143,15.213
RES,2,48,local-t4,15.128,15.201
RES,2,48,t4p8,14.248,14.501
RES,2,48,john-basic,26.056,26.131
RES,2,48,john-mem2,50.180,50.520
RES,2,64,pr-t4,18.276,18.332
RES,2,64,local-t4,18.349,18.383
RES,2,64,t4p8,14.881,14.925
RES,2,64,john-basic,18.649,18.717
RES,2,64,john-mem2,62.540,64.347
RES,2,80,pr-t4,26.016,26.048
RES,2,80,local-t4,26.022,26.215
RES,2,80,t4p8,26.033,26.078
RES,2,80,john-basic,24.026,24.192
RES,2,80,john-mem2,77.816,79.554
RES,2,96,pr-t4,26.921,26.964
RES,2,96,local-t4,26.946,27.228
RES,2,96,t4p8,26.854,26.994
RES,2,96,john-basic,30.299,30.415
RES,2,96,john-mem2,92.294,94.843
RES,2,112,pr-t4,27.513,27.541
RES,2,112,local-t4,27.426,27.708
RES,2,112,t4p8,27.450,27.651
RES,2,112,john-basic,37.281,37.342
RES,2,112,john-mem2,107.829,110.171
RES,2,128,pr-t4,25.544,25.647
RES,2,128,local-t4,25.401,25.869
RES,2,128,t4p8,22.908,22.934
RES,2,128,john-basic,32.445,32.777
RES,2,128,john-mem2,46.771,47.168
# SELFCHECK OK: 1..256 blocks, 5 variants
RES,3,16,pr-t4,12.521,12.558
RES,3,16,local-t4,12.522,12.530
RES,3,16,t4p8,12.328,12.368
RES,3,16,john-basic,11.116,11.124
RES,3,16,john-mem2,20.312,20.398
RES,3,32,pr-t4,13.192,13.200
RES,3,32,local-t4,13.187,13.193
RES,3,32,t4p8,13.350,13.368
RES,3,32,john-basic,18.573,18.624
RES,3,32,john-mem2,35.192,35.727
RES,3,48,pr-t4,15.152,15.219
RES,3,48,local-t4,15.119,15.202
RES,3,48,t4p8,14.513,14.612
RES,3,48,john-basic,26.058,26.153
RES,3,48,john-mem2,49.862,50.171
RES,3,64,pr-t4,18.283,18.330
RES,3,64,local-t4,18.353,18.384
RES,3,64,t4p8,14.881,14.929
RES,3,64,john-basic,18.618,18.685
RES,3,64,john-mem2,62.604,65.659
RES,3,80,pr-t4,26.016,26.048
RES,3,80,local-t4,26.023,26.325
RES,3,80,t4p8,26.030,26.150
RES,3,80,john-basic,24.029,24.082
RES,3,80,john-mem2,77.933,80.267
RES,3,96,pr-t4,26.914,26.963
RES,3,96,local-t4,26.927,27.032
RES,3,96,t4p8,26.852,26.989
RES,3,96,john-basic,30.294,30.404
RES,3,96,john-mem2,92.385,94.488
RES,3,112,pr-t4,27.510,27.544
RES,3,112,local-t4,27.444,27.816
RES,3,112,t4p8,27.499,27.785
RES,3,112,john-basic,37.304,37.357
RES,3,112,john-mem2,107.787,111.037
RES,3,128,pr-t4,25.544,25.649
RES,3,128,local-t4,25.410,25.699
RES,3,128,t4p8,22.908,23.385
RES,3,128,john-basic,32.470,32.809
RES,3,128,john-mem2,48.042,48.242
# SELFCHECK OK: 1..256 blocks, 5 variants
RES,4,16,pr-t4,12.522,12.558
RES,4,16,local-t4,12.521,12.531
RES,4,16,t4p8,12.327,12.368
RES,4,16,john-basic,11.116,11.122
RES,4,16,john-mem2,20.312,20.369
RES,4,32,pr-t4,13.194,13.199
RES,4,32,local-t4,13.188,13.194
RES,4,32,t4p8,13.349,13.369
RES,4,32,john-basic,18.572,18.624
RES,4,32,john-mem2,35.226,35.592
RES,4,48,pr-t4,15.135,15.206
RES,4,48,local-t4,15.114,15.202
RES,4,48,t4p8,14.272,14.517
RES,4,48,john-basic,26.059,26.155
RES,4,48,john-mem2,49.780,50.035
RES,4,64,pr-t4,18.285,18.332
RES,4,64,local-t4,18.350,18.383
RES,4,64,t4p8,14.879,14.931
RES,4,64,john-basic,18.645,18.704
RES,4,64,john-mem2,62.422,63.491
RES,4,80,pr-t4,26.019,26.050
RES,4,80,local-t4,26.014,26.155
RES,4,80,t4p8,26.034,26.080
RES,4,80,john-basic,24.034,24.189
RES,4,80,john-mem2,77.908,79.287
RES,4,96,pr-t4,26.929,26.965
RES,4,96,local-t4,26.956,27.226
RES,4,96,t4p8,26.860,26.990
RES,4,96,john-basic,30.292,30.418
RES,4,96,john-mem2,92.415,96.237
RES,4,112,pr-t4,27.518,27.546
RES,4,112,local-t4,27.485,27.819
RES,4,112,t4p8,27.476,27.761
RES,4,112,john-basic,37.316,37.499
RES,4,112,john-mem2,107.861,112.006
RES,4,128,pr-t4,25.546,25.646
RES,4,128,local-t4,25.411,25.937
RES,4,128,t4p8,22.906,23.388
RES,4,128,john-basic,32.442,32.973
RES,4,128,john-mem2,48.024,48.529
# SELFCHECK OK: 1..256 blocks, 5 variants
RES,5,16,pr-t4,12.520,12.558
RES,5,16,local-t4,12.520,12.530
RES,5,16,t4p8,12.322,12.367
RES,5,16,john-basic,11.116,11.121
RES,5,16,john-mem2,21.221,21.303
RES,5,32,pr-t4,13.194,13.199
RES,5,32,local-t4,13.186,13.193
RES,5,32,t4p8,13.348,13.368
RES,5,32,john-basic,18.570,18.627
RES,5,32,john-mem2,35.997,36.181
RES,5,48,pr-t4,15.167,15.216
RES,5,48,local-t4,15.129,15.210
RES,5,48,t4p8,14.549,14.589
RES,5,48,john-basic,26.059,26.156
RES,5,48,john-mem2,50.504,50.885
RES,5,64,pr-t4,18.286,18.332
RES,5,64,local-t4,18.354,18.380
RES,5,64,t4p8,14.885,14.927
RES,5,64,john-basic,18.610,18.738
RES,5,64,john-mem2,62.303,63.323
RES,5,80,pr-t4,26.021,26.050
RES,5,80,local-t4,26.033,26.444
RES,5,80,t4p8,26.031,26.217
RES,5,80,john-basic,24.029,24.284
RES,5,80,john-mem2,77.958,79.248
RES,5,96,pr-t4,26.918,26.964
RES,5,96,local-t4,26.950,27.220
RES,5,96,t4p8,26.869,26.998
RES,5,96,john-basic,30.289,30.419
RES,5,96,john-mem2,92.404,94.557
RES,5,112,pr-t4,27.508,27.541
RES,5,112,local-t4,27.481,27.824
RES,5,112,t4p8,27.489,27.615
RES,5,112,john-basic,37.309,37.471
RES,5,112,john-mem2,107.722,110.026
RES,5,128,pr-t4,25.618,25.645
RES,5,128,local-t4,25.411,25.697
RES,5,128,t4p8,22.904,23.240
RES,5,128,john-basic,32.446,32.921
RES,5,128,john-mem2,47.047,47.460
# SELFCHECK OK: 1..256 blocks, 5 variants
RES,6,16,pr-t4,12.521,12.558
RES,6,16,local-t4,12.521,12.531
RES,6,16,t4p8,12.325,12.369
RES,6,16,john-basic,11.117,11.134
RES,6,16,john-mem2,21.392,21.429
RES,6,32,pr-t4,13.193,13.200
RES,6,32,local-t4,13.189,13.193
RES,6,32,t4p8,13.348,13.369
RES,6,32,john-basic,18.571,18.626
RES,6,32,john-mem2,35.940,36.366
RES,6,48,pr-t4,15.153,15.212
RES,6,48,local-t4,15.136,15.204
RES,6,48,t4p8,14.440,14.496
RES,6,48,john-basic,26.056,26.125
RES,6,48,john-mem2,50.180,50.708
RES,6,64,pr-t4,18.288,18.338
RES,6,64,local-t4,18.346,18.380
RES,6,64,t4p8,14.884,14.930
RES,6,64,john-basic,18.651,18.936
RES,6,64,john-mem2,62.856,64.705
RES,6,80,pr-t4,26.018,26.054
RES,6,80,local-t4,26.022,26.326
RES,6,80,t4p8,26.035,26.273
RES,6,80,john-basic,24.021,24.179
RES,6,80,john-mem2,77.822,79.321
RES,6,96,pr-t4,26.921,26.965
RES,6,96,local-t4,26.947,27.049
RES,6,96,t4p8,26.855,26.988
RES,6,96,john-basic,30.289,30.416
RES,6,96,john-mem2,92.286,95.483
RES,6,112,pr-t4,27.517,27.547
RES,6,112,local-t4,27.484,27.610
RES,6,112,t4p8,27.479,27.579
RES,6,112,john-basic,37.300,37.506
RES,6,112,john-mem2,107.806,110.551
RES,6,128,pr-t4,25.613,25.646
RES,6,128,local-t4,25.410,25.876
RES,6,128,t4p8,22.906,23.378
RES,6,128,john-basic,32.448,32.799
RES,6,128,john-mem2,46.737,47.635
# SELFCHECK OK: 1..256 blocks, 5 variants
RES,7,16,pr-t4,12.522,12.558
RES,7,16,local-t4,12.522,12.531
RES,7,16,t4p8,12.327,12.367
RES,7,16,john-basic,11.118,11.135
RES,7,16,john-mem2,21.389,21.429
RES,7,32,pr-t4,13.193,13.200
RES,7,32,local-t4,13.188,13.193
RES,7,32,t4p8,13.350,13.371
RES,7,32,john-basic,18.570,18.624
RES,7,32,john-mem2,35.938,36.397
RES,7,48,pr-t4,15.161,15.210
RES,7,48,local-t4,15.136,15.201
RES,7,48,t4p8,14.429,14.496
RES,7,48,john-basic,26.060,26.156
RES,7,48,john-mem2,50.190,50.506
RES,7,64,pr-t4,18.267,18.336
RES,7,64,local-t4,18.348,18.385
RES,7,64,t4p8,14.883,14.931
RES,7,64,john-basic,18.628,18.685
RES,7,64,john-mem2,62.543,64.411
RES,7,80,pr-t4,26.021,26.049
RES,7,80,local-t4,26.026,26.323
RES,7,80,t4p8,26.041,26.162
RES,7,80,john-basic,24.032,24.186
RES,7,80,john-mem2,77.815,79.190
RES,7,96,pr-t4,26.933,26.963
RES,7,96,local-t4,26.954,27.049
RES,7,96,t4p8,26.861,26.988
RES,7,96,john-basic,30.288,30.399
RES,7,96,john-mem2,92.284,94.187
RES,7,112,pr-t4,27.510,27.545
RES,7,112,local-t4,27.412,27.775
RES,7,112,t4p8,27.490,27.640
RES,7,112,john-basic,37.283,37.498
RES,7,112,john-mem2,107.822,110.767
RES,7,128,pr-t4,25.556,25.647
RES,7,128,local-t4,25.403,25.652
RES,7,128,t4p8,22.904,23.273
RES,7,128,john-basic,32.438,32.779
RES,7,128,john-mem2,46.720,46.833
DONE: 7 correctness gates
