# date=2026-08-27T20:13:03Z
# host=ip-172-31-4-159
# model=Neoverse-V1
# reps=160 processes=7 pinned_cpu=3
PR_T4_LOCAL_T4_TEXT_IDENTICAL=yes
file,sha256,text_bytes
x8-enc.o,78605a647e192cc843d63e5ce89ba72ccd1788acc748f900edc54a9aad6b15d3,8624
x8-dec.o,67b973958a85e2d22bc580de78338726033a6ca014de682cf1ad0b96eb44dc94,5960
pr-dec.o,3ce0f1d097c025d9391cc8a3d4154fcad7275017a391489851fa089443a9a727,5960
t4p8-dec.o,275f142edf840275c3b5a830d9893d4648e97dfbefa83243e42759d72787151d,8832
jenc-basic.o,6bf67814c5bd307443fa4243487852774007a03a27bd5c3045c9c9a5f9f349a8,3416
jenc-dual_acc.o,966d7c853822aacf9850734f4777833380b119946732302d0be165263f62fb99,1940
jenc-fast_tail.o,2a2cbd57b79bd274c698b2c26a08bc5500b7794338f3e9a428229d48ab0ad59b,4380
jenc-reload_round_keys_partial.o,d6151bb5d4314ed7a6f2cf632f70cca95a11978fcd78281feeae1b674a7c9938,3544
jenc-scalar_iv_mem2_late_tag.o,ba582625f86619e917388158c25dd44c365caa7dd7da6bbb8bc568ed79e41126,4252
jenc-scalar_iv_mem2_late_tag_fast_tail.o,091e8947381102005a4e16b1bebaae140b9f87be55908858d97748a20156e0fd,4596
jenc-scalar_iv_mem_late_tag_scalar_rk.o,8417a714dad9e7dabe037f849f510400c9ae693a2fe1821bbcf8f39b730dc36c,3864
jdec-basic.o,613a41fe0c8dab5873b66e97ad0258853bb6d225aa41416ba902f0f239f221a7,1944
jdec-scalar_iv_mem2_late_tag.o,558e532ee85b1f10590f4d6aa1ca98163830a3727cfd6a44043549d2b665971f,3584
# SELFCHECK OK: 1..256 blocks, 5 variants
RES,1,16,pr-t4,13.932,14.094
RES,1,16,local-t4,13.744,14.000
RES,1,16,t4p8,13.906,13.940
RES,1,16,john-basic,12.607,12.728
RES,1,16,john-mem2,23.622,24.218
RES,1,32,pr-t4,15.256,15.269
RES,1,32,local-t4,15.246,15.284
RES,1,32,t4p8,14.854,14.890
RES,1,32,john-basic,20.630,21.031
RES,1,32,john-mem2,40.071,40.471
RES,1,48,pr-t4,18.613,18.640
RES,1,48,local-t4,18.572,18.598
RES,1,48,t4p8,15.500,15.512
RES,1,48,john-basic,29.047,29.146
RES,1,48,john-mem2,56.130,56.593
RES,1,64,pr-t4,22.557,22.658
RES,1,64,local-t4,22.661,22.911
RES,1,64,t4p8,17.197,17.265
RES,1,64,john-basic,22.334,22.979
RES,1,64,john-mem2,70.525,72.055
RES,1,80,pr-t4,30.082,30.327
RES,1,80,local-t4,30.014,30.187
RES,1,80,t4p8,30.057,30.284
RES,1,80,john-basic,29.007,29.474
RES,1,80,john-mem2,87.047,88.843
RES,1,96,pr-t4,30.940,31.475
RES,1,96,local-t4,30.851,31.088
RES,1,96,t4p8,30.950,31.095
RES,1,96,john-basic,36.553,37.506
RES,1,96,john-mem2,103.674,105.548
RES,1,112,pr-t4,34.319,34.609
RES,1,112,local-t4,31.921,34.506
RES,1,112,t4p8,31.863,34.608
RES,1,112,john-basic,44.924,45.434
RES,1,112,john-mem2,118.299,122.095
RES,1,128,pr-t4,30.225,30.573
RES,1,128,local-t4,30.042,30.228
RES,1,128,t4p8,27.241,27.549
RES,1,128,john-basic,39.450,40.622
RES,1,128,john-mem2,52.513,53.715
# SELFCHECK OK: 1..256 blocks, 5 variants
RES,2,16,pr-t4,13.932,14.095
RES,2,16,local-t4,13.878,13.970
RES,2,16,t4p8,13.907,13.938
RES,2,16,john-basic,12.604,12.712
RES,2,16,john-mem2,24.411,24.682
RES,2,32,pr-t4,15.256,15.269
RES,2,32,local-t4,15.252,15.283
RES,2,32,t4p8,14.878,14.891
RES,2,32,john-basic,20.832,21.012
RES,2,32,john-mem2,40.078,40.504
RES,2,48,pr-t4,18.607,18.853
RES,2,48,local-t4,18.567,18.599
RES,2,48,t4p8,15.498,15.512
RES,2,48,john-basic,28.977,29.127
RES,2,48,john-mem2,55.867,56.359
RES,2,64,pr-t4,22.555,22.663
RES,2,64,local-t4,22.661,22.882
RES,2,64,t4p8,17.198,17.251
RES,2,64,john-basic,22.255,23.049
RES,2,64,john-mem2,70.837,72.113
RES,2,80,pr-t4,30.093,30.411
RES,2,80,local-t4,30.017,30.168
RES,2,80,t4p8,30.057,30.212
RES,2,80,john-basic,29.029,29.466
RES,2,80,john-mem2,87.042,88.971
RES,2,96,pr-t4,30.941,31.411
RES,2,96,local-t4,30.859,31.073
RES,2,96,t4p8,30.937,31.127
RES,2,96,john-basic,36.531,37.647
RES,2,96,john-mem2,103.549,105.574
RES,2,112,pr-t4,34.280,34.583
RES,2,112,local-t4,31.892,34.015
RES,2,112,t4p8,31.820,32.369
RES,2,112,john-basic,44.887,45.394
RES,2,112,john-mem2,120.472,122.428
RES,2,128,pr-t4,30.237,30.675
RES,2,128,local-t4,30.056,30.286
RES,2,128,t4p8,27.270,27.548
RES,2,128,john-basic,39.469,40.704
RES,2,128,john-mem2,52.756,53.632
# SELFCHECK OK: 1..256 blocks, 5 variants
RES,3,16,pr-t4,13.924,14.096
RES,3,16,local-t4,13.855,13.995
RES,3,16,t4p8,13.906,13.939
RES,3,16,john-basic,12.612,12.721
RES,3,16,john-mem2,24.359,24.624
RES,3,32,pr-t4,15.254,15.270
RES,3,32,local-t4,15.272,15.284
RES,3,32,t4p8,14.878,14.892
RES,3,32,john-basic,20.904,21.012
RES,3,32,john-mem2,40.615,41.253
RES,3,48,pr-t4,18.612,18.642
RES,3,48,local-t4,18.574,18.603
RES,3,48,t4p8,15.494,15.510
RES,3,48,john-basic,29.047,29.203
RES,3,48,john-mem2,55.968,56.965
RES,3,64,pr-t4,22.547,22.661
RES,3,64,local-t4,22.657,22.908
RES,3,64,t4p8,17.200,17.272
RES,3,64,john-basic,22.340,22.932
RES,3,64,john-mem2,70.684,72.112
RES,3,80,pr-t4,30.092,30.419
RES,3,80,local-t4,30.011,30.242
RES,3,80,t4p8,30.061,30.220
RES,3,80,john-basic,29.017,29.470
RES,3,80,john-mem2,86.820,89.003
RES,3,96,pr-t4,30.917,31.431
RES,3,96,local-t4,30.843,31.112
RES,3,96,t4p8,30.933,31.097
RES,3,96,john-basic,36.529,37.574
RES,3,96,john-mem2,103.086,105.593
RES,3,112,pr-t4,33.461,34.508
RES,3,112,local-t4,31.964,35.404
RES,3,112,t4p8,31.865,34.554
RES,3,112,john-basic,44.877,45.135
RES,3,112,john-mem2,119.700,122.254
RES,3,128,pr-t4,30.233,30.663
RES,3,128,local-t4,30.047,30.244
RES,3,128,t4p8,27.300,27.565
RES,3,128,john-basic,39.373,40.548
RES,3,128,john-mem2,52.598,53.213
# SELFCHECK OK: 1..256 blocks, 5 variants
RES,4,16,pr-t4,13.942,14.096
RES,4,16,local-t4,13.871,13.997
RES,4,16,t4p8,13.908,13.940
RES,4,16,john-basic,12.617,12.741
RES,4,16,john-mem2,22.548,22.957
RES,4,32,pr-t4,15.254,15.315
RES,4,32,local-t4,15.271,15.284
RES,4,32,t4p8,14.855,14.891
RES,4,32,john-basic,20.892,21.047
RES,4,32,john-mem2,38.609,40.691
RES,4,48,pr-t4,18.619,18.640
RES,4,48,local-t4,18.568,18.593
RES,4,48,t4p8,15.500,15.511
RES,4,48,john-basic,29.042,29.205
RES,4,48,john-mem2,54.884,55.761
RES,4,64,pr-t4,22.550,22.661
RES,4,64,local-t4,22.659,22.876
RES,4,64,t4p8,17.201,17.257
RES,4,64,john-basic,22.366,23.003
RES,4,64,john-mem2,71.014,72.796
RES,4,80,pr-t4,30.097,30.466
RES,4,80,local-t4,30.012,30.207
RES,4,80,t4p8,30.064,30.207
RES,4,80,john-basic,28.933,29.504
RES,4,80,john-mem2,87.044,89.847
RES,4,96,pr-t4,30.933,31.649
RES,4,96,local-t4,30.838,31.079
RES,4,96,t4p8,30.960,31.176
RES,4,96,john-basic,36.603,37.615
RES,4,96,john-mem2,103.872,106.341
RES,4,112,pr-t4,32.902,34.370
RES,4,112,local-t4,32.208,35.329
RES,4,112,t4p8,31.865,34.573
RES,4,112,john-basic,44.519,45.388
RES,4,112,john-mem2,119.826,123.058
RES,4,128,pr-t4,30.225,30.743
RES,4,128,local-t4,30.052,30.214
RES,4,128,t4p8,27.206,27.539
RES,4,128,john-basic,39.477,40.592
RES,4,128,john-mem2,52.629,53.492
# SELFCHECK OK: 1..256 blocks, 5 variants
RES,5,16,pr-t4,13.930,14.094
RES,5,16,local-t4,13.867,14.003
RES,5,16,t4p8,13.906,13.933
RES,5,16,john-basic,12.608,12.719
RES,5,16,john-mem2,23.076,23.142
RES,5,32,pr-t4,15.255,15.317
RES,5,32,local-t4,15.272,15.284
RES,5,32,t4p8,14.862,14.891
RES,5,32,john-basic,20.832,21.036
RES,5,32,john-mem2,38.637,41.160
RES,5,48,pr-t4,18.619,18.643
RES,5,48,local-t4,18.568,18.596
RES,5,48,t4p8,15.499,15.512
RES,5,48,john-basic,29.062,29.148
RES,5,48,john-mem2,54.864,55.698
RES,5,64,pr-t4,22.556,22.663
RES,5,64,local-t4,22.656,22.878
RES,5,64,t4p8,17.196,17.259
RES,5,64,john-basic,22.441,22.970
RES,5,64,john-mem2,70.891,73.207
RES,5,80,pr-t4,30.116,30.456
RES,5,80,local-t4,30.010,30.178
RES,5,80,t4p8,30.055,30.223
RES,5,80,john-basic,29.004,29.485
RES,5,80,john-mem2,86.620,90.332
RES,5,96,pr-t4,31.009,31.724
RES,5,96,local-t4,30.832,31.091
RES,5,96,t4p8,30.960,31.157
RES,5,96,john-basic,36.557,37.419
RES,5,96,john-mem2,103.252,106.620
RES,5,112,pr-t4,33.528,34.448
RES,5,112,local-t4,32.154,35.351
RES,5,112,t4p8,31.869,34.535
RES,5,112,john-basic,44.921,45.134
RES,5,112,john-mem2,118.908,123.319
RES,5,128,pr-t4,30.214,30.781
RES,5,128,local-t4,30.040,30.224
RES,5,128,t4p8,26.742,27.534
RES,5,128,john-basic,39.480,40.722
RES,5,128,john-mem2,53.066,53.691
# SELFCHECK OK: 1..256 blocks, 5 variants
RES,6,16,pr-t4,13.937,14.096
RES,6,16,local-t4,13.857,13.967
RES,6,16,t4p8,13.907,13.938
RES,6,16,john-basic,12.612,12.705
RES,6,16,john-mem2,23.880,24.168
RES,6,32,pr-t4,15.255,15.315
RES,6,32,local-t4,15.252,15.283
RES,6,32,t4p8,14.878,14.893
RES,6,32,john-basic,20.909,21.031
RES,6,32,john-mem2,40.268,41.015
RES,6,48,pr-t4,18.614,18.642
RES,6,48,local-t4,18.569,18.598
RES,6,48,t4p8,15.498,15.511
RES,6,48,john-basic,29.043,29.178
RES,6,48,john-mem2,55.949,57.158
RES,6,64,pr-t4,22.554,22.656
RES,6,64,local-t4,22.655,22.875
RES,6,64,t4p8,17.199,17.296
RES,6,64,john-basic,22.313,22.940
RES,6,64,john-mem2,70.587,72.038
RES,6,80,pr-t4,30.108,30.409
RES,6,80,local-t4,30.014,30.200
RES,6,80,t4p8,30.055,30.230
RES,6,80,john-basic,29.021,29.485
RES,6,80,john-mem2,87.018,88.813
RES,6,96,pr-t4,30.927,31.419
RES,6,96,local-t4,30.856,31.126
RES,6,96,t4p8,30.939,31.089
RES,6,96,john-basic,36.716,37.643
RES,6,96,john-mem2,103.774,105.347
RES,6,112,pr-t4,33.614,34.503
RES,6,112,local-t4,31.961,35.342
RES,6,112,t4p8,31.864,34.635
RES,6,112,john-basic,44.900,45.429
RES,6,112,john-mem2,118.901,122.206
RES,6,128,pr-t4,30.222,30.607
RES,6,128,local-t4,30.042,30.221
RES,6,128,t4p8,27.048,27.549
RES,6,128,john-basic,39.476,40.603
RES,6,128,john-mem2,52.685,53.293
# SELFCHECK OK: 1..256 blocks, 5 variants
RES,7,16,pr-t4,13.955,14.094
RES,7,16,local-t4,13.861,13.967
RES,7,16,t4p8,13.907,13.935
RES,7,16,john-basic,12.607,12.721
RES,7,16,john-mem2,22.547,22.788
RES,7,32,pr-t4,15.252,15.269
RES,7,32,local-t4,15.244,15.283
RES,7,32,t4p8,14.843,14.891
RES,7,32,john-basic,20.848,21.028
RES,7,32,john-mem2,38.568,39.762
RES,7,48,pr-t4,18.614,18.775
RES,7,48,local-t4,18.568,18.593
RES,7,48,t4p8,15.500,15.511
RES,7,48,john-basic,29.030,29.135
RES,7,48,john-mem2,54.867,55.603
RES,7,64,pr-t4,22.551,22.658
RES,7,64,local-t4,22.660,22.862
RES,7,64,t4p8,17.209,17.270
RES,7,64,john-basic,22.370,23.112
RES,7,64,john-mem2,70.480,72.663
RES,7,80,pr-t4,30.098,30.479
RES,7,80,local-t4,30.019,30.202
RES,7,80,t4p8,30.032,30.221
RES,7,80,john-basic,28.879,29.479
RES,7,80,john-mem2,86.352,89.844
RES,7,96,pr-t4,30.968,31.794
RES,7,96,local-t4,30.850,31.076
RES,7,96,t4p8,30.965,31.165
RES,7,96,john-basic,36.509,37.334
RES,7,96,john-mem2,104.098,106.787
RES,7,112,pr-t4,32.629,34.352
RES,7,112,local-t4,32.002,35.353
RES,7,112,t4p8,31.873,34.472
RES,7,112,john-basic,44.908,45.271
RES,7,112,john-mem2,119.840,123.659
RES,7,128,pr-t4,30.227,30.724
RES,7,128,local-t4,29.980,30.264
RES,7,128,t4p8,26.871,27.539
RES,7,128,john-basic,39.486,40.363
RES,7,128,john-mem2,52.125,53.527
DONE: 7 correctness gates
