# date=2026-08-27T19:17:19Z
# host=ip-172-31-42-229
# model=Neoverse-V3
# reps=160 processes=7 pinned_cpu=3
file,sha256,text_bytes
x8-enc.o,78605a647e192cc843d63e5ce89ba72ccd1788acc748f900edc54a9aad6b15d3,8624
x8-dec.o,67b973958a85e2d22bc580de78338726033a6ca014de682cf1ad0b96eb44dc94,5960
jenc-basic.o,6bf67814c5bd307443fa4243487852774007a03a27bd5c3045c9c9a5f9f349a8,3416
jenc-dual_acc.o,966d7c853822aacf9850734f4777833380b119946732302d0be165263f62fb99,1940
jenc-fast_tail.o,2a2cbd57b79bd274c698b2c26a08bc5500b7794338f3e9a428229d48ab0ad59b,4380
jenc-reload_round_keys_partial.o,d6151bb5d4314ed7a6f2cf632f70cca95a11978fcd78281feeae1b674a7c9938,3544
jenc-scalar_iv_mem2_late_tag.o,ba582625f86619e917388158c25dd44c365caa7dd7da6bbb8bc568ed79e41126,4252
jenc-scalar_iv_mem2_late_tag_fast_tail.o,091e8947381102005a4e16b1bebaae140b9f87be55908858d97748a20156e0fd,4596
jenc-scalar_iv_mem_late_tag_scalar_rk.o,8417a714dad9e7dabe037f849f510400c9ae693a2fe1821bbcf8f39b730dc36c,3864
jdec-basic.o,613a41fe0c8dab5873b66e97ad0258853bb6d225aa41416ba902f0f239f221a7,1944
jdec-scalar_iv_mem2_late_tag.o,558e532ee85b1f10590f4d6aa1ca98163830a3727cfd6a44043549d2b665971f,3584
# SELFCHECK OK: 1..256 blocks, 8 variants
RES,1,16,enc-x8,10.575,10.597
RES,1,16,enc-basic,9.483,9.490
RES,1,16,enc-dual,9.552,9.559
RES,1,16,enc-fasttail,9.340,9.351
RES,1,16,enc-reload,9.752,9.764
RES,1,16,enc-mem2,24.248,24.471
RES,1,16,enc-mem2tail,23.948,24.187
RES,1,16,enc-scalarrk,22.966,23.074
RES,1,32,enc-x8,11.044,11.061
RES,1,32,enc-basic,15.811,15.817
RES,1,32,enc-dual,15.809,15.815
RES,1,32,enc-fasttail,10.731,10.742
RES,1,32,enc-reload,15.802,15.818
RES,1,32,enc-mem2,30.510,30.916
RES,1,32,enc-mem2tail,24.619,25.286
RES,1,32,enc-scalarrk,29.396,29.515
RES,1,48,enc-x8,13.832,13.856
RES,1,48,enc-basic,22.095,22.117
RES,1,48,enc-dual,22.096,22.116
RES,1,48,enc-fasttail,13.947,13.966
RES,1,48,enc-reload,22.085,22.114
RES,1,48,enc-mem2,37.036,37.454
RES,1,48,enc-mem2tail,26.192,27.084
RES,1,48,enc-scalarrk,35.636,35.743
RES,1,64,enc-x8,14.955,14.988
RES,1,64,enc-basic,18.719,18.753
RES,1,64,enc-dual,16.469,16.491
RES,1,64,enc-fasttail,16.810,16.857
RES,1,64,enc-reload,18.718,18.736
RES,1,64,enc-mem2,29.093,29.456
RES,1,64,enc-mem2tail,29.947,30.005
RES,1,64,enc-scalarrk,29.152,29.421
RES,1,80,enc-x8,21.627,21.651
RES,1,80,enc-basic,24.518,24.537
RES,1,80,enc-dual,21.837,21.865
RES,1,80,enc-fasttail,21.897,21.924
RES,1,80,enc-reload,24.463,24.489
RES,1,80,enc-mem2,41.336,41.687
RES,1,80,enc-mem2tail,41.882,42.075
RES,1,80,enc-scalarrk,35.700,35.736
RES,1,96,enc-x8,22.222,22.242
RES,1,96,enc-basic,30.104,30.137
RES,1,96,enc-dual,27.117,27.281
RES,1,96,enc-fasttail,24.591,24.619
RES,1,96,enc-reload,30.116,30.564
RES,1,96,enc-mem2,46.986,47.548
RES,1,96,enc-mem2tail,42.427,42.509
RES,1,96,enc-scalarrk,41.992,42.297
RES,1,112,enc-x8,22.771,22.796
RES,1,112,enc-basic,36.512,36.552
RES,1,112,enc-dual,32.929,32.978
RES,1,112,enc-fasttail,27.889,27.930
RES,1,112,enc-reload,36.419,36.464
RES,1,112,enc-mem2,54.314,54.367
RES,1,112,enc-mem2tail,43.816,43.857
RES,1,112,enc-scalarrk,48.399,48.485
RES,1,128,enc-x8,21.433,21.471
RES,1,128,enc-basic,28.229,28.284
RES,1,128,enc-dual,28.692,28.722
RES,1,128,enc-fasttail,29.149,29.196
RES,1,128,enc-reload,29.154,29.192
RES,1,128,enc-mem2,44.993,45.160
RES,1,128,enc-mem2tail,42.056,42.102
RES,1,128,enc-scalarrk,38.160,38.258
# SELFCHECK OK: 1..256 blocks, 3 variants
RES,1,16,dec-x8,10.558,10.562
RES,1,16,dec-basic,9.469,9.476
RES,1,16,dec-mem2,18.069,18.090
RES,1,32,dec-x8,11.232,11.241
RES,1,32,dec-basic,15.812,15.819
RES,1,32,dec-mem2,30.488,30.742
RES,1,48,dec-x8,12.158,12.168
RES,1,48,dec-basic,22.103,22.113
RES,1,48,dec-mem2,42.616,42.949
RES,1,64,dec-x8,14.504,14.524
RES,1,64,dec-basic,15.140,15.163
RES,1,64,dec-mem2,52.842,53.323
RES,1,80,dec-x8,21.616,21.635
RES,1,80,dec-basic,19.232,19.250
RES,1,80,dec-mem2,65.753,66.184
RES,1,96,dec-x8,22.395,22.430
RES,1,96,dec-basic,24.642,24.662
RES,1,96,dec-mem2,78.529,79.773
RES,1,112,dec-x8,22.859,22.907
RES,1,112,dec-basic,30.623,30.635
RES,1,112,dec-mem2,91.248,91.816
RES,1,128,dec-x8,21.463,21.488
RES,1,128,dec-basic,26.627,26.657
RES,1,128,dec-mem2,41.908,41.993
# SELFCHECK OK: 1..256 blocks, 8 variants
RES,2,16,enc-x8,10.568,10.598
RES,2,16,enc-basic,9.468,9.477
RES,2,16,enc-dual,9.552,9.559
RES,2,16,enc-fasttail,9.341,9.351
RES,2,16,enc-reload,9.752,9.763
RES,2,16,enc-mem2,23.801,24.921
RES,2,16,enc-mem2tail,23.763,24.277
RES,2,16,enc-scalarrk,22.968,23.078
RES,2,32,enc-x8,11.056,11.104
RES,2,32,enc-basic,15.811,15.816
RES,2,32,enc-dual,15.809,15.816
RES,2,32,enc-fasttail,10.724,10.742
RES,2,32,enc-reload,15.804,15.815
RES,2,32,enc-mem2,30.603,31.136
RES,2,32,enc-mem2tail,24.547,25.161
RES,2,32,enc-scalarrk,29.358,29.513
RES,2,48,enc-x8,13.838,13.862
RES,2,48,enc-basic,22.095,22.114
RES,2,48,enc-dual,22.098,22.117
RES,2,48,enc-fasttail,13.942,13.965
RES,2,48,enc-reload,22.086,22.111
RES,2,48,enc-mem2,36.894,37.969
RES,2,48,enc-mem2tail,26.135,26.805
RES,2,48,enc-scalarrk,35.566,35.687
RES,2,64,enc-x8,14.958,14.984
RES,2,64,enc-basic,18.744,18.780
RES,2,64,enc-dual,16.423,16.442
RES,2,64,enc-fasttail,16.812,16.852
RES,2,64,enc-reload,18.712,18.734
RES,2,64,enc-mem2,29.487,30.427
RES,2,64,enc-mem2tail,29.956,29.994
RES,2,64,enc-scalarrk,29.180,29.414
RES,2,80,enc-x8,21.633,21.652
RES,2,80,enc-basic,24.521,24.541
RES,2,80,enc-dual,21.677,21.699
RES,2,80,enc-fasttail,21.900,21.926
RES,2,80,enc-reload,24.471,24.488
RES,2,80,enc-mem2,41.469,41.527
RES,2,80,enc-mem2tail,41.755,41.868
RES,2,80,enc-scalarrk,35.695,35.730
RES,2,96,enc-x8,22.217,22.242
RES,2,96,enc-basic,30.119,30.543
RES,2,96,enc-dual,27.074,27.128
RES,2,96,enc-fasttail,24.587,24.622
RES,2,96,enc-reload,30.096,30.645
RES,2,96,enc-mem2,46.506,47.287
RES,2,96,enc-mem2tail,42.467,42.549
RES,2,96,enc-scalarrk,41.974,42.297
RES,2,112,enc-x8,22.777,22.796
RES,2,112,enc-basic,36.516,36.553
RES,2,112,enc-dual,32.965,32.992
RES,2,112,enc-fasttail,27.899,27.930
RES,2,112,enc-reload,36.429,36.466
RES,2,112,enc-mem2,53.927,53.980
RES,2,112,enc-mem2tail,43.545,43.582
RES,2,112,enc-scalarrk,48.107,48.508
RES,2,128,enc-x8,21.429,21.473
RES,2,128,enc-basic,28.327,28.386
RES,2,128,enc-dual,28.633,28.666
RES,2,128,enc-fasttail,29.160,29.197
RES,2,128,enc-reload,29.152,29.192
RES,2,128,enc-mem2,43.915,43.979
RES,2,128,enc-mem2tail,43.215,43.251
RES,2,128,enc-scalarrk,38.211,38.260
# SELFCHECK OK: 1..256 blocks, 3 variants
RES,2,16,dec-x8,10.559,10.562
RES,2,16,dec-basic,9.474,9.481
RES,2,16,dec-mem2,17.736,17.750
RES,2,32,dec-x8,11.233,11.241
RES,2,32,dec-basic,15.813,15.819
RES,2,32,dec-mem2,29.876,29.993
RES,2,48,dec-x8,12.153,12.164
RES,2,48,dec-basic,22.103,22.116
RES,2,48,dec-mem2,42.056,42.346
RES,2,64,dec-x8,14.508,14.523
RES,2,64,dec-basic,15.140,15.162
RES,2,64,dec-mem2,54.033,54.578
RES,2,80,dec-x8,21.611,21.636
RES,2,80,dec-basic,19.232,19.252
RES,2,80,dec-mem2,67.011,67.420
RES,2,96,dec-x8,22.400,22.430
RES,2,96,dec-basic,24.644,24.660
RES,2,96,dec-mem2,79.339,80.250
RES,2,112,dec-x8,22.863,22.906
RES,2,112,dec-basic,30.623,30.637
RES,2,112,dec-mem2,92.395,93.618
RES,2,128,dec-x8,21.462,21.487
RES,2,128,dec-basic,26.627,26.662
RES,2,128,dec-mem2,42.669,42.720
# SELFCHECK OK: 1..256 blocks, 8 variants
RES,3,16,enc-x8,10.575,10.596
RES,3,16,enc-basic,9.485,9.490
RES,3,16,enc-dual,9.550,9.559
RES,3,16,enc-fasttail,9.331,9.342
RES,3,16,enc-reload,9.751,9.764
RES,3,16,enc-mem2,24.188,24.803
RES,3,16,enc-mem2tail,22.634,23.325
RES,3,16,enc-scalarrk,22.951,23.076
RES,3,32,enc-x8,11.053,11.103
RES,3,32,enc-basic,15.809,15.817
RES,3,32,enc-dual,15.811,15.816
RES,3,32,enc-fasttail,10.926,10.946
RES,3,32,enc-reload,15.804,15.810
RES,3,32,enc-mem2,30.436,31.034
RES,3,32,enc-mem2tail,24.398,25.390
RES,3,32,enc-scalarrk,29.361,29.515
RES,3,48,enc-x8,13.838,13.862
RES,3,48,enc-basic,22.096,22.117
RES,3,48,enc-dual,22.099,22.117
RES,3,48,enc-fasttail,13.950,13.982
RES,3,48,enc-reload,22.086,22.116
RES,3,48,enc-mem2,37.169,37.970
RES,3,48,enc-mem2tail,26.605,27.033
RES,3,48,enc-scalarrk,35.622,35.678
RES,3,64,enc-x8,14.961,14.985
RES,3,64,enc-basic,18.722,18.763
RES,3,64,enc-dual,16.417,16.442
RES,3,64,enc-fasttail,16.825,16.870
RES,3,64,enc-reload,18.715,18.735
RES,3,64,enc-mem2,29.179,29.849
RES,3,64,enc-mem2tail,29.749,30.071
RES,3,64,enc-scalarrk,29.205,29.426
RES,3,80,enc-x8,21.633,21.652
RES,3,80,enc-basic,24.516,24.538
RES,3,80,enc-dual,21.675,21.698
RES,3,80,enc-fasttail,21.903,21.925
RES,3,80,enc-reload,24.465,24.488
RES,3,80,enc-mem2,41.637,41.787
RES,3,80,enc-mem2tail,41.572,41.636
RES,3,80,enc-scalarrk,35.697,35.731
RES,3,96,enc-x8,22.218,22.241
RES,3,96,enc-basic,30.105,30.136
RES,3,96,enc-dual,27.075,27.122
RES,3,96,enc-fasttail,24.580,24.617
RES,3,96,enc-reload,30.147,30.557
RES,3,96,enc-mem2,46.626,47.150
RES,3,96,enc-mem2tail,42.525,42.576
RES,3,96,enc-scalarrk,41.981,42.291
RES,3,112,enc-x8,22.766,22.797
RES,3,112,enc-basic,36.517,36.556
RES,3,112,enc-dual,32.931,32.963
RES,3,112,enc-fasttail,27.897,27.931
RES,3,112,enc-reload,36.429,36.466
RES,3,112,enc-mem2,54.088,54.444
RES,3,112,enc-mem2tail,43.539,43.588
RES,3,112,enc-scalarrk,47.745,48.469
RES,3,128,enc-x8,21.438,21.469
RES,3,128,enc-basic,28.230,28.287
RES,3,128,enc-dual,28.633,28.670
RES,3,128,enc-fasttail,29.158,29.196
RES,3,128,enc-reload,29.157,29.189
RES,3,128,enc-mem2,43.919,43.978
RES,3,128,enc-mem2tail,43.174,43.220
RES,3,128,enc-scalarrk,38.222,38.258
# SELFCHECK OK: 1..256 blocks, 3 variants
RES,3,16,dec-x8,10.558,10.562
RES,3,16,dec-basic,9.474,9.480
RES,3,16,dec-mem2,17.732,17.749
RES,3,32,dec-x8,11.234,11.241
RES,3,32,dec-basic,15.815,15.820
RES,3,32,dec-mem2,29.873,29.913
RES,3,48,dec-x8,12.154,12.164
RES,3,48,dec-basic,22.103,22.109
RES,3,48,dec-mem2,42.091,42.348
RES,3,64,dec-x8,14.503,14.523
RES,3,64,dec-basic,15.141,15.163
RES,3,64,dec-mem2,54.024,54.410
RES,3,80,dec-x8,21.615,21.633
RES,3,80,dec-basic,19.233,19.252
RES,3,80,dec-mem2,67.010,67.591
RES,3,96,dec-x8,22.396,22.428
RES,3,96,dec-basic,24.637,24.660
RES,3,96,dec-mem2,79.539,80.087
RES,3,112,dec-x8,22.863,22.906
RES,3,112,dec-basic,30.620,30.635
RES,3,112,dec-mem2,92.407,93.349
RES,3,128,dec-x8,21.459,21.484
RES,3,128,dec-basic,26.622,26.663
RES,3,128,dec-mem2,42.676,42.724
# SELFCHECK OK: 1..256 blocks, 8 variants
RES,4,16,enc-x8,10.578,10.596
RES,4,16,enc-basic,9.483,9.489
RES,4,16,enc-dual,9.550,9.558
RES,4,16,enc-fasttail,9.339,9.351
RES,4,16,enc-reload,9.691,9.758
RES,4,16,enc-mem2,24.211,24.476
RES,4,16,enc-mem2tail,23.948,24.167
RES,4,16,enc-scalarrk,22.972,23.078
RES,4,32,enc-x8,11.048,11.097
RES,4,32,enc-basic,15.812,15.818
RES,4,32,enc-dual,15.812,15.818
RES,4,32,enc-fasttail,10.729,10.743
RES,4,32,enc-reload,15.805,15.810
RES,4,32,enc-mem2,30.398,30.598
RES,4,32,enc-mem2tail,24.572,25.546
RES,4,32,enc-scalarrk,29.396,29.516
RES,4,48,enc-x8,13.839,13.863
RES,4,48,enc-basic,22.096,22.101
RES,4,48,enc-dual,22.101,22.109
RES,4,48,enc-fasttail,13.947,13.966
RES,4,48,enc-reload,22.089,22.110
RES,4,48,enc-mem2,37.012,37.457
RES,4,48,enc-mem2tail,26.357,27.309
RES,4,48,enc-scalarrk,35.579,35.768
RES,4,64,enc-x8,14.971,15.005
RES,4,64,enc-basic,18.723,18.757
RES,4,64,enc-dual,16.419,16.443
RES,4,64,enc-fasttail,16.815,16.864
RES,4,64,enc-reload,18.720,18.736
RES,4,64,enc-mem2,29.019,29.465
RES,4,64,enc-mem2tail,29.874,30.013
RES,4,64,enc-scalarrk,29.116,29.417
RES,4,80,enc-x8,21.633,21.651
RES,4,80,enc-basic,24.519,24.537
RES,4,80,enc-dual,21.678,21.703
RES,4,80,enc-fasttail,21.906,21.925
RES,4,80,enc-reload,24.468,24.490
RES,4,80,enc-mem2,40.758,41.667
RES,4,80,enc-mem2tail,41.785,41.900
RES,4,80,enc-scalarrk,35.696,35.728
RES,4,96,enc-x8,22.218,22.242
RES,4,96,enc-basic,30.113,30.559
RES,4,96,enc-dual,27.085,27.124
RES,4,96,enc-fasttail,24.591,24.621
RES,4,96,enc-reload,30.134,30.559
RES,4,96,enc-mem2,47.466,48.263
RES,4,96,enc-mem2tail,42.445,42.530
RES,4,96,enc-scalarrk,41.947,42.297
RES,4,112,enc-x8,22.769,22.795
RES,4,112,enc-basic,36.528,36.561
RES,4,112,enc-dual,32.928,32.953
RES,4,112,enc-fasttail,27.903,27.932
RES,4,112,enc-reload,36.426,36.471
RES,4,112,enc-mem2,54.905,55.258
RES,4,112,enc-mem2tail,43.510,43.558
RES,4,112,enc-scalarrk,47.484,48.467
RES,4,128,enc-x8,21.423,21.471
RES,4,128,enc-basic,28.230,28.282
RES,4,128,enc-dual,28.644,28.671
RES,4,128,enc-fasttail,29.161,29.195
RES,4,128,enc-reload,29.160,29.190
RES,4,128,enc-mem2,45.000,45.087
RES,4,128,enc-mem2tail,42.051,42.105
RES,4,128,enc-scalarrk,38.214,38.259
# SELFCHECK OK: 1..256 blocks, 3 variants
RES,4,16,dec-x8,10.558,10.561
RES,4,16,dec-basic,9.473,9.478
RES,4,16,dec-mem2,17.733,17.900
RES,4,32,dec-x8,11.232,11.241
RES,4,32,dec-basic,15.813,15.820
RES,4,32,dec-mem2,29.894,30.118
RES,4,48,dec-x8,12.145,12.157
RES,4,48,dec-basic,22.102,22.114
RES,4,48,dec-mem2,42.083,42.544
RES,4,64,dec-x8,14.473,14.490
RES,4,64,dec-basic,15.146,15.163
RES,4,64,dec-mem2,53.709,54.151
RES,4,80,dec-x8,21.617,21.635
RES,4,80,dec-basic,19.234,19.252
RES,4,80,dec-mem2,66.918,67.290
RES,4,96,dec-x8,22.403,22.431
RES,4,96,dec-basic,24.640,24.661
RES,4,96,dec-mem2,79.496,80.052
RES,4,112,dec-x8,22.868,22.902
RES,4,112,dec-basic,30.621,30.635
RES,4,112,dec-mem2,92.310,93.529
RES,4,128,dec-x8,21.462,21.486
RES,4,128,dec-basic,26.622,26.663
RES,4,128,dec-mem2,42.567,42.624
# SELFCHECK OK: 1..256 blocks, 8 variants
RES,5,16,enc-x8,10.580,10.600
RES,5,16,enc-basic,9.484,9.490
RES,5,16,enc-dual,9.551,9.558
RES,5,16,enc-fasttail,9.336,9.351
RES,5,16,enc-reload,9.754,9.764
RES,5,16,enc-mem2,24.246,24.554
RES,5,16,enc-mem2tail,24.449,24.585
RES,5,16,enc-scalarrk,22.964,23.082
RES,5,32,enc-x8,11.034,11.061
RES,5,32,enc-basic,15.811,15.817
RES,5,32,enc-dual,15.810,15.816
RES,5,32,enc-fasttail,10.730,10.742
RES,5,32,enc-reload,15.802,15.809
RES,5,32,enc-mem2,30.597,30.871
RES,5,32,enc-mem2tail,24.942,25.759
RES,5,32,enc-scalarrk,29.396,29.548
RES,5,48,enc-x8,13.830,13.858
RES,5,48,enc-basic,22.096,22.116
RES,5,48,enc-dual,22.098,22.117
RES,5,48,enc-fasttail,13.945,13.966
RES,5,48,enc-reload,22.084,22.111
RES,5,48,enc-mem2,37.586,37.751
RES,5,48,enc-mem2tail,26.112,27.225
RES,5,48,enc-scalarrk,35.536,35.703
RES,5,64,enc-x8,14.955,14.986
RES,5,64,enc-basic,18.721,18.756
RES,5,64,enc-dual,16.421,16.444
RES,5,64,enc-fasttail,16.804,16.852
RES,5,64,enc-reload,18.731,18.754
RES,5,64,enc-mem2,29.463,29.497
RES,5,64,enc-mem2tail,29.725,30.008
RES,5,64,enc-scalarrk,29.082,29.409
RES,5,80,enc-x8,21.631,21.652
RES,5,80,enc-basic,24.517,24.537
RES,5,80,enc-dual,21.679,21.701
RES,5,80,enc-fasttail,21.903,21.926
RES,5,80,enc-reload,24.482,24.502
RES,5,80,enc-mem2,42.189,42.335
RES,5,80,enc-mem2tail,41.801,41.892
RES,5,80,enc-scalarrk,35.694,35.726
RES,5,96,enc-x8,22.210,22.243
RES,5,96,enc-basic,30.103,30.133
RES,5,96,enc-dual,27.083,27.126
RES,5,96,enc-fasttail,24.588,24.621
RES,5,96,enc-reload,30.122,30.641
RES,5,96,enc-mem2,47.702,47.937
RES,5,96,enc-mem2tail,42.570,42.711
RES,5,96,enc-scalarrk,41.985,42.290
RES,5,112,enc-x8,22.766,22.797
RES,5,112,enc-basic,36.520,36.555
RES,5,112,enc-dual,32.957,32.991
RES,5,112,enc-fasttail,27.898,27.931
RES,5,112,enc-reload,36.430,36.471
RES,5,112,enc-mem2,54.715,55.077
RES,5,112,enc-mem2tail,43.521,43.566
RES,5,112,enc-scalarrk,48.395,48.457
RES,5,128,enc-x8,21.440,21.472
RES,5,128,enc-basic,28.236,28.282
RES,5,128,enc-dual,28.622,28.666
RES,5,128,enc-fasttail,29.164,29.193
RES,5,128,enc-reload,29.155,29.194
RES,5,128,enc-mem2,44.976,45.023
RES,5,128,enc-mem2tail,42.081,42.148
RES,5,128,enc-scalarrk,38.221,38.259
# SELFCHECK OK: 1..256 blocks, 3 variants
RES,5,16,dec-x8,10.558,10.562
RES,5,16,dec-basic,9.473,9.479
RES,5,16,dec-mem2,17.731,17.752
RES,5,32,dec-x8,11.231,11.240
RES,5,32,dec-basic,15.813,15.820
RES,5,32,dec-mem2,29.875,29.901
RES,5,48,dec-x8,12.154,12.164
RES,5,48,dec-basic,22.103,22.114
RES,5,48,dec-mem2,42.055,42.325
RES,5,64,dec-x8,14.508,14.522
RES,5,64,dec-basic,15.142,15.163
RES,5,64,dec-mem2,54.038,54.386
RES,5,80,dec-x8,21.612,21.635
RES,5,80,dec-basic,19.234,19.252
RES,5,80,dec-mem2,67.012,67.420
RES,5,96,dec-x8,22.402,22.430
RES,5,96,dec-basic,24.644,24.663
RES,5,96,dec-mem2,79.521,80.515
RES,5,112,dec-x8,22.866,22.901
RES,5,112,dec-basic,30.617,30.635
RES,5,112,dec-mem2,92.388,94.089
RES,5,128,dec-x8,21.462,21.485
RES,5,128,dec-basic,26.631,26.663
RES,5,128,dec-mem2,42.672,42.720
# SELFCHECK OK: 1..256 blocks, 8 variants
RES,6,16,enc-x8,10.579,10.601
RES,6,16,enc-basic,9.484,9.490
RES,6,16,enc-dual,9.552,9.559
RES,6,16,enc-fasttail,9.340,9.351
RES,6,16,enc-reload,9.752,9.763
RES,6,16,enc-mem2,24.288,24.568
RES,6,16,enc-mem2tail,24.514,24.585
RES,6,16,enc-scalarrk,22.962,23.078
RES,6,32,enc-x8,11.048,11.061
RES,6,32,enc-basic,15.812,15.816
RES,6,32,enc-dual,15.810,15.816
RES,6,32,enc-fasttail,10.729,10.741
RES,6,32,enc-reload,15.804,15.811
RES,6,32,enc-mem2,30.612,30.872
RES,6,32,enc-mem2tail,25.427,25.738
RES,6,32,enc-scalarrk,29.395,29.549
RES,6,48,enc-x8,13.832,13.857
RES,6,48,enc-basic,22.095,22.116
RES,6,48,enc-dual,22.097,22.117
RES,6,48,enc-fasttail,13.948,13.968
RES,6,48,enc-reload,22.085,22.110
RES,6,48,enc-mem2,37.599,37.713
RES,6,48,enc-mem2tail,26.090,27.224
RES,6,48,enc-scalarrk,35.626,35.736
RES,6,64,enc-x8,14.955,14.983
RES,6,64,enc-basic,18.716,18.753
RES,6,64,enc-dual,16.421,16.443
RES,6,64,enc-fasttail,16.813,16.854
RES,6,64,enc-reload,18.711,18.734
RES,6,64,enc-mem2,29.459,29.489
RES,6,64,enc-mem2tail,29.928,30.010
RES,6,64,enc-scalarrk,29.104,29.409
RES,6,80,enc-x8,21.625,21.649
RES,6,80,enc-basic,24.515,24.539
RES,6,80,enc-dual,21.678,21.698
RES,6,80,enc-fasttail,21.898,21.925
RES,6,80,enc-reload,24.467,24.486
RES,6,80,enc-mem2,42.124,42.333
RES,6,80,enc-mem2tail,41.814,41.888
RES,6,80,enc-scalarrk,35.693,35.726
RES,6,96,enc-x8,22.212,22.240
RES,6,96,enc-basic,30.098,30.142
RES,6,96,enc-dual,27.078,27.127
RES,6,96,enc-fasttail,24.584,24.621
RES,6,96,enc-reload,30.228,30.626
RES,6,96,enc-mem2,47.757,47.927
RES,6,96,enc-mem2tail,42.493,42.709
RES,6,96,enc-scalarrk,41.966,42.290
RES,6,112,enc-x8,22.769,22.795
RES,6,112,enc-basic,36.505,36.547
RES,6,112,enc-dual,32.965,32.995
RES,6,112,enc-fasttail,27.898,27.931
RES,6,112,enc-reload,36.438,36.467
RES,6,112,enc-mem2,54.721,54.765
RES,6,112,enc-mem2tail,43.534,43.574
RES,6,112,enc-scalarrk,48.266,48.535
RES,6,128,enc-x8,21.438,21.469
RES,6,128,enc-basic,28.237,28.284
RES,6,128,enc-dual,28.635,28.669
RES,6,128,enc-fasttail,29.160,29.192
RES,6,128,enc-reload,29.147,29.192
RES,6,128,enc-mem2,44.973,45.021
RES,6,128,enc-mem2tail,42.084,42.146
RES,6,128,enc-scalarrk,38.220,38.259
# SELFCHECK OK: 1..256 blocks, 3 variants
RES,6,16,dec-x8,10.559,10.562
RES,6,16,dec-basic,9.468,9.478
RES,6,16,dec-mem2,18.065,18.087
RES,6,32,dec-x8,11.234,11.241
RES,6,32,dec-basic,15.814,15.821
RES,6,32,dec-mem2,30.488,30.704
RES,6,48,dec-x8,12.148,12.158
RES,6,48,dec-basic,22.113,22.116
RES,6,48,dec-mem2,42.614,42.887
RES,6,64,dec-x8,14.471,14.490
RES,6,64,dec-basic,15.156,15.179
RES,6,64,dec-mem2,52.989,53.309
RES,6,80,dec-x8,21.615,21.635
RES,6,80,dec-basic,19.253,19.277
RES,6,80,dec-mem2,65.753,66.136
RES,6,96,dec-x8,22.393,22.432
RES,6,96,dec-basic,24.646,24.665
RES,6,96,dec-mem2,78.443,79.205
RES,6,112,dec-x8,22.853,22.903
RES,6,112,dec-basic,30.623,30.637
RES,6,112,dec-mem2,91.253,92.317
RES,6,128,dec-x8,21.464,21.487
RES,6,128,dec-basic,26.655,26.687
RES,6,128,dec-mem2,41.929,42.000
# SELFCHECK OK: 1..256 blocks, 8 variants
RES,7,16,enc-x8,10.571,10.598
RES,7,16,enc-basic,9.484,9.490
RES,7,16,enc-dual,9.552,9.559
RES,7,16,enc-fasttail,9.347,9.351
RES,7,16,enc-reload,9.749,9.763
RES,7,16,enc-mem2,24.197,24.472
RES,7,16,enc-mem2tail,23.948,24.187
RES,7,16,enc-scalarrk,22.964,23.079
RES,7,32,enc-x8,11.043,11.064
RES,7,32,enc-basic,15.811,15.817
RES,7,32,enc-dual,15.811,15.816
RES,7,32,enc-fasttail,10.728,10.742
RES,7,32,enc-reload,15.801,15.809
RES,7,32,enc-mem2,30.449,30.909
RES,7,32,enc-mem2tail,24.675,25.284
RES,7,32,enc-scalarrk,29.390,29.521
RES,7,48,enc-x8,13.838,13.864
RES,7,48,enc-basic,22.095,22.114
RES,7,48,enc-dual,22.099,22.118
RES,7,48,enc-fasttail,13.945,13.962
RES,7,48,enc-reload,22.085,22.116
RES,7,48,enc-mem2,37.017,37.460
RES,7,48,enc-mem2tail,26.162,27.081
RES,7,48,enc-scalarrk,35.620,35.720
RES,7,64,enc-x8,14.950,14.986
RES,7,64,enc-basic,18.725,18.753
RES,7,64,enc-dual,16.419,16.443
RES,7,64,enc-fasttail,16.809,16.855
RES,7,64,enc-reload,18.720,18.735
RES,7,64,enc-mem2,29.126,29.455
RES,7,64,enc-mem2tail,29.954,30.004
RES,7,64,enc-scalarrk,29.158,29.419
RES,7,80,enc-x8,21.627,21.652
RES,7,80,enc-basic,24.518,24.538
RES,7,80,enc-dual,21.675,21.699
RES,7,80,enc-fasttail,21.902,21.924
RES,7,80,enc-reload,24.466,24.488
RES,7,80,enc-mem2,41.325,41.660
RES,7,80,enc-mem2tail,42.033,42.098
RES,7,80,enc-scalarrk,35.697,35.732
RES,7,96,enc-x8,22.214,22.241
RES,7,96,enc-basic,30.103,30.369
RES,7,96,enc-dual,27.079,27.127
RES,7,96,enc-fasttail,24.592,24.621
RES,7,96,enc-reload,30.164,30.610
RES,7,96,enc-mem2,46.594,47.551
RES,7,96,enc-mem2tail,42.467,42.509
RES,7,96,enc-scalarrk,41.989,42.298
RES,7,112,enc-x8,22.767,22.795
RES,7,112,enc-basic,36.510,36.595
RES,7,112,enc-dual,32.958,32.995
RES,7,112,enc-fasttail,27.904,27.927
RES,7,112,enc-reload,36.423,36.464
RES,7,112,enc-mem2,54.315,54.390
RES,7,112,enc-mem2tail,43.816,43.858
RES,7,112,enc-scalarrk,47.311,48.451
RES,7,128,enc-x8,21.434,21.473
RES,7,128,enc-basic,28.236,28.284
RES,7,128,enc-dual,28.635,28.670
RES,7,128,enc-fasttail,29.155,29.196
RES,7,128,enc-reload,29.157,29.190
RES,7,128,enc-mem2,44.923,45.161
RES,7,128,enc-mem2tail,42.052,42.094
RES,7,128,enc-scalarrk,38.218,38.258
# SELFCHECK OK: 1..256 blocks, 3 variants
RES,7,16,dec-x8,10.557,10.562
RES,7,16,dec-basic,9.473,9.481
RES,7,16,dec-mem2,18.063,18.091
RES,7,32,dec-x8,11.233,11.241
RES,7,32,dec-basic,15.811,15.819
RES,7,32,dec-mem2,30.519,30.754
RES,7,48,dec-x8,12.157,12.166
RES,7,48,dec-basic,22.104,22.114
RES,7,48,dec-mem2,42.662,42.974
RES,7,64,dec-x8,14.511,14.522
RES,7,64,dec-basic,15.142,15.164
RES,7,64,dec-mem2,52.844,53.587
RES,7,80,dec-x8,21.612,21.637
RES,7,80,dec-basic,19.230,19.253
RES,7,80,dec-mem2,65.753,66.113
RES,7,96,dec-x8,22.396,22.430
RES,7,96,dec-basic,24.638,24.664
RES,7,96,dec-mem2,78.471,79.517
RES,7,112,dec-x8,22.863,22.904
RES,7,112,dec-basic,30.622,30.638
RES,7,112,dec-mem2,91.260,92.270
RES,7,128,dec-x8,21.462,21.481
RES,7,128,dec-basic,26.627,26.667
RES,7,128,dec-mem2,41.917,42.003
DONE: 14 correctness gates
