# date=2026-08-28T21:30:56Z
# host=ip-172-31-44-56
# model=Neoverse-V2
# reps=160 processes=7 pinned_cpu=3
file,sha256,text_bytes
selected-x8-enc.o,78605a647e192cc843d63e5ce89ba72ccd1788acc748f900edc54a9aad6b15d3,8624
selected-x8-dec.o,67b973958a85e2d22bc580de78338726033a6ca014de682cf1ad0b96eb44dc94,5960
selected-enc-late-tag.o,8417a714dad9e7dabe037f849f510400c9ae693a2fe1821bbcf8f39b730dc36c,3864
selected-dec-basic.o,613a41fe0c8dab5873b66e97ad0258853bb6d225aa41416ba902f0f239f221a7,1944
selected-dec-fast-tail.o,7ab681a1d77ba8b0eec2f9b672e631bb66046556c1da3ba1c5a5d3b69830a24f,2908
# SELFCHECK OK: 1..256 blocks, 2 variants
RES,1,16,enc-8x,12.854,12.869
RES,1,16,enc-4x-late-tag,26.742,26.755
RES,1,32,enc-8x,13.957,13.997
RES,1,32,enc-4x-late-tag,34.483,34.644
RES,1,48,enc-8x,17.571,17.586
RES,1,48,enc-4x-late-tag,41.704,41.814
RES,1,64,enc-8x,18.702,18.877
RES,1,64,enc-4x-late-tag,36.187,36.542
RES,1,80,enc-8x,26.574,26.794
RES,1,80,enc-4x-late-tag,43.819,43.982
RES,1,96,enc-8x,27.587,27.662
RES,1,96,enc-4x-late-tag,50.394,51.473
RES,1,112,enc-8x,28.396,28.463
RES,1,112,enc-4x-late-tag,58.135,58.644
RES,1,128,enc-8x,26.664,26.841
RES,1,128,enc-4x-late-tag,45.342,45.385
# SELFCHECK OK: 1..256 blocks, 3 variants
RES,1,16,dec-8x,12.510,12.560
RES,1,16,dec-4x-basic,11.123,11.129
RES,1,16,dec-4x-fast-tail,11.139,11.146
RES,1,32,dec-8x,13.195,13.201
RES,1,32,dec-4x-basic,18.616,18.631
RES,1,32,dec-4x-fast-tail,11.836,11.871
RES,1,48,dec-8x,15.132,15.196
RES,1,48,dec-4x-basic,26.059,26.159
RES,1,48,dec-4x-fast-tail,15.410,15.623
RES,1,64,dec-8x,18.286,18.345
RES,1,64,dec-4x-basic,18.480,18.741
RES,1,64,dec-4x-fast-tail,18.463,18.910
RES,1,80,dec-8x,26.016,26.050
RES,1,80,dec-4x-basic,24.000,24.337
RES,1,80,dec-4x-fast-tail,23.980,24.141
RES,1,96,dec-8x,26.928,26.968
RES,1,96,dec-4x-basic,30.260,30.507
RES,1,96,dec-4x-fast-tail,26.526,26.763
RES,1,112,dec-8x,27.470,27.541
RES,1,112,dec-4x-basic,37.308,37.335
RES,1,112,dec-4x-fast-tail,29.407,29.679
RES,1,128,dec-8x,25.620,25.647
RES,1,128,dec-4x-basic,32.645,32.736
RES,1,128,dec-4x-fast-tail,32.532,32.590
# SELFCHECK OK: 1..256 blocks, 2 variants
RES,2,16,enc-8x,12.855,12.869
RES,2,16,enc-4x-late-tag,26.737,26.755
RES,2,32,enc-8x,13.964,14.004
RES,2,32,enc-4x-late-tag,34.541,34.644
RES,2,48,enc-8x,17.577,17.595
RES,2,48,enc-4x-late-tag,41.667,41.834
RES,2,64,enc-8x,18.698,18.718
RES,2,64,enc-4x-late-tag,36.292,36.544
RES,2,80,enc-8x,26.581,26.630
RES,2,80,enc-4x-late-tag,43.872,43.983
RES,2,96,enc-8x,27.633,27.667
RES,2,96,enc-4x-late-tag,50.480,51.476
RES,2,112,enc-8x,28.365,28.452
RES,2,112,enc-4x-late-tag,58.125,58.648
RES,2,128,enc-8x,26.664,27.032
RES,2,128,enc-4x-late-tag,45.335,45.441
# SELFCHECK OK: 1..256 blocks, 3 variants
RES,2,16,dec-8x,12.527,12.560
RES,2,16,dec-4x-basic,11.119,11.128
RES,2,16,dec-4x-fast-tail,11.139,11.146
RES,2,32,dec-8x,13.193,13.199
RES,2,32,dec-4x-basic,18.588,18.631
RES,2,32,dec-4x-fast-tail,11.850,11.874
RES,2,48,dec-8x,15.150,15.199
RES,2,48,dec-4x-basic,26.059,26.158
RES,2,48,dec-4x-fast-tail,14.799,15.618
RES,2,64,dec-8x,18.293,18.341
RES,2,64,dec-4x-basic,18.481,18.794
RES,2,64,dec-4x-fast-tail,18.455,18.936
RES,2,80,dec-8x,26.021,26.058
RES,2,80,dec-4x-basic,23.993,24.221
RES,2,80,dec-4x-fast-tail,23.983,24.148
RES,2,96,dec-8x,26.920,26.966
RES,2,96,dec-4x-basic,30.270,30.618
RES,2,96,dec-4x-fast-tail,26.528,26.770
RES,2,112,dec-8x,27.465,27.551
RES,2,112,dec-4x-basic,37.291,37.458
RES,2,112,dec-4x-fast-tail,29.409,29.816
RES,2,128,dec-8x,25.615,25.646
RES,2,128,dec-4x-basic,32.662,33.229
RES,2,128,dec-4x-fast-tail,32.511,32.602
# SELFCHECK OK: 1..256 blocks, 2 variants
RES,3,16,enc-8x,12.855,12.870
RES,3,16,enc-4x-late-tag,26.739,26.755
RES,3,32,enc-8x,13.955,13.998
RES,3,32,enc-4x-late-tag,34.473,34.626
RES,3,48,enc-8x,17.569,17.585
RES,3,48,enc-4x-late-tag,41.530,41.861
RES,3,64,enc-8x,18.702,18.874
RES,3,64,enc-4x-late-tag,36.157,36.548
RES,3,80,enc-8x,26.604,26.631
RES,3,80,enc-4x-late-tag,43.828,43.985
RES,3,96,enc-8x,27.632,27.782
RES,3,96,enc-4x-late-tag,50.766,51.457
RES,3,112,enc-8x,28.404,28.552
RES,3,112,enc-4x-late-tag,58.136,58.659
RES,3,128,enc-8x,26.660,26.841
RES,3,128,enc-4x-late-tag,45.329,45.410
# SELFCHECK OK: 1..256 blocks, 3 variants
RES,3,16,dec-8x,12.527,12.560
RES,3,16,dec-4x-basic,11.123,11.128
RES,3,16,dec-4x-fast-tail,11.137,11.146
RES,3,32,dec-8x,13.192,13.198
RES,3,32,dec-4x-basic,18.567,18.631
RES,3,32,dec-4x-fast-tail,11.839,11.875
RES,3,48,dec-8x,15.140,15.198
RES,3,48,dec-4x-basic,26.058,26.159
RES,3,48,dec-4x-fast-tail,15.360,15.611
RES,3,64,dec-8x,18.289,18.347
RES,3,64,dec-4x-basic,18.480,18.788
RES,3,64,dec-4x-fast-tail,18.457,18.903
RES,3,80,dec-8x,26.018,26.069
RES,3,80,dec-4x-basic,23.998,24.344
RES,3,80,dec-4x-fast-tail,23.986,24.306
RES,3,96,dec-8x,26.932,26.963
RES,3,96,dec-4x-basic,30.259,30.622
RES,3,96,dec-4x-fast-tail,26.522,26.768
RES,3,112,dec-8x,27.509,27.546
RES,3,112,dec-4x-basic,37.308,37.348
RES,3,112,dec-4x-fast-tail,29.408,29.707
RES,3,128,dec-8x,25.543,25.651
RES,3,128,dec-4x-basic,32.646,33.059
RES,3,128,dec-4x-fast-tail,32.547,32.624
# SELFCHECK OK: 1..256 blocks, 2 variants
RES,4,16,enc-8x,12.857,12.870
RES,4,16,enc-4x-late-tag,26.739,26.753
RES,4,32,enc-8x,13.953,14.007
RES,4,32,enc-4x-late-tag,34.484,34.643
RES,4,48,enc-8x,17.572,17.585
RES,4,48,enc-4x-late-tag,41.699,41.808
RES,4,64,enc-8x,18.703,18.881
RES,4,64,enc-4x-late-tag,36.268,36.550
RES,4,80,enc-8x,26.603,26.656
RES,4,80,enc-4x-late-tag,43.743,43.969
RES,4,96,enc-8x,27.636,27.660
RES,4,96,enc-4x-late-tag,51.038,51.480
RES,4,112,enc-8x,28.377,28.453
RES,4,112,enc-4x-late-tag,58.152,58.680
RES,4,128,enc-8x,26.656,26.852
RES,4,128,enc-4x-late-tag,45.343,45.555
# SELFCHECK OK: 1..256 blocks, 3 variants
RES,4,16,dec-8x,12.526,12.560
RES,4,16,dec-4x-basic,11.121,11.128
RES,4,16,dec-4x-fast-tail,11.139,11.146
RES,4,32,dec-8x,13.193,13.198
RES,4,32,dec-4x-basic,18.588,18.630
RES,4,32,dec-4x-fast-tail,11.855,11.875
RES,4,48,dec-8x,15.154,15.199
RES,4,48,dec-4x-basic,26.056,26.159
RES,4,48,dec-4x-fast-tail,15.340,15.612
RES,4,64,dec-8x,18.289,18.348
RES,4,64,dec-4x-basic,18.472,18.519
RES,4,64,dec-4x-fast-tail,18.455,18.903
RES,4,80,dec-8x,26.023,26.051
RES,4,80,dec-4x-basic,23.999,24.021
RES,4,80,dec-4x-fast-tail,23.989,24.224
RES,4,96,dec-8x,26.924,26.964
RES,4,96,dec-4x-basic,30.264,30.433
RES,4,96,dec-4x-fast-tail,26.524,26.692
RES,4,112,dec-8x,27.470,27.548
RES,4,112,dec-4x-basic,37.313,37.345
RES,4,112,dec-4x-fast-tail,29.402,29.642
RES,4,128,dec-8x,25.611,25.648
RES,4,128,dec-4x-basic,32.648,33.220
RES,4,128,dec-4x-fast-tail,32.529,32.592
# SELFCHECK OK: 1..256 blocks, 2 variants
RES,5,16,enc-8x,12.853,12.870
RES,5,16,enc-4x-late-tag,26.744,26.757
RES,5,32,enc-8x,13.969,14.047
RES,5,32,enc-4x-late-tag,34.585,34.649
RES,5,48,enc-8x,17.581,17.787
RES,5,48,enc-4x-late-tag,41.700,41.815
RES,5,64,enc-8x,18.705,18.882
RES,5,64,enc-4x-late-tag,36.204,36.540
RES,5,80,enc-8x,26.585,26.633
RES,5,80,enc-4x-late-tag,43.839,43.984
RES,5,96,enc-8x,27.620,27.779
RES,5,96,enc-4x-late-tag,50.371,51.472
RES,5,112,enc-8x,28.399,28.546
RES,5,112,enc-4x-late-tag,58.148,58.775
RES,5,128,enc-8x,26.628,26.846
RES,5,128,enc-4x-late-tag,45.337,45.559
# SELFCHECK OK: 1..256 blocks, 3 variants
RES,5,16,dec-8x,12.548,12.560
RES,5,16,dec-4x-basic,11.123,11.127
RES,5,16,dec-4x-fast-tail,11.137,11.145
RES,5,32,dec-8x,13.194,13.201
RES,5,32,dec-4x-basic,18.564,18.630
RES,5,32,dec-4x-fast-tail,11.853,11.872
RES,5,48,dec-8x,15.130,15.196
RES,5,48,dec-4x-basic,26.102,26.159
RES,5,48,dec-4x-fast-tail,15.018,15.621
RES,5,64,dec-8x,18.295,18.347
RES,5,64,dec-4x-basic,18.474,18.519
RES,5,64,dec-4x-fast-tail,18.451,18.924
RES,5,80,dec-8x,26.011,26.051
RES,5,80,dec-4x-basic,24.002,24.346
RES,5,80,dec-4x-fast-tail,23.978,24.115
RES,5,96,dec-8x,26.920,26.962
RES,5,96,dec-4x-basic,30.261,30.563
RES,5,96,dec-4x-fast-tail,26.526,26.745
RES,5,112,dec-8x,27.484,27.545
RES,5,112,dec-4x-basic,37.309,37.469
RES,5,112,dec-4x-fast-tail,29.395,29.535
RES,5,128,dec-8x,25.621,25.652
RES,5,128,dec-4x-basic,32.658,33.068
RES,5,128,dec-4x-fast-tail,32.549,32.907
# SELFCHECK OK: 1..256 blocks, 2 variants
RES,6,16,enc-8x,12.857,12.869
RES,6,16,enc-4x-late-tag,26.743,26.756
RES,6,32,enc-8x,13.960,14.011
RES,6,32,enc-4x-late-tag,34.561,34.653
RES,6,48,enc-8x,17.576,17.595
RES,6,48,enc-4x-late-tag,41.700,41.843
RES,6,64,enc-8x,18.701,18.723
RES,6,64,enc-4x-late-tag,36.228,36.538
RES,6,80,enc-8x,26.556,26.632
RES,6,80,enc-4x-late-tag,43.762,43.979
RES,6,96,enc-8x,27.564,27.662
RES,6,96,enc-4x-late-tag,50.583,51.461
RES,6,112,enc-8x,28.400,28.461
RES,6,112,enc-4x-late-tag,58.126,58.715
RES,6,128,enc-8x,26.666,26.846
RES,6,128,enc-4x-late-tag,45.349,45.597
# SELFCHECK OK: 1..256 blocks, 3 variants
RES,6,16,dec-8x,12.524,12.560
RES,6,16,dec-4x-basic,11.123,11.128
RES,6,16,dec-4x-fast-tail,11.139,11.146
RES,6,32,dec-8x,13.195,13.201
RES,6,32,dec-4x-basic,18.588,18.630
RES,6,32,dec-4x-fast-tail,11.844,11.875
RES,6,48,dec-8x,15.145,15.194
RES,6,48,dec-4x-basic,26.059,26.157
RES,6,48,dec-4x-fast-tail,15.250,15.613
RES,6,64,dec-8x,18.304,18.348
RES,6,64,dec-4x-basic,18.478,18.522
RES,6,64,dec-4x-fast-tail,18.452,18.912
RES,6,80,dec-8x,26.017,26.065
RES,6,80,dec-4x-basic,23.999,24.229
RES,6,80,dec-4x-fast-tail,23.978,24.169
RES,6,96,dec-8x,26.928,26.962
RES,6,96,dec-4x-basic,30.261,30.705
RES,6,96,dec-4x-fast-tail,26.522,26.866
RES,6,112,dec-8x,27.501,27.539
RES,6,112,dec-4x-basic,37.309,37.501
RES,6,112,dec-4x-fast-tail,29.387,29.640
RES,6,128,dec-8x,25.542,25.661
RES,6,128,dec-4x-basic,32.642,32.994
RES,6,128,dec-4x-fast-tail,32.540,32.720
# SELFCHECK OK: 1..256 blocks, 2 variants
RES,7,16,enc-8x,12.856,12.870
RES,7,16,enc-4x-late-tag,26.741,26.755
RES,7,32,enc-8x,13.964,14.000
RES,7,32,enc-4x-late-tag,34.491,34.652
RES,7,48,enc-8x,17.574,17.595
RES,7,48,enc-4x-late-tag,41.663,41.832
RES,7,64,enc-8x,18.700,18.883
RES,7,64,enc-4x-late-tag,36.457,36.548
RES,7,80,enc-8x,26.596,26.640
RES,7,80,enc-4x-late-tag,43.824,43.970
RES,7,96,enc-8x,27.571,27.666
RES,7,96,enc-4x-late-tag,50.536,51.455
RES,7,112,enc-8x,28.400,28.542
RES,7,112,enc-4x-late-tag,58.156,58.875
RES,7,128,enc-8x,26.653,26.830
RES,7,128,enc-4x-late-tag,45.343,45.614
# SELFCHECK OK: 1..256 blocks, 3 variants
RES,7,16,dec-8x,12.514,12.560
RES,7,16,dec-4x-basic,11.124,11.128
RES,7,16,dec-4x-fast-tail,11.138,11.145
RES,7,32,dec-8x,13.195,13.201
RES,7,32,dec-4x-basic,18.590,18.631
RES,7,32,dec-4x-fast-tail,11.845,11.871
RES,7,48,dec-8x,15.143,15.197
RES,7,48,dec-4x-basic,26.059,26.158
RES,7,48,dec-4x-fast-tail,15.370,15.615
RES,7,64,dec-8x,18.287,18.345
RES,7,64,dec-4x-basic,18.479,18.682
RES,7,64,dec-4x-fast-tail,18.457,18.839
RES,7,80,dec-8x,26.008,26.055
RES,7,80,dec-4x-basic,23.997,24.236
RES,7,80,dec-4x-fast-tail,23.979,24.165
RES,7,96,dec-8x,26.926,26.970
RES,7,96,dec-4x-basic,30.272,30.405
RES,7,96,dec-4x-fast-tail,26.531,26.833
RES,7,112,dec-8x,27.488,27.810
RES,7,112,dec-4x-basic,37.317,37.458
RES,7,112,dec-4x-fast-tail,29.407,30.118
RES,7,128,dec-8x,25.622,25.648
RES,7,128,dec-4x-basic,32.650,33.059
RES,7,128,dec-4x-fast-tail,32.545,32.616
DONE: 14 correctness gates
