# date=2026-08-28T21:30:55Z
# host=ip-172-31-4-159
# model=Neoverse-V1
# reps=160 processes=7 pinned_cpu=3
file,sha256,text_bytes
selected-x8-enc.o,78605a647e192cc843d63e5ce89ba72ccd1788acc748f900edc54a9aad6b15d3,8624
selected-x8-dec.o,67b973958a85e2d22bc580de78338726033a6ca014de682cf1ad0b96eb44dc94,5960
selected-enc-late-tag.o,8417a714dad9e7dabe037f849f510400c9ae693a2fe1821bbcf8f39b730dc36c,3864
selected-dec-basic.o,613a41fe0c8dab5873b66e97ad0258853bb6d225aa41416ba902f0f239f221a7,1944
selected-dec-fast-tail.o,7ab681a1d77ba8b0eec2f9b672e631bb66046556c1da3ba1c5a5d3b69830a24f,2908
# SELFCHECK OK: 1..256 blocks, 2 variants
RES,1,16,enc-8x,15.145,15.160
RES,1,16,enc-4x-late-tag,28.657,29.316
RES,1,32,enc-8x,16.515,16.886
RES,1,32,enc-4x-late-tag,36.555,37.240
RES,1,48,enc-8x,20.990,21.012
RES,1,48,enc-4x-late-tag,44.753,45.161
RES,1,64,enc-8x,21.832,21.866
RES,1,64,enc-4x-late-tag,41.875,43.365
RES,1,80,enc-8x,31.660,31.983
RES,1,80,enc-4x-late-tag,51.441,51.952
RES,1,96,enc-8x,32.402,32.974
RES,1,96,enc-4x-late-tag,58.550,60.451
RES,1,112,enc-8x,33.224,34.145
RES,1,112,enc-4x-late-tag,68.505,69.454
RES,1,128,enc-8x,31.402,31.743
RES,1,128,enc-4x-late-tag,49.067,49.896
# SELFCHECK OK: 1..256 blocks, 3 variants
RES,1,16,dec-8x,13.929,14.093
RES,1,16,dec-4x-basic,12.566,12.582
RES,1,16,dec-4x-fast-tail,12.362,12.423
RES,1,32,dec-8x,15.251,15.311
RES,1,32,dec-4x-basic,20.899,21.134
RES,1,32,dec-4x-fast-tail,13.967,14.519
RES,1,48,dec-8x,18.615,18.871
RES,1,48,dec-4x-basic,29.096,29.147
RES,1,48,dec-4x-fast-tail,17.499,17.589
RES,1,64,dec-8x,22.654,22.930
RES,1,64,dec-4x-basic,23.028,24.485
RES,1,64,dec-4x-fast-tail,23.556,24.356
RES,1,80,dec-8x,30.148,30.383
RES,1,80,dec-4x-basic,29.129,30.086
RES,1,80,dec-4x-fast-tail,29.225,29.568
RES,1,96,dec-8x,30.924,31.842
RES,1,96,dec-4x-basic,36.266,37.065
RES,1,96,dec-4x-fast-tail,32.024,32.840
RES,1,112,dec-8x,33.064,34.296
RES,1,112,dec-4x-basic,44.959,45.556
RES,1,112,dec-4x-fast-tail,35.776,36.358
RES,1,128,dec-8x,30.224,31.562
RES,1,128,dec-4x-basic,38.698,39.245
RES,1,128,dec-4x-fast-tail,38.249,38.736
# SELFCHECK OK: 1..256 blocks, 2 variants
RES,2,16,enc-8x,15.151,15.161
RES,2,16,enc-4x-late-tag,28.709,29.238
RES,2,32,enc-8x,16.528,16.697
RES,2,32,enc-4x-late-tag,36.157,37.070
RES,2,48,enc-8x,20.996,21.017
RES,2,48,enc-4x-late-tag,44.680,45.138
RES,2,64,enc-8x,21.829,21.854
RES,2,64,enc-4x-late-tag,42.492,43.363
RES,2,80,enc-8x,31.479,31.931
RES,2,80,enc-4x-late-tag,51.496,52.003
RES,2,96,enc-8x,32.303,32.996
RES,2,96,enc-4x-late-tag,59.505,60.433
RES,2,112,enc-8x,33.515,34.106
RES,2,112,enc-4x-late-tag,68.117,69.528
RES,2,128,enc-8x,31.430,31.785
RES,2,128,enc-4x-late-tag,49.330,49.797
# SELFCHECK OK: 1..256 blocks, 3 variants
RES,2,16,dec-8x,13.763,14.095
RES,2,16,dec-4x-basic,12.570,12.716
RES,2,16,dec-4x-fast-tail,12.389,12.405
RES,2,32,dec-8x,15.256,15.313
RES,2,32,dec-4x-basic,20.885,21.106
RES,2,32,dec-4x-fast-tail,13.844,14.513
RES,2,48,dec-8x,18.606,18.881
RES,2,48,dec-4x-basic,29.098,29.150
RES,2,48,dec-4x-fast-tail,17.504,17.586
RES,2,64,dec-8x,22.650,22.675
RES,2,64,dec-4x-basic,22.963,24.833
RES,2,64,dec-4x-fast-tail,23.651,24.411
RES,2,80,dec-8x,30.085,30.278
RES,2,80,dec-4x-basic,29.124,29.597
RES,2,80,dec-4x-fast-tail,29.172,29.570
RES,2,96,dec-8x,30.859,31.194
RES,2,96,dec-4x-basic,36.297,37.038
RES,2,96,dec-4x-fast-tail,32.024,32.697
RES,2,112,dec-8x,32.426,34.439
RES,2,112,dec-4x-basic,44.979,45.573
RES,2,112,dec-4x-fast-tail,35.793,36.541
RES,2,128,dec-8x,30.177,30.532
RES,2,128,dec-4x-basic,38.719,39.159
RES,2,128,dec-4x-fast-tail,38.462,38.779
# SELFCHECK OK: 1..256 blocks, 2 variants
RES,3,16,enc-8x,15.148,15.160
RES,3,16,enc-4x-late-tag,28.753,29.194
RES,3,32,enc-8x,16.516,16.879
RES,3,32,enc-4x-late-tag,36.159,37.128
RES,3,48,enc-8x,20.995,21.016
RES,3,48,enc-4x-late-tag,44.759,45.159
RES,3,64,enc-8x,21.833,21.991
RES,3,64,enc-4x-late-tag,41.826,43.444
RES,3,80,enc-8x,31.438,31.829
RES,3,80,enc-4x-late-tag,51.446,51.934
RES,3,96,enc-8x,32.288,32.907
RES,3,96,enc-4x-late-tag,59.517,60.527
RES,3,112,enc-8x,33.467,34.167
RES,3,112,enc-4x-late-tag,67.926,69.488
RES,3,128,enc-8x,31.399,31.819
RES,3,128,enc-4x-late-tag,48.994,49.745
# SELFCHECK OK: 1..256 blocks, 3 variants
RES,3,16,dec-8x,13.927,14.095
RES,3,16,dec-4x-basic,12.562,12.580
RES,3,16,dec-4x-fast-tail,12.390,12.426
RES,3,32,dec-8x,15.255,15.314
RES,3,32,dec-4x-basic,20.887,21.101
RES,3,32,dec-4x-fast-tail,14.005,14.511
RES,3,48,dec-8x,18.613,18.875
RES,3,48,dec-4x-basic,29.096,29.123
RES,3,48,dec-4x-fast-tail,17.494,17.591
RES,3,64,dec-8x,22.655,22.822
RES,3,64,dec-4x-basic,22.753,24.384
RES,3,64,dec-4x-fast-tail,23.565,24.427
RES,3,80,dec-8x,30.115,30.327
RES,3,80,dec-4x-basic,29.142,29.871
RES,3,80,dec-4x-fast-tail,29.165,29.564
RES,3,96,dec-8x,30.892,31.239
RES,3,96,dec-4x-basic,36.284,37.050
RES,3,96,dec-4x-fast-tail,32.046,32.648
RES,3,112,dec-8x,34.044,34.416
RES,3,112,dec-4x-basic,44.967,45.578
RES,3,112,dec-4x-fast-tail,35.764,36.329
RES,3,128,dec-8x,30.186,30.545
RES,3,128,dec-4x-basic,38.743,39.251
RES,3,128,dec-4x-fast-tail,38.466,38.808
# SELFCHECK OK: 1..256 blocks, 2 variants
RES,4,16,enc-8x,15.147,15.160
RES,4,16,enc-4x-late-tag,28.757,29.113
RES,4,32,enc-8x,16.518,16.693
RES,4,32,enc-4x-late-tag,36.613,36.998
RES,4,48,enc-8x,20.994,21.020
RES,4,48,enc-4x-late-tag,44.781,45.145
RES,4,64,enc-8x,21.823,21.869
RES,4,64,enc-4x-late-tag,42.658,43.275
RES,4,80,enc-8x,31.504,31.996
RES,4,80,enc-4x-late-tag,51.542,51.954
RES,4,96,enc-8x,32.463,32.972
RES,4,96,enc-4x-late-tag,58.855,60.455
RES,4,112,enc-8x,33.520,34.151
RES,4,112,enc-4x-late-tag,68.377,69.172
RES,4,128,enc-8x,31.468,31.895
RES,4,128,enc-4x-late-tag,49.187,49.755
# SELFCHECK OK: 1..256 blocks, 3 variants
RES,4,16,dec-8x,13.903,14.094
RES,4,16,dec-4x-basic,12.561,12.580
RES,4,16,dec-4x-fast-tail,12.390,12.425
RES,4,32,dec-8x,15.257,15.314
RES,4,32,dec-4x-basic,20.903,21.096
RES,4,32,dec-4x-fast-tail,14.234,14.511
RES,4,48,dec-8x,18.616,18.829
RES,4,48,dec-4x-basic,29.096,29.150
RES,4,48,dec-4x-fast-tail,17.565,17.800
RES,4,64,dec-8x,22.660,22.905
RES,4,64,dec-4x-basic,22.976,24.771
RES,4,64,dec-4x-fast-tail,23.589,24.443
RES,4,80,dec-8x,30.123,30.377
RES,4,80,dec-4x-basic,29.124,29.598
RES,4,80,dec-4x-fast-tail,29.150,29.558
RES,4,96,dec-8x,30.876,31.155
RES,4,96,dec-4x-basic,36.289,37.119
RES,4,96,dec-4x-fast-tail,32.059,32.791
RES,4,112,dec-8x,33.093,34.378
RES,4,112,dec-4x-basic,44.991,45.651
RES,4,112,dec-4x-fast-tail,35.816,36.479
RES,4,128,dec-8x,30.208,30.671
RES,4,128,dec-4x-basic,38.764,39.323
RES,4,128,dec-4x-fast-tail,38.407,39.005
# SELFCHECK OK: 1..256 blocks, 2 variants
RES,5,16,enc-8x,15.150,15.160
RES,5,16,enc-4x-late-tag,28.848,29.313
RES,5,32,enc-8x,16.521,16.696
RES,5,32,enc-4x-late-tag,36.758,37.193
RES,5,48,enc-8x,20.987,21.013
RES,5,48,enc-4x-late-tag,44.619,45.176
RES,5,64,enc-8x,21.842,21.868
RES,5,64,enc-4x-late-tag,42.653,43.294
RES,5,80,enc-8x,31.585,31.914
RES,5,80,enc-4x-late-tag,51.510,52.047
RES,5,96,enc-8x,32.279,32.908
RES,5,96,enc-4x-late-tag,58.662,60.683
RES,5,112,enc-8x,33.353,34.136
RES,5,112,enc-4x-late-tag,68.076,69.241
RES,5,128,enc-8x,31.380,31.964
RES,5,128,enc-4x-late-tag,48.895,49.918
# SELFCHECK OK: 1..256 blocks, 3 variants
RES,5,16,dec-8x,13.945,14.096
RES,5,16,dec-4x-basic,12.559,12.579
RES,5,16,dec-4x-fast-tail,12.390,12.426
RES,5,32,dec-8x,15.252,15.275
RES,5,32,dec-4x-basic,20.889,21.110
RES,5,32,dec-4x-fast-tail,14.224,14.499
RES,5,48,dec-8x,18.612,18.834
RES,5,48,dec-4x-basic,29.088,29.147
RES,5,48,dec-4x-fast-tail,17.569,17.591
RES,5,64,dec-8x,22.639,22.694
RES,5,64,dec-4x-basic,22.889,24.581
RES,5,64,dec-4x-fast-tail,23.778,24.295
RES,5,80,dec-8x,30.132,30.330
RES,5,80,dec-4x-basic,29.130,29.850
RES,5,80,dec-4x-fast-tail,29.228,29.574
RES,5,96,dec-8x,30.886,31.301
RES,5,96,dec-4x-basic,36.282,37.150
RES,5,96,dec-4x-fast-tail,32.045,32.807
RES,5,112,dec-8x,33.130,34.289
RES,5,112,dec-4x-basic,44.961,45.549
RES,5,112,dec-4x-fast-tail,35.792,36.350
RES,5,128,dec-8x,30.224,30.681
RES,5,128,dec-4x-basic,38.569,39.244
RES,5,128,dec-4x-fast-tail,38.459,38.735
# SELFCHECK OK: 1..256 blocks, 2 variants
RES,6,16,enc-8x,15.150,15.160
RES,6,16,enc-4x-late-tag,28.704,29.188
RES,6,32,enc-8x,16.514,16.880
RES,6,32,enc-4x-late-tag,36.157,37.083
RES,6,48,enc-8x,20.981,21.026
RES,6,48,enc-4x-late-tag,44.780,45.142
RES,6,64,enc-8x,21.832,21.864
RES,6,64,enc-4x-late-tag,42.625,43.345
RES,6,80,enc-8x,31.525,31.993
RES,6,80,enc-4x-late-tag,51.462,51.993
RES,6,96,enc-8x,32.326,32.967
RES,6,96,enc-4x-late-tag,59.084,60.531
RES,6,112,enc-8x,33.388,34.163
RES,6,112,enc-4x-late-tag,68.113,69.538
RES,6,128,enc-8x,31.525,31.891
RES,6,128,enc-4x-late-tag,48.979,49.798
# SELFCHECK OK: 1..256 blocks, 3 variants
RES,6,16,dec-8x,13.784,14.091
RES,6,16,dec-4x-basic,12.562,12.578
RES,6,16,dec-4x-fast-tail,12.391,12.427
RES,6,32,dec-8x,15.250,15.310
RES,6,32,dec-4x-basic,20.894,21.121
RES,6,32,dec-4x-fast-tail,14.083,14.493
RES,6,48,dec-8x,18.620,18.872
RES,6,48,dec-4x-basic,29.086,29.148
RES,6,48,dec-4x-fast-tail,17.572,17.596
RES,6,64,dec-8x,22.654,22.722
RES,6,64,dec-4x-basic,22.987,24.177
RES,6,64,dec-4x-fast-tail,23.772,24.637
RES,6,80,dec-8x,30.130,30.358
RES,6,80,dec-4x-basic,29.124,30.006
RES,6,80,dec-4x-fast-tail,29.184,29.568
RES,6,96,dec-8x,30.862,31.296
RES,6,96,dec-4x-basic,36.282,37.143
RES,6,96,dec-4x-fast-tail,32.059,32.778
RES,6,112,dec-8x,33.096,34.235
RES,6,112,dec-4x-basic,44.940,45.604
RES,6,112,dec-4x-fast-tail,35.802,36.381
RES,6,128,dec-8x,30.216,30.737
RES,6,128,dec-4x-basic,38.629,39.342
RES,6,128,dec-4x-fast-tail,37.951,38.905
# SELFCHECK OK: 1..256 blocks, 2 variants
RES,7,16,enc-8x,15.149,15.161
RES,7,16,enc-4x-late-tag,28.753,29.288
RES,7,32,enc-8x,16.519,16.868
RES,7,32,enc-4x-late-tag,36.588,37.083
RES,7,48,enc-8x,20.991,21.014
RES,7,48,enc-4x-late-tag,44.778,45.221
RES,7,64,enc-8x,21.835,21.864
RES,7,64,enc-4x-late-tag,42.054,43.277
RES,7,80,enc-8x,31.378,31.955
RES,7,80,enc-4x-late-tag,51.501,51.925
RES,7,96,enc-8x,32.328,32.946
RES,7,96,enc-4x-late-tag,59.020,60.538
RES,7,112,enc-8x,33.427,34.099
RES,7,112,enc-4x-late-tag,67.858,69.522
RES,7,128,enc-8x,31.511,31.883
RES,7,128,enc-4x-late-tag,49.200,49.892
# SELFCHECK OK: 1..256 blocks, 3 variants
RES,7,16,dec-8x,13.921,14.095
RES,7,16,dec-4x-basic,12.565,12.583
RES,7,16,dec-4x-fast-tail,12.362,12.428
RES,7,32,dec-8x,15.255,15.322
RES,7,32,dec-4x-basic,20.886,21.093
RES,7,32,dec-4x-fast-tail,14.342,14.519
RES,7,48,dec-8x,18.613,18.872
RES,7,48,dec-4x-basic,29.088,29.144
RES,7,48,dec-4x-fast-tail,17.572,17.591
RES,7,64,dec-8x,22.648,22.676
RES,7,64,dec-4x-basic,23.000,24.781
RES,7,64,dec-4x-fast-tail,23.557,24.637
RES,7,80,dec-8x,30.092,30.348
RES,7,80,dec-4x-basic,29.121,29.606
RES,7,80,dec-4x-fast-tail,29.164,29.514
RES,7,96,dec-8x,30.877,31.806
RES,7,96,dec-4x-basic,36.288,37.130
RES,7,96,dec-4x-fast-tail,32.053,32.806
RES,7,112,dec-8x,33.226,34.312
RES,7,112,dec-4x-basic,44.955,45.667
RES,7,112,dec-4x-fast-tail,35.800,36.505
RES,7,128,dec-8x,30.228,31.546
RES,7,128,dec-4x-basic,38.326,39.177
RES,7,128,dec-4x-fast-tail,38.181,38.910
DONE: 14 correctness gates
