# date=2026-09-08T23:50:04Z
# host=ip-172-31-44-56
# model=Neoverse-V2
# mode=small reps=160 processes=7 pinned_cpu=3
file,sha256,text_bytes
x8-pareto-compact.o,78605a647e192cc843d63e5ce89ba72ccd1788acc748f900edc54a9aad6b15d3,8624
x8-pareto-w1-inline.o,414135f6c6682c4769e69f4616d7756a26d8606179c6d661410cff83c0751641,5792
x8-pareto-w2-inline.o,a47054eea007d994ae43beaf57145614ad049d6af44a2fc4aa01d865e409253d,6224
x8-pareto-w2-shared.o,965292a5ec5584406e5b57186f9684abbbb5096c778d49335f6da5240c4ee837,6192
x8-pareto-w3-inline.o,39552a2f631a9e3bf2c0d8feea47a5c66d987f28e97f26d4d87ed09b2d15f245,6832
x8-pareto-w3-shared.o,6ee35a199ed5d2120c654d72f4b138658530475a915f7953121fe86d83100838,6752
x8-pareto-w4-inline.o,f07f4b63b753d5490d03aa09a08e965ee4306f14c0e7c8e7371d157b44d650d1,7616
x8-pareto-w4-shared.o,28bf660efcc2c2e1363ec87070d15cde5e6ca7d44c9845b1cc37d0ac824324af,7504
# SELFCHECK OK: 1..256 blocks, 8 variants
RES,1,16,enc-8x-compact-fast1-4,12.837,12.873
RES,1,16,enc-8x-w1-inline,12.284,12.296
RES,1,16,enc-8x-w2-inline,12.289,12.328
RES,1,16,enc-8x-w2-shared,12.282,12.366
RES,1,16,enc-8x-w3-inline,12.265,12.304
RES,1,16,enc-8x-w3-shared,12.294,12.305
RES,1,16,enc-8x-w4-inline,12.264,12.290
RES,1,16,enc-8x-w4-shared,12.285,12.322
RES,1,32,enc-8x-compact-fast1-4,13.955,14.004
RES,1,32,enc-8x-w1-inline,22.776,23.112
RES,1,32,enc-8x-w2-inline,13.037,13.087
RES,1,32,enc-8x-w2-shared,13.032,13.056
RES,1,32,enc-8x-w3-inline,13.013,13.136
RES,1,32,enc-8x-w3-shared,13.008,13.060
RES,1,32,enc-8x-w4-inline,13.011,13.071
RES,1,32,enc-8x-w4-shared,13.038,13.051
RES,1,48,enc-8x-compact-fast1-4,17.579,17.694
RES,1,48,enc-8x-w1-inline,24.706,24.977
RES,1,48,enc-8x-w2-inline,24.685,24.808
RES,1,48,enc-8x-w2-shared,24.687,24.851
RES,1,48,enc-8x-w3-inline,15.868,15.884
RES,1,48,enc-8x-w3-shared,15.925,15.942
RES,1,48,enc-8x-w4-inline,15.908,16.017
RES,1,48,enc-8x-w4-shared,15.868,15.892
RES,1,64,enc-8x-compact-fast1-4,18.728,18.840
RES,1,64,enc-8x-w1-inline,24.954,25.353
RES,1,64,enc-8x-w2-inline,24.878,25.002
RES,1,64,enc-8x-w2-shared,24.834,24.993
RES,1,64,enc-8x-w3-inline,24.883,25.520
RES,1,64,enc-8x-w3-shared,24.791,25.148
RES,1,64,enc-8x-w4-inline,18.152,18.268
RES,1,64,enc-8x-w4-shared,18.169,18.279
RES,1,80,enc-8x-compact-fast1-4,26.613,26.737
RES,1,80,enc-8x-w1-inline,26.621,27.021
RES,1,80,enc-8x-w2-inline,26.614,26.760
RES,1,80,enc-8x-w2-shared,26.610,26.897
RES,1,80,enc-8x-w3-inline,26.664,27.338
RES,1,80,enc-8x-w3-shared,26.606,27.187
RES,1,80,enc-8x-w4-inline,26.611,27.454
RES,1,80,enc-8x-w4-shared,26.577,26.730
RES,1,96,enc-8x-compact-fast1-4,27.635,27.760
RES,1,96,enc-8x-w1-inline,27.455,27.809
RES,1,96,enc-8x-w2-inline,27.463,27.623
RES,1,96,enc-8x-w2-shared,27.431,27.688
RES,1,96,enc-8x-w3-inline,27.459,28.288
RES,1,96,enc-8x-w3-shared,27.445,27.886
RES,1,96,enc-8x-w4-inline,27.479,28.376
RES,1,96,enc-8x-w4-shared,27.469,27.621
RES,1,112,enc-8x-compact-fast1-4,28.386,28.528
RES,1,112,enc-8x-w1-inline,28.351,28.647
RES,1,112,enc-8x-w2-inline,28.482,28.637
RES,1,112,enc-8x-w2-shared,28.496,28.759
RES,1,112,enc-8x-w3-inline,28.530,29.198
RES,1,112,enc-8x-w3-shared,28.505,28.836
RES,1,112,enc-8x-w4-inline,28.644,29.404
RES,1,112,enc-8x-w4-shared,28.496,28.633
RES,1,128,enc-8x-compact-fast1-4,26.811,26.929
RES,1,128,enc-8x-w1-inline,26.927,27.356
RES,1,128,enc-8x-w2-inline,26.869,27.132
RES,1,128,enc-8x-w2-shared,26.712,27.133
RES,1,128,enc-8x-w3-inline,26.916,27.501
RES,1,128,enc-8x-w3-shared,26.704,27.105
RES,1,128,enc-8x-w4-inline,26.958,27.622
RES,1,128,enc-8x-w4-shared,26.696,27.141
# SELFCHECK OK: 1..256 blocks, 8 variants
RES,2,16,enc-8x-compact-fast1-4,12.839,12.874
RES,2,16,enc-8x-w1-inline,12.280,12.290
RES,2,16,enc-8x-w2-inline,12.298,12.328
RES,2,16,enc-8x-w2-shared,12.284,12.367
RES,2,16,enc-8x-w3-inline,12.276,12.356
RES,2,16,enc-8x-w3-shared,12.293,12.306
RES,2,16,enc-8x-w4-inline,12.263,12.291
RES,2,16,enc-8x-w4-shared,12.287,12.320
RES,2,32,enc-8x-compact-fast1-4,13.963,14.003
RES,2,32,enc-8x-w1-inline,22.724,22.957
RES,2,32,enc-8x-w2-inline,13.039,13.072
RES,2,32,enc-8x-w2-shared,13.026,13.054
RES,2,32,enc-8x-w3-inline,13.033,13.136
RES,2,32,enc-8x-w3-shared,13.035,13.066
RES,2,32,enc-8x-w4-inline,13.010,13.067
RES,2,32,enc-8x-w4-shared,13.041,13.054
RES,2,48,enc-8x-compact-fast1-4,17.577,17.661
RES,2,48,enc-8x-w1-inline,24.720,25.157
RES,2,48,enc-8x-w2-inline,24.576,24.802
RES,2,48,enc-8x-w2-shared,24.671,24.808
RES,2,48,enc-8x-w3-inline,15.864,15.882
RES,2,48,enc-8x-w3-shared,15.925,15.944
RES,2,48,enc-8x-w4-inline,15.908,16.022
RES,2,48,enc-8x-w4-shared,15.870,15.958
RES,2,64,enc-8x-compact-fast1-4,18.706,19.084
RES,2,64,enc-8x-w1-inline,24.941,25.289
RES,2,64,enc-8x-w2-inline,24.880,25.013
RES,2,64,enc-8x-w2-shared,24.796,24.970
RES,2,64,enc-8x-w3-inline,24.897,25.514
RES,2,64,enc-8x-w3-shared,24.816,25.157
RES,2,64,enc-8x-w4-inline,18.151,18.265
RES,2,64,enc-8x-w4-shared,18.166,18.269
RES,2,80,enc-8x-compact-fast1-4,26.604,26.722
RES,2,80,enc-8x-w1-inline,26.633,26.965
RES,2,80,enc-8x-w2-inline,26.624,26.765
RES,2,80,enc-8x-w2-shared,26.600,26.728
RES,2,80,enc-8x-w3-inline,26.635,27.319
RES,2,80,enc-8x-w3-shared,26.594,26.915
RES,2,80,enc-8x-w4-inline,26.603,27.539
RES,2,80,enc-8x-w4-shared,26.604,26.726
RES,2,96,enc-8x-compact-fast1-4,27.619,27.747
RES,2,96,enc-8x-w1-inline,27.459,27.789
RES,2,96,enc-8x-w2-inline,27.462,27.630
RES,2,96,enc-8x-w2-shared,27.455,27.621
RES,2,96,enc-8x-w3-inline,27.451,28.225
RES,2,96,enc-8x-w3-shared,27.439,27.800
RES,2,96,enc-8x-w4-inline,27.467,28.095
RES,2,96,enc-8x-w4-shared,27.460,27.618
RES,2,112,enc-8x-compact-fast1-4,28.357,28.529
RES,2,112,enc-8x-w1-inline,28.495,28.752
RES,2,112,enc-8x-w2-inline,28.482,28.641
RES,2,112,enc-8x-w2-shared,28.506,28.665
RES,2,112,enc-8x-w3-inline,28.507,29.029
RES,2,112,enc-8x-w3-shared,28.505,28.715
RES,2,112,enc-8x-w4-inline,28.532,29.348
RES,2,112,enc-8x-w4-shared,28.506,28.635
RES,2,128,enc-8x-compact-fast1-4,26.804,26.928
RES,2,128,enc-8x-w1-inline,26.695,27.258
RES,2,128,enc-8x-w2-inline,26.859,27.156
RES,2,128,enc-8x-w2-shared,26.685,27.132
RES,2,128,enc-8x-w3-inline,26.917,27.207
RES,2,128,enc-8x-w3-shared,26.822,27.144
RES,2,128,enc-8x-w4-inline,26.947,27.168
RES,2,128,enc-8x-w4-shared,26.708,27.142
# SELFCHECK OK: 1..256 blocks, 8 variants
RES,3,16,enc-8x-compact-fast1-4,12.838,12.872
RES,3,16,enc-8x-w1-inline,12.282,12.295
RES,3,16,enc-8x-w2-inline,12.296,12.325
RES,3,16,enc-8x-w2-shared,12.284,12.369
RES,3,16,enc-8x-w3-inline,12.281,12.331
RES,3,16,enc-8x-w3-shared,12.292,12.303
RES,3,16,enc-8x-w4-inline,12.263,12.293
RES,3,16,enc-8x-w4-shared,12.297,12.320
RES,3,32,enc-8x-compact-fast1-4,13.961,14.001
RES,3,32,enc-8x-w1-inline,22.709,22.955
RES,3,32,enc-8x-w2-inline,13.053,13.068
RES,3,32,enc-8x-w2-shared,13.001,13.071
RES,3,32,enc-8x-w3-inline,13.014,13.136
RES,3,32,enc-8x-w3-shared,13.011,13.059
RES,3,32,enc-8x-w4-inline,13.008,13.066
RES,3,32,enc-8x-w4-shared,13.039,13.053
RES,3,48,enc-8x-compact-fast1-4,17.577,17.691
RES,3,48,enc-8x-w1-inline,24.712,24.934
RES,3,48,enc-8x-w2-inline,24.661,24.809
RES,3,48,enc-8x-w2-shared,24.683,24.863
RES,3,48,enc-8x-w3-inline,15.866,15.886
RES,3,48,enc-8x-w3-shared,15.925,15.942
RES,3,48,enc-8x-w4-inline,15.913,16.031
RES,3,48,enc-8x-w4-shared,15.868,15.977
RES,3,64,enc-8x-compact-fast1-4,18.705,18.910
RES,3,64,enc-8x-w1-inline,24.906,25.229
RES,3,64,enc-8x-w2-inline,24.881,25.008
RES,3,64,enc-8x-w2-shared,24.826,25.139
RES,3,64,enc-8x-w3-inline,24.882,25.342
RES,3,64,enc-8x-w3-shared,24.832,25.040
RES,3,64,enc-8x-w4-inline,18.159,18.266
RES,3,64,enc-8x-w4-shared,18.167,18.252
RES,3,80,enc-8x-compact-fast1-4,26.590,26.724
RES,3,80,enc-8x-w1-inline,26.634,26.950
RES,3,80,enc-8x-w2-inline,26.623,26.784
RES,3,80,enc-8x-w2-shared,26.597,26.843
RES,3,80,enc-8x-w3-inline,26.675,27.384
RES,3,80,enc-8x-w3-shared,26.605,27.196
RES,3,80,enc-8x-w4-inline,26.616,27.459
RES,3,80,enc-8x-w4-shared,26.595,26.724
RES,3,96,enc-8x-compact-fast1-4,27.625,27.750
RES,3,96,enc-8x-w1-inline,27.460,27.743
RES,3,96,enc-8x-w2-inline,27.431,27.695
RES,3,96,enc-8x-w2-shared,27.451,27.664
RES,3,96,enc-8x-w3-inline,27.460,28.331
RES,3,96,enc-8x-w3-shared,27.471,27.732
RES,3,96,enc-8x-w4-inline,27.432,28.140
RES,3,96,enc-8x-w4-shared,27.475,27.603
RES,3,112,enc-8x-compact-fast1-4,28.380,28.528
RES,3,112,enc-8x-w1-inline,28.413,28.816
RES,3,112,enc-8x-w2-inline,28.497,28.653
RES,3,112,enc-8x-w2-shared,28.506,28.763
RES,3,112,enc-8x-w3-inline,28.480,28.902
RES,3,112,enc-8x-w3-shared,28.505,28.871
RES,3,112,enc-8x-w4-inline,28.507,29.284
RES,3,112,enc-8x-w4-shared,28.477,28.641
RES,3,128,enc-8x-compact-fast1-4,26.792,26.929
RES,3,128,enc-8x-w1-inline,26.698,27.257
RES,3,128,enc-8x-w2-inline,26.916,27.141
RES,3,128,enc-8x-w2-shared,26.712,27.127
RES,3,128,enc-8x-w3-inline,26.922,27.483
RES,3,128,enc-8x-w3-shared,26.709,27.086
RES,3,128,enc-8x-w4-inline,26.988,27.454
RES,3,128,enc-8x-w4-shared,26.708,27.166
# SELFCHECK OK: 1..256 blocks, 8 variants
RES,4,16,enc-8x-compact-fast1-4,12.838,12.873
RES,4,16,enc-8x-w1-inline,12.279,12.291
RES,4,16,enc-8x-w2-inline,12.294,12.326
RES,4,16,enc-8x-w2-shared,12.286,12.368
RES,4,16,enc-8x-w3-inline,12.275,12.377
RES,4,16,enc-8x-w3-shared,12.249,12.306
RES,4,16,enc-8x-w4-inline,12.263,12.292
RES,4,16,enc-8x-w4-shared,12.296,12.322
RES,4,32,enc-8x-compact-fast1-4,13.968,14.045
RES,4,32,enc-8x-w1-inline,22.711,23.037
RES,4,32,enc-8x-w2-inline,13.027,13.075
RES,4,32,enc-8x-w2-shared,13.029,13.055
RES,4,32,enc-8x-w3-inline,13.014,13.133
RES,4,32,enc-8x-w3-shared,13.020,13.062
RES,4,32,enc-8x-w4-inline,13.005,13.063
RES,4,32,enc-8x-w4-shared,13.032,13.053
RES,4,48,enc-8x-compact-fast1-4,17.573,17.589
RES,4,48,enc-8x-w1-inline,24.713,24.933
RES,4,48,enc-8x-w2-inline,24.447,24.819
RES,4,48,enc-8x-w2-shared,24.709,24.881
RES,4,48,enc-8x-w3-inline,15.867,15.881
RES,4,48,enc-8x-w3-shared,15.923,15.941
RES,4,48,enc-8x-w4-inline,15.910,16.086
RES,4,48,enc-8x-w4-shared,15.869,15.952
RES,4,64,enc-8x-compact-fast1-4,18.708,19.119
RES,4,64,enc-8x-w1-inline,24.929,25.290
RES,4,64,enc-8x-w2-inline,24.859,25.015
RES,4,64,enc-8x-w2-shared,24.824,24.966
RES,4,64,enc-8x-w3-inline,24.875,25.175
RES,4,64,enc-8x-w3-shared,24.669,25.089
RES,4,64,enc-8x-w4-inline,18.152,18.274
RES,4,64,enc-8x-w4-shared,18.168,18.268
RES,4,80,enc-8x-compact-fast1-4,26.597,26.722
RES,4,80,enc-8x-w1-inline,26.630,26.917
RES,4,80,enc-8x-w2-inline,26.628,26.829
RES,4,80,enc-8x-w2-shared,26.615,26.949
RES,4,80,enc-8x-w3-inline,26.649,27.219
RES,4,80,enc-8x-w3-shared,26.614,27.085
RES,4,80,enc-8x-w4-inline,26.639,27.445
RES,4,80,enc-8x-w4-shared,26.605,26.726
RES,4,96,enc-8x-compact-fast1-4,27.630,27.752
RES,4,96,enc-8x-w1-inline,27.459,27.681
RES,4,96,enc-8x-w2-inline,27.465,27.714
RES,4,96,enc-8x-w2-shared,27.456,27.708
RES,4,96,enc-8x-w3-inline,27.393,28.203
RES,4,96,enc-8x-w3-shared,27.425,27.610
RES,4,96,enc-8x-w4-inline,27.497,28.171
RES,4,96,enc-8x-w4-shared,27.474,27.604
RES,4,112,enc-8x-compact-fast1-4,28.289,28.529
RES,4,112,enc-8x-w1-inline,28.502,28.740
RES,4,112,enc-8x-w2-inline,28.461,28.620
RES,4,112,enc-8x-w2-shared,28.507,28.738
RES,4,112,enc-8x-w3-inline,28.492,29.153
RES,4,112,enc-8x-w3-shared,28.502,28.834
RES,4,112,enc-8x-w4-inline,28.508,29.205
RES,4,112,enc-8x-w4-shared,28.491,28.639
RES,4,128,enc-8x-compact-fast1-4,26.804,26.926
RES,4,128,enc-8x-w1-inline,26.714,27.213
RES,4,128,enc-8x-w2-inline,26.797,27.149
RES,4,128,enc-8x-w2-shared,26.699,27.142
RES,4,128,enc-8x-w3-inline,26.909,27.177
RES,4,128,enc-8x-w3-shared,26.714,27.087
RES,4,128,enc-8x-w4-inline,27.064,27.352
RES,4,128,enc-8x-w4-shared,26.718,27.148
# SELFCHECK OK: 1..256 blocks, 8 variants
RES,5,16,enc-8x-compact-fast1-4,12.838,12.875
RES,5,16,enc-8x-w1-inline,12.278,12.290
RES,5,16,enc-8x-w2-inline,12.297,12.325
RES,5,16,enc-8x-w2-shared,12.289,12.366
RES,5,16,enc-8x-w3-inline,12.280,12.344
RES,5,16,enc-8x-w3-shared,12.290,12.305
RES,5,16,enc-8x-w4-inline,12.260,12.291
RES,5,16,enc-8x-w4-shared,12.295,12.323
RES,5,32,enc-8x-compact-fast1-4,13.968,14.006
RES,5,32,enc-8x-w1-inline,22.734,23.147
RES,5,32,enc-8x-w2-inline,13.058,13.071
RES,5,32,enc-8x-w2-shared,13.031,13.056
RES,5,32,enc-8x-w3-inline,13.016,13.135
RES,5,32,enc-8x-w3-shared,13.016,13.060
RES,5,32,enc-8x-w4-inline,13.020,13.067
RES,5,32,enc-8x-w4-shared,13.039,13.054
RES,5,48,enc-8x-compact-fast1-4,17.573,17.671
RES,5,48,enc-8x-w1-inline,24.549,24.959
RES,5,48,enc-8x-w2-inline,24.680,24.797
RES,5,48,enc-8x-w2-shared,24.682,24.801
RES,5,48,enc-8x-w3-inline,15.865,15.881
RES,5,48,enc-8x-w3-shared,15.925,15.944
RES,5,48,enc-8x-w4-inline,15.911,16.102
RES,5,48,enc-8x-w4-shared,15.869,16.071
RES,5,64,enc-8x-compact-fast1-4,18.708,19.122
RES,5,64,enc-8x-w1-inline,24.918,25.163
RES,5,64,enc-8x-w2-inline,24.879,25.022
RES,5,64,enc-8x-w2-shared,24.818,24.941
RES,5,64,enc-8x-w3-inline,24.883,25.261
RES,5,64,enc-8x-w3-shared,24.829,25.142
RES,5,64,enc-8x-w4-inline,18.157,18.335
RES,5,64,enc-8x-w4-shared,18.168,18.296
RES,5,80,enc-8x-compact-fast1-4,26.600,26.723
RES,5,80,enc-8x-w1-inline,26.642,27.023
RES,5,80,enc-8x-w2-inline,26.612,26.803
RES,5,80,enc-8x-w2-shared,26.602,26.787
RES,5,80,enc-8x-w3-inline,26.633,27.151
RES,5,80,enc-8x-w3-shared,26.611,26.980
RES,5,80,enc-8x-w4-inline,26.614,27.316
RES,5,80,enc-8x-w4-shared,26.605,26.730
RES,5,96,enc-8x-compact-fast1-4,27.556,27.746
RES,5,96,enc-8x-w1-inline,27.445,27.889
RES,5,96,enc-8x-w2-inline,27.437,27.597
RES,5,96,enc-8x-w2-shared,27.457,27.603
RES,5,96,enc-8x-w3-inline,27.478,28.210
RES,5,96,enc-8x-w3-shared,27.464,27.785
RES,5,96,enc-8x-w4-inline,27.475,28.121
RES,5,96,enc-8x-w4-shared,27.472,27.610
RES,5,112,enc-8x-compact-fast1-4,28.341,28.530
RES,5,112,enc-8x-w1-inline,28.484,28.826
RES,5,112,enc-8x-w2-inline,28.486,28.630
RES,5,112,enc-8x-w2-shared,28.487,28.633
RES,5,112,enc-8x-w3-inline,28.501,29.209
RES,5,112,enc-8x-w3-shared,28.507,28.770
RES,5,112,enc-8x-w4-inline,28.506,29.148
RES,5,112,enc-8x-w4-shared,28.472,28.627
RES,5,128,enc-8x-compact-fast1-4,26.795,26.930
RES,5,128,enc-8x-w1-inline,26.723,27.225
RES,5,128,enc-8x-w2-inline,26.822,27.156
RES,5,128,enc-8x-w2-shared,26.674,27.132
RES,5,128,enc-8x-w3-inline,27.034,27.374
RES,5,128,enc-8x-w3-shared,26.714,27.125
RES,5,128,enc-8x-w4-inline,27.008,27.228
RES,5,128,enc-8x-w4-shared,26.711,27.150
# SELFCHECK OK: 1..256 blocks, 8 variants
RES,6,16,enc-8x-compact-fast1-4,12.838,12.875
RES,6,16,enc-8x-w1-inline,12.283,12.296
RES,6,16,enc-8x-w2-inline,12.288,12.326
RES,6,16,enc-8x-w2-shared,12.285,12.365
RES,6,16,enc-8x-w3-inline,12.276,12.307
RES,6,16,enc-8x-w3-shared,12.294,12.304
RES,6,16,enc-8x-w4-inline,12.264,12.291
RES,6,16,enc-8x-w4-shared,12.284,12.320
RES,6,32,enc-8x-compact-fast1-4,13.964,14.002
RES,6,32,enc-8x-w1-inline,22.677,23.285
RES,6,32,enc-8x-w2-inline,13.026,13.066
RES,6,32,enc-8x-w2-shared,13.015,13.054
RES,6,32,enc-8x-w3-inline,13.013,13.137
RES,6,32,enc-8x-w3-shared,13.029,13.062
RES,6,32,enc-8x-w4-inline,13.019,13.067
RES,6,32,enc-8x-w4-shared,13.037,13.052
RES,6,48,enc-8x-compact-fast1-4,17.574,17.614
RES,6,48,enc-8x-w1-inline,24.710,25.084
RES,6,48,enc-8x-w2-inline,24.679,24.803
RES,6,48,enc-8x-w2-shared,24.682,24.807
RES,6,48,enc-8x-w3-inline,15.864,15.982
RES,6,48,enc-8x-w3-shared,15.925,15.949
RES,6,48,enc-8x-w4-inline,15.909,16.084
RES,6,48,enc-8x-w4-shared,15.863,15.980
RES,6,64,enc-8x-compact-fast1-4,18.700,18.822
RES,6,64,enc-8x-w1-inline,24.927,25.297
RES,6,64,enc-8x-w2-inline,24.868,25.005
RES,6,64,enc-8x-w2-shared,24.822,25.123
RES,6,64,enc-8x-w3-inline,24.831,25.166
RES,6,64,enc-8x-w3-shared,24.783,25.036
RES,6,64,enc-8x-w4-inline,18.148,18.267
RES,6,64,enc-8x-w4-shared,18.167,18.283
RES,6,80,enc-8x-compact-fast1-4,26.583,26.723
RES,6,80,enc-8x-w1-inline,26.633,26.900
RES,6,80,enc-8x-w2-inline,26.625,26.814
RES,6,80,enc-8x-w2-shared,26.450,26.742
RES,6,80,enc-8x-w3-inline,26.611,27.215
RES,6,80,enc-8x-w3-shared,26.609,27.003
RES,6,80,enc-8x-w4-inline,26.591,27.379
RES,6,80,enc-8x-w4-shared,26.586,26.731
RES,6,96,enc-8x-compact-fast1-4,27.608,27.747
RES,6,96,enc-8x-w1-inline,27.472,27.990
RES,6,96,enc-8x-w2-inline,27.316,27.605
RES,6,96,enc-8x-w2-shared,27.473,27.618
RES,6,96,enc-8x-w3-inline,27.454,28.118
RES,6,96,enc-8x-w3-shared,27.442,27.831
RES,6,96,enc-8x-w4-inline,27.477,28.199
RES,6,96,enc-8x-w4-shared,27.436,27.622
RES,6,112,enc-8x-compact-fast1-4,28.310,28.521
RES,6,112,enc-8x-w1-inline,28.439,28.779
RES,6,112,enc-8x-w2-inline,28.482,28.645
RES,6,112,enc-8x-w2-shared,28.479,28.709
RES,6,112,enc-8x-w3-inline,28.508,29.020
RES,6,112,enc-8x-w3-shared,28.499,28.778
RES,6,112,enc-8x-w4-inline,28.512,29.215
RES,6,112,enc-8x-w4-shared,28.500,28.640
RES,6,128,enc-8x-compact-fast1-4,26.794,26.931
RES,6,128,enc-8x-w1-inline,26.844,27.190
RES,6,128,enc-8x-w2-inline,26.839,27.161
RES,6,128,enc-8x-w2-shared,26.710,27.150
RES,6,128,enc-8x-w3-inline,26.918,27.234
RES,6,128,enc-8x-w3-shared,26.725,27.090
RES,6,128,enc-8x-w4-inline,26.967,27.408
RES,6,128,enc-8x-w4-shared,26.705,27.143
# SELFCHECK OK: 1..256 blocks, 8 variants
RES,7,16,enc-8x-compact-fast1-4,12.836,12.872
RES,7,16,enc-8x-w1-inline,12.283,12.295
RES,7,16,enc-8x-w2-inline,12.288,12.327
RES,7,16,enc-8x-w2-shared,12.283,12.372
RES,7,16,enc-8x-w3-inline,12.274,12.308
RES,7,16,enc-8x-w3-shared,12.243,12.306
RES,7,16,enc-8x-w4-inline,12.261,12.292
RES,7,16,enc-8x-w4-shared,12.297,12.322
RES,7,32,enc-8x-compact-fast1-4,13.958,14.005
RES,7,32,enc-8x-w1-inline,22.673,23.072
RES,7,32,enc-8x-w2-inline,13.039,13.085
RES,7,32,enc-8x-w2-shared,13.029,13.055
RES,7,32,enc-8x-w3-inline,13.014,13.135
RES,7,32,enc-8x-w3-shared,13.026,13.063
RES,7,32,enc-8x-w4-inline,13.005,13.064
RES,7,32,enc-8x-w4-shared,13.037,13.050
RES,7,48,enc-8x-compact-fast1-4,17.574,17.656
RES,7,48,enc-8x-w1-inline,24.719,25.087
RES,7,48,enc-8x-w2-inline,24.669,24.806
RES,7,48,enc-8x-w2-shared,24.687,24.798
RES,7,48,enc-8x-w3-inline,15.862,15.879
RES,7,48,enc-8x-w3-shared,15.920,15.941
RES,7,48,enc-8x-w4-inline,15.904,16.055
RES,7,48,enc-8x-w4-shared,15.868,15.886
RES,7,64,enc-8x-compact-fast1-4,18.706,18.979
RES,7,64,enc-8x-w1-inline,24.906,25.264
RES,7,64,enc-8x-w2-inline,24.880,25.014
RES,7,64,enc-8x-w2-shared,24.812,24.943
RES,7,64,enc-8x-w3-inline,24.914,25.507
RES,7,64,enc-8x-w3-shared,24.826,25.055
RES,7,64,enc-8x-w4-inline,18.149,18.262
RES,7,64,enc-8x-w4-shared,18.169,18.276
RES,7,80,enc-8x-compact-fast1-4,26.593,26.719
RES,7,80,enc-8x-w1-inline,26.647,26.989
RES,7,80,enc-8x-w2-inline,26.626,26.777
RES,7,80,enc-8x-w2-shared,26.590,26.747
RES,7,80,enc-8x-w3-inline,26.662,27.244
RES,7,80,enc-8x-w3-shared,26.605,27.047
RES,7,80,enc-8x-w4-inline,26.600,27.004
RES,7,80,enc-8x-w4-shared,26.605,26.724
RES,7,96,enc-8x-compact-fast1-4,27.618,27.748
RES,7,96,enc-8x-w1-inline,27.458,27.731
RES,7,96,enc-8x-w2-inline,27.266,27.631
RES,7,96,enc-8x-w2-shared,27.437,27.608
RES,7,96,enc-8x-w3-inline,27.530,28.099
RES,7,96,enc-8x-w3-shared,27.453,27.669
RES,7,96,enc-8x-w4-inline,27.487,28.144
RES,7,96,enc-8x-w4-shared,27.482,27.619
RES,7,112,enc-8x-compact-fast1-4,28.378,28.529
RES,7,112,enc-8x-w1-inline,28.429,28.673
RES,7,112,enc-8x-w2-inline,28.469,28.630
RES,7,112,enc-8x-w2-shared,28.504,28.714
RES,7,112,enc-8x-w3-inline,28.527,29.197
RES,7,112,enc-8x-w3-shared,28.474,28.788
RES,7,112,enc-8x-w4-inline,28.561,29.158
RES,7,112,enc-8x-w4-shared,28.337,28.625
RES,7,128,enc-8x-compact-fast1-4,26.813,26.929
RES,7,128,enc-8x-w1-inline,26.827,27.262
RES,7,128,enc-8x-w2-inline,26.902,27.123
RES,7,128,enc-8x-w2-shared,26.716,27.088
RES,7,128,enc-8x-w3-inline,26.926,27.363
RES,7,128,enc-8x-w3-shared,26.704,27.120
RES,7,128,enc-8x-w4-inline,27.064,27.354
RES,7,128,enc-8x-w4-shared,26.712,27.093
