# date=2026-09-08T23:52:06Z
# host=ip-172-31-44-56
# model=Neoverse-V2
# mode=large reps=160 processes=7 pinned_cpu=3
file,sha256,text_bytes
x8-pareto-compact.o,78605a647e192cc843d63e5ce89ba72ccd1788acc748f900edc54a9aad6b15d3,8624
x8-pareto-w1-inline.o,414135f6c6682c4769e69f4616d7756a26d8606179c6d661410cff83c0751641,5792
x8-pareto-w2-inline.o,a47054eea007d994ae43beaf57145614ad049d6af44a2fc4aa01d865e409253d,6224
x8-pareto-w2-shared.o,965292a5ec5584406e5b57186f9684abbbb5096c778d49335f6da5240c4ee837,6192
x8-pareto-w3-inline.o,39552a2f631a9e3bf2c0d8feea47a5c66d987f28e97f26d4d87ed09b2d15f245,6832
x8-pareto-w3-shared.o,6ee35a199ed5d2120c654d72f4b138658530475a915f7953121fe86d83100838,6752
x8-pareto-w4-inline.o,f07f4b63b753d5490d03aa09a08e965ee4306f14c0e7c8e7371d157b44d650d1,7616
x8-pareto-w4-shared.o,28bf660efcc2c2e1363ec87070d15cde5e6ca7d44c9845b1cc37d0ac824324af,7504
# SELFCHECK OK: 1..256 blocks, 8 variants
RES,1,1344,enc-8x-compact-fast1-4,224.290,224.669
RES,1,1344,enc-8x-w1-inline,224.164,224.555
RES,1,1344,enc-8x-w2-inline,224.210,224.550
RES,1,1344,enc-8x-w2-shared,224.317,224.648
RES,1,1344,enc-8x-w3-inline,224.224,224.782
RES,1,1344,enc-8x-w3-shared,224.422,224.781
RES,1,1344,enc-8x-w4-inline,224.369,225.316
RES,1,1344,enc-8x-w4-shared,224.526,224.818
RES,1,2048,enc-8x-compact-fast1-4,325.625,326.713
RES,1,2048,enc-8x-w1-inline,325.575,325.949
RES,1,2048,enc-8x-w2-inline,325.709,325.988
RES,1,2048,enc-8x-w2-shared,325.772,326.130
RES,1,2048,enc-8x-w3-inline,325.697,326.530
RES,1,2048,enc-8x-w3-shared,325.683,326.207
RES,1,2048,enc-8x-w4-inline,325.842,327.025
RES,1,2048,enc-8x-w4-shared,325.759,326.107
RES,1,4096,enc-8x-compact-fast1-4,645.130,646.530
RES,1,4096,enc-8x-w1-inline,644.873,645.562
RES,1,4096,enc-8x-w2-inline,644.796,645.452
RES,1,4096,enc-8x-w2-shared,645.060,645.630
RES,1,4096,enc-8x-w3-inline,644.855,645.744
RES,1,4096,enc-8x-w3-shared,644.779,645.654
RES,1,4096,enc-8x-w4-inline,644.977,646.385
RES,1,4096,enc-8x-w4-shared,645.000,645.479
RES,1,8192,enc-8x-compact-fast1-4,1283.393,1286.098
RES,1,8192,enc-8x-w1-inline,1282.877,1284.453
RES,1,8192,enc-8x-w2-inline,1283.151,1284.157
RES,1,8192,enc-8x-w2-shared,1283.182,1284.247
RES,1,8192,enc-8x-w3-inline,1283.006,1285.002
RES,1,8192,enc-8x-w3-shared,1283.037,1285.115
RES,1,8192,enc-8x-w4-inline,1283.278,1285.739
RES,1,8192,enc-8x-w4-shared,1283.214,1284.197
RES,1,16384,enc-8x-compact-fast1-4,2560.147,2565.452
RES,1,16384,enc-8x-w1-inline,2559.383,2562.471
RES,1,16384,enc-8x-w2-inline,2559.795,2561.435
RES,1,16384,enc-8x-w2-shared,2559.904,2562.284
RES,1,16384,enc-8x-w3-inline,2559.773,2564.010
RES,1,16384,enc-8x-w3-shared,2559.432,2563.960
RES,1,16384,enc-8x-w4-inline,2559.630,2564.067
RES,1,16384,enc-8x-w4-shared,2559.364,2561.278
RES,1,32768,enc-8x-compact-fast1-4,5113.621,5123.344
RES,1,32768,enc-8x-w1-inline,5111.554,5119.710
RES,1,32768,enc-8x-w2-inline,5112.819,5116.413
RES,1,32768,enc-8x-w2-shared,5112.939,5120.123
RES,1,32768,enc-8x-w3-inline,5112.726,5120.716
RES,1,32768,enc-8x-w3-shared,5112.700,5122.565
RES,1,32768,enc-8x-w4-inline,5110.983,5129.978
RES,1,32768,enc-8x-w4-shared,5110.890,5116.560
# SELFCHECK OK: 1..256 blocks, 8 variants
RES,2,1344,enc-8x-compact-fast1-4,224.207,224.772
RES,2,1344,enc-8x-w1-inline,224.112,224.567
RES,2,1344,enc-8x-w2-inline,224.175,224.519
RES,2,1344,enc-8x-w2-shared,224.052,224.580
RES,2,1344,enc-8x-w3-inline,224.193,224.774
RES,2,1344,enc-8x-w3-shared,224.343,224.761
RES,2,1344,enc-8x-w4-inline,224.295,225.292
RES,2,1344,enc-8x-w4-shared,224.474,224.786
RES,2,2048,enc-8x-compact-fast1-4,325.944,326.707
RES,2,2048,enc-8x-w1-inline,325.644,326.055
RES,2,2048,enc-8x-w2-inline,325.679,325.955
RES,2,2048,enc-8x-w2-shared,325.740,326.188
RES,2,2048,enc-8x-w3-inline,325.660,326.450
RES,2,2048,enc-8x-w3-shared,325.687,326.213
RES,2,2048,enc-8x-w4-inline,325.707,326.569
RES,2,2048,enc-8x-w4-shared,325.805,326.206
RES,2,4096,enc-8x-compact-fast1-4,645.164,646.567
RES,2,4096,enc-8x-w1-inline,644.820,645.721
RES,2,4096,enc-8x-w2-inline,644.901,645.454
RES,2,4096,enc-8x-w2-shared,645.013,645.598
RES,2,4096,enc-8x-w3-inline,644.857,646.319
RES,2,4096,enc-8x-w3-shared,644.844,646.081
RES,2,4096,enc-8x-w4-inline,645.124,646.972
RES,2,4096,enc-8x-w4-shared,644.982,645.651
RES,2,8192,enc-8x-compact-fast1-4,1283.476,1286.301
RES,2,8192,enc-8x-w1-inline,1283.123,1284.818
RES,2,8192,enc-8x-w2-inline,1283.187,1284.293
RES,2,8192,enc-8x-w2-shared,1283.197,1284.598
RES,2,8192,enc-8x-w3-inline,1283.164,1286.020
RES,2,8192,enc-8x-w3-shared,1283.076,1285.077
RES,2,8192,enc-8x-w4-inline,1283.255,1288.240
RES,2,8192,enc-8x-w4-shared,1283.270,1284.484
RES,2,16384,enc-8x-compact-fast1-4,2560.075,2564.384
RES,2,16384,enc-8x-w1-inline,2559.849,2563.448
RES,2,16384,enc-8x-w2-inline,2559.897,2561.756
RES,2,16384,enc-8x-w2-shared,2559.928,2563.206
RES,2,16384,enc-8x-w3-inline,2559.776,2566.304
RES,2,16384,enc-8x-w3-shared,2559.456,2564.367
RES,2,16384,enc-8x-w4-inline,2559.634,2568.827
RES,2,16384,enc-8x-w4-shared,2559.401,2561.963
RES,2,32768,enc-8x-compact-fast1-4,5113.755,5123.334
RES,2,32768,enc-8x-w1-inline,5110.935,5119.692
RES,2,32768,enc-8x-w2-inline,5112.191,5115.888
RES,2,32768,enc-8x-w2-shared,5113.309,5119.506
RES,2,32768,enc-8x-w3-inline,5110.816,5124.307
RES,2,32768,enc-8x-w3-shared,5110.574,5122.833
RES,2,32768,enc-8x-w4-inline,5113.425,5129.869
RES,2,32768,enc-8x-w4-shared,5110.649,5117.513
# SELFCHECK OK: 1..256 blocks, 8 variants
RES,3,1344,enc-8x-compact-fast1-4,224.210,224.722
RES,3,1344,enc-8x-w1-inline,224.097,224.464
RES,3,1344,enc-8x-w2-inline,224.098,224.596
RES,3,1344,enc-8x-w2-shared,224.280,224.627
RES,3,1344,enc-8x-w3-inline,224.305,224.834
RES,3,1344,enc-8x-w3-shared,224.333,224.673
RES,3,1344,enc-8x-w4-inline,224.459,225.149
RES,3,1344,enc-8x-w4-shared,224.448,224.736
RES,3,2048,enc-8x-compact-fast1-4,325.864,326.730
RES,3,2048,enc-8x-w1-inline,325.657,325.986
RES,3,2048,enc-8x-w2-inline,325.679,326.045
RES,3,2048,enc-8x-w2-shared,325.783,326.134
RES,3,2048,enc-8x-w3-inline,325.784,326.630
RES,3,2048,enc-8x-w3-shared,325.669,326.161
RES,3,2048,enc-8x-w4-inline,325.800,326.545
RES,3,2048,enc-8x-w4-shared,325.775,326.129
RES,3,4096,enc-8x-compact-fast1-4,645.231,646.773
RES,3,4096,enc-8x-w1-inline,644.760,645.711
RES,3,4096,enc-8x-w2-inline,644.867,645.556
RES,3,4096,enc-8x-w2-shared,645.005,645.716
RES,3,4096,enc-8x-w3-inline,644.756,645.921
RES,3,4096,enc-8x-w3-shared,644.817,646.024
RES,3,4096,enc-8x-w4-inline,644.999,646.422
RES,3,4096,enc-8x-w4-shared,644.912,645.575
RES,3,8192,enc-8x-compact-fast1-4,1283.678,1286.522
RES,3,8192,enc-8x-w1-inline,1282.945,1284.917
RES,3,8192,enc-8x-w2-inline,1283.193,1284.112
RES,3,8192,enc-8x-w2-shared,1283.282,1284.506
RES,3,8192,enc-8x-w3-inline,1283.051,1285.560
RES,3,8192,enc-8x-w3-shared,1283.103,1285.514
RES,3,8192,enc-8x-w4-inline,1283.180,1286.729
RES,3,8192,enc-8x-w4-shared,1283.217,1284.333
RES,3,16384,enc-8x-compact-fast1-4,2560.249,2565.487
RES,3,16384,enc-8x-w1-inline,2559.808,2562.917
RES,3,16384,enc-8x-w2-inline,2559.688,2561.689
RES,3,16384,enc-8x-w2-shared,2559.912,2563.047
RES,3,16384,enc-8x-w3-inline,2559.252,2564.249
RES,3,16384,enc-8x-w3-shared,2559.264,2563.972
RES,3,16384,enc-8x-w4-inline,2559.532,2567.316
RES,3,16384,enc-8x-w4-shared,2559.282,2561.810
RES,3,32768,enc-8x-compact-fast1-4,5112.387,5124.769
RES,3,32768,enc-8x-w1-inline,5112.155,5119.886
RES,3,32768,enc-8x-w2-inline,5110.934,5116.009
RES,3,32768,enc-8x-w2-shared,5112.517,5119.760
RES,3,32768,enc-8x-w3-inline,5110.821,5119.197
RES,3,32768,enc-8x-w3-shared,5112.849,5121.101
RES,3,32768,enc-8x-w4-inline,5112.797,5129.274
RES,3,32768,enc-8x-w4-shared,5112.395,5116.522
# SELFCHECK OK: 1..256 blocks, 8 variants
RES,4,1344,enc-8x-compact-fast1-4,224.310,224.717
RES,4,1344,enc-8x-w1-inline,224.179,224.534
RES,4,1344,enc-8x-w2-inline,224.084,224.583
RES,4,1344,enc-8x-w2-shared,224.225,224.605
RES,4,1344,enc-8x-w3-inline,224.285,224.793
RES,4,1344,enc-8x-w3-shared,224.378,224.713
RES,4,1344,enc-8x-w4-inline,224.285,225.100
RES,4,1344,enc-8x-w4-shared,224.421,224.744
RES,4,2048,enc-8x-compact-fast1-4,325.806,326.695
RES,4,2048,enc-8x-w1-inline,325.615,326.088
RES,4,2048,enc-8x-w2-inline,325.683,326.000
RES,4,2048,enc-8x-w2-shared,325.756,326.221
RES,4,2048,enc-8x-w3-inline,325.607,326.476
RES,4,2048,enc-8x-w3-shared,325.668,326.243
RES,4,2048,enc-8x-w4-inline,325.786,326.876
RES,4,2048,enc-8x-w4-shared,325.714,326.112
RES,4,4096,enc-8x-compact-fast1-4,645.141,646.476
RES,4,4096,enc-8x-w1-inline,644.846,645.577
RES,4,4096,enc-8x-w2-inline,644.944,645.361
RES,4,4096,enc-8x-w2-shared,644.980,645.732
RES,4,4096,enc-8x-w3-inline,644.976,646.636
RES,4,4096,enc-8x-w3-shared,644.862,646.057
RES,4,4096,enc-8x-w4-inline,645.074,647.230
RES,4,4096,enc-8x-w4-shared,644.946,645.513
RES,4,8192,enc-8x-compact-fast1-4,1283.453,1286.056
RES,4,8192,enc-8x-w1-inline,1283.148,1284.972
RES,4,8192,enc-8x-w2-inline,1283.195,1284.031
RES,4,8192,enc-8x-w2-shared,1283.338,1284.712
RES,4,8192,enc-8x-w3-inline,1283.156,1286.805
RES,4,8192,enc-8x-w3-shared,1283.114,1285.270
RES,4,8192,enc-8x-w4-inline,1283.398,1287.534
RES,4,8192,enc-8x-w4-shared,1283.195,1284.427
RES,4,16384,enc-8x-compact-fast1-4,2559.924,2565.070
RES,4,16384,enc-8x-w1-inline,2559.509,2563.117
RES,4,16384,enc-8x-w2-inline,2559.761,2561.552
RES,4,16384,enc-8x-w2-shared,2559.927,2563.252
RES,4,16384,enc-8x-w3-inline,2559.913,2566.002
RES,4,16384,enc-8x-w3-shared,2559.403,2562.729
RES,4,16384,enc-8x-w4-inline,2559.928,2567.046
RES,4,16384,enc-8x-w4-shared,2559.498,2562.020
RES,4,32768,enc-8x-compact-fast1-4,5114.143,5123.682
RES,4,32768,enc-8x-w1-inline,5111.167,5119.344
RES,4,32768,enc-8x-w2-inline,5110.982,5116.046
RES,4,32768,enc-8x-w2-shared,5113.196,5120.574
RES,4,32768,enc-8x-w3-inline,5110.977,5125.132
RES,4,32768,enc-8x-w3-shared,5113.143,5121.421
RES,4,32768,enc-8x-w4-inline,5113.061,5129.800
RES,4,32768,enc-8x-w4-shared,5110.968,5118.048
# SELFCHECK OK: 1..256 blocks, 8 variants
RES,5,1344,enc-8x-compact-fast1-4,224.289,224.795
RES,5,1344,enc-8x-w1-inline,224.167,224.563
RES,5,1344,enc-8x-w2-inline,224.204,224.526
RES,5,1344,enc-8x-w2-shared,224.255,224.612
RES,5,1344,enc-8x-w3-inline,224.216,224.708
RES,5,1344,enc-8x-w3-shared,224.388,224.702
RES,5,1344,enc-8x-w4-inline,224.270,225.193
RES,5,1344,enc-8x-w4-shared,224.437,224.742
RES,5,2048,enc-8x-compact-fast1-4,325.823,326.738
RES,5,2048,enc-8x-w1-inline,325.614,326.059
RES,5,2048,enc-8x-w2-inline,325.647,326.009
RES,5,2048,enc-8x-w2-shared,325.828,326.221
RES,5,2048,enc-8x-w3-inline,325.607,326.131
RES,5,2048,enc-8x-w3-shared,325.662,326.129
RES,5,2048,enc-8x-w4-inline,325.901,326.867
RES,5,2048,enc-8x-w4-shared,325.773,326.115
RES,5,4096,enc-8x-compact-fast1-4,645.107,646.672
RES,5,4096,enc-8x-w1-inline,644.835,645.733
RES,5,4096,enc-8x-w2-inline,644.902,645.416
RES,5,4096,enc-8x-w2-shared,645.073,645.650
RES,5,4096,enc-8x-w3-inline,644.856,645.858
RES,5,4096,enc-8x-w3-shared,644.791,645.980
RES,5,4096,enc-8x-w4-inline,644.970,646.481
RES,5,4096,enc-8x-w4-shared,645.001,645.500
RES,5,8192,enc-8x-compact-fast1-4,1283.573,1286.273
RES,5,8192,enc-8x-w1-inline,1283.102,1284.525
RES,5,8192,enc-8x-w2-inline,1283.197,1284.097
RES,5,8192,enc-8x-w2-shared,1283.274,1284.396
RES,5,8192,enc-8x-w3-inline,1283.189,1285.740
RES,5,8192,enc-8x-w3-shared,1283.164,1285.025
RES,5,8192,enc-8x-w4-inline,1283.328,1286.340
RES,5,8192,enc-8x-w4-shared,1283.210,1283.945
RES,5,16384,enc-8x-compact-fast1-4,2560.435,2565.535
RES,5,16384,enc-8x-w1-inline,2559.494,2562.074
RES,5,16384,enc-8x-w2-inline,2559.727,2561.801
RES,5,16384,enc-8x-w2-shared,2559.853,2562.443
RES,5,16384,enc-8x-w3-inline,2559.880,2563.758
RES,5,16384,enc-8x-w3-shared,2559.547,2564.333
RES,5,16384,enc-8x-w4-inline,2559.664,2569.227
RES,5,16384,enc-8x-w4-shared,2559.438,2561.291
RES,5,32768,enc-8x-compact-fast1-4,5114.166,5123.818
RES,5,32768,enc-8x-w1-inline,5111.062,5118.659
RES,5,32768,enc-8x-w2-inline,5111.093,5115.997
RES,5,32768,enc-8x-w2-shared,5113.087,5118.660
RES,5,32768,enc-8x-w3-inline,5112.984,5120.868
RES,5,32768,enc-8x-w3-shared,5110.735,5121.545
RES,5,32768,enc-8x-w4-inline,5113.006,5122.640
RES,5,32768,enc-8x-w4-shared,5111.251,5115.684
# SELFCHECK OK: 1..256 blocks, 8 variants
RES,6,1344,enc-8x-compact-fast1-4,224.264,224.770
RES,6,1344,enc-8x-w1-inline,224.228,224.576
RES,6,1344,enc-8x-w2-inline,224.141,224.537
RES,6,1344,enc-8x-w2-shared,224.225,224.577
RES,6,1344,enc-8x-w3-inline,224.135,224.689
RES,6,1344,enc-8x-w3-shared,224.353,224.756
RES,6,1344,enc-8x-w4-inline,224.293,225.085
RES,6,1344,enc-8x-w4-shared,224.394,224.697
RES,6,2048,enc-8x-compact-fast1-4,325.738,326.657
RES,6,2048,enc-8x-w1-inline,325.508,325.995
RES,6,2048,enc-8x-w2-inline,325.634,326.011
RES,6,2048,enc-8x-w2-shared,325.731,326.106
RES,6,2048,enc-8x-w3-inline,325.649,326.415
RES,6,2048,enc-8x-w3-shared,325.670,326.056
RES,6,2048,enc-8x-w4-inline,325.753,326.482
RES,6,2048,enc-8x-w4-shared,325.737,326.018
RES,6,4096,enc-8x-compact-fast1-4,645.066,646.340
RES,6,4096,enc-8x-w1-inline,644.839,645.637
RES,6,4096,enc-8x-w2-inline,644.902,645.338
RES,6,4096,enc-8x-w2-shared,645.027,645.548
RES,6,4096,enc-8x-w3-inline,644.819,645.834
RES,6,4096,enc-8x-w3-shared,644.748,645.502
RES,6,4096,enc-8x-w4-inline,645.044,646.495
RES,6,4096,enc-8x-w4-shared,645.003,645.449
RES,6,8192,enc-8x-compact-fast1-4,1283.557,1284.969
RES,6,8192,enc-8x-w1-inline,1282.890,1284.632
RES,6,8192,enc-8x-w2-inline,1283.156,1283.973
RES,6,8192,enc-8x-w2-shared,1283.270,1284.441
RES,6,8192,enc-8x-w3-inline,1283.202,1285.122
RES,6,8192,enc-8x-w3-shared,1283.130,1284.643
RES,6,8192,enc-8x-w4-inline,1283.235,1286.777
RES,6,8192,enc-8x-w4-shared,1283.230,1284.052
RES,6,16384,enc-8x-compact-fast1-4,2560.112,2563.623
RES,6,16384,enc-8x-w1-inline,2557.637,2562.323
RES,6,16384,enc-8x-w2-inline,2559.789,2561.415
RES,6,16384,enc-8x-w2-shared,2559.937,2562.684
RES,6,16384,enc-8x-w3-inline,2559.875,2564.216
RES,6,16384,enc-8x-w3-shared,2559.464,2563.296
RES,6,16384,enc-8x-w4-inline,2559.650,2566.385
RES,6,16384,enc-8x-w4-shared,2559.375,2561.741
RES,6,32768,enc-8x-compact-fast1-4,5113.509,5120.653
RES,6,32768,enc-8x-w1-inline,5111.193,5119.719
RES,6,32768,enc-8x-w2-inline,5113.060,5115.649
RES,6,32768,enc-8x-w2-shared,5113.054,5118.759
RES,6,32768,enc-8x-w3-inline,5112.704,5121.574
RES,6,32768,enc-8x-w3-shared,5111.321,5122.044
RES,6,32768,enc-8x-w4-inline,5112.156,5124.839
RES,6,32768,enc-8x-w4-shared,5111.408,5115.634
# SELFCHECK OK: 1..256 blocks, 8 variants
RES,7,1344,enc-8x-compact-fast1-4,224.216,224.740
RES,7,1344,enc-8x-w1-inline,224.157,224.509
RES,7,1344,enc-8x-w2-inline,224.049,224.498
RES,7,1344,enc-8x-w2-shared,224.279,224.648
RES,7,1344,enc-8x-w3-inline,224.267,224.644
RES,7,1344,enc-8x-w3-shared,224.393,224.721
RES,7,1344,enc-8x-w4-inline,224.197,224.991
RES,7,1344,enc-8x-w4-shared,224.426,224.815
RES,7,2048,enc-8x-compact-fast1-4,325.740,326.671
RES,7,2048,enc-8x-w1-inline,325.647,326.090
RES,7,2048,enc-8x-w2-inline,325.677,325.986
RES,7,2048,enc-8x-w2-shared,325.715,326.240
RES,7,2048,enc-8x-w3-inline,325.748,326.289
RES,7,2048,enc-8x-w3-shared,325.670,326.188
RES,7,2048,enc-8x-w4-inline,325.762,326.406
RES,7,2048,enc-8x-w4-shared,325.755,326.140
RES,7,4096,enc-8x-compact-fast1-4,645.238,646.495
RES,7,4096,enc-8x-w1-inline,644.845,645.542
RES,7,4096,enc-8x-w2-inline,644.884,645.330
RES,7,4096,enc-8x-w2-shared,644.993,645.777
RES,7,4096,enc-8x-w3-inline,644.911,646.066
RES,7,4096,enc-8x-w3-shared,644.875,645.653
RES,7,4096,enc-8x-w4-inline,644.979,646.366
RES,7,4096,enc-8x-w4-shared,644.992,645.562
RES,7,8192,enc-8x-compact-fast1-4,1283.649,1286.318
RES,7,8192,enc-8x-w1-inline,1282.992,1284.498
RES,7,8192,enc-8x-w2-inline,1283.141,1283.924
RES,7,8192,enc-8x-w2-shared,1283.258,1284.472
RES,7,8192,enc-8x-w3-inline,1283.122,1285.547
RES,7,8192,enc-8x-w3-shared,1283.064,1284.880
RES,7,8192,enc-8x-w4-inline,1283.428,1286.771
RES,7,8192,enc-8x-w4-shared,1283.227,1284.297
RES,7,16384,enc-8x-compact-fast1-4,2560.322,2565.649
RES,7,16384,enc-8x-w1-inline,2559.130,2562.313
RES,7,16384,enc-8x-w2-inline,2559.973,2561.470
RES,7,16384,enc-8x-w2-shared,2559.845,2562.443
RES,7,16384,enc-8x-w3-inline,2559.918,2563.755
RES,7,16384,enc-8x-w3-shared,2559.288,2562.835
RES,7,16384,enc-8x-w4-inline,2559.765,2567.809
RES,7,16384,enc-8x-w4-shared,2559.514,2561.337
RES,7,32768,enc-8x-compact-fast1-4,5113.940,5122.069
RES,7,32768,enc-8x-w1-inline,5112.480,5118.738
RES,7,32768,enc-8x-w2-inline,5113.121,5115.718
RES,7,32768,enc-8x-w2-shared,5113.069,5119.299
RES,7,32768,enc-8x-w3-inline,5112.725,5118.292
RES,7,32768,enc-8x-w3-shared,5112.717,5119.296
RES,7,32768,enc-8x-w4-inline,5113.692,5124.343
RES,7,32768,enc-8x-w4-shared,5112.507,5116.081
DONE: 7 correctness gates
