# date=2026-09-08T23:52:05Z
# host=ip-172-31-4-159
# model=Neoverse-V1
# mode=large reps=160 processes=7 pinned_cpu=3
file,sha256,text_bytes
x8-pareto-compact.o,78605a647e192cc843d63e5ce89ba72ccd1788acc748f900edc54a9aad6b15d3,8624
x8-pareto-w1-inline.o,414135f6c6682c4769e69f4616d7756a26d8606179c6d661410cff83c0751641,5792
x8-pareto-w2-inline.o,a47054eea007d994ae43beaf57145614ad049d6af44a2fc4aa01d865e409253d,6224
x8-pareto-w2-shared.o,965292a5ec5584406e5b57186f9684abbbb5096c778d49335f6da5240c4ee837,6192
x8-pareto-w3-inline.o,39552a2f631a9e3bf2c0d8feea47a5c66d987f28e97f26d4d87ed09b2d15f245,6832
x8-pareto-w3-shared.o,6ee35a199ed5d2120c654d72f4b138658530475a915f7953121fe86d83100838,6752
x8-pareto-w4-inline.o,f07f4b63b753d5490d03aa09a08e965ee4306f14c0e7c8e7371d157b44d650d1,7616
x8-pareto-w4-shared.o,28bf660efcc2c2e1363ec87070d15cde5e6ca7d44c9845b1cc37d0ac824324af,7504
# SELFCHECK OK: 1..256 blocks, 8 variants
RES,1,1344,enc-8x-compact-fast1-4,248.348,248.920
RES,1,1344,enc-8x-w1-inline,247.570,248.435
RES,1,1344,enc-8x-w2-inline,247.640,248.620
RES,1,1344,enc-8x-w2-shared,248.105,248.694
RES,1,1344,enc-8x-w3-inline,247.907,248.440
RES,1,1344,enc-8x-w3-shared,247.864,248.793
RES,1,1344,enc-8x-w4-inline,247.843,249.182
RES,1,1344,enc-8x-w4-shared,247.740,248.772
RES,1,2048,enc-8x-compact-fast1-4,359.812,360.715
RES,1,2048,enc-8x-w1-inline,359.100,360.089
RES,1,2048,enc-8x-w2-inline,359.110,360.110
RES,1,2048,enc-8x-w2-shared,359.421,360.866
RES,1,2048,enc-8x-w3-inline,358.661,359.503
RES,1,2048,enc-8x-w3-shared,359.758,360.983
RES,1,2048,enc-8x-w4-inline,359.899,361.451
RES,1,2048,enc-8x-w4-shared,359.806,360.874
RES,1,4096,enc-8x-compact-fast1-4,709.902,711.417
RES,1,4096,enc-8x-w1-inline,708.384,711.014
RES,1,4096,enc-8x-w2-inline,708.365,709.859
RES,1,4096,enc-8x-w2-shared,710.430,712.471
RES,1,4096,enc-8x-w3-inline,708.232,709.386
RES,1,4096,enc-8x-w3-shared,710.555,712.756
RES,1,4096,enc-8x-w4-inline,710.565,713.494
RES,1,4096,enc-8x-w4-shared,709.731,712.544
RES,1,8192,enc-8x-compact-fast1-4,1409.605,1412.600
RES,1,8192,enc-8x-w1-inline,1407.129,1412.010
RES,1,8192,enc-8x-w2-inline,1406.284,1409.790
RES,1,8192,enc-8x-w2-shared,1410.665,1416.099
RES,1,8192,enc-8x-w3-inline,1406.635,1409.224
RES,1,8192,enc-8x-w3-shared,1408.816,1416.498
RES,1,8192,enc-8x-w4-inline,1411.736,1417.700
RES,1,8192,enc-8x-w4-shared,1411.101,1416.189
RES,1,16384,enc-8x-compact-fast1-4,2809.758,2817.228
RES,1,16384,enc-8x-w1-inline,2805.890,2815.608
RES,1,16384,enc-8x-w2-inline,2803.614,2809.947
RES,1,16384,enc-8x-w2-shared,2810.041,2824.159
RES,1,16384,enc-8x-w3-inline,2803.394,2809.252
RES,1,16384,enc-8x-w3-shared,2810.649,2824.898
RES,1,16384,enc-8x-w4-inline,2816.403,2830.318
RES,1,16384,enc-8x-w4-shared,2811.419,2825.541
RES,1,32768,enc-8x-compact-fast1-4,5607.315,5623.064
RES,1,32768,enc-8x-w1-inline,5600.245,5622.431
RES,1,32768,enc-8x-w2-inline,5599.283,5608.344
RES,1,32768,enc-8x-w2-shared,5615.436,5635.314
RES,1,32768,enc-8x-w3-inline,5596.791,5608.382
RES,1,32768,enc-8x-w3-shared,5608.212,5637.473
RES,1,32768,enc-8x-w4-inline,5616.814,5641.994
RES,1,32768,enc-8x-w4-shared,5619.259,5636.951
# SELFCHECK OK: 1..256 blocks, 8 variants
RES,2,1344,enc-8x-compact-fast1-4,248.347,248.888
RES,2,1344,enc-8x-w1-inline,247.465,248.262
RES,2,1344,enc-8x-w2-inline,247.654,248.563
RES,2,1344,enc-8x-w2-shared,247.604,248.702
RES,2,1344,enc-8x-w3-inline,248.037,248.426
RES,2,1344,enc-8x-w3-shared,247.708,248.825
RES,2,1344,enc-8x-w4-inline,247.681,249.042
RES,2,1344,enc-8x-w4-shared,247.759,248.744
RES,2,2048,enc-8x-compact-fast1-4,359.737,360.753
RES,2,2048,enc-8x-w1-inline,359.038,360.151
RES,2,2048,enc-8x-w2-inline,359.227,360.136
RES,2,2048,enc-8x-w2-shared,359.540,360.960
RES,2,2048,enc-8x-w3-inline,358.902,359.544
RES,2,2048,enc-8x-w3-shared,359.745,361.021
RES,2,2048,enc-8x-w4-inline,360.096,361.576
RES,2,2048,enc-8x-w4-shared,359.675,361.114
RES,2,4096,enc-8x-compact-fast1-4,709.579,711.248
RES,2,4096,enc-8x-w1-inline,708.776,710.933
RES,2,4096,enc-8x-w2-inline,708.253,710.059
RES,2,4096,enc-8x-w2-shared,710.313,712.509
RES,2,4096,enc-8x-w3-inline,708.296,709.483
RES,2,4096,enc-8x-w3-shared,709.998,712.607
RES,2,4096,enc-8x-w4-inline,709.336,713.403
RES,2,4096,enc-8x-w4-shared,710.493,712.762
RES,2,8192,enc-8x-compact-fast1-4,1410.025,1413.464
RES,2,8192,enc-8x-w1-inline,1407.802,1412.933
RES,2,8192,enc-8x-w2-inline,1407.062,1409.859
RES,2,8192,enc-8x-w2-shared,1410.441,1415.864
RES,2,8192,enc-8x-w3-inline,1406.948,1409.101
RES,2,8192,enc-8x-w3-shared,1409.334,1416.609
RES,2,8192,enc-8x-w4-inline,1411.651,1418.035
RES,2,8192,enc-8x-w4-shared,1411.769,1416.227
RES,2,16384,enc-8x-compact-fast1-4,2809.439,2816.513
RES,2,16384,enc-8x-w1-inline,2807.026,2815.407
RES,2,16384,enc-8x-w2-inline,2804.132,2809.444
RES,2,16384,enc-8x-w2-shared,2816.454,2824.093
RES,2,16384,enc-8x-w3-inline,2802.902,2808.811
RES,2,16384,enc-8x-w3-shared,2816.530,2826.198
RES,2,16384,enc-8x-w4-inline,2814.197,2828.080
RES,2,16384,enc-8x-w4-shared,2811.108,2825.708
RES,2,32768,enc-8x-compact-fast1-4,5607.700,5618.763
RES,2,32768,enc-8x-w1-inline,5601.137,5618.401
RES,2,32768,enc-8x-w2-inline,5598.562,5611.288
RES,2,32768,enc-8x-w2-shared,5613.721,5635.928
RES,2,32768,enc-8x-w3-inline,5599.153,5609.565
RES,2,32768,enc-8x-w3-shared,5612.595,5634.726
RES,2,32768,enc-8x-w4-inline,5617.307,5641.067
RES,2,32768,enc-8x-w4-shared,5614.664,5635.259
# SELFCHECK OK: 1..256 blocks, 8 variants
RES,3,1344,enc-8x-compact-fast1-4,248.459,248.985
RES,3,1344,enc-8x-w1-inline,247.517,248.421
RES,3,1344,enc-8x-w2-inline,247.739,248.629
RES,3,1344,enc-8x-w2-shared,247.937,248.766
RES,3,1344,enc-8x-w3-inline,247.927,248.438
RES,3,1344,enc-8x-w3-shared,248.132,248.840
RES,3,1344,enc-8x-w4-inline,248.164,249.131
RES,3,1344,enc-8x-w4-shared,247.722,248.761
RES,3,2048,enc-8x-compact-fast1-4,359.764,360.742
RES,3,2048,enc-8x-w1-inline,359.062,360.340
RES,3,2048,enc-8x-w2-inline,359.129,360.210
RES,3,2048,enc-8x-w2-shared,359.412,360.929
RES,3,2048,enc-8x-w3-inline,358.832,359.524
RES,3,2048,enc-8x-w3-shared,359.559,361.037
RES,3,2048,enc-8x-w4-inline,359.453,361.332
RES,3,2048,enc-8x-w4-shared,359.451,360.874
RES,3,4096,enc-8x-compact-fast1-4,709.651,711.539
RES,3,4096,enc-8x-w1-inline,708.234,710.591
RES,3,4096,enc-8x-w2-inline,708.231,710.120
RES,3,4096,enc-8x-w2-shared,710.213,712.472
RES,3,4096,enc-8x-w3-inline,708.191,709.299
RES,3,4096,enc-8x-w3-shared,710.488,712.684
RES,3,4096,enc-8x-w4-inline,709.646,713.498
RES,3,4096,enc-8x-w4-shared,709.700,712.520
RES,3,8192,enc-8x-compact-fast1-4,1409.565,1413.417
RES,3,8192,enc-8x-w1-inline,1407.022,1412.916
RES,3,8192,enc-8x-w2-inline,1407.485,1409.945
RES,3,8192,enc-8x-w2-shared,1408.834,1416.133
RES,3,8192,enc-8x-w3-inline,1406.776,1409.443
RES,3,8192,enc-8x-w3-shared,1411.097,1416.542
RES,3,8192,enc-8x-w4-inline,1412.079,1418.789
RES,3,8192,enc-8x-w4-shared,1408.579,1416.541
RES,3,16384,enc-8x-compact-fast1-4,2807.986,2815.199
RES,3,16384,enc-8x-w1-inline,2805.964,2817.123
RES,3,16384,enc-8x-w2-inline,2802.999,2809.236
RES,3,16384,enc-8x-w2-shared,2814.299,2824.758
RES,3,16384,enc-8x-w3-inline,2802.741,2808.504
RES,3,16384,enc-8x-w3-shared,2812.771,2825.539
RES,3,16384,enc-8x-w4-inline,2816.424,2828.784
RES,3,16384,enc-8x-w4-shared,2812.476,2824.963
RES,3,32768,enc-8x-compact-fast1-4,5603.890,5621.534
RES,3,32768,enc-8x-w1-inline,5600.486,5623.774
RES,3,32768,enc-8x-w2-inline,5596.321,5608.293
RES,3,32768,enc-8x-w2-shared,5618.124,5635.810
RES,3,32768,enc-8x-w3-inline,5595.258,5606.699
RES,3,32768,enc-8x-w3-shared,5623.130,5639.267
RES,3,32768,enc-8x-w4-inline,5619.178,5645.199
RES,3,32768,enc-8x-w4-shared,5619.429,5637.690
# SELFCHECK OK: 1..256 blocks, 8 variants
RES,4,1344,enc-8x-compact-fast1-4,248.375,248.968
RES,4,1344,enc-8x-w1-inline,247.258,248.324
RES,4,1344,enc-8x-w2-inline,247.546,248.544
RES,4,1344,enc-8x-w2-shared,247.844,248.755
RES,4,1344,enc-8x-w3-inline,247.841,248.457
RES,4,1344,enc-8x-w3-shared,247.978,248.808
RES,4,1344,enc-8x-w4-inline,247.736,249.082
RES,4,1344,enc-8x-w4-shared,247.839,248.730
RES,4,2048,enc-8x-compact-fast1-4,359.904,360.659
RES,4,2048,enc-8x-w1-inline,358.986,360.228
RES,4,2048,enc-8x-w2-inline,359.127,360.057
RES,4,2048,enc-8x-w2-shared,359.349,360.925
RES,4,2048,enc-8x-w3-inline,358.884,359.523
RES,4,2048,enc-8x-w3-shared,359.931,360.981
RES,4,2048,enc-8x-w4-inline,359.420,361.629
RES,4,2048,enc-8x-w4-shared,359.573,360.812
RES,4,4096,enc-8x-compact-fast1-4,709.981,711.442
RES,4,4096,enc-8x-w1-inline,708.682,711.046
RES,4,4096,enc-8x-w2-inline,708.810,710.018
RES,4,4096,enc-8x-w2-shared,710.652,712.686
RES,4,4096,enc-8x-w3-inline,708.363,709.413
RES,4,4096,enc-8x-w3-shared,710.199,712.881
RES,4,4096,enc-8x-w4-inline,709.702,713.623
RES,4,4096,enc-8x-w4-shared,709.444,712.649
RES,4,8192,enc-8x-compact-fast1-4,1409.714,1413.231
RES,4,8192,enc-8x-w1-inline,1407.972,1412.661
RES,4,8192,enc-8x-w2-inline,1407.084,1409.921
RES,4,8192,enc-8x-w2-shared,1412.095,1416.435
RES,4,8192,enc-8x-w3-inline,1406.401,1409.081
RES,4,8192,enc-8x-w3-shared,1410.926,1416.479
RES,4,8192,enc-8x-w4-inline,1410.948,1418.293
RES,4,8192,enc-8x-w4-shared,1409.246,1415.894
RES,4,16384,enc-8x-compact-fast1-4,2807.884,2815.787
RES,4,16384,enc-8x-w1-inline,2804.336,2817.013
RES,4,16384,enc-8x-w2-inline,2804.456,2808.950
RES,4,16384,enc-8x-w2-shared,2813.604,2824.559
RES,4,16384,enc-8x-w3-inline,2804.632,2808.986
RES,4,16384,enc-8x-w3-shared,2813.876,2826.034
RES,4,16384,enc-8x-w4-inline,2818.162,2828.122
RES,4,16384,enc-8x-w4-shared,2813.323,2825.087
RES,4,32768,enc-8x-compact-fast1-4,5606.149,5619.193
RES,4,32768,enc-8x-w1-inline,5600.488,5622.567
RES,4,32768,enc-8x-w2-inline,5599.711,5610.283
RES,4,32768,enc-8x-w2-shared,5615.220,5636.520
RES,4,32768,enc-8x-w3-inline,5596.420,5606.970
RES,4,32768,enc-8x-w3-shared,5617.208,5639.796
RES,4,32768,enc-8x-w4-inline,5625.586,5648.728
RES,4,32768,enc-8x-w4-shared,5617.872,5637.603
# SELFCHECK OK: 1..256 blocks, 8 variants
RES,5,1344,enc-8x-compact-fast1-4,248.340,249.013
RES,5,1344,enc-8x-w1-inline,247.452,248.318
RES,5,1344,enc-8x-w2-inline,247.634,248.540
RES,5,1344,enc-8x-w2-shared,248.092,248.730
RES,5,1344,enc-8x-w3-inline,248.027,248.480
RES,5,1344,enc-8x-w3-shared,247.987,248.874
RES,5,1344,enc-8x-w4-inline,248.107,249.208
RES,5,1344,enc-8x-w4-shared,248.097,248.796
RES,5,2048,enc-8x-compact-fast1-4,359.930,360.695
RES,5,2048,enc-8x-w1-inline,358.882,360.062
RES,5,2048,enc-8x-w2-inline,359.116,360.030
RES,5,2048,enc-8x-w2-shared,359.419,360.898
RES,5,2048,enc-8x-w3-inline,358.952,359.593
RES,5,2048,enc-8x-w3-shared,359.433,361.046
RES,5,2048,enc-8x-w4-inline,359.801,361.579
RES,5,2048,enc-8x-w4-shared,359.775,360.969
RES,5,4096,enc-8x-compact-fast1-4,709.583,711.437
RES,5,4096,enc-8x-w1-inline,708.690,710.608
RES,5,4096,enc-8x-w2-inline,708.632,709.986
RES,5,4096,enc-8x-w2-shared,710.341,712.483
RES,5,4096,enc-8x-w3-inline,708.159,709.323
RES,5,4096,enc-8x-w3-shared,709.707,712.629
RES,5,4096,enc-8x-w4-inline,710.189,713.782
RES,5,4096,enc-8x-w4-shared,709.549,712.569
RES,5,8192,enc-8x-compact-fast1-4,1409.495,1413.079
RES,5,8192,enc-8x-w1-inline,1407.741,1411.731
RES,5,8192,enc-8x-w2-inline,1407.032,1409.840
RES,5,8192,enc-8x-w2-shared,1410.641,1415.837
RES,5,8192,enc-8x-w3-inline,1406.813,1409.026
RES,5,8192,enc-8x-w3-shared,1409.938,1416.698
RES,5,8192,enc-8x-w4-inline,1411.875,1417.806
RES,5,8192,enc-8x-w4-shared,1409.286,1416.125
RES,5,16384,enc-8x-compact-fast1-4,2808.072,2814.822
RES,5,16384,enc-8x-w1-inline,2805.350,2814.810
RES,5,16384,enc-8x-w2-inline,2804.400,2808.713
RES,5,16384,enc-8x-w2-shared,2813.839,2824.410
RES,5,16384,enc-8x-w3-inline,2803.307,2808.953
RES,5,16384,enc-8x-w3-shared,2808.150,2825.248
RES,5,16384,enc-8x-w4-inline,2813.792,2828.231
RES,5,16384,enc-8x-w4-shared,2814.124,2824.686
RES,5,32768,enc-8x-compact-fast1-4,5607.258,5621.469
RES,5,32768,enc-8x-w1-inline,5596.820,5623.137
RES,5,32768,enc-8x-w2-inline,5598.793,5608.165
RES,5,32768,enc-8x-w2-shared,5618.120,5636.941
RES,5,32768,enc-8x-w3-inline,5597.821,5607.847
RES,5,32768,enc-8x-w3-shared,5614.753,5639.657
RES,5,32768,enc-8x-w4-inline,5620.033,5647.925
RES,5,32768,enc-8x-w4-shared,5618.769,5640.724
# SELFCHECK OK: 1..256 blocks, 8 variants
RES,6,1344,enc-8x-compact-fast1-4,248.451,249.013
RES,6,1344,enc-8x-w1-inline,247.458,248.352
RES,6,1344,enc-8x-w2-inline,247.755,248.510
RES,6,1344,enc-8x-w2-shared,247.774,248.748
RES,6,1344,enc-8x-w3-inline,247.735,248.483
RES,6,1344,enc-8x-w3-shared,248.185,248.943
RES,6,1344,enc-8x-w4-inline,248.135,249.215
RES,6,1344,enc-8x-w4-shared,247.795,248.838
RES,6,2048,enc-8x-compact-fast1-4,359.862,360.636
RES,6,2048,enc-8x-w1-inline,358.888,360.165
RES,6,2048,enc-8x-w2-inline,359.031,360.141
RES,6,2048,enc-8x-w2-shared,359.551,360.886
RES,6,2048,enc-8x-w3-inline,358.809,359.483
RES,6,2048,enc-8x-w3-shared,359.471,360.961
RES,6,2048,enc-8x-w4-inline,359.819,361.378
RES,6,2048,enc-8x-w4-shared,359.563,360.881
RES,6,4096,enc-8x-compact-fast1-4,709.825,711.466
RES,6,4096,enc-8x-w1-inline,708.291,710.519
RES,6,4096,enc-8x-w2-inline,708.410,710.035
RES,6,4096,enc-8x-w2-shared,709.651,712.589
RES,6,4096,enc-8x-w3-inline,708.561,709.384
RES,6,4096,enc-8x-w3-shared,709.642,712.655
RES,6,4096,enc-8x-w4-inline,710.516,713.625
RES,6,4096,enc-8x-w4-shared,709.811,712.594
RES,6,8192,enc-8x-compact-fast1-4,1409.712,1413.072
RES,6,8192,enc-8x-w1-inline,1407.109,1411.615
RES,6,8192,enc-8x-w2-inline,1406.526,1409.827
RES,6,8192,enc-8x-w2-shared,1409.964,1415.980
RES,6,8192,enc-8x-w3-inline,1406.663,1409.243
RES,6,8192,enc-8x-w3-shared,1410.936,1416.362
RES,6,8192,enc-8x-w4-inline,1411.918,1418.224
RES,6,8192,enc-8x-w4-shared,1407.882,1415.536
RES,6,16384,enc-8x-compact-fast1-4,2807.913,2815.502
RES,6,16384,enc-8x-w1-inline,2803.294,2814.391
RES,6,16384,enc-8x-w2-inline,2804.368,2809.211
RES,6,16384,enc-8x-w2-shared,2813.162,2824.067
RES,6,16384,enc-8x-w3-inline,2804.299,2808.146
RES,6,16384,enc-8x-w3-shared,2816.899,2824.294
RES,6,16384,enc-8x-w4-inline,2818.713,2828.966
RES,6,16384,enc-8x-w4-shared,2813.210,2824.938
RES,6,32768,enc-8x-compact-fast1-4,5605.261,5620.942
RES,6,32768,enc-8x-w1-inline,5599.261,5619.782
RES,6,32768,enc-8x-w2-inline,5595.156,5607.347
RES,6,32768,enc-8x-w2-shared,5610.892,5635.856
RES,6,32768,enc-8x-w3-inline,5597.379,5606.369
RES,6,32768,enc-8x-w3-shared,5614.918,5639.841
RES,6,32768,enc-8x-w4-inline,5618.860,5647.622
RES,6,32768,enc-8x-w4-shared,5619.785,5637.440
# SELFCHECK OK: 1..256 blocks, 8 variants
RES,7,1344,enc-8x-compact-fast1-4,248.327,248.925
RES,7,1344,enc-8x-w1-inline,247.459,248.437
RES,7,1344,enc-8x-w2-inline,247.649,248.720
RES,7,1344,enc-8x-w2-shared,247.641,248.717
RES,7,1344,enc-8x-w3-inline,248.133,248.594
RES,7,1344,enc-8x-w3-shared,248.141,248.872
RES,7,1344,enc-8x-w4-inline,247.950,249.147
RES,7,1344,enc-8x-w4-shared,247.809,248.863
RES,7,2048,enc-8x-compact-fast1-4,359.886,360.789
RES,7,2048,enc-8x-w1-inline,359.134,360.410
RES,7,2048,enc-8x-w2-inline,359.289,360.206
RES,7,2048,enc-8x-w2-shared,359.611,360.921
RES,7,2048,enc-8x-w3-inline,358.882,359.656
RES,7,2048,enc-8x-w3-shared,359.579,361.202
RES,7,2048,enc-8x-w4-inline,359.667,361.656
RES,7,2048,enc-8x-w4-shared,359.694,361.051
RES,7,4096,enc-8x-compact-fast1-4,709.946,711.813
RES,7,4096,enc-8x-w1-inline,707.809,710.680
RES,7,4096,enc-8x-w2-inline,708.747,710.149
RES,7,4096,enc-8x-w2-shared,709.235,712.548
RES,7,4096,enc-8x-w3-inline,708.274,709.460
RES,7,4096,enc-8x-w3-shared,709.615,712.879
RES,7,4096,enc-8x-w4-inline,710.200,713.645
RES,7,4096,enc-8x-w4-shared,709.753,712.640
RES,7,8192,enc-8x-compact-fast1-4,1409.416,1413.260
RES,7,8192,enc-8x-w1-inline,1407.676,1411.569
RES,7,8192,enc-8x-w2-inline,1406.870,1410.008
RES,7,8192,enc-8x-w2-shared,1410.438,1415.709
RES,7,8192,enc-8x-w3-inline,1406.407,1408.803
RES,7,8192,enc-8x-w3-shared,1411.320,1416.368
RES,7,8192,enc-8x-w4-inline,1412.374,1418.009
RES,7,8192,enc-8x-w4-shared,1410.315,1415.938
RES,7,16384,enc-8x-compact-fast1-4,2807.457,2814.704
RES,7,16384,enc-8x-w1-inline,2804.674,2815.535
RES,7,16384,enc-8x-w2-inline,2802.859,2809.322
RES,7,16384,enc-8x-w2-shared,2813.057,2824.513
RES,7,16384,enc-8x-w3-inline,2803.384,2808.522
RES,7,16384,enc-8x-w3-shared,2811.180,2824.999
RES,7,16384,enc-8x-w4-inline,2813.888,2827.323
RES,7,16384,enc-8x-w4-shared,2813.261,2825.725
RES,7,32768,enc-8x-compact-fast1-4,5605.923,5620.489
RES,7,32768,enc-8x-w1-inline,5601.356,5622.708
RES,7,32768,enc-8x-w2-inline,5599.298,5609.581
RES,7,32768,enc-8x-w2-shared,5618.395,5636.390
RES,7,32768,enc-8x-w3-inline,5598.305,5606.300
RES,7,32768,enc-8x-w3-shared,5621.495,5638.135
RES,7,32768,enc-8x-w4-inline,5620.832,5643.484
RES,7,32768,enc-8x-w4-shared,5612.376,5636.931
DONE: 7 correctness gates
