# date=2026-09-08T21:31:01Z
# host=ip-172-31-4-159
# model=
# mode=large reps=160 processes=7 pinned_cpu=3
file,sha256,text_bytes
x8-enc-baseline.o,0150dab43e6828f0e966503094486c635d8892e5935ae2a7fbf74791173f6827,5008
x8-enc-shared-fused.o,0e3e6ddfbff9b0fd7f97fd570d6ddb27d489044be752cf2f34bbc62ce6b29126,6000
x8-enc-compact.o,78605a647e192cc843d63e5ce89ba72ccd1788acc748f900edc54a9aad6b15d3,8624
# SELFCHECK OK: 1..256 blocks, 3 variants
RES,1,1344,enc-8x-compact-fast1-4,248.315,248.767
RES,1,1344,enc-8x-shared-fused,248.074,248.770
RES,1,1344,enc-8x-baseline,249.139,249.464
RES,1,2048,enc-8x-compact-fast1-4,359.827,360.531
RES,1,2048,enc-8x-shared-fused,358.131,359.326
RES,1,2048,enc-8x-baseline,359.982,360.544
RES,1,4096,enc-8x-compact-fast1-4,709.682,710.919
RES,1,4096,enc-8x-shared-fused,706.155,708.573
RES,1,4096,enc-8x-baseline,709.856,710.819
RES,1,8192,enc-8x-compact-fast1-4,1409.036,1412.078
RES,1,8192,enc-8x-shared-fused,1401.299,1405.179
RES,1,8192,enc-8x-baseline,1409.323,1410.818
RES,1,16384,enc-8x-compact-fast1-4,2807.480,2814.347
RES,1,16384,enc-8x-shared-fused,2791.618,2801.048
RES,1,16384,enc-8x-baseline,2807.295,2810.437
RES,1,32768,enc-8x-compact-fast1-4,5602.870,5621.413
RES,1,32768,enc-8x-shared-fused,5574.454,5594.247
RES,1,32768,enc-8x-baseline,5602.279,5608.768
# SELFCHECK OK: 1..256 blocks, 3 variants
RES,2,1344,enc-8x-compact-fast1-4,248.308,248.799
RES,2,1344,enc-8x-shared-fused,247.982,249.005
RES,2,1344,enc-8x-baseline,249.114,249.501
RES,2,2048,enc-8x-compact-fast1-4,359.819,360.454
RES,2,2048,enc-8x-shared-fused,358.037,359.329
RES,2,2048,enc-8x-baseline,359.898,360.413
RES,2,4096,enc-8x-compact-fast1-4,709.355,711.009
RES,2,4096,enc-8x-shared-fused,705.910,708.067
RES,2,4096,enc-8x-baseline,709.660,710.509
RES,2,8192,enc-8x-compact-fast1-4,1408.770,1412.827
RES,2,8192,enc-8x-shared-fused,1401.012,1404.390
RES,2,8192,enc-8x-baseline,1409.086,1410.567
RES,2,16384,enc-8x-compact-fast1-4,2807.844,2814.542
RES,2,16384,enc-8x-shared-fused,2792.214,2800.355
RES,2,16384,enc-8x-baseline,2807.655,2810.478
RES,2,32768,enc-8x-compact-fast1-4,5605.112,5619.164
RES,2,32768,enc-8x-shared-fused,5575.016,5594.761
RES,2,32768,enc-8x-baseline,5602.748,5608.879
# SELFCHECK OK: 1..256 blocks, 3 variants
RES,3,1344,enc-8x-compact-fast1-4,248.247,248.758
RES,3,1344,enc-8x-shared-fused,248.125,248.809
RES,3,1344,enc-8x-baseline,249.166,249.496
RES,3,2048,enc-8x-compact-fast1-4,359.848,360.601
RES,3,2048,enc-8x-shared-fused,358.330,359.551
RES,3,2048,enc-8x-baseline,359.980,360.436
RES,3,4096,enc-8x-compact-fast1-4,709.639,711.215
RES,3,4096,enc-8x-shared-fused,706.052,708.777
RES,3,4096,enc-8x-baseline,709.434,710.422
RES,3,8192,enc-8x-compact-fast1-4,1409.409,1412.499
RES,3,8192,enc-8x-shared-fused,1401.817,1406.874
RES,3,8192,enc-8x-baseline,1409.249,1410.531
RES,3,16384,enc-8x-compact-fast1-4,2807.803,2814.950
RES,3,16384,enc-8x-shared-fused,2792.549,2804.087
RES,3,16384,enc-8x-baseline,2807.735,2810.400
RES,3,32768,enc-8x-compact-fast1-4,5604.023,5620.223
RES,3,32768,enc-8x-shared-fused,5575.463,5599.060
RES,3,32768,enc-8x-baseline,5602.766,5609.710
# SELFCHECK OK: 1..256 blocks, 3 variants
RES,4,1344,enc-8x-compact-fast1-4,248.243,248.749
RES,4,1344,enc-8x-shared-fused,248.021,248.865
RES,4,1344,enc-8x-baseline,249.024,249.535
RES,4,2048,enc-8x-compact-fast1-4,359.852,360.434
RES,4,2048,enc-8x-shared-fused,358.352,359.310
RES,4,2048,enc-8x-baseline,359.959,360.476
RES,4,4096,enc-8x-compact-fast1-4,709.702,711.265
RES,4,4096,enc-8x-shared-fused,706.010,708.479
RES,4,4096,enc-8x-baseline,709.647,710.747
RES,4,8192,enc-8x-compact-fast1-4,1409.270,1412.340
RES,4,8192,enc-8x-shared-fused,1401.442,1406.278
RES,4,8192,enc-8x-baseline,1409.168,1411.118
RES,4,16384,enc-8x-compact-fast1-4,2807.661,2815.510
RES,4,16384,enc-8x-shared-fused,2792.219,2802.520
RES,4,16384,enc-8x-baseline,2806.802,2810.253
RES,4,32768,enc-8x-compact-fast1-4,5603.832,5620.058
RES,4,32768,enc-8x-shared-fused,5575.589,5595.878
RES,4,32768,enc-8x-baseline,5602.270,5609.276
# SELFCHECK OK: 1..256 blocks, 3 variants
RES,5,1344,enc-8x-compact-fast1-4,248.202,248.735
RES,5,1344,enc-8x-shared-fused,247.799,248.877
RES,5,1344,enc-8x-baseline,249.145,249.490
RES,5,2048,enc-8x-compact-fast1-4,359.666,360.505
RES,5,2048,enc-8x-shared-fused,358.393,359.614
RES,5,2048,enc-8x-baseline,359.967,360.478
RES,5,4096,enc-8x-compact-fast1-4,709.373,711.077
RES,5,4096,enc-8x-shared-fused,706.039,708.776
RES,5,4096,enc-8x-baseline,709.693,710.699
RES,5,8192,enc-8x-compact-fast1-4,1409.701,1412.564
RES,5,8192,enc-8x-shared-fused,1401.765,1407.001
RES,5,8192,enc-8x-baseline,1409.386,1410.687
RES,5,16384,enc-8x-compact-fast1-4,2807.196,2815.354
RES,5,16384,enc-8x-shared-fused,2792.464,2803.707
RES,5,16384,enc-8x-baseline,2807.645,2810.863
RES,5,32768,enc-8x-compact-fast1-4,5603.966,5618.957
RES,5,32768,enc-8x-shared-fused,5575.051,5599.740
RES,5,32768,enc-8x-baseline,5602.778,5609.226
# SELFCHECK OK: 1..256 blocks, 3 variants
RES,6,1344,enc-8x-compact-fast1-4,248.192,248.767
RES,6,1344,enc-8x-shared-fused,248.091,248.939
RES,6,1344,enc-8x-baseline,249.162,249.470
RES,6,2048,enc-8x-compact-fast1-4,359.918,360.574
RES,6,2048,enc-8x-shared-fused,358.400,359.375
RES,6,2048,enc-8x-baseline,359.956,360.450
RES,6,4096,enc-8x-compact-fast1-4,709.843,711.308
RES,6,4096,enc-8x-shared-fused,706.218,708.591
RES,6,4096,enc-8x-baseline,709.548,710.544
RES,6,8192,enc-8x-compact-fast1-4,1409.293,1412.673
RES,6,8192,enc-8x-shared-fused,1401.255,1406.585
RES,6,8192,enc-8x-baseline,1409.239,1410.767
RES,6,16384,enc-8x-compact-fast1-4,2806.488,2815.324
RES,6,16384,enc-8x-shared-fused,2792.368,2803.873
RES,6,16384,enc-8x-baseline,2807.116,2810.135
RES,6,32768,enc-8x-compact-fast1-4,5603.255,5618.672
RES,6,32768,enc-8x-shared-fused,5575.881,5599.169
RES,6,32768,enc-8x-baseline,5602.874,5609.947
# SELFCHECK OK: 1..256 blocks, 3 variants
RES,7,1344,enc-8x-compact-fast1-4,248.268,248.760
RES,7,1344,enc-8x-shared-fused,248.155,248.933
RES,7,1344,enc-8x-baseline,249.227,249.504
RES,7,2048,enc-8x-compact-fast1-4,359.837,360.487
RES,7,2048,enc-8x-shared-fused,358.316,359.600
RES,7,2048,enc-8x-baseline,359.970,360.429
RES,7,4096,enc-8x-compact-fast1-4,709.784,711.188
RES,7,4096,enc-8x-shared-fused,705.952,708.701
RES,7,4096,enc-8x-baseline,709.583,710.542
RES,7,8192,enc-8x-compact-fast1-4,1409.070,1412.602
RES,7,8192,enc-8x-shared-fused,1401.384,1406.173
RES,7,8192,enc-8x-baseline,1409.265,1410.608
RES,7,16384,enc-8x-compact-fast1-4,2808.567,2815.914
RES,7,16384,enc-8x-shared-fused,2792.815,2802.442
RES,7,16384,enc-8x-baseline,2807.825,2810.411
RES,7,32768,enc-8x-compact-fast1-4,5602.998,5619.393
RES,7,32768,enc-8x-shared-fused,5574.661,5597.335
RES,7,32768,enc-8x-baseline,5602.614,5609.002
DONE: 7 correctness gates
