# date=2026-09-08T21:30:45Z
# host=ip-172-31-44-56
# model=
# mode=small reps=160 processes=7 pinned_cpu=3
file,sha256,text_bytes
x8-enc-baseline.o,0150dab43e6828f0e966503094486c635d8892e5935ae2a7fbf74791173f6827,5008
x8-enc-shared-fused.o,0e3e6ddfbff9b0fd7f97fd570d6ddb27d489044be752cf2f34bbc62ce6b29126,6000
x8-enc-compact.o,78605a647e192cc843d63e5ce89ba72ccd1788acc748f900edc54a9aad6b15d3,8624
# SELFCHECK OK: 1..256 blocks, 3 variants
RES,1,16,enc-8x-compact-fast1-4,12.834,12.871
RES,1,16,enc-8x-shared-fused,12.525,12.553
RES,1,16,enc-8x-baseline,23.659,23.809
RES,1,32,enc-8x-compact-fast1-4,13.957,14.000
RES,1,32,enc-8x-shared-fused,16.840,16.955
RES,1,32,enc-8x-baseline,23.930,24.053
RES,1,48,enc-8x-compact-fast1-4,17.570,17.698
RES,1,48,enc-8x-shared-fused,22.042,22.155
RES,1,48,enc-8x-baseline,25.073,25.249
RES,1,64,enc-8x-compact-fast1-4,18.698,18.820
RES,1,64,enc-8x-shared-fused,27.163,27.465
RES,1,64,enc-8x-baseline,26.242,26.428
RES,1,80,enc-8x-compact-fast1-4,26.600,26.722
RES,1,80,enc-8x-shared-fused,27.086,27.411
RES,1,80,enc-8x-baseline,27.111,27.448
RES,1,96,enc-8x-compact-fast1-4,27.632,27.774
RES,1,96,enc-8x-shared-fused,27.947,28.094
RES,1,96,enc-8x-baseline,27.932,28.054
RES,1,112,enc-8x-compact-fast1-4,28.388,28.530
RES,1,112,enc-8x-shared-fused,28.885,29.021
RES,1,112,enc-8x-baseline,28.882,29.007
RES,1,128,enc-8x-compact-fast1-4,26.655,26.912
RES,1,128,enc-8x-shared-fused,27.152,27.297
RES,1,128,enc-8x-baseline,27.058,27.280
# SELFCHECK OK: 1..256 blocks, 3 variants
RES,2,16,enc-8x-compact-fast1-4,12.835,12.871
RES,2,16,enc-8x-shared-fused,12.520,12.554
RES,2,16,enc-8x-baseline,23.671,23.796
RES,2,32,enc-8x-compact-fast1-4,13.951,14.000
RES,2,32,enc-8x-shared-fused,16.846,16.951
RES,2,32,enc-8x-baseline,23.922,24.058
RES,2,48,enc-8x-compact-fast1-4,17.574,17.594
RES,2,48,enc-8x-shared-fused,22.043,22.132
RES,2,48,enc-8x-baseline,25.085,25.251
RES,2,64,enc-8x-compact-fast1-4,18.705,18.819
RES,2,64,enc-8x-shared-fused,27.162,27.371
RES,2,64,enc-8x-baseline,26.270,26.416
RES,2,80,enc-8x-compact-fast1-4,26.580,26.714
RES,2,80,enc-8x-shared-fused,27.102,27.387
RES,2,80,enc-8x-baseline,27.328,27.442
RES,2,96,enc-8x-compact-fast1-4,27.637,27.771
RES,2,96,enc-8x-shared-fused,27.954,28.073
RES,2,96,enc-8x-baseline,27.940,28.051
RES,2,112,enc-8x-compact-fast1-4,28.396,28.526
RES,2,112,enc-8x-shared-fused,28.892,29.016
RES,2,112,enc-8x-baseline,28.886,29.005
RES,2,128,enc-8x-compact-fast1-4,26.650,26.885
RES,2,128,enc-8x-shared-fused,27.158,27.280
RES,2,128,enc-8x-baseline,27.054,27.276
# SELFCHECK OK: 1..256 blocks, 3 variants
RES,3,16,enc-8x-compact-fast1-4,12.839,12.870
RES,3,16,enc-8x-shared-fused,12.524,12.552
RES,3,16,enc-8x-baseline,23.672,23.813
RES,3,32,enc-8x-compact-fast1-4,13.968,14.002
RES,3,32,enc-8x-shared-fused,16.839,16.860
RES,3,32,enc-8x-baseline,23.931,24.047
RES,3,48,enc-8x-compact-fast1-4,17.575,17.703
RES,3,48,enc-8x-shared-fused,22.042,22.068
RES,3,48,enc-8x-baseline,25.107,25.243
RES,3,64,enc-8x-compact-fast1-4,18.703,18.811
RES,3,64,enc-8x-shared-fused,27.160,27.278
RES,3,64,enc-8x-baseline,26.273,26.420
RES,3,80,enc-8x-compact-fast1-4,26.601,26.712
RES,3,80,enc-8x-shared-fused,27.102,27.405
RES,3,80,enc-8x-baseline,27.121,27.445
RES,3,96,enc-8x-compact-fast1-4,27.653,27.763
RES,3,96,enc-8x-shared-fused,27.946,28.158
RES,3,96,enc-8x-baseline,27.935,28.050
RES,3,112,enc-8x-compact-fast1-4,28.396,28.518
RES,3,112,enc-8x-shared-fused,28.896,29.087
RES,3,112,enc-8x-baseline,28.881,29.003
RES,3,128,enc-8x-compact-fast1-4,26.631,26.904
RES,3,128,enc-8x-shared-fused,27.153,27.346
RES,3,128,enc-8x-baseline,27.058,27.291
# SELFCHECK OK: 1..256 blocks, 3 variants
RES,4,16,enc-8x-compact-fast1-4,12.835,12.870
RES,4,16,enc-8x-shared-fused,12.518,12.553
RES,4,16,enc-8x-baseline,23.658,23.791
RES,4,32,enc-8x-compact-fast1-4,13.952,13.998
RES,4,32,enc-8x-shared-fused,16.839,16.861
RES,4,32,enc-8x-baseline,23.931,24.053
RES,4,48,enc-8x-compact-fast1-4,17.573,17.683
RES,4,48,enc-8x-shared-fused,22.043,22.157
RES,4,48,enc-8x-baseline,25.081,25.237
RES,4,64,enc-8x-compact-fast1-4,18.698,18.831
RES,4,64,enc-8x-shared-fused,27.164,27.402
RES,4,64,enc-8x-baseline,26.263,26.422
RES,4,80,enc-8x-compact-fast1-4,26.539,26.717
RES,4,80,enc-8x-shared-fused,27.099,27.464
RES,4,80,enc-8x-baseline,27.198,27.442
RES,4,96,enc-8x-compact-fast1-4,27.644,27.770
RES,4,96,enc-8x-shared-fused,27.955,28.217
RES,4,96,enc-8x-baseline,27.936,28.053
RES,4,112,enc-8x-compact-fast1-4,28.402,28.526
RES,4,112,enc-8x-shared-fused,28.891,29.027
RES,4,112,enc-8x-baseline,28.888,29.006
RES,4,128,enc-8x-compact-fast1-4,26.643,26.830
RES,4,128,enc-8x-shared-fused,27.152,27.296
RES,4,128,enc-8x-baseline,27.069,27.287
# SELFCHECK OK: 1..256 blocks, 3 variants
RES,5,16,enc-8x-compact-fast1-4,12.834,12.870
RES,5,16,enc-8x-shared-fused,12.520,12.554
RES,5,16,enc-8x-baseline,23.671,23.801
RES,5,32,enc-8x-compact-fast1-4,13.956,14.000
RES,5,32,enc-8x-shared-fused,16.841,16.861
RES,5,32,enc-8x-baseline,23.928,24.055
RES,5,48,enc-8x-compact-fast1-4,17.573,17.700
RES,5,48,enc-8x-shared-fused,22.035,22.156
RES,5,48,enc-8x-baseline,25.112,25.252
RES,5,64,enc-8x-compact-fast1-4,18.702,18.830
RES,5,64,enc-8x-shared-fused,27.164,27.293
RES,5,64,enc-8x-baseline,26.273,26.438
RES,5,80,enc-8x-compact-fast1-4,26.541,26.718
RES,5,80,enc-8x-shared-fused,27.086,27.400
RES,5,80,enc-8x-baseline,27.144,27.449
RES,5,96,enc-8x-compact-fast1-4,27.646,27.744
RES,5,96,enc-8x-shared-fused,27.955,28.152
RES,5,96,enc-8x-baseline,27.932,28.052
RES,5,112,enc-8x-compact-fast1-4,28.280,28.523
RES,5,112,enc-8x-shared-fused,28.890,29.041
RES,5,112,enc-8x-baseline,28.885,29.004
RES,5,128,enc-8x-compact-fast1-4,26.654,26.899
RES,5,128,enc-8x-shared-fused,27.160,27.290
RES,5,128,enc-8x-baseline,27.055,27.246
# SELFCHECK OK: 1..256 blocks, 3 variants
RES,6,16,enc-8x-compact-fast1-4,12.836,12.869
RES,6,16,enc-8x-shared-fused,12.518,12.553
RES,6,16,enc-8x-baseline,23.659,23.803
RES,6,32,enc-8x-compact-fast1-4,13.956,14.000
RES,6,32,enc-8x-shared-fused,16.839,16.860
RES,6,32,enc-8x-baseline,23.935,24.048
RES,6,48,enc-8x-compact-fast1-4,17.574,17.681
RES,6,48,enc-8x-shared-fused,22.040,22.150
RES,6,48,enc-8x-baseline,25.070,25.232
RES,6,64,enc-8x-compact-fast1-4,18.698,18.829
RES,6,64,enc-8x-shared-fused,27.166,27.292
RES,6,64,enc-8x-baseline,26.263,26.410
RES,6,80,enc-8x-compact-fast1-4,26.601,26.715
RES,6,80,enc-8x-shared-fused,27.103,27.396
RES,6,80,enc-8x-baseline,27.143,27.445
RES,6,96,enc-8x-compact-fast1-4,27.642,27.772
RES,6,96,enc-8x-shared-fused,27.953,28.079
RES,6,96,enc-8x-baseline,27.936,28.055
RES,6,112,enc-8x-compact-fast1-4,28.399,28.523
RES,6,112,enc-8x-shared-fused,28.890,29.108
RES,6,112,enc-8x-baseline,28.890,29.007
RES,6,128,enc-8x-compact-fast1-4,26.648,26.871
RES,6,128,enc-8x-shared-fused,27.156,27.382
RES,6,128,enc-8x-baseline,27.057,27.257
# SELFCHECK OK: 1..256 blocks, 3 variants
RES,7,16,enc-8x-compact-fast1-4,12.837,12.869
RES,7,16,enc-8x-shared-fused,12.515,12.553
RES,7,16,enc-8x-baseline,23.688,23.820
RES,7,32,enc-8x-compact-fast1-4,13.959,14.005
RES,7,32,enc-8x-shared-fused,16.842,16.862
RES,7,32,enc-8x-baseline,23.935,24.063
RES,7,48,enc-8x-compact-fast1-4,17.581,17.703
RES,7,48,enc-8x-shared-fused,22.041,22.156
RES,7,48,enc-8x-baseline,25.112,25.236
RES,7,64,enc-8x-compact-fast1-4,18.703,18.936
RES,7,64,enc-8x-shared-fused,27.158,27.287
RES,7,64,enc-8x-baseline,26.272,26.426
RES,7,80,enc-8x-compact-fast1-4,26.602,26.717
RES,7,80,enc-8x-shared-fused,27.097,27.427
RES,7,80,enc-8x-baseline,27.136,27.447
RES,7,96,enc-8x-compact-fast1-4,27.644,27.764
RES,7,96,enc-8x-shared-fused,27.970,28.283
RES,7,96,enc-8x-baseline,27.938,28.061
RES,7,112,enc-8x-compact-fast1-4,28.405,28.524
RES,7,112,enc-8x-shared-fused,28.890,29.190
RES,7,112,enc-8x-baseline,28.884,29.005
RES,7,128,enc-8x-compact-fast1-4,26.648,26.880
RES,7,128,enc-8x-shared-fused,27.151,27.296
RES,7,128,enc-8x-baseline,27.062,27.258
DONE: 7 correctness gates
