# date=2026-09-08T21:30:45Z
# host=ip-172-31-42-229
# model=
# mode=small reps=160 processes=7 pinned_cpu=3
file,sha256,text_bytes
x8-enc-baseline.o,0150dab43e6828f0e966503094486c635d8892e5935ae2a7fbf74791173f6827,5008
x8-enc-shared-fused.o,0e3e6ddfbff9b0fd7f97fd570d6ddb27d489044be752cf2f34bbc62ce6b29126,6000
x8-enc-compact.o,78605a647e192cc843d63e5ce89ba72ccd1788acc748f900edc54a9aad6b15d3,8624
# SELFCHECK OK: 1..256 blocks, 3 variants
RES,1,16,enc-8x-compact-fast1-4,10.575,10.589
RES,1,16,enc-8x-shared-fused,10.501,10.516
RES,1,16,enc-8x-baseline,19.799,19.818
RES,1,32,enc-8x-compact-fast1-4,11.047,11.106
RES,1,32,enc-8x-shared-fused,12.730,12.743
RES,1,32,enc-8x-baseline,19.841,19.858
RES,1,48,enc-8x-compact-fast1-4,13.845,13.869
RES,1,48,enc-8x-shared-fused,16.645,16.692
RES,1,48,enc-8x-baseline,20.467,20.486
RES,1,64,enc-8x-compact-fast1-4,14.973,15.013
RES,1,64,enc-8x-shared-fused,20.479,20.586
RES,1,64,enc-8x-baseline,21.309,21.426
RES,1,80,enc-8x-compact-fast1-4,21.654,21.780
RES,1,80,enc-8x-shared-fused,22.070,22.090
RES,1,80,enc-8x-baseline,22.080,22.097
RES,1,96,enc-8x-compact-fast1-4,22.249,22.366
RES,1,96,enc-8x-shared-fused,22.701,22.724
RES,1,96,enc-8x-baseline,22.704,22.822
RES,1,112,enc-8x-compact-fast1-4,22.799,22.921
RES,1,112,enc-8x-shared-fused,23.288,23.405
RES,1,112,enc-8x-baseline,23.303,23.420
RES,1,128,enc-8x-compact-fast1-4,21.474,21.593
RES,1,128,enc-8x-shared-fused,21.814,21.930
RES,1,128,enc-8x-baseline,21.831,21.853
# SELFCHECK OK: 1..256 blocks, 3 variants
RES,2,16,enc-8x-compact-fast1-4,10.571,10.590
RES,2,16,enc-8x-shared-fused,10.496,10.516
RES,2,16,enc-8x-baseline,19.801,19.817
RES,2,32,enc-8x-compact-fast1-4,11.048,11.107
RES,2,32,enc-8x-shared-fused,12.735,12.744
RES,2,32,enc-8x-baseline,19.839,19.859
RES,2,48,enc-8x-compact-fast1-4,13.848,13.867
RES,2,48,enc-8x-shared-fused,16.657,16.689
RES,2,48,enc-8x-baseline,20.433,20.455
RES,2,64,enc-8x-compact-fast1-4,14.984,15.009
RES,2,64,enc-8x-shared-fused,20.475,20.502
RES,2,64,enc-8x-baseline,21.291,21.310
RES,2,80,enc-8x-compact-fast1-4,21.660,21.780
RES,2,80,enc-8x-shared-fused,22.065,22.085
RES,2,80,enc-8x-baseline,22.070,22.088
RES,2,96,enc-8x-compact-fast1-4,22.252,22.367
RES,2,96,enc-8x-shared-fused,22.700,22.724
RES,2,96,enc-8x-baseline,22.697,22.813
RES,2,112,enc-8x-compact-fast1-4,22.807,22.918
RES,2,112,enc-8x-shared-fused,23.288,23.399
RES,2,112,enc-8x-baseline,23.282,23.400
RES,2,128,enc-8x-compact-fast1-4,21.474,21.498
RES,2,128,enc-8x-shared-fused,21.811,21.834
RES,2,128,enc-8x-baseline,21.822,21.841
# SELFCHECK OK: 1..256 blocks, 3 variants
RES,3,16,enc-8x-compact-fast1-4,10.570,10.591
RES,3,16,enc-8x-shared-fused,10.479,10.515
RES,3,16,enc-8x-baseline,19.800,19.815
RES,3,32,enc-8x-compact-fast1-4,11.042,11.105
RES,3,32,enc-8x-shared-fused,12.733,12.743
RES,3,32,enc-8x-baseline,19.838,19.856
RES,3,48,enc-8x-compact-fast1-4,13.847,13.864
RES,3,48,enc-8x-shared-fused,16.652,16.690
RES,3,48,enc-8x-baseline,20.438,20.453
RES,3,64,enc-8x-compact-fast1-4,14.989,15.011
RES,3,64,enc-8x-shared-fused,20.482,20.498
RES,3,64,enc-8x-baseline,21.287,21.307
RES,3,80,enc-8x-compact-fast1-4,21.659,21.674
RES,3,80,enc-8x-shared-fused,22.067,22.189
RES,3,80,enc-8x-baseline,22.070,22.086
RES,3,96,enc-8x-compact-fast1-4,22.252,22.278
RES,3,96,enc-8x-shared-fused,22.695,22.722
RES,3,96,enc-8x-baseline,22.693,22.716
RES,3,112,enc-8x-compact-fast1-4,22.805,22.826
RES,3,112,enc-8x-shared-fused,23.285,23.309
RES,3,112,enc-8x-baseline,23.280,23.303
RES,3,128,enc-8x-compact-fast1-4,21.474,21.501
RES,3,128,enc-8x-shared-fused,21.812,21.829
RES,3,128,enc-8x-baseline,21.818,21.839
# SELFCHECK OK: 1..256 blocks, 3 variants
RES,4,16,enc-8x-compact-fast1-4,10.575,10.589
RES,4,16,enc-8x-shared-fused,10.497,10.516
RES,4,16,enc-8x-baseline,19.796,19.814
RES,4,32,enc-8x-compact-fast1-4,11.082,11.110
RES,4,32,enc-8x-shared-fused,12.734,12.743
RES,4,32,enc-8x-baseline,19.841,19.853
RES,4,48,enc-8x-compact-fast1-4,13.844,13.865
RES,4,48,enc-8x-shared-fused,16.651,16.693
RES,4,48,enc-8x-baseline,20.439,20.454
RES,4,64,enc-8x-compact-fast1-4,14.985,15.010
RES,4,64,enc-8x-shared-fused,20.478,20.497
RES,4,64,enc-8x-baseline,21.292,21.306
RES,4,80,enc-8x-compact-fast1-4,21.661,21.678
RES,4,80,enc-8x-shared-fused,22.067,22.082
RES,4,80,enc-8x-baseline,22.063,22.184
RES,4,96,enc-8x-compact-fast1-4,22.250,22.267
RES,4,96,enc-8x-shared-fused,22.702,22.726
RES,4,96,enc-8x-baseline,22.696,22.718
RES,4,112,enc-8x-compact-fast1-4,22.805,22.822
RES,4,112,enc-8x-shared-fused,23.288,23.308
RES,4,112,enc-8x-baseline,23.280,23.301
RES,4,128,enc-8x-compact-fast1-4,21.473,21.498
RES,4,128,enc-8x-shared-fused,21.805,21.830
RES,4,128,enc-8x-baseline,21.817,21.838
# SELFCHECK OK: 1..256 blocks, 3 variants
RES,5,16,enc-8x-compact-fast1-4,10.573,10.589
RES,5,16,enc-8x-shared-fused,10.492,10.514
RES,5,16,enc-8x-baseline,19.798,19.815
RES,5,32,enc-8x-compact-fast1-4,11.035,11.068
RES,5,32,enc-8x-shared-fused,12.733,12.743
RES,5,32,enc-8x-baseline,19.841,19.854
RES,5,48,enc-8x-compact-fast1-4,13.839,13.857
RES,5,48,enc-8x-shared-fused,16.652,16.690
RES,5,48,enc-8x-baseline,20.439,20.452
RES,5,64,enc-8x-compact-fast1-4,14.968,14.990
RES,5,64,enc-8x-shared-fused,20.483,20.499
RES,5,64,enc-8x-baseline,21.293,21.311
RES,5,80,enc-8x-compact-fast1-4,21.642,21.658
RES,5,80,enc-8x-shared-fused,22.066,22.185
RES,5,80,enc-8x-baseline,22.064,22.088
RES,5,96,enc-8x-compact-fast1-4,22.232,22.251
RES,5,96,enc-8x-shared-fused,22.703,22.814
RES,5,96,enc-8x-baseline,22.697,22.716
RES,5,112,enc-8x-compact-fast1-4,22.780,22.894
RES,5,112,enc-8x-shared-fused,23.286,23.399
RES,5,112,enc-8x-baseline,23.284,23.309
RES,5,128,enc-8x-compact-fast1-4,21.455,21.484
RES,5,128,enc-8x-shared-fused,21.805,21.833
RES,5,128,enc-8x-baseline,21.823,21.844
# SELFCHECK OK: 1..256 blocks, 3 variants
RES,6,16,enc-8x-compact-fast1-4,10.570,10.589
RES,6,16,enc-8x-shared-fused,10.498,10.514
RES,6,16,enc-8x-baseline,19.800,19.816
RES,6,32,enc-8x-compact-fast1-4,11.044,11.110
RES,6,32,enc-8x-shared-fused,12.730,12.743
RES,6,32,enc-8x-baseline,19.841,19.856
RES,6,48,enc-8x-compact-fast1-4,13.843,13.867
RES,6,48,enc-8x-shared-fused,16.648,16.688
RES,6,48,enc-8x-baseline,20.440,20.455
RES,6,64,enc-8x-compact-fast1-4,14.985,15.011
RES,6,64,enc-8x-shared-fused,20.482,20.500
RES,6,64,enc-8x-baseline,21.290,21.403
RES,6,80,enc-8x-compact-fast1-4,21.657,21.778
RES,6,80,enc-8x-shared-fused,22.067,22.082
RES,6,80,enc-8x-baseline,22.072,22.183
RES,6,96,enc-8x-compact-fast1-4,22.254,22.274
RES,6,96,enc-8x-shared-fused,22.701,22.725
RES,6,96,enc-8x-baseline,22.695,22.815
RES,6,112,enc-8x-compact-fast1-4,22.806,22.917
RES,6,112,enc-8x-shared-fused,23.284,23.404
RES,6,112,enc-8x-baseline,23.280,23.398
RES,6,128,enc-8x-compact-fast1-4,21.477,21.593
RES,6,128,enc-8x-shared-fused,21.812,21.927
RES,6,128,enc-8x-baseline,21.813,21.841
# SELFCHECK OK: 1..256 blocks, 3 variants
RES,7,16,enc-8x-compact-fast1-4,10.574,10.589
RES,7,16,enc-8x-shared-fused,10.500,10.516
RES,7,16,enc-8x-baseline,19.801,19.817
RES,7,32,enc-8x-compact-fast1-4,11.038,11.069
RES,7,32,enc-8x-shared-fused,12.732,12.743
RES,7,32,enc-8x-baseline,19.842,19.857
RES,7,48,enc-8x-compact-fast1-4,13.842,13.862
RES,7,48,enc-8x-shared-fused,16.648,16.693
RES,7,48,enc-8x-baseline,20.471,20.490
RES,7,64,enc-8x-compact-fast1-4,14.968,14.993
RES,7,64,enc-8x-shared-fused,20.482,20.500
RES,7,64,enc-8x-baseline,21.304,21.329
RES,7,80,enc-8x-compact-fast1-4,21.642,21.758
RES,7,80,enc-8x-shared-fused,22.068,22.184
RES,7,80,enc-8x-baseline,22.078,22.097
RES,7,96,enc-8x-compact-fast1-4,22.232,22.348
RES,7,96,enc-8x-shared-fused,22.701,22.817
RES,7,96,enc-8x-baseline,22.701,22.823
RES,7,112,enc-8x-compact-fast1-4,22.786,22.900
RES,7,112,enc-8x-shared-fused,23.288,23.404
RES,7,112,enc-8x-baseline,23.302,23.419
RES,7,128,enc-8x-compact-fast1-4,21.455,21.564
RES,7,128,enc-8x-shared-fused,21.811,21.930
RES,7,128,enc-8x-baseline,21.830,21.948
DONE: 7 correctness gates
