# date=2026-09-08T21:30:56Z
# host=ip-172-31-42-229
# model=
# mode=large reps=160 processes=7 pinned_cpu=3
file,sha256,text_bytes
x8-enc-baseline.o,0150dab43e6828f0e966503094486c635d8892e5935ae2a7fbf74791173f6827,5008
x8-enc-shared-fused.o,0e3e6ddfbff9b0fd7f97fd570d6ddb27d489044be752cf2f34bbc62ce6b29126,6000
x8-enc-compact.o,78605a647e192cc843d63e5ce89ba72ccd1788acc748f900edc54a9aad6b15d3,8624
# SELFCHECK OK: 1..256 blocks, 3 variants
RES,1,1344,enc-8x-compact-fast1-4,189.342,189.632
RES,1,1344,enc-8x-shared-fused,189.736,190.045
RES,1,1344,enc-8x-baseline,189.546,189.869
RES,1,2048,enc-8x-compact-fast1-4,275.408,275.774
RES,1,2048,enc-8x-shared-fused,275.929,276.313
RES,1,2048,enc-8x-baseline,275.474,275.844
RES,1,4096,enc-8x-compact-fast1-4,547.754,548.329
RES,1,4096,enc-8x-shared-fused,548.225,548.964
RES,1,4096,enc-8x-baseline,547.728,548.388
RES,1,8192,enc-8x-compact-fast1-4,1092.423,1093.558
RES,1,8192,enc-8x-shared-fused,1092.952,1094.042
RES,1,8192,enc-8x-baseline,1092.289,1093.599
RES,1,16384,enc-8x-compact-fast1-4,2181.653,2184.230
RES,1,16384,enc-8x-shared-fused,2182.048,2184.623
RES,1,16384,enc-8x-baseline,2181.612,2184.314
RES,1,32768,enc-8x-compact-fast1-4,4363.759,4369.799
RES,1,32768,enc-8x-shared-fused,4361.805,4366.573
RES,1,32768,enc-8x-baseline,4361.200,4366.343
# SELFCHECK OK: 1..256 blocks, 3 variants
RES,2,1344,enc-8x-compact-fast1-4,189.383,189.694
RES,2,1344,enc-8x-shared-fused,189.735,190.070
RES,2,1344,enc-8x-baseline,189.561,189.897
RES,2,2048,enc-8x-compact-fast1-4,275.426,275.711
RES,2,2048,enc-8x-shared-fused,275.942,276.313
RES,2,2048,enc-8x-baseline,275.473,275.792
RES,2,4096,enc-8x-compact-fast1-4,547.758,548.463
RES,2,4096,enc-8x-shared-fused,548.236,548.797
RES,2,4096,enc-8x-baseline,547.766,548.376
RES,2,8192,enc-8x-compact-fast1-4,1092.411,1093.670
RES,2,8192,enc-8x-shared-fused,1092.976,1094.247
RES,2,8192,enc-8x-baseline,1092.525,1093.745
RES,2,16384,enc-8x-compact-fast1-4,2181.827,2184.121
RES,2,16384,enc-8x-shared-fused,2182.391,2184.786
RES,2,16384,enc-8x-baseline,2181.829,2184.128
RES,2,32768,enc-8x-compact-fast1-4,4365.174,4369.378
RES,2,32768,enc-8x-shared-fused,4365.019,4370.192
RES,2,32768,enc-8x-baseline,4361.147,4366.862
# SELFCHECK OK: 1..256 blocks, 3 variants
RES,3,1344,enc-8x-compact-fast1-4,189.368,189.691
RES,3,1344,enc-8x-shared-fused,189.741,190.075
RES,3,1344,enc-8x-baseline,189.564,189.893
RES,3,2048,enc-8x-compact-fast1-4,275.448,275.713
RES,3,2048,enc-8x-shared-fused,275.954,276.257
RES,3,2048,enc-8x-baseline,275.470,275.845
RES,3,4096,enc-8x-compact-fast1-4,547.695,548.395
RES,3,4096,enc-8x-shared-fused,548.234,548.881
RES,3,4096,enc-8x-baseline,547.768,548.366
RES,3,8192,enc-8x-compact-fast1-4,1092.472,1093.627
RES,3,8192,enc-8x-shared-fused,1092.991,1094.148
RES,3,8192,enc-8x-baseline,1092.480,1093.626
RES,3,16384,enc-8x-compact-fast1-4,2181.801,2184.117
RES,3,16384,enc-8x-shared-fused,2182.395,2184.965
RES,3,16384,enc-8x-baseline,2181.787,2184.139
RES,3,32768,enc-8x-compact-fast1-4,4361.266,4366.179
RES,3,32768,enc-8x-shared-fused,4365.196,4369.915
RES,3,32768,enc-8x-baseline,4360.830,4365.974
# SELFCHECK OK: 1..256 blocks, 3 variants
RES,4,1344,enc-8x-compact-fast1-4,189.239,189.656
RES,4,1344,enc-8x-shared-fused,189.585,190.053
RES,4,1344,enc-8x-baseline,189.425,189.851
RES,4,2048,enc-8x-compact-fast1-4,275.418,275.759
RES,4,2048,enc-8x-shared-fused,275.954,276.263
RES,4,2048,enc-8x-baseline,275.478,275.797
RES,4,4096,enc-8x-compact-fast1-4,547.755,548.359
RES,4,4096,enc-8x-shared-fused,548.232,548.817
RES,4,4096,enc-8x-baseline,547.794,548.318
RES,4,8192,enc-8x-compact-fast1-4,1092.415,1093.599
RES,4,8192,enc-8x-shared-fused,1092.948,1094.163
RES,4,8192,enc-8x-baseline,1092.400,1093.644
RES,4,16384,enc-8x-compact-fast1-4,2181.908,2184.261
RES,4,16384,enc-8x-shared-fused,2185.949,2188.134
RES,4,16384,enc-8x-baseline,2181.663,2184.474
RES,4,32768,enc-8x-compact-fast1-4,4361.029,4365.934
RES,4,32768,enc-8x-shared-fused,4364.973,4369.899
RES,4,32768,enc-8x-baseline,4360.878,4366.517
# SELFCHECK OK: 1..256 blocks, 3 variants
RES,5,1344,enc-8x-compact-fast1-4,189.245,189.675
RES,5,1344,enc-8x-shared-fused,189.623,190.062
RES,5,1344,enc-8x-baseline,189.420,189.874
RES,5,2048,enc-8x-compact-fast1-4,275.400,275.716
RES,5,2048,enc-8x-shared-fused,275.931,276.237
RES,5,2048,enc-8x-baseline,275.477,275.759
RES,5,4096,enc-8x-compact-fast1-4,547.741,548.333
RES,5,4096,enc-8x-shared-fused,548.247,548.904
RES,5,4096,enc-8x-baseline,547.772,548.362
RES,5,8192,enc-8x-compact-fast1-4,1092.420,1093.508
RES,5,8192,enc-8x-shared-fused,1092.931,1094.102
RES,5,8192,enc-8x-baseline,1092.376,1093.605
RES,5,16384,enc-8x-compact-fast1-4,2181.796,2184.335
RES,5,16384,enc-8x-shared-fused,2182.220,2184.862
RES,5,16384,enc-8x-baseline,2181.738,2184.125
RES,5,32768,enc-8x-compact-fast1-4,4361.190,4366.914
RES,5,32768,enc-8x-shared-fused,4361.534,4366.794
RES,5,32768,enc-8x-baseline,4360.892,4365.845
# SELFCHECK OK: 1..256 blocks, 3 variants
RES,6,1344,enc-8x-compact-fast1-4,189.355,189.650
RES,6,1344,enc-8x-shared-fused,189.731,190.041
RES,6,1344,enc-8x-baseline,189.543,189.877
RES,6,2048,enc-8x-compact-fast1-4,275.408,275.761
RES,6,2048,enc-8x-shared-fused,275.918,276.276
RES,6,2048,enc-8x-baseline,275.500,275.816
RES,6,4096,enc-8x-compact-fast1-4,547.716,548.344
RES,6,4096,enc-8x-shared-fused,548.251,548.840
RES,6,4096,enc-8x-baseline,547.704,548.429
RES,6,8192,enc-8x-compact-fast1-4,1092.365,1093.541
RES,6,8192,enc-8x-shared-fused,1092.906,1094.195
RES,6,8192,enc-8x-baseline,1092.387,1093.651
RES,6,16384,enc-8x-compact-fast1-4,2181.728,2183.961
RES,6,16384,enc-8x-shared-fused,2182.364,2184.754
RES,6,16384,enc-8x-baseline,2181.891,2184.155
RES,6,32768,enc-8x-compact-fast1-4,4364.455,4369.811
RES,6,32768,enc-8x-shared-fused,4364.784,4370.148
RES,6,32768,enc-8x-baseline,4361.144,4366.484
# SELFCHECK OK: 1..256 blocks, 3 variants
RES,7,1344,enc-8x-compact-fast1-4,189.364,189.696
RES,7,1344,enc-8x-shared-fused,189.725,190.041
RES,7,1344,enc-8x-baseline,189.532,189.888
RES,7,2048,enc-8x-compact-fast1-4,275.407,275.736
RES,7,2048,enc-8x-shared-fused,275.946,276.305
RES,7,2048,enc-8x-baseline,275.477,275.775
RES,7,4096,enc-8x-compact-fast1-4,547.744,548.313
RES,7,4096,enc-8x-shared-fused,548.234,548.829
RES,7,4096,enc-8x-baseline,547.763,548.487
RES,7,8192,enc-8x-compact-fast1-4,1092.403,1093.574
RES,7,8192,enc-8x-shared-fused,1092.916,1094.194
RES,7,8192,enc-8x-baseline,1092.329,1093.685
RES,7,16384,enc-8x-compact-fast1-4,2181.751,2184.215
RES,7,16384,enc-8x-shared-fused,2182.199,2184.738
RES,7,16384,enc-8x-baseline,2181.730,2184.391
RES,7,32768,enc-8x-compact-fast1-4,4362.932,4369.005
RES,7,32768,enc-8x-shared-fused,4363.623,4369.270
RES,7,32768,enc-8x-baseline,4359.468,4365.714
DONE: 7 correctness gates
