# date=2026-09-08T21:30:58Z
# host=ip-172-31-44-56
# model=
# mode=large reps=160 processes=7 pinned_cpu=3
file,sha256,text_bytes
x8-enc-baseline.o,0150dab43e6828f0e966503094486c635d8892e5935ae2a7fbf74791173f6827,5008
x8-enc-shared-fused.o,0e3e6ddfbff9b0fd7f97fd570d6ddb27d489044be752cf2f34bbc62ce6b29126,6000
x8-enc-compact.o,78605a647e192cc843d63e5ce89ba72ccd1788acc748f900edc54a9aad6b15d3,8624
# SELFCHECK OK: 1..256 blocks, 3 variants
RES,1,1344,enc-8x-compact-fast1-4,224.018,224.366
RES,1,1344,enc-8x-shared-fused,225.700,225.934
RES,1,1344,enc-8x-baseline,225.696,225.905
RES,1,2048,enc-8x-compact-fast1-4,325.753,326.078
RES,1,2048,enc-8x-shared-fused,326.064,326.333
RES,1,2048,enc-8x-baseline,325.951,326.178
RES,1,4096,enc-8x-compact-fast1-4,644.993,645.487
RES,1,4096,enc-8x-shared-fused,645.165,645.652
RES,1,4096,enc-8x-baseline,645.280,645.552
RES,1,8192,enc-8x-compact-fast1-4,1283.675,1284.545
RES,1,8192,enc-8x-shared-fused,1283.586,1284.839
RES,1,8192,enc-8x-baseline,1283.576,1284.220
RES,1,16384,enc-8x-compact-fast1-4,2559.814,2561.758
RES,1,16384,enc-8x-shared-fused,2560.533,2562.947
RES,1,16384,enc-8x-baseline,2560.470,2561.878
RES,1,32768,enc-8x-compact-fast1-4,5112.150,5115.859
RES,1,32768,enc-8x-shared-fused,5112.539,5117.712
RES,1,32768,enc-8x-baseline,5113.116,5115.971
# SELFCHECK OK: 1..256 blocks, 3 variants
RES,2,1344,enc-8x-compact-fast1-4,224.258,224.558
RES,2,1344,enc-8x-shared-fused,225.628,225.997
RES,2,1344,enc-8x-baseline,225.722,225.920
RES,2,2048,enc-8x-compact-fast1-4,325.815,326.413
RES,2,2048,enc-8x-shared-fused,326.098,326.585
RES,2,2048,enc-8x-baseline,326.021,326.218
RES,2,4096,enc-8x-compact-fast1-4,645.201,646.028
RES,2,4096,enc-8x-shared-fused,645.560,646.278
RES,2,4096,enc-8x-baseline,645.336,645.586
RES,2,8192,enc-8x-compact-fast1-4,1283.718,1284.651
RES,2,8192,enc-8x-shared-fused,1283.627,1284.669
RES,2,8192,enc-8x-baseline,1283.506,1284.201
RES,2,16384,enc-8x-compact-fast1-4,2560.273,2562.185
RES,2,16384,enc-8x-shared-fused,2560.442,2563.119
RES,2,16384,enc-8x-baseline,2560.458,2561.906
RES,2,32768,enc-8x-compact-fast1-4,5113.940,5117.294
RES,2,32768,enc-8x-shared-fused,5112.999,5118.755
RES,2,32768,enc-8x-baseline,5113.476,5116.411
# SELFCHECK OK: 1..256 blocks, 3 variants
RES,3,1344,enc-8x-compact-fast1-4,224.128,224.561
RES,3,1344,enc-8x-shared-fused,225.637,225.930
RES,3,1344,enc-8x-baseline,225.628,225.880
RES,3,2048,enc-8x-compact-fast1-4,326.007,326.585
RES,3,2048,enc-8x-shared-fused,326.279,326.707
RES,3,2048,enc-8x-baseline,325.984,326.299
RES,3,4096,enc-8x-compact-fast1-4,645.004,645.991
RES,3,4096,enc-8x-shared-fused,645.292,646.169
RES,3,4096,enc-8x-baseline,645.157,645.584
RES,3,8192,enc-8x-compact-fast1-4,1283.188,1284.001
RES,3,8192,enc-8x-shared-fused,1283.506,1284.244
RES,3,8192,enc-8x-baseline,1283.446,1284.157
RES,3,16384,enc-8x-compact-fast1-4,2559.666,2561.482
RES,3,16384,enc-8x-shared-fused,2560.229,2561.955
RES,3,16384,enc-8x-baseline,2560.328,2561.839
RES,3,32768,enc-8x-compact-fast1-4,5113.198,5116.235
RES,3,32768,enc-8x-shared-fused,5113.246,5118.090
RES,3,32768,enc-8x-baseline,5112.205,5116.177
# SELFCHECK OK: 1..256 blocks, 3 variants
RES,4,1344,enc-8x-compact-fast1-4,224.190,224.461
RES,4,1344,enc-8x-shared-fused,225.630,225.917
RES,4,1344,enc-8x-baseline,225.707,225.930
RES,4,2048,enc-8x-compact-fast1-4,325.761,326.559
RES,4,2048,enc-8x-shared-fused,326.158,326.720
RES,4,2048,enc-8x-baseline,325.958,326.190
RES,4,4096,enc-8x-compact-fast1-4,645.142,645.991
RES,4,4096,enc-8x-shared-fused,645.429,646.168
RES,4,4096,enc-8x-baseline,645.356,645.585
RES,4,8192,enc-8x-compact-fast1-4,1283.519,1284.497
RES,4,8192,enc-8x-shared-fused,1283.744,1284.761
RES,4,8192,enc-8x-baseline,1283.527,1284.120
RES,4,16384,enc-8x-compact-fast1-4,2559.480,2560.864
RES,4,16384,enc-8x-shared-fused,2560.248,2561.433
RES,4,16384,enc-8x-baseline,2560.301,2561.417
RES,4,32768,enc-8x-compact-fast1-4,5111.235,5115.485
RES,4,32768,enc-8x-shared-fused,5111.530,5116.637
RES,4,32768,enc-8x-baseline,5112.057,5115.723
# SELFCHECK OK: 1..256 blocks, 3 variants
RES,5,1344,enc-8x-compact-fast1-4,224.085,224.483
RES,5,1344,enc-8x-shared-fused,225.569,225.911
RES,5,1344,enc-8x-baseline,225.606,225.843
RES,5,2048,enc-8x-compact-fast1-4,325.743,326.555
RES,5,2048,enc-8x-shared-fused,326.103,326.587
RES,5,2048,enc-8x-baseline,325.990,326.206
RES,5,4096,enc-8x-compact-fast1-4,645.014,645.593
RES,5,4096,enc-8x-shared-fused,645.351,645.863
RES,5,4096,enc-8x-baseline,645.252,645.594
RES,5,8192,enc-8x-compact-fast1-4,1283.340,1284.417
RES,5,8192,enc-8x-shared-fused,1283.526,1284.735
RES,5,8192,enc-8x-baseline,1283.430,1284.065
RES,5,16384,enc-8x-compact-fast1-4,2559.665,2561.399
RES,5,16384,enc-8x-shared-fused,2560.250,2562.197
RES,5,16384,enc-8x-baseline,2560.593,2561.750
RES,5,32768,enc-8x-compact-fast1-4,5112.489,5115.277
RES,5,32768,enc-8x-shared-fused,5112.409,5115.751
RES,5,32768,enc-8x-baseline,5113.482,5115.644
# SELFCHECK OK: 1..256 blocks, 3 variants
RES,6,1344,enc-8x-compact-fast1-4,224.105,224.443
RES,6,1344,enc-8x-shared-fused,225.700,225.933
RES,6,1344,enc-8x-baseline,225.735,225.907
RES,6,2048,enc-8x-compact-fast1-4,325.721,326.230
RES,6,2048,enc-8x-shared-fused,326.040,326.448
RES,6,2048,enc-8x-baseline,326.012,326.263
RES,6,4096,enc-8x-compact-fast1-4,645.128,645.822
RES,6,4096,enc-8x-shared-fused,645.272,646.040
RES,6,4096,enc-8x-baseline,645.264,645.615
RES,6,8192,enc-8x-compact-fast1-4,1283.310,1284.146
RES,6,8192,enc-8x-shared-fused,1283.706,1284.409
RES,6,8192,enc-8x-baseline,1283.449,1284.078
RES,6,16384,enc-8x-compact-fast1-4,2559.753,2561.062
RES,6,16384,enc-8x-shared-fused,2559.878,2561.689
RES,6,16384,enc-8x-baseline,2560.399,2561.645
RES,6,32768,enc-8x-compact-fast1-4,5112.926,5115.596
RES,6,32768,enc-8x-shared-fused,5113.122,5116.394
RES,6,32768,enc-8x-baseline,5113.421,5115.779
# SELFCHECK OK: 1..256 blocks, 3 variants
RES,7,1344,enc-8x-compact-fast1-4,224.204,224.491
RES,7,1344,enc-8x-shared-fused,225.619,225.904
RES,7,1344,enc-8x-baseline,225.697,225.889
RES,7,2048,enc-8x-compact-fast1-4,325.591,326.384
RES,7,2048,enc-8x-shared-fused,326.130,326.516
RES,7,2048,enc-8x-baseline,326.023,326.238
RES,7,4096,enc-8x-compact-fast1-4,644.924,645.745
RES,7,4096,enc-8x-shared-fused,645.285,645.906
RES,7,4096,enc-8x-baseline,645.172,645.571
RES,7,8192,enc-8x-compact-fast1-4,1283.200,1284.165
RES,7,8192,enc-8x-shared-fused,1283.599,1284.528
RES,7,8192,enc-8x-baseline,1283.450,1284.070
RES,7,16384,enc-8x-compact-fast1-4,2559.963,2561.271
RES,7,16384,enc-8x-shared-fused,2560.259,2562.207
RES,7,16384,enc-8x-baseline,2560.319,2561.600
RES,7,32768,enc-8x-compact-fast1-4,5113.286,5115.850
RES,7,32768,enc-8x-shared-fused,5113.297,5116.705
RES,7,32768,enc-8x-baseline,5113.658,5116.144
DONE: 7 correctness gates
