### AA-base : base base base base
mix  |   base_0 |   base_1 |   base_2 |   base_3 ||  base_1%  base_2%  base_3%
A    |   28.462 |   28.343 |   28.347 |   28.307 ||   -0.42   -0.40   -0.54
B    |   61.887 |   61.839 |   61.929 |   61.795 ||   -0.08   +0.07   -0.15
C    |   37.933 |   38.086 |   37.803 |   37.990 ||   +0.40   -0.34   +0.15
D    |   23.934 |   23.964 |   23.896 |   23.904 ||   +0.13   -0.16   -0.12
E    |   25.837 |   25.778 |   25.821 |   25.791 ||   -0.23   -0.06   -0.18
F    |   27.150 |   27.135 |   27.131 |   27.115 ||   -0.06   -0.07   -0.13
R1   |   27.206 |   27.236 |   27.210 |   27.197 ||   +0.11   +0.02   -0.03
R2   |   26.839 |   26.816 |   26.815 |   26.792 ||   -0.08   -0.09   -0.17
R3   |   26.547 |   26.533 |   26.545 |   26.535 ||   -0.05   -0.01   -0.04
R4   |   26.392 |   26.364 |   26.374 |   26.348 ||   -0.10   -0.07   -0.17
R6   |   26.130 |   26.109 |   26.121 |   26.109 ||   -0.08   -0.03   -0.08
mix  |   base_0 |   base_1 |   base_2 |   base_3 ||  base_1%  base_2%  base_3%
A    |   28.409 |   28.378 |   28.428 |   28.365 ||   -0.11   +0.07   -0.15
B    |   61.891 |   61.871 |   61.981 |   61.834 ||   -0.03   +0.14   -0.09
C    |   37.875 |   37.987 |   37.838 |   38.011 ||   +0.29   -0.10   +0.36
D    |   23.952 |   23.947 |   23.920 |   23.918 ||   -0.02   -0.13   -0.14
E    |   25.834 |   25.789 |   25.822 |   25.777 ||   -0.17   -0.05   -0.22
F    |   27.130 |   27.167 |   27.120 |   27.132 ||   +0.14   -0.04   +0.01
R1   |   27.211 |   27.215 |   27.199 |   27.266 ||   +0.02   -0.04   +0.20
R2   |   26.826 |   26.771 |   26.817 |   26.773 ||   -0.21   -0.03   -0.20
R3   |   26.565 |   26.500 |   26.545 |   26.521 ||   -0.24   -0.07   -0.16
R4   |   26.387 |   26.357 |   26.371 |   26.355 ||   -0.11   -0.06   -0.12
R6   |   26.129 |   26.110 |   26.120 |   26.115 ||   -0.07   -0.03   -0.06
### AA-t4p8 : t4p8 t4p8 t4p8 t4p8
mix  |   t4p8_0 |   t4p8_1 |   t4p8_2 |   t4p8_3 ||  t4p8_1%  t4p8_2%  t4p8_3%
A    |   22.929 |   24.089 |   24.278 |   23.880 ||   +5.06   +5.88   +4.15
B    |   59.210 |   59.181 |   59.200 |   59.221 ||   -0.05   -0.02   +0.02
C    |   35.761 |   35.859 |   35.777 |   35.665 ||   +0.27   +0.04   -0.27
D    |   12.905 |   12.900 |   12.899 |   12.902 ||   -0.04   -0.05   -0.03
E    |   14.710 |   14.756 |   14.721 |   14.735 ||   +0.31   +0.07   +0.17
F    |   20.869 |   21.026 |   21.015 |   20.869 ||   +0.75   +0.70   -0.00
R1   |   26.129 |   26.092 |   26.109 |   26.130 ||   -0.14   -0.08   +0.00
R2   |   25.311 |   25.293 |   25.285 |   25.345 ||   -0.07   -0.10   +0.14
R3   |   24.830 |   24.810 |   24.831 |   24.844 ||   -0.08   +0.01   +0.06
R4   |   24.547 |   24.510 |   24.521 |   24.539 ||   -0.15   -0.10   -0.03
R6   |   23.965 |   23.961 |   23.958 |   23.972 ||   -0.02   -0.03   +0.03
mix  |   t4p8_0 |   t4p8_1 |   t4p8_2 |   t4p8_3 ||  t4p8_1%  t4p8_2%  t4p8_3%
A    |   23.066 |   24.272 |   24.270 |   23.029 ||   +5.23   +5.22   -0.16
B    |   59.184 |   59.214 |   59.261 |   59.166 ||   +0.05   +0.13   -0.03
C    |   35.773 |   35.839 |   35.764 |   35.719 ||   +0.19   -0.03   -0.15
D    |   12.906 |   12.899 |   12.900 |   12.907 ||   -0.06   -0.05   +0.00
E    |   14.742 |   14.745 |   14.748 |   14.759 ||   +0.02   +0.04   +0.11
F    |   20.877 |   21.001 |   21.044 |   20.784 ||   +0.59   +0.80   -0.45
R1   |   26.112 |   26.090 |   26.134 |   26.148 ||   -0.08   +0.08   +0.14
R2   |   25.316 |   25.299 |   25.280 |   25.347 ||   -0.07   -0.14   +0.12
R3   |   24.838 |   24.805 |   24.825 |   24.839 ||   -0.13   -0.05   +0.00
R4   |   24.531 |   24.512 |   24.513 |   24.539 ||   -0.08   -0.08   +0.03
R6   |   23.964 |   23.958 |   23.955 |   23.971 ||   -0.02   -0.04   +0.03
### AA-t5 : t5 t5 t5 t5
mix  |     t5_0 |     t5_1 |     t5_2 |     t5_3 ||    t5_1%    t5_2%    t5_3%
A    |   22.662 |   22.953 |   22.741 |   22.987 ||   +1.28   +0.35   +1.43
B    |   58.575 |   58.521 |   58.606 |   58.656 ||   -0.09   +0.05   +0.14
C    |   35.790 |   35.675 |   35.709 |   35.633 ||   -0.32   -0.23   -0.44
D    |   12.874 |   12.887 |   12.900 |   12.893 ||   +0.10   +0.20   +0.15
E    |   14.866 |   14.876 |   14.841 |   14.840 ||   +0.07   -0.17   -0.17
F    |   22.196 |   22.236 |   22.190 |   22.153 ||   +0.18   -0.03   -0.19
R1   |   23.029 |   23.005 |   22.995 |   22.977 ||   -0.10   -0.15   -0.23
R2   |   23.769 |   23.693 |   23.774 |   23.767 ||   -0.32   +0.02   -0.01
R3   |   24.214 |   24.170 |   24.205 |   24.203 ||   -0.18   -0.04   -0.04
R4   |   24.478 |   24.474 |   24.466 |   24.469 ||   -0.01   -0.05   -0.04
R6   |   24.881 |   24.759 |   24.888 |   24.901 ||   -0.49   +0.03   +0.08
mix  |     t5_0 |     t5_1 |     t5_2 |     t5_3 ||    t5_1%    t5_2%    t5_3%
A    |   21.677 |   22.906 |   22.978 |   22.972 ||   +5.67   +6.00   +5.98
B    |   58.566 |   58.532 |   58.568 |   58.688 ||   -0.06   +0.00   +0.21
C    |   35.785 |   35.642 |   35.771 |   35.672 ||   -0.40   -0.04   -0.32
D    |   12.860 |   12.891 |   12.884 |   12.898 ||   +0.24   +0.19   +0.29
E    |   14.083 |   14.117 |   14.049 |   14.094 ||   +0.24   -0.24   +0.08
F    |   22.153 |   22.254 |   22.175 |   22.095 ||   +0.45   +0.10   -0.26
R1   |   23.007 |   22.980 |   23.012 |   22.987 ||   -0.12   +0.02   -0.09
R2   |   23.766 |   23.689 |   23.763 |   23.755 ||   -0.32   -0.01   -0.05
R3   |   24.211 |   24.167 |   24.210 |   24.206 ||   -0.18   -0.01   -0.02
R4   |   24.482 |   24.372 |   24.476 |   24.471 ||   -0.45   -0.02   -0.05
R6   |   24.881 |   24.778 |   24.885 |   24.894 ||   -0.41   +0.01   +0.05
### AA-t8 : t8 t8 t8 t8
mix  |     t8_0 |     t8_1 |     t8_2 |     t8_3 ||    t8_1%    t8_2%    t8_3%
A    |   22.579 |   22.691 |   22.598 |   22.642 ||   +0.50   +0.08   +0.28
B    |   59.488 |   59.514 |   59.431 |   59.484 ||   +0.04   -0.10   -0.01
C    |   37.289 |   37.439 |   37.169 |   37.317 ||   +0.40   -0.32   +0.08
D    |   12.888 |   12.889 |   12.882 |   12.884 ||   +0.01   -0.05   -0.03
E    |   14.850 |   14.849 |   14.850 |   14.834 ||   -0.00   +0.00   -0.11
F    |   21.211 |   21.074 |   21.281 |   21.067 ||   -0.65   +0.33   -0.68
R1   |   21.567 |   21.545 |   21.537 |   21.574 ||   -0.10   -0.14   +0.04
R2   |   22.065 |   22.066 |   22.046 |   22.066 ||   +0.00   -0.09   +0.00
R3   |   22.307 |   22.261 |   22.289 |   22.297 ||   -0.21   -0.08   -0.04
R4   |   22.445 |   22.428 |   22.432 |   22.433 ||   -0.08   -0.06   -0.05
R6   |   22.664 |   22.653 |   22.654 |   22.651 ||   -0.05   -0.04   -0.06
mix  |     t8_0 |     t8_1 |     t8_2 |     t8_3 ||    t8_1%    t8_2%    t8_3%
A    |   22.610 |   22.668 |   22.589 |   22.642 ||   +0.26   -0.09   +0.14
B    |   59.444 |   59.519 |   59.455 |   59.491 ||   +0.13   +0.02   +0.08
C    |   37.342 |   37.435 |   37.128 |   37.268 ||   +0.25   -0.57   -0.20
D    |   12.891 |   12.892 |   12.888 |   12.886 ||   +0.01   -0.03   -0.04
E    |   14.836 |   14.851 |   14.833 |   14.830 ||   +0.10   -0.02   -0.04
F    |   21.196 |   21.078 |   21.237 |   21.083 ||   -0.56   +0.19   -0.54
R1   |   21.585 |   21.549 |   21.544 |   21.557 ||   -0.17   -0.19   -0.13
R2   |   22.075 |   22.069 |   22.047 |   22.067 ||   -0.03   -0.13   -0.04
R3   |   22.296 |   22.267 |   22.293 |   22.294 ||   -0.13   -0.01   -0.01
R4   |   22.442 |   22.422 |   22.432 |   22.422 ||   -0.09   -0.05   -0.09
R6   |   22.673 |   22.654 |   22.655 |   22.655 ||   -0.08   -0.08   -0.08
### AA-t4 : t4 t4 t4 t4
mix  |     t4_0 |     t4_1 |     t4_2 |     t4_3 ||    t4_1%    t4_2%    t4_3%
A    |   23.928 |   24.025 |   24.018 |   23.974 ||   +0.40   +0.38   +0.19
B    |   58.859 |   58.906 |   58.786 |   58.875 ||   +0.08   -0.12   +0.03
C    |   35.573 |   35.701 |   35.698 |   35.848 ||   +0.36   +0.35   +0.77
D    |   12.902 |   12.904 |   12.903 |   12.875 ||   +0.02   +0.00   -0.21
E    |   14.807 |   14.804 |   14.804 |   14.797 ||   -0.02   -0.02   -0.07
F    |   22.288 |   22.484 |   22.345 |   22.289 ||   +0.88   +0.26   +0.01
R1   |   27.209 |   27.250 |   27.151 |   27.232 ||   +0.15   -0.21   +0.08
R2   |   26.782 |   26.863 |   26.736 |   26.854 ||   +0.30   -0.17   +0.27
R3   |   26.480 |   26.543 |   26.460 |   26.532 ||   +0.24   -0.07   +0.20
R4   |   26.320 |   26.383 |   26.280 |   26.366 ||   +0.24   -0.16   +0.17
R6   |   26.087 |   26.092 |   26.093 |   26.125 ||   +0.02   +0.02   +0.15
mix  |     t4_0 |     t4_1 |     t4_2 |     t4_3 ||    t4_1%    t4_2%    t4_3%
A    |   23.661 |   24.066 |   24.037 |   23.980 ||   +1.71   +1.59   +1.35
B    |   58.848 |   58.886 |   58.756 |   58.886 ||   +0.06   -0.16   +0.07
C    |   35.568 |   35.680 |   35.691 |   35.895 ||   +0.32   +0.35   +0.92
D    |   12.899 |   12.907 |   12.902 |   12.879 ||   +0.07   +0.03   -0.15
E    |   14.818 |   14.778 |   14.815 |   14.814 ||   -0.27   -0.02   -0.02
F    |   22.317 |   22.506 |   22.312 |   22.262 ||   +0.85   -0.02   -0.25
R1   |   27.208 |   27.234 |   27.160 |   27.235 ||   +0.10   -0.18   +0.10
R2   |   26.777 |   26.801 |   26.692 |   26.833 ||   +0.09   -0.32   +0.21
R3   |   26.490 |   26.547 |   26.461 |   26.531 ||   +0.21   -0.11   +0.15
R4   |   26.313 |   26.355 |   26.307 |   26.369 ||   +0.16   -0.02   +0.21
R6   |   26.093 |   26.124 |   26.094 |   26.133 ||   +0.12   +0.00   +0.15
### p-t4-t4p8 : t4 t4p8 t4 t4p8
mix  |     t4_0 |   t4p8_1 |     t4_2 |   t4p8_3 ||  t4p8_1%    t4_2%  t4p8_3%
A    |   23.902 |   22.706 |   23.887 |   23.083 ||   -5.00   -0.06   -3.42
B    |   58.861 |   59.164 |   58.759 |   59.292 ||   +0.52   -0.17   +0.73
C    |   35.637 |   35.646 |   35.514 |   35.572 ||   +0.03   -0.35   -0.18
D    |   12.907 |   12.888 |   12.905 |   12.899 ||   -0.15   -0.02   -0.06
E    |   14.816 |   14.789 |   14.833 |   14.730 ||   -0.18   +0.11   -0.58
F    |   22.299 |   20.971 |   22.293 |   21.014 ||   -5.95   -0.02   -5.76
R1   |   27.185 |   26.137 |   27.315 |   26.211 ||   -3.86   +0.48   -3.58
R2   |   26.741 |   25.365 |   26.748 |   25.423 ||   -5.15   +0.03   -4.93
R3   |   26.464 |   24.898 |   26.533 |   24.906 ||   -5.92   +0.26   -5.89
R4   |   26.324 |   24.607 |   26.409 |   24.608 ||   -6.52   +0.32   -6.52
R6   |   26.094 |   24.038 |   26.127 |   24.019 ||   -7.88   +0.12   -7.95
mix  |     t4_0 |   t4p8_1 |     t4_2 |   t4p8_3 ||  t4p8_1%    t4_2%  t4p8_3%
A    |   23.679 |   22.766 |   23.902 |   23.290 ||   -3.86   +0.94   -1.64
B    |   58.820 |   59.151 |   58.727 |   59.228 ||   +0.56   -0.16   +0.69
C    |   35.608 |   35.631 |   35.458 |   35.601 ||   +0.06   -0.42   -0.02
D    |   12.899 |   12.885 |   12.905 |   12.897 ||   -0.10   +0.05   -0.02
E    |   14.819 |   14.774 |   14.829 |   14.737 ||   -0.31   +0.07   -0.55
F    |   22.305 |   20.977 |   22.246 |   20.975 ||   -5.96   -0.27   -5.96
R1   |   27.174 |   26.122 |   27.278 |   26.234 ||   -3.87   +0.38   -3.46
R2   |   26.738 |   25.353 |   26.893 |   25.437 ||   -5.18   +0.58   -4.87
R3   |   26.467 |   24.888 |   26.577 |   24.912 ||   -5.96   +0.42   -5.87
R4   |   26.314 |   24.606 |   26.318 |   24.607 ||   -6.49   +0.01   -6.49
R6   |   26.097 |   24.042 |   26.125 |   24.014 ||   -7.88   +0.11   -7.98
### p-t4p8-t4 : t4p8 t4 t4p8 t4
mix  |   t4p8_0 |     t4_1 |   t4p8_2 |     t4_3 ||    t4_1%  t4p8_2%    t4_3%
A    |   23.004 |   23.562 |   23.017 |   24.041 ||   +2.43   +0.06   +4.51
B    |   59.208 |   58.649 |   59.002 |   58.804 ||   -0.94   -0.35   -0.68
C    |   35.759 |   35.653 |   35.618 |   35.878 ||   -0.30   -0.39   +0.33
D    |   12.904 |   12.902 |   12.885 |   12.904 ||   -0.02   -0.15   -0.00
E    |   14.757 |   14.798 |   14.763 |   14.805 ||   +0.28   +0.04   +0.32
F    |   20.812 |   22.379 |   20.778 |   22.438 ||   +7.53   -0.16   +7.81
R1   |   26.126 |   27.157 |   26.142 |   27.286 ||   +3.95   +0.06   +4.44
R2   |   25.330 |   26.715 |   25.418 |   26.837 ||   +5.47   +0.35   +5.95
R3   |   24.838 |   26.463 |   24.906 |   26.531 ||   +6.54   +0.27   +6.82
R4   |   24.538 |   26.308 |   24.616 |   26.332 ||   +7.21   +0.32   +7.31
R6   |   23.969 |   26.080 |   24.041 |   26.098 ||   +8.81   +0.30   +8.88
mix  |   t4p8_0 |     t4_1 |   t4p8_2 |     t4_3 ||    t4_1%  t4p8_2%    t4_3%
A    |   23.009 |   23.927 |   22.858 |   24.004 ||   +3.99   -0.66   +4.33
B    |   59.216 |   58.619 |   58.970 |   58.827 ||   -1.01   -0.41   -0.66
C    |   35.755 |   35.641 |   35.663 |   35.893 ||   -0.32   -0.26   +0.39
D    |   12.902 |   12.902 |   12.886 |   12.905 ||   -0.00   -0.12   +0.02
E    |   14.696 |   14.800 |   14.775 |   14.799 ||   +0.71   +0.54   +0.70
F    |   20.846 |   22.391 |   20.792 |   22.432 ||   +7.41   -0.26   +7.61
R1   |   26.155 |   27.155 |   26.172 |   27.253 ||   +3.82   +0.07   +4.20
R2   |   25.315 |   26.729 |   25.417 |   26.853 ||   +5.58   +0.40   +6.07
R3   |   24.870 |   26.501 |   24.861 |   26.518 ||   +6.56   -0.04   +6.63
R4   |   24.542 |   26.301 |   24.602 |   26.331 ||   +7.17   +0.25   +7.29
R6   |   23.974 |   26.007 |   24.051 |   26.107 ||   +8.48   +0.32   +8.90
### p-t5-t4p8 : t5 t4p8 t5 t4p8
mix  |     t5_0 |   t4p8_1 |     t5_2 |   t4p8_3 ||  t4p8_1%    t5_2%  t4p8_3%
A    |   21.781 |   22.774 |   22.777 |   23.792 ||   +4.56   +4.58   +9.23
B    |   58.598 |   59.049 |   58.521 |   59.231 ||   +0.77   -0.13   +1.08
C    |   35.802 |   35.740 |   35.561 |   35.724 ||   -0.17   -0.67   -0.22
D    |   12.875 |   12.886 |   12.892 |   12.895 ||   +0.08   +0.13   +0.15
E    |   14.829 |   14.805 |   14.047 |   14.739 ||   -0.16   -5.27   -0.60
F    |   22.182 |   20.741 |   22.176 |   20.947 ||   -6.50   -0.03   -5.57
R1   |   23.009 |   26.171 |   22.995 |   26.095 ||  +13.74   -0.06  +13.41
R2   |   23.769 |   25.381 |   23.762 |   25.284 ||   +6.78   -0.03   +6.37
R3   |   24.210 |   24.859 |   24.216 |   24.802 ||   +2.68   +0.03   +2.44
R4   |   24.472 |   24.578 |   24.478 |   24.518 ||   +0.43   +0.02   +0.19
R6   |   24.886 |   24.030 |   24.900 |   23.956 ||   -3.44   +0.05   -3.74
mix  |     t5_0 |   t4p8_1 |     t5_2 |   t4p8_3 ||  t4p8_1%    t5_2%  t4p8_3%
A    |   22.949 |   22.712 |   21.824 |   22.927 ||   -1.03   -4.90   -0.10
B    |   58.637 |   59.056 |   58.578 |   59.201 ||   +0.72   -0.10   +0.96
C    |   35.741 |   35.777 |   35.619 |   35.732 ||   +0.10   -0.34   -0.03
D    |   12.879 |   12.887 |   12.891 |   12.899 ||   +0.06   +0.10   +0.16
E    |   14.823 |   14.780 |   14.845 |   14.763 ||   -0.29   +0.15   -0.40
F    |   22.175 |   20.781 |   22.158 |   20.999 ||   -6.29   -0.08   -5.30
R1   |   22.990 |   26.117 |   22.983 |   26.113 ||  +13.60   -0.03  +13.58
R2   |   23.770 |   25.358 |   23.764 |   25.302 ||   +6.68   -0.02   +6.44
R3   |   24.208 |   24.878 |   24.214 |   24.801 ||   +2.77   +0.03   +2.45
R4   |   24.473 |   24.581 |   24.477 |   24.520 ||   +0.44   +0.02   +0.19
R6   |   24.888 |   24.029 |   24.903 |   23.959 ||   -3.45   +0.06   -3.73
### p-t4p8-t5 : t4p8 t5 t4p8 t5
mix  |   t4p8_0 |     t5_1 |   t4p8_2 |     t5_3 ||    t5_1%  t4p8_2%    t5_3%
A    |   23.953 |   23.017 |   23.961 |   22.946 ||   -3.91   +0.03   -4.20
B    |   59.188 |   58.564 |   59.037 |   58.614 ||   -1.05   -0.25   -0.97
C    |   35.811 |   35.822 |   35.825 |   35.528 ||   +0.03   +0.04   -0.79
D    |   12.900 |   12.878 |   12.884 |   12.891 ||   -0.17   -0.13   -0.07
E    |   14.731 |   14.841 |   14.758 |   14.420 ||   +0.74   +0.18   -2.11
F    |   20.890 |   22.222 |   20.961 |   22.125 ||   +6.38   +0.34   +5.91
R1   |   26.140 |   23.011 |   26.182 |   22.990 ||  -11.97   +0.16  -12.05
R2   |   25.316 |   23.767 |   25.477 |   23.763 ||   -6.12   +0.64   -6.13
R3   |   24.834 |   24.211 |   24.971 |   24.209 ||   -2.51   +0.55   -2.52
R4   |   24.542 |   24.473 |   24.619 |   24.468 ||   -0.28   +0.32   -0.30
R6   |   23.975 |   24.888 |   24.034 |   24.892 ||   +3.81   +0.25   +3.83
mix  |   t4p8_0 |     t5_1 |   t4p8_2 |     t5_3 ||    t5_1%  t4p8_2%    t5_3%
A    |   24.167 |   22.990 |   22.956 |   22.980 ||   -4.87   -5.01   -4.91
B    |   59.202 |   58.617 |   58.992 |   58.598 ||   -0.99   -0.35   -1.02
C    |   35.798 |   35.805 |   35.815 |   35.494 ||   +0.02   +0.05   -0.85
D    |   12.906 |   12.879 |   12.888 |   12.893 ||   -0.21   -0.14   -0.10
E    |   14.716 |   14.857 |   14.768 |   14.864 ||   +0.95   +0.35   +1.00
F    |   20.919 |   22.210 |   20.989 |   22.127 ||   +6.17   +0.33   +5.77
R1   |   26.136 |   23.014 |   26.175 |   22.988 ||  -11.94   +0.15  -12.04
R2   |   25.326 |   23.771 |   25.418 |   23.755 ||   -6.14   +0.36   -6.21
R3   |   24.841 |   24.215 |   24.960 |   24.204 ||   -2.52   +0.48   -2.57
R4   |   24.553 |   24.481 |   24.601 |   24.476 ||   -0.29   +0.20   -0.31
R6   |   23.967 |   24.890 |   24.074 |   24.891 ||   +3.85   +0.45   +3.86
### p-t8-t4p8 : t8 t4p8 t8 t4p8
mix  |     t8_0 |   t4p8_1 |     t8_2 |   t4p8_3 ||  t4p8_1%    t8_2%  t4p8_3%
A    |   22.535 |   22.891 |   22.612 |   23.496 ||   +1.58   +0.35   +4.27
B    |   59.500 |   59.159 |   59.672 |   59.207 ||   -0.57   +0.29   -0.49
C    |   37.344 |   35.762 |   37.923 |   35.809 ||   -4.24   +1.55   -4.11
D    |   12.885 |   12.900 |   12.887 |   12.900 ||   +0.11   +0.01   +0.11
E    |   14.824 |   14.755 |   14.840 |   14.732 ||   -0.47   +0.11   -0.63
F    |   21.171 |   20.859 |   21.110 |   21.062 ||   -1.47   -0.29   -0.51
R1   |   21.541 |   26.227 |   21.551 |   26.115 ||  +21.76   +0.05  +21.24
R2   |   22.096 |   25.421 |   22.049 |   25.293 ||  +15.05   -0.21  +14.47
R3   |   22.291 |   24.906 |   22.279 |   24.819 ||  +11.74   -0.05  +11.34
R4   |   22.435 |   24.606 |   22.421 |   24.529 ||   +9.68   -0.06   +9.33
R6   |   22.649 |   24.023 |   22.648 |   23.969 ||   +6.06   -0.01   +5.83
mix  |     t8_0 |   t4p8_1 |     t8_2 |   t4p8_3 ||  t4p8_1%    t8_2%  t4p8_3%
A    |   22.557 |   22.944 |   22.588 |   24.233 ||   +1.72   +0.14   +7.43
B    |   59.435 |   59.108 |   59.741 |   59.230 ||   -0.55   +0.52   -0.34
C    |   37.352 |   35.784 |   37.914 |   35.804 ||   -4.20   +1.51   -4.14
D    |   12.883 |   12.901 |   12.880 |   12.904 ||   +0.14   -0.02   +0.16
E    |   14.838 |   14.770 |   14.841 |   14.710 ||   -0.45   +0.02   -0.86
F    |   21.137 |   20.878 |   21.105 |   21.057 ||   -1.23   -0.15   -0.38
R1   |   21.547 |   26.222 |   21.527 |   26.114 ||  +21.70   -0.09  +21.20
R2   |   22.091 |   25.413 |   22.045 |   25.301 ||  +15.04   -0.21  +14.53
R3   |   22.303 |   24.917 |   22.279 |   24.832 ||  +11.72   -0.11  +11.34
R4   |   22.436 |   24.608 |   22.420 |   24.523 ||   +9.68   -0.07   +9.30
R6   |   22.652 |   24.006 |   22.660 |   23.971 ||   +5.98   +0.03   +5.82
### p-t4p8-t8 : t4p8 t8 t4p8 t8
mix  |   t4p8_0 |     t8_1 |   t4p8_2 |     t8_3 ||    t8_1%  t4p8_2%    t8_3%
A    |   23.742 |   22.689 |   24.166 |   22.576 ||   -4.44   +1.79   -4.91
B    |   59.197 |   59.673 |   59.078 |   59.468 ||   +0.80   -0.20   +0.46
C    |   35.701 |   37.744 |   35.854 |   37.295 ||   +5.72   +0.43   +4.46
D    |   12.908 |   12.889 |   12.899 |   12.886 ||   -0.15   -0.06   -0.17
E    |   14.710 |   14.837 |   14.748 |   14.838 ||   +0.86   +0.26   +0.87
F    |   20.818 |   21.098 |   20.984 |   21.112 ||   +1.34   +0.80   +1.41
R1   |   26.143 |   21.550 |   26.107 |   21.548 ||  -17.57   -0.14  -17.58
R2   |   25.317 |   22.071 |   25.282 |   22.058 ||  -12.82   -0.14  -12.87
R3   |   24.835 |   22.282 |   24.794 |   22.296 ||  -10.28   -0.17  -10.22
R4   |   24.558 |   22.434 |   24.519 |   22.443 ||   -8.65   -0.16   -8.61
R6   |   23.967 |   22.654 |   23.966 |   22.680 ||   -5.48   -0.01   -5.37
mix  |   t4p8_0 |     t8_1 |   t4p8_2 |     t8_3 ||    t8_1%  t4p8_2%    t8_3%
A    |   23.917 |   22.701 |   24.108 |   22.608 ||   -5.08   +0.80   -5.47
B    |   59.226 |   59.666 |   59.075 |   59.539 ||   +0.74   -0.26   +0.53
C    |   35.732 |   37.758 |   35.872 |   37.370 ||   +5.67   +0.39   +4.59
D    |   12.896 |   12.887 |   12.899 |   12.891 ||   -0.07   +0.02   -0.04
E    |   14.718 |   14.810 |   14.733 |   14.849 ||   +0.63   +0.11   +0.90
F    |   20.795 |   21.102 |   20.999 |   21.126 ||   +1.48   +0.98   +1.60
R1   |   26.138 |   21.583 |   26.103 |   21.553 ||  -17.43   -0.13  -17.54
R2   |   25.327 |   22.094 |   25.343 |   22.069 ||  -12.77   +0.06  -12.86
R3   |   24.853 |   22.278 |   24.837 |   22.296 ||  -10.36   -0.06  -10.29
R4   |   24.572 |   22.435 |   24.528 |   22.460 ||   -8.70   -0.18   -8.60
R6   |   23.974 |   22.657 |   23.981 |   22.673 ||   -5.49   +0.03   -5.43
### p-t7-t8 : t7 t8 t7 t8
mix  |     t7_0 |     t8_1 |     t7_2 |     t8_3 ||    t8_1%    t7_2%    t8_3%
A    |   22.043 |   22.486 |   22.160 |   22.535 ||   +2.01   +0.53   +2.23
B    |   58.635 |   59.604 |   59.043 |   59.587 ||   +1.65   +0.70   +1.62
C    |   36.414 |   37.417 |   36.531 |   37.458 ||   +2.75   +0.32   +2.87
D    |   12.904 |   12.866 |   12.871 |   12.887 ||   -0.29   -0.25   -0.13
E    |   14.925 |   14.854 |   14.896 |   14.839 ||   -0.47   -0.19   -0.57
F    |   22.391 |   20.968 |   22.439 |   21.029 ||   -6.36   +0.21   -6.09
R1   |   23.006 |   21.565 |   22.947 |   21.542 ||   -6.26   -0.26   -6.36
R2   |   23.770 |   22.070 |   23.750 |   22.072 ||   -7.15   -0.08   -7.14
R3   |   24.207 |   22.294 |   24.205 |   22.298 ||   -7.90   -0.01   -7.88
R4   |   24.476 |   22.445 |   24.477 |   22.416 ||   -8.30   +0.00   -8.42
R6   |   24.888 |   22.679 |   24.897 |   22.648 ||   -8.88   +0.04   -9.00
mix  |     t7_0 |     t8_1 |     t7_2 |     t8_3 ||    t8_1%    t7_2%    t8_3%
A    |   22.034 |   22.563 |   22.162 |   22.541 ||   +2.40   +0.58   +2.30
B    |   58.568 |   59.710 |   58.998 |   59.637 ||   +1.95   +0.73   +1.82
C    |   36.450 |   37.398 |   36.550 |   37.387 ||   +2.60   +0.28   +2.57
D    |   12.903 |   12.879 |   12.873 |   12.883 ||   -0.19   -0.23   -0.16
E    |   14.899 |   14.845 |   14.919 |   14.870 ||   -0.36   +0.14   -0.19
F    |   22.393 |   20.959 |   22.367 |   21.034 ||   -6.41   -0.12   -6.07
R1   |   23.002 |   21.533 |   22.953 |   21.547 ||   -6.39   -0.22   -6.33
R2   |   23.771 |   22.057 |   23.738 |   22.072 ||   -7.21   -0.14   -7.15
R3   |   24.209 |   22.291 |   24.188 |   22.282 ||   -7.92   -0.08   -7.96
R4   |   24.475 |   22.449 |   24.468 |   22.411 ||   -8.28   -0.03   -8.43
R6   |   24.886 |   22.672 |   24.894 |   22.642 ||   -8.89   +0.03   -9.02
### p-t8-t7 : t8 t7 t8 t7
mix  |     t8_0 |     t7_1 |     t8_2 |     t7_3 ||    t7_1%    t8_2%    t7_3%
A    |   22.608 |   21.990 |   22.475 |   22.163 ||   -2.73   -0.59   -1.97
B    |   59.453 |   58.548 |   59.805 |   58.961 ||   -1.52   +0.59   -0.83
C    |   37.082 |   36.324 |   37.385 |   36.483 ||   -2.04   +0.82   -1.61
D    |   12.886 |   12.904 |   12.875 |   12.899 ||   +0.14   -0.08   +0.10
E    |   14.808 |   14.911 |   14.862 |   14.882 ||   +0.70   +0.37   +0.51
F    |   21.207 |   22.303 |   21.023 |   22.507 ||   +5.17   -0.87   +6.13
R1   |   21.570 |   23.009 |   21.543 |   22.943 ||   +6.67   -0.12   +6.37
R2   |   22.104 |   23.788 |   22.078 |   23.756 ||   +7.62   -0.12   +7.47
R3   |   22.308 |   24.216 |   22.323 |   24.217 ||   +8.55   +0.07   +8.55
R4   |   22.452 |   24.481 |   22.458 |   24.490 ||   +9.04   +0.03   +9.08
R6   |   22.662 |   24.896 |   22.705 |   24.899 ||   +9.86   +0.19   +9.87
mix  |     t8_0 |     t7_1 |     t8_2 |     t7_3 ||    t7_1%    t8_2%    t7_3%
A    |   22.562 |   22.011 |   22.542 |   22.117 ||   -2.44   -0.09   -1.97
B    |   59.472 |   58.656 |   59.776 |   58.937 ||   -1.37   +0.51   -0.90
C    |   36.977 |   36.307 |   37.426 |   36.511 ||   -1.81   +1.21   -1.26
D    |   12.886 |   12.904 |   12.881 |   12.885 ||   +0.14   -0.04   -0.01
E    |   14.845 |   14.901 |   14.864 |   14.889 ||   +0.37   +0.12   +0.30
F    |   21.215 |   22.302 |   21.031 |   22.555 ||   +5.12   -0.87   +6.32
R1   |   21.587 |   23.038 |   21.572 |   22.948 ||   +6.72   -0.07   +6.30
R2   |   22.082 |   23.776 |   22.077 |   23.743 ||   +7.67   -0.02   +7.52
R3   |   22.306 |   24.217 |   22.306 |   24.207 ||   +8.57   -0.00   +8.53
R4   |   22.449 |   24.471 |   22.455 |   24.470 ||   +9.00   +0.02   +9.00
R6   |   22.665 |   24.882 |   22.696 |   24.895 ||   +9.78   +0.14   +9.84
