### AA-base : base base base base
mix  |   base_0 |   base_1 |   base_2 |   base_3 ||  base_1%  base_2%  base_3%
A    |   22.581 |   22.582 |   22.544 |   22.545 ||   +0.00   -0.16   -0.16
B    |   51.709 |   51.696 |   51.763 |   51.721 ||   -0.02   +0.10   +0.02
C    |   31.481 |   31.527 |   31.432 |   31.497 ||   +0.15   -0.15   +0.05
D    |   19.962 |   19.962 |   19.959 |   19.956 ||   +0.00   -0.01   -0.03
E    |   21.012 |   21.016 |   20.993 |   21.049 ||   +0.02   -0.09   +0.18
F    |   21.968 |   21.962 |   21.977 |   21.986 ||   -0.03   +0.04   +0.08
R1   |   22.031 |   22.027 |   22.032 |   22.032 ||   -0.02   +0.00   +0.01
R2   |   21.827 |   21.827 |   21.836 |   21.823 ||   +0.00   +0.04   -0.02
R3   |   21.732 |   21.728 |   21.734 |   21.730 ||   -0.02   +0.01   -0.01
R4   |   21.678 |   21.671 |   21.678 |   21.676 ||   -0.04   -0.00   -0.01
R6   |   21.605 |   21.601 |   21.598 |   21.592 ||   -0.02   -0.03   -0.06
mix  |   base_0 |   base_1 |   base_2 |   base_3 ||  base_1%  base_2%  base_3%
A    |   22.594 |   22.566 |   22.546 |   22.554 ||   -0.12   -0.21   -0.18
B    |   51.687 |   51.718 |   51.767 |   51.710 ||   +0.06   +0.15   +0.04
C    |   31.462 |   31.521 |   31.395 |   31.521 ||   +0.19   -0.21   +0.19
D    |   19.955 |   19.966 |   19.962 |   19.967 ||   +0.06   +0.04   +0.06
E    |   21.012 |   21.037 |   20.995 |   21.057 ||   +0.12   -0.08   +0.21
F    |   21.977 |   21.972 |   21.972 |   21.982 ||   -0.02   -0.02   +0.02
R1   |   22.037 |   22.035 |   22.039 |   22.031 ||   -0.01   +0.01   -0.03
R2   |   21.833 |   21.819 |   21.833 |   21.830 ||   -0.06   +0.00   -0.01
R3   |   21.739 |   21.733 |   21.740 |   21.738 ||   -0.03   +0.01   -0.00
R4   |   21.680 |   21.674 |   21.680 |   21.681 ||   -0.03   -0.00   +0.00
R6   |   21.607 |   21.602 |   21.603 |   21.600 ||   -0.02   -0.02   -0.03
### AA-t4p8 : t4p8 t4p8 t4p8 t4p8
mix  |   t4p8_0 |   t4p8_1 |   t4p8_2 |   t4p8_3 ||  t4p8_1%  t4p8_2%  t4p8_3%
A    |   19.039 |   19.162 |   19.266 |   19.030 ||   +0.65   +1.19   -0.05
B    |   49.118 |   49.209 |   49.203 |   49.094 ||   +0.18   +0.17   -0.05
C    |   29.241 |   29.448 |   29.138 |   29.244 ||   +0.71   -0.35   +0.01
D    |   10.922 |   10.921 |   10.922 |   10.921 ||   -0.00   +0.00   -0.01
E    |   11.949 |   12.054 |   12.062 |   12.050 ||   +0.88   +0.94   +0.84
F    |   17.835 |   17.966 |   18.002 |   17.821 ||   +0.74   +0.94   -0.08
R1   |   22.255 |   22.240 |   22.227 |   22.236 ||   -0.07   -0.12   -0.09
R2   |   21.644 |   21.658 |   21.641 |   21.631 ||   +0.06   -0.01   -0.06
R3   |   21.209 |   21.202 |   21.198 |   21.186 ||   -0.04   -0.05   -0.11
R4   |   20.960 |   20.970 |   20.963 |   20.953 ||   +0.04   +0.01   -0.03
R6   |   20.513 |   20.516 |   20.512 |   20.512 ||   +0.01   -0.01   -0.00
mix  |   t4p8_0 |   t4p8_1 |   t4p8_2 |   t4p8_3 ||  t4p8_1%  t4p8_2%  t4p8_3%
A    |   19.025 |   19.177 |   19.255 |   19.015 ||   +0.80   +1.21   -0.05
B    |   49.130 |   49.161 |   49.223 |   49.086 ||   +0.06   +0.19   -0.09
C    |   29.214 |   29.464 |   29.149 |   29.281 ||   +0.85   -0.22   +0.23
D    |   10.922 |   10.922 |   10.923 |   10.924 ||   +0.00   +0.00   +0.02
E    |   11.941 |   12.084 |   12.065 |   12.071 ||   +1.19   +1.04   +1.09
F    |   17.807 |   17.975 |   17.962 |   17.865 ||   +0.94   +0.87   +0.33
R1   |   22.246 |   22.234 |   22.227 |   22.242 ||   -0.06   -0.09   -0.02
R2   |   21.646 |   21.666 |   21.631 |   21.627 ||   +0.10   -0.07   -0.08
R3   |   21.209 |   21.193 |   21.197 |   21.195 ||   -0.08   -0.06   -0.07
R4   |   20.965 |   20.967 |   20.964 |   20.954 ||   +0.01   -0.01   -0.05
R6   |   20.504 |   20.515 |   20.501 |   20.518 ||   +0.05   -0.01   +0.06
### AA-t5 : t5 t5 t5 t5
mix  |     t5_0 |     t5_1 |     t5_2 |     t5_3 ||    t5_1%    t5_2%    t5_3%
A    |   18.399 |   18.347 |   18.410 |   18.353 ||   -0.28   +0.06   -0.25
B    |   48.849 |   48.785 |   48.783 |   48.765 ||   -0.13   -0.14   -0.17
C    |   29.193 |   29.142 |   29.220 |   29.157 ||   -0.18   +0.09   -0.12
D    |   10.927 |   10.925 |   10.923 |   10.929 ||   -0.02   -0.04   +0.02
E    |   11.882 |   11.844 |   11.874 |   11.833 ||   -0.32   -0.07   -0.42
F    |   18.695 |   18.624 |   18.676 |   18.693 ||   -0.38   -0.10   -0.01
R1   |   19.099 |   19.103 |   19.129 |   19.114 ||   +0.02   +0.16   +0.08
R2   |   19.967 |   19.941 |   19.951 |   19.938 ||   -0.13   -0.08   -0.14
R3   |   20.286 |   20.289 |   20.308 |   20.283 ||   +0.02   +0.11   -0.01
R4   |   20.498 |   20.487 |   20.493 |   20.495 ||   -0.05   -0.02   -0.01
R6   |   20.861 |   20.864 |   20.868 |   20.857 ||   +0.01   +0.03   -0.02
mix  |     t5_0 |     t5_1 |     t5_2 |     t5_3 ||    t5_1%    t5_2%    t5_3%
A    |   18.419 |   18.361 |   18.429 |   18.420 ||   -0.31   +0.05   +0.01
B    |   48.871 |   48.727 |   48.815 |   48.828 ||   -0.30   -0.11   -0.09
C    |   29.256 |   29.124 |   29.176 |   29.165 ||   -0.45   -0.27   -0.31
D    |   10.925 |   10.921 |   10.926 |   10.927 ||   -0.03   +0.01   +0.02
E    |   11.893 |   11.822 |   11.857 |   11.828 ||   -0.60   -0.31   -0.55
F    |   18.722 |   18.667 |   18.675 |   18.675 ||   -0.30   -0.25   -0.25
R1   |   19.103 |   19.119 |   19.125 |   19.121 ||   +0.08   +0.12   +0.09
R2   |   19.941 |   19.922 |   19.958 |   19.951 ||   -0.10   +0.08   +0.05
R3   |   20.297 |   20.285 |   20.306 |   20.283 ||   -0.06   +0.04   -0.07
R4   |   20.504 |   20.490 |   20.490 |   20.497 ||   -0.07   -0.07   -0.04
R6   |   20.864 |   20.864 |   20.870 |   20.859 ||   -0.00   +0.03   -0.03
### AA-t8 : t8 t8 t8 t8
mix  |     t8_0 |     t8_1 |     t8_2 |     t8_3 ||    t8_1%    t8_2%    t8_3%
A    |   17.985 |   18.040 |   18.042 |   18.005 ||   +0.30   +0.31   +0.11
B    |   48.277 |   48.268 |   48.295 |   48.231 ||   -0.02   +0.04   -0.10
C    |   29.379 |   29.329 |   29.122 |   29.094 ||   -0.17   -0.88   -0.97
D    |   10.928 |   10.930 |   10.912 |   10.923 ||   +0.01   -0.15   -0.05
E    |   12.103 |   12.102 |   12.095 |   12.091 ||   -0.01   -0.07   -0.10
F    |   18.255 |   18.217 |   18.221 |   18.232 ||   -0.21   -0.19   -0.13
R1   |   18.491 |   18.436 |   18.439 |   18.462 ||   -0.30   -0.28   -0.16
R2   |   18.914 |   18.921 |   18.915 |   18.949 ||   +0.04   +0.01   +0.19
R3   |   19.085 |   19.085 |   19.094 |   19.106 ||   +0.00   +0.05   +0.11
R4   |   19.212 |   19.224 |   19.217 |   19.235 ||   +0.06   +0.03   +0.12
R6   |   19.410 |   19.416 |   19.406 |   19.414 ||   +0.03   -0.02   +0.02
mix  |     t8_0 |     t8_1 |     t8_2 |     t8_3 ||    t8_1%    t8_2%    t8_3%
A    |   18.016 |   17.986 |   18.044 |   17.999 ||   -0.17   +0.16   -0.09
B    |   48.288 |   48.284 |   48.283 |   48.245 ||   -0.01   -0.01   -0.09
C    |   29.297 |   29.274 |   29.109 |   29.166 ||   -0.08   -0.64   -0.45
D    |   10.925 |   10.930 |   10.922 |   10.927 ||   +0.04   -0.03   +0.01
E    |   12.081 |   12.069 |   12.087 |   12.099 ||   -0.10   +0.05   +0.15
F    |   18.223 |   18.216 |   18.269 |   18.211 ||   -0.04   +0.25   -0.07
R1   |   18.478 |   18.439 |   18.437 |   18.458 ||   -0.21   -0.22   -0.11
R2   |   18.925 |   18.925 |   18.913 |   18.942 ||   +0.00   -0.06   +0.09
R3   |   19.095 |   19.083 |   19.091 |   19.103 ||   -0.06   -0.02   +0.04
R4   |   19.222 |   19.222 |   19.218 |   19.230 ||   +0.00   -0.02   +0.04
R6   |   19.410 |   19.408 |   19.400 |   19.417 ||   -0.01   -0.05   +0.03
### AA-t4 : t4 t4 t4 t4
mix  |     t4_0 |     t4_1 |     t4_2 |     t4_3 ||    t4_1%    t4_2%    t4_3%
A    |   19.144 |   19.183 |   19.066 |   19.134 ||   +0.20   -0.41   -0.06
B    |   49.209 |   49.172 |   49.173 |   49.194 ||   -0.07   -0.07   -0.03
C    |   29.271 |   29.246 |   29.240 |   29.452 ||   -0.09   -0.11   +0.62
D    |   10.925 |   10.918 |   10.925 |   10.917 ||   -0.06   +0.00   -0.07
E    |   12.029 |   12.075 |   12.008 |   12.026 ||   +0.38   -0.18   -0.02
F    |   18.724 |   18.842 |   18.726 |   18.740 ||   +0.63   +0.01   +0.09
R1   |   22.126 |   22.086 |   22.117 |   22.074 ||   -0.18   -0.04   -0.24
R2   |   21.905 |   21.864 |   21.890 |   21.855 ||   -0.19   -0.07   -0.23
R3   |   21.790 |   21.764 |   21.780 |   21.759 ||   -0.12   -0.04   -0.14
R4   |   21.718 |   21.698 |   21.720 |   21.695 ||   -0.09   +0.01   -0.10
R6   |   21.626 |   21.623 |   21.628 |   21.615 ||   -0.01   +0.01   -0.05
mix  |     t4_0 |     t4_1 |     t4_2 |     t4_3 ||    t4_1%    t4_2%    t4_3%
A    |   19.115 |   19.135 |   19.044 |   19.114 ||   +0.10   -0.37   -0.01
B    |   49.210 |   49.214 |   49.173 |   49.182 ||   +0.01   -0.08   -0.06
C    |   29.298 |   29.244 |   29.259 |   29.459 ||   -0.18   -0.13   +0.55
D    |   10.927 |   10.917 |   10.926 |   10.919 ||   -0.09   -0.01   -0.08
E    |   12.012 |   12.087 |   12.027 |   12.051 ||   +0.63   +0.13   +0.32
F    |   18.730 |   18.855 |   18.726 |   18.699 ||   +0.67   -0.02   -0.16
R1   |   22.131 |   22.082 |   22.120 |   22.087 ||   -0.22   -0.05   -0.20
R2   |   21.907 |   21.855 |   21.894 |   21.851 ||   -0.24   -0.06   -0.26
R3   |   21.793 |   21.764 |   21.781 |   21.754 ||   -0.13   -0.05   -0.18
R4   |   21.714 |   21.705 |   21.722 |   21.699 ||   -0.04   +0.04   -0.07
R6   |   21.624 |   21.623 |   21.625 |   21.621 ||   -0.00   +0.01   -0.01
### p-t4-t4p8 : t4 t4p8 t4 t4p8
mix  |     t4_0 |   t4p8_1 |     t4_2 |   t4p8_3 ||  t4p8_1%    t4_2%  t4p8_3%
A    |   19.043 |   19.166 |   19.047 |   19.135 ||   +0.64   +0.02   +0.48
B    |   49.192 |   49.170 |   49.153 |   49.155 ||   -0.04   -0.08   -0.07
C    |   29.343 |   29.095 |   29.259 |   29.077 ||   -0.84   -0.28   -0.90
D    |   10.923 |   10.919 |   10.922 |   10.919 ||   -0.04   -0.01   -0.03
E    |   12.043 |   12.033 |   12.050 |   12.052 ||   -0.08   +0.06   +0.07
F    |   18.696 |   17.967 |   18.698 |   17.955 ||   -3.90   +0.01   -3.97
R1   |   22.115 |   22.269 |   22.076 |   22.263 ||   +0.70   -0.18   +0.67
R2   |   21.906 |   21.661 |   21.859 |   21.636 ||   -1.12   -0.21   -1.23
R3   |   21.795 |   21.230 |   21.763 |   21.201 ||   -2.59   -0.14   -2.73
R4   |   21.717 |   20.970 |   21.707 |   20.992 ||   -3.44   -0.05   -3.34
R6   |   21.632 |   20.528 |   21.612 |   20.524 ||   -5.10   -0.09   -5.12
mix  |     t4_0 |   t4p8_1 |     t4_2 |   t4p8_3 ||  t4p8_1%    t4_2%  t4p8_3%
A    |   19.063 |   19.097 |   19.045 |   19.119 ||   +0.18   -0.09   +0.29
B    |   49.172 |   49.139 |   49.131 |   49.156 ||   -0.07   -0.08   -0.03
C    |   29.305 |   29.106 |   29.263 |   29.093 ||   -0.68   -0.14   -0.72
D    |   10.927 |   10.921 |   10.923 |   10.919 ||   -0.06   -0.03   -0.07
E    |   12.036 |   12.026 |   12.046 |   12.053 ||   -0.08   +0.08   +0.14
F    |   18.704 |   17.972 |   18.685 |   17.961 ||   -3.91   -0.10   -3.97
R1   |   22.119 |   22.270 |   22.081 |   22.260 ||   +0.68   -0.17   +0.64
R2   |   21.904 |   21.668 |   21.860 |   21.641 ||   -1.08   -0.20   -1.20
R3   |   21.788 |   21.214 |   21.764 |   21.221 ||   -2.64   -0.11   -2.61
R4   |   21.721 |   20.977 |   21.703 |   20.981 ||   -3.42   -0.08   -3.41
R6   |   21.632 |   20.523 |   21.622 |   20.528 ||   -5.13   -0.05   -5.10
### p-t4p8-t4 : t4p8 t4 t4p8 t4
mix  |   t4p8_0 |     t4_1 |   t4p8_2 |     t4_3 ||    t4_1%  t4p8_2%    t4_3%
A    |   19.055 |   19.133 |   19.010 |   19.084 ||   +0.41   -0.24   +0.15
B    |   49.073 |   49.220 |   49.021 |   49.139 ||   +0.30   -0.11   +0.13
C    |   29.191 |   29.548 |   29.208 |   29.361 ||   +1.22   +0.06   +0.58
D    |   10.923 |   10.924 |   10.921 |   10.921 ||   +0.01   -0.02   -0.02
E    |   12.059 |   12.016 |   11.988 |   12.024 ||   -0.36   -0.59   -0.29
F    |   17.813 |   18.863 |   17.834 |   18.712 ||   +5.89   +0.12   +5.04
R1   |   22.243 |   22.130 |   22.242 |   22.070 ||   -0.50   -0.00   -0.78
R2   |   21.646 |   21.895 |   21.641 |   21.856 ||   +1.15   -0.03   +0.97
R3   |   21.206 |   21.784 |   21.210 |   21.759 ||   +2.73   +0.02   +2.61
R4   |   20.961 |   21.724 |   20.966 |   21.706 ||   +3.64   +0.02   +3.55
R6   |   20.510 |   21.633 |   20.515 |   21.616 ||   +5.47   +0.02   +5.39
mix  |   t4p8_0 |     t4_1 |   t4p8_2 |     t4_3 ||    t4_1%  t4p8_2%    t4_3%
A    |   19.056 |   19.163 |   19.019 |   19.112 ||   +0.56   -0.19   +0.30
B    |   49.068 |   49.202 |   49.052 |   49.167 ||   +0.27   -0.03   +0.20
C    |   29.239 |   29.512 |   29.261 |   29.374 ||   +0.93   +0.08   +0.46
D    |   10.923 |   10.925 |   10.921 |   10.923 ||   +0.01   -0.02   -0.00
E    |   12.053 |   12.017 |   11.995 |   12.048 ||   -0.30   -0.48   -0.04
F    |   17.852 |   18.855 |   17.822 |   18.722 ||   +5.62   -0.17   +4.88
R1   |   22.242 |   22.135 |   22.250 |   22.072 ||   -0.48   +0.04   -0.76
R2   |   21.641 |   21.892 |   21.649 |   21.854 ||   +1.16   +0.04   +0.99
R3   |   21.203 |   21.777 |   21.202 |   21.756 ||   +2.71   -0.01   +2.61
R4   |   20.958 |   21.721 |   20.960 |   21.697 ||   +3.64   +0.01   +3.53
R6   |   20.511 |   21.630 |   20.507 |   21.622 ||   +5.46   -0.02   +5.42
### p-t5-t4p8 : t5 t4p8 t5 t4p8
mix  |     t5_0 |   t4p8_1 |     t5_2 |   t4p8_3 ||  t4p8_1%    t5_2%  t4p8_3%
A    |   18.374 |   18.989 |   18.466 |   19.257 ||   +3.35   +0.50   +4.80
B    |   48.832 |   49.100 |   48.809 |   49.203 ||   +0.55   -0.05   +0.76
C    |   29.227 |   29.302 |   29.377 |   29.177 ||   +0.26   +0.52   -0.17
D    |   10.925 |   10.916 |   10.925 |   10.918 ||   -0.08   -0.01   -0.06
E    |   11.845 |   11.974 |   11.847 |   12.089 ||   +1.09   +0.01   +2.06
F    |   18.699 |   17.804 |   18.706 |   17.998 ||   -4.79   +0.03   -3.75
R1   |   19.121 |   22.241 |   19.207 |   22.255 ||  +16.32   +0.45  +16.39
R2   |   19.945 |   21.643 |   19.985 |   21.647 ||   +8.51   +0.20   +8.53
R3   |   20.297 |   21.233 |   20.332 |   21.207 ||   +4.61   +0.18   +4.49
R4   |   20.503 |   20.979 |   20.534 |   20.967 ||   +2.32   +0.15   +2.26
R6   |   20.867 |   20.520 |   20.870 |   20.514 ||   -1.66   +0.02   -1.69
mix  |     t5_0 |   t4p8_1 |     t5_2 |   t4p8_3 ||  t4p8_1%    t5_2%  t4p8_3%
A    |   18.387 |   18.961 |   18.450 |   19.198 ||   +3.13   +0.34   +4.41
B    |   48.803 |   49.113 |   48.830 |   49.183 ||   +0.63   +0.05   +0.78
C    |   29.237 |   29.300 |   29.325 |   29.175 ||   +0.22   +0.30   -0.21
D    |   10.927 |   10.916 |   10.924 |   10.921 ||   -0.11   -0.03   -0.06
E    |   11.839 |   11.974 |   11.851 |   12.074 ||   +1.14   +0.10   +1.99
F    |   18.713 |   17.811 |   18.706 |   17.987 ||   -4.82   -0.04   -3.88
R1   |   19.104 |   22.264 |   19.207 |   22.260 ||  +16.54   +0.54  +16.52
R2   |   19.938 |   21.671 |   19.990 |   21.655 ||   +8.69   +0.26   +8.61
R3   |   20.285 |   21.226 |   20.325 |   21.202 ||   +4.64   +0.20   +4.52
R4   |   20.508 |   20.976 |   20.526 |   20.970 ||   +2.28   +0.09   +2.25
R6   |   20.858 |   20.522 |   20.869 |   20.510 ||   -1.61   +0.05   -1.67
### p-t4p8-t5 : t4p8 t5 t4p8 t5
mix  |   t4p8_0 |     t5_1 |   t4p8_2 |     t5_3 ||    t5_1%  t4p8_2%    t5_3%
A    |   19.056 |   18.558 |   19.220 |   18.353 ||   -2.61   +0.86   -3.69
B    |   49.109 |   48.869 |   49.142 |   48.687 ||   -0.49   +0.07   -0.86
C    |   29.205 |   29.431 |   29.472 |   29.168 ||   +0.77   +0.91   -0.13
D    |   10.924 |   10.928 |   10.921 |   10.924 ||   +0.04   -0.03   +0.00
E    |   11.955 |   11.901 |   12.008 |   11.853 ||   -0.46   +0.44   -0.86
F    |   17.861 |   18.724 |   17.951 |   18.683 ||   +4.84   +0.51   +4.61
R1   |   22.235 |   19.191 |   22.252 |   19.124 ||  -13.69   +0.08  -13.99
R2   |   21.668 |   20.012 |   21.676 |   19.959 ||   -7.64   +0.04   -7.89
R3   |   21.204 |   20.339 |   21.228 |   20.271 ||   -4.08   +0.11   -4.40
R4   |   20.963 |   20.549 |   20.982 |   20.485 ||   -1.97   +0.09   -2.28
R6   |   20.507 |   20.881 |   20.514 |   20.860 ||   +1.82   +0.04   +1.72
mix  |   t4p8_0 |     t5_1 |   t4p8_2 |     t5_3 ||    t5_1%  t4p8_2%    t5_3%
A    |   19.047 |   18.485 |   19.161 |   18.401 ||   -2.95   +0.60   -3.40
B    |   49.073 |   48.864 |   49.140 |   48.696 ||   -0.43   +0.14   -0.77
C    |   29.219 |   29.421 |   29.477 |   29.181 ||   +0.69   +0.88   -0.13
D    |   10.923 |   10.929 |   10.921 |   10.926 ||   +0.05   -0.02   +0.03
E    |   11.928 |   11.902 |   12.009 |   11.855 ||   -0.22   +0.68   -0.61
F    |   17.819 |   18.712 |   17.975 |   18.638 ||   +5.01   +0.87   +4.59
R1   |   22.203 |   19.192 |   22.243 |   19.127 ||  -13.56   +0.18  -13.85
R2   |   21.654 |   20.027 |   21.674 |   19.949 ||   -7.51   +0.09   -7.87
R3   |   21.204 |   20.341 |   21.203 |   20.277 ||   -4.07   -0.01   -4.38
R4   |   20.969 |   20.553 |   20.990 |   20.498 ||   -1.98   +0.10   -2.25
R6   |   20.509 |   20.882 |   20.527 |   20.866 ||   +1.82   +0.09   +1.74
### p-t8-t4p8 : t8 t4p8 t8 t4p8
mix  |     t8_0 |   t4p8_1 |     t8_2 |   t4p8_3 ||  t4p8_1%    t8_2%  t4p8_3%
A    |   17.883 |   18.993 |   18.081 |   19.258 ||   +6.21   +1.11   +7.69
B    |   48.331 |   49.112 |   48.347 |   49.203 ||   +1.62   +0.03   +1.80
C    |   29.601 |   29.291 |   30.119 |   29.489 ||   -1.05   +1.75   -0.38
D    |   10.923 |   10.921 |   10.922 |   10.919 ||   -0.01   -0.01   -0.04
E    |   11.979 |   12.008 |   12.077 |   12.043 ||   +0.24   +0.81   +0.53
F    |   18.182 |   17.828 |   18.202 |   18.024 ||   -1.95   +0.11   -0.87
R1   |   18.428 |   22.263 |   18.440 |   22.228 ||  +20.81   +0.06  +20.62
R2   |   18.883 |   21.667 |   18.924 |   21.662 ||  +14.74   +0.22  +14.71
R3   |   19.096 |   21.236 |   19.115 |   21.206 ||  +11.21   +0.10  +11.05
R4   |   19.191 |   20.992 |   19.211 |   20.976 ||   +9.38   +0.10   +9.30
R6   |   19.381 |   20.529 |   19.400 |   20.517 ||   +5.92   +0.10   +5.86
mix  |     t8_0 |   t4p8_1 |     t8_2 |   t4p8_3 ||  t4p8_1%    t8_2%  t4p8_3%
A    |   17.913 |   19.036 |   18.091 |   19.247 ||   +6.27   +0.99   +7.45
B    |   48.264 |   49.105 |   48.412 |   49.155 ||   +1.74   +0.31   +1.85
C    |   29.662 |   29.278 |   30.168 |   29.548 ||   -1.30   +1.71   -0.38
D    |   10.922 |   10.922 |   10.919 |   10.920 ||   -0.01   -0.03   -0.02
E    |   11.972 |   12.024 |   12.093 |   12.022 ||   +0.43   +1.01   +0.42
F    |   18.196 |   17.809 |   18.208 |   18.010 ||   -2.13   +0.07   -1.02
R1   |   18.458 |   22.259 |   18.442 |   22.242 ||  +20.59   -0.08  +20.50
R2   |   18.919 |   21.663 |   18.922 |   21.659 ||  +14.51   +0.02  +14.49
R3   |   19.086 |   21.236 |   19.119 |   21.202 ||  +11.27   +0.17  +11.09
R4   |   19.199 |   21.003 |   19.214 |   20.981 ||   +9.40   +0.07   +9.28
R6   |   19.395 |   20.517 |   19.404 |   20.516 ||   +5.78   +0.04   +5.78
### p-t4p8-t8 : t4p8 t8 t4p8 t8
mix  |   t4p8_0 |     t8_1 |   t4p8_2 |     t8_3 ||    t8_1%  t4p8_2%    t8_3%
A    |   18.836 |   18.074 |   19.169 |   18.010 ||   -4.04   +1.77   -4.38
B    |   49.037 |   48.368 |   49.167 |   48.453 ||   -1.36   +0.27   -1.19
C    |   29.151 |   30.141 |   29.433 |   29.573 ||   +3.40   +0.97   +1.45
D    |   10.917 |   10.924 |   10.921 |   10.930 ||   +0.06   +0.03   +0.12
E    |   11.815 |   12.071 |   12.045 |   12.096 ||   +2.17   +1.95   +2.38
F    |   17.743 |   18.210 |   18.045 |   18.254 ||   +2.63   +1.71   +2.88
R1   |   22.255 |   18.427 |   22.247 |   18.443 ||  -17.20   -0.04  -17.13
R2   |   21.648 |   18.907 |   21.646 |   18.971 ||  -12.66   -0.01  -12.37
R3   |   21.214 |   19.092 |   21.209 |   19.143 ||  -10.00   -0.02   -9.76
R4   |   20.959 |   19.218 |   20.971 |   19.266 ||   -8.31   +0.06   -8.08
R6   |   20.514 |   19.406 |   20.519 |   19.456 ||   -5.40   +0.02   -5.16
mix  |   t4p8_0 |     t8_1 |   t4p8_2 |     t8_3 ||    t8_1%  t4p8_2%    t8_3%
A    |   18.879 |   18.063 |   19.216 |   17.993 ||   -4.32   +1.79   -4.69
B    |   49.053 |   48.392 |   49.153 |   48.451 ||   -1.35   +0.20   -1.23
C    |   29.139 |   30.113 |   29.429 |   29.589 ||   +3.34   +0.99   +1.54
D    |   10.916 |   10.927 |   10.921 |   10.929 ||   +0.10   +0.04   +0.12
E    |   11.803 |   12.094 |   12.045 |   12.059 ||   +2.47   +2.05   +2.17
F    |   17.760 |   18.207 |   18.013 |   18.209 ||   +2.51   +1.42   +2.53
R1   |   22.243 |   18.418 |   22.249 |   18.455 ||  -17.20   +0.03  -17.03
R2   |   21.660 |   18.916 |   21.651 |   18.969 ||  -12.67   -0.04  -12.42
R3   |   21.207 |   19.090 |   21.217 |   19.149 ||   -9.98   +0.05   -9.70
R4   |   20.968 |   19.210 |   20.969 |   19.280 ||   -8.38   +0.00   -8.05
R6   |   20.521 |   19.410 |   20.512 |   19.457 ||   -5.41   -0.04   -5.18
### p-t7-t8 : t7 t8 t7 t8
mix  |     t7_0 |     t8_1 |     t7_2 |     t8_3 ||    t8_1%    t7_2%    t8_3%
A    |   17.346 |   17.977 |   17.484 |   17.949 ||   +3.64   +0.80   +3.48
B    |   48.033 |   48.334 |   48.261 |   48.388 ||   +0.63   +0.48   +0.74
C    |   28.985 |   30.012 |   29.490 |   29.551 ||   +3.54   +1.74   +1.95
D    |   10.932 |   10.925 |   10.927 |   10.928 ||   -0.06   -0.04   -0.04
E    |   12.103 |   12.089 |   12.037 |   11.995 ||   -0.12   -0.55   -0.89
F    |   18.779 |   18.177 |   18.859 |   18.191 ||   -3.21   +0.43   -3.13
R1   |   19.168 |   18.432 |   19.148 |   18.499 ||   -3.84   -0.11   -3.49
R2   |   19.961 |   18.912 |   19.940 |   18.981 ||   -5.25   -0.11   -4.91
R3   |   20.288 |   19.091 |   20.297 |   19.153 ||   -5.90   +0.05   -5.60
R4   |   20.497 |   19.212 |   20.497 |   19.269 ||   -6.27   +0.00   -5.99
R6   |   20.859 |   19.404 |   20.865 |   19.450 ||   -6.98   +0.03   -6.75
mix  |     t7_0 |     t8_1 |     t7_2 |     t8_3 ||    t8_1%    t7_2%    t8_3%
A    |   17.424 |   17.901 |   17.517 |   17.919 ||   +2.74   +0.54   +2.84
B    |   48.112 |   48.385 |   48.183 |   48.358 ||   +0.57   +0.15   +0.51
C    |   28.943 |   30.047 |   29.490 |   29.530 ||   +3.81   +1.89   +2.03
D    |   10.932 |   10.928 |   10.928 |   10.929 ||   -0.04   -0.03   -0.03
E    |   12.114 |   12.073 |   12.040 |   11.995 ||   -0.34   -0.61   -0.98
F    |   18.806 |   18.185 |   18.855 |   18.209 ||   -3.30   +0.26   -3.17
R1   |   19.174 |   18.447 |   19.148 |   18.500 ||   -3.79   -0.13   -3.51
R2   |   19.954 |   18.916 |   19.942 |   18.976 ||   -5.20   -0.06   -4.90
R3   |   20.286 |   19.110 |   20.293 |   19.159 ||   -5.80   +0.03   -5.56
R4   |   20.487 |   19.230 |   20.492 |   19.280 ||   -6.13   +0.02   -5.89
R6   |   20.866 |   19.416 |   20.869 |   19.450 ||   -6.95   +0.01   -6.79
### p-t8-t7 : t8 t7 t8 t7
mix  |     t8_0 |     t7_1 |     t8_2 |     t7_3 ||    t7_1%    t8_2%    t7_3%
A    |   17.994 |   17.341 |   17.913 |   17.490 ||   -3.63   -0.45   -2.80
B    |   48.247 |   47.934 |   48.351 |   48.190 ||   -0.65   +0.22   -0.12
C    |   29.152 |   28.964 |   30.013 |   29.501 ||   -0.64   +2.96   +1.20
D    |   10.927 |   10.931 |   10.917 |   10.929 ||   +0.04   -0.09   +0.02
E    |   12.092 |   12.078 |   12.067 |   12.051 ||   -0.12   -0.21   -0.34
F    |   18.190 |   18.726 |   18.179 |   18.840 ||   +2.94   -0.07   +3.57
R1   |   18.480 |   19.149 |   18.513 |   19.161 ||   +3.62   +0.18   +3.69
R2   |   18.929 |   19.915 |   18.945 |   19.949 ||   +5.21   +0.09   +5.39
R3   |   19.095 |   20.231 |   19.104 |   20.294 ||   +5.95   +0.05   +6.28
R4   |   19.214 |   20.458 |   19.222 |   20.509 ||   +6.48   +0.04   +6.74
R6   |   19.406 |   20.834 |   19.411 |   20.854 ||   +7.36   +0.03   +7.46
mix  |     t8_0 |     t7_1 |     t8_2 |     t7_3 ||    t7_1%    t8_2%    t7_3%
A    |   17.988 |   17.381 |   17.942 |   17.470 ||   -3.38   -0.26   -2.88
B    |   48.237 |   47.940 |   48.313 |   48.190 ||   -0.62   +0.16   -0.10
C    |   29.190 |   28.924 |   29.994 |   29.494 ||   -0.91   +2.75   +1.04
D    |   10.926 |   10.930 |   10.918 |   10.931 ||   +0.03   -0.07   +0.05
E    |   12.104 |   12.086 |   12.049 |   12.063 ||   -0.14   -0.45   -0.34
F    |   18.231 |   18.704 |   18.174 |   18.837 ||   +2.59   -0.31   +3.32
R1   |   18.489 |   19.149 |   18.491 |   19.166 ||   +3.57   +0.01   +3.66
R2   |   18.930 |   19.920 |   18.961 |   19.954 ||   +5.23   +0.17   +5.41
R3   |   19.128 |   20.236 |   19.104 |   20.300 ||   +5.79   -0.13   +6.13
R4   |   19.229 |   20.454 |   19.213 |   20.507 ||   +6.37   -0.09   +6.65
R6   |   19.417 |   20.848 |   19.406 |   20.847 ||   +7.37   -0.06   +7.36
