### AA-t4p8b : t4p8b t4p8b t4p8b t4p8b
mix  |  t4p8b_0 |  t4p8b_1 |  t4p8b_2 |  t4p8b_3 || t4p8b_1% t4p8b_2% t4p8b_3%
A    |   22.680 |   22.830 |   22.710 |   22.825 ||   +0.66   +0.13   +0.64
B    |   59.568 |   58.991 |   59.290 |   59.413 ||   -0.97   -0.47   -0.26
C    |   36.640 |   36.297 |   36.552 |   36.303 ||   -0.93   -0.24   -0.92
D    |   12.874 |   12.877 |   12.903 |   12.881 ||   +0.02   +0.22   +0.05
E    |   14.884 |   14.902 |   14.876 |   14.852 ||   +0.12   -0.05   -0.21
F    |   21.231 |   21.078 |   21.008 |   21.284 ||   -0.72   -1.05   +0.25
R1   |   26.349 |   26.418 |   26.386 |   26.441 ||   +0.26   +0.14   +0.35
R2   |   25.443 |   25.483 |   25.471 |   25.505 ||   +0.16   +0.11   +0.24
R3   |   24.907 |   24.930 |   24.926 |   24.950 ||   +0.09   +0.07   +0.17
R4   |   24.606 |   24.631 |   24.619 |   24.630 ||   +0.10   +0.05   +0.10
R6   |   23.998 |   24.024 |   24.003 |   24.068 ||   +0.11   +0.02   +0.29
mix  |  t4p8b_0 |  t4p8b_1 |  t4p8b_2 |  t4p8b_3 || t4p8b_1% t4p8b_2% t4p8b_3%
A    |   22.687 |   22.809 |   22.776 |   22.752 ||   +0.54   +0.39   +0.28
B    |   59.628 |   59.023 |   59.255 |   59.400 ||   -1.01   -0.63   -0.38
C    |   36.651 |   36.299 |   36.612 |   36.316 ||   -0.96   -0.11   -0.91
D    |   12.869 |   12.882 |   12.902 |   12.874 ||   +0.10   +0.26   +0.04
E    |   14.882 |   14.906 |   14.893 |   14.899 ||   +0.16   +0.07   +0.12
F    |   21.218 |   21.069 |   21.010 |   21.300 ||   -0.70   -0.98   +0.39
R1   |   26.326 |   26.407 |   26.406 |   26.458 ||   +0.31   +0.30   +0.50
R2   |   25.470 |   25.492 |   25.459 |   25.495 ||   +0.09   -0.04   +0.10
R3   |   24.909 |   24.938 |   24.929 |   24.950 ||   +0.12   +0.08   +0.17
R4   |   24.596 |   24.635 |   24.602 |   24.659 ||   +0.16   +0.03   +0.26
R6   |   24.000 |   24.026 |   24.007 |   24.048 ||   +0.11   +0.03   +0.20
### p-t4p8-t4p8b : t4p8 t4p8b t4p8 t4p8b
mix  |   t4p8_0 |  t4p8b_1 |   t4p8_2 |  t4p8b_3 || t4p8b_1%  t4p8_2% t4p8b_3%
A    |   22.985 |   22.883 |   22.956 |   22.688 ||   -0.45   -0.13   -1.29
B    |   59.241 |   59.377 |   58.950 |   59.267 ||   +0.23   -0.49   +0.04
C    |   35.759 |   36.518 |   35.613 |   36.355 ||   +2.12   -0.41   +1.67
D    |   12.899 |   12.872 |   12.878 |   12.878 ||   -0.21   -0.16   -0.17
E    |   14.750 |   14.896 |   14.770 |   14.876 ||   +0.99   +0.13   +0.86
F    |   20.980 |   21.028 |   21.015 |   21.282 ||   +0.23   +0.17   +1.44
R1   |   26.143 |   26.396 |   26.111 |   26.452 ||   +0.97   -0.12   +1.18
R2   |   25.313 |   25.439 |   25.344 |   25.498 ||   +0.50   +0.12   +0.73
R3   |   24.840 |   24.941 |   24.851 |   24.935 ||   +0.41   +0.05   +0.38
R4   |   24.523 |   24.617 |   24.584 |   24.600 ||   +0.38   +0.25   +0.32
R6   |   23.971 |   24.007 |   24.039 |   24.019 ||   +0.15   +0.28   +0.20
mix  |   t4p8_0 |  t4p8b_1 |   t4p8_2 |  t4p8b_3 || t4p8b_1%  t4p8_2% t4p8b_3%
A    |   23.023 |   22.803 |   22.877 |   22.759 ||   -0.95   -0.63   -1.15
B    |   59.231 |   59.318 |   58.959 |   59.329 ||   +0.15   -0.46   +0.16
C    |   35.750 |   36.547 |   35.583 |   36.307 ||   +2.23   -0.47   +1.56
D    |   12.904 |   12.877 |   12.885 |   12.878 ||   -0.21   -0.14   -0.20
E    |   14.738 |   14.875 |   14.765 |   14.879 ||   +0.94   +0.19   +0.96
F    |   20.956 |   21.048 |   20.986 |   21.258 ||   +0.44   +0.14   +1.44
R1   |   26.110 |   26.390 |   26.142 |   26.410 ||   +1.07   +0.12   +1.15
R2   |   25.300 |   25.461 |   25.366 |   25.505 ||   +0.64   +0.26   +0.81
R3   |   24.835 |   24.953 |   24.892 |   24.953 ||   +0.47   +0.23   +0.47
R4   |   24.537 |   24.624 |   24.583 |   24.608 ||   +0.35   +0.19   +0.29
R6   |   23.963 |   24.017 |   24.034 |   24.023 ||   +0.23   +0.30   +0.25
### p-t4p8b-t4p8 : t4p8b t4p8 t4p8b t4p8
mix  |  t4p8b_0 |   t4p8_1 |  t4p8b_2 |   t4p8_3 ||  t4p8_1% t4p8b_2%  t4p8_3%
A    |   22.700 |   24.030 |   22.756 |   22.923 ||   +5.86   +0.25   +0.98
B    |   59.567 |   59.160 |   59.019 |   59.121 ||   -0.68   -0.92   -0.75
C    |   36.609 |   35.828 |   36.307 |   35.693 ||   -2.13   -0.82   -2.50
D    |   12.874 |   12.888 |   12.880 |   12.899 ||   +0.10   +0.05   +0.19
E    |   14.873 |   14.767 |   14.871 |   14.742 ||   -0.71   -0.01   -0.88
F    |   21.228 |   20.993 |   21.025 |   20.800 ||   -1.11   -0.96   -2.02
R1   |   26.321 |   26.256 |   26.468 |   26.099 ||   -0.25   +0.56   -0.84
R2   |   25.467 |   25.410 |   25.502 |   25.289 ||   -0.22   +0.14   -0.70
R3   |   24.914 |   24.893 |   24.929 |   24.801 ||   -0.08   +0.06   -0.45
R4   |   24.604 |   24.621 |   24.619 |   24.510 ||   +0.07   +0.06   -0.38
R6   |   24.004 |   24.114 |   24.014 |   23.962 ||   +0.46   +0.04   -0.18
mix  |  t4p8b_0 |   t4p8_1 |  t4p8b_2 |   t4p8_3 ||  t4p8_1% t4p8b_2%  t4p8_3%
A    |   22.676 |   24.192 |   22.825 |   22.977 ||   +6.68   +0.66   +1.33
B    |   59.551 |   59.104 |   59.082 |   59.108 ||   -0.75   -0.79   -0.74
C    |   36.636 |   35.838 |   36.330 |   35.751 ||   -2.18   -0.84   -2.42
D    |   12.873 |   12.883 |   12.881 |   12.901 ||   +0.08   +0.06   +0.22
E    |   14.883 |   14.775 |   14.875 |   14.723 ||   -0.72   -0.05   -1.07
F    |   21.225 |   21.006 |   21.044 |   20.800 ||   -1.03   -0.85   -2.00
R1   |   26.350 |   26.242 |   26.437 |   26.085 ||   -0.41   +0.33   -1.01
R2   |   25.472 |   25.453 |   25.486 |   25.285 ||   -0.08   +0.05   -0.74
R3   |   24.907 |   24.914 |   24.949 |   24.801 ||   +0.03   +0.17   -0.42
R4   |   24.604 |   24.637 |   24.614 |   24.504 ||   +0.14   +0.04   -0.41
R6   |   23.995 |   24.114 |   24.014 |   23.966 ||   +0.50   +0.08   -0.12
