=== process order1.1
mix  |     base |   baseAA |   baseAB |     dsp0 |   dsp0AA |       t4 |       t5 |       t7 |       t8 |     t4p8 |   t4p8AA |    t4p8b ||  baseAA%  baseAB%    dsp0%  dsp0AA%      t4%      t5%      t7%      t8%    t4p8%  t4p8AA%   t4p8b%
A    |   33.005 |   33.123 |   33.212 |   33.107 |   33.111 |   28.993 |   27.847 |   26.761 |   27.155 |   29.008 |   29.026 |   28.984 ||   +0.36   +0.63   +0.31   +0.32  -12.16  -15.63  -18.92  -17.72  -12.11  -12.06  -12.18
B    |   70.263 |   70.755 |   70.870 |   70.213 |   70.307 |   67.362 |   66.480 |   66.939 |   67.714 |   67.560 |   67.786 |   68.203 ||   +0.70   +0.86   -0.07   +0.06   -4.13   -5.39   -4.73   -3.63   -3.85   -3.53   -2.93
C    |   46.970 |   46.810 |   46.807 |   46.872 |   47.019 |   44.356 |   44.051 |   44.135 |   44.983 |   44.263 |   44.341 |   45.316 ||   -0.34   -0.35   -0.21   +0.10   -5.57   -6.22   -6.03   -4.23   -5.76   -5.60   -3.52
D    |   28.239 |   28.228 |   28.197 |   28.242 |   28.435 |   14.545 |   14.543 |   14.586 |   14.530 |   14.542 |   14.533 |   14.545 ||   -0.04   -0.15   +0.01   +0.69  -48.49  -48.50  -48.35  -48.55  -48.51  -48.54  -48.49
E    |   30.335 |   30.449 |   30.388 |   30.255 |   30.375 |   18.187 |   17.724 |   18.576 |   18.676 |   18.636 |   18.672 |   18.379 ||   +0.38   +0.17   -0.26   +0.13  -40.05  -41.57  -38.76  -38.43  -38.57  -38.45  -39.41
F    |   32.535 |   32.456 |   32.505 |   32.770 |   32.527 |   27.876 |   27.792 |   27.805 |   27.805 |   27.610 |   27.595 |   28.037 ||   -0.24   -0.09   +0.72   -0.02  -14.32  -14.58  -14.54  -14.54  -15.14  -15.18  -13.83
R1   |   32.714 |   32.685 |   32.727 |   33.146 |   32.796 |   33.155 |   28.132 |   28.270 |   28.034 |   33.099 |   33.090 |   33.244 ||   -0.09   +0.04   +1.32   +0.25   +1.35  -14.01  -13.58  -14.31   +1.18   +1.15   +1.62
R2   |   31.635 |   32.709 |   32.844 |   33.329 |   32.865 |   33.288 |   29.540 |   30.009 |   26.925 |   30.584 |   30.594 |   30.944 ||   +3.40   +3.82   +5.35   +3.89   +5.23   -6.62   -5.14  -14.89   -3.32   -3.29   -2.19
R3   |   31.298 |   31.297 |   31.324 |   31.270 |   31.537 |   31.272 |   29.154 |   29.019 |   27.047 |   29.792 |   29.809 |   30.509 ||   -0.00   +0.08   -0.09   +0.76   -0.08   -6.85   -7.28  -13.58   -4.81   -4.76   -2.52
R4   |   31.057 |   31.098 |   31.045 |   31.066 |   31.258 |   31.022 |   29.224 |   29.129 |   27.094 |   29.361 |   29.340 |   30.010 ||   +0.13   -0.04   +0.03   +0.65   -0.11   -5.90   -6.21  -12.76   -5.46   -5.53   -3.37
R6   |   30.776 |   30.776 |   30.742 |   30.705 |   30.924 |   30.682 |   29.603 |   29.479 |   27.211 |   28.631 |   28.664 |   28.937 ||   +0.00   -0.11   -0.23   +0.48   -0.31   -3.81   -4.22  -11.58   -6.97   -6.86   -5.98
=== process order1.2
mix  |     base |   baseAA |   baseAB |     dsp0 |   dsp0AA |       t4 |       t5 |       t7 |       t8 |     t4p8 |   t4p8AA |    t4p8b ||  baseAA%  baseAB%    dsp0%  dsp0AA%      t4%      t5%      t7%      t8%    t4p8%  t4p8AA%   t4p8b%
A    |   33.074 |   33.145 |   33.218 |   33.014 |   33.122 |   29.021 |   27.843 |   26.796 |   27.153 |   28.988 |   28.987 |   28.986 ||   +0.22   +0.44   -0.18   +0.15  -12.25  -15.81  -18.98  -17.90  -12.35  -12.36  -12.36
B    |   70.403 |   70.705 |   70.670 |   70.261 |   70.464 |   67.436 |   66.704 |   67.107 |   67.634 |   67.538 |   67.579 |   68.198 ||   +0.43   +0.38   -0.20   +0.09   -4.21   -5.25   -4.68   -3.93   -4.07   -4.01   -3.13
C    |   46.850 |   46.960 |   46.901 |   46.885 |   46.760 |   44.278 |   43.972 |   44.043 |   44.924 |   44.212 |   44.288 |   45.297 ||   +0.23   +0.11   +0.07   -0.19   -5.49   -6.14   -5.99   -4.11   -5.63   -5.47   -3.31
D    |   28.209 |   28.158 |   28.178 |   28.282 |   28.347 |   14.546 |   14.523 |   14.577 |   14.535 |   14.563 |   14.546 |   14.547 ||   -0.18   -0.11   +0.26   +0.49  -48.43  -48.52  -48.32  -48.47  -48.37  -48.43  -48.43
E    |   30.351 |   30.443 |   30.412 |   30.212 |   30.371 |   18.184 |   17.780 |   18.637 |   18.666 |   18.603 |   18.635 |   18.392 ||   +0.30   +0.20   -0.46   +0.07  -40.09  -41.42  -38.59  -38.50  -38.71  -38.60  -39.40
F    |   32.414 |   32.355 |   32.447 |   32.722 |   32.458 |   27.864 |   27.667 |   27.796 |   27.739 |   27.585 |   27.552 |   27.958 ||   -0.18   +0.10   +0.95   +0.14  -14.04  -14.64  -14.25  -14.42  -14.90  -15.00  -13.75
R1   |   32.607 |   32.672 |   32.600 |   32.946 |   32.692 |   32.979 |   28.099 |   28.268 |   28.039 |   33.001 |   33.037 |   33.184 ||   +0.20   -0.02   +1.04   +0.26   +1.14  -13.83  -13.31  -14.01   +1.21   +1.32   +1.77
R2   |   31.819 |   32.616 |   32.590 |   33.094 |   32.710 |   33.096 |   29.417 |   29.798 |   26.913 |   30.556 |   30.539 |   31.163 ||   +2.50   +2.42   +4.01   +2.80   +4.01   -7.55   -6.35  -15.42   -3.97   -4.03   -2.06
R3   |   31.322 |   31.343 |   31.311 |   31.307 |   32.229 |   33.151 |   30.251 |   30.579 |   27.046 |   29.830 |   29.870 |   30.416 ||   +0.07   -0.04   -0.05   +2.90   +5.84   -3.42   -2.37  -13.65   -4.76   -4.64   -2.89
R4   |   31.055 |   31.090 |   31.117 |   31.056 |   31.282 |   31.050 |   29.233 |   29.187 |   27.110 |   29.398 |   29.401 |   29.819 ||   +0.11   +0.20   +0.00   +0.73   -0.02   -5.87   -6.02  -12.70   -5.33   -5.33   -3.98
R6   |   30.818 |   30.769 |   30.812 |   30.703 |   30.885 |   30.674 |   29.588 |   29.482 |   27.229 |   28.630 |   28.647 |   29.055 ||   -0.16   -0.02   -0.37   +0.22   -0.47   -3.99   -4.33  -11.65   -7.10   -7.04   -5.72
=== process order1.3
mix  |     base |   baseAA |   baseAB |     dsp0 |   dsp0AA |       t4 |       t5 |       t7 |       t8 |     t4p8 |   t4p8AA |    t4p8b ||  baseAA%  baseAB%    dsp0%  dsp0AA%      t4%      t5%      t7%      t8%    t4p8%  t4p8AA%   t4p8b%
A    |   32.940 |   33.180 |   33.201 |   33.067 |   33.013 |   29.039 |   27.936 |   26.824 |   27.127 |   28.983 |   29.089 |   28.972 ||   +0.73   +0.79   +0.39   +0.22  -11.84  -15.19  -18.57  -17.65  -12.01  -11.69  -12.05
B    |   70.449 |   70.770 |   70.861 |   70.177 |   70.412 |   67.211 |   66.576 |   67.209 |   67.762 |   67.619 |   67.625 |   68.240 ||   +0.46   +0.59   -0.39   -0.05   -4.60   -5.50   -4.60   -3.81   -4.02   -4.01   -3.14
C    |   46.985 |   46.976 |   46.943 |   46.944 |   46.780 |   44.321 |   44.042 |   44.189 |   44.990 |   44.311 |   44.341 |   45.298 ||   -0.02   -0.09   -0.09   -0.44   -5.67   -6.26   -5.95   -4.25   -5.69   -5.63   -3.59
D    |   28.223 |   28.189 |   28.196 |   28.345 |   28.332 |   14.552 |   14.537 |   14.558 |   14.524 |   14.528 |   14.546 |   14.555 ||   -0.12   -0.10   +0.43   +0.39  -48.44  -48.49  -48.42  -48.54  -48.52  -48.46  -48.43
E    |   30.374 |   30.485 |   30.362 |   30.265 |   30.353 |   18.202 |   17.744 |   18.663 |   18.638 |   18.647 |   18.627 |   18.464 ||   +0.36   -0.04   -0.36   -0.07  -40.08  -41.58  -38.55  -38.64  -38.61  -38.67  -39.21
F    |   32.497 |   32.398 |   32.455 |   32.750 |   32.538 |   27.866 |   27.783 |   27.845 |   27.770 |   27.596 |   27.566 |   28.076 ||   -0.31   -0.13   +0.78   +0.13  -14.25  -14.51  -14.31  -14.55  -15.08  -15.17  -13.61
R1   |   32.691 |   32.727 |   32.695 |   33.107 |   32.698 |   33.165 |   28.086 |   28.328 |   28.015 |   33.067 |   33.081 |   33.128 ||   +0.11   +0.01   +1.27   +0.02   +1.45  -14.09  -13.34  -14.30   +1.15   +1.19   +1.34
R2   |   32.148 |   32.486 |   32.691 |   33.360 |   32.894 |   33.253 |   29.495 |   29.949 |   26.893 |   30.547 |   30.637 |   31.317 ||   +1.05   +1.69   +3.77   +2.32   +3.44   -8.25   -6.84  -16.35   -4.98   -4.70   -2.59
R3   |   31.328 |   31.305 |   31.321 |   31.296 |   31.521 |   31.337 |   29.102 |   29.435 |   27.039 |   29.837 |   29.828 |   30.223 ||   -0.07   -0.02   -0.10   +0.62   +0.03   -7.10   -6.04  -13.69   -4.76   -4.79   -3.53
R4   |   31.122 |   31.085 |   31.070 |   31.050 |   31.268 |   31.028 |   29.222 |   29.160 |   27.109 |   29.360 |   29.323 |   30.024 ||   -0.12   -0.17   -0.23   +0.47   -0.30   -6.10   -6.30  -12.89   -5.66   -5.78   -3.53
R6   |   30.814 |   30.752 |   30.804 |   30.712 |   30.930 |   30.680 |   29.554 |   29.465 |   27.232 |   28.611 |   28.650 |   29.075 ||   -0.20   -0.03   -0.33   +0.38   -0.43   -4.09   -4.38  -11.62   -7.15   -7.02   -5.64
=== process order2.1
mix  |     base |    t4p8b |   t4p8AA |     t4p8 |       t8 |       t7 |       t5 |       t4 |   dsp0AA |     dsp0 |   baseAB |   baseAA ||   t4p8b%  t4p8AA%    t4p8%      t8%      t7%      t5%      t4%  dsp0AA%    dsp0%  baseAB%  baseAA%
A    |   33.039 |   28.702 |   28.834 |   29.357 |   27.101 |   26.722 |   27.760 |   28.652 |   32.987 |   33.059 |   33.207 |   33.058 ||  -13.13  -12.73  -11.15  -17.97  -19.12  -15.98  -13.28   -0.16   +0.06   +0.51   +0.06
B    |   70.522 |   67.575 |   67.705 |   67.919 |   67.378 |   66.823 |   66.631 |   67.140 |   70.251 |   70.478 |   70.778 |   70.285 ||   -4.18   -3.99   -3.69   -4.46   -5.25   -5.52   -4.80   -0.38   -0.06   +0.36   -0.34
C    |   46.748 |   44.661 |   44.112 |   44.418 |   44.918 |   44.312 |   43.834 |   44.372 |   46.894 |   46.796 |   46.766 |   46.794 ||   -4.47   -5.64   -4.98   -3.91   -5.21   -6.23   -5.08   +0.31   +0.10   +0.04   +0.10
D    |   28.084 |   14.538 |   14.537 |   14.545 |   14.523 |   14.521 |   14.606 |   14.506 |   28.239 |   28.411 |   28.088 |   28.201 ||  -48.23  -48.24  -48.21  -48.29  -48.29  -47.99  -48.35   +0.55   +1.16   +0.01   +0.42
E    |   30.350 |   18.390 |   18.465 |   18.532 |   18.629 |   18.779 |   17.715 |   18.384 |   30.224 |   30.456 |   30.465 |   30.359 ||  -39.41  -39.16  -38.94  -38.62  -38.13  -41.63  -39.43   -0.42   +0.35   +0.38   +0.03
F    |   32.409 |   27.954 |   27.509 |   27.609 |   27.763 |   27.881 |   27.556 |   27.764 |   32.472 |   32.416 |   32.628 |   32.379 ||  -13.74  -15.12  -14.81  -14.34  -13.97  -14.97  -14.33   +0.20   +0.02   +0.68   -0.09
R1   |   32.609 |   33.035 |   32.940 |   33.013 |   27.935 |   28.189 |   28.111 |   32.660 |   32.866 |   32.642 |   32.729 |   32.536 ||   +1.31   +1.01   +1.24  -14.33  -13.55  -13.79   +0.16   +0.79   +0.10   +0.37   -0.22
R2   |   32.544 |   30.743 |   30.581 |   31.196 |   26.943 |   29.356 |   29.726 |   32.495 |   32.987 |   32.627 |   32.285 |   32.580 ||   -5.53   -6.03   -4.14  -17.21   -9.80   -8.66   -0.15   +1.36   +0.25   -0.80   +0.11
R3   |   32.570 |   29.962 |   29.820 |   30.192 |   27.055 |   29.135 |   28.997 |   32.528 |   33.120 |   32.654 |   32.106 |   32.552 ||   -8.01   -8.44   -7.30  -16.93  -10.55  -10.97   -0.13   +1.69   +0.26   -1.43   -0.05
R4   |   32.564 |   29.445 |   29.375 |   29.755 |   27.150 |   29.343 |   29.216 |   31.296 |   31.239 |   31.280 |   31.914 |   32.657 ||   -9.58   -9.79   -8.63  -16.63   -9.89  -10.28   -3.89   -4.07   -3.94   -2.00   +0.29
R6   |   30.837 |   28.742 |   28.609 |   28.924 |   27.247 |   29.662 |   29.434 |   30.905 |   30.684 |   30.839 |   30.938 |   30.859 ||   -6.79   -7.23   -6.20  -11.64   -3.81   -4.55   +0.22   -0.50   +0.01   +0.33   +0.07
=== process order2.2
mix  |     base |    t4p8b |   t4p8AA |     t4p8 |       t8 |       t7 |       t5 |       t4 |   dsp0AA |     dsp0 |   baseAB |   baseAA ||   t4p8b%  t4p8AA%    t4p8%      t8%      t7%      t5%      t4%  dsp0AA%    dsp0%  baseAB%  baseAA%
A    |   33.135 |   28.719 |   28.792 |   29.360 |   27.175 |   26.743 |   27.628 |   28.721 |   32.971 |   33.106 |   33.264 |   33.132 ||  -13.33  -13.11  -11.39  -17.99  -19.29  -16.62  -13.32   -0.49   -0.09   +0.39   -0.01
B    |   70.656 |   67.495 |   67.714 |   68.039 |   67.220 |   66.726 |   66.349 |   66.993 |   70.236 |   70.470 |   70.765 |   70.500 ||   -4.47   -4.16   -3.70   -4.86   -5.56   -6.10   -5.18   -0.59   -0.26   +0.15   -0.22
C    |   46.890 |   44.768 |   44.213 |   44.389 |   44.891 |   44.320 |   43.907 |   44.374 |   46.917 |   46.757 |   46.856 |   46.843 ||   -4.53   -5.71   -5.33   -4.26   -5.48   -6.36   -5.37   +0.06   -0.28   -0.07   -0.10
D    |   28.211 |   14.544 |   14.554 |   14.537 |   14.550 |   14.514 |   14.590 |   14.505 |   28.389 |   28.433 |   28.225 |   28.225 ||  -48.45  -48.41  -48.47  -48.43  -48.55  -48.28  -48.58   +0.63   +0.78   +0.05   +0.05
E    |   30.360 |   18.416 |   18.536 |   18.494 |   18.612 |   18.773 |   17.695 |   18.434 |   30.196 |   30.411 |   30.437 |   30.396 ||  -39.34  -38.95  -39.08  -38.70  -38.16  -41.72  -39.28   -0.54   +0.17   +0.25   +0.12
F    |   32.527 |   27.924 |   27.514 |   27.553 |   27.739 |   27.962 |   27.665 |   27.850 |   32.747 |   32.554 |   32.646 |   32.460 ||  -14.15  -15.41  -15.29  -14.72  -14.03  -14.95  -14.38   +0.68   +0.08   +0.37   -0.20
R1   |   32.691 |   32.902 |   32.971 |   33.063 |   28.003 |   28.168 |   28.153 |   32.722 |   33.103 |   32.763 |   32.709 |   32.663 ||   +0.65   +0.86   +1.14  -14.34  -13.84  -13.88   +0.10   +1.26   +0.22   +0.06   -0.09
R2   |   32.794 |   30.738 |   30.557 |   31.013 |   26.914 |   28.755 |   28.609 |   32.756 |   33.248 |   32.798 |   32.313 |   32.775 ||   -6.27   -6.82   -5.43  -17.93  -12.32  -12.76   -0.12   +1.38   +0.01   -1.47   -0.06
R3   |   32.839 |   29.947 |   29.809 |   30.218 |   27.046 |   29.084 |   28.882 |   31.512 |   31.296 |   31.596 |   31.595 |   32.456 ||   -8.81   -9.22   -7.98  -17.64  -11.43  -12.05   -4.04   -4.70   -3.78   -3.79   -1.17
R4   |   31.531 |   29.511 |   29.380 |   29.756 |   27.099 |   29.270 |   29.079 |   31.286 |   31.068 |   31.254 |   31.302 |   31.135 ||   -6.41   -6.82   -5.63  -14.06   -7.17   -7.78   -0.78   -1.47   -0.88   -0.73   -1.26
R6   |   30.817 |   28.726 |   28.596 |   28.853 |   27.230 |   29.657 |   29.450 |   30.945 |   30.701 |   30.865 |   30.815 |   30.833 ||   -6.79   -7.21   -6.37  -11.64   -3.76   -4.44   +0.41   -0.38   +0.16   -0.01   +0.05
=== process order2.3
mix  |     base |    t4p8b |   t4p8AA |     t4p8 |       t8 |       t7 |       t5 |       t4 |   dsp0AA |     dsp0 |   baseAB |   baseAA ||   t4p8b%  t4p8AA%    t4p8%      t8%      t7%      t5%      t4%  dsp0AA%    dsp0%  baseAB%  baseAA%
A    |   33.144 |   28.720 |   28.741 |   29.354 |   27.057 |   26.745 |   27.740 |   28.779 |   32.982 |   33.080 |   33.256 |   33.051 ||  -13.35  -13.28  -11.43  -18.36  -19.31  -16.30  -13.17   -0.49   -0.19   +0.34   -0.28
B    |   70.695 |   67.525 |   67.690 |   67.823 |   67.353 |   66.871 |   66.516 |   67.196 |   70.189 |   70.385 |   70.675 |   70.384 ||   -4.48   -4.25   -4.06   -4.73   -5.41   -5.91   -4.95   -0.72   -0.44   -0.03   -0.44
C    |   46.923 |   44.750 |   44.259 |   44.515 |   44.920 |   44.334 |   43.923 |   44.424 |   46.964 |   46.817 |   46.883 |   46.840 ||   -4.63   -5.68   -5.13   -4.27   -5.52   -6.39   -5.32   +0.09   -0.22   -0.09   -0.18
D    |   28.223 |   14.518 |   14.556 |   14.547 |   14.513 |   14.516 |   14.617 |   14.494 |   28.319 |   28.446 |   28.195 |   28.168 ||  -48.56  -48.43  -48.46  -48.58  -48.57  -48.21  -48.65   +0.34   +0.79   -0.10   -0.20
E    |   30.398 |   18.453 |   18.527 |   18.484 |   18.655 |   18.783 |   17.770 |   18.388 |   30.242 |   30.361 |   30.415 |   30.380 ||  -39.30  -39.05  -39.19  -38.63  -38.21  -41.54  -39.51   -0.51   -0.12   +0.06   -0.06
F    |   32.544 |   28.008 |   27.548 |   27.590 |   27.829 |   27.904 |   27.637 |   27.786 |   32.844 |   32.574 |   32.661 |   32.525 ||  -13.94  -15.35  -15.22  -14.49  -14.26  -15.08  -14.62   +0.92   +0.09   +0.36   -0.06
R1   |   32.698 |   33.104 |   33.089 |   33.180 |   28.115 |   28.237 |   28.102 |   32.784 |   33.102 |   32.743 |   32.840 |   32.687 ||   +1.24   +1.20   +1.47  -14.01  -13.64  -14.06   +0.26   +1.23   +0.14   +0.44   -0.03
R2   |   32.852 |   30.679 |   30.592 |   31.015 |   26.950 |   28.799 |   28.756 |   32.759 |   33.382 |   32.704 |   32.305 |   32.822 ||   -6.61   -6.88   -5.59  -17.97  -12.34  -12.47   -0.28   +1.61   -0.45   -1.66   -0.09
R3   |   32.774 |   29.942 |   29.868 |   30.191 |   27.073 |   29.072 |   28.882 |   31.524 |   31.307 |   31.517 |   32.131 |   32.909 ||   -8.64   -8.87   -7.88  -17.40  -11.30  -11.88   -3.82   -4.48   -3.84   -1.96   +0.41
R4   |   31.615 |   29.529 |   29.396 |   29.818 |   27.121 |   29.276 |   29.083 |   31.264 |   31.055 |   31.268 |   31.356 |   31.162 ||   -6.60   -7.02   -5.68  -14.22   -7.40   -8.01   -1.11   -1.77   -1.10   -0.82   -1.43
R6   |   30.810 |   28.749 |   28.630 |   28.921 |   27.239 |   29.641 |   29.428 |   30.923 |   30.705 |   30.926 |   30.812 |   30.839 ||   -6.69   -7.07   -6.13  -11.59   -3.79   -4.49   +0.37   -0.34   +0.38   +0.01   +0.10
=== process order3.1
mix  |     base |       t5 |     t4p8 |   baseAA |       t8 |     dsp0 |    t4p8b |       t4 |   dsp0AA |   baseAB |       t7 |   t4p8AA ||      t5%    t4p8%  baseAA%      t8%    dsp0%   t4p8b%      t4%  dsp0AA%  baseAB%      t7%  t4p8AA%
A    |   33.178 |   27.772 |   28.795 |   33.302 |   26.979 |   33.150 |   29.046 |   28.940 |   33.151 |   33.146 |   26.541 |   28.846 ||  -16.30  -13.21   +0.37  -18.68   -0.08  -12.45  -12.77   -0.08   -0.10  -20.00  -13.06
B    |   70.819 |   66.555 |   67.895 |   70.847 |   67.431 |   70.237 |   68.121 |   67.163 |   70.443 |   70.791 |   67.070 |   67.694 ||   -6.02   -4.13   +0.04   -4.78   -0.82   -3.81   -5.16   -0.53   -0.04   -5.29   -4.41
C    |   47.473 |   44.516 |   44.935 |   47.490 |   45.170 |   47.718 |   45.703 |   44.480 |   47.691 |   47.704 |   44.705 |   44.651 ||   -6.23   -5.34   +0.04   -4.85   +0.52   -3.73   -6.30   +0.46   +0.49   -5.83   -5.94
D    |   28.611 |   14.586 |   14.591 |   28.636 |   14.585 |   28.563 |   14.551 |   14.553 |   28.602 |   28.649 |   14.518 |   14.526 ||  -49.02  -49.00   +0.09  -49.02   -0.17  -49.14  -49.14   -0.03   +0.13  -49.26  -49.23
E    |   30.593 |   17.806 |   18.488 |   30.569 |   18.433 |   30.556 |   18.210 |   18.369 |   30.690 |   30.683 |   18.581 |   18.139 ||  -41.80  -39.57   -0.08  -39.75   -0.12  -40.48  -39.96   +0.32   +0.30  -39.26  -40.71
F    |   32.976 |   27.977 |   26.558 |   32.938 |   26.489 |   32.903 |   26.879 |   28.105 |   32.989 |   32.974 |   28.274 |   26.629 ||  -15.16  -19.46   -0.12  -19.67   -0.22  -18.49  -14.77   +0.04   -0.01  -14.26  -19.25
R1   |   33.262 |   28.486 |   31.761 |   32.394 |   26.676 |   32.326 |   32.061 |   32.322 |   33.300 |   33.028 |   28.493 |   31.770 ||  -14.36   -4.51   -2.61  -19.80   -2.81   -3.61   -2.83   +0.11   -0.70  -14.34   -4.49
R2   |   31.711 |   28.770 |   30.814 |   31.674 |   27.011 |   31.665 |   30.981 |   31.586 |   31.849 |   31.704 |   29.035 |   30.812 ||   -9.27   -2.83   -0.12  -14.82   -0.14   -2.30   -0.39   +0.44   -0.02   -8.44   -2.83
R3   |   31.463 |   29.100 |   30.023 |   31.414 |   27.150 |   31.355 |   30.231 |   31.339 |   31.580 |   31.383 |   29.320 |   30.129 ||   -7.51   -4.58   -0.16  -13.71   -0.35   -3.92   -0.39   +0.37   -0.26   -6.81   -4.24
R4   |   31.290 |   29.313 |   29.624 |   31.246 |   27.275 |   31.177 |   29.803 |   31.162 |   31.400 |   31.266 |   29.558 |   29.735 ||   -6.32   -5.33   -0.14  -12.83   -0.36   -4.75   -0.41   +0.35   -0.08   -5.54   -4.97
R6   |   31.011 |   29.699 |   28.899 |   31.003 |   27.380 |   30.936 |   29.008 |   30.894 |   31.144 |   31.009 |   29.911 |   28.946 ||   -4.23   -6.81   -0.03  -11.71   -0.24   -6.46   -0.38   +0.43   -0.01   -3.55   -6.66
=== process order3.2
mix  |     base |       t5 |     t4p8 |   baseAA |       t8 |     dsp0 |    t4p8b |       t4 |   dsp0AA |   baseAB |       t7 |   t4p8AA ||      t5%    t4p8%  baseAA%      t8%    dsp0%   t4p8b%      t4%  dsp0AA%  baseAB%      t7%  t4p8AA%
A    |   33.021 |   27.747 |   28.864 |   33.138 |   26.943 |   33.056 |   28.955 |   28.821 |   33.051 |   33.107 |   26.531 |   28.678 ||  -15.97  -12.59   +0.35  -18.41   +0.10  -12.31  -12.72   +0.09   +0.26  -19.66  -13.15
B    |   70.659 |   66.382 |   67.805 |   70.625 |   67.391 |   70.303 |   68.057 |   67.067 |   70.496 |   70.797 |   66.879 |   67.600 ||   -6.05   -4.04   -0.05   -4.62   -0.50   -3.68   -5.08   -0.23   +0.20   -5.35   -4.33
C    |   46.777 |   43.878 |   44.177 |   46.821 |   44.801 |   46.978 |   45.176 |   44.291 |   46.964 |   46.934 |   44.183 |   44.361 ||   -6.20   -5.56   +0.09   -4.22   +0.43   -3.42   -5.31   +0.40   +0.34   -5.54   -5.16
D    |   28.156 |   14.574 |   14.573 |   28.161 |   14.547 |   28.200 |   14.552 |   14.549 |   28.411 |   28.129 |   14.508 |   14.525 ||  -48.24  -48.24   +0.02  -48.33   +0.16  -48.32  -48.33   +0.91   -0.10  -48.47  -48.41
E    |   30.367 |   17.798 |   18.494 |   30.327 |   18.496 |   30.254 |   18.244 |   18.343 |   30.386 |   30.428 |   18.608 |   18.210 ||  -41.39  -39.10   -0.13  -39.09   -0.37  -39.92  -39.59   +0.06   +0.20  -38.72  -40.03
F    |   32.439 |   27.535 |   27.547 |   32.401 |   27.707 |   32.650 |   28.009 |   27.831 |   32.442 |   32.358 |   27.861 |   27.566 ||  -15.12  -15.08   -0.12  -14.59   +0.65  -13.66  -14.20   +0.01   -0.25  -14.11  -15.02
R1   |   32.603 |   28.037 |   33.039 |   32.561 |   27.671 |   32.894 |   33.043 |   32.884 |   32.667 |   32.649 |   28.240 |   33.090 ||  -14.01   +1.34   -0.13  -15.13   +0.89   +1.35   +0.86   +0.20   +0.14  -13.38   +1.49
R2   |   32.545 |   29.707 |   30.561 |   32.034 |   26.877 |   31.716 |   30.873 |   31.703 |   32.581 |   32.336 |   29.386 |   30.644 ||   -8.72   -6.10   -1.57  -17.42   -2.55   -5.14   -2.59   +0.11   -0.64   -9.71   -5.84
R3   |   31.329 |   28.898 |   29.824 |   31.276 |   27.010 |   31.288 |   30.097 |   31.283 |   31.585 |   32.068 |   30.124 |   30.015 ||   -7.76   -4.80   -0.17  -13.79   -0.13   -3.93   -0.15   +0.82   +2.36   -3.85   -4.20
R4   |   31.123 |   29.114 |   29.393 |   31.052 |   27.102 |   31.050 |   29.719 |   31.025 |   31.253 |   31.118 |   29.439 |   29.610 ||   -6.46   -5.56   -0.23  -12.92   -0.23   -4.51   -0.31   +0.42   -0.02   -5.41   -4.86
R6   |   30.822 |   29.450 |   28.600 |   30.767 |   27.263 |   30.704 |   28.877 |   30.687 |   30.927 |   30.783 |   29.635 |   28.837 ||   -4.45   -7.21   -0.18  -11.54   -0.38   -6.31   -0.44   +0.34   -0.13   -3.85   -6.44
=== process order3.3
mix  |     base |       t5 |     t4p8 |   baseAA |       t8 |     dsp0 |    t4p8b |       t4 |   dsp0AA |   baseAB |       t7 |   t4p8AA ||      t5%    t4p8%  baseAA%      t8%    dsp0%   t4p8b%      t4%  dsp0AA%  baseAB%      t7%  t4p8AA%
A    |   33.000 |   27.762 |   28.864 |   33.195 |   26.937 |   32.942 |   28.909 |   28.851 |   33.058 |   33.169 |   26.559 |   28.738 ||  -15.87  -12.53   +0.59  -18.37   -0.17  -12.40  -12.57   +0.18   +0.51  -19.52  -12.92
B    |   70.677 |   66.416 |   67.778 |   70.186 |   67.301 |   70.214 |   67.879 |   67.167 |   70.468 |   70.704 |   66.928 |   67.516 ||   -6.03   -4.10   -0.70   -4.78   -0.66   -3.96   -4.97   -0.30   +0.04   -5.30   -4.47
C    |   46.963 |   43.867 |   44.302 |   46.856 |   44.807 |   47.009 |   45.229 |   44.419 |   46.986 |   46.920 |   44.238 |   44.422 ||   -6.59   -5.67   -0.23   -4.59   +0.10   -3.69   -5.42   +0.05   -0.09   -5.80   -5.41
D    |   28.151 |   14.584 |   14.561 |   28.161 |   14.562 |   28.413 |   14.537 |   14.550 |   28.493 |   28.249 |   14.525 |   14.526 ||  -48.19  -48.27   +0.04  -48.27   +0.93  -48.36  -48.31   +1.22   +0.35  -48.40  -48.40
E    |   30.345 |   17.776 |   18.527 |   30.318 |   18.438 |   30.254 |   18.173 |   18.398 |   30.405 |   30.419 |   18.612 |   18.152 ||  -41.42  -38.94   -0.09  -39.24   -0.30  -40.11  -39.37   +0.20   +0.24  -38.67  -40.18
F    |   32.499 |   27.624 |   27.586 |   32.478 |   27.677 |   32.809 |   27.990 |   27.815 |   32.584 |   32.440 |   27.914 |   27.607 ||  -15.00  -15.12   -0.06  -14.84   +0.95  -13.87  -14.41   +0.26   -0.18  -14.11  -15.05
R1   |   32.747 |   28.165 |   33.113 |   32.715 |   28.058 |   33.165 |   32.996 |   33.121 |   32.760 |   32.708 |   28.252 |   33.024 ||  -13.99   +1.12   -0.10  -14.32   +1.28   +0.76   +1.14   +0.04   -0.12  -13.73   +0.85
R2   |   31.832 |   28.864 |   30.582 |   31.651 |   26.834 |   31.647 |   30.831 |   31.629 |   32.052 |   32.414 |   29.578 |   30.615 ||   -9.32   -3.93   -0.57  -15.70   -0.58   -3.14   -0.64   +0.69   +1.83   -7.08   -3.82
R3   |   31.337 |   28.897 |   29.773 |   31.262 |   26.997 |   31.281 |   30.055 |   31.241 |   31.488 |   31.311 |   29.117 |   29.987 ||   -7.79   -4.99   -0.24  -13.85   -0.18   -4.09   -0.31   +0.48   -0.08   -7.08   -4.31
R4   |   31.120 |   29.098 |   29.346 |   31.049 |   27.085 |   31.035 |   29.677 |   31.036 |   31.245 |   31.098 |   29.276 |   29.539 ||   -6.50   -5.70   -0.23  -12.97   -0.28   -4.64   -0.27   +0.40   -0.07   -5.93   -5.08
R6   |   30.823 |   29.428 |   28.604 |   30.759 |   27.257 |   30.706 |   28.792 |   30.674 |   30.941 |   30.797 |   29.655 |   28.813 ||   -4.53   -7.20   -0.21  -11.57   -0.38   -6.59   -0.48   +0.38   -0.09   -3.79   -6.52
