=== process order1.1
SELFCHECK OK (256 whole-block lengths 1..256 blk x 12 variants; out/Xi/ivec/ret byte-identical)
bytes  blks  |     base |   baseAA |   baseAB |     dsp0 |   dsp0AA |       t4 |       t5 |       t7 |       t8 |     t4p8 |   t4p8AA |    t4p8b ||  baseAA%  baseAB%    dsp0%  dsp0AA%      t4%      t5%      t7%      t8%    t4p8%  t4p8AA%   t4p8b%
16     1     |   19.621 |   19.618 |   19.620 |   19.626 |   19.623 |   10.534 |   10.547 |   10.548 |   10.539 |   10.543 |   10.540 |   10.549 ||   -0.02   -0.01   +0.02   +0.01  -46.31  -46.25  -46.24  -46.29  -46.27  -46.28  -46.24
       med   |   19.643 |   19.643 |   19.641 |   19.646 |   19.643 |   10.545 |   10.560 |   10.559 |   10.549 |   10.554 |   10.556 |   10.565
32     2     |   19.642 |   19.646 |   19.645 |   19.653 |   19.656 |   11.308 |   11.363 |   11.388 |   11.361 |   11.311 |   11.311 |   11.349 ||   +0.02   +0.01   +0.06   +0.07  -42.43  -42.15  -42.02  -42.16  -42.41  -42.41  -42.22
       med   |   19.661 |   19.663 |   19.661 |   19.671 |   19.670 |   11.317 |   11.372 |   11.397 |   11.375 |   11.319 |   11.319 |   11.396
48     3     |   20.359 |   20.358 |   20.354 |   20.361 |   20.362 |   11.248 |   11.189 |   11.185 |   11.218 |   11.215 |   11.216 |   11.254 ||   -0.00   -0.02   +0.01   +0.02  -44.75  -45.04  -45.06  -44.90  -44.91  -44.91  -44.72
       med   |   20.377 |   20.378 |   20.377 |   20.382 |   20.382 |   11.259 |   11.255 |   11.290 |   11.225 |   11.237 |   11.237 |   11.275
64     4     |   20.952 |   20.949 |   20.948 |   20.957 |   20.945 |   12.155 |   12.165 |   12.157 |   12.153 |   12.152 |   12.151 |   12.153 ||   -0.02   -0.02   +0.02   -0.04  -41.99  -41.94  -41.98  -42.00  -42.00  -42.01  -42.00
       med   |   20.974 |   20.973 |   20.974 |   20.981 |   20.980 |   12.163 |   12.174 |   12.165 |   12.166 |   12.161 |   12.161 |   12.164
80     5     |   21.600 |   21.601 |   21.600 |   21.607 |   21.610 |   21.614 |   13.661 |   13.601 |   13.600 |   21.602 |   21.608 |   21.602 ||   +0.00   -0.00   +0.03   +0.05   +0.07  -36.75  -37.03  -37.04   +0.01   +0.04   +0.01
       med   |   21.625 |   21.626 |   21.626 |   21.633 |   21.634 |   21.633 |   13.677 |   13.619 |   13.619 |   21.630 |   21.631 |   21.631
96     6     |   22.378 |   22.376 |   22.372 |   22.397 |   22.392 |   22.395 |   22.397 |   15.638 |   15.637 |   22.363 |   22.355 |   22.373 ||   -0.01   -0.02   +0.09   +0.06   +0.08   +0.09  -30.12  -30.12   -0.07   -0.10   -0.02
       med   |   22.407 |   22.405 |   22.408 |   22.429 |   22.427 |   22.427 |   22.427 |   15.662 |   15.661 |   22.403 |   22.404 |   22.426
112    7     |   22.832 |   22.839 |   22.842 |   22.752 |   22.864 |   22.747 |   22.849 |   17.525 |   17.532 |   22.837 |   22.835 |   22.841 ||   +0.03   +0.04   -0.35   +0.14   -0.37   +0.07  -23.25  -23.21   +0.02   +0.01   +0.04
       med   |   22.872 |   22.880 |   22.870 |   22.781 |   22.897 |   22.783 |   22.898 |   17.561 |   17.581 |   22.870 |   22.869 |   22.883
128    8     |   21.456 |   21.454 |   21.453 |   21.453 |   21.457 |   21.460 |   21.461 |   21.459 |   19.737 |   19.610 |   19.607 |   19.571 ||   -0.01   -0.01   -0.01   +0.01   +0.02   +0.03   +0.01   -8.01   -8.60   -8.62   -8.78
       med   |   21.479 |   21.478 |   21.480 |   21.486 |   21.485 |   21.485 |   21.486 |   21.485 |   19.744 |   19.623 |   19.622 |   19.592
256    16    |   38.169 |   38.173 |   38.172 |   38.174 |   38.181 |   38.177 |   38.173 |   38.172 |   38.177 |   38.184 |   38.185 |   38.174 ||   +0.01   +0.01   +0.01   +0.03   +0.02   +0.01   +0.01   +0.02   +0.04   +0.04   +0.01
       med   |   38.207 |   38.210 |   38.205 |   38.209 |   38.209 |   38.211 |   38.210 |   38.211 |   38.211 |   38.216 |   38.216 |   38.210
512    32    |   71.098 |   71.107 |   71.111 |   71.125 |   71.121 |   71.124 |   71.116 |   71.123 |   71.108 |   71.142 |   71.139 |   71.121 ||   +0.01   +0.02   +0.04   +0.03   +0.04   +0.03   +0.03   +0.01   +0.06   +0.06   +0.03
       med   |   71.145 |   71.154 |   71.144 |   71.163 |   71.163 |   71.175 |   71.163 |   71.164 |   71.165 |   71.190 |   71.185 |   71.162
1024   64    |  138.495 |  138.498 |  138.505 |  138.499 |  138.527 |  138.497 |  138.502 |  138.502 |  138.495 |  138.497 |  138.506 |  138.514 ||   +0.00   +0.01   +0.00   +0.02   +0.00   +0.00   +0.01   +0.00   +0.00   +0.01   +0.01
       med   |  138.531 |  138.540 |  138.532 |  138.552 |  138.554 |  138.593 |  138.552 |  138.557 |  138.555 |  138.592 |  138.601 |  138.547
4096   256   |  546.814 |  546.817 |  546.841 |  546.833 |  546.827 |  546.852 |  546.836 |  546.827 |  546.853 |  546.874 |  546.817 |  546.836 ||   +0.00   +0.01   +0.00   +0.00   +0.01   +0.00   +0.00   +0.01   +0.01   +0.00   +0.00
       med   |  547.111 |  547.115 |  547.116 |  547.134 |  547.129 |  547.141 |  547.116 |  547.109 |  547.137 |  547.164 |  547.141 |  547.112
=== process order1.2
SELFCHECK OK (256 whole-block lengths 1..256 blk x 12 variants; out/Xi/ivec/ret byte-identical)
bytes  blks  |     base |   baseAA |   baseAB |     dsp0 |   dsp0AA |       t4 |       t5 |       t7 |       t8 |     t4p8 |   t4p8AA |    t4p8b ||  baseAA%  baseAB%    dsp0%  dsp0AA%      t4%      t5%      t7%      t8%    t4p8%  t4p8AA%   t4p8b%
16     1     |   19.623 |   19.617 |   19.622 |   19.623 |   19.624 |   10.534 |   10.547 |   10.548 |   10.538 |   10.540 |   10.542 |   10.549 ||   -0.03   -0.00   +0.00   +0.00  -46.32  -46.25  -46.24  -46.30  -46.29  -46.28  -46.24
       med   |   19.641 |   19.640 |   19.644 |   19.643 |   19.644 |   10.545 |   10.559 |   10.558 |   10.549 |   10.555 |   10.555 |   10.565
32     2     |   19.644 |   19.643 |   19.645 |   19.654 |   19.652 |   11.310 |   11.359 |   11.388 |   11.362 |   11.313 |   11.311 |   11.347 ||   -0.00   +0.01   +0.05   +0.04  -42.42  -42.17  -42.02  -42.16  -42.41  -42.42  -42.24
       med   |   19.660 |   19.661 |   19.661 |   19.671 |   19.672 |   11.317 |   11.371 |   11.396 |   11.373 |   11.319 |   11.319 |   11.395
48     3     |   20.358 |   20.357 |   20.351 |   20.360 |   20.362 |   11.247 |   11.192 |   11.187 |   11.217 |   11.212 |   11.216 |   11.255 ||   -0.00   -0.04   +0.01   +0.02  -44.76  -45.02  -45.05  -44.90  -44.93  -44.91  -44.71
       med   |   20.377 |   20.378 |   20.377 |   20.382 |   20.382 |   11.257 |   11.255 |   11.289 |   11.225 |   11.236 |   11.236 |   11.274
64     4     |   20.951 |   20.945 |   20.951 |   20.956 |   20.961 |   12.153 |   12.164 |   12.155 |   12.156 |   12.150 |   12.152 |   12.155 ||   -0.03   +0.00   +0.03   +0.05  -41.99  -41.94  -41.98  -41.98  -42.00  -42.00  -41.98
       med   |   20.973 |   20.973 |   20.974 |   20.981 |   20.980 |   12.164 |   12.175 |   12.166 |   12.165 |   12.162 |   12.162 |   12.164
80     5     |   21.604 |   21.599 |   21.601 |   21.612 |   21.609 |   21.615 |   13.655 |   13.599 |   13.601 |   21.604 |   21.604 |   21.601 ||   -0.02   -0.01   +0.04   +0.02   +0.05  -36.79  -37.05  -37.04   +0.00   +0.00   -0.01
       med   |   21.626 |   21.626 |   21.626 |   21.633 |   21.633 |   21.633 |   13.678 |   13.619 |   13.619 |   21.630 |   21.631 |   21.631
96     6     |   22.374 |   22.369 |   22.375 |   22.399 |   22.397 |   22.397 |   22.387 |   15.641 |   15.639 |   22.362 |   22.367 |   22.386 ||   -0.02   +0.00   +0.11   +0.11   +0.10   +0.06  -30.09  -30.10   -0.05   -0.03   +0.05
       med   |   22.406 |   22.406 |   22.405 |   22.427 |   22.427 |   22.428 |   22.429 |   15.662 |   15.663 |   22.402 |   22.403 |   22.419
112    7     |   22.837 |   22.833 |   22.830 |   22.757 |   22.853 |   22.745 |   22.864 |   17.528 |   17.532 |   22.841 |   22.837 |   22.846 ||   -0.02   -0.03   -0.35   +0.07   -0.40   +0.12  -23.25  -23.23   +0.02   +0.00   +0.04
       med   |   22.872 |   22.880 |   22.872 |   22.784 |   22.898 |   22.782 |   22.899 |   17.561 |   17.579 |   22.870 |   22.869 |   22.880
128    8     |   21.456 |   21.453 |   21.453 |   21.459 |   21.466 |   21.459 |   21.456 |   21.463 |   19.738 |   19.610 |   19.610 |   19.566 ||   -0.01   -0.02   +0.01   +0.04   +0.01   +0.00   +0.03   -8.01   -8.61   -8.61   -8.81
       med   |   21.481 |   21.478 |   21.479 |   21.485 |   21.485 |   21.485 |   21.485 |   21.486 |   19.746 |   19.622 |   19.623 |   19.592
256    16    |   38.175 |   38.169 |   38.170 |   38.157 |   38.160 |   38.182 |   38.171 |   38.177 |   38.170 |   38.178 |   38.181 |   38.178 ||   -0.02   -0.01   -0.05   -0.04   +0.02   -0.01   +0.01   -0.01   +0.01   +0.02   +0.01
       med   |   38.206 |   38.208 |   38.206 |   38.210 |   38.209 |   38.210 |   38.208 |   38.210 |   38.209 |   38.216 |   38.213 |   38.209
512    32    |   70.717 |   70.773 |   71.104 |   71.119 |   71.105 |   71.121 |   71.124 |   71.121 |   71.116 |   71.132 |   71.099 |   71.118 ||   +0.08   +0.55   +0.57   +0.55   +0.57   +0.58   +0.57   +0.56   +0.59   +0.54   +0.57
       med   |   71.142 |   71.150 |   71.146 |   71.158 |   71.159 |   71.173 |   71.160 |   71.157 |   71.161 |   71.183 |   71.183 |   71.159
1024   64    |  138.496 |  138.502 |  138.499 |  138.502 |  138.531 |  138.514 |  138.536 |  138.519 |  138.525 |  138.505 |  138.508 |  138.523 ||   +0.00   +0.00   +0.00   +0.03   +0.01   +0.03   +0.02   +0.02   +0.01   +0.01   +0.02
       med   |  138.537 |  138.549 |  138.539 |  138.568 |  138.560 |  138.586 |  138.565 |  138.567 |  138.571 |  138.595 |  138.590 |  138.571
4096   256   |  546.812 |  546.841 |  546.817 |  546.852 |  546.849 |  546.851 |  546.850 |  546.840 |  546.846 |  546.854 |  546.843 |  546.871 ||   +0.01   +0.00   +0.01   +0.01   +0.01   +0.01   +0.01   +0.01   +0.01   +0.01   +0.01
       med   |  547.023 |  547.000 |  546.986 |  546.999 |  547.010 |  547.062 |  547.005 |  547.021 |  547.006 |  547.034 |  547.042 |  547.064
=== process order1.3
SELFCHECK OK (256 whole-block lengths 1..256 blk x 12 variants; out/Xi/ivec/ret byte-identical)
bytes  blks  |     base |   baseAA |   baseAB |     dsp0 |   dsp0AA |       t4 |       t5 |       t7 |       t8 |     t4p8 |   t4p8AA |    t4p8b ||  baseAA%  baseAB%    dsp0%  dsp0AA%      t4%      t5%      t7%      t8%    t4p8%  t4p8AA%   t4p8b%
16     1     |   19.618 |   19.617 |   19.621 |   19.623 |   19.622 |   10.536 |   10.550 |   10.548 |   10.538 |   10.542 |   10.544 |   10.549 ||   -0.01   +0.01   +0.02   +0.02  -46.30  -46.22  -46.23  -46.28  -46.26  -46.25  -46.23
       med   |   19.642 |   19.640 |   19.641 |   19.644 |   19.642 |   10.545 |   10.559 |   10.559 |   10.548 |   10.555 |   10.556 |   10.565
32     2     |   19.646 |   19.646 |   19.645 |   19.653 |   19.654 |   11.310 |   11.363 |   11.391 |   11.360 |   11.311 |   11.313 |   11.348 ||   +0.00   -0.01   +0.03   +0.04  -42.43  -42.16  -42.02  -42.18  -42.43  -42.42  -42.24
       med   |   19.660 |   19.662 |   19.660 |   19.672 |   19.671 |   11.318 |   11.372 |   11.397 |   11.374 |   11.320 |   11.320 |   11.396
48     3     |   20.355 |   20.357 |   20.352 |   20.358 |   20.360 |   11.250 |   11.193 |   11.187 |   11.216 |   11.219 |   11.214 |   11.256 ||   +0.01   -0.02   +0.01   +0.02  -44.73  -45.01  -45.04  -44.90  -44.88  -44.91  -44.70
       med   |   20.376 |   20.378 |   20.376 |   20.382 |   20.382 |   11.258 |   11.255 |   11.290 |   11.225 |   11.238 |   11.237 |   11.275
64     4     |   20.948 |   20.950 |   20.947 |   20.955 |   20.957 |   12.152 |   12.166 |   12.155 |   12.154 |   12.152 |   12.151 |   12.154 ||   +0.01   -0.00   +0.03   +0.04  -41.99  -41.92  -41.97  -41.98  -41.99  -41.99  -41.98
       med   |   20.975 |   20.972 |   20.974 |   20.981 |   20.981 |   12.163 |   12.175 |   12.166 |   12.166 |   12.161 |   12.162 |   12.165
80     5     |   21.598 |   21.600 |   21.603 |   21.607 |   21.603 |   21.610 |   13.656 |   13.600 |   13.596 |   21.608 |   21.607 |   21.610 ||   +0.01   +0.02   +0.04   +0.02   +0.05  -36.77  -37.03  -37.05   +0.04   +0.04   +0.06
       med   |   21.625 |   21.627 |   21.626 |   21.634 |   21.634 |   21.634 |   13.678 |   13.619 |   13.619 |   21.632 |   21.631 |   21.632
96     6     |   22.380 |   22.375 |   22.378 |   22.393 |   22.395 |   22.396 |   22.395 |   15.643 |   15.644 |   22.367 |   22.371 |   22.374 ||   -0.02   -0.01   +0.06   +0.06   +0.07   +0.07  -30.10  -30.10   -0.06   -0.04   -0.03
       med   |   22.405 |   22.407 |   22.406 |   22.428 |   22.427 |   22.426 |   22.428 |   15.663 |   15.664 |   22.402 |   22.403 |   22.426
112    7     |   22.820 |   22.841 |   22.841 |   22.752 |   22.860 |   22.754 |   22.847 |   17.529 |   17.531 |   22.832 |   22.836 |   22.846 ||   +0.10   +0.09   -0.30   +0.18   -0.29   +0.12  -23.19  -23.18   +0.05   +0.07   +0.12
       med   |   22.872 |   22.879 |   22.871 |   22.782 |   22.898 |   22.782 |   22.897 |   17.562 |   17.578 |   22.870 |   22.869 |   22.882
128    8     |   21.450 |   21.452 |   21.451 |   21.454 |   21.458 |   21.458 |   21.458 |   21.458 |   19.737 |   19.610 |   19.607 |   19.567 ||   +0.01   +0.00   +0.02   +0.04   +0.04   +0.04   +0.04   -7.99   -8.58   -8.59   -8.78
       med   |   21.480 |   21.479 |   21.481 |   21.483 |   21.483 |   21.482 |   21.483 |   21.484 |   19.745 |   19.622 |   19.622 |   19.592
256    16    |   38.173 |   38.174 |   38.176 |   38.175 |   38.175 |   38.172 |   38.171 |   38.176 |   38.169 |   38.179 |   38.184 |   38.176 ||   +0.00   +0.01   +0.01   +0.01   -0.00   -0.00   +0.01   -0.01   +0.02   +0.03   +0.01
       med   |   38.204 |   38.207 |   38.206 |   38.211 |   38.209 |   38.211 |   38.209 |   38.211 |   38.211 |   38.217 |   38.216 |   38.209
512    32    |   71.098 |   71.110 |   71.109 |   71.127 |   71.118 |   71.120 |   71.118 |   71.120 |   71.121 |   71.132 |   71.143 |   71.111 ||   +0.02   +0.01   +0.04   +0.03   +0.03   +0.03   +0.03   +0.03   +0.05   +0.06   +0.02
       med   |   71.144 |   71.152 |   71.146 |   71.166 |   71.162 |   71.179 |   71.162 |   71.165 |   71.167 |   71.184 |   71.184 |   71.162
1024   64    |  138.492 |  138.495 |  138.492 |  138.501 |  138.511 |  138.501 |  138.498 |  138.505 |  138.522 |  138.547 |  138.533 |  138.491 ||   +0.00   -0.00   +0.01   +0.01   +0.01   +0.00   +0.01   +0.02   +0.04   +0.03   -0.00
       med   |  138.537 |  138.544 |  138.536 |  138.556 |  138.557 |  138.587 |  138.555 |  138.556 |  138.555 |  138.606 |  138.598 |  138.553
4096   256   |  546.838 |  546.847 |  546.850 |  546.854 |  546.858 |  546.855 |  546.885 |  546.856 |  546.857 |  546.882 |  546.890 |  546.863 ||   +0.00   +0.00   +0.00   +0.00   +0.00   +0.01   +0.00   +0.00   +0.01   +0.01   +0.00
       med   |  546.966 |  546.963 |  546.974 |  546.978 |  546.989 |  547.001 |  546.989 |  546.981 |  546.989 |  547.053 |  547.048 |  546.994
=== process order1.4
SELFCHECK OK (256 whole-block lengths 1..256 blk x 12 variants; out/Xi/ivec/ret byte-identical)
bytes  blks  |     base |   baseAA |   baseAB |     dsp0 |   dsp0AA |       t4 |       t5 |       t7 |       t8 |     t4p8 |   t4p8AA |    t4p8b ||  baseAA%  baseAB%    dsp0%  dsp0AA%      t4%      t5%      t7%      t8%    t4p8%  t4p8AA%   t4p8b%
16     1     |   19.616 |   19.617 |   19.622 |   19.624 |   19.620 |   10.535 |   10.549 |   10.549 |   10.533 |   10.543 |   10.542 |   10.549 ||   +0.01   +0.03   +0.04   +0.02  -46.29  -46.22  -46.22  -46.30  -46.25  -46.26  -46.22
       med   |   19.642 |   19.641 |   19.641 |   19.646 |   19.643 |   10.545 |   10.559 |   10.558 |   10.549 |   10.556 |   10.554 |   10.565
32     2     |   19.642 |   19.645 |   19.644 |   19.653 |   19.656 |   11.310 |   11.361 |   11.390 |   11.361 |   11.312 |   11.312 |   11.347 ||   +0.01   +0.01   +0.05   +0.07  -42.42  -42.16  -42.01  -42.16  -42.41  -42.41  -42.23
       med   |   19.660 |   19.662 |   19.660 |   19.671 |   19.671 |   11.317 |   11.373 |   11.397 |   11.374 |   11.319 |   11.319 |   11.395
48     3     |   20.355 |   20.356 |   20.353 |   20.360 |   20.362 |   11.248 |   11.192 |   11.188 |   11.214 |   11.217 |   11.211 |   11.255 ||   +0.00   -0.01   +0.02   +0.03  -44.74  -45.01  -45.03  -44.91  -44.89  -44.92  -44.70
       med   |   20.377 |   20.379 |   20.378 |   20.383 |   20.383 |   11.258 |   11.255 |   11.289 |   11.226 |   11.237 |   11.237 |   11.274
64     4     |   20.951 |   20.952 |   20.954 |   20.956 |   20.956 |   12.153 |   12.166 |   12.155 |   12.154 |   12.151 |   12.152 |   12.154 ||   +0.01   +0.02   +0.02   +0.03  -41.99  -41.93  -41.98  -41.99  -42.00  -42.00  -41.99
       med   |   20.976 |   20.972 |   20.974 |   20.982 |   20.981 |   12.164 |   12.175 |   12.166 |   12.165 |   12.161 |   12.161 |   12.164
80     5     |   21.600 |   21.601 |   21.604 |   21.610 |   21.607 |   21.602 |   13.661 |   13.604 |   13.599 |   21.604 |   21.610 |   21.600 ||   +0.00   +0.02   +0.05   +0.03   +0.01  -36.76  -37.02  -37.04   +0.02   +0.05   +0.00
       med   |   21.627 |   21.627 |   21.628 |   21.633 |   21.634 |   21.633 |   13.676 |   13.619 |   13.619 |   21.631 |   21.631 |   21.630
96     6     |   22.375 |   22.370 |   22.368 |   22.394 |   22.393 |   22.396 |   22.391 |   15.642 |   15.640 |   22.366 |   22.364 |   22.385 ||   -0.02   -0.03   +0.09   +0.08   +0.10   +0.07  -30.09  -30.10   -0.04   -0.05   +0.05
       med   |   22.406 |   22.406 |   22.406 |   22.428 |   22.428 |   22.429 |   22.428 |   15.665 |   15.665 |   22.405 |   22.404 |   22.425
112    7     |   22.833 |   22.842 |   22.837 |   22.746 |   22.856 |   22.758 |   22.862 |   17.526 |   17.529 |   22.839 |   22.836 |   22.849 ||   +0.04   +0.02   -0.38   +0.10   -0.33   +0.13  -23.24  -23.23   +0.02   +0.01   +0.07
       med   |   22.871 |   22.879 |   22.871 |   22.781 |   22.897 |   22.782 |   22.898 |   17.561 |   17.581 |   22.869 |   22.871 |   22.882
128    8     |   21.455 |   21.446 |   21.455 |   21.465 |   21.459 |   21.461 |   21.459 |   21.460 |   19.738 |   19.609 |   19.605 |   19.570 ||   -0.04   -0.00   +0.05   +0.02   +0.03   +0.02   +0.02   -8.00   -8.60   -8.63   -8.78
       med   |   21.479 |   21.478 |   21.479 |   21.485 |   21.484 |   21.485 |   21.485 |   21.485 |   19.744 |   19.623 |   19.623 |   19.592
256    16    |   38.169 |   38.165 |   38.162 |   38.176 |   38.168 |   38.169 |   38.178 |   38.174 |   38.171 |   38.168 |   38.178 |   38.177 ||   -0.01   -0.02   +0.02   -0.00   +0.00   +0.02   +0.01   +0.01   -0.00   +0.02   +0.02
       med   |   38.206 |   38.210 |   38.206 |   38.210 |   38.211 |   38.210 |   38.210 |   38.209 |   38.209 |   38.217 |   38.216 |   38.210
512    32    |   71.104 |   71.110 |   71.093 |   71.120 |   71.118 |   71.127 |   71.121 |   71.118 |   71.119 |   71.147 |   71.135 |   71.114 ||   +0.01   -0.01   +0.02   +0.02   +0.03   +0.03   +0.02   +0.02   +0.06   +0.04   +0.01
       med   |   71.145 |   71.151 |   71.145 |   71.164 |   71.162 |   71.171 |   71.163 |   71.163 |   71.167 |   71.186 |   71.188 |   71.162
1024   64    |  138.495 |  138.495 |  138.494 |  138.498 |  138.528 |  138.500 |  138.522 |  138.497 |  138.498 |  138.532 |  138.540 |  138.499 ||   +0.00   -0.00   +0.00   +0.02   +0.00   +0.02   +0.00   +0.00   +0.03   +0.03   +0.00
       med   |  138.541 |  138.542 |  138.542 |  138.559 |  138.558 |  138.567 |  138.554 |  138.558 |  138.554 |  138.596 |  138.597 |  138.553
4096   256   |  546.865 |  546.812 |  546.830 |  546.854 |  546.823 |  546.863 |  546.876 |  546.821 |  546.821 |  546.873 |  546.866 |  546.859 ||   -0.01   -0.01   -0.00   -0.01   -0.00   +0.00   -0.01   -0.01   +0.00   +0.00   -0.00
       med   |  546.977 |  546.967 |  546.962 |  546.984 |  546.999 |  547.019 |  547.016 |  546.999 |  546.994 |  547.033 |  547.061 |  546.989
=== process order1.5
SELFCHECK OK (256 whole-block lengths 1..256 blk x 12 variants; out/Xi/ivec/ret byte-identical)
bytes  blks  |     base |   baseAA |   baseAB |     dsp0 |   dsp0AA |       t4 |       t5 |       t7 |       t8 |     t4p8 |   t4p8AA |    t4p8b ||  baseAA%  baseAB%    dsp0%  dsp0AA%      t4%      t5%      t7%      t8%    t4p8%  t4p8AA%   t4p8b%
16     1     |   19.620 |   19.620 |   19.621 |   19.623 |   19.618 |   10.532 |   10.547 |   10.550 |   10.541 |   10.544 |   10.542 |   10.549 ||   -0.00   +0.01   +0.02   -0.01  -46.32  -46.24  -46.23  -46.28  -46.26  -46.27  -46.23
       med   |   19.644 |   19.641 |   19.642 |   19.648 |   19.643 |   10.545 |   10.559 |   10.559 |   10.550 |   10.556 |   10.555 |   10.566
32     2     |   19.643 |   19.645 |   19.642 |   19.652 |   19.656 |   11.310 |   11.361 |   11.387 |   11.364 |   11.311 |   11.312 |   11.346 ||   +0.01   -0.00   +0.05   +0.07  -42.42  -42.16  -42.03  -42.15  -42.42  -42.41  -42.24
       med   |   19.661 |   19.662 |   19.661 |   19.672 |   19.672 |   11.318 |   11.373 |   11.397 |   11.376 |   11.320 |   11.320 |   11.395
48     3     |   20.358 |   20.353 |   20.357 |   20.362 |   20.364 |   11.248 |   11.195 |   11.187 |   11.214 |   11.217 |   11.216 |   11.255 ||   -0.03   -0.01   +0.02   +0.03  -44.75  -45.01  -45.05  -44.91  -44.90  -44.91  -44.71
       med   |   20.377 |   20.379 |   20.377 |   20.385 |   20.383 |   11.258 |   11.254 |   11.289 |   11.225 |   11.237 |   11.237 |   11.275
64     4     |   20.950 |   20.951 |   20.949 |   20.963 |   20.959 |   12.152 |   12.165 |   12.156 |   12.157 |   12.151 |   12.149 |   12.154 ||   +0.00   -0.01   +0.06   +0.04  -41.99  -41.93  -41.98  -41.97  -42.00  -42.01  -41.98
       med   |   20.976 |   20.973 |   20.975 |   20.981 |   20.982 |   12.163 |   12.174 |   12.166 |   12.166 |   12.161 |   12.161 |   12.164
80     5     |   21.599 |   21.600 |   21.602 |   21.606 |   21.609 |   21.606 |   13.656 |   13.600 |   13.601 |   21.603 |   21.609 |   21.610 ||   +0.00   +0.01   +0.03   +0.04   +0.03  -36.78  -37.03  -37.03   +0.02   +0.05   +0.05
       med   |   21.626 |   21.626 |   21.627 |   21.632 |   21.634 |   21.634 |   13.676 |   13.619 |   13.619 |   21.629 |   21.631 |   21.631
96     6     |   22.374 |   22.374 |   22.369 |   22.398 |   22.401 |   22.393 |   22.398 |   15.639 |   15.642 |   22.360 |   22.366 |   22.381 ||   -0.00   -0.02   +0.11   +0.12   +0.09   +0.11  -30.10  -30.09   -0.06   -0.04   +0.03
       med   |   22.404 |   22.408 |   22.405 |   22.427 |   22.430 |   22.429 |   22.428 |   15.665 |   15.667 |   22.403 |   22.401 |   22.422
112    7     |   22.835 |   22.851 |   22.830 |   22.751 |   22.859 |   22.749 |   22.858 |   17.527 |   17.530 |   22.839 |   22.839 |   22.841 ||   +0.07   -0.02   -0.36   +0.11   -0.37   +0.10  -23.25  -23.23   +0.02   +0.02   +0.03
       med   |   22.872 |   22.880 |   22.871 |   22.781 |   22.897 |   22.782 |   22.900 |   17.560 |   17.580 |   22.871 |   22.872 |   22.883
128    8     |   21.454 |   21.450 |   21.454 |   21.458 |   21.461 |   21.457 |   21.461 |   21.460 |   19.737 |   19.610 |   19.610 |   19.568 ||   -0.02   -0.00   +0.02   +0.03   +0.01   +0.03   +0.03   -8.00   -8.60   -8.60   -8.79
       med   |   21.480 |   21.479 |   21.480 |   21.485 |   21.485 |   21.484 |   21.485 |   21.486 |   19.744 |   19.622 |   19.623 |   19.593
256    16    |   38.173 |   38.168 |   38.159 |   38.181 |   38.173 |   38.179 |   38.164 |   38.178 |   38.180 |   38.182 |   38.170 |   38.173 ||   -0.01   -0.04   +0.02   +0.00   +0.01   -0.02   +0.01   +0.02   +0.02   -0.01   -0.00
       med   |   38.206 |   38.209 |   38.207 |   38.212 |   38.209 |   38.212 |   38.210 |   38.210 |   38.209 |   38.217 |   38.217 |   38.209
512    32    |   71.098 |   71.105 |   71.083 |   71.121 |   71.121 |   70.923 |   71.115 |   71.119 |   71.103 |   71.140 |   71.145 |   71.113 ||   +0.01   -0.02   +0.03   +0.03   -0.25   +0.02   +0.03   +0.01   +0.06   +0.07   +0.02
       med   |   71.144 |   71.157 |   71.144 |   71.164 |   71.156 |   71.174 |   71.162 |   71.161 |   71.162 |   71.186 |   71.181 |   71.159
1024   64    |  138.495 |  138.500 |  138.499 |  138.496 |  138.532 |  138.494 |  138.534 |  138.498 |  138.506 |  138.505 |  138.502 |  138.501 ||   +0.00   +0.00   +0.00   +0.03   -0.00   +0.03   +0.00   +0.01   +0.01   +0.01   +0.00
       med   |  138.530 |  138.542 |  138.532 |  138.550 |  138.556 |  138.595 |  138.551 |  138.547 |  138.551 |  138.599 |  138.607 |  138.550
4096   256   |  546.829 |  546.832 |  546.817 |  546.831 |  546.861 |  546.848 |  546.844 |  546.822 |  546.837 |  546.856 |  546.851 |  546.837 ||   +0.00   -0.00   +0.00   +0.01   +0.00   +0.00   -0.00   +0.00   +0.00   +0.00   +0.00
       med   |  546.938 |  546.926 |  546.932 |  546.959 |  546.987 |  547.001 |  546.959 |  546.958 |  546.944 |  547.014 |  547.016 |  546.968
=== process order2.1
SELFCHECK OK (256 whole-block lengths 1..256 blk x 12 variants; out/Xi/ivec/ret byte-identical)
bytes  blks  |     base |    t4p8b |   t4p8AA |     t4p8 |       t8 |       t7 |       t5 |       t4 |   dsp0AA |     dsp0 |   baseAB |   baseAA ||   t4p8b%  t4p8AA%    t4p8%      t8%      t7%      t5%      t4%  dsp0AA%    dsp0%  baseAB%  baseAA%
16     1     |   19.621 |   10.553 |   10.543 |   10.543 |   10.538 |   10.543 |   10.549 |   10.530 |   19.627 |   19.624 |   19.617 |   19.620 ||  -46.22  -46.27  -46.27  -46.29  -46.27  -46.24  -46.33   +0.03   +0.01   -0.02   -0.01
       med   |   19.641 |   10.567 |   10.555 |   10.556 |   10.549 |   10.553 |   10.559 |   10.542 |   19.645 |   19.642 |   19.644 |   19.641
32     2     |   19.645 |   11.392 |   11.313 |   11.312 |   11.362 |   11.380 |   11.342 |   11.372 |   19.649 |   19.653 |   19.644 |   19.643 ||  -42.01  -42.41  -42.42  -42.16  -42.07  -42.27  -42.11   +0.02   +0.04   -0.00   -0.01
       med   |   19.662 |   11.400 |   11.323 |   11.322 |   11.374 |   11.388 |   11.352 |   11.381 |   19.672 |   19.672 |   19.661 |   19.660
48     3     |   20.354 |   11.250 |   11.214 |   11.215 |   11.217 |   11.216 |   11.212 |   11.230 |   20.359 |   20.360 |   20.356 |   20.356 ||  -44.73  -44.91  -44.90  -44.89  -44.90  -44.91  -44.83   +0.03   +0.03   +0.01   +0.01
       med   |   20.378 |   11.258 |   11.237 |   11.237 |   11.225 |   11.227 |   11.222 |   11.238 |   20.383 |   20.384 |   20.378 |   20.376
64     4     |   20.949 |   12.153 |   12.152 |   12.150 |   12.154 |   12.148 |   12.154 |   12.152 |   20.957 |   20.958 |   20.949 |   20.951 ||  -41.99  -41.99  -42.00  -41.98  -42.01  -41.98  -41.99   +0.04   +0.04   -0.00   +0.01
       med   |   20.975 |   12.164 |   12.161 |   12.161 |   12.166 |   12.160 |   12.164 |   12.161 |   20.981 |   20.982 |   20.973 |   20.976
80     5     |   21.603 |   21.604 |   21.607 |   21.604 |   13.600 |   13.598 |   13.617 |   21.610 |   21.613 |   21.610 |   21.597 |   21.604 ||   +0.01   +0.02   +0.00  -37.04  -37.05  -36.97   +0.03   +0.04   +0.03   -0.03   +0.00
       med   |   21.628 |   21.630 |   21.631 |   21.630 |   13.619 |   13.624 |   13.633 |   21.634 |   21.634 |   21.633 |   21.627 |   21.626
96     6     |   22.369 |   22.385 |   22.364 |   22.361 |   15.644 |   15.639 |   22.396 |   22.397 |   22.392 |   22.387 |   22.383 |   22.375 ||   +0.07   -0.02   -0.04  -30.06  -30.08   +0.12   +0.13   +0.11   +0.08   +0.06   +0.03
       med   |   22.406 |   22.421 |   22.404 |   22.402 |   15.664 |   15.663 |   22.428 |   22.427 |   22.429 |   22.429 |   22.409 |   22.406
112    7     |   22.827 |   22.900 |   22.843 |   22.841 |   17.526 |   17.532 |   22.742 |   22.866 |   22.753 |   22.860 |   22.840 |   22.835 ||   +0.32   +0.07   +0.06  -23.22  -23.20   -0.37   +0.17   -0.33   +0.14   +0.06   +0.04
       med   |   22.874 |   22.931 |   22.873 |   22.869 |   17.579 |   17.652 |   22.781 |   22.901 |   22.783 |   22.897 |   22.880 |   22.874
128    8     |   21.452 |   19.568 |   19.608 |   19.608 |   19.736 |   21.457 |   21.451 |   21.462 |   21.462 |   21.459 |   21.451 |   21.454 ||   -8.79   -8.60   -8.60   -8.00   +0.02   -0.01   +0.04   +0.05   +0.03   -0.01   +0.01
       med   |   21.479 |   19.591 |   19.622 |   19.624 |   19.744 |   21.486 |   21.487 |   21.484 |   21.484 |   21.484 |   21.478 |   21.482
256    16    |   38.171 |   38.178 |   38.179 |   38.178 |   38.161 |   38.179 |   38.173 |   38.174 |   38.177 |   38.178 |   38.178 |   38.173 ||   +0.02   +0.02   +0.02   -0.03   +0.02   +0.00   +0.01   +0.01   +0.02   +0.02   +0.00
       med   |   38.207 |   38.211 |   38.214 |   38.217 |   38.209 |   38.210 |   38.210 |   38.211 |   38.213 |   38.212 |   38.210 |   38.206
512    32    |   71.095 |   71.118 |   71.146 |   71.139 |   71.121 |   71.112 |   71.121 |   71.122 |   71.117 |   71.125 |   71.114 |   71.088 ||   +0.03   +0.07   +0.06   +0.04   +0.02   +0.04   +0.04   +0.03   +0.04   +0.03   -0.01
       med   |   71.145 |   71.160 |   71.184 |   71.185 |   71.164 |   71.162 |   71.166 |   71.169 |   71.174 |   71.165 |   71.153 |   71.144
1024   64    |  138.498 |  138.496 |  138.528 |  138.542 |  138.520 |  138.517 |  138.502 |  138.518 |  138.501 |  138.525 |  138.494 |  138.508 ||   -0.00   +0.02   +0.03   +0.02   +0.01   +0.00   +0.02   +0.00   +0.02   -0.00   +0.01
       med   |  138.532 |  138.546 |  138.602 |  138.602 |  138.546 |  138.549 |  138.546 |  138.548 |  138.568 |  138.547 |  138.542 |  138.533
4096   256   |  546.827 |  546.830 |  546.822 |  546.811 |  546.852 |  546.856 |  546.819 |  546.837 |  546.812 |  546.821 |  546.848 |  546.826 ||   +0.00   -0.00   -0.00   +0.00   +0.01   -0.00   +0.00   -0.00   -0.00   +0.00   -0.00
       med   |  546.961 |  546.991 |  547.015 |  547.009 |  546.984 |  546.982 |  546.966 |  546.968 |  546.986 |  546.969 |  546.938 |  546.950
=== process order2.2
SELFCHECK OK (256 whole-block lengths 1..256 blk x 12 variants; out/Xi/ivec/ret byte-identical)
bytes  blks  |     base |    t4p8b |   t4p8AA |     t4p8 |       t8 |       t7 |       t5 |       t4 |   dsp0AA |     dsp0 |   baseAB |   baseAA ||   t4p8b%  t4p8AA%    t4p8%      t8%      t7%      t5%      t4%  dsp0AA%    dsp0%  baseAB%  baseAA%
16     1     |   19.618 |   10.554 |   10.541 |   10.541 |   10.539 |   10.545 |   10.550 |   10.527 |   19.623 |   19.622 |   19.621 |   19.622 ||  -46.20  -46.27  -46.27  -46.28  -46.25  -46.22  -46.34   +0.03   +0.02   +0.02   +0.02
       med   |   19.642 |   10.567 |   10.556 |   10.556 |   10.550 |   10.553 |   10.559 |   10.542 |   19.644 |   19.644 |   19.640 |   19.644
32     2     |   19.646 |   11.391 |   11.313 |   11.312 |   11.364 |   11.378 |   11.340 |   11.372 |   19.656 |   19.655 |   19.645 |   19.640 ||  -42.02  -42.42  -42.42  -42.16  -42.08  -42.28  -42.11   +0.05   +0.05   -0.00   -0.03
       med   |   19.661 |   11.400 |   11.321 |   11.321 |   11.374 |   11.388 |   11.350 |   11.380 |   19.673 |   19.673 |   19.663 |   19.661
48     3     |   20.357 |   11.248 |   11.217 |   11.216 |   11.216 |   11.217 |   11.214 |   11.230 |   20.359 |   20.364 |   20.356 |   20.352 ||  -44.74  -44.90  -44.90  -44.90  -44.90  -44.91  -44.83   +0.01   +0.03   -0.00   -0.02
       med   |   20.378 |   11.257 |   11.237 |   11.237 |   11.225 |   11.226 |   11.221 |   11.238 |   20.385 |   20.383 |   20.378 |   20.377
64     4     |   20.951 |   12.156 |   12.153 |   12.148 |   12.156 |   12.149 |   12.156 |   12.150 |   20.956 |   20.955 |   20.950 |   20.951 ||  -41.98  -41.99  -42.02  -41.98  -42.01  -41.98  -42.01   +0.02   +0.02   -0.01   -0.00
       med   |   20.975 |   12.164 |   12.162 |   12.162 |   12.166 |   12.160 |   12.164 |   12.162 |   20.983 |   20.983 |   20.973 |   20.974
80     5     |   21.604 |   21.604 |   21.610 |   21.609 |   13.605 |   13.601 |   13.620 |   21.607 |   21.609 |   21.609 |   21.601 |   21.600 ||   +0.00   +0.03   +0.02  -37.03  -37.04  -36.96   +0.01   +0.02   +0.02   -0.01   -0.02
       med   |   21.627 |   21.630 |   21.632 |   21.630 |   13.619 |   13.623 |   13.633 |   21.634 |   21.633 |   21.634 |   21.627 |   21.626
96     6     |   22.373 |   22.378 |   22.370 |   22.368 |   15.639 |   15.641 |   22.396 |   22.399 |   22.399 |   22.397 |   22.380 |   22.375 ||   +0.02   -0.01   -0.02  -30.10  -30.09   +0.10   +0.12   +0.12   +0.11   +0.03   +0.01
       med   |   22.407 |   22.422 |   22.406 |   22.405 |   15.664 |   15.662 |   22.430 |   22.431 |   22.430 |   22.430 |   22.409 |   22.407
112    7     |   22.839 |   22.898 |   22.835 |   22.837 |   17.528 |   17.527 |   22.754 |   22.866 |   22.744 |   22.860 |   22.839 |   22.837 ||   +0.26   -0.02   -0.01  -23.25  -23.26   -0.37   +0.12   -0.42   +0.09   -0.00   -0.01
       med   |   22.872 |   22.933 |   22.871 |   22.872 |   17.575 |   17.652 |   22.783 |   22.899 |   22.781 |   22.901 |   22.882 |   22.874
128    8     |   21.456 |   19.564 |   19.610 |   19.608 |   19.738 |   21.460 |   21.464 |   21.457 |   21.457 |   21.456 |   21.455 |   21.456 ||   -8.82   -8.61   -8.62   -8.01   +0.01   +0.04   +0.00   +0.01   -0.00   -0.01   -0.00
       med   |   21.481 |   19.592 |   19.622 |   19.624 |   19.744 |   21.485 |   21.484 |   21.484 |   21.486 |   21.485 |   21.479 |   21.479
256    16    |   38.170 |   38.164 |   38.179 |   38.179 |   38.174 |   38.172 |   38.173 |   38.179 |   38.180 |   38.176 |   38.163 |   38.165 ||   -0.02   +0.02   +0.02   +0.01   +0.01   +0.01   +0.02   +0.03   +0.02   -0.02   -0.01
       med   |   38.206 |   38.210 |   38.216 |   38.216 |   38.210 |   38.209 |   38.210 |   38.218 |   38.211 |   38.212 |   38.207 |   38.205
512    32    |   70.934 |   71.042 |   71.032 |   71.128 |   71.104 |   71.092 |   71.112 |   71.150 |   71.123 |   71.109 |   71.041 |   70.733 ||   +0.15   +0.14   +0.27   +0.24   +0.22   +0.25   +0.30   +0.27   +0.25   +0.15   -0.28
       med   |   71.143 |   71.158 |   71.185 |   71.182 |   71.161 |   71.164 |   71.162 |   71.203 |   71.171 |   71.161 |   71.145 |   71.141
1024   64    |  138.499 |  138.502 |  138.525 |  138.525 |  138.529 |  138.514 |  138.505 |  138.524 |  138.502 |  138.529 |  138.495 |  138.499 ||   +0.00   +0.02   +0.02   +0.02   +0.01   +0.00   +0.02   +0.00   +0.02   -0.00   +0.00
       med   |  138.552 |  138.555 |  138.601 |  138.607 |  138.559 |  138.555 |  138.562 |  138.565 |  138.583 |  138.559 |  138.547 |  138.554
4096   256   |  546.837 |  546.812 |  546.863 |  546.837 |  546.854 |  546.864 |  546.855 |  546.861 |  546.855 |  546.852 |  546.835 |  546.855 ||   -0.00   +0.00   +0.00   +0.00   +0.00   +0.00   +0.00   +0.00   +0.00   -0.00   +0.00
       med   |  546.966 |  546.986 |  547.019 |  547.034 |  546.986 |  546.977 |  547.014 |  546.977 |  546.990 |  546.984 |  546.968 |  546.959
=== process order2.3
SELFCHECK OK (256 whole-block lengths 1..256 blk x 12 variants; out/Xi/ivec/ret byte-identical)
bytes  blks  |     base |    t4p8b |   t4p8AA |     t4p8 |       t8 |       t7 |       t5 |       t4 |   dsp0AA |     dsp0 |   baseAB |   baseAA ||   t4p8b%  t4p8AA%    t4p8%      t8%      t7%      t5%      t4%  dsp0AA%    dsp0%  baseAB%  baseAA%
16     1     |   19.621 |   10.554 |   10.541 |   10.545 |   10.538 |   10.542 |   10.550 |   10.533 |   19.624 |   19.621 |   19.621 |   19.619 ||  -46.21  -46.27  -46.25  -46.29  -46.27  -46.23  -46.32   +0.01   +0.00   +0.00   -0.01
       med   |   19.641 |   10.567 |   10.556 |   10.557 |   10.549 |   10.553 |   10.559 |   10.542 |   19.648 |   19.645 |   19.642 |   19.646
32     2     |   19.641 |   11.392 |   11.312 |   11.312 |   11.363 |   11.380 |   11.342 |   11.371 |   19.653 |   19.654 |   19.643 |   19.639 ||  -42.00  -42.40  -42.41  -42.15  -42.06  -42.26  -42.11   +0.06   +0.07   +0.01   -0.01
       med   |   19.661 |   11.400 |   11.322 |   11.323 |   11.374 |   11.387 |   11.350 |   11.381 |   19.671 |   19.672 |   19.663 |   19.661
48     3     |   20.358 |   11.248 |   11.209 |   11.217 |   11.218 |   11.213 |   11.210 |   11.228 |   20.366 |   20.361 |   20.360 |   20.351 ||  -44.75  -44.94  -44.90  -44.90  -44.92  -44.94  -44.85   +0.04   +0.02   +0.01   -0.03
       med   |   20.377 |   11.257 |   11.236 |   11.236 |   11.225 |   11.226 |   11.222 |   11.237 |   20.384 |   20.384 |   20.381 |   20.379
64     4     |   20.947 |   12.155 |   12.146 |   12.150 |   12.154 |   12.151 |   12.152 |   12.150 |   20.957 |   20.956 |   20.950 |   20.951 ||  -41.97  -42.01  -42.00  -41.97  -41.99  -41.98  -41.99   +0.05   +0.05   +0.01   +0.02
       med   |   20.975 |   12.164 |   12.162 |   12.162 |   12.166 |   12.160 |   12.164 |   12.162 |   20.982 |   20.981 |   20.975 |   20.976
80     5     |   21.603 |   21.608 |   21.596 |   21.609 |   13.601 |   13.600 |   13.619 |   21.609 |   21.613 |   21.609 |   21.601 |   21.599 ||   +0.02   -0.03   +0.03  -37.04  -37.05  -36.96   +0.03   +0.05   +0.03   -0.01   -0.02
       med   |   21.626 |   21.629 |   21.630 |   21.631 |   13.619 |   13.623 |   13.633 |   21.634 |   21.634 |   21.635 |   21.627 |   21.627
96     6     |   22.373 |   22.389 |   22.365 |   22.367 |   15.641 |   15.643 |   22.392 |   22.388 |   22.398 |   22.398 |   22.381 |   22.375 ||   +0.07   -0.03   -0.03  -30.09  -30.08   +0.09   +0.07   +0.11   +0.11   +0.03   +0.01
       med   |   22.405 |   22.418 |   22.404 |   22.404 |   15.664 |   15.663 |   22.429 |   22.429 |   22.428 |   22.429 |   22.406 |   22.407
112    7     |   22.837 |   22.894 |   22.838 |   22.832 |   17.531 |   17.531 |   22.746 |   22.847 |   22.743 |   22.858 |   22.842 |   22.834 ||   +0.25   +0.00   -0.02  -23.24  -23.23   -0.40   +0.04   -0.41   +0.09   +0.02   -0.01
       med   |   22.871 |   22.931 |   22.873 |   22.872 |   17.578 |   17.652 |   22.782 |   22.898 |   22.784 |   22.898 |   22.881 |   22.873
128    8     |   21.455 |   19.568 |   19.608 |   19.611 |   19.737 |   21.456 |   21.453 |   21.464 |   21.464 |   21.462 |   21.456 |   21.459 ||   -8.80   -8.61   -8.59   -8.01   +0.00   -0.01   +0.04   +0.04   +0.03   +0.01   +0.02
       med   |   21.480 |   19.592 |   19.624 |   19.623 |   19.744 |   21.486 |   21.486 |   21.485 |   21.484 |   21.486 |   21.479 |   21.480
256    16    |   38.169 |   38.182 |   38.183 |   38.182 |   38.168 |   38.174 |   38.176 |   38.176 |   38.179 |   38.171 |   38.173 |   38.172 ||   +0.03   +0.04   +0.03   -0.00   +0.01   +0.02   +0.02   +0.03   +0.00   +0.01   +0.01
       med   |   38.206 |   38.210 |   38.216 |   38.216 |   38.207 |   38.209 |   38.209 |   38.209 |   38.211 |   38.209 |   38.209 |   38.205
512    32    |   71.098 |   71.114 |   71.146 |   71.146 |   71.118 |   71.121 |   71.127 |   71.118 |   71.124 |   71.121 |   71.115 |   71.106 ||   +0.02   +0.07   +0.07   +0.03   +0.03   +0.04   +0.03   +0.04   +0.03   +0.02   +0.01
       med   |   71.145 |   71.163 |   71.184 |   71.185 |   71.162 |   71.164 |   71.165 |   71.165 |   71.172 |   71.166 |   71.150 |   71.145
1024   64    |  138.499 |  138.513 |  138.507 |  138.506 |  138.497 |  138.528 |  138.507 |  138.536 |  138.511 |  138.514 |  138.496 |  138.498 ||   +0.01   +0.01   +0.00   -0.00   +0.02   +0.01   +0.03   +0.01   +0.01   -0.00   -0.00
       med   |  138.542 |  138.562 |  138.600 |  138.603 |  138.567 |  138.566 |  138.575 |  138.576 |  138.605 |  138.570 |  138.545 |  138.541
4096   256   |  546.840 |  546.801 |  546.814 |  546.842 |  546.856 |  546.869 |  546.835 |  546.866 |  546.846 |  546.831 |  546.860 |  546.821 ||   -0.01   -0.00   +0.00   +0.00   +0.01   -0.00   +0.00   +0.00   -0.00   +0.00   -0.00
       med   |  546.956 |  547.001 |  547.053 |  547.067 |  546.982 |  546.976 |  546.993 |  547.004 |  547.027 |  547.020 |  546.973 |  546.960
=== process order2.4
SELFCHECK OK (256 whole-block lengths 1..256 blk x 12 variants; out/Xi/ivec/ret byte-identical)
bytes  blks  |     base |    t4p8b |   t4p8AA |     t4p8 |       t8 |       t7 |       t5 |       t4 |   dsp0AA |     dsp0 |   baseAB |   baseAA ||   t4p8b%  t4p8AA%    t4p8%      t8%      t7%      t5%      t4%  dsp0AA%    dsp0%  baseAB%  baseAA%
16     1     |   19.623 |   10.554 |   10.543 |   10.544 |   10.538 |   10.543 |   10.549 |   10.531 |   19.626 |   19.625 |   19.622 |   19.620 ||  -46.21  -46.27  -46.26  -46.30  -46.27  -46.24  -46.33   +0.02   +0.01   -0.00   -0.01
       med   |   19.641 |   10.567 |   10.555 |   10.557 |   10.549 |   10.553 |   10.559 |   10.542 |   19.646 |   19.643 |   19.643 |   19.646
32     2     |   19.645 |   11.392 |   11.311 |   11.313 |   11.363 |   11.381 |   11.342 |   11.373 |   19.657 |   19.652 |   19.645 |   19.642 ||  -42.01  -42.42  -42.41  -42.16  -42.07  -42.27  -42.11   +0.06   +0.04   -0.00   -0.01
       med   |   19.661 |   11.400 |   11.322 |   11.322 |   11.373 |   11.388 |   11.350 |   11.380 |   19.672 |   19.673 |   19.663 |   19.661
48     3     |   20.355 |   11.250 |   11.219 |   11.216 |   11.217 |   11.218 |   11.211 |   11.230 |   20.365 |   20.365 |   20.358 |   20.352 ||  -44.73  -44.88  -44.90  -44.90  -44.89  -44.92  -44.83   +0.05   +0.05   +0.01   -0.02
       med   |   20.376 |   11.258 |   11.238 |   11.237 |   11.226 |   11.226 |   11.221 |   11.238 |   20.382 |   20.383 |   20.378 |   20.377
64     4     |   20.952 |   12.153 |   12.150 |   12.148 |   12.154 |   12.151 |   12.153 |   12.153 |   20.958 |   20.953 |   20.949 |   20.952 ||  -42.00  -42.01  -42.02  -41.99  -42.01  -42.00  -42.00   +0.02   +0.00   -0.02   -0.00
       med   |   20.975 |   12.164 |   12.162 |   12.161 |   12.165 |   12.160 |   12.164 |   12.161 |   20.982 |   20.982 |   20.974 |   20.975
80     5     |   21.599 |   21.603 |   21.604 |   21.609 |   13.604 |   13.602 |   13.616 |   21.611 |   21.607 |   21.612 |   21.599 |   21.602 ||   +0.02   +0.02   +0.04  -37.01  -37.03  -36.96   +0.06   +0.04   +0.06   +0.00   +0.01
       med   |   21.627 |   21.631 |   21.630 |   21.630 |   13.619 |   13.623 |   13.633 |   21.634 |   21.634 |   21.634 |   21.627 |   21.627
96     6     |   22.378 |   22.388 |   22.356 |   22.362 |   15.642 |   15.644 |   22.393 |   22.398 |   22.398 |   22.394 |   22.375 |   22.373 ||   +0.05   -0.10   -0.07  -30.10  -30.09   +0.07   +0.09   +0.09   +0.07   -0.01   -0.02
       med   |   22.406 |   22.420 |   22.402 |   22.402 |   15.665 |   15.664 |   22.430 |   22.427 |   22.426 |   22.429 |   22.408 |   22.408
112    7     |   22.835 |   22.894 |   22.845 |   22.840 |   17.532 |   17.530 |   22.755 |   22.861 |   22.749 |   22.850 |   22.843 |   22.832 ||   +0.26   +0.05   +0.02  -23.22  -23.23   -0.35   +0.11   -0.38   +0.07   +0.04   -0.01
       med   |   22.872 |   22.929 |   22.872 |   22.870 |   17.578 |   17.649 |   22.782 |   22.898 |   22.780 |   22.897 |   22.881 |   22.874
128    8     |   21.453 |   19.568 |   19.610 |   19.609 |   19.738 |   21.457 |   21.461 |   21.478 |   21.461 |   21.462 |   21.456 |   21.454 ||   -8.79   -8.59   -8.60   -8.00   +0.02   +0.04   +0.11   +0.04   +0.04   +0.01   +0.00
       med   |   21.480 |   19.592 |   19.622 |   19.623 |   19.744 |   21.485 |   21.485 |   21.502 |   21.485 |   21.488 |   21.479 |   21.480
256    16    |   38.173 |   38.177 |   38.177 |   38.183 |   38.155 |   38.179 |   38.180 |   38.173 |   38.173 |   38.180 |   38.183 |   38.177 ||   +0.01   +0.01   +0.02   -0.05   +0.02   +0.02   -0.00   +0.00   +0.02   +0.03   +0.01
       med   |   38.206 |   38.209 |   38.217 |   38.218 |   38.211 |   38.210 |   38.210 |   38.215 |   38.213 |   38.211 |   38.209 |   38.208
512    32    |   71.104 |   71.119 |   71.146 |   71.144 |   71.123 |   71.122 |   71.118 |   71.154 |   71.118 |   71.127 |   71.104 |   71.103 ||   +0.02   +0.06   +0.06   +0.03   +0.03   +0.02   +0.07   +0.02   +0.03   +0.00   -0.00
       med   |   71.145 |   71.162 |   71.185 |   71.186 |   71.163 |   71.161 |   71.162 |   71.214 |   71.173 |   71.164 |   71.150 |   71.143
1024   64    |  138.511 |  138.502 |  138.515 |  138.529 |  138.520 |  138.520 |  138.504 |  138.523 |  138.502 |  138.523 |  138.494 |  138.507 ||   -0.01   +0.00   +0.01   +0.01   +0.01   -0.00   +0.01   -0.01   +0.01   -0.01   -0.00
       med   |  138.532 |  138.549 |  138.603 |  138.601 |  138.549 |  138.549 |  138.555 |  138.562 |  138.584 |  138.549 |  138.543 |  138.533
4096   256   |  546.851 |  546.842 |  546.832 |  546.853 |  546.861 |  546.822 |  546.832 |  546.842 |  546.835 |  546.838 |  546.837 |  546.824 ||   -0.00   -0.00   +0.00   +0.00   -0.01   -0.00   -0.00   -0.00   -0.00   -0.00   -0.00
       med   |  546.994 |  546.972 |  546.997 |  547.001 |  546.994 |  547.028 |  546.987 |  546.956 |  546.986 |  546.975 |  547.006 |  546.986
=== process order2.5
SELFCHECK OK (256 whole-block lengths 1..256 blk x 12 variants; out/Xi/ivec/ret byte-identical)
bytes  blks  |     base |    t4p8b |   t4p8AA |     t4p8 |       t8 |       t7 |       t5 |       t4 |   dsp0AA |     dsp0 |   baseAB |   baseAA ||   t4p8b%  t4p8AA%    t4p8%      t8%      t7%      t5%      t4%  dsp0AA%    dsp0%  baseAB%  baseAA%
16     1     |   19.623 |   10.554 |   10.543 |   10.544 |   10.540 |   10.545 |   10.548 |   10.531 |   19.628 |   19.625 |   19.628 |   19.622 ||  -46.21  -46.27  -46.27  -46.29  -46.26  -46.25  -46.33   +0.03   +0.01   +0.03   -0.01
       med   |   19.646 |   10.567 |   10.556 |   10.556 |   10.548 |   10.554 |   10.560 |   10.542 |   19.646 |   19.645 |   19.649 |   19.642
32     2     |   19.644 |   11.391 |   11.313 |   11.312 |   11.363 |   11.381 |   11.342 |   11.372 |   19.654 |   19.650 |   19.645 |   19.643 ||  -42.01  -42.41  -42.42  -42.15  -42.06  -42.26  -42.11   +0.05   +0.03   +0.00   -0.01
       med   |   19.662 |   11.400 |   11.322 |   11.322 |   11.374 |   11.388 |   11.350 |   11.380 |   19.673 |   19.673 |   19.662 |   19.663
48     3     |   20.362 |   11.249 |   11.218 |   11.219 |   11.217 |   11.216 |   11.213 |   11.231 |   20.360 |   20.364 |   20.359 |   20.358 ||  -44.75  -44.91  -44.90  -44.91  -44.91  -44.93  -44.84   -0.01   +0.01   -0.01   -0.02
       med   |   20.378 |   11.257 |   11.238 |   11.238 |   11.225 |   11.226 |   11.220 |   11.238 |   20.385 |   20.384 |   20.380 |   20.379
64     4     |   20.951 |   12.153 |   12.151 |   12.150 |   12.157 |   12.150 |   12.156 |   12.153 |   20.955 |   20.963 |   20.953 |   20.947 ||  -41.99  -42.00  -42.01  -41.97  -42.01  -41.98  -42.00   +0.02   +0.06   +0.01   -0.02
       med   |   20.975 |   12.164 |   12.162 |   12.161 |   12.166 |   12.160 |   12.164 |   12.162 |   20.981 |   20.983 |   20.973 |   20.975
80     5     |   21.592 |   21.605 |   21.611 |   21.603 |   13.602 |   13.603 |   13.619 |   21.613 |   21.609 |   21.606 |   21.606 |   21.603 ||   +0.06   +0.09   +0.05  -37.00  -37.00  -36.93   +0.10   +0.08   +0.07   +0.06   +0.05
       med   |   21.628 |   21.631 |   21.632 |   21.631 |   13.620 |   13.622 |   13.633 |   21.636 |   21.636 |   21.634 |   21.628 |   21.626
96     6     |   22.373 |   22.386 |   22.363 |   22.370 |   15.643 |   15.641 |   22.395 |   22.397 |   22.393 |   22.397 |   22.385 |   22.375 ||   +0.06   -0.04   -0.01  -30.08  -30.09   +0.10   +0.11   +0.09   +0.11   +0.06   +0.01
       med   |   22.409 |   22.422 |   22.405 |   22.404 |   15.663 |   15.661 |   22.429 |   22.430 |   22.431 |   22.429 |   22.410 |   22.407
112    7     |   22.837 |   22.893 |   22.843 |   22.843 |   17.529 |   17.528 |   22.749 |   22.857 |   22.753 |   22.858 |   22.850 |   22.839 ||   +0.25   +0.03   +0.02  -23.24  -23.25   -0.39   +0.09   -0.37   +0.09   +0.06   +0.01
       med   |   22.874 |   22.932 |   22.872 |   22.873 |   17.580 |   17.651 |   22.786 |   22.900 |   22.784 |   22.901 |   22.882 |   22.872
128    8     |   21.453 |   19.570 |   19.609 |   19.610 |   19.737 |   21.458 |   21.460 |   21.461 |   21.464 |   21.460 |   21.457 |   21.455 ||   -8.78   -8.59   -8.59   -8.00   +0.03   +0.03   +0.04   +0.05   +0.03   +0.02   +0.01
       med   |   21.482 |   19.592 |   19.623 |   19.623 |   19.745 |   21.487 |   21.487 |   21.486 |   21.487 |   21.487 |   21.481 |   21.482
256    16    |   38.166 |   38.173 |   38.181 |   38.183 |   38.184 |   38.172 |   38.168 |   38.183 |   38.179 |   38.173 |   38.172 |   38.173 ||   +0.02   +0.04   +0.04   +0.05   +0.02   +0.01   +0.05   +0.04   +0.02   +0.02   +0.02
       med   |   38.208 |   38.211 |   38.216 |   38.218 |   38.211 |   38.211 |   38.212 |   38.210 |   38.213 |   38.211 |   38.211 |   38.210
512    32    |   71.097 |   71.127 |   71.150 |   71.143 |   71.088 |   71.133 |   71.127 |   71.116 |   71.118 |   71.127 |   71.111 |   71.103 ||   +0.04   +0.07   +0.06   -0.01   +0.05   +0.04   +0.03   +0.03   +0.04   +0.02   +0.01
       med   |   71.150 |   71.166 |   71.190 |   71.188 |   71.166 |   71.168 |   71.168 |   71.165 |   71.181 |   71.168 |   71.154 |   71.151
1024   64    |  138.498 |  138.502 |  138.512 |  138.512 |  138.514 |  138.522 |  138.504 |  138.532 |  138.506 |  138.526 |  138.499 |  138.501 ||   +0.00   +0.01   +0.01   +0.01   +0.02   +0.00   +0.02   +0.01   +0.02   +0.00   +0.00
       med   |  138.536 |  138.576 |  138.604 |  138.617 |  138.570 |  138.567 |  138.574 |  138.567 |  138.617 |  138.570 |  138.550 |  138.535
4096   256   |  546.827 |  546.851 |  546.821 |  546.828 |  546.856 |  546.833 |  546.850 |  546.861 |  546.828 |  546.866 |  546.865 |  546.831 ||   +0.00   -0.00   +0.00   +0.01   +0.00   +0.00   +0.01   +0.00   +0.01   +0.01   +0.00
       med   |  547.045 |  547.016 |  547.043 |  547.027 |  547.010 |  547.066 |  547.027 |  547.001 |  547.027 |  547.010 |  546.984 |  546.990
=== process order3.1
SELFCHECK OK (256 whole-block lengths 1..256 blk x 12 variants; out/Xi/ivec/ret byte-identical)
bytes  blks  |     base |       t5 |     t4p8 |   baseAA |       t8 |     dsp0 |    t4p8b |       t4 |   dsp0AA |   baseAB |       t7 |   t4p8AA ||      t5%    t4p8%  baseAA%      t8%    dsp0%   t4p8b%      t4%  dsp0AA%  baseAB%      t7%  t4p8AA%
16     1     |   19.622 |   10.548 |   10.542 |   19.622 |   10.534 |   19.625 |   10.549 |   10.534 |   19.627 |   19.618 |   10.543 |   10.526 ||  -46.25  -46.27   -0.00  -46.32   +0.01  -46.24  -46.32   +0.02   -0.02  -46.27  -46.36
       med   |   19.643 |   10.561 |   10.555 |   19.643 |   10.545 |   19.645 |   10.566 |   10.545 |   19.646 |   19.642 |   10.554 |   10.537
32     2     |   19.641 |   11.342 |   11.311 |   19.646 |   11.338 |   19.654 |   11.342 |   11.310 |   19.655 |   19.644 |   11.380 |   11.318 ||  -42.25  -42.41   +0.02  -42.27   +0.06  -42.25  -42.42   +0.07   +0.02  -42.06  -42.37
       med   |   19.661 |   11.350 |   11.321 |   19.660 |   11.347 |   19.673 |   11.395 |   11.317 |   19.671 |   19.661 |   11.389 |   11.327
48     3     |   20.359 |   11.212 |   11.221 |   20.355 |   11.243 |   20.364 |   11.255 |   11.248 |   20.363 |   20.359 |   11.216 |   11.232 ||  -44.93  -44.89   -0.02  -44.78   +0.02  -44.72  -44.75   +0.02   +0.00  -44.91  -44.83
       med   |   20.378 |   11.221 |   11.238 |   20.377 |   11.254 |   20.384 |   11.275 |   11.257 |   20.383 |   20.378 |   11.225 |   11.254
64     4     |   20.952 |   12.151 |   12.150 |   20.948 |   12.158 |   20.956 |   12.154 |   12.151 |   20.956 |   20.948 |   12.151 |   12.162 ||  -42.00  -42.01   -0.02  -41.97   +0.02  -41.99  -42.00   +0.02   -0.02  -42.01  -41.95
       med   |   20.975 |   12.164 |   12.161 |   20.975 |   12.166 |   20.980 |   12.164 |   12.163 |   20.983 |   20.973 |   12.160 |   12.173
80     5     |   21.607 |   13.613 |   21.609 |   21.599 |   13.602 |   21.609 |   21.606 |   21.608 |   21.603 |   21.602 |   13.600 |   21.601 ||  -37.00   +0.01   -0.04  -37.05   +0.01   -0.00   +0.00   -0.02   -0.02  -37.06   -0.03
       med   |   21.627 |   13.633 |   21.630 |   21.626 |   13.618 |   21.634 |   21.632 |   21.633 |   21.635 |   21.627 |   13.621 |   21.629
96     6     |   22.378 |   22.401 |   22.363 |   22.377 |   15.641 |   22.398 |   22.385 |   22.391 |   22.397 |   22.375 |   15.641 |   22.359 ||   +0.10   -0.06   -0.00  -30.11   +0.09   +0.03   +0.06   +0.09   -0.01  -30.11   -0.09
       med   |   22.407 |   22.428 |   22.405 |   22.407 |   15.661 |   22.426 |   22.424 |   22.428 |   22.428 |   22.408 |   15.664 |   22.396
112    7     |   22.842 |   22.755 |   22.837 |   22.833 |   17.529 |   22.752 |   22.847 |   22.756 |   22.863 |   22.844 |   17.528 |   22.845 ||   -0.38   -0.02   -0.04  -23.26   -0.40   +0.02   -0.38   +0.09   +0.01  -23.26   +0.01
       med   |   22.874 |   22.782 |   22.872 |   22.872 |   17.559 |   22.783 |   22.883 |   22.781 |   22.899 |   22.881 |   17.660 |   22.882
128    8     |   21.452 |   21.462 |   19.607 |   21.442 |   19.738 |   21.460 |   19.570 |   21.457 |   21.455 |   21.449 |   21.458 |   19.613 ||   +0.04   -8.60   -0.05   -7.99   +0.04   -8.77   +0.02   +0.01   -0.01   +0.03   -8.58
       med   |   21.480 |   21.486 |   19.623 |   21.479 |   19.743 |   21.485 |   19.592 |   21.484 |   21.485 |   21.479 |   21.486 |   19.626
256    16    |   38.172 |   38.178 |   38.179 |   38.167 |   38.180 |   38.171 |   38.180 |   38.175 |   38.167 |   38.166 |   38.179 |   38.173 ||   +0.02   +0.02   -0.01   +0.02   -0.00   +0.02   +0.01   -0.01   -0.02   +0.02   +0.00
       med   |   38.206 |   38.213 |   38.217 |   38.207 |   38.211 |   38.212 |   38.210 |   38.209 |   38.211 |   38.207 |   38.209 |   38.214
512    32    |   71.093 |   71.114 |   71.149 |   71.109 |   71.121 |   71.121 |   71.120 |   71.127 |   71.127 |   71.111 |   71.127 |   71.140 ||   +0.03   +0.08   +0.02   +0.04   +0.04   +0.04   +0.05   +0.05   +0.03   +0.05   +0.07
       med   |   71.145 |   71.175 |   71.185 |   71.144 |   71.176 |   71.165 |   71.162 |   71.164 |   71.165 |   71.150 |   71.161 |   71.180
1024   64    |  138.493 |  138.502 |  138.537 |  138.499 |  138.511 |  138.508 |  138.529 |  138.503 |  138.526 |  138.495 |  138.530 |  138.526 ||   +0.01   +0.03   +0.00   +0.01   +0.01   +0.03   +0.01   +0.02   +0.00   +0.03   +0.02
       med   |  138.554 |  138.613 |  138.602 |  138.550 |  138.585 |  138.560 |  138.560 |  138.562 |  138.564 |  138.550 |  138.559 |  138.611
4096   256   |  546.827 |  546.850 |  546.823 |  546.834 |  546.835 |  546.825 |  546.860 |  546.850 |  546.836 |  546.872 |  546.838 |  546.824 ||   +0.00   -0.00   +0.00   +0.00   -0.00   +0.01   +0.00   +0.00   +0.01   +0.00   -0.00
       med   |  547.000 |  547.038 |  547.064 |  546.954 |  547.038 |  547.016 |  547.033 |  547.024 |  547.003 |  547.012 |  546.991 |  547.067
=== process order3.2
SELFCHECK OK (256 whole-block lengths 1..256 blk x 12 variants; out/Xi/ivec/ret byte-identical)
bytes  blks  |     base |       t5 |     t4p8 |   baseAA |       t8 |     dsp0 |    t4p8b |       t4 |   dsp0AA |   baseAB |       t7 |   t4p8AA ||      t5%    t4p8%  baseAA%      t8%    dsp0%   t4p8b%      t4%  dsp0AA%  baseAB%      t7%  t4p8AA%
16     1     |   19.620 |   10.550 |   10.540 |   19.621 |   10.536 |   19.620 |   10.549 |   10.536 |   19.622 |   19.619 |   10.545 |   10.528 ||  -46.23  -46.28   +0.00  -46.30   -0.00  -46.23  -46.30   +0.01   -0.00  -46.25  -46.34
       med   |   19.643 |   10.561 |   10.557 |   19.644 |   10.545 |   19.644 |   10.565 |   10.545 |   19.644 |   19.643 |   10.554 |   10.536
32     2     |   19.637 |   11.343 |   11.312 |   19.646 |   11.338 |   19.654 |   11.343 |   11.311 |   19.655 |   19.644 |   11.380 |   11.318 ||  -42.24  -42.40   +0.04  -42.26   +0.09  -42.24  -42.40   +0.09   +0.04  -42.05  -42.36
       med   |   19.661 |   11.350 |   11.322 |   19.661 |   11.347 |   19.673 |   11.394 |   11.318 |   19.673 |   19.663 |   11.390 |   11.327
48     3     |   20.356 |   11.210 |   11.220 |   20.355 |   11.241 |   20.364 |   11.257 |   11.248 |   20.364 |   20.359 |   11.217 |   11.231 ||  -44.93  -44.88   -0.01  -44.78   +0.04  -44.70  -44.74   +0.04   +0.01  -44.90  -44.83
       med   |   20.378 |   11.221 |   11.237 |   20.377 |   11.254 |   20.383 |   11.274 |   11.258 |   20.383 |   20.379 |   11.225 |   11.254
64     4     |   20.949 |   12.154 |   12.153 |   20.952 |   12.156 |   20.956 |   12.155 |   12.154 |   20.956 |   20.946 |   12.148 |   12.162 ||  -41.98  -41.99   +0.02  -41.97   +0.04  -41.98  -41.98   +0.03   -0.02  -42.01  -41.94
       med   |   20.976 |   12.165 |   12.162 |   20.975 |   12.166 |   20.982 |   12.164 |   12.164 |   20.982 |   20.974 |   12.160 |   12.172
80     5     |   21.592 |   13.618 |   21.611 |   21.603 |   13.602 |   21.610 |   21.607 |   21.609 |   21.604 |   21.605 |   13.602 |   21.598 ||  -36.93   +0.09   +0.05  -37.00   +0.08   +0.07   +0.08   +0.06   +0.06  -37.00   +0.03
       med   |   21.626 |   13.634 |   21.632 |   21.627 |   13.619 |   21.634 |   21.631 |   21.633 |   21.633 |   21.627 |   13.623 |   21.628
96     6     |   22.378 |   22.390 |   22.370 |   22.380 |   15.640 |   22.388 |   22.390 |   22.393 |   22.390 |   22.371 |   15.643 |   22.365 ||   +0.05   -0.04   +0.01  -30.11   +0.04   +0.05   +0.06   +0.05   -0.03  -30.10   -0.06
       med   |   22.405 |   22.428 |   22.402 |   22.407 |   15.661 |   22.427 |   22.426 |   22.427 |   22.428 |   22.406 |   15.663 |   22.397
112    7     |   22.836 |   22.756 |   22.833 |   22.835 |   17.525 |   22.759 |   22.842 |   22.753 |   22.849 |   22.847 |   17.529 |   22.845 ||   -0.35   -0.02   -0.00  -23.26   -0.34   +0.03   -0.36   +0.06   +0.05  -23.24   +0.04
       med   |   22.872 |   22.782 |   22.871 |   22.873 |   17.560 |   22.782 |   22.881 |   22.783 |   22.898 |   22.881 |   17.655 |   22.887
128    8     |   21.456 |   21.462 |   19.610 |   21.454 |   19.736 |   21.464 |   19.566 |   21.462 |   21.458 |   21.456 |   21.456 |   19.612 ||   +0.03   -8.60   -0.01   -8.01   +0.04   -8.81   +0.03   +0.01   +0.00   +0.00   -8.60
       med   |   21.481 |   21.487 |   19.624 |   21.480 |   19.743 |   21.488 |   19.593 |   21.485 |   21.486 |   21.479 |   21.485 |   19.627
256    16    |   38.016 |   38.169 |   38.171 |   38.173 |   38.171 |   38.176 |   38.173 |   38.176 |   38.181 |   38.176 |   38.171 |   38.184 ||   +0.40   +0.41   +0.41   +0.41   +0.42   +0.41   +0.42   +0.43   +0.42   +0.41   +0.44
       med   |   38.205 |   38.213 |   38.218 |   38.207 |   38.210 |   38.211 |   38.212 |   38.211 |   38.211 |   38.209 |   38.210 |   38.214
512    32    |   71.097 |   71.118 |   71.143 |   71.092 |   71.115 |   71.125 |   71.126 |   71.116 |   71.117 |   71.103 |   71.117 |   71.141 ||   +0.03   +0.07   -0.01   +0.03   +0.04   +0.04   +0.03   +0.03   +0.01   +0.03   +0.06
       med   |   71.144 |   71.179 |   71.188 |   71.147 |   71.181 |   71.169 |   71.164 |   71.167 |   71.165 |   71.152 |   71.166 |   71.181
1024   64    |  138.496 |  138.503 |  138.523 |  138.495 |  138.510 |  138.512 |  138.522 |  138.508 |  138.530 |  138.499 |  138.528 |  138.545 ||   +0.00   +0.02   -0.00   +0.01   +0.01   +0.02   +0.01   +0.02   +0.00   +0.02   +0.04
       med   |  138.552 |  138.594 |  138.604 |  138.552 |  138.588 |  138.563 |  138.561 |  138.560 |  138.567 |  138.552 |  138.561 |  138.609
4096   256   |  546.831 |  546.852 |  546.846 |  546.842 |  546.837 |  546.856 |  546.864 |  546.862 |  546.865 |  546.841 |  546.852 |  546.851 ||   +0.00   +0.00   +0.00   +0.00   +0.00   +0.01   +0.01   +0.01   +0.00   +0.00   +0.00
       med   |  547.005 |  547.034 |  547.034 |  547.014 |  547.057 |  547.013 |  547.048 |  547.054 |  547.025 |  547.024 |  547.045 |  547.083
=== process order3.3
SELFCHECK OK (256 whole-block lengths 1..256 blk x 12 variants; out/Xi/ivec/ret byte-identical)
bytes  blks  |     base |       t5 |     t4p8 |   baseAA |       t8 |     dsp0 |    t4p8b |       t4 |   dsp0AA |   baseAB |       t7 |   t4p8AA ||      t5%    t4p8%  baseAA%      t8%    dsp0%   t4p8b%      t4%  dsp0AA%  baseAB%      t7%  t4p8AA%
16     1     |   19.617 |   10.550 |   10.545 |   19.622 |   10.537 |   19.627 |   10.547 |   10.534 |   19.623 |   19.622 |   10.545 |   10.526 ||  -46.22  -46.25   +0.03  -46.29   +0.05  -46.23  -46.30   +0.03   +0.03  -46.24  -46.34
       med   |   19.643 |   10.560 |   10.556 |   19.643 |   10.545 |   19.644 |   10.565 |   10.545 |   19.644 |   19.646 |   10.553 |   10.536
32     2     |   19.644 |   11.341 |   11.313 |   19.645 |   11.339 |   19.650 |   11.342 |   11.311 |   19.656 |   19.646 |   11.378 |   11.318 ||  -42.27  -42.41   +0.00  -42.28   +0.03  -42.26  -42.42   +0.06   +0.01  -42.08  -42.38
       med   |   19.662 |   11.350 |   11.322 |   19.662 |   11.346 |   19.671 |   11.394 |   11.317 |   19.672 |   19.662 |   11.389 |   11.327
48     3     |   20.355 |   11.212 |   11.216 |   20.355 |   11.247 |   20.363 |   11.254 |   11.248 |   20.358 |   20.358 |   11.217 |   11.232 ||  -44.92  -44.90   -0.00  -44.75   +0.04  -44.71  -44.74   +0.01   +0.01  -44.89  -44.82
       med   |   20.377 |   11.220 |   11.237 |   20.379 |   11.254 |   20.383 |   11.274 |   11.258 |   20.383 |   20.380 |   11.225 |   11.254
64     4     |   20.948 |   12.153 |   12.147 |   20.953 |   12.156 |   20.961 |   12.154 |   12.151 |   20.958 |   20.949 |   12.147 |   12.162 ||  -41.98  -42.01   +0.03  -41.97   +0.07  -41.98  -41.99   +0.05   +0.01  -42.01  -41.94
       med   |   20.976 |   12.164 |   12.161 |   20.975 |   12.166 |   20.981 |   12.164 |   12.163 |   20.982 |   20.973 |   12.160 |   12.172
80     5     |   21.602 |   13.619 |   21.604 |   21.591 |   13.602 |   21.608 |   21.608 |   21.609 |   21.606 |   21.601 |   13.602 |   21.605 ||  -36.96   +0.01   -0.05  -37.04   +0.03   +0.03   +0.03   +0.02   -0.01  -37.03   +0.01
       med   |   21.627 |   13.633 |   21.632 |   21.628 |   13.619 |   21.634 |   21.631 |   21.633 |   21.633 |   21.626 |   13.620 |   21.628
96     6     |   22.373 |   22.394 |   22.363 |   22.368 |   15.642 |   22.396 |   22.384 |   22.396 |   22.395 |   22.377 |   15.644 |   22.363 ||   +0.09   -0.04   -0.02  -30.08   +0.10   +0.05   +0.10   +0.10   +0.02  -30.07   -0.04
       med   |   22.406 |   22.429 |   22.403 |   22.407 |   15.662 |   22.430 |   22.423 |   22.429 |   22.429 |   22.408 |   15.664 |   22.396
112    7     |   22.835 |   22.751 |   22.828 |   22.834 |   17.523 |   22.752 |   22.839 |   22.757 |   22.862 |   22.849 |   17.528 |   22.839 ||   -0.37   -0.03   -0.00  -23.26   -0.36   +0.02   -0.34   +0.12   +0.06  -23.24   +0.02
       med   |   22.874 |   22.782 |   22.871 |   22.872 |   17.559 |   22.783 |   22.883 |   22.785 |   22.898 |   22.880 |   17.652 |   22.887
128    8     |   21.456 |   21.462 |   19.608 |   21.452 |   19.737 |   21.456 |   19.568 |   21.452 |   21.457 |   21.453 |   21.460 |   19.612 ||   +0.02   -8.62   -0.02   -8.01   -0.00   -8.80   -0.02   +0.00   -0.01   +0.02   -8.60
       med   |   21.481 |   21.485 |   19.623 |   21.479 |   19.743 |   21.487 |   19.592 |   21.485 |   21.485 |   21.480 |   21.487 |   19.625
256    16    |   38.171 |   38.177 |   38.179 |   38.177 |   38.177 |   38.175 |   38.170 |   38.167 |   38.170 |   38.173 |   38.177 |   38.179 ||   +0.02   +0.02   +0.02   +0.02   +0.01   -0.00   -0.01   -0.00   +0.01   +0.02   +0.02
       med   |   38.205 |   38.212 |   38.216 |   38.207 |   38.210 |   38.211 |   38.209 |   38.210 |   38.210 |   38.208 |   38.210 |   38.215
512    32    |   71.111 |   71.116 |   71.142 |   71.096 |   71.123 |   71.119 |   71.119 |   71.119 |   71.120 |   71.104 |   71.009 |   71.127 ||   +0.01   +0.04   -0.02   +0.02   +0.01   +0.01   +0.01   +0.01   -0.01   -0.14   +0.02
       med   |   71.148 |   71.177 |   71.184 |   71.145 |   71.173 |   71.167 |   71.162 |   71.163 |   71.163 |   71.153 |   71.163 |   71.179
1024   64    |  138.495 |  138.495 |  138.545 |  138.494 |  138.495 |  138.502 |  138.509 |  138.500 |  138.500 |  138.500 |  138.497 |  138.546 ||   -0.00   +0.04   -0.00   +0.00   +0.00   +0.01   +0.00   +0.00   +0.00   +0.00   +0.04
       med   |  138.537 |  138.596 |  138.600 |  138.540 |  138.588 |  138.561 |  138.555 |  138.559 |  138.559 |  138.547 |  138.558 |  138.597
4096   256   |  546.846 |  546.845 |  546.875 |  546.830 |  546.822 |  546.857 |  546.876 |  546.842 |  546.851 |  546.832 |  546.862 |  546.846 ||   -0.00   +0.01   -0.00   -0.00   +0.00   +0.01   -0.00   +0.00   -0.00   +0.00   -0.00
       med   |  547.074 |  547.100 |  547.100 |  546.990 |  547.057 |  547.017 |  547.050 |  547.069 |  547.077 |  547.018 |  547.026 |  547.091
=== process order3.4
SELFCHECK OK (256 whole-block lengths 1..256 blk x 12 variants; out/Xi/ivec/ret byte-identical)
bytes  blks  |     base |       t5 |     t4p8 |   baseAA |       t8 |     dsp0 |    t4p8b |       t4 |   dsp0AA |   baseAB |       t7 |   t4p8AA ||      t5%    t4p8%  baseAA%      t8%    dsp0%   t4p8b%      t4%  dsp0AA%  baseAB%      t7%  t4p8AA%
16     1     |   19.618 |   10.547 |   10.544 |   19.621 |   10.537 |   19.622 |   10.551 |   10.536 |   19.626 |   19.622 |   10.541 |   10.527 ||  -46.24  -46.25   +0.02  -46.29   +0.02  -46.22  -46.29   +0.04   +0.02  -46.27  -46.34
       med   |   19.643 |   10.560 |   10.555 |   19.643 |   10.546 |   19.646 |   10.565 |   10.545 |   19.644 |   19.642 |   10.554 |   10.535
32     2     |   19.641 |   11.342 |   11.311 |   19.647 |   11.340 |   19.651 |   11.342 |   11.309 |   19.652 |   19.645 |   11.380 |   11.318 ||  -42.25  -42.41   +0.03  -42.27   +0.05  -42.25  -42.42   +0.06   +0.02  -42.06  -42.38
       med   |   19.661 |   11.350 |   11.322 |   19.661 |   11.346 |   19.672 |   11.394 |   11.316 |   19.673 |   19.663 |   11.389 |   11.326
48     3     |   20.355 |   11.213 |   11.216 |   20.354 |   11.245 |   20.360 |   11.255 |   11.245 |   20.364 |   20.356 |   11.215 |   11.231 ||  -44.91  -44.90   -0.01  -44.76   +0.02  -44.71  -44.75   +0.05   +0.00  -44.90  -44.82
       med   |   20.378 |   11.220 |   11.237 |   20.377 |   11.254 |   20.383 |   11.274 |   11.258 |   20.383 |   20.380 |   11.225 |   11.254
64     4     |   20.952 |   12.154 |   12.152 |   20.955 |   12.157 |   20.961 |   12.155 |   12.154 |   20.953 |   20.944 |   12.151 |   12.163 ||  -41.99  -42.00   +0.01  -41.98   +0.04  -41.99  -41.99   +0.00   -0.04  -42.01  -41.95
       med   |   20.976 |   12.164 |   12.161 |   20.976 |   12.166 |   20.982 |   12.165 |   12.164 |   20.982 |   20.973 |   12.160 |   12.172
80     5     |   21.601 |   13.620 |   21.607 |   21.601 |   13.597 |   21.607 |   21.606 |   21.608 |   21.615 |   21.605 |   13.602 |   21.609 ||  -36.95   +0.03   -0.00  -37.05   +0.03   +0.02   +0.03   +0.06   +0.02  -37.03   +0.04
       med   |   21.626 |   13.633 |   21.630 |   21.626 |   13.619 |   21.635 |   21.631 |   21.633 |   21.635 |   21.628 |   13.620 |   21.628
96     6     |   22.378 |   22.401 |   22.362 |   22.376 |   15.642 |   22.394 |   22.384 |   22.397 |   22.399 |   22.377 |   15.640 |   22.364 ||   +0.10   -0.07   -0.01  -30.10   +0.07   +0.03   +0.08   +0.09   -0.00  -30.11   -0.06
       med   |   22.407 |   22.430 |   22.401 |   22.406 |   15.661 |   22.430 |   22.423 |   22.429 |   22.428 |   22.408 |   15.664 |   22.395
112    7     |   22.835 |   22.760 |   22.835 |   22.832 |   17.523 |   22.743 |   22.846 |   22.748 |   22.858 |   22.847 |   17.526 |   22.851 ||   -0.33   -0.00   -0.01  -23.26   -0.40   +0.05   -0.38   +0.10   +0.05  -23.25   +0.07
       med   |   22.873 |   22.782 |   22.870 |   22.873 |   17.558 |   22.782 |   22.883 |   22.783 |   22.900 |   22.882 |   17.653 |   22.887
128    8     |   21.454 |   21.463 |   19.604 |   21.455 |   19.736 |   21.465 |   19.568 |   21.457 |   21.461 |   21.446 |   21.457 |   19.611 ||   +0.04   -8.62   +0.01   -8.01   +0.05   -8.79   +0.01   +0.03   -0.04   +0.01   -8.59
       med   |   21.481 |   21.486 |   19.624 |   21.481 |   19.743 |   21.485 |   19.594 |   21.484 |   21.486 |   21.479 |   21.486 |   19.627
256    16    |   38.172 |   38.179 |   38.177 |   38.176 |   38.183 |   38.180 |   38.164 |   38.169 |   38.176 |   38.170 |   38.172 |   38.176 ||   +0.02   +0.01   +0.01   +0.03   +0.02   -0.02   -0.01   +0.01   -0.01   -0.00   +0.01
       med   |   38.208 |   38.211 |   38.216 |   38.205 |   38.212 |   38.211 |   38.210 |   38.210 |   38.210 |   38.209 |   38.210 |   38.216
512    32    |   71.040 |   70.951 |   71.136 |   71.104 |   71.107 |   71.122 |   71.118 |   71.125 |   71.111 |   71.088 |   71.080 |   70.951 ||   -0.13   +0.13   +0.09   +0.09   +0.11   +0.11   +0.12   +0.10   +0.07   +0.06   -0.13
       med   |   71.143 |   71.171 |   71.184 |   71.145 |   71.169 |   71.161 |   71.158 |   71.160 |   71.157 |   71.150 |   71.162 |   71.179
1024   64    |  138.498 |  138.504 |  138.508 |  138.496 |  138.498 |  138.503 |  138.515 |  138.501 |  138.506 |  138.500 |  138.517 |  138.501 ||   +0.00   +0.01   -0.00   +0.00   +0.00   +0.01   +0.00   +0.01   +0.00   +0.01   +0.00
       med   |  138.534 |  138.596 |  138.600 |  138.547 |  138.584 |  138.571 |  138.568 |  138.570 |  138.569 |  138.548 |  138.570 |  138.605
4096   256   |  546.854 |  546.852 |  546.820 |  546.823 |  546.849 |  546.859 |  546.882 |  546.813 |  546.864 |  546.831 |  546.835 |  546.851 ||   -0.00   -0.01   -0.01   -0.00   +0.00   +0.01   -0.01   +0.00   -0.00   -0.00   -0.00
       med   |  547.102 |  547.083 |  547.037 |  547.004 |  547.059 |  547.066 |  547.093 |  547.032 |  547.003 |  547.003 |  547.035 |  547.106
=== process order3.5
SELFCHECK OK (256 whole-block lengths 1..256 blk x 12 variants; out/Xi/ivec/ret byte-identical)
bytes  blks  |     base |       t5 |     t4p8 |   baseAA |       t8 |     dsp0 |    t4p8b |       t4 |   dsp0AA |   baseAB |       t7 |   t4p8AA ||      t5%    t4p8%  baseAA%      t8%    dsp0%   t4p8b%      t4%  dsp0AA%  baseAB%      t7%  t4p8AA%
16     1     |   19.617 |   10.549 |   10.543 |   19.616 |   10.533 |   19.621 |   10.549 |   10.534 |   19.625 |   19.617 |   10.544 |   10.527 ||  -46.22  -46.26   -0.01  -46.31   +0.02  -46.23  -46.30   +0.04   -0.00  -46.25  -46.34
       med   |   19.641 |   10.560 |   10.556 |   19.643 |   10.545 |   19.645 |   10.565 |   10.545 |   19.645 |   19.642 |   10.554 |   10.536
32     2     |   19.640 |   11.342 |   11.313 |   19.642 |   11.340 |   19.654 |   11.340 |   11.309 |   19.657 |   19.644 |   11.380 |   11.317 ||  -42.25  -42.39   +0.01  -42.26   +0.07  -42.26  -42.42   +0.09   +0.02  -42.05  -42.37
       med   |   19.661 |   11.350 |   11.323 |   19.662 |   11.346 |   19.673 |   11.395 |   11.318 |   19.673 |   19.662 |   11.389 |   11.327
48     3     |   20.358 |   11.212 |   11.214 |   20.356 |   11.242 |   20.363 |   11.255 |   11.248 |   20.359 |   20.357 |   11.216 |   11.234 ||  -44.93  -44.92   -0.01  -44.78   +0.02  -44.72  -44.75   +0.00   -0.01  -44.91  -44.82
       med   |   20.377 |   11.221 |   11.237 |   20.377 |   11.254 |   20.383 |   11.275 |   11.258 |   20.384 |   20.378 |   11.225 |   11.255
64     4     |   20.956 |   12.153 |   12.152 |   20.953 |   12.156 |   20.957 |   12.155 |   12.155 |   20.955 |   20.954 |   12.150 |   12.162 ||  -42.01  -42.01   -0.01  -41.99   +0.00  -42.00  -42.00   -0.00   -0.01  -42.02  -41.97
       med   |   20.976 |   12.164 |   12.162 |   20.975 |   12.166 |   20.980 |   12.164 |   12.163 |   20.980 |   20.973 |   12.159 |   12.171
80     5     |   21.599 |   13.619 |   21.609 |   21.601 |   13.598 |   21.611 |   21.597 |   21.604 |   21.611 |   21.599 |   13.601 |   21.601 ||  -36.95   +0.05   +0.01  -37.04   +0.06   -0.01   +0.02   +0.06   -0.00  -37.03   +0.01
       med   |   21.627 |   13.633 |   21.631 |   21.626 |   13.619 |   21.634 |   21.631 |   21.636 |   21.634 |   21.626 |   13.623 |   21.629
96     6     |   22.365 |   22.395 |   22.365 |   22.368 |   15.641 |   22.392 |   22.381 |   22.392 |   22.397 |   22.375 |   15.644 |   22.368 ||   +0.13   -0.00   +0.01  -30.07   +0.12   +0.07   +0.12   +0.14   +0.04  -30.05   +0.01
       med   |   22.407 |   22.429 |   22.404 |   22.406 |   15.662 |   22.430 |   22.421 |   22.429 |   22.429 |   22.407 |   15.663 |   22.396
112    7     |   22.843 |   22.748 |   22.835 |   22.842 |   17.529 |   22.749 |   22.843 |   22.744 |   22.864 |   22.846 |   17.528 |   22.840 ||   -0.42   -0.04   -0.01  -23.26   -0.41   +0.00   -0.43   +0.09   +0.01  -23.27   -0.01
       med   |   22.871 |   22.783 |   22.870 |   22.872 |   17.558 |   22.783 |   22.882 |   22.782 |   22.898 |   22.883 |   17.655 |   22.885
128    8     |   21.455 |   21.463 |   19.609 |   21.455 |   19.737 |   21.457 |   19.571 |   21.460 |   21.456 |   21.452 |   21.461 |   19.612 ||   +0.04   -8.60   -0.00   -8.01   +0.01   -8.78   +0.03   +0.01   -0.01   +0.03   -8.59
       med   |   21.481 |   21.485 |   19.622 |   21.479 |   19.743 |   21.487 |   19.592 |   21.484 |   21.487 |   21.480 |   21.485 |   19.627
256    16    |   38.168 |   38.169 |   38.175 |   38.170 |   38.181 |   38.175 |   38.170 |   38.170 |   38.178 |   38.168 |   38.164 |   38.183 ||   +0.00   +0.02   +0.00   +0.03   +0.02   +0.00   +0.00   +0.02   -0.00   -0.01   +0.04
       med   |   38.207 |   38.212 |   38.216 |   38.207 |   38.213 |   38.210 |   38.211 |   38.211 |   38.211 |   38.210 |   38.210 |   38.217
512    32    |   70.702 |   71.115 |   71.140 |   70.975 |   71.125 |   71.112 |   71.119 |   71.120 |   71.099 |   71.091 |   71.121 |   71.133 ||   +0.58   +0.62   +0.39   +0.60   +0.58   +0.59   +0.59   +0.56   +0.55   +0.59   +0.61
       med   |   71.145 |   71.173 |   71.186 |   71.143 |   71.171 |   71.162 |   71.161 |   71.162 |   71.165 |   71.154 |   71.161 |   71.181
1024   64    |  138.499 |  138.500 |  138.505 |  138.496 |  138.500 |  138.508 |  138.542 |  138.512 |  138.532 |  138.494 |  138.529 |  138.512 ||   +0.00   +0.00   -0.00   +0.00   +0.01   +0.03   +0.01   +0.02   -0.00   +0.02   +0.01
       med   |  138.544 |  138.605 |  138.607 |  138.536 |  138.608 |  138.579 |  138.573 |  138.570 |  138.569 |  138.556 |  138.568 |  138.614
4096   256   |  546.833 |  546.857 |  546.834 |  546.822 |  546.833 |  546.851 |  546.848 |  546.843 |  546.875 |  546.861 |  546.882 |  546.872 ||   +0.00   +0.00   -0.00   +0.00   +0.00   +0.00   +0.00   +0.01   +0.01   +0.01   +0.01
       med   |  547.021 |  547.049 |  547.104 |  547.042 |  547.081 |  547.030 |  547.045 |  547.009 |  547.087 |  547.064 |  547.086 |  547.090
