=== process order1.1
SELFCHECK OK (256 whole-block lengths 1..256 blk x 12 variants; out/Xi/ivec/ret byte-identical)
bytes  blks  |     base |   baseAA |   baseAB |     dsp0 |   dsp0AA |       t4 |       t5 |       t7 |       t8 |     t4p8 |   t4p8AA |    t4p8b ||  baseAA%  baseAB%    dsp0%  dsp0AA%      t4%      t5%      t7%      t8%    t4p8%  t4p8AA%   t4p8b%
16     1     |   26.242 |   26.194 |   26.269 |   26.639 |   26.445 |   13.940 |   13.874 |   13.938 |   13.881 |   13.895 |   13.888 |   13.907 ||   -0.18   +0.10   +1.51   +0.77  -46.88  -47.13  -46.89  -47.10  -47.05  -47.08  -47.00
       med   |   26.792 |   27.078 |   26.789 |   27.633 |   27.574 |   13.954 |   13.936 |   13.950 |   13.938 |   13.943 |   13.943 |   13.927
32     2     |   26.442 |   26.495 |   26.444 |   26.414 |   26.433 |   14.894 |   14.802 |   14.844 |   14.857 |   14.848 |   14.851 |   14.860 ||   +0.20   +0.01   -0.11   -0.03  -43.67  -44.02  -43.86  -43.81  -43.85  -43.84  -43.80
       med   |   26.688 |   26.662 |   26.713 |   26.687 |   26.664 |   14.906 |   14.870 |   14.862 |   14.888 |   14.873 |   14.868 |   14.935
48     3     |   27.557 |   27.728 |   27.469 |   27.731 |   27.708 |   15.514 |   15.556 |   15.519 |   15.479 |   15.494 |   15.494 |   15.551 ||   +0.62   -0.32   +0.63   +0.55  -43.70  -43.55  -43.68  -43.83  -43.78  -43.78  -43.57
       med   |   28.036 |   27.946 |   28.027 |   27.994 |   27.982 |   15.707 |   15.568 |   15.546 |   15.509 |   15.518 |   15.518 |   15.576
64     4     |   28.904 |   28.899 |   28.888 |   28.867 |   28.912 |   17.047 |   17.074 |   17.024 |   17.030 |   16.976 |   16.973 |   17.161 ||   -0.02   -0.06   -0.13   +0.03  -41.02  -40.93  -41.10  -41.08  -41.27  -41.28  -40.63
       med   |   29.055 |   29.089 |   29.152 |   29.066 |   29.189 |   17.066 |   17.217 |   17.042 |   17.078 |   17.054 |   17.093 |   17.483
80     5     |   29.947 |   29.989 |   29.963 |   30.128 |   30.052 |   30.117 |   19.743 |   19.645 |   19.589 |   30.114 |   30.110 |   30.052 ||   +0.14   +0.05   +0.61   +0.35   +0.57  -34.07  -34.40  -34.59   +0.56   +0.54   +0.35
       med   |   30.099 |   30.155 |   30.180 |   30.328 |   30.318 |   30.226 |   19.832 |   20.040 |   20.124 |   30.189 |   30.225 |   30.201
96     6     |   30.908 |   30.861 |   30.906 |   30.826 |   30.879 |   30.826 |   30.855 |   21.736 |   21.768 |   30.875 |   30.944 |   31.059 ||   -0.15   -0.01   -0.27   -0.10   -0.27   -0.17  -29.68  -29.57   -0.11   +0.11   +0.49
       med   |   31.087 |   30.986 |   31.100 |   31.104 |   31.089 |   31.018 |   31.051 |   22.264 |   22.253 |   31.061 |   31.134 |   31.202
112    7     |   31.814 |   31.643 |   31.819 |   31.867 |   31.762 |   31.864 |   31.753 |   24.634 |   24.705 |   31.777 |   31.787 |   31.941 ||   -0.54   +0.02   +0.17   -0.16   +0.16   -0.19  -22.57  -22.34   -0.12   -0.09   +0.40
       med   |   32.120 |   31.965 |   32.038 |   32.003 |   32.128 |   31.962 |   32.105 |   25.133 |   25.143 |   31.969 |   32.121 |   32.059
128    8     |   30.090 |   29.860 |   30.087 |   29.941 |   30.122 |   29.933 |   30.098 |   29.951 |   27.088 |   27.183 |   27.170 |   26.935 ||   -0.76   -0.01   -0.50   +0.11   -0.52   +0.03   -0.46   -9.98   -9.66   -9.70  -10.49
       med   |   30.219 |   30.185 |   30.294 |   30.287 |   30.368 |   30.135 |   30.259 |   30.263 |   27.382 |   27.496 |   27.507 |   27.905
256    16    |   52.191 |   52.431 |   52.261 |   52.228 |   52.119 |   52.225 |   51.960 |   52.236 |   52.178 |   52.649 |   52.408 |   52.314 ||   +0.46   +0.13   +0.07   -0.14   +0.07   -0.44   +0.09   -0.02   +0.88   +0.42   +0.24
       med   |   52.703 |   52.946 |   52.823 |   52.731 |   52.581 |   52.699 |   52.696 |   52.756 |   52.583 |   53.070 |   52.839 |   52.829
512    32    |   94.844 |   95.305 |   95.093 |   94.715 |   94.972 |   94.016 |   94.937 |   94.263 |   93.977 |   95.325 |   95.032 |   94.983 ||   +0.49   +0.26   -0.14   +0.13   -0.87   +0.10   -0.61   -0.91   +0.51   +0.20   +0.15
       med   |   95.903 |   96.225 |   95.972 |   95.645 |   95.855 |   95.828 |   95.884 |   95.594 |   95.676 |   96.445 |   96.118 |   95.758
1024   64    |  179.529 |  180.690 |  179.733 |  179.069 |  179.403 |  179.689 |  179.577 |  179.469 |  179.885 |  180.380 |  180.729 |  179.882 ||   +0.65   +0.11   -0.26   -0.07   +0.09   +0.03   -0.03   +0.20   +0.47   +0.67   +0.20
       med   |  182.291 |  182.810 |  182.137 |  181.286 |  181.700 |  181.736 |  181.531 |  181.386 |  181.514 |  183.093 |  182.606 |  181.388
4096   256   |  693.152 |  691.754 |  694.743 |  692.038 |  691.139 |  692.312 |  691.038 |  692.103 |  691.442 |  694.626 |  693.883 |  691.371 ||   -0.20   +0.23   -0.16   -0.29   -0.12   -0.30   -0.15   -0.25   +0.21   +0.11   -0.26
       med   |  699.323 |  700.052 |  699.855 |  694.760 |  695.441 |  696.466 |  694.412 |  695.130 |  695.682 |  699.337 |  698.233 |  694.045
=== process order1.2
SELFCHECK OK (256 whole-block lengths 1..256 blk x 12 variants; out/Xi/ivec/ret byte-identical)
bytes  blks  |     base |   baseAA |   baseAB |     dsp0 |   dsp0AA |       t4 |       t5 |       t7 |       t8 |     t4p8 |   t4p8AA |    t4p8b ||  baseAA%  baseAB%    dsp0%  dsp0AA%      t4%      t5%      t7%      t8%    t4p8%  t4p8AA%   t4p8b%
16     1     |   26.139 |   26.165 |   26.144 |   26.575 |   26.300 |   13.943 |   13.871 |   13.937 |   13.874 |   13.899 |   13.887 |   13.910 ||   +0.10   +0.02   +1.67   +0.62  -46.66  -46.93  -46.68  -46.92  -46.83  -46.87  -46.79
       med   |   26.738 |   27.028 |   26.716 |   27.631 |   27.567 |   13.952 |   13.947 |   13.948 |   13.940 |   13.942 |   13.943 |   13.926
32     2     |   26.456 |   26.476 |   26.440 |   26.413 |   26.439 |   14.895 |   14.804 |   14.846 |   14.856 |   14.846 |   14.853 |   14.837 ||   +0.08   -0.06   -0.16   -0.06  -43.70  -44.04  -43.88  -43.84  -43.88  -43.86  -43.92
       med   |   26.683 |   26.648 |   26.726 |   26.624 |   26.643 |   14.905 |   14.870 |   14.861 |   14.887 |   14.873 |   14.868 |   14.903
48     3     |   27.628 |   27.718 |   27.496 |   27.748 |   27.691 |   15.523 |   15.555 |   15.519 |   15.477 |   15.488 |   15.495 |   15.549 ||   +0.33   -0.48   +0.44   +0.23  -43.82  -43.70  -43.83  -43.98  -43.94  -43.92  -43.72
       med   |   27.992 |   27.945 |   27.973 |   27.894 |   27.978 |   15.726 |   15.567 |   15.534 |   15.564 |   15.567 |   15.512 |   15.564
64     4     |   28.908 |   28.884 |   28.911 |   28.860 |   28.902 |   17.045 |   17.077 |   17.028 |   17.031 |   16.974 |   16.973 |   17.157 ||   -0.08   +0.01   -0.17   -0.02  -41.04  -40.93  -41.10  -41.09  -41.28  -41.29  -40.65
       med   |   29.018 |   29.080 |   29.118 |   29.167 |   29.111 |   17.070 |   17.194 |   17.052 |   17.046 |   16.992 |   16.988 |   17.478
80     5     |   29.951 |   29.975 |   29.971 |   30.121 |   30.018 |   30.119 |   19.757 |   19.620 |   19.587 |   30.107 |   30.093 |   30.057 ||   +0.08   +0.07   +0.57   +0.22   +0.56  -34.04  -34.49  -34.60   +0.52   +0.48   +0.35
       med   |   30.013 |   30.142 |   30.220 |   30.348 |   30.319 |   30.170 |   19.805 |   19.797 |   20.121 |   30.181 |   30.212 |   30.202
96     6     |   30.920 |   30.860 |   30.896 |   30.843 |   30.858 |   30.785 |   30.864 |   21.735 |   21.769 |   30.939 |   30.948 |   31.062 ||   -0.19   -0.08   -0.25   -0.20   -0.44   -0.18  -29.71  -29.60   +0.06   +0.09   +0.46
       med   |   31.042 |   31.018 |   31.079 |   31.119 |   31.041 |   31.013 |   31.072 |   22.217 |   22.253 |   31.070 |   31.128 |   31.259
112    7     |   31.813 |   31.708 |   31.811 |   31.875 |   31.769 |   31.871 |   31.761 |   24.625 |   24.780 |   31.781 |   31.785 |   31.954 ||   -0.33   -0.01   +0.20   -0.14   +0.18   -0.16  -22.59  -22.10   -0.10   -0.09   +0.45
       med   |   32.030 |   31.925 |   32.082 |   32.014 |   32.093 |   31.990 |   32.110 |   25.075 |   25.141 |   31.962 |   32.155 |   32.071
128    8     |   30.042 |   30.034 |   30.108 |   29.938 |   30.107 |   29.932 |   30.092 |   29.933 |   27.230 |   27.386 |   27.174 |   27.268 ||   -0.03   +0.22   -0.34   +0.22   -0.36   +0.17   -0.36   -9.36   -8.84   -9.55   -9.23
       med   |   30.216 |   30.177 |   30.253 |   30.301 |   30.372 |   30.078 |   30.261 |   30.266 |   27.387 |   27.509 |   27.496 |   27.908
256    16    |   52.191 |   52.356 |   52.194 |   52.228 |   52.047 |   52.228 |   52.102 |   52.221 |   52.002 |   52.518 |   51.802 |   52.063 ||   +0.32   +0.00   +0.07   -0.28   +0.07   -0.17   +0.06   -0.36   +0.63   -0.75   -0.25
       med   |   52.757 |   52.990 |   52.819 |   52.701 |   52.633 |   52.644 |   52.704 |   52.665 |   52.522 |   53.099 |   52.875 |   52.831
512    32    |   94.764 |   95.329 |   94.921 |   94.302 |   94.904 |   94.484 |   94.809 |   94.444 |   93.578 |   95.666 |   94.916 |   94.935 ||   +0.60   +0.17   -0.49   +0.15   -0.30   +0.05   -0.34   -1.25   +0.95   +0.16   +0.18
       med   |   95.987 |   96.184 |   96.060 |   95.543 |   95.784 |   95.833 |   95.974 |   95.628 |   95.447 |   96.512 |   96.131 |   95.670
1024   64    |  179.765 |  180.417 |  179.897 |  179.330 |  179.986 |  179.584 |  180.024 |  179.684 |  179.746 |  181.104 |  179.827 |  180.020 ||   +0.36   +0.07   -0.24   +0.12   -0.10   +0.14   -0.05   -0.01   +0.74   +0.03   +0.14
       med   |  182.400 |  182.877 |  182.281 |  181.251 |  181.695 |  181.696 |  181.513 |  181.436 |  181.477 |  183.136 |  182.336 |  181.502
4096   256   |  694.198 |  692.390 |  693.523 |  691.547 |  690.110 |  692.223 |  690.593 |  691.154 |  691.080 |  693.283 |  692.502 |  691.106 ||   -0.26   -0.10   -0.38   -0.59   -0.28   -0.52   -0.44   -0.45   -0.13   -0.24   -0.45
       med   |  699.453 |  699.713 |  699.329 |  694.452 |  695.058 |  696.040 |  694.462 |  695.168 |  695.634 |  699.091 |  698.327 |  693.971
=== process order1.3
SELFCHECK OK (256 whole-block lengths 1..256 blk x 12 variants; out/Xi/ivec/ret byte-identical)
bytes  blks  |     base |   baseAA |   baseAB |     dsp0 |   dsp0AA |       t4 |       t5 |       t7 |       t8 |     t4p8 |   t4p8AA |    t4p8b ||  baseAA%  baseAB%    dsp0%  dsp0AA%      t4%      t5%      t7%      t8%    t4p8%  t4p8AA%   t4p8b%
16     1     |   26.135 |   26.183 |   26.153 |   26.562 |   26.336 |   13.940 |   13.871 |   13.938 |   13.881 |   13.885 |   13.890 |   13.909 ||   +0.18   +0.07   +1.63   +0.77  -46.66  -46.92  -46.67  -46.89  -46.87  -46.85  -46.78
       med   |   26.754 |   27.004 |   26.769 |   27.628 |   27.453 |   13.953 |   13.948 |   13.949 |   13.939 |   13.943 |   13.944 |   13.931
32     2     |   26.451 |   26.494 |   26.461 |   26.416 |   26.434 |   14.843 |   14.801 |   14.848 |   14.850 |   14.849 |   14.850 |   14.831 ||   +0.16   +0.04   -0.13   -0.06  -43.89  -44.04  -43.87  -43.86  -43.86  -43.86  -43.93
       med   |   26.693 |   26.683 |   26.733 |   26.735 |   26.673 |   14.906 |   14.870 |   14.861 |   14.888 |   14.873 |   14.869 |   14.937
48     3     |   27.763 |   27.724 |   27.716 |   27.722 |   27.710 |   15.521 |   15.556 |   15.518 |   15.474 |   15.495 |   15.493 |   15.549 ||   -0.14   -0.17   -0.15   -0.19  -44.09  -43.97  -44.10  -44.26  -44.19  -44.19  -43.99
       med   |   28.103 |   27.964 |   28.023 |   28.045 |   28.042 |   15.707 |   15.568 |   15.535 |   15.503 |   15.512 |   15.508 |   15.566
64     4     |   28.937 |   28.892 |   28.928 |   28.861 |   28.900 |   17.051 |   17.072 |   17.026 |   17.034 |   16.977 |   16.976 |   17.167 ||   -0.16   -0.03   -0.26   -0.13  -41.08  -41.00  -41.16  -41.13  -41.33  -41.34  -40.67
       med   |   29.096 |   29.094 |   29.114 |   29.154 |   29.203 |   17.089 |   17.129 |   17.223 |   17.054 |   17.052 |   17.179 |   17.485
80     5     |   29.951 |   29.987 |   29.954 |   30.124 |   30.053 |   30.119 |   19.623 |   19.626 |   19.581 |   30.106 |   30.059 |   30.049 ||   +0.12   +0.01   +0.58   +0.34   +0.56  -34.48  -34.47  -34.62   +0.52   +0.36   +0.33
       med   |   30.158 |   30.139 |   30.255 |   30.369 |   30.368 |   30.238 |   19.832 |   19.944 |   19.998 |   30.185 |   30.232 |   30.198
96     6     |   30.899 |   30.861 |   30.933 |   30.852 |   30.888 |   30.824 |   30.866 |   21.736 |   21.927 |   30.945 |   30.947 |   31.051 ||   -0.12   +0.11   -0.15   -0.03   -0.24   -0.11  -29.65  -29.03   +0.15   +0.16   +0.49
       med   |   31.122 |   31.013 |   31.100 |   31.146 |   31.093 |   31.053 |   31.031 |   22.283 |   22.292 |   31.058 |   31.227 |   31.222
112    7     |   31.818 |   31.694 |   31.822 |   31.827 |   31.755 |   31.870 |   31.753 |   24.623 |   24.569 |   31.783 |   31.793 |   31.961 ||   -0.39   +0.01   +0.03   -0.20   +0.16   -0.20  -22.62  -22.78   -0.11   -0.08   +0.45
       med   |   32.039 |   32.001 |   32.107 |   32.018 |   32.112 |   31.995 |   32.102 |   25.058 |   25.077 |   31.979 |   32.155 |   32.072
128    8     |   30.089 |   30.037 |   30.111 |   29.946 |   30.118 |   29.940 |   30.098 |   29.941 |   27.221 |   27.169 |   27.173 |   26.553 ||   -0.17   +0.08   -0.47   +0.10   -0.49   +0.03   -0.49   -9.53   -9.70   -9.69  -11.75
       med   |   30.215 |   30.187 |   30.247 |   30.353 |   30.386 |   30.139 |   30.306 |   30.253 |   27.385 |   27.523 |   27.519 |   27.904
256    16    |   52.191 |   52.444 |   52.129 |   51.993 |   52.078 |   52.235 |   52.148 |   52.066 |   52.075 |   52.678 |   51.901 |   52.378 ||   +0.49   -0.12   -0.38   -0.22   +0.09   -0.08   -0.24   -0.22   +0.93   -0.55   +0.36
       med   |   52.821 |   52.953 |   52.862 |   52.751 |   52.592 |   52.702 |   52.671 |   52.646 |   52.599 |   53.083 |   52.848 |   52.814
512    32    |   95.150 |   95.301 |   95.077 |   94.441 |   94.335 |   94.826 |   94.946 |   94.439 |   94.092 |   95.643 |   95.353 |   95.094 ||   +0.16   -0.08   -0.75   -0.86   -0.34   -0.22   -0.75   -1.11   +0.52   +0.21   -0.06
       med   |   96.075 |   96.113 |   95.914 |   95.703 |   95.672 |   95.897 |   95.848 |   95.555 |   95.745 |   96.536 |   96.173 |   95.793
1024   64    |  180.077 |  180.675 |  180.016 |  179.488 |  179.450 |  179.993 |  179.964 |  179.161 |  179.480 |  180.623 |  179.926 |  179.702 ||   +0.33   -0.03   -0.33   -0.35   -0.05   -0.06   -0.51   -0.33   +0.30   -0.08   -0.21
       med   |  182.441 |  182.764 |  182.245 |  181.272 |  181.505 |  181.727 |  181.443 |  181.359 |  181.462 |  183.096 |  182.645 |  181.498
4096   256   |  693.329 |  694.280 |  694.029 |  692.058 |  691.008 |  690.220 |  691.227 |  690.854 |  690.941 |  694.664 |  693.713 |  691.649 ||   +0.14   +0.10   -0.18   -0.33   -0.45   -0.30   -0.36   -0.34   +0.19   +0.06   -0.24
       med   |  699.419 |  699.760 |  699.302 |  694.826 |  695.241 |  696.089 |  694.643 |  694.904 |  695.465 |  699.179 |  698.082 |  693.958
=== process order1.4
SELFCHECK OK (256 whole-block lengths 1..256 blk x 12 variants; out/Xi/ivec/ret byte-identical)
bytes  blks  |     base |   baseAA |   baseAB |     dsp0 |   dsp0AA |       t4 |       t5 |       t7 |       t8 |     t4p8 |   t4p8AA |    t4p8b ||  baseAA%  baseAB%    dsp0%  dsp0AA%      t4%      t5%      t7%      t8%    t4p8%  t4p8AA%   t4p8b%
16     1     |   26.239 |   26.336 |   26.250 |   26.644 |   26.433 |   13.945 |   13.873 |   13.939 |   13.876 |   13.933 |   13.891 |   13.910 ||   +0.37   +0.04   +1.54   +0.74  -46.86  -47.13  -46.88  -47.12  -46.90  -47.06  -46.99
       med   |   26.776 |   27.046 |   26.727 |   27.641 |   27.512 |   13.953 |   13.921 |   13.949 |   13.939 |   13.943 |   13.943 |   13.928
32     2     |   26.447 |   26.466 |   26.524 |   26.415 |   26.434 |   14.883 |   14.799 |   14.850 |   14.858 |   14.849 |   14.853 |   14.831 ||   +0.07   +0.29   -0.12   -0.05  -43.72  -44.04  -43.85  -43.82  -43.85  -43.84  -43.92
       med   |   26.749 |   26.669 |   26.734 |   26.688 |   26.673 |   14.906 |   14.870 |   14.861 |   14.888 |   14.873 |   14.889 |   14.922
48     3     |   27.761 |   27.715 |   27.746 |   27.723 |   27.705 |   15.520 |   15.554 |   15.518 |   15.476 |   15.493 |   15.493 |   15.553 ||   -0.16   -0.06   -0.14   -0.20  -44.09  -43.97  -44.10  -44.25  -44.19  -44.19  -43.97
       med   |   28.103 |   27.862 |   28.017 |   27.905 |   27.987 |   15.726 |   15.567 |   15.534 |   15.571 |   15.508 |   15.512 |   15.565
64     4     |   28.921 |   28.879 |   28.913 |   28.859 |   28.907 |   17.045 |   17.067 |   17.026 |   17.033 |   16.969 |   16.973 |   17.166 ||   -0.14   -0.03   -0.21   -0.05  -41.06  -40.99  -41.13  -41.10  -41.33  -41.31  -40.64
       med   |   29.065 |   29.056 |   29.103 |   29.172 |   29.190 |   17.076 |   17.119 |   17.225 |   17.055 |   17.053 |   17.210 |   17.484
80     5     |   29.960 |   29.975 |   29.954 |   30.128 |   30.049 |   30.119 |   19.594 |   19.644 |   19.577 |   30.107 |   30.112 |   30.053 ||   +0.05   -0.02   +0.56   +0.30   +0.53  -34.60  -34.43  -34.65   +0.49   +0.51   +0.31
       med   |   30.142 |   30.157 |   30.154 |   30.365 |   30.308 |   30.219 |   19.989 |   19.764 |   20.092 |   30.171 |   30.233 |   30.245
96     6     |   30.901 |   30.843 |   30.887 |   30.830 |   30.883 |   30.821 |   30.865 |   21.739 |   21.777 |   30.944 |   30.949 |   31.062 ||   -0.19   -0.04   -0.23   -0.06   -0.26   -0.11  -29.65  -29.53   +0.14   +0.16   +0.52
       med   |   31.127 |   30.950 |   31.133 |   31.105 |   31.104 |   31.045 |   31.047 |   22.283 |   22.259 |   31.056 |   31.208 |   31.218
112    7     |   31.822 |   31.711 |   31.812 |   31.862 |   31.765 |   31.869 |   31.756 |   24.624 |   24.742 |   31.777 |   31.783 |   31.961 ||   -0.35   -0.03   +0.13   -0.18   +0.15   -0.21  -22.62  -22.25   -0.14   -0.12   +0.44
       med   |   32.038 |   31.980 |   32.089 |   32.008 |   32.133 |   31.953 |   32.105 |   25.068 |   25.079 |   31.967 |   32.134 |   32.071
128    8     |   30.100 |   30.032 |   30.058 |   29.942 |   30.090 |   29.932 |   30.096 |   29.937 |   27.072 |   27.180 |   27.173 |   27.174 ||   -0.23   -0.14   -0.52   -0.03   -0.56   -0.01   -0.54  -10.06   -9.70   -9.72   -9.72
       med   |   30.227 |   30.181 |   30.256 |   30.350 |   30.376 |   30.140 |   30.254 |   30.254 |   27.390 |   27.509 |   27.500 |   27.877
256    16    |   52.176 |   52.379 |   52.105 |   52.215 |   51.752 |   52.232 |   52.059 |   52.235 |   52.028 |   52.471 |   52.423 |   52.390 ||   +0.39   -0.14   +0.07   -0.81   +0.11   -0.23   +0.11   -0.28   +0.56   +0.47   +0.41
       med   |   52.739 |   52.943 |   52.800 |   52.688 |   52.565 |   52.720 |   52.719 |   52.729 |   52.547 |   53.127 |   52.892 |   52.871
512    32    |   94.829 |   95.162 |   94.803 |   94.520 |   94.824 |   94.439 |   94.234 |   94.468 |   94.785 |   95.658 |   95.319 |   94.919 ||   +0.35   -0.03   -0.33   -0.01   -0.41   -0.63   -0.38   -0.05   +0.87   +0.52   +0.09
       med   |   96.080 |   96.089 |   95.944 |   95.521 |   95.635 |   95.802 |   95.574 |   95.676 |   95.619 |   96.507 |   96.146 |   95.686
1024   64    |  179.916 |  180.183 |  180.011 |  178.786 |  179.830 |  179.841 |  179.250 |  179.945 |  179.629 |  181.114 |  180.435 |  179.611 ||   +0.15   +0.05   -0.63   -0.05   -0.04   -0.37   +0.02   -0.16   +0.67   +0.29   -0.17
       med   |  182.415 |  182.703 |  182.183 |  181.268 |  181.431 |  181.560 |  181.547 |  181.331 |  181.479 |  183.044 |  182.571 |  181.472
4096   256   |  694.417 |  694.379 |  692.480 |  690.609 |  691.165 |  692.628 |  691.164 |  691.776 |  691.101 |  694.247 |  693.317 |  691.725 ||   -0.01   -0.28   -0.55   -0.47   -0.26   -0.47   -0.38   -0.48   -0.02   -0.16   -0.39
       med   |  699.358 |  699.734 |  699.688 |  694.565 |  695.346 |  695.913 |  694.623 |  695.057 |  695.120 |  699.368 |  698.073 |  694.343
=== process order1.5
SELFCHECK OK (256 whole-block lengths 1..256 blk x 12 variants; out/Xi/ivec/ret byte-identical)
bytes  blks  |     base |   baseAA |   baseAB |     dsp0 |   dsp0AA |       t4 |       t5 |       t7 |       t8 |     t4p8 |   t4p8AA |    t4p8b ||  baseAA%  baseAB%    dsp0%  dsp0AA%      t4%      t5%      t7%      t8%    t4p8%  t4p8AA%   t4p8b%
16     1     |   26.312 |   26.206 |   26.335 |   26.822 |   26.473 |   13.944 |   13.874 |   13.940 |   13.881 |   13.891 |   13.888 |   13.909 ||   -0.40   +0.09   +1.94   +0.61  -47.00  -47.27  -47.02  -47.25  -47.21  -47.22  -47.14
       med   |   26.530 |   26.730 |   26.534 |   27.244 |   27.325 |   13.953 |   13.947 |   13.949 |   13.941 |   13.943 |   13.943 |   13.929
32     2     |   26.523 |   26.486 |   26.554 |   26.453 |   26.421 |   14.893 |   14.804 |   14.851 |   14.860 |   14.851 |   14.848 |   14.835 ||   -0.14   +0.12   -0.26   -0.38  -43.85  -44.18  -44.01  -43.97  -44.01  -44.02  -44.07
       med   |   26.722 |   26.674 |   26.738 |   26.695 |   26.647 |   14.905 |   14.871 |   14.861 |   14.888 |   14.867 |   14.871 |   14.903
48     3     |   27.750 |   27.707 |   27.477 |   27.731 |   27.717 |   15.519 |   15.554 |   15.519 |   15.477 |   15.494 |   15.494 |   15.552 ||   -0.15   -0.98   -0.07   -0.12  -44.07  -43.95  -44.07  -44.23  -44.17  -44.17  -43.96
       med   |   28.027 |   27.944 |   27.939 |   27.906 |   27.981 |   15.708 |   15.568 |   15.541 |   15.504 |   15.519 |   15.518 |   15.572
64     4     |   28.928 |   28.881 |   28.918 |   28.862 |   28.906 |   17.045 |   17.076 |   17.026 |   17.030 |   16.971 |   16.973 |   17.163 ||   -0.16   -0.03   -0.23   -0.07  -41.08  -40.97  -41.14  -41.13  -41.33  -41.32  -40.67
       med   |   29.061 |   29.101 |   29.073 |   29.148 |   29.133 |   17.066 |   17.218 |   17.042 |   17.047 |   16.989 |   17.008 |   17.480
80     5     |   29.954 |   29.986 |   29.977 |   30.107 |   30.032 |   30.119 |   19.734 |   19.599 |   19.555 |   30.050 |   30.115 |   30.054 ||   +0.11   +0.08   +0.51   +0.26   +0.55  -34.12  -34.57  -34.72   +0.32   +0.54   +0.33
       med   |   30.151 |   30.146 |   30.222 |   30.354 |   30.313 |   30.220 |   19.823 |   20.000 |   19.994 |   30.198 |   30.213 |   30.202
96     6     |   30.922 |   30.864 |   30.904 |   30.825 |   30.870 |   30.826 |   30.855 |   21.736 |   21.932 |   30.947 |   30.950 |   31.062 ||   -0.19   -0.06   -0.31   -0.17   -0.31   -0.22  -29.71  -29.07   +0.08   +0.09   +0.45
       med   |   31.082 |   31.010 |   31.076 |   31.100 |   31.060 |   31.044 |   31.041 |   22.254 |   22.262 |   31.046 |   31.177 |   31.244
112    7     |   31.822 |   31.709 |   31.774 |   31.806 |   31.764 |   31.873 |   31.696 |   24.634 |   24.795 |   31.778 |   31.790 |   31.950 ||   -0.36   -0.15   -0.05   -0.18   +0.16   -0.40  -22.59  -22.08   -0.14   -0.10   +0.40
       med   |   32.065 |   31.922 |   32.082 |   32.007 |   32.116 |   31.976 |   32.093 |   25.108 |   25.119 |   31.944 |   32.142 |   32.067
128    8     |   30.110 |   29.909 |   30.107 |   29.943 |   29.854 |   29.939 |   30.104 |   29.935 |   27.184 |   27.127 |   27.123 |   26.943 ||   -0.67   -0.01   -0.56   -0.85   -0.57   -0.02   -0.58   -9.72   -9.91   -9.92  -10.52
       med   |   30.231 |   30.193 |   30.255 |   30.330 |   30.324 |   30.098 |   30.253 |   30.074 |   27.386 |   27.528 |   27.507 |   27.838
256    16    |   51.990 |   52.349 |   52.177 |   52.008 |   51.989 |   52.188 |   52.137 |   52.231 |   52.157 |   52.711 |   52.207 |   52.319 ||   +0.69   +0.36   +0.03   -0.00   +0.38   +0.28   +0.46   +0.32   +1.39   +0.42   +0.63
       med   |   52.744 |   52.869 |   52.817 |   52.719 |   52.528 |   52.637 |   52.683 |   52.614 |   52.576 |   53.055 |   52.864 |   52.775
512    32    |   95.000 |   95.343 |   95.010 |   93.792 |   94.777 |   94.578 |   94.602 |   94.575 |   94.739 |   95.671 |   95.052 |   94.951 ||   +0.36   +0.01   -1.27   -0.24   -0.44   -0.42   -0.45   -0.28   +0.71   +0.05   -0.05
       med   |   95.934 |   96.172 |   95.965 |   95.604 |   95.650 |   95.725 |   95.665 |   95.408 |   95.647 |   96.468 |   96.041 |   95.696
1024   64    |  179.868 |  180.692 |  180.043 |  179.264 |  179.887 |  179.584 |  178.999 |  179.673 |  179.619 |  181.136 |  180.670 |  178.979 ||   +0.46   +0.10   -0.34   +0.01   -0.16   -0.48   -0.11   -0.14   +0.70   +0.45   -0.49
       med   |  182.318 |  182.869 |  181.931 |  181.109 |  181.445 |  181.590 |  181.592 |  181.192 |  181.444 |  183.134 |  182.661 |  181.340
4096   256   |  692.025 |  693.390 |  693.257 |  691.726 |  690.023 |  692.587 |  690.945 |  691.254 |  690.692 |  694.919 |  691.138 |  691.174 ||   +0.20   +0.18   -0.04   -0.29   +0.08   -0.16   -0.11   -0.19   +0.42   -0.13   -0.12
       med   |  699.389 |  700.144 |  699.728 |  695.027 |  695.390 |  696.749 |  695.095 |  695.389 |  695.443 |  699.953 |  698.567 |  693.883
=== process order2.1
SELFCHECK OK (256 whole-block lengths 1..256 blk x 12 variants; out/Xi/ivec/ret byte-identical)
bytes  blks  |     base |    t4p8b |   t4p8AA |     t4p8 |       t8 |       t7 |       t5 |       t4 |   dsp0AA |     dsp0 |   baseAB |   baseAA ||   t4p8b%  t4p8AA%    t4p8%      t8%      t7%      t5%      t4%  dsp0AA%    dsp0%  baseAB%  baseAA%
16     1     |   26.143 |   13.880 |   13.932 |   13.934 |   13.873 |   13.920 |   13.926 |   13.938 |   26.469 |   26.441 |   26.166 |   26.121 ||  -46.91  -46.71  -46.70  -46.93  -46.75  -46.73  -46.68   +1.25   +1.14   +0.09   -0.08
       med   |   26.729 |   13.932 |   14.004 |   14.001 |   13.940 |   13.941 |   13.955 |   13.948 |   27.625 |   27.820 |   27.072 |   26.745
32     2     |   26.433 |   14.840 |   14.853 |   14.848 |   14.865 |   14.855 |   14.830 |   14.837 |   26.418 |   26.464 |   26.454 |   26.520 ||  -43.86  -43.81  -43.83  -43.76  -43.80  -43.90  -43.87   -0.06   +0.12   +0.08   +0.33
       med   |   26.652 |   14.862 |   14.874 |   14.874 |   14.889 |   14.872 |   14.850 |   14.891 |   26.698 |   26.729 |   26.609 |   26.717
48     3     |   27.760 |   15.516 |   15.495 |   15.496 |   15.476 |   15.521 |   15.559 |   15.527 |   27.715 |   27.707 |   27.743 |   27.674 ||  -44.11  -44.18  -44.18  -44.25  -44.09  -43.95  -44.07   -0.17   -0.19   -0.06   -0.31
       med   |   27.916 |   15.563 |   15.568 |   15.519 |   15.584 |   15.580 |   15.580 |   15.652 |   27.915 |   28.028 |   28.099 |   28.001
64     4     |   28.905 |   17.245 |   16.975 |   16.973 |   17.021 |   17.029 |   17.155 |   16.959 |   28.867 |   28.902 |   28.880 |   28.922 ||  -40.34  -41.27  -41.28  -41.11  -41.09  -40.65  -41.33   -0.13   -0.01   -0.09   +0.06
       med   |   29.068 |   17.344 |   17.219 |   17.218 |   17.046 |   17.046 |   17.352 |   16.980 |   29.169 |   29.105 |   29.286 |   29.068
80     5     |   29.956 |   30.059 |   30.115 |   30.108 |   19.592 |   19.777 |   19.650 |   30.048 |   30.118 |   30.032 |   29.975 |   29.947 ||   +0.34   +0.53   +0.51  -34.60  -33.98  -34.40   +0.31   +0.54   +0.25   +0.06   -0.03
       med   |   30.106 |   30.207 |   30.193 |   30.201 |   20.140 |   20.084 |   19.953 |   30.203 |   30.297 |   30.350 |   30.343 |   30.233
96     6     |   30.920 |   30.991 |   30.941 |   30.945 |   21.927 |   22.072 |   30.782 |   30.849 |   30.796 |   30.869 |   30.861 |   30.904 ||   +0.23   +0.07   +0.08  -29.08  -28.62   -0.45   -0.23   -0.40   -0.17   -0.19   -0.05
       med   |   31.000 |   31.174 |   31.147 |   31.167 |   22.237 |   22.274 |   31.034 |   31.007 |   31.119 |   31.028 |   31.016 |   31.071
112    7     |   31.822 |   31.978 |   31.783 |   31.780 |   24.717 |   24.882 |   31.846 |   31.763 |   31.869 |   31.794 |   31.708 |   31.811 ||   +0.49   -0.12   -0.13  -22.33  -21.81   +0.07   -0.18   +0.15   -0.09   -0.36   -0.04
       med   |   32.191 |   32.356 |   32.169 |   32.159 |   24.833 |   25.303 |   31.978 |   32.022 |   32.014 |   32.157 |   32.190 |   32.226
128    8     |   30.106 |   27.199 |   27.128 |   27.131 |   27.070 |   30.097 |   29.934 |   30.085 |   29.798 |   30.111 |   30.036 |   30.109 ||   -9.66   -9.89   -9.88  -10.08   -0.03   -0.57   -0.07   -1.02   +0.02   -0.23   +0.01
       med   |   30.214 |   27.545 |   27.496 |   27.500 |   27.665 |   30.314 |   30.093 |   30.259 |   30.237 |   30.410 |   30.386 |   30.244
256    16    |   52.010 |   52.097 |   52.008 |   52.176 |   52.169 |   52.080 |   52.217 |   52.092 |   52.253 |   51.585 |   52.368 |   52.251 ||   +0.17   -0.00   +0.32   +0.30   +0.13   +0.40   +0.16   +0.47   -0.82   +0.69   +0.46
       med   |   52.720 |   52.508 |   52.895 |   52.792 |   52.681 |   52.665 |   52.564 |   52.612 |   52.776 |   52.656 |   53.059 |   52.734
512    32    |   95.174 |   94.325 |   95.453 |   95.515 |   94.606 |   94.114 |   94.497 |   95.155 |   94.441 |   94.329 |   95.386 |   94.812 ||   -0.89   +0.29   +0.36   -0.60   -1.11   -0.71   -0.02   -0.77   -0.89   +0.22   -0.38
       med   |   95.936 |   95.453 |   96.243 |   96.169 |   95.771 |   95.503 |   95.503 |   95.687 |   95.861 |   95.567 |   96.228 |   95.904
1024   64    |  179.619 |  179.522 |  179.004 |  180.910 |  179.647 |  179.663 |  179.866 |  180.157 |  179.855 |  179.536 |  180.411 |  179.953 ||   -0.05   -0.34   +0.72   +0.02   +0.02   +0.14   +0.30   +0.13   -0.05   +0.44   +0.19
       med   |  182.165 |  181.127 |  182.948 |  182.872 |  181.552 |  181.352 |  181.519 |  181.531 |  181.767 |  181.452 |  182.665 |  182.215
4096   256   |  694.650 |  689.328 |  693.277 |  692.736 |  691.032 |  690.355 |  691.811 |  691.556 |  692.274 |  689.865 |  691.803 |  694.446 ||   -0.77   -0.20   -0.28   -0.52   -0.62   -0.41   -0.45   -0.34   -0.69   -0.41   -0.03
       med   |  699.437 |  694.346 |  700.233 |  701.040 |  695.078 |  694.804 |  696.838 |  694.133 |  696.354 |  695.152 |  699.015 |  699.841
=== process order2.2
SELFCHECK OK (256 whole-block lengths 1..256 blk x 12 variants; out/Xi/ivec/ret byte-identical)
bytes  blks  |     base |    t4p8b |   t4p8AA |     t4p8 |       t8 |       t7 |       t5 |       t4 |   dsp0AA |     dsp0 |   baseAB |   baseAA ||   t4p8b%  t4p8AA%    t4p8%      t8%      t7%      t5%      t4%  dsp0AA%    dsp0%  baseAB%  baseAA%
16     1     |   26.135 |   13.887 |   13.939 |   13.897 |   13.876 |   13.917 |   13.923 |   13.940 |   26.390 |   26.365 |   26.046 |   26.142 ||  -46.86  -46.67  -46.82  -46.91  -46.75  -46.73  -46.66   +0.98   +0.88   -0.34   +0.03
       med   |   26.738 |   13.933 |   14.005 |   14.004 |   13.927 |   13.942 |   13.950 |   13.948 |   27.601 |   27.729 |   27.097 |   26.749
32     2     |   26.450 |   14.837 |   14.851 |   14.850 |   14.863 |   14.854 |   14.830 |   14.837 |   26.419 |   26.442 |   26.464 |   26.522 ||  -43.90  -43.85  -43.86  -43.81  -43.84  -43.93  -43.91   -0.12   -0.03   +0.05   +0.27
       med   |   26.693 |   14.860 |   14.874 |   14.877 |   14.889 |   14.873 |   14.845 |   14.891 |   26.691 |   26.743 |   26.655 |   26.717
48     3     |   27.705 |   15.524 |   15.499 |   15.494 |   15.487 |   15.526 |   15.558 |   15.520 |   27.676 |   27.704 |   27.722 |   27.566 ||  -43.97  -44.06  -44.07  -44.10  -43.96  -43.84  -43.98   -0.10   -0.00   +0.06   -0.50
       med   |   27.977 |   15.569 |   15.575 |   15.567 |   15.574 |   15.591 |   15.584 |   15.691 |   27.921 |   28.009 |   28.088 |   28.001
64     4     |   28.914 |   17.244 |   16.984 |   16.983 |   17.030 |   17.029 |   17.150 |   16.969 |   28.864 |   28.921 |   28.885 |   28.925 ||  -40.36  -41.26  -41.26  -41.10  -41.10  -40.69  -41.31   -0.17   +0.02   -0.10   +0.04
       med   |   29.065 |   17.351 |   17.292 |   17.232 |   17.101 |   17.069 |   17.278 |   17.150 |   29.150 |   29.120 |   29.300 |   29.151
80     5     |   29.953 |   30.079 |   30.095 |   30.101 |   19.534 |   19.779 |   19.646 |   30.035 |   30.127 |   30.032 |   29.987 |   29.952 ||   +0.42   +0.48   +0.50  -34.78  -33.97  -34.41   +0.27   +0.58   +0.27   +0.11   -0.00
       med   |   30.162 |   30.210 |   30.185 |   30.220 |   19.953 |   20.172 |   19.969 |   30.227 |   30.264 |   30.387 |   30.306 |   30.151
96     6     |   30.908 |   31.007 |   30.949 |   30.950 |   21.930 |   21.943 |   30.801 |   30.785 |   30.806 |   30.901 |   30.863 |   30.900 ||   +0.32   +0.13   +0.13  -29.05  -29.01   -0.35   -0.40   -0.33   -0.02   -0.15   -0.03
       med   |   30.995 |   31.230 |   31.125 |   31.188 |   22.353 |   22.322 |   31.054 |   30.955 |   31.121 |   31.054 |   30.992 |   31.087
112    7     |   31.825 |   31.992 |   31.782 |   31.786 |   24.621 |   24.743 |   31.873 |   31.742 |   31.876 |   31.865 |   31.712 |   31.827 ||   +0.53   -0.13   -0.12  -22.64  -22.25   +0.15   -0.26   +0.16   +0.13   -0.36   +0.01
       med   |   32.169 |   32.278 |   32.137 |   32.125 |   24.832 |   25.322 |   31.994 |   32.014 |   32.008 |   32.171 |   32.204 |   32.192
128    8     |   30.093 |   27.176 |   27.192 |   27.205 |   26.942 |   30.052 |   29.856 |   30.100 |   29.622 |   30.113 |   30.027 |   30.105 ||   -9.69   -9.64   -9.60  -10.47   -0.13   -0.79   +0.02   -1.56   +0.07   -0.22   +0.04
       med   |   30.221 |   27.546 |   27.511 |   27.502 |   27.699 |   30.290 |   30.062 |   30.244 |   30.258 |   30.401 |   30.382 |   30.222
256    16    |   52.001 |   52.132 |   51.933 |   52.375 |   52.173 |   52.173 |   52.231 |   51.340 |   51.941 |   52.188 |   52.362 |   52.259 ||   +0.25   -0.13   +0.72   +0.33   +0.33   +0.44   -1.27   -0.12   +0.36   +0.69   +0.50
       med   |   52.744 |   52.519 |   52.898 |   52.901 |   52.574 |   52.691 |   52.590 |   52.643 |   52.687 |   52.720 |   53.029 |   52.667
512    32    |   94.150 |   94.499 |   95.385 |   95.313 |   94.901 |   94.307 |   94.561 |   95.138 |   94.484 |   94.465 |   95.453 |   94.999 ||   +0.37   +1.31   +1.23   +0.80   +0.17   +0.44   +1.05   +0.35   +0.33   +1.38   +0.90
       med   |   95.911 |   95.468 |   96.216 |   96.209 |   95.736 |   95.484 |   95.593 |   95.689 |   95.827 |   95.591 |   96.430 |   95.865
1024   64    |  179.988 |  179.537 |  180.826 |  180.606 |  178.885 |  178.954 |  179.669 |  180.201 |  179.780 |  179.912 |  180.453 |  179.790 ||   -0.25   +0.47   +0.34   -0.61   -0.57   -0.18   +0.12   -0.12   -0.04   +0.26   -0.11
       med   |  182.287 |  181.148 |  182.893 |  182.847 |  181.665 |  181.294 |  181.358 |  181.618 |  181.689 |  181.515 |  182.618 |  182.341
4096   256   |  692.779 |  691.072 |  694.533 |  692.923 |  689.931 |  690.630 |  691.795 |  691.638 |  692.161 |  690.449 |  692.648 |  694.892 ||   -0.25   +0.25   +0.02   -0.41   -0.31   -0.14   -0.16   -0.09   -0.34   -0.02   +0.31
       med   |  699.481 |  694.404 |  700.125 |  701.127 |  695.120 |  695.046 |  696.047 |  694.290 |  695.938 |  694.923 |  699.151 |  699.465
=== process order2.3
SELFCHECK OK (256 whole-block lengths 1..256 blk x 12 variants; out/Xi/ivec/ret byte-identical)
bytes  blks  |     base |    t4p8b |   t4p8AA |     t4p8 |       t8 |       t7 |       t5 |       t4 |   dsp0AA |     dsp0 |   baseAB |   baseAA ||   t4p8b%  t4p8AA%    t4p8%      t8%      t7%      t5%      t4%  dsp0AA%    dsp0%  baseAB%  baseAA%
16     1     |   26.132 |   13.885 |   13.902 |   13.940 |   13.877 |   13.916 |   13.925 |   13.940 |   26.310 |   26.338 |   26.161 |   26.173 ||  -46.87  -46.80  -46.66  -46.90  -46.75  -46.71  -46.66   +0.68   +0.79   +0.11   +0.16
       med   |   26.739 |   13.933 |   14.004 |   14.004 |   13.923 |   13.941 |   13.934 |   13.948 |   27.622 |   27.577 |   27.056 |   26.823
32     2     |   26.442 |   14.840 |   14.852 |   14.850 |   14.862 |   14.853 |   14.829 |   14.839 |   26.349 |   26.429 |   26.492 |   26.531 ||  -43.88  -43.83  -43.84  -43.79  -43.83  -43.92  -43.88   -0.35   -0.05   +0.19   +0.33
       med   |   26.734 |   14.861 |   14.874 |   14.888 |   14.889 |   14.873 |   14.849 |   14.891 |   26.659 |   26.739 |   26.644 |   26.748
48     3     |   27.539 |   15.512 |   15.496 |   15.494 |   15.480 |   15.523 |   15.555 |   15.522 |   27.716 |   27.709 |   27.676 |   27.754 ||  -43.67  -43.73  -43.74  -43.79  -43.63  -43.51  -43.63   +0.65   +0.62   +0.50   +0.78
       med   |   27.971 |   15.565 |   15.569 |   15.570 |   15.582 |   15.653 |   15.579 |   15.665 |   27.984 |   28.040 |   28.080 |   28.013
64     4     |   28.914 |   17.246 |   16.973 |   16.970 |   17.030 |   17.030 |   17.149 |   16.958 |   28.899 |   28.901 |   28.882 |   28.912 ||  -40.35  -41.30  -41.31  -41.10  -41.10  -40.69  -41.35   -0.05   -0.05   -0.11   -0.00
       med   |   29.092 |   17.340 |   17.227 |   17.220 |   17.083 |   17.078 |   17.250 |   17.036 |   29.051 |   29.195 |   29.287 |   29.193
80     5     |   29.956 |   30.084 |   30.041 |   30.111 |   19.577 |   19.784 |   19.649 |   30.023 |   30.113 |   30.035 |   29.990 |   29.945 ||   +0.43   +0.29   +0.52  -34.65  -33.96  -34.41   +0.23   +0.53   +0.26   +0.11   -0.03
       med   |   30.144 |   30.250 |   30.197 |   30.230 |   20.130 |   20.169 |   19.953 |   30.266 |   30.295 |   30.351 |   30.306 |   30.247
96     6     |   30.898 |   31.041 |   30.950 |   30.945 |   21.928 |   21.977 |   30.792 |   30.842 |   30.847 |   30.894 |   30.861 |   30.897 ||   +0.46   +0.17   +0.15  -29.03  -28.87   -0.34   -0.18   -0.16   -0.01   -0.12   -0.00
       med   |   31.015 |   31.184 |   31.160 |   31.183 |   22.275 |   22.295 |   31.057 |   31.029 |   31.100 |   31.188 |   30.974 |   31.080
112    7     |   31.824 |   31.976 |   31.789 |   31.779 |   24.624 |   24.765 |   31.872 |   31.764 |   31.883 |   31.775 |   31.712 |   31.816 ||   +0.48   -0.11   -0.14  -22.63  -22.18   +0.15   -0.19   +0.19   -0.15   -0.35   -0.03
       med   |   32.176 |   32.340 |   32.174 |   32.185 |   24.834 |   25.302 |   31.987 |   32.028 |   32.006 |   32.168 |   32.193 |   32.231
128    8     |   30.099 |   26.932 |   27.126 |   27.126 |   26.993 |   30.114 |   29.935 |   30.098 |   29.627 |   30.115 |   30.033 |   30.111 ||  -10.52   -9.88   -9.88  -10.32   +0.05   -0.55   -0.00   -1.57   +0.05   -0.22   +0.04
       med   |   30.231 |   27.540 |   27.499 |   27.492 |   27.686 |   30.309 |   30.113 |   30.239 |   30.206 |   30.412 |   30.379 |   30.321
256    16    |   52.130 |   52.062 |   52.356 |   52.334 |   52.192 |   51.924 |   52.086 |   52.148 |   52.034 |   51.613 |   52.509 |   52.222 ||   -0.13   +0.43   +0.39   +0.12   -0.40   -0.08   +0.03   -0.19   -0.99   +0.73   +0.18
       med   |   52.711 |   52.504 |   52.876 |   52.914 |   52.643 |   52.596 |   52.574 |   52.655 |   52.765 |   52.733 |   53.013 |   52.744
512    32    |   94.507 |   94.670 |   95.067 |   95.105 |   94.728 |   94.802 |   94.447 |   95.162 |   94.557 |   94.543 |   95.300 |   94.987 ||   +0.17   +0.59   +0.63   +0.23   +0.31   -0.06   +0.69   +0.05   +0.04   +0.84   +0.51
       med   |   95.919 |   95.528 |   96.251 |   96.273 |   95.770 |   95.590 |   95.432 |   95.726 |   95.815 |   95.530 |   96.100 |   95.976
1024   64    |  180.049 |  179.259 |  180.800 |  180.779 |  179.645 |  179.294 |  179.850 |  180.177 |  179.684 |  178.870 |  180.392 |  179.893 ||   -0.44   +0.42   +0.41   -0.22   -0.42   -0.11   +0.07   -0.20   -0.65   +0.19   -0.09
       med   |  182.334 |  181.226 |  182.883 |  182.893 |  181.612 |  181.419 |  181.365 |  181.569 |  181.802 |  181.458 |  182.687 |  182.183
4096   256   |  693.747 |  689.875 |  693.218 |  694.708 |  690.686 |  691.162 |  692.100 |  691.539 |  691.929 |  690.885 |  692.122 |  691.875 ||   -0.56   -0.08   +0.14   -0.44   -0.37   -0.24   -0.32   -0.26   -0.41   -0.23   -0.27
       med   |  699.427 |  693.940 |  699.883 |  700.875 |  695.126 |  694.823 |  695.761 |  694.221 |  695.917 |  695.001 |  698.571 |  699.534
=== process order2.4
SELFCHECK OK (256 whole-block lengths 1..256 blk x 12 variants; out/Xi/ivec/ret byte-identical)
bytes  blks  |     base |    t4p8b |   t4p8AA |     t4p8 |       t8 |       t7 |       t5 |       t4 |   dsp0AA |     dsp0 |   baseAB |   baseAA ||   t4p8b%  t4p8AA%    t4p8%      t8%      t7%      t5%      t4%  dsp0AA%    dsp0%  baseAB%  baseAA%
16     1     |   26.128 |   13.884 |   13.935 |   13.890 |   13.876 |   13.919 |   13.926 |   13.938 |   26.373 |   26.381 |   26.163 |   26.134 ||  -46.86  -46.67  -46.84  -46.89  -46.73  -46.70  -46.66   +0.94   +0.97   +0.13   +0.02
       med   |   26.747 |   13.934 |   14.005 |   13.996 |   13.938 |   13.942 |   13.957 |   13.949 |   27.619 |   27.802 |   27.048 |   26.743
32     2     |   26.446 |   14.844 |   14.850 |   14.848 |   14.870 |   14.855 |   14.831 |   14.838 |   26.427 |   26.441 |   26.470 |   26.522 ||  -43.87  -43.85  -43.86  -43.77  -43.83  -43.92  -43.89   -0.07   -0.02   +0.09   +0.29
       med   |   26.696 |   14.861 |   14.873 |   14.874 |   14.889 |   14.873 |   14.853 |   14.891 |   26.706 |   26.743 |   26.617 |   26.721
48     3     |   27.692 |   15.515 |   15.495 |   15.490 |   15.477 |   15.516 |   15.557 |   15.519 |   27.717 |   27.706 |   27.695 |   27.751 ||  -43.97  -44.05  -44.06  -44.11  -43.97  -43.82  -43.96   +0.09   +0.05   +0.01   +0.21
       med   |   27.970 |   15.564 |   15.511 |   15.511 |   15.568 |   15.567 |   15.575 |   15.637 |   27.967 |   28.062 |   28.120 |   28.008
64     4     |   28.917 |   17.250 |   16.976 |   16.977 |   17.035 |   17.029 |   17.151 |   16.960 |   28.859 |   28.910 |   28.884 |   28.916 ||  -40.35  -41.29  -41.29  -41.09  -41.11  -40.69  -41.35   -0.20   -0.02   -0.11   -0.00
       med   |   29.064 |   17.352 |   17.226 |   17.220 |   17.080 |   17.077 |   17.348 |   17.026 |   29.167 |   29.176 |   29.291 |   29.115
80     5     |   29.951 |   30.077 |   30.112 |   30.111 |   19.260 |   19.796 |   19.572 |   30.048 |   30.119 |   30.060 |   29.990 |   29.956 ||   +0.42   +0.54   +0.53  -35.70  -33.91  -34.65   +0.32   +0.56   +0.36   +0.13   +0.01
       med   |   30.139 |   30.214 |   30.189 |   30.222 |   20.118 |   20.062 |   19.989 |   30.092 |   30.269 |   30.362 |   30.310 |   30.154
96     6     |   30.887 |   30.908 |   30.934 |   30.947 |   21.885 |   21.935 |   30.822 |   30.850 |   30.827 |   30.879 |   30.855 |   30.908 ||   +0.07   +0.15   +0.19  -29.15  -28.98   -0.21   -0.12   -0.20   -0.03   -0.10   +0.07
       med   |   31.030 |   31.179 |   31.115 |   31.174 |   22.302 |   22.279 |   31.050 |   30.940 |   31.100 |   31.176 |   30.987 |   31.087
112    7     |   31.820 |   31.939 |   31.792 |   31.789 |   24.622 |   24.644 |   31.846 |   31.753 |   31.879 |   31.763 |   31.712 |   31.809 ||   +0.37   -0.09   -0.10  -22.62  -22.55   +0.08   -0.21   +0.19   -0.18   -0.34   -0.03
       med   |   32.229 |   32.310 |   32.149 |   32.149 |   24.815 |   25.325 |   31.997 |   31.878 |   32.012 |   32.148 |   32.218 |   32.245
128    8     |   30.103 |   27.252 |   27.012 |   27.175 |   27.040 |   30.006 |   29.930 |   30.102 |   29.916 |   30.032 |   30.003 |   30.085 ||   -9.47  -10.27   -9.73  -10.17   -0.32   -0.57   -0.00   -0.62   -0.24   -0.33   -0.06
       med   |   30.225 |   27.547 |   27.513 |   27.488 |   27.767 |   30.311 |   30.106 |   30.246 |   30.229 |   30.408 |   30.384 |   30.240
256    16    |   52.207 |   52.090 |   52.429 |   52.421 |   52.153 |   52.200 |   52.141 |   52.044 |   52.204 |   51.798 |   52.370 |   52.174 ||   -0.22   +0.42   +0.41   -0.10   -0.01   -0.13   -0.31   -0.01   -0.78   +0.31   -0.06
       med   |   52.707 |   52.504 |   52.869 |   52.853 |   52.654 |   52.677 |   52.602 |   52.564 |   52.763 |   52.679 |   52.996 |   52.728
512    32    |   94.832 |   94.250 |   95.416 |   95.104 |   94.922 |   94.401 |   94.175 |   95.191 |   94.179 |   94.771 |   95.436 |   95.094 ||   -0.61   +0.62   +0.29   +0.09   -0.45   -0.69   +0.38   -0.69   -0.06   +0.64   +0.28
       med   |   95.926 |   95.405 |   96.286 |   96.176 |   95.704 |   95.530 |   95.483 |   95.747 |   95.715 |   95.564 |   96.297 |   95.905
1024   64    |  179.874 |  179.272 |  181.055 |  181.010 |  179.832 |  179.850 |  179.447 |  180.036 |  179.651 |  179.854 |  180.683 |  180.129 ||   -0.33   +0.66   +0.63   -0.02   -0.01   -0.24   +0.09   -0.12   -0.01   +0.45   +0.14
       med   |  182.287 |  181.183 |  183.073 |  182.973 |  181.583 |  181.355 |  181.345 |  181.619 |  181.718 |  181.411 |  182.561 |  182.126
4096   256   |  691.518 |  689.644 |  694.953 |  693.553 |  690.735 |  690.244 |  692.149 |  691.592 |  691.585 |  690.423 |  694.678 |  694.087 ||   -0.27   +0.50   +0.29   -0.11   -0.18   +0.09   +0.01   +0.01   -0.16   +0.46   +0.37
       med   |  699.334 |  694.252 |  700.328 |  700.923 |  695.176 |  695.081 |  696.139 |  694.268 |  696.632 |  695.092 |  699.533 |  699.550
=== process order2.5
SELFCHECK OK (256 whole-block lengths 1..256 blk x 12 variants; out/Xi/ivec/ret byte-identical)
bytes  blks  |     base |    t4p8b |   t4p8AA |     t4p8 |       t8 |       t7 |       t5 |       t4 |   dsp0AA |     dsp0 |   baseAB |   baseAA ||   t4p8b%  t4p8AA%    t4p8%      t8%      t7%      t5%      t4%  dsp0AA%    dsp0%  baseAB%  baseAA%
16     1     |   26.139 |   13.880 |   13.934 |   13.934 |   13.876 |   13.917 |   13.925 |   13.936 |   26.374 |   26.314 |   26.185 |   26.150 ||  -46.90  -46.69  -46.69  -46.92  -46.76  -46.73  -46.69   +0.90   +0.67   +0.18   +0.04
       med   |   26.758 |   13.933 |   14.004 |   14.003 |   13.939 |   13.942 |   13.955 |   13.948 |   27.597 |   27.779 |   27.064 |   26.837
32     2     |   26.449 |   14.848 |   14.848 |   14.849 |   14.864 |   14.853 |   14.830 |   14.838 |   26.417 |   26.430 |   26.466 |   26.446 ||  -43.86  -43.86  -43.86  -43.80  -43.84  -43.93  -43.90   -0.12   -0.07   +0.06   -0.01
       med   |   26.620 |   14.860 |   14.874 |   14.876 |   14.889 |   14.872 |   14.848 |   14.891 |   26.702 |   26.729 |   26.614 |   26.753
48     3     |   27.440 |   15.523 |   15.495 |   15.496 |   15.479 |   15.520 |   15.559 |   15.528 |   27.729 |   27.716 |   27.731 |   27.463 ||  -43.43  -43.53  -43.53  -43.59  -43.44  -43.30  -43.41   +1.05   +1.00   +1.06   +0.08
       med   |   27.958 |   15.564 |   15.570 |   15.521 |   15.573 |   15.548 |   15.580 |   15.623 |   27.921 |   28.052 |   28.113 |   28.008
64     4     |   28.917 |   17.246 |   16.976 |   16.970 |   17.031 |   17.029 |   17.146 |   16.959 |   28.869 |   28.911 |   28.879 |   28.928 ||  -40.36  -41.29  -41.31  -41.10  -41.11  -40.71  -41.35   -0.16   -0.02   -0.13   +0.04
       med   |   29.073 |   17.341 |   17.222 |   17.212 |   17.047 |   17.045 |   17.242 |   16.981 |   29.159 |   29.181 |   29.276 |   29.161
80     5     |   29.952 |   30.085 |   30.097 |   30.106 |   19.559 |   19.797 |   19.657 |   30.029 |   30.109 |   30.052 |   29.984 |   29.955 ||   +0.45   +0.48   +0.52  -34.70  -33.90  -34.37   +0.26   +0.52   +0.33   +0.11   +0.01
       med   |   30.062 |   30.209 |   30.177 |   30.215 |   20.128 |   20.187 |   19.977 |   30.257 |   30.312 |   30.350 |   30.308 |   30.182
96     6     |   30.906 |   30.909 |   30.943 |   30.943 |   21.955 |   21.938 |   30.841 |   30.727 |   30.844 |   30.887 |   30.857 |   30.902 ||   +0.01   +0.12   +0.12  -28.96  -29.02   -0.21   -0.58   -0.20   -0.06   -0.16   -0.01
       med   |   30.986 |   31.164 |   31.123 |   31.167 |   22.233 |   22.260 |   31.060 |   30.946 |   31.100 |   31.042 |   31.052 |   31.042
112    7     |   31.814 |   31.933 |   31.779 |   31.786 |   24.731 |   24.839 |   31.877 |   31.761 |   31.696 |   31.776 |   31.693 |   31.827 ||   +0.38   -0.11   -0.09  -22.26  -21.92   +0.20   -0.17   -0.37   -0.12   -0.38   +0.04
       med   |   32.171 |   32.334 |   32.144 |   32.110 |   24.833 |   25.299 |   31.979 |   32.013 |   32.001 |   32.159 |   32.207 |   32.247
128    8     |   30.093 |   26.936 |   27.124 |   27.197 |   27.013 |   30.053 |   29.937 |   30.088 |   29.807 |   30.053 |   30.033 |   30.109 ||  -10.49   -9.87   -9.62  -10.24   -0.13   -0.52   -0.02   -0.95   -0.14   -0.20   +0.05
       med   |   30.209 |   27.548 |   27.499 |   27.520 |   27.671 |   30.296 |   30.115 |   30.249 |   30.246 |   30.396 |   30.377 |   30.292
256    16    |   52.149 |   51.959 |   51.780 |   52.371 |   51.736 |   52.119 |   52.208 |   52.171 |   52.058 |   52.210 |   52.544 |   52.113 ||   -0.37   -0.71   +0.42   -0.79   -0.06   +0.11   +0.04   -0.18   +0.12   +0.76   -0.07
       med   |   52.676 |   52.524 |   52.840 |   52.845 |   52.608 |   52.599 |   52.536 |   52.645 |   52.642 |   52.665 |   52.997 |   52.688
512    32    |   95.112 |   94.722 |   95.468 |   95.374 |   93.588 |   94.391 |   94.360 |   95.189 |   94.445 |   94.345 |   95.419 |   95.040 ||   -0.41   +0.37   +0.28   -1.60   -0.76   -0.79   +0.08   -0.70   -0.81   +0.32   -0.07
       med   |   95.929 |   95.470 |   96.262 |   96.155 |   95.706 |   95.549 |   95.525 |   95.732 |   95.737 |   95.509 |   96.139 |   95.884
1024   64    |  179.477 |  179.471 |  180.671 |  180.622 |  179.323 |  179.850 |  179.726 |  180.177 |  179.345 |  179.927 |  180.632 |  180.091 ||   -0.00   +0.67   +0.64   -0.09   +0.21   +0.14   +0.39   -0.07   +0.25   +0.64   +0.34
       med   |  182.329 |  181.139 |  182.964 |  182.873 |  181.596 |  181.412 |  181.259 |  181.532 |  181.637 |  181.482 |  182.701 |  182.266
4096   256   |  695.098 |  690.206 |  694.048 |  694.322 |  689.993 |  690.312 |  692.135 |  691.711 |  691.913 |  690.380 |  694.444 |  693.688 ||   -0.70   -0.15   -0.11   -0.73   -0.69   -0.43   -0.49   -0.46   -0.68   -0.09   -0.20
       med   |  699.586 |  694.321 |  700.525 |  701.735 |  695.582 |  695.154 |  696.490 |  694.390 |  696.188 |  695.140 |  699.443 |  699.190
=== process order3.1
SELFCHECK OK (256 whole-block lengths 1..256 blk x 12 variants; out/Xi/ivec/ret byte-identical)
bytes  blks  |     base |       t5 |     t4p8 |   baseAA |       t8 |     dsp0 |    t4p8b |       t4 |   dsp0AA |   baseAB |       t7 |   t4p8AA ||      t5%    t4p8%  baseAA%      t8%    dsp0%   t4p8b%      t4%  dsp0AA%  baseAB%      t7%  t4p8AA%
16     1     |   26.228 |   13.921 |   13.941 |   26.256 |   13.889 |   26.622 |   13.906 |   13.944 |   26.426 |   26.400 |   13.917 |   13.908 ||  -46.92  -46.85   +0.11  -47.04   +1.50  -46.98  -46.84   +0.76   +0.66  -46.94  -46.97
       med   |   26.804 |   13.934 |   14.003 |   26.863 |   13.933 |   27.781 |   13.924 |   13.952 |   27.505 |   27.116 |   13.956 |   13.917
32     2     |   26.541 |   14.831 |   14.850 |   26.445 |   14.844 |   26.418 |   14.834 |   14.835 |   26.421 |   26.478 |   14.852 |   14.871 ||  -44.12  -44.05   -0.36  -44.07   -0.46  -44.11  -44.10   -0.45   -0.24  -44.04  -43.97
       med   |   26.763 |   14.867 |   14.872 |   26.770 |   14.855 |   26.764 |   14.902 |   14.904 |   26.710 |   26.639 |   14.872 |   14.889
48     3     |   27.687 |   15.516 |   15.494 |   27.770 |   15.466 |   27.714 |   15.536 |   15.551 |   27.717 |   27.715 |   15.520 |   15.488 ||  -43.96  -44.04   +0.30  -44.14   +0.10  -43.89  -43.83   +0.11   +0.10  -43.94  -44.06
       med   |   28.130 |   15.568 |   15.566 |   28.224 |   15.550 |   28.118 |   15.561 |   15.762 |   27.992 |   27.858 |   15.615 |   15.534
64     4     |   28.918 |   17.145 |   16.971 |   28.924 |   17.037 |   28.872 |   17.159 |   17.048 |   28.900 |   28.883 |   17.023 |   16.953 ||  -40.71  -41.31   +0.02  -41.09   -0.16  -40.66  -41.05   -0.06   -0.12  -41.13  -41.37
       med   |   29.065 |   17.276 |   16.990 |   29.171 |   17.053 |   29.242 |   17.269 |   17.338 |   29.117 |   29.016 |   17.213 |   16.970
80     5     |   29.957 |   19.433 |   30.069 |   29.982 |   19.631 |   30.125 |   30.060 |   30.128 |   30.054 |   29.982 |   19.778 |   29.986 ||  -35.13   +0.37   +0.08  -34.47   +0.56   +0.34   +0.57   +0.32   +0.08  -33.98   +0.09
       med   |   30.215 |   19.973 |   30.135 |   30.238 |   20.167 |   30.395 |   30.378 |   30.305 |   30.364 |   30.122 |   20.063 |   30.201
96     6     |   30.908 |   30.823 |   30.947 |   30.906 |   21.544 |   30.794 |   31.061 |   30.780 |   30.853 |   30.858 |   22.078 |   31.003 ||   -0.27   +0.13   -0.01  -30.30   -0.37   +0.50   -0.41   -0.18   -0.16  -28.57   +0.31
       med   |   31.062 |   31.063 |   31.129 |   31.124 |   22.154 |   31.218 |   31.320 |   31.090 |   31.053 |   31.070 |   22.253 |   31.167
112    7     |   31.769 |   31.879 |   31.788 |   31.821 |   24.958 |   31.876 |   31.958 |   31.873 |   31.759 |   31.682 |   24.821 |   31.888 ||   +0.34   +0.06   +0.16  -21.44   +0.33   +0.59   +0.33   -0.03   -0.27  -21.87   +0.37
       med   |   32.078 |   32.013 |   31.953 |   32.079 |   25.449 |   32.046 |   32.076 |   31.988 |   32.157 |   32.014 |   25.285 |   32.076
128    8     |   30.096 |   29.947 |   27.122 |   30.091 |   27.116 |   29.942 |   27.148 |   29.860 |   30.109 |   30.036 |   30.110 |   27.191 ||   -0.49   -9.88   -0.02   -9.90   -0.51   -9.80   -0.78   +0.04   -0.20   +0.05   -9.65
       med   |   30.231 |   30.261 |   27.516 |   30.328 |   27.598 |   30.290 |   27.664 |   30.234 |   30.353 |   30.225 |   30.355 |   27.877
256    16    |   52.243 |   52.107 |   52.432 |   52.007 |   52.040 |   52.189 |   52.283 |   52.235 |   52.146 |   52.365 |   52.224 |   51.905 ||   -0.26   +0.36   -0.45   -0.39   -0.10   +0.08   -0.02   -0.19   +0.23   -0.04   -0.65
       med   |   52.802 |   52.776 |   52.916 |   52.752 |   52.565 |   52.732 |   52.872 |   52.741 |   52.759 |   52.895 |   52.806 |   52.807
512    32    |   94.625 |   94.754 |   95.158 |   94.970 |   94.445 |   94.613 |   94.808 |   94.733 |   93.930 |   95.175 |   93.731 |   94.824 ||   +0.14   +0.56   +0.36   -0.19   -0.01   +0.19   +0.11   -0.73   +0.58   -0.94   +0.21
       med   |   96.020 |   95.746 |   96.213 |   95.997 |   95.706 |   95.657 |   95.734 |   95.757 |   95.519 |   95.863 |   95.651 |   95.905
1024   64    |  179.692 |  179.886 |  180.915 |  180.029 |  179.720 |  179.662 |  179.560 |  179.527 |  179.927 |  180.788 |  179.976 |  179.780 ||   +0.11   +0.68   +0.19   +0.02   -0.02   -0.07   -0.09   +0.13   +0.61   +0.16   +0.05
       med   |  182.233 |  181.685 |  182.759 |  182.357 |  181.560 |  181.511 |  181.546 |  181.360 |  181.259 |  182.311 |  181.405 |  182.065
4096   256   |  693.854 |  692.311 |  693.186 |  694.105 |  692.164 |  692.481 |  691.732 |  691.938 |  690.629 |  694.292 |  690.852 |  692.258 ||   -0.22   -0.10   +0.04   -0.24   -0.20   -0.31   -0.28   -0.46   +0.06   -0.43   -0.23
       med   |  699.312 |  696.379 |  699.173 |  699.696 |  695.880 |  695.010 |  694.573 |  694.507 |  693.655 |  699.660 |  695.725 |  699.352
=== process order3.2
SELFCHECK OK (256 whole-block lengths 1..256 blk x 12 variants; out/Xi/ivec/ret byte-identical)
bytes  blks  |     base |       t5 |     t4p8 |   baseAA |       t8 |     dsp0 |    t4p8b |       t4 |   dsp0AA |   baseAB |       t7 |   t4p8AA ||      t5%    t4p8%  baseAA%      t8%    dsp0%   t4p8b%      t4%  dsp0AA%  baseAB%      t7%  t4p8AA%
16     1     |   26.237 |   13.924 |   13.893 |   26.245 |   13.885 |   26.634 |   13.907 |   13.941 |   26.431 |   26.372 |   13.924 |   13.905 ||  -46.93  -47.05   +0.03  -47.08   +1.51  -47.00  -46.87   +0.74   +0.51  -46.93  -47.00
       med   |   26.821 |   13.933 |   14.001 |   26.852 |   13.934 |   27.747 |   13.919 |   13.953 |   27.520 |   27.017 |   13.936 |   13.917
32     2     |   26.525 |   14.831 |   14.856 |   26.436 |   14.840 |   26.415 |   14.838 |   14.834 |   26.438 |   26.497 |   14.861 |   14.870 ||  -44.09  -43.99   -0.34  -44.05   -0.42  -44.06  -44.07   -0.33   -0.11  -43.98  -43.94
       med   |   26.781 |   14.863 |   14.876 |   26.786 |   14.855 |   26.756 |   14.901 |   14.904 |   26.712 |   26.694 |   14.873 |   14.889
48     3     |   27.568 |   15.521 |   15.491 |   27.696 |   15.468 |   27.746 |   15.552 |   15.526 |   27.710 |   27.709 |   15.520 |   15.492 ||  -43.70  -43.81   +0.46  -43.89   +0.64  -43.59  -43.68   +0.51   +0.51  -43.70  -43.81
       med   |   28.106 |   15.568 |   15.568 |   28.128 |   15.549 |   28.078 |   15.563 |   15.761 |   28.040 |   27.875 |   15.612 |   15.536
64     4     |   28.917 |   17.144 |   16.971 |   28.918 |   17.037 |   28.866 |   17.157 |   17.048 |   28.889 |   28.881 |   17.027 |   16.952 ||  -40.71  -41.31   +0.00  -41.08   -0.18  -40.67  -41.05   -0.10   -0.12  -41.12  -41.38
       med   |   29.067 |   17.205 |   16.990 |   29.179 |   17.051 |   29.264 |   17.269 |   17.244 |   29.201 |   29.102 |   17.046 |   16.967
80     5     |   29.947 |   19.285 |   30.099 |   29.980 |   19.632 |   30.107 |   30.059 |   30.121 |   30.059 |   29.985 |   19.803 |   29.995 ||  -35.60   +0.51   +0.11  -34.44   +0.53   +0.37   +0.58   +0.37   +0.13  -33.87   +0.16
       med   |   30.216 |   19.988 |   30.150 |   30.262 |   20.129 |   30.377 |   30.379 |   30.250 |   30.350 |   30.207 |   20.065 |   30.186
96     6     |   30.908 |   30.834 |   30.945 |   30.855 |   21.620 |   30.840 |   31.054 |   30.824 |   30.877 |   30.853 |   22.075 |   31.004 ||   -0.24   +0.12   -0.17  -30.05   -0.22   +0.47   -0.27   -0.10   -0.18  -28.58   +0.31
       med   |   31.078 |   31.089 |   31.114 |   31.128 |   22.303 |   31.138 |   31.326 |   31.066 |   31.058 |   31.061 |   22.260 |   31.178
112    7     |   31.816 |   31.875 |   31.781 |   31.815 |   24.908 |   31.881 |   31.962 |   31.876 |   31.754 |   31.706 |   24.871 |   31.787 ||   +0.19   -0.11   -0.00  -21.71   +0.20   +0.46   +0.19   -0.19   -0.35  -21.83   -0.09
       med   |   32.014 |   32.012 |   32.023 |   32.146 |   25.390 |   32.045 |   32.186 |   32.032 |   32.108 |   31.969 |   25.289 |   32.069
128    8     |   30.102 |   29.782 |   27.170 |   30.109 |   27.310 |   29.772 |   27.270 |   29.935 |   30.112 |   30.034 |   30.098 |   26.935 ||   -1.06   -9.74   +0.02   -9.28   -1.10   -9.41   -0.56   +0.03   -0.22   -0.01  -10.52
       med   |   30.245 |   30.293 |   27.496 |   30.317 |   27.600 |   30.366 |   27.640 |   30.278 |   30.311 |   30.283 |   30.313 |   27.837
256    16    |   52.074 |   52.167 |   52.352 |   52.239 |   52.237 |   52.238 |   52.261 |   52.246 |   52.183 |   52.337 |   52.096 |   52.284 ||   +0.18   +0.53   +0.32   +0.31   +0.31   +0.36   +0.33   +0.21   +0.50   +0.04   +0.40
       med   |   52.809 |   52.758 |   52.928 |   52.764 |   52.588 |   52.893 |   52.863 |   52.780 |   52.691 |   52.917 |   52.805 |   52.739
512    32    |   95.040 |   94.525 |   95.283 |   94.836 |   94.438 |   94.252 |   94.939 |   94.358 |   94.110 |   94.830 |   94.822 |   94.897 ||   -0.54   +0.26   -0.21   -0.63   -0.83   -0.11   -0.72   -0.98   -0.22   -0.23   -0.15
       med   |   96.061 |   95.857 |   96.294 |   95.938 |   95.744 |   95.631 |   95.792 |   95.615 |   95.552 |   95.915 |   95.750 |   95.904
1024   64    |  179.804 |  179.755 |  180.760 |  179.551 |  179.511 |  179.796 |  180.028 |  179.916 |  178.720 |  180.265 |  179.724 |  179.728 ||   -0.03   +0.53   -0.14   -0.16   -0.00   +0.12   +0.06   -0.60   +0.26   -0.04   -0.04
       med   |  182.536 |  181.834 |  182.806 |  182.351 |  181.669 |  181.452 |  181.696 |  181.488 |  181.436 |  182.444 |  181.489 |  182.381
4096   256   |  694.289 |  692.506 |  692.620 |  693.989 |  691.452 |  692.410 |  691.572 |  692.248 |  690.111 |  693.471 |  691.028 |  692.513 ||   -0.26   -0.24   -0.04   -0.41   -0.27   -0.39   -0.29   -0.60   -0.12   -0.47   -0.26
       med   |  699.600 |  695.778 |  699.102 |  699.103 |  695.694 |  695.024 |  694.394 |  694.486 |  694.048 |  699.251 |  695.659 |  699.101
=== process order3.3
SELFCHECK OK (256 whole-block lengths 1..256 blk x 12 variants; out/Xi/ivec/ret byte-identical)
bytes  blks  |     base |       t5 |     t4p8 |   baseAA |       t8 |     dsp0 |    t4p8b |       t4 |   dsp0AA |   baseAB |       t7 |   t4p8AA ||      t5%    t4p8%  baseAA%      t8%    dsp0%   t4p8b%      t4%  dsp0AA%  baseAB%      t7%  t4p8AA%
16     1     |   26.143 |   13.925 |   13.941 |   26.142 |   13.924 |   26.420 |   13.909 |   13.942 |   26.295 |   26.125 |   13.921 |   13.906 ||  -46.74  -46.68   -0.00  -46.74   +1.06  -46.80  -46.67   +0.58   -0.07  -46.75  -46.81
       med   |   26.790 |   13.934 |   14.001 |   26.780 |   13.933 |   27.711 |   13.921 |   13.953 |   27.453 |   27.052 |   13.960 |   13.917
32     2     |   26.459 |   14.836 |   14.861 |   26.473 |   14.841 |   26.413 |   14.838 |   14.839 |   26.421 |   26.505 |   14.860 |   14.867 ||  -43.93  -43.83   +0.05  -43.91   -0.17  -43.92  -43.92   -0.14   +0.17  -43.84  -43.81
       med   |   26.775 |   14.870 |   14.873 |   26.791 |   14.855 |   26.779 |   14.894 |   14.905 |   26.700 |   26.680 |   14.872 |   14.889
48     3     |   27.714 |   15.515 |   15.494 |   27.660 |   15.466 |   27.715 |   15.551 |   15.541 |   27.703 |   27.714 |   15.522 |   15.488 ||  -44.02  -44.09   -0.19  -44.19   +0.01  -43.89  -43.92   -0.04   +0.00  -43.99  -44.12
       med   |   28.157 |   15.567 |   15.565 |   28.224 |   15.550 |   28.111 |   15.561 |   15.762 |   28.001 |   27.966 |   15.613 |   15.536
64     4     |   28.916 |   17.147 |   16.975 |   28.923 |   17.035 |   28.862 |   17.165 |   17.066 |   28.917 |   28.871 |   17.028 |   16.952 ||  -40.70  -41.30   +0.02  -41.09   -0.18  -40.64  -40.98   +0.00   -0.15  -41.11  -41.37
       med   |   29.156 |   17.267 |   16.989 |   29.184 |   17.055 |   29.197 |   17.275 |   17.389 |   29.098 |   29.125 |   17.214 |   16.967
80     5     |   29.946 |   19.601 |   30.007 |   29.990 |   19.672 |   30.123 |   30.064 |   30.122 |   30.052 |   29.990 |   19.795 |   29.970 ||  -34.54   +0.20   +0.15  -34.31   +0.59   +0.40   +0.59   +0.36   +0.15  -33.90   +0.08
       med   |   30.200 |   20.007 |   30.195 |   30.258 |   20.116 |   30.383 |   30.386 |   30.344 |   30.324 |   30.211 |   20.061 |   30.193
96     6     |   30.904 |   30.829 |   30.944 |   30.909 |   21.544 |   30.838 |   31.062 |   30.830 |   30.861 |   30.855 |   22.074 |   31.009 ||   -0.25   +0.13   +0.01  -30.29   -0.21   +0.51   -0.24   -0.14   -0.16  -28.57   +0.34
       med   |   31.076 |   31.089 |   31.116 |   31.142 |   22.122 |   31.282 |   31.312 |   31.078 |   31.060 |   31.034 |   22.262 |   31.136
112    7     |   31.732 |   31.873 |   31.777 |   31.814 |   24.681 |   31.880 |   31.965 |   31.866 |   31.761 |   31.697 |   24.828 |   31.873 ||   +0.44   +0.14   +0.26  -22.22   +0.47   +0.74   +0.42   +0.09   -0.11  -21.76   +0.44
       med   |   31.997 |   32.031 |   32.015 |   32.158 |   25.424 |   32.227 |   32.081 |   32.035 |   32.123 |   32.019 |   25.291 |   32.086
128    8     |   30.096 |   29.626 |   27.122 |   30.110 |   27.115 |   29.938 |   27.252 |   29.634 |   30.114 |   30.035 |   30.026 |   27.297 ||   -1.56   -9.88   +0.05   -9.91   -0.53   -9.45   -1.54   +0.06   -0.20   -0.23   -9.30
       med   |   30.230 |   30.292 |   27.515 |   30.342 |   27.605 |   30.344 |   27.795 |   30.164 |   30.342 |   30.177 |   30.299 |   27.864
256    16    |   52.251 |   52.268 |   51.711 |   52.259 |   52.231 |   52.249 |   52.432 |   52.129 |   52.173 |   52.395 |   52.213 |   51.766 ||   +0.03   -1.03   +0.02   -0.04   -0.00   +0.35   -0.23   -0.15   +0.28   -0.07   -0.93
       med   |   52.800 |   52.799 |   52.932 |   52.728 |   52.594 |   53.005 |   52.809 |   52.712 |   52.763 |   52.918 |   52.771 |   52.790
512    32    |   94.798 |   94.762 |   95.435 |   95.063 |   94.451 |   94.628 |   95.070 |   94.250 |   94.489 |   95.390 |   94.170 |   94.830 ||   -0.04   +0.67   +0.28   -0.37   -0.18   +0.29   -0.58   -0.33   +0.62   -0.66   +0.03
       med   |   95.948 |   95.919 |   96.291 |   95.984 |   95.809 |   95.805 |   95.837 |   95.659 |   95.475 |   96.022 |   95.690 |   95.908
1024   64    |  180.368 |  179.714 |  180.847 |  179.482 |  179.700 |  179.681 |  179.899 |  179.871 |  179.959 |  180.333 |  179.804 |  180.048 ||   -0.36   +0.27   -0.49   -0.37   -0.38   -0.26   -0.28   -0.23   -0.02   -0.31   -0.18
       med   |  182.243 |  181.833 |  182.809 |  182.363 |  181.645 |  181.427 |  181.548 |  181.462 |  181.379 |  182.256 |  181.528 |  182.352
4096   256   |  693.698 |  692.579 |  693.955 |  694.233 |  692.226 |  692.019 |  691.437 |  692.020 |  688.957 |  691.934 |  691.481 |  690.917 ||   -0.16   +0.04   +0.08   -0.21   -0.24   -0.33   -0.24   -0.68   -0.25   -0.32   -0.40
       med   |  699.258 |  696.106 |  699.331 |  699.468 |  695.856 |  694.995 |  694.677 |  694.596 |  693.894 |  699.633 |  695.715 |  699.548
=== process order3.4
SELFCHECK OK (256 whole-block lengths 1..256 blk x 12 variants; out/Xi/ivec/ret byte-identical)
bytes  blks  |     base |       t5 |     t4p8 |   baseAA |       t8 |     dsp0 |    t4p8b |       t4 |   dsp0AA |   baseAB |       t7 |   t4p8AA ||      t5%    t4p8%  baseAA%      t8%    dsp0%   t4p8b%      t4%  dsp0AA%  baseAB%      t7%  t4p8AA%
16     1     |   26.258 |   13.921 |   13.895 |   26.230 |   13.921 |   26.662 |   13.907 |   13.940 |   26.376 |   26.300 |   13.918 |   13.907 ||  -46.98  -47.08   -0.11  -46.98   +1.54  -47.04  -46.91   +0.45   +0.16  -47.00  -47.04
       med   |   26.793 |   13.934 |   14.003 |   26.795 |   13.933 |   27.743 |   13.919 |   13.953 |   27.530 |   27.052 |   13.960 |   13.917
32     2     |   26.494 |   14.825 |   14.860 |   26.461 |   14.844 |   26.420 |   14.822 |   14.836 |   26.441 |   26.494 |   14.854 |   14.873 ||  -44.04  -43.91   -0.13  -43.97   -0.28  -44.06  -44.00   -0.20   -0.00  -43.93  -43.86
       med   |   26.774 |   14.847 |   14.875 |   26.756 |   14.856 |   26.775 |   14.898 |   14.905 |   26.699 |   26.697 |   14.872 |   14.890
48     3     |   27.775 |   15.508 |   15.492 |   27.766 |   15.467 |   27.726 |   15.547 |   15.525 |   27.715 |   27.718 |   15.519 |   15.490 ||  -44.16  -44.22   -0.03  -44.31   -0.17  -44.03  -44.11   -0.21   -0.21  -44.13  -44.23
       med   |   28.107 |   15.569 |   15.570 |   28.067 |   15.550 |   28.117 |   15.563 |   15.791 |   27.979 |   27.929 |   15.614 |   15.510
64     4     |   28.924 |   17.135 |   16.969 |   28.923 |   17.031 |   28.863 |   17.154 |   17.043 |   28.897 |   28.881 |   17.028 |   16.951 ||  -40.76  -41.33   -0.01  -41.12   -0.21  -40.69  -41.08   -0.10   -0.15  -41.13  -41.39
       med   |   29.149 |   17.253 |   16.989 |   29.171 |   17.053 |   29.215 |   17.268 |   17.336 |   29.095 |   29.036 |   17.048 |   16.966
80     5     |   29.949 |   19.429 |   30.090 |   29.968 |   19.498 |   30.112 |   30.061 |   30.132 |   30.042 |   29.984 |   19.797 |   30.002 ||  -35.13   +0.47   +0.06  -34.89   +0.54   +0.37   +0.61   +0.31   +0.12  -33.90   +0.18
       med   |   30.237 |   19.891 |   30.143 |   30.158 |   20.109 |   30.386 |   30.393 |   30.325 |   30.340 |   30.206 |   20.065 |   30.218
96     6     |   30.904 |   30.833 |   30.949 |   30.892 |   21.620 |   30.836 |   31.062 |   30.825 |   30.827 |   30.865 |   22.078 |   31.003 ||   -0.23   +0.15   -0.04  -30.04   -0.22   +0.51   -0.26   -0.25   -0.12  -28.56   +0.32
       med   |   31.046 |   31.104 |   31.130 |   31.089 |   22.299 |   31.239 |   31.317 |   31.095 |   31.063 |   31.016 |   22.258 |   31.170
112    7     |   31.807 |   31.871 |   31.781 |   31.820 |   24.684 |   31.883 |   31.915 |   31.882 |   31.767 |   31.687 |   24.813 |   31.826 ||   +0.20   -0.08   +0.04  -22.40   +0.24   +0.34   +0.23   -0.13   -0.38  -21.99   +0.06
       med   |   32.097 |   32.019 |   32.019 |   32.037 |   25.415 |   32.043 |   32.069 |   32.054 |   32.116 |   32.056 |   25.285 |   32.166
128    8     |   30.102 |   29.936 |   27.127 |   30.098 |   27.255 |   29.939 |   27.114 |   29.937 |   30.008 |   30.034 |   30.101 |   26.932 ||   -0.55   -9.88   -0.01   -9.46   -0.54   -9.93   -0.55   -0.31   -0.23   -0.00  -10.53
       med   |   30.253 |   30.238 |   27.500 |   30.228 |   27.607 |   30.408 |   27.688 |   30.199 |   30.322 |   30.173 |   30.326 |   27.936
256    16    |   52.160 |   52.238 |   52.037 |   52.169 |   51.801 |   52.237 |   52.239 |   52.228 |   51.756 |   52.342 |   52.226 |   52.280 ||   +0.15   -0.24   +0.02   -0.69   +0.15   +0.15   +0.13   -0.78   +0.35   +0.13   +0.23
       med   |   52.841 |   52.897 |   52.945 |   52.664 |   52.594 |   52.810 |   52.838 |   52.753 |   52.743 |   52.789 |   52.755 |   52.741
512    32    |   94.879 |   94.094 |   95.341 |   94.470 |   94.765 |   94.507 |   94.504 |   94.062 |   93.962 |   95.297 |   94.504 |   94.992 ||   -0.83   +0.49   -0.43   -0.12   -0.39   -0.40   -0.86   -0.97   +0.44   -0.40   +0.12
       med   |   95.956 |   95.775 |   96.292 |   95.804 |   95.829 |   95.641 |   95.783 |   95.568 |   95.478 |   95.924 |   95.738 |   95.968
1024   64    |  180.325 |  179.743 |  180.689 |  179.674 |  179.750 |  179.564 |  179.535 |  179.617 |  179.697 |  180.269 |  179.258 |  179.976 ||   -0.32   +0.20   -0.36   -0.32   -0.42   -0.44   -0.39   -0.35   -0.03   -0.59   -0.19
       med   |  182.457 |  181.838 |  182.776 |  182.354 |  181.643 |  181.480 |  181.621 |  181.328 |  181.298 |  182.349 |  181.672 |  182.430
4096   256   |  693.864 |  691.839 |  694.225 |  693.611 |  691.104 |  692.045 |  691.412 |  691.341 |  689.752 |  692.897 |  691.001 |  693.266 ||   -0.29   +0.05   -0.04   -0.40   -0.26   -0.35   -0.36   -0.59   -0.14   -0.41   -0.09
       med   |  699.413 |  695.774 |  699.435 |  699.764 |  695.630 |  694.992 |  694.388 |  694.582 |  693.818 |  699.337 |  695.685 |  699.125
=== process order3.5
SELFCHECK OK (256 whole-block lengths 1..256 blk x 12 variants; out/Xi/ivec/ret byte-identical)
bytes  blks  |     base |       t5 |     t4p8 |   baseAA |       t8 |     dsp0 |    t4p8b |       t4 |   dsp0AA |   baseAB |       t7 |   t4p8AA ||      t5%    t4p8%  baseAA%      t8%    dsp0%   t4p8b%      t4%  dsp0AA%  baseAB%      t7%  t4p8AA%
16     1     |   26.235 |   13.923 |   13.894 |   26.250 |   13.924 |   26.678 |   13.907 |   13.941 |   26.438 |   26.413 |   13.916 |   13.907 ||  -46.93  -47.04   +0.06  -46.93   +1.69  -46.99  -46.86   +0.77   +0.68  -46.96  -46.99
       med   |   26.799 |   13.933 |   13.996 |   26.902 |   13.933 |   27.710 |   13.928 |   13.953 |   27.523 |   27.100 |   13.960 |   13.921
32     2     |   26.481 |   14.835 |   14.851 |   26.446 |   14.845 |   26.427 |   14.835 |   14.835 |   26.445 |   26.496 |   14.862 |   14.867 ||  -43.98  -43.92   -0.13  -43.94   -0.20  -43.98  -43.98   -0.14   +0.05  -43.88  -43.86
       med   |   26.754 |   14.871 |   14.876 |   26.767 |   14.856 |   26.773 |   14.902 |   14.904 |   26.720 |   26.696 |   14.872 |   14.890
48     3     |   27.718 |   15.520 |   15.490 |   27.554 |   15.463 |   27.720 |   15.546 |   15.533 |   27.735 |   27.711 |   15.520 |   15.492 ||  -44.01  -44.12   -0.59  -44.21   +0.01  -43.91  -43.96   +0.06   -0.03  -44.01  -44.11
       med   |   28.116 |   15.568 |   15.569 |   28.085 |   15.552 |   28.081 |   15.561 |   15.768 |   28.014 |   27.958 |   15.612 |   15.534
64     4     |   28.904 |   17.141 |   16.973 |   28.908 |   17.031 |   28.860 |   17.160 |   17.051 |   28.902 |   28.884 |   17.029 |   16.950 ||  -40.70  -41.28   +0.01  -41.08   -0.15  -40.63  -41.01   -0.01   -0.07  -41.08  -41.36
       med   |   29.123 |   17.371 |   16.989 |   29.190 |   17.052 |   29.196 |   17.272 |   17.293 |   29.140 |   29.091 |   17.046 |   16.967
80     5     |   29.953 |   19.603 |   30.095 |   29.956 |   19.650 |   30.111 |   30.059 |   30.069 |   30.055 |   29.970 |   19.780 |   29.998 ||  -34.56   +0.47   +0.01  -34.40   +0.53   +0.35   +0.39   +0.34   +0.06  -33.97   +0.15
       med   |   30.215 |   19.988 |   30.141 |   30.236 |   20.106 |   30.358 |   30.396 |   30.258 |   30.336 |   30.156 |   20.063 |   30.204
96     6     |   30.899 |   30.790 |   30.947 |   30.908 |   21.544 |   30.838 |   31.062 |   30.833 |   30.814 |   30.864 |   22.074 |   31.005 ||   -0.35   +0.15   +0.03  -30.27   -0.20   +0.53   -0.21   -0.28   -0.11  -28.56   +0.34
       med   |   31.085 |   31.055 |   31.129 |   31.152 |   22.123 |   31.240 |   31.222 |   31.077 |   31.056 |   31.029 |   22.248 |   31.145
112    7     |   31.825 |   31.829 |   31.779 |   31.825 |   24.634 |   31.869 |   31.954 |   31.877 |   31.765 |   31.681 |   24.832 |   31.880 ||   +0.01   -0.15   -0.00  -22.60   +0.14   +0.40   +0.16   -0.19   -0.46  -21.98   +0.17
       med   |   32.039 |   31.991 |   32.024 |   32.158 |   25.446 |   32.024 |   32.079 |   32.222 |   32.126 |   32.007 |   25.285 |   32.074
128    8     |   30.111 |   29.939 |   27.172 |   30.109 |   27.110 |   29.939 |   27.220 |   29.934 |   30.095 |   30.033 |   30.101 |   27.246 ||   -0.57   -9.76   -0.00   -9.96   -0.57   -9.60   -0.59   -0.05   -0.26   -0.03   -9.51
       med   |   30.268 |   30.147 |   27.506 |   30.345 |   27.595 |   30.369 |   27.671 |   30.217 |   30.326 |   30.177 |   30.347 |   27.913
256    16    |   52.042 |   52.239 |   52.388 |   52.202 |   52.230 |   51.745 |   52.391 |   52.210 |   52.210 |   52.366 |   52.102 |   52.291 ||   +0.38   +0.67   +0.31   +0.36   -0.57   +0.67   +0.32   +0.32   +0.62   +0.12   +0.48
       med   |   52.747 |   52.788 |   52.924 |   52.570 |   52.584 |   52.804 |   52.858 |   52.667 |   52.728 |   52.866 |   52.720 |   52.768
512    32    |   95.038 |   94.646 |   95.056 |   95.172 |   94.669 |   94.739 |   94.719 |   94.448 |   94.830 |   95.029 |   94.925 |   95.065 ||   -0.41   +0.02   +0.14   -0.39   -0.31   -0.34   -0.62   -0.22   -0.01   -0.12   +0.03
       med   |   95.989 |   95.892 |   96.356 |   96.097 |   95.848 |   95.730 |   95.801 |   95.724 |   95.510 |   96.006 |   95.624 |   95.923
1024   64    |  180.061 |  179.912 |  179.692 |  179.619 |  179.662 |  179.862 |  179.558 |  179.343 |  179.551 |  180.307 |  179.903 |  179.614 ||   -0.08   -0.20   -0.25   -0.22   -0.11   -0.28   -0.40   -0.28   +0.14   -0.09   -0.25
       med   |  182.583 |  181.779 |  182.798 |  182.502 |  181.719 |  181.290 |  181.596 |  181.493 |  181.370 |  182.280 |  181.436 |  182.280
4096   256   |  693.542 |  691.738 |  692.736 |  691.958 |  692.035 |  692.423 |  691.531 |  692.106 |  690.130 |  693.158 |  691.335 |  691.604 ||   -0.26   -0.12   -0.23   -0.22   -0.16   -0.29   -0.21   -0.49   -0.06   -0.32   -0.28
       med   |  699.289 |  696.163 |  699.077 |  699.264 |  695.950 |  694.664 |  694.512 |  694.800 |  694.266 |  699.095 |  695.612 |  699.328
