=== process order1.1
SELFCHECK OK (256 whole-block lengths 1..256 blk x 12 variants; out/Xi/ivec/ret byte-identical)
bytes  blks  |     base |   baseAA |   baseAB |     dsp0 |   dsp0AA |       t4 |       t5 |       t7 |       t8 |     t4p8 |   t4p8AA |    t4p8b ||  baseAA%  baseAB%    dsp0%  dsp0AA%      t4%      t5%      t7%      t8%    t4p8%  t4p8AA%   t4p8b%
16     1     |   25.323 |   25.347 |   25.325 |   23.307 |   23.645 |   12.387 |   12.306 |   12.301 |   12.319 |   12.355 |   12.360 |   12.312 ||   +0.10   +0.01   -7.96   -6.63  -51.08  -51.41  -51.42  -51.35  -51.21  -51.19  -51.38
       med   |   25.696 |   25.548 |   25.747 |   25.631 |   25.952 |   12.396 |   12.347 |   12.384 |   12.327 |   12.368 |   12.368 |   12.321
32     2     |   23.398 |   23.365 |   23.399 |   23.357 |   23.378 |   13.363 |   13.384 |   13.312 |   13.305 |   13.407 |   13.393 |   13.430 ||   -0.14   +0.00   -0.18   -0.09  -42.89  -42.80  -43.10  -43.14  -42.70  -42.76  -42.60
       med   |   23.620 |   23.460 |   23.658 |   23.553 |   24.093 |   13.432 |   13.426 |   13.385 |   13.342 |   13.424 |   13.423 |   13.439
48     3     |   24.240 |   24.238 |   24.267 |   24.202 |   24.211 |   13.685 |   13.726 |   13.696 |   13.676 |   13.730 |   13.731 |   13.723 ||   -0.01   +0.11   -0.16   -0.12  -43.54  -43.37  -43.50  -43.58  -43.36  -43.35  -43.39
       med   |   24.468 |   24.457 |   24.773 |   24.249 |   24.837 |   13.727 |   13.773 |   13.703 |   13.686 |   13.739 |   13.739 |   13.756
64     4     |   25.118 |   25.113 |   25.129 |   25.105 |   25.132 |   14.865 |   14.851 |   14.872 |   14.870 |   14.857 |   14.862 |   14.876 ||   -0.02   +0.05   -0.05   +0.06  -40.82  -40.87  -40.79  -40.80  -40.85  -40.83  -40.78
       med   |   25.345 |   25.171 |   25.571 |   25.637 |   25.436 |   14.946 |   14.869 |   14.883 |   14.930 |   14.869 |   15.105 |   14.889
80     5     |   25.978 |   25.991 |   26.002 |   25.990 |   26.005 |   25.984 |   16.581 |   16.643 |   16.627 |   26.002 |   26.003 |   26.019 ||   +0.05   +0.10   +0.05   +0.11   +0.02  -36.17  -35.94  -35.99   +0.09   +0.10   +0.16
       med   |   26.234 |   26.019 |   26.676 |   26.310 |   26.546 |   26.133 |   16.598 |   17.072 |   16.649 |   26.043 |   26.154 |   26.135
96     6     |   26.931 |   26.916 |   26.935 |   26.932 |   26.933 |   26.923 |   26.932 |   18.781 |   18.785 |   26.780 |   26.897 |   26.960 ||   -0.06   +0.01   +0.00   +0.01   -0.03   +0.00  -30.26  -30.25   -0.56   -0.13   +0.10
       med   |   27.625 |   26.974 |   27.468 |   26.979 |   27.626 |   27.213 |   27.431 |   18.803 |   18.803 |   26.984 |   26.993 |   27.075
112    7     |   27.471 |   27.417 |   27.468 |   27.494 |   27.519 |   27.411 |   27.498 |   20.825 |   20.848 |   27.490 |   27.510 |   27.489 ||   -0.19   -0.01   +0.09   +0.17   -0.22   +0.10  -24.19  -24.11   +0.07   +0.14   +0.07
       med   |   28.078 |   27.463 |   28.010 |   27.523 |   27.907 |   27.782 |   28.131 |   20.850 |   20.866 |   27.540 |   27.540 |   27.526
128    8     |   25.380 |   25.582 |   25.383 |   25.570 |   25.590 |   25.386 |   25.593 |   25.596 |   22.937 |   22.900 |   22.886 |   22.891 ||   +0.80   +0.01   +0.75   +0.83   +0.02   +0.84   +0.85   -9.62   -9.77   -9.83   -9.81
       med   |   25.770 |   25.600 |   25.974 |   25.624 |   26.019 |   25.631 |   26.022 |   25.624 |   22.954 |   22.924 |   23.250 |   22.916
256    16    |   45.567 |   45.347 |   45.492 |   45.323 |   45.367 |   45.348 |   45.426 |   45.437 |   45.380 |   45.332 |   45.323 |   45.489 ||   -0.48   -0.16   -0.53   -0.44   -0.48   -0.31   -0.29   -0.41   -0.52   -0.54   -0.17
       med   |   47.142 |   45.782 |   46.244 |   45.857 |   46.175 |   46.103 |   46.908 |   45.582 |   45.997 |   45.701 |   45.791 |   46.415
512    32    |   84.529 |   83.730 |   84.396 |   84.420 |   84.343 |   84.439 |   84.377 |   84.106 |   84.420 |   83.990 |   84.457 |   83.798 ||   -0.95   -0.16   -0.13   -0.22   -0.11   -0.18   -0.50   -0.13   -0.64   -0.09   -0.87
       med   |   85.688 |   84.648 |   86.152 |   85.747 |   85.408 |   85.552 |   85.466 |   85.368 |   85.702 |   84.570 |   84.809 |   84.764
1024   64    |  162.131 |  161.631 |  162.036 |  161.970 |  161.329 |  161.871 |  161.661 |  161.977 |  162.005 |  162.054 |  162.133 |  162.101 ||   -0.31   -0.06   -0.10   -0.49   -0.16   -0.29   -0.09   -0.08   -0.05   +0.00   -0.02
       med   |  163.089 |  163.171 |  167.238 |  165.645 |  163.237 |  163.602 |  165.438 |  163.308 |  165.139 |  163.113 |  164.144 |  163.007
4096   256   |  629.083 |  628.646 |  628.630 |  628.815 |  628.010 |  628.206 |  628.680 |  628.703 |  628.881 |  628.601 |  628.577 |  629.034 ||   -0.07   -0.07   -0.04   -0.17   -0.14   -0.06   -0.06   -0.03   -0.08   -0.08   -0.01
       med   |  630.702 |  631.024 |  635.176 |  630.846 |  630.081 |  630.345 |  633.382 |  630.208 |  632.041 |  631.249 |  630.045 |  630.429
=== process order1.2
SELFCHECK OK (256 whole-block lengths 1..256 blk x 12 variants; out/Xi/ivec/ret byte-identical)
bytes  blks  |     base |   baseAA |   baseAB |     dsp0 |   dsp0AA |       t4 |       t5 |       t7 |       t8 |     t4p8 |   t4p8AA |    t4p8b ||  baseAA%  baseAB%    dsp0%  dsp0AA%      t4%      t5%      t7%      t8%    t4p8%  t4p8AA%   t4p8b%
16     1     |   25.333 |   25.363 |   25.346 |   25.400 |   25.480 |   12.326 |   12.306 |   12.372 |   12.319 |   12.361 |   12.358 |   12.308 ||   +0.12   +0.05   +0.26   +0.58  -51.34  -51.43  -51.16  -51.37  -51.21  -51.22  -51.41
       med   |   25.727 |   25.552 |   25.835 |   25.588 |   25.943 |   12.395 |   12.346 |   12.383 |   12.326 |   12.368 |   12.368 |   12.321
32     2     |   23.398 |   23.356 |   23.409 |   23.357 |   23.378 |   13.368 |   13.392 |   13.312 |   13.304 |   13.407 |   13.395 |   13.411 ||   -0.18   +0.05   -0.18   -0.08  -42.87  -42.76  -43.11  -43.14  -42.70  -42.75  -42.68
       med   |   23.605 |   23.460 |   23.605 |   23.388 |   23.755 |   13.431 |   13.427 |   13.383 |   13.341 |   13.423 |   13.423 |   13.440
48     3     |   24.239 |   24.239 |   24.277 |   24.206 |   24.205 |   13.680 |   13.730 |   13.675 |   13.678 |   13.732 |   13.730 |   13.730 ||   -0.00   +0.16   -0.14   -0.14  -43.56  -43.36  -43.58  -43.57  -43.35  -43.36  -43.36
       med   |   24.494 |   24.298 |   24.828 |   24.243 |   24.651 |   13.704 |   13.773 |   13.703 |   13.684 |   13.739 |   13.738 |   13.756
64     4     |   25.121 |   25.109 |   25.161 |   25.120 |   25.117 |   14.864 |   14.853 |   14.869 |   14.867 |   14.856 |   14.858 |   14.876 ||   -0.05   +0.16   -0.01   -0.02  -40.83  -40.88  -40.81  -40.82  -40.86  -40.85  -40.78
       med   |   25.488 |   25.170 |   25.637 |   25.606 |   25.594 |   14.944 |   14.927 |   14.884 |   14.929 |   14.869 |   15.102 |   14.948
80     5     |   25.985 |   25.985 |   25.978 |   25.980 |   26.003 |   25.994 |   16.576 |   16.641 |   16.631 |   26.000 |   25.998 |   26.020 ||   +0.00   -0.03   -0.02   +0.07   +0.04  -36.21  -35.96  -36.00   +0.06   +0.05   +0.14
       med   |   26.590 |   26.016 |   26.509 |   26.018 |   26.538 |   26.115 |   16.598 |   17.070 |   16.648 |   26.491 |   26.027 |   26.043
96     6     |   26.947 |   26.920 |   26.896 |   26.891 |   26.940 |   26.908 |   26.939 |   18.786 |   18.786 |   26.790 |   26.895 |   26.948 ||   -0.10   -0.19   -0.21   -0.03   -0.15   -0.03  -30.29  -30.29   -0.58   -0.19   +0.00
       med   |   27.652 |   26.973 |   27.466 |   26.980 |   27.602 |   26.986 |   27.445 |   18.803 |   18.806 |   26.984 |   26.983 |   26.984
112    7     |   27.452 |   27.431 |   27.466 |   27.490 |   27.521 |   27.395 |   27.510 |   20.827 |   20.848 |   27.474 |   27.503 |   27.501 ||   -0.08   +0.05   +0.14   +0.25   -0.21   +0.21  -24.13  -24.06   +0.08   +0.18   +0.18
       med   |   27.821 |   27.464 |   28.010 |   27.836 |   28.007 |   27.774 |   28.078 |   20.998 |   20.867 |   27.541 |   27.538 |   27.526
128    8     |   25.372 |   25.582 |   25.379 |   25.544 |   25.589 |   25.386 |   25.600 |   25.601 |   22.936 |   22.903 |   22.901 |   22.897 ||   +0.83   +0.03   +0.68   +0.86   +0.05   +0.90   +0.90   -9.60   -9.73   -9.74   -9.76
       med   |   25.784 |   25.601 |   25.988 |   25.749 |   26.019 |   25.670 |   26.020 |   25.623 |   22.954 |   22.927 |   22.931 |   22.920
256    16    |   45.634 |   45.333 |   45.495 |   45.357 |   45.349 |   45.356 |   45.563 |   45.422 |   45.354 |   45.345 |   45.339 |   45.687 ||   -0.66   -0.30   -0.61   -0.63   -0.61   -0.16   -0.46   -0.61   -0.63   -0.65   +0.12
       med   |   46.852 |   45.661 |   46.231 |   45.992 |   46.023 |   46.249 |   46.754 |   45.582 |   46.002 |   45.757 |   45.717 |   46.472
512    32    |   84.553 |   83.814 |   84.477 |   84.483 |   84.320 |   84.495 |   84.419 |   84.099 |   84.418 |   84.024 |   84.506 |   84.307 ||   -0.87   -0.09   -0.08   -0.28   -0.07   -0.16   -0.54   -0.16   -0.63   -0.05   -0.29
       med   |   85.560 |   84.532 |   86.076 |   86.031 |   85.382 |   85.016 |   85.841 |   85.394 |   85.663 |   84.574 |   85.431 |   84.827
1024   64    |  162.142 |  161.636 |  162.048 |  161.965 |  161.451 |  161.815 |  161.834 |  161.985 |  162.027 |  161.728 |  161.867 |  162.288 ||   -0.31   -0.06   -0.11   -0.43   -0.20   -0.19   -0.10   -0.07   -0.26   -0.17   +0.09
       med   |  163.214 |  163.339 |  166.194 |  165.792 |  163.138 |  163.651 |  164.710 |  162.999 |  164.830 |  162.775 |  162.631 |  163.639
4096   256   |  628.874 |  628.673 |  628.687 |  628.660 |  628.212 |  628.126 |  628.198 |  628.769 |  628.928 |  628.303 |  628.563 |  629.040 ||   -0.03   -0.03   -0.03   -0.11   -0.12   -0.11   -0.02   +0.01   -0.09   -0.05   +0.03
       med   |  630.866 |  631.489 |  635.313 |  633.049 |  630.198 |  630.139 |  633.193 |  629.984 |  632.663 |  629.947 |  630.058 |  630.553
=== process order1.3
SELFCHECK OK (256 whole-block lengths 1..256 blk x 12 variants; out/Xi/ivec/ret byte-identical)
bytes  blks  |     base |   baseAA |   baseAB |     dsp0 |   dsp0AA |       t4 |       t5 |       t7 |       t8 |     t4p8 |   t4p8AA |    t4p8b ||  baseAA%  baseAB%    dsp0%  dsp0AA%      t4%      t5%      t7%      t8%    t4p8%  t4p8AA%   t4p8b%
16     1     |   25.325 |   25.327 |   25.334 |   25.390 |   23.771 |   12.329 |   12.270 |   12.297 |   12.317 |   12.341 |   12.360 |   12.311 ||   +0.01   +0.03   +0.26   -6.14  -51.32  -51.55  -51.44  -51.36  -51.27  -51.19  -51.39
       med   |   25.588 |   25.448 |   25.678 |   25.603 |   25.815 |   12.396 |   12.347 |   12.384 |   12.326 |   12.368 |   12.368 |   12.321
32     2     |   23.410 |   23.358 |   23.419 |   23.358 |   23.379 |   13.341 |   13.402 |   13.313 |   13.311 |   13.402 |   13.389 |   13.392 ||   -0.22   +0.04   -0.22   -0.13  -43.01  -42.75  -43.13  -43.14  -42.75  -42.81  -42.79
       med   |   23.738 |   23.464 |   23.983 |   23.387 |   23.880 |   13.432 |   13.427 |   13.384 |   13.344 |   13.424 |   13.423 |   13.439
48     3     |   24.242 |   24.229 |   24.261 |   24.198 |   24.209 |   13.681 |   13.731 |   13.696 |   13.678 |   13.730 |   13.722 |   13.724 ||   -0.06   +0.08   -0.18   -0.14  -43.56  -43.36  -43.50  -43.58  -43.36  -43.40  -43.39
       med   |   24.421 |   24.432 |   24.824 |   24.414 |   24.746 |   13.705 |   13.775 |   13.703 |   13.686 |   13.740 |   13.739 |   13.756
64     4     |   25.096 |   25.104 |   25.128 |   25.091 |   25.124 |   14.867 |   14.859 |   14.868 |   14.870 |   14.856 |   14.863 |   14.877 ||   +0.03   +0.13   -0.02   +0.11  -40.76  -40.79  -40.76  -40.75  -40.80  -40.78  -40.72
       med   |   25.271 |   25.170 |   25.448 |   25.369 |   25.593 |   14.947 |   14.928 |   14.885 |   14.928 |   14.868 |   15.105 |   14.891
80     5     |   25.982 |   25.988 |   25.988 |   25.984 |   25.996 |   25.994 |   16.579 |   16.641 |   16.630 |   26.004 |   25.998 |   26.015 ||   +0.02   +0.02   +0.01   +0.05   +0.05  -36.19  -35.95  -36.00   +0.09   +0.06   +0.13
       med   |   26.511 |   26.017 |   26.485 |   26.019 |   26.340 |   26.083 |   16.602 |   17.080 |   16.649 |   26.046 |   26.026 |   26.043
96     6     |   26.920 |   26.927 |   26.875 |   26.915 |   26.926 |   26.929 |   26.937 |   18.784 |   18.786 |   26.793 |   26.885 |   26.952 ||   +0.02   -0.17   -0.02   +0.02   +0.03   +0.06  -30.22  -30.22   -0.47   -0.13   +0.12
       med   |   27.365 |   26.973 |   27.449 |   27.177 |   27.439 |   26.978 |   27.420 |   18.804 |   18.803 |   26.984 |   26.977 |   26.984
112    7     |   27.464 |   27.428 |   27.470 |   27.486 |   27.511 |   27.394 |   27.493 |   20.825 |   20.848 |   27.453 |   27.503 |   27.494 ||   -0.13   +0.02   +0.08   +0.17   -0.26   +0.11  -24.17  -24.09   -0.04   +0.14   +0.11
       med   |   27.732 |   27.465 |   28.012 |   27.528 |   27.873 |   27.535 |   28.141 |   20.849 |   20.866 |   27.544 |   27.561 |   27.527
128    8     |   25.383 |   25.573 |   25.530 |   25.591 |   25.591 |   25.375 |   25.589 |   25.600 |   22.932 |   22.900 |   22.900 |   22.896 ||   +0.75   +0.58   +0.82   +0.82   -0.03   +0.81   +0.86   -9.65   -9.78   -9.78   -9.80
       med   |   25.792 |   25.600 |   25.993 |   25.625 |   26.042 |   25.771 |   26.025 |   25.623 |   22.955 |   22.925 |   22.929 |   23.322
256    16    |   45.667 |   45.353 |   45.561 |   45.319 |   45.310 |   45.333 |   45.526 |   45.426 |   45.357 |   45.336 |   45.330 |   45.577 ||   -0.69   -0.23   -0.76   -0.78   -0.73   -0.31   -0.53   -0.68   -0.73   -0.74   -0.20
       med   |   46.962 |   45.752 |   46.159 |   45.928 |   46.121 |   45.958 |   46.788 |   45.506 |   46.247 |   45.754 |   45.755 |   46.416
512    32    |   84.543 |   84.357 |   84.384 |   84.451 |   84.308 |   84.476 |   84.377 |   84.441 |   84.437 |   84.426 |   84.453 |   84.555 ||   -0.22   -0.19   -0.11   -0.28   -0.08   -0.20   -0.12   -0.13   -0.14   -0.11   +0.01
       med   |   85.202 |   85.238 |   85.647 |   85.908 |   85.462 |   85.890 |   86.533 |   84.658 |   85.645 |   84.759 |   84.809 |   85.414
1024   64    |  162.015 |  161.886 |  162.008 |  161.982 |  161.555 |  161.673 |  161.994 |  161.762 |  162.071 |  162.000 |  162.016 |  162.011 ||   -0.08   -0.00   -0.02   -0.28   -0.21   -0.01   -0.16   +0.03   -0.01   +0.00   -0.00
       med   |  163.186 |  163.121 |  167.002 |  165.067 |  163.201 |  163.577 |  165.250 |  163.134 |  164.964 |  163.192 |  163.690 |  162.906
4096   256   |  629.033 |  628.729 |  628.885 |  627.870 |  627.937 |  628.155 |  628.855 |  628.718 |  628.995 |  628.381 |  628.164 |  628.849 ||   -0.05   -0.02   -0.18   -0.17   -0.14   -0.03   -0.05   -0.01   -0.10   -0.14   -0.03
       med   |  630.503 |  631.258 |  635.370 |  632.527 |  630.262 |  630.417 |  632.069 |  629.958 |  632.287 |  630.104 |  630.264 |  630.419
=== process order1.4
SELFCHECK OK (256 whole-block lengths 1..256 blk x 12 variants; out/Xi/ivec/ret byte-identical)
bytes  blks  |     base |   baseAA |   baseAB |     dsp0 |   dsp0AA |       t4 |       t5 |       t7 |       t8 |     t4p8 |   t4p8AA |    t4p8b ||  baseAA%  baseAB%    dsp0%  dsp0AA%      t4%      t5%      t7%      t8%    t4p8%  t4p8AA%   t4p8b%
16     1     |   25.339 |   25.311 |   25.195 |   23.495 |   23.549 |   12.333 |   12.308 |   12.331 |   12.317 |   12.343 |   12.361 |   12.312 ||   -0.11   -0.57   -7.28   -7.07  -51.33  -51.43  -51.34  -51.39  -51.29  -51.22  -51.41
       med   |   25.615 |   25.427 |   25.695 |   25.461 |   25.813 |   12.395 |   12.347 |   12.382 |   12.326 |   12.368 |   12.368 |   12.321
32     2     |   23.398 |   23.365 |   23.398 |   23.366 |   23.384 |   13.379 |   13.385 |   13.312 |   13.307 |   13.393 |   13.406 |   13.395 ||   -0.14   +0.00   -0.14   -0.06  -42.82  -42.79  -43.11  -43.13  -42.76  -42.71  -42.75
       med   |   23.786 |   23.425 |   23.772 |   23.386 |   23.980 |   13.432 |   13.426 |   13.385 |   13.342 |   13.422 |   13.423 |   13.439
48     3     |   24.255 |   24.262 |   24.271 |   24.196 |   24.213 |   13.690 |   13.729 |   13.671 |   13.679 |   13.732 |   13.730 |   13.727 ||   +0.03   +0.07   -0.24   -0.17  -43.56  -43.40  -43.64  -43.60  -43.38  -43.39  -43.40
       med   |   24.704 |   24.495 |   24.829 |   24.245 |   24.854 |   13.731 |   13.773 |   13.703 |   13.768 |   13.739 |   13.740 |   13.756
64     4     |   25.124 |   25.108 |   25.158 |   25.108 |   25.132 |   14.864 |   14.850 |   14.865 |   14.869 |   14.854 |   14.858 |   14.877 ||   -0.06   +0.13   -0.06   +0.03  -40.84  -40.89  -40.83  -40.82  -40.88  -40.86  -40.79
       med   |   25.355 |   25.171 |   25.637 |   25.312 |   25.621 |   14.946 |   14.869 |   14.884 |   15.017 |   14.871 |   15.098 |   14.890
80     5     |   25.998 |   25.992 |   25.992 |   25.988 |   26.007 |   25.990 |   16.578 |   16.644 |   16.631 |   26.007 |   26.003 |   26.020 ||   -0.02   -0.02   -0.04   +0.04   -0.03  -36.23  -35.98  -36.03   +0.04   +0.02   +0.09
       med   |   26.568 |   26.021 |   26.562 |   26.023 |   26.548 |   26.046 |   16.596 |   16.968 |   16.648 |   26.498 |   26.355 |   26.043
96     6     |   26.933 |   26.914 |   26.950 |   26.922 |   26.939 |   26.903 |   26.955 |   18.785 |   18.786 |   26.907 |   26.897 |   26.948 ||   -0.07   +0.06   -0.04   +0.02   -0.11   +0.08  -30.25  -30.25   -0.09   -0.13   +0.06
       med   |   27.653 |   26.974 |   27.465 |   26.976 |   27.626 |   26.983 |   27.482 |   18.803 |   18.802 |   27.259 |   26.982 |   26.984
112    7     |   27.460 |   27.432 |   27.454 |   27.488 |   27.519 |   27.416 |   27.522 |   20.829 |   20.846 |   27.456 |   27.511 |   27.501 ||   -0.10   -0.02   +0.10   +0.21   -0.16   +0.22  -24.15  -24.09   -0.01   +0.19   +0.15
       med   |   28.067 |   27.463 |   27.941 |   27.666 |   28.063 |   27.526 |   28.085 |   20.990 |   20.866 |   27.541 |   27.769 |   27.600
128    8     |   25.381 |   25.556 |   25.377 |   25.593 |   25.587 |   25.383 |   25.583 |   25.592 |   22.932 |   22.904 |   22.905 |   22.893 ||   +0.69   -0.02   +0.83   +0.81   +0.01   +0.79   +0.83   -9.65   -9.76   -9.76   -9.80
       med   |   25.907 |   25.601 |   25.979 |   25.624 |   26.074 |   25.679 |   26.016 |   25.624 |   22.954 |   22.926 |   23.244 |   23.221
256    16    |   45.466 |   45.384 |   45.435 |   45.337 |   45.360 |   45.331 |   45.579 |   45.429 |   45.393 |   45.337 |   45.347 |   45.710 ||   -0.18   -0.07   -0.28   -0.23   -0.30   +0.25   -0.08   -0.16   -0.28   -0.26   +0.54
       med   |   46.315 |   45.866 |   46.096 |   45.937 |   46.010 |   46.138 |   47.047 |   45.576 |   46.176 |   45.764 |   45.726 |   46.490
512    32    |   84.515 |   83.696 |   84.392 |   84.379 |   84.341 |   84.479 |   84.306 |   84.375 |   84.400 |   84.025 |   84.483 |   84.411 ||   -0.97   -0.15   -0.16   -0.21   -0.04   -0.25   -0.17   -0.14   -0.58   -0.04   -0.12
       med   |   85.580 |   84.632 |   86.217 |   86.112 |   85.514 |   85.050 |   85.573 |   85.593 |   85.688 |   84.584 |   85.586 |   85.066
1024   64    |  162.165 |  161.596 |  161.925 |  162.015 |  161.452 |  161.815 |  161.967 |  161.897 |  161.891 |  161.654 |  161.958 |  162.280 ||   -0.35   -0.15   -0.09   -0.44   -0.22   -0.12   -0.17   -0.17   -0.32   -0.13   +0.07
       med   |  163.278 |  163.392 |  165.857 |  165.463 |  163.182 |  163.566 |  165.194 |  163.026 |  163.398 |  163.036 |  163.208 |  163.681
4096   256   |  628.973 |  628.697 |  628.743 |  628.663 |  628.242 |  627.954 |  628.848 |  628.408 |  628.835 |  628.523 |  628.677 |  629.032 ||   -0.04   -0.04   -0.05   -0.12   -0.16   -0.02   -0.09   -0.02   -0.07   -0.05   +0.01
       med   |  631.100 |  630.991 |  635.162 |  631.277 |  630.048 |  629.988 |  633.671 |  631.364 |  631.096 |  630.261 |  630.119 |  630.600
=== process order1.5
SELFCHECK OK (256 whole-block lengths 1..256 blk x 12 variants; out/Xi/ivec/ret byte-identical)
bytes  blks  |     base |   baseAA |   baseAB |     dsp0 |   dsp0AA |       t4 |       t5 |       t7 |       t8 |     t4p8 |   t4p8AA |    t4p8b ||  baseAA%  baseAB%    dsp0%  dsp0AA%      t4%      t5%      t7%      t8%    t4p8%  t4p8AA%   t4p8b%
16     1     |   25.373 |   24.369 |   23.911 |   23.298 |   25.501 |   12.339 |   12.307 |   12.301 |   12.316 |   12.342 |   12.359 |   12.312 ||   -3.96   -5.76   -8.18   +0.50  -51.37  -51.50  -51.52  -51.46  -51.36  -51.29  -51.48
       med   |   25.660 |   25.496 |   25.798 |   25.623 |   25.875 |   12.395 |   12.347 |   12.382 |   12.326 |   12.368 |   12.368 |   12.321
32     2     |   23.416 |   23.369 |   23.416 |   23.361 |   23.379 |   13.421 |   13.389 |   13.313 |   13.307 |   13.392 |   13.388 |   13.430 ||   -0.20   +0.00   -0.23   -0.16  -42.69  -42.82  -43.14  -43.17  -42.81  -42.83  -42.64
       med   |   23.681 |   23.464 |   23.962 |   23.508 |   23.840 |   13.431 |   13.427 |   13.383 |   13.341 |   13.421 |   13.422 |   13.439
48     3     |   24.252 |   24.242 |   24.253 |   24.196 |   24.212 |   13.684 |   13.730 |   13.695 |   13.677 |   13.732 |   13.732 |   13.690 ||   -0.04   +0.00   -0.23   -0.17  -43.58  -43.39  -43.53  -43.60  -43.38  -43.38  -43.55
       med   |   24.543 |   24.424 |   24.603 |   24.242 |   24.804 |   13.705 |   13.773 |   13.703 |   13.685 |   13.739 |   13.740 |   13.756
64     4     |   25.122 |   25.111 |   25.155 |   25.106 |   25.127 |   14.857 |   14.855 |   14.870 |   14.869 |   14.855 |   14.859 |   14.874 ||   -0.04   +0.13   -0.06   +0.02  -40.86  -40.87  -40.81  -40.81  -40.87  -40.85  -40.79
       med   |   25.355 |   25.169 |   25.577 |   25.376 |   25.589 |   14.946 |   14.865 |   14.884 |   14.937 |   14.868 |   14.932 |   14.949
80     5     |   25.987 |   25.990 |   25.977 |   25.992 |   25.985 |   25.994 |   16.576 |   16.645 |   16.630 |   26.002 |   26.002 |   26.014 ||   +0.01   -0.04   +0.02   -0.01   +0.03  -36.21  -35.95  -36.01   +0.06   +0.06   +0.10
       med   |   26.488 |   26.021 |   26.532 |   26.087 |   26.475 |   26.240 |   16.598 |   17.074 |   16.818 |   26.036 |   26.163 |   26.044
96     6     |   26.917 |   26.915 |   26.932 |   26.871 |   26.941 |   26.939 |   26.935 |   18.788 |   18.788 |   26.793 |   26.894 |   26.952 ||   -0.01   +0.06   -0.17   +0.09   +0.08   +0.07  -30.20  -30.20   -0.46   -0.08   +0.13
       med   |   27.566 |   26.972 |   27.461 |   27.074 |   27.615 |   27.207 |   27.443 |   18.805 |   18.803 |   26.984 |   26.981 |   26.983
112    7     |   27.453 |   27.431 |   27.478 |   27.484 |   27.519 |   27.418 |   27.525 |   20.827 |   20.850 |   27.470 |   27.510 |   27.492 ||   -0.08   +0.09   +0.11   +0.24   -0.13   +0.26  -24.14  -24.05   +0.06   +0.21   +0.14
       med   |   27.923 |   27.463 |   28.010 |   27.524 |   28.040 |   27.533 |   28.131 |   20.992 |   20.868 |   27.591 |   27.549 |   27.531
128    8     |   25.360 |   25.566 |   25.511 |   25.562 |   25.587 |   25.382 |   25.572 |   25.541 |   22.932 |   22.895 |   22.901 |   22.668 ||   +0.81   +0.60   +0.80   +0.90   +0.09   +0.84   +0.72   -9.57   -9.72   -9.70  -10.61
       med   |   25.752 |   25.600 |   25.966 |   25.630 |   25.990 |   25.729 |   26.036 |   25.622 |   22.954 |   22.924 |   22.930 |   23.238
256    16    |   45.840 |   45.335 |   45.497 |   45.314 |   45.372 |   45.348 |   45.583 |   45.400 |   45.373 |   45.344 |   45.319 |   45.694 ||   -1.10   -0.75   -1.15   -1.02   -1.07   -0.56   -0.96   -1.02   -1.08   -1.14   -0.32
       med   |   47.089 |   45.809 |   46.235 |   45.971 |   46.013 |   46.244 |   47.067 |   45.575 |   46.112 |   45.791 |   45.762 |   46.373
512    32    |   84.618 |   83.844 |   84.358 |   84.462 |   84.335 |   84.460 |   84.411 |   84.404 |   84.511 |   84.241 |   84.484 |   84.447 ||   -0.91   -0.31   -0.19   -0.34   -0.19   -0.25   -0.25   -0.13   -0.45   -0.16   -0.20
       med   |   85.953 |   84.616 |   85.834 |   85.709 |   85.591 |   85.461 |   85.620 |   85.390 |   85.635 |   84.572 |   85.357 |   85.087
1024   64    |  161.986 |  161.544 |  162.030 |  162.006 |  161.472 |  161.776 |  161.978 |  161.811 |  161.857 |  161.882 |  161.981 |  162.239 ||   -0.27   +0.03   +0.01   -0.32   -0.13   -0.00   -0.11   -0.08   -0.06   -0.00   +0.16
       med   |  163.403 |  163.070 |  166.593 |  163.279 |  163.912 |  163.074 |  165.363 |  163.054 |  164.184 |  163.068 |  163.225 |  163.628
4096   256   |  628.884 |  628.620 |  628.708 |  627.626 |  628.154 |  628.098 |  628.072 |  628.634 |  628.852 |  628.331 |  628.489 |  629.012 ||   -0.04   -0.03   -0.20   -0.12   -0.12   -0.13   -0.04   -0.01   -0.09   -0.06   +0.02
       med   |  630.516 |  631.229 |  634.823 |  633.023 |  629.926 |  630.283 |  631.837 |  630.105 |  633.171 |  630.143 |  630.035 |  630.663
=== process order2.1
SELFCHECK OK (256 whole-block lengths 1..256 blk x 12 variants; out/Xi/ivec/ret byte-identical)
bytes  blks  |     base |    t4p8b |   t4p8AA |     t4p8 |       t8 |       t7 |       t5 |       t4 |   dsp0AA |     dsp0 |   baseAB |   baseAA ||   t4p8b%  t4p8AA%    t4p8%      t8%      t7%      t5%      t4%  dsp0AA%    dsp0%  baseAB%  baseAA%
16     1     |   25.314 |   12.319 |   12.306 |   12.307 |   12.318 |   12.337 |   12.346 |   12.335 |   25.417 |   25.460 |   25.358 |   25.326 ||  -51.33  -51.39  -51.38  -51.34  -51.27  -51.23  -51.27   +0.41   +0.58   +0.17   +0.05
       med   |   25.645 |   12.345 |   12.372 |   12.371 |   12.327 |   12.344 |   12.354 |   12.387 |   25.563 |   25.838 |   25.548 |   25.579
32     2     |   23.409 |   13.370 |   13.412 |   13.412 |   13.298 |   13.371 |   13.318 |   13.410 |   23.355 |   23.376 |   23.367 |   23.410 ||  -42.89  -42.71  -42.71  -43.19  -42.88  -43.11  -42.71   -0.23   -0.14   -0.18   +0.00
       med   |   23.796 |   13.381 |   13.424 |   13.423 |   13.402 |   13.397 |   13.357 |   13.443 |   23.504 |   23.861 |   23.479 |   23.716
48     3     |   24.253 |   13.683 |   13.734 |   13.731 |   13.677 |   13.702 |   13.734 |   13.748 |   24.208 |   24.209 |   24.237 |   24.251 ||  -43.58  -43.37  -43.38  -43.61  -43.51  -43.37  -43.31   -0.18   -0.18   -0.07   -0.01
       med   |   24.709 |   13.756 |   13.775 |   13.741 |   13.687 |   13.711 |   13.774 |   13.762 |   24.332 |   24.443 |   24.348 |   24.811
64     4     |   25.121 |   14.872 |   14.854 |   14.856 |   14.867 |   14.868 |   14.832 |   14.848 |   25.102 |   25.126 |   25.125 |   25.118 ||  -40.80  -40.87  -40.86  -40.82  -40.81  -40.96  -40.89   -0.08   +0.02   +0.01   -0.01
       med   |   25.483 |   15.083 |   14.868 |   14.872 |   14.881 |   14.882 |   14.844 |   14.860 |   25.216 |   25.158 |   25.209 |   25.566
80     5     |   25.990 |   26.019 |   26.004 |   26.012 |   16.636 |   16.660 |   16.581 |   25.988 |   25.993 |   25.983 |   25.991 |   25.992 ||   +0.12   +0.06   +0.09  -35.99  -35.90  -36.20   -0.01   +0.01   -0.02   +0.00   +0.01
       med   |   26.329 |   26.047 |   26.271 |   26.454 |   16.798 |   16.902 |   16.599 |   26.242 |   26.110 |   26.415 |   26.069 |   26.269
96     6     |   26.936 |   26.780 |   26.791 |   26.886 |   18.789 |   18.791 |   26.911 |   26.920 |   26.755 |   26.920 |   26.924 |   26.922 ||   -0.58   -0.54   -0.19  -30.25  -30.24   -0.09   -0.06   -0.67   -0.06   -0.04   -0.05
       med   |   26.988 |   26.807 |   27.166 |   26.979 |   18.807 |   18.999 |   27.034 |   26.957 |   26.979 |   27.233 |   27.209 |   27.384
112    7     |   27.447 |   27.449 |   27.442 |   27.508 |   20.853 |   20.829 |   27.486 |   27.456 |   27.405 |   27.505 |   27.436 |   27.448 ||   +0.00   -0.02   +0.22  -24.03  -24.11   +0.14   +0.03   -0.15   +0.21   -0.04   +0.00
       med   |   27.750 |   27.496 |   27.744 |   27.656 |   20.866 |   21.054 |   27.599 |   27.557 |   27.755 |   27.953 |   27.504 |   27.579
128    8     |   25.372 |   22.914 |   22.899 |   22.898 |   22.896 |   25.585 |   25.562 |   25.576 |   25.378 |   25.589 |   25.548 |   25.519 ||   -9.69   -9.75   -9.75   -9.76   +0.84   +0.75   +0.81   +0.03   +0.86   +0.70   +0.58
       med   |   25.786 |   23.577 |   22.921 |   22.924 |   23.345 |   26.015 |   25.626 |   25.620 |   25.634 |   25.967 |   25.615 |   25.710
256    16    |   45.516 |   45.486 |   45.388 |   45.362 |   45.584 |   45.347 |   45.435 |   45.408 |   45.402 |   45.358 |   45.350 |   45.413 ||   -0.07   -0.28   -0.34   +0.15   -0.37   -0.18   -0.24   -0.25   -0.35   -0.37   -0.23
       med   |   46.536 |   45.593 |   46.747 |   46.559 |   46.663 |   45.699 |   45.664 |   46.412 |   46.048 |   46.383 |   45.889 |   46.096
512    32    |   84.490 |   84.420 |   84.540 |   84.031 |   84.498 |   84.391 |   84.408 |   84.693 |   84.342 |   84.414 |   84.392 |   84.388 ||   -0.08   +0.06   -0.54   +0.01   -0.12   -0.10   +0.24   -0.17   -0.09   -0.12   -0.12
       med   |   85.447 |   85.580 |   86.172 |   85.296 |   86.806 |   84.654 |   86.100 |   85.792 |   84.883 |   85.628 |   85.428 |   85.335
1024   64    |  162.121 |  161.938 |  162.126 |  161.448 |  162.055 |  161.821 |  161.779 |  162.366 |  161.959 |  161.797 |  160.645 |  161.934 ||   -0.11   +0.00   -0.42   -0.04   -0.19   -0.21   +0.15   -0.10   -0.20   -0.91   -0.12
       med   |  163.488 |  165.229 |  165.149 |  163.310 |  166.196 |  162.929 |  165.422 |  164.393 |  164.666 |  163.801 |  163.126 |  163.894
4096   256   |  628.931 |  628.804 |  628.949 |  628.899 |  628.893 |  628.815 |  628.411 |  629.146 |  628.391 |  628.410 |  628.824 |  628.551 ||   -0.02   +0.00   -0.01   -0.01   -0.02   -0.08   +0.03   -0.09   -0.08   -0.02   -0.06
       med   |  632.556 |  631.511 |  632.999 |  631.022 |  632.186 |  630.131 |  634.025 |  632.513 |  630.223 |  631.405 |  631.048 |  630.124
=== process order2.2
SELFCHECK OK (256 whole-block lengths 1..256 blk x 12 variants; out/Xi/ivec/ret byte-identical)
bytes  blks  |     base |    t4p8b |   t4p8AA |     t4p8 |       t8 |       t7 |       t5 |       t4 |   dsp0AA |     dsp0 |   baseAB |   baseAA ||   t4p8b%  t4p8AA%    t4p8%      t8%      t7%      t5%      t4%  dsp0AA%    dsp0%  baseAB%  baseAA%
16     1     |   25.305 |   12.320 |   12.308 |   12.313 |   12.317 |   12.333 |   12.344 |   12.333 |   25.394 |   25.423 |   25.352 |   25.349 ||  -51.32  -51.36  -51.34  -51.33  -51.26  -51.22  -51.26   +0.35   +0.47   +0.19   +0.17
       med   |   25.730 |   12.346 |   12.371 |   12.371 |   12.326 |   12.344 |   12.353 |   12.388 |   25.643 |   25.916 |   25.666 |   25.680
32     2     |   23.404 |   13.371 |   13.414 |   13.412 |   13.302 |   13.377 |   13.318 |   13.413 |   23.366 |   23.377 |   23.368 |   23.407 ||  -42.87  -42.69  -42.69  -43.16  -42.84  -43.09  -42.69   -0.16   -0.11   -0.15   +0.02
       med   |   23.633 |   13.397 |   13.425 |   13.423 |   13.402 |   13.398 |   13.359 |   13.444 |   23.402 |   23.888 |   23.475 |   23.740
48     3     |   24.267 |   13.681 |   13.732 |   13.733 |   13.676 |   13.702 |   13.765 |   13.712 |   24.201 |   24.209 |   24.235 |   24.264 ||  -43.62  -43.41  -43.41  -43.64  -43.54  -43.28  -43.50   -0.27   -0.24   -0.13   -0.01
       med   |   24.634 |   13.756 |   13.774 |   13.742 |   13.701 |   13.710 |   13.773 |   13.762 |   24.358 |   24.617 |   24.456 |   24.868
64     4     |   25.123 |   14.871 |   14.858 |   14.856 |   14.868 |   14.867 |   14.832 |   14.846 |   25.106 |   25.135 |   25.115 |   25.135 ||  -40.81  -40.86  -40.87  -40.82  -40.82  -40.96  -40.91   -0.07   +0.05   -0.03   +0.05
       med   |   25.266 |   15.082 |   14.868 |   14.869 |   14.881 |   14.883 |   14.843 |   14.859 |   25.221 |   25.467 |   25.198 |   25.404
80     5     |   25.980 |   26.018 |   25.996 |   26.001 |   16.641 |   16.738 |   16.582 |   25.995 |   25.991 |   25.992 |   25.982 |   25.987 ||   +0.15   +0.06   +0.08  -35.95  -35.57  -36.17   +0.06   +0.04   +0.04   +0.01   +0.03
       med   |   26.243 |   26.052 |   26.254 |   26.382 |   16.798 |   16.890 |   16.598 |   26.161 |   26.112 |   26.456 |   26.267 |   26.281
96     6     |   26.908 |   26.773 |   26.790 |   26.888 |   18.780 |   18.790 |   26.913 |   26.920 |   26.773 |   26.919 |   26.925 |   26.939 ||   -0.50   -0.44   -0.08  -30.21  -30.17   +0.02   +0.04   -0.50   +0.04   +0.06   +0.11
       med   |   27.153 |   26.807 |   27.162 |   26.978 |   18.804 |   18.926 |   27.035 |   26.957 |   27.034 |   27.242 |   27.192 |   27.388
112    7     |   27.458 |   27.453 |   27.458 |   27.520 |   20.849 |   20.826 |   27.494 |   27.458 |   27.479 |   27.518 |   27.361 |   27.456 ||   -0.02   +0.00   +0.23  -24.07  -24.15   +0.13   +0.00   +0.08   +0.22   -0.35   -0.01
       med   |   27.724 |   27.490 |   27.734 |   27.668 |   20.866 |   21.057 |   27.706 |   27.585 |   27.743 |   27.956 |   27.737 |   27.732
128    8     |   25.383 |   22.892 |   22.894 |   22.905 |   22.935 |   25.590 |   25.593 |   25.584 |   25.371 |   25.592 |   25.582 |   25.516 ||   -9.82   -9.81   -9.76   -9.65   +0.81   +0.82   +0.79   -0.05   +0.82   +0.78   +0.52
       med   |   25.809 |   23.532 |   22.922 |   22.928 |   23.237 |   25.715 |   25.629 |   25.758 |   25.772 |   25.955 |   25.617 |   25.760
256    16    |   45.491 |   45.480 |   45.357 |   45.362 |   45.419 |   45.324 |   45.448 |   45.471 |   45.450 |   45.381 |   45.360 |   45.422 ||   -0.03   -0.30   -0.29   -0.16   -0.37   -0.10   -0.05   -0.09   -0.24   -0.29   -0.15
       med   |   46.379 |   45.600 |   46.814 |   46.745 |   46.679 |   45.678 |   45.722 |   46.343 |   46.032 |   46.306 |   46.001 |   46.144
512    32    |   84.452 |   84.416 |   84.574 |   84.436 |   84.502 |   84.380 |   84.124 |   84.709 |   84.374 |   84.455 |   84.376 |   84.400 ||   -0.04   +0.14   -0.02   +0.06   -0.09   -0.39   +0.30   -0.09   +0.00   -0.09   -0.06
       med   |   84.923 |   85.466 |   85.733 |   85.889 |   85.893 |   85.420 |   84.606 |   86.155 |   86.040 |   85.662 |   85.865 |   85.514
1024   64    |  162.158 |  161.957 |  162.164 |  161.582 |  162.039 |  161.678 |  162.005 |  162.213 |  162.035 |  161.988 |  161.935 |  161.960 ||   -0.12   +0.00   -0.36   -0.07   -0.30   -0.09   +0.03   -0.08   -0.10   -0.14   -0.12
       med   |  164.357 |  164.337 |  164.723 |  163.698 |  165.923 |  162.303 |  165.130 |  164.029 |  163.850 |  163.549 |  163.957 |  163.287
4096   256   |  628.986 |  628.854 |  628.824 |  628.602 |  629.089 |  628.816 |  628.510 |  629.139 |  628.441 |  628.566 |  628.650 |  628.719 ||   -0.02   -0.03   -0.06   +0.02   -0.03   -0.08   +0.02   -0.09   -0.07   -0.05   -0.04
       med   |  630.530 |  631.842 |  633.024 |  632.548 |  631.092 |  630.289 |  634.173 |  632.167 |  630.735 |  631.583 |  630.374 |  629.946
=== process order2.3
SELFCHECK OK (256 whole-block lengths 1..256 blk x 12 variants; out/Xi/ivec/ret byte-identical)
bytes  blks  |     base |    t4p8b |   t4p8AA |     t4p8 |       t8 |       t7 |       t5 |       t4 |   dsp0AA |     dsp0 |   baseAB |   baseAA ||   t4p8b%  t4p8AA%    t4p8%      t8%      t7%      t5%      t4%  dsp0AA%    dsp0%  baseAB%  baseAA%
16     1     |   23.639 |   12.320 |   12.307 |   12.308 |   12.317 |   12.333 |   12.344 |   12.338 |   25.461 |   24.326 |   23.300 |   23.809 ||  -47.89  -47.94  -47.93  -47.90  -47.83  -47.78  -47.81   +7.71   +2.91   -1.44   +0.72
       med   |   25.718 |   12.330 |   12.372 |   12.371 |   12.325 |   12.344 |   12.353 |   12.386 |   25.605 |   25.913 |   25.606 |   25.638
32     2     |   23.410 |   13.369 |   13.402 |   13.411 |   13.302 |   13.369 |   13.324 |   13.413 |   23.366 |   23.374 |   23.365 |   23.403 ||  -42.89  -42.75  -42.71  -43.18  -42.89  -43.09  -42.70   -0.19   -0.16   -0.19   -0.03
       med   |   23.878 |   13.383 |   13.424 |   13.423 |   13.400 |   13.397 |   13.358 |   13.445 |   23.515 |   23.903 |   23.478 |   23.680
48     3     |   24.275 |   13.681 |   13.734 |   13.700 |   13.679 |   13.699 |   13.747 |   13.710 |   24.207 |   24.209 |   24.235 |   24.279 ||  -43.64  -43.42  -43.56  -43.65  -43.57  -43.37  -43.52   -0.28   -0.27   -0.16   +0.02
       med   |   24.772 |   13.756 |   13.774 |   13.742 |   13.687 |   13.711 |   13.773 |   13.762 |   24.332 |   24.516 |   24.360 |   24.852
64     4     |   25.140 |   14.873 |   14.857 |   14.858 |   14.868 |   14.867 |   14.834 |   14.849 |   25.093 |   25.129 |   25.127 |   25.110 ||  -40.84  -40.90  -40.90  -40.86  -40.86  -40.99  -40.93   -0.19   -0.04   -0.05   -0.12
       med   |   25.407 |   15.086 |   14.869 |   14.871 |   14.881 |   14.882 |   14.845 |   14.859 |   25.150 |   25.154 |   25.195 |   25.570
80     5     |   25.983 |   26.021 |   26.007 |   26.007 |   16.649 |   16.663 |   16.580 |   25.995 |   25.999 |   25.996 |   25.988 |   25.994 ||   +0.14   +0.09   +0.09  -35.92  -35.87  -36.19   +0.05   +0.06   +0.05   +0.02   +0.04
       med   |   26.337 |   26.060 |   26.227 |   26.481 |   16.799 |   16.877 |   16.598 |   26.153 |   26.116 |   26.527 |   26.117 |   26.280
96     6     |   26.923 |   26.775 |   26.790 |   26.889 |   18.784 |   18.791 |   26.919 |   26.920 |   26.757 |   26.921 |   26.859 |   26.930 ||   -0.55   -0.49   -0.13  -30.23  -30.21   -0.01   -0.01   -0.62   -0.01   -0.24   +0.03
       med   |   27.214 |   26.809 |   27.163 |   26.982 |   18.804 |   18.991 |   27.049 |   26.957 |   26.973 |   27.279 |   27.009 |   27.256
112    7     |   27.460 |   27.456 |   27.498 |   27.514 |   20.850 |   20.824 |   27.487 |   27.417 |   27.420 |   27.518 |   27.364 |   27.453 ||   -0.02   +0.14   +0.20  -24.07  -24.17   +0.10   -0.16   -0.15   +0.21   -0.35   -0.03
       med   |   27.777 |   27.705 |   27.776 |   27.660 |   20.868 |   21.313 |   27.584 |   27.549 |   27.755 |   27.950 |   27.583 |   27.723
128    8     |   25.385 |   22.915 |   22.900 |   22.839 |   22.930 |   25.590 |   25.604 |   25.587 |   25.379 |   25.587 |   25.546 |   25.520 ||   -9.73   -9.79  -10.03   -9.67   +0.81   +0.87   +0.80   -0.02   +0.80   +0.63   +0.53
       med   |   25.867 |   23.724 |   22.923 |   22.921 |   22.969 |   25.947 |   25.758 |   25.626 |   25.622 |   25.964 |   25.643 |   25.844
256    16    |   45.449 |   45.490 |   45.387 |   45.347 |   45.355 |   45.330 |   45.427 |   45.389 |   45.428 |   45.361 |   45.362 |   45.403 ||   +0.09   -0.14   -0.22   -0.21   -0.26   -0.05   -0.13   -0.05   -0.19   -0.19   -0.10
       med   |   46.881 |   45.604 |   46.850 |   46.729 |   46.477 |   45.923 |   45.691 |   46.634 |   46.041 |   46.388 |   46.374 |   45.639
512    32    |   84.508 |   84.384 |   84.550 |   84.507 |   84.127 |   84.386 |   84.406 |   84.638 |   84.380 |   84.325 |   84.274 |   84.365 ||   -0.15   +0.05   -0.00   -0.45   -0.14   -0.12   +0.15   -0.15   -0.22   -0.28   -0.17
       med   |   84.981 |   85.321 |   86.129 |   85.841 |   85.610 |   85.406 |   85.920 |   85.879 |   84.811 |   85.492 |   84.818 |   84.855
1024   64    |  161.810 |  162.158 |  162.149 |  161.609 |  162.047 |  161.821 |  162.037 |  162.752 |  161.980 |  162.092 |  161.935 |  161.886 ||   +0.22   +0.21   -0.12   +0.15   +0.01   +0.14   +0.58   +0.10   +0.17   +0.08   +0.05
       med   |  162.732 |  164.711 |  164.485 |  162.968 |  166.116 |  162.868 |  165.778 |  164.962 |  163.118 |  163.549 |  163.744 |  163.214
4096   256   |  628.978 |  628.809 |  628.899 |  628.732 |  628.991 |  628.601 |  628.571 |  628.867 |  628.444 |  628.710 |  628.775 |  628.742 ||   -0.03   -0.01   -0.04   +0.00   -0.06   -0.06   -0.02   -0.08   -0.04   -0.03   -0.04
       med   |  631.187 |  631.885 |  631.811 |  630.018 |  630.987 |  630.047 |  634.963 |  631.753 |  630.715 |  631.658 |  630.393 |  629.990
=== process order2.4
SELFCHECK OK (256 whole-block lengths 1..256 blk x 12 variants; out/Xi/ivec/ret byte-identical)
bytes  blks  |     base |    t4p8b |   t4p8AA |     t4p8 |       t8 |       t7 |       t5 |       t4 |   dsp0AA |     dsp0 |   baseAB |   baseAA ||   t4p8b%  t4p8AA%    t4p8%      t8%      t7%      t5%      t4%  dsp0AA%    dsp0%  baseAB%  baseAA%
16     1     |   24.302 |   12.319 |   12.303 |   12.308 |   12.317 |   12.326 |   12.345 |   12.334 |   25.380 |   25.444 |   25.354 |   25.307 ||  -49.31  -49.38  -49.35  -49.31  -49.28  -49.20  -49.25   +4.44   +4.70   +4.33   +4.14
       med   |   25.631 |   12.345 |   12.371 |   12.370 |   12.327 |   12.343 |   12.353 |   12.387 |   25.570 |   25.809 |   25.571 |   25.557
32     2     |   23.405 |   13.367 |   13.411 |   13.413 |   13.299 |   13.328 |   13.313 |   13.411 |   23.369 |   23.375 |   23.367 |   23.402 ||  -42.89  -42.70  -42.69  -43.18  -43.06  -43.12  -42.70   -0.16   -0.13   -0.16   -0.01
       med   |   23.648 |   13.382 |   13.424 |   13.424 |   13.310 |   13.410 |   13.360 |   13.443 |   23.551 |   23.904 |   23.573 |   23.667
48     3     |   24.248 |   13.681 |   13.736 |   13.706 |   13.678 |   13.704 |   13.738 |   13.741 |   24.204 |   24.202 |   24.250 |   24.246 ||  -43.58  -43.35  -43.48  -43.59  -43.49  -43.35  -43.33   -0.18   -0.19   +0.01   -0.01
       med   |   24.718 |   13.756 |   13.774 |   13.741 |   13.687 |   13.711 |   13.773 |   13.762 |   24.291 |   24.259 |   24.483 |   24.506
64     4     |   25.140 |   14.869 |   14.856 |   14.858 |   14.867 |   14.872 |   14.835 |   14.845 |   25.103 |   25.115 |   25.111 |   25.115 ||  -40.86  -40.91  -40.90  -40.86  -40.84  -40.99  -40.95   -0.14   -0.10   -0.11   -0.10
       med   |   25.470 |   14.949 |   14.868 |   14.871 |   14.880 |   14.882 |   14.844 |   14.859 |   25.218 |   25.221 |   25.359 |   25.576
80     5     |   25.990 |   26.015 |   26.001 |   26.013 |   16.637 |   16.655 |   16.583 |   25.992 |   25.993 |   25.993 |   25.987 |   25.990 ||   +0.10   +0.04   +0.09  -35.99  -35.92  -36.19   +0.01   +0.01   +0.01   -0.01   +0.00
       med   |   26.294 |   26.101 |   26.257 |   26.373 |   16.801 |   16.873 |   16.600 |   26.118 |   26.218 |   26.342 |   26.296 |   26.271
96     6     |   26.943 |   26.781 |   26.781 |   26.886 |   18.783 |   18.800 |   26.923 |   26.922 |   26.755 |   26.929 |   26.925 |   26.912 ||   -0.60   -0.60   -0.21  -30.29  -30.22   -0.08   -0.08   -0.70   -0.06   -0.07   -0.12
       med   |   27.204 |   26.860 |   27.157 |   26.976 |   18.802 |   19.158 |   27.037 |   26.956 |   27.184 |   27.246 |   27.015 |   27.266
112    7     |   27.456 |   27.458 |   27.449 |   27.509 |   20.849 |   20.826 |   27.490 |   27.455 |   27.392 |   27.518 |   27.435 |   27.460 ||   +0.01   -0.03   +0.19  -24.07  -24.15   +0.12   -0.00   -0.23   +0.22   -0.08   +0.02
       med   |   27.768 |   27.494 |   27.723 |   27.570 |   20.867 |   21.168 |   27.603 |   27.546 |   27.711 |   27.949 |   27.743 |   27.732
128    8     |   25.370 |   22.916 |   22.863 |   22.840 |   22.938 |   25.589 |   25.561 |   25.581 |   25.382 |   25.597 |   25.541 |   25.515 ||   -9.67   -9.88   -9.97   -9.59   +0.86   +0.75   +0.83   +0.05   +0.90   +0.67   +0.57
       med   |   25.801 |   23.411 |   22.923 |   22.937 |   23.448 |   25.619 |   25.630 |   25.614 |   25.855 |   25.853 |   25.767 |   25.678
256    16    |   45.718 |   45.488 |   45.374 |   45.335 |   45.335 |   45.276 |   45.458 |   45.663 |   45.424 |   45.315 |   45.358 |   45.426 ||   -0.50   -0.75   -0.84   -0.84   -0.97   -0.57   -0.12   -0.64   -0.88   -0.79   -0.64
       med   |   46.842 |   45.610 |   46.708 |   46.525 |   46.478 |   45.705 |   45.716 |   46.528 |   45.891 |   46.238 |   45.910 |   46.222
512    32    |   84.488 |   84.410 |   84.458 |   84.053 |   84.405 |   84.408 |   84.412 |   84.737 |   84.340 |   84.398 |   84.406 |   84.413 ||   -0.09   -0.03   -0.51   -0.10   -0.09   -0.09   +0.29   -0.17   -0.11   -0.10   -0.09
       med   |   85.215 |   85.461 |   85.715 |   85.401 |   85.665 |   85.436 |   85.908 |   86.048 |   85.510 |   85.487 |   85.884 |   84.707
1024   64    |  161.967 |  161.985 |  162.174 |  161.026 |  162.096 |  161.910 |  161.970 |  162.329 |  161.982 |  161.827 |  161.833 |  161.921 ||   +0.01   +0.13   -0.58   +0.08   -0.04   +0.00   +0.22   +0.01   -0.09   -0.08   -0.03
       med   |  163.202 |  164.625 |  165.023 |  163.119 |  166.113 |  162.894 |  165.561 |  164.586 |  164.758 |  163.796 |  164.060 |  163.353
4096   256   |  628.950 |  628.811 |  628.883 |  628.710 |  628.902 |  628.718 |  628.619 |  628.938 |  628.118 |  628.752 |  628.679 |  628.781 ||   -0.02   -0.01   -0.04   -0.01   -0.04   -0.05   -0.00   -0.13   -0.03   -0.04   -0.03
       med   |  631.419 |  631.837 |  633.548 |  630.854 |  632.049 |  630.082 |  633.806 |  632.250 |  631.591 |  631.497 |  630.283 |  629.895
=== process order2.5
SELFCHECK OK (256 whole-block lengths 1..256 blk x 12 variants; out/Xi/ivec/ret byte-identical)
bytes  blks  |     base |    t4p8b |   t4p8AA |     t4p8 |       t8 |       t7 |       t5 |       t4 |   dsp0AA |     dsp0 |   baseAB |   baseAA ||   t4p8b%  t4p8AA%    t4p8%      t8%      t7%      t5%      t4%  dsp0AA%    dsp0%  baseAB%  baseAA%
16     1     |   23.656 |   12.318 |   12.305 |   12.309 |   12.317 |   12.333 |   12.345 |   12.325 |   23.989 |   23.586 |   23.405 |   23.323 ||  -47.93  -47.98  -47.97  -47.93  -47.87  -47.81  -47.90   +1.41   -0.30   -1.06   -1.41
       med   |   25.684 |   12.345 |   12.371 |   12.369 |   12.326 |   12.343 |   12.353 |   12.386 |   25.567 |   25.901 |   25.607 |   25.567
32     2     |   23.399 |   13.372 |   13.411 |   13.410 |   13.302 |   13.372 |   13.320 |   13.414 |   23.362 |   23.373 |   23.364 |   23.402 ||  -42.85  -42.68  -42.69  -43.15  -42.85  -43.07  -42.67   -0.16   -0.11   -0.15   +0.01
       med   |   23.633 |   13.383 |   13.423 |   13.423 |   13.315 |   13.396 |   13.389 |   13.444 |   23.512 |   23.807 |   23.487 |   23.713
48     3     |   24.272 |   13.682 |   13.736 |   13.732 |   13.678 |   13.701 |   13.746 |   13.722 |   24.214 |   24.204 |   24.243 |   24.258 ||  -43.63  -43.41  -43.42  -43.65  -43.55  -43.37  -43.46   -0.24   -0.28   -0.12   -0.06
       med   |   24.717 |   13.756 |   13.800 |   13.741 |   13.686 |   13.711 |   13.773 |   13.762 |   24.409 |   24.599 |   24.346 |   24.868
64     4     |   25.120 |   14.867 |   14.857 |   14.858 |   14.865 |   14.869 |   14.834 |   14.849 |   25.101 |   25.114 |   25.141 |   25.118 ||  -40.82  -40.85  -40.85  -40.82  -40.81  -40.95  -40.89   -0.07   -0.02   +0.08   -0.01
       med   |   25.380 |   14.956 |   14.870 |   14.872 |   14.880 |   14.882 |   14.844 |   14.860 |   25.153 |   25.156 |   25.188 |   25.375
80     5     |   25.983 |   26.021 |   26.002 |   26.017 |   16.640 |   16.672 |   16.584 |   25.997 |   25.993 |   25.994 |   25.987 |   25.986 ||   +0.15   +0.07   +0.13  -35.96  -35.84  -36.17   +0.06   +0.04   +0.04   +0.01   +0.01
       med   |   26.397 |   26.097 |   26.279 |   26.486 |   16.805 |   16.883 |   16.598 |   26.109 |   26.222 |   26.507 |   26.133 |   26.284
96     6     |   26.926 |   26.778 |   26.785 |   26.886 |   18.784 |   18.789 |   26.884 |   26.917 |   26.751 |   26.923 |   26.879 |   26.913 ||   -0.55   -0.52   -0.15  -30.24  -30.22   -0.15   -0.03   -0.65   -0.01   -0.17   -0.05
       med   |   27.245 |   26.812 |   27.158 |   26.975 |   18.803 |   19.085 |   27.059 |   26.956 |   27.178 |   27.222 |   27.209 |   27.254
112    7     |   27.456 |   27.457 |   27.486 |   27.513 |   20.850 |   20.827 |   27.484 |   27.435 |   27.403 |   27.518 |   27.350 |   27.450 ||   +0.01   +0.11   +0.21  -24.06  -24.14   +0.10   -0.07   -0.19   +0.23   -0.38   -0.02
       med   |   27.795 |   27.701 |   27.730 |   27.572 |   20.866 |   21.061 |   27.705 |   27.546 |   27.752 |   27.942 |   27.734 |   27.731
128    8     |   25.385 |   22.918 |   22.878 |   22.901 |   22.936 |   25.590 |   25.548 |   25.587 |   25.389 |   25.594 |   25.563 |   25.524 ||   -9.72   -9.88   -9.79   -9.65   +0.81   +0.64   +0.79   +0.02   +0.82   +0.70   +0.55
       med   |   25.969 |   23.381 |   22.922 |   22.923 |   22.958 |   25.617 |   25.629 |   25.841 |   25.856 |   25.983 |   25.628 |   25.710
256    16    |   45.550 |   45.476 |   45.332 |   45.353 |   45.348 |   45.328 |   45.440 |   45.527 |   45.424 |   45.364 |   45.348 |   45.417 ||   -0.16   -0.48   -0.43   -0.44   -0.49   -0.24   -0.05   -0.28   -0.41   -0.44   -0.29
       med   |   46.585 |   45.631 |   46.671 |   46.083 |   46.104 |   45.675 |   45.719 |   46.460 |   45.938 |   46.279 |   46.531 |   45.852
512    32    |   84.528 |   84.372 |   84.554 |   84.332 |   84.410 |   84.395 |   84.416 |   84.752 |   84.454 |   84.394 |   84.367 |   84.353 ||   -0.18   +0.03   -0.23   -0.14   -0.16   -0.13   +0.27   -0.09   -0.16   -0.19   -0.21
       med   |   85.237 |   85.229 |   86.044 |   85.930 |   85.462 |   85.420 |   85.645 |   85.812 |   85.741 |   85.629 |   85.921 |   85.367
1024   64    |  161.811 |  161.926 |  162.168 |  161.448 |  161.996 |  161.899 |  162.023 |  162.329 |  162.059 |  161.695 |  161.932 |  161.882 ||   +0.07   +0.22   -0.22   +0.11   +0.05   +0.13   +0.32   +0.15   -0.07   +0.07   +0.04
       med   |  163.566 |  163.799 |  164.869 |  163.438 |  165.095 |  162.881 |  165.441 |  163.692 |  165.345 |  163.863 |  164.133 |  163.287
4096   256   |  628.937 |  628.683 |  628.959 |  628.684 |  628.725 |  628.516 |  628.691 |  629.184 |  628.735 |  628.577 |  628.850 |  628.568 ||   -0.04   +0.00   -0.04   -0.03   -0.07   -0.04   +0.04   -0.03   -0.06   -0.01   -0.06
       med   |  630.291 |  631.513 |  631.856 |  630.776 |  631.832 |  629.976 |  633.780 |  632.062 |  630.047 |  631.484 |  630.711 |  629.994
=== process order3.1
SELFCHECK OK (256 whole-block lengths 1..256 blk x 12 variants; out/Xi/ivec/ret byte-identical)
bytes  blks  |     base |       t5 |     t4p8 |   baseAA |       t8 |     dsp0 |    t4p8b |       t4 |   dsp0AA |   baseAB |       t7 |   t4p8AA ||      t5%    t4p8%  baseAA%      t8%    dsp0%   t4p8b%      t4%  dsp0AA%  baseAB%      t7%  t4p8AA%
16     1     |   25.360 |   12.345 |   12.307 |   25.356 |   12.325 |   23.831 |   12.273 |   12.384 |   24.050 |   23.303 |   12.334 |   12.347 ||  -51.32  -51.47   -0.01  -51.40   -6.03  -51.60  -51.17   -5.17   -8.11  -51.37  -51.31
       med   |   25.780 |   12.354 |   12.371 |   25.680 |   12.346 |   25.569 |   12.343 |   12.395 |   25.628 |   25.712 |   12.346 |   12.355
32     2     |   23.418 |   13.313 |   13.412 |   23.358 |   13.333 |   23.368 |   13.317 |   13.419 |   23.369 |   23.375 |   13.341 |   13.395 ||  -43.15  -42.73   -0.26  -43.07   -0.22  -43.13  -42.70   -0.21   -0.19  -43.03  -42.80
       med   |   23.869 |   13.331 |   13.423 |   23.607 |   13.385 |   23.400 |   13.439 |   13.432 |   23.408 |   24.135 |   13.404 |   13.435
48     3     |   24.243 |   13.764 |   13.733 |   24.245 |   13.679 |   24.205 |   13.730 |   13.694 |   24.203 |   24.253 |   13.699 |   13.691 ||  -43.23  -43.36   +0.01  -43.58   -0.16  -43.37  -43.52   -0.16   +0.04  -43.49  -43.53
       med   |   24.964 |   13.772 |   13.741 |   24.303 |   13.730 |   24.421 |   13.756 |   13.701 |   24.256 |   24.514 |   13.710 |   13.742
64     4     |   25.137 |   14.841 |   14.855 |   25.142 |   14.869 |   25.119 |   14.883 |   14.865 |   25.122 |   25.108 |   14.865 |   14.839 ||  -40.96  -40.90   +0.02  -40.85   -0.07  -40.79  -40.87   -0.06   -0.11  -40.86  -40.97
       med   |   25.468 |   15.282 |   14.868 |   25.176 |   14.881 |   25.153 |   15.145 |   14.876 |   25.242 |   25.576 |   14.882 |   14.849
80     5     |   25.993 |   16.589 |   26.002 |   25.996 |   16.648 |   25.992 |   26.020 |   25.989 |   25.989 |   25.989 |   16.649 |   25.999 ||  -36.18   +0.03   +0.01  -35.95   -0.00   +0.11   -0.01   -0.02   -0.01  -35.95   +0.02
       med   |   26.743 |   16.758 |   26.252 |   26.230 |   17.056 |   26.014 |   26.055 |   26.022 |   26.019 |   26.544 |   16.672 |   26.475
96     6     |   26.888 |   26.884 |   26.817 |   26.849 |   18.807 |   26.893 |   26.960 |   26.936 |   26.910 |   26.879 |   18.792 |   26.959 ||   -0.02   -0.27   -0.14  -30.05   +0.02   +0.27   +0.18   +0.08   -0.03  -30.11   +0.26
       med   |   27.253 |   26.977 |   27.390 |   27.163 |   19.109 |   27.049 |   26.987 |   26.977 |   27.040 |   27.537 |   18.806 |   27.421
112    7     |   27.461 |   27.486 |   27.499 |   27.452 |   20.843 |   27.483 |   27.493 |   27.420 |   27.413 |   27.426 |   20.828 |   27.535 ||   +0.09   +0.14   -0.03  -24.10   +0.08   +0.12   -0.15   -0.18   -0.13  -24.15   +0.27
       med   |   27.896 |   27.585 |   27.754 |   27.770 |   20.862 |   27.518 |   27.553 |   27.611 |   27.554 |   27.752 |   20.842 |   27.956
128    8     |   25.380 |   25.596 |   22.904 |   25.519 |   22.725 |   25.555 |   22.896 |   25.378 |   25.588 |   25.582 |   25.574 |   22.964 ||   +0.85   -9.76   +0.55  -10.46   +0.69   -9.78   -0.01   +0.82   +0.80   +0.76   -9.52
       med   |   25.842 |   25.864 |   23.150 |   25.839 |   22.950 |   25.684 |   22.915 |   25.945 |   25.614 |   26.090 |   26.270 |   22.986
256    16    |   45.573 |   45.384 |   45.348 |   45.449 |   45.316 |   45.348 |   45.460 |   45.318 |   45.474 |   45.502 |   45.385 |   45.399 ||   -0.42   -0.49   -0.27   -0.56   -0.49   -0.25   -0.56   -0.22   -0.16   -0.41   -0.38
       med   |   47.054 |   45.819 |   46.572 |   45.706 |   45.897 |   45.470 |   45.741 |   45.762 |   45.679 |   46.108 |   45.950 |   46.936
512    32    |   84.397 |   84.424 |   84.457 |   84.403 |   84.448 |   84.134 |   84.254 |   84.443 |   84.389 |   84.521 |   84.379 |   84.382 ||   +0.03   +0.07   +0.01   +0.06   -0.31   -0.17   +0.05   -0.01   +0.15   -0.02   -0.02
       med   |   85.278 |   85.178 |   85.997 |   86.274 |   85.471 |   84.672 |   84.526 |   85.321 |   84.825 |   85.561 |   85.532 |   85.990
1024   64    |  162.180 |  161.973 |  162.136 |  161.961 |  161.982 |  161.625 |  161.911 |  161.752 |  161.949 |  162.195 |  161.759 |  162.001 ||   -0.13   -0.03   -0.14   -0.12   -0.34   -0.17   -0.26   -0.14   +0.01   -0.26   -0.11
       med   |  165.059 |  163.686 |  164.436 |  165.777 |  163.285 |  162.122 |  163.883 |  162.908 |  162.486 |  164.720 |  164.214 |  165.623
4096   256   |  628.852 |  628.646 |  628.742 |  628.379 |  628.654 |  628.474 |  628.767 |  628.430 |  628.808 |  628.737 |  628.729 |  628.742 ||   -0.03   -0.02   -0.08   -0.03   -0.06   -0.01   -0.07   -0.01   -0.02   -0.02   -0.02
       med   |  630.783 |  632.216 |  630.649 |  634.429 |  630.447 |  629.798 |  631.413 |  630.101 |  630.059 |  630.664 |  632.649 |  632.042
=== process order3.2
SELFCHECK OK (256 whole-block lengths 1..256 blk x 12 variants; out/Xi/ivec/ret byte-identical)
bytes  blks  |     base |       t5 |     t4p8 |   baseAA |       t8 |     dsp0 |    t4p8b |       t4 |   dsp0AA |   baseAB |       t7 |   t4p8AA ||      t5%    t4p8%  baseAA%      t8%    dsp0%   t4p8b%      t4%  dsp0AA%  baseAB%      t7%  t4p8AA%
16     1     |   25.351 |   12.344 |   12.304 |   25.342 |   12.335 |   25.344 |   12.273 |   12.332 |   24.057 |   23.943 |   12.333 |   12.348 ||  -51.31  -51.47   -0.04  -51.34   -0.03  -51.59  -51.35   -5.10   -5.55  -51.35  -51.29
       med   |   25.807 |   12.354 |   12.371 |   25.678 |   12.346 |   25.573 |   12.344 |   12.395 |   25.622 |   25.847 |   12.346 |   12.355
32     2     |   23.421 |   13.312 |   13.405 |   23.364 |   13.367 |   23.359 |   13.351 |   13.419 |   23.374 |   23.367 |   13.393 |   13.391 ||  -43.16  -42.76   -0.24  -42.93   -0.27  -43.00  -42.70   -0.20   -0.23  -42.82  -42.83
       med   |   24.300 |   13.355 |   13.423 |   23.603 |   13.386 |   23.398 |   13.443 |   13.433 |   23.421 |   24.107 |   13.403 |   13.435
48     3     |   24.265 |   13.765 |   13.732 |   24.259 |   13.667 |   24.199 |   13.730 |   13.695 |   24.212 |   24.263 |   13.702 |   13.728 ||  -43.27  -43.41   -0.02  -43.67   -0.27  -43.41  -43.56   -0.22   -0.01  -43.53  -43.42
       med   |   24.935 |   13.772 |   13.763 |   24.470 |   13.686 |   24.245 |   13.755 |   13.701 |   24.441 |   24.943 |   13.711 |   13.742
64     4     |   25.108 |   14.835 |   14.856 |   25.117 |   14.867 |   25.101 |   14.884 |   14.864 |   25.130 |   25.115 |   14.871 |   14.838 ||  -40.92  -40.83   +0.04  -40.79   -0.03  -40.72  -40.80   +0.09   +0.03  -40.77  -40.90
       med   |   25.839 |   15.258 |   14.868 |   25.209 |   14.883 |   25.151 |   15.144 |   14.876 |   25.595 |   25.473 |   14.881 |   14.850
80     5     |   25.982 |   16.584 |   26.004 |   25.997 |   16.645 |   25.988 |   26.021 |   25.990 |   25.992 |   25.992 |   16.656 |   26.028 ||  -36.17   +0.08   +0.06  -35.94   +0.02   +0.15   +0.03   +0.04   +0.04  -35.90   +0.18
       med   |   26.286 |   16.759 |   26.108 |   26.192 |   17.088 |   26.015 |   26.077 |   26.109 |   26.017 |   26.053 |   16.676 |   26.478
96     6     |   26.938 |   26.920 |   26.910 |   26.843 |   18.791 |   26.934 |   26.956 |   26.924 |   26.912 |   26.862 |   18.785 |   26.948 ||   -0.07   -0.10   -0.35  -30.24   -0.01   +0.07   -0.05   -0.10   -0.28  -30.26   +0.04
       med   |   27.247 |   26.974 |   27.378 |   26.973 |   18.949 |   26.972 |   26.985 |   26.975 |   26.961 |   27.005 |   18.807 |   27.415
112    7     |   27.468 |   27.475 |   27.443 |   27.454 |   20.841 |   27.490 |   27.500 |   27.412 |   27.398 |   27.430 |   20.826 |   27.532 ||   +0.03   -0.09   -0.05  -24.12   +0.08   +0.12   -0.21   -0.25   -0.14  -24.18   +0.23
       med   |   28.199 |   27.580 |   27.545 |   27.767 |   20.861 |   27.518 |   27.528 |   27.527 |   27.556 |   27.593 |   20.842 |   28.002
128    8     |   25.383 |   25.602 |   22.902 |   25.525 |   22.738 |   25.566 |   22.893 |   25.402 |   25.584 |   25.582 |   25.579 |   22.965 ||   +0.86   -9.77   +0.56  -10.42   +0.72   -9.81   +0.08   +0.79   +0.79   +0.77   -9.52
       med   |   25.782 |   25.783 |   22.929 |   25.850 |   22.950 |   25.629 |   23.144 |   25.986 |   25.613 |   26.126 |   26.244 |   22.984
256    16    |   45.562 |   45.365 |   45.365 |   45.457 |   45.349 |   45.345 |   45.485 |   45.358 |   45.450 |   45.385 |   45.361 |   45.535 ||   -0.43   -0.43   -0.23   -0.47   -0.48   -0.17   -0.45   -0.25   -0.39   -0.44   -0.06
       med   |   46.653 |   45.816 |   46.912 |   45.667 |   46.062 |   45.568 |   45.700 |   45.540 |   45.684 |   45.867 |   45.900 |   46.796
512    32    |   84.518 |   84.410 |   84.565 |   84.424 |   84.233 |   84.429 |   84.364 |   83.998 |   83.929 |   84.462 |   84.051 |   84.407 ||   -0.13   +0.06   -0.11   -0.34   -0.11   -0.18   -0.62   -0.70   -0.07   -0.55   -0.13
       med   |   85.144 |   84.594 |   85.865 |   86.731 |   84.795 |   84.555 |   85.082 |   85.300 |   84.994 |   85.852 |   85.694 |   85.902
1024   64    |  162.246 |  162.031 |  161.940 |  162.045 |  161.635 |  161.945 |  161.610 |  161.334 |  161.892 |  162.172 |  161.885 |  161.968 ||   -0.13   -0.19   -0.12   -0.38   -0.19   -0.39   -0.56   -0.22   -0.05   -0.22   -0.17
       med   |  163.669 |  164.825 |  163.873 |  166.030 |  162.569 |  163.249 |  162.663 |  162.899 |  163.257 |  164.043 |  164.907 |  164.133
4096   256   |  628.966 |  628.682 |  628.504 |  628.775 |  628.673 |  628.448 |  628.766 |  628.362 |  628.830 |  628.867 |  628.875 |  628.282 ||   -0.05   -0.07   -0.03   -0.05   -0.08   -0.03   -0.10   -0.02   -0.02   -0.01   -0.11
       med   |  630.556 |  632.124 |  630.878 |  634.583 |  630.008 |  630.042 |  631.051 |  629.839 |  630.019 |  632.504 |  631.969 |  631.271
=== process order3.3
SELFCHECK OK (256 whole-block lengths 1..256 blk x 12 variants; out/Xi/ivec/ret byte-identical)
bytes  blks  |     base |       t5 |     t4p8 |   baseAA |       t8 |     dsp0 |    t4p8b |       t4 |   dsp0AA |   baseAB |       t7 |   t4p8AA ||      t5%    t4p8%  baseAA%      t8%    dsp0%   t4p8b%      t4%  dsp0AA%  baseAB%      t7%  t4p8AA%
16     1     |   25.349 |   12.346 |   12.306 |   25.465 |   12.335 |   25.371 |   12.272 |   12.335 |   24.069 |   23.757 |   12.335 |   12.346 ||  -51.30  -51.45   +0.46  -51.34   +0.09  -51.59  -51.34   -5.05   -6.28  -51.34  -51.30
       med   |   25.787 |   12.354 |   12.371 |   25.679 |   12.345 |   25.572 |   12.344 |   12.395 |   25.620 |   25.848 |   12.345 |   12.355
32     2     |   23.413 |   13.310 |   13.411 |   23.365 |   13.371 |   23.369 |   13.280 |   13.334 |   23.380 |   23.363 |   13.394 |   13.394 ||  -43.15  -42.72   -0.21  -42.89   -0.19  -43.28  -43.05   -0.14   -0.21  -42.79  -42.79
       med   |   23.866 |   13.324 |   13.424 |   23.456 |   13.386 |   23.400 |   13.440 |   13.432 |   23.416 |   23.705 |   13.404 |   13.435
48     3     |   24.265 |   13.724 |   13.733 |   24.272 |   13.678 |   24.208 |   13.727 |   13.694 |   24.213 |   24.245 |   13.700 |   13.724 ||  -43.44  -43.40   +0.03  -43.63   -0.23  -43.43  -43.56   -0.21   -0.08  -43.54  -43.44
       med   |   24.961 |   13.772 |   13.765 |   24.485 |   13.728 |   24.240 |   13.756 |   13.701 |   24.418 |   24.905 |   13.710 |   13.741
64     4     |   25.140 |   14.834 |   14.856 |   25.138 |   14.871 |   25.105 |   14.880 |   14.863 |   25.129 |   25.125 |   14.868 |   14.839 ||  -40.99  -40.90   -0.01  -40.85   -0.14  -40.81  -40.88   -0.04   -0.06  -40.86  -40.97
       med   |   25.808 |   15.059 |   14.867 |   25.182 |   14.882 |   25.150 |   15.143 |   14.875 |   25.563 |   25.788 |   14.882 |   14.850
80     5     |   25.994 |   16.584 |   26.005 |   25.989 |   16.644 |   25.995 |   26.015 |   25.990 |   25.991 |   25.991 |   16.651 |   26.014 ||  -36.20   +0.04   -0.02  -35.97   +0.00   +0.08   -0.01   -0.01   -0.01  -35.94   +0.08
       med   |   26.791 |   16.756 |   26.150 |   26.066 |   17.085 |   26.131 |   26.054 |   26.018 |   26.023 |   26.341 |   16.672 |   26.472
96     6     |   26.922 |   26.926 |   26.894 |   26.929 |   18.783 |   26.923 |   26.954 |   26.925 |   26.924 |   26.871 |   18.790 |   26.961 ||   +0.01   -0.10   +0.03  -30.23   +0.01   +0.12   +0.01   +0.01   -0.19  -30.21   +0.14
       med   |   27.397 |   26.975 |   27.221 |   27.165 |   18.812 |   26.972 |   26.994 |   26.976 |   26.957 |   27.178 |   18.807 |   27.425
112    7     |   27.456 |   27.490 |   27.453 |   27.465 |   20.842 |   27.485 |   27.493 |   27.392 |   27.481 |   27.446 |   20.825 |   27.530 ||   +0.13   -0.01   +0.03  -24.09   +0.11   +0.14   -0.23   +0.09   -0.03  -24.15   +0.27
       med   |   27.620 |   27.583 |   27.557 |   27.779 |   20.861 |   27.593 |   27.528 |   27.519 |   27.560 |   28.086 |   20.842 |   28.107
128    8     |   25.394 |   25.571 |   22.906 |   25.518 |   22.725 |   25.568 |   22.883 |   25.379 |   25.588 |   25.580 |   25.579 |   22.970 ||   +0.69   -9.80   +0.49  -10.51   +0.68   -9.89   -0.06   +0.76   +0.73   +0.73   -9.55
       med   |   26.265 |   26.078 |   22.932 |   25.777 |   22.951 |   25.938 |   22.914 |   25.938 |   25.612 |   26.108 |   26.051 |   22.985
256    16    |   45.518 |   45.347 |   45.353 |   45.447 |   45.336 |   45.341 |   45.451 |   45.319 |   45.513 |   45.551 |   45.372 |   45.473 ||   -0.38   -0.36   -0.16   -0.40   -0.39   -0.15   -0.44   -0.01   +0.07   -0.32   -0.10
       med   |   46.577 |   45.596 |   46.695 |   45.674 |   46.102 |   45.498 |   45.749 |   45.725 |   45.686 |   45.849 |   46.334 |   46.847
512    32    |   84.516 |   84.391 |   84.502 |   84.366 |   84.421 |   84.446 |   84.318 |   84.459 |   84.409 |   84.491 |   84.341 |   84.398 ||   -0.15   -0.02   -0.18   -0.11   -0.08   -0.24   -0.07   -0.13   -0.03   -0.21   -0.14
       med   |   85.437 |   85.503 |   85.947 |   85.272 |   85.017 |   84.559 |   84.805 |   85.281 |   85.015 |   85.747 |   85.801 |   85.936
1024   64    |  162.136 |  162.059 |  162.099 |  162.271 |  162.002 |  161.811 |  161.578 |  161.418 |  161.966 |  162.250 |  162.006 |  161.424 ||   -0.05   -0.02   +0.08   -0.08   -0.20   -0.34   -0.44   -0.10   +0.07   -0.08   -0.44
       med   |  163.192 |  165.135 |  164.293 |  166.609 |  163.380 |  163.039 |  162.427 |  163.643 |  163.179 |  165.353 |  165.499 |  163.761
4096   256   |  628.610 |  628.633 |  628.731 |  628.880 |  628.649 |  628.494 |  628.662 |  628.600 |  628.833 |  628.777 |  628.893 |  628.735 ||   +0.00   +0.02   +0.04   +0.01   -0.02   +0.01   -0.00   +0.04   +0.03   +0.05   +0.02
       med   |  630.476 |  632.701 |  631.205 |  633.995 |  630.112 |  629.880 |  631.026 |  630.051 |  630.362 |  632.553 |  632.552 |  630.710
=== process order3.4
SELFCHECK OK (256 whole-block lengths 1..256 blk x 12 variants; out/Xi/ivec/ret byte-identical)
bytes  blks  |     base |       t5 |     t4p8 |   baseAA |       t8 |     dsp0 |    t4p8b |       t4 |   dsp0AA |   baseAB |       t7 |   t4p8AA ||      t5%    t4p8%  baseAA%      t8%    dsp0%   t4p8b%      t4%  dsp0AA%  baseAB%      t7%  t4p8AA%
16     1     |   25.328 |   12.344 |   12.305 |   25.363 |   12.331 |   24.106 |   12.272 |   12.340 |   24.924 |   23.739 |   12.333 |   12.347 ||  -51.26  -51.42   +0.14  -51.32   -4.82  -51.55  -51.28   -1.60   -6.27  -51.31  -51.25
       med   |   25.786 |   12.353 |   12.371 |   25.679 |   12.345 |   25.566 |   12.344 |   12.395 |   25.624 |   25.872 |   12.349 |   12.354
32     2     |   23.406 |   13.312 |   13.413 |   23.377 |   13.377 |   23.361 |   13.279 |   13.421 |   23.370 |   23.374 |   13.392 |   13.393 ||  -43.13  -42.70   -0.12  -42.85   -0.19  -43.27  -42.66   -0.16   -0.14  -42.78  -42.78
       med   |   23.736 |   13.355 |   13.423 |   23.447 |   13.386 |   23.396 |   13.442 |   13.433 |   23.412 |   24.126 |   13.404 |   13.435
48     3     |   24.246 |   13.721 |   13.734 |   24.261 |   13.675 |   24.191 |   13.730 |   13.695 |   24.209 |   24.262 |   13.703 |   13.734 ||  -43.41  -43.36   +0.06  -43.60   -0.23  -43.37  -43.52   -0.15   +0.07  -43.48  -43.36
       med   |   24.978 |   13.773 |   13.764 |   24.482 |   13.729 |   24.239 |   13.756 |   13.702 |   24.420 |   24.916 |   13.710 |   13.742
64     4     |   25.123 |   14.834 |   14.856 |   25.119 |   14.870 |   25.110 |   14.886 |   14.864 |   25.132 |   25.135 |   14.868 |   14.841 ||  -40.96  -40.87   -0.02  -40.81   -0.05  -40.75  -40.83   +0.04   +0.05  -40.82  -40.93
       med   |   25.432 |   15.285 |   14.868 |   25.172 |   14.882 |   25.227 |   15.146 |   14.876 |   25.228 |   25.797 |   14.883 |   14.850
80     5     |   25.995 |   16.586 |   26.002 |   25.987 |   16.651 |   25.990 |   26.016 |   25.989 |   25.989 |   25.991 |   16.646 |   26.023 ||  -36.20   +0.03   -0.03  -35.94   -0.02   +0.08   -0.02   -0.02   -0.02  -35.97   +0.10
       med   |   26.754 |   16.758 |   26.117 |   26.032 |   17.158 |   26.016 |   26.103 |   26.019 |   26.017 |   26.329 |   16.672 |   26.477
96     6     |   26.888 |   26.901 |   26.962 |   26.918 |   18.792 |   26.940 |   26.938 |   26.893 |   26.912 |   26.921 |   18.789 |   26.952 ||   +0.05   +0.27   +0.11  -30.11   +0.19   +0.19   +0.02   +0.09   +0.13  -30.12   +0.24
       med   |   27.227 |   26.975 |   27.385 |   27.167 |   18.813 |   26.973 |   26.990 |   26.975 |   26.959 |   27.488 |   18.808 |   27.415
112    7     |   27.455 |   27.489 |   27.488 |   27.466 |   20.846 |   27.492 |   27.498 |   27.406 |   27.416 |   27.445 |   20.823 |   27.534 ||   +0.12   +0.12   +0.04  -24.07   +0.14   +0.16   -0.18   -0.14   -0.04  -24.15   +0.29
       med   |   27.855 |   27.519 |   27.552 |   27.775 |   20.861 |   27.518 |   27.530 |   27.521 |   27.548 |   28.103 |   20.842 |   28.088
128    8     |   25.377 |   25.582 |   22.906 |   25.521 |   22.915 |   25.539 |   22.899 |   25.384 |   25.586 |   25.559 |   25.580 |   22.969 ||   +0.81   -9.74   +0.57   -9.70   +0.64   -9.77   +0.03   +0.83   +0.72   +0.80   -9.49
       med   |   26.237 |   25.867 |   22.931 |   25.846 |   22.951 |   25.637 |   22.917 |   25.820 |   25.611 |   26.123 |   25.931 |   22.986
256    16    |   45.536 |   45.382 |   45.412 |   45.460 |   45.365 |   45.342 |   45.480 |   45.334 |   45.447 |   45.498 |   45.368 |   45.602 ||   -0.34   -0.27   -0.17   -0.38   -0.43   -0.12   -0.44   -0.20   -0.08   -0.37   +0.15
       med   |   46.709 |   45.797 |   46.869 |   45.698 |   45.754 |   45.488 |   45.763 |   45.547 |   45.690 |   45.949 |   45.926 |   46.913
512    32    |   84.588 |   84.391 |   84.564 |   84.402 |   84.449 |   84.293 |   84.376 |   84.432 |   84.417 |   84.471 |   84.338 |   84.291 ||   -0.23   -0.03   -0.22   -0.16   -0.35   -0.25   -0.18   -0.20   -0.14   -0.29   -0.35
       med   |   85.975 |   84.769 |   85.709 |   86.302 |   85.378 |   85.685 |   84.904 |   85.309 |   84.615 |   85.878 |   85.417 |   86.190
1024   64    |  162.190 |  162.036 |  162.118 |  162.085 |  161.998 |  161.928 |  161.911 |  162.023 |  161.972 |  162.109 |  161.891 |  161.731 ||   -0.09   -0.04   -0.06   -0.12   -0.16   -0.17   -0.10   -0.13   -0.05   -0.18   -0.28
       med   |  164.940 |  164.657 |  163.835 |  166.107 |  163.389 |  163.356 |  163.212 |  163.410 |  162.281 |  165.135 |  163.180 |  163.316
4096   256   |  628.986 |  628.441 |  628.760 |  628.524 |  628.598 |  628.617 |  628.687 |  628.178 |  628.678 |  628.891 |  628.461 |  627.081 ||   -0.09   -0.04   -0.07   -0.06   -0.06   -0.05   -0.13   -0.05   -0.01   -0.08   -0.30
       med   |  630.988 |  632.803 |  630.914 |  635.561 |  630.360 |  629.887 |  630.952 |  630.261 |  630.001 |  632.500 |  632.233 |  630.727
=== process order3.5
SELFCHECK OK (256 whole-block lengths 1..256 blk x 12 variants; out/Xi/ivec/ret byte-identical)
bytes  blks  |     base |       t5 |     t4p8 |   baseAA |       t8 |     dsp0 |    t4p8b |       t4 |   dsp0AA |   baseAB |       t7 |   t4p8AA ||      t5%    t4p8%  baseAA%      t8%    dsp0%   t4p8b%      t4%  dsp0AA%  baseAB%      t7%  t4p8AA%
16     1     |   24.622 |   12.345 |   12.307 |   24.391 |   12.325 |   25.405 |   12.271 |   12.341 |   25.485 |   23.744 |   12.334 |   12.347 ||  -49.86  -50.02   -0.94  -49.94   +3.18  -50.16  -49.88   +3.50   -3.57  -49.91  -49.85
       med   |   25.729 |   12.354 |   12.368 |   25.622 |   12.346 |   25.517 |   12.344 |   12.395 |   25.569 |   25.812 |   12.347 |   12.355
32     2     |   23.416 |   13.312 |   13.397 |   23.363 |   13.366 |   23.354 |   13.280 |   13.419 |   23.371 |   23.364 |   13.393 |   13.392 ||  -43.15  -42.78   -0.23  -42.92   -0.26  -43.29  -42.69   -0.19   -0.22  -42.80  -42.81
       med   |   23.899 |   13.355 |   13.422 |   23.602 |   13.385 |   23.402 |   13.445 |   13.431 |   23.408 |   23.909 |   13.403 |   13.435
48     3     |   24.246 |   13.765 |   13.732 |   24.251 |   13.678 |   24.196 |   13.729 |   13.693 |   24.210 |   24.251 |   13.691 |   13.706 ||  -43.23  -43.36   +0.02  -43.59   -0.20  -43.38  -43.52   -0.15   +0.02  -43.53  -43.47
       med   |   24.722 |   13.773 |   13.741 |   24.543 |   13.705 |   24.397 |   13.756 |   13.702 |   24.444 |   24.814 |   13.711 |   13.744
64     4     |   25.115 |   14.838 |   14.856 |   25.126 |   14.870 |   25.103 |   14.868 |   14.862 |   25.108 |   25.155 |   14.871 |   14.839 ||  -40.92  -40.85   +0.04  -40.79   -0.05  -40.80  -40.82   -0.03   +0.16  -40.79  -40.92
       med   |   25.572 |   15.289 |   14.868 |   25.323 |   14.883 |   25.150 |   14.892 |   14.876 |   25.569 |   25.744 |   14.883 |   14.850
80     5     |   25.982 |   16.582 |   26.001 |   26.003 |   16.648 |   25.987 |   26.017 |   25.989 |   25.991 |   25.988 |   16.651 |   26.028 ||  -36.18   +0.07   +0.08  -35.93   +0.02   +0.13   +0.02   +0.03   +0.02  -35.91   +0.18
       med   |   26.656 |   16.759 |   26.095 |   26.230 |   17.087 |   26.016 |   26.092 |   26.020 |   26.016 |   26.164 |   16.825 |   26.493
96     6     |   26.916 |   26.878 |   26.900 |   26.921 |   18.805 |   26.936 |   26.936 |   26.873 |   26.902 |   26.883 |   18.790 |   26.948 ||   -0.14   -0.06   +0.02  -30.13   +0.07   +0.08   -0.16   -0.05   -0.12  -30.19   +0.12
       med   |   26.978 |   26.972 |   27.377 |   27.162 |   18.952 |   26.973 |   26.985 |   26.975 |   26.954 |   27.461 |   18.807 |   27.441
112    7     |   27.451 |   27.484 |   27.452 |   27.443 |   20.842 |   27.486 |   27.500 |   27.414 |   27.424 |   27.431 |   20.821 |   27.521 ||   +0.12   +0.00   -0.03  -24.08   +0.13   +0.18   -0.14   -0.10   -0.07  -24.15   +0.25
       med   |   27.881 |   27.583 |   27.547 |   27.516 |   20.862 |   27.521 |   27.586 |   27.521 |   27.560 |   27.724 |   20.843 |   28.106
128    8     |   25.376 |   25.569 |   22.894 |   25.521 |   22.737 |   25.604 |   22.891 |   25.610 |   25.592 |   25.586 |   25.589 |   22.969 ||   +0.76   -9.78   +0.57  -10.40   +0.90   -9.79   +0.92   +0.85   +0.83   +0.84   -9.49
       med   |   26.302 |   26.119 |   22.922 |   25.852 |   22.952 |   26.022 |   22.916 |   26.144 |   25.616 |   26.119 |   25.989 |   22.985
256    16    |   45.686 |   45.381 |   45.450 |   45.451 |   45.364 |   45.345 |   45.484 |   45.346 |   45.375 |   45.411 |   45.347 |   45.435 ||   -0.67   -0.52   -0.51   -0.70   -0.75   -0.44   -0.74   -0.68   -0.60   -0.74   -0.55
       med   |   46.643 |   45.833 |   46.874 |   45.698 |   46.114 |   45.579 |   45.744 |   45.546 |   45.681 |   45.845 |   45.942 |   46.579
512    32    |   84.318 |   84.422 |   84.144 |   84.387 |   84.085 |   84.426 |   84.339 |   84.465 |   84.394 |   84.580 |   84.405 |   84.561 ||   +0.12   -0.21   +0.08   -0.28   +0.13   +0.02   +0.17   +0.09   +0.31   +0.10   +0.29
       med   |   84.779 |   85.490 |   85.967 |   86.244 |   84.787 |   84.539 |   84.864 |   85.293 |   84.592 |   85.720 |   86.041 |   86.442
1024   64    |  162.210 |  162.029 |  161.752 |  162.564 |  162.020 |  161.875 |  161.941 |  162.161 |  161.899 |  162.212 |  162.229 |  161.447 ||   -0.11   -0.28   +0.22   -0.12   -0.21   -0.17   -0.03   -0.19   +0.00   +0.01   -0.47
       med   |  163.059 |  165.122 |  163.593 |  167.047 |  163.286 |  163.118 |  162.834 |  164.438 |  163.958 |  164.909 |  164.512 |  163.439
4096   256   |  628.039 |  628.675 |  628.218 |  628.740 |  628.610 |  628.391 |  628.790 |  628.636 |  628.791 |  628.799 |  628.848 |  628.865 ||   +0.10   +0.03   +0.11   +0.09   +0.06   +0.12   +0.10   +0.12   +0.12   +0.13   +0.13
       med   |  630.491 |  631.953 |  630.258 |  634.547 |  630.077 |  631.231 |  631.941 |  629.942 |  630.295 |  632.784 |  632.518 |  632.176
