=== process order4.1
SELFCHECK OK (256 whole-block lengths 1..256 blk x 12 variants; out/Xi/ivec/ret byte-identical)
bytes  blks  |     base |       t8 |       t4 |   t4p8AA |     dsp0 |       t7 |   baseAB |    t4p8b |       t5 |   dsp0AA |     t4p8 |   baseAA ||      t8%      t4%  t4p8AA%    dsp0%      t7%  baseAB%   t4p8b%      t5%  dsp0AA%    t4p8%  baseAA%
16     1     |   25.336 |   12.340 |   12.387 |   12.322 |   25.428 |   12.359 |   25.437 |   12.318 |   12.305 |   23.641 |   12.311 |   25.354 ||  -51.30  -51.11  -51.37   +0.36  -51.22   +0.40  -51.38  -51.43   -6.69  -51.41   +0.07
       med   |   25.710 |   12.346 |   12.396 |   12.368 |   25.631 |   12.383 |   25.735 |   12.329 |   12.346 |   25.594 |   12.368 |   25.666
32     2     |   23.411 |   13.361 |   13.419 |   13.405 |   23.370 |   13.312 |   23.376 |   13.372 |   13.381 |   23.366 |   13.411 |   23.411 ||  -42.93  -42.68  -42.74   -0.17  -43.14   -0.15  -42.88  -42.85   -0.19  -42.71   -0.00
       med   |   23.729 |   13.385 |   13.432 |   13.424 |   23.415 |   13.323 |   23.855 |   13.408 |   13.427 |   23.401 |   13.424 |   23.685
48     3     |   24.245 |   13.678 |   13.700 |   13.714 |   24.208 |   13.695 |   24.275 |   13.749 |   13.727 |   24.207 |   13.734 |   24.283 ||  -43.58  -43.49  -43.43   -0.15  -43.51   +0.13  -43.29  -43.38   -0.15  -43.35   +0.16
       med   |   24.642 |   13.729 |   13.762 |   13.743 |   24.425 |   13.703 |   25.100 |   13.756 |   13.773 |   24.245 |   13.799 |   24.815
64     4     |   25.136 |   14.869 |   14.862 |   14.855 |   25.131 |   14.878 |   25.112 |   14.874 |   14.855 |   25.108 |   14.858 |   25.128 ||  -40.85  -40.87  -40.90   -0.02  -40.81   -0.10  -40.83  -40.90   -0.11  -40.89   -0.03
       med   |   25.398 |   14.882 |   14.875 |   14.870 |   25.480 |   15.149 |   25.744 |   14.958 |   14.866 |   25.150 |   14.909 |   25.368
80     5     |   25.989 |   16.645 |   25.983 |   26.002 |   25.993 |   16.642 |   25.988 |   26.017 |   16.579 |   25.982 |   26.008 |   26.003 ||  -35.95   -0.02   +0.05   +0.02  -35.96   -0.00   +0.11  -36.21   -0.03   +0.07   +0.06
       med   |   26.051 |   16.805 |   26.023 |   26.034 |   26.019 |   16.659 |   26.542 |   26.148 |   16.739 |   26.017 |   26.519 |   26.353
96     6     |   26.936 |   18.791 |   26.954 |   26.912 |   26.913 |   18.788 |   26.920 |   26.760 |   26.923 |   26.923 |   26.842 |   26.934 ||  -30.24   +0.07   -0.09   -0.08  -30.25   -0.06   -0.65   -0.05   -0.05   -0.35   -0.01
       med   |   27.402 |   19.031 |   27.199 |   26.984 |   26.959 |   18.806 |   27.657 |   26.920 |   26.981 |   26.974 |   27.349 |   27.264
112    7     |   27.463 |   20.848 |   27.485 |   27.509 |   27.517 |   20.825 |   27.456 |   27.371 |   27.444 |   27.488 |   27.507 |   27.449 ||  -24.09   +0.08   +0.17   +0.20  -24.17   -0.02   -0.33   -0.07   +0.09   +0.16   -0.05
       med   |   27.984 |   20.865 |   27.529 |   27.547 |   27.551 |   20.845 |   27.498 |   27.533 |   27.551 |   27.521 |   27.603 |   27.566
128    8     |   25.387 |   22.917 |   25.381 |   22.901 |   25.588 |   25.571 |   25.517 |   22.922 |   25.569 |   25.373 |   22.914 |   25.513 ||   -9.73   -0.02   -9.79   +0.79   +0.72   +0.51   -9.71   +0.72   -0.06   -9.74   +0.50
       med   |   26.194 |   23.291 |   25.777 |   23.474 |   25.622 |   25.624 |   26.344 |   23.560 |   25.612 |   25.620 |   23.384 |   25.684
256    16    |   45.574 |   45.369 |   45.338 |   45.342 |   45.329 |   45.365 |   45.550 |   45.448 |   45.829 |   45.466 |   45.352 |   45.491 ||   -0.45   -0.52   -0.51   -0.54   -0.46   -0.05   -0.28   +0.56   -0.24   -0.49   -0.18
       med   |   46.608 |   45.833 |   45.991 |   45.745 |   46.201 |   46.472 |   46.867 |   46.084 |   46.486 |   46.426 |   45.953 |   46.665
512    32    |   84.504 |   84.460 |   84.444 |   83.975 |   84.398 |   84.456 |   84.370 |   84.392 |   84.690 |   84.509 |   84.223 |   84.408 ||   -0.05   -0.07   -0.63   -0.13   -0.06   -0.16   -0.13   +0.22   +0.01   -0.33   -0.11
       med   |   86.349 |   86.229 |   85.867 |   84.788 |   85.403 |   86.808 |   86.846 |   85.137 |   85.507 |   86.613 |   84.797 |   85.532
1024   64    |  162.166 |  161.845 |  161.867 |  162.011 |  161.821 |  162.144 |  162.005 |  161.845 |  162.254 |  162.036 |  161.101 |  161.955 ||   -0.20   -0.18   -0.10   -0.21   -0.01   -0.10   -0.20   +0.05   -0.08   -0.66   -0.13
       med   |  163.559 |  165.982 |  164.100 |  163.505 |  163.149 |  165.425 |  164.319 |  163.253 |  163.034 |  165.455 |  162.439 |  163.385
4096   256   |  628.842 |  628.703 |  628.264 |  628.619 |  628.689 |  627.708 |  628.192 |  628.739 |  628.957 |  628.789 |  628.539 |  628.374 ||   -0.02   -0.09   -0.04   -0.02   -0.18   -0.10   -0.02   +0.02   -0.01   -0.05   -0.07
       med   |  630.408 |  632.578 |  637.703 |  629.976 |  630.531 |  633.793 |  634.610 |  631.403 |  630.886 |  634.460 |  630.239 |  633.254
=== process order4.2
SELFCHECK OK (256 whole-block lengths 1..256 blk x 12 variants; out/Xi/ivec/ret byte-identical)
bytes  blks  |     base |       t8 |       t4 |   t4p8AA |     dsp0 |       t7 |   baseAB |    t4p8b |       t5 |   dsp0AA |     t4p8 |   baseAA ||      t8%      t4%  t4p8AA%    dsp0%      t7%  baseAB%   t4p8b%      t5%  dsp0AA%    t4p8%  baseAA%
16     1     |   23.808 |   12.337 |   12.321 |   12.320 |   25.435 |   12.333 |   25.385 |   12.320 |   12.307 |   25.394 |   12.312 |   24.247 ||  -48.18  -48.25  -48.25   +6.83  -48.20   +6.62  -48.25  -48.31   +6.66  -48.29   +1.84
       med   |   25.673 |   12.347 |   12.396 |   12.368 |   25.626 |   12.383 |   25.768 |   12.344 |   12.347 |   25.641 |   12.365 |   25.668
32     2     |   23.401 |   13.363 |   13.420 |   13.401 |   23.368 |   13.313 |   23.462 |   13.370 |   13.395 |   23.353 |   13.413 |   23.413 ||  -42.89  -42.65  -42.73   -0.14  -43.11   +0.26  -42.86  -42.76   -0.20  -42.68   +0.05
       med   |   23.513 |   13.385 |   13.432 |   13.424 |   23.541 |   13.327 |   24.302 |   13.411 |   13.428 |   23.525 |   13.424 |   23.768
48     3     |   24.244 |   13.679 |   13.698 |   13.731 |   24.209 |   13.696 |   24.293 |   13.729 |   13.728 |   24.204 |   13.732 |   24.265 ||  -43.58  -43.50  -43.36   -0.15  -43.51   +0.20  -43.37  -43.38   -0.17  -43.36   +0.08
       med   |   24.618 |   13.732 |   13.762 |   13.740 |   24.255 |   13.703 |   25.246 |   13.756 |   13.738 |   24.244 |   13.774 |   24.878
64     4     |   25.116 |   14.871 |   14.860 |   14.861 |   25.130 |   14.872 |   25.243 |   14.876 |   14.853 |   25.111 |   14.856 |   25.142 ||  -40.79  -40.83  -40.83   +0.06  -40.79   +0.51  -40.77  -40.86   -0.02  -40.85   +0.11
       med   |   25.843 |   14.882 |   14.877 |   15.139 |   25.156 |   15.147 |   25.905 |   14.959 |   14.867 |   25.368 |   14.870 |   25.552
80     5     |   25.992 |   16.646 |   25.989 |   26.004 |   25.982 |   16.644 |   25.998 |   26.022 |   16.582 |   25.989 |   26.006 |   25.989 ||  -35.96   -0.01   +0.05   -0.04  -35.96   +0.02   +0.12  -36.20   -0.01   +0.06   -0.01
       med   |   26.518 |   16.804 |   26.017 |   26.036 |   26.018 |   16.810 |   26.828 |   26.151 |   16.741 |   26.020 |   26.361 |   26.345
96     6     |   26.925 |   18.794 |   26.886 |   26.904 |   26.916 |   18.788 |   26.921 |   26.754 |   26.916 |   26.887 |   26.920 |   26.917 ||  -30.20   -0.14   -0.08   -0.03  -30.22   -0.02   -0.63   -0.03   -0.14   -0.02   -0.03
       med   |   27.584 |   19.122 |   27.185 |   26.984 |   26.970 |   18.809 |   27.599 |   26.915 |   27.034 |   26.980 |   27.190 |   27.232
112    7     |   27.457 |   20.847 |   27.497 |   27.495 |   27.514 |   20.829 |   27.452 |   27.443 |   27.452 |   27.484 |   27.433 |   27.451 ||  -24.08   +0.15   +0.14   +0.21  -24.14   -0.02   -0.05   -0.02   +0.10   -0.09   -0.02
       med   |   27.650 |   20.863 |   27.903 |   27.539 |   27.547 |   21.100 |   27.818 |   27.544 |   27.554 |   27.521 |   27.794 |   27.732
128    8     |   25.395 |   22.723 |   25.375 |   22.909 |   25.595 |   25.554 |   25.521 |   22.872 |   25.573 |   25.379 |   22.916 |   25.517 ||  -10.52   -0.08   -9.79   +0.79   +0.63   +0.50   -9.94   +0.70   -0.06   -9.76   +0.48
       med   |   26.334 |   22.951 |   25.631 |   23.487 |   26.035 |   25.626 |   26.350 |   23.556 |   25.771 |   25.620 |   23.433 |   25.648
256    16    |   45.506 |   45.366 |   45.352 |   45.340 |   45.341 |   45.504 |   45.574 |   45.418 |   45.809 |   45.356 |   45.325 |   45.496 ||   -0.31   -0.34   -0.37   -0.36   -0.00   +0.15   -0.19   +0.67   -0.33   -0.40   -0.02
       med   |   46.694 |   46.034 |   45.967 |   45.748 |   46.067 |   46.519 |   47.161 |   45.969 |   46.484 |   46.580 |   46.064 |   46.593
512    32    |   84.481 |   84.403 |   84.387 |   84.105 |   84.503 |   84.529 |   84.369 |   84.380 |   84.669 |   84.470 |   84.455 |   84.405 ||   -0.09   -0.11   -0.44   +0.03   +0.06   -0.13   -0.12   +0.22   -0.01   -0.03   -0.09
       med   |   85.462 |   85.518 |   85.160 |   84.611 |   85.436 |   86.451 |   85.833 |   85.122 |   85.550 |   86.830 |   84.859 |   86.266
1024   64    |  162.161 |  162.004 |  161.938 |  161.873 |  162.076 |  162.080 |  161.929 |  161.955 |  162.341 |  162.119 |  161.800 |  161.936 ||   -0.10   -0.14   -0.18   -0.05   -0.05   -0.14   -0.13   +0.11   -0.03   -0.22   -0.14
       med   |  163.207 |  163.245 |  164.752 |  162.208 |  162.726 |  166.370 |  166.364 |  163.619 |  163.867 |  165.865 |  162.648 |  164.976
4096   256   |  628.940 |  628.726 |  628.436 |  628.575 |  627.792 |  628.817 |  628.107 |  628.773 |  629.146 |  628.776 |  628.450 |  628.760 ||   -0.03   -0.08   -0.06   -0.18   -0.02   -0.13   -0.03   +0.03   -0.03   -0.08   -0.03
       med   |  630.429 |  630.664 |  634.894 |  630.457 |  630.399 |  634.824 |  631.917 |  631.265 |  630.696 |  633.741 |  630.208 |  631.062
=== process order4.3
SELFCHECK OK (256 whole-block lengths 1..256 blk x 12 variants; out/Xi/ivec/ret byte-identical)
bytes  blks  |     base |       t8 |       t4 |   t4p8AA |     dsp0 |       t7 |   baseAB |    t4p8b |       t5 |   dsp0AA |     t4p8 |   baseAA ||      t8%      t4%  t4p8AA%    dsp0%      t7%  baseAB%   t4p8b%      t5%  dsp0AA%    t4p8%  baseAA%
16     1     |   25.323 |   12.338 |   12.318 |   12.319 |   23.679 |   12.297 |   24.119 |   12.319 |   12.272 |   25.404 |   12.311 |   25.321 ||  -51.28  -51.36  -51.35   -6.49  -51.44   -4.76  -51.35  -51.54   +0.32  -51.38   -0.01
       med   |   25.705 |   12.346 |   12.396 |   12.367 |   25.625 |   12.383 |   25.748 |   12.330 |   12.346 |   25.615 |   12.365 |   25.670
32     2     |   23.411 |   13.369 |   13.421 |   13.403 |   23.372 |   13.312 |   23.422 |   13.368 |   13.376 |   23.370 |   13.413 |   23.419 ||  -42.90  -42.67  -42.75   -0.17  -43.14   +0.05  -42.90  -42.86   -0.18  -42.71   +0.03
       med   |   23.601 |   13.387 |   13.432 |   13.423 |   23.532 |   13.383 |   24.310 |   13.412 |   13.428 |   23.401 |   13.424 |   23.708
48     3     |   24.249 |   13.679 |   13.696 |   13.732 |   24.208 |   13.697 |   24.238 |   13.731 |   13.726 |   24.205 |   13.733 |   24.259 ||  -43.59  -43.52  -43.37   -0.17  -43.52   -0.05  -43.38  -43.39   -0.18  -43.37   +0.04
       med   |   24.725 |   13.730 |   13.761 |   13.740 |   24.336 |   13.703 |   25.018 |   13.757 |   13.772 |   24.245 |   13.776 |   24.819
64     4     |   25.123 |   14.866 |   14.862 |   14.859 |   25.122 |   14.879 |   25.110 |   14.870 |   14.849 |   25.113 |   14.854 |   25.121 ||  -40.83  -40.84  -40.86   -0.00  -40.78   -0.05  -40.81  -40.90   -0.04  -40.88   -0.00
       med   |   25.327 |   14.883 |   14.876 |   14.950 |   25.460 |   15.151 |   25.338 |   14.951 |   14.920 |   25.148 |   14.870 |   25.576
80     5     |   25.993 |   16.648 |   25.983 |   26.000 |   25.990 |   16.640 |   25.983 |   26.020 |   16.581 |   25.987 |   26.004 |   25.989 ||  -35.95   -0.04   +0.03   -0.01  -35.98   -0.04   +0.10  -36.21   -0.02   +0.04   -0.02
       med   |   26.204 |   16.893 |   26.029 |   26.032 |   26.018 |   16.785 |   26.758 |   26.069 |   16.743 |   26.018 |   26.128 |   26.028
96     6     |   26.908 |   18.792 |   26.882 |   26.895 |   26.895 |   18.787 |   26.925 |   26.752 |   26.917 |   26.893 |   26.796 |   26.921 ||  -30.16   -0.10   -0.05   -0.05  -30.18   +0.07   -0.58   +0.03   -0.06   -0.41   +0.05
       med   |   26.973 |   18.816 |   27.028 |   26.979 |   27.043 |   18.804 |   26.969 |   26.926 |   26.966 |   26.974 |   26.985 |   27.344
112    7     |   27.453 |   20.843 |   27.490 |   27.497 |   27.515 |   20.827 |   27.449 |   27.375 |   27.464 |   27.490 |   27.489 |   27.453 ||  -24.08   +0.14   +0.16   +0.23  -24.13   -0.01   -0.28   +0.04   +0.14   +0.13   +0.00
       med   |   27.631 |   20.866 |   27.522 |   27.541 |   27.547 |   21.088 |   27.504 |   27.533 |   27.550 |   27.520 |   27.621 |   27.513
128    8     |   25.364 |   22.913 |   25.386 |   22.907 |   25.586 |   25.588 |   25.518 |   22.913 |   25.586 |   25.370 |   22.906 |   25.513 ||   -9.66   +0.09   -9.69   +0.88   +0.88   +0.61   -9.66   +0.87   +0.03   -9.69   +0.59
       med   |   25.741 |   22.962 |   25.802 |   23.491 |   26.033 |   25.779 |   26.344 |   23.496 |   25.610 |   25.620 |   23.331 |   25.548
256    16    |   45.529 |   45.365 |   45.405 |   45.347 |   45.353 |   45.347 |   45.569 |   45.423 |   45.880 |   45.356 |   45.350 |   45.473 ||   -0.36   -0.27   -0.40   -0.39   -0.40   +0.09   -0.23   +0.77   -0.38   -0.39   -0.12
       med   |   46.474 |   45.811 |   46.337 |   45.747 |   45.978 |   46.532 |   46.611 |   45.978 |   46.489 |   46.445 |   45.919 |   46.563
512    32    |   84.531 |   84.410 |   84.389 |   83.965 |   84.394 |   84.652 |   84.413 |   84.378 |   84.753 |   84.538 |   84.015 |   84.390 ||   -0.14   -0.17   -0.67   -0.16   +0.14   -0.14   -0.18   +0.26   +0.01   -0.61   -0.17
       med   |   85.637 |   85.628 |   85.428 |   85.009 |   85.277 |   86.689 |   86.745 |   85.044 |   85.532 |   86.958 |   84.844 |   86.354
1024   64    |  162.095 |  161.966 |  161.832 |  161.875 |  162.051 |  162.108 |  161.856 |  161.940 |  162.365 |  161.280 |  161.600 |  161.916 ||   -0.08   -0.16   -0.14   -0.03   +0.01   -0.15   -0.10   +0.17   -0.50   -0.31   -0.11
       med   |  165.274 |  163.270 |  164.560 |  162.464 |  163.688 |  165.809 |  164.410 |  163.190 |  163.732 |  166.943 |  162.500 |  165.512
4096   256   |  628.984 |  628.773 |  628.525 |  628.705 |  628.799 |  628.725 |  628.099 |  628.665 |  629.142 |  628.611 |  628.533 |  628.715 ||   -0.03   -0.07   -0.04   -0.03   -0.04   -0.14   -0.05   +0.03   -0.06   -0.07   -0.04
       med   |  630.638 |  632.620 |  636.413 |  630.226 |  631.105 |  634.350 |  635.165 |  631.910 |  631.223 |  634.350 |  630.350 |  631.700
=== process order4.4
SELFCHECK OK (256 whole-block lengths 1..256 blk x 12 variants; out/Xi/ivec/ret byte-identical)
bytes  blks  |     base |       t8 |       t4 |   t4p8AA |     dsp0 |       t7 |   baseAB |    t4p8b |       t5 |   dsp0AA |     t4p8 |   baseAA ||      t8%      t4%  t4p8AA%    dsp0%      t7%  baseAB%   t4p8b%      t5%  dsp0AA%    t4p8%  baseAA%
16     1     |   25.356 |   12.339 |   12.324 |   12.326 |   24.054 |   12.330 |   25.326 |   12.321 |   12.304 |   25.397 |   12.312 |   25.335 ||  -51.34  -51.40  -51.39   -5.13  -51.37   -0.12  -51.41  -51.48   +0.16  -51.44   -0.08
       med   |   25.616 |   12.346 |   12.395 |   12.368 |   25.523 |   12.383 |   25.672 |   12.331 |   12.315 |   25.472 |   12.366 |   25.562
32     2     |   23.427 |   13.362 |   13.419 |   13.409 |   23.373 |   13.313 |   23.419 |   13.369 |   13.379 |   23.351 |   13.412 |   23.409 ||  -42.96  -42.72  -42.76   -0.23  -43.17   -0.03  -42.93  -42.89   -0.32  -42.75   -0.07
       med   |   24.342 |   13.385 |   13.433 |   13.423 |   23.410 |   13.323 |   24.310 |   13.403 |   13.426 |   23.400 |   13.425 |   23.711
48     3     |   24.245 |   13.677 |   13.700 |   13.732 |   24.202 |   13.696 |   24.268 |   13.749 |   13.727 |   24.201 |   13.733 |   24.271 ||  -43.59  -43.49  -43.36   -0.18  -43.51   +0.10  -43.29  -43.38   -0.18  -43.36   +0.11
       med   |   24.662 |   13.729 |   13.762 |   13.740 |   24.381 |   13.703 |   24.906 |   13.756 |   13.774 |   24.240 |   13.801 |   24.541
64     4     |   25.155 |   14.868 |   14.864 |   14.861 |   25.131 |   14.870 |   25.150 |   14.865 |   14.855 |   25.104 |   14.855 |   25.119 ||  -40.89  -40.91  -40.92   -0.09  -40.89   -0.02  -40.91  -40.94   -0.20  -40.94   -0.14
       med   |   25.987 |   14.885 |   14.874 |   14.959 |   25.642 |   15.147 |   26.038 |   15.108 |   14.864 |   25.145 |   14.869 |   25.579
80     5     |   25.989 |   16.647 |   25.990 |   25.999 |   25.989 |   16.638 |   25.990 |   26.021 |   16.580 |   25.991 |   26.011 |   25.985 ||  -35.94   +0.01   +0.04   +0.00  -35.98   +0.00   +0.12  -36.20   +0.01   +0.09   -0.01
       med   |   26.940 |   16.811 |   26.016 |   26.039 |   26.018 |   16.657 |   26.792 |   26.167 |   16.601 |   26.017 |   26.513 |   26.280
96     6     |   26.936 |   18.788 |   26.932 |   26.892 |   26.904 |   18.786 |   26.924 |   26.758 |   26.922 |   26.897 |   26.796 |   26.931 ||  -30.25   -0.01   -0.16   -0.12  -30.26   -0.05   -0.66   -0.05   -0.14   -0.52   -0.02
       med   |   27.412 |   19.135 |   26.974 |   26.983 |   26.967 |   18.804 |   27.736 |   26.839 |   27.007 |   26.973 |   27.093 |   27.301
112    7     |   27.460 |   20.846 |   27.482 |   27.504 |   27.518 |   20.828 |   27.455 |   27.375 |   27.449 |   27.492 |   27.447 |   27.454 ||  -24.09   +0.08   +0.16   +0.21  -24.15   -0.02   -0.31   -0.04   +0.11   -0.05   -0.02
       med   |   27.880 |   20.861 |   27.521 |   27.540 |   27.546 |   21.064 |   27.901 |   27.500 |   27.554 |   27.519 |   27.576 |   27.702
128    8     |   25.374 |   22.929 |   25.377 |   22.905 |   25.569 |   25.579 |   25.516 |   22.911 |   25.583 |   25.375 |   22.909 |   25.516 ||   -9.64   +0.01   -9.73   +0.77   +0.81   +0.56   -9.71   +0.82   +0.00   -9.72   +0.56
       med   |   26.181 |   23.257 |   25.790 |   23.161 |   25.613 |   25.624 |   26.349 |   23.551 |   25.612 |   25.616 |   23.280 |   25.616
256    16    |   45.686 |   45.330 |   45.355 |   45.350 |   45.354 |   45.377 |   45.573 |   45.465 |   45.878 |   45.462 |   45.339 |   45.462 ||   -0.78   -0.73   -0.74   -0.73   -0.68   -0.25   -0.48   +0.42   -0.49   -0.76   -0.49
       med   |   46.343 |   45.715 |   45.936 |   45.743 |   45.918 |   46.584 |   46.978 |   45.954 |   46.484 |   46.610 |   45.861 |   46.561
512    32    |   84.492 |   84.413 |   84.449 |   83.983 |   84.394 |   84.553 |   84.395 |   84.377 |   84.735 |   84.500 |   84.440 |   84.423 ||   -0.09   -0.05   -0.60   -0.12   +0.07   -0.11   -0.14   +0.29   +0.01   -0.06   -0.08
       med   |   85.763 |   85.970 |   85.925 |   84.794 |   85.459 |   86.953 |   86.804 |   85.002 |   85.539 |   86.503 |   84.816 |   86.087
1024   64    |  162.180 |  162.049 |  161.956 |  160.780 |  162.077 |  161.994 |  161.940 |  162.011 |  162.285 |  161.631 |  160.975 |  161.940 ||   -0.08   -0.14   -0.86   -0.06   -0.11   -0.15   -0.10   +0.06   -0.34   -0.74   -0.15
       med   |  164.161 |  165.547 |  164.538 |  162.493 |  162.607 |  166.552 |  165.976 |  163.618 |  163.309 |  166.800 |  162.531 |  165.079
4096   256   |  628.966 |  628.784 |  628.059 |  628.665 |  628.011 |  628.891 |  628.125 |  628.811 |  629.167 |  628.806 |  628.549 |  628.750 ||   -0.03   -0.14   -0.05   -0.15   -0.01   -0.13   -0.02   +0.03   -0.03   -0.07   -0.03
       med   |  631.029 |  633.202 |  634.948 |  630.578 |  630.538 |  634.556 |  635.124 |  631.707 |  631.096 |  633.704 |  630.128 |  630.580
=== process order4.5
SELFCHECK OK (256 whole-block lengths 1..256 blk x 12 variants; out/Xi/ivec/ret byte-identical)
bytes  blks  |     base |       t8 |       t4 |   t4p8AA |     dsp0 |       t7 |   baseAB |    t4p8b |       t5 |   dsp0AA |     t4p8 |   baseAA ||      t8%      t4%  t4p8AA%    dsp0%      t7%  baseAB%   t4p8b%      t5%  dsp0AA%    t4p8%  baseAA%
16     1     |   23.963 |   12.338 |   12.386 |   12.322 |   25.427 |   12.328 |   23.592 |   12.321 |   12.307 |   23.983 |   12.334 |   25.338 ||  -48.51  -48.31  -48.58   +6.11  -48.55   -1.54  -48.58  -48.64   +0.09  -48.53   +5.74
       med   |   25.721 |   12.346 |   12.396 |   12.369 |   25.689 |   12.383 |   25.729 |   12.329 |   12.347 |   25.594 |   12.367 |   25.649
32     2     |   23.414 |   13.367 |   13.420 |   13.410 |   23.376 |   13.310 |   23.362 |   13.362 |   13.377 |   23.362 |   13.407 |   23.414 ||  -42.91  -42.68  -42.73   -0.16  -43.15   -0.22  -42.93  -42.87   -0.22  -42.74   +0.00
       med   |   24.199 |   13.386 |   13.433 |   13.424 |   23.405 |   13.322 |   24.207 |   13.403 |   13.428 |   23.401 |   13.424 |   23.702
48     3     |   24.275 |   13.678 |   13.699 |   13.731 |   24.212 |   13.696 |   24.238 |   13.750 |   13.729 |   24.206 |   13.710 |   24.271 ||  -43.65  -43.57  -43.43   -0.26  -43.58   -0.15  -43.36  -43.44   -0.28  -43.52   -0.01
       med   |   25.026 |   13.732 |   13.762 |   13.742 |   24.376 |   13.703 |   24.946 |   13.756 |   13.772 |   24.241 |   13.799 |   24.528
64     4     |   25.132 |   14.870 |   14.863 |   14.856 |   25.129 |   14.869 |   25.112 |   14.878 |   14.852 |   25.104 |   14.854 |   25.146 ||  -40.83  -40.86  -40.89   -0.01  -40.83   -0.08  -40.80  -40.90   -0.11  -40.90   +0.06
       med   |   25.890 |   14.884 |   14.875 |   14.869 |   25.464 |   15.141 |   25.984 |   15.085 |   14.869 |   25.148 |   14.868 |   25.501
80     5     |   25.994 |   16.648 |   25.988 |   25.998 |   25.988 |   16.640 |   25.998 |   26.018 |   16.577 |   25.986 |   26.000 |   25.991 ||  -35.96   -0.02   +0.01   -0.02  -35.99   +0.02   +0.09  -36.23   -0.03   +0.02   -0.01
       med   |   26.828 |   16.803 |   26.017 |   26.027 |   26.018 |   16.810 |   26.798 |   26.141 |   16.729 |   26.018 |   26.364 |   26.275
96     6     |   26.922 |   18.794 |   26.874 |   26.944 |   26.898 |   18.785 |   26.937 |   26.759 |   26.941 |   26.902 |   26.949 |   26.926 ||  -30.19   -0.18   +0.08   -0.09  -30.23   +0.06   -0.61   +0.07   -0.08   +0.10   +0.02
       med   |   27.246 |   19.067 |   26.977 |   26.983 |   26.959 |   18.805 |   27.389 |   26.929 |   27.206 |   26.973 |   27.419 |   27.272
112    7     |   27.460 |   20.842 |   27.493 |   27.506 |   27.514 |   20.829 |   27.467 |   27.384 |   27.477 |   27.480 |   27.505 |   27.453 ||  -24.10   +0.12   +0.17   +0.20  -24.15   +0.03   -0.28   +0.06   +0.08   +0.17   -0.02
       med   |   27.830 |   20.861 |   27.888 |   27.540 |   27.554 |   20.851 |   28.240 |   27.538 |   27.876 |   27.521 |   27.818 |   27.725
128    8     |   25.384 |   22.917 |   25.375 |   22.907 |   25.598 |   25.559 |   25.521 |   22.882 |   25.586 |   25.370 |   22.906 |   25.523 ||   -9.72   -0.04   -9.76   +0.84   +0.69   +0.54   -9.86   +0.79   -0.06   -9.76   +0.54
       med   |   26.363 |   22.951 |   25.625 |   23.181 |   26.027 |   25.623 |   26.350 |   23.461 |   25.617 |   25.619 |   23.318 |   25.689
256    16    |   45.502 |   45.371 |   45.339 |   45.334 |   45.326 |   45.731 |   45.550 |   45.504 |   45.802 |   45.357 |   45.337 |   45.583 ||   -0.29   -0.36   -0.37   -0.39   +0.50   +0.11   +0.01   +0.66   -0.32   -0.36   +0.18
       med   |   46.642 |   46.054 |   46.170 |   45.734 |   46.079 |   46.575 |   47.038 |   46.007 |   46.512 |   46.067 |   46.082 |   46.743
512    32    |   84.580 |   84.406 |   84.338 |   84.294 |   84.394 |   84.549 |   84.393 |   84.139 |   84.756 |   84.498 |   84.328 |   84.408 ||   -0.21   -0.29   -0.34   -0.22   -0.04   -0.22   -0.52   +0.21   -0.10   -0.30   -0.20
       med   |   85.058 |   86.063 |   85.421 |   84.592 |   85.390 |   86.909 |   86.745 |   85.594 |   85.574 |   86.704 |   84.861 |   85.873
1024   64    |  162.151 |  162.090 |  161.839 |  162.050 |  162.013 |  162.147 |  161.940 |  161.995 |  162.310 |  162.131 |  161.851 |  161.934 ||   -0.04   -0.19   -0.06   -0.09   -0.00   -0.13   -0.10   +0.10   -0.01   -0.19   -0.13
       med   |  163.334 |  165.847 |  165.270 |  162.965 |  163.433 |  166.383 |  166.100 |  163.590 |  163.395 |  166.661 |  162.627 |  163.583
4096   256   |  629.059 |  628.684 |  628.664 |  628.481 |  628.822 |  628.926 |  628.167 |  628.169 |  628.734 |  628.836 |  628.500 |  627.941 ||   -0.06   -0.06   -0.09   -0.04   -0.02   -0.14   -0.14   -0.05   -0.04   -0.09   -0.18
       med   |  630.619 |  631.140 |  636.092 |  630.608 |  631.747 |  635.106 |  634.328 |  631.092 |  630.628 |  633.231 |  630.257 |  630.088
=== process order5.1
SELFCHECK OK (256 whole-block lengths 1..256 blk x 12 variants; out/Xi/ivec/ret byte-identical)
bytes  blks  |     base |   dsp0AA |       t7 |    t4p8b |   baseAB |     t4p8 |       t4 |       t8 |   baseAA |       t5 |   t4p8AA |     dsp0 ||  dsp0AA%      t7%   t4p8b%  baseAB%    t4p8%      t4%      t8%  baseAA%      t5%  t4p8AA%    dsp0%
16     1     |   23.786 |   23.305 |   12.335 |   12.321 |   25.377 |   12.342 |   12.387 |   12.320 |   25.381 |   12.345 |   12.311 |   23.524 ||   -2.02  -48.14  -48.20   +6.69  -48.11  -47.92  -48.21   +6.71  -48.10  -48.24   -1.10
       med   |   25.685 |   25.538 |   12.349 |   12.350 |   25.484 |   12.350 |   12.395 |   12.353 |   25.463 |   12.358 |   12.368 |   25.896
32     2     |   23.403 |   23.361 |   13.379 |   13.389 |   23.370 |   13.408 |   13.393 |   13.332 |   23.400 |   13.311 |   13.411 |   23.378 ||   -0.18  -42.83  -42.79   -0.14  -42.71  -42.77  -43.03   -0.01  -43.12  -42.70   -0.11
       med   |   23.971 |   23.442 |   13.407 |   13.404 |   23.495 |   13.433 |   13.420 |   13.342 |   23.449 |   13.351 |   13.423 |   23.657
48     3     |   24.257 |   24.193 |   13.703 |   13.751 |   24.252 |   13.717 |   13.692 |   13.676 |   24.240 |   13.765 |   13.732 |   24.216 ||   -0.26  -43.51  -43.31   -0.02  -43.45  -43.55  -43.62   -0.07  -43.25  -43.39   -0.17
       med   |   24.574 |   24.245 |   13.710 |   13.761 |   24.299 |   13.741 |   13.703 |   13.684 |   24.298 |   13.773 |   13.800 |   24.555
64     4     |   25.151 |   25.119 |   14.870 |   14.868 |   25.124 |   14.840 |   14.866 |   14.869 |   25.123 |   14.832 |   14.855 |   25.135 ||   -0.13  -40.88  -40.88   -0.11  -41.00  -40.89  -40.88   -0.11  -41.03  -40.94   -0.07
       med   |   25.415 |   25.242 |   14.882 |   14.882 |   25.174 |   14.850 |   15.101 |   14.880 |   25.170 |   14.846 |   14.868 |   25.401
80     5     |   25.988 |   25.990 |   16.654 |   26.018 |   25.984 |   26.013 |   25.995 |   16.633 |   25.982 |   16.582 |   26.008 |   25.996 ||   +0.01  -35.92   +0.12   -0.02   +0.09   +0.03  -36.00   -0.02  -36.19   +0.08   +0.03
       med   |   26.444 |   26.220 |   16.903 |   26.065 |   26.024 |   26.829 |   26.027 |   16.649 |   26.013 |   16.598 |   26.652 |   26.192
96     6     |   26.915 |   26.905 |   18.793 |   26.773 |   26.826 |   26.972 |   26.930 |   18.786 |   26.865 |   26.934 |   26.942 |   26.936 ||   -0.04  -30.18   -0.53   -0.33   +0.21   +0.06  -30.20   -0.19   +0.07   +0.10   +0.08
       med   |   27.240 |   27.026 |   19.158 |   26.810 |   26.961 |   27.801 |   26.973 |   18.805 |   26.969 |   27.206 |   27.351 |   27.372
112    7     |   27.462 |   27.492 |   20.832 |   27.451 |   27.452 |   27.521 |   27.474 |   20.851 |   27.458 |   27.410 |   27.512 |   27.524 ||   +0.11  -24.14   -0.04   -0.04   +0.21   +0.04  -24.08   -0.02   -0.19   +0.18   +0.22
       med   |   27.834 |   27.590 |   21.237 |   27.771 |   27.487 |   27.945 |   27.778 |   21.335 |   27.502 |   27.721 |   27.986 |   27.853
128    8     |   25.365 |   25.601 |   25.591 |   22.910 |   25.516 |   22.966 |   25.569 |   22.938 |   25.520 |   25.567 |   22.911 |   25.580 ||   +0.93   +0.89   -9.68   +0.59   -9.46   +0.80   -9.57   +0.61   +0.79   -9.68   +0.85
       med   |   25.947 |   25.624 |   25.961 |   22.932 |   25.884 |   22.985 |   25.827 |   23.283 |   25.542 |   25.628 |   23.333 |   25.995
256    16    |   45.483 |   45.350 |   45.420 |   45.429 |   45.404 |   45.374 |   45.386 |   45.431 |   45.466 |   45.259 |   45.356 |   45.402 ||   -0.29   -0.14   -0.12   -0.17   -0.24   -0.21   -0.11   -0.04   -0.49   -0.28   -0.18
       med   |   46.417 |   46.061 |   46.547 |   45.662 |   45.754 |   46.158 |   46.053 |   46.386 |   46.269 |   45.912 |   46.177 |   46.162
512    32    |   84.600 |   84.484 |   84.415 |   84.384 |   84.375 |   84.094 |   84.237 |   84.409 |   84.387 |   84.397 |   84.469 |   84.410 ||   -0.14   -0.22   -0.26   -0.27   -0.60   -0.43   -0.23   -0.25   -0.24   -0.15   -0.22
       med   |   85.472 |   85.413 |   85.408 |   85.094 |   85.391 |   84.789 |   85.405 |   85.750 |   85.911 |   85.134 |   85.494 |   85.519
1024   64    |  162.036 |  161.984 |  162.103 |  161.887 |  161.689 |  162.429 |  161.627 |  161.885 |  162.077 |  162.004 |  161.614 |  161.806 ||   -0.03   +0.04   -0.09   -0.21   +0.24   -0.25   -0.09   +0.03   -0.02   -0.26   -0.14
       med   |  163.250 |  164.415 |  164.639 |  163.334 |  163.238 |  164.995 |  163.381 |  164.029 |  165.370 |  163.325 |  164.057 |  163.862
4096   256   |  629.019 |  628.321 |  628.889 |  628.777 |  628.192 |  628.837 |  628.286 |  628.643 |  628.716 |  628.644 |  628.648 |  628.683 ||   -0.11   -0.02   -0.04   -0.13   -0.03   -0.12   -0.06   -0.05   -0.06   -0.06   -0.05
       med   |  631.073 |  630.733 |  630.753 |  630.503 |  632.873 |  634.065 |  630.013 |  631.395 |  633.189 |  630.331 |  631.619 |  630.722
=== process order5.2
SELFCHECK OK (256 whole-block lengths 1..256 blk x 12 variants; out/Xi/ivec/ret byte-identical)
bytes  blks  |     base |   dsp0AA |       t7 |    t4p8b |   baseAB |     t4p8 |       t4 |       t8 |   baseAA |       t5 |   t4p8AA |     dsp0 ||  dsp0AA%      t7%   t4p8b%  baseAB%    t4p8%      t4%      t8%  baseAA%      t5%  t4p8AA%    dsp0%
16     1     |   23.307 |   23.307 |   12.335 |   12.319 |   25.310 |   12.342 |   12.340 |   12.316 |   25.308 |   12.344 |   12.333 |   25.195 ||   -0.00  -47.08  -47.14   +8.59  -47.04  -47.05  -47.16   +8.59  -47.04  -47.08   +8.10
       med   |   25.608 |   25.468 |   12.343 |   12.347 |   25.505 |   12.350 |   12.394 |   12.352 |   25.449 |   12.375 |   12.369 |   25.837
32     2     |   23.401 |   23.356 |   13.377 |   13.378 |   23.363 |   13.395 |   13.397 |   13.332 |   23.410 |   13.310 |   13.413 |   23.376 ||   -0.20  -42.84  -42.83   -0.16  -42.76  -42.75  -43.03   +0.04  -43.12  -42.68   -0.11
       med   |   23.653 |   23.388 |   13.405 |   13.404 |   23.447 |   13.433 |   13.423 |   13.341 |   23.448 |   13.353 |   13.423 |   23.662
48     3     |   24.277 |   24.206 |   13.705 |   13.751 |   24.248 |   13.719 |   13.694 |   13.679 |   24.250 |   13.766 |   13.731 |   24.207 ||   -0.29  -43.55  -43.36   -0.12  -43.49  -43.59  -43.66   -0.11  -43.30  -43.44   -0.29
       med   |   25.080 |   24.239 |   13.711 |   13.759 |   24.311 |   13.737 |   13.703 |   13.686 |   24.301 |   13.773 |   13.775 |   24.545
64     4     |   25.112 |   25.101 |   14.869 |   14.871 |   25.107 |   14.838 |   14.869 |   14.866 |   25.119 |   14.834 |   14.852 |   25.108 ||   -0.04  -40.79  -40.78   -0.02  -40.91  -40.79  -40.80   +0.03  -40.93  -40.86   -0.01
       med   |   25.495 |   25.176 |   14.882 |   14.881 |   25.195 |   14.850 |   15.187 |   14.880 |   25.168 |   14.847 |   14.869 |   25.302
80     5     |   25.990 |   25.990 |   16.652 |   26.020 |   25.981 |   26.017 |   25.989 |   16.634 |   25.984 |   16.576 |   26.009 |   25.992 ||   +0.00  -35.93   +0.12   -0.03   +0.11   -0.00  -36.00   -0.02  -36.22   +0.07   +0.01
       med   |   26.264 |   26.063 |   16.894 |   26.054 |   26.017 |   26.550 |   26.027 |   16.648 |   26.017 |   16.599 |   26.606 |   26.192
96     6     |   26.918 |   26.930 |   18.799 |   26.767 |   26.815 |   26.930 |   26.890 |   18.785 |   26.900 |   26.917 |   26.934 |   26.932 ||   +0.05  -30.16   -0.56   -0.38   +0.05   -0.10  -30.21   -0.07   -0.00   +0.06   +0.05
       med   |   27.175 |   26.975 |   19.156 |   26.811 |   26.963 |   27.692 |   27.100 |   18.805 |   26.967 |   27.202 |   27.424 |   27.175
112    7     |   27.463 |   27.480 |   20.828 |   27.446 |   27.455 |   27.551 |   27.474 |   20.850 |   27.457 |   27.392 |   27.501 |   27.517 ||   +0.06  -24.16   -0.06   -0.03   +0.32   +0.04  -24.08   -0.02   -0.26   +0.14   +0.20
       med   |   27.792 |   27.519 |   21.159 |   27.497 |   27.486 |   28.319 |   27.519 |   21.338 |   27.501 |   27.759 |   28.013 |   27.863
128    8     |   25.386 |   25.572 |   25.595 |   22.910 |   25.519 |   22.968 |   25.584 |   22.941 |   25.513 |   25.602 |   22.901 |   25.593 ||   +0.73   +0.82   -9.75   +0.52   -9.53   +0.78   -9.63   +0.50   +0.85   -9.79   +0.82
       med   |   26.010 |   25.624 |   26.127 |   22.933 |   25.893 |   22.986 |   26.062 |   23.934 |   25.542 |   25.858 |   23.344 |   25.768
256    16    |   45.488 |   45.371 |   45.393 |   45.399 |   45.537 |   45.586 |   45.400 |   45.399 |   45.451 |   45.347 |   45.368 |   45.362 ||   -0.26   -0.21   -0.19   +0.11   +0.22   -0.19   -0.19   -0.08   -0.31   -0.26   -0.28
       med   |   46.434 |   45.829 |   46.747 |   45.944 |   45.680 |   46.378 |   45.915 |   46.349 |   46.163 |   45.889 |   46.172 |   45.943
512    32    |   84.482 |   84.412 |   84.461 |   84.428 |   84.371 |   84.503 |   84.332 |   84.395 |   84.525 |   84.418 |   84.537 |   84.509 ||   -0.08   -0.03   -0.06   -0.13   +0.02   -0.18   -0.10   +0.05   -0.08   +0.06   +0.03
       med   |   85.488 |   85.034 |   85.282 |   85.818 |   85.433 |   86.856 |   85.452 |   85.780 |   86.463 |   84.865 |   85.704 |   86.625
1024   64    |  162.257 |  162.043 |  162.008 |  161.814 |  161.812 |  162.012 |  160.702 |  161.666 |  162.132 |  161.969 |  162.117 |  161.835 ||   -0.13   -0.15   -0.27   -0.27   -0.15   -0.96   -0.36   -0.08   -0.18   -0.09   -0.26
       med   |  163.453 |  165.260 |  164.179 |  163.638 |  164.268 |  165.464 |  162.062 |  163.147 |  164.701 |  162.222 |  164.577 |  164.873
4096   256   |  629.030 |  628.736 |  628.928 |  628.783 |  628.207 |  628.782 |  628.525 |  628.865 |  628.889 |  628.549 |  628.491 |  628.755 ||   -0.05   -0.02   -0.04   -0.13   -0.04   -0.08   -0.03   -0.02   -0.08   -0.09   -0.04
       med   |  630.406 |  632.562 |  631.795 |  630.742 |  631.918 |  634.490 |  630.410 |  631.412 |  633.409 |  630.367 |  632.481 |  632.749
=== process order5.3
SELFCHECK OK (256 whole-block lengths 1..256 blk x 12 variants; out/Xi/ivec/ret byte-identical)
bytes  blks  |     base |   dsp0AA |       t7 |    t4p8b |   baseAB |     t4p8 |       t4 |       t8 |   baseAA |       t5 |   t4p8AA |     dsp0 ||  dsp0AA%      t7%   t4p8b%  baseAB%    t4p8%      t4%      t8%  baseAA%      t5%  t4p8AA%    dsp0%
16     1     |   24.824 |   23.321 |   12.334 |   12.319 |   24.745 |   12.343 |   12.385 |   12.291 |   25.334 |   12.342 |   12.332 |   25.503 ||   -6.06  -50.32  -50.38   -0.32  -50.28  -50.11  -50.49   +2.05  -50.28  -50.32   +2.74
       med   |   25.716 |   25.538 |   12.343 |   12.330 |   25.539 |   12.350 |   12.395 |   12.353 |   25.471 |   12.353 |   12.368 |   25.919
32     2     |   23.398 |   23.353 |   13.378 |   13.370 |   23.360 |   13.411 |   13.397 |   13.330 |   23.408 |   13.313 |   13.410 |   23.381 ||   -0.19  -42.82  -42.86   -0.17  -42.68  -42.75  -43.03   +0.04  -43.10  -42.69   -0.07
       med   |   24.054 |   23.388 |   13.407 |   13.403 |   23.449 |   13.434 |   13.419 |   13.342 |   23.457 |   13.355 |   13.424 |   23.731
48     3     |   24.277 |   24.203 |   13.704 |   13.750 |   24.252 |   13.715 |   13.694 |   13.678 |   24.243 |   13.766 |   13.709 |   24.208 ||   -0.30  -43.55  -43.36   -0.10  -43.51  -43.59  -43.66   -0.14  -43.30  -43.53   -0.28
       med   |   25.012 |   24.252 |   13.710 |   13.759 |   24.304 |   13.740 |   13.703 |   13.685 |   24.403 |   13.773 |   13.802 |   24.550
64     4     |   25.112 |   25.115 |   14.869 |   14.871 |   25.121 |   14.839 |   14.868 |   14.868 |   25.114 |   14.834 |   14.857 |   25.132 ||   +0.01  -40.79  -40.78   +0.03  -40.91  -40.79  -40.79   +0.01  -40.93  -40.84   +0.08
       med   |   25.425 |   25.235 |   14.884 |   14.881 |   25.177 |   14.850 |   15.186 |   14.881 |   25.167 |   14.845 |   14.869 |   25.413
80     5     |   25.986 |   25.988 |   16.659 |   26.021 |   25.989 |   26.030 |   25.994 |   16.632 |   25.981 |   16.582 |   26.007 |   25.990 ||   +0.01  -35.89   +0.14   +0.01   +0.17   +0.03  -36.00   -0.02  -36.19   +0.08   +0.02
       med   |   26.220 |   26.084 |   16.907 |   26.051 |   26.080 |   26.833 |   26.026 |   16.648 |   26.018 |   16.598 |   26.457 |   26.185
96     6     |   26.915 |   26.941 |   18.801 |   26.773 |   26.824 |   26.943 |   26.882 |   18.785 |   26.910 |   26.947 |   26.930 |   26.924 ||   +0.10  -30.15   -0.53   -0.34   +0.11   -0.12  -30.21   -0.02   +0.12   +0.06   +0.04
       med   |   27.212 |   26.973 |   19.160 |   26.806 |   26.962 |   27.283 |   27.193 |   18.907 |   26.969 |   27.210 |   27.637 |   27.178
112    7     |   27.450 |   27.481 |   20.826 |   27.457 |   27.453 |   27.523 |   27.465 |   20.851 |   27.457 |   27.446 |   27.479 |   27.521 ||   +0.11  -24.13   +0.03   +0.01   +0.27   +0.05  -24.04   +0.03   -0.01   +0.11   +0.26
       med   |   27.739 |   27.520 |   21.244 |   27.557 |   27.484 |   27.875 |   27.911 |   21.565 |   27.493 |   27.991 |   28.302 |   27.929
128    8     |   25.380 |   25.589 |   25.589 |   22.909 |   25.512 |   22.962 |   25.564 |   22.936 |   25.515 |   25.580 |   22.911 |   25.587 ||   +0.82   +0.82   -9.74   +0.52   -9.53   +0.72   -9.63   +0.53   +0.79   -9.73   +0.81
       med   |   26.026 |   25.623 |   26.031 |   22.932 |   25.879 |   22.986 |   25.797 |   23.941 |   25.543 |   25.634 |   23.243 |   25.784
256    16    |   45.538 |   45.353 |   45.567 |   45.417 |   45.462 |   45.264 |   45.397 |   45.413 |   45.434 |   45.321 |   45.347 |   45.412 ||   -0.41   +0.06   -0.26   -0.17   -0.60   -0.31   -0.27   -0.23   -0.48   -0.42   -0.28
       med   |   46.606 |   45.741 |   46.537 |   45.695 |   45.651 |   46.043 |   45.768 |   46.371 |   46.395 |   45.803 |   46.108 |   46.256
512    32    |   84.503 |   84.399 |   84.409 |   84.357 |   84.307 |   84.465 |   84.431 |   84.187 |   84.376 |   84.436 |   84.481 |   84.453 ||   -0.12   -0.11   -0.17   -0.23   -0.05   -0.08   -0.37   -0.15   -0.08   -0.03   -0.06
       med   |   85.165 |   85.716 |   85.344 |   85.579 |   85.419 |   86.804 |   85.554 |   85.921 |   86.238 |   85.540 |   85.756 |   86.650
1024   64    |  162.184 |  162.010 |  162.037 |  161.994 |  161.690 |  162.053 |  161.900 |  161.974 |  162.048 |  162.000 |  162.077 |  161.857 ||   -0.11   -0.09   -0.12   -0.30   -0.08   -0.17   -0.13   -0.08   -0.11   -0.07   -0.20
       med   |  163.386 |  165.050 |  164.093 |  163.863 |  163.555 |  166.108 |  162.955 |  163.855 |  165.065 |  163.123 |  164.487 |  164.392
4096   256   |  628.357 |  628.724 |  628.899 |  628.791 |  628.236 |  628.747 |  628.705 |  628.611 |  629.009 |  628.375 |  628.501 |  628.713 ||   +0.06   +0.09   +0.07   -0.02   +0.06   +0.06   +0.04   +0.10   +0.00   +0.02   +0.06
       med   |  630.323 |  632.142 |  631.736 |  631.042 |  633.288 |  632.889 |  631.100 |  631.729 |  633.359 |  630.311 |  632.255 |  630.154
=== process order5.4
SELFCHECK OK (256 whole-block lengths 1..256 blk x 12 variants; out/Xi/ivec/ret byte-identical)
bytes  blks  |     base |   dsp0AA |       t7 |    t4p8b |   baseAB |     t4p8 |       t4 |       t8 |   baseAA |       t5 |   t4p8AA |     dsp0 ||  dsp0AA%      t7%   t4p8b%  baseAB%    t4p8%      t4%      t8%  baseAA%      t5%  t4p8AA%    dsp0%
16     1     |   23.716 |   23.325 |   12.335 |   12.320 |   25.321 |   12.341 |   12.337 |   12.314 |   25.316 |   12.344 |   12.311 |   24.994 ||   -1.65  -47.99  -48.05   +6.76  -47.96  -47.98  -48.08   +6.74  -47.95  -48.09   +5.39
       med   |   25.679 |   25.589 |   12.351 |   12.346 |   25.516 |   12.349 |   12.395 |   12.352 |   25.522 |   12.374 |   12.367 |   25.899
32     2     |   23.403 |   23.361 |   13.381 |   13.392 |   23.366 |   13.411 |   13.394 |   13.329 |   23.411 |   13.314 |   13.411 |   23.373 ||   -0.18  -42.82  -42.77   -0.16  -42.70  -42.77  -43.05   +0.04  -43.11  -42.70   -0.13
       med   |   23.604 |   23.511 |   13.405 |   13.403 |   23.521 |   13.434 |   13.422 |   13.342 |   23.529 |   13.324 |   13.424 |   23.658
48     3     |   24.238 |   24.207 |   13.704 |   13.735 |   24.238 |   13.716 |   13.694 |   13.678 |   24.246 |   13.766 |   13.735 |   24.210 ||   -0.13  -43.46  -43.33   -0.00  -43.41  -43.50  -43.57   +0.03  -43.21  -43.34   -0.12
       med   |   24.691 |   24.247 |   13.710 |   13.760 |   24.302 |   13.728 |   13.703 |   13.685 |   24.298 |   13.773 |   13.801 |   24.552
64     4     |   25.122 |   25.097 |   14.867 |   14.868 |   25.118 |   14.838 |   14.868 |   14.869 |   25.118 |   14.833 |   14.855 |   25.132 ||   -0.10  -40.82  -40.82   -0.02  -40.94  -40.82  -40.81   -0.02  -40.95  -40.87   +0.04
       med   |   25.505 |   25.237 |   14.882 |   14.882 |   25.176 |   14.849 |   15.189 |   14.880 |   25.173 |   14.847 |   14.869 |   25.425
80     5     |   25.986 |   25.994 |   16.657 |   26.012 |   25.988 |   26.014 |   25.991 |   16.628 |   25.981 |   16.577 |   26.012 |   25.996 ||   +0.03  -35.90   +0.10   +0.00   +0.11   +0.02  -36.01   -0.02  -36.21   +0.10   +0.04
       med   |   26.338 |   26.103 |   16.905 |   26.060 |   26.024 |   26.765 |   26.031 |   16.648 |   26.012 |   16.599 |   26.601 |   26.198
96     6     |   26.922 |   26.937 |   18.803 |   26.778 |   26.815 |   26.962 |   26.926 |   18.784 |   26.882 |   26.938 |   26.945 |   26.933 ||   +0.05  -30.16   -0.54   -0.40   +0.15   +0.02  -30.23   -0.15   +0.06   +0.08   +0.04
       med   |   26.976 |   26.974 |   19.160 |   26.933 |   26.961 |   27.777 |   26.970 |   18.906 |   26.965 |   27.209 |   27.639 |   27.177
112    7     |   27.463 |   27.483 |   20.827 |   27.456 |   27.456 |   27.558 |   27.477 |   20.853 |   27.457 |   27.433 |   27.536 |   27.528 ||   +0.07  -24.16   -0.02   -0.02   +0.35   +0.05  -24.07   -0.02   -0.11   +0.27   +0.24
       med   |   27.949 |   27.521 |   21.230 |   27.492 |   27.486 |   28.402 |   27.754 |   21.335 |   27.503 |   27.929 |   28.213 |   28.053
128    8     |   25.371 |   25.552 |   25.593 |   22.910 |   25.510 |   22.969 |   25.601 |   22.938 |   25.520 |   25.582 |   22.899 |   25.588 ||   +0.71   +0.87   -9.70   +0.55   -9.47   +0.91   -9.59   +0.59   +0.83   -9.75   +0.86
       med   |   26.019 |   25.622 |   26.031 |   22.933 |   25.719 |   22.989 |   25.969 |   22.961 |   25.554 |   25.856 |   23.327 |   25.769
256    16    |   45.590 |   45.363 |   45.388 |   45.360 |   45.469 |   45.463 |   45.408 |   45.464 |   45.442 |   45.339 |   45.387 |   45.347 ||   -0.50   -0.44   -0.50   -0.27   -0.28   -0.40   -0.27   -0.32   -0.55   -0.44   -0.53
       med   |   46.583 |   46.000 |   46.509 |   46.162 |   45.667 |   46.415 |   46.216 |   46.343 |   46.100 |   45.810 |   46.435 |   45.906
512    32    |   84.461 |   84.035 |   84.452 |   84.397 |   84.383 |   84.414 |   84.371 |   84.387 |   84.474 |   84.417 |   84.478 |   84.406 ||   -0.50   -0.01   -0.08   -0.09   -0.06   -0.11   -0.09   +0.02   -0.05   +0.02   -0.06
       med   |   85.468 |   85.462 |   85.275 |   85.576 |   85.424 |   85.461 |   84.932 |   85.578 |   86.168 |   84.799 |   85.476 |   86.568
1024   64    |  161.940 |  162.008 |  162.023 |  161.974 |  161.818 |  161.951 |  161.988 |  162.008 |  162.056 |  162.017 |  162.119 |  161.969 ||   +0.04   +0.05   +0.02   -0.08   +0.01   +0.03   +0.04   +0.07   +0.05   +0.11   +0.02
       med   |  163.303 |  164.099 |  164.143 |  163.881 |  163.139 |  164.821 |  162.976 |  164.358 |  166.029 |  163.158 |  164.337 |  166.111
4096   256   |  628.984 |  628.552 |  628.934 |  628.753 |  628.203 |  628.619 |  628.634 |  628.610 |  628.985 |  628.667 |  628.546 |  628.620 ||   -0.07   -0.01   -0.04   -0.12   -0.06   -0.06   -0.06   +0.00   -0.05   -0.07   -0.06
       med   |  631.172 |  630.808 |  631.873 |  631.006 |  633.008 |  635.190 |  631.073 |  631.466 |  631.579 |  630.979 |  632.654 |  633.576
=== process order5.5
SELFCHECK OK (256 whole-block lengths 1..256 blk x 12 variants; out/Xi/ivec/ret byte-identical)
bytes  blks  |     base |   dsp0AA |       t7 |    t4p8b |   baseAB |     t4p8 |       t4 |       t8 |   baseAA |       t5 |   t4p8AA |     dsp0 ||  dsp0AA%      t7%   t4p8b%  baseAB%    t4p8%      t4%      t8%  baseAA%      t5%  t4p8AA%    dsp0%
16     1     |   23.584 |   23.441 |   12.334 |   12.319 |   24.975 |   12.341 |   12.322 |   12.320 |   25.348 |   12.344 |   12.313 |   24.914 ||   -0.61  -47.70  -47.76   +5.90  -47.67  -47.75  -47.76   +7.48  -47.66  -47.79   +5.64
       med   |   25.726 |   25.573 |   12.344 |   12.343 |   25.600 |   12.355 |   12.396 |   12.353 |   25.521 |   12.354 |   12.368 |   25.896
32     2     |   23.401 |   23.370 |   13.375 |   13.379 |   23.381 |   13.408 |   13.397 |   13.331 |   23.399 |   13.276 |   13.394 |   23.369 ||   -0.13  -42.85  -42.83   -0.09  -42.70  -42.75  -43.03   -0.01  -43.27  -42.76   -0.14
       med   |   23.993 |   23.515 |   13.408 |   13.403 |   23.448 |   13.433 |   13.429 |   13.342 |   23.513 |   13.355 |   13.423 |   23.641
48     3     |   24.263 |   24.205 |   13.702 |   13.731 |   24.245 |   13.717 |   13.694 |   13.678 |   24.246 |   13.751 |   13.733 |   24.207 ||   -0.24  -43.53  -43.41   -0.08  -43.47  -43.56  -43.63   -0.07  -43.33  -43.40   -0.23
       med   |   25.003 |   24.241 |   13.710 |   13.759 |   24.412 |   13.728 |   13.702 |   13.685 |   24.302 |   13.773 |   13.801 |   24.543
64     4     |   25.127 |   25.117 |   14.868 |   14.873 |   25.120 |   14.841 |   14.861 |   14.868 |   25.115 |   14.838 |   14.856 |   25.109 ||   -0.04  -40.83  -40.81   -0.03  -40.94  -40.86  -40.83   -0.05  -40.95  -40.88   -0.07
       med   |   25.670 |   25.234 |   14.883 |   14.882 |   25.200 |   14.850 |   15.036 |   14.881 |   25.169 |   15.203 |   14.869 |   25.257
80     5     |   25.994 |   25.992 |   16.651 |   26.021 |   25.981 |   26.023 |   25.999 |   16.632 |   25.980 |   16.581 |   26.002 |   25.988 ||   -0.01  -35.94   +0.10   -0.05   +0.11   +0.02  -36.02   -0.06  -36.21   +0.03   -0.02
       med   |   26.467 |   26.113 |   16.858 |   26.050 |   26.020 |   26.884 |   26.302 |   16.648 |   26.013 |   16.598 |   26.330 |   26.204
96     6     |   26.912 |   26.931 |   18.800 |   26.777 |   26.817 |   26.965 |   26.927 |   18.788 |   26.867 |   26.920 |   26.943 |   26.924 ||   +0.07  -30.14   -0.50   -0.36   +0.20   +0.05  -30.19   -0.17   +0.03   +0.12   +0.05
       med   |   27.204 |   26.973 |   19.160 |   26.923 |   26.963 |   27.814 |   26.969 |   18.903 |   26.971 |   27.209 |   27.639 |   27.168
112    7     |   27.451 |   27.481 |   20.833 |   27.451 |   27.449 |   27.526 |   27.473 |   20.854 |   27.453 |   27.396 |   27.522 |   27.529 ||   +0.11  -24.11   +0.00   -0.01   +0.27   +0.08  -24.03   +0.01   -0.20   +0.26   +0.29
       med   |   27.910 |   27.517 |   21.182 |   27.488 |   27.486 |   27.957 |   27.602 |   21.273 |   27.510 |   27.977 |   28.287 |   27.950
128    8     |   25.374 |   25.576 |   25.592 |   22.909 |   25.512 |   22.971 |   25.604 |   22.937 |   25.515 |   25.600 |   22.907 |   25.585 ||   +0.80   +0.86   -9.71   +0.55   -9.47   +0.91   -9.60   +0.56   +0.89   -9.72   +0.83
       med   |   25.896 |   25.623 |   25.993 |   22.933 |   25.663 |   22.986 |   26.088 |   23.943 |   25.545 |   25.865 |   23.364 |   25.784
256    16    |   45.527 |   45.352 |   45.697 |   45.397 |   45.539 |   45.313 |   45.380 |   45.779 |   45.433 |   45.331 |   45.369 |   45.370 ||   -0.38   +0.37   -0.28   +0.03   -0.47   -0.32   +0.55   -0.21   -0.43   -0.35   -0.34
       med   |   46.505 |   45.593 |   46.925 |   46.217 |   45.934 |   46.381 |   46.331 |   46.698 |   45.998 |   45.629 |   46.486 |   45.917
512    32    |   84.490 |   84.387 |   84.532 |   84.349 |   84.388 |   84.411 |   84.443 |   84.382 |   84.353 |   84.433 |   84.512 |   84.387 ||   -0.12   +0.05   -0.17   -0.12   -0.09   -0.06   -0.13   -0.16   -0.07   +0.03   -0.12
       med   |   85.356 |   85.505 |   85.367 |   85.457 |   85.538 |   86.022 |   85.692 |   85.979 |   85.404 |   85.113 |   85.736 |   86.635
1024   64    |  162.095 |  161.905 |  162.132 |  161.937 |  161.794 |  161.995 |  161.297 |  162.181 |  162.131 |  161.643 |  161.690 |  161.971 ||   -0.12   +0.02   -0.10   -0.19   -0.06   -0.49   +0.05   +0.02   -0.28   -0.25   -0.08
       med   |  163.507 |  162.110 |  164.635 |  163.552 |  164.204 |  164.414 |  163.012 |  164.485 |  164.608 |  162.411 |  164.592 |  165.137
4096   256   |  629.071 |  628.762 |  629.052 |  628.778 |  628.449 |  628.874 |  628.264 |  628.732 |  628.959 |  628.749 |  628.529 |  628.508 ||   -0.05   -0.00   -0.05   -0.10   -0.03   -0.13   -0.05   -0.02   -0.05   -0.09   -0.09
       med   |  630.668 |  631.990 |  632.004 |  631.188 |  633.458 |  633.613 |  630.436 |  632.511 |  634.054 |  632.839 |  631.461 |  630.278
=== process order6.1
SELFCHECK OK (256 whole-block lengths 1..256 blk x 12 variants; out/Xi/ivec/ret byte-identical)
bytes  blks  |     base |   t4p8AA |       t5 |     dsp0 |    t4p8b |   baseAA |       t8 |   dsp0AA |       t4 |   baseAB |     t4p8 |       t7 ||  t4p8AA%      t5%    dsp0%   t4p8b%  baseAA%      t8%  dsp0AA%      t4%  baseAB%    t4p8%      t7%
16     1     |   25.414 |   12.339 |   12.345 |   25.000 |   12.319 |   25.397 |   12.332 |   25.425 |   12.376 |   24.139 |   12.307 |   12.326 ||  -51.45  -51.43   -1.63  -51.52   -0.07  -51.48   +0.04  -51.30   -5.02  -51.57  -51.50
       med   |   25.737 |   12.427 |   12.354 |   25.754 |   12.346 |   25.725 |   12.346 |   25.520 |   12.387 |   25.802 |   12.372 |   12.369
32     2     |   23.403 |   13.409 |   13.308 |   23.370 |   13.370 |   23.360 |   13.378 |   23.354 |   13.393 |   23.364 |   13.412 |   13.393 ||  -42.70  -43.13   -0.14  -42.87   -0.18  -42.84   -0.21  -42.77   -0.17  -42.69  -42.77
       med   |   23.978 |   13.436 |   13.329 |   23.594 |   13.403 |   23.756 |   13.386 |   23.421 |   13.444 |   23.701 |   13.426 |   13.405
48     3     |   24.270 |   13.691 |   13.725 |   24.213 |   13.684 |   24.268 |   13.679 |   24.202 |   13.730 |   24.257 |   13.733 |   13.698 ||  -43.59  -43.45   -0.23  -43.62   -0.01  -43.64   -0.28  -43.43   -0.06  -43.42  -43.56
       med   |   24.989 |   13.763 |   13.773 |   24.463 |   13.757 |   24.984 |   13.685 |   24.245 |   13.758 |   24.881 |   13.775 |   13.712
64     4     |   25.145 |   14.842 |   14.835 |   25.113 |   14.874 |   25.142 |   14.870 |   25.099 |   14.851 |   25.120 |   14.854 |   14.870 ||  -40.98  -41.00   -0.13  -40.85   -0.01  -40.86   -0.18  -40.94   -0.10  -40.93  -40.86
       med   |   25.675 |   14.874 |   15.190 |   25.157 |   14.952 |   25.363 |   14.882 |   25.151 |   14.919 |   25.829 |   14.868 |   14.883
80     5     |   25.996 |   26.010 |   16.581 |   25.997 |   26.022 |   25.996 |   16.643 |   25.990 |   25.996 |   25.994 |   25.994 |   16.654 ||   +0.06  -36.21   +0.01   +0.10   +0.00  -35.98   -0.02   +0.00   -0.01   -0.01  -35.94
       med   |   26.772 |   26.342 |   16.755 |   26.131 |   26.340 |   26.304 |   16.666 |   26.021 |   26.320 |   26.066 |   26.322 |   16.675
96     6     |   26.935 |   26.952 |   26.930 |   26.932 |   26.777 |   26.839 |   18.817 |   26.917 |   26.942 |   26.925 |   26.907 |   18.790 ||   +0.06   -0.02   -0.01   -0.59   -0.35  -30.14   -0.07   +0.03   -0.03   -0.10  -30.24
       med   |   27.593 |   27.012 |   26.976 |   27.181 |   27.200 |   27.219 |   19.371 |   26.975 |   27.376 |   26.973 |   26.983 |   18.808
112    7     |   27.474 |   27.519 |   27.488 |   27.490 |   27.462 |   27.451 |   20.843 |   27.408 |   27.512 |   27.424 |   27.499 |   20.826 ||   +0.17   +0.05   +0.06   -0.04   -0.08  -24.14   -0.24   +0.14   -0.18   +0.09  -24.20
       med   |   28.152 |   27.615 |   27.529 |   27.759 |   27.909 |   27.752 |   21.018 |   27.526 |   27.929 |   27.482 |   27.539 |   20.842
128    8     |   25.381 |   22.968 |   25.594 |   25.588 |   22.924 |   25.377 |   22.687 |   25.387 |   25.588 |   25.551 |   22.904 |   25.568 ||   -9.51   +0.84   +0.82   -9.68   -0.02  -10.62   +0.02   +0.82   +0.67   -9.76   +0.74
       med   |   26.246 |   22.995 |   25.793 |   25.774 |   23.878 |   25.699 |   22.952 |   25.927 |   25.965 |   25.606 |   22.928 |   25.615
256    16    |   45.482 |   45.327 |   45.332 |   45.389 |   45.360 |   45.434 |   45.335 |   45.330 |   45.364 |   45.454 |   45.352 |   45.341 ||   -0.34   -0.33   -0.20   -0.27   -0.10   -0.32   -0.33   -0.26   -0.06   -0.28   -0.31
       med   |   46.828 |   45.717 |   46.038 |   46.599 |   45.992 |   46.312 |   46.126 |   45.549 |   45.837 |   45.740 |   46.220 |   46.200
512    32    |   84.530 |   84.422 |   84.411 |   84.486 |   84.369 |   84.435 |   84.378 |   84.426 |   84.406 |   84.598 |   84.050 |   84.746 ||   -0.13   -0.14   -0.05   -0.19   -0.11   -0.18   -0.12   -0.15   +0.08   -0.57   +0.26
       med   |   85.305 |   86.054 |   85.012 |   86.555 |   84.759 |   86.854 |   85.430 |   85.298 |   85.525 |   85.385 |   85.562 |   85.462
1024   64    |  161.993 |  162.006 |  161.904 |  162.142 |  161.939 |  161.924 |  161.808 |  162.039 |  162.046 |  162.050 |  162.072 |  162.315 ||   +0.01   -0.05   +0.09   -0.03   -0.04   -0.11   +0.03   +0.03   +0.04   +0.05   +0.20
       med   |  163.207 |  164.584 |  162.096 |  166.014 |  163.939 |  166.450 |  162.200 |  163.598 |  165.009 |  163.025 |  164.546 |  163.204
4096   256   |  628.823 |  627.663 |  628.793 |  628.913 |  628.582 |  628.787 |  628.172 |  628.670 |  628.910 |  628.275 |  628.617 |  629.027 ||   -0.18   -0.00   +0.01   -0.04   -0.01   -0.10   -0.02   +0.01   -0.09   -0.03   +0.03
       med   |  631.549 |  633.666 |  633.481 |  635.002 |  630.383 |  635.725 |  629.956 |  630.148 |  633.640 |  630.037 |  630.844 |  630.386
=== process order6.2
SELFCHECK OK (256 whole-block lengths 1..256 blk x 12 variants; out/Xi/ivec/ret byte-identical)
bytes  blks  |     base |   t4p8AA |       t5 |     dsp0 |    t4p8b |   baseAA |       t8 |   dsp0AA |       t4 |   baseAB |     t4p8 |       t7 ||  t4p8AA%      t5%    dsp0%   t4p8b%  baseAA%      t8%  dsp0AA%      t4%  baseAB%    t4p8%      t7%
16     1     |   25.396 |   12.348 |   12.346 |   24.037 |   12.320 |   23.651 |   12.336 |   25.409 |   12.326 |   23.422 |   12.307 |   12.279 ||  -51.38  -51.39   -5.35  -51.49   -6.87  -51.43   +0.05  -51.46   -7.77  -51.54  -51.65
       med   |   25.751 |   12.425 |   12.354 |   25.777 |   12.347 |   25.689 |   12.347 |   25.550 |   12.388 |   25.772 |   12.371 |   12.368
32     2     |   23.408 |   13.407 |   13.311 |   23.381 |   13.372 |   23.396 |   13.357 |   23.354 |   13.377 |   23.370 |   13.402 |   13.395 ||  -42.73  -43.14   -0.12  -42.87   -0.05  -42.94   -0.23  -42.86   -0.17  -42.75  -42.78
       med   |   23.915 |   13.434 |   13.326 |   23.599 |   13.403 |   23.732 |   13.385 |   23.405 |   13.442 |   23.621 |   13.428 |   13.405
48     3     |   24.247 |   13.711 |   13.768 |   24.207 |   13.684 |   24.261 |   13.679 |   24.205 |   13.733 |   24.242 |   13.699 |   13.703 ||  -43.45  -43.22   -0.16  -43.57   +0.06  -43.59   -0.18  -43.36   -0.02  -43.50  -43.49
       med   |   24.959 |   13.762 |   13.773 |   24.432 |   13.757 |   25.226 |   13.685 |   24.242 |   13.750 |   24.456 |   13.766 |   13.710
64     4     |   25.115 |   14.841 |   14.834 |   25.121 |   14.872 |   25.128 |   14.868 |   25.120 |   14.850 |   25.122 |   14.858 |   14.869 ||  -40.91  -40.94   +0.02  -40.79   +0.05  -40.80   +0.02  -40.87   +0.03  -40.84  -40.80
       med   |   25.888 |   14.874 |   15.049 |   25.227 |   14.930 |   25.353 |   14.882 |   25.152 |   14.919 |   25.218 |   14.868 |   14.882
80     5     |   25.986 |   26.012 |   16.584 |   25.986 |   26.024 |   25.989 |   16.645 |   25.984 |   25.996 |   25.991 |   26.005 |   16.652 ||   +0.10  -36.18   +0.00   +0.15   +0.01  -35.95   -0.01   +0.04   +0.02   +0.07  -35.92
       med   |   26.341 |   26.271 |   16.757 |   26.227 |   26.305 |   26.252 |   16.665 |   26.022 |   26.265 |   26.152 |   26.302 |   16.676
96     6     |   26.906 |   26.943 |   26.939 |   26.950 |   26.773 |   26.850 |   18.794 |   26.889 |   26.933 |   26.883 |   26.894 |   18.787 ||   +0.14   +0.12   +0.16   -0.50   -0.21  -30.15   -0.06   +0.10   -0.08   -0.04  -30.18
       med   |   27.591 |   26.980 |   26.978 |   27.217 |   27.034 |   27.210 |   19.176 |   26.974 |   27.231 |   26.973 |   26.982 |   18.947
112    7     |   27.458 |   27.516 |   27.480 |   27.412 |   27.462 |   27.459 |   20.847 |   27.429 |   27.515 |   27.433 |   27.501 |   20.829 ||   +0.21   +0.08   -0.17   +0.02   +0.00  -24.08   -0.10   +0.21   -0.09   +0.16  -24.14
       med   |   28.013 |   27.561 |   27.524 |   27.639 |   27.861 |   27.564 |   21.017 |   27.765 |   27.915 |   27.476 |   27.536 |   20.842
128    8     |   25.378 |   22.968 |   25.604 |   25.583 |   22.920 |   25.375 |   22.915 |   25.590 |   25.590 |   25.543 |   22.901 |   25.575 ||   -9.50   +0.89   +0.81   -9.69   -0.01   -9.71   +0.84   +0.83   +0.65   -9.76   +0.77
       med   |   26.062 |   22.987 |   25.627 |   25.617 |   23.878 |   25.540 |   22.952 |   26.138 |   25.865 |   25.608 |   22.929 |   25.614
256    16    |   45.696 |   45.317 |   45.341 |   45.602 |   45.401 |   45.445 |   45.338 |   45.342 |   45.545 |   45.488 |   45.346 |   45.373 ||   -0.83   -0.78   -0.21   -0.64   -0.55   -0.78   -0.77   -0.33   -0.46   -0.76   -0.71
       med   |   46.902 |   45.615 |   46.042 |   46.644 |   46.019 |   46.262 |   46.194 |   45.554 |   45.749 |   45.666 |   46.099 |   46.046
512    32    |   84.499 |   84.303 |   84.385 |   84.457 |   84.316 |   84.453 |   83.826 |   84.478 |   84.452 |   84.425 |   84.434 |   84.783 ||   -0.23   -0.13   -0.05   -0.22   -0.05   -0.80   -0.03   -0.06   -0.09   -0.08   +0.34
       med   |   85.210 |   85.729 |   85.030 |   86.444 |   84.608 |   86.612 |   85.533 |   85.699 |   85.428 |   85.225 |   85.629 |   85.616
1024   64    |  162.153 |  162.000 |  161.837 |  162.119 |  161.744 |  161.940 |  161.863 |  161.851 |  162.024 |  162.076 |  162.114 |  162.325 ||   -0.09   -0.19   -0.02   -0.25   -0.13   -0.18   -0.19   -0.08   -0.05   -0.02   +0.11
       med   |  163.387 |  165.987 |  163.315 |  165.767 |  162.827 |  165.994 |  163.157 |  162.906 |  163.469 |  163.148 |  165.356 |  165.521
4096   256   |  628.669 |  627.317 |  628.850 |  628.909 |  628.732 |  628.838 |  627.996 |  628.556 |  628.848 |  628.624 |  628.662 |  629.084 ||   -0.22   +0.03   +0.04   +0.01   +0.03   -0.11   -0.02   +0.03   -0.01   -0.00   +0.07
       med   |  630.822 |  634.000 |  633.169 |  634.396 |  630.859 |  635.345 |  630.093 |  630.481 |  634.365 |  629.904 |  630.944 |  633.036
=== process order6.3
SELFCHECK OK (256 whole-block lengths 1..256 blk x 12 variants; out/Xi/ivec/ret byte-identical)
bytes  blks  |     base |   t4p8AA |       t5 |     dsp0 |    t4p8b |   baseAA |       t8 |   dsp0AA |       t4 |   baseAB |     t4p8 |       t7 ||  t4p8AA%      t5%    dsp0%   t4p8b%  baseAA%      t8%  dsp0AA%      t4%  baseAB%    t4p8%      t7%
16     1     |   25.323 |   12.348 |   12.344 |   25.457 |   12.318 |   23.857 |   12.330 |   25.355 |   12.380 |   24.627 |   12.306 |   12.277 ||  -51.24  -51.25   +0.53  -51.35   -5.79  -51.31   +0.13  -51.11   -2.75  -51.40  -51.52
       med   |   25.762 |   12.426 |   12.355 |   25.714 |   12.328 |   25.714 |   12.346 |   25.615 |   12.388 |   25.841 |   12.371 |   12.365
32     2     |   23.409 |   13.401 |   13.312 |   23.394 |   13.370 |   23.361 |   13.354 |   23.352 |   13.397 |   23.378 |   13.402 |   13.393 ||  -42.75  -43.13   -0.06  -42.89   -0.21  -42.96   -0.25  -42.77   -0.14  -42.75  -42.79
       med   |   24.150 |   13.433 |   13.324 |   23.602 |   13.402 |   23.524 |   13.386 |   23.402 |   13.442 |   23.633 |   13.424 |   13.404
48     3     |   24.258 |   13.689 |   13.766 |   24.210 |   13.685 |   24.246 |   13.677 |   24.200 |   13.697 |   24.258 |   13.732 |   13.702 ||  -43.57  -43.25   -0.20  -43.59   -0.05  -43.62   -0.24  -43.54   +0.00  -43.39  -43.51
       med   |   24.725 |   13.761 |   13.772 |   24.433 |   13.757 |   25.246 |   13.684 |   24.240 |   13.742 |   24.902 |   13.775 |   13.710
64     4     |   25.125 |   14.837 |   14.835 |   25.119 |   14.872 |   25.121 |   14.864 |   25.101 |   14.846 |   25.109 |   14.855 |   14.868 ||  -40.95  -40.96   -0.03  -40.81   -0.02  -40.84   -0.10  -40.91   -0.06  -40.88  -40.82
       med   |   25.861 |   14.870 |   15.192 |   25.330 |   15.081 |   25.527 |   14.882 |   25.155 |   14.867 |   25.385 |   14.868 |   14.883
80     5     |   25.982 |   26.005 |   16.579 |   25.992 |   26.025 |   25.984 |   16.646 |   25.986 |   25.982 |   25.993 |   25.996 |   16.644 ||   +0.09  -36.19   +0.04   +0.17   +0.01  -35.93   +0.01   -0.00   +0.04   +0.06  -35.94
       med   |   26.578 |   26.264 |   16.756 |   26.217 |   26.194 |   26.145 |   16.664 |   26.022 |   26.331 |   26.095 |   26.135 |   16.840
96     6     |   26.922 |   26.953 |   26.928 |   26.951 |   26.763 |   26.847 |   18.805 |   26.896 |   26.936 |   26.897 |   26.896 |   18.789 ||   +0.11   +0.02   +0.11   -0.59   -0.28  -30.15   -0.10   +0.05   -0.10   -0.10  -30.21
       med   |   27.220 |   27.057 |   26.974 |   27.190 |   27.013 |   27.086 |   19.370 |   26.973 |   27.376 |   26.969 |   26.983 |   18.808
112    7     |   27.452 |   27.517 |   27.489 |   27.412 |   27.456 |   27.464 |   20.849 |   27.401 |   27.534 |   27.437 |   27.502 |   20.823 ||   +0.24   +0.14   -0.14   +0.02   +0.04  -24.05   -0.18   +0.30   -0.05   +0.18  -24.15
       med   |   27.766 |   27.617 |   27.525 |   27.634 |   27.921 |   27.622 |   21.020 |   27.898 |   27.928 |   27.470 |   27.539 |   20.843
128    8     |   25.387 |   22.966 |   25.602 |   25.600 |   22.920 |   25.377 |   22.925 |   25.611 |   25.591 |   25.580 |   22.900 |   25.568 ||   -9.54   +0.85   +0.84   -9.72   -0.04   -9.70   +0.88   +0.80   +0.76   -9.79   +0.72
       med   |   26.013 |   22.986 |   25.628 |   25.858 |   23.563 |   25.856 |   22.951 |   26.140 |   25.620 |   25.608 |   23.139 |   25.615
256    16    |   45.543 |   45.291 |   45.328 |   45.442 |   45.349 |   45.432 |   45.394 |   45.323 |   45.421 |   45.442 |   45.358 |   45.373 ||   -0.55   -0.47   -0.22   -0.43   -0.24   -0.33   -0.48   -0.27   -0.22   -0.41   -0.37
       med   |   46.599 |   46.033 |   45.979 |   46.652 |   46.089 |   46.323 |   46.391 |   45.534 |   46.013 |   45.634 |   46.449 |   46.526
512    32    |   84.466 |   84.344 |   84.048 |   84.514 |   84.237 |   84.400 |   84.183 |   84.563 |   84.445 |   84.578 |   84.516 |   84.698 ||   -0.14   -0.50   +0.06   -0.27   -0.08   -0.34   +0.11   -0.03   +0.13   +0.06   +0.27
       med   |   85.045 |   85.672 |   84.578 |   86.717 |   84.472 |   86.706 |   84.619 |   85.754 |   85.478 |   85.387 |   85.988 |   85.511
1024   64    |  162.141 |  161.963 |  162.036 |  162.923 |  161.897 |  161.962 |  161.792 |  161.908 |  162.062 |  162.071 |  162.042 |  162.424 ||   -0.11   -0.06   +0.48   -0.15   -0.11   -0.22   -0.14   -0.05   -0.04   -0.06   +0.17
       med   |  163.376 |  164.146 |  163.137 |  165.977 |  163.100 |  166.512 |  162.495 |  163.294 |  164.883 |  163.167 |  163.744 |  164.847
4096   256   |  628.846 |  627.025 |  628.696 |  628.932 |  628.726 |  628.812 |  628.615 |  628.561 |  628.857 |  628.890 |  628.688 |  629.053 ||   -0.29   -0.02   +0.01   -0.02   -0.01   -0.04   -0.05   +0.00   +0.01   -0.03   +0.03
       med   |  630.490 |  631.674 |  631.940 |  633.333 |  630.092 |  635.453 |  630.000 |  630.389 |  634.028 |  629.956 |  631.490 |  631.577
=== process order6.4
SELFCHECK OK (256 whole-block lengths 1..256 blk x 12 variants; out/Xi/ivec/ret byte-identical)
bytes  blks  |     base |   t4p8AA |       t5 |     dsp0 |    t4p8b |   baseAA |       t8 |   dsp0AA |       t4 |   baseAB |     t4p8 |       t7 ||  t4p8AA%      t5%    dsp0%   t4p8b%  baseAA%      t8%  dsp0AA%      t4%  baseAB%    t4p8%      t7%
16     1     |   25.359 |   12.346 |   12.323 |   25.465 |   12.319 |   25.334 |   12.338 |   23.968 |   12.381 |   23.804 |   12.307 |   12.329 ||  -51.31  -51.40   +0.42  -51.42   -0.10  -51.35   -5.48  -51.18   -6.13  -51.47  -51.38
       med   |   25.699 |   12.427 |   12.354 |   25.715 |   12.344 |   25.635 |   12.347 |   25.524 |   12.389 |   25.588 |   12.368 |   12.368
32     2     |   23.421 |   13.407 |   13.311 |   23.376 |   13.372 |   23.345 |   13.376 |   23.356 |   13.391 |   23.366 |   13.385 |   13.393 ||  -42.76  -43.16   -0.19  -42.90   -0.32  -42.89   -0.28  -42.83   -0.23  -42.85  -42.82
       med   |   24.140 |   13.434 |   13.358 |   23.523 |   13.403 |   23.741 |   13.386 |   23.518 |   13.443 |   24.064 |   13.425 |   13.405
48     3     |   24.274 |   13.688 |   13.767 |   24.217 |   13.684 |   24.261 |   13.679 |   24.199 |   13.733 |   24.258 |   13.734 |   13.698 ||  -43.61  -43.28   -0.23  -43.63   -0.05  -43.65   -0.31  -43.42   -0.06  -43.42  -43.57
       med   |   24.931 |   13.763 |   13.774 |   24.437 |   13.757 |   25.254 |   13.685 |   24.240 |   13.762 |   24.499 |   13.774 |   13.713
64     4     |   25.152 |   14.839 |   14.835 |   25.137 |   14.869 |   25.122 |   14.868 |   25.120 |   14.852 |   25.127 |   14.857 |   14.870 ||  -41.00  -41.02   -0.06  -40.88   -0.12  -40.89   -0.13  -40.95   -0.10  -40.93  -40.88
       med   |   25.858 |   14.855 |   15.207 |   25.345 |   14.887 |   25.669 |   14.882 |   25.151 |   14.919 |   25.791 |   14.869 |   14.883
80     5     |   25.996 |   26.015 |   16.586 |   25.988 |   26.055 |   25.988 |   16.647 |   25.987 |   25.989 |   25.997 |   26.003 |   16.654 ||   +0.07  -36.20   -0.03   +0.23   -0.03  -35.97   -0.04   -0.03   +0.00   +0.02  -35.94
       med   |   26.730 |   26.347 |   16.757 |   26.239 |   26.520 |   26.277 |   16.666 |   26.020 |   26.118 |   26.274 |   26.454 |   16.675
96     6     |   26.932 |   26.940 |   26.929 |   26.927 |   26.783 |   26.943 |   18.793 |   26.888 |   26.941 |   26.902 |   26.890 |   18.789 ||   +0.03   -0.01   -0.02   -0.55   +0.04  -30.22   -0.16   +0.04   -0.11   -0.15  -30.24
       med   |   27.603 |   27.058 |   26.978 |   27.045 |   27.350 |   27.261 |   18.842 |   26.975 |   27.378 |   26.971 |   26.985 |   18.813
112    7     |   27.460 |   27.515 |   27.487 |   27.471 |   27.461 |   27.473 |   20.844 |   27.414 |   27.513 |   27.435 |   27.507 |   20.827 ||   +0.20   +0.10   +0.04   +0.00   +0.05  -24.10   -0.17   +0.19   -0.09   +0.17  -24.16
       med   |   27.987 |   27.620 |   27.524 |   27.757 |   27.911 |   27.828 |   20.864 |   27.810 |   27.559 |   27.748 |   27.540 |   20.843
128    8     |   25.367 |   22.967 |   25.598 |   25.581 |   22.913 |   25.372 |   22.915 |   25.389 |   25.588 |   25.546 |   22.894 |   25.578 ||   -9.46   +0.91   +0.84   -9.67   +0.02   -9.66   +0.09   +0.87   +0.71   -9.75   +0.83
       med   |   25.705 |   22.994 |   25.628 |   25.622 |   23.837 |   25.673 |   22.952 |   25.800 |   25.633 |   25.698 |   23.154 |   25.610
256    16    |   45.454 |   45.298 |   45.342 |   45.404 |   45.458 |   45.422 |   45.349 |   45.342 |   45.511 |   45.423 |   45.340 |   45.363 ||   -0.34   -0.25   -0.11   +0.01   -0.07   -0.23   -0.25   +0.12   -0.07   -0.25   -0.20
       med   |   46.136 |   45.591 |   46.072 |   46.466 |   45.947 |   46.196 |   46.220 |   45.699 |   45.679 |   46.126 |   46.293 |   46.250
512    32    |   84.440 |   84.364 |   84.447 |   84.457 |   83.996 |   84.414 |   84.343 |   84.441 |   84.457 |   84.599 |   84.475 |   84.724 ||   -0.09   +0.01   +0.02   -0.53   -0.03   -0.11   +0.00   +0.02   +0.19   +0.04   +0.34
       med   |   85.207 |   85.682 |   84.681 |   86.530 |   84.789 |   86.811 |   85.027 |   85.342 |   85.785 |   85.428 |   85.866 |   85.518
1024   64    |  162.106 |  161.948 |  162.040 |  162.056 |  161.861 |  161.877 |  161.572 |  161.401 |  162.115 |  162.145 |  162.037 |  162.762 ||   -0.10   -0.04   -0.03   -0.15   -0.14   -0.33   -0.43   +0.01   +0.02   -0.04   +0.40
       med   |  163.412 |  165.719 |  163.613 |  163.965 |  162.300 |  165.631 |  163.314 |  162.932 |  165.501 |  164.064 |  164.280 |  163.682
4096   256   |  629.030 |  627.999 |  628.242 |  628.949 |  628.694 |  628.782 |  628.143 |  628.674 |  628.908 |  628.929 |  628.597 |  628.986 ||   -0.16   -0.13   -0.01   -0.05   -0.04   -0.14   -0.06   -0.02   -0.02   -0.07   -0.01
       med   |  630.585 |  631.798 |  632.687 |  633.640 |  629.957 |  634.315 |  630.070 |  630.386 |  633.508 |  629.955 |  632.057 |  630.734
=== process order6.5
SELFCHECK OK (256 whole-block lengths 1..256 blk x 12 variants; out/Xi/ivec/ret byte-identical)
bytes  blks  |     base |   t4p8AA |       t5 |     dsp0 |    t4p8b |   baseAA |       t8 |   dsp0AA |       t4 |   baseAB |     t4p8 |       t7 ||  t4p8AA%      t5%    dsp0%   t4p8b%  baseAA%      t8%  dsp0AA%      t4%  baseAB%    t4p8%      t7%
16     1     |   25.343 |   12.346 |   12.316 |   25.446 |   12.320 |   25.322 |   12.338 |   24.826 |   12.381 |   23.741 |   12.307 |   12.326 ||  -51.28  -51.40   +0.41  -51.39   -0.08  -51.32   -2.04  -51.15   -6.32  -51.44  -51.36
       med   |   25.801 |   12.428 |   12.354 |   25.800 |   12.347 |   25.639 |   12.347 |   25.568 |   12.388 |   25.833 |   12.371 |   12.368
32     2     |   23.421 |   13.405 |   13.309 |   23.387 |   13.372 |   23.361 |   13.377 |   23.362 |   13.394 |   23.365 |   13.384 |   13.363 ||  -42.77  -43.18   -0.15  -42.91   -0.26  -42.89   -0.25  -42.81   -0.24  -42.86  -42.95
       med   |   24.134 |   13.434 |   13.326 |   23.595 |   13.403 |   23.553 |   13.386 |   23.430 |   13.444 |   23.965 |   13.426 |   13.404
48     3     |   24.267 |   13.715 |   13.766 |   24.209 |   13.683 |   24.264 |   13.676 |   24.208 |   13.732 |   24.255 |   13.734 |   13.703 ||  -43.48  -43.27   -0.24  -43.62   -0.01  -43.64   -0.24  -43.41   -0.05  -43.40  -43.53
       med   |   24.578 |   13.763 |   13.773 |   24.436 |   13.757 |   25.098 |   13.684 |   24.245 |   13.746 |   24.865 |   13.775 |   13.710
64     4     |   25.126 |   14.841 |   14.834 |   25.133 |   14.871 |   25.153 |   14.870 |   25.105 |   14.852 |   25.152 |   14.857 |   14.869 ||  -40.93  -40.96   +0.03  -40.82   +0.11  -40.82   -0.09  -40.89   +0.10  -40.87  -40.82
       med   |   25.377 |   14.872 |   14.846 |   25.342 |   14.939 |   25.476 |   14.882 |   25.152 |   14.920 |   25.799 |   14.869 |   14.883
80     5     |   25.986 |   26.011 |   16.581 |   25.995 |   26.033 |   26.000 |   16.641 |   25.991 |   25.992 |   25.986 |   26.001 |   16.650 ||   +0.09  -36.19   +0.03   +0.18   +0.05  -35.96   +0.02   +0.02   -0.00   +0.06  -35.93
       med   |   26.780 |   26.132 |   16.757 |   26.248 |   26.399 |   26.245 |   16.665 |   26.021 |   26.334 |   26.281 |   26.285 |   16.677
96     6     |   26.923 |   26.929 |   26.923 |   26.953 |   26.762 |   26.850 |   18.796 |   26.888 |   26.926 |   26.891 |   26.900 |   18.793 ||   +0.02   -0.00   +0.11   -0.60   -0.27  -30.19   -0.13   +0.01   -0.12   -0.09  -30.20
       med   |   27.604 |   27.056 |   27.014 |   27.234 |   27.189 |   27.166 |   19.370 |   26.976 |   27.237 |   26.974 |   26.984 |   19.073
112    7     |   27.454 |   27.521 |   27.471 |   27.530 |   27.461 |   27.458 |   20.843 |   27.425 |   27.521 |   27.432 |   27.504 |   20.819 ||   +0.24   +0.06   +0.28   +0.03   +0.01  -24.08   -0.10   +0.24   -0.08   +0.18  -24.17
       med   |   27.816 |   27.614 |   27.574 |   27.776 |   27.848 |   27.610 |   20.866 |   27.861 |   27.905 |   27.471 |   27.540 |   20.843
128    8     |   25.385 |   22.970 |   25.601 |   25.597 |   22.922 |   25.377 |   22.739 |   25.604 |   25.589 |   25.581 |   22.903 |   25.584 ||   -9.52   +0.85   +0.84   -9.70   -0.03  -10.42   +0.86   +0.80   +0.77   -9.78   +0.79
       med   |   26.143 |   23.089 |   25.930 |   25.859 |   23.886 |   25.547 |   22.951 |   26.128 |   25.869 |   25.604 |   23.143 |   25.617
256    16    |   45.544 |   45.397 |   45.303 |   45.436 |   45.412 |   45.537 |   45.327 |   45.336 |   45.438 |   45.440 |   45.363 |   45.357 ||   -0.32   -0.53   -0.24   -0.29   -0.01   -0.48   -0.46   -0.23   -0.23   -0.40   -0.41
       med   |   46.548 |   45.594 |   46.067 |   46.720 |   45.952 |   46.586 |   46.312 |   45.535 |   45.704 |   45.820 |   46.249 |   46.050
512    32    |   84.355 |   84.374 |   84.486 |   84.480 |   84.265 |   84.391 |   84.332 |   84.352 |   84.433 |   84.479 |   84.533 |   84.744 ||   +0.02   +0.16   +0.15   -0.11   +0.04   -0.03   -0.00   +0.09   +0.15   +0.21   +0.46
       med   |   85.097 |   85.675 |   85.104 |   86.584 |   84.820 |   85.408 |   85.230 |   85.493 |   85.408 |   85.404 |   85.549 |   85.515
1024   64    |  162.109 |  162.006 |  161.874 |  161.970 |  161.714 |  161.909 |  161.490 |  161.317 |  162.093 |  162.054 |  162.161 |  162.366 ||   -0.06   -0.15   -0.09   -0.24   -0.12   -0.38   -0.49   -0.01   -0.03   +0.03   +0.16
       med   |  163.551 |  165.320 |  163.400 |  166.040 |  163.283 |  165.953 |  163.150 |  163.491 |  163.753 |  162.945 |  163.879 |  163.592
4096   256   |  628.969 |  627.563 |  628.745 |  628.986 |  628.749 |  628.784 |  628.121 |  627.981 |  628.888 |  628.821 |  628.821 |  629.004 ||   -0.22   -0.04   +0.00   -0.03   -0.03   -0.13   -0.16   -0.01   -0.02   -0.02   +0.01
       med   |  630.836 |  632.410 |  632.938 |  633.787 |  630.716 |  634.729 |  629.971 |  629.770 |  633.412 |  630.003 |  631.582 |  632.014
